             exe-1050289 [002] ..... 1633812.508941: sys_ptrace(request: 4204, pid: 1006f2, addr: 1, data: c0004bdc70)
             exe-1050289 [002] ..... 1633812.508944: sys_ptrace -> 0x0
             exe-1050289 [002] ..... 1633812.508946: sys_ptrace(request: 4204, pid: 1006f2, addr: 202, data: c0004bdc70)
             exe-1050289 [002] ..... 1633812.508948: sys_ptrace -> 0x0
             exe-1050289 [002] ..... 1633812.508957: sys_pwrite64(fd: 63, buf: 7fd66e413080, count: 5b, pos: 5d)
             exe-1050289 [002] ..... 1633812.508958: tracing_mark_write: accept4(fd=338, upeer_sockaddr=0x55861ad76ae0, upeer_addrlen=110, flags=0x7f3768619d00) end
             exe-1050289 [002] ..... 1633812.573466: tracing_mark_write: accept4(fd=300, upeer_sockaddr=0x55861ad76b60, upeer_addrlen=110, flags=0x7f3768619d00) start
             exe-1050289 [002] ..... 1633812.573468: sys_pwrite64 -> 0x5d
             exe-1050289 [002] ..... 1633812.573474: sys_ptrace(request: 4205, pid: 1006f2, addr: 1, data: c0004bdc70)
             exe-1050289 [002] ..... 1633812.573477: sys_ptrace -> 0x0
             exe-1050289 [002] ..... 1633812.573479: sys_ptrace(request: 4205, pid: 1006f2, addr: 202, data: c0004bdc70)
             exe-1050289 [002] ..... 1633812.573491: sys_ptrace -> 0x0
             exe-1050289 [002] ..... 1633812.573492: sys_ptrace(request: 1f, pid: 1006f2, addr: 0, data: 0)
             exe-1050289 [002] .N... 1633812.573501: sys_ptrace -> 0x0
             exe-1050354 [002] ..... 1633812.573512: sys_write -> 0x5d
             exe-1049567 [003] ..... 1633812.573521: sys_nanosleep -> 0x0
             exe-1049567 [003] ..... 1633812.573524: sys_nanosleep(rqtp: c000069f10, rmtp: 0)
             exe-1050289 [002] ..... 1633812.573532: sys_wait4(upid: 1006f2, stat_addr: c0004bdbf4, options: 40000002, ru: 0)
             exe-1050289 [002] ..... 1633812.573535: sys_wait4 -> 0x1006f2
             exe-1050289 [002] ..... 1633812.573538: sys_ptrace(request: 4204, pid: 1006f2, addr: 1, data: c0004bdc70)
             exe-1049673 [000] ..... 1633812.573540: sys_nanosleep -> 0x0
             exe-1050289 [002] ..... 1633812.573542: sys_ptrace -> 0x0
             exe-1049673 [000] ..... 1633812.573544: sys_nanosleep(rqtp: c000069f10, rmtp: 0)
             exe-1050289 [002] ..... 1633812.573544: sys_ptrace(request: 4204, pid: 1006f2, addr: 202, data: c0004bdc70)
             exe-1050289 [002] ..... 1633812.573546: sys_ptrace -> 0x0
             exe-1050289 [002] ..... 1633812.573553: sys_ptrace(request: 4205, pid: 1006f2, addr: 1, data: c0004bdc70)
             exe-1050289 [002] ..... 1633812.573556: sys_ptrace -> 0x0
             exe-1050289 [002] ..... 1633812.573557: sys_ptrace(request: 4205, pid: 1006f2, addr: 202, data: c0004bdc70)
             exe-1050289 [002] ..... 1633812.573567: sys_ptrace -> 0x0
             exe-1050289 [002] ..... 1633812.573569: sys_ptrace(request: 1f, pid: 1006f2, addr: 0, data: 0)
             exe-1050289 [002] .N... 1633812.573576: sys_ptrace -> 0x0
             exe-1050354 [002] ..... 1633812.573586: sys_accept4 -> 0xffffffffffffffea
             exe-1050289 [002] ..... 1633812.573605: sys_wait4(upid: 1006f2, stat_addr: c0004bdbf4, options: 40000002, ru: 0)
             exe-1050289 [002] ..... 1633812.573608: sys_wait4 -> 0x1006f2
             exe-1050289 [002] ..... 1633812.573610: sys_ptrace(request: 4204, pid: 1006f2, addr: 1, data: c0004bdc70)
             exe-1050289 [002] ..... 1633812.573614: sys_ptrace -> 0x0
             exe-1050289 [002] ..... 1633812.573616: sys_ptrace(request: 4204, pid: 1006f2, addr: 202, data: c0004bdc70)
             exe-1050289 [002] ..... 1633812.573618: sys_ptrace -> 0x0
             exe-1049567 [003] ..... 1633812.573620: sys_nanosleep -> 0x0
             exe-1049567 [003] ..... 1633812.573622: sys_nanosleep(rqtp: c000069f10, rmtp: 0)
             exe-1050289 [002] ..... 1633812.573627: sys_pwrite64(fd: 63, buf: 7fd66e413080, count: 5b, pos: 5d)
             exe-1050289 [002] ..... 1633812.573629: tracing_mark_write: accept4(fd=300, upeer_sockaddr=0x55861ad76b60, upeer_addrlen=110, flags=0x7f3768619d00) end
             exe-1050289 [003] ..... 1633812.663473: tracing_mark_write: accept4(fd=330, upeer_sockaddr=0x55861ae0d4a0, upeer_addrlen=12, flags=0x7f3768619d00) start
             exe-1050289 [003] ..... 1633812.663475: sys_pwrite64 -> 0x5c
             exe-1050289 [003] ..... 1633812.663479: sys_ptrace(request: 4205, pid: 1006f2, addr: 1, data: c0004bdc70)
             exe-1050289 [003] ..... 1633812.663481: sys_ptrace -> 0x0
             exe-1050289 [003] ..... 1633812.663482: sys_ptrace(request: 4205, pid: 1006f2, addr: 202, data: c0004bdc70)
             exe-1050289 [003] ..... 1633812.663489: sys_ptrace -> 0x0
             exe-1050289 [003] ..... 1633812.663491: sys_ptrace(request: 1f, pid: 1006f2, addr: 0, data: 0)
             exe-1050289 [003] ..... 1633812.663497: sys_ptrace -> 0x0
             exe-1050289 [003] ..... 1633812.663499: sys_wait4(upid: 1006f2, stat_addr: c0004bdbf4, options: 40000002, ru: 0)
             exe-1050354 [002] ..... 1633812.663506: sys_write -> 0x5c
             exe-1050289 [003] ..... 1633812.663525: sys_wait4 -> 0x1006f2
             exe-1050289 [003] ..... 1633812.663527: sys_ptrace(request: 4204, pid: 1006f2, addr: 1, data: c0004bdc70)
             exe-1050289 [003] ..... 1633812.663530: sys_ptrace -> 0x0
             exe-1049567 [001] ..... 1633812.663531: sys_nanosleep -> 0x0
             exe-1050289 [003] ..... 1633812.663531: sys_ptrace(request: 4204, pid: 1006f2, addr: 202, data: c0004bdc70)
             exe-1050289 [003] ..... 1633812.663533: sys_ptrace -> 0x0
             exe-1049567 [001] ..... 1633812.663533: sys_nanosleep(rqtp: c000069f10, rmtp: 0)
             exe-1050289 [003] ..... 1633812.663537: sys_ptrace(request: 4205, pid: 1006f2, addr: 1, data: c0004bdc70)
             exe-1050289 [003] ..... 1633812.663540: sys_ptrace -> 0x0
             exe-1050289 [003] ..... 1633812.663541: sys_ptrace(request: 4205, pid: 1006f2, addr: 202, data: c0004bdc70)
             exe-1050289 [003] ..... 1633812.663547: sys_ptrace -> 0x0
             exe-1050289 [003] ..... 1633812.663548: sys_ptrace(request: 1f, pid: 1006f2, addr: 0, data: 0)
             exe-1050289 [003] ..... 1633812.663554: sys_ptrace -> 0x0
             exe-1050289 [003] ..... 1633812.663556: sys_wait4(upid: 1006f2, stat_addr: c0004bdbf4, options: 40000002, ru: 0)
             exe-1050354 [002] ..... 1633812.663560: sys_accept4 -> 0xffffffffffffffea
             exe-1050289 [003] ..... 1633812.663573: sys_wait4 -> 0x1006f2
             exe-1050289 [003] ..... 1633812.663576: sys_ptrace(request: 4204, pid: 1006f2, addr: 1, data: c0004bdc70)
             exe-1050289 [003] ..... 1633812.663578: sys_ptrace -> 0x0
             exe-1050289 [003] ..... 1633812.663579: sys_ptrace(request: 4204, pid: 1006f2, addr: 202, data: c0004bdc70)
             exe-1050289 [003] ..... 1633812.663581: sys_ptrace -> 0x0
             exe-1050289 [003] ..... 1633812.663586: sys_pwrite64(fd: 63, buf: 7fd66e413080, count: 5a, pos: 5c)
             exe-1050289 [003] ..... 1633812.663587: tracing_mark_write: accept4(fd=330, upeer_sockaddr=0x55861ae0d4a0, upeer_addrlen=12, flags=0x7f3768619d00) end
             exe-1050289 [000] ..... 1633812.743887: tracing_mark_write: accept4(fd=333, upeer_sockaddr=0x55861ad76be0, upeer_addrlen=110, flags=0x7f3768619d00) start
             exe-1050289 [000] ..... 1633812.743907: sys_pwrite64 -> 0x5d
             exe-1050289 [000] ..... 1633812.743916: sys_ptrace(request: 4205, pid: 1006f2, addr: 1, data: c0004bdc70)
             exe-1050289 [000] ..... 1633812.743919: sys_ptrace -> 0x0
             exe-1050289 [000] ..... 1633812.743921: sys_ptrace(request: 4205, pid: 1006f2, addr: 202, data: c0004bdc70)
             exe-1050289 [000] ..... 1633812.743933: sys_ptrace -> 0x0
             exe-1050289 [000] ..... 1633812.743935: sys_ptrace(request: 1f, pid: 1006f2, addr: 0, data: 0)
             exe-1050289 [000] .N... 1633812.743944: sys_ptrace -> 0x0
             exe-1050354 [000] ..... 1633812.743956: sys_write -> 0x5d
             exe-1050289 [000] ..... 1633812.743978: sys_wait4(upid: 1006f2, stat_addr: c0004bdbf4, options: 40000002, ru: 0)
             exe-1050289 [000] ..... 1633812.743981: sys_wait4 -> 0x1006f2
             exe-1050289 [000] ..... 1633812.743983: sys_ptrace(request: 4204, pid: 1006f2, addr: 1, data: c0004bdc70)
             exe-1050289 [000] ..... 1633812.743987: sys_ptrace -> 0x0
             exe-1050289 [000] ..... 1633812.743989: sys_ptrace(request: 4204, pid: 1006f2, addr: 202, data: c0004bdc70)
             exe-1050289 [000] ..... 1633812.743991: sys_ptrace -> 0x0
             exe-1050289 [000] ..... 1633812.743999: sys_ptrace(request: 4205, pid: 1006f2, addr: 1, data: c0004bdc70)
             exe-1050289 [000] ..... 1633812.744001: sys_ptrace -> 0x0
             exe-1050289 [000] ..... 1633812.744003: sys_ptrace(request: 4205, pid: 1006f2, addr: 202, data: c0004bdc70)
             exe-1050289 [000] ..... 1633812.744013: sys_ptrace -> 0x0
             exe-1050289 [000] ..... 1633812.744032: sys_ptrace(request: 1f, pid: 1006f2, addr: 0, data: 0)
             exe-1050289 [000] .N... 1633812.744040: sys_ptrace -> 0x0
             exe-1050354 [000] ..... 1633812.744052: sys_accept4 -> 0xffffffffffffffea
             exe-1050289 [000] ..... 1633812.744076: sys_wait4(upid: 1006f2, stat_addr: c0004bdbf4, options: 40000002, ru: 0)
             exe-1050289 [000] ..... 1633812.744079: sys_wait4 -> 0x1006f2
             exe-1050289 [000] ..... 1633812.744081: sys_ptrace(request: 4204, pid: 1006f2, addr: 1, data: c0004bdc70)
             exe-1050289 [000] ..... 1633812.744086: sys_ptrace -> 0x0
             exe-1050289 [000] ..... 1633812.744087: sys_ptrace(request: 4204, pid: 1006f2, addr: 202, data: c0004bdc70)
             exe-1050289 [000] ..... 1633812.744090: sys_ptrace -> 0x0
             exe-1050289 [000] ..... 1633812.744107: sys_pwrite64(fd: 63, buf: 7fd66e413080, count: 5b, pos: 5d)
             exe-1050289 [000] ..... 1633812.744109: tracing_mark_write: accept4(fd=333, upeer_sockaddr=0x55861ad76be0, upeer_addrlen=110, flags=0x7f3768619d00) end
             exe-1050289 [002] ..... 1633812.812080: tracing_mark_write: accept4(fd=317, upeer_sockaddr=0x55861ad76c60, upeer_addrlen=110, flags=0x7f3768619d00) start
             exe-1050289 [002] ..... 1633812.812082: sys_pwrite64 -> 0x5d
             exe-1050289 [002] ..... 1633812.812091: sys_ptrace(request: 4205, pid: 1006f2, addr: 1, data: c0004bdc70)
             exe-1050289 [002] ..... 1633812.812094: sys_ptrace -> 0x0
             exe-1050289 [002] ..... 1633812.812095: sys_ptrace(request: 4205, pid: 1006f2, addr: 202, data: c0004bdc70)
             exe-1050289 [002] ..... 1633812.812111: sys_ptrace -> 0x0
             exe-1050289 [002] ..... 1633812.812113: sys_ptrace(request: 1f, pid: 1006f2, addr: 0, data: 0)
             exe-1050289 [002] ..... 1633812.812121: sys_ptrace -> 0x0
             exe-1050289 [002] ..... 1633812.812123: sys_wait4(upid: 1006f2, stat_addr: c0004bdbf4, options: 40000002, ru: 0)
             exe-1050354 [000] ..... 1633812.812143: sys_write -> 0x5d
             exe-1050289 [002] ..... 1633812.812165: sys_wait4 -> 0x1006f2
             exe-1050289 [002] ..... 1633812.812168: sys_ptrace(request: 4204, pid: 1006f2, addr: 1, data: c0004bdc70)
             exe-1050289 [002] ..... 1633812.812171: sys_ptrace -> 0x0
             exe-1050289 [002] ..... 1633812.812172: sys_ptrace(request: 4204, pid: 1006f2, addr: 202, data: c0004bdc70)
             exe-1050289 [002] ..... 1633812.812174: sys_ptrace -> 0x0
             exe-1050289 [002] ..... 1633812.812179: sys_ptrace(request: 4205, pid: 1006f2, addr: 1, data: c0004bdc70)
             exe-1050289 [002] ..... 1633812.812182: sys_ptrace -> 0x0
             exe-1050289 [002] ..... 1633812.812184: sys_ptrace(request: 4205, pid: 1006f2, addr: 202, data: c0004bdc70)
             exe-1050289 [002] ..... 1633812.812190: sys_ptrace -> 0x0
             exe-1050289 [002] ..... 1633812.812191: sys_ptrace(request: 1f, pid: 1006f2, addr: 0, data: 0)
             exe-1050289 [002] ..... 1633812.812198: sys_ptrace -> 0x0
             exe-1050289 [002] ..... 1633812.812200: sys_wait4(upid: 1006f2, stat_addr: c0004bdbf4, options: 40000002, ru: 0)
             exe-1050354 [000] ..... 1633812.812247: sys_accept4 -> 0xffffffffffffffea
             exe-1050289 [002] ..... 1633812.812264: sys_wait4 -> 0x1006f2
             exe-1050289 [002] ..... 1633812.812267: sys_ptrace(request: 4204, pid: 1006f2, addr: 1, data: c0004bdc70)
             exe-1050289 [002] ..... 1633812.812269: sys_ptrace -> 0x0
             exe-1050289 [002] ..... 1633812.812271: sys_ptrace(request: 4204, pid: 1006f2, addr: 202, data: c0004bdc70)
             exe-1050289 [002] ..... 1633812.812273: sys_ptrace -> 0x0
             exe-1050289 [002] ..... 1633812.812278: sys_pwrite64(fd: 63, buf: 7fd66e413080, count: 5b, pos: 5d)
             exe-1050289 [002] ..... 1633812.812280: tracing_mark_write: accept4(fd=317, upeer_sockaddr=0x55861ad76c60, upeer_addrlen=110, flags=0x7f3768619d00) end
             exe-1049981 [001] ..... 1633812.910497: tracing_mark_write: accept4(fd=336, upeer_sockaddr=0x55861ad76ce0, upeer_addrlen=3604, flags=0x7f3768619d00) start
             exe-1049981 [001] ..... 1633812.910499: sys_pwrite64 -> 0x5e
             exe-1049981 [001] ..... 1633812.910506: sys_ptrace(request: 4205, pid: 1005d8, addr: 1, data: c0004bdc70)
             exe-1049981 [001] ..... 1633812.910509: sys_ptrace -> 0x0
             exe-1049981 [001] ..... 1633812.910511: sys_ptrace(request: 4205, pid: 1005d8, addr: 202, data: c0004bdc70)
             exe-1049981 [001] ..... 1633812.910523: sys_ptrace -> 0x0
             exe-1049981 [001] ..... 1633812.910525: sys_ptrace(request: 1f, pid: 1005d8, addr: 0, data: 0)
             exe-1049981 [001] ..... 1633812.910530: sys_ptrace -> 0x0
             exe-1049981 [001] ..... 1633812.910532: sys_wait4(upid: 1005d8, stat_addr: c0004bdbf4, options: 40000002, ru: 0)
             exe-1050072 [001] ..... 1633812.910546: sys_write -> 0x5e
             exe-1049981 [001] ..... 1633812.910568: sys_wait4 -> 0x1005d8
             exe-1049981 [001] ..... 1633812.910572: sys_ptrace(request: 4204, pid: 1005d8, addr: 1, data: c0004bdc70)
             exe-1049981 [001] ..... 1633812.910576: sys_ptrace -> 0x0
             exe-1049981 [001] ..... 1633812.910577: sys_ptrace(request: 4204, pid: 1005d8, addr: 202, data: c0004bdc70)
             exe-1049981 [001] ..... 1633812.910580: sys_ptrace -> 0x0
             exe-1049981 [001] ..... 1633812.910603: sys_ptrace(request: 4205, pid: 1005d8, addr: 1, data: c0004bdc70)
             exe-1049981 [001] ..... 1633812.910606: sys_ptrace -> 0x0
             exe-1049981 [001] ..... 1633812.910608: sys_ptrace(request: 4205, pid: 1005d8, addr: 202, data: c0004bdc70)
             exe-1049981 [001] ..... 1633812.910619: sys_ptrace -> 0x0
             exe-1049981 [001] ..... 1633812.910621: sys_ptrace(request: 1f, pid: 1005d8, addr: 0, data: 0)
             exe-1049981 [001] ..... 1633812.910628: sys_ptrace -> 0x0
             exe-1049981 [001] ..... 1633812.910638: sys_wait4(upid: 1005d8, stat_addr: c0004bdbf4, options: 40000002, ru: 0)
             exe-1050072 [001] ..... 1633812.910652: sys_accept4 -> 0xffffffffffffffea
             exe-1049981 [001] ..... 1633812.910674: sys_wait4 -> 0x1005d8
             exe-1049981 [001] ..... 1633812.910680: sys_ptrace(request: 4204, pid: 1005d8, addr: 1, data: c0004bdc70)
             exe-1049981 [001] ..... 1633812.910684: sys_ptrace -> 0x0
             exe-1049981 [001] ..... 1633812.910686: sys_ptrace(request: 4204, pid: 1005d8, addr: 202, data: c0004bdc70)
             exe-1049981 [001] ..... 1633812.910689: sys_ptrace -> 0x0
             exe-1049981 [001] ..... 1633812.910705: sys_pwrite64(fd: 63, buf: 7fd66e413080, count: 5c, pos: 5e)
             exe-1049981 [001] ..... 1633812.910707: tracing_mark_write: accept4(fd=336, upeer_sockaddr=0x55861ad76ce0, upeer_addrlen=3604, flags=0x7f3768619d00) end
             exe-1049981 [001] ..... 1633812.998286: tracing_mark_write: accept4(fd=297, upeer_sockaddr=0x55861ad77cf0, upeer_addrlen=110, flags=0x7f3768619d00) start
             exe-1049981 [001] ..... 1633812.998288: sys_pwrite64 -> 0x5d
             exe-1049567 [002] ..... 1633812.998290: sys_nanosleep(rqtp: c000069f10, rmtp: 0)
             exe-1049981 [001] ..... 1633812.998295: sys_ptrace(request: 4205, pid: 1005d8, addr: 1, data: c0004bdc70)
             exe-1049981 [001] ..... 1633812.998298: sys_ptrace -> 0x0
             exe-1049981 [001] ..... 1633812.998299: sys_ptrace(request: 4205, pid: 1005d8, addr: 202, data: c0004bdc70)
             exe-1049981 [001] ..... 1633812.998314: sys_ptrace -> 0x0
             exe-1049981 [001] ..... 1633812.998316: sys_ptrace(request: 1f, pid: 1005d8, addr: 0, data: 0)
             exe-1049981 [001] .N... 1633812.998323: sys_ptrace -> 0x0
             exe-1050072 [001] ..... 1633812.998333: sys_write -> 0x5d
             exe-1049981 [001] ..... 1633812.998352: sys_wait4(upid: 1005d8, stat_addr: c0004bdbf4, options: 40000002, ru: 0)
             exe-1049981 [001] ..... 1633812.998354: sys_wait4 -> 0x1005d8
             exe-1049981 [001] ..... 1633812.998357: sys_ptrace(request: 4204, pid: 1005d8, addr: 1, data: c0004bdc70)
             exe-1049981 [001] ..... 1633812.998360: sys_ptrace -> 0x0
             exe-1049981 [001] ..... 1633812.998362: sys_ptrace(request: 4204, pid: 1005d8, addr: 202, data: c0004bdc70)
             exe-1049981 [001] ..... 1633812.998365: sys_ptrace -> 0x0
             exe-1049673 [002] ..... 1633812.998367: sys_nanosleep -> 0x0
             exe-1049981 [001] ..... 1633812.998371: sys_ptrace(request: 4205, pid: 1005d8, addr: 1, data: c0004bdc70)
             exe-1049673 [002] ..... 1633812.998372: sys_nanosleep(rqtp: c000069f10, rmtp: 0)
             exe-1049981 [001] ..... 1633812.998374: sys_ptrace -> 0x0
             exe-1049981 [001] ..... 1633812.998375: sys_ptrace(request: 4205, pid: 1005d8, addr: 202, data: c0004bdc70)
             exe-1049981 [001] ..... 1633812.998384: sys_ptrace -> 0x0
             exe-1049981 [001] ..... 1633812.998386: sys_ptrace(request: 1f, pid: 1005d8, addr: 0, data: 0)
             exe-1049981 [001] .N... 1633812.998392: sys_ptrace -> 0x0
             exe-1049567 [002] ..... 1633812.998394: sys_nanosleep -> 0x0
             exe-1049567 [002] ..... 1633812.998399: sys_nanosleep(rqtp: c000069f10, rmtp: 0)
             exe-1050072 [001] ..... 1633812.998402: sys_accept4 -> 0xffffffffffffffea
             exe-1049981 [001] ..... 1633812.998420: sys_wait4(upid: 1005d8, stat_addr: c0004bdbf4, options: 40000002, ru: 0)
             exe-1049981 [001] ..... 1633812.998422: sys_wait4 -> 0x1005d8
             exe-1049981 [001] ..... 1633812.998424: sys_ptrace(request: 4204, pid: 1005d8, addr: 1, data: c0004bdc70)
             exe-1049981 [001] ..... 1633812.998428: sys_ptrace -> 0x0
             exe-1049981 [001] ..... 1633812.998429: sys_ptrace(request: 4204, pid: 1005d8, addr: 202, data: c0004bdc70)
             exe-1049981 [001] ..... 1633812.998432: sys_ptrace -> 0x0
             exe-1049981 [001] ..... 1633812.998441: sys_pwrite64(fd: 63, buf: 7fd66e413080, count: 5b, pos: 5d)
             exe-1049981 [001] ..... 1633812.998442: tracing_mark_write: accept4(fd=297, upeer_sockaddr=0x55861ad77cf0, upeer_addrlen=110, flags=0x7f3768619d00) end
             exe-1049981 [001] ..... 1633813.065689: tracing_mark_write: accept4(fd=330, upeer_sockaddr=0x55861ad77d70, upeer_addrlen=110, flags=0x7f3768619d00) start
             exe-1049981 [001] ..... 1633813.065690: sys_pwrite64 -> 0x5d
             exe-1049981 [001] ..... 1633813.065697: sys_ptrace(request: 4205, pid: 1005d8, addr: 1, data: c0004bdc70)
             exe-1049981 [001] ..... 1633813.065700: sys_ptrace -> 0x0
             exe-1049981 [001] ..... 1633813.065702: sys_ptrace(request: 4205, pid: 1005d8, addr: 202, data: c0004bdc70)
             exe-1049673 [002] ..... 1633813.065710: sys_nanosleep -> 0x0
             exe-1049981 [001] ..... 1633813.065714: sys_ptrace -> 0x0
             exe-1049981 [001] ..... 1633813.065716: sys_ptrace(request: 1f, pid: 1005d8, addr: 0, data: 0)
             exe-1049673 [002] ..... 1633813.065716: sys_nanosleep(rqtp: c000069f10, rmtp: 0)
             exe-1049981 [001] .N... 1633813.065723: sys_ptrace -> 0x0
             exe-1050072 [001] ..... 1633813.065735: sys_write -> 0x5d
             exe-1049567 [002] ..... 1633813.065738: sys_nanosleep -> 0x0
             exe-1049567 [002] ..... 1633813.065743: sys_nanosleep(rqtp: c000069f10, rmtp: 0)
             exe-1049981 [001] ..... 1633813.065755: sys_wait4(upid: 1005d8, stat_addr: c0004bdbf4, options: 40000002, ru: 0)
             exe-1049981 [001] ..... 1633813.065758: sys_wait4 -> 0x1005d8
             exe-1049981 [001] ..... 1633813.065761: sys_ptrace(request: 4204, pid: 1005d8, addr: 1, data: c0004bdc70)
             exe-1049981 [001] ..... 1633813.065764: sys_ptrace -> 0x0
             exe-1049981 [001] ..... 1633813.065767: sys_ptrace(request: 4204, pid: 1005d8, addr: 202, data: c0004bdc70)
             exe-1049981 [001] ..... 1633813.065769: sys_ptrace -> 0x0
             exe-1049981 [001] ..... 1633813.065776: sys_ptrace(request: 4205, pid: 1005d8, addr: 1, data: c0004bdc70)
             exe-1049981 [001] ..... 1633813.065779: sys_ptrace -> 0x0
             exe-1049981 [001] ..... 1633813.065780: sys_ptrace(request: 4205, pid: 1005d8, addr: 202, data: c0004bdc70)
             exe-1049981 [001] ..... 1633813.065790: sys_ptrace -> 0x0
             exe-1049981 [001] ..... 1633813.065792: sys_ptrace(request: 1f, pid: 1005d8, addr: 0, data: 0)
             exe-1049981 [001] .N... 1633813.065799: sys_ptrace -> 0x0
             exe-1050072 [001] ..... 1633813.065809: sys_accept4 -> 0xffffffffffffffea
             exe-1049673 [002] ..... 1633813.065819: sys_nanosleep -> 0x0
             exe-1049673 [002] ..... 1633813.065825: sys_nanosleep(rqtp: c000069f10, rmtp: 0)
             exe-1049981 [001] ..... 1633813.065829: sys_wait4(upid: 1005d8, stat_addr: c0004bdbf4, options: 40000002, ru: 0)
             exe-1049981 [001] ..... 1633813.065832: sys_wait4 -> 0x1005d8
             exe-1049981 [001] ..... 1633813.065834: sys_ptrace(request: 4204, pid: 1005d8, addr: 1, data: c0004bdc70)
             exe-1049981 [001] ..... 1633813.065838: sys_ptrace -> 0x0
             exe-1049981 [001] ..... 1633813.065839: sys_ptrace(request: 4204, pid: 1005d8, addr: 202, data: c0004bdc70)
             exe-1049981 [001] ..... 1633813.065842: sys_ptrace -> 0x0
             exe-1049567 [002] ..... 1633813.065847: sys_nanosleep -> 0x0
             exe-1049981 [001] ..... 1633813.065851: sys_pwrite64(fd: 63, buf: 7fd66e413080, count: 5b, pos: 5d)
             exe-1049567 [002] ..... 1633813.065852: sys_nanosleep(rqtp: c000069f10, rmtp: 0)
             exe-1049981 [001] ..... 1633813.065853: tracing_mark_write: accept4(fd=330, upeer_sockaddr=0x55861ad77d70, upeer_addrlen=110, flags=0x7f3768619d00) end
             exe-1049981 [001] ..... 1633813.134710: tracing_mark_write: accept4(fd=347, upeer_sockaddr=0x55861ad77df0, upeer_addrlen=50, flags=0x558342baed24) start
             exe-1049981 [001] ..... 1633813.134712: sys_pwrite64 -> 0x5c
             exe-1049981 [001] ..... 1633813.134719: sys_ptrace(request: 4205, pid: 1005d8, addr: 1, data: c0004bdc70)
             exe-1049981 [001] ..... 1633813.134722: sys_ptrace -> 0x0
             exe-1049981 [001] ..... 1633813.134724: sys_ptrace(request: 4205, pid: 1005d8, addr: 202, data: c0004bdc70)
             exe-1049981 [001] ..... 1633813.134736: sys_ptrace -> 0x0
             exe-1049981 [001] ..... 1633813.134738: sys_ptrace(request: 1f, pid: 1005d8, addr: 0, data: 0)
             exe-1049981 [001] .N... 1633813.134746: sys_ptrace -> 0x0
             exe-1049673 [002] ..... 1633813.134747: sys_nanosleep -> 0x0
             exe-1049673 [002] ..... 1633813.134753: sys_futex(uaddr: 1f09dc0, op: 80, val: 0, utime: c000069eb0, uaddr2: 0, val3: 0)
             exe-1050072 [001] ..... 1633813.134757: sys_write -> 0x5c
             exe-1049567 [002] ..... 1633813.134770: sys_nanosleep -> 0x0
             exe-1049567 [002] ..... 1633813.134775: sys_nanosleep(rqtp: c000069f10, rmtp: 0)
             exe-1049981 [001] ..... 1633813.134777: sys_wait4(upid: 1005d8, stat_addr: c0004bdbf4, options: 40000002, ru: 0)
             exe-1049981 [001] ..... 1633813.134780: sys_wait4 -> 0x1005d8
             exe-1049981 [001] ..... 1633813.134783: sys_ptrace(request: 4204, pid: 1005d8, addr: 1, data: c0004bdc70)
             exe-1049981 [001] ..... 1633813.134787: sys_ptrace -> 0x0
             exe-1049981 [001] ..... 1633813.134788: sys_ptrace(request: 4204, pid: 1005d8, addr: 202, data: c0004bdc70)
             exe-1049981 [001] ..... 1633813.134791: sys_ptrace -> 0x0
             exe-1049981 [001] ..... 1633813.134797: sys_ptrace(request: 4205, pid: 1005d8, addr: 1, data: c0004bdc70)
             exe-1049981 [001] ..... 1633813.134800: sys_ptrace -> 0x0
             exe-1049981 [001] ..... 1633813.134802: sys_ptrace(request: 4205, pid: 1005d8, addr: 202, data: c0004bdc70)
             exe-1049981 [001] ..... 1633813.134812: sys_ptrace -> 0x0
             exe-1049981 [001] ..... 1633813.134814: sys_ptrace(request: 1f, pid: 1005d8, addr: 0, data: 0)
             exe-1049981 [001] .N... 1633813.134820: sys_ptrace -> 0x0
             exe-1050072 [001] ..... 1633813.134831: sys_accept4 -> 0xffffffffffffffea
             exe-1049981 [001] ..... 1633813.134851: sys_wait4(upid: 1005d8, stat_addr: c0004bdbf4, options: 40000002, ru: 0)
             exe-1049981 [001] ..... 1633813.134854: sys_wait4 -> 0x1005d8
             exe-1049981 [001] ..... 1633813.134856: sys_ptrace(request: 4204, pid: 1005d8, addr: 1, data: c0004bdc70)
             exe-1049981 [001] ..... 1633813.134860: sys_ptrace -> 0x0
             exe-1049981 [001] ..... 1633813.134861: sys_ptrace(request: 4204, pid: 1005d8, addr: 202, data: c0004bdc70)
             exe-1049981 [001] ..... 1633813.134864: sys_ptrace -> 0x0
             exe-1049567 [002] ..... 1633813.134869: sys_nanosleep -> 0x0
             exe-1049567 [002] ..... 1633813.134872: sys_nanosleep(rqtp: c000069f10, rmtp: 0)
             exe-1049981 [001] ..... 1633813.134873: sys_pwrite64(fd: 63, buf: 7fd66e413080, count: 5a, pos: 5c)
             exe-1049981 [001] ..... 1633813.134875: tracing_mark_write: accept4(fd=347, upeer_sockaddr=0x55861ad77df0, upeer_addrlen=50, flags=0x558342baed24) end
             exe-1049981 [001] ..... 1633813.189845: tracing_mark_write: accept4(fd=326, upeer_sockaddr=0x55861ae0d520, upeer_addrlen=12, flags=0x558342baed24) start
             exe-1049981 [001] ..... 1633813.189847: sys_pwrite64 -> 0x5c
             exe-1049981 [001] ..... 1633813.189853: sys_ptrace(request: 4205, pid: 1005d8, addr: 1, data: c0004bdc70)
             exe-1049981 [001] ..... 1633813.189856: sys_ptrace -> 0x0
             exe-1049981 [001] ..... 1633813.189858: sys_ptrace(request: 4205, pid: 1005d8, addr: 202, data: c0004bdc70)
             exe-1049981 [001] ..... 1633813.189870: sys_ptrace -> 0x0
             exe-1049981 [001] ..... 1633813.189872: sys_ptrace(request: 1f, pid: 1005d8, addr: 0, data: 0)
             exe-1049981 [001] .N... 1633813.189879: sys_ptrace -> 0x0
             exe-1050072 [001] ..... 1633813.189891: sys_write -> 0x5c
             exe-1049673 [002] ..... 1633813.189902: sys_nanosleep -> 0x0
             exe-1049673 [002] ..... 1633813.189909: sys_futex(uaddr: 1f09dc0, op: 80, val: 0, utime: c000069eb0, uaddr2: 0, val3: 0)
             exe-1049981 [001] ..... 1633813.189910: sys_wait4(upid: 1005d8, stat_addr: c0004bdbf4, options: 40000002, ru: 0)
             exe-1049981 [001] ..... 1633813.189913: sys_wait4 -> 0x1005d8
             exe-1049981 [001] ..... 1633813.189916: sys_ptrace(request: 4204, pid: 1005d8, addr: 1, data: c0004bdc70)
             exe-1049981 [001] ..... 1633813.189920: sys_ptrace -> 0x0
             exe-1049981 [001] ..... 1633813.189922: sys_ptrace(request: 4204, pid: 1005d8, addr: 202, data: c0004bdc70)
             exe-1049981 [001] ..... 1633813.189925: sys_ptrace -> 0x0
             exe-1049567 [002] ..... 1633813.189925: sys_nanosleep -> 0x0
             exe-1049567 [002] ..... 1633813.189930: sys_nanosleep(rqtp: c000069f10, rmtp: 0)
             exe-1049981 [001] ..... 1633813.189931: sys_ptrace(request: 4205, pid: 1005d8, addr: 1, data: c0004bdc70)
             exe-1049981 [001] ..... 1633813.189934: sys_ptrace -> 0x0
             exe-1049981 [001] ..... 1633813.189935: sys_ptrace(request: 4205, pid: 1005d8, addr: 202, data: c0004bdc70)
             exe-1049981 [001] ..... 1633813.189945: sys_ptrace -> 0x0
             exe-1049981 [001] ..... 1633813.189947: sys_ptrace(request: 1f, pid: 1005d8, addr: 0, data: 0)
             exe-1049981 [001] .N... 1633813.189954: sys_ptrace -> 0x0
             exe-1050072 [001] ..... 1633813.189965: sys_accept4 -> 0xffffffffffffffea
             exe-1049981 [001] ..... 1633813.189984: sys_wait4(upid: 1005d8, stat_addr: c0004bdbf4, options: 40000002, ru: 0)
             exe-1049981 [001] ..... 1633813.189987: sys_wait4 -> 0x1005d8
             exe-1049981 [001] ..... 1633813.189989: sys_ptrace(request: 4204, pid: 1005d8, addr: 1, data: c0004bdc70)
             exe-1049981 [001] ..... 1633813.189993: sys_ptrace -> 0x0
             exe-1049981 [001] ..... 1633813.189995: sys_ptrace(request: 4204, pid: 1005d8, addr: 202, data: c0004bdc70)
             exe-1049981 [001] ..... 1633813.189997: sys_ptrace -> 0x0
             exe-1049981 [001] ..... 1633813.190007: sys_pwrite64(fd: 63, buf: 7fd66e413080, count: 5a, pos: 5c)
             exe-1049981 [001] ..... 1633813.190009: tracing_mark_write: accept4(fd=326, upeer_sockaddr=0x55861ae0d520, upeer_addrlen=12, flags=0x558342baed24) end
             exe-1049981 [001] ..... 1633813.253877: tracing_mark_write: accept4(fd=306, upeer_sockaddr=0x55861ad77e30, upeer_addrlen=3581, flags=0x558342baed24) start
             exe-1049981 [001] ..... 1633813.253879: sys_pwrite64 -> 0x5e
             exe-1049981 [001] ..... 1633813.253891: sys_ptrace(request: 4205, pid: 1005d8, addr: 1, data: c0004bdc70)
             exe-1049981 [001] ..... 1633813.253896: sys_ptrace -> 0x0
             exe-1049981 [001] ..... 1633813.253898: sys_ptrace(request: 4205, pid: 1005d8, addr: 202, data: c0004bdc70)
             exe-1049981 [001] ..... 1633813.253936: sys_ptrace -> 0x0
             exe-1049981 [001] ..... 1633813.253938: sys_ptrace(request: 1f, pid: 1005d8, addr: 0, data: 0)
             exe-1049981 [001] .N... 1633813.253950: sys_ptrace -> 0x0
             exe-1049673 [002] ..... 1633813.253956: sys_nanosleep -> 0x0
             exe-1049673 [002] ..... 1633813.253961: sys_nanosleep(rqtp: c000069f10, rmtp: 0)
             exe-1050072 [001] ..... 1633813.253965: sys_write -> 0x5e
             exe-1049567 [002] ..... 1633813.253983: sys_nanosleep -> 0x0
             exe-1049567 [002] ..... 1633813.253988: sys_nanosleep(rqtp: c000069f10, rmtp: 0)
             exe-1049981 [001] ..... 1633813.253996: sys_wait4(upid: 1005d8, stat_addr: c0004bdbf4, options: 40000002, ru: 0)
             exe-1049981 [001] ..... 1633813.253999: sys_wait4 -> 0x1005d8
             exe-1049981 [001] ..... 1633813.254004: sys_ptrace(request: 4204, pid: 1005d8, addr: 1, data: c0004bdc70)
             exe-1049981 [001] ..... 1633813.254010: sys_ptrace -> 0x0
             exe-1049981 [001] ..... 1633813.254013: sys_ptrace(request: 4204, pid: 1005d8, addr: 202, data: c0004bdc70)
             exe-1049981 [001] ..... 1633813.254017: sys_ptrace -> 0x0
             exe-1049981 [001] ..... 1633813.254027: sys_ptrace(request: 4205, pid: 1005d8, addr: 1, data: c0004bdc70)
             exe-1049981 [001] ..... 1633813.254030: sys_ptrace -> 0x0
             exe-1049981 [001] ..... 1633813.254032: sys_ptrace(request: 4205, pid: 1005d8, addr: 202, data: c0004bdc70)
             exe-1049981 [001] ..... 1633813.254050: sys_ptrace -> 0x0
             exe-1049981 [001] ..... 1633813.254052: sys_ptrace(request: 1f, pid: 1005d8, addr: 0, data: 0)
             exe-1049673 [002] ..... 1633813.254064: sys_nanosleep -> 0x0
             exe-1049981 [001] .N... 1633813.254065: sys_ptrace -> 0x0
             exe-1049673 [002] ..... 1633813.254070: sys_nanosleep(rqtp: c000069f10, rmtp: 0)
             exe-1050072 [001] ..... 1633813.254080: sys_accept4 -> 0xffffffffffffffea
             exe-1049567 [002] ..... 1633813.254092: sys_nanosleep -> 0x0
             exe-1049567 [002] ..... 1633813.254097: sys_nanosleep(rqtp: c000069f10, rmtp: 0)
             exe-1049981 [001] ..... 1633813.254109: sys_wait4(upid: 1005d8, stat_addr: c0004bdbf4, options: 40000002, ru: 0)
             exe-1049981 [001] ..... 1633813.254113: sys_wait4 -> 0x1005d8
             exe-1049981 [001] ..... 1633813.254116: sys_ptrace(request: 4204, pid: 1005d8, addr: 1, data: c0004bdc70)
             exe-1049981 [001] ..... 1633813.254122: sys_ptrace -> 0x0
             exe-1049981 [001] ..... 1633813.254124: sys_ptrace(request: 4204, pid: 1005d8, addr: 202, data: c0004bdc70)
             exe-1049981 [001] ..... 1633813.254128: sys_ptrace -> 0x0
             exe-1049981 [001] ..... 1633813.254146: sys_pwrite64(fd: 63, buf: 7fd66e413080, count: 5c, pos: 5e)
             exe-1049981 [001] ..... 1633813.254150: tracing_mark_write: accept4(fd=306, upeer_sockaddr=0x55861ad77e30, upeer_addrlen=3581, flags=0x558342baed24) end
             exe-1049981 [001] ..... 1633813.309459: tracing_mark_write: accept4(fd=344, upeer_sockaddr=0x55861ad78e40, upeer_addrlen=110, flags=0x558342baed24) start
             exe-1049981 [001] ..... 1633813.309461: sys_pwrite64 -> 0x5d
             exe-1049981 [001] ..... 1633813.309468: sys_ptrace(request: 4205, pid: 1005d8, addr: 1, data: c0004bdc70)
             exe-1049673 [002] ..... 1633813.309469: sys_nanosleep -> 0x0
             exe-1049981 [001] ..... 1633813.309471: sys_ptrace -> 0x0
             exe-1049981 [001] ..... 1633813.309473: sys_ptrace(request: 4205, pid: 1005d8, addr: 202, data: c0004bdc70)
             exe-1049673 [002] ..... 1633813.309475: sys_nanosleep(rqtp: c000069f10, rmtp: 0)
             exe-1049981 [001] ..... 1633813.309485: sys_ptrace -> 0x0
             exe-1049981 [001] ..... 1633813.309487: sys_ptrace(request: 1f, pid: 1005d8, addr: 0, data: 0)
             exe-1049981 [001] .N... 1633813.309495: sys_ptrace -> 0x0
             exe-1049567 [002] ..... 1633813.309497: sys_nanosleep -> 0x0
             exe-1049567 [002] ..... 1633813.309502: sys_nanosleep(rqtp: c000069f10, rmtp: 0)
             exe-1050072 [001] ..... 1633813.309506: sys_write -> 0x5d
             exe-1049981 [001] ..... 1633813.309526: sys_wait4(upid: 1005d8, stat_addr: c0004bdbf4, options: 40000002, ru: 0)
             exe-1049981 [001] ..... 1633813.309529: sys_wait4 -> 0x1005d8
             exe-1049981 [001] ..... 1633813.309532: sys_ptrace(request: 4204, pid: 1005d8, addr: 1, data: c0004bdc70)
             exe-1049981 [001] ..... 1633813.309535: sys_ptrace -> 0x0
             exe-1049981 [001] ..... 1633813.309537: sys_ptrace(request: 4204, pid: 1005d8, addr: 202, data: c0004bdc70)
             exe-1049981 [001] ..... 1633813.309540: sys_ptrace -> 0x0
             exe-1049981 [001] ..... 1633813.309547: sys_ptrace(request: 4205, pid: 1005d8, addr: 1, data: c0004bdc70)
             exe-1049981 [001] ..... 1633813.309550: sys_ptrace -> 0x0
             exe-1049981 [001] ..... 1633813.309551: sys_ptrace(request: 4205, pid: 1005d8, addr: 202, data: c0004bdc70)
             exe-1049981 [001] ..... 1633813.309561: sys_ptrace -> 0x0
             exe-1049981 [001] ..... 1633813.309563: sys_ptrace(request: 1f, pid: 1005d8, addr: 0, data: 0)
             exe-1049981 [001] .N... 1633813.309571: sys_ptrace -> 0x0
             exe-1049673 [002] ..... 1633813.309580: sys_nanosleep -> 0x0
             exe-1050072 [001] ..... 1633813.309582: sys_accept4 -> 0xffffffffffffffea
             exe-1049673 [002] ..... 1633813.309585: sys_nanosleep(rqtp: c000069f10, rmtp: 0)
             exe-1049981 [001] ..... 1633813.309602: sys_wait4(upid: 1005d8, stat_addr: c0004bdbf4, options: 40000002, ru: 0)
             exe-1049981 [001] ..... 1633813.309604: sys_wait4 -> 0x1005d8
             exe-1049981 [001] ..... 1633813.309607: sys_ptrace(request: 4204, pid: 1005d8, addr: 1, data: c0004bdc70)
             exe-1049567 [002] ..... 1633813.309608: sys_nanosleep -> 0x0
             exe-1049981 [001] ..... 1633813.309610: sys_ptrace -> 0x0
             exe-1049981 [001] ..... 1633813.309612: sys_ptrace(request: 4204, pid: 1005d8, addr: 202, data: c0004bdc70)
             exe-1049567 [002] ..... 1633813.309612: sys_nanosleep(rqtp: c000069f10, rmtp: 0)
             exe-1049981 [001] ..... 1633813.309615: sys_ptrace -> 0x0
             exe-1049981 [001] ..... 1633813.309625: sys_pwrite64(fd: 63, buf: 7fd66e413080, count: 5b, pos: 5d)
             exe-1049981 [001] ..... 1633813.309626: tracing_mark_write: accept4(fd=344, upeer_sockaddr=0x55861ad78e40, upeer_addrlen=110, flags=0x558342baed24) end
             exe-1049896 [002] ..... 1633813.389120: tracing_mark_write: accept4(fd=303, upeer_sockaddr=0x55861ad78ec0, upeer_addrlen=110, flags=0x558342baed24) start
             exe-1049896 [002] ..... 1633813.389129: sys_pwrite64 -> 0x5d
             exe-1049896 [002] ..... 1633813.389139: sys_ptrace(request: 4205, pid: 100770, addr: 1, data: c0004bdc70)
             exe-1049896 [002] ..... 1633813.389142: sys_ptrace -> 0x0
             exe-1049896 [002] ..... 1633813.389144: sys_ptrace(request: 4205, pid: 100770, addr: 202, data: c0004bdc70)
             exe-1049896 [002] ..... 1633813.389156: sys_ptrace -> 0x0
             exe-1049896 [002] ..... 1633813.389158: sys_ptrace(request: 1f, pid: 100770, addr: 0, data: 0)
             exe-1049896 [002] ..... 1633813.389171: sys_ptrace -> 0x0
             exe-1049896 [002] ..... 1633813.389174: sys_wait4(upid: 100770, stat_addr: c0004bdbf4, options: 40000002, ru: 0)
             exe-1049673 [002] ..... 1633813.389190: sys_nanosleep -> 0x0
             exe-1050480 [003] ..... 1633813.389191: sys_write -> 0x5d
             exe-1049673 [002] ..... 1633813.389197: sys_nanosleep(rqtp: c000069f10, rmtp: 0)
             exe-1049896 [002] ..... 1633813.389230: sys_wait4 -> 0x100770
             exe-1049896 [002] ..... 1633813.389237: sys_ptrace(request: 4204, pid: 100770, addr: 1, data: c0004bdc70)
             exe-1049896 [002] ..... 1633813.389242: sys_ptrace -> 0x0
             exe-1049896 [002] ..... 1633813.389244: sys_ptrace(request: 4204, pid: 100770, addr: 202, data: c0004bdc70)
             exe-1049896 [002] ..... 1633813.389247: sys_ptrace -> 0x0
             exe-1049896 [002] ..... 1633813.389256: sys_ptrace(request: 4205, pid: 100770, addr: 1, data: c0004bdc70)
             exe-1049896 [002] ..... 1633813.389258: sys_ptrace -> 0x0
             exe-1049896 [002] ..... 1633813.389260: sys_ptrace(request: 4205, pid: 100770, addr: 202, data: c0004bdc70)
             exe-1049896 [002] ..... 1633813.389271: sys_ptrace -> 0x0
             exe-1049896 [002] ..... 1633813.389273: sys_ptrace(request: 1f, pid: 100770, addr: 0, data: 0)
             exe-1050480 [003] ..... 1633813.389317: sys_accept4 -> 0xffffffffffffffea
             exe-1049896 [002] ..... 1633813.389334: sys_ptrace -> 0x0
             exe-1049896 [002] ..... 1633813.389338: sys_wait4(upid: 100770, stat_addr: c0004bdbf4, options: 40000002, ru: 0)
             exe-1049896 [002] ..... 1633813.389340: sys_wait4 -> 0x100770
             exe-1049896 [002] ..... 1633813.389342: sys_ptrace(request: 4204, pid: 100770, addr: 1, data: c0004bdc70)
             exe-1049896 [002] ..... 1633813.389344: sys_ptrace -> 0x0
             exe-1049896 [002] ..... 1633813.389346: sys_ptrace(request: 4204, pid: 100770, addr: 202, data: c0004bdc70)
             exe-1049896 [002] ..... 1633813.389348: sys_ptrace -> 0x0
             exe-1049567 [001] ..... 1633813.389355: sys_nanosleep -> 0x0
             exe-1049567 [001] ..... 1633813.389360: sys_nanosleep(rqtp: c000069f10, rmtp: 0)
             exe-1049896 [002] ..... 1633813.389363: sys_pwrite64(fd: 63, buf: 7fd66e413080, count: 5b, pos: 5d)
             exe-1049896 [002] ..... 1633813.389365: tracing_mark_write: accept4(fd=303, upeer_sockaddr=0x55861ad78ec0, upeer_addrlen=110, flags=0x558342baed24) end
             exe-1049896 [002] ..... 1633813.460214: tracing_mark_write: accept4(fd=292, upeer_sockaddr=0x55861ae0d5f0, upeer_addrlen=16, flags=0x558342baed24) start
             exe-1049896 [002] ..... 1633813.460215: sys_pwrite64 -> 0x5c
             exe-1049896 [002] ..... 1633813.460220: sys_ptrace(request: 4205, pid: 100770, addr: 1, data: c0004bdc70)
             exe-1049896 [002] ..... 1633813.460223: sys_ptrace -> 0x0
             exe-1049896 [002] ..... 1633813.460224: sys_ptrace(request: 4205, pid: 100770, addr: 202, data: c0004bdc70)
             exe-1049896 [002] ..... 1633813.460233: sys_ptrace -> 0x0
             exe-1049896 [002] ..... 1633813.460235: sys_ptrace(request: 1f, pid: 100770, addr: 0, data: 0)
             exe-1049896 [002] ..... 1633813.460246: sys_ptrace -> 0x0
             exe-1049896 [002] ..... 1633813.460248: sys_wait4(upid: 100770, stat_addr: c0004bdbf4, options: 40000002, ru: 0)
             exe-1050480 [003] ..... 1633813.460270: sys_write -> 0x5c
             exe-1049896 [002] ..... 1633813.460290: sys_wait4 -> 0x100770
             exe-1049896 [002] ..... 1633813.460292: sys_ptrace(request: 4204, pid: 100770, addr: 1, data: c0004bdc70)
             exe-1049896 [002] ..... 1633813.460295: sys_ptrace -> 0x0
             exe-1049896 [002] ..... 1633813.460296: sys_ptrace(request: 4204, pid: 100770, addr: 202, data: c0004bdc70)
             exe-1049896 [002] ..... 1633813.460298: sys_ptrace -> 0x0
             exe-1049896 [002] ..... 1633813.460303: sys_ptrace(request: 4205, pid: 100770, addr: 1, data: c0004bdc70)
             exe-1049896 [002] ..... 1633813.460305: sys_ptrace -> 0x0
             exe-1049896 [002] ..... 1633813.460307: sys_ptrace(request: 4205, pid: 100770, addr: 202, data: c0004bdc70)
             exe-1049896 [002] ..... 1633813.460313: sys_ptrace -> 0x0
             exe-1049896 [002] ..... 1633813.460315: sys_ptrace(request: 1f, pid: 100770, addr: 0, data: 0)
             exe-1049896 [002] ..... 1633813.460324: sys_ptrace -> 0x0
             exe-1049896 [002] ..... 1633813.460326: sys_wait4(upid: 100770, stat_addr: c0004bdbf4, options: 40000002, ru: 0)
             exe-1050480 [003] ..... 1633813.460345: sys_accept4 -> 0xffffffffffffffea
             exe-1049896 [002] ..... 1633813.460363: sys_wait4 -> 0x100770
             exe-1049896 [002] ..... 1633813.460365: sys_ptrace(request: 4204, pid: 100770, addr: 1, data: c0004bdc70)
             exe-1049896 [002] ..... 1633813.460368: sys_ptrace -> 0x0
             exe-1049896 [002] ..... 1633813.460370: sys_ptrace(request: 4204, pid: 100770, addr: 202, data: c0004bdc70)
             exe-1049896 [002] ..... 1633813.460372: sys_ptrace -> 0x0
             exe-1049896 [002] ..... 1633813.460377: sys_pwrite64(fd: 63, buf: 7fd66e413080, count: 5a, pos: 5c)
             exe-1049896 [002] ..... 1633813.460379: tracing_mark_write: accept4(fd=292, upeer_sockaddr=0x55861ae0d5f0, upeer_addrlen=16, flags=0x558342baed24) end
             exe-1050232 [000] ..... 1633813.542834: tracing_mark_write: accept4(fd=320, upeer_sockaddr=0x55861ad78f40, upeer_addrlen=2172, flags=0x558342baed24) start
             exe-1050232 [000] ..... 1633813.542836: sys_pwrite64 -> 0x5e
             exe-1050232 [000] ..... 1633813.542840: sys_ptrace(request: 4205, pid: 1006d7, addr: 1, data: c0004bdc70)
             exe-1050232 [000] ..... 1633813.542842: sys_ptrace -> 0x0
             exe-1050232 [000] ..... 1633813.542843: sys_ptrace(request: 4205, pid: 1006d7, addr: 202, data: c0004bdc70)
             exe-1050232 [000] ..... 1633813.542849: sys_ptrace -> 0x0
             exe-1050232 [000] ..... 1633813.542851: sys_ptrace(request: 1f, pid: 1006d7, addr: 0, data: 0)
             exe-1049567 [003] ..... 1633813.542859: sys_nanosleep -> 0x0
             exe-1050232 [000] ..... 1633813.542860: sys_ptrace -> 0x0
             exe-1050232 [000] ..... 1633813.542861: sys_wait4(upid: 1006d7, stat_addr: c0004bdbf4, options: 40000002, ru: 0)
             exe-1049567 [003] ..... 1633813.542864: sys_nanosleep(rqtp: c000069f10, rmtp: 0)
             exe-1050327 [002] ..... 1633813.542883: sys_write -> 0x5e
             exe-1049673 [003] ..... 1633813.542883: sys_nanosleep -> 0x0
             exe-1049673 [003] ..... 1633813.542888: sys_nanosleep(rqtp: c000069f10, rmtp: 0)
             exe-1050232 [000] ..... 1633813.542897: sys_wait4 -> 0x1006d7
             exe-1050232 [000] ..... 1633813.542899: sys_ptrace(request: 4204, pid: 1006d7, addr: 1, data: c0004bdc70)
             exe-1050232 [000] ..... 1633813.542901: sys_ptrace -> 0x0
             exe-1050232 [000] ..... 1633813.542903: sys_ptrace(request: 4204, pid: 1006d7, addr: 202, data: c0004bdc70)
             exe-1050232 [000] ..... 1633813.542905: sys_ptrace -> 0x0
             exe-1050232 [000] ..... 1633813.542908: sys_ptrace(request: 4205, pid: 1006d7, addr: 1, data: c0004bdc70)
             exe-1050232 [000] ..... 1633813.542911: sys_ptrace -> 0x0
             exe-1050232 [000] ..... 1633813.542912: sys_ptrace(request: 4205, pid: 1006d7, addr: 202, data: c0004bdc70)
             exe-1050232 [000] ..... 1633813.542917: sys_ptrace -> 0x0
             exe-1050232 [000] ..... 1633813.542918: sys_ptrace(request: 1f, pid: 1006d7, addr: 0, data: 0)
             exe-1050232 [000] ..... 1633813.542926: sys_ptrace -> 0x0
             exe-1050232 [000] ..... 1633813.542928: sys_wait4(upid: 1006d7, stat_addr: c0004bdbf4, options: 40000002, ru: 0)
             exe-1050327 [002] ..... 1633813.542948: sys_accept4 -> 0xffffffffffffffea
             exe-1050232 [000] ..... 1633813.542961: sys_wait4 -> 0x1006d7
             exe-1050232 [000] ..... 1633813.542963: sys_ptrace(request: 4204, pid: 1006d7, addr: 1, data: c0004bdc70)
             exe-1050232 [000] ..... 1633813.542965: sys_ptrace -> 0x0
             exe-1050232 [000] ..... 1633813.542967: sys_ptrace(request: 4204, pid: 1006d7, addr: 202, data: c0004bdc70)
             exe-1049567 [003] ..... 1633813.542967: sys_nanosleep -> 0x0
             exe-1050232 [000] ..... 1633813.542968: sys_ptrace -> 0x0
             exe-1049567 [003] ..... 1633813.542972: sys_nanosleep(rqtp: c000069f10, rmtp: 0)
             exe-1050232 [000] ..... 1633813.542973: sys_pwrite64(fd: 63, buf: 7fd66e413080, count: 5c, pos: 5e)
             exe-1050232 [000] ..... 1633813.542974: tracing_mark_write: accept4(fd=320, upeer_sockaddr=0x55861ad78f40, upeer_addrlen=2172, flags=0x558342baed24) end
             exe-1049896 [002] ..... 1633813.623811: tracing_mark_write: accept4(fd=344, upeer_sockaddr=0x55861ad79f50, upeer_addrlen=16, flags=0x558342baed24) start
             exe-1049896 [002] ..... 1633813.623813: sys_pwrite64 -> 0x5c
             exe-1049896 [002] ..... 1633813.623818: sys_ptrace(request: 4205, pid: 100770, addr: 1, data: c0004bdc70)
             exe-1049567 [003] ..... 1633813.623826: sys_nanosleep -> 0x0
             exe-1049896 [002] ..... 1633813.623828: sys_ptrace -> 0x0
             exe-1049896 [002] ..... 1633813.623829: sys_ptrace(request: 4205, pid: 100770, addr: 202, data: c0004bdc70)
             exe-1049567 [003] ..... 1633813.623831: sys_nanosleep(rqtp: c000069f10, rmtp: 0)
             exe-1049896 [002] ..... 1633813.623837: sys_ptrace -> 0x0
             exe-1049896 [002] ..... 1633813.623838: sys_ptrace(request: 1f, pid: 100770, addr: 0, data: 0)
             exe-1049896 [002] ..... 1633813.623842: sys_ptrace -> 0x0
             exe-1049896 [002] ..... 1633813.623844: sys_wait4(upid: 100770, stat_addr: c0004bdbf4, options: 40000002, ru: 0)
             exe-1050480 [003] ..... 1633813.623857: sys_write -> 0x5c
             exe-1049896 [002] ..... 1633813.623882: sys_wait4 -> 0x100770
             exe-1049896 [002] ..... 1633813.623885: sys_ptrace(request: 4204, pid: 100770, addr: 1, data: c0004bdc70)
             exe-1049673 [003] ..... 1633813.623912: sys_nanosleep -> 0x0
             exe-1049896 [002] ..... 1633813.623912: sys_ptrace -> 0x0
             exe-1049896 [002] ..... 1633813.623913: sys_ptrace(request: 4204, pid: 100770, addr: 202, data: c0004bdc70)
             exe-1049896 [002] ..... 1633813.623916: sys_ptrace -> 0x0
             exe-1049673 [003] ..... 1633813.623918: sys_nanosleep(rqtp: c000069f10, rmtp: 0)
             exe-1049896 [002] ..... 1633813.623920: sys_ptrace(request: 4205, pid: 100770, addr: 1, data: c0004bdc70)
             exe-1049896 [002] ..... 1633813.623923: sys_ptrace -> 0x0
             exe-1049896 [002] ..... 1633813.623924: sys_ptrace(request: 4205, pid: 100770, addr: 202, data: c0004bdc70)
             exe-1049896 [002] ..... 1633813.623930: sys_ptrace -> 0x0
             exe-1049896 [002] ..... 1633813.623932: sys_ptrace(request: 1f, pid: 100770, addr: 0, data: 0)
             exe-1049567 [003] ..... 1633813.623944: sys_nanosleep -> 0x0
             exe-1049896 [002] ..... 1633813.623948: sys_ptrace -> 0x0
             exe-1049896 [002] ..... 1633813.623950: sys_wait4(upid: 100770, stat_addr: c0004bdbf4, options: 40000002, ru: 0)
             exe-1050480 [003] ..... 1633813.623968: sys_accept4 -> 0xffffffffffffffea
             exe-1049896 [002] ..... 1633813.623991: sys_wait4 -> 0x100770
             exe-1049896 [002] ..... 1633813.623994: sys_ptrace(request: 4204, pid: 100770, addr: 1, data: c0004bdc70)
             exe-1049896 [002] ..... 1633813.624007: sys_ptrace -> 0x0
