             exe-1050008 [003] ..... 1633825.966134: tracing_mark_write: acct(name=0x7f33234d8000) start
             exe-1049673 [002] ..... 1633825.966199: sys_nanosleep -> 0x0
             exe-1049673 [002] ..... 1633825.966202: sys_nanosleep(rqtp: c000069f10, rmtp: 0)
             exe-1049673 [002] ..... 1633825.966290: sys_nanosleep -> 0x0
             exe-1049673 [002] ..... 1633825.966292: sys_nanosleep(rqtp: c000069f10, rmtp: 0)
             exe-1050008 [003] ..... 1633825.966302: sys_pwrite64 -> 0x1f
             exe-1050008 [003] ..... 1633825.966311: sys_ptrace(request: 4205, pid: 1005ce, addr: 1, data: c000641c70)
             exe-1050008 [003] ..... 1633825.966314: sys_ptrace -> 0x0
             exe-1050008 [003] ..... 1633825.966315: sys_ptrace(request: 4205, pid: 1005ce, addr: 202, data: c000641c70)
             exe-1050008 [003] ..... 1633825.966324: sys_ptrace -> 0x0
             exe-1050008 [003] ..... 1633825.966325: sys_ptrace(request: 1f, pid: 1005ce, addr: 0, data: 0)
             exe-1050008 [003] .N... 1633825.966331: sys_ptrace -> 0x0
             exe-1050062 [003] ..... 1633825.966341: sys_write -> 0x1f
             exe-1050008 [003] ..... 1633825.966358: sys_wait4(upid: 1005ce, stat_addr: c000641bf4, options: 40000002, ru: 0)
             exe-1050008 [003] ..... 1633825.966360: sys_wait4 -> 0x1005ce
             exe-1050008 [003] ..... 1633825.966362: sys_ptrace(request: 4204, pid: 1005ce, addr: 1, data: c000641c70)
             exe-1050008 [003] ..... 1633825.966364: sys_ptrace -> 0x0
             exe-1050008 [003] ..... 1633825.966366: sys_ptrace(request: 4204, pid: 1005ce, addr: 202, data: c000641c70)
             exe-1050008 [003] ..... 1633825.966367: sys_ptrace -> 0x0
             exe-1049673 [002] ..... 1633825.966381: sys_nanosleep -> 0x0
             exe-1049673 [002] ..... 1633825.966383: sys_nanosleep(rqtp: c000069f10, rmtp: 0)
             exe-1050008 [003] ..... 1633825.966384: sys_ptrace(request: 4205, pid: 1005ce, addr: 1, data: c000641c70)
             exe-1050008 [003] ..... 1633825.966386: sys_ptrace -> 0x0
             exe-1050008 [003] ..... 1633825.966387: sys_ptrace(request: 4205, pid: 1005ce, addr: 202, data: c000641c70)
             exe-1050008 [003] ..... 1633825.966395: sys_ptrace -> 0x0
             exe-1050008 [003] ..... 1633825.966396: sys_ptrace(request: 1f, pid: 1005ce, addr: 0, data: 0)
             exe-1050008 [003] .N... 1633825.966401: sys_ptrace -> 0x0
             exe-1050062 [003] ..... 1633825.966422: sys_acct -> 0xffffffffffffffff
             exe-1050008 [003] ..... 1633825.966440: sys_wait4(upid: 1005ce, stat_addr: c000641bf4, options: 40000002, ru: 0)
             exe-1050008 [003] ..... 1633825.966442: sys_wait4 -> 0x1005ce
             exe-1050008 [003] ..... 1633825.966444: sys_ptrace(request: 4204, pid: 1005ce, addr: 1, data: c000641c70)
             exe-1050008 [003] ..... 1633825.966447: sys_ptrace -> 0x0
             exe-1050008 [003] ..... 1633825.966448: sys_ptrace(request: 4204, pid: 1005ce, addr: 202, data: c000641c70)
             exe-1050008 [003] ..... 1633825.966450: sys_ptrace -> 0x0
             exe-1050008 [003] ..... 1633825.966462: sys_pwrite64(fd: 63, buf: 7fd66d9db080, count: 1d, pos: 1f)
             exe-1050008 [003] ..... 1633825.966464: tracing_mark_write: acct(name=0x7f33234d8000) end
             exe-1050008 [003] ..... 1633826.044682: tracing_mark_write: acct(name=0x7f33234d9000) start
             exe-1050008 [003] ..... 1633826.044705: sys_pwrite64 -> 0x1f
             exe-1050008 [003] ..... 1633826.044713: sys_ptrace(request: 4205, pid: 1005ce, addr: 1, data: c000641c70)
             exe-1050008 [003] ..... 1633826.044717: sys_ptrace -> 0x0
             exe-1050008 [003] ..... 1633826.044719: sys_ptrace(request: 4205, pid: 1005ce, addr: 202, data: c000641c70)
             exe-1050008 [003] ..... 1633826.044740: sys_ptrace -> 0x0
             exe-1050008 [003] ..... 1633826.044742: sys_ptrace(request: 1f, pid: 1005ce, addr: 0, data: 0)
             exe-1050008 [003] .N... 1633826.044750: sys_ptrace -> 0x0
             exe-1050062 [003] ..... 1633826.044761: sys_write -> 0x1f
             exe-1049567 [000] ..... 1633826.044770: sys_nanosleep -> 0x0
             exe-1049567 [000] ..... 1633826.044773: sys_nanosleep(rqtp: c000069f10, rmtp: 0)
             exe-1050008 [003] ..... 1633826.044783: sys_wait4(upid: 1005ce, stat_addr: c000641bf4, options: 40000002, ru: 0)
             exe-1050008 [003] ..... 1633826.044786: sys_wait4 -> 0x1005ce
             exe-1050008 [003] ..... 1633826.044788: sys_ptrace(request: 4204, pid: 1005ce, addr: 1, data: c000641c70)
             exe-1050008 [003] ..... 1633826.044792: sys_ptrace -> 0x0
             exe-1050008 [003] ..... 1633826.044794: sys_ptrace(request: 4204, pid: 1005ce, addr: 202, data: c000641c70)
             exe-1050008 [003] ..... 1633826.044796: sys_ptrace -> 0x0
             exe-1050008 [003] ..... 1633826.044825: sys_ptrace(request: 4205, pid: 1005ce, addr: 1, data: c000641c70)
             exe-1050008 [003] ..... 1633826.044829: sys_ptrace -> 0x0
             exe-1050008 [003] ..... 1633826.044830: sys_ptrace(request: 4205, pid: 1005ce, addr: 202, data: c000641c70)
             exe-1050008 [003] ..... 1633826.044854: sys_ptrace -> 0x0
             exe-1050008 [003] ..... 1633826.044855: sys_ptrace(request: 1f, pid: 1005ce, addr: 0, data: 0)
             exe-1050008 [003] .N... 1633826.044862: sys_ptrace -> 0x0
             exe-1050062 [003] ..... 1633826.044873: sys_acct -> 0xffffffffffffffff
             exe-1050008 [003] ..... 1633826.044892: sys_wait4(upid: 1005ce, stat_addr: c000641bf4, options: 40000002, ru: 0)
             exe-1050008 [003] ..... 1633826.044895: sys_wait4 -> 0x1005ce
             exe-1050008 [003] ..... 1633826.044897: sys_ptrace(request: 4204, pid: 1005ce, addr: 1, data: c000641c70)
             exe-1050008 [003] ..... 1633826.044900: sys_ptrace -> 0x0
             exe-1050008 [003] ..... 1633826.044917: sys_ptrace(request: 4204, pid: 1005ce, addr: 202, data: c000641c70)
             exe-1050008 [003] ..... 1633826.044920: sys_ptrace -> 0x0
             exe-1050008 [003] ..... 1633826.044931: sys_pwrite64(fd: 63, buf: 7fd66d9db080, count: 1d, pos: 1f)
             exe-1050008 [003] ..... 1633826.044933: tracing_mark_write: acct(name=0x7f33234d9000) end
             exe-1050008 [003] ..... 1633826.107662: tracing_mark_write: acct(name=0x7f3323100000) start
             exe-1050008 [003] ..... 1633826.107664: sys_pwrite64 -> 0x1f
             exe-1050008 [003] ..... 1633826.107670: sys_ptrace(request: 4205, pid: 1005ce, addr: 1, data: c000641c70)
             exe-1050008 [003] ..... 1633826.107673: sys_ptrace -> 0x0
             exe-1050008 [003] ..... 1633826.107674: sys_ptrace(request: 4205, pid: 1005ce, addr: 202, data: c000641c70)
             exe-1050008 [003] ..... 1633826.107704: sys_ptrace -> 0x0
             exe-1050008 [003] ..... 1633826.107706: sys_ptrace(request: 1f, pid: 1005ce, addr: 0, data: 0)
             exe-1050008 [003] .N... 1633826.107714: sys_ptrace -> 0x0
             exe-1050062 [003] ..... 1633826.107725: sys_write -> 0x1f
             exe-1049673 [002] ..... 1633826.107743: sys_nanosleep -> 0x0
             exe-1049673 [002] ..... 1633826.107745: sys_nanosleep(rqtp: c000069f10, rmtp: 0)
             exe-1050008 [003] ..... 1633826.107747: sys_wait4(upid: 1005ce, stat_addr: c000641bf4, options: 40000002, ru: 0)
             exe-1050008 [003] ..... 1633826.107749: sys_wait4 -> 0x1005ce
             exe-1050008 [003] ..... 1633826.107752: sys_ptrace(request: 4204, pid: 1005ce, addr: 1, data: c000641c70)
             exe-1050008 [003] ..... 1633826.107756: sys_ptrace -> 0x0
             exe-1050008 [003] ..... 1633826.107757: sys_ptrace(request: 4204, pid: 1005ce, addr: 202, data: c000641c70)
             exe-1050008 [003] ..... 1633826.107760: sys_ptrace -> 0x0
             exe-1050008 [003] ..... 1633826.107766: sys_ptrace(request: 4205, pid: 1005ce, addr: 1, data: c000641c70)
             exe-1050008 [003] ..... 1633826.107769: sys_ptrace -> 0x0
             exe-1050008 [003] ..... 1633826.107770: sys_ptrace(request: 4205, pid: 1005ce, addr: 202, data: c000641c70)
             exe-1050008 [003] ..... 1633826.107779: sys_ptrace -> 0x0
             exe-1050008 [003] ..... 1633826.107781: sys_ptrace(request: 1f, pid: 1005ce, addr: 0, data: 0)
             exe-1050008 [003] .N... 1633826.107787: sys_ptrace -> 0x0
             exe-1050062 [003] ..... 1633826.107798: sys_acct -> 0xffffffffffffffff
             exe-1050008 [003] ..... 1633826.107825: sys_wait4(upid: 1005ce, stat_addr: c000641bf4, options: 40000002, ru: 0)
             exe-1050008 [003] ..... 1633826.107827: sys_wait4 -> 0x1005ce
             exe-1050008 [003] ..... 1633826.107830: sys_ptrace(request: 4204, pid: 1005ce, addr: 1, data: c000641c70)
             exe-1050008 [003] ..... 1633826.107833: sys_ptrace -> 0x0
             exe-1050008 [003] ..... 1633826.107835: sys_ptrace(request: 4204, pid: 1005ce, addr: 202, data: c000641c70)
             exe-1050008 [003] ..... 1633826.107837: sys_ptrace -> 0x0
             exe-1049673 [002] ..... 1633826.107840: sys_nanosleep -> 0x0
             exe-1049673 [002] ..... 1633826.107842: sys_nanosleep(rqtp: c000069f10, rmtp: 0)
             exe-1050008 [003] ..... 1633826.107847: sys_pwrite64(fd: 63, buf: 7fd66d9db080, count: 1d, pos: 1f)
             exe-1050008 [003] ..... 1633826.107849: tracing_mark_write: acct(name=0x7f3323100000) end
             exe-1050008 [002] ..... 1633826.183966: tracing_mark_write: acct(name=0x7f33234da000) start
             exe-1050008 [002] ..... 1633826.183978: sys_pwrite64 -> 0x1f
             exe-1049567 [000] ..... 1633826.183981: sys_nanosleep -> 0x0
             exe-1050008 [002] ..... 1633826.183985: sys_ptrace(request: 4205, pid: 1005ce, addr: 1, data: c000641c70)
             exe-1049567 [000] ..... 1633826.183986: sys_nanosleep(rqtp: c000069f10, rmtp: 0)
             exe-1050008 [002] ..... 1633826.183987: sys_ptrace -> 0x0
             exe-1050008 [002] ..... 1633826.183989: sys_ptrace(request: 4205, pid: 1005ce, addr: 202, data: c000641c70)
             exe-1050008 [002] ..... 1633826.183998: sys_ptrace -> 0x0
             exe-1050008 [002] ..... 1633826.184000: sys_ptrace(request: 1f, pid: 1005ce, addr: 0, data: 0)
             exe-1050008 [002] ..... 1633826.184007: sys_ptrace -> 0x0
             exe-1049673 [000] ..... 1633826.184008: sys_nanosleep -> 0x0
             exe-1050008 [002] ..... 1633826.184009: sys_wait4(upid: 1005ce, stat_addr: c000641bf4, options: 40000002, ru: 0)
             exe-1049673 [000] ..... 1633826.184013: sys_nanosleep(rqtp: c000069f10, rmtp: 0)
             exe-1050062 [003] ..... 1633826.184018: sys_write -> 0x1f
             exe-1050008 [002] ..... 1633826.184034: sys_wait4 -> 0x1005ce
             exe-1050008 [002] ..... 1633826.184037: sys_ptrace(request: 4204, pid: 1005ce, addr: 1, data: c000641c70)
             exe-1050008 [002] ..... 1633826.184040: sys_ptrace -> 0x0
             exe-1050008 [002] ..... 1633826.184041: sys_ptrace(request: 4204, pid: 1005ce, addr: 202, data: c000641c70)
             exe-1050008 [002] ..... 1633826.184043: sys_ptrace -> 0x0
             exe-1050008 [002] ..... 1633826.184049: sys_ptrace(request: 4205, pid: 1005ce, addr: 1, data: c000641c70)
             exe-1050008 [002] ..... 1633826.184051: sys_ptrace -> 0x0
             exe-1050008 [002] ..... 1633826.184053: sys_ptrace(request: 4205, pid: 1005ce, addr: 202, data: c000641c70)
             exe-1050008 [002] ..... 1633826.184059: sys_ptrace -> 0x0
             exe-1050008 [002] ..... 1633826.184061: sys_ptrace(request: 1f, pid: 1005ce, addr: 0, data: 0)
             exe-1050008 [002] ..... 1633826.184067: sys_ptrace -> 0x0
             exe-1050008 [002] ..... 1633826.184069: sys_wait4(upid: 1005ce, stat_addr: c000641bf4, options: 40000002, ru: 0)
             exe-1050062 [003] ..... 1633826.184073: sys_acct -> 0xffffffffffffffff
             exe-1050008 [002] ..... 1633826.184087: sys_wait4 -> 0x1005ce
             exe-1050008 [002] ..... 1633826.184096: sys_ptrace(request: 4204, pid: 1005ce, addr: 1, data: c000641c70)
             exe-1049567 [000] ..... 1633826.184096: sys_nanosleep -> 0x0
             exe-1050008 [002] ..... 1633826.184098: sys_ptrace -> 0x0
             exe-1050008 [002] ..... 1633826.184100: sys_ptrace(request: 4204, pid: 1005ce, addr: 202, data: c000641c70)
             exe-1049567 [000] ..... 1633826.184101: sys_nanosleep(rqtp: c000069f10, rmtp: 0)
             exe-1050008 [002] ..... 1633826.184102: sys_ptrace -> 0x0
             exe-1049673 [000] ..... 1633826.184122: sys_nanosleep -> 0x0
             exe-1049673 [000] ..... 1633826.184127: sys_nanosleep(rqtp: c000069f10, rmtp: 0)
             exe-1049981 [002] ..... 1633826.184131: sys_epoll_pwait -> 0x0
             exe-1049981 [002] ..... 1633826.184143: sys_futex(uaddr: c0001acd48, op: 81, val: 1, utime: 0, uaddr2: 0, val3: 0)
             exe-1049981 [002] ..... 1633826.184149: sys_futex -> 0x1
             exe-1049981 [002] ..... 1633826.184165: sys_epoll_pwait(epfd: 11, events: c00063b840, maxevents: 80, timeout: 9, sigmask: 0, sigsetsize: 0)
             exe-1049896 [002] ..... 1633826.184173: sys_futex -> 0x0
             exe-1049896 [002] ..... 1633826.184178: sys_futex(uaddr: c0001acd48, op: 80, val: 0, utime: 0, uaddr2: 0, val3: 0)
             exe-1050008 [002] ..... 1633826.184188: sys_pwrite64(fd: 63, buf: 7fd66d9db080, count: 1d, pos: 1f)
             exe-1050008 [002] ..... 1633826.184190: tracing_mark_write: acct(name=0x7f33234da000) end
             exe-1050008 [002] ..... 1633826.247755: tracing_mark_write: acct(name=0x7f33234d8000) start
             exe-1050008 [002] ..... 1633826.247757: sys_pwrite64 -> 0x1f
             exe-1050008 [002] ..... 1633826.247764: sys_ptrace(request: 4205, pid: 1005ce, addr: 1, data: c000641c70)
             exe-1050008 [002] ..... 1633826.247767: sys_ptrace -> 0x0
             exe-1050008 [002] ..... 1633826.247769: sys_ptrace(request: 4205, pid: 1005ce, addr: 202, data: c000641c70)
             exe-1049673 [000] ..... 1633826.247771: sys_nanosleep -> 0x0
             exe-1049673 [000] ..... 1633826.247775: sys_futex(uaddr: 1f09dc0, op: 80, val: 0, utime: c000069eb0, uaddr2: 0, val3: 0)
             exe-1050008 [002] ..... 1633826.247779: sys_ptrace -> 0x0
             exe-1050008 [002] ..... 1633826.247781: sys_ptrace(request: 1f, pid: 1005ce, addr: 0, data: 0)
             exe-1050008 [002] ..... 1633826.247797: sys_ptrace -> 0x0
             exe-1050008 [002] ..... 1633826.247800: sys_wait4(upid: 1005ce, stat_addr: c000641bf4, options: 40000002, ru: 0)
             exe-1050062 [001] ..... 1633826.247819: sys_write -> 0x1f
             exe-1050008 [002] ..... 1633826.247838: sys_wait4 -> 0x1005ce
             exe-1050008 [002] ..... 1633826.247841: sys_ptrace(request: 4204, pid: 1005ce, addr: 1, data: c000641c70)
             exe-1050008 [002] ..... 1633826.247843: sys_ptrace -> 0x0
             exe-1050008 [002] ..... 1633826.247844: sys_ptrace(request: 4204, pid: 1005ce, addr: 202, data: c000641c70)
             exe-1050008 [002] ..... 1633826.247846: sys_ptrace -> 0x0
             exe-1050008 [002] ..... 1633826.247851: sys_ptrace(request: 4205, pid: 1005ce, addr: 1, data: c000641c70)
             exe-1050008 [002] ..... 1633826.247854: sys_ptrace -> 0x0
             exe-1050008 [002] ..... 1633826.247855: sys_ptrace(request: 4205, pid: 1005ce, addr: 202, data: c000641c70)
             exe-1050008 [002] ..... 1633826.247863: sys_ptrace -> 0x0
             exe-1050008 [002] ..... 1633826.247865: sys_ptrace(request: 1f, pid: 1005ce, addr: 0, data: 0)
             exe-1050008 [002] ..... 1633826.247870: sys_ptrace -> 0x0
             exe-1050008 [002] ..... 1633826.247872: sys_wait4(upid: 1005ce, stat_addr: c000641bf4, options: 40000002, ru: 0)
             exe-1050062 [001] ..... 1633826.247877: sys_acct -> 0xffffffffffffffff
             exe-1050008 [002] ..... 1633826.247890: sys_wait4 -> 0x1005ce
             exe-1050008 [002] ..... 1633826.247892: sys_ptrace(request: 4204, pid: 1005ce, addr: 1, data: c000641c70)
             exe-1050008 [002] ..... 1633826.247894: sys_ptrace -> 0x0
             exe-1050008 [002] ..... 1633826.247896: sys_ptrace(request: 4204, pid: 1005ce, addr: 202, data: c000641c70)
             exe-1050008 [002] ..... 1633826.247898: sys_ptrace -> 0x0
             exe-1050008 [002] ..... 1633826.247904: sys_pwrite64(fd: 63, buf: 7fd66d9db080, count: 1d, pos: 1f)
             exe-1050008 [002] ..... 1633826.247905: tracing_mark_write: acct(name=0x7f33234d8000) end
             exe-1050008 [000] ..... 1633826.315326: tracing_mark_write: acct(name=0x7f3322500000) start
             exe-1050008 [000] ..... 1633826.315347: sys_pwrite64 -> 0x1f
             exe-1050008 [000] ..... 1633826.315358: sys_ptrace(request: 4205, pid: 1005ce, addr: 1, data: c000641c70)
             exe-1050008 [000] ..... 1633826.315362: sys_ptrace -> 0x0
             exe-1050008 [000] ..... 1633826.315365: sys_ptrace(request: 4205, pid: 1005ce, addr: 202, data: c000641c70)
             exe-1050008 [000] ..... 1633826.315381: sys_ptrace -> 0x0
             exe-1050008 [000] ..... 1633826.315383: sys_ptrace(request: 1f, pid: 1005ce, addr: 0, data: 0)
             exe-1050008 [000] ..... 1633826.315393: sys_ptrace -> 0x0
             exe-1050008 [000] ..... 1633826.315397: sys_wait4(upid: 1005ce, stat_addr: c000641bf4, options: 40000002, ru: 0)
             exe-1050062 [001] ..... 1633826.315402: sys_write -> 0x1f
             exe-1050008 [000] ..... 1633826.315419: sys_wait4 -> 0x1005ce
             exe-1050008 [000] ..... 1633826.315422: sys_ptrace(request: 4204, pid: 1005ce, addr: 1, data: c000641c70)
             exe-1050008 [000] ..... 1633826.315426: sys_ptrace -> 0x0
             exe-1050008 [000] ..... 1633826.315428: sys_ptrace(request: 4204, pid: 1005ce, addr: 202, data: c000641c70)
             exe-1050008 [000] ..... 1633826.315431: sys_ptrace -> 0x0
             exe-1050008 [000] ..... 1633826.315438: sys_ptrace(request: 4205, pid: 1005ce, addr: 1, data: c000641c70)
             exe-1050008 [000] ..... 1633826.315441: sys_ptrace -> 0x0
             exe-1050008 [000] ..... 1633826.315443: sys_ptrace(request: 4205, pid: 1005ce, addr: 202, data: c000641c70)
             exe-1050008 [000] ..... 1633826.315468: sys_ptrace -> 0x0
             exe-1050008 [000] ..... 1633826.315472: sys_ptrace(request: 1f, pid: 1005ce, addr: 0, data: 0)
             exe-1050008 [000] ..... 1633826.315480: sys_ptrace -> 0x0
             exe-1050008 [000] ..... 1633826.315484: sys_wait4(upid: 1005ce, stat_addr: c000641bf4, options: 40000002, ru: 0)
             exe-1050062 [001] ..... 1633826.315485: sys_acct -> 0xffffffffffffffff
             exe-1050008 [000] ..... 1633826.315501: sys_wait4 -> 0x1005ce
             exe-1050008 [000] ..... 1633826.315504: sys_ptrace(request: 4204, pid: 1005ce, addr: 1, data: c000641c70)
             exe-1050008 [000] ..... 1633826.315508: sys_ptrace -> 0x0
             exe-1050008 [000] ..... 1633826.315510: sys_ptrace(request: 4204, pid: 1005ce, addr: 202, data: c000641c70)
             exe-1050008 [000] ..... 1633826.315512: sys_ptrace -> 0x0
             exe-1050008 [000] ..... 1633826.315526: sys_pwrite64(fd: 63, buf: 7fd66d9db080, count: 1d, pos: 1f)
             exe-1050008 [000] ..... 1633826.315529: tracing_mark_write: acct(name=0x7f3322500000) end
             exe-1049981 [001] ..... 1633826.379279: tracing_mark_write: acct(name=0x7f3321400000) start
             exe-1049981 [001] ..... 1633826.379282: sys_pwrite64 -> 0x1f
             exe-1049673 [003] ..... 1633826.379351: sys_nanosleep -> 0x0
             exe-1049673 [003] ..... 1633826.379353: sys_nanosleep(rqtp: c000069f10, rmtp: 0)
             exe-1049981 [001] ..... 1633826.379360: sys_ptrace(request: 4205, pid: 1005d8, addr: 1, data: c000641c70)
             exe-1049981 [001] ..... 1633826.379365: sys_ptrace -> 0x0
             exe-1049981 [001] ..... 1633826.379367: sys_ptrace(request: 4205, pid: 1005d8, addr: 202, data: c000641c70)
             exe-1049981 [001] ..... 1633826.379380: sys_ptrace -> 0x0
             exe-1049981 [001] ..... 1633826.379382: sys_ptrace(request: 1f, pid: 1005d8, addr: 0, data: 0)
             exe-1049981 [001] .N... 1633826.379389: sys_ptrace -> 0x0
             exe-1050072 [001] ..... 1633826.379402: sys_write -> 0x1f
             exe-1049673 [003] ..... 1633826.379437: sys_nanosleep -> 0x0
             exe-1049673 [003] ..... 1633826.379439: sys_nanosleep(rqtp: c000069f10, rmtp: 0)
             exe-1049981 [001] ..... 1633826.379502: sys_wait4(upid: 1005d8, stat_addr: c000641bf4, options: 40000002, ru: 0)
             exe-1049981 [001] ..... 1633826.379506: sys_wait4 -> 0x1005d8
             exe-1049981 [001] ..... 1633826.379508: sys_ptrace(request: 4204, pid: 1005d8, addr: 1, data: c000641c70)
             exe-1049981 [001] ..... 1633826.379513: sys_ptrace -> 0x0
             exe-1049981 [001] ..... 1633826.379515: sys_ptrace(request: 4204, pid: 1005d8, addr: 202, data: c000641c70)
             exe-1049981 [001] ..... 1633826.379519: sys_ptrace -> 0x0
             exe-1049673 [003] ..... 1633826.379524: sys_nanosleep -> 0x0
             exe-1049673 [003] ..... 1633826.379526: sys_nanosleep(rqtp: c000069f10, rmtp: 0)
             exe-1049981 [001] ..... 1633826.379603: sys_ptrace(request: 4205, pid: 1005d8, addr: 1, data: c000641c70)
             exe-1049981 [001] ..... 1633826.379608: sys_ptrace -> 0x0
             exe-1049981 [001] ..... 1633826.379610: sys_ptrace(request: 4205, pid: 1005d8, addr: 202, data: c000641c70)
             exe-1049673 [003] ..... 1633826.379610: sys_nanosleep -> 0x0
             exe-1049673 [003] ..... 1633826.379612: sys_nanosleep(rqtp: c000069f10, rmtp: 0)
             exe-1049981 [001] ..... 1633826.379628: sys_ptrace -> 0x0
             exe-1049981 [001] ..... 1633826.379630: sys_ptrace(request: 1f, pid: 1005d8, addr: 0, data: 0)
             exe-1049981 [001] .N... 1633826.379637: sys_ptrace -> 0x0
             exe-1049673 [003] ..... 1633826.379696: sys_nanosleep -> 0x0
             exe-1049673 [003] ..... 1633826.379699: sys_epoll_pwait(epfd: 10, events: c000069920, maxevents: 80, timeout: 0, sigmask: 0, sigsetsize: 0)
             exe-1049673 [003] ..... 1633826.379701: sys_epoll_pwait -> 0x0
             exe-1049673 [003] ..... 1633826.379703: sys_nanosleep(rqtp: c000069f10, rmtp: 0)
             exe-1050072 [001] ..... 1633826.379736: sys_acct -> 0xffffffffffffffff
             exe-1049981 [001] ..... 1633826.379762: sys_wait4(upid: 1005d8, stat_addr: c000641bf4, options: 40000002, ru: 0)
             exe-1049981 [001] ..... 1633826.379766: sys_wait4 -> 0x1005d8
             exe-1049981 [001] ..... 1633826.379769: sys_ptrace(request: 4204, pid: 1005d8, addr: 1, data: c000641c70)
             exe-1049981 [001] ..... 1633826.379774: sys_ptrace -> 0x0
             exe-1049981 [001] ..... 1633826.379776: sys_ptrace(request: 4204, pid: 1005d8, addr: 202, data: c000641c70)
             exe-1049981 [001] ..... 1633826.379779: sys_ptrace -> 0x0
             exe-1049673 [003] ..... 1633826.379788: sys_nanosleep -> 0x0
             exe-1049673 [003] ..... 1633826.379790: sys_nanosleep(rqtp: c000069f10, rmtp: 0)
             exe-1049981 [001] ..... 1633826.379872: sys_pwrite64(fd: 63, buf: 7fd66d9db080, count: 1d, pos: 1f)
             exe-1049673 [003] ..... 1633826.379874: sys_nanosleep -> 0x0
             exe-1049981 [001] ..... 1633826.379875: tracing_mark_write: acct(name=0x7f3321400000) end
             exe-1049981 [001] ..... 1633826.439544: tracing_mark_write: acct(name=0x7f3321900000) start
             exe-1049981 [001] ..... 1633826.439546: sys_pwrite64 -> 0x1f
             exe-1049981 [001] ..... 1633826.439557: sys_ptrace(request: 4205, pid: 1005d8, addr: 1, data: c000641c70)
             exe-1049981 [001] ..... 1633826.439560: sys_ptrace -> 0x0
             exe-1049981 [001] ..... 1633826.439562: sys_ptrace(request: 4205, pid: 1005d8, addr: 202, data: c000641c70)
             exe-1049673 [003] ..... 1633826.439564: sys_nanosleep -> 0x0
             exe-1049567 [000] ..... 1633826.439565: sys_nanosleep -> 0x0
             exe-1049673 [003] ..... 1633826.439567: sys_nanosleep(rqtp: c000069f10, rmtp: 0)
             exe-1049567 [000] ..... 1633826.439568: sys_nanosleep(rqtp: c000069f10, rmtp: 0)
             exe-1049981 [001] ..... 1633826.439579: sys_ptrace -> 0x0
             exe-1049981 [001] ..... 1633826.439581: sys_ptrace(request: 1f, pid: 1005d8, addr: 0, data: 0)
             exe-1049981 [001] .N... 1633826.439609: sys_ptrace -> 0x0
             exe-1050072 [001] ..... 1633826.439649: sys_write -> 0x1f
             exe-1049673 [003] ..... 1633826.439659: sys_nanosleep -> 0x0
             exe-1049673 [003] ..... 1633826.439662: sys_nanosleep(rqtp: c000069f10, rmtp: 0)
             exe-1049981 [001] ..... 1633826.439674: sys_wait4(upid: 1005d8, stat_addr: c000641bf4, options: 40000002, ru: 0)
             exe-1049981 [001] ..... 1633826.439678: sys_wait4 -> 0x1005d8
             exe-1049981 [001] ..... 1633826.439680: sys_ptrace(request: 4204, pid: 1005d8, addr: 1, data: c000641c70)
             exe-1049981 [001] ..... 1633826.439685: sys_ptrace -> 0x0
             exe-1049981 [001] ..... 1633826.439687: sys_ptrace(request: 4204, pid: 1005d8, addr: 202, data: c000641c70)
             exe-1049981 [001] ..... 1633826.439690: sys_ptrace -> 0x0
             exe-1049981 [001] ..... 1633826.439697: sys_ptrace(request: 4205, pid: 1005d8, addr: 1, data: c000641c70)
             exe-1049981 [001] .N... 1633826.439727: sys_ptrace -> 0x0
             exe-1049567 [000] ..... 1633826.439748: sys_nanosleep -> 0x0
             exe-1049567 [000] ..... 1633826.439752: sys_nanosleep(rqtp: c000069f10, rmtp: 0)
             exe-1049673 [003] ..... 1633826.439756: sys_nanosleep -> 0x0
             exe-1049673 [003] ..... 1633826.439759: sys_nanosleep(rqtp: c000069f10, rmtp: 0)
             exe-1049981 [001] ..... 1633826.439771: sys_ptrace(request: 4205, pid: 1005d8, addr: 202, data: c000641c70)
             exe-1049981 [001] ..... 1633826.439789: sys_ptrace -> 0x0
             exe-1049981 [001] ..... 1633826.439791: sys_ptrace(request: 1f, pid: 1005d8, addr: 0, data: 0)
             exe-1049981 [001] .N... 1633826.439797: sys_ptrace -> 0x0
             exe-1050072 [001] ..... 1633826.439809: sys_acct -> 0xffffffffffffffff
             exe-1049673 [003] ..... 1633826.439853: sys_nanosleep -> 0x0
             exe-1049673 [003] ..... 1633826.439856: sys_nanosleep(rqtp: c000069f10, rmtp: 0)
             exe-1049981 [001] ..... 1633826.439898: sys_wait4(upid: 1005d8, stat_addr: c000641bf4, options: 40000002, ru: 0)
             exe-1049981 [001] ..... 1633826.439901: sys_wait4 -> 0x1005d8
             exe-1049981 [001] ..... 1633826.439904: sys_ptrace(request: 4204, pid: 1005d8, addr: 1, data: c000641c70)
             exe-1049981 [001] ..... 1633826.439907: sys_ptrace -> 0x0
             exe-1049981 [001] ..... 1633826.439909: sys_ptrace(request: 4204, pid: 1005d8, addr: 202, data: c000641c70)
             exe-1049981 [001] ..... 1633826.439912: sys_ptrace -> 0x0
             exe-1049981 [001] ..... 1633826.439926: sys_pwrite64(fd: 63, buf: 7fd66d9db080, count: 1d, pos: 1f)
             exe-1049981 [001] ..... 1633826.439929: tracing_mark_write: acct(name=0x7f3321900000) end
             exe-1049981 [003] ..... 1633826.508945: tracing_mark_write: acct(name=0x7f33234d9000) start
             exe-1049981 [003] ..... 1633826.508946: sys_pwrite64 -> 0x1f
             exe-1049981 [003] ..... 1633826.508953: sys_ptrace(request: 4205, pid: 1005d8, addr: 1, data: c000641c70)
             exe-1049981 [003] ..... 1633826.508956: sys_ptrace -> 0x0
             exe-1049981 [003] ..... 1633826.508957: sys_ptrace(request: 4205, pid: 1005d8, addr: 202, data: c000641c70)
             exe-1049981 [003] ..... 1633826.508993: sys_ptrace -> 0x0
             exe-1049981 [003] ..... 1633826.508995: sys_ptrace(request: 1f, pid: 1005d8, addr: 0, data: 0)
             exe-1049981 [003] ..... 1633826.509001: sys_ptrace -> 0x0
             exe-1049981 [003] ..... 1633826.509003: sys_wait4(upid: 1005d8, stat_addr: c000641bf4, options: 40000002, ru: 0)
             exe-1050072 [001] ..... 1633826.509011: sys_write -> 0x1f
             exe-1050289 [002] ..... 1633826.509013: sys_epoll_pwait -> 0x0
             exe-1049673 [003] ..... 1633826.509015: sys_nanosleep -> 0x0
             exe-1050289 [002] ..... 1633826.509022: sys_epoll_pwait(epfd: 11, events: c0022e5840, maxevents: 80, timeout: 1, sigmask: 0, sigsetsize: 0)
             exe-1049673 [003] ..... 1633826.509029: sys_nanosleep(rqtp: c000069f10, rmtp: 0)
             exe-1049981 [003] ..... 1633826.509052: sys_wait4 -> 0x1005d8
             exe-1049981 [003] ..... 1633826.509058: sys_ptrace(request: 4204, pid: 1005d8, addr: 1, data: c000641c70)
             exe-1049981 [003] ..... 1633826.509062: sys_ptrace -> 0x0
             exe-1049981 [003] ..... 1633826.509063: sys_ptrace(request: 4204, pid: 1005d8, addr: 202, data: c000641c70)
             exe-1049981 [003] ..... 1633826.509066: sys_ptrace -> 0x0
             exe-1049981 [003] ..... 1633826.509073: sys_ptrace(request: 4205, pid: 1005d8, addr: 1, data: c000641c70)
             exe-1049981 [003] ..... 1633826.509077: sys_ptrace -> 0x0
             exe-1049981 [003] ..... 1633826.509078: sys_ptrace(request: 4205, pid: 1005d8, addr: 202, data: c000641c70)
             exe-1049981 [003] ..... 1633826.509089: sys_ptrace -> 0x0
             exe-1049981 [003] ..... 1633826.509090: sys_ptrace(request: 1f, pid: 1005d8, addr: 0, data: 0)
             exe-1050072 [001] ..... 1633826.509116: sys_acct -> 0xffffffffffffffff
             exe-1049981 [003] ..... 1633826.509123: sys_ptrace -> 0x0
             exe-1049981 [003] ..... 1633826.509125: sys_wait4(upid: 1005d8, stat_addr: c000641bf4, options: 40000002, ru: 0)
             exe-1049981 [003] ..... 1633826.509127: sys_wait4 -> 0x1005d8
             exe-1049981 [003] ..... 1633826.509128: sys_ptrace(request: 4204, pid: 1005d8, addr: 1, data: c000641c70)
             exe-1049981 [003] ..... 1633826.509130: sys_ptrace -> 0x0
             exe-1049981 [003] ..... 1633826.509132: sys_ptrace(request: 4204, pid: 1005d8, addr: 202, data: c000641c70)
             exe-1049981 [003] ..... 1633826.509133: sys_ptrace -> 0x0
             exe-1049981 [003] ..... 1633826.509145: sys_pwrite64(fd: 63, buf: 7fd66d9db080, count: 1d, pos: 1f)
             exe-1049981 [003] ..... 1633826.509147: tracing_mark_write: acct(name=0x7f33234d9000) end
             exe-1049981 [003] ..... 1633826.589395: tracing_mark_write: acct(name=0x7f3321200000) start
             exe-1049981 [003] ..... 1633826.589426: sys_pwrite64 -> 0x1f
             exe-1049981 [003] ..... 1633826.589436: sys_ptrace(request: 4205, pid: 1005d8, addr: 1, data: c000641c70)
             exe-1049981 [003] ..... 1633826.589439: sys_ptrace -> 0x0
             exe-1049981 [003] ..... 1633826.589441: sys_ptrace(request: 4205, pid: 1005d8, addr: 202, data: c000641c70)
             exe-1049981 [003] ..... 1633826.589454: sys_ptrace -> 0x0
             exe-1049981 [003] ..... 1633826.589456: sys_ptrace(request: 1f, pid: 1005d8, addr: 0, data: 0)
             exe-1049981 [003] ..... 1633826.589499: sys_ptrace -> 0x0
             exe-1049981 [003] ..... 1633826.589502: sys_wait4(upid: 1005d8, stat_addr: c000641bf4, options: 40000002, ru: 0)
             exe-1050072 [001] ..... 1633826.589509: sys_write -> 0x1f
             exe-1049673 [003] ..... 1633826.589525: sys_nanosleep -> 0x0
             exe-1049567 [000] ..... 1633826.589530: sys_nanosleep -> 0x0
             exe-1049673 [003] ..... 1633826.589532: sys_nanosleep(rqtp: c000069f10, rmtp: 0)
             exe-1049567 [000] ..... 1633826.589532: sys_nanosleep(rqtp: c000069f10, rmtp: 0)
             exe-1049981 [003] ..... 1633826.589557: sys_wait4 -> 0x1005d8
             exe-1049981 [003] ..... 1633826.589564: sys_ptrace(request: 4204, pid: 1005d8, addr: 1, data: c000641c70)
             exe-1049981 [003] ..... 1633826.589569: sys_ptrace -> 0x0
             exe-1049981 [003] ..... 1633826.589571: sys_ptrace(request: 4204, pid: 1005d8, addr: 202, data: c000641c70)
             exe-1049981 [003] ..... 1633826.589574: sys_ptrace -> 0x0
             exe-1049981 [003] ..... 1633826.589582: sys_ptrace(request: 4205, pid: 1005d8, addr: 1, data: c000641c70)
             exe-1049981 [003] ..... 1633826.589585: sys_ptrace -> 0x0
             exe-1049981 [003] ..... 1633826.589587: sys_ptrace(request: 4205, pid: 1005d8, addr: 202, data: c000641c70)
             exe-1049981 [003] ..... 1633826.589641: sys_ptrace -> 0x0
             exe-1049981 [003] ..... 1633826.589644: sys_ptrace(request: 1f, pid: 1005d8, addr: 0, data: 0)
             exe-1049981 [003] ..... 1633826.589658: sys_ptrace -> 0x0
             exe-1049981 [003] ..... 1633826.589661: sys_wait4(upid: 1005d8, stat_addr: c000641bf4, options: 40000002, ru: 0)
             exe-1050072 [001] ..... 1633826.589674: sys_acct -> 0xffffffffffffffff
             exe-1049673 [003] ..... 1633826.589676: sys_nanosleep -> 0x0
             exe-1049673 [003] ..... 1633826.589694: sys_nanosleep(rqtp: c000069f10, rmtp: 0)
             exe-1049981 [003] ..... 1633826.589720: sys_wait4 -> 0x1005d8
             exe-1049981 [003] ..... 1633826.589726: sys_ptrace(request: 4204, pid: 1005d8, addr: 1, data: c000641c70)
             exe-1049981 [003] ..... 1633826.589731: sys_ptrace -> 0x0
             exe-1049981 [003] ..... 1633826.589733: sys_ptrace(request: 4204, pid: 1005d8, addr: 202, data: c000641c70)
             exe-1049981 [003] ..... 1633826.589736: sys_ptrace -> 0x0
             exe-1049981 [003] ..... 1633826.589754: sys_pwrite64(fd: 63, buf: 7fd66d9db080, count: 1d, pos: 1f)
             exe-1049981 [003] ..... 1633826.589756: tracing_mark_write: acct(name=0x7f3321200000) end
             exe-1049981 [003] ..... 1633826.678667: tracing_mark_write: acct(name=0x7f3321200000) start
             exe-1049981 [003] ..... 1633826.678669: sys_pwrite64 -> 0x1f
             exe-1049981 [003] ..... 1633826.678675: sys_ptrace(request: 4205, pid: 1005d8, addr: 1, data: c000641c70)
             exe-1049981 [003] ..... 1633826.678678: sys_ptrace -> 0x0
             exe-1049981 [003] ..... 1633826.678680: sys_ptrace(request: 4205, pid: 1005d8, addr: 202, data: c000641c70)
             exe-1049981 [003] ..... 1633826.678691: sys_ptrace -> 0x0
             exe-1049981 [003] ..... 1633826.678692: sys_ptrace(request: 1f, pid: 1005d8, addr: 0, data: 0)
             exe-1049981 [003] .N... 1633826.678700: sys_ptrace -> 0x0
             exe-1050072 [003] ..... 1633826.678711: sys_write -> 0x1f
             exe-1049673 [001] ..... 1633826.678711: sys_nanosleep -> 0x0
             exe-1049673 [001] ..... 1633826.678714: sys_nanosleep(rqtp: c000069f10, rmtp: 0)
             exe-1049981 [003] ..... 1633826.678730: sys_wait4(upid: 1005d8, stat_addr: c000641bf4, options: 40000002, ru: 0)
             exe-1049981 [003] ..... 1633826.678733: sys_wait4 -> 0x1005d8
             exe-1049981 [003] ..... 1633826.678735: sys_ptrace(request: 4204, pid: 1005d8, addr: 1, data: c000641c70)
             exe-1049981 [003] ..... 1633826.678739: sys_ptrace -> 0x0
             exe-1049981 [003] ..... 1633826.678741: sys_ptrace(request: 4204, pid: 1005d8, addr: 202, data: c000641c70)
             exe-1049981 [003] ..... 1633826.678743: sys_ptrace -> 0x0
             exe-1049981 [003] ..... 1633826.678766: sys_ptrace(request: 4205, pid: 1005d8, addr: 1, data: c000641c70)
             exe-1049981 [003] ..... 1633826.678770: sys_ptrace -> 0x0
             exe-1049981 [003] ..... 1633826.678771: sys_ptrace(request: 4205, pid: 1005d8, addr: 202, data: c000641c70)
             exe-1049981 [003] ..... 1633826.678783: sys_ptrace -> 0x0
             exe-1049981 [003] ..... 1633826.678785: sys_ptrace(request: 1f, pid: 1005d8, addr: 0, data: 0)
             exe-1049981 [003] .N... 1633826.678792: sys_ptrace -> 0x0
             exe-1050072 [003] ..... 1633826.678804: sys_acct -> 0xffffffffffffffff
             exe-1049981 [003] ..... 1633826.678825: sys_wait4(upid: 1005d8, stat_addr: c000641bf4, options: 40000002, ru: 0)
             exe-1049981 [003] ..... 1633826.678828: sys_wait4 -> 0x1005d8
             exe-1049981 [003] ..... 1633826.678831: sys_ptrace(request: 4204, pid: 1005d8, addr: 1, data: c000641c70)
             exe-1049981 [003] ..... 1633826.678834: sys_ptrace -> 0x0
             exe-1049981 [003] ..... 1633826.678836: sys_ptrace(request: 4204, pid: 1005d8, addr: 202, data: c000641c70)
             exe-1049981 [003] ..... 1633826.678839: sys_ptrace -> 0x0
             exe-1049981 [003] ..... 1633826.678849: sys_pwrite64(fd: 63, buf: 7fd66d9db080, count: 1d, pos: 1f)
             exe-1049981 [003] ..... 1633826.678850: tracing_mark_write: acct(name=0x7f3321200000) end
