             exe-1050008 [003] ..... 1633840.987905: sys_ptrace(request: 4204, pid: 10059f, addr: 1, data: c0004bdc70)
             exe-1050008 [003] ..... 1633840.987909: sys_ptrace -> 0x0
             exe-1050008 [003] ..... 1633840.987910: sys_ptrace(request: 4204, pid: 10059f, addr: 202, data: c0004bdc70)
             exe-1050008 [003] ..... 1633840.987913: sys_ptrace -> 0x0
             exe-1050008 [003] ..... 1633840.987920: sys_ptrace(request: 4205, pid: 10059f, addr: 1, data: c0004bdc70)
             exe-1049673 [002] ..... 1633840.987928: sys_nanosleep -> 0x0
             exe-1049673 [002] ..... 1633840.987932: sys_futex(uaddr: 1f09dc0, op: 80, val: 0, utime: c000069eb0, uaddr2: 0, val3: 0)
             exe-1049567 [000] ..... 1633840.987950: sys_nanosleep -> 0x0
             exe-1049567 [000] ..... 1633840.987954: sys_nanosleep(rqtp: c000069f10, rmtp: 0)
             exe-1049567 [000] ..... 1633840.988050: sys_nanosleep -> 0x0
             exe-1049567 [000] ..... 1633840.988054: sys_nanosleep(rqtp: c000069f10, rmtp: 0)
             exe-1050008 [003] ..... 1633840.988133: sys_ptrace -> 0x0
             exe-1050008 [003] ..... 1633840.988136: sys_ptrace(request: 4205, pid: 10059f, addr: 202, data: c0004bdc70)
             exe-1049567 [000] ..... 1633840.988149: sys_nanosleep -> 0x0
             exe-1049567 [000] ..... 1633840.988153: sys_nanosleep(rqtp: c000069f10, rmtp: 0)
             exe-1050008 [003] ..... 1633840.988164: sys_ptrace -> 0x0
             exe-1050008 [003] ..... 1633840.988165: sys_ptrace(request: 1f, pid: 10059f, addr: 0, data: 0)
             exe-1050008 [003] .N... 1633840.988173: sys_ptrace -> 0x0
             exe-1050015 [003] ..... 1633840.988186: sys_add_key -> 0xfffffffffffffff3
             exe-1050008 [003] ..... 1633840.988209: sys_wait4(upid: 10059f, stat_addr: c0004bdbf4, options: 40000002, ru: 0)
             exe-1050008 [003] ..... 1633840.988212: sys_wait4 -> 0x10059f
             exe-1050008 [003] ..... 1633840.988214: sys_ptrace(request: 4204, pid: 10059f, addr: 1, data: c0004bdc70)
             exe-1050008 [003] ..... 1633840.988218: sys_ptrace -> 0x0
             exe-1050008 [003] ..... 1633840.988220: sys_ptrace(request: 4204, pid: 10059f, addr: 202, data: c0004bdc70)
             exe-1050008 [003] ..... 1633840.988222: sys_ptrace -> 0x0
             exe-1050008 [003] ..... 1633840.988233: sys_pwrite64(fd: 63, buf: 7fd66e1e4080, count: 7a, pos: 7c)
             exe-1050008 [003] ..... 1633840.988235: tracing_mark_write: add_key(_type=0x55f048421e6c, _description=0x7fc616a00004, _payload=0x7fc616600000, plen=1, ringid=0xfffffffffffffffe) end
             exe-1050008 [003] ..... 1633841.067987: tracing_mark_write: add_key(_type=0x55f048421e6c, _description=0x7fc616d00000, _payload=0x7fc616d00001, plen=8, ringid=0xfffffffffffffffe) start
             exe-1049673 [002] ..... 1633841.067988: sys_nanosleep(rqtp: c000069f10, rmtp: 0)
             exe-1050008 [003] ..... 1633841.067989: sys_pwrite64 -> 0x7c
             exe-1050008 [003] ..... 1633841.067995: sys_ptrace(request: 4205, pid: 10059f, addr: 1, data: c0004bdc70)
             exe-1050008 [003] ..... 1633841.067998: sys_ptrace -> 0x0
             exe-1050008 [003] ..... 1633841.067999: sys_ptrace(request: 4205, pid: 10059f, addr: 202, data: c0004bdc70)
             exe-1050008 [003] ..... 1633841.068010: sys_ptrace -> 0x0
             exe-1050008 [003] ..... 1633841.068011: sys_ptrace(request: 1f, pid: 10059f, addr: 0, data: 0)
             exe-1050008 [003] .N... 1633841.068016: sys_ptrace -> 0x0
             exe-1049567 [000] ..... 1633841.068018: sys_nanosleep -> 0x0
             exe-1049567 [000] ..... 1633841.068020: sys_nanosleep(rqtp: c000069f10, rmtp: 0)
             exe-1050015 [003] ..... 1633841.068025: sys_write -> 0x7c
             exe-1050008 [003] ..... 1633841.068043: sys_wait4(upid: 10059f, stat_addr: c0004bdbf4, options: 40000002, ru: 0)
             exe-1050008 [003] ..... 1633841.068046: sys_wait4 -> 0x10059f
             exe-1050008 [003] ..... 1633841.068048: sys_ptrace(request: 4204, pid: 10059f, addr: 1, data: c0004bdc70)
             exe-1050008 [003] ..... 1633841.068052: sys_ptrace -> 0x0
             exe-1050008 [003] ..... 1633841.068053: sys_ptrace(request: 4204, pid: 10059f, addr: 202, data: c0004bdc70)
             exe-1049567 [000] ..... 1633841.068169: sys_nanosleep -> 0x0
             exe-1049567 [000] ..... 1633841.068171: sys_nanosleep(rqtp: c000069f10, rmtp: 0)
             exe-1049673 [002] ..... 1633841.068236: sys_nanosleep -> 0x0
             exe-1049673 [002] ..... 1633841.068239: sys_nanosleep(rqtp: c000069f10, rmtp: 0)
             exe-1050008 [003] ..... 1633841.068263: sys_ptrace -> 0x0
             exe-1050008 [003] ..... 1633841.068273: sys_ptrace(request: 4205, pid: 10059f, addr: 1, data: c0004bdc70)
             exe-1050008 [003] ..... 1633841.068276: sys_ptrace -> 0x0
             exe-1050008 [003] ..... 1633841.068277: sys_ptrace(request: 4205, pid: 10059f, addr: 202, data: c0004bdc70)
             exe-1050008 [003] ..... 1633841.068289: sys_ptrace -> 0x0
             exe-1050008 [003] ..... 1633841.068290: sys_ptrace(request: 1f, pid: 10059f, addr: 0, data: 0)
             exe-1050008 [003] .N... 1633841.068298: sys_ptrace -> 0x0
             exe-1050015 [003] ..... 1633841.068310: sys_add_key -> 0xfffffffffffffff3
             exe-1050008 [003] ..... 1633841.068336: sys_wait4(upid: 10059f, stat_addr: c0004bdbf4, options: 40000002, ru: 0)
             exe-1050008 [003] ..... 1633841.068339: sys_wait4 -> 0x10059f
             exe-1050008 [003] ..... 1633841.068342: sys_ptrace(request: 4204, pid: 10059f, addr: 1, data: c0004bdc70)
             exe-1050008 [003] ..... 1633841.068345: sys_ptrace -> 0x0
             exe-1050008 [003] ..... 1633841.068347: sys_ptrace(request: 4204, pid: 10059f, addr: 202, data: c0004bdc70)
             exe-1050008 [003] ..... 1633841.068349: sys_ptrace -> 0x0
             exe-1050008 [003] ..... 1633841.068359: sys_pwrite64(fd: 63, buf: 7fd66e1e4080, count: 7a, pos: 7c)
             exe-1050008 [003] ..... 1633841.068361: tracing_mark_write: add_key(_type=0x55f048421e6c, _description=0x7fc616d00000, _payload=0x7fc616d00001, plen=8, ringid=0xfffffffffffffffe) end
             exe-1050008 [003] ..... 1633841.138744: tracing_mark_write: add_key(_type=0x55f048421e64, _description=0x7fc618500008, _payload=0x7fc61890c000, plen=0x25000022, ringid=0xfffffffffffffffe) start
             exe-1050008 [003] ..... 1633841.138746: sys_pwrite64 -> 0x85
             exe-1050008 [003] ..... 1633841.138752: sys_ptrace(request: 4205, pid: 10059f, addr: 1, data: c0004bdc70)
             exe-1050008 [003] ..... 1633841.138755: sys_ptrace -> 0x0
             exe-1050008 [003] ..... 1633841.138756: sys_ptrace(request: 4205, pid: 10059f, addr: 202, data: c0004bdc70)
             exe-1050008 [003] ..... 1633841.138768: sys_ptrace -> 0x0
             exe-1050008 [003] ..... 1633841.138770: sys_ptrace(request: 1f, pid: 10059f, addr: 0, data: 0)
             exe-1050008 [003] .N... 1633841.138778: sys_ptrace -> 0x0
             exe-1050015 [003] ..... 1633841.138788: sys_write -> 0x85
             exe-1050008 [003] ..... 1633841.138807: sys_wait4(upid: 10059f, stat_addr: c0004bdbf4, options: 40000002, ru: 0)
             exe-1050008 [003] ..... 1633841.138809: sys_wait4 -> 0x10059f
             exe-1050008 [003] ..... 1633841.138811: sys_ptrace(request: 4204, pid: 10059f, addr: 1, data: c0004bdc70)
             exe-1050008 [003] ..... 1633841.138815: sys_ptrace -> 0x0
             exe-1050008 [003] ..... 1633841.138816: sys_ptrace(request: 4204, pid: 10059f, addr: 202, data: c0004bdc70)
             exe-1050008 [003] ..... 1633841.138819: sys_ptrace -> 0x0
             exe-1050008 [003] ..... 1633841.138826: sys_ptrace(request: 4205, pid: 10059f, addr: 1, data: c0004bdc70)
             exe-1050008 [003] ..... 1633841.138828: sys_ptrace -> 0x0
             exe-1050008 [003] ..... 1633841.138830: sys_ptrace(request: 4205, pid: 10059f, addr: 202, data: c0004bdc70)
             exe-1049673 [002] ..... 1633841.138832: sys_nanosleep -> 0x0
             exe-1049567 [000] ..... 1633841.138834: sys_nanosleep -> 0x0
             exe-1049673 [002] ..... 1633841.138834: sys_nanosleep(rqtp: c000069f10, rmtp: 0)
             exe-1049567 [000] ..... 1633841.138839: sys_nanosleep(rqtp: c000069f10, rmtp: 0)
             exe-1050008 [003] ..... 1633841.138840: sys_ptrace -> 0x0
             exe-1050008 [003] ..... 1633841.138841: sys_ptrace(request: 1f, pid: 10059f, addr: 0, data: 0)
             exe-1050008 [003] .N... 1633841.138848: sys_ptrace -> 0x0
             exe-1050015 [003] ..... 1633841.138858: sys_add_key -> 0xfffffffffffffff3
             exe-1050008 [003] ..... 1633841.138875: sys_wait4(upid: 10059f, stat_addr: c0004bdbf4, options: 40000002, ru: 0)
             exe-1050008 [003] ..... 1633841.138879: sys_wait4 -> 0x10059f
             exe-1050008 [003] ..... 1633841.138881: sys_ptrace(request: 4204, pid: 10059f, addr: 1, data: c0004bdc70)
             exe-1050008 [003] ..... 1633841.138884: sys_ptrace -> 0x0
             exe-1050008 [003] ..... 1633841.138886: sys_ptrace(request: 4204, pid: 10059f, addr: 202, data: c0004bdc70)
             exe-1050008 [003] ..... 1633841.138888: sys_ptrace -> 0x0
             exe-1050008 [003] ..... 1633841.138897: sys_pwrite64(fd: 63, buf: 7fd66e1e4080, count: 83, pos: 85)
             exe-1050008 [003] ..... 1633841.138898: tracing_mark_write: add_key(_type=0x55f048421e64, _description=0x7fc618500008, _payload=0x7fc61890c000, plen=0x25000022, ringid=0xfffffffffffffffe) end
             exe-1050008 [003] ..... 1633841.210794: tracing_mark_write: add_key(_type=0x55f048421e64, _description=0x7fc616800000, _payload=0x7fc61890c000, plen=851, ringid=0xfffffffffffffffe) start
             exe-1050008 [003] ..... 1633841.210795: sys_pwrite64 -> 0x7e
             exe-1050008 [003] ..... 1633841.210801: sys_ptrace(request: 4205, pid: 10059f, addr: 1, data: c0004bdc70)
             exe-1050008 [003] ..... 1633841.210803: sys_ptrace -> 0x0
             exe-1050008 [003] ..... 1633841.210804: sys_ptrace(request: 4205, pid: 10059f, addr: 202, data: c0004bdc70)
             exe-1050008 [003] ..... 1633841.210814: sys_ptrace -> 0x0
             exe-1050008 [003] ..... 1633841.210816: sys_ptrace(request: 1f, pid: 10059f, addr: 0, data: 0)
             exe-1050008 [003] .N... 1633841.210822: sys_ptrace -> 0x0
             exe-1050015 [003] ..... 1633841.210831: sys_write -> 0x7e
             exe-1049567 [000] ..... 1633841.210833: sys_nanosleep -> 0x0
             exe-1049567 [000] ..... 1633841.210838: sys_nanosleep(rqtp: c000069f10, rmtp: 0)
             exe-1050008 [003] ..... 1633841.210848: sys_wait4(upid: 10059f, stat_addr: c0004bdbf4, options: 40000002, ru: 0)
             exe-1049673 [001] ..... 1633841.210870: sys_nanosleep -> 0x0
             exe-1049673 [001] ..... 1633841.210871: sys_nanosleep(rqtp: c000069f10, rmtp: 0)
             exe-1049567 [000] ..... 1633841.210947: sys_nanosleep -> 0x0
             exe-1049567 [000] ..... 1633841.210952: sys_nanosleep(rqtp: c000069f10, rmtp: 0)
             exe-1049673 [001] ..... 1633841.210953: sys_nanosleep -> 0x0
             exe-1049673 [001] ..... 1633841.210954: sys_nanosleep(rqtp: c000069f10, rmtp: 0)
             exe-1049673 [001] ..... 1633841.211035: sys_nanosleep -> 0x0
             exe-1049673 [001] ..... 1633841.211037: sys_nanosleep(rqtp: c000069f10, rmtp: 0)
             exe-1049567 [000] ..... 1633841.211061: sys_nanosleep -> 0x0
             exe-1049567 [000] ..... 1633841.211066: sys_nanosleep(rqtp: c000069f10, rmtp: 0)
             exe-1049673 [001] ..... 1633841.211119: sys_nanosleep -> 0x0
             exe-1049673 [001] ..... 1633841.211120: sys_nanosleep(rqtp: c000069f10, rmtp: 0)
             exe-1049567 [000] ..... 1633841.211176: sys_nanosleep -> 0x0
             exe-1049567 [000] ..... 1633841.211181: sys_nanosleep(rqtp: c000069f10, rmtp: 0)
             exe-1049673 [001] ..... 1633841.211202: sys_nanosleep -> 0x0
             exe-1049673 [001] ..... 1633841.211203: sys_nanosleep(rqtp: c000069f10, rmtp: 0)
             exe-1049673 [001] ..... 1633841.211289: sys_nanosleep -> 0x0
             exe-1049673 [001] ..... 1633841.211291: sys_nanosleep(rqtp: c000069f10, rmtp: 0)
             exe-1050008 [003] .N... 1633841.211329: sys_wait4 -> 0x10059f
             exe-1049981 [003] ..... 1633841.211334: sys_epoll_pwait -> 0x0
             exe-1049981 [003] ..... 1633841.211347: sys_futex(uaddr: c0049c7548, op: 81, val: 1, utime: 0, uaddr2: 0, val3: 0)
             exe-1049981 [003] ..... 1633841.211355: sys_futex -> 0x1
             exe-1049981 [003] ..... 1633841.211368: sys_epoll_pwait(epfd: 11, events: c00063b840, maxevents: 80, timeout: 9, sigmask: 0, sigsetsize: 0)
             exe-1050289 [000] ..... 1633841.211374: sys_futex -> 0x0
             exe-1049673 [001] ..... 1633841.211378: sys_nanosleep -> 0x0
             exe-1049673 [001] ..... 1633841.211381: sys_nanosleep(rqtp: c000069f10, rmtp: 0)
             exe-1050008 [003] ..... 1633841.211381: sys_ptrace(request: 4204, pid: 10059f, addr: 1, data: c0004bdc70)
             exe-1050289 [000] ..... 1633841.211385: sys_futex(uaddr: c0049c7548, op: 80, val: 0, utime: 0, uaddr2: 0, val3: 0)
             exe-1050008 [003] ..... 1633841.211385: sys_ptrace -> 0x0
             exe-1050008 [003] ..... 1633841.211387: sys_ptrace(request: 4204, pid: 10059f, addr: 202, data: c0004bdc70)
             exe-1050008 [003] ..... 1633841.211389: sys_ptrace -> 0x0
             exe-1049567 [000] ..... 1633841.211392: sys_nanosleep -> 0x0
             exe-1049567 [000] ..... 1633841.211395: sys_nanosleep(rqtp: c000069f10, rmtp: 0)
             exe-1050008 [003] ..... 1633841.211396: sys_ptrace(request: 4205, pid: 10059f, addr: 1, data: c0004bdc70)
             exe-1050008 [003] ..... 1633841.211398: sys_ptrace -> 0x0
             exe-1050008 [003] ..... 1633841.211399: sys_ptrace(request: 4205, pid: 10059f, addr: 202, data: c0004bdc70)
             exe-1050008 [003] ..... 1633841.211411: sys_ptrace -> 0x0
             exe-1050008 [003] ..... 1633841.211413: sys_ptrace(request: 1f, pid: 10059f, addr: 0, data: 0)
             exe-1050008 [003] .N... 1633841.211417: sys_ptrace -> 0x0
             exe-1050015 [003] ..... 1633841.211428: sys_add_key -> 0xfffffffffffffff3
             exe-1050008 [003] ..... 1633841.211449: sys_wait4(upid: 10059f, stat_addr: c0004bdbf4, options: 40000002, ru: 0)
             exe-1050008 [003] ..... 1633841.211452: sys_wait4 -> 0x10059f
             exe-1050008 [003] ..... 1633841.211454: sys_ptrace(request: 4204, pid: 10059f, addr: 1, data: c0004bdc70)
             exe-1050008 [003] ..... 1633841.211457: sys_ptrace -> 0x0
             exe-1050008 [003] ..... 1633841.211458: sys_ptrace(request: 4204, pid: 10059f, addr: 202, data: c0004bdc70)
             exe-1050008 [003] ..... 1633841.211461: sys_ptrace -> 0x0
             exe-1049673 [001] ..... 1633841.211462: sys_nanosleep -> 0x0
             exe-1049673 [001] ..... 1633841.211464: sys_nanosleep(rqtp: c000069f10, rmtp: 0)
             exe-1050008 [003] ..... 1633841.211470: sys_pwrite64(fd: 63, buf: 7fd66e1e4080, count: 7c, pos: 7e)
             exe-1050008 [003] ..... 1633841.211472: tracing_mark_write: add_key(_type=0x55f048421e64, _description=0x7fc616800000, _payload=0x7fc61890c000, plen=851, ringid=0xfffffffffffffffe) end
             exe-1050008 [003] ..... 1633841.270517: tracing_mark_write: add_key(_type=0x55f048421e6c, _description=0x7fc617900000, _payload=0x7fc617900000, plen=33, ringid=0xfffffffffffffffe) start
             exe-1050008 [003] ..... 1633841.270519: sys_pwrite64 -> 0x7d
             exe-1050008 [003] ..... 1633841.270525: sys_ptrace(request: 4205, pid: 10059f, addr: 1, data: c0004bdc70)
             exe-1050008 [003] ..... 1633841.270528: sys_ptrace -> 0x0
             exe-1050008 [003] ..... 1633841.270530: sys_ptrace(request: 4205, pid: 10059f, addr: 202, data: c0004bdc70)
             exe-1050008 [003] ..... 1633841.270541: sys_ptrace -> 0x0
             exe-1050008 [003] ..... 1633841.270542: sys_ptrace(request: 1f, pid: 10059f, addr: 0, data: 0)
             exe-1050008 [003] .N... 1633841.270550: sys_ptrace -> 0x0
             exe-1050015 [003] ..... 1633841.270561: sys_write -> 0x7d
             exe-1049567 [000] ..... 1633841.270579: sys_nanosleep -> 0x0
             exe-1049567 [000] ..... 1633841.270584: sys_nanosleep(rqtp: c000069f10, rmtp: 0)
             exe-1049673 [001] ..... 1633841.270588: sys_nanosleep -> 0x0
             exe-1049673 [001] ..... 1633841.270591: sys_nanosleep(rqtp: c000069f10, rmtp: 0)
             exe-1049673 [001] ..... 1633841.270682: sys_nanosleep -> 0x0
             exe-1049673 [001] ..... 1633841.270684: sys_nanosleep(rqtp: c000069f10, rmtp: 0)
             exe-1049567 [000] ..... 1633841.270693: sys_nanosleep -> 0x0
             exe-1049567 [000] ..... 1633841.270698: sys_nanosleep(rqtp: c000069f10, rmtp: 0)
             exe-1049673 [001] ..... 1633841.270775: sys_nanosleep -> 0x0
             exe-1049673 [001] ..... 1633841.270778: sys_nanosleep(rqtp: c000069f10, rmtp: 0)
             exe-1049567 [000] ..... 1633841.270810: sys_nanosleep -> 0x0
             exe-1050008 [003] ..... 1633841.270813: sys_wait4(upid: 10059f, stat_addr: c0004bdbf4, options: 40000002, ru: 0)
             exe-1049567 [000] ..... 1633841.270816: sys_nanosleep(rqtp: c000069f10, rmtp: 0)
             exe-1050008 [003] ..... 1633841.270817: sys_wait4 -> 0x10059f
             exe-1050008 [003] ..... 1633841.270820: sys_ptrace(request: 4204, pid: 10059f, addr: 1, data: c0004bdc70)
             exe-1050008 [003] ..... 1633841.270825: sys_ptrace -> 0x0
             exe-1050008 [003] ..... 1633841.270827: sys_ptrace(request: 4204, pid: 10059f, addr: 202, data: c0004bdc70)
             exe-1050008 [003] ..... 1633841.270829: sys_ptrace -> 0x0
             exe-1050008 [003] ..... 1633841.270837: sys_ptrace(request: 4205, pid: 10059f, addr: 1, data: c0004bdc70)
             exe-1050008 [003] ..... 1633841.270840: sys_ptrace -> 0x0
             exe-1050008 [003] ..... 1633841.270841: sys_ptrace(request: 4205, pid: 10059f, addr: 202, data: c0004bdc70)
             exe-1050008 [003] ..... 1633841.270853: sys_ptrace -> 0x0
             exe-1050008 [003] ..... 1633841.270855: sys_ptrace(request: 1f, pid: 10059f, addr: 0, data: 0)
             exe-1050008 [003] .N... 1633841.270863: sys_ptrace -> 0x0
             exe-1049673 [001] ..... 1633841.270869: sys_nanosleep -> 0x0
             exe-1049673 [001] ..... 1633841.270871: sys_nanosleep(rqtp: c000069f10, rmtp: 0)
             exe-1050015 [003] ..... 1633841.270877: sys_add_key -> 0xfffffffffffffff3
             exe-1050008 [003] ..... 1633841.270903: sys_wait4(upid: 10059f, stat_addr: c0004bdbf4, options: 40000002, ru: 0)
             exe-1050008 [003] ..... 1633841.270906: sys_wait4 -> 0x10059f
             exe-1050008 [003] ..... 1633841.270908: sys_ptrace(request: 4204, pid: 10059f, addr: 1, data: c0004bdc70)
             exe-1050008 [003] ..... 1633841.270911: sys_ptrace -> 0x0
             exe-1050008 [003] ..... 1633841.270914: sys_ptrace(request: 4204, pid: 10059f, addr: 202, data: c0004bdc70)
             exe-1050008 [003] ..... 1633841.270917: sys_ptrace -> 0x0
             exe-1049567 [000] ..... 1633841.270926: sys_nanosleep -> 0x0
             exe-1050008 [003] ..... 1633841.270928: sys_pwrite64(fd: 63, buf: 7fd66e1e4080, count: 7b, pos: 7d)
             exe-1050008 [003] ..... 1633841.270930: tracing_mark_write: add_key(_type=0x55f048421e6c, _description=0x7fc617900000, _payload=0x7fc617900000, plen=33, ringid=0xfffffffffffffffe) end
             exe-1050008 [003] ..... 1633841.330122: tracing_mark_write: add_key(_type=0x55f048421e6c, _description=0x7fc6188fb001, _payload=0x7fc6188fb001, plen=0xc1c1c1, ringid=0xfffffffffffffffe) start
             exe-1050008 [003] ..... 1633841.330123: sys_pwrite64 -> 0x83
             exe-1050008 [003] ..... 1633841.330130: sys_ptrace(request: 4205, pid: 10059f, addr: 1, data: c0004bdc70)
             exe-1050008 [003] ..... 1633841.330133: sys_ptrace -> 0x0
             exe-1050008 [003] ..... 1633841.330135: sys_ptrace(request: 4205, pid: 10059f, addr: 202, data: c0004bdc70)
             exe-1050008 [003] ..... 1633841.330146: sys_ptrace -> 0x0
             exe-1049673 [001] ..... 1633841.330147: sys_nanosleep -> 0x0
             exe-1049673 [001] ..... 1633841.330151: sys_nanosleep(rqtp: c000069f10, rmtp: 0)
             exe-1049567 [000] ..... 1633841.330161: sys_nanosleep -> 0x0
             exe-1049567 [000] ..... 1633841.330166: sys_nanosleep(rqtp: c000069f10, rmtp: 0)
             exe-1050008 [003] ..... 1633841.330193: sys_ptrace(request: 1f, pid: 10059f, addr: 0, data: 0)
             exe-1050008 [003] .N... 1633841.330202: sys_ptrace -> 0x0
             exe-1050015 [003] ..... 1633841.330214: sys_write -> 0x83
             exe-1050008 [003] ..... 1633841.330236: sys_wait4(upid: 10059f, stat_addr: c0004bdbf4, options: 40000002, ru: 0)
             exe-1050008 [003] ..... 1633841.330239: sys_wait4 -> 0x10059f
             exe-1050008 [003] ..... 1633841.330241: sys_ptrace(request: 4204, pid: 10059f, addr: 1, data: c0004bdc70)
             exe-1050008 [003] ..... 1633841.330245: sys_ptrace -> 0x0
             exe-1050008 [003] ..... 1633841.330247: sys_ptrace(request: 4204, pid: 10059f, addr: 202, data: c0004bdc70)
             exe-1050008 [003] ..... 1633841.330250: sys_ptrace -> 0x0
             exe-1049673 [001] ..... 1633841.330257: sys_nanosleep -> 0x0
             exe-1050008 [003] ..... 1633841.330258: sys_ptrace(request: 4205, pid: 10059f, addr: 1, data: c0004bdc70)
             exe-1050008 [003] ..... 1633841.330261: sys_ptrace -> 0x0
             exe-1049673 [001] ..... 1633841.330262: sys_nanosleep(rqtp: c000069f10, rmtp: 0)
             exe-1050008 [003] ..... 1633841.330262: sys_ptrace(request: 4205, pid: 10059f, addr: 202, data: c0004bdc70)
             exe-1050008 [003] ..... 1633841.330274: sys_ptrace -> 0x0
             exe-1049567 [000] ..... 1633841.330274: sys_nanosleep -> 0x0
             exe-1050008 [003] ..... 1633841.330276: sys_ptrace(request: 1f, pid: 10059f, addr: 0, data: 0)
             exe-1049567 [000] ..... 1633841.330280: sys_nanosleep(rqtp: c000069f10, rmtp: 0)
             exe-1050008 [003] .N... 1633841.330283: sys_ptrace -> 0x0
             exe-1050015 [003] ..... 1633841.330294: sys_add_key -> 0xfffffffffffffff3
             exe-1050008 [003] ..... 1633841.330314: sys_wait4(upid: 10059f, stat_addr: c0004bdbf4, options: 40000002, ru: 0)
             exe-1050008 [003] ..... 1633841.330317: sys_wait4 -> 0x10059f
             exe-1050008 [003] ..... 1633841.330319: sys_ptrace(request: 4204, pid: 10059f, addr: 1, data: c0004bdc70)
             exe-1050008 [003] ..... 1633841.330323: sys_ptrace -> 0x0
             exe-1050008 [003] ..... 1633841.330324: sys_ptrace(request: 4204, pid: 10059f, addr: 202, data: c0004bdc70)
             exe-1050008 [003] ..... 1633841.330327: sys_ptrace -> 0x0
             exe-1050008 [003] ..... 1633841.330337: sys_pwrite64(fd: 63, buf: 7fd66e1e4080, count: 81, pos: 83)
             exe-1050008 [003] ..... 1633841.330339: tracing_mark_write: add_key(_type=0x55f048421e6c, _description=0x7fc6188fb001, _payload=0x7fc6188fb001, plen=0xc1c1c1, ringid=0xfffffffffffffffe) end
             exe-1050008 [003] ..... 1633841.409715: tracing_mark_write: add_key(_type=0x55f048421e64, _description=0x7fc6188fc000, _payload=0x7fc617900000, plen=214, ringid=0xfffffffffffffffe) start
             exe-1050008 [003] ..... 1633841.409716: sys_pwrite64 -> 0x7e
             exe-1050008 [003] ..... 1633841.409723: sys_ptrace(request: 4205, pid: 10059f, addr: 1, data: c0004bdc70)
             exe-1050008 [003] ..... 1633841.409726: sys_ptrace -> 0x0
             exe-1050008 [003] ..... 1633841.409727: sys_ptrace(request: 4205, pid: 10059f, addr: 202, data: c0004bdc70)
             exe-1050008 [003] ..... 1633841.409739: sys_ptrace -> 0x0
             exe-1050008 [003] ..... 1633841.409741: sys_ptrace(request: 1f, pid: 10059f, addr: 0, data: 0)
             exe-1050008 [003] .N... 1633841.409746: sys_ptrace -> 0x0
             exe-1050015 [003] ..... 1633841.409758: sys_write -> 0x7e
             exe-1050008 [003] ..... 1633841.409780: sys_wait4(upid: 10059f, stat_addr: c0004bdbf4, options: 40000002, ru: 0)
             exe-1050008 [003] ..... 1633841.409783: sys_wait4 -> 0x10059f
             exe-1050008 [003] ..... 1633841.409785: sys_ptrace(request: 4204, pid: 10059f, addr: 1, data: c0004bdc70)
             exe-1050008 [003] ..... 1633841.409789: sys_ptrace -> 0x0
             exe-1050008 [003] ..... 1633841.409790: sys_ptrace(request: 4204, pid: 10059f, addr: 202, data: c0004bdc70)
             exe-1050008 [003] ..... 1633841.409792: sys_ptrace -> 0x0
             exe-1050008 [003] ..... 1633841.409815: sys_ptrace(request: 4205, pid: 10059f, addr: 1, data: c0004bdc70)
             exe-1050008 [003] ..... 1633841.409817: sys_ptrace -> 0x0
             exe-1050008 [003] ..... 1633841.409819: sys_ptrace(request: 4205, pid: 10059f, addr: 202, data: c0004bdc70)
             exe-1050008 [003] ..... 1633841.409830: sys_ptrace -> 0x0
             exe-1050008 [003] ..... 1633841.409831: sys_ptrace(request: 1f, pid: 10059f, addr: 0, data: 0)
             exe-1050008 [003] .N... 1633841.410040: sys_ptrace -> 0x0
             exe-1050015 [003] ..... 1633841.410055: sys_add_key -> 0xfffffffffffffff3
             exe-1050008 [003] ..... 1633841.410080: sys_wait4(upid: 10059f, stat_addr: c0004bdbf4, options: 40000002, ru: 0)
             exe-1050008 [003] ..... 1633841.410083: sys_wait4 -> 0x10059f
             exe-1050008 [003] ..... 1633841.410086: sys_ptrace(request: 4204, pid: 10059f, addr: 1, data: c0004bdc70)
             exe-1050008 [003] ..... 1633841.410090: sys_ptrace -> 0x0
             exe-1050008 [003] ..... 1633841.410092: sys_ptrace(request: 4204, pid: 10059f, addr: 202, data: c0004bdc70)
             exe-1050008 [003] ..... 1633841.410094: sys_ptrace -> 0x0
             exe-1050008 [003] ..... 1633841.410109: sys_pwrite64(fd: 63, buf: 7fd66e1e4080, count: 7c, pos: 7e)
             exe-1050008 [003] ..... 1633841.410111: tracing_mark_write: add_key(_type=0x55f048421e64, _description=0x7fc6188fc000, _payload=0x7fc617900000, plen=214, ringid=0xfffffffffffffffe) end
             exe-1050008 [003] ..... 1633841.482670: tracing_mark_write: add_key(_type=0x55f048421e64, _description=0x7fc616d00004, _payload=0x7fc61890b000, plen=64, ringid=0xfffffffffffffffe) start
             exe-1050008 [003] ..... 1633841.482672: sys_pwrite64 -> 0x7d
             exe-1050008 [003] ..... 1633841.482679: sys_ptrace(request: 4205, pid: 10059f, addr: 1, data: c0004bdc70)
             exe-1050008 [003] ..... 1633841.482681: sys_ptrace -> 0x0
             exe-1050008 [003] ..... 1633841.482683: sys_ptrace(request: 4205, pid: 10059f, addr: 202, data: c0004bdc70)
             exe-1050008 [003] ..... 1633841.482694: sys_ptrace -> 0x0
             exe-1050008 [003] ..... 1633841.482696: sys_ptrace(request: 1f, pid: 10059f, addr: 0, data: 0)
             exe-1050008 [003] .N... 1633841.482705: sys_ptrace -> 0x0
             exe-1049567 [000] ..... 1633841.482713: sys_nanosleep -> 0x0
             exe-1050015 [003] ..... 1633841.482716: sys_write -> 0x7d
             exe-1049567 [000] ..... 1633841.482718: sys_nanosleep(rqtp: c000069f10, rmtp: 0)
             exe-1050008 [003] ..... 1633841.482736: sys_wait4(upid: 10059f, stat_addr: c0004bdbf4, options: 40000002, ru: 0)
             exe-1050008 [003] ..... 1633841.482739: sys_wait4 -> 0x10059f
             exe-1050008 [003] ..... 1633841.482742: sys_ptrace(request: 4204, pid: 10059f, addr: 1, data: c0004bdc70)
             exe-1050008 [003] ..... 1633841.482746: sys_ptrace -> 0x0
             exe-1050008 [003] ..... 1633841.482747: sys_ptrace(request: 4204, pid: 10059f, addr: 202, data: c0004bdc70)
             exe-1050008 [003] ..... 1633841.482750: sys_ptrace -> 0x0
             exe-1049673 [001] ..... 1633841.482750: sys_nanosleep -> 0x0
             exe-1049673 [001] ..... 1633841.482755: sys_nanosleep(rqtp: c000069f10, rmtp: 0)
             exe-1050008 [003] ..... 1633841.482756: sys_ptrace(request: 4205, pid: 10059f, addr: 1, data: c0004bdc70)
             exe-1050008 [003] ..... 1633841.482759: sys_ptrace -> 0x0
             exe-1050008 [003] ..... 1633841.482760: sys_ptrace(request: 4205, pid: 10059f, addr: 202, data: c0004bdc70)
             exe-1050008 [003] ..... 1633841.482770: sys_ptrace -> 0x0
             exe-1050008 [003] ..... 1633841.482772: sys_ptrace(request: 1f, pid: 10059f, addr: 0, data: 0)
             exe-1050008 [003] .N... 1633841.482779: sys_ptrace -> 0x0
             exe-1050015 [003] ..... 1633841.482789: sys_add_key -> 0xfffffffffffffff3
             exe-1050008 [003] ..... 1633841.482809: sys_wait4(upid: 10059f, stat_addr: c0004bdbf4, options: 40000002, ru: 0)
             exe-1050008 [003] ..... 1633841.482812: sys_wait4 -> 0x10059f
             exe-1050008 [003] ..... 1633841.482814: sys_ptrace(request: 4204, pid: 10059f, addr: 1, data: c0004bdc70)
             exe-1050008 [003] ..... 1633841.482817: sys_ptrace -> 0x0
             exe-1050008 [003] ..... 1633841.482819: sys_ptrace(request: 4204, pid: 10059f, addr: 202, data: c0004bdc70)
             exe-1050008 [003] ..... 1633841.482822: sys_ptrace -> 0x0
             exe-1049567 [000] ..... 1633841.482823: sys_nanosleep -> 0x0
             exe-1049567 [000] ..... 1633841.482828: sys_nanosleep(rqtp: c000069f10, rmtp: 0)
             exe-1050008 [003] ..... 1633841.482831: sys_pwrite64(fd: 63, buf: 7fd66e1e4080, count: 7b, pos: 7d)
             exe-1050008 [003] ..... 1633841.482833: tracing_mark_write: add_key(_type=0x55f048421e64, _description=0x7fc616d00004, _payload=0x7fc61890b000, plen=64, ringid=0xfffffffffffffffe) end
             exe-1050008 [003] ..... 1633841.547458: tracing_mark_write: add_key(_type=0x55f048421fdb, _description=0x7fc616d00004, _payload=0x7fc6188fb000, plen=4, ringid=0xfffffffffffffffe) start
             exe-1050008 [003] ..... 1633841.547460: sys_pwrite64 -> 0x7c
             exe-1050008 [003] ..... 1633841.547469: sys_ptrace(request: 4205, pid: 10059f, addr: 1, data: c0004bdc70)
             exe-1050008 [003] ..... 1633841.547473: sys_ptrace -> 0x0
             exe-1050008 [003] ..... 1633841.547475: sys_ptrace(request: 4205, pid: 10059f, addr: 202, data: c0004bdc70)
             exe-1050008 [003] ..... 1633841.547490: sys_ptrace -> 0x0
             exe-1050008 [003] ..... 1633841.547492: sys_ptrace(request: 1f, pid: 10059f, addr: 0, data: 0)
             exe-1050008 [003] .N... 1633841.547500: sys_ptrace -> 0x0
             exe-1049567 [000] ..... 1633841.547510: sys_nanosleep -> 0x0
             exe-1050015 [003] ..... 1633841.547511: sys_write -> 0x7c
             exe-1049567 [000] ..... 1633841.547512: sys_nanosleep(rqtp: c000069f10, rmtp: 0)
             exe-1049673 [001] ..... 1633841.547579: sys_nanosleep -> 0x0
             exe-1049673 [001] ..... 1633841.547588: sys_futex(uaddr: 1f09dc0, op: 80, val: 0, utime: c000069eb0, uaddr2: 0, val3: 0)
             exe-1049567 [000] ..... 1633841.547603: sys_nanosleep -> 0x0
             exe-1049567 [000] ..... 1633841.547606: sys_nanosleep(rqtp: c000069f10, rmtp: 0)
             exe-1049567 [000] ..... 1633841.547697: sys_nanosleep -> 0x0
             exe-1049567 [000] ..... 1633841.547699: sys_nanosleep(rqtp: c000069f10, rmtp: 0)
             exe-1050008 [003] ..... 1633841.547781: sys_wait4(upid: 10059f, stat_addr: c0004bdbf4, options: 40000002, ru: 0)
             exe-1050008 [003] ..... 1633841.547785: sys_wait4 -> 0x10059f
             exe-1050008 [003] ..... 1633841.547788: sys_ptrace(request: 4204, pid: 10059f, addr: 1, data: c0004bdc70)
             exe-1049567 [000] ..... 1633841.547791: sys_nanosleep -> 0x0
             exe-1050008 [003] ..... 1633841.547792: sys_ptrace -> 0x0
             exe-1049567 [000] ..... 1633841.547793: sys_nanosleep(rqtp: c000069f10, rmtp: 0)
             exe-1050008 [003] ..... 1633841.547794: sys_ptrace(request: 4204, pid: 10059f, addr: 202, data: c0004bdc70)
             exe-1050008 [003] ..... 1633841.547797: sys_ptrace -> 0x0
             exe-1050008 [003] ..... 1633841.547805: sys_ptrace(request: 4205, pid: 10059f, addr: 1, data: c0004bdc70)
             exe-1050008 [003] ..... 1633841.547808: sys_ptrace -> 0x0
             exe-1050008 [003] ..... 1633841.547809: sys_ptrace(request: 4205, pid: 10059f, addr: 202, data: c0004bdc70)
             exe-1050008 [003] ..... 1633841.547826: sys_ptrace -> 0x0
             exe-1050008 [003] ..... 1633841.547828: sys_ptrace(request: 1f, pid: 10059f, addr: 0, data: 0)
             exe-1050008 [003] .N... 1633841.547836: sys_ptrace -> 0x0
             exe-1050015 [003] ..... 1633841.547846: sys_add_key -> 0xfffffffffffffff3
             exe-1050008 [003] ..... 1633841.547866: sys_wait4(upid: 10059f, stat_addr: c0004bdbf4, options: 40000002, ru: 0)
             exe-1050008 [003] ..... 1633841.547869: sys_wait4 -> 0x10059f
             exe-1050008 [003] ..... 1633841.547872: sys_ptrace(request: 4204, pid: 10059f, addr: 1, data: c0004bdc70)
             exe-1050008 [003] ..... 1633841.547875: sys_ptrace -> 0x0
             exe-1050008 [003] ..... 1633841.547877: sys_ptrace(request: 4204, pid: 10059f, addr: 202, data: c0004bdc70)
             exe-1050008 [003] ..... 1633841.547879: sys_ptrace -> 0x0
             exe-1049567 [000] ..... 1633841.547884: sys_nanosleep -> 0x0
             exe-1049567 [000] ..... 1633841.547886: sys_nanosleep(rqtp: c000069f10, rmtp: 0)
             exe-1050008 [003] ..... 1633841.547891: sys_pwrite64(fd: 63, buf: 7fd66e1e4080, count: 7a, pos: 7c)
             exe-1050008 [003] ..... 1633841.547894: tracing_mark_write: add_key(_type=0x55f048421fdb, _description=0x7fc616d00004, _payload=0x7fc6188fb000, plen=4, ringid=0xfffffffffffffffe) end
             exe-1050008 [003] ..... 1633841.615784: tracing_mark_write: add_key(_type=0x55f048421e64, _description=0x7fc61890d000, _payload=0x7fc61890d001, plen=4, ringid=0xfffffffffffffffe) start
             exe-1050008 [003] ..... 1633841.615786: sys_pwrite64 -> 0x7c
             exe-1050008 [003] ..... 1633841.615795: sys_ptrace(request: 4205, pid: 10059f, addr: 1, data: c0004bdc70)
             exe-1050008 [003] ..... 1633841.615799: sys_ptrace -> 0x0
             exe-1050008 [003] ..... 1633841.615801: sys_ptrace(request: 4205, pid: 10059f, addr: 202, data: c0004bdc70)
             exe-1050008 [003] ..... 1633841.615818: sys_ptrace -> 0x0
             exe-1050008 [003] ..... 1633841.615820: sys_ptrace(request: 1f, pid: 10059f, addr: 0, data: 0)
             exe-1050008 [003] .N... 1633841.615830: sys_ptrace -> 0x0
             exe-1050015 [003] ..... 1633841.615843: sys_write -> 0x7c
             exe-1049567 [000] ..... 1633841.615861: sys_nanosleep -> 0x0
             exe-1049567 [000] ..... 1633841.615867: sys_nanosleep(rqtp: c000069f10, rmtp: 0)
             exe-1050008 [003] ..... 1633841.615870: sys_wait4(upid: 10059f, stat_addr: c0004bdbf4, options: 40000002, ru: 0)
             exe-1050008 [003] ..... 1633841.615873: sys_wait4 -> 0x10059f
             exe-1050008 [003] ..... 1633841.615877: sys_ptrace(request: 4204, pid: 10059f, addr: 1, data: c0004bdc70)
             exe-1050008 [003] ..... 1633841.615882: sys_ptrace -> 0x0
             exe-1050008 [003] ..... 1633841.615884: sys_ptrace(request: 4204, pid: 10059f, addr: 202, data: c0004bdc70)
             exe-1050008 [003] ..... 1633841.615888: sys_ptrace -> 0x0
             exe-1049673 [001] ..... 1633841.615893: sys_nanosleep -> 0x0
             exe-1050008 [003] ..... 1633841.615897: sys_ptrace(request: 4205, pid: 10059f, addr: 1, data: c0004bdc70)
             exe-1049673 [001] ..... 1633841.615898: sys_nanosleep(rqtp: c000069f10, rmtp: 0)
             exe-1050008 [003] ..... 1633841.615900: sys_ptrace -> 0x0
             exe-1050008 [003] ..... 1633841.615903: sys_ptrace(request: 4205, pid: 10059f, addr: 202, data: c0004bdc70)
             exe-1050008 [003] ..... 1633841.615938: sys_ptrace -> 0x0
             exe-1050008 [003] ..... 1633841.615941: sys_ptrace(request: 1f, pid: 10059f, addr: 0, data: 0)
             exe-1050008 [003] .N... 1633841.615952: sys_ptrace -> 0x0
             exe-1050015 [003] ..... 1633841.615965: sys_add_key -> 0xfffffffffffffff3
             exe-1050008 [003] ..... 1633841.615993: sys_wait4(upid: 10059f, stat_addr: c0004bdbf4, options: 40000002, ru: 0)
             exe-1050008 [003] ..... 1633841.615997: sys_wait4 -> 0x10059f
             exe-1050008 [003] ..... 1633841.616000: sys_ptrace(request: 4204, pid: 10059f, addr: 1, data: c0004bdc70)
             exe-1050008 [003] ..... 1633841.616006: sys_ptrace -> 0x0
             exe-1050008 [003] ..... 1633841.616008: sys_ptrace(request: 4204, pid: 10059f, addr: 202, data: c0004bdc70)
             exe-1050008 [003] ..... 1633841.616012: sys_ptrace -> 0x0
             exe-1049673 [001] ..... 1633841.616019: sys_nanosleep -> 0x0
             exe-1049673 [001] ..... 1633841.616024: sys_nanosleep(rqtp: c000069f10, rmtp: 0)
             exe-1050008 [003] ..... 1633841.616027: sys_pwrite64(fd: 63, buf: 7fd66e1e4080, count: 7a, pos: 7c)
             exe-1050008 [003] ..... 1633841.616030: tracing_mark_write: add_key(_type=0x55f048421e64, _description=0x7fc61890d000, _payload=0x7fc61890d001, plen=4, ringid=0xfffffffffffffffe) end
             exe-1050008 [003] ..... 1633841.686485: tracing_mark_write: add_key(_type=0x55f048421fdb, _description=0x7fc616a00008, _payload=0x7fc616a00009, plen=0xffffffffffff000a, ringid=0xfffffffffffffffe) start
             exe-1050008 [003] ..... 1633841.686486: sys_pwrite64 -> 0x8d
             exe-1050008 [003] ..... 1633841.686492: sys_ptrace(request: 4205, pid: 10059f, addr: 1, data: c0004bdc70)
             exe-1050008 [003] ..... 1633841.686495: sys_ptrace -> 0x0
             exe-1050008 [003] ..... 1633841.686496: sys_ptrace(request: 4205, pid: 10059f, addr: 202, data: c0004bdc70)
             exe-1050008 [003] ..... 1633841.686507: sys_ptrace -> 0x0
             exe-1050008 [003] ..... 1633841.686508: sys_ptrace(request: 1f, pid: 10059f, addr: 0, data: 0)
             exe-1050008 [003] .N... 1633841.686519: sys_ptrace -> 0x0
             exe-1050015 [003] ..... 1633841.686529: sys_write -> 0x8d
             exe-1050008 [003] ..... 1633841.686546: sys_wait4(upid: 10059f, stat_addr: c0004bdbf4, options: 40000002, ru: 0)
             exe-1050008 [003] ..... 1633841.686549: sys_wait4 -> 0x10059f
             exe-1050008 [003] ..... 1633841.686551: sys_ptrace(request: 4204, pid: 10059f, addr: 1, data: c0004bdc70)
             exe-1050008 [003] ..... 1633841.686555: sys_ptrace -> 0x0
             exe-1050008 [003] ..... 1633841.686556: sys_ptrace(request: 4204, pid: 10059f, addr: 202, data: c0004bdc70)
             exe-1049673 [001] ..... 1633841.686557: sys_nanosleep -> 0x0
             exe-1050008 [003] ..... 1633841.686558: sys_ptrace -> 0x0
             exe-1049673 [001] ..... 1633841.686559: sys_nanosleep(rqtp: c000069f10, rmtp: 0)
             exe-1050008 [003] ..... 1633841.686565: sys_ptrace(request: 4205, pid: 10059f, addr: 1, data: c0004bdc70)
             exe-1050008 [003] ..... 1633841.686567: sys_ptrace -> 0x0
             exe-1050008 [003] ..... 1633841.686568: sys_ptrace(request: 4205, pid: 10059f, addr: 202, data: c0004bdc70)
             exe-1049567 [001] ..... 1633841.686573: sys_nanosleep -> 0x0
             exe-1049567 [001] ..... 1633841.686578: sys_nanosleep(rqtp: c000069f10, rmtp: 0)
             exe-1050008 [003] ..... 1633841.686595: sys_ptrace -> 0x0
             exe-1050008 [003] ..... 1633841.686597: sys_ptrace(request: 1f, pid: 10059f, addr: 0, data: 0)
             exe-1050008 [003] .N... 1633841.686604: sys_ptrace -> 0x0
             exe-1050015 [003] ..... 1633841.686614: sys_add_key -> 0xfffffffffffffff3
             exe-1050008 [003] ..... 1633841.686633: sys_wait4(upid: 10059f, stat_addr: c0004bdbf4, options: 40000002, ru: 0)
             exe-1050008 [003] ..... 1633841.686635: sys_wait4 -> 0x10059f
             exe-1050008 [003] ..... 1633841.686637: sys_ptrace(request: 4204, pid: 10059f, addr: 1, data: c0004bdc70)
             exe-1050008 [003] ..... 1633841.686641: sys_ptrace -> 0x0
             exe-1050008 [003] ..... 1633841.686643: sys_ptrace(request: 4204, pid: 10059f, addr: 202, data: c0004bdc70)
             exe-1050008 [003] ..... 1633841.686645: sys_ptrace -> 0x0
             exe-1050008 [003] ..... 1633841.686655: sys_pwrite64(fd: 63, buf: 7fd66e1e4080, count: 8b, pos: 8d)
             exe-1050008 [003] ..... 1633841.686656: tracing_mark_write: add_key(_type=0x55f048421fdb, _description=0x7fc616a00008, _payload=0x7fc616a00009, plen=0xffffffffffff000a, ringid=0xfffffffffffffffe) end
             exe-1050008 [003] ..... 1633841.754697: tracing_mark_write: add_key(_type=0x55f048421fdb, _description=0x7fc616d00000, _payload=0x7fc616d00000, plen=-6, ringid=0xfffffffffffffffe) start
             exe-1050008 [003] ..... 1633841.754698: sys_pwrite64 -> 0x7d
             exe-1049567 [001] ..... 1633841.754704: sys_nanosleep -> 0x0
             exe-1050008 [003] ..... 1633841.754705: sys_ptrace(request: 4205, pid: 10059f, addr: 1, data: c0004bdc70)
             exe-1050008 [003] ..... 1633841.754707: sys_ptrace -> 0x0
             exe-1050008 [003] ..... 1633841.754709: sys_ptrace(request: 4205, pid: 10059f, addr: 202, data: c0004bdc70)
             exe-1049567 [001] ..... 1633841.754709: sys_nanosleep(rqtp: c000069f10, rmtp: 0)
             exe-1050008 [003] ..... 1633841.754721: sys_ptrace -> 0x0
             exe-1050008 [003] ..... 1633841.754723: sys_ptrace(request: 1f, pid: 10059f, addr: 0, data: 0)
             exe-1050008 [003] .N... 1633841.754730: sys_ptrace -> 0x0
             exe-1050015 [003] ..... 1633841.754743: sys_write -> 0x7d
             exe-1050008 [003] ..... 1633841.754765: sys_wait4(upid: 10059f, stat_addr: c0004bdbf4, options: 40000002, ru: 0)
             exe-1050008 [003] ..... 1633841.754767: sys_wait4 -> 0x10059f
             exe-1050008 [003] ..... 1633841.754769: sys_ptrace(request: 4204, pid: 10059f, addr: 1, data: c0004bdc70)
             exe-1050008 [003] ..... 1633841.754773: sys_ptrace -> 0x0
             exe-1050008 [003] ..... 1633841.754774: sys_ptrace(request: 4204, pid: 10059f, addr: 202, data: c0004bdc70)
             exe-1050008 [003] ..... 1633841.754777: sys_ptrace -> 0x0
             exe-1050008 [003] ..... 1633841.754783: sys_ptrace(request: 4205, pid: 10059f, addr: 1, data: c0004bdc70)
             exe-1050008 [003] ..... 1633841.754785: sys_ptrace -> 0x0
             exe-1050008 [003] ..... 1633841.754787: sys_ptrace(request: 4205, pid: 10059f, addr: 202, data: c0004bdc70)
             exe-1049673 [001] ..... 1633841.754790: sys_nanosleep -> 0x0
             exe-1049673 [001] ..... 1633841.754796: sys_nanosleep(rqtp: c000069f10, rmtp: 0)
             exe-1050008 [003] ..... 1633841.754797: sys_ptrace -> 0x0
             exe-1050008 [003] ..... 1633841.754798: sys_ptrace(request: 1f, pid: 10059f, addr: 0, data: 0)
             exe-1050008 [003] .N... 1633841.754805: sys_ptrace -> 0x0
             exe-1050015 [003] ..... 1633841.754815: sys_add_key -> 0xfffffffffffffff3
             exe-1049567 [001] ..... 1633841.754816: sys_nanosleep -> 0x0
             exe-1049567 [001] ..... 1633841.754820: sys_nanosleep(rqtp: c000069f10, rmtp: 0)
             exe-1050008 [003] ..... 1633841.754833: sys_wait4(upid: 10059f, stat_addr: c0004bdbf4, options: 40000002, ru: 0)
             exe-1050008 [003] ..... 1633841.754836: sys_wait4 -> 0x10059f
             exe-1050008 [003] ..... 1633841.754838: sys_ptrace(request: 4204, pid: 10059f, addr: 1, data: c0004bdc70)
             exe-1050008 [003] ..... 1633841.754841: sys_ptrace -> 0x0
             exe-1050008 [003] ..... 1633841.754843: sys_ptrace(request: 4204, pid: 10059f, addr: 202, data: c0004bdc70)
             exe-1050008 [003] ..... 1633841.754845: sys_ptrace -> 0x0
             exe-1050008 [003] ..... 1633841.754854: sys_pwrite64(fd: 63, buf: 7fd66e1e4080, count: 7b, pos: 7d)
             exe-1050008 [003] ..... 1633841.754855: tracing_mark_write: add_key(_type=0x55f048421fdb, _description=0x7fc616d00000, _payload=0x7fc616d00000, plen=-6, ringid=0xfffffffffffffffe) end
             exe-1050008 [003] ..... 1633841.823579: tracing_mark_write: add_key(_type=0x55f048421e6c, _description=0x7fc61890b000, _payload=0x7fc61890b008, plen=4, ringid=0xfffffffffffffffe) start
             exe-1050008 [003] ..... 1633841.823581: sys_pwrite64 -> 0x7c
             exe-1050008 [003] ..... 1633841.823588: sys_ptrace(request: 4205, pid: 10059f, addr: 1, data: c0004bdc70)
             exe-1050008 [003] ..... 1633841.823590: sys_ptrace -> 0x0
             exe-1050008 [003] ..... 1633841.823592: sys_ptrace(request: 4205, pid: 10059f, addr: 202, data: c0004bdc70)
             exe-1049673 [001] ..... 1633841.823602: sys_nanosleep -> 0x0
             exe-1050008 [003] ..... 1633841.823604: sys_ptrace -> 0x0
             exe-1050008 [003] ..... 1633841.823606: sys_ptrace(request: 1f, pid: 10059f, addr: 0, data: 0)
             exe-1049673 [001] ..... 1633841.823608: sys_futex(uaddr: 1f09dc0, op: 80, val: 0, utime: c000069eb0, uaddr2: 0, val3: 0)
             exe-1050008 [003] .N... 1633841.823614: sys_ptrace -> 0x0
             exe-1050015 [003] ..... 1633841.823625: sys_write -> 0x7c
             exe-1049567 [001] ..... 1633841.823625: sys_nanosleep -> 0x0
             exe-1049567 [001] ..... 1633841.823630: sys_nanosleep(rqtp: c000069f10, rmtp: 0)
             exe-1050008 [003] ..... 1633841.823645: sys_wait4(upid: 10059f, stat_addr: c0004bdbf4, options: 40000002, ru: 0)
             exe-1050008 [003] ..... 1633841.823648: sys_wait4 -> 0x10059f
             exe-1050008 [003] ..... 1633841.823650: sys_ptrace(request: 4204, pid: 10059f, addr: 1, data: c0004bdc70)
             exe-1050008 [003] ..... 1633841.823654: sys_ptrace -> 0x0
             exe-1050008 [003] ..... 1633841.823655: sys_ptrace(request: 4204, pid: 10059f, addr: 202, data: c0004bdc70)
             exe-1050008 [003] ..... 1633841.823658: sys_ptrace -> 0x0
             exe-1050008 [003] ..... 1633841.823665: sys_ptrace(request: 4205, pid: 10059f, addr: 1, data: c0004bdc70)
             exe-1050008 [003] ..... 1633841.823667: sys_ptrace -> 0x0
             exe-1050008 [003] ..... 1633841.823669: sys_ptrace(request: 4205, pid: 10059f, addr: 202, data: c0004bdc70)
             exe-1050008 [003] ..... 1633841.823679: sys_ptrace -> 0x0
             exe-1050008 [003] ..... 1633841.823681: sys_ptrace(request: 1f, pid: 10059f, addr: 0, data: 0)
             exe-1049567 [001] ..... 1633841.823728: sys_nanosleep -> 0x0
             exe-1049567 [001] ..... 1633841.823731: sys_nanosleep(rqtp: c000069f10, rmtp: 0)
             exe-1049567 [001] ..... 1633841.823819: sys_nanosleep -> 0x0
             exe-1049567 [001] ..... 1633841.823822: sys_nanosleep(rqtp: c000069f10, rmtp: 0)
             exe-1049567 [001] ..... 1633841.823910: sys_nanosleep -> 0x0
             exe-1049567 [001] ..... 1633841.823912: sys_nanosleep(rqtp: c000069f10, rmtp: 0)
             exe-1050008 [003] .N... 1633841.823927: sys_ptrace -> 0x0
             exe-1050015 [003] ..... 1633841.823943: sys_add_key -> 0xfffffffffffffff3
             exe-1050008 [003] ..... 1633841.823972: sys_wait4(upid: 10059f, stat_addr: c0004bdbf4, options: 40000002, ru: 0)
             exe-1050008 [003] ..... 1633841.823976: sys_wait4 -> 0x10059f
             exe-1050008 [003] ..... 1633841.823978: sys_ptrace(request: 4204, pid: 10059f, addr: 1, data: c0004bdc70)
             exe-1050008 [003] ..... 1633841.823983: sys_ptrace -> 0x0
             exe-1050008 [003] ..... 1633841.823985: sys_ptrace(request: 4204, pid: 10059f, addr: 202, data: c0004bdc70)
             exe-1050008 [003] ..... 1633841.823987: sys_ptrace -> 0x0
             exe-1049567 [001] ..... 1633841.824000: sys_nanosleep -> 0x0
             exe-1049567 [001] ..... 1633841.824003: sys_nanosleep(rqtp: c000069f10, rmtp: 0)
             exe-1050008 [003] ..... 1633841.824004: sys_pwrite64(fd: 63, buf: 7fd66e1e4080, count: 7a, pos: 7c)
             exe-1050008 [003] ..... 1633841.824007: tracing_mark_write: add_key(_type=0x55f048421e6c, _description=0x7fc61890b000, _payload=0x7fc61890b008, plen=4, ringid=0xfffffffffffffffe) end
             exe-1050008 [003] ..... 1633841.888285: tracing_mark_write: add_key(_type=0x55f048421fdb, _description=0x7fc616a00008, _payload=0x7fc6188fb000, plen=65, ringid=0xfffffffffffffffe) start
             exe-1050008 [003] ..... 1633841.888286: sys_pwrite64 -> 0x7d
             exe-1050008 [003] ..... 1633841.888292: sys_ptrace(request: 4205, pid: 10059f, addr: 1, data: c0004bdc70)
             exe-1050008 [003] ..... 1633841.888295: sys_ptrace -> 0x0
             exe-1050008 [003] ..... 1633841.888296: sys_ptrace(request: 4205, pid: 10059f, addr: 202, data: c0004bdc70)
             exe-1050008 [003] ..... 1633841.888307: sys_ptrace -> 0x0
             exe-1050008 [003] ..... 1633841.888308: sys_ptrace(request: 1f, pid: 10059f, addr: 0, data: 0)
             exe-1050008 [003] .N... 1633841.888315: sys_ptrace -> 0x0
             exe-1050015 [003] ..... 1633841.888325: sys_write -> 0x7d
             exe-1050008 [003] ..... 1633841.888344: sys_wait4(upid: 10059f, stat_addr: c0004bdbf4, options: 40000002, ru: 0)
             exe-1050008 [003] ..... 1633841.888346: sys_wait4 -> 0x10059f
             exe-1050008 [003] ..... 1633841.888348: sys_ptrace(request: 4204, pid: 10059f, addr: 1, data: c0004bdc70)
             exe-1050008 [003] ..... 1633841.888352: sys_ptrace -> 0x0
