           <...>-1050008 [003] ..... 1633834.760375: tracing_mark_write: add_key(_type=0x55f048421e64, _description=0x7fc616800000, _payload=0x7fc616800000, plen=2562, ringid=0xffffffffffffffff) start
           <...>-1050008 [003] ..... 1633834.760384: sys_pwrite64 -> 0x7f
           <...>-1050008 [003] ..... 1633834.760388: sys_ptrace(request: 4205, pid: 10059f, addr: 1, data: c0004bdc70)
           <...>-1050008 [003] ..... 1633834.760390: sys_ptrace -> 0x0
           <...>-1050008 [003] ..... 1633834.760391: sys_ptrace(request: 4205, pid: 10059f, addr: 202, data: c0004bdc70)
           <...>-1050008 [003] ..... 1633834.760399: sys_ptrace -> 0x0
           <...>-1050008 [003] ..... 1633834.760400: sys_ptrace(request: 1f, pid: 10059f, addr: 0, data: 0)
           <...>-1050008 [003] ..... 1633834.760405: sys_ptrace -> 0x0
           <...>-1050008 [003] ..... 1633834.760407: sys_wait4(upid: 10059f, stat_addr: c0004bdbf4, options: 40000002, ru: 0)
             exe-1091254 [002] ..... 1633834.760419: sys_nanosleep -> 0x0
             exe-1091254 [002] ..... 1633834.760422: sys_nanosleep(rqtp: c000069f10, rmtp: 0)
             exe-1050015 [002] ..... 1633834.760432: sys_write -> 0x7f
           <...>-1050008 [003] ..... 1633834.760456: sys_wait4 -> 0x10059f
           <...>-1050008 [003] ..... 1633834.760458: sys_ptrace(request: 4204, pid: 10059f, addr: 1, data: c0004bdc70)
           <...>-1050008 [003] ..... 1633834.760460: sys_ptrace -> 0x0
           <...>-1050008 [003] ..... 1633834.760461: sys_ptrace(request: 4204, pid: 10059f, addr: 202, data: c0004bdc70)
           <...>-1050008 [003] ..... 1633834.760463: sys_ptrace -> 0x0
           <...>-1050008 [003] ..... 1633834.760467: sys_ptrace(request: 4205, pid: 10059f, addr: 1, data: c0004bdc70)
           <...>-1050008 [003] ..... 1633834.760469: sys_ptrace -> 0x0
           <...>-1050008 [003] ..... 1633834.760470: sys_ptrace(request: 4205, pid: 10059f, addr: 202, data: c0004bdc70)
           <...>-1050008 [003] ..... 1633834.760476: sys_ptrace -> 0x0
           <...>-1050008 [003] ..... 1633834.760477: sys_ptrace(request: 1f, pid: 10059f, addr: 0, data: 0)
           <...>-1050008 [003] ..... 1633834.760482: sys_ptrace -> 0x0
           <...>-1050008 [003] ..... 1633834.760484: sys_wait4(upid: 10059f, stat_addr: c0004bdbf4, options: 40000002, ru: 0)
             exe-1050015 [002] ..... 1633834.760514: sys_add_key -> 0xfffffffffffffff3
           <...>-1050008 [003] ..... 1633834.760534: sys_wait4 -> 0x10059f
           <...>-1050008 [003] ..... 1633834.760536: sys_ptrace(request: 4204, pid: 10059f, addr: 1, data: c0004bdc70)
           <...>-1050008 [003] ..... 1633834.760538: sys_ptrace -> 0x0
           <...>-1050008 [003] ..... 1633834.760539: sys_ptrace(request: 4204, pid: 10059f, addr: 202, data: c0004bdc70)
           <...>-1050008 [003] ..... 1633834.760541: sys_ptrace -> 0x0
           <...>-1050008 [003] ..... 1633834.760545: sys_pwrite64(fd: 63, buf: 7fd66e1e4080, count: 7d, pos: 7f)
           <...>-1050008 [003] ..... 1633834.760546: tracing_mark_write: add_key(_type=0x55f048421e64, _description=0x7fc616800000, _payload=0x7fc616800000, plen=2562, ringid=0xffffffffffffffff) end
             exe-1050008 [003] ..... 1633834.849068: tracing_mark_write: add_key(_type=0x55f048421e6c, _description=0x7fc616a00000, _payload=0x7fc616a00001, plen=3528, ringid=0xffffffffffffffff) start
             exe-1050008 [003] ..... 1633834.849069: sys_pwrite64 -> 0x7f
             exe-1050008 [003] ..... 1633834.849074: sys_ptrace(request: 4205, pid: 10059f, addr: 1, data: c0004bdc70)
             exe-1050526 [000] ..... 1633834.849075: sys_futex -> 0x0
             exe-1050008 [003] ..... 1633834.849076: sys_ptrace -> 0x0
             exe-1050008 [003] ..... 1633834.849077: sys_ptrace(request: 4205, pid: 10059f, addr: 202, data: c0004bdc70)
             exe-1050526 [000] ..... 1633834.849080: sys_futex(uaddr: c000466948, op: 80, val: 0, utime: 0, uaddr2: 0, val3: 0)
             exe-1050008 [003] ..... 1633834.849084: sys_ptrace -> 0x0
             exe-1050008 [003] ..... 1633834.849085: sys_ptrace(request: 1f, pid: 10059f, addr: 0, data: 0)
             exe-1050008 [003] ..... 1633834.849094: sys_ptrace -> 0x0
             exe-1050008 [003] ..... 1633834.849095: sys_wait4(upid: 10059f, stat_addr: c0004bdbf4, options: 40000002, ru: 0)
             exe-1050015 [002] ..... 1633834.849108: sys_write -> 0x7f
             exe-1050008 [003] ..... 1633834.849124: sys_wait4 -> 0x10059f
             exe-1050008 [003] ..... 1633834.849126: sys_ptrace(request: 4204, pid: 10059f, addr: 1, data: c0004bdc70)
             exe-1050008 [003] ..... 1633834.849128: sys_ptrace -> 0x0
             exe-1050008 [003] ..... 1633834.849130: sys_ptrace(request: 4204, pid: 10059f, addr: 202, data: c0004bdc70)
             exe-1050008 [003] ..... 1633834.849132: sys_ptrace -> 0x0
             exe-1050008 [003] ..... 1633834.849137: sys_ptrace(request: 4205, pid: 10059f, addr: 1, data: c0004bdc70)
             exe-1050008 [003] ..... 1633834.849139: sys_ptrace -> 0x0
             exe-1050008 [003] ..... 1633834.849140: sys_ptrace(request: 4205, pid: 10059f, addr: 202, data: c0004bdc70)
             exe-1049673 [001] ..... 1633834.849145: sys_nanosleep -> 0x0
             exe-1050008 [003] ..... 1633834.849146: sys_ptrace -> 0x0
             exe-1050008 [003] ..... 1633834.849148: sys_ptrace(request: 1f, pid: 10059f, addr: 0, data: 0)
             exe-1049673 [001] ..... 1633834.849148: sys_futex(uaddr: 1f09dc0, op: 80, val: 0, utime: c000069eb0, uaddr2: 0, val3: 0)
             exe-1050008 [003] ..... 1633834.849155: sys_ptrace -> 0x0
             exe-1050008 [003] ..... 1633834.849157: sys_wait4(upid: 10059f, stat_addr: c0004bdbf4, options: 40000002, ru: 0)
             exe-1050015 [002] ..... 1633834.849170: sys_add_key -> 0xfffffffffffffff3
             exe-1050008 [003] ..... 1633834.849186: sys_wait4 -> 0x10059f
             exe-1050008 [003] ..... 1633834.849187: sys_ptrace(request: 4204, pid: 10059f, addr: 1, data: c0004bdc70)
             exe-1050008 [003] ..... 1633834.849190: sys_ptrace -> 0x0
             exe-1050008 [003] ..... 1633834.849191: sys_ptrace(request: 4204, pid: 10059f, addr: 202, data: c0004bdc70)
             exe-1050008 [003] ..... 1633834.849193: sys_ptrace -> 0x0
             exe-1050008 [003] ..... 1633834.849198: sys_pwrite64(fd: 63, buf: 7fd66e1e4080, count: 7d, pos: 7f)
             exe-1050008 [003] ..... 1633834.849199: tracing_mark_write: add_key(_type=0x55f048421e6c, _description=0x7fc616a00000, _payload=0x7fc616a00001, plen=3528, ringid=0xffffffffffffffff) end
             exe-1050008 [003] ..... 1633834.920571: tracing_mark_write: add_key(_type=0x55f048421e64, _description=0x7fc6188fa000, _payload=0x7fc6188fa001, plen=66, ringid=0xffffffffffffffff) start
             exe-1050008 [003] ..... 1633834.920573: sys_pwrite64 -> 0x7d
             exe-1050008 [003] ..... 1633834.920577: sys_ptrace(request: 4205, pid: 10059f, addr: 1, data: c0004bdc70)
             exe-1050008 [003] ..... 1633834.920579: sys_ptrace -> 0x0
             exe-1050008 [003] ..... 1633834.920580: sys_ptrace(request: 4205, pid: 10059f, addr: 202, data: c0004bdc70)
             exe-1050008 [003] ..... 1633834.920586: sys_ptrace -> 0x0
             exe-1050008 [003] ..... 1633834.920588: sys_ptrace(request: 1f, pid: 10059f, addr: 0, data: 0)
             exe-1050008 [003] ..... 1633834.920594: sys_ptrace -> 0x0
             exe-1050008 [003] ..... 1633834.920595: sys_wait4(upid: 10059f, stat_addr: c0004bdbf4, options: 40000002, ru: 0)
             exe-1049673 [001] ..... 1633834.920599: sys_nanosleep -> 0x0
             exe-1049673 [001] ..... 1633834.920603: sys_futex(uaddr: 1f09dc0, op: 80, val: 0, utime: c000069eb0, uaddr2: 0, val3: 0)
             exe-1050015 [002] ..... 1633834.920603: sys_write -> 0x7d
             exe-1049567 [003] ..... 1633834.920633: sys_nanosleep -> 0x0
             exe-1049567 [003] ..... 1633834.920636: sys_nanosleep(rqtp: c000069f10, rmtp: 0)
             exe-1050008 [003] ..... 1633834.920644: sys_wait4 -> 0x10059f
             exe-1050008 [003] ..... 1633834.920646: sys_ptrace(request: 4204, pid: 10059f, addr: 1, data: c0004bdc70)
             exe-1050008 [003] ..... 1633834.920648: sys_ptrace -> 0x0
             exe-1050008 [003] ..... 1633834.920649: sys_ptrace(request: 4204, pid: 10059f, addr: 202, data: c0004bdc70)
             exe-1050008 [003] ..... 1633834.920651: sys_ptrace -> 0x0
             exe-1050008 [003] ..... 1633834.920657: sys_ptrace(request: 4205, pid: 10059f, addr: 1, data: c0004bdc70)
             exe-1050008 [003] ..... 1633834.920659: sys_ptrace -> 0x0
             exe-1050008 [003] ..... 1633834.920661: sys_ptrace(request: 4205, pid: 10059f, addr: 202, data: c0004bdc70)
             exe-1050008 [003] ..... 1633834.920667: sys_ptrace -> 0x0
             exe-1050008 [003] ..... 1633834.920668: sys_ptrace(request: 1f, pid: 10059f, addr: 0, data: 0)
             exe-1050008 [003] ..... 1633834.920674: sys_ptrace -> 0x0
             exe-1050008 [003] ..... 1633834.920675: sys_wait4(upid: 10059f, stat_addr: c0004bdbf4, options: 40000002, ru: 0)
             exe-1050015 [002] ..... 1633834.920683: sys_add_key -> 0xfffffffffffffff3
             exe-1050008 [003] ..... 1633834.920696: sys_wait4 -> 0x10059f
             exe-1050008 [003] ..... 1633834.920698: sys_ptrace(request: 4204, pid: 10059f, addr: 1, data: c0004bdc70)
             exe-1050008 [003] ..... 1633834.920700: sys_ptrace -> 0x0
             exe-1050008 [003] ..... 1633834.920702: sys_ptrace(request: 4204, pid: 10059f, addr: 202, data: c0004bdc70)
             exe-1050008 [003] ..... 1633834.920704: sys_ptrace -> 0x0
             exe-1049567 [003] ..... 1633834.920725: sys_nanosleep -> 0x0
             exe-1049567 [003] ..... 1633834.920727: sys_nanosleep(rqtp: c000069f10, rmtp: 0)
             exe-1050008 [003] ..... 1633834.920739: sys_pwrite64(fd: 63, buf: 7fd66e1e4080, count: 7b, pos: 7d)
             exe-1050008 [003] ..... 1633834.920740: tracing_mark_write: add_key(_type=0x55f048421e64, _description=0x7fc6188fa000, _payload=0x7fc6188fa001, plen=66, ringid=0xffffffffffffffff) end
             exe-1050008 [003] ..... 1633834.988540: tracing_mark_write: add_key(_type=0x55f048421e64, _description=0x7fc617900000, _payload=0x7fc617900001, plen=71, ringid=0xffffffffffffffff) start
             exe-1050008 [003] ..... 1633834.988541: sys_pwrite64 -> 0x7d
             exe-1050008 [003] ..... 1633834.988556: sys_ptrace(request: 4205, pid: 10059f, addr: 1, data: c0004bdc70)
             exe-1050008 [003] ..... 1633834.988558: sys_ptrace -> 0x0
             exe-1050008 [003] ..... 1633834.988560: sys_ptrace(request: 4205, pid: 10059f, addr: 202, data: c0004bdc70)
             exe-1050008 [003] ..... 1633834.988567: sys_ptrace -> 0x0
             exe-1050008 [003] ..... 1633834.988568: sys_ptrace(request: 1f, pid: 10059f, addr: 0, data: 0)
             exe-1050008 [003] ..... 1633834.988577: sys_ptrace -> 0x0
             exe-1050008 [003] ..... 1633834.988579: sys_wait4(upid: 10059f, stat_addr: c0004bdbf4, options: 40000002, ru: 0)
             exe-1050015 [002] ..... 1633834.988586: sys_write -> 0x7d
             exe-1050008 [003] .N... 1633834.988614: sys_wait4 -> 0x10059f
             exe-1049567 [003] ..... 1633834.988616: sys_nanosleep -> 0x0
             exe-1049567 [003] ..... 1633834.988618: sys_nanosleep(rqtp: c000069f10, rmtp: 0)
             exe-1050008 [003] ..... 1633834.988628: sys_ptrace(request: 4204, pid: 10059f, addr: 1, data: c0004bdc70)
             exe-1050008 [003] ..... 1633834.988630: sys_ptrace -> 0x0
             exe-1050008 [003] ..... 1633834.988632: sys_ptrace(request: 4204, pid: 10059f, addr: 202, data: c0004bdc70)
             exe-1050008 [003] ..... 1633834.988634: sys_ptrace -> 0x0
             exe-1050008 [003] ..... 1633834.988640: sys_ptrace(request: 4205, pid: 10059f, addr: 1, data: c0004bdc70)
             exe-1050008 [003] ..... 1633834.988642: sys_ptrace -> 0x0
             exe-1050008 [003] ..... 1633834.988643: sys_ptrace(request: 4205, pid: 10059f, addr: 202, data: c0004bdc70)
             exe-1050008 [003] ..... 1633834.988649: sys_ptrace -> 0x0
             exe-1050008 [003] ..... 1633834.988651: sys_ptrace(request: 1f, pid: 10059f, addr: 0, data: 0)
             exe-1050008 [003] ..... 1633834.988659: sys_ptrace -> 0x0
             exe-1050008 [003] ..... 1633834.988660: sys_wait4(upid: 10059f, stat_addr: c0004bdbf4, options: 40000002, ru: 0)
             exe-1050015 [002] ..... 1633834.988667: sys_add_key -> 0xfffffffffffffff3
             exe-1050008 [003] ..... 1633834.988678: sys_wait4 -> 0x10059f
             exe-1050008 [003] ..... 1633834.988681: sys_ptrace(request: 4204, pid: 10059f, addr: 1, data: c0004bdc70)
             exe-1050008 [003] ..... 1633834.988683: sys_ptrace -> 0x0
             exe-1050008 [003] ..... 1633834.988684: sys_ptrace(request: 4204, pid: 10059f, addr: 202, data: c0004bdc70)
             exe-1050008 [003] ..... 1633834.988686: sys_ptrace -> 0x0
             exe-1050008 [003] ..... 1633834.988691: sys_pwrite64(fd: 63, buf: 7fd66e1e4080, count: 7b, pos: 7d)
             exe-1050008 [003] ..... 1633834.988693: tracing_mark_write: add_key(_type=0x55f048421e64, _description=0x7fc617900000, _payload=0x7fc617900001, plen=71, ringid=0xffffffffffffffff) end
             exe-1050008 [003] ..... 1633835.054579: tracing_mark_write: add_key(_type=0x55f048421e64, _description=0x7fc6188fb004, _payload=0x7fc61890c000, plen=0x7fa2, ringid=0xffffffffffffffff) start
             exe-1050008 [003] ..... 1633835.054580: sys_pwrite64 -> 0x81
             exe-1050008 [003] ..... 1633835.054587: sys_ptrace(request: 4205, pid: 10059f, addr: 1, data: c0004bdc70)
             exe-1050008 [003] ..... 1633835.054590: sys_ptrace -> 0x0
             exe-1050008 [003] ..... 1633835.054591: sys_ptrace(request: 4205, pid: 10059f, addr: 202, data: c0004bdc70)
             exe-1050008 [003] ..... 1633835.054602: sys_ptrace -> 0x0
             exe-1050008 [003] ..... 1633835.054604: sys_ptrace(request: 1f, pid: 10059f, addr: 0, data: 0)
             exe-1050008 [003] ..... 1633835.054611: sys_ptrace -> 0x0
             exe-1050008 [003] ..... 1633835.054613: sys_wait4(upid: 10059f, stat_addr: c0004bdbf4, options: 40000002, ru: 0)
             exe-1050015 [003] ..... 1633835.054626: sys_write -> 0x81
             exe-1049673 [000] ..... 1633835.054630: sys_nanosleep -> 0x0
             exe-1049673 [000] ..... 1633835.054632: sys_nanosleep(rqtp: c000069f10, rmtp: 0)
             exe-1050008 [003] ..... 1633835.054648: sys_wait4 -> 0x10059f
             exe-1050008 [003] ..... 1633835.054652: sys_ptrace(request: 4204, pid: 10059f, addr: 1, data: c0004bdc70)
             exe-1050008 [003] ..... 1633835.054656: sys_ptrace -> 0x0
             exe-1050008 [003] ..... 1633835.054657: sys_ptrace(request: 4204, pid: 10059f, addr: 202, data: c0004bdc70)
             exe-1050008 [003] ..... 1633835.054660: sys_ptrace -> 0x0
             exe-1050008 [003] ..... 1633835.054667: sys_ptrace(request: 4205, pid: 10059f, addr: 1, data: c0004bdc70)
             exe-1050008 [003] ..... 1633835.054670: sys_ptrace -> 0x0
             exe-1050008 [003] ..... 1633835.054671: sys_ptrace(request: 4205, pid: 10059f, addr: 202, data: c0004bdc70)
             exe-1050008 [003] ..... 1633835.054681: sys_ptrace -> 0x0
             exe-1050008 [003] ..... 1633835.054683: sys_ptrace(request: 1f, pid: 10059f, addr: 0, data: 0)
             exe-1050008 [003] ..... 1633835.054689: sys_ptrace -> 0x0
             exe-1050008 [003] ..... 1633835.054691: sys_wait4(upid: 10059f, stat_addr: c0004bdbf4, options: 40000002, ru: 0)
             exe-1050015 [003] ..... 1633835.054704: sys_add_key -> 0xfffffffffffffff3
             exe-1050008 [003] ..... 1633835.054725: sys_wait4 -> 0x10059f
             exe-1050008 [003] ..... 1633835.054728: sys_ptrace(request: 4204, pid: 10059f, addr: 1, data: c0004bdc70)
             exe-1050008 [003] ..... 1633835.054733: sys_ptrace -> 0x0
             exe-1050008 [003] ..... 1633835.054734: sys_ptrace(request: 4204, pid: 10059f, addr: 202, data: c0004bdc70)
             exe-1050008 [003] ..... 1633835.054736: sys_ptrace -> 0x0
             exe-1050008 [003] ..... 1633835.054746: sys_pwrite64(fd: 63, buf: 7fd66e1e4080, count: 7f, pos: 81)
             exe-1050008 [003] ..... 1633835.054747: tracing_mark_write: add_key(_type=0x55f048421e64, _description=0x7fc6188fb004, _payload=0x7fc61890c000, plen=0x7fa2, ringid=0xffffffffffffffff) end
             exe-1050008 [002] ..... 1633835.135822: tracing_mark_write: add_key(_type=0x55f048421fdb, _description=0x7fc616a00000, _payload=0x7fc616a00000, plen=4096, ringid=0xffffffffffffffff) start
             exe-1050008 [002] ..... 1633835.135835: sys_pwrite64 -> 0x7f
             exe-1050008 [002] ..... 1633835.135843: sys_ptrace(request: 4205, pid: 10059f, addr: 1, data: c0004bdc70)
             exe-1049673 [003] ..... 1633835.135845: sys_nanosleep -> 0x0
             exe-1050008 [002] ..... 1633835.135845: sys_ptrace -> 0x0
             exe-1050008 [002] ..... 1633835.135847: sys_ptrace(request: 4205, pid: 10059f, addr: 202, data: c0004bdc70)
             exe-1049673 [003] ..... 1633835.135851: sys_nanosleep(rqtp: c000069f10, rmtp: 0)
             exe-1050008 [002] ..... 1633835.135858: sys_ptrace -> 0x0
             exe-1050008 [002] ..... 1633835.135860: sys_ptrace(request: 1f, pid: 10059f, addr: 0, data: 0)
             exe-1050008 [002] ..... 1633835.135870: sys_ptrace -> 0x0
             exe-1050008 [002] ..... 1633835.135873: sys_wait4(upid: 10059f, stat_addr: c0004bdbf4, options: 40000002, ru: 0)
             exe-1050015 [001] ..... 1633835.135893: sys_write -> 0x7f
             exe-1050008 [002] ..... 1633835.135914: sys_wait4 -> 0x10059f
             exe-1050008 [002] ..... 1633835.135917: sys_ptrace(request: 4204, pid: 10059f, addr: 1, data: c0004bdc70)
             exe-1050008 [002] ..... 1633835.135920: sys_ptrace -> 0x0
             exe-1050008 [002] ..... 1633835.135921: sys_ptrace(request: 4204, pid: 10059f, addr: 202, data: c0004bdc70)
             exe-1050008 [002] ..... 1633835.135923: sys_ptrace -> 0x0
             exe-1050008 [002] ..... 1633835.135931: sys_ptrace(request: 4205, pid: 10059f, addr: 1, data: c0004bdc70)
             exe-1049567 [003] ..... 1633835.135931: sys_nanosleep -> 0x0
             exe-1050008 [002] ..... 1633835.135933: sys_ptrace -> 0x0
             exe-1050008 [002] ..... 1633835.135934: sys_ptrace(request: 4205, pid: 10059f, addr: 202, data: c0004bdc70)
             exe-1049567 [003] ..... 1633835.135937: sys_nanosleep(rqtp: c000069f10, rmtp: 0)
             exe-1050008 [002] ..... 1633835.135941: sys_ptrace -> 0x0
             exe-1050008 [002] ..... 1633835.135943: sys_ptrace(request: 1f, pid: 10059f, addr: 0, data: 0)
             exe-1050008 [002] ..... 1633835.135949: sys_ptrace -> 0x0
             exe-1050008 [002] ..... 1633835.135951: sys_wait4(upid: 10059f, stat_addr: c0004bdbf4, options: 40000002, ru: 0)
             exe-1050015 [001] ..... 1633835.135956: sys_add_key -> 0xfffffffffffffff3
             exe-1049673 [003] ..... 1633835.135956: sys_nanosleep -> 0x0
             exe-1049673 [003] ..... 1633835.135961: sys_nanosleep(rqtp: c000069f10, rmtp: 0)
             exe-1050008 [002] ..... 1633835.135967: sys_wait4 -> 0x10059f
             exe-1050008 [002] ..... 1633835.135969: sys_ptrace(request: 4204, pid: 10059f, addr: 1, data: c0004bdc70)
             exe-1050008 [002] ..... 1633835.135971: sys_ptrace -> 0x0
             exe-1050008 [002] ..... 1633835.135973: sys_ptrace(request: 4204, pid: 10059f, addr: 202, data: c0004bdc70)
             exe-1050008 [002] ..... 1633835.135975: sys_ptrace -> 0x0
             exe-1050008 [002] ..... 1633835.135982: sys_pwrite64(fd: 63, buf: 7fd66e1e4080, count: 7d, pos: 7f)
             exe-1050008 [002] ..... 1633835.135983: tracing_mark_write: add_key(_type=0x55f048421fdb, _description=0x7fc616a00000, _payload=0x7fc616a00000, plen=4096, ringid=0xffffffffffffffff) end
             exe-1050008 [002] ..... 1633835.202365: tracing_mark_write: add_key(_type=0x55f048421e64, _description=0x7fc616800008, _payload=0x7fc61680000c, plen=17, ringid=0xffffffffffffffff) start
             exe-1050008 [002] ..... 1633835.202367: sys_pwrite64 -> 0x7d
             exe-1050008 [002] ..... 1633835.202369: sys_ptrace(request: 4205, pid: 10059f, addr: 1, data: c0004bdc70)
             exe-1050008 [002] ..... 1633835.202370: sys_ptrace -> 0x0
             exe-1050008 [002] ..... 1633835.202371: sys_ptrace(request: 4205, pid: 10059f, addr: 202, data: c0004bdc70)
             exe-1050008 [002] ..... 1633835.202375: sys_ptrace -> 0x0
             exe-1050008 [002] ..... 1633835.202376: sys_ptrace(request: 1f, pid: 10059f, addr: 0, data: 0)
             exe-1050008 [002] ..... 1633835.202380: sys_ptrace -> 0x0
             exe-1050008 [002] ..... 1633835.202381: sys_wait4(upid: 10059f, stat_addr: c0004bdbf4, options: 40000002, ru: 0)
             exe-1050015 [001] ..... 1633835.202390: sys_write -> 0x7d
             exe-1049567 [003] ..... 1633835.202410: sys_nanosleep -> 0x0
             exe-1049567 [003] ..... 1633835.202415: sys_nanosleep(rqtp: c000069f10, rmtp: 0)
             exe-1049673 [003] ..... 1633835.202436: sys_nanosleep -> 0x0
             exe-1049673 [003] ..... 1633835.202445: sys_nanosleep(rqtp: c000069f10, rmtp: 0)
             exe-1050008 [002] ..... 1633835.202463: sys_wait4 -> 0x10059f
             exe-1050008 [002] ..... 1633835.202464: sys_ptrace(request: 4204, pid: 10059f, addr: 1, data: c0004bdc70)
             exe-1050008 [002] ..... 1633835.202468: sys_ptrace -> 0x0
             exe-1050008 [002] ..... 1633835.202469: sys_ptrace(request: 4204, pid: 10059f, addr: 202, data: c0004bdc70)
             exe-1050008 [002] ..... 1633835.202470: sys_ptrace -> 0x0
             exe-1050008 [002] ..... 1633835.202474: sys_ptrace(request: 4205, pid: 10059f, addr: 1, data: c0004bdc70)
             exe-1050008 [002] ..... 1633835.202475: sys_ptrace -> 0x0
             exe-1050008 [002] ..... 1633835.202475: sys_ptrace(request: 4205, pid: 10059f, addr: 202, data: c0004bdc70)
             exe-1050008 [002] ..... 1633835.202478: sys_ptrace -> 0x0
             exe-1050008 [002] ..... 1633835.202479: sys_ptrace(request: 1f, pid: 10059f, addr: 0, data: 0)
             exe-1050008 [002] ..... 1633835.202482: sys_ptrace -> 0x0
             exe-1050008 [002] ..... 1633835.202483: sys_wait4(upid: 10059f, stat_addr: c0004bdbf4, options: 40000002, ru: 0)
             exe-1050015 [001] ..... 1633835.202493: sys_add_key -> 0xfffffffffffffff3
             exe-1050008 [002] ..... 1633835.202512: sys_wait4 -> 0x10059f
             exe-1050008 [002] ..... 1633835.202513: sys_ptrace(request: 4204, pid: 10059f, addr: 1, data: c0004bdc70)
             exe-1049567 [003] ..... 1633835.202515: sys_nanosleep -> 0x0
             exe-1049567 [003] ..... 1633835.202520: sys_nanosleep(rqtp: c000069f10, rmtp: 0)
             exe-1050008 [002] ..... 1633835.202529: sys_ptrace -> 0x0
             exe-1050008 [002] ..... 1633835.202530: sys_ptrace(request: 4204, pid: 10059f, addr: 202, data: c0004bdc70)
             exe-1050008 [002] ..... 1633835.202531: sys_ptrace -> 0x0
             exe-1050008 [002] ..... 1633835.202534: sys_pwrite64(fd: 63, buf: 7fd66e1e4080, count: 7b, pos: 7d)
             exe-1050008 [002] ..... 1633835.202535: tracing_mark_write: add_key(_type=0x55f048421e64, _description=0x7fc616800008, _payload=0x7fc61680000c, plen=17, ringid=0xffffffffffffffff) end
             exe-1050008 [002] ..... 1633835.272837: tracing_mark_write: add_key(_type=0x55f048421e64, _description=0x7fc617900008, _payload=0x7fc616d00000, plen=0, ringid=0xffffffffffffffff) start
             exe-1050008 [002] ..... 1633835.272838: sys_pwrite64 -> 0x7c
             exe-1050008 [002] ..... 1633835.272842: sys_ptrace(request: 4205, pid: 10059f, addr: 1, data: c0004bdc70)
             exe-1050008 [002] ..... 1633835.272844: sys_ptrace -> 0x0
             exe-1050008 [002] ..... 1633835.272845: sys_ptrace(request: 4205, pid: 10059f, addr: 202, data: c0004bdc70)
             exe-1050008 [002] ..... 1633835.272853: sys_ptrace -> 0x0
             exe-1050008 [002] ..... 1633835.272854: sys_ptrace(request: 1f, pid: 10059f, addr: 0, data: 0)
             exe-1050008 [002] ..... 1633835.272860: sys_ptrace -> 0x0
             exe-1050008 [002] ..... 1633835.272861: sys_wait4(upid: 10059f, stat_addr: c0004bdbf4, options: 40000002, ru: 0)
             exe-1050015 [001] ..... 1633835.272905: sys_write -> 0x7c
             exe-1049567 [003] ..... 1633835.272911: sys_nanosleep -> 0x0
             exe-1049567 [003] ..... 1633835.272916: sys_nanosleep(rqtp: c000069f10, rmtp: 0)
             exe-1050008 [002] ..... 1633835.272933: sys_wait4 -> 0x10059f
             exe-1050008 [002] ..... 1633835.272935: sys_ptrace(request: 4204, pid: 10059f, addr: 1, data: c0004bdc70)
             exe-1050008 [002] ..... 1633835.272942: sys_ptrace -> 0x0
             exe-1050008 [002] ..... 1633835.272943: sys_ptrace(request: 4204, pid: 10059f, addr: 202, data: c0004bdc70)
             exe-1050008 [002] ..... 1633835.272945: sys_ptrace -> 0x0
             exe-1050008 [002] ..... 1633835.272951: sys_ptrace(request: 4205, pid: 10059f, addr: 1, data: c0004bdc70)
             exe-1050008 [002] ..... 1633835.272953: sys_ptrace -> 0x0
             exe-1050008 [002] ..... 1633835.272954: sys_ptrace(request: 4205, pid: 10059f, addr: 202, data: c0004bdc70)
             exe-1049673 [003] ..... 1633835.272955: sys_nanosleep -> 0x0
             exe-1049673 [003] ..... 1633835.272961: sys_nanosleep(rqtp: c000069f10, rmtp: 0)
             exe-1050008 [002] ..... 1633835.272961: sys_ptrace -> 0x0
             exe-1050008 [002] ..... 1633835.272963: sys_ptrace(request: 1f, pid: 10059f, addr: 0, data: 0)
             exe-1050008 [002] ..... 1633835.272968: sys_ptrace -> 0x0
             exe-1050008 [002] ..... 1633835.272969: sys_wait4(upid: 10059f, stat_addr: c0004bdbf4, options: 40000002, ru: 0)
             exe-1050015 [001] ..... 1633835.273023: sys_add_key -> 0xfffffffffffffff3
             exe-1049567 [003] ..... 1633835.273026: sys_nanosleep -> 0x0
             exe-1049567 [003] ..... 1633835.273031: sys_nanosleep(rqtp: c000069f10, rmtp: 0)
             exe-1050008 [002] ..... 1633835.273041: sys_wait4 -> 0x10059f
             exe-1050008 [002] ..... 1633835.273043: sys_ptrace(request: 4204, pid: 10059f, addr: 1, data: c0004bdc70)
             exe-1050008 [002] ..... 1633835.273046: sys_ptrace -> 0x0
             exe-1050008 [002] ..... 1633835.273047: sys_ptrace(request: 4204, pid: 10059f, addr: 202, data: c0004bdc70)
             exe-1050008 [002] ..... 1633835.273048: sys_ptrace -> 0x0
             exe-1050008 [002] ..... 1633835.273054: sys_pwrite64(fd: 63, buf: 7fd66e1e4080, count: 7a, pos: 7c)
             exe-1049673 [003] ..... 1633835.273055: sys_nanosleep -> 0x0
             exe-1050008 [002] ..... 1633835.273056: tracing_mark_write: add_key(_type=0x55f048421e64, _description=0x7fc617900008, _payload=0x7fc616d00000, plen=0, ringid=0xffffffffffffffff) end
             exe-1050008 [002] ..... 1633835.335746: tracing_mark_write: add_key(_type=0x55f048421e64, _description=0x7fc616a00000, _payload=0x7fc617900000, plen=0x7c7c7c7c, ringid=0xffffffffffffffff) start
             exe-1050008 [002] ..... 1633835.335748: sys_pwrite64 -> 0x85
             exe-1050008 [002] ..... 1633835.335750: sys_ptrace(request: 4205, pid: 10059f, addr: 1, data: c0004bdc70)
             exe-1050008 [002] ..... 1633835.335752: sys_ptrace -> 0x0
             exe-1050008 [002] ..... 1633835.335752: sys_ptrace(request: 4205, pid: 10059f, addr: 202, data: c0004bdc70)
             exe-1050008 [002] ..... 1633835.335756: sys_ptrace -> 0x0
             exe-1050008 [002] ..... 1633835.335757: sys_ptrace(request: 1f, pid: 10059f, addr: 0, data: 0)
             exe-1050008 [002] ..... 1633835.335761: sys_ptrace -> 0x0
             exe-1050008 [002] ..... 1633835.335762: sys_wait4(upid: 10059f, stat_addr: c0004bdbf4, options: 40000002, ru: 0)
             exe-1050015 [001] ..... 1633835.335819: sys_write -> 0x85
             exe-1049673 [003] ..... 1633835.335832: sys_nanosleep -> 0x0
             exe-1050008 [002] ..... 1633835.335834: sys_wait4 -> 0x10059f
             exe-1049673 [003] ..... 1633835.335835: sys_nanosleep(rqtp: c000069f10, rmtp: 0)
             exe-1050008 [002] ..... 1633835.335835: sys_ptrace(request: 4204, pid: 10059f, addr: 1, data: c0004bdc70)
             exe-1050008 [002] ..... 1633835.335846: sys_ptrace -> 0x0
             exe-1049567 [001] ..... 1633835.335846: sys_nanosleep -> 0x0
             exe-1050008 [002] ..... 1633835.335847: sys_ptrace(request: 4204, pid: 10059f, addr: 202, data: c0004bdc70)
             exe-1050008 [002] ..... 1633835.335848: sys_ptrace -> 0x0
             exe-1050008 [002] ..... 1633835.335851: sys_ptrace(request: 4205, pid: 10059f, addr: 1, data: c0004bdc70)
             exe-1049567 [001] ..... 1633835.335852: sys_nanosleep(rqtp: c000069f10, rmtp: 0)
             exe-1050008 [002] ..... 1633835.335852: sys_ptrace -> 0x0
             exe-1050008 [002] ..... 1633835.335853: sys_ptrace(request: 4205, pid: 10059f, addr: 202, data: c0004bdc70)
             exe-1050008 [002] ..... 1633835.335856: sys_ptrace -> 0x0
             exe-1050008 [002] ..... 1633835.335857: sys_ptrace(request: 1f, pid: 10059f, addr: 0, data: 0)
             exe-1050008 [002] ..... 1633835.335861: sys_ptrace -> 0x0
             exe-1050008 [002] ..... 1633835.335862: sys_wait4(upid: 10059f, stat_addr: c0004bdbf4, options: 40000002, ru: 0)
             exe-1049673 [003] ..... 1633835.335926: sys_nanosleep -> 0x0
             exe-1049673 [003] ..... 1633835.335928: sys_nanosleep(rqtp: c000069f10, rmtp: 0)
             exe-1050015 [001] ..... 1633835.335935: sys_add_key -> 0xfffffffffffffff3
             exe-1050008 [002] ..... 1633835.335949: sys_wait4 -> 0x10059f
             exe-1050008 [002] ..... 1633835.335950: sys_ptrace(request: 4204, pid: 10059f, addr: 1, data: c0004bdc70)
             exe-1050008 [002] ..... 1633835.335961: sys_ptrace -> 0x0
             exe-1049567 [001] ..... 1633835.335962: sys_nanosleep -> 0x0
             exe-1050008 [002] ..... 1633835.335962: sys_ptrace(request: 4204, pid: 10059f, addr: 202, data: c0004bdc70)
             exe-1050008 [002] ..... 1633835.335963: sys_ptrace -> 0x0
             exe-1050008 [002] ..... 1633835.335966: sys_pwrite64(fd: 63, buf: 7fd66e1e4080, count: 83, pos: 85)
             exe-1050008 [002] ..... 1633835.335967: tracing_mark_write: add_key(_type=0x55f048421e64, _description=0x7fc616a00000, _payload=0x7fc617900000, plen=0x7c7c7c7c, ringid=0xffffffffffffffff) end
             exe-1050008 [002] ..... 1633835.397637: tracing_mark_write: add_key(_type=0x55f048421fdb, _description=0x7fc616800004, _payload=0x7fc61680000c, plen=8, ringid=0xffffffffffffffff) start
             exe-1050008 [002] ..... 1633835.397638: sys_pwrite64 -> 0x7c
             exe-1049567 [001] ..... 1633835.397640: sys_nanosleep -> 0x0
             exe-1050008 [002] ..... 1633835.397643: sys_ptrace(request: 4205, pid: 10059f, addr: 1, data: c0004bdc70)
             exe-1050008 [002] ..... 1633835.397646: sys_ptrace -> 0x0
             exe-1049567 [001] ..... 1633835.397646: sys_nanosleep(rqtp: c000069f10, rmtp: 0)
             exe-1050008 [002] ..... 1633835.397647: sys_ptrace(request: 4205, pid: 10059f, addr: 202, data: c0004bdc70)
             exe-1050008 [002] ..... 1633835.397656: sys_ptrace -> 0x0
             exe-1050008 [002] ..... 1633835.397658: sys_ptrace(request: 1f, pid: 10059f, addr: 0, data: 0)
             exe-1050008 [002] ..... 1633835.397665: sys_ptrace -> 0x0
             exe-1050008 [002] ..... 1633835.397666: sys_wait4(upid: 10059f, stat_addr: c0004bdbf4, options: 40000002, ru: 0)
             exe-1050015 [001] ..... 1633835.397684: sys_write -> 0x7c
             exe-1050008 [002] ..... 1633835.397740: sys_wait4 -> 0x10059f
             exe-1050008 [002] ..... 1633835.397742: sys_ptrace(request: 4204, pid: 10059f, addr: 1, data: c0004bdc70)
             exe-1050008 [002] ..... 1633835.397744: sys_ptrace -> 0x0
             exe-1050008 [002] ..... 1633835.397746: sys_ptrace(request: 4204, pid: 10059f, addr: 202, data: c0004bdc70)
             exe-1050008 [002] ..... 1633835.397747: sys_ptrace -> 0x0
             exe-1050008 [002] ..... 1633835.397752: sys_ptrace(request: 4205, pid: 10059f, addr: 1, data: c0004bdc70)
             exe-1050008 [002] ..... 1633835.397754: sys_ptrace -> 0x0
             exe-1050008 [002] ..... 1633835.397755: sys_ptrace(request: 4205, pid: 10059f, addr: 202, data: c0004bdc70)
             exe-1050008 [002] ..... 1633835.397762: sys_ptrace -> 0x0
             exe-1050008 [002] ..... 1633835.397763: sys_ptrace(request: 1f, pid: 10059f, addr: 0, data: 0)
             exe-1050008 [002] ..... 1633835.397769: sys_ptrace -> 0x0
             exe-1050008 [002] ..... 1633835.397771: sys_wait4(upid: 10059f, stat_addr: c0004bdbf4, options: 40000002, ru: 0)
             exe-1050015 [001] ..... 1633835.397786: sys_add_key -> 0xfffffffffffffff3
             exe-1050008 [002] ..... 1633835.397803: sys_wait4 -> 0x10059f
             exe-1050008 [002] ..... 1633835.397805: sys_ptrace(request: 4204, pid: 10059f, addr: 1, data: c0004bdc70)
             exe-1050008 [002] ..... 1633835.397809: sys_ptrace -> 0x0
             exe-1050008 [002] ..... 1633835.397810: sys_ptrace(request: 4204, pid: 10059f, addr: 202, data: c0004bdc70)
             exe-1050008 [002] ..... 1633835.397812: sys_ptrace -> 0x0
             exe-1050008 [002] ..... 1633835.397817: sys_pwrite64(fd: 63, buf: 7fd66e1e4080, count: 7a, pos: 7c)
             exe-1050008 [002] ..... 1633835.397818: tracing_mark_write: add_key(_type=0x55f048421fdb, _description=0x7fc616800004, _payload=0x7fc61680000c, plen=8, ringid=0xffffffffffffffff) end
             exe-1050008 [002] ..... 1633835.467796: tracing_mark_write: add_key(_type=0x55f048421e64, _description=0x7fc616600000, _payload=0x7fc616d00000, plen=1, ringid=0xffffffffffffffff) start
             exe-1050008 [002] ..... 1633835.467797: sys_pwrite64 -> 0x7c
             exe-1050008 [002] ..... 1633835.467805: sys_ptrace(request: 4205, pid: 10059f, addr: 1, data: c0004bdc70)
             exe-1050008 [002] ..... 1633835.467808: sys_ptrace -> 0x0
             exe-1050008 [002] ..... 1633835.467810: sys_ptrace(request: 4205, pid: 10059f, addr: 202, data: c0004bdc70)
             exe-1050008 [002] ..... 1633835.467823: sys_ptrace -> 0x0
             exe-1050008 [002] ..... 1633835.467824: sys_ptrace(request: 1f, pid: 10059f, addr: 0, data: 0)
             exe-1050008 [002] ..... 1633835.467841: sys_ptrace -> 0x0
             exe-1050008 [002] ..... 1633835.467844: sys_wait4(upid: 10059f, stat_addr: c0004bdbf4, options: 40000002, ru: 0)
             exe-1050015 [000] ..... 1633835.467858: sys_write -> 0x7c
             exe-1050008 [002] ..... 1633835.467878: sys_wait4 -> 0x10059f
             exe-1050008 [002] ..... 1633835.467880: sys_ptrace(request: 4204, pid: 10059f, addr: 1, data: c0004bdc70)
             exe-1050008 [002] ..... 1633835.467882: sys_ptrace -> 0x0
             exe-1050008 [002] ..... 1633835.467884: sys_ptrace(request: 4204, pid: 10059f, addr: 202, data: c0004bdc70)
             exe-1050008 [002] ..... 1633835.467886: sys_ptrace -> 0x0
             exe-1050008 [002] ..... 1633835.467892: sys_ptrace(request: 4205, pid: 10059f, addr: 1, data: c0004bdc70)
             exe-1050008 [002] ..... 1633835.467894: sys_ptrace -> 0x0
             exe-1050008 [002] ..... 1633835.467896: sys_ptrace(request: 4205, pid: 10059f, addr: 202, data: c0004bdc70)
             exe-1050008 [002] ..... 1633835.467904: sys_ptrace -> 0x0
             exe-1050008 [002] ..... 1633835.467906: sys_ptrace(request: 1f, pid: 10059f, addr: 0, data: 0)
             exe-1050008 [002] ..... 1633835.467916: sys_ptrace -> 0x0
             exe-1050008 [002] ..... 1633835.467918: sys_wait4(upid: 10059f, stat_addr: c0004bdbf4, options: 40000002, ru: 0)
             exe-1050015 [000] ..... 1633835.467934: sys_add_key -> 0xfffffffffffffff3
             exe-1050008 [002] ..... 1633835.467949: sys_wait4 -> 0x10059f
             exe-1050008 [002] ..... 1633835.467951: sys_ptrace(request: 4204, pid: 10059f, addr: 1, data: c0004bdc70)
             exe-1050008 [002] ..... 1633835.467954: sys_ptrace -> 0x0
             exe-1050008 [002] ..... 1633835.467956: sys_ptrace(request: 4204, pid: 10059f, addr: 202, data: c0004bdc70)
             exe-1050008 [002] ..... 1633835.467958: sys_ptrace -> 0x0
             exe-1050008 [002] ..... 1633835.467964: sys_pwrite64(fd: 63, buf: 7fd66e1e4080, count: 7a, pos: 7c)
             exe-1050008 [002] ..... 1633835.467966: tracing_mark_write: add_key(_type=0x55f048421e64, _description=0x7fc616600000, _payload=0x7fc616d00000, plen=1, ringid=0xffffffffffffffff) end
             exe-1050008 [002] ..... 1633835.536439: tracing_mark_write: add_key(_type=0x55f048421fdb, _description=0x7fc6188fa000, _payload=0x7fc6188fa004, plen=4096, ringid=0xffffffffffffffff) start
             exe-1050008 [002] ..... 1633835.536441: sys_pwrite64 -> 0x7f
             exe-1050008 [002] ..... 1633835.536449: sys_ptrace(request: 4205, pid: 10059f, addr: 1, data: c0004bdc70)
             exe-1050008 [002] ..... 1633835.536451: sys_ptrace -> 0x0
             exe-1049673 [002] ..... 1633835.536491: sys_nanosleep -> 0x0
             exe-1049673 [002] ..... 1633835.536497: sys_nanosleep(rqtp: c000069f10, rmtp: 0)
             exe-1050008 [002] ..... 1633835.536542: sys_ptrace(request: 4205, pid: 10059f, addr: 202, data: c0004bdc70)
             exe-1050008 [002] ..... 1633835.536557: sys_ptrace -> 0x0
             exe-1050008 [002] ..... 1633835.536560: sys_ptrace(request: 1f, pid: 10059f, addr: 0, data: 0)
             exe-1050008 [002] .N... 1633835.536595: sys_ptrace -> 0x0
             exe-1050015 [003] ..... 1633835.536600: sys_write -> 0x7f
             exe-1049673 [002] ..... 1633835.536606: sys_nanosleep -> 0x0
             exe-1049673 [002] ..... 1633835.536612: sys_nanosleep(rqtp: c000069f10, rmtp: 0)
             exe-1050008 [002] ..... 1633835.536638: sys_wait4(upid: 10059f, stat_addr: c0004bdbf4, options: 40000002, ru: 0)
             exe-1050008 [002] ..... 1633835.536641: sys_wait4 -> 0x10059f
             exe-1050008 [002] ..... 1633835.536644: sys_ptrace(request: 4204, pid: 10059f, addr: 1, data: c0004bdc70)
             exe-1050008 [002] ..... 1633835.536648: sys_ptrace -> 0x0
             exe-1050008 [002] ..... 1633835.536650: sys_ptrace(request: 4204, pid: 10059f, addr: 202, data: c0004bdc70)
             exe-1050008 [002] ..... 1633835.536653: sys_ptrace -> 0x0
             exe-1050008 [002] ..... 1633835.536662: sys_ptrace(request: 4205, pid: 10059f, addr: 1, data: c0004bdc70)
             exe-1050008 [002] ..... 1633835.536665: sys_ptrace -> 0x0
             exe-1050008 [002] ..... 1633835.536666: sys_ptrace(request: 4205, pid: 10059f, addr: 202, data: c0004bdc70)
             exe-1050008 [002] ..... 1633835.536679: sys_ptrace -> 0x0
             exe-1050008 [002] ..... 1633835.536681: sys_ptrace(request: 1f, pid: 10059f, addr: 0, data: 0)
             exe-1050015 [003] ..... 1633835.536715: sys_add_key -> 0xfffffffffffffff3
             exe-1050008 [002] .N... 1633835.536717: sys_ptrace -> 0x0
             exe-1049673 [002] ..... 1633835.536728: sys_nanosleep -> 0x0
             exe-1049673 [002] ..... 1633835.536734: sys_nanosleep(rqtp: c000069f10, rmtp: 0)
             exe-1050008 [002] ..... 1633835.536761: sys_wait4(upid: 10059f, stat_addr: c0004bdbf4, options: 40000002, ru: 0)
             exe-1050008 [002] ..... 1633835.536764: sys_wait4 -> 0x10059f
             exe-1050008 [002] ..... 1633835.536767: sys_ptrace(request: 4204, pid: 10059f, addr: 1, data: c0004bdc70)
             exe-1050008 [002] ..... 1633835.536771: sys_ptrace -> 0x0
             exe-1050008 [002] ..... 1633835.536772: sys_ptrace(request: 4204, pid: 10059f, addr: 202, data: c0004bdc70)
             exe-1050008 [002] ..... 1633835.536775: sys_ptrace -> 0x0
             exe-1050008 [002] ..... 1633835.536790: sys_pwrite64(fd: 63, buf: 7fd66e1e4080, count: 7d, pos: 7f)
             exe-1050008 [002] ..... 1633835.536792: tracing_mark_write: add_key(_type=0x55f048421fdb, _description=0x7fc6188fa000, _payload=0x7fc6188fa004, plen=4096, ringid=0xffffffffffffffff) end
             exe-1050008 [002] ..... 1633835.607582: tracing_mark_write: add_key(_type=0x55f048421e6c, _description=0x7fc617900000, _payload=0x7fc617900004, plen=1, ringid=0xffffffffffffffff) start
             exe-1050008 [002] ..... 1633835.607583: sys_pwrite64 -> 0x7c
             exe-1050008 [002] ..... 1633835.607590: sys_ptrace(request: 4205, pid: 10059f, addr: 1, data: c0004bdc70)
             exe-1050008 [002] ..... 1633835.607593: sys_ptrace -> 0x0
             exe-1050008 [002] ..... 1633835.607594: sys_ptrace(request: 4205, pid: 10059f, addr: 202, data: c0004bdc70)
             exe-1050289 [000] ..... 1633835.607596: sys_futex(uaddr: c0049c7548, op: 80, val: 0, utime: 0, uaddr2: 0, val3: 0)
             exe-1050008 [002] ..... 1633835.607607: sys_ptrace -> 0x0
             exe-1050008 [002] ..... 1633835.607609: sys_ptrace(request: 1f, pid: 10059f, addr: 0, data: 0)
             exe-1049567 [003] ..... 1633835.607610: sys_nanosleep -> 0x0
             exe-1049567 [003] ..... 1633835.607613: sys_nanosleep(rqtp: c000069f10, rmtp: 0)
             exe-1049673 [000] ..... 1633835.607613: sys_nanosleep -> 0x0
             exe-1050008 [002] ..... 1633835.607616: sys_ptrace -> 0x0
             exe-1050008 [002] ..... 1633835.607618: sys_wait4(upid: 10059f, stat_addr: c0004bdbf4, options: 40000002, ru: 0)
             exe-1049673 [000] ..... 1633835.607619: sys_nanosleep(rqtp: c000069f10, rmtp: 0)
             exe-1050015 [002] ..... 1633835.607632: sys_write -> 0x7c
             exe-1050008 [002] ..... 1633835.607654: sys_wait4 -> 0x10059f
             exe-1050008 [002] ..... 1633835.607657: sys_ptrace(request: 4204, pid: 10059f, addr: 1, data: c0004bdc70)
             exe-1050008 [002] ..... 1633835.607662: sys_ptrace -> 0x0
             exe-1050008 [002] ..... 1633835.607663: sys_ptrace(request: 4204, pid: 10059f, addr: 202, data: c0004bdc70)
             exe-1050008 [002] ..... 1633835.607666: sys_ptrace -> 0x0
             exe-1050008 [002] ..... 1633835.607673: sys_ptrace(request: 4205, pid: 10059f, addr: 1, data: c0004bdc70)
             exe-1050008 [002] ..... 1633835.607676: sys_ptrace -> 0x0
             exe-1050008 [002] ..... 1633835.607678: sys_ptrace(request: 4205, pid: 10059f, addr: 202, data: c0004bdc70)
             exe-1050008 [002] ..... 1633835.607688: sys_ptrace -> 0x0
             exe-1050008 [002] ..... 1633835.607690: sys_ptrace(request: 1f, pid: 10059f, addr: 0, data: 0)
             exe-1050008 [002] ..... 1633835.607696: sys_ptrace -> 0x0
             exe-1050008 [002] ..... 1633835.607698: sys_wait4(upid: 10059f, stat_addr: c0004bdbf4, options: 40000002, ru: 0)
             exe-1049567 [003] ..... 1633835.607703: sys_nanosleep -> 0x0
             exe-1049567 [003] ..... 1633835.607705: sys_nanosleep(rqtp: c000069f10, rmtp: 0)
             exe-1049673 [000] ..... 1633835.607711: sys_nanosleep -> 0x0
             exe-1050015 [002] ..... 1633835.607712: sys_add_key -> 0xfffffffffffffff3
             exe-1049673 [000] ..... 1633835.607716: sys_nanosleep(rqtp: c000069f10, rmtp: 0)
             exe-1050008 [002] ..... 1633835.607733: sys_wait4 -> 0x10059f
             exe-1050008 [002] ..... 1633835.607737: sys_ptrace(request: 4204, pid: 10059f, addr: 1, data: c0004bdc70)
             exe-1050008 [002] ..... 1633835.607741: sys_ptrace -> 0x0
             exe-1050008 [002] ..... 1633835.607743: sys_ptrace(request: 4204, pid: 10059f, addr: 202, data: c0004bdc70)
             exe-1050008 [002] ..... 1633835.607745: sys_ptrace -> 0x0
             exe-1050008 [002] ..... 1633835.607755: sys_pwrite64(fd: 63, buf: 7fd66e1e4080, count: 7a, pos: 7c)
             exe-1050008 [002] ..... 1633835.607756: tracing_mark_write: add_key(_type=0x55f048421e6c, _description=0x7fc617900000, _payload=0x7fc617900004, plen=1, ringid=0xffffffffffffffff) end
             exe-1050008 [002] ..... 1633835.675685: tracing_mark_write: add_key(_type=0x55f048421fdb, _description=0x7fc616d00001, _payload=0x7fc616d00002, plen=4, ringid=0xffffffffffffffff) start
             exe-1050008 [002] ..... 1633835.675687: sys_pwrite64 -> 0x7c
             exe-1050008 [002] ..... 1633835.675693: sys_ptrace(request: 4205, pid: 10059f, addr: 1, data: c0004bdc70)
             exe-1050008 [002] ..... 1633835.675696: sys_ptrace -> 0x0
             exe-1050008 [002] ..... 1633835.675698: sys_ptrace(request: 4205, pid: 10059f, addr: 202, data: c0004bdc70)
             exe-1050008 [002] ..... 1633835.675709: sys_ptrace -> 0x0
             exe-1050008 [002] ..... 1633835.675711: sys_ptrace(request: 1f, pid: 10059f, addr: 0, data: 0)
             exe-1050008 [002] .N... 1633835.675719: sys_ptrace -> 0x0
             exe-1050015 [002] ..... 1633835.675731: sys_write -> 0x7c
             exe-1049567 [003] ..... 1633835.675734: sys_nanosleep -> 0x0
             exe-1049567 [003] ..... 1633835.675736: sys_nanosleep(rqtp: c000069f10, rmtp: 0)
             exe-1049673 [000] ..... 1633835.675741: sys_nanosleep -> 0x0
             exe-1049673 [000] ..... 1633835.675746: sys_nanosleep(rqtp: c000069f10, rmtp: 0)
             exe-1050008 [002] ..... 1633835.675751: sys_wait4(upid: 10059f, stat_addr: c0004bdbf4, options: 40000002, ru: 0)
             exe-1050008 [002] ..... 1633835.675753: sys_wait4 -> 0x10059f
             exe-1050008 [002] ..... 1633835.675756: sys_ptrace(request: 4204, pid: 10059f, addr: 1, data: c0004bdc70)
             exe-1050008 [002] ..... 1633835.675760: sys_ptrace -> 0x0
             exe-1050008 [002] ..... 1633835.675761: sys_ptrace(request: 4204, pid: 10059f, addr: 202, data: c0004bdc70)
             exe-1050008 [002] ..... 1633835.675764: sys_ptrace -> 0x0
             exe-1050008 [002] ..... 1633835.675770: sys_ptrace(request: 4205, pid: 10059f, addr: 1, data: c0004bdc70)
             exe-1050008 [002] ..... 1633835.675773: sys_ptrace -> 0x0
             exe-1050008 [002] ..... 1633835.675774: sys_ptrace(request: 4205, pid: 10059f, addr: 202, data: c0004bdc70)
             exe-1050008 [002] ..... 1633835.675785: sys_ptrace -> 0x0
             exe-1050008 [002] ..... 1633835.675786: sys_ptrace(request: 1f, pid: 10059f, addr: 0, data: 0)
             exe-1050008 [002] .N... 1633835.675793: sys_ptrace -> 0x0
             exe-1050015 [002] ..... 1633835.675804: sys_add_key -> 0xfffffffffffffff3
             exe-1049567 [003] ..... 1633835.675820: sys_nanosleep -> 0x0
             exe-1049567 [003] ..... 1633835.675823: sys_nanosleep(rqtp: c000069f10, rmtp: 0)
             exe-1050008 [002] ..... 1633835.675823: sys_wait4(upid: 10059f, stat_addr: c0004bdbf4, options: 40000002, ru: 0)
             exe-1050008 [002] ..... 1633835.675825: sys_wait4 -> 0x10059f
             exe-1050008 [002] ..... 1633835.675828: sys_ptrace(request: 4204, pid: 10059f, addr: 1, data: c0004bdc70)
             exe-1050008 [002] ..... 1633835.675831: sys_ptrace -> 0x0
             exe-1050008 [002] ..... 1633835.675833: sys_ptrace(request: 4204, pid: 10059f, addr: 202, data: c0004bdc70)
             exe-1050008 [002] ..... 1633835.675835: sys_ptrace -> 0x0
             exe-1049673 [000] ..... 1633835.675841: sys_nanosleep -> 0x0
             exe-1050008 [002] ..... 1633835.675845: sys_pwrite64(fd: 63, buf: 7fd66e1e4080, count: 7a, pos: 7c)
             exe-1049673 [000] ..... 1633835.675846: sys_nanosleep(rqtp: c000069f10, rmtp: 0)
             exe-1050008 [002] ..... 1633835.675846: tracing_mark_write: add_key(_type=0x55f048421fdb, _description=0x7fc616d00001, _payload=0x7fc616d00002, plen=4, ringid=0xffffffffffffffff) end
             exe-1050008 [002] ..... 1633835.763893: tracing_mark_write: add_key(_type=0x55f048421e6c, _description=0x7fc616d00001, _payload=0x7fc616d00009, plen=1, ringid=0xffffffffffffffff) start
             exe-1050008 [002] ..... 1633835.763895: sys_pwrite64 -> 0x7c
             exe-1050008 [002] ..... 1633835.763901: sys_ptrace(request: 4205, pid: 10059f, addr: 1, data: c0004bdc70)
             exe-1050008 [002] ..... 1633835.763904: sys_ptrace -> 0x0
             exe-1050008 [002] ..... 1633835.763905: sys_ptrace(request: 4205, pid: 10059f, addr: 202, data: c0004bdc70)
             exe-1050008 [002] ..... 1633835.763916: sys_ptrace -> 0x0
             exe-1050008 [002] ..... 1633835.763918: sys_ptrace(request: 1f, pid: 10059f, addr: 0, data: 0)
             exe-1050008 [002] .N... 1633835.763926: sys_ptrace -> 0x0
             exe-1050015 [002] ..... 1633835.763936: sys_write -> 0x7c
             exe-1050008 [002] ..... 1633835.763956: sys_wait4(upid: 10059f, stat_addr: c0004bdbf4, options: 40000002, ru: 0)
             exe-1050008 [002] ..... 1633835.763958: sys_wait4 -> 0x10059f
             exe-1050008 [002] ..... 1633835.763961: sys_ptrace(request: 4204, pid: 10059f, addr: 1, data: c0004bdc70)
             exe-1050008 [002] ..... 1633835.763964: sys_ptrace -> 0x0
             exe-1050008 [002] ..... 1633835.763966: sys_ptrace(request: 4204, pid: 10059f, addr: 202, data: c0004bdc70)
             exe-1049567 [003] ..... 1633835.763966: sys_nanosleep -> 0x0
             exe-1049567 [003] ..... 1633835.763968: sys_nanosleep(rqtp: c000069f10, rmtp: 0)
             exe-1050008 [002] ..... 1633835.763968: sys_ptrace -> 0x0
             exe-1050008 [002] ..... 1633835.763974: sys_ptrace(request: 4205, pid: 10059f, addr: 1, data: c0004bdc70)
