             exe-1049673 [001] ..... 1633836.839865: sys_nanosleep(rqtp: c000069f10, rmtp: 0)
             exe-1050008 [000] ..... 1633836.839868: sys_ptrace(request: 4205, pid: 10059f, addr: 1, data: c0004bdc70)
             exe-1050008 [000] ..... 1633836.839871: sys_ptrace -> 0x0
             exe-1050008 [000] ..... 1633836.839873: sys_ptrace(request: 4205, pid: 10059f, addr: 202, data: c0004bdc70)
             exe-1049567 [001] ..... 1633836.839879: sys_nanosleep -> 0x0
             exe-1050008 [000] ..... 1633836.839884: sys_ptrace -> 0x0
             exe-1049567 [001] ..... 1633836.839884: sys_nanosleep(rqtp: c000069f10, rmtp: 0)
             exe-1050008 [000] ..... 1633836.839885: sys_ptrace(request: 1f, pid: 10059f, addr: 0, data: 0)
             exe-1050008 [000] .N... 1633836.839893: sys_ptrace -> 0x0
             exe-1050015 [000] ..... 1633836.839904: sys_write -> 0x83
             exe-1050008 [000] ..... 1633836.839924: sys_wait4(upid: 10059f, stat_addr: c0004bdbf4, options: 40000002, ru: 0)
             exe-1050008 [000] ..... 1633836.839926: sys_wait4 -> 0x10059f
             exe-1050008 [000] ..... 1633836.839929: sys_ptrace(request: 4204, pid: 10059f, addr: 1, data: c0004bdc70)
             exe-1050008 [000] ..... 1633836.839933: sys_ptrace -> 0x0
             exe-1050008 [000] ..... 1633836.839934: sys_ptrace(request: 4204, pid: 10059f, addr: 202, data: c0004bdc70)
             exe-1050008 [000] ..... 1633836.839937: sys_ptrace -> 0x0
             exe-1050008 [000] ..... 1633836.839945: sys_ptrace(request: 4205, pid: 10059f, addr: 1, data: c0004bdc70)
             exe-1050008 [000] ..... 1633836.839947: sys_ptrace -> 0x0
             exe-1050008 [000] ..... 1633836.839949: sys_ptrace(request: 4205, pid: 10059f, addr: 202, data: c0004bdc70)
             exe-1050008 [000] ..... 1633836.839959: sys_ptrace -> 0x0
             exe-1050008 [000] ..... 1633836.839960: sys_ptrace(request: 1f, pid: 10059f, addr: 0, data: 0)
             exe-1049567 [001] ..... 1633836.839962: sys_nanosleep -> 0x0
             exe-1049567 [001] ..... 1633836.839965: sys_nanosleep(rqtp: c000069f10, rmtp: 0)
             exe-1050008 [000] .N... 1633836.839967: sys_ptrace -> 0x0
             exe-1050015 [000] ..... 1633836.839978: sys_add_key -> 0xfffffffffffffff3
             exe-1049673 [001] ..... 1633836.839979: sys_nanosleep -> 0x0
             exe-1049673 [001] ..... 1633836.839984: sys_nanosleep(rqtp: c000069f10, rmtp: 0)
             exe-1050008 [000] ..... 1633836.839997: sys_wait4(upid: 10059f, stat_addr: c0004bdbf4, options: 40000002, ru: 0)
             exe-1050008 [000] ..... 1633836.840000: sys_wait4 -> 0x10059f
             exe-1050008 [000] ..... 1633836.840002: sys_ptrace(request: 4204, pid: 10059f, addr: 1, data: c0004bdc70)
             exe-1050008 [000] ..... 1633836.840005: sys_ptrace -> 0x0
             exe-1050008 [000] ..... 1633836.840007: sys_ptrace(request: 4204, pid: 10059f, addr: 202, data: c0004bdc70)
             exe-1050008 [000] ..... 1633836.840010: sys_ptrace -> 0x0
             exe-1050008 [000] ..... 1633836.840019: sys_pwrite64(fd: 63, buf: 7fd66e1e4080, count: 81, pos: 83)
             exe-1050008 [000] ..... 1633836.840021: tracing_mark_write: add_key(_type=0x55f048421fdb, _description=0x7fc617900001, _payload=0x7fc616800000, plen=0xffffff, ringid=0xffffffffffffffff) end
             exe-1050008 [000] ..... 1633836.905977: tracing_mark_write: add_key(_type=0x55f048421e6c, _description=0x7fc616800000, _payload=0x7fc616800001, plen=4, ringid=0xffffffffffffffff) start
             exe-1050008 [000] ..... 1633836.905979: sys_pwrite64 -> 0x7c
             exe-1050008 [000] ..... 1633836.905988: sys_ptrace(request: 4205, pid: 10059f, addr: 1, data: c0004bdc70)
             exe-1050008 [000] ..... 1633836.905992: sys_ptrace -> 0x0
             exe-1050008 [000] ..... 1633836.905994: sys_ptrace(request: 4205, pid: 10059f, addr: 202, data: c0004bdc70)
             exe-1050008 [000] ..... 1633836.906008: sys_ptrace -> 0x0
             exe-1050008 [000] ..... 1633836.906010: sys_ptrace(request: 1f, pid: 10059f, addr: 0, data: 0)
             exe-1050008 [000] .N... 1633836.906019: sys_ptrace -> 0x0
             exe-1050015 [000] ..... 1633836.906031: sys_write -> 0x7c
             exe-1050008 [000] ..... 1633836.906053: sys_wait4(upid: 10059f, stat_addr: c0004bdbf4, options: 40000002, ru: 0)
             exe-1050008 [000] ..... 1633836.906058: sys_wait4 -> 0x10059f
             exe-1050008 [000] ..... 1633836.906060: sys_ptrace(request: 4204, pid: 10059f, addr: 1, data: c0004bdc70)
             exe-1050008 [000] ..... 1633836.906065: sys_ptrace -> 0x0
             exe-1050008 [000] ..... 1633836.906067: sys_ptrace(request: 4204, pid: 10059f, addr: 202, data: c0004bdc70)
             exe-1050008 [000] ..... 1633836.906070: sys_ptrace -> 0x0
             exe-1050008 [000] ..... 1633836.906080: sys_ptrace(request: 4205, pid: 10059f, addr: 1, data: c0004bdc70)
             exe-1050008 [000] ..... 1633836.906083: sys_ptrace -> 0x0
             exe-1050008 [000] ..... 1633836.906084: sys_ptrace(request: 4205, pid: 10059f, addr: 202, data: c0004bdc70)
             exe-1050008 [000] ..... 1633836.906098: sys_ptrace -> 0x0
             exe-1050008 [000] ..... 1633836.906100: sys_ptrace(request: 1f, pid: 10059f, addr: 0, data: 0)
             exe-1050008 [000] .N... 1633836.906109: sys_ptrace -> 0x0
             exe-1050015 [000] ..... 1633836.906121: sys_add_key -> 0xfffffffffffffff3
             exe-1050008 [000] ..... 1633836.906142: sys_wait4(upid: 10059f, stat_addr: c0004bdbf4, options: 40000002, ru: 0)
             exe-1050008 [000] ..... 1633836.906146: sys_wait4 -> 0x10059f
             exe-1049567 [001] ..... 1633836.906146: sys_nanosleep -> 0x0
             exe-1050008 [000] ..... 1633836.906149: sys_ptrace(request: 4204, pid: 10059f, addr: 1, data: c0004bdc70)
             exe-1050008 [000] ..... 1633836.906153: sys_ptrace -> 0x0
             exe-1049567 [001] ..... 1633836.906156: sys_getpid()
             exe-1049567 [001] ..... 1633836.906157: sys_getpid -> 0x1003ce
             exe-1050008 [000] ..... 1633836.906158: sys_futex(uaddr: c001f2d948, op: 81, val: 1, utime: 0, uaddr2: 0, val3: 0)
             exe-1049567 [001] ..... 1633836.906160: sys_tgkill(tgid: 1003ce, pid: 100598, sig: 17)
             exe-1050008 [000] ..... 1633836.906174: sys_futex -> 0x1
             exe-1049673 [003] ..... 1633836.906188: sys_nanosleep -> 0x0
             exe-1049567 [001] .N... 1633836.906190: sys_tgkill -> 0x0
             exe-1050008 [000] ..... 1633836.906190: sys_rt_sigreturn()
             exe-1049673 [003] ..... 1633836.906192: sys_nanosleep(rqtp: c000069f10, rmtp: 0)
             exe-1050008 [000] ..... 1633836.906195: sys_futex(uaddr: c000435948, op: 80, val: 0, utime: 0, uaddr2: 0, val3: 0)
             exe-1050232 [001] ..... 1633836.906196: sys_futex -> 0x0
             exe-1050232 [001] ..... 1633836.906203: sys_futex(uaddr: c000435948, op: 81, val: 1, utime: 0, uaddr2: 0, val3: 0)
             exe-1050232 [001] ..... 1633836.906210: sys_futex -> 0x1
             exe-1050232 [001] ..... 1633836.906212: sys_futex(uaddr: c001f2d948, op: 80, val: 0, utime: 0, uaddr2: 0, val3: 0)
             exe-1049567 [001] ..... 1633836.906222: sys_nanosleep(rqtp: c000069f10, rmtp: 0)
             exe-1050008 [000] ..... 1633836.906223: sys_futex -> 0x0
             exe-1050008 [000] ..... 1633836.906228: sys_ptrace(request: 4204, pid: 10059f, addr: 202, data: c0004bdc70)
             exe-1050008 [000] ..... 1633836.906233: sys_ptrace -> 0x0
             exe-1050008 [000] ..... 1633836.906246: sys_pwrite64(fd: 63, buf: 7fd66e1e4080, count: 7a, pos: 7c)
             exe-1050008 [000] ..... 1633836.906249: tracing_mark_write: add_key(_type=0x55f048421e6c, _description=0x7fc616800000, _payload=0x7fc616800001, plen=4, ringid=0xffffffffffffffff) end
             exe-1050008 [000] ..... 1633836.976031: tracing_mark_write: add_key(_type=0x55f048421fdb, _description=0x7fc616600001, _payload=0x7fc616a00000, plen=8, ringid=0xffffffffffffffff) start
             exe-1050008 [000] ..... 1633836.976033: sys_pwrite64 -> 0x7c
             exe-1050008 [000] ..... 1633836.976038: sys_ptrace(request: 4205, pid: 10059f, addr: 1, data: c0004bdc70)
             exe-1050008 [000] ..... 1633836.976040: sys_ptrace -> 0x0
             exe-1050008 [000] ..... 1633836.976041: sys_ptrace(request: 4205, pid: 10059f, addr: 202, data: c0004bdc70)
             exe-1050008 [000] ..... 1633836.976050: sys_ptrace -> 0x0
             exe-1050008 [000] ..... 1633836.976051: sys_ptrace(request: 1f, pid: 10059f, addr: 0, data: 0)
             exe-1050008 [000] .N... 1633836.976057: sys_ptrace -> 0x0
             exe-1050015 [000] ..... 1633836.976066: sys_write -> 0x7c
             exe-1050008 [000] ..... 1633836.976080: sys_wait4(upid: 10059f, stat_addr: c0004bdbf4, options: 40000002, ru: 0)
             exe-1050008 [000] ..... 1633836.976082: sys_wait4 -> 0x10059f
             exe-1050008 [000] ..... 1633836.976083: sys_ptrace(request: 4204, pid: 10059f, addr: 1, data: c0004bdc70)
             exe-1050008 [000] ..... 1633836.976086: sys_ptrace -> 0x0
             exe-1050008 [000] ..... 1633836.976088: sys_ptrace(request: 4204, pid: 10059f, addr: 202, data: c0004bdc70)
             exe-1050008 [000] ..... 1633836.976090: sys_ptrace -> 0x0
             exe-1050008 [000] ..... 1633836.976096: sys_ptrace(request: 4205, pid: 10059f, addr: 1, data: c0004bdc70)
             exe-1050008 [000] ..... 1633836.976098: sys_ptrace -> 0x0
             exe-1050008 [000] ..... 1633836.976099: sys_ptrace(request: 4205, pid: 10059f, addr: 202, data: c0004bdc70)
             exe-1050008 [000] ..... 1633836.976106: sys_ptrace -> 0x0
             exe-1050008 [000] ..... 1633836.976108: sys_ptrace(request: 1f, pid: 10059f, addr: 0, data: 0)
             exe-1050008 [000] .N... 1633836.976112: sys_ptrace -> 0x0
             exe-1050015 [000] ..... 1633836.976120: sys_add_key -> 0xfffffffffffffff3
             exe-1050008 [000] ..... 1633836.976134: sys_wait4(upid: 10059f, stat_addr: c0004bdbf4, options: 40000002, ru: 0)
             exe-1050008 [000] ..... 1633836.976136: sys_wait4 -> 0x10059f
             exe-1049567 [001] ..... 1633836.976137: sys_nanosleep -> 0x0
             exe-1050008 [000] ..... 1633836.976138: sys_ptrace(request: 4204, pid: 10059f, addr: 1, data: c0004bdc70)
             exe-1050008 [000] ..... 1633836.976141: sys_ptrace -> 0x0
             exe-1050008 [000] ..... 1633836.976142: sys_ptrace(request: 4204, pid: 10059f, addr: 202, data: c0004bdc70)
             exe-1050008 [000] ..... 1633836.976144: sys_ptrace -> 0x0
             exe-1049567 [001] ..... 1633836.976146: sys_nanosleep(rqtp: c000069f10, rmtp: 0)
             exe-1050008 [000] ..... 1633836.976151: sys_pwrite64(fd: 63, buf: 7fd66e1e4080, count: 7a, pos: 7c)
             exe-1050008 [000] ..... 1633836.976153: tracing_mark_write: add_key(_type=0x55f048421fdb, _description=0x7fc616600001, _payload=0x7fc616a00000, plen=8, ringid=0xffffffffffffffff) end
             exe-1050008 [000] ..... 1633837.049344: tracing_mark_write: add_key(_type=0x55f048421e64, _description=0x7fc616a00000, _payload=0x7fc616a00001, plen=8, ringid=0xffffffffffffffff) start
             exe-1050008 [000] ..... 1633837.049346: sys_pwrite64 -> 0x7c
             exe-1050008 [000] ..... 1633837.049353: sys_ptrace(request: 4205, pid: 10059f, addr: 1, data: c0004bdc70)
             exe-1050008 [000] ..... 1633837.049356: sys_ptrace -> 0x0
             exe-1050008 [000] ..... 1633837.049357: sys_ptrace(request: 4205, pid: 10059f, addr: 202, data: c0004bdc70)
             exe-1050008 [000] ..... 1633837.049369: sys_ptrace -> 0x0
             exe-1050008 [000] ..... 1633837.049370: sys_ptrace(request: 1f, pid: 10059f, addr: 0, data: 0)
             exe-1050008 [000] .N... 1633837.049379: sys_ptrace -> 0x0
             exe-1050015 [000] ..... 1633837.049390: sys_write -> 0x7c
             exe-1050008 [000] ..... 1633837.049410: sys_wait4(upid: 10059f, stat_addr: c0004bdbf4, options: 40000002, ru: 0)
             exe-1050008 [000] ..... 1633837.049413: sys_wait4 -> 0x10059f
             exe-1050008 [000] ..... 1633837.049415: sys_ptrace(request: 4204, pid: 10059f, addr: 1, data: c0004bdc70)
             exe-1050008 [000] ..... 1633837.049419: sys_ptrace -> 0x0
             exe-1050008 [000] ..... 1633837.049421: sys_ptrace(request: 4204, pid: 10059f, addr: 202, data: c0004bdc70)
             exe-1050008 [000] ..... 1633837.049423: sys_ptrace -> 0x0
             exe-1050008 [000] ..... 1633837.049430: sys_ptrace(request: 4205, pid: 10059f, addr: 1, data: c0004bdc70)
             exe-1050008 [000] ..... 1633837.049433: sys_ptrace -> 0x0
             exe-1050008 [000] ..... 1633837.049434: sys_ptrace(request: 4205, pid: 10059f, addr: 202, data: c0004bdc70)
             exe-1050008 [000] ..... 1633837.049444: sys_ptrace -> 0x0
             exe-1050008 [000] ..... 1633837.049446: sys_ptrace(request: 1f, pid: 10059f, addr: 0, data: 0)
             exe-1050008 [000] .N... 1633837.049453: sys_ptrace -> 0x0
             exe-1050015 [000] ..... 1633837.049463: sys_add_key -> 0xfffffffffffffff3
             exe-1050008 [000] ..... 1633837.049483: sys_wait4(upid: 10059f, stat_addr: c0004bdbf4, options: 40000002, ru: 0)
             exe-1050008 [000] ..... 1633837.049485: sys_wait4 -> 0x10059f
             exe-1050008 [000] ..... 1633837.049487: sys_ptrace(request: 4204, pid: 10059f, addr: 1, data: c0004bdc70)
             exe-1050008 [000] ..... 1633837.049491: sys_ptrace -> 0x0
             exe-1050008 [000] ..... 1633837.049493: sys_ptrace(request: 4204, pid: 10059f, addr: 202, data: c0004bdc70)
             exe-1050008 [000] ..... 1633837.049495: sys_ptrace -> 0x0
             exe-1050008 [000] ..... 1633837.049504: sys_pwrite64(fd: 63, buf: 7fd66e1e4080, count: 7a, pos: 7c)
             exe-1050008 [000] ..... 1633837.049506: tracing_mark_write: add_key(_type=0x55f048421e64, _description=0x7fc616a00000, _payload=0x7fc616a00001, plen=8, ringid=0xffffffffffffffff) end
             exe-1050008 [000] ..... 1633837.123379: tracing_mark_write: add_key(_type=0x55f048421fdb, _description=0x7fc6188fb000, _payload=0x7fc6188fc000, plen=246, ringid=0xffffffffffffffff) start
             exe-1050008 [000] ..... 1633837.123381: sys_pwrite64 -> 0x7e
             exe-1050008 [000] ..... 1633837.123388: sys_ptrace(request: 4205, pid: 10059f, addr: 1, data: c0004bdc70)
             exe-1050008 [000] ..... 1633837.123391: sys_ptrace -> 0x0
             exe-1050289 [002] ..... 1633837.123392: sys_nanosleep -> 0x0
             exe-1050008 [000] ..... 1633837.123393: sys_ptrace(request: 4205, pid: 10059f, addr: 202, data: c0004bdc70)
             exe-1050289 [002] ..... 1633837.123403: sys_futex(uaddr: c00097a548, op: 81, val: 1, utime: 0, uaddr2: 0, val3: 0)
             exe-1050008 [000] ..... 1633837.123405: sys_ptrace -> 0x0
             exe-1050008 [000] ..... 1633837.123407: sys_ptrace(request: 1f, pid: 10059f, addr: 0, data: 0)
             exe-1050008 [000] .N... 1633837.123415: sys_ptrace -> 0x0
             exe-1050289 [002] ..... 1633837.123421: sys_futex -> 0x1
             exe-1050015 [000] ..... 1633837.123426: sys_write -> 0x7e
             exe-1050289 [002] ..... 1633837.123437: sys_futex(uaddr: c0049c7548, op: 80, val: 0, utime: 0, uaddr2: 0, val3: 0)
             exe-1049981 [001] ..... 1633837.123446: sys_futex -> 0x0
             exe-1050008 [000] ..... 1633837.123446: sys_wait4(upid: 10059f, stat_addr: c0004bdbf4, options: 40000002, ru: 0)
             exe-1050008 [000] ..... 1633837.123449: sys_wait4 -> 0x10059f
             exe-1050008 [000] ..... 1633837.123451: sys_ptrace(request: 4204, pid: 10059f, addr: 1, data: c0004bdc70)
             exe-1049981 [001] ..... 1633837.123454: sys_futex(uaddr: c00097a548, op: 80, val: 0, utime: 0, uaddr2: 0, val3: 0)
             exe-1050008 [000] ..... 1633837.123455: sys_ptrace -> 0x0
             exe-1050008 [000] ..... 1633837.123457: sys_ptrace(request: 4204, pid: 10059f, addr: 202, data: c0004bdc70)
             exe-1049673 [002] ..... 1633837.123459: sys_nanosleep -> 0x0
             exe-1050008 [000] ..... 1633837.123459: sys_ptrace -> 0x0
             exe-1050008 [000] ..... 1633837.123467: sys_ptrace(request: 4205, pid: 10059f, addr: 1, data: c0004bdc70)
             exe-1049673 [002] ..... 1633837.123467: sys_futex(uaddr: 1f09dc0, op: 80, val: 0, utime: c000069eb0, uaddr2: 0, val3: 0)
             exe-1050008 [000] ..... 1633837.123469: sys_ptrace -> 0x0
             exe-1050008 [000] ..... 1633837.123471: sys_ptrace(request: 4205, pid: 10059f, addr: 202, data: c0004bdc70)
             exe-1050008 [000] ..... 1633837.123484: sys_ptrace -> 0x0
             exe-1050008 [000] ..... 1633837.123486: sys_ptrace(request: 1f, pid: 10059f, addr: 0, data: 0)
             exe-1050008 [000] .N... 1633837.123493: sys_ptrace -> 0x0
             exe-1050015 [000] ..... 1633837.123504: sys_add_key -> 0xfffffffffffffff3
             exe-1050008 [000] ..... 1633837.123523: sys_wait4(upid: 10059f, stat_addr: c0004bdbf4, options: 40000002, ru: 0)
             exe-1050008 [000] ..... 1633837.123526: sys_wait4 -> 0x10059f
             exe-1050008 [000] ..... 1633837.123528: sys_ptrace(request: 4204, pid: 10059f, addr: 1, data: c0004bdc70)
             exe-1050008 [000] ..... 1633837.123532: sys_ptrace -> 0x0
             exe-1050008 [000] ..... 1633837.123533: sys_ptrace(request: 4204, pid: 10059f, addr: 202, data: c0004bdc70)
             exe-1050008 [000] ..... 1633837.123536: sys_ptrace -> 0x0
             exe-1050008 [000] ..... 1633837.123545: sys_pwrite64(fd: 63, buf: 7fd66e1e4080, count: 7c, pos: 7e)
             exe-1050008 [000] ..... 1633837.123547: tracing_mark_write: add_key(_type=0x55f048421fdb, _description=0x7fc6188fb000, _payload=0x7fc6188fc000, plen=246, ringid=0xffffffffffffffff) end
             exe-1050008 [000] ..... 1633837.187230: tracing_mark_write: add_key(_type=0x55f048421e64, _description=0x7fc6188fa008, _payload=0x7fc616800000, plen=0xff69, ringid=0xffffffffffffffff) start
             exe-1050008 [000] ..... 1633837.187231: sys_pwrite64 -> 0x81
             exe-1050008 [000] ..... 1633837.187238: sys_ptrace(request: 4205, pid: 10059f, addr: 1, data: c0004bdc70)
             exe-1050008 [000] ..... 1633837.187241: sys_ptrace -> 0x0
             exe-1050008 [000] ..... 1633837.187243: sys_ptrace(request: 4205, pid: 10059f, addr: 202, data: c0004bdc70)
             exe-1050008 [000] ..... 1633837.187254: sys_ptrace -> 0x0
             exe-1050008 [000] ..... 1633837.187256: sys_ptrace(request: 1f, pid: 10059f, addr: 0, data: 0)
             exe-1050008 [000] .N... 1633837.187263: sys_ptrace -> 0x0
             exe-1050015 [000] ..... 1633837.187274: sys_write -> 0x81
             exe-1049567 [003] ..... 1633837.187292: sys_nanosleep -> 0x0
             exe-1050008 [000] ..... 1633837.187294: sys_wait4(upid: 10059f, stat_addr: c0004bdbf4, options: 40000002, ru: 0)
             exe-1050008 [000] ..... 1633837.187297: sys_wait4 -> 0x10059f
             exe-1049567 [003] ..... 1633837.187297: sys_nanosleep(rqtp: c000069f10, rmtp: 0)
             exe-1050008 [000] ..... 1633837.187299: sys_ptrace(request: 4204, pid: 10059f, addr: 1, data: c0004bdc70)
             exe-1050008 [000] ..... 1633837.187303: sys_ptrace -> 0x0
             exe-1050008 [000] ..... 1633837.187305: sys_ptrace(request: 4204, pid: 10059f, addr: 202, data: c0004bdc70)
             exe-1050008 [000] ..... 1633837.187307: sys_ptrace -> 0x0
             exe-1050008 [000] ..... 1633837.187315: sys_ptrace(request: 4205, pid: 10059f, addr: 1, data: c0004bdc70)
             exe-1050008 [000] ..... 1633837.187317: sys_ptrace -> 0x0
             exe-1050008 [000] ..... 1633837.187319: sys_ptrace(request: 4205, pid: 10059f, addr: 202, data: c0004bdc70)
             exe-1050008 [000] ..... 1633837.187328: sys_ptrace -> 0x0
             exe-1050008 [000] ..... 1633837.187330: sys_ptrace(request: 1f, pid: 10059f, addr: 0, data: 0)
             exe-1050008 [000] .N... 1633837.187337: sys_ptrace -> 0x0
             exe-1050015 [000] ..... 1633837.187348: sys_add_key -> 0xfffffffffffffff3
             exe-1050008 [000] ..... 1633837.187367: sys_wait4(upid: 10059f, stat_addr: c0004bdbf4, options: 40000002, ru: 0)
             exe-1050008 [000] ..... 1633837.187370: sys_wait4 -> 0x10059f
             exe-1050008 [000] ..... 1633837.187372: sys_ptrace(request: 4204, pid: 10059f, addr: 1, data: c0004bdc70)
             exe-1050008 [000] ..... 1633837.187376: sys_ptrace -> 0x0
             exe-1050008 [000] ..... 1633837.187378: sys_ptrace(request: 4204, pid: 10059f, addr: 202, data: c0004bdc70)
             exe-1050008 [000] ..... 1633837.187380: sys_ptrace -> 0x0
             exe-1050008 [000] ..... 1633837.187390: sys_pwrite64(fd: 63, buf: 7fd66e1e4080, count: 7f, pos: 81)
             exe-1050008 [000] ..... 1633837.187391: tracing_mark_write: add_key(_type=0x55f048421e64, _description=0x7fc6188fa008, _payload=0x7fc616800000, plen=0xff69, ringid=0xffffffffffffffff) end
             exe-1050008 [001] ..... 1633837.272393: tracing_mark_write: add_key(_type=0x55f048421e6c, _description=0x7fc616600008, _payload=0x7fc618500000, plen=0xffff, ringid=0xffffffffffffffff) start
             exe-1050008 [001] ..... 1633837.272395: sys_pwrite64 -> 0x81
             exe-1049673 [000] .N... 1633837.272396: sys_futex -> 0x1
             exe-1050008 [001] ..... 1633837.272400: sys_ptrace(request: 4205, pid: 10059f, addr: 1, data: c0004bdc70)
             exe-1050526 [000] ..... 1633837.272400: sys_futex -> 0x0
             exe-1050008 [001] ..... 1633837.272402: sys_ptrace -> 0x0
             exe-1050008 [001] ..... 1633837.272403: sys_ptrace(request: 4205, pid: 10059f, addr: 202, data: c0004bdc70)
             exe-1050526 [000] ..... 1633837.272406: sys_futex(uaddr: c000466948, op: 80, val: 0, utime: 0, uaddr2: 0, val3: 0)
             exe-1050008 [001] ..... 1633837.272410: sys_ptrace -> 0x0
             exe-1050008 [001] ..... 1633837.272412: sys_ptrace(request: 1f, pid: 10059f, addr: 0, data: 0)
             exe-1049673 [000] ..... 1633837.272413: sys_nanosleep(rqtp: c000069f10, rmtp: 0)
             exe-1050008 [001] ..... 1633837.272418: sys_ptrace -> 0x0
             exe-1050008 [001] ..... 1633837.272420: sys_wait4(upid: 10059f, stat_addr: c0004bdbf4, options: 40000002, ru: 0)
             exe-1050015 [000] ..... 1633837.272440: sys_write -> 0x81
             exe-1050008 [001] ..... 1633837.272461: sys_wait4 -> 0x10059f
             exe-1050008 [001] ..... 1633837.272464: sys_ptrace(request: 4204, pid: 10059f, addr: 1, data: c0004bdc70)
             exe-1050008 [001] ..... 1633837.272467: sys_ptrace -> 0x0
             exe-1049567 [000] ..... 1633837.272467: sys_nanosleep -> 0x0
             exe-1050008 [001] ..... 1633837.272468: sys_ptrace(request: 4204, pid: 10059f, addr: 202, data: c0004bdc70)
             exe-1050008 [001] ..... 1633837.272470: sys_ptrace -> 0x0
             exe-1049567 [000] ..... 1633837.272473: sys_nanosleep(rqtp: c000069f10, rmtp: 0)
             exe-1050008 [001] ..... 1633837.272475: sys_ptrace(request: 4205, pid: 10059f, addr: 1, data: c0004bdc70)
             exe-1050008 [001] ..... 1633837.272484: sys_ptrace -> 0x0
             exe-1050008 [001] ..... 1633837.272486: sys_ptrace(request: 4205, pid: 10059f, addr: 202, data: c0004bdc70)
             exe-1050008 [001] ..... 1633837.272492: sys_ptrace -> 0x0
             exe-1050008 [001] ..... 1633837.272493: sys_ptrace(request: 1f, pid: 10059f, addr: 0, data: 0)
             exe-1050008 [001] ..... 1633837.272499: sys_ptrace -> 0x0
             exe-1050008 [001] ..... 1633837.272501: sys_wait4(upid: 10059f, stat_addr: c0004bdbf4, options: 40000002, ru: 0)
             exe-1050015 [000] ..... 1633837.272524: sys_add_key -> 0xfffffffffffffff3
             exe-1050008 [001] ..... 1633837.272545: sys_wait4 -> 0x10059f
             exe-1050008 [001] ..... 1633837.272547: sys_ptrace(request: 4204, pid: 10059f, addr: 1, data: c0004bdc70)
             exe-1050008 [001] ..... 1633837.272551: sys_ptrace -> 0x0
             exe-1049673 [000] ..... 1633837.272551: sys_nanosleep -> 0x0
             exe-1050008 [001] ..... 1633837.272553: sys_ptrace(request: 4204, pid: 10059f, addr: 202, data: c0004bdc70)
             exe-1050008 [001] ..... 1633837.272554: sys_ptrace -> 0x0
             exe-1049673 [000] ..... 1633837.272558: sys_futex(uaddr: 1f09dc0, op: 80, val: 0, utime: c000069eb0, uaddr2: 0, val3: 0)
             exe-1050008 [001] ..... 1633837.272559: sys_pwrite64(fd: 63, buf: 7fd66e1e4080, count: 7f, pos: 81)
             exe-1050008 [001] ..... 1633837.272560: tracing_mark_write: add_key(_type=0x55f048421e6c, _description=0x7fc616600008, _payload=0x7fc618500000, plen=0xffff, ringid=0xffffffffffffffff) end
             exe-1050008 [001] ..... 1633837.327864: tracing_mark_write: add_key(_type=0x55f048421e6c, _description=0x7fc616800001, _payload=0x7fc616800005, plen=4096, ringid=0xffffffffffffffff) start
             exe-1050008 [001] ..... 1633837.327866: sys_pwrite64 -> 0x7f
             exe-1049673 [000] .N... 1633837.327866: sys_futex -> 0x1
             exe-1050526 [000] ..... 1633837.327870: sys_futex -> 0x0
             exe-1050008 [001] ..... 1633837.327871: sys_ptrace(request: 4205, pid: 10059f, addr: 1, data: c0004bdc70)
             exe-1050008 [001] ..... 1633837.327874: sys_ptrace -> 0x0
             exe-1050008 [001] ..... 1633837.327875: sys_ptrace(request: 4205, pid: 10059f, addr: 202, data: c0004bdc70)
             exe-1050526 [000] ..... 1633837.327876: sys_futex(uaddr: c000466948, op: 80, val: 0, utime: 0, uaddr2: 0, val3: 0)
             exe-1050008 [001] ..... 1633837.327882: sys_ptrace -> 0x0
             exe-1049673 [000] ..... 1633837.327883: sys_nanosleep(rqtp: c000069f10, rmtp: 0)
             exe-1050008 [001] ..... 1633837.327884: sys_ptrace(request: 1f, pid: 10059f, addr: 0, data: 0)
             exe-1050008 [001] ..... 1633837.327891: sys_ptrace -> 0x0
             exe-1050008 [001] ..... 1633837.327893: sys_wait4(upid: 10059f, stat_addr: c0004bdbf4, options: 40000002, ru: 0)
             exe-1050015 [000] ..... 1633837.327908: sys_write -> 0x7f
             exe-1050008 [001] ..... 1633837.327928: sys_wait4 -> 0x10059f
             exe-1050008 [001] ..... 1633837.327930: sys_ptrace(request: 4204, pid: 10059f, addr: 1, data: c0004bdc70)
             exe-1049567 [000] ..... 1633837.327936: sys_nanosleep -> 0x0
             exe-1050008 [001] ..... 1633837.327936: sys_ptrace -> 0x0
             exe-1050008 [001] ..... 1633837.327937: sys_ptrace(request: 4204, pid: 10059f, addr: 202, data: c0004bdc70)
             exe-1050008 [001] ..... 1633837.327939: sys_ptrace -> 0x0
             exe-1049567 [000] ..... 1633837.327942: sys_nanosleep(rqtp: c000069f10, rmtp: 0)
             exe-1050008 [001] ..... 1633837.327945: sys_ptrace(request: 4205, pid: 10059f, addr: 1, data: c0004bdc70)
             exe-1050008 [001] ..... 1633837.327954: sys_ptrace -> 0x0
             exe-1050008 [001] ..... 1633837.327955: sys_ptrace(request: 4205, pid: 10059f, addr: 202, data: c0004bdc70)
             exe-1050008 [001] ..... 1633837.327962: sys_ptrace -> 0x0
             exe-1050008 [001] ..... 1633837.327964: sys_ptrace(request: 1f, pid: 10059f, addr: 0, data: 0)
             exe-1050008 [001] ..... 1633837.327970: sys_ptrace -> 0x0
             exe-1050008 [001] ..... 1633837.327972: sys_wait4(upid: 10059f, stat_addr: c0004bdbf4, options: 40000002, ru: 0)
             exe-1050015 [000] ..... 1633837.327993: sys_add_key -> 0xfffffffffffffff3
             exe-1050008 [001] ..... 1633837.328013: sys_wait4 -> 0x10059f
             exe-1050008 [001] ..... 1633837.328015: sys_ptrace(request: 4204, pid: 10059f, addr: 1, data: c0004bdc70)
             exe-1050008 [001] ..... 1633837.328021: sys_ptrace -> 0x0
             exe-1049673 [000] ..... 1633837.328021: sys_nanosleep -> 0x0
             exe-1050008 [001] ..... 1633837.328023: sys_ptrace(request: 4204, pid: 10059f, addr: 202, data: c0004bdc70)
             exe-1050008 [001] ..... 1633837.328025: sys_ptrace -> 0x0
             exe-1049673 [000] ..... 1633837.328029: sys_futex(uaddr: 1f09dc0, op: 80, val: 0, utime: c000069eb0, uaddr2: 0, val3: 0)
             exe-1050008 [001] ..... 1633837.328030: sys_pwrite64(fd: 63, buf: 7fd66e1e4080, count: 7d, pos: 7f)
             exe-1050008 [001] ..... 1633837.328031: tracing_mark_write: add_key(_type=0x55f048421e6c, _description=0x7fc616800001, _payload=0x7fc616800005, plen=4096, ringid=0xffffffffffffffff) end
             exe-1050008 [001] ..... 1633837.400823: tracing_mark_write: add_key(_type=0x55f048421e6c, _description=0x7fc616800000, _payload=0x7fc616800001, plen=1, ringid=0xffffffffffffffff) start
             exe-1050008 [001] ..... 1633837.400825: sys_pwrite64 -> 0x7c
             exe-1050008 [001] ..... 1633837.400830: sys_ptrace(request: 4205, pid: 10059f, addr: 1, data: c0004bdc70)
             exe-1050008 [001] ..... 1633837.400832: sys_ptrace -> 0x0
             exe-1050008 [001] ..... 1633837.400834: sys_ptrace(request: 4205, pid: 10059f, addr: 202, data: c0004bdc70)
             exe-1050008 [001] ..... 1633837.400841: sys_ptrace -> 0x0
             exe-1050008 [001] ..... 1633837.400842: sys_ptrace(request: 1f, pid: 10059f, addr: 0, data: 0)
             exe-1049567 [000] ..... 1633837.400847: sys_nanosleep -> 0x0
             exe-1050008 [001] ..... 1633837.400849: sys_ptrace -> 0x0
             exe-1049567 [000] ..... 1633837.400851: sys_nanosleep(rqtp: c000069f10, rmtp: 0)
             exe-1050008 [001] ..... 1633837.400851: sys_wait4(upid: 10059f, stat_addr: c0004bdbf4, options: 40000002, ru: 0)
             exe-1050015 [003] ..... 1633837.400865: sys_write -> 0x7c
             exe-1050008 [001] ..... 1633837.400889: sys_wait4 -> 0x10059f
             exe-1050008 [001] ..... 1633837.400892: sys_ptrace(request: 4204, pid: 10059f, addr: 1, data: c0004bdc70)
             exe-1050008 [001] ..... 1633837.400894: sys_ptrace -> 0x0
             exe-1050008 [001] ..... 1633837.400895: sys_ptrace(request: 4204, pid: 10059f, addr: 202, data: c0004bdc70)
             exe-1050008 [001] ..... 1633837.400898: sys_ptrace -> 0x0
             exe-1050008 [001] ..... 1633837.400902: sys_ptrace(request: 4205, pid: 10059f, addr: 1, data: c0004bdc70)
             exe-1050008 [001] ..... 1633837.400905: sys_ptrace -> 0x0
             exe-1050008 [001] ..... 1633837.400906: sys_ptrace(request: 4205, pid: 10059f, addr: 202, data: c0004bdc70)
             exe-1050008 [001] ..... 1633837.400912: sys_ptrace -> 0x0
             exe-1050008 [001] ..... 1633837.400914: sys_ptrace(request: 1f, pid: 10059f, addr: 0, data: 0)
             exe-1050008 [001] ..... 1633837.400920: sys_ptrace -> 0x0
             exe-1050008 [001] ..... 1633837.400922: sys_wait4(upid: 10059f, stat_addr: c0004bdbf4, options: 40000002, ru: 0)
             exe-1050015 [003] ..... 1633837.400979: sys_add_key -> 0xfffffffffffffff3
             exe-1050008 [001] ..... 1633837.401008: sys_wait4 -> 0x10059f
             exe-1050008 [001] ..... 1633837.401010: sys_ptrace(request: 4204, pid: 10059f, addr: 1, data: c0004bdc70)
             exe-1050008 [001] ..... 1633837.401013: sys_ptrace -> 0x0
             exe-1050008 [001] ..... 1633837.401014: sys_ptrace(request: 4204, pid: 10059f, addr: 202, data: c0004bdc70)
             exe-1050008 [001] ..... 1633837.401017: sys_ptrace -> 0x0
             exe-1050008 [001] ..... 1633837.401023: sys_pwrite64(fd: 63, buf: 7fd66e1e4080, count: 7a, pos: 7c)
             exe-1050008 [001] ..... 1633837.401024: tracing_mark_write: add_key(_type=0x55f048421e6c, _description=0x7fc616800000, _payload=0x7fc616800001, plen=1, ringid=0xffffffffffffffff) end
             exe-1050008 [001] ..... 1633837.468393: tracing_mark_write: add_key(_type=0x55f048421e6c, _description=0x7fc61890c000, _payload=0x7fc616a00000, plen=4, ringid=0xffffffffffffffff) start
             exe-1050008 [001] ..... 1633837.468395: sys_pwrite64 -> 0x7c
             exe-1049673 [000] ..... 1633837.468395: sys_nanosleep(rqtp: c000069f10, rmtp: 0)
             exe-1050008 [001] ..... 1633837.468401: sys_ptrace(request: 4205, pid: 10059f, addr: 1, data: c0004bdc70)
             exe-1050008 [001] ..... 1633837.468404: sys_ptrace -> 0x0
             exe-1050008 [001] ..... 1633837.468405: sys_ptrace(request: 4205, pid: 10059f, addr: 202, data: c0004bdc70)
             exe-1049567 [000] ..... 1633837.468410: sys_nanosleep -> 0x0
             exe-1049567 [000] ..... 1633837.468416: sys_nanosleep(rqtp: c000069f10, rmtp: 0)
             exe-1050008 [001] ..... 1633837.468416: sys_ptrace -> 0x0
             exe-1050008 [001] ..... 1633837.468418: sys_ptrace(request: 1f, pid: 10059f, addr: 0, data: 0)
             exe-1050008 [001] .N... 1633837.468425: sys_ptrace -> 0x0
             exe-1050015 [001] ..... 1633837.468436: sys_write -> 0x7c
             exe-1050008 [001] ..... 1633837.468455: sys_wait4(upid: 10059f, stat_addr: c0004bdbf4, options: 40000002, ru: 0)
             exe-1050008 [001] ..... 1633837.468458: sys_wait4 -> 0x10059f
             exe-1050008 [001] ..... 1633837.468460: sys_ptrace(request: 4204, pid: 10059f, addr: 1, data: c0004bdc70)
             exe-1050008 [001] ..... 1633837.468464: sys_ptrace -> 0x0
             exe-1050008 [001] ..... 1633837.468465: sys_ptrace(request: 4204, pid: 10059f, addr: 202, data: c0004bdc70)
             exe-1050008 [001] ..... 1633837.468468: sys_ptrace -> 0x0
             exe-1050008 [001] ..... 1633837.468475: sys_ptrace(request: 4205, pid: 10059f, addr: 1, data: c0004bdc70)
             exe-1050008 [001] ..... 1633837.468477: sys_ptrace -> 0x0
             exe-1050008 [001] ..... 1633837.468479: sys_ptrace(request: 4205, pid: 10059f, addr: 202, data: c0004bdc70)
             exe-1050008 [001] ..... 1633837.468488: sys_ptrace -> 0x0
             exe-1050008 [001] ..... 1633837.468490: sys_ptrace(request: 1f, pid: 10059f, addr: 0, data: 0)
             exe-1049673 [000] ..... 1633837.468494: sys_nanosleep -> 0x0
             exe-1050008 [001] .N... 1633837.468497: sys_ptrace -> 0x0
             exe-1049673 [000] ..... 1633837.468500: sys_nanosleep(rqtp: c000069f10, rmtp: 0)
             exe-1050015 [001] ..... 1633837.468507: sys_add_key -> 0xfffffffffffffff3
             exe-1050008 [001] ..... 1633837.468526: sys_wait4(upid: 10059f, stat_addr: c0004bdbf4, options: 40000002, ru: 0)
             exe-1050008 [001] ..... 1633837.468528: sys_wait4 -> 0x10059f
             exe-1050008 [001] ..... 1633837.468530: sys_ptrace(request: 4204, pid: 10059f, addr: 1, data: c0004bdc70)
             exe-1050008 [001] ..... 1633837.468534: sys_ptrace -> 0x0
             exe-1050008 [001] ..... 1633837.468535: sys_ptrace(request: 4204, pid: 10059f, addr: 202, data: c0004bdc70)
             exe-1050008 [001] ..... 1633837.468538: sys_ptrace -> 0x0
             exe-1050008 [001] ..... 1633837.468547: sys_pwrite64(fd: 63, buf: 7fd66e1e4080, count: 7a, pos: 7c)
             exe-1050008 [001] ..... 1633837.468549: tracing_mark_write: add_key(_type=0x55f048421e6c, _description=0x7fc61890c000, _payload=0x7fc616a00000, plen=4, ringid=0xffffffffffffffff) end
             exe-1050008 [001] ..... 1633837.531846: tracing_mark_write: add_key(_type=0x55f048421e64, _description=0x7fc616d00000, _payload=0x7fc616d00008, plen=8, ringid=0xffffffffffffffff) start
             exe-1050008 [001] ..... 1633837.531847: sys_pwrite64 -> 0x7c
             exe-1050008 [001] ..... 1633837.531854: sys_ptrace(request: 4205, pid: 10059f, addr: 1, data: c0004bdc70)
             exe-1050008 [001] ..... 1633837.531856: sys_ptrace -> 0x0
             exe-1050008 [001] ..... 1633837.531858: sys_ptrace(request: 4205, pid: 10059f, addr: 202, data: c0004bdc70)
             exe-1049567 [000] ..... 1633837.531863: sys_nanosleep -> 0x0
             exe-1049567 [000] ..... 1633837.531868: sys_nanosleep(rqtp: c000069f10, rmtp: 0)
             exe-1050008 [001] ..... 1633837.531868: sys_ptrace -> 0x0
             exe-1050008 [001] ..... 1633837.531870: sys_ptrace(request: 1f, pid: 10059f, addr: 0, data: 0)
             exe-1050008 [001] .N... 1633837.531877: sys_ptrace -> 0x0
             exe-1050015 [001] ..... 1633837.531888: sys_write -> 0x7c
             exe-1050008 [001] ..... 1633837.531906: sys_wait4(upid: 10059f, stat_addr: c0004bdbf4, options: 40000002, ru: 0)
             exe-1050008 [001] ..... 1633837.531909: sys_wait4 -> 0x10059f
             exe-1050008 [001] ..... 1633837.531911: sys_ptrace(request: 4204, pid: 10059f, addr: 1, data: c0004bdc70)
             exe-1050008 [001] ..... 1633837.531914: sys_ptrace -> 0x0
             exe-1050008 [001] ..... 1633837.531916: sys_ptrace(request: 4204, pid: 10059f, addr: 202, data: c0004bdc70)
             exe-1050008 [001] ..... 1633837.531918: sys_ptrace -> 0x0
             exe-1050008 [001] ..... 1633837.531925: sys_ptrace(request: 4205, pid: 10059f, addr: 1, data: c0004bdc70)
             exe-1050008 [001] ..... 1633837.531927: sys_ptrace -> 0x0
             exe-1050008 [001] ..... 1633837.531928: sys_ptrace(request: 4205, pid: 10059f, addr: 202, data: c0004bdc70)
             exe-1050008 [001] ..... 1633837.531937: sys_ptrace -> 0x0
             exe-1050008 [001] ..... 1633837.531939: sys_ptrace(request: 1f, pid: 10059f, addr: 0, data: 0)
             exe-1049673 [000] ..... 1633837.531944: sys_nanosleep -> 0x0
             exe-1050008 [001] .N... 1633837.531945: sys_ptrace -> 0x0
             exe-1049673 [000] ..... 1633837.531949: sys_nanosleep(rqtp: c000069f10, rmtp: 0)
             exe-1050015 [001] ..... 1633837.531955: sys_add_key -> 0xfffffffffffffff3
             exe-1049567 [000] ..... 1633837.531971: sys_nanosleep -> 0x0
             exe-1050008 [001] ..... 1633837.531972: sys_wait4(upid: 10059f, stat_addr: c0004bdbf4, options: 40000002, ru: 0)
             exe-1050008 [001] ..... 1633837.531975: sys_wait4 -> 0x10059f
             exe-1049567 [000] ..... 1633837.531976: sys_nanosleep(rqtp: c000069f10, rmtp: 0)
             exe-1050008 [001] ..... 1633837.531977: sys_ptrace(request: 4204, pid: 10059f, addr: 1, data: c0004bdc70)
             exe-1050008 [001] ..... 1633837.531980: sys_ptrace -> 0x0
             exe-1050008 [001] ..... 1633837.531982: sys_ptrace(request: 4204, pid: 10059f, addr: 202, data: c0004bdc70)
             exe-1050008 [001] ..... 1633837.531984: sys_ptrace -> 0x0
             exe-1050008 [001] ..... 1633837.531993: sys_pwrite64(fd: 63, buf: 7fd66e1e4080, count: 7a, pos: 7c)
             exe-1050008 [001] ..... 1633837.531994: tracing_mark_write: add_key(_type=0x55f048421e64, _description=0x7fc616d00000, _payload=0x7fc616d00008, plen=8, ringid=0xffffffffffffffff) end
             exe-1050008 [001] ..... 1633837.595943: tracing_mark_write: add_key(_type=0x55f048421fdb, _description=0x7fc616a00008, _payload=0x7fc616a00008, plen=4095, ringid=0xffffffffffffffff) start
             exe-1050008 [001] ..... 1633837.595945: sys_pwrite64 -> 0x7f
             exe-1049673 [000] ..... 1633837.595948: sys_nanosleep -> 0x0
             exe-1050008 [001] ..... 1633837.595951: sys_ptrace(request: 4205, pid: 10059f, addr: 1, data: c0004bdc70)
             exe-1049673 [000] ..... 1633837.595953: sys_nanosleep(rqtp: c000069f10, rmtp: 0)
             exe-1050008 [001] ..... 1633837.595954: sys_ptrace -> 0x0
             exe-1050008 [001] ..... 1633837.595955: sys_ptrace(request: 4205, pid: 10059f, addr: 202, data: c0004bdc70)
             exe-1050008 [001] ..... 1633837.595966: sys_ptrace -> 0x0
             exe-1050008 [001] ..... 1633837.595968: sys_ptrace(request: 1f, pid: 10059f, addr: 0, data: 0)
             exe-1050008 [001] .N... 1633837.595976: sys_ptrace -> 0x0
             exe-1050015 [001] ..... 1633837.595986: sys_write -> 0x7f
             exe-1050008 [001] ..... 1633837.596005: sys_wait4(upid: 10059f, stat_addr: c0004bdbf4, options: 40000002, ru: 0)
             exe-1050008 [001] ..... 1633837.596008: sys_wait4 -> 0x10059f
             exe-1050008 [001] ..... 1633837.596010: sys_ptrace(request: 4204, pid: 10059f, addr: 1, data: c0004bdc70)
             exe-1050008 [001] ..... 1633837.596014: sys_ptrace -> 0x0
             exe-1050008 [001] ..... 1633837.596015: sys_ptrace(request: 4204, pid: 10059f, addr: 202, data: c0004bdc70)
             exe-1050008 [001] ..... 1633837.596018: sys_ptrace -> 0x0
             exe-1050008 [001] ..... 1633837.596025: sys_ptrace(request: 4205, pid: 10059f, addr: 1, data: c0004bdc70)
             exe-1050008 [001] ..... 1633837.596027: sys_ptrace -> 0x0
             exe-1050008 [001] ..... 1633837.596029: sys_ptrace(request: 4205, pid: 10059f, addr: 202, data: c0004bdc70)
             exe-1050008 [001] ..... 1633837.596038: sys_ptrace -> 0x0
             exe-1050008 [001] ..... 1633837.596040: sys_ptrace(request: 1f, pid: 10059f, addr: 0, data: 0)
             exe-1050008 [001] .N... 1633837.596047: sys_ptrace -> 0x0
             exe-1049673 [000] ..... 1633837.596055: sys_nanosleep -> 0x0
             exe-1050015 [001] ..... 1633837.596057: sys_add_key -> 0xfffffffffffffff3
             exe-1049673 [000] ..... 1633837.596060: sys_nanosleep(rqtp: c000069f10, rmtp: 0)
             exe-1050008 [001] ..... 1633837.596076: sys_wait4(upid: 10059f, stat_addr: c0004bdbf4, options: 40000002, ru: 0)
             exe-1050008 [001] ..... 1633837.596079: sys_wait4 -> 0x10059f
             exe-1050008 [001] ..... 1633837.596081: sys_ptrace(request: 4204, pid: 10059f, addr: 1, data: c0004bdc70)
             exe-1050008 [001] ..... 1633837.596084: sys_ptrace -> 0x0
             exe-1050008 [001] ..... 1633837.596086: sys_ptrace(request: 4204, pid: 10059f, addr: 202, data: c0004bdc70)
             exe-1050008 [001] ..... 1633837.596088: sys_ptrace -> 0x0
             exe-1050008 [001] ..... 1633837.596097: sys_pwrite64(fd: 63, buf: 7fd66e1e4080, count: 7d, pos: 7f)
             exe-1050008 [001] ..... 1633837.596099: tracing_mark_write: add_key(_type=0x55f048421fdb, _description=0x7fc616a00008, _payload=0x7fc616a00008, plen=4095, ringid=0xffffffffffffffff) end
             exe-1050008 [001] ..... 1633837.663069: tracing_mark_write: add_key(_type=0x55f048421e6c, _description=0x7fc616d00000, _payload=0x7fc616a00000, plen=4, ringid=0xffffffffffffffff) start
             exe-1050008 [001] ..... 1633837.663071: sys_pwrite64 -> 0x7c
             exe-1050008 [001] ..... 1633837.663077: sys_ptrace(request: 4205, pid: 10059f, addr: 1, data: c0004bdc70)
             exe-1050008 [001] ..... 1633837.663080: sys_ptrace -> 0x0
             exe-1050008 [001] ..... 1633837.663081: sys_ptrace(request: 4205, pid: 10059f, addr: 202, data: c0004bdc70)
             exe-1050008 [001] ..... 1633837.663092: sys_ptrace -> 0x0
             exe-1050008 [001] ..... 1633837.663093: sys_ptrace(request: 1f, pid: 10059f, addr: 0, data: 0)
             exe-1050008 [001] .N... 1633837.663100: sys_ptrace -> 0x0
             exe-1050015 [001] ..... 1633837.663111: sys_write -> 0x7c
             exe-1050008 [001] ..... 1633837.663129: sys_wait4(upid: 10059f, stat_addr: c0004bdbf4, options: 40000002, ru: 0)
             exe-1050008 [001] ..... 1633837.663131: sys_wait4 -> 0x10059f
             exe-1050008 [001] ..... 1633837.663133: sys_ptrace(request: 4204, pid: 10059f, addr: 1, data: c0004bdc70)
             exe-1050008 [001] ..... 1633837.663136: sys_ptrace -> 0x0
             exe-1050008 [001] ..... 1633837.663138: sys_ptrace(request: 4204, pid: 10059f, addr: 202, data: c0004bdc70)
             exe-1050008 [001] ..... 1633837.663140: sys_ptrace -> 0x0
             exe-1050008 [001] ..... 1633837.663147: sys_ptrace(request: 4205, pid: 10059f, addr: 1, data: c0004bdc70)
             exe-1050008 [001] ..... 1633837.663149: sys_ptrace -> 0x0
             exe-1050008 [001] ..... 1633837.663150: sys_ptrace(request: 4205, pid: 10059f, addr: 202, data: c0004bdc70)
             exe-1050008 [001] ..... 1633837.663159: sys_ptrace -> 0x0
             exe-1050008 [001] ..... 1633837.663161: sys_ptrace(request: 1f, pid: 10059f, addr: 0, data: 0)
             exe-1050008 [001] .N... 1633837.663167: sys_ptrace -> 0x0
             exe-1050015 [001] ..... 1633837.663177: sys_add_key -> 0xfffffffffffffff3
             exe-1050008 [001] ..... 1633837.663194: sys_wait4(upid: 10059f, stat_addr: c0004bdbf4, options: 40000002, ru: 0)
             exe-1050008 [001] ..... 1633837.663197: sys_wait4 -> 0x10059f
             exe-1050008 [001] ..... 1633837.663199: sys_ptrace(request: 4204, pid: 10059f, addr: 1, data: c0004bdc70)
             exe-1050008 [001] ..... 1633837.663202: sys_ptrace -> 0x0
             exe-1050008 [001] ..... 1633837.663204: sys_ptrace(request: 4204, pid: 10059f, addr: 202, data: c0004bdc70)
             exe-1050008 [001] ..... 1633837.663206: sys_ptrace -> 0x0
             exe-1050008 [001] ..... 1633837.663214: sys_pwrite64(fd: 63, buf: 7fd66e1e4080, count: 7a, pos: 7c)
             exe-1050008 [001] ..... 1633837.663216: tracing_mark_write: add_key(_type=0x55f048421e6c, _description=0x7fc616d00000, _payload=0x7fc616a00000, plen=4, ringid=0xffffffffffffffff) end
             exe-1050008 [001] ..... 1633837.726314: tracing_mark_write: add_key(_type=0x55f048421fdb, _description=0x7fc61890b001, _payload=0x7fc61890b000, plen=0xa593, ringid=0xffffffffffffffff) start
             exe-1050008 [001] ..... 1633837.726315: sys_pwrite64 -> 0x81
             exe-1049673 [000] ..... 1633837.726319: sys_nanosleep -> 0x0
             exe-1050008 [001] ..... 1633837.726321: sys_ptrace(request: 4205, pid: 10059f, addr: 1, data: c0004bdc70)
             exe-1050008 [001] ..... 1633837.726323: sys_ptrace -> 0x0
             exe-1049673 [000] ..... 1633837.726324: sys_nanosleep(rqtp: c000069f10, rmtp: 0)
             exe-1050008 [001] ..... 1633837.726325: sys_ptrace(request: 4205, pid: 10059f, addr: 202, data: c0004bdc70)
             exe-1050008 [001] ..... 1633837.726335: sys_ptrace -> 0x0
             exe-1050008 [001] ..... 1633837.726337: sys_ptrace(request: 1f, pid: 10059f, addr: 0, data: 0)
             exe-1050008 [001] .N... 1633837.726343: sys_ptrace -> 0x0
             exe-1050015 [001] ..... 1633837.726353: sys_write -> 0x81
             exe-1050008 [001] ..... 1633837.726369: sys_wait4(upid: 10059f, stat_addr: c0004bdbf4, options: 40000002, ru: 0)
             exe-1050008 [001] ..... 1633837.726372: sys_wait4 -> 0x10059f
             exe-1050008 [001] ..... 1633837.726374: sys_ptrace(request: 4204, pid: 10059f, addr: 1, data: c0004bdc70)
             exe-1050008 [001] ..... 1633837.726377: sys_ptrace -> 0x0
             exe-1050008 [001] ..... 1633837.726378: sys_ptrace(request: 4204, pid: 10059f, addr: 202, data: c0004bdc70)
             exe-1050008 [001] ..... 1633837.726380: sys_ptrace -> 0x0
             exe-1050008 [001] ..... 1633837.726387: sys_ptrace(request: 4205, pid: 10059f, addr: 1, data: c0004bdc70)
             exe-1050008 [001] ..... 1633837.726389: sys_ptrace -> 0x0
             exe-1050008 [001] ..... 1633837.726390: sys_ptrace(request: 4205, pid: 10059f, addr: 202, data: c0004bdc70)
             exe-1050008 [001] ..... 1633837.726398: sys_ptrace -> 0x0
             exe-1049567 [003] ..... 1633837.726399: sys_nanosleep -> 0x0
             exe-1050008 [001] ..... 1633837.726400: sys_ptrace(request: 1f, pid: 10059f, addr: 0, data: 0)
             exe-1049567 [003] ..... 1633837.726402: sys_nanosleep(rqtp: c000069f10, rmtp: 0)
             exe-1050008 [001] .N... 1633837.726405: sys_ptrace -> 0x0
             exe-1050015 [001] ..... 1633837.726414: sys_add_key -> 0xfffffffffffffff3
             exe-1050008 [001] ..... 1633837.726431: sys_wait4(upid: 10059f, stat_addr: c0004bdbf4, options: 40000002, ru: 0)
             exe-1050008 [001] ..... 1633837.726433: sys_wait4 -> 0x10059f
             exe-1050008 [001] ..... 1633837.726435: sys_ptrace(request: 4204, pid: 10059f, addr: 1, data: c0004bdc70)
             exe-1050008 [001] ..... 1633837.726438: sys_ptrace -> 0x0
             exe-1050008 [001] ..... 1633837.726439: sys_ptrace(request: 4204, pid: 10059f, addr: 202, data: c0004bdc70)
             exe-1050008 [001] ..... 1633837.726441: sys_ptrace -> 0x0
             exe-1050008 [001] ..... 1633837.726449: sys_pwrite64(fd: 63, buf: 7fd66e1e4080, count: 7f, pos: 81)
             exe-1050008 [001] ..... 1633837.726451: tracing_mark_write: add_key(_type=0x55f048421fdb, _description=0x7fc61890b001, _payload=0x7fc61890b000, plen=0xa593, ringid=0xffffffffffffffff) end
             exe-1050008 [001] ..... 1633837.793714: tracing_mark_write: add_key(_type=0x55f048421e64, _description=0x7fc61890d004, _payload=0x7fc61890d00c, plen=2048, ringid=0xffffffffffffffff) start
             exe-1050008 [001] ..... 1633837.793716: sys_pwrite64 -> 0x7f
             exe-1049567 [003] ..... 1633837.793717: sys_nanosleep -> 0x0
             exe-1049567 [003] ..... 1633837.793720: sys_nanosleep(rqtp: c000069f10, rmtp: 0)
             exe-1050008 [001] ..... 1633837.793722: sys_ptrace(request: 4205, pid: 10059f, addr: 1, data: c0004bdc70)
             exe-1050008 [001] ..... 1633837.793725: sys_ptrace -> 0x0
             exe-1050008 [001] ..... 1633837.793726: sys_ptrace(request: 4205, pid: 10059f, addr: 202, data: c0004bdc70)
             exe-1050008 [001] ..... 1633837.793738: sys_ptrace -> 0x0
             exe-1050008 [001] ..... 1633837.793739: sys_ptrace(request: 1f, pid: 10059f, addr: 0, data: 0)
             exe-1050008 [001] .N... 1633837.793747: sys_ptrace -> 0x0
             exe-1050015 [001] ..... 1633837.793757: sys_write -> 0x7f
             exe-1049673 [002] ..... 1633837.793769: sys_nanosleep -> 0x0
             exe-1050008 [001] ..... 1633837.793775: sys_wait4(upid: 10059f, stat_addr: c0004bdbf4, options: 40000002, ru: 0)
