             exe-1049673 [002] ..... 1633842.822074: sys_nanosleep -> 0x0
             exe-1050015 [001] ..... 1633842.822075: sys_add_key -> 0xfffffffffffffff3
             exe-1049673 [002] ..... 1633842.822076: sys_nanosleep(rqtp: c000069f10, rmtp: 0)
             exe-1049567 [003] ..... 1633842.822081: sys_nanosleep -> 0x0
             exe-1049567 [003] ..... 1633842.822084: sys_nanosleep(rqtp: c000069f10, rmtp: 0)
             exe-1050008 [001] ..... 1633842.822095: sys_wait4(upid: 10059f, stat_addr: c0004bdbf4, options: 40000002, ru: 0)
             exe-1050008 [001] ..... 1633842.822097: sys_wait4 -> 0x10059f
             exe-1050008 [001] ..... 1633842.822100: sys_ptrace(request: 4204, pid: 10059f, addr: 1, data: c0004bdc70)
             exe-1050008 [001] ..... 1633842.822103: sys_ptrace -> 0x0
             exe-1050008 [001] ..... 1633842.822105: sys_ptrace(request: 4204, pid: 10059f, addr: 202, data: c0004bdc70)
             exe-1050008 [001] ..... 1633842.822108: sys_ptrace -> 0x0
             exe-1050008 [001] ..... 1633842.822118: sys_pwrite64(fd: 63, buf: 7fd66e1e4080, count: 7a, pos: 7c)
             exe-1050008 [001] ..... 1633842.822120: tracing_mark_write: add_key(_type=0x55f048421e6c, _description=0x7fc61890c000, _payload=0x7fc61890c008, plen=0, ringid=0xfffffffffffffffd) end
             exe-1050008 [001] ..... 1633842.886559: tracing_mark_write: add_key(_type=0x55f048421e64, _description=0x7fc616600001, _payload=0x7fc617900000, plen=0x39797979, ringid=0xfffffffffffffffd) start
             exe-1050008 [001] ..... 1633842.886561: sys_pwrite64 -> 0x85
             exe-1050008 [001] ..... 1633842.886567: sys_ptrace(request: 4205, pid: 10059f, addr: 1, data: c0004bdc70)
             exe-1050008 [001] ..... 1633842.886570: sys_ptrace -> 0x0
             exe-1050008 [001] ..... 1633842.886572: sys_ptrace(request: 4205, pid: 10059f, addr: 202, data: c0004bdc70)
             exe-1050008 [001] ..... 1633842.886583: sys_ptrace -> 0x0
             exe-1050008 [001] ..... 1633842.886585: sys_ptrace(request: 1f, pid: 10059f, addr: 0, data: 0)
             exe-1050008 [001] .N... 1633842.886593: sys_ptrace -> 0x0
             exe-1049673 [002] ..... 1633842.886593: sys_nanosleep -> 0x0
             exe-1049673 [002] ..... 1633842.886595: sys_nanosleep(rqtp: c000069f10, rmtp: 0)
             exe-1050015 [001] ..... 1633842.886604: sys_write -> 0x85
             exe-1050008 [001] ..... 1633842.886623: sys_wait4(upid: 10059f, stat_addr: c0004bdbf4, options: 40000002, ru: 0)
             exe-1050008 [001] ..... 1633842.886626: sys_wait4 -> 0x10059f
             exe-1050008 [001] ..... 1633842.886629: sys_ptrace(request: 4204, pid: 10059f, addr: 1, data: c0004bdc70)
             exe-1050008 [001] ..... 1633842.886632: sys_ptrace -> 0x0
             exe-1050008 [001] ..... 1633842.886634: sys_ptrace(request: 4204, pid: 10059f, addr: 202, data: c0004bdc70)
             exe-1050008 [001] ..... 1633842.886637: sys_ptrace -> 0x0
             exe-1050008 [001] ..... 1633842.886643: sys_ptrace(request: 4205, pid: 10059f, addr: 1, data: c0004bdc70)
             exe-1050008 [001] ..... 1633842.886645: sys_ptrace -> 0x0
             exe-1050008 [001] ..... 1633842.886647: sys_ptrace(request: 4205, pid: 10059f, addr: 202, data: c0004bdc70)
             exe-1050008 [001] ..... 1633842.886657: sys_ptrace -> 0x0
             exe-1050008 [001] ..... 1633842.886659: sys_ptrace(request: 1f, pid: 10059f, addr: 0, data: 0)
             exe-1050008 [001] .N... 1633842.886665: sys_ptrace -> 0x0
             exe-1050015 [001] ..... 1633842.886676: sys_add_key -> 0xfffffffffffffff3
             exe-1049673 [002] ..... 1633842.886686: sys_nanosleep -> 0x0
             exe-1049673 [002] ..... 1633842.886689: sys_nanosleep(rqtp: c000069f10, rmtp: 0)
             exe-1050008 [001] ..... 1633842.886695: sys_wait4(upid: 10059f, stat_addr: c0004bdbf4, options: 40000002, ru: 0)
             exe-1050008 [001] ..... 1633842.886698: sys_wait4 -> 0x10059f
             exe-1050008 [001] ..... 1633842.886700: sys_ptrace(request: 4204, pid: 10059f, addr: 1, data: c0004bdc70)
             exe-1050008 [001] ..... 1633842.886704: sys_ptrace -> 0x0
             exe-1050008 [001] ..... 1633842.886705: sys_ptrace(request: 4204, pid: 10059f, addr: 202, data: c0004bdc70)
             exe-1050008 [001] ..... 1633842.886708: sys_ptrace -> 0x0
             exe-1050008 [001] ..... 1633842.886717: sys_pwrite64(fd: 63, buf: 7fd66e1e4080, count: 83, pos: 85)
             exe-1050008 [001] ..... 1633842.886718: tracing_mark_write: add_key(_type=0x55f048421e64, _description=0x7fc616600001, _payload=0x7fc617900000, plen=0x39797979, ringid=0xfffffffffffffffd) end
             exe-1050008 [001] ..... 1633842.950744: tracing_mark_write: add_key(_type=0x55f048421fdb, _description=0x7fc616800008, _payload=0x7fc617900000, plen=8, ringid=0xfffffffffffffffd) start
             exe-1050008 [001] ..... 1633842.950746: sys_pwrite64 -> 0x7c
             exe-1050008 [001] ..... 1633842.950752: sys_ptrace(request: 4205, pid: 10059f, addr: 1, data: c0004bdc70)
             exe-1050008 [001] ..... 1633842.950755: sys_ptrace -> 0x0
             exe-1050008 [001] ..... 1633842.950756: sys_ptrace(request: 4205, pid: 10059f, addr: 202, data: c0004bdc70)
             exe-1050008 [001] ..... 1633842.950766: sys_ptrace -> 0x0
             exe-1050008 [001] ..... 1633842.950768: sys_ptrace(request: 1f, pid: 10059f, addr: 0, data: 0)
             exe-1050008 [001] .N... 1633842.950775: sys_ptrace -> 0x0
             exe-1050015 [001] ..... 1633842.950784: sys_write -> 0x7c
             exe-1049567 [002] ..... 1633842.950799: sys_nanosleep -> 0x0
             exe-1050008 [001] ..... 1633842.950801: sys_wait4(upid: 10059f, stat_addr: c0004bdbf4, options: 40000002, ru: 0)
             exe-1050008 [001] ..... 1633842.950804: sys_wait4 -> 0x10059f
             exe-1049567 [002] ..... 1633842.950805: sys_nanosleep(rqtp: c000069f10, rmtp: 0)
             exe-1050008 [001] ..... 1633842.950805: sys_ptrace(request: 4204, pid: 10059f, addr: 1, data: c0004bdc70)
             exe-1050008 [001] ..... 1633842.950809: sys_ptrace -> 0x0
             exe-1050008 [001] ..... 1633842.950810: sys_ptrace(request: 4204, pid: 10059f, addr: 202, data: c0004bdc70)
             exe-1050008 [001] ..... 1633842.950812: sys_ptrace -> 0x0
             exe-1050008 [001] ..... 1633842.950818: sys_ptrace(request: 4205, pid: 10059f, addr: 1, data: c0004bdc70)
             exe-1050008 [001] ..... 1633842.950820: sys_ptrace -> 0x0
             exe-1050008 [001] ..... 1633842.950821: sys_ptrace(request: 4205, pid: 10059f, addr: 202, data: c0004bdc70)
             exe-1049673 [002] ..... 1633842.950827: sys_nanosleep -> 0x0
             exe-1050008 [001] ..... 1633842.950830: sys_ptrace -> 0x0
             exe-1050008 [001] ..... 1633842.950832: sys_ptrace(request: 1f, pid: 10059f, addr: 0, data: 0)
             exe-1049673 [002] ..... 1633842.950833: sys_nanosleep(rqtp: c000069f10, rmtp: 0)
             exe-1050008 [001] .N... 1633842.950838: sys_ptrace -> 0x0
             exe-1050015 [001] ..... 1633842.950847: sys_add_key -> 0xfffffffffffffff3
             exe-1050008 [001] ..... 1633842.950863: sys_wait4(upid: 10059f, stat_addr: c0004bdbf4, options: 40000002, ru: 0)
             exe-1050008 [001] ..... 1633842.950866: sys_wait4 -> 0x10059f
             exe-1050008 [001] ..... 1633842.950867: sys_ptrace(request: 4204, pid: 10059f, addr: 1, data: c0004bdc70)
             exe-1050008 [001] ..... 1633842.950871: sys_ptrace -> 0x0
             exe-1050008 [001] ..... 1633842.950873: sys_ptrace(request: 4204, pid: 10059f, addr: 202, data: c0004bdc70)
             exe-1050008 [001] ..... 1633842.950875: sys_ptrace -> 0x0
             exe-1050008 [001] ..... 1633842.950883: sys_pwrite64(fd: 63, buf: 7fd66e1e4080, count: 7a, pos: 7c)
             exe-1050008 [001] ..... 1633842.950884: tracing_mark_write: add_key(_type=0x55f048421fdb, _description=0x7fc616800008, _payload=0x7fc617900000, plen=8, ringid=0xfffffffffffffffd) end
             exe-1050008 [000] ..... 1633843.022918: tracing_mark_write: add_key(_type=0x55f048421e6c, _description=0x7fc616800000, _payload=0x7fc616800000, plen=0x500000, ringid=0xfffffffffffffffd) start
             exe-1050008 [000] ..... 1633843.022920: sys_pwrite64 -> 0x83
             exe-1050008 [000] ..... 1633843.022927: sys_ptrace(request: 4205, pid: 10059f, addr: 1, data: c0004bdc70)
             exe-1050008 [000] ..... 1633843.022930: sys_ptrace -> 0x0
             exe-1050008 [000] ..... 1633843.022931: sys_ptrace(request: 4205, pid: 10059f, addr: 202, data: c0004bdc70)
             exe-1050008 [000] ..... 1633843.023008: sys_ptrace -> 0x0
             exe-1050008 [000] ..... 1633843.023012: sys_ptrace(request: 1f, pid: 10059f, addr: 0, data: 0)
             exe-1050008 [000] ..... 1633843.023027: sys_ptrace -> 0x0
             exe-1050008 [000] ..... 1633843.023030: sys_wait4(upid: 10059f, stat_addr: c0004bdbf4, options: 40000002, ru: 0)
             exe-1050015 [001] ..... 1633843.023038: sys_write -> 0x83
             exe-1050008 [000] ..... 1633843.023106: sys_wait4 -> 0x10059f
             exe-1050008 [000] ..... 1633843.023112: sys_ptrace(request: 4204, pid: 10059f, addr: 1, data: c0004bdc70)
             exe-1050008 [000] ..... 1633843.023117: sys_ptrace -> 0x0
             exe-1050008 [000] ..... 1633843.023118: sys_ptrace(request: 4204, pid: 10059f, addr: 202, data: c0004bdc70)
             exe-1050008 [000] ..... 1633843.023121: sys_ptrace -> 0x0
             exe-1050008 [000] ..... 1633843.023146: sys_ptrace(request: 4205, pid: 10059f, addr: 1, data: c0004bdc70)
             exe-1050008 [000] ..... 1633843.023149: sys_ptrace -> 0x0
             exe-1050008 [000] ..... 1633843.023151: sys_ptrace(request: 4205, pid: 10059f, addr: 202, data: c0004bdc70)
             exe-1050008 [000] ..... 1633843.023226: sys_ptrace -> 0x0
             exe-1050008 [000] ..... 1633843.023231: sys_ptrace(request: 1f, pid: 10059f, addr: 0, data: 0)
             exe-1050008 [000] ..... 1633843.023245: sys_ptrace -> 0x0
             exe-1050008 [000] ..... 1633843.023249: sys_wait4(upid: 10059f, stat_addr: c0004bdbf4, options: 40000002, ru: 0)
             exe-1050015 [001] ..... 1633843.023256: sys_add_key -> 0xfffffffffffffff3
             exe-1050008 [000] ..... 1633843.023321: sys_wait4 -> 0x10059f
             exe-1050008 [000] ..... 1633843.023326: sys_ptrace(request: 4204, pid: 10059f, addr: 1, data: c0004bdc70)
             exe-1050008 [000] ..... 1633843.023331: sys_ptrace -> 0x0
             exe-1050008 [000] ..... 1633843.023333: sys_ptrace(request: 4204, pid: 10059f, addr: 202, data: c0004bdc70)
             exe-1050008 [000] ..... 1633843.023335: sys_ptrace -> 0x0
             exe-1050008 [000] ..... 1633843.023350: sys_pwrite64(fd: 63, buf: 7fd66e1e4080, count: 81, pos: 83)
             exe-1050008 [000] ..... 1633843.023353: tracing_mark_write: add_key(_type=0x55f048421e6c, _description=0x7fc616800000, _payload=0x7fc616800000, plen=0x500000, ringid=0xfffffffffffffffd) end
             exe-1050008 [003] ..... 1633843.095822: tracing_mark_write: add_key(_type=0x55f048421e6c, _description=0x7fc61890c000, _payload=0x7fc61890c001, plen=1, ringid=0xfffffffffffffffd) start
             exe-1049567 [002] ..... 1633843.095823: sys_nanosleep(rqtp: c000069f10, rmtp: 0)
             exe-1050008 [003] ..... 1633843.095824: sys_pwrite64 -> 0x7c
             exe-1050008 [003] ..... 1633843.095830: sys_ptrace(request: 4205, pid: 10059f, addr: 1, data: c0004bdc70)
             exe-1050008 [003] ..... 1633843.095833: sys_ptrace -> 0x0
             exe-1050008 [003] ..... 1633843.095834: sys_ptrace(request: 4205, pid: 10059f, addr: 202, data: c0004bdc70)
             exe-1050008 [003] ..... 1633843.095844: sys_ptrace -> 0x0
             exe-1050008 [003] ..... 1633843.095845: sys_ptrace(request: 1f, pid: 10059f, addr: 0, data: 0)
             exe-1050008 [003] ..... 1633843.095852: sys_ptrace -> 0x0
             exe-1050008 [003] ..... 1633843.095854: sys_wait4(upid: 10059f, stat_addr: c0004bdbf4, options: 40000002, ru: 0)
             exe-1050015 [003] ..... 1633843.095867: sys_write -> 0x7c
             exe-1050008 [003] ..... 1633843.095887: sys_wait4 -> 0x10059f
             exe-1050008 [003] ..... 1633843.095890: sys_ptrace(request: 4204, pid: 10059f, addr: 1, data: c0004bdc70)
             exe-1050008 [003] ..... 1633843.095894: sys_ptrace -> 0x0
             exe-1050008 [003] ..... 1633843.095896: sys_ptrace(request: 4204, pid: 10059f, addr: 202, data: c0004bdc70)
             exe-1050008 [003] ..... 1633843.095898: sys_ptrace -> 0x0
             exe-1050008 [003] ..... 1633843.095905: sys_ptrace(request: 4205, pid: 10059f, addr: 1, data: c0004bdc70)
             exe-1050008 [003] ..... 1633843.095907: sys_ptrace -> 0x0
             exe-1050008 [003] ..... 1633843.095909: sys_ptrace(request: 4205, pid: 10059f, addr: 202, data: c0004bdc70)
             exe-1050008 [003] ..... 1633843.095917: sys_ptrace -> 0x0
             exe-1050008 [003] ..... 1633843.095919: sys_ptrace(request: 1f, pid: 10059f, addr: 0, data: 0)
             exe-1050008 [003] ..... 1633843.095925: sys_ptrace -> 0x0
             exe-1050008 [003] ..... 1633843.095927: sys_wait4(upid: 10059f, stat_addr: c0004bdbf4, options: 40000002, ru: 0)
             exe-1050015 [003] ..... 1633843.095939: sys_add_key -> 0xfffffffffffffff3
             exe-1050008 [003] ..... 1633843.095959: sys_wait4 -> 0x10059f
             exe-1050008 [003] ..... 1633843.095962: sys_ptrace(request: 4204, pid: 10059f, addr: 1, data: c0004bdc70)
             exe-1050008 [003] ..... 1633843.095966: sys_ptrace -> 0x0
             exe-1050008 [003] ..... 1633843.095968: sys_ptrace(request: 4204, pid: 10059f, addr: 202, data: c0004bdc70)
             exe-1050008 [003] ..... 1633843.095970: sys_ptrace -> 0x0
             exe-1050008 [003] ..... 1633843.095979: sys_pwrite64(fd: 63, buf: 7fd66e1e4080, count: 7a, pos: 7c)
             exe-1050008 [003] ..... 1633843.095980: tracing_mark_write: add_key(_type=0x55f048421e6c, _description=0x7fc61890c000, _payload=0x7fc61890c001, plen=1, ringid=0xfffffffffffffffd) end
             exe-1050008 [003] ..... 1633843.171366: tracing_mark_write: add_key(_type=0x55f048421e6c, _description=0x7fc616600000, _payload=0x7fc6188fa000, plen=4096, ringid=0xfffffffffffffffd) start
             exe-1050008 [003] ..... 1633843.171368: sys_pwrite64 -> 0x7f
             exe-1050008 [003] ..... 1633843.171374: sys_ptrace(request: 4205, pid: 10059f, addr: 1, data: c0004bdc70)
             exe-1050008 [003] ..... 1633843.171377: sys_ptrace -> 0x0
             exe-1050008 [003] ..... 1633843.171378: sys_ptrace(request: 4205, pid: 10059f, addr: 202, data: c0004bdc70)
             exe-1049673 [002] ..... 1633843.171383: sys_nanosleep -> 0x0
             exe-1049673 [002] ..... 1633843.171388: sys_nanosleep(rqtp: c000069f10, rmtp: 0)
             exe-1050008 [003] ..... 1633843.171389: sys_ptrace -> 0x0
             exe-1050008 [003] ..... 1633843.171390: sys_ptrace(request: 1f, pid: 10059f, addr: 0, data: 0)
             exe-1050008 [003] .N... 1633843.171397: sys_ptrace -> 0x0
             exe-1050015 [003] ..... 1633843.171407: sys_write -> 0x7f
             exe-1049567 [002] ..... 1633843.171409: sys_nanosleep -> 0x0
             exe-1049567 [002] ..... 1633843.171413: sys_nanosleep(rqtp: c000069f10, rmtp: 0)
             exe-1050008 [003] ..... 1633843.171425: sys_wait4(upid: 10059f, stat_addr: c0004bdbf4, options: 40000002, ru: 0)
             exe-1050008 [003] ..... 1633843.171428: sys_wait4 -> 0x10059f
             exe-1050008 [003] ..... 1633843.171430: sys_ptrace(request: 4204, pid: 10059f, addr: 1, data: c0004bdc70)
             exe-1050008 [003] ..... 1633843.171434: sys_ptrace -> 0x0
             exe-1050008 [003] ..... 1633843.171435: sys_ptrace(request: 4204, pid: 10059f, addr: 202, data: c0004bdc70)
             exe-1050008 [003] ..... 1633843.171437: sys_ptrace -> 0x0
             exe-1050008 [003] ..... 1633843.171444: sys_ptrace(request: 4205, pid: 10059f, addr: 1, data: c0004bdc70)
             exe-1050008 [003] ..... 1633843.171446: sys_ptrace -> 0x0
             exe-1050008 [003] ..... 1633843.171448: sys_ptrace(request: 4205, pid: 10059f, addr: 202, data: c0004bdc70)
             exe-1050008 [003] ..... 1633843.171456: sys_ptrace -> 0x0
             exe-1050008 [003] ..... 1633843.171458: sys_ptrace(request: 1f, pid: 10059f, addr: 0, data: 0)
             exe-1050008 [003] .N... 1633843.171464: sys_ptrace -> 0x0
             exe-1050015 [003] ..... 1633843.171474: sys_add_key -> 0xfffffffffffffff3
             exe-1050008 [003] ..... 1633843.171491: sys_wait4(upid: 10059f, stat_addr: c0004bdbf4, options: 40000002, ru: 0)
             exe-1050008 [003] ..... 1633843.171494: sys_wait4 -> 0x10059f
             exe-1049673 [002] ..... 1633843.171495: sys_nanosleep -> 0x0
             exe-1050008 [003] ..... 1633843.171496: sys_ptrace(request: 4204, pid: 10059f, addr: 1, data: c0004bdc70)
             exe-1050008 [003] ..... 1633843.171500: sys_ptrace -> 0x0
             exe-1049673 [002] ..... 1633843.171500: sys_nanosleep(rqtp: c000069f10, rmtp: 0)
             exe-1050008 [003] ..... 1633843.171501: sys_ptrace(request: 4204, pid: 10059f, addr: 202, data: c0004bdc70)
             exe-1050008 [003] ..... 1633843.171504: sys_ptrace -> 0x0
             exe-1050008 [003] ..... 1633843.171512: sys_pwrite64(fd: 63, buf: 7fd66e1e4080, count: 7d, pos: 7f)
             exe-1050008 [003] ..... 1633843.171513: tracing_mark_write: add_key(_type=0x55f048421e6c, _description=0x7fc616600000, _payload=0x7fc6188fa000, plen=4096, ringid=0xfffffffffffffffd) end
             exe-1050008 [003] ..... 1633843.247626: tracing_mark_write: add_key(_type=0x55f048421e64, _description=0x7fc616600008, _payload=0x7fc616600010, plen=2170, ringid=0xfffffffffffffffd) start
             exe-1050008 [003] ..... 1633843.247627: sys_pwrite64 -> 0x7f
             exe-1050008 [003] ..... 1633843.247634: sys_ptrace(request: 4205, pid: 10059f, addr: 1, data: c0004bdc70)
             exe-1050008 [003] ..... 1633843.247637: sys_ptrace -> 0x0
             exe-1050008 [003] ..... 1633843.247638: sys_ptrace(request: 4205, pid: 10059f, addr: 202, data: c0004bdc70)
             exe-1050008 [003] ..... 1633843.247651: sys_ptrace -> 0x0
             exe-1050008 [003] ..... 1633843.247653: sys_ptrace(request: 1f, pid: 10059f, addr: 0, data: 0)
             exe-1050008 [003] .N... 1633843.247663: sys_ptrace -> 0x0
             exe-1050015 [003] ..... 1633843.247677: sys_write -> 0x7f
             exe-1050008 [003] ..... 1633843.247700: sys_wait4(upid: 10059f, stat_addr: c0004bdbf4, options: 40000002, ru: 0)
             exe-1050008 [003] ..... 1633843.247703: sys_wait4 -> 0x10059f
             exe-1050008 [003] ..... 1633843.247706: sys_ptrace(request: 4204, pid: 10059f, addr: 1, data: c0004bdc70)
             exe-1050008 [003] ..... 1633843.247709: sys_ptrace -> 0x0
             exe-1050008 [003] ..... 1633843.247711: sys_ptrace(request: 4204, pid: 10059f, addr: 202, data: c0004bdc70)
             exe-1050008 [003] ..... 1633843.247713: sys_ptrace -> 0x0
             exe-1050008 [003] ..... 1633843.247720: sys_ptrace(request: 4205, pid: 10059f, addr: 1, data: c0004bdc70)
             exe-1050008 [003] ..... 1633843.247722: sys_ptrace -> 0x0
             exe-1050008 [003] ..... 1633843.247724: sys_ptrace(request: 4205, pid: 10059f, addr: 202, data: c0004bdc70)
             exe-1050008 [003] ..... 1633843.247734: sys_ptrace -> 0x0
             exe-1050008 [003] ..... 1633843.247735: sys_ptrace(request: 1f, pid: 10059f, addr: 0, data: 0)
             exe-1050008 [003] .N... 1633843.247742: sys_ptrace -> 0x0
             exe-1050015 [003] ..... 1633843.247752: sys_add_key -> 0xfffffffffffffff3
             exe-1050008 [003] ..... 1633843.247772: sys_wait4(upid: 10059f, stat_addr: c0004bdbf4, options: 40000002, ru: 0)
             exe-1050008 [003] ..... 1633843.247775: sys_wait4 -> 0x10059f
             exe-1050008 [003] ..... 1633843.247778: sys_ptrace(request: 4204, pid: 10059f, addr: 1, data: c0004bdc70)
             exe-1050008 [003] ..... 1633843.247781: sys_ptrace -> 0x0
             exe-1050008 [003] ..... 1633843.247783: sys_ptrace(request: 4204, pid: 10059f, addr: 202, data: c0004bdc70)
             exe-1050008 [003] ..... 1633843.247785: sys_ptrace -> 0x0
             exe-1050008 [003] ..... 1633843.247795: sys_pwrite64(fd: 63, buf: 7fd66e1e4080, count: 7d, pos: 7f)
             exe-1050008 [003] ..... 1633843.247796: tracing_mark_write: add_key(_type=0x55f048421e64, _description=0x7fc616600008, _payload=0x7fc616600010, plen=2170, ringid=0xfffffffffffffffd) end
             exe-1050008 [003] ..... 1633843.303652: tracing_mark_write: add_key(_type=0x55f048421e6c, _description=0x7fc616800001, _payload=0x7fc616800002, plen=4, ringid=0xfffffffffffffffd) start
             exe-1050008 [003] ..... 1633843.303654: sys_pwrite64 -> 0x7c
             exe-1050008 [003] ..... 1633843.303660: sys_ptrace(request: 4205, pid: 10059f, addr: 1, data: c0004bdc70)
             exe-1050008 [003] ..... 1633843.303663: sys_ptrace -> 0x0
             exe-1050008 [003] ..... 1633843.303664: sys_ptrace(request: 4205, pid: 10059f, addr: 202, data: c0004bdc70)
             exe-1050008 [003] ..... 1633843.303675: sys_ptrace -> 0x0
             exe-1050008 [003] ..... 1633843.303677: sys_ptrace(request: 1f, pid: 10059f, addr: 0, data: 0)
             exe-1049673 [002] ..... 1633843.303762: sys_nanosleep -> 0x0
             exe-1049673 [002] ..... 1633843.303774: sys_nanosleep(rqtp: c000069f10, rmtp: 0)
             exe-1050008 [003] .N... 1633843.303806: sys_ptrace -> 0x0
             exe-1049567 [002] ..... 1633843.303811: sys_nanosleep -> 0x0
             exe-1049567 [002] ..... 1633843.303819: sys_nanosleep(rqtp: c000069f10, rmtp: 0)
             exe-1050015 [003] ..... 1633843.303821: sys_write -> 0x7c
             exe-1050008 [003] ..... 1633843.303847: sys_wait4(upid: 10059f, stat_addr: c0004bdbf4, options: 40000002, ru: 0)
             exe-1050008 [003] ..... 1633843.303850: sys_wait4 -> 0x10059f
             exe-1050008 [003] ..... 1633843.303852: sys_ptrace(request: 4204, pid: 10059f, addr: 1, data: c0004bdc70)
             exe-1050008 [003] ..... 1633843.303857: sys_ptrace -> 0x0
             exe-1050008 [003] ..... 1633843.303858: sys_ptrace(request: 4204, pid: 10059f, addr: 202, data: c0004bdc70)
             exe-1050008 [003] ..... 1633843.303861: sys_ptrace -> 0x0
             exe-1050008 [003] ..... 1633843.303870: sys_ptrace(request: 4205, pid: 10059f, addr: 1, data: c0004bdc70)
             exe-1050008 [003] ..... 1633843.303872: sys_ptrace -> 0x0
             exe-1050008 [003] ..... 1633843.303874: sys_ptrace(request: 4205, pid: 10059f, addr: 202, data: c0004bdc70)
             exe-1050008 [003] ..... 1633843.303886: sys_ptrace -> 0x0
             exe-1050008 [003] ..... 1633843.303888: sys_ptrace(request: 1f, pid: 10059f, addr: 0, data: 0)
             exe-1049673 [002] ..... 1633843.303893: sys_nanosleep -> 0x0
             exe-1050008 [003] .N... 1633843.303895: sys_ptrace -> 0x0
             exe-1049673 [002] ..... 1633843.303901: sys_nanosleep(rqtp: c000069f10, rmtp: 0)
             exe-1050015 [003] ..... 1633843.303905: sys_add_key -> 0xfffffffffffffff3
             exe-1050008 [003] ..... 1633843.303924: sys_wait4(upid: 10059f, stat_addr: c0004bdbf4, options: 40000002, ru: 0)
             exe-1050008 [003] ..... 1633843.303926: sys_wait4 -> 0x10059f
             exe-1050008 [003] ..... 1633843.303929: sys_ptrace(request: 4204, pid: 10059f, addr: 1, data: c0004bdc70)
             exe-1049567 [002] ..... 1633843.303931: sys_nanosleep -> 0x0
             exe-1050008 [003] ..... 1633843.303932: sys_ptrace -> 0x0
             exe-1050008 [003] ..... 1633843.303934: sys_ptrace(request: 4204, pid: 10059f, addr: 202, data: c0004bdc70)
             exe-1050008 [003] ..... 1633843.303936: sys_ptrace -> 0x0
             exe-1049567 [002] ..... 1633843.303941: sys_nanosleep(rqtp: c000069f10, rmtp: 0)
             exe-1050008 [003] ..... 1633843.303950: sys_pwrite64(fd: 63, buf: 7fd66e1e4080, count: 7a, pos: 7c)
             exe-1050008 [003] ..... 1633843.303952: tracing_mark_write: add_key(_type=0x55f048421e6c, _description=0x7fc616800001, _payload=0x7fc616800002, plen=4, ringid=0xfffffffffffffffd) end
             exe-1050008 [001] ..... 1633843.373882: tracing_mark_write: add_key(_type=0x55f048421e6c, _description=0x7fc616a00008, _payload=0x7fc616600000, plen=4096, ringid=0xfffffffffffffffd) start
             exe-1050008 [001] ..... 1633843.373883: sys_pwrite64 -> 0x7f
             exe-1050008 [001] ..... 1633843.373889: sys_ptrace(request: 4205, pid: 10059f, addr: 1, data: c0004bdc70)
             exe-1050008 [001] ..... 1633843.373892: sys_ptrace -> 0x0
             exe-1050008 [001] ..... 1633843.373893: sys_ptrace(request: 4205, pid: 10059f, addr: 202, data: c0004bdc70)
             exe-1050008 [001] ..... 1633843.373904: sys_ptrace -> 0x0
             exe-1050008 [001] ..... 1633843.373906: sys_ptrace(request: 1f, pid: 10059f, addr: 0, data: 0)
             exe-1050008 [001] ..... 1633843.373915: sys_ptrace -> 0x0
             exe-1050008 [001] ..... 1633843.373917: sys_wait4(upid: 10059f, stat_addr: c0004bdbf4, options: 40000002, ru: 0)
             exe-1050015 [001] ..... 1633843.373933: sys_write -> 0x7f
             exe-1050008 [001] ..... 1633843.373953: sys_wait4 -> 0x10059f
             exe-1050008 [001] ..... 1633843.373957: sys_ptrace(request: 4204, pid: 10059f, addr: 1, data: c0004bdc70)
             exe-1050008 [001] ..... 1633843.373961: sys_ptrace -> 0x0
             exe-1050008 [001] ..... 1633843.373962: sys_ptrace(request: 4204, pid: 10059f, addr: 202, data: c0004bdc70)
             exe-1050008 [001] ..... 1633843.373965: sys_ptrace -> 0x0
             exe-1050008 [001] ..... 1633843.373973: sys_ptrace(request: 4205, pid: 10059f, addr: 1, data: c0004bdc70)
             exe-1050008 [001] ..... 1633843.373975: sys_ptrace -> 0x0
             exe-1050008 [001] ..... 1633843.373976: sys_ptrace(request: 4205, pid: 10059f, addr: 202, data: c0004bdc70)
             exe-1050008 [001] ..... 1633843.373986: sys_ptrace -> 0x0
             exe-1050008 [001] ..... 1633843.373988: sys_ptrace(request: 1f, pid: 10059f, addr: 0, data: 0)
             exe-1050008 [001] ..... 1633843.373994: sys_ptrace -> 0x0
             exe-1050008 [001] ..... 1633843.373996: sys_wait4(upid: 10059f, stat_addr: c0004bdbf4, options: 40000002, ru: 0)
             exe-1050015 [001] ..... 1633843.374008: sys_add_key -> 0xfffffffffffffff3
             exe-1050008 [001] ..... 1633843.374026: sys_wait4 -> 0x10059f
             exe-1050008 [001] ..... 1633843.374029: sys_ptrace(request: 4204, pid: 10059f, addr: 1, data: c0004bdc70)
             exe-1050008 [001] ..... 1633843.374033: sys_ptrace -> 0x0
             exe-1050008 [001] ..... 1633843.374034: sys_ptrace(request: 4204, pid: 10059f, addr: 202, data: c0004bdc70)
             exe-1050008 [001] ..... 1633843.374037: sys_ptrace -> 0x0
             exe-1050008 [001] ..... 1633843.374046: sys_pwrite64(fd: 63, buf: 7fd66e1e4080, count: 7d, pos: 7f)
             exe-1050008 [001] ..... 1633843.374048: tracing_mark_write: add_key(_type=0x55f048421e6c, _description=0x7fc616a00008, _payload=0x7fc616600000, plen=4096, ringid=0xfffffffffffffffd) end
             exe-1050008 [001] ..... 1633843.437242: tracing_mark_write: add_key(_type=0x55f048421e64, _description=0x7fc61890c008, _payload=0x7fc6188fc000, plen=1, ringid=0xfffffffffffffffd) start
             exe-1050008 [001] .N... 1633843.437273: sys_pwrite64 -> 0x7c
             exe-1049567 [000] ..... 1633843.437287: sys_nanosleep -> 0x0
             exe-1049567 [000] ..... 1633843.437297: sys_nanosleep(rqtp: c000069f10, rmtp: 0)
             exe-1050289 [001] ..... 1633843.437310: sys_epoll_pwait -> 0x0
             exe-1050289 [001] ..... 1633843.437322: sys_futex(uaddr: c001f2d948, op: 81, val: 1, utime: 0, uaddr2: 0, val3: 0)
             exe-1050289 [001] ..... 1633843.437336: sys_futex -> 0x1
             exe-1050289 [001] ..... 1633843.437349: sys_epoll_pwait(epfd: 11, events: c0022e5840, maxevents: 80, timeout: 9, sigmask: 0, sigsetsize: 0)
             exe-1050232 [000] ..... 1633843.437361: sys_futex -> 0x0
             exe-1050232 [000] ..... 1633843.437371: sys_futex(uaddr: c001f2d948, op: 80, val: 0, utime: 0, uaddr2: 0, val3: 0)
             exe-1050008 [001] ..... 1633843.437418: sys_futex(uaddr: c001f2d948, op: 81, val: 1, utime: 0, uaddr2: 0, val3: 0)
             exe-1050008 [001] ..... 1633843.437430: sys_futex -> 0x1
             exe-1050008 [001] ..... 1633843.437441: sys_ptrace(request: 4205, pid: 10059f, addr: 1, data: c0004bdc70)
             exe-1050008 [001] ..... 1633843.437444: sys_ptrace -> 0x0
             exe-1050008 [001] ..... 1633843.437445: sys_ptrace(request: 4205, pid: 10059f, addr: 202, data: c0004bdc70)
             exe-1050232 [000] ..... 1633843.437450: sys_futex -> 0x0
             exe-1050232 [000] ..... 1633843.437454: sys_nanosleep(rqtp: c000693d60, rmtp: 0)
             exe-1050008 [001] ..... 1633843.437462: sys_ptrace -> 0x0
             exe-1050008 [001] ..... 1633843.437518: sys_ptrace(request: 1f, pid: 10059f, addr: 0, data: 0)
             exe-1050008 [001] .N... 1633843.437525: sys_ptrace -> 0x0
             exe-1050015 [001] ..... 1633843.437536: sys_write -> 0x7c
             exe-1050232 [000] ..... 1633843.437537: sys_nanosleep -> 0x0
             exe-1050232 [000] ..... 1633843.437541: sys_futex(uaddr: c00097a548, op: 81, val: 1, utime: 0, uaddr2: 0, val3: 0)
             exe-1050232 [000] ..... 1633843.437553: sys_futex -> 0x1
             exe-1050008 [001] ..... 1633843.437556: sys_wait4(upid: 10059f, stat_addr: c0004bdbf4, options: 40000002, ru: 0)
             exe-1050008 [001] ..... 1633843.437558: sys_wait4 -> 0x10059f
             exe-1050008 [001] ..... 1633843.437560: sys_ptrace(request: 4204, pid: 10059f, addr: 1, data: c0004bdc70)
             exe-1050008 [001] ..... 1633843.437564: sys_ptrace -> 0x0
             exe-1050232 [000] ..... 1633843.437564: sys_futex(uaddr: c001f2d948, op: 80, val: 0, utime: 0, uaddr2: 0, val3: 0)
             exe-1050008 [001] ..... 1633843.437565: sys_ptrace(request: 4204, pid: 10059f, addr: 202, data: c0004bdc70)
             exe-1050008 [001] ..... 1633843.437568: sys_ptrace -> 0x0
             exe-1050008 [001] ..... 1633843.437629: sys_ptrace(request: 4205, pid: 10059f, addr: 1, data: c0004bdc70)
             exe-1050008 [001] ..... 1633843.437633: sys_ptrace -> 0x0
             exe-1050008 [001] ..... 1633843.437634: sys_ptrace(request: 4205, pid: 10059f, addr: 202, data: c0004bdc70)
             exe-1050008 [001] ..... 1633843.437645: sys_ptrace -> 0x0
             exe-1049981 [002] ..... 1633843.437646: sys_futex -> 0x0
             exe-1050008 [001] ..... 1633843.437646: sys_ptrace(request: 1f, pid: 10059f, addr: 0, data: 0)
             exe-1050008 [001] .N... 1633843.437652: sys_ptrace -> 0x0
             exe-1049981 [002] ..... 1633843.437660: sys_futex(uaddr: c00097a548, op: 80, val: 0, utime: 0, uaddr2: 0, val3: 0)
             exe-1050015 [001] .N... 1633843.437710: sys_add_key -> 0xfffffffffffffff3
             exe-1050008 [003] ..... 1633843.437757: sys_wait4(upid: 10059f, stat_addr: c0004bdbf4, options: 40000002, ru: 0)
             exe-1050008 [003] ..... 1633843.437762: sys_wait4 -> 0x10059f
             exe-1050008 [003] ..... 1633843.437765: sys_ptrace(request: 4204, pid: 10059f, addr: 1, data: c0004bdc70)
             exe-1050008 [003] ..... 1633843.437771: sys_ptrace -> 0x0
             exe-1050008 [003] ..... 1633843.437773: sys_ptrace(request: 4204, pid: 10059f, addr: 202, data: c0004bdc70)
             exe-1050008 [003] ..... 1633843.437777: sys_ptrace -> 0x0
             exe-1050008 [003] ..... 1633843.437799: sys_pwrite64(fd: 63, buf: 7fd66e1e4080, count: 7a, pos: 7c)
             exe-1050008 [003] ..... 1633843.437803: tracing_mark_write: add_key(_type=0x55f048421e64, _description=0x7fc61890c008, _payload=0x7fc6188fc000, plen=1, ringid=0xfffffffffffffffd) end
             exe-1050008 [000] ..... 1633843.537129: tracing_mark_write: add_key(_type=0x55f048421e6c, _description=0x7fc61890d000, _payload=0x7fc616a00000, plen=4, ringid=0xfffffffffffffffd) start
             exe-977544  [003] ..... 1633843.537130: sys_ptrace(request: 4205, pid: eeb06, addr: 202, data: c0005bdc70)
             exe-1050008 [000] ..... 1633843.537131: sys_pwrite64 -> 0x7c
             exe-1091607 [002] ..... 1633843.537136: sys_wait4 -> 0x10aa3c
             exe-1050008 [000] ..... 1633843.537138: sys_ptrace(request: 4205, pid: 10059f, addr: 1, data: c0004bdc70)
             exe-1091607 [002] ..... 1633843.537139: sys_ptrace(request: 4204, pid: 10aa3c, addr: 1, data: c0010f9c70)
             exe-1050008 [000] ..... 1633843.537141: sys_ptrace -> 0x0
             exe-1091607 [002] ..... 1633843.537141: sys_ptrace -> 0x0
             exe-1050008 [000] ..... 1633843.537142: sys_ptrace(request: 4205, pid: 10059f, addr: 202, data: c0004bdc70)
           <...>-980075  [001] ..... 1633843.537142: sys_wait4 -> 0xef73a
             exe-1091607 [002] ..... 1633843.537142: sys_ptrace(request: 4204, pid: 10aa3c, addr: 202, data: c0010f9c70)
             exe-1091607 [002] ..... 1633843.537145: sys_ptrace -> 0x0
             exe-1091607 [002] ..... 1633843.537146: sys_ptrace(request: 4202, pid: 10aa3c, addr: 0, data: c0005711f0)
             exe-977544  [003] ..... 1633843.537147: sys_ptrace -> 0x0
             exe-1091607 [002] ..... 1633843.537147: sys_ptrace -> 0x0
           <...>-980075  [001] ..... 1633843.537149: sys_ptrace(request: 4204, pid: ef73a, addr: 1, data: c008f5db08)
             exe-977544  [003] ..... 1633843.537149: sys_ptrace(request: 1f, pid: eeb06, addr: 0, data: 0)
           <...>-980075  [001] ..... 1633843.537155: sys_ptrace -> 0x0
             exe-977544  [003] ..... 1633843.537156: sys_ptrace -> 0x0
             exe-977544  [003] ..... 1633843.537159: sys_wait4(upid: eeb06, stat_addr: c0005bdbf4, options: 40000002, ru: 0)
             exe-1050008 [000] ..... 1633843.537161: sys_ptrace -> 0x0
             exe-1050008 [000] ..... 1633843.537162: sys_ptrace(request: 1f, pid: 10059f, addr: 0, data: 0)
           <...>-980075  [001] ..... 1633843.537165: sys_futex(uaddr: c003889d48, op: 80, val: 0, utime: 0, uaddr2: 0, val3: 0)
             exe-1050008 [000] ..... 1633843.537174: sys_ptrace -> 0x0
             exe-1050008 [000] ..... 1633843.537176: sys_wait4(upid: 10059f, stat_addr: c0004bdbf4, options: 40000002, ru: 0)
           <...>-1091570 [001] ..... 1633843.537193: sys_munmap(addr: 559389200000, len: 200000)
             exe-1049673 [003] ..... 1633843.537198: sys_nanosleep -> 0x0
             exe-1049673 [003] ..... 1633843.537206: sys_futex(uaddr: 1f09dc0, op: 80, val: 0, utime: c000069eb0, uaddr2: 0, val3: 0)
           <...>-1091570 [001] ..... 1633843.537206: sys_munmap -> 0x0
             exe-975375  [003] ..... 1633843.537221: sys_nanosleep -> 0x0
             exe-975375  [003] ..... 1633843.537226: sys_nanosleep(rqtp: c000069f10, rmtp: 0)
             exe-1050015 [001] ..... 1633843.537239: sys_write -> 0x7c
             exe-977544  [003] ..... 1633843.537254: sys_wait4 -> 0xeeb06
             exe-977544  [003] ..... 1633843.537258: sys_ptrace(request: 4204, pid: eeb06, addr: 1, data: c0005bdc70)
             exe-977544  [003] ..... 1633843.537262: sys_ptrace -> 0x0
             exe-977544  [003] ..... 1633843.537264: sys_ptrace(request: 4204, pid: eeb06, addr: 202, data: c0005bdc70)
             exe-1091607 [002] ..... 1633843.537266: sys_ptrace(request: 4205, pid: 10aa3d, addr: 1, data: c0010f9460)
             exe-977544  [003] ..... 1633843.537267: sys_ptrace -> 0x0
             exe-977513  [000] ..... 1633843.537268: sys_wait4 -> 0xeec55
             exe-977544  [003] ..... 1633843.537268: sys_ptrace(request: 4202, pid: eeb06, addr: 0, data: c007a08280)
             exe-1091607 [002] ..... 1633843.537270: sys_ptrace -> 0x0
             exe-977544  [003] ..... 1633843.537270: sys_ptrace -> 0x0
             exe-1091607 [002] ..... 1633843.537271: sys_ptrace(request: 7, pid: 10aa3d, addr: 0, data: 0)
             exe-977513  [000] ..... 1633843.537274: sys_ptrace(request: 4204, pid: eec55, addr: 1, data: c0006cdc70)
             exe-1091607 [002] .N... 1633843.537275: sys_ptrace -> 0x0
             exe-977513  [000] ..... 1633843.537280: sys_ptrace -> 0x0
             exe-977513  [000] ..... 1633843.537282: sys_ptrace(request: 4204, pid: eec55, addr: 202, data: c0006cdc70)
             exe-977544  [003] ..... 1633843.537283: sys_ptrace(request: 4205, pid: eeb07, addr: 1, data: c0005bd900)
             exe-977513  [000] ..... 1633843.537285: sys_ptrace -> 0x0
             exe-977544  [003] ..... 1633843.537285: sys_ptrace -> 0x0
             exe-977544  [003] ..... 1633843.537287: sys_ptrace(request: 7, pid: eeb07, addr: 0, data: 0)
             exe-1092157 [002] ..... 1633843.537290: sys_munmap(addr: 559389200000, len: 200000)
             exe-977544  [003] ..... 1633843.537295: sys_ptrace -> 0x0
             exe-977544  [003] ..... 1633843.537297: sys_wait4(upid: eeb07, stat_addr: c0005bd884, options: 40000002, ru: 0)
             exe-977671  [000] ..... 1633843.537312: sys_mmap(addr: 7f0445e00000, len: 7f000, prot: 3, flags: 11, fd: b, off: 48d000)
             exe-975375  [003] ..... 1633843.537319: sys_nanosleep -> 0x0
             exe-977671  [000] ..... 1633843.537322: sys_mmap -> 0x7f0445e00000
             exe-975375  [003] ..... 1633843.537322: sys_nanosleep(rqtp: c000069f10, rmtp: 0)
             exe-1092157 [002] ..... 1633843.537327: sys_munmap -> 0x0
             exe-977544  [003] ..... 1633843.537338: sys_wait4 -> 0xeeb07
             exe-977544  [003] ..... 1633843.537341: sys_ptrace(request: 4204, pid: eeb07, addr: 1, data: c0005bd900)
             exe-977544  [003] ..... 1633843.537346: sys_ptrace -> 0x0
             exe-977513  [000] ..... 1633843.537349: sys_ptrace(request: 4205, pid: eec55, addr: 1, data: c0006cdc70)
             exe-977544  [003] ..... 1633843.537349: sys_ptrace(request: 4205, pid: eeb06, addr: 1, data: c0005bdc70)
             exe-977544  [003] ..... 1633843.537351: sys_ptrace -> 0x0
             exe-1091484 [002] ..... 1633843.537352: sys_wait4 -> 0x10a7f2
             exe-977544  [003] ..... 1633843.537352: sys_ptrace(request: 4205, pid: eeb06, addr: 202, data: c0005bdc70)
             exe-977513  [000] ..... 1633843.537353: sys_ptrace -> 0x0
             exe-977513  [000] ..... 1633843.537354: sys_ptrace(request: 4205, pid: eec55, addr: 202, data: c0006cdc70)
             exe-1091484 [002] ..... 1633843.537357: sys_ptrace(request: 4204, pid: 10a7f2, addr: 1, data: c00085f460)
             exe-1091484 [002] ..... 1633843.537361: sys_ptrace -> 0x0
             exe-977544  [003] ..... 1633843.537367: sys_ptrace -> 0x0
             exe-977544  [003] ..... 1633843.537369: sys_ptrace(request: 1f, pid: eeb06, addr: 0, data: 0)
             exe-1091484 [002] ..... 1633843.537374: sys_ptrace(request: 4205, pid: 10a7f2, addr: 1, data: c00085f900)
             exe-977544  [003] ..... 1633843.537375: sys_ptrace -> 0x0
             exe-1091484 [002] ..... 1633843.537376: sys_ptrace -> 0x0
             exe-977544  [003] ..... 1633843.537377: sys_wait4(upid: eeb06, stat_addr: c0005bdbf4, options: 40000002, ru: 0)
             exe-1091484 [002] ..... 1633843.537378: sys_ptrace(request: 7, pid: 10a7f2, addr: 0, data: 0)
             exe-977513  [000] .N... 1633843.537382: sys_ptrace -> 0x0
             exe-1050289 [001] ..... 1633843.537387: sys_epoll_pwait -> 0x0
             exe-1091484 [002] ..... 1633843.537393: sys_ptrace -> 0x0
             exe-1091484 [002] ..... 1633843.537395: sys_wait4(upid: 10a7f2, stat_addr: c00085f884, options: 40000002, ru: 0)
             exe-1091607 [002] ..... 1633843.537404: sys_wait4(upid: 10aa3d, stat_addr: c0010f93e4, options: 40000002, ru: 0)
             exe-1091607 [002] ..... 1633843.537406: sys_wait4 -> 0x10aa3d
             exe-1050289 [001] ..... 1633843.537407: sys_epoll_pwait(epfd: 11, events: c0022e5840, maxevents: 80, timeout: 1, sigmask: 0, sigsetsize: 0)
             exe-1091607 [002] ..... 1633843.537408: sys_ptrace(request: 4204, pid: 10aa3d, addr: 1, data: c0010f9460)
             exe-1091607 [002] ..... 1633843.537410: sys_ptrace -> 0x0
             exe-975375  [003] ..... 1633843.537410: sys_nanosleep -> 0x0
             exe-975375  [003] ..... 1633843.537413: sys_nanosleep(rqtp: c000069f10, rmtp: 0)
             exe-1091607 [002] ..... 1633843.537421: sys_futex(uaddr: c000680148, op: 81, val: 1, utime: 0, uaddr2: 0, val3: 0)
             exe-1091607 [002] ..... 1633843.537428: sys_futex -> 0x1
             exe-1091607 [002] ..... 1633843.537433: sys_ptrace(request: 4205, pid: 10aa3d, addr: 1, data: c0010f9900)
             exe-1091607 [002] ..... 1633843.537435: sys_ptrace -> 0x0
             exe-1091607 [002] ..... 1633843.537436: sys_ptrace(request: 7, pid: 10aa3d, addr: 0, data: 0)
             exe-977544  [003] ..... 1633843.537437: sys_wait4 -> 0xeeb06
           <...>-1091570 [001] ..... 1633843.537438: sys_mmap(addr: 5593892b2000, len: 9000, prot: 3, flags: 11, fd: b, off: 37c000)
             exe-977544  [003] ..... 1633843.537439: sys_ptrace(request: 4204, pid: eeb06, addr: 1, data: c0005bdc70)
             exe-1091607 [002] .N... 1633843.537441: sys_ptrace -> 0x0
             exe-977544  [003] ..... 1633843.537445: sys_ptrace -> 0x0
             exe-977544  [003] ..... 1633843.537447: sys_ptrace(request: 4204, pid: eeb06, addr: 202, data: c0005bdc70)
           <...>-1091570 [001] ..... 1633843.537448: sys_mmap -> 0x5593892b2000
             exe-977513  [000] ..... 1633843.537448: sys_ptrace(request: 1f, pid: eec55, addr: 0, data: 0)
             exe-977544  [003] ..... 1633843.537449: sys_ptrace -> 0x0
             exe-977544  [003] ..... 1633843.537450: sys_ptrace(request: 4202, pid: eeb06, addr: 0, data: c007a08280)
             exe-977544  [003] ..... 1633843.537451: sys_ptrace -> 0x0
             exe-1092157 [002] ..... 1633843.537454: sys_mmap(addr: 5593892b2000, len: 9000, prot: 3, flags: 11, fd: b, off: 3be000)
             exe-977544  [003] ..... 1633843.537456: sys_ptrace(request: 4205, pid: eeb07, addr: 1, data: c0005bd900)
             exe-977513  [000] ..... 1633843.537458: sys_ptrace -> 0x0
             exe-977544  [003] ..... 1633843.537459: sys_ptrace -> 0x0
             exe-977544  [003] ..... 1633843.537460: sys_ptrace(request: 7, pid: eeb07, addr: 0, data: 0)
             exe-977513  [000] ..... 1633843.537461: sys_wait4(upid: eec55, stat_addr: c0006cdbf4, options: 40000002, ru: 0)
             exe-977544  [003] ..... 1633843.537465: sys_ptrace -> 0x0
             exe-977544  [003] ..... 1633843.537467: sys_wait4(upid: eeb07, stat_addr: c0005bd884, options: 40000002, ru: 0)
             exe-1092157 [002] ..... 1633843.537470: sys_mmap -> 0x5593892b2000
             exe-1091495 [001] ..... 1633843.537484: sys_futex -> 0x0
             exe-1050008 [000] ..... 1633843.537487: sys_wait4 -> 0x10059f
             exe-1091484 [002] ..... 1633843.537489: sys_wait4 -> 0x10a7f2
             exe-1091495 [001] ..... 1633843.537492: sys_nanosleep(rqtp: c0002f7d60, rmtp: 0)
             exe-1050008 [000] ..... 1633843.537493: sys_ptrace(request: 4204, pid: 10059f, addr: 1, data: c0004bdc70)
             exe-1091484 [002] ..... 1633843.537493: sys_ptrace(request: 4204, pid: 10a7f2, addr: 1, data: c00085f900)
             exe-1091484 [002] ..... 1633843.537497: sys_ptrace -> 0x0
             exe-975375  [003] ..... 1633843.537498: sys_nanosleep -> 0x0
             exe-1050008 [000] ..... 1633843.537498: sys_ptrace -> 0x0
             exe-1050008 [000] ..... 1633843.537500: sys_ptrace(request: 4204, pid: 10059f, addr: 202, data: c0004bdc70)
             exe-975375  [003] ..... 1633843.537501: sys_nanosleep(rqtp: c000069f10, rmtp: 0)
             exe-1091484 [002] ..... 1633843.537501: sys_ptrace(request: 4205, pid: 10a7f1, addr: 1, data: c00085fc70)
             exe-1050008 [000] ..... 1633843.537503: sys_ptrace -> 0x0
             exe-1091484 [002] ..... 1633843.537504: sys_ptrace -> 0x0
             exe-1091484 [002] ..... 1633843.537505: sys_ptrace(request: 4205, pid: 10a7f1, addr: 202, data: c00085fc70)
             exe-1050008 [000] ..... 1633843.537511: sys_ptrace(request: 4205, pid: 10059f, addr: 1, data: c0004bdc70)
             exe-978005  [001] ..... 1633843.537517: sys_rt_sigprocmask -> 0x0
             exe-1091484 [002] ..... 1633843.537518: sys_ptrace -> 0x0
             exe-1091484 [002] ..... 1633843.537520: sys_ptrace(request: 1f, pid: 10a7f1, addr: 0, data: 0)
             exe-1050008 [000] ..... 1633843.537523: sys_ptrace -> 0x0
             exe-1050008 [000] ..... 1633843.537524: sys_ptrace(request: 4205, pid: 10059f, addr: 202, data: c0004bdc70)
             exe-1091484 [002] .N... 1633843.537526: sys_ptrace -> 0x0
             exe-1050008 [000] ..... 1633843.537548: sys_ptrace -> 0x0
             exe-1050008 [000] ..... 1633843.537550: sys_ptrace(request: 1f, pid: 10059f, addr: 0, data: 0)
             exe-1050008 [000] ..... 1633843.537558: sys_ptrace -> 0x0
             exe-1050008 [000] ..... 1633843.537561: sys_wait4(upid: 10059f, stat_addr: c0004bdbf4, options: 40000002, ru: 0)
             exe-977671  [000] ..... 1633843.537581: sys_mmap(addr: 7f0a0d336000, len: 4000, prot: 3, flags: 11, fd: b, off: 31f000)
             exe-1091484 [002] ..... 1633843.537581: sys_wait4(upid: 10a7f1, stat_addr: c00085fbf4, options: 40000002, ru: 0)
             exe-1050015 [001] ..... 1633843.537581: sys_add_key -> 0xfffffffffffffff3
             exe-1091484 [002] ..... 1633843.537583: sys_wait4 -> 0x10a7f1
             exe-975375  [003] ..... 1633843.537585: sys_nanosleep -> 0x0
             exe-1091484 [002] ..... 1633843.537586: sys_ptrace(request: 4204, pid: 10a7f1, addr: 1, data: c00085fc70)
             exe-975375  [003] ..... 1633843.537587: sys_nanosleep(rqtp: c000069f10, rmtp: 0)
             exe-1091484 [002] ..... 1633843.537589: sys_ptrace -> 0x0
             exe-1091484 [002] ..... 1633843.537591: sys_ptrace(request: 4204, pid: 10a7f1, addr: 202, data: c00085fc70)
             exe-1091484 [002] ..... 1633843.537593: sys_ptrace -> 0x0
             exe-1091484 [002] ..... 1633843.537594: sys_ptrace(request: 4202, pid: 10a7f1, addr: 0, data: c001fa7600)
             exe-1091484 [002] ..... 1633843.537596: sys_ptrace -> 0x0
             exe-977671  [000] ..... 1633843.537600: sys_mmap -> 0x7f0a0d336000
             exe-1091484 [002] ..... 1633843.537606: sys_ptrace(request: 4205, pid: 10a7f2, addr: 1, data: c00085f900)
             exe-1091495 [001] ..... 1633843.537609: sys_nanosleep -> 0x0
             exe-1091484 [002] ..... 1633843.537609: sys_ptrace -> 0x0
             exe-1091484 [002] ..... 1633843.537611: sys_ptrace(request: 7, pid: 10a7f2, addr: 0, data: 0)
             exe-1091495 [001] ..... 1633843.537616: sys_futex(uaddr: c004c7c948, op: 81, val: 1, utime: 0, uaddr2: 0, val3: 0)
             exe-977544  [003] ..... 1633843.537622: sys_wait4 -> 0xeeb07
             exe-1091484 [002] ..... 1633843.537622: sys_ptrace -> 0x0
             exe-977544  [003] ..... 1633843.537624: sys_ptrace(request: 4204, pid: eeb07, addr: 1, data: c0005bd900)
             exe-1091484 [002] ..... 1633843.537624: sys_wait4(upid: 10a7f2, stat_addr: c00085f884, options: 40000002, ru: 0)
             exe-977544  [003] ..... 1633843.537633: sys_ptrace -> 0x0
             exe-1091495 [001] .N... 1633843.537634: sys_futex -> 0x1
             exe-1091607 [002] ..... 1633843.537634: sys_wait4(upid: 10aa3d, stat_addr: c0010f9884, options: 40000002, ru: 0)
             exe-1091607 [002] ..... 1633843.537635: sys_wait4 -> 0x10aa3d
             exe-977544  [003] ..... 1633843.537636: sys_ptrace(request: 4205, pid: eeb06, addr: 1, data: c0005bdc70)
             exe-1091607 [002] ..... 1633843.537637: sys_ptrace(request: 4204, pid: 10aa3d, addr: 1, data: c0010f9900)
             exe-1091607 [002] ..... 1633843.537639: sys_ptrace -> 0x0
             exe-977544  [003] ..... 1633843.537641: sys_ptrace -> 0x0
             exe-977544  [003] ..... 1633843.537642: sys_ptrace(request: 4205, pid: eeb06, addr: 202, data: c0005bdc70)
             exe-1091607 [002] ..... 1633843.537642: sys_ptrace(request: 4205, pid: 10aa3c, addr: 1, data: c0010f9c70)
             exe-977513  [000] ..... 1633843.537643: sys_wait4 -> 0xeec55
             exe-1091607 [002] ..... 1633843.537645: sys_ptrace -> 0x0
             exe-1091607 [002] ..... 1633843.537646: sys_ptrace(request: 4205, pid: 10aa3c, addr: 202, data: c0010f9c70)
           <...>-1091570 [001] ..... 1633843.537649: sys_mmap(addr: 5593892ae000, len: 4000, prot: 1, flags: 11, fd: b, off: 20c000)
             exe-977513  [000] ..... 1633843.537649: sys_ptrace(request: 4204, pid: eec55, addr: 1, data: c0006cdc70)
             exe-977544  [003] ..... 1633843.537650: sys_ptrace -> 0x0
             exe-977544  [003] ..... 1633843.537651: sys_ptrace(request: 1f, pid: eeb06, addr: 0, data: 0)
             exe-977513  [000] ..... 1633843.537654: sys_ptrace -> 0x0
             exe-977544  [003] ..... 1633843.537657: sys_ptrace -> 0x0
             exe-1091607 [002] ..... 1633843.537658: sys_ptrace -> 0x0
           <...>-1091570 [001] ..... 1633843.537659: sys_mmap -> 0x5593892ae000
             exe-1091607 [002] ..... 1633843.537659: sys_ptrace(request: 1f, pid: 10aa3c, addr: 0, data: 0)
             exe-975375  [003] ..... 1633843.537685: sys_nanosleep -> 0x0
             exe-975375  [003] ..... 1633843.537687: sys_nanosleep(rqtp: c000069f10, rmtp: 0)
