             exe-1050289 [003] ..... 1633892.675562: tracing_mark_write: bpf(cmd=0x0, uattr=0x55b868afbaf0, size=20) start
             exe-1050289 [003] ..... 1633892.675570: sys_pwrite64 -> 0x31
             exe-1050289 [003] ..... 1633892.675576: sys_ptrace(request: 4205, pid: 10072d, addr: 1, data: c00063fc70)
             exe-1050289 [003] ..... 1633892.675577: sys_ptrace -> 0x0
             exe-1050289 [003] ..... 1633892.675578: sys_ptrace(request: 4205, pid: 10072d, addr: 202, data: c00063fc70)
             exe-1050289 [003] ..... 1633892.675586: sys_ptrace -> 0x0
             exe-1050289 [003] ..... 1633892.675587: sys_ptrace(request: 1f, pid: 10072d, addr: 0, data: 0)
             exe-1050289 [003] ..... 1633892.675595: sys_ptrace -> 0x0
             exe-1050289 [003] ..... 1633892.675596: sys_wait4(upid: 10072d, stat_addr: c00063fbf4, options: 40000002, ru: 0)
             exe-1050413 [001] ..... 1633892.675609: sys_write -> 0x31
             exe-1049567 [000] ..... 1633892.675611: sys_nanosleep -> 0x0
             exe-1049567 [000] ..... 1633892.675613: sys_nanosleep(rqtp: c000069f10, rmtp: 0)
             exe-1049673 [003] ..... 1633892.675633: sys_nanosleep -> 0x0
             exe-1049673 [003] ..... 1633892.675637: sys_nanosleep(rqtp: c000069f10, rmtp: 0)
             exe-1050289 [003] ..... 1633892.675651: sys_wait4 -> 0x10072d
             exe-1050289 [003] ..... 1633892.675654: sys_ptrace(request: 4204, pid: 10072d, addr: 1, data: c00063fc70)
             exe-1050289 [003] ..... 1633892.675657: sys_ptrace -> 0x0
             exe-1050289 [003] ..... 1633892.675658: sys_ptrace(request: 4204, pid: 10072d, addr: 202, data: c00063fc70)
             exe-1050289 [003] ..... 1633892.675660: sys_ptrace -> 0x0
             exe-1050289 [003] ..... 1633892.675672: sys_ptrace(request: 4205, pid: 10072d, addr: 1, data: c00063fc70)
             exe-1050289 [003] ..... 1633892.675674: sys_ptrace -> 0x0
             exe-1050289 [003] ..... 1633892.675675: sys_ptrace(request: 4205, pid: 10072d, addr: 202, data: c00063fc70)
             exe-1050289 [003] ..... 1633892.675682: sys_ptrace -> 0x0
             exe-1050289 [003] ..... 1633892.675684: sys_ptrace(request: 1f, pid: 10072d, addr: 0, data: 0)
             exe-1050289 [003] ..... 1633892.675688: sys_ptrace -> 0x0
             exe-1050289 [003] ..... 1633892.675690: sys_wait4(upid: 10072d, stat_addr: c00063fbf4, options: 40000002, ru: 0)
             exe-1050413 [001] ..... 1633892.675700: sys_bpf -> 0xffffffffffffffff
             exe-1050289 [003] ..... 1633892.675712: sys_wait4 -> 0x10072d
             exe-1050289 [003] ..... 1633892.675713: sys_ptrace(request: 4204, pid: 10072d, addr: 1, data: c00063fc70)
             exe-1050289 [003] ..... 1633892.675715: sys_ptrace -> 0x0
             exe-1050289 [003] ..... 1633892.675716: sys_ptrace(request: 4204, pid: 10072d, addr: 202, data: c00063fc70)
             exe-1050289 [003] ..... 1633892.675717: sys_ptrace -> 0x0
             exe-1050289 [003] ..... 1633892.675726: sys_pwrite64(fd: 63, buf: 7fd66e107080, count: 2f, pos: 31)
             exe-1050289 [003] ..... 1633892.675733: tracing_mark_write: bpf(cmd=0x0, uattr=0x55b868afbaf0, size=20) end
             exe-1050289 [002] ..... 1633892.744072: tracing_mark_write: bpf(cmd=0x0, uattr=0x55b868afbaf0, size=20) start
             exe-1050289 [002] ..... 1633892.744074: sys_pwrite64 -> 0x31
             exe-1050289 [002] ..... 1633892.744079: sys_ptrace(request: 4205, pid: 10072d, addr: 1, data: c00063fc70)
             exe-1050289 [002] ..... 1633892.744082: sys_ptrace -> 0x0
             exe-1050289 [002] ..... 1633892.744083: sys_ptrace(request: 4205, pid: 10072d, addr: 202, data: c00063fc70)
             exe-1050289 [002] ..... 1633892.744094: sys_ptrace -> 0x0
             exe-1050289 [002] ..... 1633892.744096: sys_ptrace(request: 1f, pid: 10072d, addr: 0, data: 0)
             exe-1050289 [002] .N... 1633892.744102: sys_ptrace -> 0x0
             exe-1050413 [002] ..... 1633892.744112: sys_write -> 0x31
             exe-1049567 [000] ..... 1633892.744118: sys_nanosleep -> 0x0
             exe-1049567 [000] ..... 1633892.744121: sys_nanosleep(rqtp: c000069f10, rmtp: 0)
             exe-1050289 [002] ..... 1633892.744130: sys_wait4(upid: 10072d, stat_addr: c00063fbf4, options: 40000002, ru: 0)
             exe-1050289 [002] ..... 1633892.744133: sys_wait4 -> 0x10072d
             exe-1050289 [002] ..... 1633892.744134: sys_ptrace(request: 4204, pid: 10072d, addr: 1, data: c00063fc70)
             exe-1050289 [002] ..... 1633892.744138: sys_ptrace -> 0x0
             exe-1050289 [002] ..... 1633892.744139: sys_ptrace(request: 4204, pid: 10072d, addr: 202, data: c00063fc70)
             exe-1050289 [002] ..... 1633892.744141: sys_ptrace -> 0x0
             exe-1050289 [002] ..... 1633892.744147: sys_ptrace(request: 4205, pid: 10072d, addr: 1, data: c00063fc70)
             exe-1050289 [002] ..... 1633892.744149: sys_ptrace -> 0x0
             exe-1049673 [003] ..... 1633892.744150: sys_nanosleep -> 0x0
             exe-1050289 [002] ..... 1633892.744151: sys_ptrace(request: 4205, pid: 10072d, addr: 202, data: c00063fc70)
             exe-1049673 [003] ..... 1633892.744153: sys_nanosleep(rqtp: c000069f10, rmtp: 0)
             exe-1050289 [002] ..... 1633892.744160: sys_ptrace -> 0x0
             exe-1050289 [002] ..... 1633892.744162: sys_ptrace(request: 1f, pid: 10072d, addr: 0, data: 0)
             exe-1050289 [002] .N... 1633892.744168: sys_ptrace -> 0x0
             exe-1050413 [002] ..... 1633892.744177: sys_bpf -> 0xffffffffffffffff
             exe-1050289 [002] ..... 1633892.744195: sys_wait4(upid: 10072d, stat_addr: c00063fbf4, options: 40000002, ru: 0)
             exe-1050289 [002] ..... 1633892.744197: sys_wait4 -> 0x10072d
             exe-1050289 [002] ..... 1633892.744199: sys_ptrace(request: 4204, pid: 10072d, addr: 1, data: c00063fc70)
             exe-1050289 [002] ..... 1633892.744202: sys_ptrace -> 0x0
             exe-1050289 [002] ..... 1633892.744204: sys_ptrace(request: 4204, pid: 10072d, addr: 202, data: c00063fc70)
             exe-1050289 [002] ..... 1633892.744206: sys_ptrace -> 0x0
             exe-1050289 [002] ..... 1633892.744214: sys_pwrite64(fd: 63, buf: 7fd66e107080, count: 2f, pos: 31)
             exe-1050289 [002] ..... 1633892.744215: tracing_mark_write: bpf(cmd=0x0, uattr=0x55b868afbaf0, size=20) end
             exe-1050289 [002] ..... 1633892.805500: tracing_mark_write: bpf(cmd=0x0, uattr=0x55b868afbaf0, size=20) start
             exe-1050289 [002] ..... 1633892.805502: sys_pwrite64 -> 0x31
             exe-1050289 [002] ..... 1633892.805507: sys_ptrace(request: 4205, pid: 10072d, addr: 1, data: c00063fc70)
             exe-1050289 [002] ..... 1633892.805510: sys_ptrace -> 0x0
             exe-1050289 [002] ..... 1633892.805511: sys_ptrace(request: 4205, pid: 10072d, addr: 202, data: c00063fc70)
             exe-1050289 [002] ..... 1633892.805521: sys_ptrace -> 0x0
             exe-1049673 [003] ..... 1633892.805522: sys_nanosleep -> 0x0
             exe-1050289 [002] ..... 1633892.805523: sys_ptrace(request: 1f, pid: 10072d, addr: 0, data: 0)
             exe-1049673 [003] ..... 1633892.805528: sys_nanosleep(rqtp: c000069f10, rmtp: 0)
             exe-1050289 [002] .N... 1633892.805529: sys_ptrace -> 0x0
             exe-1050413 [002] ..... 1633892.805539: sys_write -> 0x31
             exe-1049567 [000] ..... 1633892.805543: sys_nanosleep -> 0x0
             exe-1049567 [000] ..... 1633892.805548: sys_nanosleep(rqtp: c000069f10, rmtp: 0)
             exe-1050289 [002] ..... 1633892.805557: sys_wait4(upid: 10072d, stat_addr: c00063fbf4, options: 40000002, ru: 0)
             exe-1050289 [002] ..... 1633892.805560: sys_wait4 -> 0x10072d
             exe-1050289 [002] ..... 1633892.805562: sys_ptrace(request: 4204, pid: 10072d, addr: 1, data: c00063fc70)
             exe-1050289 [002] ..... 1633892.805565: sys_ptrace -> 0x0
             exe-1050289 [002] ..... 1633892.805567: sys_ptrace(request: 4204, pid: 10072d, addr: 202, data: c00063fc70)
             exe-1050289 [002] ..... 1633892.805569: sys_ptrace -> 0x0
             exe-1050289 [002] ..... 1633892.805574: sys_ptrace(request: 4205, pid: 10072d, addr: 1, data: c00063fc70)
             exe-1050289 [002] ..... 1633892.805577: sys_ptrace -> 0x0
             exe-1050289 [002] ..... 1633892.805578: sys_ptrace(request: 4205, pid: 10072d, addr: 202, data: c00063fc70)
             exe-1050289 [002] ..... 1633892.805603: sys_ptrace -> 0x0
             exe-1050289 [002] ..... 1633892.805605: sys_ptrace(request: 1f, pid: 10072d, addr: 0, data: 0)
             exe-1050289 [002] .N... 1633892.805612: sys_ptrace -> 0x0
             exe-1050413 [002] ..... 1633892.805622: sys_bpf -> 0xffffffffffffffff
             exe-1049673 [003] ..... 1633892.805634: sys_nanosleep -> 0x0
             exe-1049673 [003] ..... 1633892.805639: sys_nanosleep(rqtp: c000069f10, rmtp: 0)
             exe-1050289 [002] ..... 1633892.805641: sys_wait4(upid: 10072d, stat_addr: c00063fbf4, options: 40000002, ru: 0)
             exe-1049567 [000] ..... 1633892.805667: sys_nanosleep -> 0x0
             exe-1050289 [002] ..... 1633892.805668: sys_wait4 -> 0x10072d
             exe-1050289 [002] ..... 1633892.805671: sys_ptrace(request: 4204, pid: 10072d, addr: 1, data: c00063fc70)
             exe-1049567 [000] ..... 1633892.805673: sys_nanosleep(rqtp: c000069f10, rmtp: 0)
             exe-1050289 [002] ..... 1633892.805674: sys_ptrace -> 0x0
             exe-1050289 [002] ..... 1633892.805676: sys_ptrace(request: 4204, pid: 10072d, addr: 202, data: c00063fc70)
             exe-1050289 [002] ..... 1633892.805678: sys_ptrace -> 0x0
             exe-1050289 [002] ..... 1633892.805688: sys_pwrite64(fd: 63, buf: 7fd66e107080, count: 2f, pos: 31)
             exe-1050289 [002] ..... 1633892.805690: tracing_mark_write: bpf(cmd=0x0, uattr=0x55b868afbaf0, size=20) end
             exe-1050289 [002] ..... 1633892.894135: tracing_mark_write: bpf(cmd=0x0, uattr=0x55b868afbaf0, size=20) start
             exe-1050289 [002] ..... 1633892.894136: sys_pwrite64 -> 0x31
             exe-1049567 [001] ..... 1633892.894138: sys_nanosleep -> 0x0
             exe-1049567 [001] ..... 1633892.894143: sys_nanosleep(rqtp: c000069f10, rmtp: 0)
             exe-1050289 [002] ..... 1633892.894143: sys_ptrace(request: 4205, pid: 10072d, addr: 1, data: c00063fc70)
             exe-1050289 [002] ..... 1633892.894146: sys_ptrace -> 0x0
             exe-1050289 [002] ..... 1633892.894147: sys_ptrace(request: 4205, pid: 10072d, addr: 202, data: c00063fc70)
             exe-1049673 [001] ..... 1633892.894158: sys_nanosleep -> 0x0
             exe-1049673 [001] ..... 1633892.894163: sys_nanosleep(rqtp: c000069f10, rmtp: 0)
             exe-1050289 [002] ..... 1633892.894228: sys_ptrace -> 0x0
             exe-1050289 [002] ..... 1633892.894233: sys_ptrace(request: 1f, pid: 10072d, addr: 0, data: 0)
             exe-1050289 [002] .N... 1633892.894240: sys_ptrace -> 0x0
             exe-1050413 [002] ..... 1633892.894252: sys_write -> 0x31
             exe-1049673 [001] ..... 1633892.894256: sys_nanosleep -> 0x0
             exe-1049673 [001] ..... 1633892.894259: sys_nanosleep(rqtp: c000069f10, rmtp: 0)
             exe-1049567 [001] ..... 1633892.894298: sys_nanosleep -> 0x0
             exe-1049567 [001] ..... 1633892.894303: sys_nanosleep(rqtp: c000069f10, rmtp: 0)
             exe-1050289 [002] ..... 1633892.894346: sys_wait4(upid: 10072d, stat_addr: c00063fbf4, options: 40000002, ru: 0)
             exe-1050289 [002] ..... 1633892.894349: sys_wait4 -> 0x10072d
             exe-1050289 [002] ..... 1633892.894351: sys_ptrace(request: 4204, pid: 10072d, addr: 1, data: c00063fc70)
             exe-1050289 [002] ..... 1633892.894355: sys_ptrace -> 0x0
             exe-1050289 [002] ..... 1633892.894357: sys_ptrace(request: 4204, pid: 10072d, addr: 202, data: c00063fc70)
             exe-1050289 [002] ..... 1633892.894359: sys_ptrace -> 0x0
             exe-1050289 [002] ..... 1633892.894367: sys_ptrace(request: 4205, pid: 10072d, addr: 1, data: c00063fc70)
             exe-1050289 [002] ..... 1633892.894370: sys_ptrace -> 0x0
             exe-1050289 [002] ..... 1633892.894371: sys_ptrace(request: 4205, pid: 10072d, addr: 202, data: c00063fc70)
             exe-1050289 [002] ..... 1633892.894381: sys_ptrace -> 0x0
             exe-1050289 [002] ..... 1633892.894383: sys_ptrace(request: 1f, pid: 10072d, addr: 0, data: 0)
             exe-1049673 [001] ..... 1633892.894384: sys_nanosleep -> 0x0
             exe-1049673 [001] ..... 1633892.894390: sys_nanosleep(rqtp: c000069f10, rmtp: 0)
             exe-1050289 [002] .N... 1633892.894391: sys_ptrace -> 0x0
             exe-1050413 [002] ..... 1633892.894468: sys_bpf -> 0xffffffffffffffff
             exe-1049567 [001] ..... 1633892.894491: sys_nanosleep -> 0x0
             exe-1050289 [002] ..... 1633892.894491: sys_wait4(upid: 10072d, stat_addr: c00063fbf4, options: 40000002, ru: 0)
             exe-1050289 [002] ..... 1633892.894495: sys_wait4 -> 0x10072d
             exe-1049567 [001] ..... 1633892.894496: sys_nanosleep(rqtp: c000069f10, rmtp: 0)
             exe-1050289 [002] ..... 1633892.894497: sys_ptrace(request: 4204, pid: 10072d, addr: 1, data: c00063fc70)
             exe-1050289 [002] ..... 1633892.894502: sys_ptrace -> 0x0
             exe-1050289 [002] ..... 1633892.894503: sys_ptrace(request: 4204, pid: 10072d, addr: 202, data: c00063fc70)
             exe-1050289 [002] ..... 1633892.894506: sys_ptrace -> 0x0
             exe-1049673 [001] ..... 1633892.894518: sys_nanosleep -> 0x0
             exe-1049673 [001] ..... 1633892.894523: sys_nanosleep(rqtp: c000069f10, rmtp: 0)
             exe-1050289 [002] ..... 1633892.894591: sys_pwrite64(fd: 63, buf: 7fd66e107080, count: 2f, pos: 31)
             exe-1050289 [002] ..... 1633892.894593: tracing_mark_write: bpf(cmd=0x0, uattr=0x55b868afbaf0, size=20) end
             exe-1050232 [002] ..... 1633892.965939: tracing_mark_write: bpf(cmd=0x0, uattr=0x55b868afbaf0, size=20) start
             exe-1050232 [002] ..... 1633892.965941: sys_pwrite64 -> 0x31
             exe-1050232 [002] ..... 1633892.965948: sys_ptrace(request: 4205, pid: 100716, addr: 1, data: c00063fc70)
             exe-1049673 [001] ..... 1633892.965972: sys_nanosleep -> 0x0
             exe-1049673 [001] ..... 1633892.965974: sys_nanosleep(rqtp: c000069f10, rmtp: 0)
             exe-1050232 [002] .N... 1633892.965982: sys_ptrace -> 0x0
             exe-1050232 [002] ..... 1633892.966039: sys_ptrace(request: 4205, pid: 100716, addr: 202, data: c00063fc70)
             exe-1049673 [001] ..... 1633892.966058: sys_nanosleep -> 0x0
             exe-1049673 [001] ..... 1633892.966060: sys_nanosleep(rqtp: c000069f10, rmtp: 0)
             exe-1050232 [002] ..... 1633892.966066: sys_ptrace -> 0x0
             exe-1050232 [002] ..... 1633892.966069: sys_ptrace(request: 1f, pid: 100716, addr: 0, data: 0)
             exe-1050232 [002] .N... 1633892.966111: sys_ptrace -> 0x0
             exe-1049673 [001] ..... 1633892.966145: sys_nanosleep -> 0x0
             exe-1049673 [001] ..... 1633892.966147: sys_nanosleep(rqtp: c000069f10, rmtp: 0)
             exe-1050390 [003] ..... 1633892.966160: sys_write -> 0x31
             exe-1050232 [002] ..... 1633892.966180: sys_wait4(upid: 100716, stat_addr: c00063fbf4, options: 40000002, ru: 0)
             exe-1050232 [002] ..... 1633892.966183: sys_wait4 -> 0x100716
             exe-1050232 [002] ..... 1633892.966186: sys_ptrace(request: 4204, pid: 100716, addr: 1, data: c00063fc70)
             exe-1050232 [002] ..... 1633892.966191: sys_ptrace -> 0x0
             exe-1050232 [002] ..... 1633892.966193: sys_ptrace(request: 4204, pid: 100716, addr: 202, data: c00063fc70)
             exe-1050232 [002] ..... 1633892.966195: sys_ptrace -> 0x0
             exe-1049673 [001] ..... 1633892.966231: sys_nanosleep -> 0x0
             exe-1049673 [001] ..... 1633892.966233: sys_nanosleep(rqtp: c000069f10, rmtp: 0)
             exe-1050232 [002] ..... 1633892.966320: sys_ptrace(request: 4205, pid: 100716, addr: 1, data: c00063fc70)
             exe-1049673 [001] ..... 1633892.966366: sys_nanosleep -> 0x0
             exe-1050232 [002] .N... 1633892.966369: sys_ptrace -> 0x0
             exe-1049673 [001] ..... 1633892.966369: sys_nanosleep(rqtp: c000069f10, rmtp: 0)
             exe-1050232 [002] ..... 1633892.966453: sys_ptrace(request: 4205, pid: 100716, addr: 202, data: c00063fc70)
             exe-1049673 [001] ..... 1633892.966457: sys_nanosleep -> 0x0
             exe-1049673 [001] ..... 1633892.966459: sys_nanosleep(rqtp: c000069f10, rmtp: 0)
             exe-1050232 [002] ..... 1633892.966468: sys_ptrace -> 0x0
             exe-1050232 [002] ..... 1633892.966470: sys_ptrace(request: 1f, pid: 100716, addr: 0, data: 0)
             exe-1050232 [002] ..... 1633892.966484: sys_ptrace -> 0x0
             exe-1050232 [002] ..... 1633892.966488: sys_wait4(upid: 100716, stat_addr: c00063fbf4, options: 40000002, ru: 0)
             exe-1050390 [003] ..... 1633892.966509: sys_bpf -> 0xffffffffffffffff
             exe-1049673 [001] ..... 1633892.966543: sys_nanosleep -> 0x0
             exe-1049673 [001] ..... 1633892.966545: sys_nanosleep(rqtp: c000069f10, rmtp: 0)
             exe-1050232 [002] ..... 1633892.966563: sys_wait4 -> 0x100716
             exe-1050232 [002] ..... 1633892.966569: sys_ptrace(request: 4204, pid: 100716, addr: 1, data: c00063fc70)
             exe-1050232 [002] ..... 1633892.966573: sys_ptrace -> 0x0
             exe-1050232 [002] ..... 1633892.966575: sys_ptrace(request: 4204, pid: 100716, addr: 202, data: c00063fc70)
             exe-1050232 [002] ..... 1633892.966578: sys_ptrace -> 0x0
             exe-1050232 [002] ..... 1633892.966592: sys_pwrite64(fd: 63, buf: 7fd66e107080, count: 2f, pos: 31)
             exe-1050232 [002] ..... 1633892.966595: tracing_mark_write: bpf(cmd=0x0, uattr=0x55b868afbaf0, size=20) end
             exe-1050232 [002] ..... 1633893.033131: tracing_mark_write: bpf(cmd=0x0, uattr=0x55b868afbaf0, size=20) start
             exe-1050232 [002] ..... 1633893.033133: sys_pwrite64 -> 0x31
             exe-1050232 [002] ..... 1633893.033139: sys_ptrace(request: 4205, pid: 100716, addr: 1, data: c00063fc70)
             exe-1050232 [002] ..... 1633893.033141: sys_ptrace -> 0x0
             exe-1050232 [002] ..... 1633893.033143: sys_ptrace(request: 4205, pid: 100716, addr: 202, data: c00063fc70)
             exe-1049673 [001] ..... 1633893.033145: sys_nanosleep -> 0x0
             exe-1049673 [001] ..... 1633893.033150: sys_nanosleep(rqtp: c000069f10, rmtp: 0)
             exe-1050232 [002] ..... 1633893.033151: sys_ptrace -> 0x0
             exe-1050232 [002] ..... 1633893.033153: sys_ptrace(request: 1f, pid: 100716, addr: 0, data: 0)
             exe-1050232 [002] ..... 1633893.033165: sys_ptrace -> 0x0
             exe-1050232 [002] ..... 1633893.033167: sys_wait4(upid: 100716, stat_addr: c00063fbf4, options: 40000002, ru: 0)
             exe-1049673 [001] ..... 1633893.033257: sys_nanosleep -> 0x0
             exe-1049673 [001] ..... 1633893.033260: sys_nanosleep(rqtp: c000069f10, rmtp: 0)
             exe-1049673 [001] ..... 1633893.033345: sys_nanosleep -> 0x0
             exe-1049673 [001] ..... 1633893.033347: sys_nanosleep(rqtp: c000069f10, rmtp: 0)
             exe-1049673 [001] ..... 1633893.033432: sys_nanosleep -> 0x0
             exe-1049673 [001] ..... 1633893.033434: sys_nanosleep(rqtp: c000069f10, rmtp: 0)
             exe-1049673 [001] ..... 1633893.033518: sys_nanosleep -> 0x0
             exe-1049673 [001] ..... 1633893.033520: sys_nanosleep(rqtp: c000069f10, rmtp: 0)
             exe-1050390 [003] ..... 1633893.033587: sys_write -> 0x31
             exe-1049673 [001] ..... 1633893.033604: sys_nanosleep -> 0x0
             exe-1049673 [001] ..... 1633893.033606: sys_nanosleep(rqtp: c000069f10, rmtp: 0)
             exe-1050232 [002] ..... 1633893.033627: sys_wait4 -> 0x100716
             exe-1050232 [002] ..... 1633893.033630: sys_ptrace(request: 4204, pid: 100716, addr: 1, data: c00063fc70)
             exe-1050232 [002] ..... 1633893.033632: sys_ptrace -> 0x0
             exe-1050232 [002] ..... 1633893.033634: sys_ptrace(request: 4204, pid: 100716, addr: 202, data: c00063fc70)
             exe-1050232 [002] ..... 1633893.033636: sys_ptrace -> 0x0
             exe-1050232 [002] ..... 1633893.033667: sys_ptrace(request: 4205, pid: 100716, addr: 1, data: c00063fc70)
             exe-1050232 [002] ..... 1633893.033670: sys_ptrace -> 0x0
             exe-1050232 [002] ..... 1633893.033672: sys_ptrace(request: 4205, pid: 100716, addr: 202, data: c00063fc70)
             exe-1050232 [002] ..... 1633893.033680: sys_ptrace -> 0x0
             exe-1050232 [002] ..... 1633893.033682: sys_ptrace(request: 1f, pid: 100716, addr: 0, data: 0)
             exe-1049673 [001] ..... 1633893.033691: sys_nanosleep -> 0x0
             exe-1050232 [002] ..... 1633893.033692: sys_ptrace -> 0x0
             exe-1049673 [001] ..... 1633893.033694: sys_nanosleep(rqtp: c000069f10, rmtp: 0)
             exe-1050232 [002] ..... 1633893.033694: sys_wait4(upid: 100716, stat_addr: c00063fbf4, options: 40000002, ru: 0)
             exe-1050390 [003] ..... 1633893.033725: sys_bpf -> 0xffffffffffffffff
             exe-1050232 [002] ..... 1633893.033756: sys_wait4 -> 0x100716
             exe-1050232 [002] ..... 1633893.033759: sys_ptrace(request: 4204, pid: 100716, addr: 1, data: c00063fc70)
             exe-1050232 [002] ..... 1633893.033762: sys_ptrace -> 0x0
             exe-1050232 [002] ..... 1633893.033763: sys_ptrace(request: 4204, pid: 100716, addr: 202, data: c00063fc70)
             exe-1050232 [002] ..... 1633893.033765: sys_ptrace -> 0x0
             exe-1050232 [002] ..... 1633893.033773: sys_pwrite64(fd: 63, buf: 7fd66e107080, count: 2f, pos: 31)
             exe-1050232 [002] ..... 1633893.033775: tracing_mark_write: bpf(cmd=0x0, uattr=0x55b868afbaf0, size=20) end
             exe-1050232 [002] ..... 1633893.106627: tracing_mark_write: bpf(cmd=0x0, uattr=0x55b868afbaf0, size=20) start
             exe-1050232 [002] ..... 1633893.106628: sys_pwrite64 -> 0x31
             exe-1049673 [001] ..... 1633893.106662: sys_nanosleep -> 0x0
             exe-1049673 [001] ..... 1633893.106668: sys_nanosleep(rqtp: c000069f10, rmtp: 0)
             exe-1050232 [002] ..... 1633893.106706: sys_ptrace(request: 4205, pid: 100716, addr: 1, data: c00063fc70)
             exe-1050232 [002] ..... 1633893.106711: sys_ptrace -> 0x0
             exe-1050232 [002] ..... 1633893.106713: sys_ptrace(request: 4205, pid: 100716, addr: 202, data: c00063fc70)
             exe-1050232 [002] ..... 1633893.106725: sys_ptrace -> 0x0
             exe-1050232 [002] ..... 1633893.106727: sys_ptrace(request: 1f, pid: 100716, addr: 0, data: 0)
             exe-1050232 [002] ..... 1633893.106737: sys_ptrace -> 0x0
             exe-1050232 [002] ..... 1633893.106740: sys_wait4(upid: 100716, stat_addr: c00063fbf4, options: 40000002, ru: 0)
             exe-1050390 [001] ..... 1633893.106769: sys_write -> 0x31
             exe-1049673 [001] ..... 1633893.106799: sys_nanosleep -> 0x0
             exe-1050232 [002] ..... 1633893.106817: sys_wait4 -> 0x100716
             exe-1050232 [002] ..... 1633893.106823: sys_ptrace(request: 4204, pid: 100716, addr: 1, data: c00063fc70)
             exe-1050232 [002] ..... 1633893.106828: sys_ptrace -> 0x0
             exe-1050232 [002] ..... 1633893.106829: sys_ptrace(request: 4204, pid: 100716, addr: 202, data: c00063fc70)
             exe-1049673 [001] ..... 1633893.106831: sys_nanosleep(rqtp: c000069f10, rmtp: 0)
             exe-1050232 [002] ..... 1633893.106832: sys_ptrace -> 0x0
             exe-1050232 [002] ..... 1633893.106840: sys_ptrace(request: 4205, pid: 100716, addr: 1, data: c00063fc70)
             exe-1049567 [001] ..... 1633893.106850: sys_nanosleep -> 0x0
             exe-1050232 [002] ..... 1633893.106851: sys_ptrace -> 0x0
             exe-1050232 [002] ..... 1633893.106852: sys_ptrace(request: 4205, pid: 100716, addr: 202, data: c00063fc70)
             exe-1049567 [001] ..... 1633893.106856: sys_nanosleep(rqtp: c000069f10, rmtp: 0)
             exe-1050232 [002] ..... 1633893.106864: sys_ptrace -> 0x0
             exe-1050232 [002] ..... 1633893.106866: sys_ptrace(request: 1f, pid: 100716, addr: 0, data: 0)
             exe-1050232 [002] .N... 1633893.106898: sys_ptrace -> 0x0
             exe-1050390 [001] ..... 1633893.106934: sys_bpf -> 0xffffffffffffffff
             exe-1050232 [002] ..... 1633893.106942: sys_wait4(upid: 100716, stat_addr: c00063fbf4, options: 40000002, ru: 0)
             exe-1050232 [002] ..... 1633893.106945: sys_wait4 -> 0x100716
             exe-1050232 [002] ..... 1633893.106947: sys_ptrace(request: 4204, pid: 100716, addr: 1, data: c00063fc70)
             exe-1049673 [001] ..... 1633893.106957: sys_nanosleep -> 0x0
             exe-1050232 [002] ..... 1633893.106959: sys_ptrace -> 0x0
             exe-1050232 [002] ..... 1633893.106961: sys_ptrace(request: 4204, pid: 100716, addr: 202, data: c00063fc70)
             exe-1049673 [001] ..... 1633893.106963: sys_nanosleep(rqtp: c000069f10, rmtp: 0)
             exe-1050232 [002] ..... 1633893.106964: sys_ptrace -> 0x0
             exe-1050232 [002] ..... 1633893.106978: sys_pwrite64(fd: 63, buf: 7fd66e107080, count: 2f, pos: 31)
             exe-1050232 [002] ..... 1633893.106981: tracing_mark_write: bpf(cmd=0x0, uattr=0x55b868afbaf0, size=20) end
             exe-1050232 [000] ..... 1633893.168519: tracing_mark_write: bpf(cmd=0x0, uattr=0x55b868afbaf0, size=20) start
             exe-1050232 [000] ..... 1633893.168521: sys_pwrite64 -> 0x31
             exe-1050232 [000] ..... 1633893.168529: sys_ptrace(request: 4205, pid: 100716, addr: 1, data: c00063fc70)
             exe-1050232 [000] ..... 1633893.168533: sys_ptrace -> 0x0
             exe-1050232 [000] ..... 1633893.168534: sys_ptrace(request: 4205, pid: 100716, addr: 202, data: c00063fc70)
             exe-1050232 [000] ..... 1633893.168552: sys_ptrace -> 0x0
             exe-1050232 [000] ..... 1633893.168554: sys_ptrace(request: 1f, pid: 100716, addr: 0, data: 0)
             exe-1050232 [000] ..... 1633893.168565: sys_ptrace -> 0x0
             exe-1050232 [000] ..... 1633893.168568: sys_wait4(upid: 100716, stat_addr: c00063fbf4, options: 40000002, ru: 0)
             exe-1050390 [001] ..... 1633893.168595: sys_write -> 0x31
             exe-1050232 [000] ..... 1633893.168622: sys_wait4 -> 0x100716
             exe-1050232 [000] ..... 1633893.168624: sys_ptrace(request: 4204, pid: 100716, addr: 1, data: c00063fc70)
             exe-1049673 [001] ..... 1633893.168626: sys_nanosleep -> 0x0
             exe-1050232 [000] ..... 1633893.168628: sys_ptrace -> 0x0
             exe-1050232 [000] ..... 1633893.168630: sys_ptrace(request: 4204, pid: 100716, addr: 202, data: c00063fc70)
             exe-1050232 [000] ..... 1633893.168632: sys_ptrace -> 0x0
             exe-1049673 [001] ..... 1633893.168632: sys_nanosleep(rqtp: c000069f10, rmtp: 0)
             exe-1050232 [000] ..... 1633893.168637: sys_ptrace(request: 4205, pid: 100716, addr: 1, data: c00063fc70)
             exe-1050232 [000] ..... 1633893.168640: sys_ptrace -> 0x0
             exe-1050232 [000] ..... 1633893.168641: sys_ptrace(request: 4205, pid: 100716, addr: 202, data: c00063fc70)
             exe-1050232 [000] ..... 1633893.168649: sys_ptrace -> 0x0
             exe-1050232 [000] ..... 1633893.168650: sys_ptrace(request: 1f, pid: 100716, addr: 0, data: 0)
             exe-1049567 [001] ..... 1633893.168658: sys_nanosleep -> 0x0
             exe-1050232 [000] ..... 1633893.168662: sys_ptrace -> 0x0
             exe-1050232 [000] ..... 1633893.168664: sys_wait4(upid: 100716, stat_addr: c00063fbf4, options: 40000002, ru: 0)
             exe-1050390 [001] ..... 1633893.168682: sys_bpf -> 0xffffffffffffffff
             exe-1050232 [000] ..... 1633893.168726: sys_wait4 -> 0x100716
             exe-1050232 [000] ..... 1633893.168729: sys_ptrace(request: 4204, pid: 100716, addr: 1, data: c00063fc70)
             exe-1049673 [001] ..... 1633893.168744: sys_nanosleep -> 0x0
             exe-1050232 [000] ..... 1633893.168745: sys_ptrace -> 0x0
             exe-1050232 [000] ..... 1633893.168747: sys_ptrace(request: 4204, pid: 100716, addr: 202, data: c00063fc70)
             exe-1050232 [000] ..... 1633893.168749: sys_ptrace -> 0x0
             exe-1049673 [001] ..... 1633893.168751: sys_nanosleep(rqtp: c000069f10, rmtp: 0)
             exe-1050232 [000] ..... 1633893.168756: sys_pwrite64(fd: 63, buf: 7fd66e107080, count: 2f, pos: 31)
             exe-1050232 [000] ..... 1633893.168758: tracing_mark_write: bpf(cmd=0x0, uattr=0x55b868afbaf0, size=20) end
             exe-1049981 [001] ..... 1633893.250610: tracing_mark_write: bpf(cmd=0x0, uattr=0x55b868afbaf0, size=20) start
             exe-1049981 [001] ..... 1633893.250612: sys_pwrite64 -> 0x31
             exe-1049981 [001] ..... 1633893.250621: sys_ptrace(request: 4205, pid: 10058a, addr: 1, data: c00063fc70)
             exe-1049981 [001] ..... 1633893.250625: sys_ptrace -> 0x0
             exe-1049981 [001] ..... 1633893.250627: sys_ptrace(request: 4205, pid: 10058a, addr: 202, data: c00063fc70)
             exe-1049673 [002] ..... 1633893.250665: sys_nanosleep -> 0x0
             exe-1049673 [002] ..... 1633893.250667: sys_nanosleep(rqtp: c000069f10, rmtp: 0)
             exe-1049981 [001] ..... 1633893.250714: sys_ptrace -> 0x0
             exe-1049981 [001] ..... 1633893.250719: sys_ptrace(request: 1f, pid: 10058a, addr: 0, data: 0)
             exe-1049981 [001] .N... 1633893.250727: sys_ptrace -> 0x0
             exe-1049994 [001] ..... 1633893.250740: sys_write -> 0x31
             exe-1049567 [000] ..... 1633893.250750: sys_nanosleep -> 0x0
             exe-1049673 [002] ..... 1633893.250753: sys_nanosleep -> 0x0
             exe-1049673 [002] ..... 1633893.250755: sys_nanosleep(rqtp: c000069f10, rmtp: 0)
             exe-1049567 [000] ..... 1633893.250756: sys_nanosleep(rqtp: c000069f10, rmtp: 0)
             exe-1049981 [001] ..... 1633893.250835: sys_wait4(upid: 10058a, stat_addr: c00063fbf4, options: 40000002, ru: 0)
             exe-1049981 [001] ..... 1633893.250838: sys_wait4 -> 0x10058a
             exe-1049981 [001] ..... 1633893.250841: sys_ptrace(request: 4204, pid: 10058a, addr: 1, data: c00063fc70)
             exe-1049673 [002] ..... 1633893.250841: sys_nanosleep -> 0x0
             exe-1049673 [002] ..... 1633893.250843: sys_nanosleep(rqtp: c000069f10, rmtp: 0)
             exe-1049981 [001] ..... 1633893.250845: sys_ptrace -> 0x0
             exe-1049981 [001] ..... 1633893.250847: sys_ptrace(request: 4204, pid: 10058a, addr: 202, data: c00063fc70)
             exe-1049981 [001] ..... 1633893.250849: sys_ptrace -> 0x0
             exe-1049981 [001] ..... 1633893.250859: sys_ptrace(request: 4205, pid: 10058a, addr: 1, data: c00063fc70)
             exe-1049981 [001] ..... 1633893.250862: sys_ptrace -> 0x0
             exe-1049981 [001] ..... 1633893.250863: sys_ptrace(request: 4205, pid: 10058a, addr: 202, data: c00063fc70)
             exe-1049981 [001] ..... 1633893.250875: sys_ptrace -> 0x0
             exe-1049981 [001] ..... 1633893.250877: sys_ptrace(request: 1f, pid: 10058a, addr: 0, data: 0)
             exe-1049981 [001] .N... 1633893.250910: sys_ptrace -> 0x0
             exe-1049673 [002] ..... 1633893.250931: sys_nanosleep -> 0x0
             exe-1049673 [002] ..... 1633893.250933: sys_nanosleep(rqtp: c000069f10, rmtp: 0)
             exe-1049994 [001] ..... 1633893.250953: sys_bpf -> 0xffffffffffffffff
             exe-1049981 [001] ..... 1633893.250980: sys_wait4(upid: 10058a, stat_addr: c00063fbf4, options: 40000002, ru: 0)
             exe-1049981 [001] ..... 1633893.250984: sys_wait4 -> 0x10058a
             exe-1049981 [001] ..... 1633893.250986: sys_ptrace(request: 4204, pid: 10058a, addr: 1, data: c00063fc70)
             exe-1049981 [001] ..... 1633893.250991: sys_ptrace -> 0x0
             exe-1049981 [001] ..... 1633893.250993: sys_ptrace(request: 4204, pid: 10058a, addr: 202, data: c00063fc70)
             exe-1049981 [001] ..... 1633893.250997: sys_ptrace -> 0x0
             exe-1049673 [002] ..... 1633893.251019: sys_nanosleep -> 0x0
             exe-1049673 [002] ..... 1633893.251020: sys_nanosleep(rqtp: c000069f10, rmtp: 0)
             exe-1049981 [001] ..... 1633893.251090: sys_pwrite64(fd: 63, buf: 7fd66e107080, count: 2f, pos: 31)
             exe-1049981 [001] ..... 1633893.251093: tracing_mark_write: bpf(cmd=0x0, uattr=0x55b868afbaf0, size=20) end
             exe-1050289 [003] ..... 1633893.321034: tracing_mark_write: bpf(cmd=0x0, uattr=0x55b868afbaf0, size=20) start
             exe-1050289 [003] ..... 1633893.321036: sys_pwrite64 -> 0x31
             exe-1050289 [003] ..... 1633893.321044: sys_ptrace(request: 4205, pid: 10072d, addr: 1, data: c00063fc70)
             exe-1050289 [003] ..... 1633893.321047: sys_ptrace -> 0x0
             exe-1050289 [003] ..... 1633893.321049: sys_ptrace(request: 4205, pid: 10072d, addr: 202, data: c00063fc70)
             exe-1050289 [003] ..... 1633893.321062: sys_ptrace -> 0x0
             exe-1050289 [003] ..... 1633893.321064: sys_ptrace(request: 1f, pid: 10072d, addr: 0, data: 0)
             exe-1050289 [003] ..... 1633893.321077: sys_ptrace -> 0x0
             exe-1050289 [003] ..... 1633893.321080: sys_wait4(upid: 10072d, stat_addr: c00063fbf4, options: 40000002, ru: 0)
             exe-1049673 [003] ..... 1633893.321095: sys_nanosleep -> 0x0
             exe-1050413 [002] ..... 1633893.321100: sys_write -> 0x31
             exe-1049673 [003] ..... 1633893.321102: sys_futex(uaddr: 1f09dc0, op: 80, val: 0, utime: c000069eb0, uaddr2: 0, val3: 0)
             exe-1050289 [003] ..... 1633893.321128: sys_wait4 -> 0x10072d
             exe-1050289 [003] ..... 1633893.321132: sys_ptrace(request: 4204, pid: 10072d, addr: 1, data: c00063fc70)
             exe-1050289 [003] ..... 1633893.321137: sys_ptrace -> 0x0
             exe-1050289 [003] ..... 1633893.321138: sys_ptrace(request: 4204, pid: 10072d, addr: 202, data: c00063fc70)
             exe-1050289 [003] ..... 1633893.321141: sys_ptrace -> 0x0
             exe-1050289 [003] ..... 1633893.321149: sys_ptrace(request: 4205, pid: 10072d, addr: 1, data: c00063fc70)
             exe-1050289 [003] ..... 1633893.321151: sys_ptrace -> 0x0
             exe-1050289 [003] ..... 1633893.321153: sys_ptrace(request: 4205, pid: 10072d, addr: 202, data: c00063fc70)
             exe-1050289 [003] ..... 1633893.321164: sys_ptrace -> 0x0
             exe-1050289 [003] ..... 1633893.321166: sys_ptrace(request: 1f, pid: 10072d, addr: 0, data: 0)
             exe-1050289 [003] ..... 1633893.321183: sys_ptrace -> 0x0
             exe-1049567 [000] ..... 1633893.321184: sys_nanosleep -> 0x0
             exe-1049567 [000] ..... 1633893.321186: sys_nanosleep(rqtp: c000069f10, rmtp: 0)
             exe-1050289 [003] ..... 1633893.321186: sys_wait4(upid: 10072d, stat_addr: c00063fbf4, options: 40000002, ru: 0)
             exe-1050413 [002] ..... 1633893.321202: sys_bpf -> 0xffffffffffffffff
             exe-1050289 [003] ..... 1633893.321221: sys_wait4 -> 0x10072d
             exe-1050289 [003] ..... 1633893.321224: sys_ptrace(request: 4204, pid: 10072d, addr: 1, data: c00063fc70)
             exe-1050289 [003] ..... 1633893.321227: sys_ptrace -> 0x0
             exe-1050289 [003] ..... 1633893.321228: sys_ptrace(request: 4204, pid: 10072d, addr: 202, data: c00063fc70)
             exe-1050289 [003] ..... 1633893.321230: sys_ptrace -> 0x0
             exe-1050289 [003] ..... 1633893.321240: sys_pwrite64(fd: 63, buf: 7fd66e107080, count: 2f, pos: 31)
             exe-1050289 [003] ..... 1633893.321242: tracing_mark_write: bpf(cmd=0x0, uattr=0x55b868afbaf0, size=20) end
             exe-1050289 [003] ..... 1633893.402630: tracing_mark_write: bpf(cmd=0x0, uattr=0x55b868afbaf0, size=20) start
             exe-1050289 [003] ..... 1633893.402631: sys_pwrite64 -> 0x31
             exe-1050289 [003] ..... 1633893.402637: sys_ptrace(request: 4205, pid: 10072d, addr: 1, data: c00063fc70)
             exe-1050289 [003] ..... 1633893.402640: sys_ptrace -> 0x0
             exe-1050289 [003] ..... 1633893.402641: sys_ptrace(request: 4205, pid: 10072d, addr: 202, data: c00063fc70)
             exe-1050289 [003] ..... 1633893.402653: sys_ptrace -> 0x0
             exe-1050289 [003] ..... 1633893.402654: sys_ptrace(request: 1f, pid: 10072d, addr: 0, data: 0)
             exe-1050289 [003] ..... 1633893.402669: sys_ptrace -> 0x0
             exe-1050289 [003] ..... 1633893.402672: sys_wait4(upid: 10072d, stat_addr: c00063fbf4, options: 40000002, ru: 0)
             exe-1050413 [002] ..... 1633893.402690: sys_write -> 0x31
             exe-1050289 [003] ..... 1633893.402708: sys_wait4 -> 0x10072d
             exe-1050289 [003] ..... 1633893.402710: sys_ptrace(request: 4204, pid: 10072d, addr: 1, data: c00063fc70)
             exe-1050289 [003] ..... 1633893.402712: sys_ptrace -> 0x0
             exe-1050289 [003] ..... 1633893.402714: sys_ptrace(request: 4204, pid: 10072d, addr: 202, data: c00063fc70)
             exe-1050289 [003] ..... 1633893.402716: sys_ptrace -> 0x0
             exe-1050289 [003] ..... 1633893.402721: sys_ptrace(request: 4205, pid: 10072d, addr: 1, data: c00063fc70)
             exe-1050289 [003] ..... 1633893.402723: sys_ptrace -> 0x0
             exe-1050289 [003] ..... 1633893.402724: sys_ptrace(request: 4205, pid: 10072d, addr: 202, data: c00063fc70)
             exe-1050289 [003] ..... 1633893.402731: sys_ptrace -> 0x0
             exe-1050289 [003] ..... 1633893.402733: sys_ptrace(request: 1f, pid: 10072d, addr: 0, data: 0)
             exe-1050289 [003] ..... 1633893.402741: sys_ptrace -> 0x0
             exe-1050289 [003] ..... 1633893.402743: sys_wait4(upid: 10072d, stat_addr: c00063fbf4, options: 40000002, ru: 0)
             exe-1050413 [002] ..... 1633893.402761: sys_bpf -> 0xffffffffffffffff
             exe-1050289 [003] ..... 1633893.402774: sys_wait4 -> 0x10072d
             exe-1050289 [003] ..... 1633893.402776: sys_ptrace(request: 4204, pid: 10072d, addr: 1, data: c00063fc70)
             exe-1050289 [003] ..... 1633893.402778: sys_ptrace -> 0x0
             exe-1050289 [003] ..... 1633893.402779: sys_ptrace(request: 4204, pid: 10072d, addr: 202, data: c00063fc70)
             exe-1050289 [003] ..... 1633893.402781: sys_ptrace -> 0x0
             exe-1050289 [003] ..... 1633893.402787: sys_pwrite64(fd: 63, buf: 7fd66e107080, count: 2f, pos: 31)
             exe-1050289 [003] ..... 1633893.402788: tracing_mark_write: bpf(cmd=0x0, uattr=0x55b868afbaf0, size=20) end
             exe-1050289 [003] ..... 1633893.473629: tracing_mark_write: bpf(cmd=0x0, uattr=0x55b868afbaf0, size=20) start
             exe-1050289 [003] ..... 1633893.473632: sys_pwrite64 -> 0x31
             exe-1050289 [003] ..... 1633893.473644: sys_ptrace(request: 4205, pid: 10072d, addr: 1, data: c00063fc70)
             exe-1050289 [003] ..... 1633893.473647: sys_ptrace -> 0x0
             exe-1050289 [003] ..... 1633893.473649: sys_ptrace(request: 4205, pid: 10072d, addr: 202, data: c00063fc70)
             exe-1050289 [003] ..... 1633893.473683: sys_ptrace -> 0x0
             exe-1050289 [003] ..... 1633893.473686: sys_ptrace(request: 1f, pid: 10072d, addr: 0, data: 0)
             exe-1050289 [003] ..... 1633893.473697: sys_ptrace -> 0x0
             exe-1050289 [003] ..... 1633893.473700: sys_wait4(upid: 10072d, stat_addr: c00063fbf4, options: 40000002, ru: 0)
             exe-1050413 [002] ..... 1633893.473722: sys_write -> 0x31
             exe-1050289 [003] ..... 1633893.473739: sys_wait4 -> 0x10072d
             exe-1050289 [003] ..... 1633893.473742: sys_ptrace(request: 4204, pid: 10072d, addr: 1, data: c00063fc70)
             exe-1050289 [003] ..... 1633893.473745: sys_ptrace -> 0x0
             exe-1050289 [003] ..... 1633893.473747: sys_ptrace(request: 4204, pid: 10072d, addr: 202, data: c00063fc70)
             exe-1050289 [003] ..... 1633893.473750: sys_ptrace -> 0x0
             exe-1050289 [003] ..... 1633893.473756: sys_ptrace(request: 4205, pid: 10072d, addr: 1, data: c00063fc70)
             exe-1050289 [003] ..... 1633893.473758: sys_ptrace -> 0x0
             exe-1050289 [003] ..... 1633893.473760: sys_ptrace(request: 4205, pid: 10072d, addr: 202, data: c00063fc70)
             exe-1050289 [003] ..... 1633893.473767: sys_ptrace -> 0x0
             exe-1050289 [003] ..... 1633893.473769: sys_ptrace(request: 1f, pid: 10072d, addr: 0, data: 0)
             exe-1050289 [003] ..... 1633893.473780: sys_ptrace -> 0x0
             exe-1050289 [003] ..... 1633893.473782: sys_wait4(upid: 10072d, stat_addr: c00063fbf4, options: 40000002, ru: 0)
             exe-1050413 [002] ..... 1633893.473801: sys_bpf -> 0xffffffffffffffff
             exe-1050289 [003] ..... 1633893.473816: sys_wait4 -> 0x10072d
             exe-1050289 [003] ..... 1633893.473819: sys_ptrace(request: 4204, pid: 10072d, addr: 1, data: c00063fc70)
             exe-1050289 [003] ..... 1633893.473821: sys_ptrace -> 0x0
             exe-1050289 [003] ..... 1633893.473823: sys_ptrace(request: 4204, pid: 10072d, addr: 202, data: c00063fc70)
             exe-1050289 [003] ..... 1633893.473825: sys_ptrace -> 0x0
             exe-1050289 [003] ..... 1633893.473833: sys_pwrite64(fd: 63, buf: 7fd66e107080, count: 2f, pos: 31)
             exe-1050289 [003] ..... 1633893.473835: tracing_mark_write: bpf(cmd=0x0, uattr=0x55b868afbaf0, size=20) end
             exe-1050289 [003] ..... 1633893.548589: tracing_mark_write: bpf(cmd=0x0, uattr=0x55b868afbaf0, size=20) start
             exe-1050289 [003] ..... 1633893.548591: sys_pwrite64 -> 0x31
             exe-1050289 [003] ..... 1633893.548596: sys_ptrace(request: 4205, pid: 10072d, addr: 1, data: c00063fc70)
             exe-1050289 [003] ..... 1633893.548598: sys_ptrace -> 0x0
             exe-1050289 [003] ..... 1633893.548600: sys_ptrace(request: 4205, pid: 10072d, addr: 202, data: c00063fc70)
             exe-1050289 [003] ..... 1633893.548608: sys_ptrace -> 0x0
             exe-1050289 [003] ..... 1633893.548610: sys_ptrace(request: 1f, pid: 10072d, addr: 0, data: 0)
             exe-1050289 [003] ..... 1633893.548617: sys_ptrace -> 0x0
             exe-1050289 [003] ..... 1633893.548619: sys_wait4(upid: 10072d, stat_addr: c00063fbf4, options: 40000002, ru: 0)
             exe-1049673 [002] ..... 1633893.548643: sys_nanosleep -> 0x0
             exe-1049673 [002] ..... 1633893.548649: sys_nanosleep(rqtp: c000069f10, rmtp: 0)
             exe-1050413 [002] ..... 1633893.548669: sys_write -> 0x31
             exe-1050289 [003] ..... 1633893.548690: sys_wait4 -> 0x10072d
             exe-1050289 [003] ..... 1633893.548692: sys_ptrace(request: 4204, pid: 10072d, addr: 1, data: c00063fc70)
             exe-1050289 [003] ..... 1633893.548695: sys_ptrace -> 0x0
             exe-1050289 [003] ..... 1633893.548696: sys_ptrace(request: 4204, pid: 10072d, addr: 202, data: c00063fc70)
             exe-1050289 [003] ..... 1633893.548698: sys_ptrace -> 0x0
             exe-1050289 [003] ..... 1633893.548703: sys_ptrace(request: 4205, pid: 10072d, addr: 1, data: c00063fc70)
             exe-1050289 [003] ..... 1633893.548706: sys_ptrace -> 0x0
             exe-1050289 [003] ..... 1633893.548707: sys_ptrace(request: 4205, pid: 10072d, addr: 202, data: c00063fc70)
             exe-1050289 [003] ..... 1633893.548713: sys_ptrace -> 0x0
             exe-1050289 [003] ..... 1633893.548715: sys_ptrace(request: 1f, pid: 10072d, addr: 0, data: 0)
             exe-1050289 [003] ..... 1633893.548721: sys_ptrace -> 0x0
             exe-1050289 [003] ..... 1633893.548723: sys_wait4(upid: 10072d, stat_addr: c00063fbf4, options: 40000002, ru: 0)
             exe-1049673 [002] ..... 1633893.548755: sys_nanosleep -> 0x0
             exe-1049673 [002] ..... 1633893.548761: sys_nanosleep(rqtp: c000069f10, rmtp: 0)
             exe-1050413 [002] ..... 1633893.548782: sys_bpf -> 0xffffffffffffffff
             exe-1050289 [003] ..... 1633893.548799: sys_wait4 -> 0x10072d
             exe-1050289 [003] ..... 1633893.548802: sys_ptrace(request: 4204, pid: 10072d, addr: 1, data: c00063fc70)
             exe-1050289 [003] ..... 1633893.548805: sys_ptrace -> 0x0
             exe-1050289 [003] ..... 1633893.548806: sys_ptrace(request: 4204, pid: 10072d, addr: 202, data: c00063fc70)
             exe-1050289 [003] ..... 1633893.548808: sys_ptrace -> 0x0
             exe-1050289 [003] ..... 1633893.548814: sys_pwrite64(fd: 63, buf: 7fd66e107080, count: 2f, pos: 31)
             exe-1050289 [003] ..... 1633893.548815: tracing_mark_write: bpf(cmd=0x0, uattr=0x55b868afbaf0, size=20) end
             exe-1050289 [003] ..... 1633893.606408: tracing_mark_write: bpf(cmd=0x0, uattr=0x55b868afbaf0, size=20) start
             exe-1050289 [003] ..... 1633893.606410: sys_pwrite64 -> 0x31
             exe-1050289 [003] ..... 1633893.606417: sys_ptrace(request: 4205, pid: 10072d, addr: 1, data: c00063fc70)
             exe-1050289 [003] ..... 1633893.606428: sys_ptrace -> 0x0
             exe-1050289 [003] ..... 1633893.606430: sys_ptrace(request: 4205, pid: 10072d, addr: 202, data: c00063fc70)
             exe-1050289 [003] ..... 1633893.606441: sys_ptrace -> 0x0
             exe-1050289 [003] ..... 1633893.606443: sys_ptrace(request: 1f, pid: 10072d, addr: 0, data: 0)
             exe-1050289 [003] ..... 1633893.606452: sys_ptrace -> 0x0
             exe-1050289 [003] ..... 1633893.606454: sys_wait4(upid: 10072d, stat_addr: c00063fbf4, options: 40000002, ru: 0)
             exe-1050413 [001] ..... 1633893.606468: sys_write -> 0x31
             exe-1050289 [003] ..... 1633893.606489: sys_wait4 -> 0x10072d
             exe-1050289 [003] ..... 1633893.606491: sys_ptrace(request: 4204, pid: 10072d, addr: 1, data: c00063fc70)
             exe-1050289 [003] ..... 1633893.606494: sys_ptrace -> 0x0
             exe-1050289 [003] ..... 1633893.606495: sys_ptrace(request: 4204, pid: 10072d, addr: 202, data: c00063fc70)
             exe-1050289 [003] ..... 1633893.606497: sys_ptrace -> 0x0
             exe-1050289 [003] ..... 1633893.606502: sys_ptrace(request: 4205, pid: 10072d, addr: 1, data: c00063fc70)
             exe-1050289 [003] ..... 1633893.606504: sys_ptrace -> 0x0
             exe-1050289 [003] ..... 1633893.606506: sys_ptrace(request: 4205, pid: 10072d, addr: 202, data: c00063fc70)
             exe-1050289 [003] ..... 1633893.606512: sys_ptrace -> 0x0
             exe-1050289 [003] ..... 1633893.606513: sys_ptrace(request: 1f, pid: 10072d, addr: 0, data: 0)
             exe-1050289 [003] ..... 1633893.606521: sys_ptrace -> 0x0
             exe-1050289 [003] ..... 1633893.606523: sys_wait4(upid: 10072d, stat_addr: c00063fbf4, options: 40000002, ru: 0)
             exe-1050413 [001] ..... 1633893.606563: sys_bpf -> 0xffffffffffffffff
             exe-1050289 [003] ..... 1633893.606582: sys_wait4 -> 0x10072d
             exe-1050289 [003] ..... 1633893.606584: sys_ptrace(request: 4204, pid: 10072d, addr: 1, data: c00063fc70)
             exe-1050289 [003] ..... 1633893.606586: sys_ptrace -> 0x0
             exe-1050289 [003] ..... 1633893.606588: sys_ptrace(request: 4204, pid: 10072d, addr: 202, data: c00063fc70)
             exe-1050289 [003] ..... 1633893.606590: sys_ptrace -> 0x0
             exe-1050289 [003] ..... 1633893.606595: sys_pwrite64(fd: 63, buf: 7fd66e107080, count: 2f, pos: 31)
             exe-1050289 [003] ..... 1633893.606596: tracing_mark_write: bpf(cmd=0x0, uattr=0x55b868afbaf0, size=20) end
             exe-1050289 [003] ..... 1633893.676064: tracing_mark_write: bpf(cmd=0x0, uattr=0x55b868afbaf0, size=20) start
             exe-1050289 [003] ..... 1633893.676066: sys_pwrite64 -> 0x31
             exe-1050289 [003] ..... 1633893.676071: sys_ptrace(request: 4205, pid: 10072d, addr: 1, data: c00063fc70)
             exe-1050289 [003] ..... 1633893.676073: sys_ptrace -> 0x0
             exe-1050289 [003] ..... 1633893.676075: sys_ptrace(request: 4205, pid: 10072d, addr: 202, data: c00063fc70)
             exe-1050289 [003] ..... 1633893.676083: sys_ptrace -> 0x0
             exe-1050289 [003] ..... 1633893.676085: sys_ptrace(request: 1f, pid: 10072d, addr: 0, data: 0)
             exe-1050289 [003] ..... 1633893.676092: sys_ptrace -> 0x0
             exe-1050289 [003] ..... 1633893.676094: sys_wait4(upid: 10072d, stat_addr: c00063fbf4, options: 40000002, ru: 0)
             exe-1049673 [002] ..... 1633893.676105: sys_nanosleep -> 0x0
             exe-1049673 [002] ..... 1633893.676111: sys_nanosleep(rqtp: c000069f10, rmtp: 0)
             exe-1050413 [002] ..... 1633893.676153: sys_write -> 0x31
             exe-1050289 [003] ..... 1633893.676172: sys_wait4 -> 0x10072d
             exe-1050289 [003] ..... 1633893.676174: sys_ptrace(request: 4204, pid: 10072d, addr: 1, data: c00063fc70)
             exe-1050289 [003] ..... 1633893.676177: sys_ptrace -> 0x0
             exe-1050289 [003] ..... 1633893.676178: sys_ptrace(request: 4204, pid: 10072d, addr: 202, data: c00063fc70)
             exe-1050289 [003] ..... 1633893.676180: sys_ptrace -> 0x0
             exe-1050289 [003] ..... 1633893.676185: sys_ptrace(request: 4205, pid: 10072d, addr: 1, data: c00063fc70)
             exe-1050289 [003] ..... 1633893.676187: sys_ptrace -> 0x0
             exe-1050289 [003] ..... 1633893.676189: sys_ptrace(request: 4205, pid: 10072d, addr: 202, data: c00063fc70)
             exe-1050289 [003] ..... 1633893.676195: sys_ptrace -> 0x0
             exe-1050289 [003] ..... 1633893.676197: sys_ptrace(request: 1f, pid: 10072d, addr: 0, data: 0)
