             exe-1050008 [001] ..... 1634067.766274: sys_ptrace(request: 1f, pid: 1005a8, addr: 0, data: 0)
             exe-1050008 [001] .N... 1634067.766277: sys_ptrace -> 0x0
             exe-1050024 [001] ..... 1634067.766286: sys_write -> 0x36
             exe-1050008 [001] ..... 1634067.766306: sys_wait4(upid: 1005a8, stat_addr: c000641bf4, options: 40000002, ru: 0)
             exe-1050008 [001] ..... 1634067.766308: sys_wait4 -> 0x1005a8
             exe-1050008 [001] ..... 1634067.766311: sys_ptrace(request: 4204, pid: 1005a8, addr: 1, data: c000641c70)
             exe-1050008 [001] ..... 1634067.766315: sys_ptrace -> 0x0
             exe-1050008 [001] ..... 1634067.766316: sys_ptrace(request: 4204, pid: 1005a8, addr: 202, data: c000641c70)
             exe-1050008 [001] ..... 1634067.766319: sys_ptrace -> 0x0
             exe-1049673 [003] ..... 1634067.766320: sys_nanosleep -> 0x0
             exe-1049673 [003] ..... 1634067.766322: sys_nanosleep(rqtp: c000069f10, rmtp: 0)
             exe-1050008 [001] ..... 1634067.766325: sys_ptrace(request: 4205, pid: 1005a8, addr: 1, data: c000641c70)
             exe-1050008 [001] ..... 1634067.766327: sys_ptrace -> 0x0
             exe-1050008 [001] ..... 1634067.766329: sys_ptrace(request: 4205, pid: 1005a8, addr: 202, data: c000641c70)
             exe-1049567 [001] ..... 1634067.766365: sys_nanosleep -> 0x0
             exe-1049567 [001] ..... 1634067.766369: sys_nanosleep(rqtp: c000069f10, rmtp: 0)
             exe-1050008 [001] ..... 1634067.766382: sys_ptrace -> 0x0
             exe-1050008 [001] ..... 1634067.766384: sys_ptrace(request: 1f, pid: 1005a8, addr: 0, data: 0)
             exe-1050008 [001] .N... 1634067.766387: sys_ptrace -> 0x0
             exe-1050024 [001] ..... 1634067.766396: sys_dup3 -> 0xffffffffffffffea
             exe-1049673 [003] ..... 1634067.766408: sys_nanosleep -> 0x0
             exe-1049673 [003] ..... 1634067.766410: sys_nanosleep(rqtp: c000069f10, rmtp: 0)
             exe-1050008 [001] ..... 1634067.766416: sys_wait4(upid: 1005a8, stat_addr: c000641bf4, options: 40000002, ru: 0)
             exe-1050008 [001] ..... 1634067.766418: sys_wait4 -> 0x1005a8
             exe-1050008 [001] ..... 1634067.766421: sys_ptrace(request: 4204, pid: 1005a8, addr: 1, data: c000641c70)
             exe-1050008 [001] ..... 1634067.766424: sys_ptrace -> 0x0
             exe-1050008 [001] ..... 1634067.766426: sys_ptrace(request: 4204, pid: 1005a8, addr: 202, data: c000641c70)
             exe-1050008 [001] ..... 1634067.766428: sys_ptrace -> 0x0
             exe-1050008 [001] ..... 1634067.766437: sys_pwrite64(fd: 63, buf: 7fd66e3f5080, count: 34, pos: 36)
             exe-1050008 [001] ..... 1634067.766439: tracing_mark_write: dup3(oldfd=138, newfd=138, flags=0x55aaa81d2870) end
             exe-1050008 [001] ..... 1634067.846315: tracing_mark_write: dup3(oldfd=138, newfd=138, flags=0x55aaa81d2870) start
             exe-1050008 [001] ..... 1634067.846317: sys_pwrite64 -> 0x36
             exe-1049673 [000] ..... 1634067.846320: sys_nanosleep -> 0x0
             exe-1049673 [000] ..... 1634067.846322: sys_nanosleep(rqtp: c000069f10, rmtp: 0)
             exe-1050008 [001] ..... 1634067.846324: sys_ptrace(request: 4205, pid: 1005a8, addr: 1, data: c000641c70)
             exe-1050008 [001] ..... 1634067.846327: sys_ptrace -> 0x0
             exe-1050008 [001] ..... 1634067.846329: sys_ptrace(request: 4205, pid: 1005a8, addr: 202, data: c000641c70)
             exe-1049567 [001] ..... 1634067.846361: sys_nanosleep -> 0x0
             exe-1049567 [001] ..... 1634067.846364: sys_nanosleep(rqtp: c000069f10, rmtp: 0)
             exe-1050008 [001] ..... 1634067.846381: sys_ptrace -> 0x0
             exe-1050008 [001] ..... 1634067.846383: sys_ptrace(request: 1f, pid: 1005a8, addr: 0, data: 0)
             exe-1050008 [001] .N... 1634067.846387: sys_ptrace -> 0x0
             exe-1050024 [001] ..... 1634067.846397: sys_write -> 0x36
             exe-1049673 [000] ..... 1634067.846406: sys_nanosleep -> 0x0
             exe-1049673 [000] ..... 1634067.846408: sys_nanosleep(rqtp: c000069f10, rmtp: 0)
             exe-1050008 [001] ..... 1634067.846418: sys_wait4(upid: 1005a8, stat_addr: c000641bf4, options: 40000002, ru: 0)
             exe-1050008 [001] ..... 1634067.846421: sys_wait4 -> 0x1005a8
             exe-1050008 [001] ..... 1634067.846424: sys_ptrace(request: 4204, pid: 1005a8, addr: 1, data: c000641c70)
             exe-1050008 [001] ..... 1634067.846428: sys_ptrace -> 0x0
             exe-1050008 [001] ..... 1634067.846430: sys_ptrace(request: 4204, pid: 1005a8, addr: 202, data: c000641c70)
             exe-1050008 [001] ..... 1634067.846432: sys_ptrace -> 0x0
             exe-1049567 [001] ..... 1634067.846467: sys_nanosleep -> 0x0
             exe-1049567 [001] ..... 1634067.846471: sys_nanosleep(rqtp: c000069f10, rmtp: 0)
             exe-1050008 [001] ..... 1634067.846486: sys_ptrace(request: 4205, pid: 1005a8, addr: 1, data: c000641c70)
             exe-1050008 [001] ..... 1634067.846489: sys_ptrace -> 0x0
             exe-1050008 [001] ..... 1634067.846490: sys_ptrace(request: 4205, pid: 1005a8, addr: 202, data: c000641c70)
             exe-1049673 [000] ..... 1634067.846495: sys_nanosleep -> 0x0
             exe-1049673 [000] ..... 1634067.846498: sys_nanosleep(rqtp: c000069f10, rmtp: 0)
             exe-1050008 [001] ..... 1634067.846502: sys_ptrace -> 0x0
             exe-1050008 [001] ..... 1634067.846504: sys_ptrace(request: 1f, pid: 1005a8, addr: 0, data: 0)
             exe-1050008 [001] .N... 1634067.846508: sys_ptrace -> 0x0
             exe-1050024 [001] ..... 1634067.846531: sys_dup3 -> 0xffffffffffffffea
             exe-1050008 [001] ..... 1634067.846555: sys_wait4(upid: 1005a8, stat_addr: c000641bf4, options: 40000002, ru: 0)
             exe-1050008 [001] ..... 1634067.846558: sys_wait4 -> 0x1005a8
             exe-1050008 [001] ..... 1634067.846561: sys_ptrace(request: 4204, pid: 1005a8, addr: 1, data: c000641c70)
             exe-1049673 [000] ..... 1634067.846582: sys_nanosleep -> 0x0
             exe-1049673 [000] ..... 1634067.846584: sys_nanosleep(rqtp: c000069f10, rmtp: 0)
             exe-1049567 [001] ..... 1634067.846596: sys_nanosleep -> 0x0
             exe-1049567 [001] ..... 1634067.846601: sys_nanosleep(rqtp: c000069f10, rmtp: 0)
             exe-1050008 [001] ..... 1634067.846613: sys_ptrace -> 0x0
             exe-1050008 [001] ..... 1634067.846616: sys_ptrace(request: 4204, pid: 1005a8, addr: 202, data: c000641c70)
             exe-1050008 [001] ..... 1634067.846619: sys_ptrace -> 0x0
             exe-1050008 [001] ..... 1634067.846635: sys_pwrite64(fd: 63, buf: 7fd66e3f5080, count: 34, pos: 36)
             exe-1050008 [001] ..... 1634067.846637: tracing_mark_write: dup3(oldfd=138, newfd=138, flags=0x55aaa81d2870) end
             exe-1050008 [001] ..... 1634067.918885: tracing_mark_write: dup3(oldfd=138, newfd=326, flags=0x55aaa81d2870) start
             exe-1050008 [001] ..... 1634067.918887: sys_pwrite64 -> 0x36
             exe-1050008 [001] ..... 1634067.918893: sys_ptrace(request: 4205, pid: 1005a8, addr: 1, data: c000641c70)
             exe-1050008 [001] ..... 1634067.918895: sys_ptrace -> 0x0
             exe-1050008 [001] ..... 1634067.918896: sys_ptrace(request: 4205, pid: 1005a8, addr: 202, data: c000641c70)
             exe-1050008 [001] ..... 1634067.918906: sys_ptrace -> 0x0
             exe-1050008 [001] ..... 1634067.918908: sys_ptrace(request: 1f, pid: 1005a8, addr: 0, data: 0)
             exe-1050008 [001] .N... 1634067.918913: sys_ptrace -> 0x0
             exe-1049673 [003] ..... 1634067.918929: sys_nanosleep -> 0x0
             exe-1049673 [003] ..... 1634067.918932: sys_nanosleep(rqtp: c000069f10, rmtp: 0)
             exe-1050024 [001] ..... 1634067.918943: sys_write -> 0x36
             exe-1049567 [001] ..... 1634067.918957: sys_nanosleep -> 0x0
             exe-1049567 [001] ..... 1634067.918962: sys_nanosleep(rqtp: c000069f10, rmtp: 0)
             exe-1050008 [001] ..... 1634067.918979: sys_wait4(upid: 1005a8, stat_addr: c000641bf4, options: 40000002, ru: 0)
             exe-1050008 [001] ..... 1634067.918981: sys_wait4 -> 0x1005a8
             exe-1050008 [001] ..... 1634067.918983: sys_ptrace(request: 4204, pid: 1005a8, addr: 1, data: c000641c70)
             exe-1050008 [001] ..... 1634067.918986: sys_ptrace -> 0x0
             exe-1050008 [001] ..... 1634067.918988: sys_ptrace(request: 4204, pid: 1005a8, addr: 202, data: c000641c70)
             exe-1050008 [001] ..... 1634067.918991: sys_ptrace -> 0x0
             exe-1050008 [001] ..... 1634067.918997: sys_ptrace(request: 4205, pid: 1005a8, addr: 1, data: c000641c70)
             exe-1050008 [001] ..... 1634067.918999: sys_ptrace -> 0x0
             exe-1050008 [001] ..... 1634067.919001: sys_ptrace(request: 4205, pid: 1005a8, addr: 202, data: c000641c70)
             exe-1050008 [001] ..... 1634067.919010: sys_ptrace -> 0x0
             exe-1050008 [001] ..... 1634067.919011: sys_ptrace(request: 1f, pid: 1005a8, addr: 0, data: 0)
             exe-1050008 [001] .N... 1634067.919016: sys_ptrace -> 0x0
             exe-1050024 [001] ..... 1634067.919024: sys_dup3 -> 0xffffffffffffffea
             exe-1049673 [003] ..... 1634067.919026: sys_nanosleep -> 0x0
             exe-1049673 [003] ..... 1634067.919028: sys_nanosleep(rqtp: c000069f10, rmtp: 0)
             exe-1049567 [001] ..... 1634067.919063: sys_nanosleep -> 0x0
             exe-1049567 [001] ..... 1634067.919068: sys_nanosleep(rqtp: c000069f10, rmtp: 0)
             exe-1050008 [001] ..... 1634067.919080: sys_wait4(upid: 1005a8, stat_addr: c000641bf4, options: 40000002, ru: 0)
             exe-1050008 [001] ..... 1634067.919082: sys_wait4 -> 0x1005a8
             exe-1050008 [001] ..... 1634067.919084: sys_ptrace(request: 4204, pid: 1005a8, addr: 1, data: c000641c70)
             exe-1050008 [001] ..... 1634067.919087: sys_ptrace -> 0x0
             exe-1050008 [001] ..... 1634067.919088: sys_ptrace(request: 4204, pid: 1005a8, addr: 202, data: c000641c70)
             exe-1050008 [001] ..... 1634067.919091: sys_ptrace -> 0x0
             exe-1050008 [001] ..... 1634067.919103: sys_pwrite64(fd: 63, buf: 7fd66e3f5080, count: 34, pos: 36)
             exe-1050008 [001] ..... 1634067.919104: tracing_mark_write: dup3(oldfd=138, newfd=326, flags=0x55aaa81d2870) end
             exe-1050008 [001] ..... 1634067.986238: tracing_mark_write: dup3(oldfd=326, newfd=326, flags=0x55aaa81d2870) start
             exe-1050008 [001] ..... 1634067.986240: sys_pwrite64 -> 0x36
             exe-1050008 [001] ..... 1634067.986247: sys_ptrace(request: 4205, pid: 1005a8, addr: 1, data: c000641c70)
             exe-1050008 [001] ..... 1634067.986250: sys_ptrace -> 0x0
             exe-1050008 [001] ..... 1634067.986252: sys_ptrace(request: 4205, pid: 1005a8, addr: 202, data: c000641c70)
             exe-1049567 [001] ..... 1634067.986286: sys_nanosleep -> 0x0
             exe-1049896 [003] ..... 1634067.986288: sys_epoll_pwait -> 0x0
             exe-1049567 [001] ..... 1634067.986290: sys_nanosleep(rqtp: c000069f10, rmtp: 0)
             exe-1050008 [001] ..... 1634067.986301: sys_ptrace -> 0x0
             exe-1049896 [003] ..... 1634067.986301: sys_epoll_pwait(epfd: 11, events: c000599840, maxevents: 80, timeout: 1, sigmask: 0, sigsetsize: 0)
             exe-1050008 [001] ..... 1634067.986303: sys_ptrace(request: 1f, pid: 1005a8, addr: 0, data: 0)
             exe-1050008 [001] .N... 1634067.986306: sys_ptrace -> 0x0
             exe-1050024 [001] ..... 1634067.986316: sys_write -> 0x36
             exe-1049673 [003] ..... 1634067.986331: sys_nanosleep -> 0x0
             exe-1050008 [001] ..... 1634067.986337: sys_wait4(upid: 1005a8, stat_addr: c000641bf4, options: 40000002, ru: 0)
             exe-1049673 [003] ..... 1634067.986337: sys_nanosleep(rqtp: c000069f10, rmtp: 0)
             exe-1050008 [001] ..... 1634067.986340: sys_wait4 -> 0x1005a8
             exe-1050008 [001] ..... 1634067.986342: sys_ptrace(request: 4204, pid: 1005a8, addr: 1, data: c000641c70)
             exe-1050008 [001] ..... 1634067.986346: sys_ptrace -> 0x0
             exe-1050008 [001] ..... 1634067.986348: sys_ptrace(request: 4204, pid: 1005a8, addr: 202, data: c000641c70)
             exe-1050008 [001] ..... 1634067.986350: sys_ptrace -> 0x0
             exe-1050008 [001] ..... 1634067.986356: sys_ptrace(request: 4205, pid: 1005a8, addr: 1, data: c000641c70)
             exe-1050008 [001] ..... 1634067.986359: sys_ptrace -> 0x0
             exe-1050008 [001] ..... 1634067.986360: sys_ptrace(request: 4205, pid: 1005a8, addr: 202, data: c000641c70)
             exe-1049567 [001] ..... 1634067.986391: sys_nanosleep -> 0x0
             exe-1049567 [001] ..... 1634067.986394: sys_nanosleep(rqtp: c000069f10, rmtp: 0)
             exe-1050008 [001] ..... 1634067.986413: sys_ptrace -> 0x0
             exe-1050008 [001] ..... 1634067.986416: sys_ptrace(request: 1f, pid: 1005a8, addr: 0, data: 0)
             exe-1050008 [001] .N... 1634067.986419: sys_ptrace -> 0x0
             exe-1050024 [001] ..... 1634067.986428: sys_dup3 -> 0xffffffffffffffea
             exe-1049673 [003] ..... 1634067.986432: sys_nanosleep -> 0x0
             exe-1049673 [003] ..... 1634067.986436: sys_nanosleep(rqtp: c000069f10, rmtp: 0)
             exe-1050008 [001] ..... 1634067.986448: sys_wait4(upid: 1005a8, stat_addr: c000641bf4, options: 40000002, ru: 0)
             exe-1050008 [001] ..... 1634067.986451: sys_wait4 -> 0x1005a8
             exe-1050008 [001] ..... 1634067.986453: sys_ptrace(request: 4204, pid: 1005a8, addr: 1, data: c000641c70)
             exe-1050008 [001] ..... 1634067.986457: sys_ptrace -> 0x0
             exe-1050008 [001] ..... 1634067.986458: sys_ptrace(request: 4204, pid: 1005a8, addr: 202, data: c000641c70)
             exe-1050008 [001] ..... 1634067.986461: sys_ptrace -> 0x0
             exe-1049567 [001] ..... 1634067.986496: sys_nanosleep -> 0x0
             exe-1049567 [001] ..... 1634067.986499: sys_nanosleep(rqtp: c000069f10, rmtp: 0)
             exe-1050008 [001] ..... 1634067.986516: sys_pwrite64(fd: 63, buf: 7fd66e3f5080, count: 34, pos: 36)
             exe-1050008 [001] ..... 1634067.986517: tracing_mark_write: dup3(oldfd=326, newfd=326, flags=0x55aaa81d2870) end
             exe-1050008 [001] ..... 1634068.057654: tracing_mark_write: dup3(oldfd=326, newfd=326, flags=0x55aaa81d2870) start
             exe-1050008 [001] ..... 1634068.057656: sys_pwrite64 -> 0x36
             exe-1050008 [001] ..... 1634068.057663: sys_ptrace(request: 4205, pid: 1005a8, addr: 1, data: c000641c70)
             exe-1050008 [001] ..... 1634068.057667: sys_ptrace -> 0x0
             exe-1050008 [001] ..... 1634068.057668: sys_ptrace(request: 4205, pid: 1005a8, addr: 202, data: c000641c70)
             exe-1050008 [001] ..... 1634068.057680: sys_ptrace -> 0x0
             exe-1050008 [001] ..... 1634068.057682: sys_ptrace(request: 1f, pid: 1005a8, addr: 0, data: 0)
             exe-1050008 [001] .N... 1634068.057687: sys_ptrace -> 0x0
             exe-1050024 [001] ..... 1634068.057697: sys_write -> 0x36
             exe-1049673 [003] ..... 1634068.057719: sys_nanosleep -> 0x0
             exe-1049673 [003] ..... 1634068.057721: sys_nanosleep(rqtp: c000069f10, rmtp: 0)
             exe-1049567 [001] ..... 1634068.057746: sys_nanosleep -> 0x0
             exe-1049567 [001] ..... 1634068.057752: sys_nanosleep(rqtp: c000069f10, rmtp: 0)
             exe-1050008 [001] ..... 1634068.057776: sys_wait4(upid: 1005a8, stat_addr: c000641bf4, options: 40000002, ru: 0)
             exe-1050008 [001] ..... 1634068.057779: sys_wait4 -> 0x1005a8
             exe-1050008 [001] ..... 1634068.057781: sys_ptrace(request: 4204, pid: 1005a8, addr: 1, data: c000641c70)
             exe-1050008 [001] ..... 1634068.057786: sys_ptrace -> 0x0
             exe-1050008 [001] ..... 1634068.057787: sys_ptrace(request: 4204, pid: 1005a8, addr: 202, data: c000641c70)
             exe-1050008 [001] ..... 1634068.057790: sys_ptrace -> 0x0
             exe-1050008 [001] ..... 1634068.057799: sys_ptrace(request: 4205, pid: 1005a8, addr: 1, data: c000641c70)
             exe-1050008 [001] ..... 1634068.057801: sys_ptrace -> 0x0
             exe-1050008 [001] ..... 1634068.057803: sys_ptrace(request: 4205, pid: 1005a8, addr: 202, data: c000641c70)
             exe-1049673 [003] ..... 1634068.057808: sys_nanosleep -> 0x0
             exe-1049673 [003] ..... 1634068.057810: sys_nanosleep(rqtp: c000069f10, rmtp: 0)
             exe-1050008 [001] ..... 1634068.057815: sys_ptrace -> 0x0
             exe-1050008 [001] ..... 1634068.057817: sys_ptrace(request: 1f, pid: 1005a8, addr: 0, data: 0)
             exe-1050008 [001] .N... 1634068.057823: sys_ptrace -> 0x0
             exe-1050024 [001] ..... 1634068.057860: sys_dup3 -> 0xffffffffffffffea
             exe-1049567 [001] ..... 1634068.057878: sys_nanosleep -> 0x0
             exe-1049567 [001] ..... 1634068.057884: sys_nanosleep(rqtp: c000069f10, rmtp: 0)
             exe-1049722 [003] ..... 1634068.057891: sys_epoll_pwait -> 0x0
             exe-1049722 [003] ..... 1634068.057905: sys_epoll_pwait(epfd: 11, events: c000409840, maxevents: 80, timeout: 1, sigmask: 0, sigsetsize: 0)
             exe-1050008 [001] ..... 1634068.057905: sys_wait4(upid: 1005a8, stat_addr: c000641bf4, options: 40000002, ru: 0)
             exe-1050008 [001] ..... 1634068.057908: sys_wait4 -> 0x1005a8
             exe-1050008 [001] ..... 1634068.057910: sys_ptrace(request: 4204, pid: 1005a8, addr: 1, data: c000641c70)
             exe-1050008 [001] ..... 1634068.057915: sys_ptrace -> 0x0
             exe-1050008 [001] ..... 1634068.057917: sys_ptrace(request: 4204, pid: 1005a8, addr: 202, data: c000641c70)
             exe-1050008 [001] ..... 1634068.057919: sys_ptrace -> 0x0
             exe-1049673 [003] ..... 1634068.057934: sys_nanosleep -> 0x0
             exe-1050008 [001] ..... 1634068.057935: sys_pwrite64(fd: 63, buf: 7fd66e3f5080, count: 34, pos: 36)
             exe-1050008 [001] ..... 1634068.057937: tracing_mark_write: dup3(oldfd=326, newfd=326, flags=0x55aaa81d2870) end
             exe-1050008 [001] ..... 1634068.127218: tracing_mark_write: dup3(oldfd=326, newfd=279, flags=0x55aaa81d2870) start
             exe-1050008 [001] ..... 1634068.127220: sys_pwrite64 -> 0x36
             exe-1049567 [001] ..... 1634068.127258: sys_nanosleep -> 0x0
             exe-1049567 [001] ..... 1634068.127262: sys_nanosleep(rqtp: c000069f10, rmtp: 0)
             exe-1049673 [003] ..... 1634068.127263: sys_nanosleep -> 0x0
             exe-1049673 [003] ..... 1634068.127265: sys_nanosleep(rqtp: c000069f10, rmtp: 0)
             exe-1050008 [001] ..... 1634068.127277: sys_ptrace(request: 4205, pid: 1005a8, addr: 1, data: c000641c70)
             exe-1050008 [001] ..... 1634068.127280: sys_ptrace -> 0x0
             exe-1050008 [001] ..... 1634068.127282: sys_ptrace(request: 4205, pid: 1005a8, addr: 202, data: c000641c70)
             exe-1050008 [001] ..... 1634068.127295: sys_ptrace -> 0x0
             exe-1050008 [001] ..... 1634068.127296: sys_ptrace(request: 1f, pid: 1005a8, addr: 0, data: 0)
             exe-1050008 [001] .N... 1634068.127300: sys_ptrace -> 0x0
             exe-1050024 [001] ..... 1634068.127310: sys_write -> 0x36
             exe-1050008 [001] ..... 1634068.127331: sys_wait4(upid: 1005a8, stat_addr: c000641bf4, options: 40000002, ru: 0)
             exe-1050008 [001] ..... 1634068.127334: sys_wait4 -> 0x1005a8
             exe-1050008 [001] ..... 1634068.127337: sys_ptrace(request: 4204, pid: 1005a8, addr: 1, data: c000641c70)
             exe-1050008 [001] ..... 1634068.127341: sys_ptrace -> 0x0
             exe-1050008 [001] ..... 1634068.127342: sys_ptrace(request: 4204, pid: 1005a8, addr: 202, data: c000641c70)
             exe-1050008 [001] ..... 1634068.127345: sys_ptrace -> 0x0
             exe-1049673 [003] ..... 1634068.127351: sys_nanosleep -> 0x0
             exe-1050008 [001] ..... 1634068.127351: sys_ptrace(request: 4205, pid: 1005a8, addr: 1, data: c000641c70)
             exe-1049673 [003] ..... 1634068.127372: sys_nanosleep(rqtp: c000069f10, rmtp: 0)
             exe-1050008 [001] ..... 1634068.127372: sys_ptrace -> 0x0
             exe-1050008 [001] ..... 1634068.127374: sys_ptrace(request: 4205, pid: 1005a8, addr: 202, data: c000641c70)
             exe-1050008 [001] ..... 1634068.127385: sys_ptrace -> 0x0
             exe-1050008 [001] ..... 1634068.127387: sys_ptrace(request: 1f, pid: 1005a8, addr: 0, data: 0)
             exe-1050008 [001] .N... 1634068.127418: sys_ptrace -> 0x0
             exe-1050024 [001] ..... 1634068.127430: sys_dup3 -> 0xffffffffffffffea
             exe-1049567 [001] ..... 1634068.127449: sys_nanosleep -> 0x0
             exe-1049567 [001] ..... 1634068.127455: sys_nanosleep(rqtp: c000069f10, rmtp: 0)
             exe-1049673 [003] ..... 1634068.127457: sys_nanosleep -> 0x0
             exe-1049673 [003] ..... 1634068.127460: sys_nanosleep(rqtp: c000069f10, rmtp: 0)
             exe-1050008 [001] ..... 1634068.127476: sys_wait4(upid: 1005a8, stat_addr: c000641bf4, options: 40000002, ru: 0)
             exe-1050008 [001] ..... 1634068.127478: sys_wait4 -> 0x1005a8
             exe-1050008 [001] ..... 1634068.127481: sys_ptrace(request: 4204, pid: 1005a8, addr: 1, data: c000641c70)
             exe-1050008 [001] ..... 1634068.127485: sys_ptrace -> 0x0
             exe-1050008 [001] ..... 1634068.127486: sys_ptrace(request: 4204, pid: 1005a8, addr: 202, data: c000641c70)
             exe-1050008 [001] ..... 1634068.127489: sys_ptrace -> 0x0
             exe-1050008 [001] ..... 1634068.127504: sys_pwrite64(fd: 63, buf: 7fd66e3f5080, count: 34, pos: 36)
             exe-1050008 [001] ..... 1634068.127506: tracing_mark_write: dup3(oldfd=326, newfd=279, flags=0x55aaa81d2870) end
             exe-1050008 [001] ..... 1634068.190463: tracing_mark_write: dup3(oldfd=279, newfd=273, flags=0x55aaa81d2870) start
             exe-1050008 [001] ..... 1634068.190465: sys_pwrite64 -> 0x36
             exe-1050008 [001] ..... 1634068.190473: sys_ptrace(request: 4205, pid: 1005a8, addr: 1, data: c000641c70)
             exe-1050008 [001] ..... 1634068.190476: sys_ptrace -> 0x0
             exe-1050008 [001] ..... 1634068.190478: sys_ptrace(request: 4205, pid: 1005a8, addr: 202, data: c000641c70)
             exe-1050008 [001] ..... 1634068.190491: sys_ptrace -> 0x0
             exe-1050008 [001] ..... 1634068.190493: sys_ptrace(request: 1f, pid: 1005a8, addr: 0, data: 0)
             exe-1050008 [001] .N... 1634068.190498: sys_ptrace -> 0x0
             exe-1049567 [001] ..... 1634068.190597: sys_nanosleep -> 0x0
             exe-1049567 [001] ..... 1634068.190604: sys_nanosleep(rqtp: c000069f10, rmtp: 0)
             exe-1050024 [001] ..... 1634068.190635: sys_write -> 0x36
             exe-1050008 [001] ..... 1634068.190661: sys_wait4(upid: 1005a8, stat_addr: c000641bf4, options: 40000002, ru: 0)
             exe-1050008 [001] ..... 1634068.190665: sys_wait4 -> 0x1005a8
             exe-1050008 [001] ..... 1634068.190668: sys_ptrace(request: 4204, pid: 1005a8, addr: 1, data: c000641c70)
             exe-1050008 [001] ..... 1634068.190674: sys_ptrace -> 0x0
             exe-1050008 [001] ..... 1634068.190675: sys_ptrace(request: 4204, pid: 1005a8, addr: 202, data: c000641c70)
             exe-1049673 [003] ..... 1634068.190695: sys_nanosleep -> 0x0
             exe-1049673 [003] ..... 1634068.190703: sys_nanosleep(rqtp: c000069f10, rmtp: 0)
             exe-1049567 [001] ..... 1634068.190708: sys_nanosleep -> 0x0
             exe-1049567 [001] ..... 1634068.190713: sys_nanosleep(rqtp: c000069f10, rmtp: 0)
             exe-1050008 [001] ..... 1634068.190726: sys_ptrace -> 0x0
             exe-1050008 [001] ..... 1634068.190736: sys_ptrace(request: 4205, pid: 1005a8, addr: 1, data: c000641c70)
             exe-1050008 [001] ..... 1634068.190739: sys_ptrace -> 0x0
             exe-1050008 [001] ..... 1634068.190740: sys_ptrace(request: 4205, pid: 1005a8, addr: 202, data: c000641c70)
             exe-1050008 [001] ..... 1634068.190761: sys_ptrace -> 0x0
             exe-1050008 [001] ..... 1634068.190763: sys_ptrace(request: 1f, pid: 1005a8, addr: 0, data: 0)
             exe-1050008 [001] .N... 1634068.190767: sys_ptrace -> 0x0
             exe-1050024 [001] ..... 1634068.190780: sys_dup3 -> 0xffffffffffffffea
             exe-1049673 [003] ..... 1634068.190800: sys_nanosleep -> 0x0
             exe-1050008 [001] ..... 1634068.190803: sys_wait4(upid: 1005a8, stat_addr: c000641bf4, options: 40000002, ru: 0)
             exe-1049673 [003] ..... 1634068.190804: sys_nanosleep(rqtp: c000069f10, rmtp: 0)
             exe-1050008 [001] .N... 1634068.190835: sys_wait4 -> 0x1005a8
             exe-1049567 [001] ..... 1634068.190839: sys_nanosleep -> 0x0
             exe-1049567 [001] ..... 1634068.190843: sys_nanosleep(rqtp: c000069f10, rmtp: 0)
             exe-1050008 [001] ..... 1634068.190856: sys_ptrace(request: 4204, pid: 1005a8, addr: 1, data: c000641c70)
             exe-1050008 [001] ..... 1634068.190860: sys_ptrace -> 0x0
             exe-1050008 [001] ..... 1634068.190862: sys_ptrace(request: 4204, pid: 1005a8, addr: 202, data: c000641c70)
             exe-1050008 [001] ..... 1634068.190864: sys_ptrace -> 0x0
             exe-1050008 [001] ..... 1634068.190899: sys_pwrite64(fd: 63, buf: 7fd66e3f5080, count: 34, pos: 36)
             exe-1049673 [003] ..... 1634068.190902: sys_nanosleep -> 0x0
             exe-1050008 [001] ..... 1634068.190903: tracing_mark_write: dup3(oldfd=279, newfd=273, flags=0x55aaa81d2870) end
             exe-1050008 [001] ..... 1634068.259309: tracing_mark_write: dup3(oldfd=273, newfd=276, flags=0x0) start
             exe-1050008 [001] ..... 1634068.259311: sys_pwrite64 -> 0x2b
             exe-1050008 [001] ..... 1634068.259319: sys_ptrace(request: 4205, pid: 1005a8, addr: 1, data: c000641c70)
             exe-1050008 [001] ..... 1634068.259322: sys_ptrace -> 0x0
             exe-1050008 [001] ..... 1634068.259324: sys_ptrace(request: 4205, pid: 1005a8, addr: 202, data: c000641c70)
             exe-1050008 [001] ..... 1634068.259337: sys_ptrace -> 0x0
             exe-1050008 [001] ..... 1634068.259339: sys_ptrace(request: 1f, pid: 1005a8, addr: 0, data: 0)
             exe-1050008 [001] .N... 1634068.259347: sys_ptrace -> 0x0
             exe-1050024 [001] ..... 1634068.259358: sys_write -> 0x2b
             exe-1049673 [003] ..... 1634068.259367: sys_nanosleep -> 0x0
             exe-1049673 [003] ..... 1634068.259369: sys_nanosleep(rqtp: c000069f10, rmtp: 0)
             exe-1050008 [001] ..... 1634068.259380: sys_wait4(upid: 1005a8, stat_addr: c000641bf4, options: 40000002, ru: 0)
             exe-1050008 [001] .N... 1634068.259413: sys_wait4 -> 0x1005a8
             exe-1049567 [001] ..... 1634068.259417: sys_nanosleep -> 0x0
             exe-1049567 [001] ..... 1634068.259422: sys_nanosleep(rqtp: c000069f10, rmtp: 0)
             exe-1050008 [001] ..... 1634068.259430: sys_ptrace(request: 4204, pid: 1005a8, addr: 1, data: c000641c70)
             exe-1050008 [001] ..... 1634068.259434: sys_ptrace -> 0x0
             exe-1050008 [001] ..... 1634068.259436: sys_ptrace(request: 4204, pid: 1005a8, addr: 202, data: c000641c70)
             exe-1050008 [001] ..... 1634068.259439: sys_ptrace -> 0x0
             exe-1049673 [003] ..... 1634068.259456: sys_nanosleep -> 0x0
             exe-1049673 [003] ..... 1634068.259458: sys_nanosleep(rqtp: c000069f10, rmtp: 0)
             exe-1050008 [001] ..... 1634068.259465: sys_ptrace(request: 4205, pid: 1005a8, addr: 1, data: c000641c70)
             exe-1050008 [001] ..... 1634068.259468: sys_ptrace -> 0x0
             exe-1050008 [001] ..... 1634068.259470: sys_ptrace(request: 4205, pid: 1005a8, addr: 202, data: c000641c70)
             exe-1050008 [001] ..... 1634068.259483: sys_ptrace -> 0x0
             exe-1050008 [001] ..... 1634068.259484: sys_ptrace(request: 1f, pid: 1005a8, addr: 0, data: 0)
             exe-1050008 [001] .N... 1634068.259489: sys_ptrace -> 0x0
             exe-1050024 [001] ..... 1634068.259499: sys_dup3 -> 0x114
             exe-1049673 [003] ..... 1634068.259545: sys_nanosleep -> 0x0
             exe-1049673 [003] ..... 1634068.259547: sys_nanosleep(rqtp: c000069f10, rmtp: 0)
             exe-1049673 [003] .N... 1634068.259680: sys_nanosleep -> 0x0
             exe-1049567 [001] ..... 1634068.259724: sys_nanosleep -> 0x0
             exe-1049567 [001] ..... 1634068.259731: sys_nanosleep(rqtp: c000069f10, rmtp: 0)
             exe-1049673 [003] ..... 1634068.259784: sys_nanosleep(rqtp: c000069f10, rmtp: 0)
             exe-1049673 [003] ..... 1634068.259882: sys_nanosleep -> 0x0
             exe-1049673 [003] ..... 1634068.259886: sys_nanosleep(rqtp: c000069f10, rmtp: 0)
             exe-1049673 [003] ..... 1634068.259974: sys_nanosleep -> 0x0
             exe-1049673 [003] ..... 1634068.259977: sys_nanosleep(rqtp: c000069f10, rmtp: 0)
             exe-1049673 [003] ..... 1634068.260070: sys_nanosleep -> 0x0
             exe-1049673 [003] ..... 1634068.260072: sys_nanosleep(rqtp: c000069f10, rmtp: 0)
           <...>-1082324 [003] ..... 1634068.260111: sys_select -> 0x1
           <...>-1082324 [003] ..... 1634068.260118: sys_rt_sigprocmask(how: 0, nset: 7ffc3b4d84a0, oset: 7ffc3b4d8420, sigsetsize: 8)
           <...>-1082324 [003] ..... 1634068.260120: sys_rt_sigprocmask -> 0x0
           <...>-1082324 [003] ..... 1634068.260121: sys_rt_sigprocmask(how: 2, nset: 7ffc3b4d8420, oset: 0, sigsetsize: 8)
           <...>-1082324 [003] ..... 1634068.260121: sys_rt_sigprocmask -> 0x0
           <...>-1082324 [003] ..... 1634068.260128: sys_read(fd: a, buf: 7ffc3b4d4400, count: 4000)
           <...>-1082324 [003] ..... 1634068.260138: sys_read -> 0xe
           <...>-1082324 [003] ..... 1634068.260176: sys_getpid()
           <...>-1082324 [003] ..... 1634068.260177: sys_getpid -> 0x1083d4
           <...>-1082324 [003] ..... 1634068.260186: sys_select(n: f, inp: 557dd72e5480, outp: 557dd72e8870, exp: 0, tvp: 0)
             exe-1049567 [001] ..... 1634068.260189: sys_nanosleep -> 0x0
           <...>-1082324 [003] ..... 1634068.260190: sys_select -> 0x1
           <...>-1082324 [003] ..... 1634068.260191: sys_rt_sigprocmask(how: 0, nset: 7ffc3b4d84a0, oset: 7ffc3b4d8420, sigsetsize: 8)
           <...>-1082324 [003] ..... 1634068.260192: sys_rt_sigprocmask -> 0x0
           <...>-1082324 [003] ..... 1634068.260193: sys_rt_sigprocmask(how: 2, nset: 7ffc3b4d8420, oset: 0, sigsetsize: 8)
           <...>-1082324 [003] ..... 1634068.260194: sys_rt_sigprocmask -> 0x0
           <...>-1082324 [003] ..... 1634068.260196: sys_write(fd: 4, buf: 557dd7316110, count: 34)
             exe-1049567 [001] ..... 1634068.260196: sys_nanosleep(rqtp: c000069f10, rmtp: 0)
             exe-1050008 [001] ..... 1634068.260212: sys_wait4(upid: 1005a8, stat_addr: c000641bf4, options: 40000002, ru: 0)
             exe-1050008 [001] ..... 1634068.260215: sys_wait4 -> 0x1005a8
             exe-1050008 [001] ..... 1634068.260218: sys_ptrace(request: 4204, pid: 1005a8, addr: 1, data: c000641c70)
             exe-1050008 [001] ..... 1634068.260223: sys_ptrace -> 0x0
             exe-1050008 [001] ..... 1634068.260225: sys_ptrace(request: 4204, pid: 1005a8, addr: 202, data: c000641c70)
             exe-1050008 [001] ..... 1634068.260228: sys_ptrace -> 0x0
             exe-1050008 [001] ..... 1634068.260246: sys_pwrite64(fd: 63, buf: 7fd66e3f5080, count: 29, pos: 2b)
             exe-1050008 [001] ..... 1634068.260250: tracing_mark_write: dup3(oldfd=273, newfd=276, flags=0x0) end
