             exe-1050232 [002] ..... 1634085.381113: sys_ptrace -> 0x0
             exe-1050232 [002] ..... 1634085.381115: sys_ptrace(request: 4204, pid: 1006b9, addr: 202, data: c0005d1c70)
             exe-1050232 [002] ..... 1634085.381117: sys_ptrace -> 0x0
             exe-1049673 [003] ..... 1634085.381117: sys_nanosleep(rqtp: c000069f10, rmtp: 0)
             exe-1050232 [002] ..... 1634085.381132: sys_pwrite64(fd: 63, buf: 7fd66e410080, count: 3d, pos: 3f)
             exe-1050232 [002] ..... 1634085.381134: tracing_mark_write: epoll_ctl(epfd=164, op=0x2, fd=277, event=0x560556a835b0) end
             exe-1050232 [002] ..... 1634085.443241: tracing_mark_write: epoll_ctl(epfd=277, op=0x2, fd=277, event=0x560556a835b0) start
             exe-1050232 [002] ..... 1634085.443243: sys_pwrite64 -> 0x3f
             exe-1049567 [000] ..... 1634085.443271: sys_nanosleep -> 0x0
             exe-1049567 [000] ..... 1634085.443273: sys_nanosleep(rqtp: c000069f10, rmtp: 0)
             exe-1050232 [002] ..... 1634085.443325: sys_ptrace(request: 4205, pid: 1006b9, addr: 1, data: c0005d1c70)
             exe-1050232 [002] ..... 1634085.443330: sys_ptrace -> 0x0
             exe-1050232 [002] ..... 1634085.443332: sys_ptrace(request: 4205, pid: 1006b9, addr: 202, data: c0005d1c70)
             exe-1049673 [003] ..... 1634085.443340: sys_nanosleep -> 0x0
             exe-1049673 [003] ..... 1634085.443344: sys_nanosleep(rqtp: c000069f10, rmtp: 0)
             exe-1050232 [002] ..... 1634085.443346: sys_ptrace -> 0x0
             exe-1050232 [002] ..... 1634085.443349: sys_ptrace(request: 1f, pid: 1006b9, addr: 0, data: 0)
             exe-1049567 [000] ..... 1634085.443360: sys_nanosleep -> 0x0
             exe-1049567 [000] ..... 1634085.443362: sys_nanosleep(rqtp: c000069f10, rmtp: 0)
             exe-1050297 [003] ..... 1634085.443376: sys_write -> 0x3f
             exe-1050232 [002] .N... 1634085.443386: sys_ptrace -> 0x0
             exe-1050232 [002] ..... 1634085.443432: sys_wait4(upid: 1006b9, stat_addr: c0005d1bf4, options: 40000002, ru: 0)
             exe-1050232 [002] ..... 1634085.443436: sys_wait4 -> 0x1006b9
             exe-1050232 [002] ..... 1634085.443438: sys_ptrace(request: 4204, pid: 1006b9, addr: 1, data: c0005d1c70)
             exe-1050232 [002] ..... 1634085.443442: sys_ptrace -> 0x0
             exe-1050232 [002] ..... 1634085.443444: sys_ptrace(request: 4204, pid: 1006b9, addr: 202, data: c0005d1c70)
             exe-1049567 [000] ..... 1634085.443448: sys_nanosleep -> 0x0
             exe-1049567 [000] ..... 1634085.443450: sys_nanosleep(rqtp: c000069f10, rmtp: 0)
             exe-1049673 [003] ..... 1634085.443453: sys_nanosleep -> 0x0
             exe-1050232 [002] ..... 1634085.443454: sys_ptrace -> 0x0
             exe-1049673 [003] ..... 1634085.443459: sys_nanosleep(rqtp: c000069f10, rmtp: 0)
             exe-1049567 [000] ..... 1634085.443535: sys_nanosleep -> 0x0
             exe-1049567 [000] ..... 1634085.443537: sys_nanosleep(rqtp: c000069f10, rmtp: 0)
             exe-1050232 [002] ..... 1634085.443551: sys_ptrace(request: 4205, pid: 1006b9, addr: 1, data: c0005d1c70)
             exe-1050232 [002] ..... 1634085.443556: sys_ptrace -> 0x0
             exe-1050232 [002] ..... 1634085.443558: sys_ptrace(request: 4205, pid: 1006b9, addr: 202, data: c0005d1c70)
             exe-1049673 [003] ..... 1634085.443558: sys_nanosleep -> 0x0
             exe-1049673 [003] ..... 1634085.443561: sys_nanosleep(rqtp: c000069f10, rmtp: 0)
             exe-1050232 [002] ..... 1634085.443571: sys_ptrace -> 0x0
             exe-1050232 [002] ..... 1634085.443573: sys_ptrace(request: 1f, pid: 1006b9, addr: 0, data: 0)
             exe-1050232 [002] ..... 1634085.443582: sys_ptrace -> 0x0
             exe-1050232 [002] ..... 1634085.443586: sys_wait4(upid: 1006b9, stat_addr: c0005d1bf4, options: 40000002, ru: 0)
             exe-1050297 [003] ..... 1634085.443595: sys_epoll_ctl -> 0xffffffffffffffea
             exe-1049567 [000] ..... 1634085.443623: sys_nanosleep -> 0x0
             exe-1049567 [000] ..... 1634085.443625: sys_nanosleep(rqtp: c000069f10, rmtp: 0)
             exe-1050232 [002] ..... 1634085.443661: sys_wait4 -> 0x1006b9
             exe-1050232 [002] ..... 1634085.443667: sys_ptrace(request: 4204, pid: 1006b9, addr: 1, data: c0005d1c70)
             exe-1049673 [003] ..... 1634085.443668: sys_nanosleep -> 0x0
             exe-1050232 [002] ..... 1634085.443672: sys_ptrace -> 0x0
             exe-1050232 [002] ..... 1634085.443674: sys_ptrace(request: 4204, pid: 1006b9, addr: 202, data: c0005d1c70)
             exe-1049673 [003] ..... 1634085.443674: sys_nanosleep(rqtp: c000069f10, rmtp: 0)
             exe-1050232 [002] ..... 1634085.443677: sys_ptrace -> 0x0
             exe-1050232 [002] ..... 1634085.443694: sys_pwrite64(fd: 63, buf: 7fd66e410080, count: 3d, pos: 3f)
             exe-1050232 [002] ..... 1634085.443696: tracing_mark_write: epoll_ctl(epfd=277, op=0x2, fd=277, event=0x560556a835b0) end
             exe-1050232 [002] ..... 1634085.511763: tracing_mark_write: epoll_ctl(epfd=12, op=0x2, fd=280, event=0x560556a835b0) start
             exe-1050232 [002] ..... 1634085.511765: sys_pwrite64 -> 0x3e
             exe-1050232 [002] ..... 1634085.511776: sys_ptrace(request: 4205, pid: 1006b9, addr: 1, data: c0005d1c70)
             exe-1050232 [002] ..... 1634085.511780: sys_ptrace -> 0x0
             exe-1050232 [002] ..... 1634085.511781: sys_ptrace(request: 4205, pid: 1006b9, addr: 202, data: c0005d1c70)
             exe-1049567 [000] ..... 1634085.511789: sys_nanosleep -> 0x0
             exe-1049567 [000] ..... 1634085.511791: sys_nanosleep(rqtp: c000069f10, rmtp: 0)
             exe-1050232 [002] ..... 1634085.511795: sys_ptrace -> 0x0
             exe-1050232 [002] ..... 1634085.511797: sys_ptrace(request: 1f, pid: 1006b9, addr: 0, data: 0)
             exe-1050232 [002] .N... 1634085.511828: sys_ptrace -> 0x0
             exe-1050297 [003] ..... 1634085.511840: sys_write -> 0x3e
             exe-1049673 [003] ..... 1634085.511859: sys_nanosleep -> 0x0
             exe-1049673 [003] ..... 1634085.511865: sys_nanosleep(rqtp: c000069f10, rmtp: 0)
             exe-1050232 [002] ..... 1634085.511872: sys_wait4(upid: 1006b9, stat_addr: c0005d1bf4, options: 40000002, ru: 0)
             exe-1050232 [002] ..... 1634085.511875: sys_wait4 -> 0x1006b9
             exe-1050232 [002] ..... 1634085.511877: sys_ptrace(request: 4204, pid: 1006b9, addr: 1, data: c0005d1c70)
             exe-1050232 [002] ..... 1634085.511885: sys_ptrace -> 0x0
             exe-1050232 [002] ..... 1634085.511886: sys_ptrace(request: 4204, pid: 1006b9, addr: 202, data: c0005d1c70)
             exe-1050232 [002] ..... 1634085.511889: sys_ptrace -> 0x0
             exe-1049673 [003] ..... 1634085.511965: sys_nanosleep -> 0x0
             exe-1049673 [003] ..... 1634085.511968: sys_nanosleep(rqtp: c000069f10, rmtp: 0)
             exe-1050232 [002] ..... 1634085.511990: sys_ptrace(request: 4205, pid: 1006b9, addr: 1, data: c0005d1c70)
             exe-1050232 [002] ..... 1634085.511995: sys_ptrace -> 0x0
             exe-1050232 [002] ..... 1634085.511996: sys_ptrace(request: 4205, pid: 1006b9, addr: 202, data: c0005d1c70)
             exe-1050232 [002] ..... 1634085.512009: sys_ptrace -> 0x0
             exe-1050232 [002] ..... 1634085.512011: sys_ptrace(request: 1f, pid: 1006b9, addr: 0, data: 0)
             exe-1050232 [002] ..... 1634085.512021: sys_ptrace -> 0x0
             exe-1050232 [002] ..... 1634085.512024: sys_wait4(upid: 1006b9, stat_addr: c0005d1bf4, options: 40000002, ru: 0)
             exe-1049567 [000] ..... 1634085.512032: sys_nanosleep -> 0x0
             exe-1049567 [000] ..... 1634085.512035: sys_nanosleep(rqtp: c000069f10, rmtp: 0)
             exe-1050297 [003] ..... 1634085.512036: sys_epoll_ctl -> 0xfffffffffffffffe
             exe-1049673 [003] ..... 1634085.512114: sys_nanosleep -> 0x0
             exe-1049673 [003] ..... 1634085.512121: sys_nanosleep(rqtp: c000069f10, rmtp: 0)
             exe-1050232 [002] ..... 1634085.512122: sys_wait4 -> 0x1006b9
             exe-1050232 [002] ..... 1634085.512129: sys_ptrace(request: 4204, pid: 1006b9, addr: 1, data: c0005d1c70)
             exe-1050232 [002] ..... 1634085.512134: sys_ptrace -> 0x0
             exe-1050232 [002] ..... 1634085.512136: sys_ptrace(request: 4204, pid: 1006b9, addr: 202, data: c0005d1c70)
             exe-1050232 [002] ..... 1634085.512139: sys_ptrace -> 0x0
             exe-1050232 [002] ..... 1634085.512155: sys_pwrite64(fd: 63, buf: 7fd66e410080, count: 3c, pos: 3e)
             exe-1049673 [003] ..... 1634085.512221: sys_nanosleep -> 0x0
             exe-1050232 [002] ..... 1634085.512222: tracing_mark_write: epoll_ctl(epfd=12, op=0x2, fd=280, event=0x560556a835b0) end
             exe-1050232 [002] ..... 1634085.596515: tracing_mark_write: epoll_ctl(epfd=12, op=0x2, fd=8, event=0x560556a835b0) start
             exe-1050232 [002] ..... 1634085.596517: sys_pwrite64 -> 0x3c
             exe-1050232 [002] ..... 1634085.596523: sys_ptrace(request: 4205, pid: 1006b9, addr: 1, data: c0005d1c70)
             exe-1050232 [002] ..... 1634085.596525: sys_ptrace -> 0x0
             exe-1050232 [002] ..... 1634085.596527: sys_ptrace(request: 4205, pid: 1006b9, addr: 202, data: c0005d1c70)
             exe-1050232 [002] ..... 1634085.596535: sys_ptrace -> 0x0
             exe-1050232 [002] ..... 1634085.596537: sys_ptrace(request: 1f, pid: 1006b9, addr: 0, data: 0)
             exe-1049673 [003] ..... 1634085.596540: sys_nanosleep -> 0x0
             exe-1050232 [002] ..... 1634085.596547: sys_ptrace -> 0x0
             exe-1050232 [002] ..... 1634085.596548: sys_wait4(upid: 1006b9, stat_addr: c0005d1bf4, options: 40000002, ru: 0)
             exe-1050297 [003] ..... 1634085.596563: sys_write -> 0x3c
             exe-1050232 [002] ..... 1634085.596584: sys_wait4 -> 0x1006b9
             exe-1050232 [002] ..... 1634085.596587: sys_ptrace(request: 4204, pid: 1006b9, addr: 1, data: c0005d1c70)
             exe-1050232 [002] ..... 1634085.596596: sys_ptrace -> 0x0
             exe-1049673 [003] ..... 1634085.596597: sys_nanosleep(rqtp: c000069f10, rmtp: 0)
             exe-1050232 [002] ..... 1634085.596597: sys_ptrace(request: 4204, pid: 1006b9, addr: 202, data: c0005d1c70)
             exe-1050232 [002] ..... 1634085.596634: sys_ptrace -> 0x0
             exe-1050232 [002] ..... 1634085.596643: sys_ptrace(request: 4205, pid: 1006b9, addr: 1, data: c0005d1c70)
             exe-1050232 [002] ..... 1634085.596646: sys_ptrace -> 0x0
             exe-1050232 [002] ..... 1634085.596648: sys_ptrace(request: 4205, pid: 1006b9, addr: 202, data: c0005d1c70)
             exe-1049673 [003] ..... 1634085.596654: sys_nanosleep -> 0x0
             exe-1050232 [002] ..... 1634085.596656: sys_ptrace -> 0x0
             exe-1049673 [003] ..... 1634085.596657: sys_nanosleep(rqtp: c000069f10, rmtp: 0)
             exe-1050232 [002] ..... 1634085.596658: sys_ptrace(request: 1f, pid: 1006b9, addr: 0, data: 0)
             exe-1050232 [002] ..... 1634085.596664: sys_ptrace -> 0x0
             exe-1050232 [002] ..... 1634085.596666: sys_wait4(upid: 1006b9, stat_addr: c0005d1bf4, options: 40000002, ru: 0)
             exe-1050297 [003] ..... 1634085.596680: sys_epoll_ctl -> 0xfffffffffffffffe
             exe-1050232 [002] ..... 1634085.596701: sys_wait4 -> 0x1006b9
             exe-1050232 [002] ..... 1634085.596703: sys_ptrace(request: 4204, pid: 1006b9, addr: 1, data: c0005d1c70)
             exe-1050232 [002] ..... 1634085.596706: sys_ptrace -> 0x0
             exe-1050232 [002] ..... 1634085.596707: sys_ptrace(request: 4204, pid: 1006b9, addr: 202, data: c0005d1c70)
             exe-1050232 [002] ..... 1634085.596710: sys_ptrace -> 0x0
             exe-1050232 [002] ..... 1634085.596717: sys_pwrite64(fd: 63, buf: 7fd66e410080, count: 3a, pos: 3c)
             exe-1050232 [002] ..... 1634085.596718: tracing_mark_write: epoll_ctl(epfd=12, op=0x2, fd=8, event=0x560556a835b0) end
             exe-1050232 [002] ..... 1634085.671514: tracing_mark_write: epoll_ctl(epfd=8, op=0x2, fd=8, event=0x560556a835b0) start
             exe-1050232 [002] ..... 1634085.671516: sys_pwrite64 -> 0x3b
             exe-1050232 [002] ..... 1634085.671520: sys_ptrace(request: 4205, pid: 1006b9, addr: 1, data: c0005d1c70)
             exe-1050232 [002] ..... 1634085.671523: sys_ptrace -> 0x0
             exe-1050232 [002] ..... 1634085.671524: sys_ptrace(request: 4205, pid: 1006b9, addr: 202, data: c0005d1c70)
             exe-1049567 [000] ..... 1634085.671526: sys_nanosleep -> 0x0
             exe-1050232 [002] ..... 1634085.671532: sys_ptrace -> 0x0
             exe-1049567 [000] ..... 1634085.671532: sys_nanosleep(rqtp: c000069f10, rmtp: 0)
             exe-1050232 [002] ..... 1634085.671533: sys_ptrace(request: 1f, pid: 1006b9, addr: 0, data: 0)
             exe-1050232 [002] ..... 1634085.671540: sys_ptrace -> 0x0
             exe-1050232 [002] ..... 1634085.671542: sys_wait4(upid: 1006b9, stat_addr: c0005d1bf4, options: 40000002, ru: 0)
             exe-1050297 [003] ..... 1634085.671556: sys_write -> 0x3b
             exe-1050232 [002] ..... 1634085.671575: sys_wait4 -> 0x1006b9
             exe-1050232 [002] ..... 1634085.671578: sys_ptrace(request: 4204, pid: 1006b9, addr: 1, data: c0005d1c70)
             exe-1050232 [002] ..... 1634085.671580: sys_ptrace -> 0x0
             exe-1050232 [002] ..... 1634085.671582: sys_ptrace(request: 4204, pid: 1006b9, addr: 202, data: c0005d1c70)
             exe-1050232 [002] ..... 1634085.671584: sys_ptrace -> 0x0
             exe-1050232 [002] ..... 1634085.671589: sys_ptrace(request: 4205, pid: 1006b9, addr: 1, data: c0005d1c70)
             exe-1050232 [002] ..... 1634085.671591: sys_ptrace -> 0x0
             exe-1050232 [002] ..... 1634085.671593: sys_ptrace(request: 4205, pid: 1006b9, addr: 202, data: c0005d1c70)
             exe-1050232 [002] ..... 1634085.671600: sys_ptrace -> 0x0
             exe-1050232 [002] ..... 1634085.671602: sys_ptrace(request: 1f, pid: 1006b9, addr: 0, data: 0)
             exe-1050232 [002] ..... 1634085.671603: sys_ptrace -> 0x0
             exe-1050232 [002] ..... 1634085.671605: sys_wait4(upid: 1006b9, stat_addr: c0005d1bf4, options: 40000002, ru: 0)
             exe-1050297 [003] ..... 1634085.671611: sys_epoll_ctl -> 0xffffffffffffffea
             exe-1050232 [002] ..... 1634085.671626: sys_wait4 -> 0x1006b9
             exe-1050232 [002] ..... 1634085.671628: sys_ptrace(request: 4204, pid: 1006b9, addr: 1, data: c0005d1c70)
             exe-1049673 [003] ..... 1634085.671629: sys_nanosleep -> 0x0
             exe-1050232 [002] ..... 1634085.671630: sys_ptrace -> 0x0
             exe-1050232 [002] ..... 1634085.671632: sys_ptrace(request: 4204, pid: 1006b9, addr: 202, data: c0005d1c70)
             exe-1050232 [002] ..... 1634085.671634: sys_ptrace -> 0x0
             exe-1049673 [003] ..... 1634085.671635: sys_nanosleep(rqtp: c000069f10, rmtp: 0)
             exe-1050232 [002] ..... 1634085.671639: sys_pwrite64(fd: 63, buf: 7fd66e410080, count: 39, pos: 3b)
             exe-1050232 [002] ..... 1634085.671640: tracing_mark_write: epoll_ctl(epfd=8, op=0x2, fd=8, event=0x560556a835b0) end
             exe-1050232 [002] ..... 1634085.733324: tracing_mark_write: epoll_ctl(epfd=21, op=0x2, fd=22, event=0x560556a835b0) start
             exe-1050232 [002] ..... 1634085.733326: sys_pwrite64 -> 0x3d
             exe-1049673 [003] ..... 1634085.733359: sys_nanosleep -> 0x0
             exe-1049673 [003] ..... 1634085.733362: sys_nanosleep(rqtp: c000069f10, rmtp: 0)
             exe-1050232 [002] ..... 1634085.733408: sys_ptrace(request: 4205, pid: 1006b9, addr: 1, data: c0005d1c70)
             exe-1050232 [002] ..... 1634085.733413: sys_ptrace -> 0x0
             exe-1050232 [002] ..... 1634085.733415: sys_ptrace(request: 4205, pid: 1006b9, addr: 202, data: c0005d1c70)
             exe-1050232 [002] ..... 1634085.733428: sys_ptrace -> 0x0
             exe-1050232 [002] ..... 1634085.733431: sys_ptrace(request: 1f, pid: 1006b9, addr: 0, data: 0)
             exe-1050232 [002] ..... 1634085.733441: sys_ptrace -> 0x0
             exe-1050232 [002] ..... 1634085.733444: sys_wait4(upid: 1006b9, stat_addr: c0005d1bf4, options: 40000002, ru: 0)
             exe-1050297 [003] ..... 1634085.733459: sys_write -> 0x3d
             exe-1049673 [003] ..... 1634085.733487: sys_nanosleep -> 0x0
             exe-1049673 [003] ..... 1634085.733492: sys_nanosleep(rqtp: c000069f10, rmtp: 0)
             exe-1049896 [002] ..... 1634085.733523: sys_epoll_pwait -> 0x0
             exe-1049896 [002] ..... 1634085.733536: sys_epoll_pwait(epfd: 11, events: c000599840, maxevents: 80, timeout: 1, sigmask: 0, sigsetsize: 0)
             exe-1050232 [002] ..... 1634085.733548: sys_wait4 -> 0x1006b9
             exe-1050232 [002] ..... 1634085.733553: sys_ptrace(request: 4204, pid: 1006b9, addr: 1, data: c0005d1c70)
             exe-1050232 [002] ..... 1634085.733558: sys_ptrace -> 0x0
             exe-1050232 [002] ..... 1634085.733560: sys_ptrace(request: 4204, pid: 1006b9, addr: 202, data: c0005d1c70)
             exe-1050232 [002] ..... 1634085.733563: sys_ptrace -> 0x0
             exe-1049673 [003] ..... 1634085.733586: sys_nanosleep -> 0x0
             exe-1049673 [003] ..... 1634085.733589: sys_nanosleep(rqtp: c000069f10, rmtp: 0)
             exe-1050232 [002] ..... 1634085.733645: sys_ptrace(request: 4205, pid: 1006b9, addr: 1, data: c0005d1c70)
             exe-1050232 [002] ..... 1634085.733650: sys_ptrace -> 0x0
             exe-1050232 [002] ..... 1634085.733652: sys_ptrace(request: 4205, pid: 1006b9, addr: 202, data: c0005d1c70)
             exe-1050232 [002] ..... 1634085.733664: sys_ptrace -> 0x0
             exe-1050232 [002] ..... 1634085.733666: sys_ptrace(request: 1f, pid: 1006b9, addr: 0, data: 0)
             exe-1050232 [002] ..... 1634085.733677: sys_ptrace -> 0x0
             exe-1050232 [002] ..... 1634085.733681: sys_wait4(upid: 1006b9, stat_addr: c0005d1bf4, options: 40000002, ru: 0)
             exe-1050297 [003] ..... 1634085.733687: sys_epoll_ctl -> 0xffffffffffffffea
             exe-1049673 [003] ..... 1634085.733715: sys_nanosleep -> 0x0
             exe-1049673 [003] ..... 1634085.733720: sys_nanosleep(rqtp: c000069f10, rmtp: 0)
             exe-1049567 [000] ..... 1634085.733746: sys_nanosleep -> 0x0
             exe-1049567 [000] ..... 1634085.733753: sys_nanosleep(rqtp: c000069f10, rmtp: 0)
             exe-1050232 [002] ..... 1634085.733756: sys_wait4 -> 0x1006b9
             exe-1050232 [002] ..... 1634085.733762: sys_ptrace(request: 4204, pid: 1006b9, addr: 1, data: c0005d1c70)
             exe-1050232 [002] ..... 1634085.733767: sys_ptrace -> 0x0
             exe-1050232 [002] ..... 1634085.733769: sys_ptrace(request: 4204, pid: 1006b9, addr: 202, data: c0005d1c70)
             exe-1050232 [002] ..... 1634085.733771: sys_ptrace -> 0x0
             exe-1050232 [002] ..... 1634085.733790: sys_pwrite64(fd: 63, buf: 7fd66e410080, count: 3b, pos: 3d)
             exe-1050232 [002] ..... 1634085.733792: tracing_mark_write: epoll_ctl(epfd=21, op=0x2, fd=22, event=0x560556a835b0) end
             exe-1050232 [002] ..... 1634085.810160: tracing_mark_write: epoll_ctl(epfd=283, op=0x2, fd=370, event=0x560556a835b0) start
             exe-1050232 [002] ..... 1634085.810162: sys_pwrite64 -> 0x3f
             exe-1050232 [002] ..... 1634085.810167: sys_ptrace(request: 4205, pid: 1006b9, addr: 1, data: c0005d1c70)
             exe-1050232 [002] ..... 1634085.810170: sys_ptrace -> 0x0
             exe-1050232 [002] ..... 1634085.810171: sys_ptrace(request: 4205, pid: 1006b9, addr: 202, data: c0005d1c70)
             exe-1050232 [002] ..... 1634085.810180: sys_ptrace -> 0x0
             exe-1050232 [002] ..... 1634085.810182: sys_ptrace(request: 1f, pid: 1006b9, addr: 0, data: 0)
             exe-1049673 [003] ..... 1634085.810188: sys_nanosleep -> 0x0
             exe-1050232 [002] ..... 1634085.810195: sys_ptrace -> 0x0
             exe-1050232 [002] ..... 1634085.810196: sys_wait4(upid: 1006b9, stat_addr: c0005d1bf4, options: 40000002, ru: 0)
             exe-1049673 [003] ..... 1634085.810202: sys_nanosleep(rqtp: c000069f10, rmtp: 0)
             exe-1050297 [003] ..... 1634085.810222: sys_write -> 0x3f
             exe-1049567 [000] ..... 1634085.810223: sys_nanosleep -> 0x0
             exe-1049567 [000] ..... 1634085.810226: sys_nanosleep(rqtp: c000069f10, rmtp: 0)
             exe-1050232 [002] ..... 1634085.810242: sys_wait4 -> 0x1006b9
             exe-1050232 [002] ..... 1634085.810245: sys_ptrace(request: 4204, pid: 1006b9, addr: 1, data: c0005d1c70)
             exe-1050232 [002] ..... 1634085.810248: sys_ptrace -> 0x0
             exe-1050232 [002] ..... 1634085.810249: sys_ptrace(request: 4204, pid: 1006b9, addr: 202, data: c0005d1c70)
             exe-1050232 [002] ..... 1634085.810251: sys_ptrace -> 0x0
             exe-1050232 [002] ..... 1634085.810272: sys_ptrace(request: 4205, pid: 1006b9, addr: 1, data: c0005d1c70)
             exe-1050232 [002] ..... 1634085.810274: sys_ptrace -> 0x0
             exe-1050232 [002] ..... 1634085.810276: sys_ptrace(request: 4205, pid: 1006b9, addr: 202, data: c0005d1c70)
             exe-1050232 [002] ..... 1634085.810283: sys_ptrace -> 0x0
             exe-1050232 [002] ..... 1634085.810284: sys_ptrace(request: 1f, pid: 1006b9, addr: 0, data: 0)
             exe-1050232 [002] ..... 1634085.810292: sys_ptrace -> 0x0
             exe-1050232 [002] ..... 1634085.810294: sys_wait4(upid: 1006b9, stat_addr: c0005d1bf4, options: 40000002, ru: 0)
             exe-1049673 [003] ..... 1634085.810312: sys_nanosleep -> 0x0
             exe-1049567 [000] ..... 1634085.810313: sys_nanosleep -> 0x0
             exe-1049567 [000] ..... 1634085.810315: sys_nanosleep(rqtp: c000069f10, rmtp: 0)
             exe-1049673 [003] ..... 1634085.810318: sys_nanosleep(rqtp: c000069f10, rmtp: 0)
             exe-1050297 [003] ..... 1634085.810340: sys_epoll_ctl -> 0xffffffffffffffea
             exe-1050232 [002] ..... 1634085.810361: sys_wait4 -> 0x1006b9
             exe-1050232 [002] ..... 1634085.810363: sys_ptrace(request: 4204, pid: 1006b9, addr: 1, data: c0005d1c70)
             exe-1050232 [002] ..... 1634085.810366: sys_ptrace -> 0x0
             exe-1050232 [002] ..... 1634085.810367: sys_ptrace(request: 4204, pid: 1006b9, addr: 202, data: c0005d1c70)
             exe-1050232 [002] ..... 1634085.810369: sys_ptrace -> 0x0
             exe-1050232 [002] ..... 1634085.810375: sys_pwrite64(fd: 63, buf: 7fd66e410080, count: 3d, pos: 3f)
             exe-1050232 [002] ..... 1634085.810376: tracing_mark_write: epoll_ctl(epfd=283, op=0x2, fd=370, event=0x560556a835b0) end
             exe-1050232 [002] ..... 1634085.877248: tracing_mark_write: epoll_ctl(epfd=283, op=0x2, fd=374, event=0x560556a835b0) start
             exe-1050232 [002] ..... 1634085.877250: sys_pwrite64 -> 0x3f
             exe-1050232 [002] ..... 1634085.877255: sys_ptrace(request: 4205, pid: 1006b9, addr: 1, data: c0005d1c70)
             exe-1050232 [002] ..... 1634085.877258: sys_ptrace -> 0x0
             exe-1050232 [002] ..... 1634085.877259: sys_ptrace(request: 4205, pid: 1006b9, addr: 202, data: c0005d1c70)
             exe-1049567 [003] ..... 1634085.877274: sys_nanosleep -> 0x0
             exe-1049567 [003] ..... 1634085.877280: sys_nanosleep(rqtp: c000069f10, rmtp: 0)
             exe-1050232 [002] ..... 1634085.877284: sys_ptrace -> 0x0
             exe-1050232 [002] ..... 1634085.877286: sys_ptrace(request: 1f, pid: 1006b9, addr: 0, data: 0)
             exe-1050232 [002] ..... 1634085.877292: sys_ptrace -> 0x0
             exe-1050232 [002] ..... 1634085.877294: sys_wait4(upid: 1006b9, stat_addr: c0005d1bf4, options: 40000002, ru: 0)
             exe-1050297 [003] ..... 1634085.877311: sys_write -> 0x3f
             exe-1050232 [002] ..... 1634085.877345: sys_wait4 -> 0x1006b9
             exe-1050232 [002] ..... 1634085.877348: sys_ptrace(request: 4204, pid: 1006b9, addr: 1, data: c0005d1c70)
             exe-1049673 [003] ..... 1634085.877369: sys_nanosleep -> 0x0
             exe-1050232 [002] ..... 1634085.877370: sys_ptrace -> 0x0
             exe-1050232 [002] ..... 1634085.877372: sys_ptrace(request: 4204, pid: 1006b9, addr: 202, data: c0005d1c70)
             exe-1050232 [002] ..... 1634085.877374: sys_ptrace -> 0x0
             exe-1049673 [003] ..... 1634085.877376: sys_nanosleep(rqtp: c000069f10, rmtp: 0)
             exe-1050232 [002] ..... 1634085.877381: sys_ptrace(request: 4205, pid: 1006b9, addr: 1, data: c0005d1c70)
             exe-1050232 [002] ..... 1634085.877384: sys_ptrace -> 0x0
             exe-1050232 [002] ..... 1634085.877386: sys_ptrace(request: 4205, pid: 1006b9, addr: 202, data: c0005d1c70)
             exe-1050232 [002] ..... 1634085.877392: sys_ptrace -> 0x0
             exe-1050232 [002] ..... 1634085.877393: sys_ptrace(request: 1f, pid: 1006b9, addr: 0, data: 0)
             exe-1049567 [003] ..... 1634085.877403: sys_nanosleep -> 0x0
             exe-1050232 [002] ..... 1634085.877408: sys_ptrace -> 0x0
             exe-1050232 [002] ..... 1634085.877410: sys_wait4(upid: 1006b9, stat_addr: c0005d1bf4, options: 40000002, ru: 0)
             exe-1049567 [003] ..... 1634085.877420: sys_nanosleep(rqtp: c000069f10, rmtp: 0)
             exe-1050297 [003] ..... 1634085.877436: sys_epoll_ctl -> 0xffffffffffffffea
             exe-1050232 [002] ..... 1634085.877463: sys_wait4 -> 0x1006b9
             exe-1050232 [002] ..... 1634085.877465: sys_ptrace(request: 4204, pid: 1006b9, addr: 1, data: c0005d1c70)
             exe-1049673 [003] ..... 1634085.877491: sys_nanosleep -> 0x0
             exe-1050232 [002] ..... 1634085.877492: sys_ptrace -> 0x0
             exe-1050232 [002] ..... 1634085.877493: sys_ptrace(request: 4204, pid: 1006b9, addr: 202, data: c0005d1c70)
             exe-1050232 [002] ..... 1634085.877495: sys_ptrace -> 0x0
             exe-1049673 [003] ..... 1634085.877497: sys_nanosleep(rqtp: c000069f10, rmtp: 0)
             exe-1050232 [002] ..... 1634085.877501: sys_pwrite64(fd: 63, buf: 7fd66e410080, count: 3d, pos: 3f)
             exe-1050232 [002] ..... 1634085.877502: tracing_mark_write: epoll_ctl(epfd=283, op=0x2, fd=374, event=0x560556a835b0) end
             exe-1050232 [002] ..... 1634085.953021: tracing_mark_write: epoll_ctl(epfd=192, op=0x2, fd=192, event=0x560556a835b0) start
             exe-1050232 [002] ..... 1634085.953023: sys_pwrite64 -> 0x3f
             exe-1050232 [002] ..... 1634085.953030: sys_ptrace(request: 4205, pid: 1006b9, addr: 1, data: c0005d1c70)
             exe-1050232 [002] ..... 1634085.953032: sys_ptrace -> 0x0
             exe-1050232 [002] ..... 1634085.953034: sys_ptrace(request: 4205, pid: 1006b9, addr: 202, data: c0005d1c70)
             exe-1049673 [003] ..... 1634085.953041: sys_nanosleep -> 0x0
             exe-1050232 [002] ..... 1634085.953046: sys_ptrace -> 0x0
             exe-1050232 [002] ..... 1634085.953048: sys_ptrace(request: 1f, pid: 1006b9, addr: 0, data: 0)
             exe-1049673 [003] ..... 1634085.953050: sys_nanosleep(rqtp: c000069f10, rmtp: 0)
             exe-1050232 [002] ..... 1634085.953055: sys_ptrace -> 0x0
             exe-1050232 [002] ..... 1634085.953058: sys_wait4(upid: 1006b9, stat_addr: c0005d1bf4, options: 40000002, ru: 0)
             exe-1050297 [002] ..... 1634085.953073: sys_write -> 0x3f
             exe-1049567 [003] ..... 1634085.953078: sys_nanosleep -> 0x0
             exe-1049567 [003] ..... 1634085.953086: sys_nanosleep(rqtp: c000069f10, rmtp: 0)
             exe-1050232 [002] ..... 1634085.953095: sys_wait4 -> 0x1006b9
             exe-1050232 [002] ..... 1634085.953099: sys_ptrace(request: 4204, pid: 1006b9, addr: 1, data: c0005d1c70)
             exe-1050232 [002] ..... 1634085.953103: sys_ptrace -> 0x0
             exe-1050232 [002] ..... 1634085.953105: sys_ptrace(request: 4204, pid: 1006b9, addr: 202, data: c0005d1c70)
             exe-1050232 [002] ..... 1634085.953108: sys_ptrace -> 0x0
             exe-1050232 [002] ..... 1634085.953138: sys_ptrace(request: 4205, pid: 1006b9, addr: 1, data: c0005d1c70)
             exe-1050232 [002] ..... 1634085.953141: sys_ptrace -> 0x0
             exe-1050232 [002] ..... 1634085.953143: sys_ptrace(request: 4205, pid: 1006b9, addr: 202, data: c0005d1c70)
             exe-1050232 [002] ..... 1634085.953155: sys_ptrace -> 0x0
             exe-1050232 [002] ..... 1634085.953157: sys_ptrace(request: 1f, pid: 1006b9, addr: 0, data: 0)
             exe-1050232 [002] ..... 1634085.953164: sys_ptrace -> 0x0
             exe-1050232 [002] ..... 1634085.953166: sys_wait4(upid: 1006b9, stat_addr: c0005d1bf4, options: 40000002, ru: 0)
             exe-1049673 [003] ..... 1634085.953180: sys_nanosleep -> 0x0
             exe-1050297 [002] ..... 1634085.953181: sys_epoll_ctl -> 0xffffffffffffffea
             exe-1049673 [003] ..... 1634085.953190: sys_nanosleep(rqtp: c000069f10, rmtp: 0)
             exe-1050232 [002] ..... 1634085.953205: sys_wait4 -> 0x1006b9
             exe-1050232 [002] ..... 1634085.953209: sys_ptrace(request: 4204, pid: 1006b9, addr: 1, data: c0005d1c70)
             exe-1050232 [002] ..... 1634085.953213: sys_ptrace -> 0x0
             exe-1050232 [002] ..... 1634085.953215: sys_ptrace(request: 4204, pid: 1006b9, addr: 202, data: c0005d1c70)
             exe-1050232 [002] ..... 1634085.953217: sys_ptrace -> 0x0
             exe-1049567 [003] ..... 1634085.953225: sys_nanosleep -> 0x0
             exe-1050232 [002] ..... 1634085.953229: sys_pwrite64(fd: 63, buf: 7fd66e410080, count: 3d, pos: 3f)
             exe-1050232 [002] ..... 1634085.953231: tracing_mark_write: epoll_ctl(epfd=192, op=0x2, fd=192, event=0x560556a835b0) end
             exe-1049896 [001] ..... 1634086.030251: tracing_mark_write: epoll_ctl(epfd=192, op=0x2, fd=20, event=0x560556a835b0) start
             exe-1049896 [001] ..... 1634086.030253: sys_pwrite64 -> 0x3e
             exe-1049896 [001] ..... 1634086.030259: sys_ptrace(request: 4205, pid: 100787, addr: 1, data: c0005d1c70)
             exe-1049896 [001] ..... 1634086.030261: sys_ptrace -> 0x0
             exe-1049896 [001] ..... 1634086.030262: sys_ptrace(request: 4205, pid: 100787, addr: 202, data: c0005d1c70)
             exe-1049896 [001] ..... 1634086.030272: sys_ptrace -> 0x0
             exe-1049896 [001] ..... 1634086.030273: sys_ptrace(request: 1f, pid: 100787, addr: 0, data: 0)
             exe-1049896 [001] ..... 1634086.030279: sys_ptrace -> 0x0
             exe-1049896 [001] ..... 1634086.030281: sys_wait4(upid: 100787, stat_addr: c0005d1bf4, options: 40000002, ru: 0)
             exe-1050503 [001] ..... 1634086.030293: sys_write -> 0x3e
             exe-1049896 [001] ..... 1634086.030311: sys_wait4 -> 0x100787
             exe-1049896 [001] ..... 1634086.030314: sys_ptrace(request: 4204, pid: 100787, addr: 1, data: c0005d1c70)
             exe-1049896 [001] ..... 1634086.030317: sys_ptrace -> 0x0
             exe-1049896 [001] ..... 1634086.030318: sys_ptrace(request: 4204, pid: 100787, addr: 202, data: c0005d1c70)
             exe-1049896 [001] ..... 1634086.030320: sys_ptrace -> 0x0
             exe-1049896 [001] ..... 1634086.030327: sys_ptrace(request: 4205, pid: 100787, addr: 1, data: c0005d1c70)
             exe-1049896 [001] ..... 1634086.030330: sys_ptrace -> 0x0
             exe-1049896 [001] ..... 1634086.030331: sys_ptrace(request: 4205, pid: 100787, addr: 202, data: c0005d1c70)
             exe-1049896 [001] ..... 1634086.030339: sys_ptrace -> 0x0
             exe-1049896 [001] ..... 1634086.030341: sys_ptrace(request: 1f, pid: 100787, addr: 0, data: 0)
             exe-1049896 [001] ..... 1634086.030346: sys_ptrace -> 0x0
             exe-1049896 [001] ..... 1634086.030348: sys_wait4(upid: 100787, stat_addr: c0005d1bf4, options: 40000002, ru: 0)
             exe-1050503 [001] ..... 1634086.030358: sys_epoll_ctl -> 0xffffffffffffffea
             exe-1049896 [001] ..... 1634086.030376: sys_wait4 -> 0x100787
             exe-1049896 [001] ..... 1634086.030379: sys_ptrace(request: 4204, pid: 100787, addr: 1, data: c0005d1c70)
             exe-1049896 [001] ..... 1634086.030382: sys_ptrace -> 0x0
             exe-1049896 [001] ..... 1634086.030384: sys_ptrace(request: 4204, pid: 100787, addr: 202, data: c0005d1c70)
             exe-1049896 [001] ..... 1634086.030386: sys_ptrace -> 0x0
             exe-1049896 [001] ..... 1634086.030395: sys_pwrite64(fd: 63, buf: 7fd66e410080, count: 3c, pos: 3e)
             exe-1049896 [001] ..... 1634086.030396: tracing_mark_write: epoll_ctl(epfd=192, op=0x2, fd=20, event=0x560556a835b0) end
             exe-1049896 [001] ..... 1634086.098257: tracing_mark_write: epoll_ctl(epfd=289, op=0x2, fd=289, event=0x560556a835b0) start
             exe-1049896 [001] ..... 1634086.098259: sys_pwrite64 -> 0x3f
             exe-1049896 [001] ..... 1634086.098266: sys_ptrace(request: 4205, pid: 100787, addr: 1, data: c0005d1c70)
             exe-1049896 [001] ..... 1634086.098269: sys_ptrace -> 0x0
             exe-1049896 [001] ..... 1634086.098271: sys_ptrace(request: 4205, pid: 100787, addr: 202, data: c0005d1c70)
             exe-1049673 [003] ..... 1634086.098274: sys_nanosleep -> 0x0
             exe-1049673 [003] ..... 1634086.098279: sys_nanosleep(rqtp: c000069f10, rmtp: 0)
             exe-1049896 [001] ..... 1634086.098282: sys_ptrace -> 0x0
             exe-1049896 [001] ..... 1634086.098284: sys_ptrace(request: 1f, pid: 100787, addr: 0, data: 0)
             exe-1049896 [001] .N... 1634086.098291: sys_ptrace -> 0x0
             exe-1049567 [003] ..... 1634086.098297: sys_nanosleep -> 0x0
             exe-1049567 [003] ..... 1634086.098302: sys_nanosleep(rqtp: c000069f10, rmtp: 0)
             exe-1050503 [001] ..... 1634086.098303: sys_write -> 0x3f
             exe-1049896 [001] ..... 1634086.098323: sys_wait4(upid: 100787, stat_addr: c0005d1bf4, options: 40000002, ru: 0)
             exe-1049896 [001] ..... 1634086.098326: sys_wait4 -> 0x100787
             exe-1049896 [001] ..... 1634086.098328: sys_ptrace(request: 4204, pid: 100787, addr: 1, data: c0005d1c70)
             exe-1049896 [001] ..... 1634086.098332: sys_ptrace -> 0x0
             exe-1049896 [001] ..... 1634086.098333: sys_ptrace(request: 4204, pid: 100787, addr: 202, data: c0005d1c70)
             exe-1049896 [001] ..... 1634086.098336: sys_ptrace -> 0x0
             exe-1049896 [001] ..... 1634086.098364: sys_ptrace(request: 4205, pid: 100787, addr: 1, data: c0005d1c70)
             exe-1049896 [001] ..... 1634086.098367: sys_ptrace -> 0x0
             exe-1049896 [001] ..... 1634086.098369: sys_ptrace(request: 4205, pid: 100787, addr: 202, data: c0005d1c70)
             exe-1049896 [001] ..... 1634086.098381: sys_ptrace -> 0x0
             exe-1049673 [003] ..... 1634086.098382: sys_nanosleep -> 0x0
             exe-1049896 [001] ..... 1634086.098383: sys_ptrace(request: 1f, pid: 100787, addr: 0, data: 0)
             exe-1049673 [003] ..... 1634086.098386: sys_nanosleep(rqtp: c000069f10, rmtp: 0)
             exe-1049896 [001] .N... 1634086.098391: sys_ptrace -> 0x0
             exe-1050503 [001] ..... 1634086.098402: sys_epoll_ctl -> 0xffffffffffffffea
             exe-1049567 [003] ..... 1634086.098405: sys_nanosleep -> 0x0
             exe-1049567 [003] ..... 1634086.098409: sys_nanosleep(rqtp: c000069f10, rmtp: 0)
             exe-1049896 [001] ..... 1634086.098428: sys_wait4(upid: 100787, stat_addr: c0005d1bf4, options: 40000002, ru: 0)
             exe-1049896 [001] ..... 1634086.098431: sys_wait4 -> 0x100787
             exe-1049896 [001] ..... 1634086.098437: sys_ptrace(request: 4204, pid: 100787, addr: 1, data: c0005d1c70)
             exe-1049896 [001] ..... 1634086.098442: sys_ptrace -> 0x0
             exe-1049896 [001] ..... 1634086.098445: sys_ptrace(request: 4204, pid: 100787, addr: 202, data: c0005d1c70)
             exe-1049896 [001] ..... 1634086.098449: sys_ptrace -> 0x0
             exe-1049896 [001] ..... 1634086.098465: sys_pwrite64(fd: 63, buf: 7fd66e410080, count: 3d, pos: 3f)
             exe-1049896 [001] ..... 1634086.098468: tracing_mark_write: epoll_ctl(epfd=289, op=0x2, fd=289, event=0x560556a835b0) end
             exe-1049896 [001] ..... 1634086.171626: tracing_mark_write: epoll_ctl(epfd=305, op=0x2, fd=305, event=0x560556a835b0) start
             exe-1049896 [001] ..... 1634086.171628: sys_pwrite64 -> 0x3f
             exe-1049896 [001] ..... 1634086.171634: sys_ptrace(request: 4205, pid: 100787, addr: 1, data: c0005d1c70)
             exe-1049673 [003] ..... 1634086.171636: sys_nanosleep -> 0x0
             exe-1049896 [001] ..... 1634086.171637: sys_ptrace -> 0x0
             exe-1049673 [003] ..... 1634086.171638: sys_nanosleep(rqtp: c000069f10, rmtp: 0)
             exe-1049896 [001] ..... 1634086.171638: sys_ptrace(request: 4205, pid: 100787, addr: 202, data: c0005d1c70)
             exe-1049896 [001] ..... 1634086.171650: sys_ptrace -> 0x0
             exe-1049896 [001] ..... 1634086.171652: sys_ptrace(request: 1f, pid: 100787, addr: 0, data: 0)
             exe-1049896 [001] .N... 1634086.171659: sys_ptrace -> 0x0
             exe-1050503 [001] ..... 1634086.171669: sys_write -> 0x3f
             exe-1049896 [001] ..... 1634086.171688: sys_wait4(upid: 100787, stat_addr: c0005d1bf4, options: 40000002, ru: 0)
             exe-1049896 [001] ..... 1634086.171690: sys_wait4 -> 0x100787
             exe-1049896 [001] ..... 1634086.171692: sys_ptrace(request: 4204, pid: 100787, addr: 1, data: c0005d1c70)
             exe-1049896 [001] ..... 1634086.171696: sys_ptrace -> 0x0
             exe-1049896 [001] ..... 1634086.171697: sys_ptrace(request: 4204, pid: 100787, addr: 202, data: c0005d1c70)
             exe-1049896 [001] ..... 1634086.171700: sys_ptrace -> 0x0
             exe-1049567 [000] ..... 1634086.171701: sys_nanosleep -> 0x0
             exe-1049567 [000] ..... 1634086.171704: sys_nanosleep(rqtp: c000069f10, rmtp: 0)
             exe-1049896 [001] ..... 1634086.171708: sys_ptrace(request: 4205, pid: 100787, addr: 1, data: c0005d1c70)
             exe-1049896 [001] ..... 1634086.171710: sys_ptrace -> 0x0
             exe-1049896 [001] ..... 1634086.171712: sys_ptrace(request: 4205, pid: 100787, addr: 202, data: c0005d1c70)
             exe-1049896 [001] ..... 1634086.171721: sys_ptrace -> 0x0
             exe-1049896 [001] ..... 1634086.171723: sys_ptrace(request: 1f, pid: 100787, addr: 0, data: 0)
             exe-1049896 [001] .N... 1634086.171729: sys_ptrace -> 0x0
             exe-1050503 [001] ..... 1634086.171739: sys_epoll_ctl -> 0xffffffffffffffea
             exe-1049896 [001] ..... 1634086.171757: sys_wait4(upid: 100787, stat_addr: c0005d1bf4, options: 40000002, ru: 0)
             exe-1049896 [001] ..... 1634086.171760: sys_wait4 -> 0x100787
             exe-1049896 [001] ..... 1634086.171762: sys_ptrace(request: 4204, pid: 100787, addr: 1, data: c0005d1c70)
             exe-1049896 [001] ..... 1634086.171765: sys_ptrace -> 0x0
             exe-1049896 [001] ..... 1634086.171767: sys_ptrace(request: 4204, pid: 100787, addr: 202, data: c0005d1c70)
             exe-1049896 [001] ..... 1634086.171770: sys_ptrace -> 0x0
             exe-1049896 [001] ..... 1634086.171779: sys_pwrite64(fd: 63, buf: 7fd66e410080, count: 3d, pos: 3f)
             exe-1049896 [001] ..... 1634086.171781: tracing_mark_write: epoll_ctl(epfd=305, op=0x2, fd=305, event=0x560556a835b0) end
             exe-1049896 [001] ..... 1634086.234443: tracing_mark_write: epoll_ctl(epfd=315, op=0x2, fd=358, event=0x560556a835b0) start
             exe-1049896 [001] ..... 1634086.234444: sys_pwrite64 -> 0x3f
             exe-1049896 [001] ..... 1634086.234451: sys_ptrace(request: 4205, pid: 100787, addr: 1, data: c0005d1c70)
             exe-1049896 [001] ..... 1634086.234453: sys_ptrace -> 0x0
             exe-1049896 [001] ..... 1634086.234455: sys_ptrace(request: 4205, pid: 100787, addr: 202, data: c0005d1c70)
             exe-1049896 [001] ..... 1634086.234467: sys_ptrace -> 0x0
             exe-1049896 [001] ..... 1634086.234469: sys_ptrace(request: 1f, pid: 100787, addr: 0, data: 0)
             exe-1049896 [001] .N... 1634086.234476: sys_ptrace -> 0x0
             exe-1050503 [001] ..... 1634086.234487: sys_write -> 0x3f
             exe-1049896 [001] ..... 1634086.234505: sys_wait4(upid: 100787, stat_addr: c0005d1bf4, options: 40000002, ru: 0)
             exe-1049567 [003] ..... 1634086.234507: sys_nanosleep -> 0x0
             exe-1049896 [001] ..... 1634086.234508: sys_wait4 -> 0x100787
             exe-1049896 [001] ..... 1634086.234510: sys_ptrace(request: 4204, pid: 100787, addr: 1, data: c0005d1c70)
             exe-1049567 [003] ..... 1634086.234510: sys_nanosleep(rqtp: c000069f10, rmtp: 0)
             exe-1049896 [001] ..... 1634086.234514: sys_ptrace -> 0x0
             exe-1049896 [001] ..... 1634086.234515: sys_ptrace(request: 4204, pid: 100787, addr: 202, data: c0005d1c70)
             exe-1049896 [001] ..... 1634086.234517: sys_ptrace -> 0x0
             exe-1049896 [001] ..... 1634086.234524: sys_ptrace(request: 4205, pid: 100787, addr: 1, data: c0005d1c70)
             exe-1049673 [003] ..... 1634086.234526: sys_nanosleep -> 0x0
             exe-1049896 [001] ..... 1634086.234527: sys_ptrace -> 0x0
             exe-1049896 [001] ..... 1634086.234528: sys_ptrace(request: 4205, pid: 100787, addr: 202, data: c0005d1c70)
             exe-1049673 [003] ..... 1634086.234531: sys_nanosleep(rqtp: c000069f10, rmtp: 0)
             exe-1049896 [001] ..... 1634086.234538: sys_ptrace -> 0x0
             exe-1049896 [001] ..... 1634086.234539: sys_ptrace(request: 1f, pid: 100787, addr: 0, data: 0)
             exe-1049896 [001] .N... 1634086.234546: sys_ptrace -> 0x0
             exe-1050503 [001] ..... 1634086.234556: sys_epoll_ctl -> 0xffffffffffffffea
             exe-1049896 [001] ..... 1634086.234574: sys_wait4(upid: 100787, stat_addr: c0005d1bf4, options: 40000002, ru: 0)
             exe-1049896 [001] ..... 1634086.234576: sys_wait4 -> 0x100787
             exe-1049896 [001] ..... 1634086.234578: sys_ptrace(request: 4204, pid: 100787, addr: 1, data: c0005d1c70)
             exe-1049896 [001] ..... 1634086.234582: sys_ptrace -> 0x0
             exe-1049896 [001] ..... 1634086.234584: sys_ptrace(request: 4204, pid: 100787, addr: 202, data: c0005d1c70)
             exe-1049896 [001] ..... 1634086.234586: sys_ptrace -> 0x0
             exe-1049896 [001] ..... 1634086.234596: sys_pwrite64(fd: 63, buf: 7fd66e410080, count: 3d, pos: 3f)
             exe-1049896 [001] ..... 1634086.234597: tracing_mark_write: epoll_ctl(epfd=315, op=0x2, fd=358, event=0x560556a835b0) end
             exe-1049896 [001] ..... 1634086.301562: tracing_mark_write: epoll_ctl(epfd=315, op=0x2, fd=315, event=0x560556a835b0) start
             exe-1049896 [001] ..... 1634086.301564: sys_pwrite64 -> 0x3f
             exe-1049896 [001] ..... 1634086.301570: sys_ptrace(request: 4205, pid: 100787, addr: 1, data: c0005d1c70)
             exe-1049896 [001] ..... 1634086.301573: sys_ptrace -> 0x0
             exe-1049896 [001] ..... 1634086.301574: sys_ptrace(request: 4205, pid: 100787, addr: 202, data: c0005d1c70)
             exe-1049896 [001] ..... 1634086.301585: sys_ptrace -> 0x0
             exe-1049896 [001] ..... 1634086.301586: sys_ptrace(request: 1f, pid: 100787, addr: 0, data: 0)
             exe-1049896 [001] .N... 1634086.301593: sys_ptrace -> 0x0
             exe-1050503 [001] ..... 1634086.301604: sys_write -> 0x3f
             exe-1049896 [001] ..... 1634086.301622: sys_wait4(upid: 100787, stat_addr: c0005d1bf4, options: 40000002, ru: 0)
             exe-1049896 [001] ..... 1634086.301624: sys_wait4 -> 0x100787
             exe-1049896 [001] ..... 1634086.301627: sys_ptrace(request: 4204, pid: 100787, addr: 1, data: c0005d1c70)
             exe-1049896 [001] ..... 1634086.301631: sys_ptrace -> 0x0
             exe-1049896 [001] ..... 1634086.301632: sys_ptrace(request: 4204, pid: 100787, addr: 202, data: c0005d1c70)
             exe-1049896 [001] ..... 1634086.301634: sys_ptrace -> 0x0
             exe-1049896 [001] ..... 1634086.301641: sys_ptrace(request: 4205, pid: 100787, addr: 1, data: c0005d1c70)
             exe-1049896 [001] ..... 1634086.301644: sys_ptrace -> 0x0
             exe-1049896 [001] ..... 1634086.301645: sys_ptrace(request: 4205, pid: 100787, addr: 202, data: c0005d1c70)
             exe-1049896 [001] ..... 1634086.301654: sys_ptrace -> 0x0
             exe-1049896 [001] ..... 1634086.301655: sys_ptrace(request: 1f, pid: 100787, addr: 0, data: 0)
             exe-1049896 [001] .N... 1634086.301662: sys_ptrace -> 0x0
             exe-1050503 [001] ..... 1634086.301671: sys_epoll_ctl -> 0xffffffffffffffea
             exe-1049896 [001] ..... 1634086.301689: sys_wait4(upid: 100787, stat_addr: c0005d1bf4, options: 40000002, ru: 0)
             exe-1049896 [001] ..... 1634086.301692: sys_wait4 -> 0x100787
             exe-1049896 [001] ..... 1634086.301694: sys_ptrace(request: 4204, pid: 100787, addr: 1, data: c0005d1c70)
             exe-1049896 [001] ..... 1634086.301697: sys_ptrace -> 0x0
             exe-1049896 [001] ..... 1634086.301699: sys_ptrace(request: 4204, pid: 100787, addr: 202, data: c0005d1c70)
             exe-1049896 [001] ..... 1634086.301702: sys_ptrace -> 0x0
             exe-1049896 [001] ..... 1634086.301711: sys_pwrite64(fd: 63, buf: 7fd66e410080, count: 3d, pos: 3f)
             exe-1049896 [001] ..... 1634086.301713: tracing_mark_write: epoll_ctl(epfd=315, op=0x2, fd=315, event=0x560556a835b0) end
             exe-1049896 [000] ..... 1634086.378945: tracing_mark_write: epoll_ctl(epfd=315, op=0x2, fd=351, event=0x560556a835b0) start
             exe-1049896 [000] ..... 1634086.378947: sys_pwrite64 -> 0x3f
             exe-1049896 [000] ..... 1634086.378956: sys_ptrace(request: 4205, pid: 100787, addr: 1, data: c0005d1c70)
             exe-1049896 [000] ..... 1634086.378959: sys_ptrace -> 0x0
             exe-1049896 [000] ..... 1634086.378961: sys_ptrace(request: 4205, pid: 100787, addr: 202, data: c0005d1c70)
             exe-1049896 [000] ..... 1634086.378974: sys_ptrace -> 0x0
             exe-1049896 [000] ..... 1634086.378976: sys_ptrace(request: 1f, pid: 100787, addr: 0, data: 0)
             exe-1049567 [003] ..... 1634086.378983: sys_nanosleep -> 0x0
             exe-1049896 [000] .N... 1634086.378984: sys_ptrace -> 0x0
             exe-1049567 [003] ..... 1634086.378986: sys_nanosleep(rqtp: c000069f10, rmtp: 0)
             exe-1050503 [000] ..... 1634086.378996: sys_write -> 0x3f
             exe-1049896 [000] ..... 1634086.379016: sys_wait4(upid: 100787, stat_addr: c0005d1bf4, options: 40000002, ru: 0)
             exe-1049896 [000] ..... 1634086.379019: sys_wait4 -> 0x100787
             exe-1049896 [000] ..... 1634086.379021: sys_ptrace(request: 4204, pid: 100787, addr: 1, data: c0005d1c70)
             exe-1049896 [000] ..... 1634086.379026: sys_ptrace -> 0x0
             exe-1049896 [000] ..... 1634086.379027: sys_ptrace(request: 4204, pid: 100787, addr: 202, data: c0005d1c70)
             exe-1049896 [000] ..... 1634086.379030: sys_ptrace -> 0x0
             exe-1049896 [000] ..... 1634086.379038: sys_ptrace(request: 4205, pid: 100787, addr: 1, data: c0005d1c70)
             exe-1049896 [000] ..... 1634086.379041: sys_ptrace -> 0x0
             exe-1049896 [000] ..... 1634086.379042: sys_ptrace(request: 4205, pid: 100787, addr: 202, data: c0005d1c70)
             exe-1049896 [000] ..... 1634086.379052: sys_ptrace -> 0x0
             exe-1049896 [000] ..... 1634086.379054: sys_ptrace(request: 1f, pid: 100787, addr: 0, data: 0)
             exe-1049896 [000] .N... 1634086.379061: sys_ptrace -> 0x0
             exe-1050503 [000] ..... 1634086.379071: sys_epoll_ctl -> 0xffffffffffffffea
             exe-1049567 [003] ..... 1634086.379077: sys_nanosleep -> 0x0
             exe-1049567 [003] ..... 1634086.379080: sys_nanosleep(rqtp: c000069f10, rmtp: 0)
             exe-1049896 [000] ..... 1634086.379091: sys_wait4(upid: 100787, stat_addr: c0005d1bf4, options: 40000002, ru: 0)
             exe-1049896 [000] ..... 1634086.379094: sys_wait4 -> 0x100787
             exe-1049896 [000] ..... 1634086.379096: sys_ptrace(request: 4204, pid: 100787, addr: 1, data: c0005d1c70)
             exe-1049896 [000] ..... 1634086.379099: sys_ptrace -> 0x0
             exe-1049896 [000] ..... 1634086.379101: sys_ptrace(request: 4204, pid: 100787, addr: 202, data: c0005d1c70)
             exe-1049896 [000] ..... 1634086.379103: sys_ptrace -> 0x0
             exe-1049896 [000] ..... 1634086.379114: sys_pwrite64(fd: 63, buf: 7fd66e410080, count: 3d, pos: 3f)
             exe-1049896 [000] ..... 1634086.379116: tracing_mark_write: epoll_ctl(epfd=315, op=0x2, fd=351, event=0x560556a835b0) end
             exe-1049896 [000] ..... 1634086.461604: tracing_mark_write: epoll_ctl(epfd=273, op=0x2, fd=161, event=0x560556a835b0) start
             exe-1049896 [000] ..... 1634086.461606: sys_pwrite64 -> 0x3f
             exe-1049896 [000] ..... 1634086.461613: sys_ptrace(request: 4205, pid: 100787, addr: 1, data: c0005d1c70)
             exe-1049896 [000] ..... 1634086.461616: sys_ptrace -> 0x0
             exe-1049896 [000] ..... 1634086.461618: sys_ptrace(request: 4205, pid: 100787, addr: 202, data: c0005d1c70)
             exe-1049896 [000] ..... 1634086.461629: sys_ptrace -> 0x0
             exe-1049896 [000] ..... 1634086.461631: sys_ptrace(request: 1f, pid: 100787, addr: 0, data: 0)
             exe-1049896 [000] .N... 1634086.461638: sys_ptrace -> 0x0
             exe-1050503 [000] ..... 1634086.461650: sys_write -> 0x3f
