             exe-1049981 [002] ..... 1634083.346847: sys_ptrace -> 0x0
             exe-1049981 [002] ..... 1634083.346852: sys_ptrace(request: 1f, pid: 1005aa, addr: 0, data: 0)
             exe-1049981 [002] .N... 1634083.346860: sys_ptrace -> 0x0
             exe-1050026 [002] ..... 1634083.346872: sys_write -> 0x3e
             exe-1049673 [000] ..... 1634083.346903: sys_nanosleep -> 0x0
             exe-1049673 [000] ..... 1634083.346905: sys_nanosleep(rqtp: c000069f10, rmtp: 0)
             exe-1049981 [002] ..... 1634083.346960: sys_wait4(upid: 1005aa, stat_addr: c0005d1bf4, options: 40000002, ru: 0)
             exe-1049981 [002] ..... 1634083.346963: sys_wait4 -> 0x1005aa
             exe-1049981 [002] ..... 1634083.346965: sys_ptrace(request: 4204, pid: 1005aa, addr: 1, data: c0005d1c70)
             exe-1049981 [002] ..... 1634083.346970: sys_ptrace -> 0x0
             exe-1049981 [002] ..... 1634083.346971: sys_ptrace(request: 4204, pid: 1005aa, addr: 202, data: c0005d1c70)
             exe-1049981 [002] ..... 1634083.346974: sys_ptrace -> 0x0
             exe-1049673 [000] ..... 1634083.346989: sys_nanosleep -> 0x0
             exe-1049673 [000] ..... 1634083.346991: sys_nanosleep(rqtp: c000069f10, rmtp: 0)
             exe-1049981 [002] ..... 1634083.346997: sys_ptrace(request: 4205, pid: 1005aa, addr: 1, data: c0005d1c70)
             exe-1049981 [002] ..... 1634083.347000: sys_ptrace -> 0x0
             exe-1049981 [002] ..... 1634083.347001: sys_ptrace(request: 4205, pid: 1005aa, addr: 202, data: c0005d1c70)
             exe-1049673 [000] ..... 1634083.347075: sys_nanosleep -> 0x0
             exe-1049981 [002] ..... 1634083.347076: sys_ptrace -> 0x0
             exe-1049673 [000] ..... 1634083.347077: sys_nanosleep(rqtp: c000069f10, rmtp: 0)
             exe-1049981 [002] ..... 1634083.347081: sys_ptrace(request: 1f, pid: 1005aa, addr: 0, data: 0)
             exe-1049981 [002] .N... 1634083.347088: sys_ptrace -> 0x0
             exe-1050026 [002] ..... 1634083.347100: sys_epoll_ctl -> 0xffffffffffffffea
             exe-1049673 [000] ..... 1634083.347161: sys_nanosleep -> 0x0
             exe-1049673 [000] ..... 1634083.347163: sys_nanosleep(rqtp: c000069f10, rmtp: 0)
             exe-1049981 [002] ..... 1634083.347189: sys_wait4(upid: 1005aa, stat_addr: c0005d1bf4, options: 40000002, ru: 0)
             exe-1049981 [002] ..... 1634083.347192: sys_wait4 -> 0x1005aa
             exe-1049981 [002] ..... 1634083.347194: sys_ptrace(request: 4204, pid: 1005aa, addr: 1, data: c0005d1c70)
             exe-1049981 [002] ..... 1634083.347198: sys_ptrace -> 0x0
             exe-1049981 [002] ..... 1634083.347200: sys_ptrace(request: 4204, pid: 1005aa, addr: 202, data: c0005d1c70)
             exe-1049981 [002] ..... 1634083.347202: sys_ptrace -> 0x0
             exe-1049981 [002] ..... 1634083.347217: sys_pwrite64(fd: 63, buf: 7fd66e410080, count: 3c, pos: 3e)
             exe-1049981 [002] ..... 1634083.347220: tracing_mark_write: epoll_ctl(epfd=371, op=0x3, fd=19, event=0x560556a835b0) end
             exe-1049981 [002] ..... 1634083.413445: tracing_mark_write: epoll_ctl(epfd=371, op=0x3, fd=357, event=0x560556a835b0) start
             exe-1049981 [002] ..... 1634083.413447: sys_pwrite64 -> 0x3f
             exe-1049673 [000] ..... 1634083.413452: sys_nanosleep -> 0x0
             exe-1049981 [002] ..... 1634083.413453: sys_ptrace(request: 4205, pid: 1005aa, addr: 1, data: c0005d1c70)
             exe-1049673 [000] ..... 1634083.413455: sys_nanosleep(rqtp: c000069f10, rmtp: 0)
             exe-1049981 [002] ..... 1634083.413456: sys_ptrace -> 0x0
             exe-1049981 [002] ..... 1634083.413458: sys_ptrace(request: 4205, pid: 1005aa, addr: 202, data: c0005d1c70)
             exe-1049981 [002] ..... 1634083.413468: sys_ptrace -> 0x0
             exe-1049567 [000] ..... 1634083.413469: sys_nanosleep -> 0x0
             exe-1049981 [002] ..... 1634083.413470: sys_ptrace(request: 1f, pid: 1005aa, addr: 0, data: 0)
             exe-1049567 [000] ..... 1634083.413474: sys_nanosleep(rqtp: c000069f10, rmtp: 0)
             exe-1049981 [002] .N... 1634083.413477: sys_ptrace -> 0x0
             exe-1050289 [001] ..... 1634083.413486: sys_nanosleep -> 0x0
             exe-1050026 [002] ..... 1634083.413489: sys_write -> 0x3f
             exe-1050289 [001] ..... 1634083.413493: sys_futex(uaddr: c0049c7148, op: 81, val: 1, utime: 0, uaddr2: 0, val3: 0)
             exe-1050289 [001] ..... 1634083.413501: sys_futex -> 0x1
             exe-1049981 [002] ..... 1634083.413509: sys_wait4(upid: 1005aa, stat_addr: c0005d1bf4, options: 40000002, ru: 0)
             exe-1050289 [001] ..... 1634083.413511: sys_futex(uaddr: c0049c7548, op: 80, val: 0, utime: 0, uaddr2: 0, val3: 0)
             exe-1049981 [002] ..... 1634083.413512: sys_wait4 -> 0x1005aa
             exe-1049981 [002] ..... 1634083.413514: sys_ptrace(request: 4204, pid: 1005aa, addr: 1, data: c0005d1c70)
             exe-1049981 [002] ..... 1634083.413518: sys_ptrace -> 0x0
             exe-1050282 [001] ..... 1634083.413518: sys_futex -> 0x0
             exe-1049981 [002] ..... 1634083.413519: sys_ptrace(request: 4204, pid: 1005aa, addr: 202, data: c0005d1c70)
             exe-1049981 [002] ..... 1634083.413522: sys_ptrace -> 0x0
             exe-1050282 [001] ..... 1634083.413524: sys_futex(uaddr: c0049c7148, op: 80, val: 0, utime: 0, uaddr2: 0, val3: 0)
             exe-1049981 [002] ..... 1634083.413529: sys_ptrace(request: 4205, pid: 1005aa, addr: 1, data: c0005d1c70)
             exe-1049981 [002] ..... 1634083.413532: sys_ptrace -> 0x0
             exe-1049981 [002] ..... 1634083.413533: sys_ptrace(request: 4205, pid: 1005aa, addr: 202, data: c0005d1c70)
             exe-1049981 [002] ..... 1634083.413544: sys_ptrace -> 0x0
             exe-1049981 [002] ..... 1634083.413546: sys_ptrace(request: 1f, pid: 1005aa, addr: 0, data: 0)
             exe-1049981 [002] .N... 1634083.413552: sys_ptrace -> 0x0
             exe-1050026 [002] ..... 1634083.413563: sys_epoll_ctl -> 0xffffffffffffffea
             exe-1049567 [000] ..... 1634083.413571: sys_nanosleep -> 0x0
             exe-1049567 [000] ..... 1634083.413576: sys_nanosleep(rqtp: c000069f10, rmtp: 0)
             exe-1049981 [002] ..... 1634083.413583: sys_wait4(upid: 1005aa, stat_addr: c0005d1bf4, options: 40000002, ru: 0)
             exe-1049981 [002] ..... 1634083.413585: sys_wait4 -> 0x1005aa
             exe-1049981 [002] ..... 1634083.413588: sys_ptrace(request: 4204, pid: 1005aa, addr: 1, data: c0005d1c70)
             exe-1049981 [002] ..... 1634083.413591: sys_ptrace -> 0x0
             exe-1049981 [002] ..... 1634083.413593: sys_ptrace(request: 4204, pid: 1005aa, addr: 202, data: c0005d1c70)
             exe-1049981 [002] ..... 1634083.413595: sys_ptrace -> 0x0
             exe-1049673 [000] ..... 1634083.413596: sys_nanosleep -> 0x0
             exe-1049673 [000] ..... 1634083.413603: sys_nanosleep(rqtp: c000069f10, rmtp: 0)
             exe-1049981 [002] ..... 1634083.413605: sys_pwrite64(fd: 63, buf: 7fd66e410080, count: 3d, pos: 3f)
             exe-1049981 [002] ..... 1634083.413606: tracing_mark_write: epoll_ctl(epfd=371, op=0x3, fd=357, event=0x560556a835b0) end
             exe-1049981 [002] ..... 1634083.475352: tracing_mark_write: epoll_ctl(epfd=11, op=0x3, fd=11, event=0x560556a835b0) start
             exe-1049981 [002] ..... 1634083.475354: sys_pwrite64 -> 0x3d
             exe-1049673 [000] ..... 1634083.475357: sys_nanosleep -> 0x0
             exe-1049981 [002] ..... 1634083.475360: sys_ptrace(request: 4205, pid: 1005aa, addr: 1, data: c0005d1c70)
             exe-1049981 [002] ..... 1634083.475362: sys_ptrace -> 0x0
             exe-1049673 [000] ..... 1634083.475362: sys_nanosleep(rqtp: c000069f10, rmtp: 0)
             exe-1049981 [002] ..... 1634083.475364: sys_ptrace(request: 4205, pid: 1005aa, addr: 202, data: c0005d1c70)
             exe-1049981 [002] ..... 1634083.475374: sys_ptrace -> 0x0
             exe-1049981 [002] ..... 1634083.475376: sys_ptrace(request: 1f, pid: 1005aa, addr: 0, data: 0)
             exe-1049981 [002] .N... 1634083.475383: sys_ptrace -> 0x0
             exe-1049567 [000] ..... 1634083.475383: sys_nanosleep -> 0x0
             exe-1049567 [000] ..... 1634083.475387: sys_nanosleep(rqtp: c000069f10, rmtp: 0)
             exe-1050026 [002] ..... 1634083.475393: sys_write -> 0x3d
             exe-1049981 [002] ..... 1634083.475412: sys_wait4(upid: 1005aa, stat_addr: c0005d1bf4, options: 40000002, ru: 0)
             exe-1049981 [002] ..... 1634083.475414: sys_wait4 -> 0x1005aa
             exe-1049981 [002] ..... 1634083.475416: sys_ptrace(request: 4204, pid: 1005aa, addr: 1, data: c0005d1c70)
             exe-1049981 [002] ..... 1634083.475420: sys_ptrace -> 0x0
             exe-1049981 [002] ..... 1634083.475428: sys_ptrace(request: 4204, pid: 1005aa, addr: 202, data: c0005d1c70)
             exe-1049981 [002] ..... 1634083.475430: sys_ptrace -> 0x0
             exe-1049981 [002] ..... 1634083.475453: sys_ptrace(request: 4205, pid: 1005aa, addr: 1, data: c0005d1c70)
             exe-1049981 [002] ..... 1634083.475455: sys_ptrace -> 0x0
             exe-1049981 [002] ..... 1634083.475457: sys_ptrace(request: 4205, pid: 1005aa, addr: 202, data: c0005d1c70)
             exe-1049981 [002] ..... 1634083.475467: sys_ptrace -> 0x0
             exe-1049981 [002] ..... 1634083.475468: sys_ptrace(request: 1f, pid: 1005aa, addr: 0, data: 0)
             exe-1049673 [000] ..... 1634083.475469: sys_nanosleep -> 0x0
             exe-1049673 [000] ..... 1634083.475474: sys_nanosleep(rqtp: c000069f10, rmtp: 0)
             exe-1049567 [000] ..... 1634083.475494: sys_nanosleep -> 0x0
             exe-1049567 [000] ..... 1634083.475498: sys_nanosleep(rqtp: c000069f10, rmtp: 0)
             exe-1049981 [002] .N... 1634083.475509: sys_ptrace -> 0x0
             exe-1050026 [002] ..... 1634083.475521: sys_epoll_ctl -> 0xffffffffffffffea
             exe-1049981 [002] ..... 1634083.475544: sys_wait4(upid: 1005aa, stat_addr: c0005d1bf4, options: 40000002, ru: 0)
             exe-1049981 [002] ..... 1634083.475546: sys_wait4 -> 0x1005aa
             exe-1049981 [002] ..... 1634083.475549: sys_ptrace(request: 4204, pid: 1005aa, addr: 1, data: c0005d1c70)
             exe-1049981 [002] ..... 1634083.475553: sys_ptrace -> 0x0
             exe-1049981 [002] ..... 1634083.475554: sys_ptrace(request: 4204, pid: 1005aa, addr: 202, data: c0005d1c70)
             exe-1049981 [002] ..... 1634083.475557: sys_ptrace -> 0x0
             exe-1049981 [002] ..... 1634083.475571: sys_pwrite64(fd: 63, buf: 7fd66e410080, count: 3b, pos: 3d)
             exe-1049981 [002] ..... 1634083.475572: tracing_mark_write: epoll_ctl(epfd=11, op=0x3, fd=11, event=0x560556a835b0) end
             exe-1049981 [002] ..... 1634083.536957: tracing_mark_write: epoll_ctl(epfd=12, op=0x3, fd=21, event=0x560556a835b0) start
             exe-1049981 [002] ..... 1634083.536958: sys_pwrite64 -> 0x3d
             exe-1049673 [000] ..... 1634083.536964: sys_nanosleep -> 0x0
             exe-1049981 [002] ..... 1634083.536964: sys_ptrace(request: 4205, pid: 1005aa, addr: 1, data: c0005d1c70)
             exe-1049981 [002] ..... 1634083.536967: sys_ptrace -> 0x0
             exe-1049981 [002] ..... 1634083.536968: sys_ptrace(request: 4205, pid: 1005aa, addr: 202, data: c0005d1c70)
             exe-1049673 [000] ..... 1634083.536969: sys_nanosleep(rqtp: c000069f10, rmtp: 0)
             exe-1049981 [002] ..... 1634083.536978: sys_ptrace -> 0x0
             exe-1049981 [002] ..... 1634083.536980: sys_ptrace(request: 1f, pid: 1005aa, addr: 0, data: 0)
             exe-1049981 [002] .N... 1634083.536986: sys_ptrace -> 0x0
             exe-1049567 [000] ..... 1634083.536988: sys_nanosleep -> 0x0
             exe-1049567 [000] ..... 1634083.536992: sys_nanosleep(rqtp: c000069f10, rmtp: 0)
             exe-1050026 [002] ..... 1634083.536997: sys_write -> 0x3d
             exe-1049981 [002] ..... 1634083.537015: sys_wait4(upid: 1005aa, stat_addr: c0005d1bf4, options: 40000002, ru: 0)
             exe-1049981 [002] ..... 1634083.537018: sys_wait4 -> 0x1005aa
             exe-1049981 [002] ..... 1634083.537020: sys_ptrace(request: 4204, pid: 1005aa, addr: 1, data: c0005d1c70)
             exe-1049981 [002] ..... 1634083.537023: sys_ptrace -> 0x0
             exe-1049981 [002] ..... 1634083.537025: sys_ptrace(request: 4204, pid: 1005aa, addr: 202, data: c0005d1c70)
             exe-1049981 [002] ..... 1634083.537028: sys_ptrace -> 0x0
             exe-1049981 [002] ..... 1634083.537038: sys_ptrace(request: 4205, pid: 1005aa, addr: 1, data: c0005d1c70)
             exe-1049981 [002] ..... 1634083.537040: sys_ptrace -> 0x0
             exe-1049981 [002] ..... 1634083.537042: sys_ptrace(request: 4205, pid: 1005aa, addr: 202, data: c0005d1c70)
             exe-1049981 [002] ..... 1634083.537051: sys_ptrace -> 0x0
             exe-1049981 [002] ..... 1634083.537053: sys_ptrace(request: 1f, pid: 1005aa, addr: 0, data: 0)
             exe-1049981 [002] .N... 1634083.537060: sys_ptrace -> 0x0
             exe-1050026 [002] ..... 1634083.537071: sys_epoll_ctl -> 0xfffffffffffffffe
             exe-1049673 [000] ..... 1634083.537074: sys_nanosleep -> 0x0
             exe-1049673 [000] ..... 1634083.537078: sys_nanosleep(rqtp: c000069f10, rmtp: 0)
             exe-1049981 [002] ..... 1634083.537089: sys_wait4(upid: 1005aa, stat_addr: c0005d1bf4, options: 40000002, ru: 0)
             exe-1049981 [002] ..... 1634083.537091: sys_wait4 -> 0x1005aa
             exe-1049981 [002] ..... 1634083.537093: sys_ptrace(request: 4204, pid: 1005aa, addr: 1, data: c0005d1c70)
             exe-1049981 [002] ..... 1634083.537097: sys_ptrace -> 0x0
             exe-1049567 [000] ..... 1634083.537097: sys_nanosleep -> 0x0
             exe-1049981 [002] ..... 1634083.537098: sys_ptrace(request: 4204, pid: 1005aa, addr: 202, data: c0005d1c70)
             exe-1049981 [002] ..... 1634083.537101: sys_ptrace -> 0x0
             exe-1049567 [000] ..... 1634083.537102: sys_nanosleep(rqtp: c000069f10, rmtp: 0)
             exe-1049981 [002] ..... 1634083.537109: sys_pwrite64(fd: 63, buf: 7fd66e410080, count: 3b, pos: 3d)
             exe-1049981 [002] ..... 1634083.537111: tracing_mark_write: epoll_ctl(epfd=12, op=0x3, fd=21, event=0x560556a835b0) end
             exe-1049981 [002] ..... 1634083.606601: tracing_mark_write: epoll_ctl(epfd=12, op=0x3, fd=350, event=0x560556a835b0) start
             exe-1049981 [002] ..... 1634083.606603: sys_pwrite64 -> 0x3e
             exe-1049981 [002] ..... 1634083.606608: sys_ptrace(request: 4205, pid: 1005aa, addr: 1, data: c0005d1c70)
             exe-1049981 [002] ..... 1634083.606610: sys_ptrace -> 0x0
             exe-1049981 [002] ..... 1634083.606612: sys_ptrace(request: 4205, pid: 1005aa, addr: 202, data: c0005d1c70)
             exe-1049981 [002] ..... 1634083.606622: sys_ptrace -> 0x0
             exe-1049981 [002] ..... 1634083.606623: sys_ptrace(request: 1f, pid: 1005aa, addr: 0, data: 0)
             exe-1049981 [002] .N... 1634083.606629: sys_ptrace -> 0x0
             exe-1050026 [002] ..... 1634083.606638: sys_write -> 0x3e
             exe-1049567 [000] ..... 1634083.606646: sys_nanosleep -> 0x0
             exe-1049567 [000] ..... 1634083.606651: sys_nanosleep(rqtp: c000069f10, rmtp: 0)
             exe-1049981 [002] ..... 1634083.606654: sys_wait4(upid: 1005aa, stat_addr: c0005d1bf4, options: 40000002, ru: 0)
             exe-1049981 [002] ..... 1634083.606656: sys_wait4 -> 0x1005aa
             exe-1049981 [002] ..... 1634083.606658: sys_ptrace(request: 4204, pid: 1005aa, addr: 1, data: c0005d1c70)
             exe-1049981 [002] ..... 1634083.606661: sys_ptrace -> 0x0
             exe-1049981 [002] ..... 1634083.606662: sys_ptrace(request: 4204, pid: 1005aa, addr: 202, data: c0005d1c70)
             exe-1049981 [002] ..... 1634083.606664: sys_ptrace -> 0x0
             exe-1049673 [000] ..... 1634083.606673: sys_nanosleep -> 0x0
             exe-1049673 [000] ..... 1634083.606679: sys_futex(uaddr: 1f09dc0, op: 80, val: 0, utime: c000069eb0, uaddr2: 0, val3: 0)
             exe-1049981 [002] ..... 1634083.606693: sys_ptrace(request: 4205, pid: 1005aa, addr: 1, data: c0005d1c70)
             exe-1049981 [002] ..... 1634083.606695: sys_ptrace -> 0x0
             exe-1049981 [002] ..... 1634083.606696: sys_ptrace(request: 4205, pid: 1005aa, addr: 202, data: c0005d1c70)
             exe-1049981 [002] ..... 1634083.606706: sys_ptrace -> 0x0
             exe-1049981 [002] ..... 1634083.606707: sys_ptrace(request: 1f, pid: 1005aa, addr: 0, data: 0)
             exe-1049981 [002] .N... 1634083.606713: sys_ptrace -> 0x0
             exe-1050026 [002] ..... 1634083.606724: sys_epoll_ctl -> 0xfffffffffffffffe
             exe-1049981 [002] ..... 1634083.606742: sys_wait4(upid: 1005aa, stat_addr: c0005d1bf4, options: 40000002, ru: 0)
             exe-1049981 [002] ..... 1634083.606745: sys_wait4 -> 0x1005aa
             exe-1049981 [002] ..... 1634083.606747: sys_ptrace(request: 4204, pid: 1005aa, addr: 1, data: c0005d1c70)
             exe-1049981 [002] ..... 1634083.606750: sys_ptrace -> 0x0
             exe-1049981 [002] ..... 1634083.606751: sys_ptrace(request: 4204, pid: 1005aa, addr: 202, data: c0005d1c70)
             exe-1049981 [002] ..... 1634083.606753: sys_ptrace -> 0x0
             exe-1049981 [002] ..... 1634083.606762: sys_pwrite64(fd: 63, buf: 7fd66e410080, count: 3c, pos: 3e)
             exe-1049981 [002] ..... 1634083.606763: tracing_mark_write: epoll_ctl(epfd=12, op=0x3, fd=350, event=0x560556a835b0) end
             exe-1049981 [002] ..... 1634083.677290: tracing_mark_write: epoll_ctl(epfd=12, op=0x3, fd=14, event=0x560556a835b0) start
             exe-1049981 [002] ..... 1634083.677292: sys_pwrite64 -> 0x3d
             exe-1049673 [000] ..... 1634083.677294: sys_nanosleep(rqtp: c000069f10, rmtp: 0)
             exe-1049981 [002] ..... 1634083.677297: sys_ptrace(request: 4205, pid: 1005aa, addr: 1, data: c0005d1c70)
             exe-1049981 [002] ..... 1634083.677300: sys_ptrace -> 0x0
             exe-1049981 [002] ..... 1634083.677301: sys_ptrace(request: 4205, pid: 1005aa, addr: 202, data: c0005d1c70)
             exe-1049981 [002] ..... 1634083.677310: sys_ptrace -> 0x0
             exe-1049981 [002] ..... 1634083.677311: sys_ptrace(request: 1f, pid: 1005aa, addr: 0, data: 0)
             exe-1049981 [002] .N... 1634083.677318: sys_ptrace -> 0x0
             exe-1050026 [002] ..... 1634083.677327: sys_write -> 0x3d
             exe-1049981 [002] ..... 1634083.677344: sys_wait4(upid: 1005aa, stat_addr: c0005d1bf4, options: 40000002, ru: 0)
             exe-1049981 [002] ..... 1634083.677347: sys_wait4 -> 0x1005aa
             exe-1049981 [002] ..... 1634083.677349: sys_ptrace(request: 4204, pid: 1005aa, addr: 1, data: c0005d1c70)
             exe-1049981 [002] ..... 1634083.677352: sys_ptrace -> 0x0
             exe-1049981 [002] ..... 1634083.677353: sys_ptrace(request: 4204, pid: 1005aa, addr: 202, data: c0005d1c70)
             exe-1049981 [002] ..... 1634083.677356: sys_ptrace -> 0x0
             exe-1049981 [002] ..... 1634083.677365: sys_ptrace(request: 4205, pid: 1005aa, addr: 1, data: c0005d1c70)
             exe-1049981 [002] ..... 1634083.677367: sys_ptrace -> 0x0
             exe-1049981 [002] ..... 1634083.677369: sys_ptrace(request: 4205, pid: 1005aa, addr: 202, data: c0005d1c70)
             exe-1049567 [000] ..... 1634083.677370: sys_nanosleep -> 0x0
             exe-1049981 [002] ..... 1634083.677377: sys_ptrace -> 0x0
             exe-1049567 [000] ..... 1634083.677377: sys_nanosleep(rqtp: c000069f10, rmtp: 0)
             exe-1049981 [002] ..... 1634083.677378: sys_ptrace(request: 1f, pid: 1005aa, addr: 0, data: 0)
             exe-1049981 [002] .N... 1634083.677384: sys_ptrace -> 0x0
             exe-1050026 [002] ..... 1634083.677394: sys_epoll_ctl -> 0xfffffffffffffffe
             exe-1049673 [000] ..... 1634083.677401: sys_nanosleep -> 0x0
             exe-1049673 [000] ..... 1634083.677407: sys_nanosleep(rqtp: c000069f10, rmtp: 0)
             exe-1049981 [002] ..... 1634083.677411: sys_wait4(upid: 1005aa, stat_addr: c0005d1bf4, options: 40000002, ru: 0)
             exe-1049981 [002] ..... 1634083.677413: sys_wait4 -> 0x1005aa
             exe-1049981 [002] ..... 1634083.677415: sys_ptrace(request: 4204, pid: 1005aa, addr: 1, data: c0005d1c70)
             exe-1049981 [002] ..... 1634083.677419: sys_ptrace -> 0x0
             exe-1049981 [002] ..... 1634083.677420: sys_ptrace(request: 4204, pid: 1005aa, addr: 202, data: c0005d1c70)
             exe-1049981 [002] ..... 1634083.677422: sys_ptrace -> 0x0
             exe-1049981 [002] ..... 1634083.677430: sys_pwrite64(fd: 63, buf: 7fd66e410080, count: 3b, pos: 3d)
             exe-1049981 [002] ..... 1634083.677431: tracing_mark_write: epoll_ctl(epfd=12, op=0x3, fd=14, event=0x560556a835b0) end
             exe-1049981 [002] ..... 1634083.732861: tracing_mark_write: epoll_ctl(epfd=14, op=0x3, fd=14, event=0x560556a835b0) start
             exe-1049981 [002] ..... 1634083.732862: sys_pwrite64 -> 0x3d
             exe-1049981 [002] ..... 1634083.732868: sys_ptrace(request: 4205, pid: 1005aa, addr: 1, data: c0005d1c70)
             exe-1049981 [002] ..... 1634083.732870: sys_ptrace -> 0x0
             exe-1049981 [002] ..... 1634083.732872: sys_ptrace(request: 4205, pid: 1005aa, addr: 202, data: c0005d1c70)
             exe-1049981 [002] ..... 1634083.732881: sys_ptrace -> 0x0
             exe-1049981 [002] ..... 1634083.732883: sys_ptrace(request: 1f, pid: 1005aa, addr: 0, data: 0)
             exe-1049567 [000] ..... 1634083.732883: sys_nanosleep -> 0x0
             exe-1049981 [002] .N... 1634083.732890: sys_ptrace -> 0x0
             exe-1049567 [000] ..... 1634083.732892: sys_nanosleep(rqtp: c000069f10, rmtp: 0)
             exe-1050026 [002] ..... 1634083.732899: sys_write -> 0x3d
             exe-1049981 [002] ..... 1634083.732917: sys_wait4(upid: 1005aa, stat_addr: c0005d1bf4, options: 40000002, ru: 0)
             exe-1049981 [002] ..... 1634083.732919: sys_wait4 -> 0x1005aa
             exe-1049981 [002] ..... 1634083.732921: sys_ptrace(request: 4204, pid: 1005aa, addr: 1, data: c0005d1c70)
             exe-1049981 [002] ..... 1634083.732925: sys_ptrace -> 0x0
             exe-1049673 [000] ..... 1634083.732925: sys_nanosleep -> 0x0
             exe-1049981 [002] ..... 1634083.732926: sys_ptrace(request: 4204, pid: 1005aa, addr: 202, data: c0005d1c70)
             exe-1049981 [002] ..... 1634083.732929: sys_ptrace -> 0x0
             exe-1049673 [000] ..... 1634083.732933: sys_nanosleep(rqtp: c000069f10, rmtp: 0)
             exe-1049981 [002] ..... 1634083.732936: sys_ptrace(request: 4205, pid: 1005aa, addr: 1, data: c0005d1c70)
             exe-1049981 [002] ..... 1634083.732938: sys_ptrace -> 0x0
             exe-1049981 [002] ..... 1634083.732939: sys_ptrace(request: 4205, pid: 1005aa, addr: 202, data: c0005d1c70)
             exe-1049981 [002] ..... 1634083.732948: sys_ptrace -> 0x0
             exe-1049981 [002] ..... 1634083.732949: sys_ptrace(request: 1f, pid: 1005aa, addr: 0, data: 0)
             exe-1049981 [002] .N... 1634083.732955: sys_ptrace -> 0x0
             exe-1050026 [002] ..... 1634083.732964: sys_epoll_ctl -> 0xffffffffffffffea
             exe-1049981 [002] ..... 1634083.732981: sys_wait4(upid: 1005aa, stat_addr: c0005d1bf4, options: 40000002, ru: 0)
             exe-1049981 [002] ..... 1634083.732983: sys_wait4 -> 0x1005aa
             exe-1049981 [002] ..... 1634083.732985: sys_ptrace(request: 4204, pid: 1005aa, addr: 1, data: c0005d1c70)
             exe-1049981 [002] ..... 1634083.732989: sys_ptrace -> 0x0
             exe-1049981 [002] ..... 1634083.732990: sys_ptrace(request: 4204, pid: 1005aa, addr: 202, data: c0005d1c70)
             exe-1049981 [002] ..... 1634083.732992: sys_ptrace -> 0x0
             exe-1049981 [002] ..... 1634083.733000: sys_pwrite64(fd: 63, buf: 7fd66e410080, count: 3b, pos: 3d)
             exe-1049981 [002] ..... 1634083.733002: tracing_mark_write: epoll_ctl(epfd=14, op=0x3, fd=14, event=0x560556a835b0) end
             exe-1049981 [000] ..... 1634083.805514: tracing_mark_write: epoll_ctl(epfd=280, op=0x3, fd=353, event=0x560556a835b0) start
             exe-1049981 [000] ..... 1634083.805516: sys_pwrite64 -> 0x3f
             exe-1092673 [003] ..... 1634083.805517: sys_munmap -> 0x0
             exe-1049981 [000] ..... 1634083.805525: sys_ptrace(request: 4205, pid: 1005aa, addr: 1, data: c0005d1c70)
             exe-1049981 [000] ..... 1634083.805528: sys_ptrace -> 0x0
             exe-1049981 [000] ..... 1634083.805530: sys_ptrace(request: 4205, pid: 1005aa, addr: 202, data: c0005d1c70)
             exe-1049673 [003] ..... 1634083.805546: sys_nanosleep -> 0x0
             exe-1091880 [002] ..... 1634083.805552: sys_wait4 -> 0x10ac41
             exe-1049673 [003] ..... 1634083.805553: sys_futex(uaddr: 1f09dc0, op: 80, val: 0, utime: c000069eb0, uaddr2: 0, val3: 0)
             exe-1091880 [002] ..... 1634083.805556: sys_ptrace(request: 4204, pid: 10ac41, addr: 1, data: c000862b20)
             exe-1049567 [000] ..... 1634083.805563: sys_nanosleep -> 0x0
             exe-1091880 [002] ..... 1634083.805567: sys_ptrace -> 0x0
             exe-1049567 [000] ..... 1634083.805568: sys_nanosleep(rqtp: c000069f10, rmtp: 0)
             exe-1049981 [000] ..... 1634083.805587: sys_ptrace -> 0x0
             exe-1049981 [000] ..... 1634083.805590: sys_ptrace(request: 1f, pid: 1005aa, addr: 0, data: 0)
             exe-1049981 [000] .N... 1634083.805596: sys_ptrace -> 0x0
             exe-1050026 [000] ..... 1634083.805607: sys_write -> 0x3f
             exe-1049981 [000] ..... 1634083.805633: sys_wait4(upid: 1005aa, stat_addr: c0005d1bf4, options: 40000002, ru: 0)
             exe-1049981 [000] ..... 1634083.805636: sys_wait4 -> 0x1005aa
             exe-1091880 [002] ..... 1634083.805644: sys_ptrace(request: 4205, pid: 10ac41, addr: 1, data: c000862b20)
             exe-1091880 [002] ..... 1634083.805652: sys_ptrace -> 0x0
             exe-1091880 [002] ..... 1634083.805654: sys_ptrace(request: 7, pid: 10ac41, addr: 0, data: 0)
             exe-1091880 [002] ..... 1634083.805670: sys_ptrace -> 0x0
             exe-1091880 [002] ..... 1634083.805674: sys_wait4(upid: 10ac41, stat_addr: c000862aa4, options: 40000002, ru: 0)
             exe-1049567 [000] ..... 1634083.805675: sys_nanosleep -> 0x0
             exe-1049567 [000] ..... 1634083.805680: sys_nanosleep(rqtp: c000069f10, rmtp: 0)
             exe-1049981 [000] ..... 1634083.805697: sys_ptrace(request: 4204, pid: 1005aa, addr: 1, data: c0005d1c70)
             exe-1049981 [000] ..... 1634083.805702: sys_ptrace -> 0x0
             exe-1092673 [003] ..... 1634083.805702: sys_munmap(addr: 7f1c52acc000, len: 3000)
             exe-1049981 [000] ..... 1634083.805704: sys_ptrace(request: 4204, pid: 1005aa, addr: 202, data: c0005d1c70)
             exe-1049981 [000] ..... 1634083.805708: sys_ptrace -> 0x0
             exe-1092673 [003] ..... 1634083.805716: sys_munmap -> 0x0
             exe-1049981 [000] ..... 1634083.805732: sys_ptrace(request: 4205, pid: 1005aa, addr: 1, data: c0005d1c70)
             exe-1049981 [000] ..... 1634083.805735: sys_ptrace -> 0x0
             exe-1049981 [000] ..... 1634083.805737: sys_ptrace(request: 4205, pid: 1005aa, addr: 202, data: c0005d1c70)
             exe-1091880 [002] ..... 1634083.805749: sys_wait4 -> 0x10ac41
             exe-1091880 [002] ..... 1634083.805753: sys_ptrace(request: 4204, pid: 10ac41, addr: 1, data: c000862b20)
             exe-1091880 [002] ..... 1634083.805758: sys_ptrace -> 0x0
             exe-1091880 [002] ..... 1634083.805769: sys_ptrace(request: 4205, pid: 10ac41, addr: 1, data: c000862b20)
             exe-1091880 [002] ..... 1634083.805773: sys_ptrace -> 0x0
             exe-1091880 [002] ..... 1634083.805774: sys_ptrace(request: 7, pid: 10ac41, addr: 0, data: 0)
             exe-1049567 [000] ..... 1634083.805779: sys_nanosleep -> 0x0
             exe-1049567 [000] ..... 1634083.805783: sys_nanosleep(rqtp: c000069f10, rmtp: 0)
             exe-1091880 [002] ..... 1634083.805787: sys_ptrace -> 0x0
             exe-1091880 [002] ..... 1634083.805790: sys_wait4(upid: 10ac41, stat_addr: c000862aa4, options: 40000002, ru: 0)
             exe-1049981 [000] ..... 1634083.805798: sys_ptrace -> 0x0
             exe-1049981 [000] ..... 1634083.805800: sys_ptrace(request: 1f, pid: 1005aa, addr: 0, data: 0)
             exe-1049981 [000] .N... 1634083.805806: sys_ptrace -> 0x0
             exe-1092673 [003] ..... 1634083.805810: sys_munmap(addr: 7f20ff31a000, len: 2000)
             exe-1050026 [000] ..... 1634083.805817: sys_epoll_ctl -> 0xffffffffffffffea
             exe-1092673 [003] ..... 1634083.805828: sys_munmap -> 0x0
             exe-1049981 [000] ..... 1634083.805841: sys_wait4(upid: 1005aa, stat_addr: c0005d1bf4, options: 40000002, ru: 0)
             exe-1049981 [000] ..... 1634083.805844: sys_wait4 -> 0x1005aa
             exe-1049981 [000] ..... 1634083.805847: sys_ptrace(request: 4204, pid: 1005aa, addr: 1, data: c0005d1c70)
             exe-1049981 [000] ..... 1634083.805852: sys_ptrace -> 0x0
             exe-1049981 [000] ..... 1634083.805854: sys_ptrace(request: 4204, pid: 1005aa, addr: 202, data: c0005d1c70)
             exe-1091880 [002] ..... 1634083.805859: sys_wait4 -> 0x10ac41
             exe-1091880 [002] ..... 1634083.805863: sys_ptrace(request: 4204, pid: 10ac41, addr: 1, data: c000862b20)
             exe-1091880 [002] ..... 1634083.805870: sys_ptrace -> 0x0
             exe-1049567 [000] ..... 1634083.805891: sys_nanosleep -> 0x0
             exe-1049567 [000] ..... 1634083.805895: sys_nanosleep(rqtp: c000069f10, rmtp: 0)
             exe-1049981 [000] ..... 1634083.805914: sys_ptrace -> 0x0
             exe-1049981 [000] ..... 1634083.805929: sys_pwrite64(fd: 63, buf: 7fd66e410080, count: 3d, pos: 3f)
             exe-1049981 [000] ..... 1634083.805932: tracing_mark_write: epoll_ctl(epfd=280, op=0x3, fd=353, event=0x560556a835b0) end
             exe-1049981 [003] ..... 1634083.906860: tracing_mark_write: epoll_ctl(epfd=280, op=0x3, fd=286, event=0x560556a835b0) start
             exe-1049981 [003] ..... 1634083.906861: sys_pwrite64 -> 0x3f
             exe-1049981 [003] ..... 1634083.906869: sys_ptrace(request: 4205, pid: 1005aa, addr: 1, data: c0005d1c70)
             exe-1049981 [003] ..... 1634083.906871: sys_ptrace -> 0x0
             exe-1049981 [003] ..... 1634083.906873: sys_ptrace(request: 4205, pid: 1005aa, addr: 202, data: c0005d1c70)
             exe-1049981 [003] .N... 1634083.906912: sys_ptrace -> 0x0
             exe-1049567 [003] ..... 1634083.906916: sys_nanosleep -> 0x0
             exe-1049567 [003] ..... 1634083.906920: sys_nanosleep(rqtp: c000069f10, rmtp: 0)
             exe-1049673 [003] ..... 1634083.906933: sys_nanosleep -> 0x0
             exe-1049673 [003] ..... 1634083.906939: sys_epoll_pwait(epfd: 10, events: c000069920, maxevents: 80, timeout: 0, sigmask: 0, sigsetsize: 0)
             exe-1049673 [003] ..... 1634083.906941: sys_epoll_pwait -> 0x0
             exe-1049673 [003] ..... 1634083.906944: sys_nanosleep(rqtp: c000069f10, rmtp: 0)
             exe-1049981 [003] ..... 1634083.906969: sys_ptrace(request: 1f, pid: 1005aa, addr: 0, data: 0)
             exe-1049981 [003] ..... 1634083.906984: sys_ptrace -> 0x0
             exe-1049981 [003] ..... 1634083.906987: sys_wait4(upid: 1005aa, stat_addr: c0005d1bf4, options: 40000002, ru: 0)
             exe-1050026 [000] ..... 1634083.907004: sys_write -> 0x3f
             exe-1049673 [003] ..... 1634083.907043: sys_nanosleep -> 0x0
             exe-1049673 [003] ..... 1634083.907050: sys_nanosleep(rqtp: c000069f10, rmtp: 0)
             exe-1049981 [003] ..... 1634083.907072: sys_wait4 -> 0x1005aa
             exe-1049981 [003] ..... 1634083.907077: sys_ptrace(request: 4204, pid: 1005aa, addr: 1, data: c0005d1c70)
             exe-1049981 [003] ..... 1634083.907082: sys_ptrace -> 0x0
             exe-1049981 [003] ..... 1634083.907084: sys_ptrace(request: 4204, pid: 1005aa, addr: 202, data: c0005d1c70)
             exe-1049981 [003] ..... 1634083.907087: sys_ptrace -> 0x0
             exe-1049981 [003] ..... 1634083.907096: sys_ptrace(request: 4205, pid: 1005aa, addr: 1, data: c0005d1c70)
             exe-1049981 [003] ..... 1634083.907098: sys_ptrace -> 0x0
             exe-1049981 [003] ..... 1634083.907100: sys_ptrace(request: 4205, pid: 1005aa, addr: 202, data: c0005d1c70)
             exe-1049981 [003] ..... 1634083.907111: sys_ptrace -> 0x0
             exe-1049981 [003] ..... 1634083.907113: sys_ptrace(request: 1f, pid: 1005aa, addr: 0, data: 0)
             exe-1050026 [000] ..... 1634083.907139: sys_epoll_ctl -> 0xffffffffffffffea
             exe-1049981 [003] .N... 1634083.907146: sys_ptrace -> 0x0
             exe-1049673 [003] ..... 1634083.907156: sys_nanosleep -> 0x0
             exe-1049673 [003] ..... 1634083.907163: sys_nanosleep(rqtp: c000069f10, rmtp: 0)
             exe-1049981 [003] ..... 1634083.907189: sys_wait4(upid: 1005aa, stat_addr: c0005d1bf4, options: 40000002, ru: 0)
             exe-1049981 [003] ..... 1634083.907192: sys_wait4 -> 0x1005aa
             exe-1049981 [003] ..... 1634083.907194: sys_ptrace(request: 4204, pid: 1005aa, addr: 1, data: c0005d1c70)
             exe-1049981 [003] ..... 1634083.907198: sys_ptrace -> 0x0
             exe-1049981 [003] ..... 1634083.907200: sys_ptrace(request: 4204, pid: 1005aa, addr: 202, data: c0005d1c70)
             exe-1049981 [003] ..... 1634083.907202: sys_ptrace -> 0x0
             exe-1049981 [003] ..... 1634083.907216: sys_pwrite64(fd: 63, buf: 7fd66e410080, count: 3d, pos: 3f)
             exe-1049981 [003] ..... 1634083.907219: tracing_mark_write: epoll_ctl(epfd=280, op=0x3, fd=286, event=0x560556a835b0) end
             exe-1049981 [003] ..... 1634083.994439: tracing_mark_write: epoll_ctl(epfd=280, op=0x3, fd=332, event=0x560556a835b0) start
             exe-1049981 [003] ..... 1634083.994440: sys_pwrite64 -> 0x3f
             exe-1049981 [003] ..... 1634083.994448: sys_ptrace(request: 4205, pid: 1005aa, addr: 1, data: c0005d1c70)
             exe-1049981 [003] ..... 1634083.994450: sys_ptrace -> 0x0
             exe-1049981 [003] ..... 1634083.994452: sys_ptrace(request: 4205, pid: 1005aa, addr: 202, data: c0005d1c70)
             exe-1049981 [003] ..... 1634083.994464: sys_ptrace -> 0x0
             exe-1049981 [003] ..... 1634083.994465: sys_ptrace(request: 1f, pid: 1005aa, addr: 0, data: 0)
             exe-1049981 [003] ..... 1634083.994473: sys_ptrace -> 0x0
             exe-1049981 [003] ..... 1634083.994475: sys_wait4(upid: 1005aa, stat_addr: c0005d1bf4, options: 40000002, ru: 0)
             exe-1050026 [000] ..... 1634083.994490: sys_write -> 0x3f
             exe-1049981 [003] ..... 1634083.994513: sys_wait4 -> 0x1005aa
             exe-1049981 [003] ..... 1634083.994515: sys_ptrace(request: 4204, pid: 1005aa, addr: 1, data: c0005d1c70)
             exe-1049981 [003] ..... 1634083.994518: sys_ptrace -> 0x0
             exe-1049981 [003] ..... 1634083.994520: sys_ptrace(request: 4204, pid: 1005aa, addr: 202, data: c0005d1c70)
             exe-1049981 [003] ..... 1634083.994522: sys_ptrace -> 0x0
             exe-1049981 [003] ..... 1634083.994527: sys_ptrace(request: 4205, pid: 1005aa, addr: 1, data: c0005d1c70)
             exe-1049981 [003] ..... 1634083.994529: sys_ptrace -> 0x0
             exe-1049981 [003] ..... 1634083.994531: sys_ptrace(request: 4205, pid: 1005aa, addr: 202, data: c0005d1c70)
             exe-1049981 [003] ..... 1634083.994538: sys_ptrace -> 0x0
             exe-1049981 [003] ..... 1634083.994539: sys_ptrace(request: 1f, pid: 1005aa, addr: 0, data: 0)
             exe-1049981 [003] ..... 1634083.994545: sys_ptrace -> 0x0
             exe-1049981 [003] ..... 1634083.994547: sys_wait4(upid: 1005aa, stat_addr: c0005d1bf4, options: 40000002, ru: 0)
             exe-1050026 [000] ..... 1634083.994555: sys_epoll_ctl -> 0xffffffffffffffea
             exe-1049981 [003] ..... 1634083.994572: sys_wait4 -> 0x1005aa
             exe-1049981 [003] ..... 1634083.994575: sys_ptrace(request: 4204, pid: 1005aa, addr: 1, data: c0005d1c70)
             exe-1049981 [003] ..... 1634083.994577: sys_ptrace -> 0x0
             exe-1049981 [003] ..... 1634083.994579: sys_ptrace(request: 4204, pid: 1005aa, addr: 202, data: c0005d1c70)
             exe-1049981 [003] ..... 1634083.994581: sys_ptrace -> 0x0
             exe-1049981 [003] ..... 1634083.994587: sys_pwrite64(fd: 63, buf: 7fd66e410080, count: 3d, pos: 3f)
             exe-1049981 [003] ..... 1634083.994588: tracing_mark_write: epoll_ctl(epfd=280, op=0x3, fd=332, event=0x560556a835b0) end
             exe-1049981 [003] ..... 1634084.070397: tracing_mark_write: epoll_ctl(epfd=358, op=0x3, fd=358, event=0x560556a835b0) start
             exe-1049981 [003] ..... 1634084.070399: sys_pwrite64 -> 0x3f
             exe-1049981 [003] ..... 1634084.070406: sys_ptrace(request: 4205, pid: 1005aa, addr: 1, data: c0005d1c70)
             exe-1049981 [003] ..... 1634084.070409: sys_ptrace -> 0x0
             exe-1049981 [003] ..... 1634084.070410: sys_ptrace(request: 4205, pid: 1005aa, addr: 202, data: c0005d1c70)
             exe-1049981 [003] ..... 1634084.070423: sys_ptrace -> 0x0
             exe-1049981 [003] ..... 1634084.070425: sys_ptrace(request: 1f, pid: 1005aa, addr: 0, data: 0)
             exe-1049567 [000] ..... 1634084.070425: sys_nanosleep -> 0x0
             exe-1049567 [000] ..... 1634084.070431: sys_nanosleep(rqtp: c000069f10, rmtp: 0)
             exe-1049981 [003] .N... 1634084.070433: sys_ptrace -> 0x0
             exe-1050026 [003] ..... 1634084.070444: sys_write -> 0x3f
             exe-1049673 [000] ..... 1634084.070453: sys_nanosleep -> 0x0
             exe-1049673 [000] ..... 1634084.070458: sys_nanosleep(rqtp: c000069f10, rmtp: 0)
             exe-1049981 [003] ..... 1634084.070465: sys_wait4(upid: 1005aa, stat_addr: c0005d1bf4, options: 40000002, ru: 0)
             exe-1049981 [003] ..... 1634084.070468: sys_wait4 -> 0x1005aa
             exe-1049981 [003] ..... 1634084.070470: sys_ptrace(request: 4204, pid: 1005aa, addr: 1, data: c0005d1c70)
             exe-1049981 [003] ..... 1634084.070474: sys_ptrace -> 0x0
             exe-1049981 [003] ..... 1634084.070475: sys_ptrace(request: 4204, pid: 1005aa, addr: 202, data: c0005d1c70)
             exe-1049981 [003] ..... 1634084.070478: sys_ptrace -> 0x0
             exe-1049981 [003] ..... 1634084.070486: sys_ptrace(request: 4205, pid: 1005aa, addr: 1, data: c0005d1c70)
             exe-1049981 [003] ..... 1634084.070489: sys_ptrace -> 0x0
             exe-1049981 [003] ..... 1634084.070490: sys_ptrace(request: 4205, pid: 1005aa, addr: 202, data: c0005d1c70)
             exe-1049981 [003] ..... 1634084.070501: sys_ptrace -> 0x0
             exe-1049981 [003] ..... 1634084.070503: sys_ptrace(request: 1f, pid: 1005aa, addr: 0, data: 0)
             exe-1049981 [003] .N... 1634084.070509: sys_ptrace -> 0x0
             exe-1050026 [003] ..... 1634084.070520: sys_epoll_ctl -> 0xffffffffffffffea
             exe-1049567 [000] ..... 1634084.070534: sys_nanosleep -> 0x0
             exe-1049567 [000] ..... 1634084.070540: sys_nanosleep(rqtp: c000069f10, rmtp: 0)
             exe-1049981 [003] ..... 1634084.070540: sys_wait4(upid: 1005aa, stat_addr: c0005d1bf4, options: 40000002, ru: 0)
             exe-1049981 [003] ..... 1634084.070542: sys_wait4 -> 0x1005aa
             exe-1049981 [003] ..... 1634084.070545: sys_ptrace(request: 4204, pid: 1005aa, addr: 1, data: c0005d1c70)
             exe-1049981 [003] ..... 1634084.070549: sys_ptrace -> 0x0
             exe-1049981 [003] ..... 1634084.070550: sys_ptrace(request: 4204, pid: 1005aa, addr: 202, data: c0005d1c70)
             exe-1049981 [003] ..... 1634084.070553: sys_ptrace -> 0x0
             exe-1049673 [000] ..... 1634084.070562: sys_nanosleep -> 0x0
             exe-1049981 [003] ..... 1634084.070562: sys_pwrite64(fd: 63, buf: 7fd66e410080, count: 3d, pos: 3f)
             exe-1049981 [003] ..... 1634084.070564: tracing_mark_write: epoll_ctl(epfd=358, op=0x3, fd=358, event=0x560556a835b0) end
             exe-1049981 [003] ..... 1634084.141593: tracing_mark_write: epoll_ctl(epfd=279, op=0x3, fd=279, event=0x560556a835b0) start
             exe-1049981 [003] ..... 1634084.141595: sys_pwrite64 -> 0x3f
             exe-1049981 [003] ..... 1634084.141601: sys_ptrace(request: 4205, pid: 1005aa, addr: 1, data: c0005d1c70)
             exe-1049981 [003] ..... 1634084.141604: sys_ptrace -> 0x0
             exe-1049981 [003] ..... 1634084.141606: sys_ptrace(request: 4205, pid: 1005aa, addr: 202, data: c0005d1c70)
             exe-1049567 [000] ..... 1634084.141616: sys_nanosleep -> 0x0
             exe-1049981 [003] ..... 1634084.141617: sys_ptrace -> 0x0
             exe-1049981 [003] ..... 1634084.141619: sys_ptrace(request: 1f, pid: 1005aa, addr: 0, data: 0)
             exe-1049567 [000] ..... 1634084.141620: sys_nanosleep(rqtp: c000069f10, rmtp: 0)
             exe-1049981 [003] .N... 1634084.141626: sys_ptrace -> 0x0
             exe-1050026 [003] ..... 1634084.141638: sys_write -> 0x3f
             exe-1049673 [000] ..... 1634084.141640: sys_nanosleep -> 0x0
             exe-1049673 [000] ..... 1634084.141644: sys_nanosleep(rqtp: c000069f10, rmtp: 0)
             exe-1049981 [003] ..... 1634084.141657: sys_wait4(upid: 1005aa, stat_addr: c0005d1bf4, options: 40000002, ru: 0)
             exe-1049981 [003] ..... 1634084.141660: sys_wait4 -> 0x1005aa
             exe-1049981 [003] ..... 1634084.141662: sys_ptrace(request: 4204, pid: 1005aa, addr: 1, data: c0005d1c70)
             exe-1049981 [003] ..... 1634084.141666: sys_ptrace -> 0x0
             exe-1049981 [003] ..... 1634084.141668: sys_ptrace(request: 4204, pid: 1005aa, addr: 202, data: c0005d1c70)
             exe-1049981 [003] ..... 1634084.141671: sys_ptrace -> 0x0
             exe-1049981 [003] ..... 1634084.141678: sys_ptrace(request: 4205, pid: 1005aa, addr: 1, data: c0005d1c70)
             exe-1049981 [003] ..... 1634084.141681: sys_ptrace -> 0x0
             exe-1049981 [003] ..... 1634084.141682: sys_ptrace(request: 4205, pid: 1005aa, addr: 202, data: c0005d1c70)
             exe-1049981 [003] ..... 1634084.141694: sys_ptrace -> 0x0
             exe-1049981 [003] ..... 1634084.141695: sys_ptrace(request: 1f, pid: 1005aa, addr: 0, data: 0)
             exe-1049981 [003] .N... 1634084.141702: sys_ptrace -> 0x0
             exe-1050026 [003] ..... 1634084.141713: sys_epoll_ctl -> 0xffffffffffffffea
             exe-1049567 [000] ..... 1634084.141722: sys_nanosleep -> 0x0
             exe-1049567 [000] ..... 1634084.141727: sys_nanosleep(rqtp: c000069f10, rmtp: 0)
             exe-1049981 [003] ..... 1634084.141733: sys_wait4(upid: 1005aa, stat_addr: c0005d1bf4, options: 40000002, ru: 0)
             exe-1049981 [003] ..... 1634084.141735: sys_wait4 -> 0x1005aa
             exe-1049981 [003] ..... 1634084.141738: sys_ptrace(request: 4204, pid: 1005aa, addr: 1, data: c0005d1c70)
             exe-1049981 [003] ..... 1634084.141742: sys_ptrace -> 0x0
             exe-1049981 [003] ..... 1634084.141743: sys_ptrace(request: 4204, pid: 1005aa, addr: 202, data: c0005d1c70)
             exe-1049981 [003] ..... 1634084.141746: sys_ptrace -> 0x0
             exe-1049673 [000] ..... 1634084.141746: sys_nanosleep -> 0x0
             exe-1049673 [000] ..... 1634084.141751: sys_nanosleep(rqtp: c000069f10, rmtp: 0)
             exe-1049981 [003] ..... 1634084.141755: sys_pwrite64(fd: 63, buf: 7fd66e410080, count: 3d, pos: 3f)
             exe-1049981 [003] ..... 1634084.141756: tracing_mark_write: epoll_ctl(epfd=279, op=0x3, fd=279, event=0x560556a835b0) end
             exe-1049981 [003] ..... 1634084.220340: tracing_mark_write: epoll_ctl(epfd=17, op=0x3, fd=17, event=0x560556a835b0) start
             exe-1049981 [003] ..... 1634084.220342: sys_pwrite64 -> 0x3d
             exe-1049981 [003] ..... 1634084.220351: sys_ptrace(request: 4205, pid: 1005aa, addr: 1, data: c0005d1c70)
             exe-1049981 [003] ..... 1634084.220356: sys_ptrace -> 0x0
             exe-1049981 [003] ..... 1634084.220358: sys_ptrace(request: 4205, pid: 1005aa, addr: 202, data: c0005d1c70)
             exe-1049981 [003] ..... 1634084.220373: sys_ptrace -> 0x0
             exe-1049981 [003] ..... 1634084.220375: sys_ptrace(request: 1f, pid: 1005aa, addr: 0, data: 0)
             exe-1049981 [003] .N... 1634084.220386: sys_ptrace -> 0x0
             exe-1050026 [003] ..... 1634084.220398: sys_write -> 0x3d
             exe-1049981 [003] ..... 1634084.220421: sys_wait4(upid: 1005aa, stat_addr: c0005d1bf4, options: 40000002, ru: 0)
             exe-1049981 [003] ..... 1634084.220424: sys_wait4 -> 0x1005aa
             exe-1049981 [003] ..... 1634084.220427: sys_ptrace(request: 4204, pid: 1005aa, addr: 1, data: c0005d1c70)
             exe-1049673 [000] ..... 1634084.220428: sys_nanosleep -> 0x0
             exe-1049981 [003] ..... 1634084.220432: sys_ptrace -> 0x0
             exe-1049673 [000] ..... 1634084.220433: sys_nanosleep(rqtp: c000069f10, rmtp: 0)
             exe-1049981 [003] ..... 1634084.220434: sys_ptrace(request: 4204, pid: 1005aa, addr: 202, data: c0005d1c70)
             exe-1049981 [003] ..... 1634084.220438: sys_ptrace -> 0x0
             exe-1049981 [003] ..... 1634084.220447: sys_ptrace(request: 4205, pid: 1005aa, addr: 1, data: c0005d1c70)
             exe-1049981 [003] ..... 1634084.220456: sys_ptrace -> 0x0
             exe-1049567 [000] ..... 1634084.220456: sys_nanosleep -> 0x0
             exe-1049981 [003] ..... 1634084.220459: sys_ptrace(request: 4205, pid: 1005aa, addr: 202, data: c0005d1c70)
             exe-1049567 [000] ..... 1634084.220463: sys_nanosleep(rqtp: c000069f10, rmtp: 0)
             exe-1049981 [003] ..... 1634084.220474: sys_ptrace -> 0x0
             exe-1049981 [003] ..... 1634084.220476: sys_ptrace(request: 1f, pid: 1005aa, addr: 0, data: 0)
             exe-1049981 [003] .N... 1634084.220484: sys_ptrace -> 0x0
             exe-1050026 [003] ..... 1634084.220496: sys_epoll_ctl -> 0xffffffffffffffea
             exe-1049981 [003] ..... 1634084.220517: sys_wait4(upid: 1005aa, stat_addr: c0005d1bf4, options: 40000002, ru: 0)
             exe-1049981 [003] ..... 1634084.220522: sys_wait4 -> 0x1005aa
             exe-1049981 [003] ..... 1634084.220526: sys_ptrace(request: 4204, pid: 1005aa, addr: 1, data: c0005d1c70)
             exe-1049981 [003] ..... 1634084.220530: sys_ptrace -> 0x0
             exe-1049981 [003] ..... 1634084.220532: sys_ptrace(request: 4204, pid: 1005aa, addr: 202, data: c0005d1c70)
             exe-1049981 [003] ..... 1634084.220536: sys_ptrace -> 0x0
             exe-1049981 [003] ..... 1634084.220548: sys_pwrite64(fd: 63, buf: 7fd66e410080, count: 3b, pos: 3d)
             exe-1049981 [003] ..... 1634084.220550: tracing_mark_write: epoll_ctl(epfd=17, op=0x3, fd=17, event=0x560556a835b0) end
             exe-1049981 [003] ..... 1634084.295084: tracing_mark_write: epoll_ctl(epfd=279, op=0x3, fd=279, event=0x560556a835b0) start
             exe-1049981 [003] ..... 1634084.295086: sys_pwrite64 -> 0x3f
             exe-1049981 [003] ..... 1634084.295097: sys_ptrace(request: 4205, pid: 1005aa, addr: 1, data: c0005d1c70)
             exe-1049981 [003] ..... 1634084.295101: sys_ptrace -> 0x0
             exe-1049981 [003] ..... 1634084.295104: sys_ptrace(request: 4205, pid: 1005aa, addr: 202, data: c0005d1c70)
             exe-1049981 [003] ..... 1634084.295123: sys_ptrace -> 0x0
             exe-1049981 [003] ..... 1634084.295126: sys_ptrace(request: 1f, pid: 1005aa, addr: 0, data: 0)
             exe-1049981 [003] .N... 1634084.295137: sys_ptrace -> 0x0
             exe-1050026 [003] ..... 1634084.295154: sys_write -> 0x3f
             exe-1049981 [003] ..... 1634084.295187: sys_wait4(upid: 1005aa, stat_addr: c0005d1bf4, options: 40000002, ru: 0)
             exe-1049981 [003] ..... 1634084.295191: sys_wait4 -> 0x1005aa
             exe-1049981 [003] ..... 1634084.295194: sys_ptrace(request: 4204, pid: 1005aa, addr: 1, data: c0005d1c70)
             exe-1049981 [003] ..... 1634084.295200: sys_ptrace -> 0x0
             exe-1049981 [003] ..... 1634084.295202: sys_ptrace(request: 4204, pid: 1005aa, addr: 202, data: c0005d1c70)
             exe-1049981 [003] ..... 1634084.295206: sys_ptrace -> 0x0
             exe-1049981 [003] ..... 1634084.295216: sys_ptrace(request: 4205, pid: 1005aa, addr: 1, data: c0005d1c70)
             exe-1049981 [003] ..... 1634084.295219: sys_ptrace -> 0x0
             exe-1049981 [003] ..... 1634084.295221: sys_ptrace(request: 4205, pid: 1005aa, addr: 202, data: c0005d1c70)
             exe-1049981 [003] ..... 1634084.295245: sys_ptrace -> 0x0
             exe-1049981 [003] ..... 1634084.295247: sys_ptrace(request: 1f, pid: 1005aa, addr: 0, data: 0)
             exe-1049981 [003] .N... 1634084.295255: sys_ptrace -> 0x0
             exe-1050026 [003] ..... 1634084.295265: sys_epoll_ctl -> 0xffffffffffffffea
             exe-1049981 [003] ..... 1634084.295282: sys_wait4(upid: 1005aa, stat_addr: c0005d1bf4, options: 40000002, ru: 0)
             exe-1049981 [003] ..... 1634084.295284: sys_wait4 -> 0x1005aa
             exe-1049981 [003] ..... 1634084.295286: sys_ptrace(request: 4204, pid: 1005aa, addr: 1, data: c0005d1c70)
             exe-1049981 [003] ..... 1634084.295290: sys_ptrace -> 0x0
             exe-1049981 [003] ..... 1634084.295291: sys_ptrace(request: 4204, pid: 1005aa, addr: 202, data: c0005d1c70)
             exe-1049981 [003] ..... 1634084.295293: sys_ptrace -> 0x0
             exe-1049981 [003] ..... 1634084.295303: sys_pwrite64(fd: 63, buf: 7fd66e410080, count: 3d, pos: 3f)
