             exe-1049981 [003] ..... 1634084.295305: tracing_mark_write: epoll_ctl(epfd=279, op=0x3, fd=279, event=0x560556a835b0) end
             exe-1050232 [000] ..... 1634084.365985: tracing_mark_write: epoll_ctl(epfd=279, op=0x3, fd=314, event=0x560556a835b0) start
             exe-1050232 [000] ..... 1634084.365987: sys_pwrite64 -> 0x3f
             exe-1050232 [000] ..... 1634084.365992: sys_ptrace(request: 4205, pid: 1006b9, addr: 1, data: c0005d1c70)
             exe-1050232 [000] ..... 1634084.365994: sys_ptrace -> 0x0
             exe-1050232 [000] ..... 1634084.365996: sys_ptrace(request: 4205, pid: 1006b9, addr: 202, data: c0005d1c70)
             exe-1050232 [000] ..... 1634084.366005: sys_ptrace -> 0x0
             exe-1050232 [000] ..... 1634084.366007: sys_ptrace(request: 1f, pid: 1006b9, addr: 0, data: 0)
             exe-1050232 [000] ..... 1634084.366018: sys_ptrace -> 0x0
             exe-1050232 [000] ..... 1634084.366020: sys_wait4(upid: 1006b9, stat_addr: c0005d1bf4, options: 40000002, ru: 0)
             exe-1050297 [002] ..... 1634084.366040: sys_write -> 0x3f
             exe-1050232 [000] ..... 1634084.366060: sys_wait4 -> 0x1006b9
             exe-1050232 [000] ..... 1634084.366062: sys_ptrace(request: 4204, pid: 1006b9, addr: 1, data: c0005d1c70)
             exe-1050232 [000] ..... 1634084.366065: sys_ptrace -> 0x0
             exe-1050232 [000] ..... 1634084.366066: sys_ptrace(request: 4204, pid: 1006b9, addr: 202, data: c0005d1c70)
             exe-1050232 [000] ..... 1634084.366068: sys_ptrace -> 0x0
             exe-1050232 [000] ..... 1634084.366074: sys_ptrace(request: 4205, pid: 1006b9, addr: 1, data: c0005d1c70)
             exe-1050232 [000] ..... 1634084.366076: sys_ptrace -> 0x0
             exe-1050232 [000] ..... 1634084.366077: sys_ptrace(request: 4205, pid: 1006b9, addr: 202, data: c0005d1c70)
             exe-1050232 [000] ..... 1634084.366083: sys_ptrace -> 0x0
             exe-1050232 [000] ..... 1634084.366085: sys_ptrace(request: 1f, pid: 1006b9, addr: 0, data: 0)
             exe-1050232 [000] ..... 1634084.366094: sys_ptrace -> 0x0
             exe-1050232 [000] ..... 1634084.366096: sys_wait4(upid: 1006b9, stat_addr: c0005d1bf4, options: 40000002, ru: 0)
             exe-1050297 [002] ..... 1634084.366109: sys_epoll_ctl -> 0xffffffffffffffea
             exe-1050232 [000] ..... 1634084.366126: sys_wait4 -> 0x1006b9
             exe-1050232 [000] ..... 1634084.366129: sys_ptrace(request: 4204, pid: 1006b9, addr: 1, data: c0005d1c70)
             exe-1050232 [000] ..... 1634084.366132: sys_ptrace -> 0x0
             exe-1050232 [000] ..... 1634084.366134: sys_ptrace(request: 4204, pid: 1006b9, addr: 202, data: c0005d1c70)
             exe-1050232 [000] ..... 1634084.366136: sys_ptrace -> 0x0
             exe-1050232 [000] ..... 1634084.366142: sys_pwrite64(fd: 63, buf: 7fd66e410080, count: 3d, pos: 3f)
             exe-1050232 [000] ..... 1634084.366143: tracing_mark_write: epoll_ctl(epfd=279, op=0x3, fd=314, event=0x560556a835b0) end
             exe-1050232 [000] ..... 1634084.426275: tracing_mark_write: epoll_ctl(epfd=314, op=0x3, fd=11, event=0x560556a835b0) start
             exe-1050232 [000] ..... 1634084.426277: sys_pwrite64 -> 0x3e
             exe-1050232 [000] ..... 1634084.426284: sys_ptrace(request: 4205, pid: 1006b9, addr: 1, data: c0005d1c70)
             exe-1050232 [000] ..... 1634084.426287: sys_ptrace -> 0x0
             exe-1050232 [000] ..... 1634084.426289: sys_ptrace(request: 4205, pid: 1006b9, addr: 202, data: c0005d1c70)
             exe-1049673 [003] ..... 1634084.426328: sys_nanosleep -> 0x0
             exe-1049673 [003] ..... 1634084.426331: sys_nanosleep(rqtp: c000069f10, rmtp: 0)
             exe-1049567 [002] ..... 1634084.426346: sys_nanosleep -> 0x0
             exe-1049567 [002] ..... 1634084.426349: sys_nanosleep(rqtp: c000069f10, rmtp: 0)
             exe-1050232 [000] ..... 1634084.426395: sys_ptrace -> 0x0
             exe-1050232 [000] ..... 1634084.426400: sys_ptrace(request: 1f, pid: 1006b9, addr: 0, data: 0)
             exe-1050232 [000] ..... 1634084.426413: sys_ptrace -> 0x0
             exe-1049673 [003] ..... 1634084.426416: sys_nanosleep -> 0x0
             exe-1050232 [000] ..... 1634084.426417: sys_wait4(upid: 1006b9, stat_addr: c0005d1bf4, options: 40000002, ru: 0)
             exe-1049673 [003] ..... 1634084.426418: sys_nanosleep(rqtp: c000069f10, rmtp: 0)
             exe-1050297 [002] ..... 1634084.426446: sys_write -> 0x3e
             exe-1049567 [002] ..... 1634084.426469: sys_nanosleep -> 0x0
             exe-1050232 [000] ..... 1634084.426473: sys_wait4 -> 0x1006b9
             exe-1049567 [002] ..... 1634084.426474: sys_nanosleep(rqtp: c000069f10, rmtp: 0)
             exe-1050232 [000] ..... 1634084.426477: sys_ptrace(request: 4204, pid: 1006b9, addr: 1, data: c0005d1c70)
             exe-1050232 [000] ..... 1634084.426483: sys_ptrace -> 0x0
             exe-1050232 [000] ..... 1634084.426485: sys_ptrace(request: 4204, pid: 1006b9, addr: 202, data: c0005d1c70)
             exe-1050232 [000] ..... 1634084.426493: sys_ptrace -> 0x0
             exe-1049673 [003] ..... 1634084.426504: sys_nanosleep -> 0x0
             exe-1050232 [000] ..... 1634084.426505: sys_ptrace(request: 4205, pid: 1006b9, addr: 1, data: c0005d1c70)
             exe-1049673 [003] ..... 1634084.426506: sys_nanosleep(rqtp: c000069f10, rmtp: 0)
             exe-1050232 [000] ..... 1634084.426508: sys_ptrace -> 0x0
             exe-1050232 [000] ..... 1634084.426510: sys_ptrace(request: 4205, pid: 1006b9, addr: 202, data: c0005d1c70)
             exe-1050232 [000] ..... 1634084.426526: sys_ptrace -> 0x0
             exe-1050232 [000] ..... 1634084.426528: sys_ptrace(request: 1f, pid: 1006b9, addr: 0, data: 0)
             exe-1050232 [000] ..... 1634084.426537: sys_ptrace -> 0x0
             exe-1050232 [000] ..... 1634084.426540: sys_wait4(upid: 1006b9, stat_addr: c0005d1bf4, options: 40000002, ru: 0)
             exe-1050297 [002] ..... 1634084.426575: sys_epoll_ctl -> 0xffffffffffffffea
             exe-1049673 [003] ..... 1634084.426592: sys_nanosleep -> 0x0
             exe-1049673 [003] ..... 1634084.426594: sys_nanosleep(rqtp: c000069f10, rmtp: 0)
             exe-1049567 [002] ..... 1634084.426598: sys_nanosleep -> 0x0
             exe-1050232 [000] ..... 1634084.426599: sys_wait4 -> 0x1006b9
             exe-1050232 [000] ..... 1634084.426602: sys_ptrace(request: 4204, pid: 1006b9, addr: 1, data: c0005d1c70)
             exe-1049567 [002] ..... 1634084.426604: sys_nanosleep(rqtp: c000069f10, rmtp: 0)
             exe-1050232 [000] ..... 1634084.426606: sys_ptrace -> 0x0
             exe-1050232 [000] ..... 1634084.426609: sys_ptrace(request: 4204, pid: 1006b9, addr: 202, data: c0005d1c70)
             exe-1050232 [000] ..... 1634084.426612: sys_ptrace -> 0x0
             exe-1050232 [000] ..... 1634084.426627: sys_pwrite64(fd: 63, buf: 7fd66e410080, count: 3c, pos: 3e)
             exe-1050232 [000] ..... 1634084.426629: tracing_mark_write: epoll_ctl(epfd=314, op=0x3, fd=11, event=0x560556a835b0) end
             exe-1050232 [003] ..... 1634084.505303: tracing_mark_write: epoll_ctl(epfd=314, op=0x3, fd=314, event=0x560556a835b0) start
             exe-1050232 [003] ..... 1634084.505304: sys_pwrite64 -> 0x3f
             exe-1050232 [003] ..... 1634084.505309: sys_ptrace(request: 4205, pid: 1006b9, addr: 1, data: c0005d1c70)
             exe-1050232 [003] ..... 1634084.505312: sys_ptrace -> 0x0
             exe-1050232 [003] ..... 1634084.505314: sys_ptrace(request: 4205, pid: 1006b9, addr: 202, data: c0005d1c70)
             exe-1050232 [003] ..... 1634084.505323: sys_ptrace -> 0x0
             exe-1050232 [003] ..... 1634084.505325: sys_ptrace(request: 1f, pid: 1006b9, addr: 0, data: 0)
             exe-1049673 [001] ..... 1634084.505328: sys_nanosleep -> 0x0
             exe-1050232 [003] ..... 1634084.505336: sys_ptrace -> 0x0
             exe-1049673 [001] ..... 1634084.505337: sys_nanosleep(rqtp: c000069f10, rmtp: 0)
             exe-1050232 [003] ..... 1634084.505338: sys_wait4(upid: 1006b9, stat_addr: c0005d1bf4, options: 40000002, ru: 0)
             exe-1050297 [002] ..... 1634084.505354: sys_write -> 0x3f
             exe-1050232 [003] ..... 1634084.505370: sys_wait4 -> 0x1006b9
             exe-1050232 [003] ..... 1634084.505373: sys_ptrace(request: 4204, pid: 1006b9, addr: 1, data: c0005d1c70)
             exe-1050232 [003] ..... 1634084.505376: sys_ptrace -> 0x0
             exe-1050232 [003] ..... 1634084.505377: sys_ptrace(request: 4204, pid: 1006b9, addr: 202, data: c0005d1c70)
             exe-1050232 [003] ..... 1634084.505379: sys_ptrace -> 0x0
             exe-1050232 [003] ..... 1634084.505385: sys_ptrace(request: 4205, pid: 1006b9, addr: 1, data: c0005d1c70)
             exe-1050232 [003] ..... 1634084.505387: sys_ptrace -> 0x0
             exe-1050232 [003] ..... 1634084.505389: sys_ptrace(request: 4205, pid: 1006b9, addr: 202, data: c0005d1c70)
             exe-1050232 [003] ..... 1634084.505397: sys_ptrace -> 0x0
             exe-1050232 [003] ..... 1634084.505398: sys_ptrace(request: 1f, pid: 1006b9, addr: 0, data: 0)
             exe-1050232 [003] ..... 1634084.505408: sys_ptrace -> 0x0
             exe-1050232 [003] ..... 1634084.505410: sys_wait4(upid: 1006b9, stat_addr: c0005d1bf4, options: 40000002, ru: 0)
             exe-1050297 [002] ..... 1634084.505421: sys_epoll_ctl -> 0xffffffffffffffea
             exe-1050232 [003] ..... 1634084.505436: sys_wait4 -> 0x1006b9
             exe-1050232 [003] ..... 1634084.505438: sys_ptrace(request: 4204, pid: 1006b9, addr: 1, data: c0005d1c70)
             exe-1050232 [003] ..... 1634084.505440: sys_ptrace -> 0x0
             exe-1050232 [003] ..... 1634084.505442: sys_ptrace(request: 4204, pid: 1006b9, addr: 202, data: c0005d1c70)
             exe-1050232 [003] ..... 1634084.505444: sys_ptrace -> 0x0
             exe-1050232 [003] ..... 1634084.505450: sys_pwrite64(fd: 63, buf: 7fd66e410080, count: 3d, pos: 3f)
             exe-1050232 [003] ..... 1634084.505451: tracing_mark_write: epoll_ctl(epfd=314, op=0x3, fd=314, event=0x560556a835b0) end
             exe-1050232 [003] ..... 1634084.562890: tracing_mark_write: epoll_ctl(epfd=7, op=0x3, fd=321, event=0x560556a835b0) start
             exe-1050232 [003] ..... 1634084.562892: sys_pwrite64 -> 0x3d
             exe-1050232 [003] ..... 1634084.562897: sys_ptrace(request: 4205, pid: 1006b9, addr: 1, data: c0005d1c70)
             exe-1050232 [003] ..... 1634084.562900: sys_ptrace -> 0x0
             exe-1050232 [003] ..... 1634084.562902: sys_ptrace(request: 4205, pid: 1006b9, addr: 202, data: c0005d1c70)
             exe-1049567 [002] ..... 1634084.562911: sys_nanosleep -> 0x0
             exe-1049567 [002] ..... 1634084.562917: sys_nanosleep(rqtp: c000069f10, rmtp: 0)
             exe-1050232 [003] ..... 1634084.562919: sys_ptrace -> 0x0
             exe-1050232 [003] ..... 1634084.562921: sys_ptrace(request: 1f, pid: 1006b9, addr: 0, data: 0)
             exe-1050232 [003] ..... 1634084.562929: sys_ptrace -> 0x0
             exe-1050232 [003] ..... 1634084.562931: sys_wait4(upid: 1006b9, stat_addr: c0005d1bf4, options: 40000002, ru: 0)
             exe-1049673 [001] ..... 1634084.562931: sys_nanosleep -> 0x0
             exe-1049673 [001] ..... 1634084.562936: sys_nanosleep(rqtp: c000069f10, rmtp: 0)
             exe-1050297 [002] ..... 1634084.562948: sys_write -> 0x3d
             exe-1050232 [003] ..... 1634084.562967: sys_wait4 -> 0x1006b9
             exe-1050232 [003] ..... 1634084.562969: sys_ptrace(request: 4204, pid: 1006b9, addr: 1, data: c0005d1c70)
             exe-1050232 [003] ..... 1634084.562972: sys_ptrace -> 0x0
             exe-1050232 [003] ..... 1634084.562974: sys_ptrace(request: 4204, pid: 1006b9, addr: 202, data: c0005d1c70)
             exe-1050232 [003] ..... 1634084.562976: sys_ptrace -> 0x0
             exe-1050232 [003] ..... 1634084.562985: sys_ptrace(request: 4205, pid: 1006b9, addr: 1, data: c0005d1c70)
             exe-1050232 [003] ..... 1634084.562987: sys_ptrace -> 0x0
             exe-1050232 [003] ..... 1634084.562989: sys_ptrace(request: 4205, pid: 1006b9, addr: 202, data: c0005d1c70)
             exe-1050232 [003] ..... 1634084.562996: sys_ptrace -> 0x0
             exe-1050232 [003] ..... 1634084.562998: sys_ptrace(request: 1f, pid: 1006b9, addr: 0, data: 0)
             exe-1050232 [003] ..... 1634084.563005: sys_ptrace -> 0x0
             exe-1050232 [003] ..... 1634084.563007: sys_wait4(upid: 1006b9, stat_addr: c0005d1bf4, options: 40000002, ru: 0)
             exe-1050297 [002] ..... 1634084.563015: sys_epoll_ctl -> 0xfffffffffffffffe
             exe-1050232 [003] ..... 1634084.563030: sys_wait4 -> 0x1006b9
             exe-1050232 [003] ..... 1634084.563033: sys_ptrace(request: 4204, pid: 1006b9, addr: 1, data: c0005d1c70)
             exe-1049567 [002] ..... 1634084.563035: sys_nanosleep -> 0x0
             exe-1050232 [003] ..... 1634084.563036: sys_ptrace -> 0x0
             exe-1049673 [001] ..... 1634084.563037: sys_nanosleep -> 0x0
             exe-1050232 [003] ..... 1634084.563037: sys_ptrace(request: 4204, pid: 1006b9, addr: 202, data: c0005d1c70)
             exe-1050232 [003] ..... 1634084.563039: sys_ptrace -> 0x0
             exe-1049567 [002] ..... 1634084.563040: sys_nanosleep(rqtp: c000069f10, rmtp: 0)
             exe-1049673 [001] ..... 1634084.563042: sys_nanosleep(rqtp: c000069f10, rmtp: 0)
             exe-1050232 [003] ..... 1634084.563044: sys_pwrite64(fd: 63, buf: 7fd66e410080, count: 3b, pos: 3d)
             exe-1050232 [003] ..... 1634084.563046: tracing_mark_write: epoll_ctl(epfd=7, op=0x3, fd=321, event=0x560556a835b0) end
             exe-1050232 [003] ..... 1634084.623119: tracing_mark_write: epoll_ctl(epfd=7, op=0x3, fd=306, event=0x560556a835b0) start
             exe-1050232 [003] ..... 1634084.623120: sys_pwrite64 -> 0x3d
             exe-1050232 [003] ..... 1634084.623125: sys_ptrace(request: 4205, pid: 1006b9, addr: 1, data: c0005d1c70)
             exe-1050232 [003] ..... 1634084.623128: sys_ptrace -> 0x0
             exe-1050232 [003] ..... 1634084.623130: sys_ptrace(request: 4205, pid: 1006b9, addr: 202, data: c0005d1c70)
             exe-1050232 [003] ..... 1634084.623138: sys_ptrace -> 0x0
             exe-1050232 [003] ..... 1634084.623140: sys_ptrace(request: 1f, pid: 1006b9, addr: 0, data: 0)
             exe-1049673 [001] ..... 1634084.623140: sys_nanosleep -> 0x0
             exe-1049673 [001] ..... 1634084.623146: sys_nanosleep(rqtp: c000069f10, rmtp: 0)
             exe-1050232 [003] ..... 1634084.623147: sys_ptrace -> 0x0
             exe-1050232 [003] ..... 1634084.623149: sys_wait4(upid: 1006b9, stat_addr: c0005d1bf4, options: 40000002, ru: 0)
             exe-1050297 [002] ..... 1634084.623163: sys_write -> 0x3d
             exe-1050232 [003] ..... 1634084.623185: sys_wait4 -> 0x1006b9
             exe-1050232 [003] ..... 1634084.623188: sys_ptrace(request: 4204, pid: 1006b9, addr: 1, data: c0005d1c70)
             exe-1049567 [002] ..... 1634084.623207: sys_nanosleep -> 0x0
             exe-1050232 [003] ..... 1634084.623208: sys_ptrace -> 0x0
             exe-1050232 [003] ..... 1634084.623209: sys_ptrace(request: 4204, pid: 1006b9, addr: 202, data: c0005d1c70)
             exe-1050232 [003] ..... 1634084.623212: sys_ptrace -> 0x0
             exe-1049567 [002] ..... 1634084.623213: sys_nanosleep(rqtp: c000069f10, rmtp: 0)
             exe-1050232 [003] ..... 1634084.623220: sys_ptrace(request: 4205, pid: 1006b9, addr: 1, data: c0005d1c70)
             exe-1050232 [003] ..... 1634084.623222: sys_ptrace -> 0x0
             exe-1050232 [003] ..... 1634084.623223: sys_ptrace(request: 4205, pid: 1006b9, addr: 202, data: c0005d1c70)
             exe-1050232 [003] ..... 1634084.623235: sys_ptrace -> 0x0
             exe-1050232 [003] ..... 1634084.623237: sys_ptrace(request: 1f, pid: 1006b9, addr: 0, data: 0)
             exe-1050232 [003] ..... 1634084.623243: sys_ptrace -> 0x0
             exe-1050232 [003] ..... 1634084.623245: sys_wait4(upid: 1006b9, stat_addr: c0005d1bf4, options: 40000002, ru: 0)
             exe-1049673 [001] ..... 1634084.623259: sys_nanosleep -> 0x0
             exe-1050297 [002] ..... 1634084.623259: sys_epoll_ctl -> 0xfffffffffffffffe
             exe-1049673 [001] ..... 1634084.623264: sys_nanosleep(rqtp: c000069f10, rmtp: 0)
             exe-1050232 [003] ..... 1634084.623278: sys_wait4 -> 0x1006b9
             exe-1050232 [003] ..... 1634084.623280: sys_ptrace(request: 4204, pid: 1006b9, addr: 1, data: c0005d1c70)
             exe-1050232 [003] ..... 1634084.623283: sys_ptrace -> 0x0
             exe-1050232 [003] ..... 1634084.623284: sys_ptrace(request: 4204, pid: 1006b9, addr: 202, data: c0005d1c70)
             exe-1050232 [003] ..... 1634084.623287: sys_ptrace -> 0x0
             exe-1050232 [003] ..... 1634084.623292: sys_pwrite64(fd: 63, buf: 7fd66e410080, count: 3b, pos: 3d)
             exe-1050232 [003] ..... 1634084.623293: tracing_mark_write: epoll_ctl(epfd=7, op=0x3, fd=306, event=0x560556a835b0) end
             exe-1050232 [001] ..... 1634084.691683: tracing_mark_write: epoll_ctl(epfd=7, op=0x3, fd=369, event=0x560556a835b0) start
             exe-1050232 [001] ..... 1634084.691686: sys_pwrite64 -> 0x3d
             exe-1050232 [001] ..... 1634084.691694: sys_ptrace(request: 4205, pid: 1006b9, addr: 1, data: c0005d1c70)
             exe-1050232 [001] ..... 1634084.691697: sys_ptrace -> 0x0
             exe-1050232 [001] ..... 1634084.691699: sys_ptrace(request: 4205, pid: 1006b9, addr: 202, data: c0005d1c70)
             exe-1050232 [001] ..... 1634084.691781: sys_ptrace -> 0x0
             exe-1050232 [001] ..... 1634084.691785: sys_ptrace(request: 1f, pid: 1006b9, addr: 0, data: 0)
             exe-1050232 [001] ..... 1634084.691801: sys_ptrace -> 0x0
             exe-1050232 [001] ..... 1634084.691805: sys_wait4(upid: 1006b9, stat_addr: c0005d1bf4, options: 40000002, ru: 0)
             exe-1050297 [002] ..... 1634084.691818: sys_write -> 0x3d
             exe-1050232 [001] ..... 1634084.691886: sys_wait4 -> 0x1006b9
             exe-1050232 [001] ..... 1634084.691892: sys_ptrace(request: 4204, pid: 1006b9, addr: 1, data: c0005d1c70)
             exe-1050232 [001] ..... 1634084.691897: sys_ptrace -> 0x0
             exe-1050232 [001] ..... 1634084.691899: sys_ptrace(request: 4204, pid: 1006b9, addr: 202, data: c0005d1c70)
             exe-1050232 [001] ..... 1634084.691902: sys_ptrace -> 0x0
             exe-1050232 [001] ..... 1634084.691916: sys_ptrace(request: 4205, pid: 1006b9, addr: 1, data: c0005d1c70)
             exe-1050232 [001] ..... 1634084.691919: sys_ptrace -> 0x0
             exe-1050232 [001] ..... 1634084.691920: sys_ptrace(request: 4205, pid: 1006b9, addr: 202, data: c0005d1c70)
             exe-1050232 [001] ..... 1634084.691933: sys_ptrace -> 0x0
             exe-1050232 [001] ..... 1634084.692006: sys_ptrace(request: 1f, pid: 1006b9, addr: 0, data: 0)
             exe-1050232 [001] ..... 1634084.692022: sys_ptrace -> 0x0
             exe-1050232 [001] ..... 1634084.692025: sys_wait4(upid: 1006b9, stat_addr: c0005d1bf4, options: 40000002, ru: 0)
             exe-1050297 [002] ..... 1634084.692036: sys_epoll_ctl -> 0xfffffffffffffffe
             exe-1050232 [001] ..... 1634084.692118: sys_wait4 -> 0x1006b9
             exe-1050232 [001] ..... 1634084.692124: sys_ptrace(request: 4204, pid: 1006b9, addr: 1, data: c0005d1c70)
             exe-1050232 [001] ..... 1634084.692129: sys_ptrace -> 0x0
             exe-1050232 [001] ..... 1634084.692131: sys_ptrace(request: 4204, pid: 1006b9, addr: 202, data: c0005d1c70)
             exe-1050232 [001] ..... 1634084.692134: sys_ptrace -> 0x0
             exe-1050232 [001] ..... 1634084.692150: sys_pwrite64(fd: 63, buf: 7fd66e410080, count: 3b, pos: 3d)
             exe-1050232 [001] ..... 1634084.692152: tracing_mark_write: epoll_ctl(epfd=7, op=0x3, fd=369, event=0x560556a835b0) end
             exe-1050232 [000] ..... 1634084.762678: tracing_mark_write: epoll_ctl(epfd=8, op=0x3, fd=280, event=0x560556a835b0) start
             exe-1050232 [000] ..... 1634084.762680: sys_pwrite64 -> 0x3d
             exe-1050232 [000] ..... 1634084.762685: sys_ptrace(request: 4205, pid: 1006b9, addr: 1, data: c0005d1c70)
             exe-1050232 [000] ..... 1634084.762687: sys_ptrace -> 0x0
             exe-1050232 [000] ..... 1634084.762689: sys_ptrace(request: 4205, pid: 1006b9, addr: 202, data: c0005d1c70)
             exe-1050232 [000] ..... 1634084.762698: sys_ptrace -> 0x0
             exe-1050232 [000] ..... 1634084.762700: sys_ptrace(request: 1f, pid: 1006b9, addr: 0, data: 0)
             exe-1049673 [001] ..... 1634084.762700: sys_nanosleep -> 0x0
             exe-1049673 [001] ..... 1634084.762702: sys_nanosleep(rqtp: c000069f10, rmtp: 0)
             exe-1050232 [000] ..... 1634084.762712: sys_ptrace -> 0x0
             exe-1050232 [000] ..... 1634084.762714: sys_wait4(upid: 1006b9, stat_addr: c0005d1bf4, options: 40000002, ru: 0)
             exe-1050297 [002] ..... 1634084.762738: sys_write -> 0x3d
             exe-1049567 [003] ..... 1634084.762753: sys_nanosleep -> 0x0
             exe-1049567 [003] ..... 1634084.762756: sys_nanosleep(rqtp: c000069f10, rmtp: 0)
             exe-1050232 [000] ..... 1634084.762756: sys_wait4 -> 0x1006b9
             exe-1050232 [000] ..... 1634084.762759: sys_ptrace(request: 4204, pid: 1006b9, addr: 1, data: c0005d1c70)
             exe-1050232 [000] ..... 1634084.762761: sys_ptrace -> 0x0
             exe-1050232 [000] ..... 1634084.762763: sys_ptrace(request: 4204, pid: 1006b9, addr: 202, data: c0005d1c70)
             exe-1050232 [000] ..... 1634084.762765: sys_ptrace -> 0x0
             exe-1050232 [000] ..... 1634084.762790: sys_ptrace(request: 4205, pid: 1006b9, addr: 1, data: c0005d1c70)
             exe-1049673 [001] ..... 1634084.762791: sys_nanosleep -> 0x0
             exe-1050232 [000] ..... 1634084.762793: sys_ptrace -> 0x0
             exe-1049673 [001] ..... 1634084.762793: sys_nanosleep(rqtp: c000069f10, rmtp: 0)
             exe-1050232 [000] ..... 1634084.762794: sys_ptrace(request: 4205, pid: 1006b9, addr: 202, data: c0005d1c70)
             exe-1050232 [000] ..... 1634084.762802: sys_ptrace -> 0x0
             exe-1050232 [000] ..... 1634084.762804: sys_ptrace(request: 1f, pid: 1006b9, addr: 0, data: 0)
             exe-1050232 [000] ..... 1634084.762810: sys_ptrace -> 0x0
             exe-1050232 [000] ..... 1634084.762812: sys_wait4(upid: 1006b9, stat_addr: c0005d1bf4, options: 40000002, ru: 0)
             exe-1050297 [002] ..... 1634084.762849: sys_epoll_ctl -> 0xfffffffffffffffe
             exe-1050232 [000] ..... 1634084.762867: sys_wait4 -> 0x1006b9
             exe-1050232 [000] ..... 1634084.762870: sys_ptrace(request: 4204, pid: 1006b9, addr: 1, data: c0005d1c70)
             exe-1050232 [000] ..... 1634084.762872: sys_ptrace -> 0x0
             exe-1050232 [000] ..... 1634084.762873: sys_ptrace(request: 4204, pid: 1006b9, addr: 202, data: c0005d1c70)
             exe-1050232 [000] ..... 1634084.762875: sys_ptrace -> 0x0
             exe-1050232 [000] ..... 1634084.762881: sys_pwrite64(fd: 63, buf: 7fd66e410080, count: 3b, pos: 3d)
             exe-1050232 [000] ..... 1634084.762882: tracing_mark_write: epoll_ctl(epfd=8, op=0x3, fd=280, event=0x560556a835b0) end
             exe-1050232 [000] ..... 1634084.845935: tracing_mark_write: epoll_ctl(epfd=274, op=0x3, fd=274, event=0x560556a835b0) start
             exe-1050232 [000] ..... 1634084.845937: sys_pwrite64 -> 0x3f
             exe-1049673 [001] ..... 1634084.845939: sys_nanosleep -> 0x0
             exe-1049673 [001] ..... 1634084.845941: sys_nanosleep(rqtp: c000069f10, rmtp: 0)
             exe-1050232 [000] ..... 1634084.845943: sys_ptrace(request: 4205, pid: 1006b9, addr: 1, data: c0005d1c70)
             exe-1050232 [000] ..... 1634084.845946: sys_ptrace -> 0x0
             exe-1050232 [000] ..... 1634084.845947: sys_ptrace(request: 4205, pid: 1006b9, addr: 202, data: c0005d1c70)
             exe-1050232 [000] ..... 1634084.845959: sys_ptrace -> 0x0
             exe-1050232 [000] ..... 1634084.845960: sys_ptrace(request: 1f, pid: 1006b9, addr: 0, data: 0)
             exe-1050232 [000] .N... 1634084.845967: sys_ptrace -> 0x0
             exe-1049567 [003] ..... 1634084.845969: sys_nanosleep -> 0x0
             exe-1049567 [003] ..... 1634084.845971: sys_nanosleep(rqtp: c000069f10, rmtp: 0)
             exe-1050297 [000] ..... 1634084.845978: sys_write -> 0x3f
             exe-1050232 [000] ..... 1634084.845996: sys_wait4(upid: 1006b9, stat_addr: c0005d1bf4, options: 40000002, ru: 0)
             exe-1050232 [000] ..... 1634084.845999: sys_wait4 -> 0x1006b9
             exe-1050232 [000] ..... 1634084.846001: sys_ptrace(request: 4204, pid: 1006b9, addr: 1, data: c0005d1c70)
             exe-1050232 [000] ..... 1634084.846005: sys_ptrace -> 0x0
             exe-1050232 [000] ..... 1634084.846006: sys_ptrace(request: 4204, pid: 1006b9, addr: 202, data: c0005d1c70)
             exe-1050232 [000] ..... 1634084.846009: sys_ptrace -> 0x0
             exe-1050232 [000] ..... 1634084.846015: sys_ptrace(request: 4205, pid: 1006b9, addr: 1, data: c0005d1c70)
             exe-1050232 [000] ..... 1634084.846018: sys_ptrace -> 0x0
             exe-1050232 [000] ..... 1634084.846019: sys_ptrace(request: 4205, pid: 1006b9, addr: 202, data: c0005d1c70)
             exe-1049673 [001] ..... 1634084.846027: sys_nanosleep -> 0x0
             exe-1049673 [001] ..... 1634084.846029: sys_nanosleep(rqtp: c000069f10, rmtp: 0)
             exe-1050232 [000] ..... 1634084.846029: sys_ptrace -> 0x0
             exe-1050232 [000] ..... 1634084.846031: sys_ptrace(request: 1f, pid: 1006b9, addr: 0, data: 0)
             exe-1050232 [000] .N... 1634084.846037: sys_ptrace -> 0x0
             exe-1050297 [000] ..... 1634084.846047: sys_epoll_ctl -> 0xffffffffffffffea
             exe-1049567 [003] ..... 1634084.846060: sys_nanosleep -> 0x0
             exe-1049567 [003] ..... 1634084.846062: sys_nanosleep(rqtp: c000069f10, rmtp: 0)
             exe-1050232 [000] ..... 1634084.846065: sys_wait4(upid: 1006b9, stat_addr: c0005d1bf4, options: 40000002, ru: 0)
             exe-1050232 [000] ..... 1634084.846068: sys_wait4 -> 0x1006b9
             exe-1050232 [000] ..... 1634084.846070: sys_ptrace(request: 4204, pid: 1006b9, addr: 1, data: c0005d1c70)
             exe-1050232 [000] ..... 1634084.846073: sys_ptrace -> 0x0
             exe-1050232 [000] ..... 1634084.846075: sys_ptrace(request: 4204, pid: 1006b9, addr: 202, data: c0005d1c70)
             exe-1050232 [000] ..... 1634084.846077: sys_ptrace -> 0x0
             exe-1050232 [000] ..... 1634084.846086: sys_pwrite64(fd: 63, buf: 7fd66e410080, count: 3d, pos: 3f)
             exe-1050232 [000] ..... 1634084.846087: tracing_mark_write: epoll_ctl(epfd=274, op=0x3, fd=274, event=0x560556a835b0) end
             exe-1050232 [000] ..... 1634084.917197: tracing_mark_write: epoll_ctl(epfd=16, op=0x3, fd=16, event=0x560556a835b0) start
             exe-1050232 [000] ..... 1634084.917199: sys_pwrite64 -> 0x3d
             exe-1050232 [000] ..... 1634084.917206: sys_ptrace(request: 4205, pid: 1006b9, addr: 1, data: c0005d1c70)
             exe-1050232 [000] ..... 1634084.917208: sys_ptrace -> 0x0
             exe-1050232 [000] ..... 1634084.917210: sys_ptrace(request: 4205, pid: 1006b9, addr: 202, data: c0005d1c70)
             exe-1049567 [001] ..... 1634084.917217: sys_nanosleep -> 0x0
             exe-1049567 [001] ..... 1634084.917221: sys_nanosleep(rqtp: c000069f10, rmtp: 0)
             exe-1050232 [000] ..... 1634084.917222: sys_ptrace -> 0x0
             exe-1050232 [000] ..... 1634084.917224: sys_ptrace(request: 1f, pid: 1006b9, addr: 0, data: 0)
             exe-1050232 [000] .N... 1634084.917231: sys_ptrace -> 0x0
             exe-1050297 [000] ..... 1634084.917243: sys_write -> 0x3d
             exe-1050232 [000] ..... 1634084.917263: sys_wait4(upid: 1006b9, stat_addr: c0005d1bf4, options: 40000002, ru: 0)
             exe-1050232 [000] ..... 1634084.917265: sys_wait4 -> 0x1006b9
             exe-1050232 [000] ..... 1634084.917268: sys_ptrace(request: 4204, pid: 1006b9, addr: 1, data: c0005d1c70)
             exe-1050232 [000] ..... 1634084.917272: sys_ptrace -> 0x0
             exe-1050232 [000] ..... 1634084.917273: sys_ptrace(request: 4204, pid: 1006b9, addr: 202, data: c0005d1c70)
             exe-1050232 [000] ..... 1634084.917276: sys_ptrace -> 0x0
             exe-1050232 [000] ..... 1634084.917284: sys_ptrace(request: 4205, pid: 1006b9, addr: 1, data: c0005d1c70)
             exe-1050232 [000] ..... 1634084.917286: sys_ptrace -> 0x0
             exe-1050232 [000] ..... 1634084.917288: sys_ptrace(request: 4205, pid: 1006b9, addr: 202, data: c0005d1c70)
             exe-1050232 [000] ..... 1634084.917298: sys_ptrace -> 0x0
             exe-1050232 [000] ..... 1634084.917300: sys_ptrace(request: 1f, pid: 1006b9, addr: 0, data: 0)
             exe-1049673 [001] ..... 1634084.917304: sys_nanosleep -> 0x0
             exe-1050232 [000] .N... 1634084.917306: sys_ptrace -> 0x0
             exe-1049673 [001] ..... 1634084.917310: sys_nanosleep(rqtp: c000069f10, rmtp: 0)
             exe-1050297 [000] ..... 1634084.917317: sys_epoll_ctl -> 0xffffffffffffffea
             exe-1049567 [001] ..... 1634084.917332: sys_nanosleep -> 0x0
             exe-1050232 [000] ..... 1634084.917337: sys_wait4(upid: 1006b9, stat_addr: c0005d1bf4, options: 40000002, ru: 0)
             exe-1049567 [001] ..... 1634084.917337: sys_nanosleep(rqtp: c000069f10, rmtp: 0)
             exe-1050232 [000] ..... 1634084.917340: sys_wait4 -> 0x1006b9
             exe-1050232 [000] ..... 1634084.917342: sys_ptrace(request: 4204, pid: 1006b9, addr: 1, data: c0005d1c70)
             exe-1050232 [000] ..... 1634084.917346: sys_ptrace -> 0x0
             exe-1050232 [000] ..... 1634084.917347: sys_ptrace(request: 4204, pid: 1006b9, addr: 202, data: c0005d1c70)
             exe-1050232 [000] ..... 1634084.917350: sys_ptrace -> 0x0
             exe-1050232 [000] ..... 1634084.917359: sys_pwrite64(fd: 63, buf: 7fd66e410080, count: 3b, pos: 3d)
             exe-1050232 [000] ..... 1634084.917361: tracing_mark_write: epoll_ctl(epfd=16, op=0x3, fd=16, event=0x560556a835b0) end
             exe-1050232 [000] ..... 1634085.005685: tracing_mark_write: epoll_ctl(epfd=16, op=0x2, fd=351, event=0x560556a835b0) start
             exe-1050232 [000] ..... 1634085.005687: sys_pwrite64 -> 0x3e
             exe-1050232 [000] ..... 1634085.005693: sys_ptrace(request: 4205, pid: 1006b9, addr: 1, data: c0005d1c70)
             exe-1050232 [000] ..... 1634085.005696: sys_ptrace -> 0x0
             exe-1050232 [000] ..... 1634085.005697: sys_ptrace(request: 4205, pid: 1006b9, addr: 202, data: c0005d1c70)
             exe-1050232 [000] ..... 1634085.005709: sys_ptrace -> 0x0
             exe-1050232 [000] ..... 1634085.005710: sys_ptrace(request: 1f, pid: 1006b9, addr: 0, data: 0)
             exe-1050232 [000] .N... 1634085.005718: sys_ptrace -> 0x0
             exe-1050297 [000] ..... 1634085.005728: sys_write -> 0x3e
             exe-1050232 [000] ..... 1634085.005747: sys_wait4(upid: 1006b9, stat_addr: c0005d1bf4, options: 40000002, ru: 0)
             exe-1050232 [000] ..... 1634085.005750: sys_wait4 -> 0x1006b9
             exe-1050232 [000] ..... 1634085.005752: sys_ptrace(request: 4204, pid: 1006b9, addr: 1, data: c0005d1c70)
             exe-1050232 [000] ..... 1634085.005756: sys_ptrace -> 0x0
             exe-1050232 [000] ..... 1634085.005758: sys_ptrace(request: 4204, pid: 1006b9, addr: 202, data: c0005d1c70)
             exe-1050232 [000] ..... 1634085.005760: sys_ptrace -> 0x0
             exe-1050232 [000] ..... 1634085.005767: sys_ptrace(request: 4205, pid: 1006b9, addr: 1, data: c0005d1c70)
             exe-1050232 [000] ..... 1634085.005769: sys_ptrace -> 0x0
             exe-1050232 [000] ..... 1634085.005771: sys_ptrace(request: 4205, pid: 1006b9, addr: 202, data: c0005d1c70)
             exe-1050232 [000] ..... 1634085.005780: sys_ptrace -> 0x0
             exe-1050232 [000] ..... 1634085.005782: sys_ptrace(request: 1f, pid: 1006b9, addr: 0, data: 0)
             exe-1050232 [000] .N... 1634085.005788: sys_ptrace -> 0x0
             exe-1050297 [000] ..... 1634085.005798: sys_epoll_ctl -> 0xffffffffffffffea
             exe-1050232 [000] ..... 1634085.005816: sys_wait4(upid: 1006b9, stat_addr: c0005d1bf4, options: 40000002, ru: 0)
             exe-1050232 [000] ..... 1634085.005819: sys_wait4 -> 0x1006b9
             exe-1050232 [000] ..... 1634085.005821: sys_ptrace(request: 4204, pid: 1006b9, addr: 1, data: c0005d1c70)
             exe-1050232 [000] ..... 1634085.005824: sys_ptrace -> 0x0
             exe-1050232 [000] ..... 1634085.005826: sys_ptrace(request: 4204, pid: 1006b9, addr: 202, data: c0005d1c70)
             exe-1050232 [000] ..... 1634085.005828: sys_ptrace -> 0x0
             exe-1050232 [000] ..... 1634085.005837: sys_pwrite64(fd: 63, buf: 7fd66e410080, count: 3c, pos: 3e)
             exe-1050232 [000] ..... 1634085.005839: tracing_mark_write: epoll_ctl(epfd=16, op=0x2, fd=351, event=0x560556a835b0) end
             exe-1050232 [000] ..... 1634085.082200: tracing_mark_write: epoll_ctl(epfd=370, op=0x2, fd=279, event=0x560556a835b0) start
             exe-1050232 [000] ..... 1634085.082202: sys_pwrite64 -> 0x3f
             exe-1050232 [000] ..... 1634085.082211: sys_ptrace(request: 4205, pid: 1006b9, addr: 1, data: c0005d1c70)
             exe-1050232 [000] .N... 1634085.082253: sys_ptrace -> 0x0
             exe-1049673 [000] ..... 1634085.082264: sys_nanosleep -> 0x0
             exe-1049673 [000] ..... 1634085.082271: sys_nanosleep(rqtp: c000069f10, rmtp: 0)
             exe-1050232 [000] ..... 1634085.082298: sys_ptrace(request: 4205, pid: 1006b9, addr: 202, data: c0005d1c70)
             exe-1050232 [000] ..... 1634085.082315: sys_ptrace -> 0x0
             exe-1050232 [000] ..... 1634085.082317: sys_ptrace(request: 1f, pid: 1006b9, addr: 0, data: 0)
             exe-1050232 [000] ..... 1634085.082332: sys_ptrace -> 0x0
             exe-1050232 [000] ..... 1634085.082335: sys_wait4(upid: 1006b9, stat_addr: c0005d1bf4, options: 40000002, ru: 0)
             exe-1050297 [003] ..... 1634085.082356: sys_write -> 0x3f
             exe-1049673 [000] ..... 1634085.082379: sys_nanosleep -> 0x0
             exe-1049673 [000] ..... 1634085.082386: sys_nanosleep(rqtp: c000069f10, rmtp: 0)
             exe-1050232 [000] ..... 1634085.082410: sys_wait4 -> 0x1006b9
             exe-1050232 [000] ..... 1634085.082416: sys_ptrace(request: 4204, pid: 1006b9, addr: 1, data: c0005d1c70)
             exe-1050232 [000] ..... 1634085.082421: sys_ptrace -> 0x0
             exe-1050232 [000] ..... 1634085.082423: sys_ptrace(request: 4204, pid: 1006b9, addr: 202, data: c0005d1c70)
             exe-1050232 [000] ..... 1634085.082426: sys_ptrace -> 0x0
             exe-1050232 [000] ..... 1634085.082436: sys_ptrace(request: 4205, pid: 1006b9, addr: 1, data: c0005d1c70)
             exe-1050232 [000] ..... 1634085.082439: sys_ptrace -> 0x0
             exe-1050232 [000] ..... 1634085.082440: sys_ptrace(request: 4205, pid: 1006b9, addr: 202, data: c0005d1c70)
             exe-1050232 [000] ..... 1634085.082454: sys_ptrace -> 0x0
             exe-1050232 [000] ..... 1634085.082456: sys_ptrace(request: 1f, pid: 1006b9, addr: 0, data: 0)
             exe-1050232 [000] .N... 1634085.082495: sys_ptrace -> 0x0
             exe-1050297 [003] ..... 1634085.082502: sys_epoll_ctl -> 0xffffffffffffffea
             exe-1049673 [000] ..... 1634085.082506: sys_nanosleep -> 0x0
             exe-1049673 [000] ..... 1634085.082513: sys_nanosleep(rqtp: c000069f10, rmtp: 0)
             exe-1050232 [000] ..... 1634085.082540: sys_wait4(upid: 1006b9, stat_addr: c0005d1bf4, options: 40000002, ru: 0)
             exe-1050232 [000] ..... 1634085.082544: sys_wait4 -> 0x1006b9
             exe-1050232 [000] ..... 1634085.082546: sys_ptrace(request: 4204, pid: 1006b9, addr: 1, data: c0005d1c70)
             exe-1050232 [000] ..... 1634085.082551: sys_ptrace -> 0x0
             exe-1050232 [000] ..... 1634085.082553: sys_ptrace(request: 4204, pid: 1006b9, addr: 202, data: c0005d1c70)
             exe-1050232 [000] ..... 1634085.082556: sys_ptrace -> 0x0
             exe-1050232 [000] ..... 1634085.082572: sys_pwrite64(fd: 63, buf: 7fd66e410080, count: 3d, pos: 3f)
             exe-1050232 [000] ..... 1634085.082574: tracing_mark_write: epoll_ctl(epfd=370, op=0x2, fd=279, event=0x560556a835b0) end
             exe-1050232 [000] ..... 1634085.154880: tracing_mark_write: epoll_ctl(epfd=370, op=0x2, fd=367, event=0x560556a835b0) start
             exe-1050232 [000] ..... 1634085.154882: sys_pwrite64 -> 0x3f
             exe-1050232 [000] ..... 1634085.154892: sys_ptrace(request: 4205, pid: 1006b9, addr: 1, data: c0005d1c70)
             exe-1050232 [000] ..... 1634085.154896: sys_ptrace -> 0x0
             exe-1050232 [000] ..... 1634085.154898: sys_ptrace(request: 4205, pid: 1006b9, addr: 202, data: c0005d1c70)
             exe-1050232 [000] .N... 1634085.154941: sys_ptrace -> 0x0
             exe-1049673 [000] ..... 1634085.154952: sys_nanosleep -> 0x0
             exe-1049673 [000] ..... 1634085.154959: sys_nanosleep(rqtp: c000069f10, rmtp: 0)
             exe-1050232 [000] ..... 1634085.154984: sys_ptrace(request: 1f, pid: 1006b9, addr: 0, data: 0)
             exe-1050232 [000] ..... 1634085.155000: sys_ptrace -> 0x0
             exe-1050232 [000] ..... 1634085.155004: sys_wait4(upid: 1006b9, stat_addr: c0005d1bf4, options: 40000002, ru: 0)
             exe-1050297 [003] ..... 1634085.155049: sys_write -> 0x3f
             exe-1049673 [000] ..... 1634085.155068: sys_nanosleep -> 0x0
             exe-1049673 [000] ..... 1634085.155075: sys_nanosleep(rqtp: c000069f10, rmtp: 0)
             exe-1050232 [000] ..... 1634085.155098: sys_wait4 -> 0x1006b9
             exe-1050232 [000] ..... 1634085.155104: sys_ptrace(request: 4204, pid: 1006b9, addr: 1, data: c0005d1c70)
             exe-1050232 [000] ..... 1634085.155109: sys_ptrace -> 0x0
             exe-1050232 [000] ..... 1634085.155111: sys_ptrace(request: 4204, pid: 1006b9, addr: 202, data: c0005d1c70)
             exe-1050232 [000] ..... 1634085.155113: sys_ptrace -> 0x0
             exe-1050232 [000] ..... 1634085.155123: sys_ptrace(request: 4205, pid: 1006b9, addr: 1, data: c0005d1c70)
             exe-1050232 [000] ..... 1634085.155126: sys_ptrace -> 0x0
             exe-1050232 [000] ..... 1634085.155127: sys_ptrace(request: 4205, pid: 1006b9, addr: 202, data: c0005d1c70)
             exe-1050232 [000] ..... 1634085.155139: sys_ptrace -> 0x0
             exe-1050232 [000] ..... 1634085.155141: sys_ptrace(request: 1f, pid: 1006b9, addr: 0, data: 0)
             exe-1050232 [000] .N... 1634085.155177: sys_ptrace -> 0x0
             exe-1050297 [003] ..... 1634085.155178: sys_epoll_ctl -> 0xffffffffffffffea
             exe-1049673 [000] ..... 1634085.155188: sys_nanosleep -> 0x0
             exe-1049673 [000] ..... 1634085.155194: sys_nanosleep(rqtp: c000069f10, rmtp: 0)
             exe-1050232 [000] ..... 1634085.155222: sys_wait4(upid: 1006b9, stat_addr: c0005d1bf4, options: 40000002, ru: 0)
             exe-1050232 [000] ..... 1634085.155225: sys_wait4 -> 0x1006b9
             exe-1050232 [000] ..... 1634085.155227: sys_ptrace(request: 4204, pid: 1006b9, addr: 1, data: c0005d1c70)
             exe-1050232 [000] ..... 1634085.155232: sys_ptrace -> 0x0
             exe-1050232 [000] ..... 1634085.155233: sys_ptrace(request: 4204, pid: 1006b9, addr: 202, data: c0005d1c70)
             exe-1050232 [000] ..... 1634085.155236: sys_ptrace -> 0x0
             exe-1050232 [000] ..... 1634085.155252: sys_pwrite64(fd: 63, buf: 7fd66e410080, count: 3d, pos: 3f)
             exe-1050232 [000] ..... 1634085.155255: tracing_mark_write: epoll_ctl(epfd=370, op=0x2, fd=367, event=0x560556a835b0) end
             exe-1050232 [002] ..... 1634085.227536: tracing_mark_write: epoll_ctl(epfd=283, op=0x2, fd=164, event=0x560556a835b0) start
             exe-1050232 [002] ..... 1634085.227538: sys_pwrite64 -> 0x3f
             exe-1049981 [000] ..... 1634085.227603: sys_epoll_pwait -> 0x0
             exe-1049981 [000] ..... 1634085.227616: sys_epoll_pwait(epfd: 11, events: c00063b840, maxevents: 80, timeout: 1, sigmask: 0, sigsetsize: 0)
             exe-1050232 [002] ..... 1634085.227620: sys_ptrace(request: 4205, pid: 1006b9, addr: 1, data: c0005d1c70)
             exe-1050232 [002] ..... 1634085.227625: sys_ptrace -> 0x0
             exe-1050232 [002] ..... 1634085.227627: sys_ptrace(request: 4205, pid: 1006b9, addr: 202, data: c0005d1c70)
             exe-1049673 [000] ..... 1634085.227633: sys_nanosleep -> 0x0
             exe-1049673 [000] ..... 1634085.227639: sys_nanosleep(rqtp: c000069f10, rmtp: 0)
             exe-1050232 [002] ..... 1634085.227642: sys_ptrace -> 0x0
             exe-1050232 [002] ..... 1634085.227644: sys_ptrace(request: 1f, pid: 1006b9, addr: 0, data: 0)
             exe-1050232 [002] ..... 1634085.227660: sys_ptrace -> 0x0
             exe-1050232 [002] ..... 1634085.227664: sys_wait4(upid: 1006b9, stat_addr: c0005d1bf4, options: 40000002, ru: 0)
             exe-1050297 [003] ..... 1634085.227677: sys_write -> 0x3f
             exe-1049673 [000] ..... 1634085.227731: sys_nanosleep -> 0x0
             exe-1049673 [000] ..... 1634085.227734: sys_nanosleep(rqtp: c000069f10, rmtp: 0)
             exe-1050232 [002] ..... 1634085.227738: sys_wait4 -> 0x1006b9
             exe-1050232 [002] ..... 1634085.227745: sys_ptrace(request: 4204, pid: 1006b9, addr: 1, data: c0005d1c70)
             exe-1050232 [002] ..... 1634085.227750: sys_ptrace -> 0x0
             exe-1050232 [002] ..... 1634085.227752: sys_ptrace(request: 4204, pid: 1006b9, addr: 202, data: c0005d1c70)
             exe-1050232 [002] ..... 1634085.227755: sys_ptrace -> 0x0
             exe-1050232 [002] ..... 1634085.227766: sys_ptrace(request: 4205, pid: 1006b9, addr: 1, data: c0005d1c70)
             exe-1050232 [002] ..... 1634085.227769: sys_ptrace -> 0x0
             exe-1050232 [002] ..... 1634085.227770: sys_ptrace(request: 4205, pid: 1006b9, addr: 202, data: c0005d1c70)
             exe-1050232 [002] ..... 1634085.227782: sys_ptrace -> 0x0
             exe-1050232 [002] ..... 1634085.227784: sys_ptrace(request: 1f, pid: 1006b9, addr: 0, data: 0)
             exe-1049673 [000] ..... 1634085.227819: sys_nanosleep -> 0x0
             exe-1049673 [000] ..... 1634085.227821: sys_nanosleep(rqtp: c000069f10, rmtp: 0)
             exe-1050232 [002] .N... 1634085.227824: sys_ptrace -> 0x0
             exe-1050297 [003] ..... 1634085.227831: sys_epoll_ctl -> 0xffffffffffffffea
             exe-1050232 [002] ..... 1634085.227871: sys_wait4(upid: 1006b9, stat_addr: c0005d1bf4, options: 40000002, ru: 0)
             exe-1050232 [002] ..... 1634085.227874: sys_wait4 -> 0x1006b9
             exe-1050232 [002] ..... 1634085.227877: sys_ptrace(request: 4204, pid: 1006b9, addr: 1, data: c0005d1c70)
             exe-1050232 [002] ..... 1634085.227881: sys_ptrace -> 0x0
             exe-1050232 [002] ..... 1634085.227883: sys_ptrace(request: 4204, pid: 1006b9, addr: 202, data: c0005d1c70)
             exe-1050232 [002] ..... 1634085.227886: sys_ptrace -> 0x0
             exe-1050232 [002] ..... 1634085.227904: sys_pwrite64(fd: 63, buf: 7fd66e410080, count: 3d, pos: 3f)
             exe-1049673 [000] ..... 1634085.227905: sys_nanosleep -> 0x0
             exe-1050232 [002] ..... 1634085.227906: tracing_mark_write: epoll_ctl(epfd=283, op=0x2, fd=164, event=0x560556a835b0) end
             exe-1050232 [002] ..... 1634085.303454: tracing_mark_write: epoll_ctl(epfd=164, op=0x2, fd=164, event=0x560556a835b0) start
             exe-1050232 [002] ..... 1634085.303456: sys_pwrite64 -> 0x3f
             exe-1050232 [002] ..... 1634085.303460: sys_ptrace(request: 4205, pid: 1006b9, addr: 1, data: c0005d1c70)
             exe-1049567 [001] ..... 1634085.303461: sys_nanosleep -> 0x0
             exe-1050232 [002] ..... 1634085.303463: sys_ptrace -> 0x0
             exe-1050232 [002] ..... 1634085.303464: sys_ptrace(request: 4205, pid: 1006b9, addr: 202, data: c0005d1c70)
             exe-1049567 [001] ..... 1634085.303464: sys_nanosleep(rqtp: c000069f10, rmtp: 0)
             exe-1050232 [002] ..... 1634085.303472: sys_ptrace -> 0x0
             exe-1050232 [002] ..... 1634085.303473: sys_ptrace(request: 1f, pid: 1006b9, addr: 0, data: 0)
             exe-1050232 [002] ..... 1634085.303479: sys_ptrace -> 0x0
             exe-1050232 [002] ..... 1634085.303481: sys_wait4(upid: 1006b9, stat_addr: c0005d1bf4, options: 40000002, ru: 0)
             exe-1050297 [003] ..... 1634085.303497: sys_write -> 0x3f
             exe-1050232 [002] ..... 1634085.303516: sys_wait4 -> 0x1006b9
             exe-1050232 [002] ..... 1634085.303518: sys_ptrace(request: 4204, pid: 1006b9, addr: 1, data: c0005d1c70)
             exe-1050232 [002] ..... 1634085.303527: sys_ptrace -> 0x0
             exe-1050232 [002] ..... 1634085.303529: sys_ptrace(request: 4204, pid: 1006b9, addr: 202, data: c0005d1c70)
             exe-1050232 [002] ..... 1634085.303533: sys_ptrace -> 0x0
             exe-1050232 [002] ..... 1634085.303538: sys_ptrace(request: 4205, pid: 1006b9, addr: 1, data: c0005d1c70)
             exe-1049673 [003] ..... 1634085.303546: sys_nanosleep -> 0x0
             exe-1050232 [002] ..... 1634085.303547: sys_ptrace -> 0x0
             exe-1050232 [002] ..... 1634085.303548: sys_ptrace(request: 4205, pid: 1006b9, addr: 202, data: c0005d1c70)
             exe-1049673 [003] ..... 1634085.303553: sys_nanosleep(rqtp: c000069f10, rmtp: 0)
             exe-1050232 [002] ..... 1634085.303554: sys_ptrace -> 0x0
             exe-1050232 [002] ..... 1634085.303556: sys_ptrace(request: 1f, pid: 1006b9, addr: 0, data: 0)
             exe-1050232 [002] ..... 1634085.303561: sys_ptrace -> 0x0
             exe-1050232 [002] ..... 1634085.303563: sys_wait4(upid: 1006b9, stat_addr: c0005d1bf4, options: 40000002, ru: 0)
             exe-1050297 [003] ..... 1634085.303582: sys_epoll_ctl -> 0xffffffffffffffea
             exe-1050232 [002] ..... 1634085.303600: sys_wait4 -> 0x1006b9
             exe-1050232 [002] ..... 1634085.303602: sys_ptrace(request: 4204, pid: 1006b9, addr: 1, data: c0005d1c70)
             exe-1050232 [002] ..... 1634085.303605: sys_ptrace -> 0x0
             exe-1050232 [002] ..... 1634085.303606: sys_ptrace(request: 4204, pid: 1006b9, addr: 202, data: c0005d1c70)
             exe-1050232 [002] ..... 1634085.303608: sys_ptrace -> 0x0
             exe-1050232 [002] ..... 1634085.303613: sys_pwrite64(fd: 63, buf: 7fd66e410080, count: 3d, pos: 3f)
             exe-1050232 [002] ..... 1634085.303614: tracing_mark_write: epoll_ctl(epfd=164, op=0x2, fd=164, event=0x560556a835b0) end
             exe-1050232 [002] ..... 1634085.380811: tracing_mark_write: epoll_ctl(epfd=164, op=0x2, fd=277, event=0x560556a835b0) start
             exe-1050232 [002] .N... 1634085.380835: sys_pwrite64 -> 0x3f
             exe-1049673 [003] ..... 1634085.380858: sys_nanosleep -> 0x0
             exe-1049673 [003] ..... 1634085.380861: sys_nanosleep(rqtp: c000069f10, rmtp: 0)
             exe-1050232 [002] ..... 1634085.380885: sys_ptrace(request: 4205, pid: 1006b9, addr: 1, data: c0005d1c70)
             exe-1050232 [002] ..... 1634085.380889: sys_ptrace -> 0x0
             exe-1050232 [002] ..... 1634085.380891: sys_ptrace(request: 4205, pid: 1006b9, addr: 202, data: c0005d1c70)
             exe-1050232 [002] ..... 1634085.380905: sys_ptrace -> 0x0
             exe-1050232 [002] ..... 1634085.380907: sys_ptrace(request: 1f, pid: 1006b9, addr: 0, data: 0)
             exe-1050232 [002] ..... 1634085.380916: sys_ptrace -> 0x0
             exe-1050232 [002] ..... 1634085.380919: sys_wait4(upid: 1006b9, stat_addr: c0005d1bf4, options: 40000002, ru: 0)
             exe-1050297 [003] ..... 1634085.380928: sys_write -> 0x3f
             exe-1049673 [003] ..... 1634085.380976: sys_nanosleep -> 0x0
             exe-1049673 [003] ..... 1634085.380982: sys_nanosleep(rqtp: c000069f10, rmtp: 0)
             exe-1050232 [002] ..... 1634085.380989: sys_wait4 -> 0x1006b9
             exe-1050232 [002] ..... 1634085.380995: sys_ptrace(request: 4204, pid: 1006b9, addr: 1, data: c0005d1c70)
             exe-1050232 [002] ..... 1634085.381000: sys_ptrace -> 0x0
             exe-1050232 [002] ..... 1634085.381002: sys_ptrace(request: 4204, pid: 1006b9, addr: 202, data: c0005d1c70)
             exe-1050232 [002] ..... 1634085.381004: sys_ptrace -> 0x0
             exe-1050232 [002] ..... 1634085.381015: sys_ptrace(request: 4205, pid: 1006b9, addr: 1, data: c0005d1c70)
             exe-1050232 [002] ..... 1634085.381017: sys_ptrace -> 0x0
             exe-1050232 [002] ..... 1634085.381018: sys_ptrace(request: 4205, pid: 1006b9, addr: 202, data: c0005d1c70)
             exe-1050232 [002] ..... 1634085.381030: sys_ptrace -> 0x0
             exe-1050232 [002] .N... 1634085.381056: sys_ptrace(request: 1f, pid: 1006b9, addr: 0, data: 0)
             exe-1050232 [002] .N... 1634085.381062: sys_ptrace -> 0x0
             exe-1050297 [003] ..... 1634085.381092: sys_epoll_ctl -> 0xffffffffffffffea
             exe-1050232 [002] ..... 1634085.381102: sys_wait4(upid: 1006b9, stat_addr: c0005d1bf4, options: 40000002, ru: 0)
             exe-1050232 [002] ..... 1634085.381105: sys_wait4 -> 0x1006b9
             exe-1050232 [002] ..... 1634085.381107: sys_ptrace(request: 4204, pid: 1006b9, addr: 1, data: c0005d1c70)
             exe-1049673 [003] ..... 1634085.381111: sys_nanosleep -> 0x0
