             exe-1049981 [002] .N... 1634082.295173: sys_ptrace -> 0x0
             exe-1050026 [002] ..... 1634082.295181: sys_epoll_ctl -> 0xffffffffffffffea
             exe-1049981 [002] ..... 1634082.295196: sys_wait4(upid: 1005aa, stat_addr: c0005d1bf4, options: 40000002, ru: 0)
             exe-1049981 [002] ..... 1634082.295198: sys_wait4 -> 0x1005aa
             exe-1049981 [002] ..... 1634082.295200: sys_ptrace(request: 4204, pid: 1005aa, addr: 1, data: c0005d1c70)
             exe-1049981 [002] ..... 1634082.295204: sys_ptrace -> 0x0
             exe-1049981 [002] ..... 1634082.295206: sys_ptrace(request: 4204, pid: 1005aa, addr: 202, data: c0005d1c70)
             exe-1049981 [002] ..... 1634082.295208: sys_ptrace -> 0x0
             exe-1049981 [002] ..... 1634082.295216: sys_pwrite64(fd: 63, buf: 7fd66e410080, count: 3b, pos: 3d)
             exe-1049981 [002] ..... 1634082.295217: tracing_mark_write: epoll_ctl(epfd=18, op=0x3, fd=18, event=0x560556a835b0) end
             exe-1049981 [002] ..... 1634082.361778: tracing_mark_write: epoll_ctl(epfd=17, op=0x3, fd=17, event=0x560556a835b0) start
             exe-1049981 [002] ..... 1634082.361780: sys_pwrite64 -> 0x3d
             exe-1049981 [002] ..... 1634082.361786: sys_ptrace(request: 4205, pid: 1005aa, addr: 1, data: c0005d1c70)
             exe-1049981 [002] ..... 1634082.361788: sys_ptrace -> 0x0
             exe-1049981 [002] ..... 1634082.361789: sys_ptrace(request: 4205, pid: 1005aa, addr: 202, data: c0005d1c70)
             exe-1049981 [002] ..... 1634082.361801: sys_ptrace -> 0x0
             exe-1049981 [002] ..... 1634082.361802: sys_ptrace(request: 1f, pid: 1005aa, addr: 0, data: 0)
             exe-1049981 [002] .N... 1634082.361809: sys_ptrace -> 0x0
             exe-1050026 [002] ..... 1634082.361817: sys_write -> 0x3d
             exe-1049673 [000] ..... 1634082.361821: sys_nanosleep -> 0x0
             exe-1049673 [000] ..... 1634082.361827: sys_nanosleep(rqtp: c000069f10, rmtp: 0)
             exe-1049981 [002] ..... 1634082.361832: sys_wait4(upid: 1005aa, stat_addr: c0005d1bf4, options: 40000002, ru: 0)
             exe-1049981 [002] ..... 1634082.361834: sys_wait4 -> 0x1005aa
             exe-1049981 [002] ..... 1634082.361836: sys_ptrace(request: 4204, pid: 1005aa, addr: 1, data: c0005d1c70)
             exe-1049981 [002] ..... 1634082.361839: sys_ptrace -> 0x0
             exe-1049981 [002] ..... 1634082.361841: sys_ptrace(request: 4204, pid: 1005aa, addr: 202, data: c0005d1c70)
             exe-1049981 [002] ..... 1634082.361844: sys_ptrace -> 0x0
             exe-1049567 [000] ..... 1634082.361845: sys_nanosleep -> 0x0
             exe-1049567 [000] ..... 1634082.361850: sys_nanosleep(rqtp: c000069f10, rmtp: 0)
             exe-1049981 [002] ..... 1634082.361850: sys_ptrace(request: 4205, pid: 1005aa, addr: 1, data: c0005d1c70)
             exe-1049981 [002] ..... 1634082.361853: sys_ptrace -> 0x0
             exe-1049981 [002] ..... 1634082.361854: sys_ptrace(request: 4205, pid: 1005aa, addr: 202, data: c0005d1c70)
             exe-1049981 [002] ..... 1634082.361864: sys_ptrace -> 0x0
             exe-1049981 [002] ..... 1634082.361865: sys_ptrace(request: 1f, pid: 1005aa, addr: 0, data: 0)
             exe-1049981 [002] .N... 1634082.361872: sys_ptrace -> 0x0
             exe-1050026 [002] ..... 1634082.361880: sys_epoll_ctl -> 0xffffffffffffffea
             exe-1049981 [002] ..... 1634082.361895: sys_wait4(upid: 1005aa, stat_addr: c0005d1bf4, options: 40000002, ru: 0)
             exe-1049981 [002] ..... 1634082.361897: sys_wait4 -> 0x1005aa
             exe-1049981 [002] ..... 1634082.361899: sys_ptrace(request: 4204, pid: 1005aa, addr: 1, data: c0005d1c70)
             exe-1049981 [002] ..... 1634082.361902: sys_ptrace -> 0x0
             exe-1049981 [002] ..... 1634082.361903: sys_ptrace(request: 4204, pid: 1005aa, addr: 202, data: c0005d1c70)
             exe-1049981 [002] ..... 1634082.361906: sys_ptrace -> 0x0
             exe-1049981 [002] ..... 1634082.361915: sys_pwrite64(fd: 63, buf: 7fd66e410080, count: 3b, pos: 3d)
             exe-1049981 [002] ..... 1634082.361916: tracing_mark_write: epoll_ctl(epfd=17, op=0x3, fd=17, event=0x560556a835b0) end
             exe-1049981 [002] ..... 1634082.427008: tracing_mark_write: epoll_ctl(epfd=273, op=0x3, fd=273, event=0x560556a835b0) start
             exe-1049981 [002] ..... 1634082.427010: sys_pwrite64 -> 0x3f
             exe-1049981 [002] ..... 1634082.427018: sys_ptrace(request: 4205, pid: 1005aa, addr: 1, data: c0005d1c70)
             exe-1049981 [002] ..... 1634082.427021: sys_ptrace -> 0x0
             exe-1049981 [002] ..... 1634082.427022: sys_ptrace(request: 4205, pid: 1005aa, addr: 202, data: c0005d1c70)
             exe-1049981 [002] ..... 1634082.427035: sys_ptrace -> 0x0
             exe-1049981 [002] ..... 1634082.427037: sys_ptrace(request: 1f, pid: 1005aa, addr: 0, data: 0)
             exe-1049673 [000] ..... 1634082.427048: sys_nanosleep -> 0x0
             exe-1049981 [002] ..... 1634082.427054: sys_ptrace -> 0x0
             exe-1049673 [000] ..... 1634082.427054: sys_nanosleep(rqtp: c000069f10, rmtp: 0)
             exe-1049981 [002] ..... 1634082.427056: sys_wait4(upid: 1005aa, stat_addr: c0005d1bf4, options: 40000002, ru: 0)
             exe-1049567 [000] ..... 1634082.427077: sys_nanosleep -> 0x0
             exe-1049567 [000] ..... 1634082.427083: sys_nanosleep(rqtp: c000069f10, rmtp: 0)
             exe-1050026 [003] ..... 1634082.427123: sys_write -> 0x3f
             exe-1049981 [002] ..... 1634082.427167: sys_wait4 -> 0x1005aa
             exe-1049981 [002] ..... 1634082.427170: sys_ptrace(request: 4204, pid: 1005aa, addr: 1, data: c0005d1c70)
             exe-1049981 [002] ..... 1634082.427173: sys_ptrace -> 0x0
             exe-1049981 [002] ..... 1634082.427176: sys_ptrace(request: 4204, pid: 1005aa, addr: 202, data: c0005d1c70)
             exe-1049567 [000] ..... 1634082.427178: sys_nanosleep -> 0x0
             exe-1049981 [002] ..... 1634082.427178: sys_ptrace -> 0x0
             exe-1049567 [000] ..... 1634082.427181: sys_nanosleep(rqtp: c000069f10, rmtp: 0)
             exe-1049981 [002] ..... 1634082.427186: sys_ptrace(request: 4205, pid: 1005aa, addr: 1, data: c0005d1c70)
             exe-1049981 [002] ..... 1634082.427189: sys_ptrace -> 0x0
             exe-1049981 [002] ..... 1634082.427190: sys_ptrace(request: 4205, pid: 1005aa, addr: 202, data: c0005d1c70)
             exe-1049673 [000] ..... 1634082.427193: sys_nanosleep -> 0x0
             exe-1049673 [000] ..... 1634082.427198: sys_nanosleep(rqtp: c000069f10, rmtp: 0)
             exe-1049981 [002] ..... 1634082.427200: sys_ptrace -> 0x0
             exe-1049981 [002] ..... 1634082.427202: sys_ptrace(request: 1f, pid: 1005aa, addr: 0, data: 0)
             exe-1049981 [002] ..... 1634082.427212: sys_ptrace -> 0x0
             exe-1049981 [002] ..... 1634082.427215: sys_wait4(upid: 1005aa, stat_addr: c0005d1bf4, options: 40000002, ru: 0)
             exe-1049567 [000] ..... 1634082.427305: sys_nanosleep -> 0x0
             exe-1049567 [000] ..... 1634082.427310: sys_nanosleep(rqtp: c000069f10, rmtp: 0)
             exe-1050026 [003] ..... 1634082.427408: sys_epoll_ctl -> 0xffffffffffffffea
             exe-1049981 [002] ..... 1634082.427444: sys_wait4 -> 0x1005aa
             exe-1049981 [002] ..... 1634082.427446: sys_ptrace(request: 4204, pid: 1005aa, addr: 1, data: c0005d1c70)
             exe-1049981 [002] ..... 1634082.427449: sys_ptrace -> 0x0
             exe-1049981 [002] ..... 1634082.427451: sys_ptrace(request: 4204, pid: 1005aa, addr: 202, data: c0005d1c70)
             exe-1049981 [002] ..... 1634082.427453: sys_ptrace -> 0x0
             exe-1049981 [002] ..... 1634082.427460: sys_pwrite64(fd: 63, buf: 7fd66e410080, count: 3d, pos: 3f)
             exe-1049981 [002] ..... 1634082.427461: tracing_mark_write: epoll_ctl(epfd=273, op=0x3, fd=273, event=0x560556a835b0) end
             exe-1049981 [003] ..... 1634082.502988: tracing_mark_write: epoll_ctl(epfd=285, op=0x3, fd=285, event=0x560556a835b0) start
             exe-1049981 [003] ..... 1634082.502990: sys_pwrite64 -> 0x3f
             exe-1049981 [003] ..... 1634082.502996: sys_ptrace(request: 4205, pid: 1005aa, addr: 1, data: c0005d1c70)
             exe-1049981 [003] ..... 1634082.502998: sys_ptrace -> 0x0
             exe-1049981 [003] ..... 1634082.503000: sys_ptrace(request: 4205, pid: 1005aa, addr: 202, data: c0005d1c70)
             exe-1049981 [003] ..... 1634082.503010: sys_ptrace -> 0x0
             exe-1049981 [003] ..... 1634082.503011: sys_ptrace(request: 1f, pid: 1005aa, addr: 0, data: 0)
             exe-1049981 [003] ..... 1634082.503018: sys_ptrace -> 0x0
             exe-1049981 [003] ..... 1634082.503020: sys_wait4(upid: 1005aa, stat_addr: c0005d1bf4, options: 40000002, ru: 0)
             exe-1050026 [003] ..... 1634082.503032: sys_write -> 0x3f
             exe-1049981 [003] ..... 1634082.503052: sys_wait4 -> 0x1005aa
             exe-1049981 [003] ..... 1634082.503056: sys_ptrace(request: 4204, pid: 1005aa, addr: 1, data: c0005d1c70)
             exe-1049981 [003] ..... 1634082.503060: sys_ptrace -> 0x0
             exe-1049981 [003] ..... 1634082.503061: sys_ptrace(request: 4204, pid: 1005aa, addr: 202, data: c0005d1c70)
             exe-1049981 [003] ..... 1634082.503063: sys_ptrace -> 0x0
             exe-1049981 [003] ..... 1634082.503071: sys_ptrace(request: 4205, pid: 1005aa, addr: 1, data: c0005d1c70)
             exe-1049981 [003] ..... 1634082.503073: sys_ptrace -> 0x0
             exe-1049981 [003] ..... 1634082.503075: sys_ptrace(request: 4205, pid: 1005aa, addr: 202, data: c0005d1c70)
             exe-1049981 [003] ..... 1634082.503084: sys_ptrace -> 0x0
             exe-1049981 [003] ..... 1634082.503085: sys_ptrace(request: 1f, pid: 1005aa, addr: 0, data: 0)
             exe-1049981 [003] ..... 1634082.503091: sys_ptrace -> 0x0
             exe-1049981 [003] ..... 1634082.503093: sys_wait4(upid: 1005aa, stat_addr: c0005d1bf4, options: 40000002, ru: 0)
             exe-1050026 [003] ..... 1634082.503105: sys_epoll_ctl -> 0xffffffffffffffea
             exe-1049981 [003] ..... 1634082.503125: sys_wait4 -> 0x1005aa
             exe-1049981 [003] ..... 1634082.503129: sys_ptrace(request: 4204, pid: 1005aa, addr: 1, data: c0005d1c70)
             exe-1049981 [003] ..... 1634082.503133: sys_ptrace -> 0x0
             exe-1049981 [003] ..... 1634082.503135: sys_ptrace(request: 4204, pid: 1005aa, addr: 202, data: c0005d1c70)
             exe-1049981 [003] ..... 1634082.503137: sys_ptrace -> 0x0
             exe-1049981 [003] ..... 1634082.503146: sys_pwrite64(fd: 63, buf: 7fd66e410080, count: 3d, pos: 3f)
             exe-1049981 [003] ..... 1634082.503147: tracing_mark_write: epoll_ctl(epfd=285, op=0x3, fd=285, event=0x560556a835b0) end
             exe-1049981 [003] ..... 1634082.574361: tracing_mark_write: epoll_ctl(epfd=21, op=0x3, fd=281, event=0x560556a835b0) start
             exe-1049981 [003] ..... 1634082.574362: sys_pwrite64 -> 0x3e
             exe-1049673 [001] ..... 1634082.574374: sys_nanosleep -> 0x0
             exe-1049673 [001] ..... 1634082.574377: sys_nanosleep(rqtp: c000069f10, rmtp: 0)
             exe-1049981 [003] ..... 1634082.574397: sys_ptrace(request: 4205, pid: 1005aa, addr: 1, data: c0005d1c70)
             exe-1049981 [003] .N... 1634082.574401: sys_ptrace -> 0x0
             exe-1049981 [003] ..... 1634082.574446: sys_ptrace(request: 4205, pid: 1005aa, addr: 202, data: c0005d1c70)
             exe-1049567 [000] ..... 1634082.574450: sys_nanosleep -> 0x0
             exe-1049567 [000] ..... 1634082.574453: sys_nanosleep(rqtp: c000069f10, rmtp: 0)
             exe-1049981 [003] ..... 1634082.574460: sys_ptrace -> 0x0
             exe-1049981 [003] ..... 1634082.574462: sys_ptrace(request: 1f, pid: 1005aa, addr: 0, data: 0)
             exe-1049981 [003] .N... 1634082.574469: sys_ptrace -> 0x0
             exe-1049673 [001] ..... 1634082.574479: sys_nanosleep -> 0x0
             exe-1049673 [001] ..... 1634082.574482: sys_nanosleep(rqtp: c000069f10, rmtp: 0)
             exe-1050026 [003] ..... 1634082.574482: sys_write -> 0x3e
             exe-1049567 [000] ..... 1634082.574547: sys_nanosleep -> 0x0
             exe-1049567 [000] ..... 1634082.574550: sys_nanosleep(rqtp: c000069f10, rmtp: 0)
             exe-1049981 [003] ..... 1634082.574576: sys_wait4(upid: 1005aa, stat_addr: c0005d1bf4, options: 40000002, ru: 0)
             exe-1049981 [003] ..... 1634082.574579: sys_wait4 -> 0x1005aa
             exe-1049673 [001] ..... 1634082.574582: sys_nanosleep -> 0x0
             exe-1049981 [003] ..... 1634082.574582: sys_ptrace(request: 4204, pid: 1005aa, addr: 1, data: c0005d1c70)
             exe-1049673 [001] ..... 1634082.574585: sys_nanosleep(rqtp: c000069f10, rmtp: 0)
             exe-1049981 [003] ..... 1634082.574586: sys_ptrace -> 0x0
             exe-1049981 [003] ..... 1634082.574588: sys_ptrace(request: 4204, pid: 1005aa, addr: 202, data: c0005d1c70)
             exe-1049981 [003] ..... 1634082.574590: sys_ptrace -> 0x0
             exe-1049981 [003] ..... 1634082.574600: sys_ptrace(request: 4205, pid: 1005aa, addr: 1, data: c0005d1c70)
             exe-1049981 [003] ..... 1634082.574603: sys_ptrace -> 0x0
             exe-1049981 [003] ..... 1634082.574604: sys_ptrace(request: 4205, pid: 1005aa, addr: 202, data: c0005d1c70)
             exe-1049981 [003] ..... 1634082.574615: sys_ptrace -> 0x0
             exe-1049981 [003] ..... 1634082.574617: sys_ptrace(request: 1f, pid: 1005aa, addr: 0, data: 0)
             exe-1049567 [000] ..... 1634082.574642: sys_nanosleep -> 0x0
             exe-1049567 [000] ..... 1634082.574645: sys_nanosleep(rqtp: c000069f10, rmtp: 0)
             exe-1049981 [003] .N... 1634082.574647: sys_ptrace -> 0x0
             exe-1049673 [001] ..... 1634082.574685: sys_nanosleep -> 0x0
             exe-1049673 [001] ..... 1634082.574688: sys_nanosleep(rqtp: c000069f10, rmtp: 0)
             exe-1050026 [003] ..... 1634082.574689: sys_epoll_ctl -> 0xffffffffffffffea
             exe-1049981 [003] ..... 1634082.574716: sys_wait4(upid: 1005aa, stat_addr: c0005d1bf4, options: 40000002, ru: 0)
             exe-1049981 [003] ..... 1634082.574719: sys_wait4 -> 0x1005aa
             exe-1049981 [003] ..... 1634082.574722: sys_ptrace(request: 4204, pid: 1005aa, addr: 1, data: c0005d1c70)
             exe-1049981 [003] ..... 1634082.574727: sys_ptrace -> 0x0
             exe-1049981 [003] ..... 1634082.574728: sys_ptrace(request: 4204, pid: 1005aa, addr: 202, data: c0005d1c70)
             exe-1049981 [003] ..... 1634082.574731: sys_ptrace -> 0x0
             exe-1049567 [000] ..... 1634082.574736: sys_nanosleep -> 0x0
             exe-1049567 [000] ..... 1634082.574739: sys_nanosleep(rqtp: c000069f10, rmtp: 0)
             exe-1049567 [000] ..... 1634082.575346: sys_nanosleep -> 0x0
             exe-1049981 [003] ..... 1634082.575350: sys_pwrite64(fd: 63, buf: 7fd66e410080, count: 3c, pos: 3e)
             exe-1049673 [001] ..... 1634082.575351: sys_nanosleep -> 0x0
             exe-1049981 [003] ..... 1634082.575353: tracing_mark_write: epoll_ctl(epfd=21, op=0x3, fd=281, event=0x560556a835b0) end
             exe-1049981 [003] ..... 1634082.632349: tracing_mark_write: epoll_ctl(epfd=281, op=0x3, fd=276, event=0x560556a835b0) start
             exe-1049981 [003] ..... 1634082.632350: sys_pwrite64 -> 0x3f
             exe-1049981 [003] ..... 1634082.632357: sys_ptrace(request: 4205, pid: 1005aa, addr: 1, data: c0005d1c70)
             exe-1049981 [003] ..... 1634082.632359: sys_ptrace -> 0x0
             exe-1049981 [003] ..... 1634082.632361: sys_ptrace(request: 4205, pid: 1005aa, addr: 202, data: c0005d1c70)
             exe-1049673 [001] ..... 1634082.632362: sys_nanosleep -> 0x0
             exe-1049673 [001] ..... 1634082.632364: sys_nanosleep(rqtp: c000069f10, rmtp: 0)
             exe-1049981 [003] ..... 1634082.632371: sys_ptrace -> 0x0
             exe-1049981 [003] ..... 1634082.632373: sys_ptrace(request: 1f, pid: 1005aa, addr: 0, data: 0)
             exe-1049981 [003] .N... 1634082.632380: sys_ptrace -> 0x0
             exe-1050026 [003] ..... 1634082.632391: sys_write -> 0x3f
             exe-1049981 [003] ..... 1634082.632411: sys_wait4(upid: 1005aa, stat_addr: c0005d1bf4, options: 40000002, ru: 0)
             exe-1049981 [003] ..... 1634082.632413: sys_wait4 -> 0x1005aa
             exe-1049981 [003] ..... 1634082.632416: sys_ptrace(request: 4204, pid: 1005aa, addr: 1, data: c0005d1c70)
             exe-1049981 [003] ..... 1634082.632419: sys_ptrace -> 0x0
             exe-1049981 [003] ..... 1634082.632421: sys_ptrace(request: 4204, pid: 1005aa, addr: 202, data: c0005d1c70)
             exe-1049981 [003] ..... 1634082.632423: sys_ptrace -> 0x0
             exe-1049981 [003] ..... 1634082.632431: sys_ptrace(request: 4205, pid: 1005aa, addr: 1, data: c0005d1c70)
             exe-1049981 [003] ..... 1634082.632433: sys_ptrace -> 0x0
             exe-1049981 [003] ..... 1634082.632435: sys_ptrace(request: 4205, pid: 1005aa, addr: 202, data: c0005d1c70)
             exe-1049981 [003] ..... 1634082.632443: sys_ptrace -> 0x0
             exe-1049981 [003] ..... 1634082.632445: sys_ptrace(request: 1f, pid: 1005aa, addr: 0, data: 0)
             exe-1049981 [003] .N... 1634082.632452: sys_ptrace -> 0x0
             exe-1049673 [001] ..... 1634082.632454: sys_nanosleep -> 0x0
             exe-1049673 [001] ..... 1634082.632456: sys_nanosleep(rqtp: c000069f10, rmtp: 0)
             exe-1050026 [003] ..... 1634082.632462: sys_epoll_ctl -> 0xffffffffffffffea
             exe-1049981 [003] ..... 1634082.632481: sys_wait4(upid: 1005aa, stat_addr: c0005d1bf4, options: 40000002, ru: 0)
             exe-1049981 [003] ..... 1634082.632484: sys_wait4 -> 0x1005aa
             exe-1049981 [003] ..... 1634082.632486: sys_ptrace(request: 4204, pid: 1005aa, addr: 1, data: c0005d1c70)
             exe-1049981 [003] ..... 1634082.632490: sys_ptrace -> 0x0
             exe-1049981 [003] ..... 1634082.632492: sys_ptrace(request: 4204, pid: 1005aa, addr: 202, data: c0005d1c70)
             exe-1049981 [003] ..... 1634082.632494: sys_ptrace -> 0x0
             exe-1049981 [003] ..... 1634082.632508: sys_pwrite64(fd: 63, buf: 7fd66e410080, count: 3d, pos: 3f)
             exe-1049981 [003] ..... 1634082.632509: tracing_mark_write: epoll_ctl(epfd=281, op=0x3, fd=276, event=0x560556a835b0) end
             exe-1049981 [003] ..... 1634082.709070: tracing_mark_write: epoll_ctl(epfd=281, op=0x3, fd=274, event=0x560556a835b0) start
             exe-1049981 [003] ..... 1634082.709072: sys_pwrite64 -> 0x3f
             exe-1049981 [003] ..... 1634082.709084: sys_ptrace(request: 4205, pid: 1005aa, addr: 1, data: c0005d1c70)
             exe-1049981 [003] ..... 1634082.709086: sys_ptrace -> 0x0
             exe-1049981 [003] ..... 1634082.709088: sys_ptrace(request: 4205, pid: 1005aa, addr: 202, data: c0005d1c70)
             exe-1049981 [003] ..... 1634082.709099: sys_ptrace -> 0x0
             exe-1049981 [003] ..... 1634082.709102: sys_ptrace(request: 1f, pid: 1005aa, addr: 0, data: 0)
             exe-1049981 [003] .N... 1634082.709109: sys_ptrace -> 0x0
             exe-1050026 [003] ..... 1634082.709120: sys_write -> 0x3f
             exe-1049981 [003] ..... 1634082.709140: sys_wait4(upid: 1005aa, stat_addr: c0005d1bf4, options: 40000002, ru: 0)
             exe-1049981 [003] ..... 1634082.709143: sys_wait4 -> 0x1005aa
             exe-1049673 [001] ..... 1634082.709145: sys_nanosleep -> 0x0
             exe-1049981 [003] ..... 1634082.709145: sys_ptrace(request: 4204, pid: 1005aa, addr: 1, data: c0005d1c70)
             exe-1049673 [001] ..... 1634082.709147: sys_nanosleep(rqtp: c000069f10, rmtp: 0)
             exe-1049981 [003] ..... 1634082.709149: sys_ptrace -> 0x0
             exe-1049981 [003] ..... 1634082.709150: sys_ptrace(request: 4204, pid: 1005aa, addr: 202, data: c0005d1c70)
             exe-1049981 [003] ..... 1634082.709153: sys_ptrace -> 0x0
             exe-1049981 [003] ..... 1634082.709178: sys_ptrace(request: 4205, pid: 1005aa, addr: 1, data: c0005d1c70)
             exe-1049981 [003] ..... 1634082.709181: sys_ptrace -> 0x0
             exe-1049981 [003] ..... 1634082.709182: sys_ptrace(request: 4205, pid: 1005aa, addr: 202, data: c0005d1c70)
             exe-1049981 [003] ..... 1634082.709192: sys_ptrace -> 0x0
             exe-1049981 [003] ..... 1634082.709194: sys_ptrace(request: 1f, pid: 1005aa, addr: 0, data: 0)
             exe-1049981 [003] .N... 1634082.709201: sys_ptrace -> 0x0
             exe-1050026 [003] ..... 1634082.709211: sys_epoll_ctl -> 0xffffffffffffffea
             exe-1049981 [003] ..... 1634082.709231: sys_wait4(upid: 1005aa, stat_addr: c0005d1bf4, options: 40000002, ru: 0)
             exe-1049673 [001] ..... 1634082.709233: sys_nanosleep -> 0x0
             exe-1049981 [003] ..... 1634082.709234: sys_wait4 -> 0x1005aa
             exe-1049673 [001] ..... 1634082.709235: sys_nanosleep(rqtp: c000069f10, rmtp: 0)
             exe-1049981 [003] ..... 1634082.709236: sys_ptrace(request: 4204, pid: 1005aa, addr: 1, data: c0005d1c70)
             exe-1049981 [003] ..... 1634082.709240: sys_ptrace -> 0x0
             exe-1049981 [003] ..... 1634082.709241: sys_ptrace(request: 4204, pid: 1005aa, addr: 202, data: c0005d1c70)
             exe-1049981 [003] ..... 1634082.709244: sys_ptrace -> 0x0
             exe-1049981 [003] ..... 1634082.709253: sys_pwrite64(fd: 63, buf: 7fd66e410080, count: 3d, pos: 3f)
             exe-1049981 [003] ..... 1634082.709255: tracing_mark_write: epoll_ctl(epfd=281, op=0x3, fd=274, event=0x560556a835b0) end
             exe-1049981 [003] ..... 1634082.773332: tracing_mark_write: epoll_ctl(epfd=274, op=0x3, fd=274, event=0x560556a835b0) start
             exe-1049981 [003] ..... 1634082.773333: sys_pwrite64 -> 0x3f
             exe-1049981 [003] ..... 1634082.773343: sys_ptrace(request: 4205, pid: 1005aa, addr: 1, data: c0005d1c70)
             exe-1049981 [003] ..... 1634082.773347: sys_ptrace -> 0x0
             exe-1049981 [003] ..... 1634082.773348: sys_ptrace(request: 4205, pid: 1005aa, addr: 202, data: c0005d1c70)
             exe-1049981 [003] ..... 1634082.773432: sys_ptrace -> 0x0
             exe-1049981 [003] ..... 1634082.773436: sys_ptrace(request: 1f, pid: 1005aa, addr: 0, data: 0)
             exe-1049981 [003] .N... 1634082.773444: sys_ptrace -> 0x0
             exe-1050026 [003] ..... 1634082.773457: sys_write -> 0x3f
             exe-1049981 [003] .N... 1634082.773506: sys_wait4(upid: 1005aa, stat_addr: c0005d1bf4, options: 40000002, ru: 0)
             exe-1049981 [003] .N... 1634082.773509: sys_wait4 -> 0x1005aa
             exe-1049981 [003] ..... 1634082.773556: sys_ptrace(request: 4204, pid: 1005aa, addr: 1, data: c0005d1c70)
             exe-1049981 [003] ..... 1634082.773561: sys_ptrace -> 0x0
             exe-1049981 [003] ..... 1634082.773563: sys_ptrace(request: 4204, pid: 1005aa, addr: 202, data: c0005d1c70)
             exe-1049981 [003] ..... 1634082.773566: sys_ptrace -> 0x0
             exe-1049981 [003] ..... 1634082.773575: sys_ptrace(request: 4205, pid: 1005aa, addr: 1, data: c0005d1c70)
             exe-1049981 [003] ..... 1634082.773578: sys_ptrace -> 0x0
             exe-1049981 [003] ..... 1634082.773579: sys_ptrace(request: 4205, pid: 1005aa, addr: 202, data: c0005d1c70)
             exe-1049981 [003] ..... 1634082.773591: sys_ptrace -> 0x0
             exe-1049981 [003] ..... 1634082.773593: sys_ptrace(request: 1f, pid: 1005aa, addr: 0, data: 0)
             exe-1049981 [003] .N... 1634082.773622: sys_ptrace -> 0x0
             exe-1050026 [003] ..... 1634082.773664: sys_epoll_ctl -> 0xffffffffffffffea
             exe-1049981 [003] ..... 1634082.773692: sys_wait4(upid: 1005aa, stat_addr: c0005d1bf4, options: 40000002, ru: 0)
             exe-1049981 [003] ..... 1634082.773696: sys_wait4 -> 0x1005aa
             exe-1049673 [002] ..... 1634082.773697: sys_nanosleep -> 0x0
             exe-1049981 [003] ..... 1634082.773698: sys_ptrace(request: 4204, pid: 1005aa, addr: 1, data: c0005d1c70)
             exe-1049673 [002] ..... 1634082.773699: sys_nanosleep(rqtp: c000069f10, rmtp: 0)
             exe-1049981 [003] ..... 1634082.773703: sys_ptrace -> 0x0
             exe-1049981 [003] ..... 1634082.773705: sys_ptrace(request: 4204, pid: 1005aa, addr: 202, data: c0005d1c70)
             exe-1049981 [003] ..... 1634082.773708: sys_ptrace -> 0x0
             exe-1049981 [003] ..... 1634082.773797: sys_pwrite64(fd: 63, buf: 7fd66e410080, count: 3d, pos: 3f)
             exe-1049981 [003] ..... 1634082.773800: tracing_mark_write: epoll_ctl(epfd=274, op=0x3, fd=274, event=0x560556a835b0) end
             exe-1049981 [003] ..... 1634082.835702: tracing_mark_write: epoll_ctl(epfd=312, op=0x3, fd=374, event=0x560556a835b0) start
             exe-1049981 [003] ..... 1634082.835704: sys_pwrite64 -> 0x3f
             exe-1049981 [003] ..... 1634082.835712: sys_ptrace(request: 4205, pid: 1005aa, addr: 1, data: c0005d1c70)
             exe-1049981 [003] ..... 1634082.835716: sys_ptrace -> 0x0
             exe-1049981 [003] ..... 1634082.835718: sys_ptrace(request: 4205, pid: 1005aa, addr: 202, data: c0005d1c70)
             exe-1049673 [002] ..... 1634082.835721: sys_nanosleep -> 0x0
             exe-1049673 [002] ..... 1634082.835723: sys_nanosleep(rqtp: c000069f10, rmtp: 0)
             exe-1049981 [003] ..... 1634082.835801: sys_ptrace -> 0x0
             exe-1049981 [003] ..... 1634082.835805: sys_ptrace(request: 1f, pid: 1005aa, addr: 0, data: 0)
             exe-1049981 [003] .N... 1634082.835813: sys_ptrace -> 0x0
             exe-1049673 [002] ..... 1634082.835820: sys_nanosleep -> 0x0
             exe-1049673 [002] ..... 1634082.835823: sys_nanosleep(rqtp: c000069f10, rmtp: 0)
             exe-1050026 [003] ..... 1634082.835826: sys_write -> 0x3f
             exe-1049673 [002] ..... 1634082.835914: sys_nanosleep -> 0x0
             exe-1049981 [003] ..... 1634082.835916: sys_wait4(upid: 1005aa, stat_addr: c0005d1bf4, options: 40000002, ru: 0)
             exe-1049673 [002] ..... 1634082.835916: sys_nanosleep(rqtp: c000069f10, rmtp: 0)
             exe-1049981 [003] ..... 1634082.835919: sys_wait4 -> 0x1005aa
             exe-1049981 [003] ..... 1634082.835921: sys_ptrace(request: 4204, pid: 1005aa, addr: 1, data: c0005d1c70)
             exe-1049981 [003] ..... 1634082.835925: sys_ptrace -> 0x0
             exe-1049981 [003] ..... 1634082.835927: sys_ptrace(request: 4204, pid: 1005aa, addr: 202, data: c0005d1c70)
             exe-1049981 [003] ..... 1634082.835930: sys_ptrace -> 0x0
             exe-1049981 [003] ..... 1634082.835940: sys_ptrace(request: 4205, pid: 1005aa, addr: 1, data: c0005d1c70)
             exe-1049981 [003] ..... 1634082.835942: sys_ptrace -> 0x0
             exe-1049981 [003] ..... 1634082.835944: sys_ptrace(request: 4205, pid: 1005aa, addr: 202, data: c0005d1c70)
             exe-1049981 [003] ..... 1634082.835955: sys_ptrace -> 0x0
             exe-1049981 [003] ..... 1634082.835957: sys_ptrace(request: 1f, pid: 1005aa, addr: 0, data: 0)
             exe-1049981 [003] .N... 1634082.835986: sys_ptrace -> 0x0
             exe-1049673 [002] ..... 1634082.836007: sys_nanosleep -> 0x0
             exe-1049673 [002] ..... 1634082.836009: sys_nanosleep(rqtp: c000069f10, rmtp: 0)
             exe-1050026 [003] ..... 1634082.836043: sys_epoll_ctl -> 0xffffffffffffffea
             exe-1049981 [003] ..... 1634082.836071: sys_wait4(upid: 1005aa, stat_addr: c0005d1bf4, options: 40000002, ru: 0)
             exe-1049673 [002] ..... 1634082.836101: sys_nanosleep -> 0x0
             exe-1049981 [003] .N... 1634082.836103: sys_wait4 -> 0x1005aa
             exe-1049673 [002] ..... 1634082.836104: sys_nanosleep(rqtp: c000069f10, rmtp: 0)
             exe-1049981 [003] ..... 1634082.836149: sys_ptrace(request: 4204, pid: 1005aa, addr: 1, data: c0005d1c70)
             exe-1049981 [003] ..... 1634082.836155: sys_ptrace -> 0x0
             exe-1049981 [003] ..... 1634082.836157: sys_ptrace(request: 4204, pid: 1005aa, addr: 202, data: c0005d1c70)
             exe-1049981 [003] ..... 1634082.836160: sys_ptrace -> 0x0
             exe-1049981 [003] ..... 1634082.836175: sys_pwrite64(fd: 63, buf: 7fd66e410080, count: 3d, pos: 3f)
             exe-1049981 [003] ..... 1634082.836177: tracing_mark_write: epoll_ctl(epfd=312, op=0x3, fd=374, event=0x560556a835b0) end
             exe-1049981 [001] ..... 1634082.909981: tracing_mark_write: epoll_ctl(epfd=369, op=0x3, fd=369, event=0x560556a835b0) start
             exe-1049981 [001] ..... 1634082.909995: sys_pwrite64 -> 0x3f
             exe-1049981 [001] ..... 1634082.910003: sys_ptrace(request: 4205, pid: 1005aa, addr: 1, data: c0005d1c70)
             exe-1049981 [001] ..... 1634082.910007: sys_ptrace -> 0x0
             exe-1049981 [001] ..... 1634082.910009: sys_ptrace(request: 4205, pid: 1005aa, addr: 202, data: c0005d1c70)
             exe-1049981 [001] ..... 1634082.910020: sys_ptrace -> 0x0
             exe-1049981 [001] ..... 1634082.910022: sys_ptrace(request: 1f, pid: 1005aa, addr: 0, data: 0)
             exe-1049981 [001] ..... 1634082.910033: sys_ptrace -> 0x0
             exe-1049981 [001] ..... 1634082.910036: sys_wait4(upid: 1005aa, stat_addr: c0005d1bf4, options: 40000002, ru: 0)
             exe-1050026 [000] ..... 1634082.910051: sys_write -> 0x3f
             exe-1049673 [001] ..... 1634082.910053: sys_nanosleep -> 0x0
             exe-1049673 [001] ..... 1634082.910071: sys_nanosleep(rqtp: c000069f10, rmtp: 0)
             exe-1049981 [001] ..... 1634082.910099: sys_wait4 -> 0x1005aa
             exe-1049981 [001] ..... 1634082.910105: sys_ptrace(request: 4204, pid: 1005aa, addr: 1, data: c0005d1c70)
             exe-1049981 [001] ..... 1634082.910110: sys_ptrace -> 0x0
             exe-1049981 [001] ..... 1634082.910112: sys_ptrace(request: 4204, pid: 1005aa, addr: 202, data: c0005d1c70)
             exe-1049981 [001] ..... 1634082.910116: sys_ptrace -> 0x0
             exe-1049981 [001] ..... 1634082.910128: sys_ptrace(request: 4205, pid: 1005aa, addr: 1, data: c0005d1c70)
             exe-1049981 [001] ..... 1634082.910131: sys_ptrace -> 0x0
             exe-1049981 [001] ..... 1634082.910133: sys_ptrace(request: 4205, pid: 1005aa, addr: 202, data: c0005d1c70)
             exe-1049981 [001] ..... 1634082.910146: sys_ptrace -> 0x0
             exe-1049981 [001] ..... 1634082.910148: sys_ptrace(request: 1f, pid: 1005aa, addr: 0, data: 0)
             exe-1050026 [000] ..... 1634082.910175: sys_epoll_ctl -> 0xffffffffffffffea
             exe-1049981 [001] ..... 1634082.910176: sys_ptrace -> 0x0
             exe-1049981 [001] ..... 1634082.910179: sys_wait4(upid: 1005aa, stat_addr: c0005d1bf4, options: 40000002, ru: 0)
             exe-1049981 [001] ..... 1634082.910182: sys_wait4 -> 0x1005aa
             exe-1049981 [001] ..... 1634082.910184: sys_ptrace(request: 4204, pid: 1005aa, addr: 1, data: c0005d1c70)
             exe-1049981 [001] ..... 1634082.910187: sys_ptrace -> 0x0
             exe-1049981 [001] ..... 1634082.910188: sys_ptrace(request: 4204, pid: 1005aa, addr: 202, data: c0005d1c70)
             exe-1049981 [001] ..... 1634082.910191: sys_ptrace -> 0x0
             exe-1049981 [001] ..... 1634082.910207: sys_pwrite64(fd: 63, buf: 7fd66e410080, count: 3d, pos: 3f)
             exe-1049981 [001] ..... 1634082.910209: tracing_mark_write: epoll_ctl(epfd=369, op=0x3, fd=369, event=0x560556a835b0) end
             exe-1049981 [003] ..... 1634082.986979: tracing_mark_write: epoll_ctl(epfd=369, op=0x3, fd=369, event=0x560556a835b0) start
             exe-1049981 [003] ..... 1634082.986980: sys_pwrite64 -> 0x3f
             exe-1049981 [003] ..... 1634082.986987: sys_ptrace(request: 4205, pid: 1005aa, addr: 1, data: c0005d1c70)
             exe-1049981 [003] .N... 1634082.987016: sys_ptrace -> 0x0
             exe-1049981 [003] ..... 1634082.987059: sys_ptrace(request: 4205, pid: 1005aa, addr: 202, data: c0005d1c70)
             exe-1049981 [003] ..... 1634082.987073: sys_ptrace -> 0x0
             exe-1049981 [003] ..... 1634082.987075: sys_ptrace(request: 1f, pid: 1005aa, addr: 0, data: 0)
             exe-1049981 [003] .N... 1634082.987082: sys_ptrace -> 0x0
             exe-1050026 [003] ..... 1634082.987095: sys_write -> 0x3f
             exe-1049981 [003] ..... 1634082.987230: sys_wait4(upid: 1005aa, stat_addr: c0005d1bf4, options: 40000002, ru: 0)
             exe-1049981 [003] .N... 1634082.987259: sys_wait4 -> 0x1005aa
             exe-1049981 [003] ..... 1634082.987305: sys_ptrace(request: 4204, pid: 1005aa, addr: 1, data: c0005d1c70)
             exe-1049981 [003] ..... 1634082.987310: sys_ptrace -> 0x0
             exe-1049981 [003] ..... 1634082.987313: sys_ptrace(request: 4204, pid: 1005aa, addr: 202, data: c0005d1c70)
             exe-1049981 [003] ..... 1634082.987316: sys_ptrace -> 0x0
             exe-1049981 [003] ..... 1634082.987326: sys_ptrace(request: 4205, pid: 1005aa, addr: 1, data: c0005d1c70)
             exe-1049673 [000] ..... 1634082.987327: sys_nanosleep -> 0x0
             exe-1049981 [003] ..... 1634082.987328: sys_ptrace -> 0x0
             exe-1049981 [003] ..... 1634082.987330: sys_ptrace(request: 4205, pid: 1005aa, addr: 202, data: c0005d1c70)
             exe-1049673 [000] ..... 1634082.987334: sys_epoll_pwait(epfd: 10, events: c000069920, maxevents: 80, timeout: 0, sigmask: 0, sigsetsize: 0)
             exe-1049673 [000] ..... 1634082.987337: sys_epoll_pwait -> 0x0
             exe-1049673 [000] ..... 1634082.987340: sys_nanosleep(rqtp: c000069f10, rmtp: 0)
             exe-1049981 [003] ..... 1634082.987342: sys_ptrace -> 0x0
             exe-1049981 [003] ..... 1634082.987344: sys_ptrace(request: 1f, pid: 1005aa, addr: 0, data: 0)
             exe-1049981 [003] .N... 1634082.987373: sys_ptrace -> 0x0
             exe-1050026 [003] .N... 1634082.987424: sys_epoll_ctl -> 0xffffffffffffffea
             exe-1049673 [000] ..... 1634082.987589: sys_nanosleep -> 0x0
             exe-1049673 [000] ..... 1634082.987595: sys_nanosleep(rqtp: c000069f10, rmtp: 0)
             exe-1049981 [003] ..... 1634082.987625: sys_wait4(upid: 1005aa, stat_addr: c0005d1bf4, options: 40000002, ru: 0)
             exe-1049981 [003] ..... 1634082.987628: sys_wait4 -> 0x1005aa
             exe-1049981 [003] ..... 1634082.987631: sys_ptrace(request: 4204, pid: 1005aa, addr: 1, data: c0005d1c70)
             exe-1049981 [003] ..... 1634082.987636: sys_ptrace -> 0x0
             exe-1049981 [003] ..... 1634082.987638: sys_ptrace(request: 4204, pid: 1005aa, addr: 202, data: c0005d1c70)
             exe-1049981 [003] ..... 1634082.987641: sys_ptrace -> 0x0
             exe-1049981 [003] ..... 1634082.987730: sys_pwrite64(fd: 63, buf: 7fd66e410080, count: 3d, pos: 3f)
             exe-1049981 [003] ..... 1634082.987733: tracing_mark_write: epoll_ctl(epfd=369, op=0x3, fd=369, event=0x560556a835b0) end
             exe-1049981 [003] ..... 1634083.067335: tracing_mark_write: epoll_ctl(epfd=17, op=0x3, fd=17, event=0x560556a835b0) start
             exe-1049981 [003] ..... 1634083.067337: sys_pwrite64 -> 0x3d
             exe-1049981 [003] ..... 1634083.067346: sys_ptrace(request: 4205, pid: 1005aa, addr: 1, data: c0005d1c70)
             exe-1049981 [003] ..... 1634083.067350: sys_ptrace -> 0x0
             exe-1049981 [003] ..... 1634083.067352: sys_ptrace(request: 4205, pid: 1005aa, addr: 202, data: c0005d1c70)
             exe-1049981 [003] ..... 1634083.067366: sys_ptrace -> 0x0
             exe-1049981 [003] ..... 1634083.067368: sys_ptrace(request: 1f, pid: 1005aa, addr: 0, data: 0)
             exe-1049673 [000] ..... 1634083.067374: sys_nanosleep -> 0x0
             exe-1049673 [000] ..... 1634083.067376: sys_nanosleep(rqtp: c000069f10, rmtp: 0)
             exe-1049981 [003] .N... 1634083.067396: sys_ptrace -> 0x0
             exe-1050026 [003] ..... 1634083.067435: sys_write -> 0x3d
             exe-1049981 [003] ..... 1634083.067460: sys_wait4(upid: 1005aa, stat_addr: c0005d1bf4, options: 40000002, ru: 0)
             exe-1049673 [000] ..... 1634083.067461: sys_nanosleep -> 0x0
             exe-1049673 [000] ..... 1634083.067463: sys_nanosleep(rqtp: c000069f10, rmtp: 0)
             exe-1049981 [003] ..... 1634083.067464: sys_wait4 -> 0x1005aa
             exe-1049981 [003] ..... 1634083.067466: sys_ptrace(request: 4204, pid: 1005aa, addr: 1, data: c0005d1c70)
             exe-1049981 [003] ..... 1634083.067470: sys_ptrace -> 0x0
             exe-1049981 [003] ..... 1634083.067472: sys_ptrace(request: 4204, pid: 1005aa, addr: 202, data: c0005d1c70)
             exe-1049981 [003] ..... 1634083.067475: sys_ptrace -> 0x0
             exe-1049673 [000] ..... 1634083.067549: sys_nanosleep -> 0x0
             exe-1049673 [000] ..... 1634083.067551: sys_nanosleep(rqtp: c000069f10, rmtp: 0)
             exe-1049981 [003] ..... 1634083.067552: sys_ptrace(request: 4205, pid: 1005aa, addr: 1, data: c0005d1c70)
             exe-1049981 [003] ..... 1634083.067556: sys_ptrace -> 0x0
             exe-1049981 [003] ..... 1634083.067558: sys_ptrace(request: 4205, pid: 1005aa, addr: 202, data: c0005d1c70)
             exe-1049981 [003] ..... 1634083.067573: sys_ptrace -> 0x0
             exe-1049981 [003] ..... 1634083.067575: sys_ptrace(request: 1f, pid: 1005aa, addr: 0, data: 0)
             exe-1049981 [003] .N... 1634083.067581: sys_ptrace -> 0x0
             exe-1050026 [003] ..... 1634083.067593: sys_epoll_ctl -> 0xffffffffffffffea
             exe-1049673 [000] ..... 1634083.067636: sys_nanosleep -> 0x0
             exe-1049673 [000] ..... 1634083.067638: sys_nanosleep(rqtp: c000069f10, rmtp: 0)
             exe-1049981 [003] ..... 1634083.067670: sys_wait4(upid: 1005aa, stat_addr: c0005d1bf4, options: 40000002, ru: 0)
             exe-1049981 [003] ..... 1634083.067674: sys_wait4 -> 0x1005aa
             exe-1049981 [003] ..... 1634083.067676: sys_ptrace(request: 4204, pid: 1005aa, addr: 1, data: c0005d1c70)
             exe-1049981 [003] ..... 1634083.067681: sys_ptrace -> 0x0
             exe-1049981 [003] ..... 1634083.067682: sys_ptrace(request: 4204, pid: 1005aa, addr: 202, data: c0005d1c70)
             exe-1049981 [003] ..... 1634083.067685: sys_ptrace -> 0x0
             exe-1049981 [003] ..... 1634083.067699: sys_pwrite64(fd: 63, buf: 7fd66e410080, count: 3b, pos: 3d)
             exe-1049981 [003] ..... 1634083.067701: tracing_mark_write: epoll_ctl(epfd=17, op=0x3, fd=17, event=0x560556a835b0) end
             exe-1049981 [002] ..... 1634083.133114: tracing_mark_write: epoll_ctl(epfd=17, op=0x3, fd=148, event=0x560556a835b0) start
             exe-1049981 [002] ..... 1634083.133115: sys_pwrite64 -> 0x3e
             exe-1049673 [000] ..... 1634083.133117: sys_nanosleep(rqtp: c000069f10, rmtp: 0)
             exe-1049981 [002] ..... 1634083.133121: sys_ptrace(request: 4205, pid: 1005aa, addr: 1, data: c0005d1c70)
             exe-1049981 [002] ..... 1634083.133123: sys_ptrace -> 0x0
             exe-1049981 [002] ..... 1634083.133124: sys_ptrace(request: 4205, pid: 1005aa, addr: 202, data: c0005d1c70)
             exe-1049567 [000] ..... 1634083.133129: sys_nanosleep -> 0x0
             exe-1049981 [002] ..... 1634083.133132: sys_ptrace -> 0x0
             exe-1049567 [000] ..... 1634083.133132: sys_nanosleep(rqtp: c000069f10, rmtp: 0)
             exe-1049981 [002] ..... 1634083.133133: sys_ptrace(request: 1f, pid: 1005aa, addr: 0, data: 0)
             exe-1049981 [002] .N... 1634083.133139: sys_ptrace -> 0x0
             exe-1050026 [002] ..... 1634083.133147: sys_write -> 0x3e
             exe-1049981 [002] ..... 1634083.133161: sys_wait4(upid: 1005aa, stat_addr: c0005d1bf4, options: 40000002, ru: 0)
             exe-1049981 [002] ..... 1634083.133163: sys_wait4 -> 0x1005aa
             exe-1049981 [002] ..... 1634083.133165: sys_ptrace(request: 4204, pid: 1005aa, addr: 1, data: c0005d1c70)
             exe-1049981 [002] ..... 1634083.133167: sys_ptrace -> 0x0
             exe-1049981 [002] ..... 1634083.133168: sys_ptrace(request: 4204, pid: 1005aa, addr: 202, data: c0005d1c70)
             exe-1049981 [002] ..... 1634083.133170: sys_ptrace -> 0x0
             exe-1049981 [002] ..... 1634083.133176: sys_ptrace(request: 4205, pid: 1005aa, addr: 1, data: c0005d1c70)
             exe-1049981 [002] ..... 1634083.133178: sys_ptrace -> 0x0
             exe-1049981 [002] ..... 1634083.133179: sys_ptrace(request: 4205, pid: 1005aa, addr: 202, data: c0005d1c70)
             exe-1049981 [002] ..... 1634083.133187: sys_ptrace -> 0x0
             exe-1049981 [002] ..... 1634083.133188: sys_ptrace(request: 1f, pid: 1005aa, addr: 0, data: 0)
             exe-1049981 [002] .N... 1634083.133193: sys_ptrace -> 0x0
             exe-1050026 [002] ..... 1634083.133200: sys_epoll_ctl -> 0xffffffffffffffea
             exe-1049673 [000] ..... 1634083.133205: sys_nanosleep -> 0x0
             exe-1049673 [000] ..... 1634083.133208: sys_nanosleep(rqtp: c000069f10, rmtp: 0)
             exe-1049981 [002] ..... 1634083.133214: sys_wait4(upid: 1005aa, stat_addr: c0005d1bf4, options: 40000002, ru: 0)
             exe-1049981 [002] ..... 1634083.133216: sys_wait4 -> 0x1005aa
             exe-1049981 [002] ..... 1634083.133218: sys_ptrace(request: 4204, pid: 1005aa, addr: 1, data: c0005d1c70)
             exe-1049981 [002] ..... 1634083.133220: sys_ptrace -> 0x0
             exe-1049567 [000] ..... 1634083.133221: sys_nanosleep -> 0x0
             exe-1049567 [000] ..... 1634083.133224: sys_nanosleep(rqtp: c000069f10, rmtp: 0)
             exe-1049981 [002] ..... 1634083.133235: sys_ptrace(request: 4204, pid: 1005aa, addr: 202, data: c0005d1c70)
             exe-1049981 [002] ..... 1634083.133237: sys_ptrace -> 0x0
             exe-1049981 [002] ..... 1634083.133246: sys_pwrite64(fd: 63, buf: 7fd66e410080, count: 3c, pos: 3e)
             exe-1049981 [002] ..... 1634083.133247: tracing_mark_write: epoll_ctl(epfd=17, op=0x3, fd=148, event=0x560556a835b0) end
             exe-1049981 [002] ..... 1634083.216299: tracing_mark_write: epoll_ctl(epfd=17, op=0x3, fd=287, event=0x560556a835b0) start
             exe-1049567 [000] ..... 1634083.216300: sys_nanosleep(rqtp: c000069f10, rmtp: 0)
             exe-1049981 [002] ..... 1634083.216301: sys_pwrite64 -> 0x3e
             exe-1049981 [002] ..... 1634083.216306: sys_ptrace(request: 4205, pid: 1005aa, addr: 1, data: c0005d1c70)
             exe-1049981 [002] ..... 1634083.216308: sys_ptrace -> 0x0
             exe-1049981 [002] ..... 1634083.216309: sys_ptrace(request: 4205, pid: 1005aa, addr: 202, data: c0005d1c70)
             exe-1049673 [000] ..... 1634083.216309: sys_nanosleep -> 0x0
             exe-1049673 [000] ..... 1634083.216313: sys_nanosleep(rqtp: c000069f10, rmtp: 0)
             exe-1049981 [002] ..... 1634083.216317: sys_ptrace -> 0x0
             exe-1049981 [002] ..... 1634083.216319: sys_ptrace(request: 1f, pid: 1005aa, addr: 0, data: 0)
             exe-1049981 [002] .N... 1634083.216324: sys_ptrace -> 0x0
             exe-1050026 [002] ..... 1634083.216352: sys_write -> 0x3e
             exe-1049981 [002] ..... 1634083.216376: sys_wait4(upid: 1005aa, stat_addr: c0005d1bf4, options: 40000002, ru: 0)
             exe-1049981 [002] ..... 1634083.216379: sys_wait4 -> 0x1005aa
             exe-1049981 [002] ..... 1634083.216382: sys_ptrace(request: 4204, pid: 1005aa, addr: 1, data: c0005d1c70)
             exe-1049981 [002] ..... 1634083.216387: sys_ptrace -> 0x0
             exe-1049567 [000] ..... 1634083.216389: sys_nanosleep -> 0x0
             exe-1049981 [002] ..... 1634083.216389: sys_ptrace(request: 4204, pid: 1005aa, addr: 202, data: c0005d1c70)
             exe-1049567 [000] ..... 1634083.216392: sys_nanosleep(rqtp: c000069f10, rmtp: 0)
             exe-1049981 [002] ..... 1634083.216393: sys_ptrace -> 0x0
             exe-1049673 [000] ..... 1634083.216404: sys_nanosleep -> 0x0
             exe-1049673 [000] ..... 1634083.216407: sys_nanosleep(rqtp: c000069f10, rmtp: 0)
             exe-1049981 [002] ..... 1634083.216419: sys_ptrace(request: 4205, pid: 1005aa, addr: 1, data: c0005d1c70)
             exe-1049981 [002] ..... 1634083.216424: sys_ptrace -> 0x0
             exe-1049981 [002] ..... 1634083.216426: sys_ptrace(request: 4205, pid: 1005aa, addr: 202, data: c0005d1c70)
             exe-1049981 [002] ..... 1634083.216441: sys_ptrace -> 0x0
             exe-1049981 [002] ..... 1634083.216443: sys_ptrace(request: 1f, pid: 1005aa, addr: 0, data: 0)
             exe-1049981 [002] .N... 1634083.216452: sys_ptrace -> 0x0
             exe-1050026 [002] ..... 1634083.216465: sys_epoll_ctl -> 0xffffffffffffffea
             exe-1049673 [000] ..... 1634083.216476: sys_nanosleep -> 0x0
             exe-1049673 [000] ..... 1634083.216478: sys_nanosleep(rqtp: c000069f10, rmtp: 0)
             exe-1049567 [000] ..... 1634083.216487: sys_nanosleep -> 0x0
             exe-1049981 [002] ..... 1634083.216490: sys_wait4(upid: 1005aa, stat_addr: c0005d1bf4, options: 40000002, ru: 0)
             exe-1049567 [000] ..... 1634083.216490: sys_nanosleep(rqtp: c000069f10, rmtp: 0)
             exe-1049981 [002] ..... 1634083.216493: sys_wait4 -> 0x1005aa
             exe-1049981 [002] ..... 1634083.216496: sys_ptrace(request: 4204, pid: 1005aa, addr: 1, data: c0005d1c70)
             exe-1049981 [002] ..... 1634083.216501: sys_ptrace -> 0x0
             exe-1049981 [002] ..... 1634083.216503: sys_ptrace(request: 4204, pid: 1005aa, addr: 202, data: c0005d1c70)
             exe-1049981 [002] ..... 1634083.216507: sys_ptrace -> 0x0
             exe-1049981 [002] ..... 1634083.216519: sys_pwrite64(fd: 63, buf: 7fd66e410080, count: 3c, pos: 3e)
             exe-1049981 [002] ..... 1634083.216521: tracing_mark_write: epoll_ctl(epfd=17, op=0x3, fd=287, event=0x560556a835b0) end
             exe-1049981 [002] ..... 1634083.275735: tracing_mark_write: epoll_ctl(epfd=6, op=0x3, fd=283, event=0x560556a835b0) start
             exe-1049981 [002] ..... 1634083.275737: sys_pwrite64 -> 0x3d
             exe-1049981 [002] ..... 1634083.275741: sys_ptrace(request: 4205, pid: 1005aa, addr: 1, data: c0005d1c70)
             exe-1049981 [002] ..... 1634083.275742: sys_ptrace -> 0x0
             exe-1049981 [002] ..... 1634083.275743: sys_ptrace(request: 4205, pid: 1005aa, addr: 202, data: c0005d1c70)
             exe-1049981 [002] ..... 1634083.275750: sys_ptrace -> 0x0
             exe-1049981 [002] ..... 1634083.275751: sys_ptrace(request: 1f, pid: 1005aa, addr: 0, data: 0)
             exe-1049981 [002] .N... 1634083.275755: sys_ptrace -> 0x0
             exe-1050026 [002] ..... 1634083.275761: sys_write -> 0x3d
             exe-1049981 [002] ..... 1634083.275772: sys_wait4(upid: 1005aa, stat_addr: c0005d1bf4, options: 40000002, ru: 0)
             exe-1049981 [002] ..... 1634083.275774: sys_wait4 -> 0x1005aa
             exe-1049981 [002] ..... 1634083.275775: sys_ptrace(request: 4204, pid: 1005aa, addr: 1, data: c0005d1c70)
             exe-1049981 [002] ..... 1634083.275777: sys_ptrace -> 0x0
             exe-1049981 [002] ..... 1634083.275778: sys_ptrace(request: 4204, pid: 1005aa, addr: 202, data: c0005d1c70)
             exe-1049981 [002] ..... 1634083.275779: sys_ptrace -> 0x0
             exe-1049673 [000] ..... 1634083.275783: sys_nanosleep -> 0x0
             exe-1049673 [000] ..... 1634083.275789: sys_nanosleep(rqtp: c000069f10, rmtp: 0)
             exe-1049981 [002] ..... 1634083.275799: sys_ptrace(request: 4205, pid: 1005aa, addr: 1, data: c0005d1c70)
             exe-1049981 [002] ..... 1634083.275801: sys_ptrace -> 0x0
             exe-1049981 [002] ..... 1634083.275802: sys_ptrace(request: 4205, pid: 1005aa, addr: 202, data: c0005d1c70)
             exe-1049981 [002] ..... 1634083.275808: sys_ptrace -> 0x0
             exe-1049981 [002] ..... 1634083.275809: sys_ptrace(request: 1f, pid: 1005aa, addr: 0, data: 0)
             exe-1049567 [000] ..... 1634083.275811: sys_nanosleep -> 0x0
             exe-1049981 [002] .N... 1634083.275814: sys_ptrace -> 0x0
             exe-1049567 [000] ..... 1634083.275816: sys_nanosleep(rqtp: c000069f10, rmtp: 0)
             exe-1050026 [002] ..... 1634083.275820: sys_epoll_ctl -> 0xfffffffffffffffe
             exe-1049981 [002] ..... 1634083.275833: sys_wait4(upid: 1005aa, stat_addr: c0005d1bf4, options: 40000002, ru: 0)
             exe-1049981 [002] ..... 1634083.275835: sys_wait4 -> 0x1005aa
             exe-1049981 [002] ..... 1634083.275836: sys_ptrace(request: 4204, pid: 1005aa, addr: 1, data: c0005d1c70)
             exe-1049981 [002] ..... 1634083.275839: sys_ptrace -> 0x0
             exe-1049981 [002] ..... 1634083.275839: sys_ptrace(request: 4204, pid: 1005aa, addr: 202, data: c0005d1c70)
             exe-1049981 [002] ..... 1634083.275841: sys_ptrace -> 0x0
             exe-1049981 [002] ..... 1634083.275847: sys_pwrite64(fd: 63, buf: 7fd66e410080, count: 3b, pos: 3d)
             exe-1049981 [002] ..... 1634083.275848: tracing_mark_write: epoll_ctl(epfd=6, op=0x3, fd=283, event=0x560556a835b0) end
             exe-1049981 [002] ..... 1634083.346747: tracing_mark_write: epoll_ctl(epfd=371, op=0x3, fd=19, event=0x560556a835b0) start
             exe-1049981 [002] ..... 1634083.346749: sys_pwrite64 -> 0x3e
             exe-1049981 [002] ..... 1634083.346758: sys_ptrace(request: 4205, pid: 1005aa, addr: 1, data: c0005d1c70)
             exe-1049981 [002] ..... 1634083.346762: sys_ptrace -> 0x0
             exe-1049981 [002] ..... 1634083.346764: sys_ptrace(request: 4205, pid: 1005aa, addr: 202, data: c0005d1c70)
             exe-1049673 [000] ..... 1634083.346817: sys_nanosleep -> 0x0
             exe-1049673 [000] ..... 1634083.346820: sys_nanosleep(rqtp: c000069f10, rmtp: 0)
