             exe-1049896 [003] ..... 1634166.701511: sys_wait4 -> 0x10074e
             exe-1049896 [003] ..... 1634166.701513: sys_ptrace(request: 4204, pid: 10074e, addr: 1, data: c000697c70)
             exe-1049896 [003] ..... 1634166.701514: sys_ptrace -> 0x0
             exe-1049896 [003] ..... 1634166.701515: sys_ptrace(request: 4204, pid: 10074e, addr: 202, data: c000697c70)
             exe-1049896 [003] ..... 1634166.701517: sys_ptrace -> 0x0
             exe-1049896 [003] ..... 1634166.701521: sys_ptrace(request: 4205, pid: 10074e, addr: 1, data: c000697c70)
             exe-1049896 [003] ..... 1634166.701522: sys_ptrace -> 0x0
             exe-1049896 [003] ..... 1634166.701523: sys_ptrace(request: 4205, pid: 10074e, addr: 202, data: c000697c70)
             exe-1049896 [003] ..... 1634166.701527: sys_ptrace -> 0x0
             exe-1049896 [003] ..... 1634166.701528: sys_ptrace(request: 1f, pid: 10074e, addr: 0, data: 0)
             exe-1049896 [003] ..... 1634166.701532: sys_ptrace -> 0x0
             exe-1049896 [003] ..... 1634166.701533: sys_wait4(upid: 10074e, stat_addr: c000697bf4, options: 40000002, ru: 0)
             exe-1050446 [000] ..... 1634166.701538: sys_fallocate -> 0xfffffffffffffff7
             exe-1049896 [003] ..... 1634166.701549: sys_wait4 -> 0x10074e
             exe-1049896 [003] ..... 1634166.701551: sys_ptrace(request: 4204, pid: 10074e, addr: 1, data: c000697c70)
             exe-1049896 [003] ..... 1634166.701552: sys_ptrace -> 0x0
             exe-1049896 [003] ..... 1634166.701553: sys_ptrace(request: 4204, pid: 10074e, addr: 202, data: c000697c70)
             exe-1049896 [003] ..... 1634166.701554: sys_ptrace -> 0x0
             exe-1049896 [003] ..... 1634166.701558: sys_pwrite64(fd: 63, buf: 7fd66ed97080, count: 48, pos: 4a)
             exe-1049896 [003] ..... 1634166.701559: tracing_mark_write: fallocate(fd=56, mode=0x79726f746365726b, offset=0x8000, len=0x8000) end
             exe-1049896 [002] ..... 1634166.782148: tracing_mark_write: fallocate(fd=56, mode=0xe, offset=45, len=1) start
             exe-1049896 [002] ..... 1634166.782150: sys_pwrite64 -> 0x32
             exe-1049673 [002] ..... 1634166.782225: sys_nanosleep -> 0x0
             exe-1049673 [002] ..... 1634166.782231: sys_nanosleep(rqtp: c000069f10, rmtp: 0)
             exe-1049896 [002] ..... 1634166.782256: sys_ptrace(request: 4205, pid: 10074e, addr: 1, data: c000697c70)
             exe-1049896 [002] ..... 1634166.782262: sys_ptrace -> 0x0
             exe-1049896 [002] ..... 1634166.782264: sys_ptrace(request: 4205, pid: 10074e, addr: 202, data: c000697c70)
             exe-1049673 [002] ..... 1634166.782346: sys_nanosleep -> 0x0
             exe-1049673 [002] ..... 1634166.782352: sys_nanosleep(rqtp: c000069f10, rmtp: 0)
             exe-1049896 [002] ..... 1634166.782378: sys_ptrace -> 0x0
             exe-1049896 [002] ..... 1634166.782383: sys_ptrace(request: 1f, pid: 10074e, addr: 0, data: 0)
             exe-1049896 [002] .N... 1634166.782423: sys_ptrace -> 0x0
             exe-1050446 [000] ..... 1634166.782448: sys_write -> 0x32
             exe-1049673 [002] ..... 1634166.782467: sys_nanosleep -> 0x0
             exe-1049673 [002] ..... 1634166.782473: sys_nanosleep(rqtp: c000069f10, rmtp: 0)
             exe-1049896 [002] ..... 1634166.782494: sys_wait4(upid: 10074e, stat_addr: c000697bf4, options: 40000002, ru: 0)
             exe-1049896 [002] ..... 1634166.782498: sys_wait4 -> 0x10074e
             exe-1049896 [002] ..... 1634166.782500: sys_ptrace(request: 4204, pid: 10074e, addr: 1, data: c000697c70)
             exe-1049896 [002] ..... 1634166.782505: sys_ptrace -> 0x0
             exe-1049896 [002] ..... 1634166.782507: sys_ptrace(request: 4204, pid: 10074e, addr: 202, data: c000697c70)
             exe-1049896 [002] ..... 1634166.782510: sys_ptrace -> 0x0
             exe-1049673 [002] ..... 1634166.782584: sys_nanosleep -> 0x0
             exe-1049673 [002] ..... 1634166.782590: sys_nanosleep(rqtp: c000069f10, rmtp: 0)
             exe-1049896 [002] ..... 1634166.782617: sys_ptrace(request: 4205, pid: 10074e, addr: 1, data: c000697c70)
             exe-1049896 [002] ..... 1634166.782623: sys_ptrace -> 0x0
             exe-1049896 [002] ..... 1634166.782624: sys_ptrace(request: 4205, pid: 10074e, addr: 202, data: c000697c70)
             exe-1049673 [002] ..... 1634166.782703: sys_nanosleep -> 0x0
             exe-1049673 [002] ..... 1634166.782709: sys_nanosleep(rqtp: c000069f10, rmtp: 0)
             exe-1049896 [002] ..... 1634166.782738: sys_ptrace -> 0x0
             exe-1049896 [002] ..... 1634166.782742: sys_ptrace(request: 1f, pid: 10074e, addr: 0, data: 0)
             exe-1049896 [002] .N... 1634166.782783: sys_ptrace -> 0x0
             exe-1050446 [000] ..... 1634166.782811: sys_fallocate -> 0xfffffffffffffff7
             exe-1049673 [002] ..... 1634166.782825: sys_nanosleep -> 0x0
             exe-1049673 [002] ..... 1634166.782831: sys_nanosleep(rqtp: c000069f10, rmtp: 0)
             exe-1049896 [002] ..... 1634166.782852: sys_wait4(upid: 10074e, stat_addr: c000697bf4, options: 40000002, ru: 0)
             exe-1049896 [002] ..... 1634166.782855: sys_wait4 -> 0x10074e
             exe-1049896 [002] ..... 1634166.782858: sys_ptrace(request: 4204, pid: 10074e, addr: 1, data: c000697c70)
             exe-1049896 [002] ..... 1634166.782863: sys_ptrace -> 0x0
             exe-1049896 [002] ..... 1634166.782864: sys_ptrace(request: 4204, pid: 10074e, addr: 202, data: c000697c70)
             exe-1049896 [002] ..... 1634166.782867: sys_ptrace -> 0x0
             exe-1049673 [002] ..... 1634166.782944: sys_nanosleep -> 0x0
             exe-1049673 [002] ..... 1634166.782950: sys_nanosleep(rqtp: c000069f10, rmtp: 0)
             exe-1049896 [002] ..... 1634166.782981: sys_pwrite64(fd: 63, buf: 7fd66ed97080, count: 30, pos: 32)
             exe-1049896 [002] ..... 1634166.782984: tracing_mark_write: fallocate(fd=56, mode=0xe, offset=45, len=1) end
             exe-1049896 [001] ..... 1634166.874377: tracing_mark_write: fallocate(fd=56, mode=0xe, offset=8, len=3565) start
             exe-1049896 [001] ..... 1634166.874378: sys_pwrite64 -> 0x34
             exe-1049896 [001] ..... 1634166.874384: sys_ptrace(request: 4205, pid: 10074e, addr: 1, data: c000697c70)
             exe-1049896 [001] ..... 1634166.874386: sys_ptrace -> 0x0
             exe-1049896 [001] ..... 1634166.874387: sys_ptrace(request: 4205, pid: 10074e, addr: 202, data: c000697c70)
             exe-1049896 [001] ..... 1634166.874397: sys_ptrace -> 0x0
             exe-1049896 [001] ..... 1634166.874399: sys_ptrace(request: 1f, pid: 10074e, addr: 0, data: 0)
             exe-1049896 [001] ..... 1634166.874405: sys_ptrace -> 0x0
             exe-1049896 [001] ..... 1634166.874406: sys_wait4(upid: 10074e, stat_addr: c000697bf4, options: 40000002, ru: 0)
             exe-1050446 [001] ..... 1634166.874418: sys_write -> 0x34
             exe-1049896 [001] ..... 1634166.874437: sys_wait4 -> 0x10074e
             exe-1049896 [001] ..... 1634166.874440: sys_ptrace(request: 4204, pid: 10074e, addr: 1, data: c000697c70)
             exe-1049896 [001] ..... 1634166.874445: sys_ptrace -> 0x0
             exe-1049896 [001] ..... 1634166.874447: sys_ptrace(request: 4204, pid: 10074e, addr: 202, data: c000697c70)
             exe-1049896 [001] ..... 1634166.874450: sys_ptrace -> 0x0
             exe-1049896 [001] ..... 1634166.874460: sys_ptrace(request: 4205, pid: 10074e, addr: 1, data: c000697c70)
             exe-1049896 [001] ..... 1634166.874463: sys_ptrace -> 0x0
             exe-1049896 [001] ..... 1634166.874464: sys_ptrace(request: 4205, pid: 10074e, addr: 202, data: c000697c70)
             exe-1049896 [001] ..... 1634166.874477: sys_ptrace -> 0x0
             exe-1049896 [001] ..... 1634166.874479: sys_ptrace(request: 1f, pid: 10074e, addr: 0, data: 0)
             exe-1049896 [001] ..... 1634166.874487: sys_ptrace -> 0x0
             exe-1049896 [001] ..... 1634166.874489: sys_wait4(upid: 10074e, stat_addr: c000697bf4, options: 40000002, ru: 0)
             exe-1050446 [001] ..... 1634166.874510: sys_fallocate -> 0xfffffffffffffff7
             exe-1049896 [001] ..... 1634166.874533: sys_wait4 -> 0x10074e
             exe-1049896 [001] ..... 1634166.874537: sys_ptrace(request: 4204, pid: 10074e, addr: 1, data: c000697c70)
             exe-1049896 [001] ..... 1634166.874543: sys_ptrace -> 0x0
             exe-1049896 [001] ..... 1634166.874545: sys_ptrace(request: 4204, pid: 10074e, addr: 202, data: c000697c70)
             exe-1049896 [001] ..... 1634166.874549: sys_ptrace -> 0x0
             exe-1049896 [001] ..... 1634166.874562: sys_pwrite64(fd: 63, buf: 7fd66ed97080, count: 32, pos: 34)
             exe-1049896 [001] ..... 1634166.874564: tracing_mark_write: fallocate(fd=56, mode=0xe, offset=8, len=3565) end
             exe-1049896 [001] ..... 1634166.935710: tracing_mark_write: fallocate(fd=56, mode=0xe, offset=4, len=8) start
             exe-1049896 [001] ..... 1634166.935711: sys_pwrite64 -> 0x31
             exe-1049896 [001] ..... 1634166.935717: sys_ptrace(request: 4205, pid: 10074e, addr: 1, data: c000697c70)
             exe-1049896 [001] ..... 1634166.935720: sys_ptrace -> 0x0
             exe-1049896 [001] ..... 1634166.935721: sys_ptrace(request: 4205, pid: 10074e, addr: 202, data: c000697c70)
             exe-1049896 [001] ..... 1634166.935732: sys_ptrace -> 0x0
             exe-1049896 [001] ..... 1634166.935733: sys_ptrace(request: 1f, pid: 10074e, addr: 0, data: 0)
             exe-1049896 [001] .N... 1634166.935755: sys_ptrace -> 0x0
             exe-1050446 [001] ..... 1634166.935764: sys_write -> 0x31
             exe-1049567 [001] ..... 1634166.935780: sys_nanosleep -> 0x0
             exe-1049567 [001] ..... 1634166.935785: sys_nanosleep(rqtp: c000069f10, rmtp: 0)
             exe-1049896 [001] ..... 1634166.935801: sys_wait4(upid: 10074e, stat_addr: c000697bf4, options: 40000002, ru: 0)
             exe-1049896 [001] ..... 1634166.935803: sys_wait4 -> 0x10074e
             exe-1049896 [001] ..... 1634166.935805: sys_ptrace(request: 4204, pid: 10074e, addr: 1, data: c000697c70)
             exe-1049896 [001] ..... 1634166.935809: sys_ptrace -> 0x0
             exe-1049896 [001] ..... 1634166.935810: sys_ptrace(request: 4204, pid: 10074e, addr: 202, data: c000697c70)
             exe-1049896 [001] ..... 1634166.935812: sys_ptrace -> 0x0
             exe-1049896 [001] ..... 1634166.935820: sys_ptrace(request: 4205, pid: 10074e, addr: 1, data: c000697c70)
             exe-1049896 [001] ..... 1634166.935822: sys_ptrace -> 0x0
             exe-1049896 [001] ..... 1634166.935824: sys_ptrace(request: 4205, pid: 10074e, addr: 202, data: c000697c70)
             exe-1049896 [001] ..... 1634166.935833: sys_ptrace -> 0x0
             exe-1049896 [001] ..... 1634166.935834: sys_ptrace(request: 1f, pid: 10074e, addr: 0, data: 0)
             exe-1049896 [001] .N... 1634166.935839: sys_ptrace -> 0x0
             exe-1050446 [001] ..... 1634166.935847: sys_fallocate -> 0xfffffffffffffff7
             exe-1049567 [001] ..... 1634166.935887: sys_nanosleep -> 0x0
             exe-1049567 [001] ..... 1634166.935892: sys_nanosleep(rqtp: c000069f10, rmtp: 0)
             exe-1049896 [001] ..... 1634166.935904: sys_wait4(upid: 10074e, stat_addr: c000697bf4, options: 40000002, ru: 0)
             exe-1049896 [001] ..... 1634166.935906: sys_wait4 -> 0x10074e
             exe-1049896 [001] ..... 1634166.935908: sys_ptrace(request: 4204, pid: 10074e, addr: 1, data: c000697c70)
             exe-1049896 [001] ..... 1634166.935911: sys_ptrace -> 0x0
             exe-1049896 [001] ..... 1634166.935913: sys_ptrace(request: 4204, pid: 10074e, addr: 202, data: c000697c70)
             exe-1049896 [001] ..... 1634166.935915: sys_ptrace -> 0x0
             exe-1049896 [001] ..... 1634166.935927: sys_pwrite64(fd: 63, buf: 7fd66ed97080, count: 2f, pos: 31)
             exe-1049896 [001] ..... 1634166.935929: tracing_mark_write: fallocate(fd=56, mode=0xe, offset=4, len=8) end
             exe-1049896 [001] ..... 1634166.990003: tracing_mark_write: fallocate(fd=369, mode=0xe, offset=0x55555555, len=4096) start
             exe-1049896 [001] ..... 1634166.990005: sys_pwrite64 -> 0x3e
             exe-1049896 [001] ..... 1634166.990012: sys_ptrace(request: 4205, pid: 10074e, addr: 1, data: c000697c70)
             exe-1049896 [001] ..... 1634166.990015: sys_ptrace -> 0x0
             exe-1049896 [001] ..... 1634166.990016: sys_ptrace(request: 4205, pid: 10074e, addr: 202, data: c000697c70)
             exe-1049896 [001] ..... 1634166.990027: sys_ptrace -> 0x0
             exe-1049896 [001] ..... 1634166.990029: sys_ptrace(request: 1f, pid: 10074e, addr: 0, data: 0)
             exe-1049896 [001] .N... 1634166.990036: sys_ptrace -> 0x0
             exe-1050446 [001] ..... 1634166.990046: sys_write -> 0x3e
             exe-1049896 [001] ..... 1634166.990065: sys_wait4(upid: 10074e, stat_addr: c000697bf4, options: 40000002, ru: 0)
             exe-1049896 [001] ..... 1634166.990068: sys_wait4 -> 0x10074e
             exe-1049896 [001] ..... 1634166.990070: sys_ptrace(request: 4204, pid: 10074e, addr: 1, data: c000697c70)
             exe-1049896 [001] ..... 1634166.990074: sys_ptrace -> 0x0
             exe-1049896 [001] ..... 1634166.990075: sys_ptrace(request: 4204, pid: 10074e, addr: 202, data: c000697c70)
             exe-1049896 [001] ..... 1634166.990078: sys_ptrace -> 0x0
             exe-1049896 [001] ..... 1634166.990084: sys_ptrace(request: 4205, pid: 10074e, addr: 1, data: c000697c70)
             exe-1049896 [001] ..... 1634166.990086: sys_ptrace -> 0x0
             exe-1049896 [001] ..... 1634166.990088: sys_ptrace(request: 4205, pid: 10074e, addr: 202, data: c000697c70)
             exe-1049896 [001] ..... 1634166.990097: sys_ptrace -> 0x0
             exe-1049896 [001] ..... 1634166.990099: sys_ptrace(request: 1f, pid: 10074e, addr: 0, data: 0)
             exe-1049567 [000] ..... 1634166.990104: sys_nanosleep -> 0x0
             exe-1049896 [001] .N... 1634166.990105: sys_ptrace -> 0x0
             exe-1049567 [000] ..... 1634166.990110: sys_nanosleep(rqtp: c000069f10, rmtp: 0)
             exe-1050446 [001] ..... 1634166.990115: sys_fallocate -> 0xffffffffffffffa1
             exe-1049896 [001] ..... 1634166.990132: sys_wait4(upid: 10074e, stat_addr: c000697bf4, options: 40000002, ru: 0)
             exe-1049896 [001] ..... 1634166.990135: sys_wait4 -> 0x10074e
             exe-1049896 [001] ..... 1634166.990137: sys_ptrace(request: 4204, pid: 10074e, addr: 1, data: c000697c70)
             exe-1049896 [001] ..... 1634166.990140: sys_ptrace -> 0x0
             exe-1049896 [001] ..... 1634166.990142: sys_ptrace(request: 4204, pid: 10074e, addr: 202, data: c000697c70)
             exe-1049896 [001] ..... 1634166.990144: sys_ptrace -> 0x0
             exe-1049896 [001] ..... 1634166.990153: sys_pwrite64(fd: 63, buf: 7fd66ed97080, count: 3c, pos: 3e)
             exe-1049896 [001] ..... 1634166.990154: tracing_mark_write: fallocate(fd=369, mode=0xe, offset=0x55555555, len=4096) end
             exe-1049896 [001] ..... 1634167.066636: tracing_mark_write: fallocate(fd=369, mode=0xe, offset=0, len=0x60005000) start
             exe-1049896 [001] ..... 1634167.066638: sys_pwrite64 -> 0x3b
             exe-1049567 [000] ..... 1634167.066643: sys_nanosleep -> 0x0
             exe-1049896 [001] ..... 1634167.066645: sys_ptrace(request: 4205, pid: 10074e, addr: 1, data: c000697c70)
             exe-1049567 [000] ..... 1634167.066646: sys_nanosleep(rqtp: c000069f10, rmtp: 0)
             exe-1049896 [001] ..... 1634167.066648: sys_ptrace -> 0x0
             exe-1049896 [001] ..... 1634167.066650: sys_ptrace(request: 4205, pid: 10074e, addr: 202, data: c000697c70)
             exe-1049896 [001] ..... 1634167.066661: sys_ptrace -> 0x0
             exe-1049896 [001] ..... 1634167.066663: sys_ptrace(request: 1f, pid: 10074e, addr: 0, data: 0)
             exe-1049896 [001] .N... 1634167.066671: sys_ptrace -> 0x0
             exe-1050446 [001] ..... 1634167.066682: sys_write -> 0x3b
             exe-1049896 [001] ..... 1634167.066703: sys_wait4(upid: 10074e, stat_addr: c000697bf4, options: 40000002, ru: 0)
             exe-1049896 [001] ..... 1634167.066705: sys_wait4 -> 0x10074e
             exe-1049896 [001] ..... 1634167.066708: sys_ptrace(request: 4204, pid: 10074e, addr: 1, data: c000697c70)
             exe-1049896 [001] ..... 1634167.066712: sys_ptrace -> 0x0
             exe-1049896 [001] ..... 1634167.066713: sys_ptrace(request: 4204, pid: 10074e, addr: 202, data: c000697c70)
             exe-1049896 [001] ..... 1634167.066716: sys_ptrace -> 0x0
             exe-1049896 [001] ..... 1634167.066723: sys_ptrace(request: 4205, pid: 10074e, addr: 1, data: c000697c70)
             exe-1049896 [001] ..... 1634167.066725: sys_ptrace -> 0x0
             exe-1049896 [001] ..... 1634167.066727: sys_ptrace(request: 4205, pid: 10074e, addr: 202, data: c000697c70)
             exe-1049567 [000] ..... 1634167.066737: sys_nanosleep -> 0x0
             exe-1049896 [001] ..... 1634167.066738: sys_ptrace -> 0x0
             exe-1049896 [001] ..... 1634167.066740: sys_ptrace(request: 1f, pid: 10074e, addr: 0, data: 0)
             exe-1049567 [000] ..... 1634167.066740: sys_nanosleep(rqtp: c000069f10, rmtp: 0)
             exe-1049896 [001] .N... 1634167.066746: sys_ptrace -> 0x0
             exe-1050446 [001] ..... 1634167.066757: sys_fallocate -> 0xffffffffffffffa1
             exe-1049896 [001] ..... 1634167.066777: sys_wait4(upid: 10074e, stat_addr: c000697bf4, options: 40000002, ru: 0)
             exe-1049896 [001] ..... 1634167.066779: sys_wait4 -> 0x10074e
             exe-1049896 [001] ..... 1634167.066782: sys_ptrace(request: 4204, pid: 10074e, addr: 1, data: c000697c70)
             exe-1049896 [001] ..... 1634167.066786: sys_ptrace -> 0x0
             exe-1049896 [001] ..... 1634167.066787: sys_ptrace(request: 4204, pid: 10074e, addr: 202, data: c000697c70)
             exe-1049896 [001] ..... 1634167.066790: sys_ptrace -> 0x0
             exe-1049896 [001] ..... 1634167.066799: sys_pwrite64(fd: 63, buf: 7fd66ed97080, count: 39, pos: 3b)
             exe-1049896 [001] ..... 1634167.066801: tracing_mark_write: fallocate(fd=369, mode=0xe, offset=0, len=0x60005000) end
             exe-1049896 [001] ..... 1634167.133359: tracing_mark_write: fallocate(fd=369, mode=0xe, offset=38, len=4096) start
             exe-1049896 [001] ..... 1634167.133361: sys_pwrite64 -> 0x36
             exe-1049896 [001] ..... 1634167.133367: sys_ptrace(request: 4205, pid: 10074e, addr: 1, data: c000697c70)
             exe-1049896 [001] ..... 1634167.133370: sys_ptrace -> 0x0
             exe-1049896 [001] ..... 1634167.133371: sys_ptrace(request: 4205, pid: 10074e, addr: 202, data: c000697c70)
             exe-1049896 [001] ..... 1634167.133382: sys_ptrace -> 0x0
             exe-1049896 [001] ..... 1634167.133384: sys_ptrace(request: 1f, pid: 10074e, addr: 0, data: 0)
             exe-1049896 [001] .N... 1634167.133391: sys_ptrace -> 0x0
             exe-1049673 [000] ..... 1634167.133392: sys_nanosleep -> 0x0
             exe-1049673 [000] ..... 1634167.133398: sys_nanosleep(rqtp: c000069f10, rmtp: 0)
             exe-1050446 [001] ..... 1634167.133402: sys_write -> 0x36
             exe-1049567 [000] ..... 1634167.133419: sys_nanosleep -> 0x0
             exe-1049896 [001] ..... 1634167.133420: sys_wait4(upid: 10074e, stat_addr: c000697bf4, options: 40000002, ru: 0)
             exe-1049896 [001] ..... 1634167.133422: sys_wait4 -> 0x10074e
             exe-1049567 [000] ..... 1634167.133424: sys_nanosleep(rqtp: c000069f10, rmtp: 0)
             exe-1049896 [001] ..... 1634167.133425: sys_ptrace(request: 4204, pid: 10074e, addr: 1, data: c000697c70)
             exe-1049896 [001] ..... 1634167.133429: sys_ptrace -> 0x0
             exe-1049896 [001] ..... 1634167.133430: sys_ptrace(request: 4204, pid: 10074e, addr: 202, data: c000697c70)
             exe-1049896 [001] ..... 1634167.133432: sys_ptrace -> 0x0
             exe-1049896 [001] ..... 1634167.133440: sys_ptrace(request: 4205, pid: 10074e, addr: 1, data: c000697c70)
             exe-1049896 [001] ..... 1634167.133443: sys_ptrace -> 0x0
             exe-1049896 [001] ..... 1634167.133444: sys_ptrace(request: 4205, pid: 10074e, addr: 202, data: c000697c70)
             exe-1049896 [001] ..... 1634167.133454: sys_ptrace -> 0x0
             exe-1049896 [001] ..... 1634167.133455: sys_ptrace(request: 1f, pid: 10074e, addr: 0, data: 0)
             exe-1049896 [001] .N... 1634167.133462: sys_ptrace -> 0x0
             exe-1050446 [001] ..... 1634167.133472: sys_fallocate -> 0xffffffffffffffa1
             exe-1049896 [001] ..... 1634167.133490: sys_wait4(upid: 10074e, stat_addr: c000697bf4, options: 40000002, ru: 0)
             exe-1049896 [001] ..... 1634167.133492: sys_wait4 -> 0x10074e
             exe-1049896 [001] ..... 1634167.133494: sys_ptrace(request: 4204, pid: 10074e, addr: 1, data: c000697c70)
             exe-1049896 [001] ..... 1634167.133498: sys_ptrace -> 0x0
             exe-1049896 [001] ..... 1634167.133499: sys_ptrace(request: 4204, pid: 10074e, addr: 202, data: c000697c70)
             exe-1049896 [001] ..... 1634167.133501: sys_ptrace -> 0x0
             exe-1049673 [000] ..... 1634167.133503: sys_nanosleep -> 0x0
             exe-1049673 [000] ..... 1634167.133508: sys_nanosleep(rqtp: c000069f10, rmtp: 0)
             exe-1049896 [001] ..... 1634167.133510: sys_pwrite64(fd: 63, buf: 7fd66ed97080, count: 34, pos: 36)
             exe-1049896 [001] ..... 1634167.133512: tracing_mark_write: fallocate(fd=369, mode=0xe, offset=38, len=4096) end
             exe-1049896 [001] ..... 1634167.210129: tracing_mark_write: fallocate(fd=369, mode=0xe, offset=4096, len=217) start
             exe-1049896 [001] ..... 1634167.210131: sys_pwrite64 -> 0x37
             exe-1049567 [000] ..... 1634167.210131: sys_nanosleep -> 0x0
             exe-1049896 [001] ..... 1634167.210136: sys_ptrace(request: 4205, pid: 10074e, addr: 1, data: c000697c70)
             exe-1049567 [000] ..... 1634167.210137: sys_nanosleep(rqtp: c000069f10, rmtp: 0)
             exe-1049896 [001] ..... 1634167.210138: sys_ptrace -> 0x0
             exe-1049896 [001] ..... 1634167.210139: sys_ptrace(request: 4205, pid: 10074e, addr: 202, data: c000697c70)
             exe-1049896 [001] ..... 1634167.210149: sys_ptrace -> 0x0
             exe-1049896 [001] ..... 1634167.210151: sys_ptrace(request: 1f, pid: 10074e, addr: 0, data: 0)
             exe-1049896 [001] ..... 1634167.210156: sys_ptrace -> 0x0
             exe-1049896 [001] ..... 1634167.210158: sys_wait4(upid: 10074e, stat_addr: c000697bf4, options: 40000002, ru: 0)
             exe-1049673 [000] ..... 1634167.210159: sys_nanosleep -> 0x0
             exe-1049673 [000] ..... 1634167.210164: sys_nanosleep(rqtp: c000069f10, rmtp: 0)
             exe-1050446 [001] ..... 1634167.210169: sys_write -> 0x37
             exe-1049896 [001] ..... 1634167.210186: sys_wait4 -> 0x10074e
             exe-1049896 [001] ..... 1634167.210189: sys_ptrace(request: 4204, pid: 10074e, addr: 1, data: c000697c70)
             exe-1049896 [001] ..... 1634167.210192: sys_ptrace -> 0x0
             exe-1049896 [001] ..... 1634167.210193: sys_ptrace(request: 4204, pid: 10074e, addr: 202, data: c000697c70)
             exe-1049896 [001] ..... 1634167.210196: sys_ptrace -> 0x0
             exe-1049896 [001] ..... 1634167.210202: sys_ptrace(request: 4205, pid: 10074e, addr: 1, data: c000697c70)
             exe-1049896 [001] ..... 1634167.210204: sys_ptrace -> 0x0
             exe-1049896 [001] ..... 1634167.210205: sys_ptrace(request: 4205, pid: 10074e, addr: 202, data: c000697c70)
             exe-1049896 [001] ..... 1634167.210212: sys_ptrace -> 0x0
             exe-1049896 [001] ..... 1634167.210214: sys_ptrace(request: 1f, pid: 10074e, addr: 0, data: 0)
             exe-1049896 [001] .N... 1634167.210219: sys_ptrace -> 0x0
             exe-1050446 [001] ..... 1634167.210227: sys_fallocate -> 0xffffffffffffffa1
             exe-1049896 [001] ..... 1634167.210242: sys_wait4(upid: 10074e, stat_addr: c000697bf4, options: 40000002, ru: 0)
             exe-1049896 [001] ..... 1634167.210244: sys_wait4 -> 0x10074e
             exe-1049567 [000] ..... 1634167.210245: sys_nanosleep -> 0x0
             exe-1049896 [001] ..... 1634167.210246: sys_ptrace(request: 4204, pid: 10074e, addr: 1, data: c000697c70)
             exe-1049896 [001] ..... 1634167.210249: sys_ptrace -> 0x0
             exe-1049896 [001] ..... 1634167.210250: sys_ptrace(request: 4204, pid: 10074e, addr: 202, data: c000697c70)
             exe-1049567 [000] ..... 1634167.210251: sys_nanosleep(rqtp: c000069f10, rmtp: 0)
             exe-1049896 [001] ..... 1634167.210252: sys_ptrace -> 0x0
             exe-1049896 [001] ..... 1634167.210260: sys_pwrite64(fd: 63, buf: 7fd66ed97080, count: 35, pos: 37)
             exe-1049896 [001] ..... 1634167.210261: tracing_mark_write: fallocate(fd=369, mode=0xe, offset=4096, len=217) end
             exe-1049896 [001] ..... 1634167.284370: tracing_mark_write: fallocate(fd=369, mode=0xe, offset=4090, len=154) start
             exe-1049896 [001] ..... 1634167.284372: sys_pwrite64 -> 0x37
             exe-1049673 [000] ..... 1634167.284375: sys_nanosleep(rqtp: c000069f10, rmtp: 0)
             exe-1049896 [001] ..... 1634167.284379: sys_ptrace(request: 4205, pid: 10074e, addr: 1, data: c000697c70)
             exe-1049896 [001] ..... 1634167.284381: sys_ptrace -> 0x0
             exe-1049896 [001] ..... 1634167.284383: sys_ptrace(request: 4205, pid: 10074e, addr: 202, data: c000697c70)
             exe-1049896 [001] ..... 1634167.284395: sys_ptrace -> 0x0
             exe-1049896 [001] ..... 1634167.284397: sys_ptrace(request: 1f, pid: 10074e, addr: 0, data: 0)
             exe-1049896 [001] .N... 1634167.284404: sys_ptrace -> 0x0
             exe-1050446 [001] ..... 1634167.284415: sys_write -> 0x37
             exe-1049896 [001] ..... 1634167.284434: sys_wait4(upid: 10074e, stat_addr: c000697bf4, options: 40000002, ru: 0)
             exe-1049896 [001] ..... 1634167.284436: sys_wait4 -> 0x10074e
             exe-1049896 [001] ..... 1634167.284438: sys_ptrace(request: 4204, pid: 10074e, addr: 1, data: c000697c70)
             exe-1049896 [001] ..... 1634167.284442: sys_ptrace -> 0x0
             exe-1049896 [001] ..... 1634167.284443: sys_ptrace(request: 4204, pid: 10074e, addr: 202, data: c000697c70)
             exe-1049896 [001] ..... 1634167.284446: sys_ptrace -> 0x0
             exe-1049896 [001] ..... 1634167.284453: sys_ptrace(request: 4205, pid: 10074e, addr: 1, data: c000697c70)
             exe-1049896 [001] ..... 1634167.284455: sys_ptrace -> 0x0
             exe-1049896 [001] ..... 1634167.284457: sys_ptrace(request: 4205, pid: 10074e, addr: 202, data: c000697c70)
             exe-1049896 [001] ..... 1634167.284467: sys_ptrace -> 0x0
             exe-1049896 [001] ..... 1634167.284469: sys_ptrace(request: 1f, pid: 10074e, addr: 0, data: 0)
             exe-1049673 [000] ..... 1634167.284469: sys_nanosleep -> 0x0
             exe-1049673 [000] ..... 1634167.284472: sys_nanosleep(rqtp: c000069f10, rmtp: 0)
             exe-1049896 [001] .N... 1634167.284475: sys_ptrace -> 0x0
             exe-1050446 [001] ..... 1634167.284485: sys_fallocate -> 0xffffffffffffffa1
             exe-1049896 [001] ..... 1634167.284503: sys_wait4(upid: 10074e, stat_addr: c000697bf4, options: 40000002, ru: 0)
             exe-1049896 [001] ..... 1634167.284506: sys_wait4 -> 0x10074e
             exe-1049896 [001] ..... 1634167.284508: sys_ptrace(request: 4204, pid: 10074e, addr: 1, data: c000697c70)
             exe-1049896 [001] ..... 1634167.284511: sys_ptrace -> 0x0
             exe-1049896 [001] ..... 1634167.284513: sys_ptrace(request: 4204, pid: 10074e, addr: 202, data: c000697c70)
             exe-1049896 [001] ..... 1634167.284515: sys_ptrace -> 0x0
             exe-1049896 [001] ..... 1634167.284524: sys_pwrite64(fd: 63, buf: 7fd66ed97080, count: 35, pos: 37)
             exe-1049896 [001] ..... 1634167.284526: tracing_mark_write: fallocate(fd=369, mode=0xe, offset=4090, len=154) end
             exe-1049896 [001] ..... 1634167.361576: tracing_mark_write: fallocate(fd=369, mode=0xe, offset=16, len=4096) start
             exe-1049896 [001] ..... 1634167.361578: sys_pwrite64 -> 0x36
             exe-1049673 [000] ..... 1634167.361580: sys_nanosleep(rqtp: c000069f10, rmtp: 0)
             exe-1049896 [001] ..... 1634167.361585: sys_ptrace(request: 4205, pid: 10074e, addr: 1, data: c000697c70)
             exe-1049896 [001] ..... 1634167.361588: sys_ptrace -> 0x0
             exe-1049896 [001] ..... 1634167.361589: sys_ptrace(request: 4205, pid: 10074e, addr: 202, data: c000697c70)
             exe-1049567 [000] ..... 1634167.361668: sys_nanosleep -> 0x0
             exe-1049567 [000] ..... 1634167.361675: sys_nanosleep(rqtp: c000069f10, rmtp: 0)
             exe-1049896 [001] ..... 1634167.361695: sys_ptrace -> 0x0
             exe-1049673 [000] ..... 1634167.361698: sys_nanosleep -> 0x0
             exe-1050282 [002] ..... 1634167.361703: sys_futex -> 0x0
             exe-1049896 [001] ..... 1634167.361704: sys_ptrace(request: 1f, pid: 10074e, addr: 0, data: 0)
             exe-1049673 [000] ..... 1634167.361706: sys_nanosleep(rqtp: c000069f10, rmtp: 0)
             exe-1049896 [001] .N... 1634167.361712: sys_ptrace -> 0x0
             exe-1050282 [002] ..... 1634167.361718: sys_epoll_pwait(epfd: 11, events: c000695840, maxevents: 80, timeout: 9, sigmask: 0, sigsetsize: 0)
             exe-1050446 [001] ..... 1634167.361724: sys_write -> 0x36
             exe-1049896 [001] ..... 1634167.361745: sys_wait4(upid: 10074e, stat_addr: c000697bf4, options: 40000002, ru: 0)
             exe-1049896 [001] ..... 1634167.361748: sys_wait4 -> 0x10074e
             exe-1049896 [001] ..... 1634167.361750: sys_ptrace(request: 4204, pid: 10074e, addr: 1, data: c000697c70)
             exe-1049896 [001] ..... 1634167.361754: sys_ptrace -> 0x0
             exe-1049896 [001] ..... 1634167.361755: sys_ptrace(request: 4204, pid: 10074e, addr: 202, data: c000697c70)
             exe-1049896 [001] ..... 1634167.361757: sys_ptrace -> 0x0
             exe-1049896 [001] ..... 1634167.361768: sys_ptrace(request: 4205, pid: 10074e, addr: 1, data: c000697c70)
             exe-1049896 [001] ..... 1634167.361770: sys_ptrace -> 0x0
             exe-1049896 [001] ..... 1634167.361771: sys_ptrace(request: 4205, pid: 10074e, addr: 202, data: c000697c70)
             exe-1049896 [001] ..... 1634167.361782: sys_ptrace -> 0x0
             exe-1049896 [001] ..... 1634167.361784: sys_ptrace(request: 1f, pid: 10074e, addr: 0, data: 0)
             exe-1049567 [000] ..... 1634167.361786: sys_nanosleep -> 0x0
             exe-1049896 [001] .N... 1634167.361790: sys_ptrace -> 0x0
             exe-1049567 [000] ..... 1634167.361792: sys_nanosleep(rqtp: c000069f10, rmtp: 0)
             exe-1050446 [001] ..... 1634167.361799: sys_fallocate -> 0xffffffffffffffa1
             exe-1049673 [000] ..... 1634167.361814: sys_nanosleep -> 0x0
             exe-1049896 [001] ..... 1634167.361816: sys_wait4(upid: 10074e, stat_addr: c000697bf4, options: 40000002, ru: 0)
             exe-1049896 [001] ..... 1634167.361818: sys_wait4 -> 0x10074e
             exe-1049673 [000] ..... 1634167.361820: sys_nanosleep(rqtp: c000069f10, rmtp: 0)
             exe-1049896 [001] ..... 1634167.361820: sys_ptrace(request: 4204, pid: 10074e, addr: 1, data: c000697c70)
             exe-1049896 [001] ..... 1634167.361823: sys_ptrace -> 0x0
             exe-1049896 [001] ..... 1634167.361825: sys_ptrace(request: 4204, pid: 10074e, addr: 202, data: c000697c70)
             exe-1049896 [001] ..... 1634167.361827: sys_ptrace -> 0x0
             exe-1049981 [003] ..... 1634167.361831: sys_rt_sigreturn()
             exe-1049896 [001] ..... 1634167.361840: sys_pwrite64(fd: 63, buf: 7fd66ed97080, count: 34, pos: 36)
             exe-1049896 [001] ..... 1634167.361842: tracing_mark_write: fallocate(fd=369, mode=0xe, offset=16, len=4096) end
             exe-1049896 [001] ..... 1634167.420449: tracing_mark_write: fallocate(fd=21, mode=0xe, offset=0, len=8) start
             exe-1049896 [001] ..... 1634167.420450: sys_pwrite64 -> 0x31
             exe-1049673 [000] ..... 1634167.420450: sys_nanosleep -> 0x0
             exe-1049673 [000] ..... 1634167.420454: sys_nanosleep(rqtp: c000069f10, rmtp: 0)
             exe-1049896 [001] ..... 1634167.420455: sys_ptrace(request: 4205, pid: 10074e, addr: 1, data: c000697c70)
             exe-1049896 [001] ..... 1634167.420458: sys_ptrace -> 0x0
             exe-1049896 [001] ..... 1634167.420460: sys_ptrace(request: 4205, pid: 10074e, addr: 202, data: c000697c70)
             exe-1049896 [001] ..... 1634167.420467: sys_ptrace -> 0x0
             exe-1049896 [001] ..... 1634167.420469: sys_ptrace(request: 1f, pid: 10074e, addr: 0, data: 0)
             exe-1049896 [001] ..... 1634167.420475: sys_ptrace -> 0x0
             exe-1049896 [001] ..... 1634167.420477: sys_wait4(upid: 10074e, stat_addr: c000697bf4, options: 40000002, ru: 0)
             exe-1050446 [003] ..... 1634167.420489: sys_write -> 0x31
             exe-1049896 [001] ..... 1634167.420511: sys_wait4 -> 0x10074e
             exe-1049896 [001] ..... 1634167.420514: sys_ptrace(request: 4204, pid: 10074e, addr: 1, data: c000697c70)
             exe-1049896 [001] ..... 1634167.420517: sys_ptrace -> 0x0
             exe-1049896 [001] ..... 1634167.420518: sys_ptrace(request: 4204, pid: 10074e, addr: 202, data: c000697c70)
             exe-1049896 [001] ..... 1634167.420520: sys_ptrace -> 0x0
             exe-1049896 [001] ..... 1634167.420537: sys_ptrace(request: 4205, pid: 10074e, addr: 1, data: c000697c70)
             exe-1049567 [000] ..... 1634167.420539: sys_nanosleep -> 0x0
             exe-1049896 [001] ..... 1634167.420540: sys_ptrace -> 0x0
             exe-1049896 [001] ..... 1634167.420541: sys_ptrace(request: 4205, pid: 10074e, addr: 202, data: c000697c70)
             exe-1049567 [000] ..... 1634167.420545: sys_nanosleep(rqtp: c000069f10, rmtp: 0)
             exe-1049896 [001] ..... 1634167.420548: sys_ptrace -> 0x0
             exe-1049896 [001] ..... 1634167.420551: sys_ptrace(request: 1f, pid: 10074e, addr: 0, data: 0)
             exe-1049896 [001] ..... 1634167.420553: sys_ptrace -> 0x0
             exe-1049896 [001] ..... 1634167.420555: sys_wait4(upid: 10074e, stat_addr: c000697bf4, options: 40000002, ru: 0)
             exe-1050446 [003] ..... 1634167.420590: sys_fallocate -> 0xffffffffffffffa1
             exe-1049896 [001] ..... 1634167.420609: sys_wait4 -> 0x10074e
             exe-1049896 [001] ..... 1634167.420611: sys_ptrace(request: 4204, pid: 10074e, addr: 1, data: c000697c70)
             exe-1049896 [001] ..... 1634167.420614: sys_ptrace -> 0x0
             exe-1049896 [001] ..... 1634167.420615: sys_ptrace(request: 4204, pid: 10074e, addr: 202, data: c000697c70)
             exe-1049896 [001] ..... 1634167.420617: sys_ptrace -> 0x0
             exe-1049896 [001] ..... 1634167.420624: sys_pwrite64(fd: 63, buf: 7fd66ed97080, count: 2f, pos: 31)
             exe-1049896 [001] ..... 1634167.420625: tracing_mark_write: fallocate(fd=21, mode=0xe, offset=0, len=8) end
             exe-1049896 [002] ..... 1634167.505286: tracing_mark_write: fallocate(fd=21, mode=0xe, offset=32, len=4096) start
             exe-1049896 [002] ..... 1634167.505288: sys_pwrite64 -> 0x35
             exe-1049896 [002] ..... 1634167.505295: sys_ptrace(request: 4205, pid: 10074e, addr: 1, data: c000697c70)
             exe-1049896 [002] ..... 1634167.505298: sys_ptrace -> 0x0
             exe-1049896 [002] ..... 1634167.505300: sys_ptrace(request: 4205, pid: 10074e, addr: 202, data: c000697c70)
             exe-1049896 [002] ..... 1634167.505334: sys_ptrace -> 0x0
             exe-1049896 [002] ..... 1634167.505336: sys_ptrace(request: 1f, pid: 10074e, addr: 0, data: 0)
             exe-1049896 [002] .N... 1634167.505344: sys_ptrace -> 0x0
             exe-1050446 [002] ..... 1634167.505356: sys_write -> 0x35
             exe-1049896 [002] ..... 1634167.505379: sys_wait4(upid: 10074e, stat_addr: c000697bf4, options: 40000002, ru: 0)
             exe-1049896 [002] ..... 1634167.505383: sys_wait4 -> 0x10074e
             exe-1049896 [002] ..... 1634167.505385: sys_ptrace(request: 4204, pid: 10074e, addr: 1, data: c000697c70)
             exe-1049896 [002] ..... 1634167.505389: sys_ptrace -> 0x0
             exe-1049896 [002] ..... 1634167.505391: sys_ptrace(request: 4204, pid: 10074e, addr: 202, data: c000697c70)
             exe-1049896 [002] ..... 1634167.505394: sys_ptrace -> 0x0
             exe-1049896 [002] ..... 1634167.505402: sys_ptrace(request: 4205, pid: 10074e, addr: 1, data: c000697c70)
             exe-1049896 [002] ..... 1634167.505405: sys_ptrace -> 0x0
             exe-1049896 [002] ..... 1634167.505407: sys_ptrace(request: 4205, pid: 10074e, addr: 202, data: c000697c70)
             exe-1049896 [002] ..... 1634167.505418: sys_ptrace -> 0x0
             exe-1049896 [002] ..... 1634167.505420: sys_ptrace(request: 1f, pid: 10074e, addr: 0, data: 0)
             exe-1049896 [002] .N... 1634167.505427: sys_ptrace -> 0x0
             exe-1050446 [002] ..... 1634167.505438: sys_fallocate -> 0xffffffffffffffa1
             exe-1049896 [002] ..... 1634167.505475: sys_wait4(upid: 10074e, stat_addr: c000697bf4, options: 40000002, ru: 0)
             exe-1049896 [002] ..... 1634167.505479: sys_wait4 -> 0x10074e
             exe-1049896 [002] ..... 1634167.505481: sys_ptrace(request: 4204, pid: 10074e, addr: 1, data: c000697c70)
             exe-1049896 [002] ..... 1634167.505485: sys_ptrace -> 0x0
             exe-1049896 [002] ..... 1634167.505487: sys_ptrace(request: 4204, pid: 10074e, addr: 202, data: c000697c70)
             exe-1049896 [002] ..... 1634167.505490: sys_ptrace -> 0x0
             exe-1049896 [002] ..... 1634167.505506: sys_pwrite64(fd: 63, buf: 7fd66ed97080, count: 33, pos: 35)
             exe-1049896 [002] ..... 1634167.505509: tracing_mark_write: fallocate(fd=21, mode=0xe, offset=32, len=4096) end
             exe-1049896 [002] ..... 1634167.579839: tracing_mark_write: fallocate(fd=21, mode=0x5, offset=1, len=0) start
             exe-1049896 [002] ..... 1634167.579841: sys_pwrite64 -> 0x31
             exe-1049896 [002] ..... 1634167.579848: sys_ptrace(request: 4205, pid: 10074e, addr: 1, data: c000697c70)
             exe-1049896 [002] ..... 1634167.579851: sys_ptrace -> 0x0
             exe-1049896 [002] ..... 1634167.579852: sys_ptrace(request: 4205, pid: 10074e, addr: 202, data: c000697c70)
             exe-1049896 [002] ..... 1634167.579865: sys_ptrace -> 0x0
             exe-1049896 [002] ..... 1634167.579867: sys_ptrace(request: 1f, pid: 10074e, addr: 0, data: 0)
             exe-1049896 [002] .N... 1634167.579875: sys_ptrace -> 0x0
             exe-1050446 [002] ..... 1634167.579887: sys_write -> 0x31
             exe-1049896 [002] ..... 1634167.579931: sys_wait4(upid: 10074e, stat_addr: c000697bf4, options: 40000002, ru: 0)
             exe-1049896 [002] ..... 1634167.579934: sys_wait4 -> 0x10074e
             exe-1049896 [002] ..... 1634167.579937: sys_ptrace(request: 4204, pid: 10074e, addr: 1, data: c000697c70)
             exe-1049896 [002] ..... 1634167.579941: sys_ptrace -> 0x0
             exe-1049896 [002] ..... 1634167.579943: sys_ptrace(request: 4204, pid: 10074e, addr: 202, data: c000697c70)
             exe-1049896 [002] ..... 1634167.579946: sys_ptrace -> 0x0
             exe-1049896 [002] ..... 1634167.579971: sys_ptrace(request: 4205, pid: 10074e, addr: 1, data: c000697c70)
             exe-1049896 [002] ..... 1634167.579974: sys_ptrace -> 0x0
             exe-1049896 [002] ..... 1634167.579975: sys_ptrace(request: 4205, pid: 10074e, addr: 202, data: c000697c70)
             exe-1049896 [002] ..... 1634167.579988: sys_ptrace -> 0x0
             exe-1049896 [002] ..... 1634167.579990: sys_ptrace(request: 1f, pid: 10074e, addr: 0, data: 0)
             exe-1049896 [002] .N... 1634167.579998: sys_ptrace -> 0x0
             exe-1050446 [002] ..... 1634167.580009: sys_fallocate -> 0xffffffffffffffa1
             exe-1049896 [002] ..... 1634167.580033: sys_wait4(upid: 10074e, stat_addr: c000697bf4, options: 40000002, ru: 0)
             exe-1049896 [002] ..... 1634167.580035: sys_wait4 -> 0x10074e
             exe-1049896 [002] ..... 1634167.580038: sys_ptrace(request: 4204, pid: 10074e, addr: 1, data: c000697c70)
             exe-1049896 [002] ..... 1634167.580042: sys_ptrace -> 0x0
             exe-1049896 [002] ..... 1634167.580044: sys_ptrace(request: 4204, pid: 10074e, addr: 202, data: c000697c70)
             exe-1049896 [002] ..... 1634167.580047: sys_ptrace -> 0x0
             exe-1049896 [002] ..... 1634167.580062: sys_pwrite64(fd: 63, buf: 7fd66ed97080, count: 2f, pos: 31)
             exe-1049896 [002] ..... 1634167.580064: tracing_mark_write: fallocate(fd=21, mode=0x5, offset=1, len=0) end
             exe-1049896 [001] ..... 1634167.640405: tracing_mark_write: fallocate(fd=21, mode=0x5, offset=4096, len=1461) start
             exe-1049896 [001] ..... 1634167.640407: sys_pwrite64 -> 0x37
             exe-1049896 [001] ..... 1634167.640415: sys_ptrace(request: 4205, pid: 10074e, addr: 1, data: c000697c70)
             exe-1049896 [001] ..... 1634167.640418: sys_ptrace -> 0x0
             exe-1049896 [001] ..... 1634167.640419: sys_ptrace(request: 4205, pid: 10074e, addr: 202, data: c000697c70)
             exe-1049896 [001] ..... 1634167.640438: sys_ptrace -> 0x0
             exe-1049896 [001] ..... 1634167.640440: sys_ptrace(request: 1f, pid: 10074e, addr: 0, data: 0)
             exe-1049896 [001] .N... 1634167.640451: sys_ptrace -> 0x0
             exe-1050446 [001] ..... 1634167.640463: sys_write -> 0x37
             exe-1049896 [001] ..... 1634167.640485: sys_wait4(upid: 10074e, stat_addr: c000697bf4, options: 40000002, ru: 0)
             exe-1049896 [001] ..... 1634167.640488: sys_wait4 -> 0x10074e
             exe-1049896 [001] ..... 1634167.640490: sys_ptrace(request: 4204, pid: 10074e, addr: 1, data: c000697c70)
             exe-1049896 [001] ..... 1634167.640494: sys_ptrace -> 0x0
             exe-1049896 [001] ..... 1634167.640496: sys_ptrace(request: 4204, pid: 10074e, addr: 202, data: c000697c70)
             exe-1049896 [001] ..... 1634167.640498: sys_ptrace -> 0x0
             exe-1049896 [001] ..... 1634167.640506: sys_ptrace(request: 4205, pid: 10074e, addr: 1, data: c000697c70)
             exe-1049896 [001] ..... 1634167.640508: sys_ptrace -> 0x0
             exe-1049896 [001] ..... 1634167.640510: sys_ptrace(request: 4205, pid: 10074e, addr: 202, data: c000697c70)
             exe-1049896 [001] ..... 1634167.640520: sys_ptrace -> 0x0
             exe-1049896 [001] ..... 1634167.640521: sys_ptrace(request: 1f, pid: 10074e, addr: 0, data: 0)
             exe-1049896 [001] .N... 1634167.640528: sys_ptrace -> 0x0
             exe-1050446 [001] ..... 1634167.640538: sys_fallocate -> 0xffffffffffffffa1
             exe-1049896 [001] ..... 1634167.640557: sys_wait4(upid: 10074e, stat_addr: c000697bf4, options: 40000002, ru: 0)
             exe-1049896 [001] ..... 1634167.640559: sys_wait4 -> 0x10074e
             exe-1049896 [001] ..... 1634167.640561: sys_ptrace(request: 4204, pid: 10074e, addr: 1, data: c000697c70)
             exe-1049896 [001] ..... 1634167.640565: sys_ptrace -> 0x0
             exe-1049896 [001] ..... 1634167.640566: sys_ptrace(request: 4204, pid: 10074e, addr: 202, data: c000697c70)
             exe-1049896 [001] ..... 1634167.640569: sys_ptrace -> 0x0
             exe-1049567 [000] ..... 1634167.640576: sys_nanosleep -> 0x0
             exe-1049896 [001] ..... 1634167.640579: sys_pwrite64(fd: 63, buf: 7fd66ed97080, count: 35, pos: 37)
             exe-1049896 [001] ..... 1634167.640580: tracing_mark_write: fallocate(fd=21, mode=0x5, offset=4096, len=1461) end
             exe-1049896 [000] ..... 1634167.719613: tracing_mark_write: fallocate(fd=372, mode=0x5, offset=4, len=63) start
             exe-1049896 [000] ..... 1634167.719629: sys_pwrite64 -> 0x33
             exe-1049896 [000] ..... 1634167.719640: sys_ptrace(request: 4205, pid: 10074e, addr: 1, data: c000697c70)
             exe-1049896 [000] ..... 1634167.719643: sys_ptrace -> 0x0
             exe-1049896 [000] ..... 1634167.719645: sys_ptrace(request: 4205, pid: 10074e, addr: 202, data: c000697c70)
             exe-1049896 [000] ..... 1634167.719665: sys_ptrace -> 0x0
             exe-1049896 [000] ..... 1634167.719667: sys_ptrace(request: 1f, pid: 10074e, addr: 0, data: 0)
             exe-1049896 [000] ..... 1634167.719678: sys_ptrace -> 0x0
             exe-1049896 [000] ..... 1634167.719682: sys_wait4(upid: 10074e, stat_addr: c000697bf4, options: 40000002, ru: 0)
             exe-1050446 [001] ..... 1634167.719687: sys_write -> 0x33
             exe-1049567 [002] ..... 1634167.719696: sys_nanosleep -> 0x0
             exe-1049567 [002] ..... 1634167.719702: sys_nanosleep(rqtp: c000069f10, rmtp: 0)
             exe-1049896 [000] ..... 1634167.719707: sys_wait4 -> 0x10074e
             exe-1049896 [000] ..... 1634167.719711: sys_ptrace(request: 4204, pid: 10074e, addr: 1, data: c000697c70)
             exe-1049896 [000] ..... 1634167.719716: sys_ptrace -> 0x0
             exe-1049896 [000] ..... 1634167.719717: sys_ptrace(request: 4204, pid: 10074e, addr: 202, data: c000697c70)
             exe-1049896 [000] ..... 1634167.719720: sys_ptrace -> 0x0
             exe-1049896 [000] ..... 1634167.719729: sys_ptrace(request: 4205, pid: 10074e, addr: 1, data: c000697c70)
             exe-1049896 [000] ..... 1634167.719733: sys_ptrace -> 0x0
             exe-1049896 [000] ..... 1634167.719734: sys_ptrace(request: 4205, pid: 10074e, addr: 202, data: c000697c70)
             exe-1049896 [000] ..... 1634167.719747: sys_ptrace -> 0x0
             exe-1049896 [000] ..... 1634167.719749: sys_ptrace(request: 1f, pid: 10074e, addr: 0, data: 0)
             exe-1049896 [000] ..... 1634167.719761: sys_ptrace -> 0x0
             exe-1049896 [000] ..... 1634167.719763: sys_wait4(upid: 10074e, stat_addr: c000697bf4, options: 40000002, ru: 0)
             exe-1050446 [001] ..... 1634167.719764: sys_fallocate -> 0xffffffffffffffa1
             exe-1049896 [000] ..... 1634167.719786: sys_wait4 -> 0x10074e
             exe-1049896 [000] ..... 1634167.719790: sys_ptrace(request: 4204, pid: 10074e, addr: 1, data: c000697c70)
             exe-1049896 [000] ..... 1634167.719794: sys_ptrace -> 0x0
             exe-1049896 [000] ..... 1634167.719796: sys_ptrace(request: 4204, pid: 10074e, addr: 202, data: c000697c70)
             exe-1049896 [000] ..... 1634167.719799: sys_ptrace -> 0x0
             exe-1049567 [002] ..... 1634167.719813: sys_nanosleep -> 0x0
             exe-1049896 [000] ..... 1634167.719817: sys_pwrite64(fd: 63, buf: 7fd66ed97080, count: 31, pos: 33)
             exe-1049567 [002] ..... 1634167.719819: sys_nanosleep(rqtp: c000069f10, rmtp: 0)
             exe-1049896 [000] ..... 1634167.719819: tracing_mark_write: fallocate(fd=372, mode=0x5, offset=4, len=63) end
             exe-1049896 [000] ..... 1634167.792451: tracing_mark_write: fallocate(fd=372, mode=0x5, offset=250, len=2) start
             exe-1049896 [000] ..... 1634167.792452: sys_pwrite64 -> 0x34
             exe-1049896 [000] ..... 1634167.792459: sys_ptrace(request: 4205, pid: 10074e, addr: 1, data: c000697c70)
             exe-1049896 [000] ..... 1634167.792461: sys_ptrace -> 0x0
             exe-1049896 [000] ..... 1634167.792463: sys_ptrace(request: 4205, pid: 10074e, addr: 202, data: c000697c70)
             exe-1049896 [000] ..... 1634167.792474: sys_ptrace -> 0x0
             exe-1049896 [000] ..... 1634167.792475: sys_ptrace(request: 1f, pid: 10074e, addr: 0, data: 0)
             exe-1049896 [000] ..... 1634167.792484: sys_ptrace -> 0x0
             exe-1049896 [000] ..... 1634167.792486: sys_wait4(upid: 10074e, stat_addr: c000697bf4, options: 40000002, ru: 0)
             exe-1050446 [001] ..... 1634167.792500: sys_write -> 0x34
             exe-1049896 [000] ..... 1634167.792527: sys_wait4 -> 0x10074e
             exe-1049896 [000] ..... 1634167.792530: sys_ptrace(request: 4204, pid: 10074e, addr: 1, data: c000697c70)
             exe-1049896 [000] ..... 1634167.792534: sys_ptrace -> 0x0
             exe-1049896 [000] ..... 1634167.792536: sys_ptrace(request: 4204, pid: 10074e, addr: 202, data: c000697c70)
             exe-1049896 [000] ..... 1634167.792538: sys_ptrace -> 0x0
             exe-1049896 [000] ..... 1634167.792544: sys_ptrace(request: 4205, pid: 10074e, addr: 1, data: c000697c70)
             exe-1049896 [000] ..... 1634167.792547: sys_ptrace -> 0x0
             exe-1049896 [000] ..... 1634167.792548: sys_ptrace(request: 4205, pid: 10074e, addr: 202, data: c000697c70)
             exe-1049896 [000] ..... 1634167.792558: sys_ptrace -> 0x0
             exe-1049896 [000] ..... 1634167.792559: sys_ptrace(request: 1f, pid: 10074e, addr: 0, data: 0)
             exe-1049896 [000] ..... 1634167.792565: sys_ptrace -> 0x0
             exe-1049896 [000] ..... 1634167.792567: sys_wait4(upid: 10074e, stat_addr: c000697bf4, options: 40000002, ru: 0)
             exe-1050446 [001] ..... 1634167.792575: sys_fallocate -> 0xffffffffffffffa1
             exe-1049896 [000] ..... 1634167.792595: sys_wait4 -> 0x10074e
             exe-1049896 [000] ..... 1634167.792598: sys_ptrace(request: 4204, pid: 10074e, addr: 1, data: c000697c70)
             exe-1049896 [000] ..... 1634167.792601: sys_ptrace -> 0x0
