             exe-1049567 [002] ..... 1634172.991744: sys_nanosleep -> 0x0
             exe-1049567 [002] ..... 1634172.991750: sys_nanosleep(rqtp: c000069f10, rmtp: 0)
             exe-1049673 [000] ..... 1634172.991764: sys_nanosleep -> 0x0
             exe-1049673 [000] ..... 1634172.991766: sys_nanosleep(rqtp: c000069f10, rmtp: 0)
             exe-1049896 [002] ..... 1634172.991768: sys_wait4(upid: 10074e, stat_addr: c000697bf4, options: 40000002, ru: 0)
             exe-1049896 [002] ..... 1634172.991770: sys_wait4 -> 0x10074e
             exe-1049896 [002] ..... 1634172.991773: sys_ptrace(request: 4204, pid: 10074e, addr: 1, data: c000697c70)
             exe-1049896 [002] ..... 1634172.991776: sys_ptrace -> 0x0
             exe-1049896 [002] ..... 1634172.991778: sys_ptrace(request: 4204, pid: 10074e, addr: 202, data: c000697c70)
             exe-1049896 [002] ..... 1634172.991780: sys_ptrace -> 0x0
             exe-1049896 [002] ..... 1634172.991796: sys_pwrite64(fd: 63, buf: 7fd66ed97080, count: 2e, pos: 30)
             exe-1049896 [002] ..... 1634172.991798: tracing_mark_write: fallocate(fd=7, mode=0xb, offset=4, len=4) end
             exe-1049896 [002] ..... 1634173.063049: tracing_mark_write: fallocate(fd=18, mode=0xc, offset=1, len=4096) start
             exe-1049896 [002] ..... 1634173.063051: sys_pwrite64 -> 0x34
             exe-1049896 [002] ..... 1634173.063058: sys_ptrace(request: 4205, pid: 10074e, addr: 1, data: c000697c70)
             exe-1049896 [002] ..... 1634173.063061: sys_ptrace -> 0x0
             exe-1049896 [002] ..... 1634173.063063: sys_ptrace(request: 4205, pid: 10074e, addr: 202, data: c000697c70)
             exe-1049896 [002] ..... 1634173.063074: sys_ptrace -> 0x0
             exe-1049896 [002] ..... 1634173.063076: sys_ptrace(request: 1f, pid: 10074e, addr: 0, data: 0)
             exe-1049896 [002] .N... 1634173.063081: sys_ptrace -> 0x0
             exe-1050446 [002] ..... 1634173.063091: sys_write -> 0x34
             exe-1049673 [000] ..... 1634173.063110: sys_nanosleep -> 0x0
             exe-1049673 [000] ..... 1634173.063112: sys_nanosleep(rqtp: c000069f10, rmtp: 0)
             exe-1049567 [002] ..... 1634173.063142: sys_nanosleep -> 0x0
             exe-1049567 [002] ..... 1634173.063148: sys_nanosleep(rqtp: c000069f10, rmtp: 0)
             exe-1049896 [002] ..... 1634173.063163: sys_wait4(upid: 10074e, stat_addr: c000697bf4, options: 40000002, ru: 0)
             exe-1049896 [002] ..... 1634173.063166: sys_wait4 -> 0x10074e
             exe-1049896 [002] ..... 1634173.063168: sys_ptrace(request: 4204, pid: 10074e, addr: 1, data: c000697c70)
             exe-1049896 [002] ..... 1634173.063172: sys_ptrace -> 0x0
             exe-1049896 [002] ..... 1634173.063174: sys_ptrace(request: 4204, pid: 10074e, addr: 202, data: c000697c70)
             exe-1049896 [002] ..... 1634173.063177: sys_ptrace -> 0x0
             exe-1049896 [002] ..... 1634173.063186: sys_ptrace(request: 4205, pid: 10074e, addr: 1, data: c000697c70)
             exe-1049896 [002] ..... 1634173.063188: sys_ptrace -> 0x0
             exe-1049896 [002] ..... 1634173.063190: sys_ptrace(request: 4205, pid: 10074e, addr: 202, data: c000697c70)
             exe-1049673 [000] ..... 1634173.063198: sys_nanosleep -> 0x0
             exe-1049673 [000] ..... 1634173.063200: sys_nanosleep(rqtp: c000069f10, rmtp: 0)
             exe-1049896 [002] ..... 1634173.063201: sys_ptrace -> 0x0
             exe-1049896 [002] ..... 1634173.063202: sys_ptrace(request: 1f, pid: 10074e, addr: 0, data: 0)
             exe-1049896 [002] .N... 1634173.063207: sys_ptrace -> 0x0
             exe-1050446 [002] ..... 1634173.063217: sys_fallocate -> 0xffffffffffffffa1
             exe-1049567 [002] ..... 1634173.063264: sys_nanosleep -> 0x0
             exe-1049567 [002] ..... 1634173.063270: sys_nanosleep(rqtp: c000069f10, rmtp: 0)
             exe-1049673 [000] ..... 1634173.063286: sys_nanosleep -> 0x0
             exe-1049673 [000] ..... 1634173.063288: sys_nanosleep(rqtp: c000069f10, rmtp: 0)
             exe-1049896 [002] ..... 1634173.063291: sys_wait4(upid: 10074e, stat_addr: c000697bf4, options: 40000002, ru: 0)
             exe-1049896 [002] ..... 1634173.063293: sys_wait4 -> 0x10074e
             exe-1049896 [002] ..... 1634173.063296: sys_ptrace(request: 4204, pid: 10074e, addr: 1, data: c000697c70)
             exe-1049896 [002] ..... 1634173.063300: sys_ptrace -> 0x0
             exe-1049896 [002] ..... 1634173.063301: sys_ptrace(request: 4204, pid: 10074e, addr: 202, data: c000697c70)
             exe-1049896 [002] ..... 1634173.063304: sys_ptrace -> 0x0
             exe-1049896 [002] ..... 1634173.063318: sys_pwrite64(fd: 63, buf: 7fd66ed97080, count: 32, pos: 34)
             exe-1049896 [002] ..... 1634173.063320: tracing_mark_write: fallocate(fd=18, mode=0xc, offset=1, len=4096) end
             exe-1049896 [002] ..... 1634173.134266: tracing_mark_write: fallocate(fd=18, mode=0xc, offset=4096, len=0) start
             exe-1049896 [002] ..... 1634173.134268: sys_pwrite64 -> 0x34
             exe-1049896 [002] ..... 1634173.134276: sys_ptrace(request: 4205, pid: 10074e, addr: 1, data: c000697c70)
             exe-1049896 [002] ..... 1634173.134280: sys_ptrace -> 0x0
             exe-1049896 [002] ..... 1634173.134281: sys_ptrace(request: 4205, pid: 10074e, addr: 202, data: c000697c70)
             exe-1049896 [002] ..... 1634173.134297: sys_ptrace -> 0x0
             exe-1049896 [002] ..... 1634173.134299: sys_ptrace(request: 1f, pid: 10074e, addr: 0, data: 0)
             exe-1049896 [002] .N... 1634173.134309: sys_ptrace -> 0x0
             exe-1050446 [002] ..... 1634173.134320: sys_write -> 0x34
             exe-1049896 [002] ..... 1634173.134338: sys_wait4(upid: 10074e, stat_addr: c000697bf4, options: 40000002, ru: 0)
             exe-1049896 [002] ..... 1634173.134341: sys_wait4 -> 0x10074e
             exe-1049896 [002] ..... 1634173.134344: sys_ptrace(request: 4204, pid: 10074e, addr: 1, data: c000697c70)
             exe-1049673 [001] ..... 1634173.134345: sys_nanosleep -> 0x0
             exe-1049896 [002] ..... 1634173.134349: sys_ptrace -> 0x0
             exe-1049896 [002] ..... 1634173.134352: sys_ptrace(request: 4204, pid: 10074e, addr: 202, data: c000697c70)
             exe-1049673 [001] ..... 1634173.134353: sys_nanosleep(rqtp: c000069f10, rmtp: 0)
             exe-1049896 [002] ..... 1634173.134356: sys_ptrace -> 0x0
             exe-1049896 [002] ..... 1634173.134366: sys_ptrace(request: 4205, pid: 10074e, addr: 1, data: c000697c70)
             exe-1049896 [002] ..... 1634173.134369: sys_ptrace -> 0x0
             exe-1049896 [002] ..... 1634173.134371: sys_ptrace(request: 4205, pid: 10074e, addr: 202, data: c000697c70)
             exe-1049896 [002] ..... 1634173.134384: sys_ptrace -> 0x0
             exe-1049896 [002] ..... 1634173.134386: sys_ptrace(request: 1f, pid: 10074e, addr: 0, data: 0)
             exe-1049896 [002] .N... 1634173.134397: sys_ptrace -> 0x0
             exe-1050446 [002] ..... 1634173.134438: sys_fallocate -> 0xffffffffffffffa1
             exe-1049673 [001] ..... 1634173.134452: sys_nanosleep -> 0x0
             exe-1049567 [002] ..... 1634173.134455: sys_nanosleep -> 0x0
             exe-1049673 [001] ..... 1634173.134458: sys_nanosleep(rqtp: c000069f10, rmtp: 0)
             exe-1049567 [002] ..... 1634173.134461: sys_nanosleep(rqtp: c000069f10, rmtp: 0)
             exe-1049896 [002] ..... 1634173.134480: sys_wait4(upid: 10074e, stat_addr: c000697bf4, options: 40000002, ru: 0)
             exe-1049896 [002] ..... 1634173.134483: sys_wait4 -> 0x10074e
             exe-1049896 [002] ..... 1634173.134485: sys_ptrace(request: 4204, pid: 10074e, addr: 1, data: c000697c70)
             exe-1049896 [002] ..... 1634173.134489: sys_ptrace -> 0x0
             exe-1049896 [002] ..... 1634173.134490: sys_ptrace(request: 4204, pid: 10074e, addr: 202, data: c000697c70)
             exe-1049896 [002] ..... 1634173.134493: sys_ptrace -> 0x0
             exe-1049896 [002] ..... 1634173.134506: sys_pwrite64(fd: 63, buf: 7fd66ed97080, count: 32, pos: 34)
             exe-1049896 [002] ..... 1634173.134508: tracing_mark_write: fallocate(fd=18, mode=0xc, offset=4096, len=0) end
             exe-1049896 [002] ..... 1634173.204054: tracing_mark_write: fallocate(fd=18, mode=0xc, offset=4, len=-9) start
             exe-1049896 [002] ..... 1634173.204056: sys_pwrite64 -> 0x32
             exe-1049896 [002] ..... 1634173.204063: sys_ptrace(request: 4205, pid: 10074e, addr: 1, data: c000697c70)
             exe-1049896 [002] ..... 1634173.204066: sys_ptrace -> 0x0
             exe-1049896 [002] .N... 1634173.204096: sys_ptrace(request: 4205, pid: 10074e, addr: 202, data: c000697c70)
             exe-1049567 [002] ..... 1634173.204102: sys_nanosleep -> 0x0
             exe-1049567 [002] ..... 1634173.204106: sys_nanosleep(rqtp: c000069f10, rmtp: 0)
             exe-1049896 [002] ..... 1634173.204127: sys_ptrace -> 0x0
             exe-1049896 [002] ..... 1634173.204129: sys_ptrace(request: 1f, pid: 10074e, addr: 0, data: 0)
             exe-1049896 [002] .N... 1634173.204133: sys_ptrace -> 0x0
             exe-1050446 [002] ..... 1634173.204143: sys_write -> 0x32
             exe-1049673 [001] ..... 1634173.204162: sys_nanosleep -> 0x0
             exe-1049896 [002] ..... 1634173.204164: sys_wait4(upid: 10074e, stat_addr: c000697bf4, options: 40000002, ru: 0)
             exe-1049673 [001] ..... 1634173.204167: sys_nanosleep(rqtp: c000069f10, rmtp: 0)
             exe-1049896 [002] ..... 1634173.204167: sys_wait4 -> 0x10074e
             exe-1049896 [002] ..... 1634173.204169: sys_ptrace(request: 4204, pid: 10074e, addr: 1, data: c000697c70)
             exe-1049896 [002] ..... 1634173.204173: sys_ptrace -> 0x0
             exe-1049896 [002] ..... 1634173.204175: sys_ptrace(request: 4204, pid: 10074e, addr: 202, data: c000697c70)
             exe-1049896 [002] ..... 1634173.204177: sys_ptrace -> 0x0
             exe-1049896 [002] ..... 1634173.204185: sys_ptrace(request: 4205, pid: 10074e, addr: 1, data: c000697c70)
             exe-1049896 [002] ..... 1634173.204188: sys_ptrace -> 0x0
             exe-1049896 [002] ..... 1634173.204189: sys_ptrace(request: 4205, pid: 10074e, addr: 202, data: c000697c70)
             exe-1049896 [002] ..... 1634173.204199: sys_ptrace -> 0x0
             exe-1049896 [002] ..... 1634173.204201: sys_ptrace(request: 1f, pid: 10074e, addr: 0, data: 0)
             exe-1049896 [002] .N... 1634173.204208: sys_ptrace -> 0x0
             exe-1050446 [002] ..... 1634173.204218: sys_fallocate -> 0xffffffffffffffa1
             exe-1049896 [002] ..... 1634173.204237: sys_wait4(upid: 10074e, stat_addr: c000697bf4, options: 40000002, ru: 0)
             exe-1049896 [002] .N... 1634173.204267: sys_wait4 -> 0x10074e
             exe-1049567 [002] ..... 1634173.204271: sys_nanosleep -> 0x0
             exe-1049673 [001] ..... 1634173.204275: sys_nanosleep -> 0x0
             exe-1049567 [002] ..... 1634173.204275: sys_nanosleep(rqtp: c000069f10, rmtp: 0)
             exe-1049673 [001] ..... 1634173.204280: sys_nanosleep(rqtp: c000069f10, rmtp: 0)
             exe-1049896 [002] ..... 1634173.204288: sys_ptrace(request: 4204, pid: 10074e, addr: 1, data: c000697c70)
             exe-1049896 [002] ..... 1634173.204292: sys_ptrace -> 0x0
             exe-1049896 [002] ..... 1634173.204294: sys_ptrace(request: 4204, pid: 10074e, addr: 202, data: c000697c70)
             exe-1049896 [002] ..... 1634173.204296: sys_ptrace -> 0x0
             exe-1049896 [002] ..... 1634173.204306: sys_pwrite64(fd: 63, buf: 7fd66ed97080, count: 30, pos: 32)
             exe-1049896 [002] ..... 1634173.204308: tracing_mark_write: fallocate(fd=18, mode=0xc, offset=4, len=-9) end
             exe-1049896 [002] ..... 1634173.265298: tracing_mark_write: fallocate(fd=279, mode=0xc, offset=-5, len=4096) start
             exe-1049896 [002] ..... 1634173.265300: sys_pwrite64 -> 0x36
             exe-1049896 [002] ..... 1634173.265309: sys_ptrace(request: 4205, pid: 10074e, addr: 1, data: c000697c70)
             exe-1049896 [002] ..... 1634173.265313: sys_ptrace -> 0x0
             exe-1049896 [002] ..... 1634173.265316: sys_ptrace(request: 4205, pid: 10074e, addr: 202, data: c000697c70)
             exe-1049896 [002] ..... 1634173.265332: sys_ptrace -> 0x0
             exe-1049896 [002] ..... 1634173.265335: sys_ptrace(request: 1f, pid: 10074e, addr: 0, data: 0)
             exe-1049896 [002] .N... 1634173.265345: sys_ptrace -> 0x0
             exe-1050446 [002] ..... 1634173.265357: sys_write -> 0x36
             exe-1049896 [002] ..... 1634173.265383: sys_wait4(upid: 10074e, stat_addr: c000697bf4, options: 40000002, ru: 0)
             exe-1049896 [002] ..... 1634173.265387: sys_wait4 -> 0x10074e
             exe-1049896 [002] ..... 1634173.265390: sys_ptrace(request: 4204, pid: 10074e, addr: 1, data: c000697c70)
             exe-1049896 [002] ..... 1634173.265395: sys_ptrace -> 0x0
             exe-1049896 [002] ..... 1634173.265397: sys_ptrace(request: 4204, pid: 10074e, addr: 202, data: c000697c70)
             exe-1049896 [002] ..... 1634173.265401: sys_ptrace -> 0x0
             exe-1049896 [002] ..... 1634173.265430: sys_ptrace(request: 4205, pid: 10074e, addr: 1, data: c000697c70)
             exe-1049896 [002] ..... 1634173.265434: sys_ptrace -> 0x0
             exe-1049896 [002] ..... 1634173.265436: sys_ptrace(request: 4205, pid: 10074e, addr: 202, data: c000697c70)
             exe-1049896 [002] ..... 1634173.265455: sys_ptrace -> 0x0
             exe-1049896 [002] ..... 1634173.265458: sys_ptrace(request: 1f, pid: 10074e, addr: 0, data: 0)
             exe-1049896 [002] .N... 1634173.265495: sys_ptrace -> 0x0
             exe-1050446 [002] ..... 1634173.265508: sys_fallocate -> 0xffffffffffffffa1
             exe-1049567 [002] ..... 1634173.265530: sys_nanosleep -> 0x0
             exe-1049567 [002] ..... 1634173.265537: sys_nanosleep(rqtp: c000069f10, rmtp: 0)
             exe-1049896 [002] ..... 1634173.265552: sys_wait4(upid: 10074e, stat_addr: c000697bf4, options: 40000002, ru: 0)
             exe-1049896 [002] ..... 1634173.265555: sys_wait4 -> 0x10074e
             exe-1049896 [002] ..... 1634173.265558: sys_ptrace(request: 4204, pid: 10074e, addr: 1, data: c000697c70)
             exe-1049896 [002] ..... 1634173.265563: sys_ptrace -> 0x0
             exe-1049896 [002] ..... 1634173.265566: sys_ptrace(request: 4204, pid: 10074e, addr: 202, data: c000697c70)
             exe-1049896 [002] ..... 1634173.265569: sys_ptrace -> 0x0
             exe-1049896 [002] ..... 1634173.265586: sys_pwrite64(fd: 63, buf: 7fd66ed97080, count: 34, pos: 36)
             exe-1049896 [002] ..... 1634173.265589: tracing_mark_write: fallocate(fd=279, mode=0xc, offset=-5, len=4096) end
             exe-1049896 [002] ..... 1634173.336723: tracing_mark_write: fallocate(fd=279, mode=0xc, offset=4096, len=10) start
             exe-1049896 [002] ..... 1634173.336724: sys_pwrite64 -> 0x36
             exe-1049673 [001] ..... 1634173.336749: sys_nanosleep -> 0x0
             exe-1049673 [001] ..... 1634173.336754: sys_nanosleep(rqtp: c000069f10, rmtp: 0)
             exe-1049567 [002] ..... 1634173.336758: sys_nanosleep -> 0x0
             exe-1049567 [002] ..... 1634173.336762: sys_nanosleep(rqtp: c000069f10, rmtp: 0)
             exe-1049896 [002] ..... 1634173.336772: sys_ptrace(request: 4205, pid: 10074e, addr: 1, data: c000697c70)
             exe-1049896 [002] ..... 1634173.336775: sys_ptrace -> 0x0
             exe-1049896 [002] ..... 1634173.336777: sys_ptrace(request: 4205, pid: 10074e, addr: 202, data: c000697c70)
             exe-1049896 [002] ..... 1634173.336787: sys_ptrace -> 0x0
             exe-1049896 [002] ..... 1634173.336798: sys_ptrace(request: 1f, pid: 10074e, addr: 0, data: 0)
             exe-1049896 [002] .N... 1634173.336801: sys_ptrace -> 0x0
             exe-1050446 [002] ..... 1634173.336809: sys_write -> 0x36
             exe-1049896 [002] ..... 1634173.336829: sys_wait4(upid: 10074e, stat_addr: c000697bf4, options: 40000002, ru: 0)
             exe-1049896 [002] ..... 1634173.336832: sys_wait4 -> 0x10074e
             exe-1049896 [002] ..... 1634173.336834: sys_ptrace(request: 4204, pid: 10074e, addr: 1, data: c000697c70)
             exe-1049896 [002] ..... 1634173.336837: sys_ptrace -> 0x0
             exe-1049896 [002] ..... 1634173.336839: sys_ptrace(request: 4204, pid: 10074e, addr: 202, data: c000697c70)
             exe-1049896 [002] ..... 1634173.336841: sys_ptrace -> 0x0
             exe-1049896 [002] ..... 1634173.336849: sys_ptrace(request: 4205, pid: 10074e, addr: 1, data: c000697c70)
             exe-1049896 [002] ..... 1634173.336851: sys_ptrace -> 0x0
             exe-1049896 [002] ..... 1634173.336852: sys_ptrace(request: 4205, pid: 10074e, addr: 202, data: c000697c70)
             exe-1049896 [002] ..... 1634173.336861: sys_ptrace -> 0x0
             exe-1049673 [001] ..... 1634173.336862: sys_nanosleep -> 0x0
             exe-1049896 [002] ..... 1634173.336863: sys_ptrace(request: 1f, pid: 10074e, addr: 0, data: 0)
             exe-1049673 [001] ..... 1634173.336867: sys_nanosleep(rqtp: c000069f10, rmtp: 0)
             exe-1049896 [002] .N... 1634173.336869: sys_ptrace -> 0x0
             exe-1050446 [002] ..... 1634173.336878: sys_fallocate -> 0xffffffffffffffa1
             exe-1049567 [002] ..... 1634173.336920: sys_nanosleep -> 0x0
             exe-1049567 [002] ..... 1634173.336925: sys_nanosleep(rqtp: c000069f10, rmtp: 0)
             exe-1049896 [002] ..... 1634173.336936: sys_wait4(upid: 10074e, stat_addr: c000697bf4, options: 40000002, ru: 0)
             exe-1049896 [002] ..... 1634173.336938: sys_wait4 -> 0x10074e
             exe-1049896 [002] ..... 1634173.336940: sys_ptrace(request: 4204, pid: 10074e, addr: 1, data: c000697c70)
             exe-1049896 [002] ..... 1634173.336943: sys_ptrace -> 0x0
             exe-1049896 [002] ..... 1634173.336945: sys_ptrace(request: 4204, pid: 10074e, addr: 202, data: c000697c70)
             exe-1049896 [002] ..... 1634173.336947: sys_ptrace -> 0x0
             exe-1049896 [002] ..... 1634173.336959: sys_pwrite64(fd: 63, buf: 7fd66ed97080, count: 34, pos: 36)
             exe-1049896 [002] ..... 1634173.336960: tracing_mark_write: fallocate(fd=279, mode=0xc, offset=4096, len=10) end
             exe-1049896 [002] ..... 1634173.398192: tracing_mark_write: fallocate(fd=274, mode=0xc, offset=1, len=1) start
             exe-1049896 [002] ..... 1634173.398195: sys_pwrite64 -> 0x32
             exe-1049896 [002] ..... 1634173.398205: sys_ptrace(request: 4205, pid: 10074e, addr: 1, data: c000697c70)
             exe-1049896 [002] ..... 1634173.398208: sys_ptrace -> 0x0
             exe-1049896 [002] ..... 1634173.398210: sys_ptrace(request: 4205, pid: 10074e, addr: 202, data: c000697c70)
             exe-1049896 [002] ..... 1634173.398226: sys_ptrace -> 0x0
             exe-1049896 [002] ..... 1634173.398228: sys_ptrace(request: 1f, pid: 10074e, addr: 0, data: 0)
             exe-1049673 [003] ..... 1634173.398230: sys_nanosleep -> 0x0
             exe-1049673 [003] ..... 1634173.398237: sys_futex(uaddr: 1f09dc0, op: 80, val: 0, utime: c000069eb0, uaddr2: 0, val3: 0)
             exe-1049896 [002] .N... 1634173.398238: sys_ptrace -> 0x0
             exe-1050446 [002] ..... 1634173.398250: sys_write -> 0x32
             exe-1049896 [002] ..... 1634173.398274: sys_wait4(upid: 10074e, stat_addr: c000697bf4, options: 40000002, ru: 0)
             exe-1049896 [002] ..... 1634173.398278: sys_wait4 -> 0x10074e
             exe-1049896 [002] ..... 1634173.398281: sys_ptrace(request: 4204, pid: 10074e, addr: 1, data: c000697c70)
             exe-1049896 [002] ..... 1634173.398286: sys_ptrace -> 0x0
             exe-1049896 [002] ..... 1634173.398288: sys_ptrace(request: 4204, pid: 10074e, addr: 202, data: c000697c70)
             exe-1049896 [002] ..... 1634173.398291: sys_ptrace -> 0x0
             exe-1049896 [002] ..... 1634173.398299: sys_ptrace(request: 4205, pid: 10074e, addr: 1, data: c000697c70)
             exe-1049896 [002] ..... 1634173.398303: sys_ptrace -> 0x0
             exe-1049896 [002] ..... 1634173.398304: sys_ptrace(request: 4205, pid: 10074e, addr: 202, data: c000697c70)
             exe-1049896 [002] ..... 1634173.398318: sys_ptrace -> 0x0
             exe-1049896 [002] ..... 1634173.398320: sys_ptrace(request: 1f, pid: 10074e, addr: 0, data: 0)
             exe-1049896 [002] .N... 1634173.398328: sys_ptrace -> 0x0
             exe-1050446 [002] ..... 1634173.398340: sys_fallocate -> 0xfffffffffffffff7
             exe-1049896 [002] ..... 1634173.398360: sys_wait4(upid: 10074e, stat_addr: c000697bf4, options: 40000002, ru: 0)
             exe-1049896 [002] ..... 1634173.398362: sys_wait4 -> 0x10074e
             exe-1049896 [002] ..... 1634173.398364: sys_ptrace(request: 4204, pid: 10074e, addr: 1, data: c000697c70)
             exe-1049896 [002] ..... 1634173.398368: sys_ptrace -> 0x0
             exe-1049896 [002] ..... 1634173.398370: sys_ptrace(request: 4204, pid: 10074e, addr: 202, data: c000697c70)
             exe-1049896 [002] ..... 1634173.398372: sys_ptrace -> 0x0
             exe-1049896 [002] ..... 1634173.398382: sys_pwrite64(fd: 63, buf: 7fd66ed97080, count: 30, pos: 32)
             exe-1049896 [002] ..... 1634173.398384: tracing_mark_write: fallocate(fd=274, mode=0xc, offset=1, len=1) end
             exe-1049896 [002] ..... 1634173.473080: tracing_mark_write: fallocate(fd=274, mode=0xc, offset=0x3ff800, len=206) start
             exe-1049896 [002] ..... 1634173.473082: sys_pwrite64 -> 0x3b
             exe-1049673 [000] ..... 1634173.473088: sys_nanosleep -> 0x0
             exe-1049896 [002] ..... 1634173.473090: sys_ptrace(request: 4205, pid: 10074e, addr: 1, data: c000697c70)
             exe-1049673 [000] ..... 1634173.473090: sys_nanosleep(rqtp: c000069f10, rmtp: 0)
             exe-1049896 [002] ..... 1634173.473093: sys_ptrace -> 0x0
             exe-1049896 [002] ..... 1634173.473094: sys_ptrace(request: 4205, pid: 10074e, addr: 202, data: c000697c70)
             exe-1049896 [002] ..... 1634173.473106: sys_ptrace -> 0x0
             exe-1049896 [002] ..... 1634173.473108: sys_ptrace(request: 1f, pid: 10074e, addr: 0, data: 0)
             exe-1049896 [002] .N... 1634173.473116: sys_ptrace -> 0x0
             exe-1050446 [002] ..... 1634173.473128: sys_write -> 0x3b
             exe-1049896 [002] ..... 1634173.473147: sys_wait4(upid: 10074e, stat_addr: c000697bf4, options: 40000002, ru: 0)
             exe-1049896 [002] ..... 1634173.473150: sys_wait4 -> 0x10074e
             exe-1049896 [002] ..... 1634173.473153: sys_ptrace(request: 4204, pid: 10074e, addr: 1, data: c000697c70)
             exe-1049567 [002] ..... 1634173.473199: sys_nanosleep -> 0x0
             exe-1049673 [000] ..... 1634173.473200: sys_nanosleep -> 0x0
             exe-1049673 [000] ..... 1634173.473202: sys_nanosleep(rqtp: c000069f10, rmtp: 0)
             exe-1049567 [002] ..... 1634173.473203: sys_nanosleep(rqtp: c000069f10, rmtp: 0)
             exe-1049896 [002] ..... 1634173.473216: sys_ptrace -> 0x0
             exe-1049896 [002] ..... 1634173.473219: sys_ptrace(request: 4204, pid: 10074e, addr: 202, data: c000697c70)
             exe-1049896 [002] ..... 1634173.473222: sys_ptrace -> 0x0
             exe-1049896 [002] ..... 1634173.473230: sys_ptrace(request: 4205, pid: 10074e, addr: 1, data: c000697c70)
             exe-1049896 [002] ..... 1634173.473233: sys_ptrace -> 0x0
             exe-1049896 [002] ..... 1634173.473234: sys_ptrace(request: 4205, pid: 10074e, addr: 202, data: c000697c70)
             exe-1049896 [002] ..... 1634173.473247: sys_ptrace -> 0x0
             exe-1049896 [002] ..... 1634173.473248: sys_ptrace(request: 1f, pid: 10074e, addr: 0, data: 0)
             exe-1049896 [002] .N... 1634173.473252: sys_ptrace -> 0x0
             exe-1050446 [002] ..... 1634173.473263: sys_fallocate -> 0xfffffffffffffff7
             exe-1049896 [002] ..... 1634173.473285: sys_wait4(upid: 10074e, stat_addr: c000697bf4, options: 40000002, ru: 0)
             exe-1049896 [002] ..... 1634173.473288: sys_wait4 -> 0x10074e
             exe-1049896 [002] ..... 1634173.473291: sys_ptrace(request: 4204, pid: 10074e, addr: 1, data: c000697c70)
             exe-1049673 [000] ..... 1634173.473294: sys_nanosleep -> 0x0
             exe-1049896 [002] ..... 1634173.473295: sys_ptrace -> 0x0
             exe-1049673 [000] ..... 1634173.473296: sys_nanosleep(rqtp: c000069f10, rmtp: 0)
             exe-1049896 [002] ..... 1634173.473297: sys_ptrace(request: 4204, pid: 10074e, addr: 202, data: c000697c70)
             exe-1049896 [002] ..... 1634173.473299: sys_ptrace -> 0x0
             exe-1049896 [002] ..... 1634173.473311: sys_pwrite64(fd: 63, buf: 7fd66ed97080, count: 39, pos: 3b)
             exe-1049896 [002] ..... 1634173.473313: tracing_mark_write: fallocate(fd=274, mode=0xc, offset=0x3ff800, len=206) end
             exe-1049896 [002] ..... 1634173.538752: tracing_mark_write: fallocate(fd=274, mode=0xc, offset=8, len=4) start
             exe-1049896 [002] ..... 1634173.538754: sys_pwrite64 -> 0x32
             exe-1049673 [003] ..... 1634173.538766: sys_nanosleep -> 0x0
             exe-1049673 [003] ..... 1634173.538768: sys_nanosleep(rqtp: c000069f10, rmtp: 0)
             exe-1049896 [002] ..... 1634173.538832: sys_ptrace(request: 4205, pid: 10074e, addr: 1, data: c000697c70)
             exe-1049896 [002] ..... 1634173.538837: sys_ptrace -> 0x0
             exe-1049896 [002] ..... 1634173.538839: sys_ptrace(request: 4205, pid: 10074e, addr: 202, data: c000697c70)
             exe-1049896 [002] ..... 1634173.538852: sys_ptrace -> 0x0
             exe-1049896 [002] ..... 1634173.538854: sys_ptrace(request: 1f, pid: 10074e, addr: 0, data: 0)
             exe-1049673 [003] ..... 1634173.538859: sys_nanosleep -> 0x0
             exe-1049896 [002] .N... 1634173.538861: sys_ptrace -> 0x0
             exe-1049673 [003] ..... 1634173.538862: sys_nanosleep(rqtp: c000069f10, rmtp: 0)
             exe-1050446 [002] ..... 1634173.538874: sys_write -> 0x32
             exe-1049673 [003] ..... 1634173.538953: sys_nanosleep -> 0x0
             exe-1049673 [003] ..... 1634173.538955: sys_nanosleep(rqtp: c000069f10, rmtp: 0)
             exe-1049896 [002] ..... 1634173.538976: sys_wait4(upid: 10074e, stat_addr: c000697bf4, options: 40000002, ru: 0)
             exe-1049896 [002] ..... 1634173.538980: sys_wait4 -> 0x10074e
             exe-1049896 [002] ..... 1634173.538983: sys_ptrace(request: 4204, pid: 10074e, addr: 1, data: c000697c70)
             exe-1049896 [002] ..... 1634173.538988: sys_ptrace -> 0x0
             exe-1049896 [002] ..... 1634173.538989: sys_ptrace(request: 4204, pid: 10074e, addr: 202, data: c000697c70)
             exe-1049896 [002] ..... 1634173.538993: sys_ptrace -> 0x0
             exe-1049673 [003] ..... 1634173.539047: sys_nanosleep -> 0x0
             exe-1049673 [003] ..... 1634173.539049: sys_nanosleep(rqtp: c000069f10, rmtp: 0)
             exe-1049896 [002] ..... 1634173.539079: sys_ptrace(request: 4205, pid: 10074e, addr: 1, data: c000697c70)
             exe-1049896 [002] ..... 1634173.539083: sys_ptrace -> 0x0
             exe-1049896 [002] ..... 1634173.539085: sys_ptrace(request: 4205, pid: 10074e, addr: 202, data: c000697c70)
             exe-1049896 [002] ..... 1634173.539104: sys_ptrace -> 0x0
             exe-1049896 [002] ..... 1634173.539106: sys_ptrace(request: 1f, pid: 10074e, addr: 0, data: 0)
             exe-1049896 [002] .N... 1634173.539113: sys_ptrace -> 0x0
             exe-1049673 [003] ..... 1634173.539140: sys_nanosleep -> 0x0
             exe-1049673 [003] ..... 1634173.539143: sys_nanosleep(rqtp: c000069f10, rmtp: 0)
             exe-1050446 [002] ..... 1634173.539193: sys_fallocate -> 0xfffffffffffffff7
             exe-1049896 [002] ..... 1634173.539219: sys_wait4(upid: 10074e, stat_addr: c000697bf4, options: 40000002, ru: 0)
             exe-1049896 [002] ..... 1634173.539223: sys_wait4 -> 0x10074e
             exe-1049896 [002] ..... 1634173.539226: sys_ptrace(request: 4204, pid: 10074e, addr: 1, data: c000697c70)
             exe-1049896 [002] ..... 1634173.539231: sys_ptrace -> 0x0
             exe-1049896 [002] ..... 1634173.539233: sys_ptrace(request: 4204, pid: 10074e, addr: 202, data: c000697c70)
             exe-1049673 [003] ..... 1634173.539234: sys_nanosleep -> 0x0
             exe-1049896 [002] ..... 1634173.539236: sys_ptrace -> 0x0
             exe-1049673 [003] ..... 1634173.539236: sys_nanosleep(rqtp: c000069f10, rmtp: 0)
             exe-1049673 [003] ..... 1634173.539328: sys_nanosleep -> 0x0
             exe-1049896 [002] ..... 1634173.539328: sys_pwrite64(fd: 63, buf: 7fd66ed97080, count: 30, pos: 32)
             exe-1049673 [003] ..... 1634173.539330: sys_nanosleep(rqtp: c000069f10, rmtp: 0)
             exe-1049896 [002] ..... 1634173.539331: tracing_mark_write: fallocate(fd=274, mode=0xc, offset=8, len=4) end
             exe-1049896 [002] ..... 1634173.607286: tracing_mark_write: fallocate(fd=274, mode=0xc, offset=0x80e112, len=649) start
             exe-1049896 [002] ..... 1634173.607288: sys_pwrite64 -> 0x3b
             exe-1049567 [000] ..... 1634173.607289: sys_nanosleep(rqtp: c000069f10, rmtp: 0)
             exe-1049673 [003] ..... 1634173.607352: sys_nanosleep -> 0x0
             exe-1049673 [003] ..... 1634173.607354: sys_nanosleep(rqtp: c000069f10, rmtp: 0)
             exe-1049896 [002] ..... 1634173.607365: sys_ptrace(request: 4205, pid: 10074e, addr: 1, data: c000697c70)
             exe-1049896 [002] ..... 1634173.607370: sys_ptrace -> 0x0
             exe-1049896 [002] ..... 1634173.607372: sys_ptrace(request: 4205, pid: 10074e, addr: 202, data: c000697c70)
             exe-1049567 [000] ..... 1634173.607380: sys_nanosleep -> 0x0
             exe-1049567 [000] ..... 1634173.607382: sys_nanosleep(rqtp: c000069f10, rmtp: 0)
             exe-1049896 [002] ..... 1634173.607385: sys_ptrace -> 0x0
             exe-1049896 [002] ..... 1634173.607387: sys_ptrace(request: 1f, pid: 10074e, addr: 0, data: 0)
             exe-1049896 [002] .N... 1634173.607394: sys_ptrace -> 0x0
             exe-1050446 [002] ..... 1634173.607407: sys_write -> 0x3b
             exe-1049673 [003] ..... 1634173.607441: sys_nanosleep -> 0x0
             exe-1049673 [003] ..... 1634173.607443: sys_nanosleep(rqtp: c000069f10, rmtp: 0)
             exe-1049567 [000] ..... 1634173.607473: sys_nanosleep -> 0x0
             exe-1049567 [000] ..... 1634173.607476: sys_nanosleep(rqtp: c000069f10, rmtp: 0)
             exe-1049896 [002] ..... 1634173.607493: sys_wait4(upid: 10074e, stat_addr: c000697bf4, options: 40000002, ru: 0)
             exe-1049896 [002] ..... 1634173.607496: sys_wait4 -> 0x10074e
             exe-1049896 [002] ..... 1634173.607499: sys_ptrace(request: 4204, pid: 10074e, addr: 1, data: c000697c70)
             exe-1049896 [002] ..... 1634173.607504: sys_ptrace -> 0x0
             exe-1049896 [002] ..... 1634173.607506: sys_ptrace(request: 4204, pid: 10074e, addr: 202, data: c000697c70)
             exe-1049896 [002] ..... 1634173.607509: sys_ptrace -> 0x0
             exe-1049896 [002] ..... 1634173.607518: sys_ptrace(request: 4205, pid: 10074e, addr: 1, data: c000697c70)
             exe-1049896 [002] ..... 1634173.607521: sys_ptrace -> 0x0
             exe-1049896 [002] ..... 1634173.607522: sys_ptrace(request: 4205, pid: 10074e, addr: 202, data: c000697c70)
             exe-1049673 [003] ..... 1634173.607529: sys_nanosleep -> 0x0
             exe-1049673 [003] ..... 1634173.607531: sys_nanosleep(rqtp: c000069f10, rmtp: 0)
             exe-1049567 [000] ..... 1634173.607567: sys_nanosleep -> 0x0
             exe-1049567 [000] ..... 1634173.607569: sys_nanosleep(rqtp: c000069f10, rmtp: 0)
             exe-1049896 [002] ..... 1634173.607610: sys_ptrace -> 0x0
             exe-1049896 [002] ..... 1634173.607615: sys_ptrace(request: 1f, pid: 10074e, addr: 0, data: 0)
             exe-1049673 [003] ..... 1634173.607619: sys_nanosleep -> 0x0
             exe-1049673 [003] ..... 1634173.607621: sys_nanosleep(rqtp: c000069f10, rmtp: 0)
             exe-1049896 [002] .N... 1634173.607623: sys_ptrace -> 0x0
             exe-1050446 [002] ..... 1634173.607636: sys_fallocate -> 0xfffffffffffffff7
             exe-1049567 [000] ..... 1634173.607661: sys_nanosleep -> 0x0
             exe-1049567 [000] ..... 1634173.607664: sys_nanosleep(rqtp: c000069f10, rmtp: 0)
             exe-1049673 [003] ..... 1634173.607708: sys_nanosleep -> 0x0
             exe-1049673 [003] ..... 1634173.607710: sys_nanosleep(rqtp: c000069f10, rmtp: 0)
             exe-1049896 [002] ..... 1634173.607732: sys_wait4(upid: 10074e, stat_addr: c000697bf4, options: 40000002, ru: 0)
             exe-1049896 [002] ..... 1634173.607736: sys_wait4 -> 0x10074e
             exe-1049896 [002] ..... 1634173.607739: sys_ptrace(request: 4204, pid: 10074e, addr: 1, data: c000697c70)
             exe-1049896 [002] ..... 1634173.607744: sys_ptrace -> 0x0
             exe-1049896 [002] ..... 1634173.607746: sys_ptrace(request: 4204, pid: 10074e, addr: 202, data: c000697c70)
             exe-1049896 [002] ..... 1634173.607749: sys_ptrace -> 0x0
             exe-1049896 [002] ..... 1634173.607764: sys_pwrite64(fd: 63, buf: 7fd66ed97080, count: 39, pos: 3b)
             exe-1049896 [002] ..... 1634173.607767: tracing_mark_write: fallocate(fd=274, mode=0xc, offset=0x80e112, len=649) end
             exe-1049896 [000] ..... 1634173.695892: tracing_mark_write: fallocate(fd=274, mode=0xc, offset=177, len=8) start
             exe-1049896 [000] ..... 1634173.695895: sys_pwrite64 -> 0x34
             exe-1049896 [000] ..... 1634173.695904: sys_ptrace(request: 4205, pid: 10074e, addr: 1, data: c000697c70)
             exe-1049896 [000] ..... 1634173.695908: sys_ptrace -> 0x0
             exe-1049896 [000] ..... 1634173.695910: sys_ptrace(request: 4205, pid: 10074e, addr: 202, data: c000697c70)
             exe-1049896 [000] ..... 1634173.695926: sys_ptrace -> 0x0
             exe-1049896 [000] ..... 1634173.695929: sys_ptrace(request: 1f, pid: 10074e, addr: 0, data: 0)
             exe-1049896 [000] ..... 1634173.695940: sys_ptrace -> 0x0
             exe-1049896 [000] ..... 1634173.695942: sys_wait4(upid: 10074e, stat_addr: c000697bf4, options: 40000002, ru: 0)
             exe-1049673 [001] ..... 1634173.695956: sys_nanosleep -> 0x0
             exe-1049673 [001] ..... 1634173.695958: sys_nanosleep(rqtp: c000069f10, rmtp: 0)
             exe-1050446 [002] ..... 1634173.695977: sys_write -> 0x34
             exe-1049896 [000] ..... 1634173.696008: sys_wait4 -> 0x10074e
             exe-1049896 [000] ..... 1634173.696013: sys_ptrace(request: 4204, pid: 10074e, addr: 1, data: c000697c70)
             exe-1049896 [000] ..... 1634173.696020: sys_ptrace -> 0x0
             exe-1049896 [000] ..... 1634173.696022: sys_ptrace(request: 4204, pid: 10074e, addr: 202, data: c000697c70)
             exe-1049896 [000] ..... 1634173.696027: sys_ptrace -> 0x0
             exe-1049896 [000] ..... 1634173.696038: sys_ptrace(request: 4205, pid: 10074e, addr: 1, data: c000697c70)
             exe-1049896 [000] ..... 1634173.696041: sys_ptrace -> 0x0
             exe-1049896 [000] ..... 1634173.696043: sys_ptrace(request: 4205, pid: 10074e, addr: 202, data: c000697c70)
             exe-1049673 [001] ..... 1634173.696052: sys_nanosleep -> 0x0
             exe-1049673 [001] ..... 1634173.696054: sys_nanosleep(rqtp: c000069f10, rmtp: 0)
             exe-1049896 [000] ..... 1634173.696061: sys_ptrace -> 0x0
             exe-1049896 [000] ..... 1634173.696064: sys_ptrace(request: 1f, pid: 10074e, addr: 0, data: 0)
             exe-1049896 [000] ..... 1634173.696074: sys_ptrace -> 0x0
             exe-1049896 [000] ..... 1634173.696077: sys_wait4(upid: 10074e, stat_addr: c000697bf4, options: 40000002, ru: 0)
             exe-1050446 [002] ..... 1634173.696093: sys_fallocate -> 0xfffffffffffffff7
             exe-1049896 [000] ..... 1634173.696121: sys_wait4 -> 0x10074e
             exe-1049896 [000] ..... 1634173.696126: sys_ptrace(request: 4204, pid: 10074e, addr: 1, data: c000697c70)
             exe-1049896 [000] ..... 1634173.696130: sys_ptrace -> 0x0
             exe-1049896 [000] ..... 1634173.696132: sys_ptrace(request: 4204, pid: 10074e, addr: 202, data: c000697c70)
             exe-1049896 [000] ..... 1634173.696135: sys_ptrace -> 0x0
             exe-1049673 [001] ..... 1634173.696142: sys_nanosleep -> 0x0
             exe-1049673 [001] ..... 1634173.696144: sys_nanosleep(rqtp: c000069f10, rmtp: 0)
             exe-1049896 [000] ..... 1634173.696147: sys_pwrite64(fd: 63, buf: 7fd66ed97080, count: 32, pos: 34)
             exe-1049896 [000] ..... 1634173.696150: tracing_mark_write: fallocate(fd=274, mode=0xc, offset=177, len=8) end
             exe-1049896 [000] ..... 1634173.759507: tracing_mark_write: fallocate(fd=274, mode=0xc, offset=0, len=0x1262003) start
             exe-1049896 [000] ..... 1634173.759508: sys_pwrite64 -> 0x3a
             exe-1049896 [000] ..... 1634173.759513: sys_ptrace(request: 4205, pid: 10074e, addr: 1, data: c000697c70)
             exe-1049896 [000] ..... 1634173.759516: sys_ptrace -> 0x0
             exe-1049896 [000] ..... 1634173.759517: sys_ptrace(request: 4205, pid: 10074e, addr: 202, data: c000697c70)
             exe-1049896 [000] ..... 1634173.759525: sys_ptrace -> 0x0
             exe-1049896 [000] ..... 1634173.759527: sys_ptrace(request: 1f, pid: 10074e, addr: 0, data: 0)
             exe-1049896 [000] ..... 1634173.759529: sys_ptrace -> 0x0
             exe-1049896 [000] ..... 1634173.759531: sys_wait4(upid: 10074e, stat_addr: c000697bf4, options: 40000002, ru: 0)
             exe-1050446 [002] ..... 1634173.759543: sys_write -> 0x3a
             exe-1049673 [001] ..... 1634173.759567: sys_nanosleep -> 0x0
             exe-1049673 [001] ..... 1634173.759569: sys_nanosleep(rqtp: c000069f10, rmtp: 0)
             exe-1049567 [000] ..... 1634173.759578: sys_nanosleep -> 0x0
             exe-1049567 [000] ..... 1634173.759581: sys_nanosleep(rqtp: c000069f10, rmtp: 0)
             exe-1049896 [000] ..... 1634173.759590: sys_wait4 -> 0x10074e
             exe-1049896 [000] ..... 1634173.759593: sys_ptrace(request: 4204, pid: 10074e, addr: 1, data: c000697c70)
             exe-1049896 [000] ..... 1634173.759596: sys_ptrace -> 0x0
             exe-1049896 [000] ..... 1634173.759597: sys_ptrace(request: 4204, pid: 10074e, addr: 202, data: c000697c70)
             exe-1049896 [000] ..... 1634173.759601: sys_ptrace -> 0x0
             exe-1049896 [000] ..... 1634173.759607: sys_ptrace(request: 4205, pid: 10074e, addr: 1, data: c000697c70)
             exe-1049896 [000] ..... 1634173.759616: sys_ptrace -> 0x0
             exe-1049896 [000] ..... 1634173.759618: sys_ptrace(request: 4205, pid: 10074e, addr: 202, data: c000697c70)
             exe-1049896 [000] ..... 1634173.759625: sys_ptrace -> 0x0
             exe-1049896 [000] ..... 1634173.759627: sys_ptrace(request: 1f, pid: 10074e, addr: 0, data: 0)
             exe-1049896 [000] ..... 1634173.759638: sys_ptrace -> 0x0
             exe-1049896 [000] ..... 1634173.759639: sys_wait4(upid: 10074e, stat_addr: c000697bf4, options: 40000002, ru: 0)
             exe-1050446 [002] ..... 1634173.759654: sys_fallocate -> 0xfffffffffffffff7
             exe-1049673 [001] ..... 1634173.759662: sys_nanosleep -> 0x0
             exe-1049673 [001] ..... 1634173.759664: sys_nanosleep(rqtp: c000069f10, rmtp: 0)
             exe-1049567 [000] ..... 1634173.759683: sys_nanosleep -> 0x0
             exe-1049567 [000] ..... 1634173.759686: sys_nanosleep(rqtp: c000069f10, rmtp: 0)
             exe-1049896 [000] ..... 1634173.759695: sys_wait4 -> 0x10074e
             exe-1049896 [000] ..... 1634173.759698: sys_ptrace(request: 4204, pid: 10074e, addr: 1, data: c000697c70)
             exe-1049896 [000] ..... 1634173.759701: sys_ptrace -> 0x0
             exe-1049896 [000] ..... 1634173.759702: sys_ptrace(request: 4204, pid: 10074e, addr: 202, data: c000697c70)
             exe-1049896 [000] ..... 1634173.759705: sys_ptrace -> 0x0
             exe-1049896 [000] ..... 1634173.759711: sys_pwrite64(fd: 63, buf: 7fd66ed97080, count: 38, pos: 3a)
             exe-1049896 [000] ..... 1634173.759712: tracing_mark_write: fallocate(fd=274, mode=0xc, offset=0, len=0x1262003) end
             exe-1049896 [000] ..... 1634173.820201: tracing_mark_write: fallocate(fd=18, mode=0xd, offset=4096, len=1) start
             exe-1049896 [000] ..... 1634173.820203: sys_pwrite64 -> 0x34
             exe-1049896 [000] ..... 1634173.820208: sys_ptrace(request: 4205, pid: 10074e, addr: 1, data: c000697c70)
             exe-1049567 [002] ..... 1634173.820218: sys_nanosleep -> 0x0
             exe-1049896 [000] ..... 1634173.820218: sys_ptrace -> 0x0
             exe-1049896 [000] ..... 1634173.820220: sys_ptrace(request: 4205, pid: 10074e, addr: 202, data: c000697c70)
             exe-1049567 [002] ..... 1634173.820224: sys_nanosleep(rqtp: c000069f10, rmtp: 0)
             exe-1049896 [000] ..... 1634173.820228: sys_ptrace -> 0x0
             exe-1049896 [000] ..... 1634173.820230: sys_ptrace(request: 1f, pid: 10074e, addr: 0, data: 0)
             exe-1049896 [000] ..... 1634173.820235: sys_ptrace -> 0x0
             exe-1049896 [000] ..... 1634173.820237: sys_wait4(upid: 10074e, stat_addr: c000697bf4, options: 40000002, ru: 0)
             exe-1049673 [001] ..... 1634173.820238: sys_nanosleep -> 0x0
             exe-1049673 [001] ..... 1634173.820241: sys_nanosleep(rqtp: c000069f10, rmtp: 0)
             exe-1050446 [002] ..... 1634173.820250: sys_write -> 0x34
             exe-1049896 [000] ..... 1634173.820296: sys_wait4 -> 0x10074e
             exe-1049896 [000] ..... 1634173.820299: sys_ptrace(request: 4204, pid: 10074e, addr: 1, data: c000697c70)
             exe-1049896 [000] ..... 1634173.820310: sys_ptrace -> 0x0
             exe-1049896 [000] ..... 1634173.820312: sys_ptrace(request: 4204, pid: 10074e, addr: 202, data: c000697c70)
             exe-1049896 [000] ..... 1634173.820314: sys_ptrace -> 0x0
             exe-1049896 [000] ..... 1634173.820320: sys_ptrace(request: 4205, pid: 10074e, addr: 1, data: c000697c70)
             exe-1049896 [000] ..... 1634173.820322: sys_ptrace -> 0x0
             exe-1049896 [000] ..... 1634173.820324: sys_ptrace(request: 4205, pid: 10074e, addr: 202, data: c000697c70)
             exe-1049896 [000] ..... 1634173.820331: sys_ptrace -> 0x0
             exe-1049896 [000] ..... 1634173.820333: sys_ptrace(request: 1f, pid: 10074e, addr: 0, data: 0)
             exe-1049896 [000] ..... 1634173.820339: sys_ptrace -> 0x0
             exe-1049896 [000] ..... 1634173.820341: sys_wait4(upid: 10074e, stat_addr: c000697bf4, options: 40000002, ru: 0)
             exe-1050446 [002] ..... 1634173.820356: sys_fallocate -> 0xffffffffffffffa1
             exe-1049896 [000] ..... 1634173.820380: sys_wait4 -> 0x10074e
             exe-1049896 [000] ..... 1634173.820383: sys_ptrace(request: 4204, pid: 10074e, addr: 1, data: c000697c70)
             exe-1049896 [000] ..... 1634173.820385: sys_ptrace -> 0x0
             exe-1049896 [000] ..... 1634173.820386: sys_ptrace(request: 4204, pid: 10074e, addr: 202, data: c000697c70)
             exe-1049896 [000] ..... 1634173.820388: sys_ptrace -> 0x0
             exe-1049896 [000] ..... 1634173.820394: sys_pwrite64(fd: 63, buf: 7fd66ed97080, count: 32, pos: 34)
             exe-1049896 [000] ..... 1634173.820396: tracing_mark_write: fallocate(fd=18, mode=0xd, offset=4096, len=1) end
             exe-1049896 [000] ..... 1634173.892950: tracing_mark_write: fallocate(fd=18, mode=0xd, offset=1, len=4093) start
             exe-1049896 [000] ..... 1634173.892952: sys_pwrite64 -> 0x34
             exe-1049896 [000] ..... 1634173.892958: sys_ptrace(request: 4205, pid: 10074e, addr: 1, data: c000697c70)
             exe-1049896 [000] ..... 1634173.892961: sys_ptrace -> 0x0
             exe-1049896 [000] ..... 1634173.892962: sys_ptrace(request: 4205, pid: 10074e, addr: 202, data: c000697c70)
             exe-1049896 [000] ..... 1634173.892973: sys_ptrace -> 0x0
             exe-1049896 [000] ..... 1634173.892975: sys_ptrace(request: 1f, pid: 10074e, addr: 0, data: 0)
             exe-1049896 [000] ..... 1634173.892983: sys_ptrace -> 0x0
             exe-1049896 [000] ..... 1634173.892985: sys_wait4(upid: 10074e, stat_addr: c000697bf4, options: 40000002, ru: 0)
             exe-1049673 [001] ..... 1634173.893035: sys_nanosleep -> 0x0
             exe-1049673 [001] ..... 1634173.893038: sys_nanosleep(rqtp: c000069f10, rmtp: 0)
             exe-1050446 [002] ..... 1634173.893050: sys_write -> 0x34
             exe-1049896 [000] ..... 1634173.893097: sys_wait4 -> 0x10074e
             exe-1049896 [000] ..... 1634173.893100: sys_ptrace(request: 4204, pid: 10074e, addr: 1, data: c000697c70)
             exe-1049896 [000] ..... 1634173.893104: sys_ptrace -> 0x0
             exe-1049896 [000] ..... 1634173.893106: sys_ptrace(request: 4204, pid: 10074e, addr: 202, data: c000697c70)
             exe-1049896 [000] ..... 1634173.893108: sys_ptrace -> 0x0
             exe-1049896 [000] ..... 1634173.893114: sys_ptrace(request: 4205, pid: 10074e, addr: 1, data: c000697c70)
             exe-1049896 [000] ..... 1634173.893118: sys_ptrace -> 0x0
             exe-1049896 [000] ..... 1634173.893119: sys_ptrace(request: 4205, pid: 10074e, addr: 202, data: c000697c70)
             exe-1049673 [001] ..... 1634173.893126: sys_nanosleep -> 0x0
             exe-1049896 [000] ..... 1634173.893127: sys_ptrace -> 0x0
             exe-1049673 [001] ..... 1634173.893129: sys_nanosleep(rqtp: c000069f10, rmtp: 0)
             exe-1049896 [000] ..... 1634173.893129: sys_ptrace(request: 1f, pid: 10074e, addr: 0, data: 0)
             exe-1049896 [000] ..... 1634173.893136: sys_ptrace -> 0x0
             exe-1049896 [000] ..... 1634173.893138: sys_wait4(upid: 10074e, stat_addr: c000697bf4, options: 40000002, ru: 0)
             exe-1049567 [002] ..... 1634173.893185: sys_nanosleep -> 0x0
             exe-1049567 [002] ..... 1634173.893192: sys_nanosleep(rqtp: c000069f10, rmtp: 0)
             exe-1050446 [002] ..... 1634173.893214: sys_fallocate -> 0xffffffffffffffa1
             exe-1049673 [001] ..... 1634173.893219: sys_nanosleep -> 0x0
             exe-1049673 [001] ..... 1634173.893222: sys_nanosleep(rqtp: c000069f10, rmtp: 0)
             exe-1049673 [001] ..... 1634173.893312: sys_nanosleep -> 0x0
             exe-1049673 [001] ..... 1634173.893314: sys_nanosleep(rqtp: c000069f10, rmtp: 0)
             exe-1049896 [000] ..... 1634173.893333: sys_wait4 -> 0x10074e
             exe-1049896 [000] ..... 1634173.893336: sys_ptrace(request: 4204, pid: 10074e, addr: 1, data: c000697c70)
             exe-1049896 [000] ..... 1634173.893339: sys_ptrace -> 0x0
             exe-1049896 [000] ..... 1634173.893341: sys_ptrace(request: 4204, pid: 10074e, addr: 202, data: c000697c70)
             exe-1049896 [000] ..... 1634173.893343: sys_ptrace -> 0x0
             exe-1049896 [000] ..... 1634173.893351: sys_pwrite64(fd: 63, buf: 7fd66ed97080, count: 32, pos: 34)
             exe-1049896 [000] ..... 1634173.893352: tracing_mark_write: fallocate(fd=18, mode=0xd, offset=1, len=4093) end
             exe-1049896 [000] ..... 1634173.981737: tracing_mark_write: fallocate(fd=281, mode=0xd, offset=8, len=0x1c1c1c1) start
             exe-1049896 [000] ..... 1634173.981739: sys_pwrite64 -> 0x3a
             exe-1049896 [000] ..... 1634173.981746: sys_ptrace(request: 4205, pid: 10074e, addr: 1, data: c000697c70)
             exe-1049896 [000] ..... 1634173.981749: sys_ptrace -> 0x0
             exe-1049896 [000] ..... 1634173.981751: sys_ptrace(request: 4205, pid: 10074e, addr: 202, data: c000697c70)
             exe-1049896 [000] ..... 1634173.981760: sys_ptrace -> 0x0
             exe-1049896 [000] ..... 1634173.981762: sys_ptrace(request: 1f, pid: 10074e, addr: 0, data: 0)
             exe-1049896 [000] ..... 1634173.981769: sys_ptrace -> 0x0
             exe-1049896 [000] ..... 1634173.981771: sys_wait4(upid: 10074e, stat_addr: c000697bf4, options: 40000002, ru: 0)
             exe-1050446 [002] ..... 1634173.981776: sys_write -> 0x3a
             exe-1049896 [000] ..... 1634173.981796: sys_wait4 -> 0x10074e
             exe-1049896 [000] ..... 1634173.981798: sys_ptrace(request: 4204, pid: 10074e, addr: 1, data: c000697c70)
             exe-1049896 [000] ..... 1634173.981801: sys_ptrace -> 0x0
             exe-1049896 [000] ..... 1634173.981803: sys_ptrace(request: 4204, pid: 10074e, addr: 202, data: c000697c70)
             exe-1049896 [000] ..... 1634173.981805: sys_ptrace -> 0x0
             exe-1049896 [000] ..... 1634173.981823: sys_ptrace(request: 4205, pid: 10074e, addr: 1, data: c000697c70)
             exe-1049896 [000] ..... 1634173.981825: sys_ptrace -> 0x0
             exe-1049896 [000] ..... 1634173.981827: sys_ptrace(request: 4205, pid: 10074e, addr: 202, data: c000697c70)
             exe-1049896 [000] ..... 1634173.981834: sys_ptrace -> 0x0
             exe-1049567 [003] ..... 1634173.981834: sys_nanosleep -> 0x0
             exe-1049896 [000] ..... 1634173.981836: sys_ptrace(request: 1f, pid: 10074e, addr: 0, data: 0)
             exe-1049896 [000] ..... 1634173.981842: sys_ptrace -> 0x0
             exe-1049567 [003] ..... 1634173.981842: sys_getpid()
             exe-1049567 [003] ..... 1634173.981843: sys_getpid -> 0x1003ce
             exe-1049567 [003] ..... 1634173.981845: sys_tgkill(tgid: 1003ce, pid: 100528, sig: 17)
             exe-1049896 [000] ..... 1634173.981847: sys_futex(uaddr: c00097a548, op: 81, val: 1, utime: 0, uaddr2: 0, val3: 0)
