             exe-1050446 [001] ..... 1634172.005481: sys_write -> 0x35
             exe-1049673 [002] ..... 1634172.005493: sys_nanosleep -> 0x0
             exe-1049673 [002] ..... 1634172.005495: sys_nanosleep(rqtp: c000069f10, rmtp: 0)
             exe-1049896 [001] ..... 1634172.005500: sys_wait4(upid: 10074e, stat_addr: c000697bf4, options: 40000002, ru: 0)
             exe-1049896 [001] ..... 1634172.005503: sys_wait4 -> 0x10074e
             exe-1049896 [001] ..... 1634172.005506: sys_ptrace(request: 4204, pid: 10074e, addr: 1, data: c000697c70)
             exe-1049896 [001] ..... 1634172.005510: sys_ptrace -> 0x0
             exe-1049896 [001] ..... 1634172.005511: sys_ptrace(request: 4204, pid: 10074e, addr: 202, data: c000697c70)
             exe-1049896 [001] ..... 1634172.005514: sys_ptrace -> 0x0
             exe-1049896 [001] ..... 1634172.005521: sys_ptrace(request: 4205, pid: 10074e, addr: 1, data: c000697c70)
             exe-1049896 [001] ..... 1634172.005524: sys_ptrace -> 0x0
             exe-1049896 [001] ..... 1634172.005525: sys_ptrace(request: 4205, pid: 10074e, addr: 202, data: c000697c70)
             exe-1049896 [001] ..... 1634172.005535: sys_ptrace -> 0x0
             exe-1049896 [001] ..... 1634172.005536: sys_ptrace(request: 1f, pid: 10074e, addr: 0, data: 0)
             exe-1049896 [001] .N... 1634172.005543: sys_ptrace -> 0x0
             exe-1050446 [001] ..... 1634172.005553: sys_fallocate -> 0xffffffffffffffa1
             exe-1049567 [000] ..... 1634172.005572: sys_nanosleep -> 0x0
             exe-1049896 [001] ..... 1634172.005572: sys_wait4(upid: 10074e, stat_addr: c000697bf4, options: 40000002, ru: 0)
             exe-1049896 [001] ..... 1634172.005575: sys_wait4 -> 0x10074e
             exe-1049896 [001] ..... 1634172.005577: sys_ptrace(request: 4204, pid: 10074e, addr: 1, data: c000697c70)
             exe-1049567 [000] ..... 1634172.005578: sys_nanosleep(rqtp: c000069f10, rmtp: 0)
             exe-1049896 [001] ..... 1634172.005581: sys_ptrace -> 0x0
             exe-1049896 [001] ..... 1634172.005583: sys_ptrace(request: 4204, pid: 10074e, addr: 202, data: c000697c70)
             exe-1049673 [002] ..... 1634172.005585: sys_nanosleep -> 0x0
             exe-1049896 [001] ..... 1634172.005585: sys_ptrace -> 0x0
             exe-1049673 [002] ..... 1634172.005587: sys_nanosleep(rqtp: c000069f10, rmtp: 0)
             exe-1049896 [001] ..... 1634172.005594: sys_pwrite64(fd: 63, buf: 7fd66ed97080, count: 33, pos: 35)
             exe-1049896 [001] ..... 1634172.005596: tracing_mark_write: fallocate(fd=281, mode=0xa, offset=4096, len=4) end
             exe-1049896 [001] ..... 1634172.090559: tracing_mark_write: fallocate(fd=281, mode=0xa, offset=76, len=4096) start
             exe-1049896 [001] ..... 1634172.090561: sys_pwrite64 -> 0x36
             exe-1049896 [001] ..... 1634172.090568: sys_ptrace(request: 4205, pid: 10074e, addr: 1, data: c000697c70)
             exe-1049896 [001] ..... 1634172.090571: sys_ptrace -> 0x0
             exe-1049896 [001] ..... 1634172.090572: sys_ptrace(request: 4205, pid: 10074e, addr: 202, data: c000697c70)
             exe-1049673 [002] ..... 1634172.090575: sys_nanosleep -> 0x0
             exe-1049896 [001] ..... 1634172.090583: sys_ptrace -> 0x0
             exe-1049896 [001] ..... 1634172.090585: sys_ptrace(request: 1f, pid: 10074e, addr: 0, data: 0)
             exe-1049673 [002] ..... 1634172.090587: sys_futex(uaddr: c000466948, op: 81, val: 1, utime: 0, uaddr2: 0, val3: 0)
             exe-1049896 [001] .N... 1634172.090593: sys_ptrace -> 0x0
             exe-1049673 [002] ..... 1634172.090596: sys_futex -> 0x1
             exe-1049567 [000] ..... 1634172.090599: sys_nanosleep -> 0x0
             exe-1049673 [002] ..... 1634172.090600: sys_nanosleep(rqtp: c000069f10, rmtp: 0)
             exe-1049567 [000] ..... 1634172.090604: sys_nanosleep(rqtp: c000069f10, rmtp: 0)
             exe-1050446 [001] ..... 1634172.090613: sys_write -> 0x36
             exe-1050526 [001] ..... 1634172.090632: sys_futex -> 0x0
             exe-1050526 [001] ..... 1634172.090644: sys_futex(uaddr: c000466948, op: 80, val: 0, utime: 0, uaddr2: 0, val3: 0)
             exe-1049896 [001] ..... 1634172.090667: sys_wait4(upid: 10074e, stat_addr: c000697bf4, options: 40000002, ru: 0)
             exe-1049896 [001] ..... 1634172.090672: sys_wait4 -> 0x10074e
             exe-1049896 [001] ..... 1634172.090674: sys_ptrace(request: 4204, pid: 10074e, addr: 1, data: c000697c70)
             exe-1049896 [001] ..... 1634172.090679: sys_ptrace -> 0x0
             exe-1049896 [001] ..... 1634172.090681: sys_ptrace(request: 4204, pid: 10074e, addr: 202, data: c000697c70)
             exe-1049896 [001] ..... 1634172.090685: sys_ptrace -> 0x0
             exe-1049896 [001] ..... 1634172.090695: sys_ptrace(request: 4205, pid: 10074e, addr: 1, data: c000697c70)
             exe-1049896 [001] ..... 1634172.090697: sys_ptrace -> 0x0
             exe-1049896 [001] ..... 1634172.090699: sys_ptrace(request: 4205, pid: 10074e, addr: 202, data: c000697c70)
             exe-1049567 [000] ..... 1634172.090703: sys_nanosleep -> 0x0
             exe-1049567 [000] ..... 1634172.090708: sys_nanosleep(rqtp: c000069f10, rmtp: 0)
             exe-1049896 [001] ..... 1634172.090718: sys_ptrace -> 0x0
             exe-1049896 [001] ..... 1634172.090720: sys_ptrace(request: 1f, pid: 10074e, addr: 0, data: 0)
             exe-1049673 [002] ..... 1634172.090720: sys_nanosleep -> 0x0
             exe-1049673 [002] ..... 1634172.090725: sys_futex(uaddr: 1f09dc0, op: 80, val: 0, utime: c000069eb0, uaddr2: 0, val3: 0)
             exe-1049896 [001] .N... 1634172.090730: sys_ptrace -> 0x0
             exe-1050446 [001] ..... 1634172.090743: sys_fallocate -> 0xffffffffffffffa1
             exe-1049896 [001] ..... 1634172.090767: sys_wait4(upid: 10074e, stat_addr: c000697bf4, options: 40000002, ru: 0)
             exe-1049896 [001] ..... 1634172.090769: sys_wait4 -> 0x10074e
             exe-1049896 [001] ..... 1634172.090772: sys_ptrace(request: 4204, pid: 10074e, addr: 1, data: c000697c70)
             exe-1049896 [001] ..... 1634172.090776: sys_ptrace -> 0x0
             exe-1049896 [001] ..... 1634172.090777: sys_ptrace(request: 4204, pid: 10074e, addr: 202, data: c000697c70)
             exe-1049896 [001] ..... 1634172.090780: sys_ptrace -> 0x0
             exe-1049896 [001] ..... 1634172.090794: sys_pwrite64(fd: 63, buf: 7fd66ed97080, count: 34, pos: 36)
             exe-1049896 [001] ..... 1634172.090797: tracing_mark_write: fallocate(fd=281, mode=0xa, offset=76, len=4096) end
             exe-1049896 [001] ..... 1634172.145107: tracing_mark_write: fallocate(fd=281, mode=0xa, offset=4096, len=0xd3d3) start
             exe-1049673 [002] ..... 1634172.145108: sys_nanosleep(rqtp: c000069f10, rmtp: 0)
             exe-1049896 [001] ..... 1634172.145109: sys_pwrite64 -> 0x3a
             exe-1049896 [001] ..... 1634172.145129: sys_ptrace(request: 4205, pid: 10074e, addr: 1, data: c000697c70)
             exe-1049896 [001] ..... 1634172.145131: sys_ptrace -> 0x0
             exe-1049896 [001] ..... 1634172.145132: sys_ptrace(request: 4205, pid: 10074e, addr: 202, data: c000697c70)
             exe-1049896 [001] ..... 1634172.145163: sys_ptrace -> 0x0
             exe-1049896 [001] ..... 1634172.145165: sys_ptrace(request: 1f, pid: 10074e, addr: 0, data: 0)
             exe-1049896 [001] .N... 1634172.145172: sys_ptrace -> 0x0
             exe-1049567 [000] ..... 1634172.145173: sys_nanosleep -> 0x0
             exe-1049567 [000] ..... 1634172.145175: sys_nanosleep(rqtp: c000069f10, rmtp: 0)
             exe-1050446 [001] ..... 1634172.145182: sys_write -> 0x3a
             exe-1049896 [001] ..... 1634172.145203: sys_wait4(upid: 10074e, stat_addr: c000697bf4, options: 40000002, ru: 0)
             exe-1049896 [001] ..... 1634172.145206: sys_wait4 -> 0x10074e
             exe-1049673 [002] ..... 1634172.145207: sys_nanosleep -> 0x0
             exe-1049896 [001] ..... 1634172.145207: sys_ptrace(request: 4204, pid: 10074e, addr: 1, data: c000697c70)
             exe-1049673 [002] ..... 1634172.145209: sys_nanosleep(rqtp: c000069f10, rmtp: 0)
             exe-1049896 [001] ..... 1634172.145211: sys_ptrace -> 0x0
             exe-1049896 [001] ..... 1634172.145212: sys_ptrace(request: 4204, pid: 10074e, addr: 202, data: c000697c70)
             exe-1049896 [001] ..... 1634172.145214: sys_ptrace -> 0x0
             exe-1049896 [001] ..... 1634172.145221: sys_ptrace(request: 4205, pid: 10074e, addr: 1, data: c000697c70)
             exe-1049896 [001] ..... 1634172.145223: sys_ptrace -> 0x0
             exe-1049896 [001] ..... 1634172.145224: sys_ptrace(request: 4205, pid: 10074e, addr: 202, data: c000697c70)
             exe-1049896 [001] ..... 1634172.145233: sys_ptrace -> 0x0
             exe-1049896 [001] ..... 1634172.145235: sys_ptrace(request: 1f, pid: 10074e, addr: 0, data: 0)
             exe-1049896 [001] .N... 1634172.145240: sys_ptrace -> 0x0
             exe-1050446 [001] ..... 1634172.145249: sys_fallocate -> 0xffffffffffffffa1
             exe-1049567 [000] ..... 1634172.145263: sys_nanosleep -> 0x0
             exe-1049896 [001] ..... 1634172.145265: sys_wait4(upid: 10074e, stat_addr: c000697bf4, options: 40000002, ru: 0)
             exe-1049567 [000] ..... 1634172.145265: sys_nanosleep(rqtp: c000069f10, rmtp: 0)
             exe-1049896 [001] ..... 1634172.145267: sys_wait4 -> 0x10074e
             exe-1049896 [001] ..... 1634172.145269: sys_ptrace(request: 4204, pid: 10074e, addr: 1, data: c000697c70)
             exe-1049896 [001] ..... 1634172.145272: sys_ptrace -> 0x0
             exe-1049896 [001] ..... 1634172.145273: sys_ptrace(request: 4204, pid: 10074e, addr: 202, data: c000697c70)
             exe-1049896 [001] ..... 1634172.145275: sys_ptrace -> 0x0
             exe-1049896 [001] ..... 1634172.145283: sys_pwrite64(fd: 63, buf: 7fd66ed97080, count: 38, pos: 3a)
             exe-1049896 [001] ..... 1634172.145284: tracing_mark_write: fallocate(fd=281, mode=0xa, offset=4096, len=0xd3d3) end
             exe-1049896 [001] ..... 1634172.217418: tracing_mark_write: fallocate(fd=11, mode=0xa, offset=4, len=-8192) start
             exe-1049896 [001] ..... 1634172.217420: sys_pwrite64 -> 0x35
             exe-1049896 [001] ..... 1634172.217426: sys_ptrace(request: 4205, pid: 10074e, addr: 1, data: c000697c70)
             exe-1049896 [001] ..... 1634172.217428: sys_ptrace -> 0x0
             exe-1049896 [001] ..... 1634172.217429: sys_ptrace(request: 4205, pid: 10074e, addr: 202, data: c000697c70)
             exe-1049896 [001] ..... 1634172.217440: sys_ptrace -> 0x0
             exe-1049896 [001] ..... 1634172.217441: sys_ptrace(request: 1f, pid: 10074e, addr: 0, data: 0)
             exe-1049896 [001] .N... 1634172.217466: sys_ptrace -> 0x0
             exe-1050446 [001] ..... 1634172.217477: sys_write -> 0x35
             exe-1049896 [001] ..... 1634172.217497: sys_wait4(upid: 10074e, stat_addr: c000697bf4, options: 40000002, ru: 0)
             exe-1049896 [001] ..... 1634172.217500: sys_wait4 -> 0x10074e
             exe-1049896 [001] ..... 1634172.217503: sys_ptrace(request: 4204, pid: 10074e, addr: 1, data: c000697c70)
             exe-1049896 [001] ..... 1634172.217507: sys_ptrace -> 0x0
             exe-1049896 [001] ..... 1634172.217508: sys_ptrace(request: 4204, pid: 10074e, addr: 202, data: c000697c70)
             exe-1049673 [002] ..... 1634172.217508: sys_nanosleep -> 0x0
             exe-1049896 [001] ..... 1634172.217511: sys_ptrace -> 0x0
             exe-1049673 [002] ..... 1634172.217516: sys_nanosleep(rqtp: c000069f10, rmtp: 0)
             exe-1049896 [001] ..... 1634172.217518: sys_ptrace(request: 4205, pid: 10074e, addr: 1, data: c000697c70)
             exe-1049896 [001] ..... 1634172.217520: sys_ptrace -> 0x0
             exe-1049896 [001] ..... 1634172.217522: sys_ptrace(request: 4205, pid: 10074e, addr: 202, data: c000697c70)
             exe-1049896 [001] ..... 1634172.217532: sys_ptrace -> 0x0
             exe-1049896 [001] ..... 1634172.217534: sys_ptrace(request: 1f, pid: 10074e, addr: 0, data: 0)
             exe-1049567 [002] ..... 1634172.217540: sys_nanosleep -> 0x0
             exe-1049896 [001] .N... 1634172.217540: sys_ptrace -> 0x0
             exe-1049567 [002] ..... 1634172.217546: sys_nanosleep(rqtp: c000069f10, rmtp: 0)
             exe-1050446 [001] ..... 1634172.217551: sys_fallocate -> 0xffffffffffffffa1
             exe-1049896 [001] ..... 1634172.217570: sys_wait4(upid: 10074e, stat_addr: c000697bf4, options: 40000002, ru: 0)
             exe-1049896 [001] ..... 1634172.217573: sys_wait4 -> 0x10074e
             exe-1049896 [001] ..... 1634172.217575: sys_ptrace(request: 4204, pid: 10074e, addr: 1, data: c000697c70)
             exe-1049896 [001] ..... 1634172.217579: sys_ptrace -> 0x0
             exe-1049896 [001] ..... 1634172.217581: sys_ptrace(request: 4204, pid: 10074e, addr: 202, data: c000697c70)
             exe-1049896 [001] ..... 1634172.217583: sys_ptrace -> 0x0
             exe-1049896 [001] ..... 1634172.217593: sys_pwrite64(fd: 63, buf: 7fd66ed97080, count: 33, pos: 35)
             exe-1049896 [001] ..... 1634172.217594: tracing_mark_write: fallocate(fd=11, mode=0xa, offset=4, len=-8192) end
             exe-1049896 [003] ..... 1634172.283949: tracing_mark_write: fallocate(fd=11, mode=0xb, offset=8, len=1) start
             exe-1049896 [003] ..... 1634172.283951: sys_pwrite64 -> 0x31
             exe-1049896 [003] ..... 1634172.283959: sys_ptrace(request: 4205, pid: 10074e, addr: 1, data: c000697c70)
             exe-1049567 [002] ..... 1634172.283960: sys_nanosleep -> 0x0
             exe-1049896 [003] ..... 1634172.283962: sys_ptrace -> 0x0
             exe-1049896 [003] ..... 1634172.283964: sys_ptrace(request: 4205, pid: 10074e, addr: 202, data: c000697c70)
             exe-1049567 [002] ..... 1634172.283965: sys_nanosleep(rqtp: c000069f10, rmtp: 0)
             exe-1049896 [003] ..... 1634172.283982: sys_ptrace -> 0x0
             exe-1049896 [003] ..... 1634172.283983: sys_ptrace(request: 1f, pid: 10074e, addr: 0, data: 0)
             exe-1049896 [003] .N... 1634172.283993: sys_ptrace -> 0x0
             exe-1049567 [002] ..... 1634172.284040: sys_nanosleep -> 0x0
             exe-1049567 [002] ..... 1634172.284043: sys_nanosleep(rqtp: c000069f10, rmtp: 0)
             exe-1049673 [002] ..... 1634172.284057: sys_nanosleep -> 0x0
             exe-1049673 [002] ..... 1634172.284062: sys_nanosleep(rqtp: c000069f10, rmtp: 0)
             exe-1049567 [002] ..... 1634172.284166: sys_nanosleep -> 0x0
             exe-1049567 [002] ..... 1634172.284171: sys_nanosleep(rqtp: c000069f10, rmtp: 0)
             exe-1049673 [002] ..... 1634172.284192: sys_nanosleep -> 0x0
             exe-1049673 [002] ..... 1634172.284197: sys_nanosleep(rqtp: c000069f10, rmtp: 0)
             exe-1050446 [003] ..... 1634172.284208: sys_write -> 0x31
             exe-1049896 [003] ..... 1634172.284241: sys_wait4(upid: 10074e, stat_addr: c000697bf4, options: 40000002, ru: 0)
             exe-1049896 [003] ..... 1634172.284247: sys_wait4 -> 0x10074e
             exe-1049896 [003] ..... 1634172.284250: sys_ptrace(request: 4204, pid: 10074e, addr: 1, data: c000697c70)
             exe-1049896 [003] ..... 1634172.284257: sys_ptrace -> 0x0
             exe-1049896 [003] ..... 1634172.284259: sys_ptrace(request: 4204, pid: 10074e, addr: 202, data: c000697c70)
             exe-1049896 [003] ..... 1634172.284263: sys_ptrace -> 0x0
             exe-1049896 [003] ..... 1634172.284275: sys_ptrace(request: 4205, pid: 10074e, addr: 1, data: c000697c70)
             exe-1049896 [003] ..... 1634172.284279: sys_ptrace -> 0x0
             exe-1049896 [003] ..... 1634172.284281: sys_ptrace(request: 4205, pid: 10074e, addr: 202, data: c000697c70)
             exe-1049673 [002] ..... 1634172.284289: sys_nanosleep -> 0x0
             exe-1049673 [002] ..... 1634172.284292: sys_nanosleep(rqtp: c000069f10, rmtp: 0)
             exe-1049896 [003] ..... 1634172.284304: sys_ptrace -> 0x0
             exe-1049896 [003] ..... 1634172.284307: sys_ptrace(request: 1f, pid: 10074e, addr: 0, data: 0)
             exe-1049896 [003] .N... 1634172.284322: sys_ptrace -> 0x0
             exe-1050446 [003] ..... 1634172.284334: sys_fallocate -> 0xffffffffffffffa1
             exe-1049896 [003] ..... 1634172.284364: sys_wait4(upid: 10074e, stat_addr: c000697bf4, options: 40000002, ru: 0)
             exe-1049896 [003] ..... 1634172.284367: sys_wait4 -> 0x10074e
             exe-1049896 [003] ..... 1634172.284370: sys_ptrace(request: 4204, pid: 10074e, addr: 1, data: c000697c70)
             exe-1049896 [003] ..... 1634172.284375: sys_ptrace -> 0x0
             exe-1049896 [003] ..... 1634172.284377: sys_ptrace(request: 4204, pid: 10074e, addr: 202, data: c000697c70)
             exe-1049896 [003] ..... 1634172.284381: sys_ptrace -> 0x0
             exe-1049896 [003] ..... 1634172.284399: sys_pwrite64(fd: 63, buf: 7fd66ed97080, count: 2f, pos: 31)
             exe-1049896 [003] ..... 1634172.284403: tracing_mark_write: fallocate(fd=11, mode=0xb, offset=8, len=1) end
             exe-1049896 [002] ..... 1634172.362828: tracing_mark_write: fallocate(fd=288, mode=0xb, offset=0x8000, len=210) start
             exe-1049896 [002] ..... 1634172.362830: sys_pwrite64 -> 0x39
             exe-1049896 [002] ..... 1634172.362839: sys_ptrace(request: 4205, pid: 10074e, addr: 1, data: c000697c70)
             exe-1049896 [002] ..... 1634172.362842: sys_ptrace -> 0x0
             exe-1049896 [002] ..... 1634172.362843: sys_ptrace(request: 4205, pid: 10074e, addr: 202, data: c000697c70)
             exe-1049567 [002] ..... 1634172.362877: sys_nanosleep -> 0x0
             exe-1049567 [002] ..... 1634172.362881: sys_nanosleep(rqtp: c000069f10, rmtp: 0)
             exe-1049896 [002] ..... 1634172.362897: sys_ptrace -> 0x0
             exe-1049896 [002] ..... 1634172.362900: sys_ptrace(request: 1f, pid: 10074e, addr: 0, data: 0)
             exe-1049896 [002] ..... 1634172.362908: sys_ptrace -> 0x0
             exe-1049896 [002] ..... 1634172.362911: sys_wait4(upid: 10074e, stat_addr: c000697bf4, options: 40000002, ru: 0)
             exe-1049567 [002] ..... 1634172.362979: sys_nanosleep -> 0x0
             exe-1049567 [002] ..... 1634172.362982: sys_nanosleep(rqtp: c000069f10, rmtp: 0)
             exe-1049567 [002] ..... 1634172.363088: sys_nanosleep -> 0x0
             exe-1049567 [002] ..... 1634172.363091: sys_nanosleep(rqtp: c000069f10, rmtp: 0)
             exe-1049567 [002] ..... 1634172.363183: sys_nanosleep -> 0x0
             exe-1049567 [002] ..... 1634172.363185: sys_nanosleep(rqtp: c000069f10, rmtp: 0)
             exe-1049567 [002] ..... 1634172.363276: sys_nanosleep -> 0x0
             exe-1049567 [002] ..... 1634172.363279: sys_nanosleep(rqtp: c000069f10, rmtp: 0)
             exe-1049567 [002] ..... 1634172.363370: sys_nanosleep -> 0x0
             exe-1049567 [002] ..... 1634172.363372: sys_nanosleep(rqtp: c000069f10, rmtp: 0)
             exe-1050446 [003] ..... 1634172.363429: sys_write -> 0x39
             exe-1049567 [002] ..... 1634172.363470: sys_nanosleep -> 0x0
             exe-1049567 [002] ..... 1634172.363472: sys_nanosleep(rqtp: c000069f10, rmtp: 0)
             exe-1049896 [002] ..... 1634172.363482: sys_wait4 -> 0x10074e
             exe-1049896 [002] ..... 1634172.363485: sys_ptrace(request: 4204, pid: 10074e, addr: 1, data: c000697c70)
             exe-1049896 [002] ..... 1634172.363490: sys_ptrace -> 0x0
             exe-1049896 [002] ..... 1634172.363492: sys_ptrace(request: 4204, pid: 10074e, addr: 202, data: c000697c70)
             exe-1049896 [002] ..... 1634172.363494: sys_ptrace -> 0x0
             exe-1049896 [002] ..... 1634172.363500: sys_ptrace(request: 4205, pid: 10074e, addr: 1, data: c000697c70)
             exe-1049896 [002] ..... 1634172.363503: sys_ptrace -> 0x0
             exe-1049896 [002] ..... 1634172.363505: sys_ptrace(request: 4205, pid: 10074e, addr: 202, data: c000697c70)
             exe-1049896 [002] ..... 1634172.363514: sys_ptrace -> 0x0
             exe-1049896 [002] ..... 1634172.363515: sys_ptrace(request: 1f, pid: 10074e, addr: 0, data: 0)
             exe-1049896 [002] ..... 1634172.363522: sys_ptrace -> 0x0
             exe-1049896 [002] ..... 1634172.363524: sys_wait4(upid: 10074e, stat_addr: c000697bf4, options: 40000002, ru: 0)
             exe-1049567 [002] ..... 1634172.363566: sys_nanosleep -> 0x0
             exe-1049567 [002] ..... 1634172.363569: sys_nanosleep(rqtp: c000069f10, rmtp: 0)
             exe-1049567 [002] ..... 1634172.363660: sys_nanosleep -> 0x0
             exe-1049567 [002] ..... 1634172.363663: sys_nanosleep(rqtp: c000069f10, rmtp: 0)
             exe-1049567 [002] ..... 1634172.363754: sys_nanosleep -> 0x0
             exe-1049567 [002] ..... 1634172.363756: sys_nanosleep(rqtp: c000069f10, rmtp: 0)
             exe-1050446 [003] ..... 1634172.363828: sys_fallocate -> 0xfffffffffffffff7
             exe-1049567 [002] ..... 1634172.363856: sys_nanosleep -> 0x0
             exe-1049567 [002] ..... 1634172.363859: sys_nanosleep(rqtp: c000069f10, rmtp: 0)
             exe-1049896 [002] ..... 1634172.363868: sys_wait4 -> 0x10074e
             exe-1049896 [002] ..... 1634172.363870: sys_ptrace(request: 4204, pid: 10074e, addr: 1, data: c000697c70)
             exe-1049896 [002] ..... 1634172.363873: sys_ptrace -> 0x0
             exe-1049896 [002] ..... 1634172.363875: sys_ptrace(request: 4204, pid: 10074e, addr: 202, data: c000697c70)
             exe-1049896 [002] ..... 1634172.363877: sys_ptrace -> 0x0
             exe-1049896 [002] ..... 1634172.363884: sys_pwrite64(fd: 63, buf: 7fd66ed97080, count: 37, pos: 39)
             exe-1049896 [002] ..... 1634172.363886: tracing_mark_write: fallocate(fd=288, mode=0xb, offset=0x8000, len=210) end
             exe-1049896 [002] ..... 1634172.431320: tracing_mark_write: fallocate(fd=288, mode=0xb, offset=4096, len=8) start
             exe-1049896 [002] ..... 1634172.431322: sys_pwrite64 -> 0x35
             exe-1049896 [002] ..... 1634172.431325: sys_ptrace(request: 4205, pid: 10074e, addr: 1, data: c000697c70)
             exe-1049896 [002] ..... 1634172.431327: sys_ptrace -> 0x0
             exe-1049896 [002] ..... 1634172.431328: sys_ptrace(request: 4205, pid: 10074e, addr: 202, data: c000697c70)
             exe-1049896 [002] ..... 1634172.431335: sys_ptrace -> 0x0
             exe-1049896 [002] ..... 1634172.431336: sys_ptrace(request: 1f, pid: 10074e, addr: 0, data: 0)
             exe-1049896 [002] ..... 1634172.431345: sys_ptrace -> 0x0
             exe-1049896 [002] ..... 1634172.431346: sys_wait4(upid: 10074e, stat_addr: c000697bf4, options: 40000002, ru: 0)
             exe-1049673 [000] ..... 1634172.431360: sys_nanosleep -> 0x0
             exe-1049673 [000] ..... 1634172.431366: sys_nanosleep(rqtp: c000069f10, rmtp: 0)
             exe-1050446 [001] ..... 1634172.431373: sys_write -> 0x35
             exe-1049896 [002] ..... 1634172.431391: sys_wait4 -> 0x10074e
             exe-1049896 [002] ..... 1634172.431393: sys_ptrace(request: 4204, pid: 10074e, addr: 1, data: c000697c70)
             exe-1049896 [002] ..... 1634172.431395: sys_ptrace -> 0x0
             exe-1049896 [002] ..... 1634172.431396: sys_ptrace(request: 4204, pid: 10074e, addr: 202, data: c000697c70)
             exe-1049896 [002] ..... 1634172.431398: sys_ptrace -> 0x0
             exe-1049896 [002] ..... 1634172.431402: sys_ptrace(request: 4205, pid: 10074e, addr: 1, data: c000697c70)
             exe-1049896 [002] ..... 1634172.431404: sys_ptrace -> 0x0
             exe-1049896 [002] ..... 1634172.431405: sys_ptrace(request: 4205, pid: 10074e, addr: 202, data: c000697c70)
             exe-1049896 [002] ..... 1634172.431410: sys_ptrace -> 0x0
             exe-1049896 [002] ..... 1634172.431411: sys_ptrace(request: 1f, pid: 10074e, addr: 0, data: 0)
             exe-1049896 [002] ..... 1634172.431419: sys_ptrace -> 0x0
             exe-1049896 [002] ..... 1634172.431421: sys_wait4(upid: 10074e, stat_addr: c000697bf4, options: 40000002, ru: 0)
             exe-1050446 [001] ..... 1634172.431438: sys_fallocate -> 0xfffffffffffffff7
             exe-1049896 [002] ..... 1634172.431452: sys_wait4 -> 0x10074e
             exe-1049896 [002] ..... 1634172.431454: sys_ptrace(request: 4204, pid: 10074e, addr: 1, data: c000697c70)
             exe-1049896 [002] ..... 1634172.431456: sys_ptrace -> 0x0
             exe-1049896 [002] ..... 1634172.431457: sys_ptrace(request: 4204, pid: 10074e, addr: 202, data: c000697c70)
             exe-1049896 [002] ..... 1634172.431459: sys_ptrace -> 0x0
             exe-1049896 [002] ..... 1634172.431463: sys_pwrite64(fd: 63, buf: 7fd66ed97080, count: 33, pos: 35)
             exe-1049896 [002] ..... 1634172.431464: tracing_mark_write: fallocate(fd=288, mode=0xb, offset=4096, len=8) end
             exe-1049896 [002] ..... 1634172.498964: tracing_mark_write: fallocate(fd=288, mode=0xb, offset=4096, len=1) start
             exe-1049896 [002] ..... 1634172.498966: sys_pwrite64 -> 0x35
             exe-1049896 [002] ..... 1634172.498969: sys_ptrace(request: 4205, pid: 10074e, addr: 1, data: c000697c70)
             exe-1049896 [002] ..... 1634172.498978: sys_ptrace -> 0x0
             exe-1049896 [002] ..... 1634172.498979: sys_ptrace(request: 4205, pid: 10074e, addr: 202, data: c000697c70)
             exe-1049673 [001] .N... 1634172.498983: sys_futex(uaddr: 1f09dc0, op: 80, val: 0, utime: c000069eb0, uaddr2: 0, val3: 0)
             exe-1049896 [002] ..... 1634172.498986: sys_ptrace -> 0x0
             exe-1049896 [002] ..... 1634172.498988: sys_ptrace(request: 1f, pid: 10074e, addr: 0, data: 0)
             exe-1049896 [002] ..... 1634172.499006: sys_ptrace -> 0x0
             exe-1049896 [002] ..... 1634172.499007: sys_wait4(upid: 10074e, stat_addr: c000697bf4, options: 40000002, ru: 0)
             exe-1050446 [001] ..... 1634172.499044: sys_write -> 0x35
             exe-1049896 [002] ..... 1634172.499076: sys_wait4 -> 0x10074e
             exe-1049896 [002] ..... 1634172.499078: sys_ptrace(request: 4204, pid: 10074e, addr: 1, data: c000697c70)
             exe-1049896 [002] ..... 1634172.499081: sys_ptrace -> 0x0
             exe-1049896 [002] ..... 1634172.499082: sys_ptrace(request: 4204, pid: 10074e, addr: 202, data: c000697c70)
             exe-1049896 [002] ..... 1634172.499084: sys_ptrace -> 0x0
             exe-1049896 [002] ..... 1634172.499088: sys_ptrace(request: 4205, pid: 10074e, addr: 1, data: c000697c70)
             exe-1049896 [002] ..... 1634172.499090: sys_ptrace -> 0x0
             exe-1049896 [002] ..... 1634172.499091: sys_ptrace(request: 4205, pid: 10074e, addr: 202, data: c000697c70)
             exe-1049896 [002] ..... 1634172.499097: sys_ptrace -> 0x0
             exe-1049896 [002] ..... 1634172.499098: sys_ptrace(request: 1f, pid: 10074e, addr: 0, data: 0)
             exe-1049896 [002] ..... 1634172.499104: sys_ptrace -> 0x0
             exe-1049896 [002] ..... 1634172.499105: sys_wait4(upid: 10074e, stat_addr: c000697bf4, options: 40000002, ru: 0)
             exe-1050446 [001] ..... 1634172.499155: sys_fallocate -> 0xfffffffffffffff7
             exe-1049896 [002] ..... 1634172.499184: sys_wait4 -> 0x10074e
             exe-1049896 [002] ..... 1634172.499186: sys_ptrace(request: 4204, pid: 10074e, addr: 1, data: c000697c70)
             exe-1049896 [002] ..... 1634172.499188: sys_ptrace -> 0x0
             exe-1049896 [002] ..... 1634172.499190: sys_ptrace(request: 4204, pid: 10074e, addr: 202, data: c000697c70)
             exe-1049896 [002] ..... 1634172.499191: sys_ptrace -> 0x0
             exe-1049896 [002] ..... 1634172.499226: sys_pwrite64(fd: 63, buf: 7fd66ed97080, count: 33, pos: 35)
             exe-1049896 [002] ..... 1634172.499228: tracing_mark_write: fallocate(fd=288, mode=0xb, offset=4096, len=1) end
             exe-1049896 [002] ..... 1634172.570944: tracing_mark_write: fallocate(fd=288, mode=0xb, offset=8, len=8) start
             exe-1049896 [002] ..... 1634172.570946: sys_pwrite64 -> 0x32
             exe-1049896 [002] ..... 1634172.570952: sys_ptrace(request: 4205, pid: 10074e, addr: 1, data: c000697c70)
             exe-1049896 [002] ..... 1634172.570955: sys_ptrace -> 0x0
             exe-1049896 [002] ..... 1634172.570957: sys_ptrace(request: 4205, pid: 10074e, addr: 202, data: c000697c70)
             exe-1049896 [002] ..... 1634172.570968: sys_ptrace -> 0x0
             exe-1049896 [002] ..... 1634172.570970: sys_ptrace(request: 1f, pid: 10074e, addr: 0, data: 0)
             exe-1049896 [002] ..... 1634172.570977: sys_ptrace -> 0x0
             exe-1049896 [002] ..... 1634172.570979: sys_wait4(upid: 10074e, stat_addr: c000697bf4, options: 40000002, ru: 0)
             exe-1050446 [002] ..... 1634172.570993: sys_write -> 0x32
             exe-1049896 [002] ..... 1634172.571015: sys_wait4 -> 0x10074e
             exe-1049896 [002] ..... 1634172.571019: sys_ptrace(request: 4204, pid: 10074e, addr: 1, data: c000697c70)
             exe-1049896 [002] ..... 1634172.571023: sys_ptrace -> 0x0
             exe-1049896 [002] ..... 1634172.571025: sys_ptrace(request: 4204, pid: 10074e, addr: 202, data: c000697c70)
             exe-1049896 [002] ..... 1634172.571027: sys_ptrace -> 0x0
             exe-1049896 [002] ..... 1634172.571034: sys_ptrace(request: 4205, pid: 10074e, addr: 1, data: c000697c70)
             exe-1049896 [002] ..... 1634172.571037: sys_ptrace -> 0x0
             exe-1049896 [002] ..... 1634172.571038: sys_ptrace(request: 4205, pid: 10074e, addr: 202, data: c000697c70)
             exe-1049896 [002] ..... 1634172.571048: sys_ptrace -> 0x0
             exe-1049896 [002] ..... 1634172.571050: sys_ptrace(request: 1f, pid: 10074e, addr: 0, data: 0)
             exe-1049896 [002] ..... 1634172.571056: sys_ptrace -> 0x0
             exe-1049896 [002] ..... 1634172.571059: sys_wait4(upid: 10074e, stat_addr: c000697bf4, options: 40000002, ru: 0)
             exe-1050446 [002] ..... 1634172.571072: sys_fallocate -> 0xfffffffffffffff7
             exe-1049896 [002] ..... 1634172.571093: sys_wait4 -> 0x10074e
             exe-1049896 [002] ..... 1634172.571098: sys_ptrace(request: 4204, pid: 10074e, addr: 1, data: c000697c70)
             exe-1049896 [002] ..... 1634172.571102: sys_ptrace -> 0x0
             exe-1049896 [002] ..... 1634172.571103: sys_ptrace(request: 4204, pid: 10074e, addr: 202, data: c000697c70)
             exe-1049896 [002] ..... 1634172.571106: sys_ptrace -> 0x0
             exe-1049896 [002] ..... 1634172.571116: sys_pwrite64(fd: 63, buf: 7fd66ed97080, count: 30, pos: 32)
             exe-1049896 [002] ..... 1634172.571117: tracing_mark_write: fallocate(fd=288, mode=0xb, offset=8, len=8) end
             exe-1049896 [002] ..... 1634172.628121: tracing_mark_write: fallocate(fd=288, mode=0xb, offset=4, len=4091) start
             exe-1049896 [002] ..... 1634172.628123: sys_pwrite64 -> 0x35
             exe-1049896 [002] ..... 1634172.628129: sys_ptrace(request: 4205, pid: 10074e, addr: 1, data: c000697c70)
             exe-1049896 [002] ..... 1634172.628132: sys_ptrace -> 0x0
             exe-1049673 [000] ..... 1634172.628133: sys_nanosleep -> 0x0
             exe-1049673 [000] ..... 1634172.628139: sys_nanosleep(rqtp: c000069f10, rmtp: 0)
             exe-1049567 [002] ..... 1634172.628167: sys_nanosleep -> 0x0
             exe-1049567 [002] ..... 1634172.628171: sys_nanosleep(rqtp: c000069f10, rmtp: 0)
             exe-1049896 [002] ..... 1634172.628183: sys_ptrace(request: 4205, pid: 10074e, addr: 202, data: c000697c70)
             exe-1049896 [002] ..... 1634172.628214: sys_ptrace -> 0x0
             exe-1049896 [002] ..... 1634172.628216: sys_ptrace(request: 1f, pid: 10074e, addr: 0, data: 0)
             exe-1049896 [002] .N... 1634172.628220: sys_ptrace -> 0x0
             exe-1050446 [002] ..... 1634172.628230: sys_write -> 0x35
             exe-1049673 [000] ..... 1634172.628252: sys_nanosleep -> 0x0
             exe-1049896 [002] ..... 1634172.628253: sys_wait4(upid: 10074e, stat_addr: c000697bf4, options: 40000002, ru: 0)
             exe-1049896 [002] ..... 1634172.628257: sys_wait4 -> 0x10074e
             exe-1049673 [000] ..... 1634172.628257: sys_nanosleep(rqtp: c000069f10, rmtp: 0)
             exe-1049896 [002] ..... 1634172.628259: sys_ptrace(request: 4204, pid: 10074e, addr: 1, data: c000697c70)
             exe-1049896 [002] ..... 1634172.628263: sys_ptrace -> 0x0
             exe-1049896 [002] ..... 1634172.628265: sys_ptrace(request: 4204, pid: 10074e, addr: 202, data: c000697c70)
             exe-1049896 [002] ..... 1634172.628268: sys_ptrace -> 0x0
             exe-1049896 [002] ..... 1634172.628275: sys_ptrace(request: 4205, pid: 10074e, addr: 1, data: c000697c70)
             exe-1049896 [002] ..... 1634172.628278: sys_ptrace -> 0x0
             exe-1049896 [002] ..... 1634172.628279: sys_ptrace(request: 4205, pid: 10074e, addr: 202, data: c000697c70)
             exe-1049896 [002] ..... 1634172.628290: sys_ptrace -> 0x0
             exe-1049896 [002] ..... 1634172.628292: sys_ptrace(request: 1f, pid: 10074e, addr: 0, data: 0)
             exe-1049896 [002] .N... 1634172.628299: sys_ptrace -> 0x0
             exe-1050446 [002] ..... 1634172.628310: sys_fallocate -> 0xfffffffffffffff7
             exe-1049896 [002] ..... 1634172.628329: sys_wait4(upid: 10074e, stat_addr: c000697bf4, options: 40000002, ru: 0)
             exe-1049896 [002] ..... 1634172.628332: sys_wait4 -> 0x10074e
             exe-1049896 [002] ..... 1634172.628334: sys_ptrace(request: 4204, pid: 10074e, addr: 1, data: c000697c70)
             exe-1049896 [002] ..... 1634172.628338: sys_ptrace -> 0x0
             exe-1049896 [002] ..... 1634172.628339: sys_ptrace(request: 4204, pid: 10074e, addr: 202, data: c000697c70)
             exe-1049896 [002] ..... 1634172.628342: sys_ptrace -> 0x0
             exe-1049896 [002] ..... 1634172.628352: sys_pwrite64(fd: 63, buf: 7fd66ed97080, count: 33, pos: 35)
             exe-1049896 [002] ..... 1634172.628354: tracing_mark_write: fallocate(fd=288, mode=0xb, offset=4, len=4091) end
             exe-1049896 [002] ..... 1634172.692031: tracing_mark_write: fallocate(fd=20, mode=0xb, offset=4, len=4094) start
             exe-1049896 [002] ..... 1634172.692033: sys_pwrite64 -> 0x34
             exe-1049896 [002] ..... 1634172.692041: sys_ptrace(request: 4205, pid: 10074e, addr: 1, data: c000697c70)
             exe-1049896 [002] ..... 1634172.692044: sys_ptrace -> 0x0
             exe-1049896 [002] ..... 1634172.692046: sys_ptrace(request: 4205, pid: 10074e, addr: 202, data: c000697c70)
             exe-1049896 [002] ..... 1634172.692057: sys_ptrace -> 0x0
             exe-1049896 [002] ..... 1634172.692059: sys_ptrace(request: 1f, pid: 10074e, addr: 0, data: 0)
             exe-1049896 [002] .N... 1634172.692063: sys_ptrace -> 0x0
             exe-1050446 [002] ..... 1634172.692073: sys_write -> 0x34
             exe-1049896 [002] ..... 1634172.692095: sys_wait4(upid: 10074e, stat_addr: c000697bf4, options: 40000002, ru: 0)
             exe-1049896 [002] ..... 1634172.692098: sys_wait4 -> 0x10074e
             exe-1049896 [002] ..... 1634172.692100: sys_ptrace(request: 4204, pid: 10074e, addr: 1, data: c000697c70)
             exe-1049896 [002] ..... 1634172.692105: sys_ptrace -> 0x0
             exe-1049896 [002] ..... 1634172.692107: sys_ptrace(request: 4204, pid: 10074e, addr: 202, data: c000697c70)
             exe-1049896 [002] ..... 1634172.692111: sys_ptrace -> 0x0
             exe-1049673 [000] ..... 1634172.692118: sys_nanosleep -> 0x0
             exe-1049896 [002] ..... 1634172.692119: sys_ptrace(request: 4205, pid: 10074e, addr: 1, data: c000697c70)
             exe-1049673 [000] ..... 1634172.692122: sys_nanosleep(rqtp: c000069f10, rmtp: 0)
             exe-1049896 [002] ..... 1634172.692125: sys_ptrace -> 0x0
             exe-1049896 [002] ..... 1634172.692127: sys_ptrace(request: 4205, pid: 10074e, addr: 202, data: c000697c70)
             exe-1049896 [002] ..... 1634172.692140: sys_ptrace -> 0x0
             exe-1049896 [002] ..... 1634172.692142: sys_ptrace(request: 1f, pid: 10074e, addr: 0, data: 0)
             exe-1049896 [002] .N... 1634172.692153: sys_ptrace -> 0x0
             exe-1050446 [002] ..... 1634172.692171: sys_fallocate -> 0xffffffffffffffa1
             exe-1049896 [002] ..... 1634172.692196: sys_wait4(upid: 10074e, stat_addr: c000697bf4, options: 40000002, ru: 0)
             exe-1049896 [002] ..... 1634172.692200: sys_wait4 -> 0x10074e
             exe-1049896 [002] ..... 1634172.692203: sys_ptrace(request: 4204, pid: 10074e, addr: 1, data: c000697c70)
             exe-1049896 [002] ..... 1634172.692208: sys_ptrace -> 0x0
             exe-1049896 [002] ..... 1634172.692211: sys_ptrace(request: 4204, pid: 10074e, addr: 202, data: c000697c70)
             exe-1049896 [002] ..... 1634172.692214: sys_ptrace -> 0x0
             exe-1049673 [000] ..... 1634172.692222: sys_nanosleep -> 0x0
             exe-1049673 [000] ..... 1634172.692224: sys_nanosleep(rqtp: c000069f10, rmtp: 0)
             exe-1049567 [002] ..... 1634172.692279: sys_nanosleep -> 0x0
             exe-1049567 [002] ..... 1634172.692284: sys_nanosleep(rqtp: c000069f10, rmtp: 0)
             exe-1049896 [002] ..... 1634172.692300: sys_pwrite64(fd: 63, buf: 7fd66ed97080, count: 32, pos: 34)
             exe-1049896 [002] ..... 1634172.692302: tracing_mark_write: fallocate(fd=20, mode=0xb, offset=4, len=4094) end
             exe-1049896 [002] ..... 1634172.769719: tracing_mark_write: fallocate(fd=20, mode=0xb, offset=1, len=0x3a610c05) start
             exe-1049896 [002] ..... 1634172.769721: sys_pwrite64 -> 0x3a
             exe-1049896 [002] ..... 1634172.769728: sys_ptrace(request: 4205, pid: 10074e, addr: 1, data: c000697c70)
             exe-1049896 [002] ..... 1634172.769730: sys_ptrace -> 0x0
             exe-1049896 [002] ..... 1634172.769732: sys_ptrace(request: 4205, pid: 10074e, addr: 202, data: c000697c70)
             exe-1049896 [002] ..... 1634172.769743: sys_ptrace -> 0x0
             exe-1049896 [002] ..... 1634172.769745: sys_ptrace(request: 1f, pid: 10074e, addr: 0, data: 0)
             exe-1049896 [002] ..... 1634172.769757: sys_ptrace -> 0x0
             exe-1049896 [002] ..... 1634172.769759: sys_wait4(upid: 10074e, stat_addr: c000697bf4, options: 40000002, ru: 0)
             exe-1050446 [003] ..... 1634172.769786: sys_write -> 0x3a
             exe-1049896 [002] ..... 1634172.769810: sys_wait4 -> 0x10074e
             exe-1049896 [002] ..... 1634172.769813: sys_ptrace(request: 4204, pid: 10074e, addr: 1, data: c000697c70)
             exe-1049896 [002] ..... 1634172.769816: sys_ptrace -> 0x0
             exe-1049896 [002] ..... 1634172.769817: sys_ptrace(request: 4204, pid: 10074e, addr: 202, data: c000697c70)
             exe-1049896 [002] ..... 1634172.769819: sys_ptrace -> 0x0
             exe-1049896 [002] ..... 1634172.769825: sys_ptrace(request: 4205, pid: 10074e, addr: 1, data: c000697c70)
             exe-1049896 [002] ..... 1634172.769828: sys_ptrace -> 0x0
             exe-1049896 [002] ..... 1634172.769829: sys_ptrace(request: 4205, pid: 10074e, addr: 202, data: c000697c70)
             exe-1049896 [002] ..... 1634172.769836: sys_ptrace -> 0x0
             exe-1049896 [002] ..... 1634172.769838: sys_ptrace(request: 1f, pid: 10074e, addr: 0, data: 0)
             exe-1049896 [002] ..... 1634172.769848: sys_ptrace -> 0x0
             exe-1049896 [002] ..... 1634172.769850: sys_wait4(upid: 10074e, stat_addr: c000697bf4, options: 40000002, ru: 0)
             exe-1050446 [003] ..... 1634172.769872: sys_fallocate -> 0xffffffffffffffa1
             exe-1049896 [002] ..... 1634172.769893: sys_wait4 -> 0x10074e
             exe-1049896 [002] ..... 1634172.769896: sys_ptrace(request: 4204, pid: 10074e, addr: 1, data: c000697c70)
             exe-1049896 [002] ..... 1634172.769898: sys_ptrace -> 0x0
             exe-1049896 [002] ..... 1634172.769900: sys_ptrace(request: 4204, pid: 10074e, addr: 202, data: c000697c70)
             exe-1049896 [002] ..... 1634172.769902: sys_ptrace -> 0x0
             exe-1049896 [002] ..... 1634172.769908: sys_pwrite64(fd: 63, buf: 7fd66ed97080, count: 38, pos: 3a)
             exe-1049896 [002] ..... 1634172.769909: tracing_mark_write: fallocate(fd=20, mode=0xb, offset=1, len=0x3a610c05) end
             exe-1049896 [002] ..... 1634172.835573: tracing_mark_write: fallocate(fd=7, mode=0xb, offset=0, len=0) start
             exe-1049896 [002] ..... 1634172.835574: sys_pwrite64 -> 0x30
             exe-1049896 [002] ..... 1634172.835579: sys_ptrace(request: 4205, pid: 10074e, addr: 1, data: c000697c70)
             exe-1049896 [002] ..... 1634172.835582: sys_ptrace -> 0x0
             exe-1049896 [002] ..... 1634172.835584: sys_ptrace(request: 4205, pid: 10074e, addr: 202, data: c000697c70)
             exe-1049673 [000] ..... 1634172.835593: sys_nanosleep -> 0x0
             exe-1049673 [000] ..... 1634172.835595: sys_nanosleep(rqtp: c000069f10, rmtp: 0)
             exe-1049896 [002] ..... 1634172.835595: sys_ptrace -> 0x0
             exe-1049896 [002] ..... 1634172.835598: sys_ptrace(request: 1f, pid: 10074e, addr: 0, data: 0)
             exe-1049896 [002] ..... 1634172.835609: sys_ptrace -> 0x0
             exe-1049896 [002] ..... 1634172.835612: sys_wait4(upid: 10074e, stat_addr: c000697bf4, options: 40000002, ru: 0)
             exe-1050446 [003] ..... 1634172.835612: sys_write -> 0x30
             exe-1049896 [002] ..... 1634172.835634: sys_wait4 -> 0x10074e
             exe-1049896 [002] ..... 1634172.835637: sys_ptrace(request: 4204, pid: 10074e, addr: 1, data: c000697c70)
             exe-1049896 [002] ..... 1634172.835644: sys_ptrace -> 0x0
             exe-1049896 [002] ..... 1634172.835646: sys_ptrace(request: 4204, pid: 10074e, addr: 202, data: c000697c70)
             exe-1049896 [002] ..... 1634172.835649: sys_ptrace -> 0x0
             exe-1049673 [000] ..... 1634172.835681: sys_nanosleep -> 0x0
             exe-1049673 [000] ..... 1634172.835683: sys_nanosleep(rqtp: c000069f10, rmtp: 0)
             exe-1049567 [002] ..... 1634172.835699: sys_nanosleep -> 0x0
             exe-1049567 [002] ..... 1634172.835707: sys_nanosleep(rqtp: c000069f10, rmtp: 0)
             exe-1049896 [002] ..... 1634172.835727: sys_ptrace(request: 4205, pid: 10074e, addr: 1, data: c000697c70)
             exe-1049896 [002] ..... 1634172.835731: sys_ptrace -> 0x0
             exe-1049896 [002] ..... 1634172.835733: sys_ptrace(request: 4205, pid: 10074e, addr: 202, data: c000697c70)
             exe-1049896 [002] ..... 1634172.835744: sys_ptrace -> 0x0
             exe-1049896 [002] ..... 1634172.835746: sys_ptrace(request: 1f, pid: 10074e, addr: 0, data: 0)
             exe-1049896 [002] ..... 1634172.835753: sys_ptrace -> 0x0
             exe-1049896 [002] ..... 1634172.835755: sys_wait4(upid: 10074e, stat_addr: c000697bf4, options: 40000002, ru: 0)
             exe-1050446 [003] ..... 1634172.835766: sys_fallocate -> 0xffffffffffffffa1
             exe-1049673 [000] ..... 1634172.835769: sys_nanosleep -> 0x0
             exe-1049673 [000] ..... 1634172.835771: sys_nanosleep(rqtp: c000069f10, rmtp: 0)
             exe-1049896 [002] ..... 1634172.835792: sys_wait4 -> 0x10074e
             exe-1049896 [002] ..... 1634172.835796: sys_ptrace(request: 4204, pid: 10074e, addr: 1, data: c000697c70)
             exe-1049896 [002] ..... 1634172.835801: sys_ptrace -> 0x0
             exe-1049896 [002] ..... 1634172.835803: sys_ptrace(request: 4204, pid: 10074e, addr: 202, data: c000697c70)
             exe-1049896 [002] ..... 1634172.835807: sys_ptrace -> 0x0
             exe-1049896 [002] ..... 1634172.835821: sys_pwrite64(fd: 63, buf: 7fd66ed97080, count: 2e, pos: 30)
             exe-1049896 [002] ..... 1634172.835824: tracing_mark_write: fallocate(fd=7, mode=0xb, offset=0, len=0) end
             exe-1049896 [002] ..... 1634172.920569: tracing_mark_write: fallocate(fd=7, mode=0xb, offset=1, len=8) start
             exe-1049896 [002] ..... 1634172.920570: sys_pwrite64 -> 0x30
             exe-1049896 [002] ..... 1634172.920577: sys_ptrace(request: 4205, pid: 10074e, addr: 1, data: c000697c70)
             exe-1049896 [002] ..... 1634172.920580: sys_ptrace -> 0x0
             exe-1049896 [002] ..... 1634172.920582: sys_ptrace(request: 4205, pid: 10074e, addr: 202, data: c000697c70)
             exe-1049896 [002] ..... 1634172.920594: sys_ptrace -> 0x0
             exe-1049896 [002] ..... 1634172.920596: sys_ptrace(request: 1f, pid: 10074e, addr: 0, data: 0)
             exe-1049896 [002] .N... 1634172.920604: sys_ptrace -> 0x0
             exe-1050446 [002] ..... 1634172.920614: sys_write -> 0x30
             exe-1049673 [000] ..... 1634172.920615: sys_nanosleep -> 0x0
             exe-1049673 [000] ..... 1634172.920617: sys_nanosleep(rqtp: c000069f10, rmtp: 0)
             exe-1049896 [002] ..... 1634172.920633: sys_wait4(upid: 10074e, stat_addr: c000697bf4, options: 40000002, ru: 0)
             exe-1049896 [002] ..... 1634172.920635: sys_wait4 -> 0x10074e
             exe-1049896 [002] ..... 1634172.920637: sys_ptrace(request: 4204, pid: 10074e, addr: 1, data: c000697c70)
             exe-1049896 [002] ..... 1634172.920641: sys_ptrace -> 0x0
             exe-1049896 [002] ..... 1634172.920643: sys_ptrace(request: 4204, pid: 10074e, addr: 202, data: c000697c70)
             exe-1049896 [002] ..... 1634172.920645: sys_ptrace -> 0x0
             exe-1049896 [002] ..... 1634172.920652: sys_ptrace(request: 4205, pid: 10074e, addr: 1, data: c000697c70)
             exe-1049896 [002] ..... 1634172.920654: sys_ptrace -> 0x0
             exe-1049896 [002] ..... 1634172.920656: sys_ptrace(request: 4205, pid: 10074e, addr: 202, data: c000697c70)
             exe-1049896 [002] ..... 1634172.920665: sys_ptrace -> 0x0
             exe-1049896 [002] ..... 1634172.920667: sys_ptrace(request: 1f, pid: 10074e, addr: 0, data: 0)
             exe-1049896 [002] .N... 1634172.920673: sys_ptrace -> 0x0
             exe-1050446 [002] ..... 1634172.920683: sys_fallocate -> 0xffffffffffffffa1
             exe-1049896 [002] ..... 1634172.920701: sys_wait4(upid: 10074e, stat_addr: c000697bf4, options: 40000002, ru: 0)
             exe-1049896 [002] ..... 1634172.920703: sys_wait4 -> 0x10074e
             exe-1049896 [002] ..... 1634172.920706: sys_ptrace(request: 4204, pid: 10074e, addr: 1, data: c000697c70)
             exe-1049673 [000] ..... 1634172.920708: sys_nanosleep -> 0x0
             exe-1049896 [002] ..... 1634172.920709: sys_ptrace -> 0x0
             exe-1049896 [002] ..... 1634172.920711: sys_ptrace(request: 4204, pid: 10074e, addr: 202, data: c000697c70)
             exe-1049673 [000] ..... 1634172.920711: sys_nanosleep(rqtp: c000069f10, rmtp: 0)
             exe-1049896 [002] ..... 1634172.920713: sys_ptrace -> 0x0
             exe-1049896 [002] ..... 1634172.920722: sys_pwrite64(fd: 63, buf: 7fd66ed97080, count: 2e, pos: 30)
             exe-1049896 [002] ..... 1634172.920723: tracing_mark_write: fallocate(fd=7, mode=0xb, offset=1, len=8) end
             exe-1049896 [002] ..... 1634172.991536: tracing_mark_write: fallocate(fd=7, mode=0xb, offset=4, len=4) start
             exe-1049896 [002] ..... 1634172.991538: sys_pwrite64 -> 0x30
             exe-1049896 [002] ..... 1634172.991546: sys_ptrace(request: 4205, pid: 10074e, addr: 1, data: c000697c70)
             exe-1049896 [002] ..... 1634172.991549: sys_ptrace -> 0x0
             exe-1049896 [002] ..... 1634172.991550: sys_ptrace(request: 4205, pid: 10074e, addr: 202, data: c000697c70)
             exe-1049896 [002] ..... 1634172.991562: sys_ptrace -> 0x0
             exe-1049896 [002] ..... 1634172.991564: sys_ptrace(request: 1f, pid: 10074e, addr: 0, data: 0)
             exe-1049896 [002] .N... 1634172.991568: sys_ptrace -> 0x0
             exe-1050446 [002] ..... 1634172.991578: sys_write -> 0x30
             exe-1049673 [000] ..... 1634172.991581: sys_nanosleep -> 0x0
             exe-1049673 [000] ..... 1634172.991583: sys_nanosleep(rqtp: c000069f10, rmtp: 0)
             exe-1049567 [002] ..... 1634172.991626: sys_nanosleep -> 0x0
             exe-1049567 [002] ..... 1634172.991632: sys_nanosleep(rqtp: c000069f10, rmtp: 0)
             exe-1049896 [002] ..... 1634172.991647: sys_wait4(upid: 10074e, stat_addr: c000697bf4, options: 40000002, ru: 0)
             exe-1049896 [002] ..... 1634172.991650: sys_wait4 -> 0x10074e
             exe-1049896 [002] ..... 1634172.991652: sys_ptrace(request: 4204, pid: 10074e, addr: 1, data: c000697c70)
             exe-1049896 [002] ..... 1634172.991656: sys_ptrace -> 0x0
             exe-1049896 [002] ..... 1634172.991657: sys_ptrace(request: 4204, pid: 10074e, addr: 202, data: c000697c70)
             exe-1049896 [002] ..... 1634172.991660: sys_ptrace -> 0x0
             exe-1049896 [002] ..... 1634172.991670: sys_ptrace(request: 4205, pid: 10074e, addr: 1, data: c000697c70)
             exe-1049673 [000] ..... 1634172.991672: sys_nanosleep -> 0x0
             exe-1049896 [002] ..... 1634172.991672: sys_ptrace -> 0x0
             exe-1049896 [002] ..... 1634172.991673: sys_ptrace(request: 4205, pid: 10074e, addr: 202, data: c000697c70)
             exe-1049673 [000] ..... 1634172.991674: sys_nanosleep(rqtp: c000069f10, rmtp: 0)
             exe-1049896 [002] ..... 1634172.991684: sys_ptrace -> 0x0
             exe-1049896 [002] ..... 1634172.991686: sys_ptrace(request: 1f, pid: 10074e, addr: 0, data: 0)
             exe-1049896 [002] .N... 1634172.991690: sys_ptrace -> 0x0
             exe-1050446 [002] ..... 1634172.991699: sys_fallocate -> 0xffffffffffffffa1
