             exe-1049896 [000] ..... 1634170.967633: sys_ptrace -> 0x0
             exe-1049896 [000] ..... 1634170.967635: sys_ptrace(request: 4205, pid: 10074e, addr: 202, data: c000697c70)
             exe-1049896 [000] ..... 1634170.967642: sys_ptrace -> 0x0
             exe-1049896 [000] ..... 1634170.967643: sys_ptrace(request: 1f, pid: 10074e, addr: 0, data: 0)
             exe-1049896 [000] ..... 1634170.967652: sys_ptrace -> 0x0
             exe-1049896 [000] ..... 1634170.967654: sys_wait4(upid: 10074e, stat_addr: c000697bf4, options: 40000002, ru: 0)
             exe-1050446 [001] ..... 1634170.967664: sys_fallocate -> 0xfffffffffffffff7
             exe-1049673 [003] ..... 1634170.967671: sys_nanosleep -> 0x0
             exe-1049673 [003] ..... 1634170.967673: sys_nanosleep(rqtp: c000069f10, rmtp: 0)
             exe-1049896 [000] ..... 1634170.967678: sys_wait4 -> 0x10074e
             exe-1049896 [000] ..... 1634170.967680: sys_ptrace(request: 4204, pid: 10074e, addr: 1, data: c000697c70)
             exe-1049896 [000] ..... 1634170.967682: sys_ptrace -> 0x0
             exe-1049896 [000] ..... 1634170.967684: sys_ptrace(request: 4204, pid: 10074e, addr: 202, data: c000697c70)
             exe-1049896 [000] ..... 1634170.967686: sys_ptrace -> 0x0
             exe-1049896 [000] ..... 1634170.967718: sys_pwrite64(fd: 63, buf: 7fd66ed97080, count: 31, pos: 33)
             exe-1049896 [000] ..... 1634170.967720: tracing_mark_write: fallocate(fd=277, mode=0x9, offset=-6, len=1) end
             exe-1049896 [000] ..... 1634171.035137: tracing_mark_write: fallocate(fd=277, mode=0x9, offset=4096, len=1) start
             exe-1049896 [000] ..... 1634171.035138: sys_pwrite64 -> 0x35
             exe-1049896 [000] ..... 1634171.035143: sys_ptrace(request: 4205, pid: 10074e, addr: 1, data: c000697c70)
             exe-1049896 [000] ..... 1634171.035146: sys_ptrace -> 0x0
             exe-1049896 [000] ..... 1634171.035147: sys_ptrace(request: 4205, pid: 10074e, addr: 202, data: c000697c70)
             exe-1049896 [000] ..... 1634171.035156: sys_ptrace -> 0x0
             exe-1049896 [000] ..... 1634171.035158: sys_ptrace(request: 1f, pid: 10074e, addr: 0, data: 0)
             exe-1049896 [000] ..... 1634171.035168: sys_ptrace -> 0x0
             exe-1049896 [000] ..... 1634171.035170: sys_wait4(upid: 10074e, stat_addr: c000697bf4, options: 40000002, ru: 0)
             exe-1050446 [001] ..... 1634171.035180: sys_write -> 0x35
             exe-1049567 [000] ..... 1634171.035200: sys_nanosleep -> 0x0
             exe-1049567 [000] ..... 1634171.035203: sys_nanosleep(rqtp: c000069f10, rmtp: 0)
             exe-1049673 [003] ..... 1634171.035212: sys_nanosleep -> 0x0
             exe-1049896 [000] ..... 1634171.035212: sys_wait4 -> 0x10074e
             exe-1049673 [003] ..... 1634171.035214: sys_nanosleep(rqtp: c000069f10, rmtp: 0)
             exe-1049896 [000] ..... 1634171.035215: sys_ptrace(request: 4204, pid: 10074e, addr: 1, data: c000697c70)
             exe-1049896 [000] ..... 1634171.035218: sys_ptrace -> 0x0
             exe-1049896 [000] ..... 1634171.035219: sys_ptrace(request: 4204, pid: 10074e, addr: 202, data: c000697c70)
             exe-1049896 [000] ..... 1634171.035221: sys_ptrace -> 0x0
             exe-1049896 [000] ..... 1634171.035227: sys_ptrace(request: 4205, pid: 10074e, addr: 1, data: c000697c70)
             exe-1049896 [000] ..... 1634171.035230: sys_ptrace -> 0x0
             exe-1049896 [000] ..... 1634171.035231: sys_ptrace(request: 4205, pid: 10074e, addr: 202, data: c000697c70)
             exe-1049896 [000] ..... 1634171.035239: sys_ptrace -> 0x0
             exe-1049896 [000] ..... 1634171.035241: sys_ptrace(request: 1f, pid: 10074e, addr: 0, data: 0)
             exe-1049896 [000] ..... 1634171.035250: sys_ptrace -> 0x0
             exe-1049896 [000] ..... 1634171.035252: sys_wait4(upid: 10074e, stat_addr: c000697bf4, options: 40000002, ru: 0)
             exe-1050446 [001] ..... 1634171.035261: sys_fallocate -> 0xfffffffffffffff7
             exe-1049567 [000] ..... 1634171.035290: sys_nanosleep -> 0x0
             exe-1049567 [000] ..... 1634171.035294: sys_nanosleep(rqtp: c000069f10, rmtp: 0)
             exe-1049673 [003] ..... 1634171.035299: sys_nanosleep -> 0x0
             exe-1049673 [003] ..... 1634171.035301: sys_nanosleep(rqtp: c000069f10, rmtp: 0)
             exe-1049896 [000] ..... 1634171.035302: sys_wait4 -> 0x10074e
             exe-1049896 [000] ..... 1634171.035305: sys_ptrace(request: 4204, pid: 10074e, addr: 1, data: c000697c70)
             exe-1049896 [000] ..... 1634171.035307: sys_ptrace -> 0x0
             exe-1049896 [000] ..... 1634171.035309: sys_ptrace(request: 4204, pid: 10074e, addr: 202, data: c000697c70)
             exe-1049896 [000] ..... 1634171.035311: sys_ptrace -> 0x0
             exe-1049896 [000] ..... 1634171.035317: sys_pwrite64(fd: 63, buf: 7fd66ed97080, count: 33, pos: 35)
             exe-1049896 [000] ..... 1634171.035318: tracing_mark_write: fallocate(fd=277, mode=0x9, offset=4096, len=1) end
             exe-1049896 [000] ..... 1634171.100977: tracing_mark_write: fallocate(fd=277, mode=0x9, offset=0x8e000, len=238) start
             exe-1049896 [000] ..... 1634171.100978: sys_pwrite64 -> 0x3a
             exe-1049896 [000] ..... 1634171.100984: sys_ptrace(request: 4205, pid: 10074e, addr: 1, data: c000697c70)
             exe-1049896 [000] ..... 1634171.100986: sys_ptrace -> 0x0
             exe-1049896 [000] ..... 1634171.100988: sys_ptrace(request: 4205, pid: 10074e, addr: 202, data: c000697c70)
             exe-1049896 [000] ..... 1634171.100998: sys_ptrace -> 0x0
             exe-1049896 [000] ..... 1634171.101000: sys_ptrace(request: 1f, pid: 10074e, addr: 0, data: 0)
             exe-1049896 [000] ..... 1634171.101011: sys_ptrace -> 0x0
             exe-1049673 [003] ..... 1634171.101011: sys_nanosleep -> 0x0
             exe-1049673 [003] ..... 1634171.101013: sys_nanosleep(rqtp: c000069f10, rmtp: 0)
             exe-1049896 [000] ..... 1634171.101013: sys_wait4(upid: 10074e, stat_addr: c000697bf4, options: 40000002, ru: 0)
             exe-1050446 [001] ..... 1634171.101031: sys_write -> 0x3a
             exe-1049896 [000] ..... 1634171.101050: sys_wait4 -> 0x10074e
             exe-1049896 [000] ..... 1634171.101053: sys_ptrace(request: 4204, pid: 10074e, addr: 1, data: c000697c70)
             exe-1049896 [000] ..... 1634171.101055: sys_ptrace -> 0x0
             exe-1049896 [000] ..... 1634171.101057: sys_ptrace(request: 4204, pid: 10074e, addr: 202, data: c000697c70)
             exe-1049896 [000] ..... 1634171.101059: sys_ptrace -> 0x0
             exe-1049896 [000] ..... 1634171.101065: sys_ptrace(request: 4205, pid: 10074e, addr: 1, data: c000697c70)
             exe-1049896 [000] ..... 1634171.101067: sys_ptrace -> 0x0
             exe-1049896 [000] ..... 1634171.101068: sys_ptrace(request: 4205, pid: 10074e, addr: 202, data: c000697c70)
             exe-1049896 [000] ..... 1634171.101077: sys_ptrace -> 0x0
             exe-1049896 [000] ..... 1634171.101078: sys_ptrace(request: 1f, pid: 10074e, addr: 0, data: 0)
             exe-1049896 [000] ..... 1634171.101088: sys_ptrace -> 0x0
             exe-1049896 [000] ..... 1634171.101090: sys_wait4(upid: 10074e, stat_addr: c000697bf4, options: 40000002, ru: 0)
             exe-1050446 [001] ..... 1634171.101103: sys_fallocate -> 0xfffffffffffffff7
             exe-1049673 [003] ..... 1634171.101106: sys_nanosleep -> 0x0
             exe-1049673 [003] ..... 1634171.101109: sys_nanosleep(rqtp: c000069f10, rmtp: 0)
             exe-1049896 [000] ..... 1634171.101121: sys_wait4 -> 0x10074e
             exe-1049896 [000] ..... 1634171.101123: sys_ptrace(request: 4204, pid: 10074e, addr: 1, data: c000697c70)
             exe-1049896 [000] ..... 1634171.101142: sys_ptrace -> 0x0
             exe-1049896 [000] ..... 1634171.101144: sys_ptrace(request: 4204, pid: 10074e, addr: 202, data: c000697c70)
             exe-1049896 [000] ..... 1634171.101147: sys_ptrace -> 0x0
             exe-1049896 [000] ..... 1634171.101153: sys_pwrite64(fd: 63, buf: 7fd66ed97080, count: 38, pos: 3a)
             exe-1049896 [000] ..... 1634171.101154: tracing_mark_write: fallocate(fd=277, mode=0x9, offset=0x8e000, len=238) end
             exe-1049896 [000] ..... 1634171.163206: tracing_mark_write: fallocate(fd=277, mode=0x9, offset=8, len=34) start
             exe-1049896 [000] ..... 1634171.163208: sys_pwrite64 -> 0x33
             exe-1049896 [000] ..... 1634171.163213: sys_ptrace(request: 4205, pid: 10074e, addr: 1, data: c000697c70)
             exe-1049896 [000] ..... 1634171.163216: sys_ptrace -> 0x0
             exe-1049896 [000] ..... 1634171.163217: sys_ptrace(request: 4205, pid: 10074e, addr: 202, data: c000697c70)
             exe-1049567 [000] ..... 1634171.163253: sys_nanosleep -> 0x0
             exe-1049567 [000] ..... 1634171.163257: sys_nanosleep(rqtp: c000069f10, rmtp: 0)
             exe-1049896 [000] ..... 1634171.163272: sys_ptrace -> 0x0
             exe-1049896 [000] ..... 1634171.163274: sys_ptrace(request: 1f, pid: 10074e, addr: 0, data: 0)
             exe-1049896 [000] ..... 1634171.163285: sys_ptrace -> 0x0
             exe-1049673 [003] ..... 1634171.163285: sys_nanosleep -> 0x0
             exe-1049896 [000] ..... 1634171.163287: sys_wait4(upid: 10074e, stat_addr: c000697bf4, options: 40000002, ru: 0)
             exe-1049673 [003] ..... 1634171.163287: sys_nanosleep(rqtp: c000069f10, rmtp: 0)
             exe-1050446 [001] ..... 1634171.163300: sys_write -> 0x33
             exe-1049896 [000] ..... 1634171.163317: sys_wait4 -> 0x10074e
             exe-1049896 [000] ..... 1634171.163319: sys_ptrace(request: 4204, pid: 10074e, addr: 1, data: c000697c70)
             exe-1049896 [000] ..... 1634171.163322: sys_ptrace -> 0x0
             exe-1049896 [000] ..... 1634171.163324: sys_ptrace(request: 4204, pid: 10074e, addr: 202, data: c000697c70)
             exe-1049896 [000] ..... 1634171.163327: sys_ptrace -> 0x0
             exe-1049896 [000] ..... 1634171.163333: sys_ptrace(request: 4205, pid: 10074e, addr: 1, data: c000697c70)
             exe-1049896 [000] ..... 1634171.163335: sys_ptrace -> 0x0
             exe-1049896 [000] ..... 1634171.163337: sys_ptrace(request: 4205, pid: 10074e, addr: 202, data: c000697c70)
             exe-1049896 [000] ..... 1634171.163345: sys_ptrace -> 0x0
             exe-1049896 [000] ..... 1634171.163347: sys_ptrace(request: 1f, pid: 10074e, addr: 0, data: 0)
             exe-1049896 [000] .N... 1634171.163373: sys_ptrace -> 0x0
             exe-1049567 [000] ..... 1634171.163376: sys_nanosleep -> 0x0
             exe-1049567 [000] ..... 1634171.163379: sys_nanosleep(rqtp: c000069f10, rmtp: 0)
             exe-1050446 [001] ..... 1634171.163381: sys_fallocate -> 0xfffffffffffffff7
             exe-1049896 [000] ..... 1634171.163392: sys_wait4(upid: 10074e, stat_addr: c000697bf4, options: 40000002, ru: 0)
             exe-1049896 [000] ..... 1634171.163393: sys_wait4 -> 0x10074e
             exe-1049896 [000] ..... 1634171.163395: sys_ptrace(request: 4204, pid: 10074e, addr: 1, data: c000697c70)
             exe-1049896 [000] ..... 1634171.163398: sys_ptrace -> 0x0
             exe-1049896 [000] ..... 1634171.163399: sys_ptrace(request: 4204, pid: 10074e, addr: 202, data: c000697c70)
             exe-1049896 [000] ..... 1634171.163401: sys_ptrace -> 0x0
             exe-1049896 [000] ..... 1634171.163407: sys_pwrite64(fd: 63, buf: 7fd66ed97080, count: 31, pos: 33)
             exe-1049896 [000] ..... 1634171.163409: tracing_mark_write: fallocate(fd=277, mode=0x9, offset=8, len=34) end
             exe-1049896 [000] ..... 1634171.227239: tracing_mark_write: fallocate(fd=275, mode=0x9, offset=4096, len=4) start
             exe-1049896 [000] ..... 1634171.227240: sys_pwrite64 -> 0x35
             exe-1049896 [000] ..... 1634171.227245: sys_ptrace(request: 4205, pid: 10074e, addr: 1, data: c000697c70)
             exe-1049896 [000] ..... 1634171.227248: sys_ptrace -> 0x0
             exe-1049896 [000] ..... 1634171.227249: sys_ptrace(request: 4205, pid: 10074e, addr: 202, data: c000697c70)
             exe-1049896 [000] ..... 1634171.227258: sys_ptrace -> 0x0
             exe-1049896 [000] ..... 1634171.227259: sys_ptrace(request: 1f, pid: 10074e, addr: 0, data: 0)
             exe-1049896 [000] ..... 1634171.227272: sys_ptrace -> 0x0
             exe-1049896 [000] ..... 1634171.227274: sys_wait4(upid: 10074e, stat_addr: c000697bf4, options: 40000002, ru: 0)
             exe-1049981 [003] ..... 1634171.227295: sys_epoll_pwait -> 0x0
             exe-1049981 [003] ..... 1634171.227310: sys_epoll_pwait(epfd: 11, events: c00063b840, maxevents: 80, timeout: 1, sigmask: 0, sigsetsize: 0)
             exe-1049567 [000] ..... 1634171.227321: sys_nanosleep -> 0x0
             exe-1049567 [000] ..... 1634171.227324: sys_nanosleep(rqtp: c000069f10, rmtp: 0)
             exe-1050446 [001] ..... 1634171.227328: sys_write -> 0x35
             exe-1049673 [003] ..... 1634171.227340: sys_nanosleep -> 0x0
             exe-1049673 [003] ..... 1634171.227347: sys_nanosleep(rqtp: c000069f10, rmtp: 0)
             exe-1049896 [000] ..... 1634171.227355: sys_wait4 -> 0x10074e
             exe-1049896 [000] ..... 1634171.227357: sys_ptrace(request: 4204, pid: 10074e, addr: 1, data: c000697c70)
             exe-1049896 [000] ..... 1634171.227361: sys_ptrace -> 0x0
             exe-1049896 [000] ..... 1634171.227362: sys_ptrace(request: 4204, pid: 10074e, addr: 202, data: c000697c70)
             exe-1049896 [000] ..... 1634171.227364: sys_ptrace -> 0x0
             exe-1049896 [000] ..... 1634171.227370: sys_ptrace(request: 4205, pid: 10074e, addr: 1, data: c000697c70)
             exe-1049896 [000] ..... 1634171.227372: sys_ptrace -> 0x0
             exe-1049896 [000] ..... 1634171.227374: sys_ptrace(request: 4205, pid: 10074e, addr: 202, data: c000697c70)
             exe-1049896 [000] ..... 1634171.227382: sys_ptrace -> 0x0
             exe-1049896 [000] ..... 1634171.227384: sys_ptrace(request: 1f, pid: 10074e, addr: 0, data: 0)
             exe-1049896 [000] ..... 1634171.227394: sys_ptrace -> 0x0
             exe-1049896 [000] ..... 1634171.227396: sys_wait4(upid: 10074e, stat_addr: c000697bf4, options: 40000002, ru: 0)
             exe-1050446 [001] ..... 1634171.227416: sys_fallocate -> 0xfffffffffffffff7
             exe-1049896 [000] ..... 1634171.227434: sys_wait4 -> 0x10074e
             exe-1049896 [000] ..... 1634171.227436: sys_ptrace(request: 4204, pid: 10074e, addr: 1, data: c000697c70)
             exe-1049896 [000] ..... 1634171.227439: sys_ptrace -> 0x0
             exe-1049896 [000] ..... 1634171.227441: sys_ptrace(request: 4204, pid: 10074e, addr: 202, data: c000697c70)
             exe-1049673 [003] ..... 1634171.227443: sys_nanosleep -> 0x0
             exe-1049896 [000] ..... 1634171.227443: sys_ptrace -> 0x0
             exe-1049673 [003] ..... 1634171.227446: sys_nanosleep(rqtp: c000069f10, rmtp: 0)
             exe-1049896 [000] ..... 1634171.227448: sys_pwrite64(fd: 63, buf: 7fd66ed97080, count: 33, pos: 35)
             exe-1049896 [000] ..... 1634171.227450: tracing_mark_write: fallocate(fd=275, mode=0x9, offset=4096, len=4) end
             exe-1049896 [001] ..... 1634171.300163: tracing_mark_write: fallocate(fd=275, mode=0x9, offset=14, len=8) start
             exe-1049896 [001] ..... 1634171.300165: sys_pwrite64 -> 0x33
             exe-1049896 [001] ..... 1634171.300172: sys_ptrace(request: 4205, pid: 10074e, addr: 1, data: c000697c70)
             exe-1049896 [001] ..... 1634171.300174: sys_ptrace -> 0x0
             exe-1049896 [001] ..... 1634171.300176: sys_ptrace(request: 4205, pid: 10074e, addr: 202, data: c000697c70)
             exe-1049896 [001] ..... 1634171.300188: sys_ptrace -> 0x0
             exe-1049896 [001] ..... 1634171.300190: sys_ptrace(request: 1f, pid: 10074e, addr: 0, data: 0)
             exe-1049896 [001] ..... 1634171.300197: sys_ptrace -> 0x0
             exe-1049896 [001] ..... 1634171.300198: sys_wait4(upid: 10074e, stat_addr: c000697bf4, options: 40000002, ru: 0)
             exe-1050446 [001] ..... 1634171.300212: sys_write -> 0x33
             exe-1049896 [001] ..... 1634171.300231: sys_wait4 -> 0x10074e
             exe-1049896 [001] ..... 1634171.300235: sys_ptrace(request: 4204, pid: 10074e, addr: 1, data: c000697c70)
             exe-1049896 [001] ..... 1634171.300239: sys_ptrace -> 0x0
             exe-1049896 [001] ..... 1634171.300241: sys_ptrace(request: 4204, pid: 10074e, addr: 202, data: c000697c70)
             exe-1049896 [001] ..... 1634171.300243: sys_ptrace -> 0x0
             exe-1049673 [003] ..... 1634171.300245: sys_nanosleep -> 0x0
             exe-1049673 [003] ..... 1634171.300247: sys_nanosleep(rqtp: c000069f10, rmtp: 0)
             exe-1049896 [001] ..... 1634171.300249: sys_ptrace(request: 4205, pid: 10074e, addr: 1, data: c000697c70)
             exe-1049896 [001] ..... 1634171.300251: sys_ptrace -> 0x0
             exe-1049896 [001] ..... 1634171.300253: sys_ptrace(request: 4205, pid: 10074e, addr: 202, data: c000697c70)
             exe-1049896 [001] ..... 1634171.300262: sys_ptrace -> 0x0
             exe-1049896 [001] ..... 1634171.300264: sys_ptrace(request: 1f, pid: 10074e, addr: 0, data: 0)
             exe-1049896 [001] ..... 1634171.300270: sys_ptrace -> 0x0
             exe-1049896 [001] ..... 1634171.300272: sys_wait4(upid: 10074e, stat_addr: c000697bf4, options: 40000002, ru: 0)
             exe-1050446 [001] ..... 1634171.300285: sys_fallocate -> 0xfffffffffffffff7
             exe-1049896 [001] ..... 1634171.300304: sys_wait4 -> 0x10074e
             exe-1049896 [001] ..... 1634171.300307: sys_ptrace(request: 4204, pid: 10074e, addr: 1, data: c000697c70)
             exe-1049896 [001] ..... 1634171.300311: sys_ptrace -> 0x0
             exe-1049896 [001] ..... 1634171.300313: sys_ptrace(request: 4204, pid: 10074e, addr: 202, data: c000697c70)
             exe-1049896 [001] ..... 1634171.300315: sys_ptrace -> 0x0
             exe-1049896 [001] ..... 1634171.300324: sys_pwrite64(fd: 63, buf: 7fd66ed97080, count: 31, pos: 33)
             exe-1049896 [001] ..... 1634171.300326: tracing_mark_write: fallocate(fd=275, mode=0x9, offset=14, len=8) end
             exe-1049896 [001] ..... 1634171.366541: tracing_mark_write: fallocate(fd=275, mode=0x9, offset=0x17979797, len=8) start
             exe-1049896 [001] ..... 1634171.366543: sys_pwrite64 -> 0x3b
             exe-1049896 [001] ..... 1634171.366550: sys_ptrace(request: 4205, pid: 10074e, addr: 1, data: c000697c70)
             exe-1049896 [001] ..... 1634171.366553: sys_ptrace -> 0x0
             exe-1049896 [001] ..... 1634171.366554: sys_ptrace(request: 4205, pid: 10074e, addr: 202, data: c000697c70)
             exe-1049896 [001] ..... 1634171.366566: sys_ptrace -> 0x0
             exe-1049896 [001] ..... 1634171.366568: sys_ptrace(request: 1f, pid: 10074e, addr: 0, data: 0)
             exe-1049896 [001] .N... 1634171.366576: sys_ptrace -> 0x0
             exe-1049567 [000] ..... 1634171.366584: sys_nanosleep -> 0x0
             exe-1049567 [000] ..... 1634171.366586: sys_nanosleep(rqtp: c000069f10, rmtp: 0)
             exe-1050446 [001] ..... 1634171.366587: sys_write -> 0x3b
             exe-1049896 [001] ..... 1634171.366607: sys_wait4(upid: 10074e, stat_addr: c000697bf4, options: 40000002, ru: 0)
             exe-1049896 [001] ..... 1634171.366610: sys_wait4 -> 0x10074e
             exe-1049896 [001] ..... 1634171.366612: sys_ptrace(request: 4204, pid: 10074e, addr: 1, data: c000697c70)
             exe-1049896 [001] ..... 1634171.366616: sys_ptrace -> 0x0
             exe-1049896 [001] ..... 1634171.366617: sys_ptrace(request: 4204, pid: 10074e, addr: 202, data: c000697c70)
             exe-1049896 [001] ..... 1634171.366620: sys_ptrace -> 0x0
             exe-1049896 [001] ..... 1634171.366627: sys_ptrace(request: 4205, pid: 10074e, addr: 1, data: c000697c70)
             exe-1049896 [001] ..... 1634171.366629: sys_ptrace -> 0x0
             exe-1049896 [001] ..... 1634171.366631: sys_ptrace(request: 4205, pid: 10074e, addr: 202, data: c000697c70)
             exe-1049896 [001] ..... 1634171.366640: sys_ptrace -> 0x0
             exe-1049896 [001] ..... 1634171.366642: sys_ptrace(request: 1f, pid: 10074e, addr: 0, data: 0)
             exe-1049896 [001] .N... 1634171.366648: sys_ptrace -> 0x0
             exe-1050446 [001] ..... 1634171.366659: sys_fallocate -> 0xfffffffffffffff7
             exe-1049567 [000] ..... 1634171.366676: sys_nanosleep -> 0x0
             exe-1049896 [001] ..... 1634171.366678: sys_wait4(upid: 10074e, stat_addr: c000697bf4, options: 40000002, ru: 0)
             exe-1049567 [000] ..... 1634171.366678: sys_nanosleep(rqtp: c000069f10, rmtp: 0)
             exe-1049896 [001] ..... 1634171.366680: sys_wait4 -> 0x10074e
             exe-1049896 [001] ..... 1634171.366683: sys_ptrace(request: 4204, pid: 10074e, addr: 1, data: c000697c70)
             exe-1049896 [001] ..... 1634171.366686: sys_ptrace -> 0x0
             exe-1049896 [001] ..... 1634171.366688: sys_ptrace(request: 4204, pid: 10074e, addr: 202, data: c000697c70)
             exe-1049673 [003] ..... 1634171.366689: sys_nanosleep -> 0x0
             exe-1049896 [001] ..... 1634171.366690: sys_ptrace -> 0x0
             exe-1049673 [003] ..... 1634171.366692: sys_nanosleep(rqtp: c000069f10, rmtp: 0)
             exe-1049896 [001] ..... 1634171.366699: sys_pwrite64(fd: 63, buf: 7fd66ed97080, count: 39, pos: 3b)
             exe-1049896 [001] ..... 1634171.366701: tracing_mark_write: fallocate(fd=275, mode=0x9, offset=0x17979797, len=8) end
             exe-1049896 [001] ..... 1634171.435059: tracing_mark_write: fallocate(fd=14, mode=0x9, offset=0, len=16383) start
             exe-1049567 [000] ..... 1634171.435060: sys_nanosleep -> 0x0
             exe-1049896 [001] ..... 1634171.435060: sys_pwrite64 -> 0x35
             exe-1049567 [000] ..... 1634171.435061: sys_nanosleep(rqtp: c000069f10, rmtp: 0)
             exe-1049896 [001] ..... 1634171.435067: sys_ptrace(request: 4205, pid: 10074e, addr: 1, data: c000697c70)
             exe-1049896 [001] ..... 1634171.435069: sys_ptrace -> 0x0
             exe-1049896 [001] ..... 1634171.435071: sys_ptrace(request: 4205, pid: 10074e, addr: 202, data: c000697c70)
             exe-1049896 [001] ..... 1634171.435082: sys_ptrace -> 0x0
             exe-1049896 [001] ..... 1634171.435083: sys_ptrace(request: 1f, pid: 10074e, addr: 0, data: 0)
             exe-1049896 [001] .N... 1634171.435090: sys_ptrace -> 0x0
             exe-1050446 [001] ..... 1634171.435101: sys_write -> 0x35
             exe-1049896 [001] ..... 1634171.435119: sys_wait4(upid: 10074e, stat_addr: c000697bf4, options: 40000002, ru: 0)
             exe-1049896 [001] ..... 1634171.435121: sys_wait4 -> 0x10074e
             exe-1049896 [001] ..... 1634171.435124: sys_ptrace(request: 4204, pid: 10074e, addr: 1, data: c000697c70)
             exe-1049896 [001] ..... 1634171.435127: sys_ptrace -> 0x0
             exe-1049896 [001] ..... 1634171.435129: sys_ptrace(request: 4204, pid: 10074e, addr: 202, data: c000697c70)
             exe-1049896 [001] ..... 1634171.435131: sys_ptrace -> 0x0
             exe-1049896 [001] ..... 1634171.435139: sys_ptrace(request: 4205, pid: 10074e, addr: 1, data: c000697c70)
             exe-1049896 [001] ..... 1634171.435141: sys_ptrace -> 0x0
             exe-1049896 [001] ..... 1634171.435143: sys_ptrace(request: 4205, pid: 10074e, addr: 202, data: c000697c70)
             exe-1049567 [000] ..... 1634171.435145: sys_nanosleep -> 0x0
             exe-1049673 [003] ..... 1634171.435147: sys_nanosleep -> 0x0
             exe-1049567 [000] ..... 1634171.435147: sys_nanosleep(rqtp: c000069f10, rmtp: 0)
             exe-1049673 [003] ..... 1634171.435149: sys_nanosleep(rqtp: c000069f10, rmtp: 0)
             exe-1049896 [001] ..... 1634171.435156: sys_ptrace -> 0x0
             exe-1049896 [001] ..... 1634171.435158: sys_ptrace(request: 1f, pid: 10074e, addr: 0, data: 0)
             exe-1049896 [001] .N... 1634171.435164: sys_ptrace -> 0x0
             exe-1050446 [001] ..... 1634171.435174: sys_fallocate -> 0xffffffffffffffa1
             exe-1049567 [000] ..... 1634171.435230: sys_nanosleep -> 0x0
             exe-1049567 [000] ..... 1634171.435232: sys_nanosleep(rqtp: c000069f10, rmtp: 0)
             exe-1049673 [003] ..... 1634171.435238: sys_nanosleep -> 0x0
             exe-1049896 [001] ..... 1634171.435240: sys_wait4(upid: 10074e, stat_addr: c000697bf4, options: 40000002, ru: 0)
             exe-1049673 [003] ..... 1634171.435240: sys_nanosleep(rqtp: c000069f10, rmtp: 0)
             exe-1049896 [001] ..... 1634171.435244: sys_wait4 -> 0x10074e
             exe-1049896 [001] ..... 1634171.435247: sys_ptrace(request: 4204, pid: 10074e, addr: 1, data: c000697c70)
             exe-1049896 [001] ..... 1634171.435252: sys_ptrace -> 0x0
             exe-1049896 [001] ..... 1634171.435253: sys_ptrace(request: 4204, pid: 10074e, addr: 202, data: c000697c70)
             exe-1049896 [001] ..... 1634171.435257: sys_ptrace -> 0x0
             exe-1049896 [001] ..... 1634171.435272: sys_pwrite64(fd: 63, buf: 7fd66ed97080, count: 33, pos: 35)
             exe-1049896 [001] ..... 1634171.435275: tracing_mark_write: fallocate(fd=14, mode=0x9, offset=0, len=16383) end
             exe-1049896 [001] ..... 1634171.526617: tracing_mark_write: fallocate(fd=14, mode=0xa, offset=8, len=4096) start
             exe-1049896 [001] ..... 1634171.526619: sys_pwrite64 -> 0x34
             exe-1049896 [001] ..... 1634171.526626: sys_ptrace(request: 4205, pid: 10074e, addr: 1, data: c000697c70)
             exe-1049896 [001] ..... 1634171.526629: sys_ptrace -> 0x0
             exe-1049896 [001] ..... 1634171.526630: sys_ptrace(request: 4205, pid: 10074e, addr: 202, data: c000697c70)
             exe-1049896 [001] ..... 1634171.526641: sys_ptrace -> 0x0
             exe-1049896 [001] ..... 1634171.526643: sys_ptrace(request: 1f, pid: 10074e, addr: 0, data: 0)
             exe-1049896 [001] .N... 1634171.526650: sys_ptrace -> 0x0
             exe-1050446 [001] ..... 1634171.526662: sys_write -> 0x34
             exe-1049896 [001] ..... 1634171.526682: sys_wait4(upid: 10074e, stat_addr: c000697bf4, options: 40000002, ru: 0)
             exe-1049896 [001] ..... 1634171.526684: sys_wait4 -> 0x10074e
             exe-1049567 [000] ..... 1634171.526684: sys_nanosleep -> 0x0
             exe-1049567 [000] ..... 1634171.526687: sys_nanosleep(rqtp: c000069f10, rmtp: 0)
             exe-1049896 [001] ..... 1634171.526687: sys_ptrace(request: 4204, pid: 10074e, addr: 1, data: c000697c70)
             exe-1049896 [001] ..... 1634171.526690: sys_ptrace -> 0x0
             exe-1049896 [001] ..... 1634171.526692: sys_ptrace(request: 4204, pid: 10074e, addr: 202, data: c000697c70)
             exe-1049896 [001] ..... 1634171.526694: sys_ptrace -> 0x0
             exe-1049673 [003] ..... 1634171.526694: sys_nanosleep -> 0x0
             exe-1049673 [003] ..... 1634171.526697: sys_nanosleep(rqtp: c000069f10, rmtp: 0)
             exe-1049896 [001] ..... 1634171.526703: sys_ptrace(request: 4205, pid: 10074e, addr: 1, data: c000697c70)
             exe-1049896 [001] ..... 1634171.526706: sys_ptrace -> 0x0
             exe-1049896 [001] ..... 1634171.526707: sys_ptrace(request: 4205, pid: 10074e, addr: 202, data: c000697c70)
             exe-1049896 [001] ..... 1634171.526717: sys_ptrace -> 0x0
             exe-1049896 [001] ..... 1634171.526718: sys_ptrace(request: 1f, pid: 10074e, addr: 0, data: 0)
             exe-1049896 [001] .N... 1634171.526725: sys_ptrace -> 0x0
             exe-1050446 [001] ..... 1634171.526736: sys_fallocate -> 0xffffffffffffffa1
             exe-1049896 [001] ..... 1634171.526755: sys_wait4(upid: 10074e, stat_addr: c000697bf4, options: 40000002, ru: 0)
             exe-1049896 [001] ..... 1634171.526757: sys_wait4 -> 0x10074e
             exe-1049896 [001] ..... 1634171.526759: sys_ptrace(request: 4204, pid: 10074e, addr: 1, data: c000697c70)
             exe-1049896 [001] ..... 1634171.526763: sys_ptrace -> 0x0
             exe-1049896 [001] ..... 1634171.526765: sys_ptrace(request: 4204, pid: 10074e, addr: 202, data: c000697c70)
             exe-1049896 [001] ..... 1634171.526767: sys_ptrace -> 0x0
             exe-1049567 [000] ..... 1634171.526776: sys_nanosleep -> 0x0
             exe-1049896 [001] ..... 1634171.526776: sys_pwrite64(fd: 63, buf: 7fd66ed97080, count: 32, pos: 34)
             exe-1049896 [001] ..... 1634171.526778: tracing_mark_write: fallocate(fd=14, mode=0xa, offset=8, len=4096) end
             exe-1049896 [001] ..... 1634171.594225: tracing_mark_write: fallocate(fd=14, mode=0xa, offset=4096, len=72) start
             exe-1049896 [001] ..... 1634171.594226: sys_pwrite64 -> 0x35
             exe-1049896 [001] ..... 1634171.594233: sys_ptrace(request: 4205, pid: 10074e, addr: 1, data: c000697c70)
             exe-1049896 [001] ..... 1634171.594236: sys_ptrace -> 0x0
             exe-1049896 [001] ..... 1634171.594238: sys_ptrace(request: 4205, pid: 10074e, addr: 202, data: c000697c70)
             exe-1049567 [000] ..... 1634171.594239: sys_nanosleep -> 0x0
             exe-1049567 [000] ..... 1634171.594244: sys_nanosleep(rqtp: c000069f10, rmtp: 0)
             exe-1049896 [001] ..... 1634171.594248: sys_ptrace -> 0x0
             exe-1049896 [001] ..... 1634171.594250: sys_ptrace(request: 1f, pid: 10074e, addr: 0, data: 0)
             exe-1049896 [001] .N... 1634171.594258: sys_ptrace -> 0x0
             exe-1049673 [000] ..... 1634171.594266: sys_nanosleep -> 0x0
             exe-1050446 [001] ..... 1634171.594269: sys_write -> 0x35
             exe-1049673 [000] ..... 1634171.594272: sys_nanosleep(rqtp: c000069f10, rmtp: 0)
             exe-1049896 [001] ..... 1634171.594288: sys_wait4(upid: 10074e, stat_addr: c000697bf4, options: 40000002, ru: 0)
             exe-1049896 [001] ..... 1634171.594291: sys_wait4 -> 0x10074e
             exe-1049896 [001] ..... 1634171.594293: sys_ptrace(request: 4204, pid: 10074e, addr: 1, data: c000697c70)
             exe-1049896 [001] ..... 1634171.594297: sys_ptrace -> 0x0
             exe-1049896 [001] ..... 1634171.594299: sys_ptrace(request: 4204, pid: 10074e, addr: 202, data: c000697c70)
             exe-1049896 [001] ..... 1634171.594301: sys_ptrace -> 0x0
             exe-1049896 [001] ..... 1634171.594309: sys_ptrace(request: 4205, pid: 10074e, addr: 1, data: c000697c70)
             exe-1049896 [001] ..... 1634171.594311: sys_ptrace -> 0x0
             exe-1049896 [001] ..... 1634171.594313: sys_ptrace(request: 4205, pid: 10074e, addr: 202, data: c000697c70)
             exe-1049896 [001] ..... 1634171.594323: sys_ptrace -> 0x0
             exe-1049896 [001] ..... 1634171.594325: sys_ptrace(request: 1f, pid: 10074e, addr: 0, data: 0)
             exe-1049896 [001] .N... 1634171.594331: sys_ptrace -> 0x0
             exe-1050446 [001] ..... 1634171.594342: sys_fallocate -> 0xffffffffffffffa1
             exe-1049567 [000] ..... 1634171.594354: sys_nanosleep -> 0x0
             exe-1049567 [000] ..... 1634171.594359: sys_nanosleep(rqtp: c000069f10, rmtp: 0)
             exe-1049896 [001] ..... 1634171.594362: sys_wait4(upid: 10074e, stat_addr: c000697bf4, options: 40000002, ru: 0)
             exe-1049896 [001] ..... 1634171.594365: sys_wait4 -> 0x10074e
             exe-1049896 [001] ..... 1634171.594367: sys_ptrace(request: 4204, pid: 10074e, addr: 1, data: c000697c70)
             exe-1049896 [001] ..... 1634171.594371: sys_ptrace -> 0x0
             exe-1049896 [001] ..... 1634171.594373: sys_ptrace(request: 4204, pid: 10074e, addr: 202, data: c000697c70)
             exe-1049896 [001] ..... 1634171.594375: sys_ptrace -> 0x0
             exe-1049673 [000] ..... 1634171.594383: sys_nanosleep -> 0x0
             exe-1049896 [001] ..... 1634171.594384: sys_pwrite64(fd: 63, buf: 7fd66ed97080, count: 33, pos: 35)
             exe-1049896 [001] ..... 1634171.594386: tracing_mark_write: fallocate(fd=14, mode=0xa, offset=4096, len=72) end
             exe-1049896 [001] ..... 1634171.665992: tracing_mark_write: fallocate(fd=14, mode=0xa, offset=0, len=8) start
             exe-1049896 [001] ..... 1634171.665994: sys_pwrite64 -> 0x31
             exe-1049896 [001] ..... 1634171.666000: sys_ptrace(request: 4205, pid: 10074e, addr: 1, data: c000697c70)
             exe-1049896 [001] ..... 1634171.666003: sys_ptrace -> 0x0
             exe-1049896 [001] ..... 1634171.666004: sys_ptrace(request: 4205, pid: 10074e, addr: 202, data: c000697c70)
             exe-1049896 [001] ..... 1634171.666013: sys_ptrace -> 0x0
             exe-1049896 [001] ..... 1634171.666015: sys_ptrace(request: 1f, pid: 10074e, addr: 0, data: 0)
             exe-1049896 [001] .N... 1634171.666021: sys_ptrace -> 0x0
             exe-1050446 [001] ..... 1634171.666030: sys_write -> 0x31
             exe-1049567 [000] ..... 1634171.666033: sys_nanosleep -> 0x0
             exe-1049567 [000] ..... 1634171.666038: sys_nanosleep(rqtp: c000069f10, rmtp: 0)
             exe-1049896 [001] ..... 1634171.666046: sys_wait4(upid: 10074e, stat_addr: c000697bf4, options: 40000002, ru: 0)
             exe-1049896 [001] ..... 1634171.666049: sys_wait4 -> 0x10074e
             exe-1049896 [001] ..... 1634171.666051: sys_ptrace(request: 4204, pid: 10074e, addr: 1, data: c000697c70)
             exe-1049896 [001] ..... 1634171.666054: sys_ptrace -> 0x0
             exe-1049896 [001] ..... 1634171.666055: sys_ptrace(request: 4204, pid: 10074e, addr: 202, data: c000697c70)
             exe-1049896 [001] ..... 1634171.666057: sys_ptrace -> 0x0
             exe-1049673 [000] ..... 1634171.666061: sys_nanosleep -> 0x0
             exe-1049896 [001] ..... 1634171.666064: sys_ptrace(request: 4205, pid: 10074e, addr: 1, data: c000697c70)
             exe-1049896 [001] ..... 1634171.666066: sys_ptrace -> 0x0
             exe-1049673 [000] ..... 1634171.666066: sys_nanosleep(rqtp: c000069f10, rmtp: 0)
             exe-1049896 [001] ..... 1634171.666067: sys_ptrace(request: 4205, pid: 10074e, addr: 202, data: c000697c70)
             exe-1049896 [001] ..... 1634171.666075: sys_ptrace -> 0x0
             exe-1049896 [001] ..... 1634171.666076: sys_ptrace(request: 1f, pid: 10074e, addr: 0, data: 0)
             exe-1049896 [001] .N... 1634171.666082: sys_ptrace -> 0x0
             exe-1050446 [001] ..... 1634171.666090: sys_fallocate -> 0xffffffffffffffa1
             exe-1049896 [001] ..... 1634171.666106: sys_wait4(upid: 10074e, stat_addr: c000697bf4, options: 40000002, ru: 0)
             exe-1049896 [001] ..... 1634171.666108: sys_wait4 -> 0x10074e
             exe-1049896 [001] ..... 1634171.666110: sys_ptrace(request: 4204, pid: 10074e, addr: 1, data: c000697c70)
             exe-1049896 [001] ..... 1634171.666113: sys_ptrace -> 0x0
             exe-1049896 [001] ..... 1634171.666114: sys_ptrace(request: 4204, pid: 10074e, addr: 202, data: c000697c70)
             exe-1049896 [001] ..... 1634171.666116: sys_ptrace -> 0x0
             exe-1049896 [001] ..... 1634171.666124: sys_pwrite64(fd: 63, buf: 7fd66ed97080, count: 2f, pos: 31)
             exe-1049896 [001] ..... 1634171.666126: tracing_mark_write: fallocate(fd=14, mode=0xa, offset=0, len=8) end
             exe-1049896 [001] ..... 1634171.730585: tracing_mark_write: fallocate(fd=14, mode=0xa, offset=4, len=8) start
             exe-1049896 [001] ..... 1634171.730587: sys_pwrite64 -> 0x31
             exe-1049673 [002] ..... 1634171.730592: sys_nanosleep -> 0x0
             exe-1049896 [001] ..... 1634171.730594: sys_ptrace(request: 4205, pid: 10074e, addr: 1, data: c000697c70)
             exe-1049673 [002] ..... 1634171.730594: sys_nanosleep(rqtp: c000069f10, rmtp: 0)
             exe-1049896 [001] ..... 1634171.730597: sys_ptrace -> 0x0
             exe-1049896 [001] ..... 1634171.730598: sys_ptrace(request: 4205, pid: 10074e, addr: 202, data: c000697c70)
             exe-1049896 [001] ..... 1634171.730609: sys_ptrace -> 0x0
             exe-1049896 [001] ..... 1634171.730611: sys_ptrace(request: 1f, pid: 10074e, addr: 0, data: 0)
             exe-1049896 [001] .N... 1634171.730618: sys_ptrace -> 0x0
             exe-1050446 [001] ..... 1634171.730629: sys_write -> 0x31
             exe-1049896 [001] ..... 1634171.730649: sys_wait4(upid: 10074e, stat_addr: c000697bf4, options: 40000002, ru: 0)
             exe-1049567 [000] ..... 1634171.730649: sys_nanosleep -> 0x0
             exe-1049567 [000] ..... 1634171.730651: sys_nanosleep(rqtp: c000069f10, rmtp: 0)
             exe-1049896 [001] ..... 1634171.730652: sys_wait4 -> 0x10074e
             exe-1049896 [001] ..... 1634171.730656: sys_ptrace(request: 4204, pid: 10074e, addr: 1, data: c000697c70)
             exe-1049896 [001] ..... 1634171.730660: sys_ptrace -> 0x0
             exe-1049896 [001] ..... 1634171.730661: sys_ptrace(request: 4204, pid: 10074e, addr: 202, data: c000697c70)
             exe-1049896 [001] ..... 1634171.730664: sys_ptrace -> 0x0
             exe-1049896 [001] ..... 1634171.730671: sys_ptrace(request: 4205, pid: 10074e, addr: 1, data: c000697c70)
             exe-1049896 [001] ..... 1634171.730674: sys_ptrace -> 0x0
             exe-1049896 [001] ..... 1634171.730675: sys_ptrace(request: 4205, pid: 10074e, addr: 202, data: c000697c70)
             exe-1049673 [002] ..... 1634171.730683: sys_nanosleep -> 0x0
             exe-1049896 [001] ..... 1634171.730684: sys_ptrace -> 0x0
             exe-1049673 [002] ..... 1634171.730685: sys_nanosleep(rqtp: c000069f10, rmtp: 0)
             exe-1049896 [001] ..... 1634171.730686: sys_ptrace(request: 1f, pid: 10074e, addr: 0, data: 0)
             exe-1049896 [001] .N... 1634171.730694: sys_ptrace -> 0x0
             exe-1050446 [001] ..... 1634171.730704: sys_fallocate -> 0xffffffffffffffa1
             exe-1049896 [001] ..... 1634171.730724: sys_wait4(upid: 10074e, stat_addr: c000697bf4, options: 40000002, ru: 0)
             exe-1049896 [001] ..... 1634171.730726: sys_wait4 -> 0x10074e
             exe-1049896 [001] ..... 1634171.730728: sys_ptrace(request: 4204, pid: 10074e, addr: 1, data: c000697c70)
             exe-1049896 [001] ..... 1634171.730732: sys_ptrace -> 0x0
             exe-1049896 [001] ..... 1634171.730734: sys_ptrace(request: 4204, pid: 10074e, addr: 202, data: c000697c70)
             exe-1049567 [000] ..... 1634171.730736: sys_nanosleep -> 0x0
             exe-1049896 [001] ..... 1634171.730737: sys_ptrace -> 0x0
             exe-1049567 [000] ..... 1634171.730738: sys_nanosleep(rqtp: c000069f10, rmtp: 0)
             exe-1049896 [001] ..... 1634171.730745: sys_pwrite64(fd: 63, buf: 7fd66ed97080, count: 2f, pos: 31)
             exe-1049896 [001] ..... 1634171.730747: tracing_mark_write: fallocate(fd=14, mode=0xa, offset=4, len=8) end
             exe-1049896 [001] ..... 1634171.786749: tracing_mark_write: fallocate(fd=281, mode=0xa, offset=0xc22854, len=0xf386) start
             exe-1049896 [001] ..... 1634171.786751: sys_pwrite64 -> 0x3e
             exe-1049673 [002] ..... 1634171.786753: sys_nanosleep -> 0x0
             exe-1049673 [002] ..... 1634171.786756: sys_nanosleep(rqtp: c000069f10, rmtp: 0)
             exe-1049896 [001] ..... 1634171.786757: sys_ptrace(request: 4205, pid: 10074e, addr: 1, data: c000697c70)
             exe-1049896 [001] ..... 1634171.786760: sys_ptrace -> 0x0
             exe-1049896 [001] ..... 1634171.786762: sys_ptrace(request: 4205, pid: 10074e, addr: 202, data: c000697c70)
             exe-1049896 [001] ..... 1634171.786773: sys_ptrace -> 0x0
             exe-1049896 [001] ..... 1634171.786775: sys_ptrace(request: 1f, pid: 10074e, addr: 0, data: 0)
             exe-1049896 [001] .N... 1634171.786782: sys_ptrace -> 0x0
             exe-1050446 [001] ..... 1634171.786793: sys_write -> 0x3e
             exe-1049567 [000] ..... 1634171.786805: sys_nanosleep -> 0x0
             exe-1049567 [000] ..... 1634171.786807: sys_nanosleep(rqtp: c000069f10, rmtp: 0)
             exe-1049896 [001] ..... 1634171.786813: sys_wait4(upid: 10074e, stat_addr: c000697bf4, options: 40000002, ru: 0)
             exe-1049896 [001] ..... 1634171.786815: sys_wait4 -> 0x10074e
             exe-1049896 [001] ..... 1634171.786818: sys_ptrace(request: 4204, pid: 10074e, addr: 1, data: c000697c70)
             exe-1049896 [001] ..... 1634171.786821: sys_ptrace -> 0x0
             exe-1049896 [001] ..... 1634171.786823: sys_ptrace(request: 4204, pid: 10074e, addr: 202, data: c000697c70)
             exe-1049896 [001] ..... 1634171.786826: sys_ptrace -> 0x0
             exe-1049896 [001] ..... 1634171.786833: sys_ptrace(request: 4205, pid: 10074e, addr: 1, data: c000697c70)
             exe-1049896 [001] ..... 1634171.786835: sys_ptrace -> 0x0
             exe-1049896 [001] ..... 1634171.786837: sys_ptrace(request: 4205, pid: 10074e, addr: 202, data: c000697c70)
             exe-1049673 [002] ..... 1634171.786843: sys_nanosleep -> 0x0
             exe-1049673 [002] ..... 1634171.786845: sys_nanosleep(rqtp: c000069f10, rmtp: 0)
             exe-1049896 [001] ..... 1634171.786847: sys_ptrace -> 0x0
             exe-1049896 [001] ..... 1634171.786848: sys_ptrace(request: 1f, pid: 10074e, addr: 0, data: 0)
             exe-1049896 [001] .N... 1634171.786855: sys_ptrace -> 0x0
             exe-1050446 [001] ..... 1634171.786866: sys_fallocate -> 0xffffffffffffffa1
             exe-1049896 [001] ..... 1634171.786885: sys_wait4(upid: 10074e, stat_addr: c000697bf4, options: 40000002, ru: 0)
             exe-1049896 [001] ..... 1634171.786888: sys_wait4 -> 0x10074e
             exe-1049896 [001] ..... 1634171.786890: sys_ptrace(request: 4204, pid: 10074e, addr: 1, data: c000697c70)
             exe-1049567 [000] ..... 1634171.786893: sys_nanosleep -> 0x0
             exe-1049896 [001] ..... 1634171.786894: sys_ptrace -> 0x0
             exe-1049567 [000] ..... 1634171.786895: sys_nanosleep(rqtp: c000069f10, rmtp: 0)
             exe-1049896 [001] ..... 1634171.786896: sys_ptrace(request: 4204, pid: 10074e, addr: 202, data: c000697c70)
             exe-1049896 [001] ..... 1634171.786898: sys_ptrace -> 0x0
             exe-1049896 [001] ..... 1634171.786907: sys_pwrite64(fd: 63, buf: 7fd66ed97080, count: 3c, pos: 3e)
             exe-1049896 [001] ..... 1634171.786909: tracing_mark_write: fallocate(fd=281, mode=0xa, offset=0xc22854, len=0xf386) end
             exe-1049896 [001] ..... 1634171.846426: tracing_mark_write: fallocate(fd=281, mode=0xa, offset=4096, len=4) start
             exe-1049896 [001] ..... 1634171.846428: sys_pwrite64 -> 0x35
             exe-1049896 [001] ..... 1634171.846434: sys_ptrace(request: 4205, pid: 10074e, addr: 1, data: c000697c70)
             exe-1049896 [001] ..... 1634171.846437: sys_ptrace -> 0x0
             exe-1049896 [001] ..... 1634171.846438: sys_ptrace(request: 4205, pid: 10074e, addr: 202, data: c000697c70)
             exe-1049673 [002] ..... 1634171.846443: sys_nanosleep -> 0x0
             exe-1049673 [002] ..... 1634171.846446: sys_nanosleep(rqtp: c000069f10, rmtp: 0)
             exe-1049896 [001] ..... 1634171.846449: sys_ptrace -> 0x0
             exe-1049896 [001] ..... 1634171.846451: sys_ptrace(request: 1f, pid: 10074e, addr: 0, data: 0)
             exe-1049896 [001] .N... 1634171.846459: sys_ptrace -> 0x0
             exe-1050446 [001] ..... 1634171.846470: sys_write -> 0x35
             exe-1049567 [000] ..... 1634171.846489: sys_nanosleep -> 0x0
             exe-1049896 [001] ..... 1634171.846489: sys_wait4(upid: 10074e, stat_addr: c000697bf4, options: 40000002, ru: 0)
             exe-1049567 [000] ..... 1634171.846491: sys_nanosleep(rqtp: c000069f10, rmtp: 0)
             exe-1049896 [001] ..... 1634171.846492: sys_wait4 -> 0x10074e
             exe-1049896 [001] ..... 1634171.846495: sys_ptrace(request: 4204, pid: 10074e, addr: 1, data: c000697c70)
             exe-1049896 [001] ..... 1634171.846499: sys_ptrace -> 0x0
             exe-1049896 [001] ..... 1634171.846500: sys_ptrace(request: 4204, pid: 10074e, addr: 202, data: c000697c70)
             exe-1049896 [001] ..... 1634171.846503: sys_ptrace -> 0x0
             exe-1049896 [001] ..... 1634171.846510: sys_ptrace(request: 4205, pid: 10074e, addr: 1, data: c000697c70)
             exe-1049896 [001] ..... 1634171.846512: sys_ptrace -> 0x0
             exe-1049896 [001] ..... 1634171.846514: sys_ptrace(request: 4205, pid: 10074e, addr: 202, data: c000697c70)
             exe-1049896 [001] ..... 1634171.846523: sys_ptrace -> 0x0
             exe-1049896 [001] ..... 1634171.846525: sys_ptrace(request: 1f, pid: 10074e, addr: 0, data: 0)
             exe-1049896 [001] .N... 1634171.846532: sys_ptrace -> 0x0
             exe-1049673 [002] ..... 1634171.846533: sys_nanosleep -> 0x0
             exe-1049673 [002] ..... 1634171.846535: sys_nanosleep(rqtp: c000069f10, rmtp: 0)
             exe-1050446 [001] ..... 1634171.846542: sys_fallocate -> 0xffffffffffffffa1
             exe-1049896 [001] ..... 1634171.846561: sys_wait4(upid: 10074e, stat_addr: c000697bf4, options: 40000002, ru: 0)
             exe-1049896 [001] ..... 1634171.846564: sys_wait4 -> 0x10074e
             exe-1049896 [001] ..... 1634171.846566: sys_ptrace(request: 4204, pid: 10074e, addr: 1, data: c000697c70)
             exe-1049896 [001] ..... 1634171.846570: sys_ptrace -> 0x0
             exe-1049896 [001] ..... 1634171.846572: sys_ptrace(request: 4204, pid: 10074e, addr: 202, data: c000697c70)
             exe-1049896 [001] ..... 1634171.846574: sys_ptrace -> 0x0
             exe-1049567 [000] ..... 1634171.846576: sys_nanosleep -> 0x0
             exe-1049567 [000] ..... 1634171.846578: sys_nanosleep(rqtp: c000069f10, rmtp: 0)
             exe-1049896 [001] ..... 1634171.846584: sys_pwrite64(fd: 63, buf: 7fd66ed97080, count: 33, pos: 35)
             exe-1049896 [001] ..... 1634171.846586: tracing_mark_write: fallocate(fd=281, mode=0xa, offset=4096, len=4) end
             exe-1049896 [001] ..... 1634171.933002: tracing_mark_write: fallocate(fd=281, mode=0xa, offset=-1, len=4) start
             exe-1049896 [001] ..... 1634171.933004: sys_pwrite64 -> 0x33
             exe-1049896 [001] ..... 1634171.933012: sys_ptrace(request: 4205, pid: 10074e, addr: 1, data: c000697c70)
             exe-1049896 [001] ..... 1634171.933016: sys_ptrace -> 0x0
             exe-1049896 [001] ..... 1634171.933017: sys_ptrace(request: 4205, pid: 10074e, addr: 202, data: c000697c70)
             exe-1049896 [001] ..... 1634171.933030: sys_ptrace -> 0x0
             exe-1049896 [001] ..... 1634171.933031: sys_ptrace(request: 1f, pid: 10074e, addr: 0, data: 0)
             exe-1049896 [001] .N... 1634171.933041: sys_ptrace -> 0x0
             exe-1050446 [001] ..... 1634171.933051: sys_write -> 0x33
             exe-1049896 [001] ..... 1634171.933072: sys_wait4(upid: 10074e, stat_addr: c000697bf4, options: 40000002, ru: 0)
             exe-1049896 [001] ..... 1634171.933075: sys_wait4 -> 0x10074e
             exe-1049896 [001] ..... 1634171.933077: sys_ptrace(request: 4204, pid: 10074e, addr: 1, data: c000697c70)
             exe-1049896 [001] ..... 1634171.933081: sys_ptrace -> 0x0
             exe-1049896 [001] ..... 1634171.933082: sys_ptrace(request: 4204, pid: 10074e, addr: 202, data: c000697c70)
             exe-1049896 [001] ..... 1634171.933085: sys_ptrace -> 0x0
             exe-1049896 [001] ..... 1634171.933092: sys_ptrace(request: 4205, pid: 10074e, addr: 1, data: c000697c70)
             exe-1049896 [001] ..... 1634171.933094: sys_ptrace -> 0x0
             exe-1049896 [001] ..... 1634171.933095: sys_ptrace(request: 4205, pid: 10074e, addr: 202, data: c000697c70)
             exe-1049896 [001] ..... 1634171.933104: sys_ptrace -> 0x0
             exe-1049896 [001] ..... 1634171.933106: sys_ptrace(request: 1f, pid: 10074e, addr: 0, data: 0)
             exe-1049896 [001] .N... 1634171.933112: sys_ptrace -> 0x0
             exe-1050446 [001] ..... 1634171.933153: sys_fallocate -> 0xffffffffffffffa1
             exe-1049896 [001] ..... 1634171.933177: sys_wait4(upid: 10074e, stat_addr: c000697bf4, options: 40000002, ru: 0)
             exe-1049896 [001] ..... 1634171.933180: sys_wait4 -> 0x10074e
             exe-1049896 [001] ..... 1634171.933182: sys_ptrace(request: 4204, pid: 10074e, addr: 1, data: c000697c70)
             exe-1049896 [001] ..... 1634171.933186: sys_ptrace -> 0x0
             exe-1049896 [001] ..... 1634171.933188: sys_ptrace(request: 4204, pid: 10074e, addr: 202, data: c000697c70)
             exe-1049896 [001] ..... 1634171.933190: sys_ptrace -> 0x0
             exe-1049896 [001] ..... 1634171.933205: sys_pwrite64(fd: 63, buf: 7fd66ed97080, count: 31, pos: 33)
             exe-1049896 [001] ..... 1634171.933207: tracing_mark_write: fallocate(fd=281, mode=0xa, offset=-1, len=4) end
             exe-1049896 [001] ..... 1634172.005438: tracing_mark_write: fallocate(fd=281, mode=0xa, offset=4096, len=4) start
             exe-1049896 [001] ..... 1634172.005440: sys_pwrite64 -> 0x35
             exe-1049896 [001] ..... 1634172.005446: sys_ptrace(request: 4205, pid: 10074e, addr: 1, data: c000697c70)
             exe-1049896 [001] ..... 1634172.005449: sys_ptrace -> 0x0
             exe-1049896 [001] ..... 1634172.005450: sys_ptrace(request: 4205, pid: 10074e, addr: 202, data: c000697c70)
             exe-1049896 [001] ..... 1634172.005461: sys_ptrace -> 0x0
             exe-1049567 [000] ..... 1634172.005462: sys_nanosleep -> 0x0
             exe-1049896 [001] ..... 1634172.005462: sys_ptrace(request: 1f, pid: 10074e, addr: 0, data: 0)
             exe-1049567 [000] ..... 1634172.005469: sys_nanosleep(rqtp: c000069f10, rmtp: 0)
             exe-1049896 [001] .N... 1634172.005470: sys_ptrace -> 0x0
