             exe-1050232 [003] ..... 1634309.289696: sys_ptrace(request: 4205, pid: 1006b9, addr: 1, data: c0005d1c70)
             exe-1050232 [003] ..... 1634309.289699: sys_ptrace -> 0x0
             exe-1050232 [003] ..... 1634309.289701: sys_ptrace(request: 4205, pid: 1006b9, addr: 202, data: c0005d1c70)
             exe-1049673 [000] ..... 1634309.289710: sys_nanosleep -> 0x0
             exe-1050232 [003] ..... 1634309.289711: sys_ptrace -> 0x0
             exe-1050232 [003] ..... 1634309.289713: sys_ptrace(request: 1f, pid: 1006b9, addr: 0, data: 0)
             exe-1049673 [000] ..... 1634309.289715: sys_nanosleep(rqtp: c000069f10, rmtp: 0)
             exe-1050232 [003] ..... 1634309.289721: sys_ptrace -> 0x0
             exe-1050232 [003] ..... 1634309.289723: sys_wait4(upid: 1006b9, stat_addr: c0005d1bf4, options: 40000002, ru: 0)
             exe-1050297 [002] ..... 1634309.289768: sys_write -> 0x2b
             exe-1050232 [003] ..... 1634309.289795: sys_wait4 -> 0x1006b9
             exe-1050232 [003] ..... 1634309.289797: sys_ptrace(request: 4204, pid: 1006b9, addr: 1, data: c0005d1c70)
             exe-1049567 [002] ..... 1634309.289808: sys_nanosleep -> 0x0
             exe-1050232 [003] ..... 1634309.289809: sys_ptrace -> 0x0
             exe-1050232 [003] ..... 1634309.289811: sys_ptrace(request: 4204, pid: 1006b9, addr: 202, data: c0005d1c70)
             exe-1050232 [003] ..... 1634309.289813: sys_ptrace -> 0x0
             exe-1049567 [002] ..... 1634309.289815: sys_nanosleep(rqtp: c000069f10, rmtp: 0)
             exe-1049673 [000] ..... 1634309.289816: sys_nanosleep -> 0x0
             exe-1050232 [003] ..... 1634309.289822: sys_ptrace(request: 4205, pid: 1006b9, addr: 1, data: c0005d1c70)
             exe-1049673 [000] ..... 1634309.289822: sys_nanosleep(rqtp: c000069f10, rmtp: 0)
             exe-1050232 [003] ..... 1634309.289824: sys_ptrace -> 0x0
             exe-1050232 [003] ..... 1634309.289826: sys_ptrace(request: 4205, pid: 1006b9, addr: 202, data: c0005d1c70)
             exe-1050232 [003] ..... 1634309.289837: sys_ptrace -> 0x0
             exe-1050232 [003] ..... 1634309.289839: sys_ptrace(request: 1f, pid: 1006b9, addr: 0, data: 0)
             exe-1050232 [003] ..... 1634309.289845: sys_ptrace -> 0x0
             exe-1050232 [003] ..... 1634309.289847: sys_wait4(upid: 1006b9, stat_addr: c0005d1bf4, options: 40000002, ru: 0)
             exe-1050297 [002] ..... 1634309.289862: sys_fcntl -> 0xfffffffffffffff2
             exe-1050232 [003] ..... 1634309.289885: sys_wait4 -> 0x1006b9
             exe-1050232 [003] ..... 1634309.289887: sys_ptrace(request: 4204, pid: 1006b9, addr: 1, data: c0005d1c70)
             exe-1050232 [003] ..... 1634309.289889: sys_ptrace -> 0x0
             exe-1050232 [003] ..... 1634309.289891: sys_ptrace(request: 4204, pid: 1006b9, addr: 202, data: c0005d1c70)
             exe-1050232 [003] ..... 1634309.289893: sys_ptrace -> 0x0
             exe-1050232 [003] ..... 1634309.289899: sys_pwrite64(fd: 63, buf: 7fd66dbc0080, count: 29, pos: 2b)
             exe-1050232 [003] ..... 1634309.289900: tracing_mark_write: fcntl(fd=13, cmd=0x6, arg=0xffffe000) end
             exe-1050232 [003] ..... 1634309.363247: tracing_mark_write: fcntl(fd=13, cmd=0x6, arg=0x2010232060) start
             exe-1050232 [003] ..... 1634309.363249: sys_pwrite64 -> 0x2d
             exe-1050232 [003] ..... 1634309.363256: sys_ptrace(request: 4205, pid: 1006b9, addr: 1, data: c0005d1c70)
             exe-1049673 [000] ..... 1634309.363259: sys_nanosleep -> 0x0
             exe-1049673 [000] ..... 1634309.363261: sys_nanosleep(rqtp: c000069f10, rmtp: 0)
             exe-1049567 [002] ..... 1634309.363264: sys_nanosleep -> 0x0
             exe-1049567 [002] ..... 1634309.363271: sys_nanosleep(rqtp: c000069f10, rmtp: 0)
             exe-1050232 [003] .N... 1634309.363288: sys_ptrace -> 0x0
             exe-1050232 [003] ..... 1634309.363324: sys_ptrace(request: 4205, pid: 1006b9, addr: 202, data: c0005d1c70)
             exe-1049673 [000] ..... 1634309.363352: sys_nanosleep -> 0x0
             exe-1049673 [000] ..... 1634309.363354: sys_nanosleep(rqtp: c000069f10, rmtp: 0)
             exe-1050232 [003] ..... 1634309.363421: sys_ptrace -> 0x0
             exe-1050232 [003] ..... 1634309.363425: sys_ptrace(request: 1f, pid: 1006b9, addr: 0, data: 0)
             exe-1049673 [000] ..... 1634309.363438: sys_nanosleep -> 0x0
             exe-1049673 [000] ..... 1634309.363439: sys_nanosleep(rqtp: c000069f10, rmtp: 0)
             exe-1050232 [003] ..... 1634309.363441: sys_ptrace -> 0x0
             exe-1050232 [003] ..... 1634309.363444: sys_wait4(upid: 1006b9, stat_addr: c0005d1bf4, options: 40000002, ru: 0)
             exe-1050297 [002] ..... 1634309.363466: sys_write -> 0x2d
             exe-1049673 [000] ..... 1634309.363522: sys_nanosleep -> 0x0
             exe-1049673 [000] ..... 1634309.363524: sys_nanosleep(rqtp: c000069f10, rmtp: 0)
             exe-1050232 [003] ..... 1634309.363537: sys_wait4 -> 0x1006b9
             exe-1050232 [003] ..... 1634309.363543: sys_ptrace(request: 4204, pid: 1006b9, addr: 1, data: c0005d1c70)
             exe-1050232 [003] ..... 1634309.363548: sys_ptrace -> 0x0
             exe-1050232 [003] ..... 1634309.363550: sys_ptrace(request: 4204, pid: 1006b9, addr: 202, data: c0005d1c70)
             exe-1050232 [003] ..... 1634309.363553: sys_ptrace -> 0x0
             exe-1050232 [003] ..... 1634309.363566: sys_ptrace(request: 4205, pid: 1006b9, addr: 1, data: c0005d1c70)
             exe-1050232 [003] ..... 1634309.363569: sys_ptrace -> 0x0
             exe-1050232 [003] ..... 1634309.363570: sys_ptrace(request: 4205, pid: 1006b9, addr: 202, data: c0005d1c70)
             exe-1050232 [003] ..... 1634309.363581: sys_ptrace -> 0x0
             exe-1050232 [003] ..... 1634309.363583: sys_ptrace(request: 1f, pid: 1006b9, addr: 0, data: 0)
             exe-1049673 [000] ..... 1634309.363608: sys_nanosleep -> 0x0
             exe-1049673 [000] ..... 1634309.363610: sys_nanosleep(rqtp: c000069f10, rmtp: 0)
             exe-1050232 [003] .N... 1634309.363620: sys_ptrace -> 0x0
             exe-1050297 [002] ..... 1634309.363621: sys_fcntl -> 0xfffffffffffffff2
             exe-1050232 [003] ..... 1634309.363665: sys_wait4(upid: 1006b9, stat_addr: c0005d1bf4, options: 40000002, ru: 0)
             exe-1050232 [003] ..... 1634309.363668: sys_wait4 -> 0x1006b9
             exe-1050232 [003] ..... 1634309.363671: sys_ptrace(request: 4204, pid: 1006b9, addr: 1, data: c0005d1c70)
             exe-1050232 [003] ..... 1634309.363675: sys_ptrace -> 0x0
             exe-1050232 [003] ..... 1634309.363677: sys_ptrace(request: 4204, pid: 1006b9, addr: 202, data: c0005d1c70)
             exe-1050232 [003] ..... 1634309.363679: sys_ptrace -> 0x0
             exe-1049673 [000] ..... 1634309.363693: sys_nanosleep -> 0x0
             exe-1049673 [000] ..... 1634309.363695: sys_nanosleep(rqtp: c000069f10, rmtp: 0)
             exe-1050232 [003] ..... 1634309.363695: sys_pwrite64(fd: 63, buf: 7fd66dbc0080, count: 2b, pos: 2d)
             exe-1050232 [003] ..... 1634309.363697: tracing_mark_write: fcntl(fd=13, cmd=0x6, arg=0x2010232060) end
             exe-1050232 [001] ..... 1634309.435740: tracing_mark_write: fcntl(fd=91, cmd=0x6, arg=0x151641c1) start
             exe-1050232 [001] ..... 1634309.435742: sys_pwrite64 -> 0x2b
             exe-1050232 [001] ..... 1634309.435747: sys_ptrace(request: 4205, pid: 1006b9, addr: 1, data: c0005d1c70)
             exe-1050232 [001] ..... 1634309.435750: sys_ptrace -> 0x0
             exe-1050232 [001] ..... 1634309.435751: sys_ptrace(request: 4205, pid: 1006b9, addr: 202, data: c0005d1c70)
             exe-1050232 [001] ..... 1634309.435760: sys_ptrace -> 0x0
             exe-1050232 [001] ..... 1634309.435761: sys_ptrace(request: 1f, pid: 1006b9, addr: 0, data: 0)
             exe-1050232 [001] ..... 1634309.435772: sys_ptrace -> 0x0
             exe-1050232 [001] ..... 1634309.435775: sys_wait4(upid: 1006b9, stat_addr: c0005d1bf4, options: 40000002, ru: 0)
             exe-1050297 [002] ..... 1634309.435796: sys_write -> 0x2b
             exe-1050232 [001] ..... 1634309.435816: sys_wait4 -> 0x1006b9
             exe-1050232 [001] ..... 1634309.435820: sys_ptrace(request: 4204, pid: 1006b9, addr: 1, data: c0005d1c70)
             exe-1050232 [001] ..... 1634309.435823: sys_ptrace -> 0x0
             exe-1050232 [001] ..... 1634309.435825: sys_ptrace(request: 4204, pid: 1006b9, addr: 202, data: c0005d1c70)
             exe-1050232 [001] ..... 1634309.435828: sys_ptrace -> 0x0
             exe-1050232 [001] ..... 1634309.435849: sys_ptrace(request: 4205, pid: 1006b9, addr: 1, data: c0005d1c70)
             exe-1050232 [001] ..... 1634309.435852: sys_ptrace -> 0x0
             exe-1050232 [001] ..... 1634309.435853: sys_ptrace(request: 4205, pid: 1006b9, addr: 202, data: c0005d1c70)
             exe-1050232 [001] ..... 1634309.435861: sys_ptrace -> 0x0
             exe-1050232 [001] ..... 1634309.435863: sys_ptrace(request: 1f, pid: 1006b9, addr: 0, data: 0)
             exe-1050232 [001] ..... 1634309.435872: sys_ptrace -> 0x0
             exe-1050232 [001] ..... 1634309.435874: sys_wait4(upid: 1006b9, stat_addr: c0005d1bf4, options: 40000002, ru: 0)
             exe-1050297 [002] ..... 1634309.435895: sys_fcntl -> 0xfffffffffffffff7
             exe-1050232 [001] ..... 1634309.435914: sys_wait4 -> 0x1006b9
             exe-1050232 [001] ..... 1634309.435918: sys_ptrace(request: 4204, pid: 1006b9, addr: 1, data: c0005d1c70)
             exe-1050232 [001] ..... 1634309.435921: sys_ptrace -> 0x0
             exe-1050232 [001] ..... 1634309.435923: sys_ptrace(request: 4204, pid: 1006b9, addr: 202, data: c0005d1c70)
             exe-1050232 [001] ..... 1634309.435926: sys_ptrace -> 0x0
             exe-1050232 [001] ..... 1634309.435936: sys_pwrite64(fd: 63, buf: 7fd66dbc0080, count: 29, pos: 2b)
             exe-1050232 [001] ..... 1634309.435938: tracing_mark_write: fcntl(fd=91, cmd=0x6, arg=0x151641c1) end
             exe-1050232 [001] ..... 1634309.494217: tracing_mark_write: fcntl(fd=91, cmd=0x6, arg=0xffffffffffff7fff) start
             exe-1050232 [001] ..... 1634309.494219: sys_pwrite64 -> 0x33
             exe-1050232 [001] ..... 1634309.494225: sys_ptrace(request: 4205, pid: 1006b9, addr: 1, data: c0005d1c70)
             exe-1050232 [001] ..... 1634309.494231: sys_ptrace -> 0x0
             exe-1050232 [001] ..... 1634309.494237: sys_ptrace(request: 4205, pid: 1006b9, addr: 202, data: c0005d1c70)
             exe-1050232 [001] ..... 1634309.494249: sys_ptrace -> 0x0
             exe-1050232 [001] ..... 1634309.494250: sys_ptrace(request: 1f, pid: 1006b9, addr: 0, data: 0)
             exe-1050232 [001] ..... 1634309.494262: sys_ptrace -> 0x0
             exe-1050232 [001] ..... 1634309.494264: sys_wait4(upid: 1006b9, stat_addr: c0005d1bf4, options: 40000002, ru: 0)
             exe-1050297 [002] ..... 1634309.494273: sys_write -> 0x33
             exe-1050232 [001] ..... 1634309.494293: sys_wait4 -> 0x1006b9
             exe-1050232 [001] ..... 1634309.494295: sys_ptrace(request: 4204, pid: 1006b9, addr: 1, data: c0005d1c70)
             exe-1050232 [001] ..... 1634309.494298: sys_ptrace -> 0x0
             exe-1050232 [001] ..... 1634309.494300: sys_ptrace(request: 4204, pid: 1006b9, addr: 202, data: c0005d1c70)
             exe-1050232 [001] ..... 1634309.494303: sys_ptrace -> 0x0
             exe-1050232 [001] ..... 1634309.494308: sys_ptrace(request: 4205, pid: 1006b9, addr: 1, data: c0005d1c70)
             exe-1049567 [002] ..... 1634309.494313: sys_nanosleep -> 0x0
             exe-1050232 [001] ..... 1634309.494314: sys_ptrace -> 0x0
             exe-1050232 [001] ..... 1634309.494315: sys_ptrace(request: 4205, pid: 1006b9, addr: 202, data: c0005d1c70)
             exe-1049567 [002] ..... 1634309.494318: sys_nanosleep(rqtp: c000069f10, rmtp: 0)
             exe-1050232 [001] ..... 1634309.494321: sys_ptrace -> 0x0
             exe-1050232 [001] ..... 1634309.494323: sys_ptrace(request: 1f, pid: 1006b9, addr: 0, data: 0)
             exe-1050232 [001] ..... 1634309.494329: sys_ptrace -> 0x0
             exe-1050232 [001] ..... 1634309.494331: sys_wait4(upid: 1006b9, stat_addr: c0005d1bf4, options: 40000002, ru: 0)
             exe-1050297 [002] ..... 1634309.494343: sys_fcntl -> 0xfffffffffffffff7
             exe-1050232 [001] ..... 1634309.494359: sys_wait4 -> 0x1006b9
             exe-1050232 [001] ..... 1634309.494361: sys_ptrace(request: 4204, pid: 1006b9, addr: 1, data: c0005d1c70)
             exe-1050232 [001] ..... 1634309.494363: sys_ptrace -> 0x0
             exe-1050232 [001] ..... 1634309.494364: sys_ptrace(request: 4204, pid: 1006b9, addr: 202, data: c0005d1c70)
             exe-1050232 [001] ..... 1634309.494366: sys_ptrace -> 0x0
             exe-1050232 [001] ..... 1634309.494371: sys_pwrite64(fd: 63, buf: 7fd66dbc0080, count: 31, pos: 33)
             exe-1050232 [001] ..... 1634309.494372: tracing_mark_write: fcntl(fd=91, cmd=0x6, arg=0xffffffffffff7fff) end
             exe-1050232 [001] ..... 1634309.576789: tracing_mark_write: fcntl(fd=91, cmd=0x6, arg=0xe6e6e6e6) start
             exe-1050232 [001] ..... 1634309.576791: sys_pwrite64 -> 0x2b
             exe-1050232 [001] ..... 1634309.576797: sys_ptrace(request: 4205, pid: 1006b9, addr: 1, data: c0005d1c70)
             exe-1050232 [001] ..... 1634309.576799: sys_ptrace -> 0x0
             exe-1050232 [001] ..... 1634309.576801: sys_ptrace(request: 4205, pid: 1006b9, addr: 202, data: c0005d1c70)
             exe-1050232 [001] ..... 1634309.576809: sys_ptrace -> 0x0
             exe-1050232 [001] ..... 1634309.576811: sys_ptrace(request: 1f, pid: 1006b9, addr: 0, data: 0)
             exe-1050232 [001] ..... 1634309.576818: sys_ptrace -> 0x0
             exe-1050232 [001] ..... 1634309.576820: sys_wait4(upid: 1006b9, stat_addr: c0005d1bf4, options: 40000002, ru: 0)
             exe-1050297 [003] ..... 1634309.576854: sys_write -> 0x2b
             exe-1050232 [001] ..... 1634309.576872: sys_wait4 -> 0x1006b9
             exe-1050232 [001] ..... 1634309.576874: sys_ptrace(request: 4204, pid: 1006b9, addr: 1, data: c0005d1c70)
             exe-1050232 [001] ..... 1634309.576877: sys_ptrace -> 0x0
             exe-1050232 [001] ..... 1634309.576878: sys_ptrace(request: 4204, pid: 1006b9, addr: 202, data: c0005d1c70)
             exe-1050232 [001] ..... 1634309.576881: sys_ptrace -> 0x0
             exe-1050232 [001] ..... 1634309.576886: sys_ptrace(request: 4205, pid: 1006b9, addr: 1, data: c0005d1c70)
             exe-1050232 [001] ..... 1634309.576888: sys_ptrace -> 0x0
             exe-1050232 [001] ..... 1634309.576890: sys_ptrace(request: 4205, pid: 1006b9, addr: 202, data: c0005d1c70)
             exe-1050232 [001] ..... 1634309.576896: sys_ptrace -> 0x0
             exe-1050232 [001] ..... 1634309.576898: sys_ptrace(request: 1f, pid: 1006b9, addr: 0, data: 0)
             exe-1050232 [001] ..... 1634309.576904: sys_ptrace -> 0x0
             exe-1050232 [001] ..... 1634309.576906: sys_wait4(upid: 1006b9, stat_addr: c0005d1bf4, options: 40000002, ru: 0)
             exe-1050297 [003] ..... 1634309.576958: sys_fcntl -> 0xfffffffffffffff7
             exe-1050232 [001] ..... 1634309.576992: sys_wait4 -> 0x1006b9
             exe-1050232 [001] ..... 1634309.576995: sys_ptrace(request: 4204, pid: 1006b9, addr: 1, data: c0005d1c70)
             exe-1050232 [001] ..... 1634309.576998: sys_ptrace -> 0x0
             exe-1050232 [001] ..... 1634309.576999: sys_ptrace(request: 4204, pid: 1006b9, addr: 202, data: c0005d1c70)
             exe-1050232 [001] ..... 1634309.577002: sys_ptrace -> 0x0
             exe-1050232 [001] ..... 1634309.577008: sys_pwrite64(fd: 63, buf: 7fd66dbc0080, count: 29, pos: 2b)
             exe-1050232 [001] ..... 1634309.577010: tracing_mark_write: fcntl(fd=91, cmd=0x6, arg=0xe6e6e6e6) end
             exe-1050232 [001] ..... 1634309.653647: tracing_mark_write: fcntl(fd=91, cmd=0x6, arg=0x2000090) start
             exe-1050232 [001] ..... 1634309.653649: sys_pwrite64 -> 0x2a
             exe-1049673 [002] ..... 1634309.653654: sys_nanosleep -> 0x0
             exe-1050232 [001] ..... 1634309.653657: sys_ptrace(request: 4205, pid: 1006b9, addr: 1, data: c0005d1c70)
             exe-1049673 [002] ..... 1634309.653660: sys_nanosleep(rqtp: c000069f10, rmtp: 0)
             exe-1050232 [001] ..... 1634309.653660: sys_ptrace -> 0x0
             exe-1050232 [001] ..... 1634309.653662: sys_ptrace(request: 4205, pid: 1006b9, addr: 202, data: c0005d1c70)
             exe-1050232 [001] ..... 1634309.653676: sys_ptrace -> 0x0
             exe-1050232 [001] ..... 1634309.653678: sys_ptrace(request: 1f, pid: 1006b9, addr: 0, data: 0)
             exe-1050232 [001] ..... 1634309.653686: sys_ptrace -> 0x0
             exe-1050232 [001] ..... 1634309.653688: sys_wait4(upid: 1006b9, stat_addr: c0005d1bf4, options: 40000002, ru: 0)
             exe-1050297 [002] ..... 1634309.653703: sys_write -> 0x2a
             exe-1050232 [001] ..... 1634309.653724: sys_wait4 -> 0x1006b9
             exe-1050232 [001] ..... 1634309.653726: sys_ptrace(request: 4204, pid: 1006b9, addr: 1, data: c0005d1c70)
             exe-1050232 [001] ..... 1634309.653729: sys_ptrace -> 0x0
             exe-1050232 [001] ..... 1634309.653731: sys_ptrace(request: 4204, pid: 1006b9, addr: 202, data: c0005d1c70)
             exe-1050232 [001] ..... 1634309.653733: sys_ptrace -> 0x0
             exe-1050232 [001] ..... 1634309.653739: sys_ptrace(request: 4205, pid: 1006b9, addr: 1, data: c0005d1c70)
             exe-1050232 [001] ..... 1634309.653741: sys_ptrace -> 0x0
             exe-1050232 [001] ..... 1634309.653743: sys_ptrace(request: 4205, pid: 1006b9, addr: 202, data: c0005d1c70)
             exe-1050232 [001] ..... 1634309.653750: sys_ptrace -> 0x0
             exe-1050232 [001] ..... 1634309.653752: sys_ptrace(request: 1f, pid: 1006b9, addr: 0, data: 0)
             exe-1050232 [001] ..... 1634309.653754: sys_ptrace -> 0x0
             exe-1050232 [001] ..... 1634309.653756: sys_wait4(upid: 1006b9, stat_addr: c0005d1bf4, options: 40000002, ru: 0)
             exe-1050297 [002] ..... 1634309.653763: sys_fcntl -> 0xfffffffffffffff7
             exe-1050232 [001] ..... 1634309.653779: sys_wait4 -> 0x1006b9
             exe-1050232 [001] ..... 1634309.653782: sys_ptrace(request: 4204, pid: 1006b9, addr: 1, data: c0005d1c70)
             exe-1049673 [002] ..... 1634309.653783: sys_nanosleep -> 0x0
             exe-1050232 [001] ..... 1634309.653784: sys_ptrace -> 0x0
             exe-1050232 [001] ..... 1634309.653786: sys_ptrace(request: 4204, pid: 1006b9, addr: 202, data: c0005d1c70)
             exe-1050232 [001] ..... 1634309.653788: sys_ptrace -> 0x0
             exe-1049673 [002] ..... 1634309.653789: sys_nanosleep(rqtp: c000069f10, rmtp: 0)
             exe-1050232 [001] ..... 1634309.653793: sys_pwrite64(fd: 63, buf: 7fd66dbc0080, count: 28, pos: 2a)
             exe-1050232 [001] ..... 1634309.653794: tracing_mark_write: fcntl(fd=91, cmd=0x6, arg=0x2000090) end
             exe-1050232 [001] ..... 1634309.733469: tracing_mark_write: fcntl(fd=91, cmd=0x6, arg=0x1400012800400021) start
             exe-1050232 [001] ..... 1634309.733471: sys_pwrite64 -> 0x33
             exe-1049673 [002] ..... 1634309.733479: sys_nanosleep -> 0x0
             exe-1049673 [002] ..... 1634309.733481: sys_nanosleep(rqtp: c000069f10, rmtp: 0)
             exe-1049567 [000] ..... 1634309.733543: sys_nanosleep -> 0x0
             exe-1049567 [000] ..... 1634309.733545: sys_nanosleep(rqtp: c000069f10, rmtp: 0)
             exe-1050232 [001] ..... 1634309.733553: sys_ptrace(request: 4205, pid: 1006b9, addr: 1, data: c0005d1c70)
             exe-1050232 [001] ..... 1634309.733558: sys_ptrace -> 0x0
             exe-1050232 [001] ..... 1634309.733560: sys_ptrace(request: 4205, pid: 1006b9, addr: 202, data: c0005d1c70)
             exe-1049673 [002] ..... 1634309.733565: sys_nanosleep -> 0x0
             exe-1049673 [002] ..... 1634309.733567: sys_nanosleep(rqtp: c000069f10, rmtp: 0)
             exe-1050232 [001] ..... 1634309.733575: sys_ptrace -> 0x0
             exe-1050232 [001] ..... 1634309.733577: sys_ptrace(request: 1f, pid: 1006b9, addr: 0, data: 0)
             exe-1050232 [001] ..... 1634309.733586: sys_ptrace -> 0x0
             exe-1050232 [001] ..... 1634309.733590: sys_wait4(upid: 1006b9, stat_addr: c0005d1bf4, options: 40000002, ru: 0)
             exe-1050297 [002] ..... 1634309.733593: sys_write -> 0x33
             exe-1049567 [000] ..... 1634309.733658: sys_nanosleep -> 0x0
             exe-1049567 [000] ..... 1634309.733660: sys_nanosleep(rqtp: c000069f10, rmtp: 0)
             exe-1049673 [002] ..... 1634309.733661: sys_nanosleep -> 0x0
             exe-1050232 [001] ..... 1634309.733664: sys_wait4 -> 0x1006b9
             exe-1049673 [002] ..... 1634309.733665: sys_nanosleep(rqtp: c000069f10, rmtp: 0)
             exe-1050232 [001] ..... 1634309.733670: sys_ptrace(request: 4204, pid: 1006b9, addr: 1, data: c0005d1c70)
             exe-1050232 [001] ..... 1634309.733675: sys_ptrace -> 0x0
             exe-1050232 [001] ..... 1634309.733676: sys_ptrace(request: 4204, pid: 1006b9, addr: 202, data: c0005d1c70)
             exe-1050232 [001] ..... 1634309.733679: sys_ptrace -> 0x0
             exe-1050232 [001] ..... 1634309.733690: sys_ptrace(request: 4205, pid: 1006b9, addr: 1, data: c0005d1c70)
             exe-1050232 [001] ..... 1634309.733693: sys_ptrace -> 0x0
             exe-1050232 [001] ..... 1634309.733694: sys_ptrace(request: 4205, pid: 1006b9, addr: 202, data: c0005d1c70)
             exe-1050232 [001] ..... 1634309.733706: sys_ptrace -> 0x0
             exe-1050232 [001] ..... 1634309.733708: sys_ptrace(request: 1f, pid: 1006b9, addr: 0, data: 0)
             exe-1050297 [002] ..... 1634309.733730: sys_fcntl -> 0xfffffffffffffff7
             exe-1050232 [001] .N... 1634309.733739: sys_ptrace -> 0x0
             exe-1049673 [002] ..... 1634309.733760: sys_nanosleep -> 0x0
             exe-1049673 [002] ..... 1634309.733764: sys_nanosleep(rqtp: c000069f10, rmtp: 0)
             exe-1050232 [001] ..... 1634309.733786: sys_wait4(upid: 1006b9, stat_addr: c0005d1bf4, options: 40000002, ru: 0)
             exe-1050232 [001] ..... 1634309.733789: sys_wait4 -> 0x1006b9
             exe-1050232 [001] ..... 1634309.733792: sys_ptrace(request: 4204, pid: 1006b9, addr: 1, data: c0005d1c70)
             exe-1050232 [001] ..... 1634309.733796: sys_ptrace -> 0x0
             exe-1050232 [001] ..... 1634309.733798: sys_ptrace(request: 4204, pid: 1006b9, addr: 202, data: c0005d1c70)
             exe-1050232 [001] ..... 1634309.733801: sys_ptrace -> 0x0
             exe-1049567 [000] ..... 1634309.733811: sys_nanosleep -> 0x0
             exe-1049567 [000] ..... 1634309.733813: sys_nanosleep(rqtp: c000069f10, rmtp: 0)
             exe-1050232 [001] ..... 1634309.733817: sys_pwrite64(fd: 63, buf: 7fd66dbc0080, count: 31, pos: 33)
             exe-1050232 [001] ..... 1634309.733819: tracing_mark_write: fcntl(fd=91, cmd=0x6, arg=0x1400012800400021) end
             exe-1050232 [002] ..... 1634309.817838: tracing_mark_write: fcntl(fd=333, cmd=0x6, arg=0xbf9d) start
             exe-1050232 [002] .N... 1634309.817870: sys_pwrite64 -> 0x28
             exe-1049673 [002] ..... 1634309.817881: sys_nanosleep -> 0x0
             exe-1049673 [002] ..... 1634309.817888: sys_nanosleep(rqtp: c000069f10, rmtp: 0)
             exe-1050232 [002] ..... 1634309.817926: sys_ptrace(request: 4205, pid: 1006b9, addr: 1, data: c0005d1c70)
             exe-1050232 [002] ..... 1634309.817931: sys_ptrace -> 0x0
             exe-1050232 [002] ..... 1634309.817932: sys_ptrace(request: 4205, pid: 1006b9, addr: 202, data: c0005d1c70)
             exe-1050232 [002] ..... 1634309.817952: sys_ptrace -> 0x0
             exe-1050232 [002] ..... 1634309.817955: sys_ptrace(request: 1f, pid: 1006b9, addr: 0, data: 0)
             exe-1050232 [002] .N... 1634309.817985: sys_ptrace -> 0x0
             exe-1050297 [002] ..... 1634309.817999: sys_write -> 0x28
             exe-1049673 [002] ..... 1634309.818022: sys_nanosleep -> 0x0
             exe-1049673 [002] ..... 1634309.818028: sys_nanosleep(rqtp: c000069f10, rmtp: 0)
             exe-1050232 [002] ..... 1634309.818061: sys_wait4(upid: 1006b9, stat_addr: c0005d1bf4, options: 40000002, ru: 0)
             exe-1050232 [002] ..... 1634309.818065: sys_wait4 -> 0x1006b9
             exe-1050232 [002] ..... 1634309.818067: sys_ptrace(request: 4204, pid: 1006b9, addr: 1, data: c0005d1c70)
             exe-1050232 [002] ..... 1634309.818073: sys_ptrace -> 0x0
             exe-1050232 [002] ..... 1634309.818074: sys_ptrace(request: 4204, pid: 1006b9, addr: 202, data: c0005d1c70)
             exe-1050232 [002] ..... 1634309.818077: sys_ptrace -> 0x0
             exe-1050232 [002] ..... 1634309.818095: sys_ptrace(request: 4205, pid: 1006b9, addr: 1, data: c0005d1c70)
             exe-1050232 [002] ..... 1634309.818098: sys_ptrace -> 0x0
             exe-1050232 [002] ..... 1634309.818099: sys_ptrace(request: 4205, pid: 1006b9, addr: 202, data: c0005d1c70)
             exe-1049673 [002] ..... 1634309.818141: sys_nanosleep -> 0x0
             exe-1049673 [002] ..... 1634309.818147: sys_nanosleep(rqtp: c000069f10, rmtp: 0)
             exe-1050232 [002] ..... 1634309.818189: sys_ptrace -> 0x0
             exe-1050232 [002] ..... 1634309.818194: sys_ptrace(request: 1f, pid: 1006b9, addr: 0, data: 0)
             exe-1050232 [002] .N... 1634309.818201: sys_ptrace -> 0x0
             exe-1050297 [002] ..... 1634309.818214: sys_fcntl -> 0xfffffffffffffff2
             exe-1049673 [002] ..... 1634309.818263: sys_nanosleep -> 0x0
             exe-1049673 [002] ..... 1634309.818270: sys_nanosleep(rqtp: c000069f10, rmtp: 0)
             exe-1050232 [002] ..... 1634309.818300: sys_wait4(upid: 1006b9, stat_addr: c0005d1bf4, options: 40000002, ru: 0)
             exe-1050232 [002] ..... 1634309.818304: sys_wait4 -> 0x1006b9
             exe-1050232 [002] ..... 1634309.818306: sys_ptrace(request: 4204, pid: 1006b9, addr: 1, data: c0005d1c70)
             exe-1050232 [002] ..... 1634309.818311: sys_ptrace -> 0x0
             exe-1050232 [002] ..... 1634309.818313: sys_ptrace(request: 4204, pid: 1006b9, addr: 202, data: c0005d1c70)
             exe-1050232 [002] ..... 1634309.818317: sys_ptrace -> 0x0
             exe-1050232 [002] ..... 1634309.818334: sys_pwrite64(fd: 63, buf: 7fd66dbc0080, count: 26, pos: 28)
             exe-1050232 [002] ..... 1634309.818337: tracing_mark_write: fcntl(fd=333, cmd=0x6, arg=0xbf9d) end
             exe-1050232 [002] ..... 1634309.899890: tracing_mark_write: fcntl(fd=333, cmd=0x6, arg=16) start
             exe-1050232 [002] ..... 1634309.899891: sys_pwrite64 -> 0x24
             exe-1050232 [002] ..... 1634309.899896: sys_ptrace(request: 4205, pid: 1006b9, addr: 1, data: c0005d1c70)
             exe-1050232 [002] ..... 1634309.899898: sys_ptrace -> 0x0
             exe-1050232 [002] ..... 1634309.899899: sys_ptrace(request: 4205, pid: 1006b9, addr: 202, data: c0005d1c70)
             exe-1050232 [002] ..... 1634309.899909: sys_ptrace -> 0x0
             exe-1050232 [002] ..... 1634309.899911: sys_ptrace(request: 1f, pid: 1006b9, addr: 0, data: 0)
             exe-1050232 [002] .N... 1634309.899917: sys_ptrace -> 0x0
             exe-1049567 [000] ..... 1634309.899919: sys_nanosleep -> 0x0
             exe-1049567 [000] ..... 1634309.899921: sys_nanosleep(rqtp: c000069f10, rmtp: 0)
             exe-1050297 [002] ..... 1634309.899925: sys_write -> 0x24
             exe-1050232 [002] ..... 1634309.899941: sys_wait4(upid: 1006b9, stat_addr: c0005d1bf4, options: 40000002, ru: 0)
             exe-1050232 [002] ..... 1634309.899943: sys_wait4 -> 0x1006b9
             exe-1050232 [002] ..... 1634309.899945: sys_ptrace(request: 4204, pid: 1006b9, addr: 1, data: c0005d1c70)
             exe-1050232 [002] ..... 1634309.899947: sys_ptrace -> 0x0
             exe-1050232 [002] ..... 1634309.899949: sys_ptrace(request: 4204, pid: 1006b9, addr: 202, data: c0005d1c70)
             exe-1050232 [002] ..... 1634309.899951: sys_ptrace -> 0x0
             exe-1050232 [002] ..... 1634309.899963: sys_ptrace(request: 4205, pid: 1006b9, addr: 1, data: c0005d1c70)
             exe-1050232 [002] ..... 1634309.899965: sys_ptrace -> 0x0
             exe-1050232 [002] ..... 1634309.899966: sys_ptrace(request: 4205, pid: 1006b9, addr: 202, data: c0005d1c70)
             exe-1050232 [002] ..... 1634309.899974: sys_ptrace -> 0x0
             exe-1050232 [002] ..... 1634309.899976: sys_ptrace(request: 1f, pid: 1006b9, addr: 0, data: 0)
             exe-1050232 [002] .N... 1634309.899981: sys_ptrace -> 0x0
             exe-1050297 [002] ..... 1634309.899989: sys_fcntl -> 0xfffffffffffffff2
             exe-1050232 [002] ..... 1634309.900004: sys_wait4(upid: 1006b9, stat_addr: c0005d1bf4, options: 40000002, ru: 0)
             exe-1049567 [000] ..... 1634309.900006: sys_nanosleep -> 0x0
             exe-1050232 [002] ..... 1634309.900006: sys_wait4 -> 0x1006b9
             exe-1049567 [000] ..... 1634309.900008: sys_nanosleep(rqtp: c000069f10, rmtp: 0)
             exe-1050232 [002] ..... 1634309.900008: sys_ptrace(request: 4204, pid: 1006b9, addr: 1, data: c0005d1c70)
             exe-1050232 [002] ..... 1634309.900011: sys_ptrace -> 0x0
             exe-1050232 [002] ..... 1634309.900012: sys_ptrace(request: 4204, pid: 1006b9, addr: 202, data: c0005d1c70)
             exe-1050232 [002] ..... 1634309.900014: sys_ptrace -> 0x0
             exe-1050232 [002] ..... 1634309.900022: sys_pwrite64(fd: 63, buf: 7fd66dbc0080, count: 22, pos: 24)
             exe-1050232 [002] ..... 1634309.900023: tracing_mark_write: fcntl(fd=333, cmd=0x6, arg=16) end
             exe-1050232 [002] ..... 1634309.968655: tracing_mark_write: fcntl(fd=333, cmd=0x6, arg=30) start
             exe-1050232 [002] ..... 1634309.968657: sys_pwrite64 -> 0x24
             exe-1050232 [002] ..... 1634309.968663: sys_ptrace(request: 4205, pid: 1006b9, addr: 1, data: c0005d1c70)
             exe-1050232 [002] ..... 1634309.968666: sys_ptrace -> 0x0
             exe-1050232 [002] ..... 1634309.968668: sys_ptrace(request: 4205, pid: 1006b9, addr: 202, data: c0005d1c70)
             exe-1050232 [002] ..... 1634309.968679: sys_ptrace -> 0x0
             exe-1050232 [002] ..... 1634309.968681: sys_ptrace(request: 1f, pid: 1006b9, addr: 0, data: 0)
             exe-1050232 [002] .N... 1634309.968689: sys_ptrace -> 0x0
             exe-1050297 [002] ..... 1634309.968701: sys_write -> 0x24
             exe-1049673 [003] ..... 1634309.968715: sys_futex -> 0x1
             exe-1050232 [002] ..... 1634309.968720: sys_wait4(upid: 1006b9, stat_addr: c0005d1bf4, options: 40000002, ru: 0)
             exe-1049673 [003] ..... 1634309.968720: sys_nanosleep(rqtp: c000069f10, rmtp: 0)
             exe-1050232 [002] ..... 1634309.968723: sys_wait4 -> 0x1006b9
             exe-1050232 [002] ..... 1634309.968725: sys_ptrace(request: 4204, pid: 1006b9, addr: 1, data: c0005d1c70)
             exe-1050232 [002] ..... 1634309.968729: sys_ptrace -> 0x0
             exe-1050232 [002] ..... 1634309.968731: sys_ptrace(request: 4204, pid: 1006b9, addr: 202, data: c0005d1c70)
             exe-1050232 [002] ..... 1634309.968734: sys_ptrace -> 0x0
             exe-1050232 [002] ..... 1634309.968750: sys_ptrace(request: 4205, pid: 1006b9, addr: 1, data: c0005d1c70)
             exe-1050232 [002] ..... 1634309.968752: sys_ptrace -> 0x0
             exe-1050232 [002] ..... 1634309.968754: sys_ptrace(request: 4205, pid: 1006b9, addr: 202, data: c0005d1c70)
             exe-1049702 [000] ..... 1634309.968760: sys_futex -> 0x0
             exe-1050232 [002] ..... 1634309.968764: sys_ptrace -> 0x0
             exe-1050232 [002] ..... 1634309.968766: sys_ptrace(request: 1f, pid: 1006b9, addr: 0, data: 0)
             exe-1050232 [002] .N... 1634309.968772: sys_ptrace -> 0x0
             exe-1049702 [000] ..... 1634309.968774: sys_futex(uaddr: c000303548, op: 80, val: 0, utime: 0, uaddr2: 0, val3: 0)
             exe-1050297 [002] ..... 1634309.968783: sys_fcntl -> 0xfffffffffffffff2
             exe-1049567 [000] ..... 1634309.968795: sys_nanosleep -> 0x0
             exe-1049567 [000] ..... 1634309.968802: sys_nanosleep(rqtp: c000069f10, rmtp: 0)
             exe-1050232 [002] ..... 1634309.968803: sys_wait4(upid: 1006b9, stat_addr: c0005d1bf4, options: 40000002, ru: 0)
             exe-1050232 [002] ..... 1634309.968805: sys_wait4 -> 0x1006b9
             exe-1050232 [002] ..... 1634309.968808: sys_ptrace(request: 4204, pid: 1006b9, addr: 1, data: c0005d1c70)
             exe-1050232 [002] ..... 1634309.968811: sys_ptrace -> 0x0
             exe-1050232 [002] ..... 1634309.968813: sys_ptrace(request: 4204, pid: 1006b9, addr: 202, data: c0005d1c70)
             exe-1050232 [002] ..... 1634309.968815: sys_ptrace -> 0x0
             exe-1050232 [002] ..... 1634309.968825: sys_pwrite64(fd: 63, buf: 7fd66dbc0080, count: 22, pos: 24)
             exe-1050232 [002] ..... 1634309.968826: tracing_mark_write: fcntl(fd=333, cmd=0x6, arg=30) end
             exe-1050232 [002] ..... 1634310.036500: tracing_mark_write: fcntl(fd=168, cmd=0x6, arg=64) start
             exe-1050232 [002] ..... 1634310.036502: sys_pwrite64 -> 0x24
             exe-1050232 [002] ..... 1634310.036511: sys_ptrace(request: 4205, pid: 1006b9, addr: 1, data: c0005d1c70)
             exe-1050232 [002] ..... 1634310.036540: sys_ptrace -> 0x0
             exe-1050232 [002] ..... 1634310.036542: sys_ptrace(request: 4205, pid: 1006b9, addr: 202, data: c0005d1c70)
             exe-1049673 [000] ..... 1634310.036550: sys_nanosleep -> 0x0
             exe-1049673 [000] ..... 1634310.036552: sys_nanosleep(rqtp: c000069f10, rmtp: 0)
             exe-1050232 [002] ..... 1634310.036556: sys_ptrace -> 0x0
             exe-1050232 [002] ..... 1634310.036558: sys_ptrace(request: 1f, pid: 1006b9, addr: 0, data: 0)
             exe-1050232 [002] .N... 1634310.036562: sys_ptrace -> 0x0
             exe-1050297 [002] ..... 1634310.036573: sys_write -> 0x24
             exe-1049567 [002] ..... 1634310.036594: sys_nanosleep -> 0x0
             exe-1049567 [002] ..... 1634310.036599: sys_nanosleep(rqtp: c000069f10, rmtp: 0)
             exe-1050232 [002] ..... 1634310.036621: sys_wait4(upid: 1006b9, stat_addr: c0005d1bf4, options: 40000002, ru: 0)
             exe-1050232 [002] ..... 1634310.036624: sys_wait4 -> 0x1006b9
             exe-1050232 [002] ..... 1634310.036626: sys_ptrace(request: 4204, pid: 1006b9, addr: 1, data: c0005d1c70)
             exe-1050232 [002] ..... 1634310.036630: sys_ptrace -> 0x0
             exe-1050232 [002] ..... 1634310.036632: sys_ptrace(request: 4204, pid: 1006b9, addr: 202, data: c0005d1c70)
             exe-1050232 [002] ..... 1634310.036635: sys_ptrace -> 0x0
             exe-1049673 [000] ..... 1634310.036639: sys_nanosleep -> 0x0
             exe-1049673 [000] ..... 1634310.036641: sys_nanosleep(rqtp: c000069f10, rmtp: 0)
             exe-1050232 [002] ..... 1634310.036647: sys_ptrace(request: 4205, pid: 1006b9, addr: 1, data: c0005d1c70)
             exe-1050232 [002] ..... 1634310.036650: sys_ptrace -> 0x0
             exe-1050232 [002] ..... 1634310.036652: sys_ptrace(request: 4205, pid: 1006b9, addr: 202, data: c0005d1c70)
             exe-1050232 [002] ..... 1634310.036663: sys_ptrace -> 0x0
             exe-1050232 [002] ..... 1634310.036665: sys_ptrace(request: 1f, pid: 1006b9, addr: 0, data: 0)
             exe-1050232 [002] .N... 1634310.036694: sys_ptrace -> 0x0
             exe-1050297 [002] ..... 1634310.036705: sys_fcntl -> 0xfffffffffffffff2
             exe-1049567 [002] ..... 1634310.036725: sys_nanosleep -> 0x0
             exe-1049673 [000] ..... 1634310.036728: sys_nanosleep -> 0x0
             exe-1049673 [000] ..... 1634310.036730: sys_nanosleep(rqtp: c000069f10, rmtp: 0)
             exe-1049567 [002] ..... 1634310.036731: sys_nanosleep(rqtp: c000069f10, rmtp: 0)
             exe-1050232 [002] ..... 1634310.036754: sys_wait4(upid: 1006b9, stat_addr: c0005d1bf4, options: 40000002, ru: 0)
             exe-1050232 [002] ..... 1634310.036756: sys_wait4 -> 0x1006b9
             exe-1050232 [002] ..... 1634310.036759: sys_ptrace(request: 4204, pid: 1006b9, addr: 1, data: c0005d1c70)
             exe-1050232 [002] ..... 1634310.036763: sys_ptrace -> 0x0
             exe-1050232 [002] ..... 1634310.036765: sys_ptrace(request: 4204, pid: 1006b9, addr: 202, data: c0005d1c70)
             exe-1050232 [002] ..... 1634310.036767: sys_ptrace -> 0x0
             exe-1050232 [002] ..... 1634310.036784: sys_pwrite64(fd: 63, buf: 7fd66dbc0080, count: 22, pos: 24)
             exe-1050232 [002] ..... 1634310.036787: tracing_mark_write: fcntl(fd=168, cmd=0x6, arg=64) end
             exe-1050232 [002] ..... 1634310.113013: tracing_mark_write: fcntl(fd=168, cmd=0x6, arg=0x63010d2d04) start
             exe-1050232 [002] ..... 1634310.113015: sys_pwrite64 -> 0x2e
             exe-1050232 [002] ..... 1634310.113021: sys_ptrace(request: 4205, pid: 1006b9, addr: 1, data: c0005d1c70)
             exe-1050232 [002] ..... 1634310.113024: sys_ptrace -> 0x0
             exe-1050232 [002] ..... 1634310.113026: sys_ptrace(request: 4205, pid: 1006b9, addr: 202, data: c0005d1c70)
             exe-1049567 [001] ..... 1634310.113027: sys_nanosleep -> 0x0
             exe-1049567 [001] ..... 1634310.113034: sys_nanosleep(rqtp: c000069f10, rmtp: 0)
             exe-1050232 [002] ..... 1634310.113038: sys_ptrace -> 0x0
             exe-1050232 [002] ..... 1634310.113040: sys_ptrace(request: 1f, pid: 1006b9, addr: 0, data: 0)
             exe-1050232 [002] .N... 1634310.113047: sys_ptrace -> 0x0
             exe-1049673 [001] ..... 1634310.113058: sys_nanosleep -> 0x0
             exe-1050297 [002] ..... 1634310.113059: sys_write -> 0x2e
             exe-1049673 [001] ..... 1634310.113064: sys_nanosleep(rqtp: c000069f10, rmtp: 0)
             exe-1050232 [002] ..... 1634310.113078: sys_wait4(upid: 1006b9, stat_addr: c0005d1bf4, options: 40000002, ru: 0)
             exe-1050232 [002] ..... 1634310.113081: sys_wait4 -> 0x1006b9
             exe-1050232 [002] ..... 1634310.113083: sys_ptrace(request: 4204, pid: 1006b9, addr: 1, data: c0005d1c70)
             exe-1050232 [002] ..... 1634310.113086: sys_ptrace -> 0x0
             exe-1050232 [002] ..... 1634310.113088: sys_ptrace(request: 4204, pid: 1006b9, addr: 202, data: c0005d1c70)
             exe-1050232 [002] ..... 1634310.113090: sys_ptrace -> 0x0
             exe-1050232 [002] ..... 1634310.113103: sys_ptrace(request: 4205, pid: 1006b9, addr: 1, data: c0005d1c70)
             exe-1050232 [002] ..... 1634310.113105: sys_ptrace -> 0x0
             exe-1050232 [002] ..... 1634310.113107: sys_ptrace(request: 4205, pid: 1006b9, addr: 202, data: c0005d1c70)
             exe-1050232 [002] ..... 1634310.113117: sys_ptrace -> 0x0
             exe-1050232 [002] ..... 1634310.113119: sys_ptrace(request: 1f, pid: 1006b9, addr: 0, data: 0)
             exe-1050232 [002] .N... 1634310.113126: sys_ptrace -> 0x0
             exe-1050297 [002] ..... 1634310.113136: sys_fcntl -> 0xfffffffffffffff2
             exe-1050232 [002] ..... 1634310.113154: sys_wait4(upid: 1006b9, stat_addr: c0005d1bf4, options: 40000002, ru: 0)
             exe-1050232 [002] ..... 1634310.113157: sys_wait4 -> 0x1006b9
             exe-1050232 [002] ..... 1634310.113159: sys_ptrace(request: 4204, pid: 1006b9, addr: 1, data: c0005d1c70)
             exe-1049567 [001] ..... 1634310.113160: sys_nanosleep -> 0x0
             exe-1050232 [002] ..... 1634310.113162: sys_ptrace -> 0x0
             exe-1050232 [002] ..... 1634310.113164: sys_ptrace(request: 4204, pid: 1006b9, addr: 202, data: c0005d1c70)
             exe-1050232 [002] ..... 1634310.113166: sys_ptrace -> 0x0
             exe-1049567 [001] ..... 1634310.113166: sys_nanosleep(rqtp: c000069f10, rmtp: 0)
             exe-1050232 [002] ..... 1634310.113176: sys_pwrite64(fd: 63, buf: 7fd66dbc0080, count: 2c, pos: 2e)
             exe-1050232 [002] ..... 1634310.113178: tracing_mark_write: fcntl(fd=168, cmd=0x6, arg=0x63010d2d04) end
             exe-1050232 [002] ..... 1634310.176545: tracing_mark_write: fcntl(fd=168, cmd=0x6, arg=0x4d4d4d4d) start
             exe-1050232 [002] ..... 1634310.176547: sys_pwrite64 -> 0x2c
             exe-1050232 [002] ..... 1634310.176554: sys_ptrace(request: 4205, pid: 1006b9, addr: 1, data: c0005d1c70)
             exe-1050232 [002] ..... 1634310.176557: sys_ptrace -> 0x0
             exe-1050232 [002] ..... 1634310.176559: sys_ptrace(request: 4205, pid: 1006b9, addr: 202, data: c0005d1c70)
             exe-1049567 [001] ..... 1634310.176568: sys_nanosleep -> 0x0
             exe-1050232 [002] ..... 1634310.176573: sys_ptrace -> 0x0
             exe-1049567 [001] ..... 1634310.176574: sys_nanosleep(rqtp: c000069f10, rmtp: 0)
             exe-1050232 [002] ..... 1634310.176575: sys_ptrace(request: 1f, pid: 1006b9, addr: 0, data: 0)
             exe-1050232 [002] .N... 1634310.176587: sys_ptrace -> 0x0
             exe-1049673 [001] ..... 1634310.176597: sys_nanosleep -> 0x0
             exe-1049673 [001] ..... 1634310.176602: sys_nanosleep(rqtp: c000069f10, rmtp: 0)
             exe-1050297 [002] ..... 1634310.176603: sys_write -> 0x2c
             exe-1050232 [002] ..... 1634310.176629: sys_wait4(upid: 1006b9, stat_addr: c0005d1bf4, options: 40000002, ru: 0)
             exe-1050232 [002] ..... 1634310.176633: sys_wait4 -> 0x1006b9
             exe-1050232 [002] ..... 1634310.176637: sys_ptrace(request: 4204, pid: 1006b9, addr: 1, data: c0005d1c70)
             exe-1050232 [002] ..... 1634310.176643: sys_ptrace -> 0x0
             exe-1050232 [002] ..... 1634310.176645: sys_ptrace(request: 4204, pid: 1006b9, addr: 202, data: c0005d1c70)
             exe-1050232 [002] ..... 1634310.176655: sys_ptrace -> 0x0
             exe-1050232 [002] ..... 1634310.177111: sys_ptrace(request: 4205, pid: 1006b9, addr: 1, data: c0005d1c70)
             exe-1050232 [002] ..... 1634310.177119: sys_ptrace -> 0x0
             exe-1050232 [002] ..... 1634310.177121: sys_ptrace(request: 4205, pid: 1006b9, addr: 202, data: c0005d1c70)
             exe-1049567 [001] ..... 1634310.177124: sys_nanosleep -> 0x0
             exe-1049567 [001] ..... 1634310.177131: sys_nanosleep(rqtp: c000069f10, rmtp: 0)
             exe-1050232 [002] ..... 1634310.177149: sys_ptrace -> 0x0
             exe-1050232 [002] ..... 1634310.177152: sys_ptrace(request: 1f, pid: 1006b9, addr: 0, data: 0)
             exe-1049673 [001] ..... 1634310.177157: sys_nanosleep -> 0x0
             exe-1049673 [001] ..... 1634310.177163: sys_nanosleep(rqtp: c000069f10, rmtp: 0)
             exe-1050232 [002] .N... 1634310.177166: sys_ptrace -> 0x0
             exe-1050297 [002] ..... 1634310.177183: sys_fcntl -> 0xfffffffffffffff2
             exe-1050232 [002] ..... 1634310.177212: sys_wait4(upid: 1006b9, stat_addr: c0005d1bf4, options: 40000002, ru: 0)
             exe-1050232 [002] ..... 1634310.177215: sys_wait4 -> 0x1006b9
             exe-1050232 [002] ..... 1634310.177218: sys_ptrace(request: 4204, pid: 1006b9, addr: 1, data: c0005d1c70)
             exe-1050232 [002] ..... 1634310.177223: sys_ptrace -> 0x0
             exe-1050232 [002] ..... 1634310.177224: sys_ptrace(request: 4204, pid: 1006b9, addr: 202, data: c0005d1c70)
             exe-1050232 [002] ..... 1634310.177227: sys_ptrace -> 0x0
             exe-1049567 [001] ..... 1634310.177241: sys_nanosleep -> 0x0
             exe-1050232 [002] ..... 1634310.177243: sys_pwrite64(fd: 63, buf: 7fd66dbc0080, count: 2a, pos: 2c)
             exe-1050232 [002] ..... 1634310.177247: tracing_mark_write: fcntl(fd=168, cmd=0x6, arg=0x4d4d4d4d) end
             exe-1050232 [002] ..... 1634310.242390: tracing_mark_write: fcntl(fd=168, cmd=0x6, arg=0xbbbb) start
             exe-1050232 [002] ..... 1634310.242392: sys_pwrite64 -> 0x28
             exe-1050232 [002] ..... 1634310.242399: sys_ptrace(request: 4205, pid: 1006b9, addr: 1, data: c0005d1c70)
             exe-1050232 [002] ..... 1634310.242402: sys_ptrace -> 0x0
             exe-1050232 [002] ..... 1634310.242403: sys_ptrace(request: 4205, pid: 1006b9, addr: 202, data: c0005d1c70)
             exe-1050232 [002] ..... 1634310.242417: sys_ptrace -> 0x0
             exe-1050232 [002] ..... 1634310.242419: sys_ptrace(request: 1f, pid: 1006b9, addr: 0, data: 0)
             exe-1050232 [002] .N... 1634310.242427: sys_ptrace -> 0x0
             exe-1049567 [001] ..... 1634310.242435: sys_nanosleep -> 0x0
             exe-1050297 [002] ..... 1634310.242439: sys_write -> 0x28
             exe-1049567 [001] ..... 1634310.242440: sys_nanosleep(rqtp: c000069f10, rmtp: 0)
             exe-1050232 [002] ..... 1634310.242460: sys_wait4(upid: 1006b9, stat_addr: c0005d1bf4, options: 40000002, ru: 0)
             exe-1049673 [001] ..... 1634310.242463: sys_nanosleep -> 0x0
             exe-1050232 [002] ..... 1634310.242463: sys_wait4 -> 0x1006b9
             exe-1050232 [002] ..... 1634310.242466: sys_ptrace(request: 4204, pid: 1006b9, addr: 1, data: c0005d1c70)
             exe-1049673 [001] ..... 1634310.242468: sys_nanosleep(rqtp: c000069f10, rmtp: 0)
             exe-1050232 [002] ..... 1634310.242470: sys_ptrace -> 0x0
             exe-1050232 [002] ..... 1634310.242471: sys_ptrace(request: 4204, pid: 1006b9, addr: 202, data: c0005d1c70)
             exe-1050232 [002] ..... 1634310.242474: sys_ptrace -> 0x0
             exe-1050232 [002] ..... 1634310.242486: sys_ptrace(request: 4205, pid: 1006b9, addr: 1, data: c0005d1c70)
             exe-1050232 [002] ..... 1634310.242489: sys_ptrace -> 0x0
             exe-1050232 [002] ..... 1634310.242490: sys_ptrace(request: 4205, pid: 1006b9, addr: 202, data: c0005d1c70)
             exe-1050232 [002] ..... 1634310.242501: sys_ptrace -> 0x0
             exe-1050232 [002] ..... 1634310.242503: sys_ptrace(request: 1f, pid: 1006b9, addr: 0, data: 0)
             exe-1050232 [002] .N... 1634310.242511: sys_ptrace -> 0x0
             exe-1050297 [002] ..... 1634310.242522: sys_fcntl -> 0xfffffffffffffff2
             exe-1050232 [002] ..... 1634310.242541: sys_wait4(upid: 1006b9, stat_addr: c0005d1bf4, options: 40000002, ru: 0)
             exe-1050232 [002] ..... 1634310.242544: sys_wait4 -> 0x1006b9
             exe-1050232 [002] ..... 1634310.242546: sys_ptrace(request: 4204, pid: 1006b9, addr: 1, data: c0005d1c70)
             exe-1049567 [001] ..... 1634310.242548: sys_nanosleep -> 0x0
             exe-1050232 [002] ..... 1634310.242550: sys_ptrace -> 0x0
             exe-1050232 [002] ..... 1634310.242552: sys_ptrace(request: 4204, pid: 1006b9, addr: 202, data: c0005d1c70)
             exe-1049567 [001] ..... 1634310.242554: sys_nanosleep(rqtp: c000069f10, rmtp: 0)
             exe-1050232 [002] ..... 1634310.242554: sys_ptrace -> 0x0
             exe-1050232 [002] ..... 1634310.242564: sys_pwrite64(fd: 63, buf: 7fd66dbc0080, count: 26, pos: 28)
             exe-1050232 [002] ..... 1634310.242566: tracing_mark_write: fcntl(fd=168, cmd=0x6, arg=0xbbbb) end
             exe-1050232 [002] ..... 1634310.307313: tracing_mark_write: fcntl(fd=168, cmd=0x6, arg=42) start
             exe-1050232 [002] ..... 1634310.307314: sys_pwrite64 -> 0x24
             exe-1049673 [003] ..... 1634310.307317: sys_nanosleep -> 0x0
             exe-1049673 [003] ..... 1634310.307319: sys_nanosleep(rqtp: c000069f10, rmtp: 0)
             exe-1050232 [002] ..... 1634310.307321: sys_ptrace(request: 4205, pid: 1006b9, addr: 1, data: c0005d1c70)
             exe-1050232 [002] ..... 1634310.307324: sys_ptrace -> 0x0
             exe-1050232 [002] ..... 1634310.307326: sys_ptrace(request: 4205, pid: 1006b9, addr: 202, data: c0005d1c70)
             exe-1050232 [002] ..... 1634310.307338: sys_ptrace -> 0x0
             exe-1050232 [002] ..... 1634310.307340: sys_ptrace(request: 1f, pid: 1006b9, addr: 0, data: 0)
             exe-1050232 [002] .N... 1634310.307401: sys_ptrace -> 0x0
             exe-1050297 [002] ..... 1634310.307413: sys_write -> 0x24
             exe-1049673 [003] ..... 1634310.307418: sys_nanosleep -> 0x0
             exe-1049673 [003] ..... 1634310.307420: sys_nanosleep(rqtp: c000069f10, rmtp: 0)
             exe-1050232 [002] ..... 1634310.307439: sys_wait4(upid: 1006b9, stat_addr: c0005d1bf4, options: 40000002, ru: 0)
             exe-1050232 [002] ..... 1634310.307442: sys_wait4 -> 0x1006b9
             exe-1050232 [002] ..... 1634310.307445: sys_ptrace(request: 4204, pid: 1006b9, addr: 1, data: c0005d1c70)
             exe-1050232 [002] ..... 1634310.307449: sys_ptrace -> 0x0
             exe-1050232 [002] ..... 1634310.307451: sys_ptrace(request: 4204, pid: 1006b9, addr: 202, data: c0005d1c70)
             exe-1050232 [002] ..... 1634310.307454: sys_ptrace -> 0x0
             exe-1050232 [002] ..... 1634310.307469: sys_ptrace(request: 4205, pid: 1006b9, addr: 1, data: c0005d1c70)
             exe-1050232 [002] ..... 1634310.307472: sys_ptrace -> 0x0
             exe-1050232 [002] ..... 1634310.307474: sys_ptrace(request: 4205, pid: 1006b9, addr: 202, data: c0005d1c70)
             exe-1050232 [002] ..... 1634310.307486: sys_ptrace -> 0x0
             exe-1050232 [002] ..... 1634310.307488: sys_ptrace(request: 1f, pid: 1006b9, addr: 0, data: 0)
             exe-1050232 [002] .N... 1634310.307496: sys_ptrace -> 0x0
             exe-1049673 [003] ..... 1634310.307506: sys_nanosleep -> 0x0
             exe-1050297 [002] ..... 1634310.307507: sys_fcntl -> 0xfffffffffffffff2
             exe-1049673 [003] ..... 1634310.307508: sys_nanosleep(rqtp: c000069f10, rmtp: 0)
