             exe-1050232 [001] ..... 1634311.316496: sys_pwrite64 -> 0x23
             exe-1050232 [001] ..... 1634311.316503: sys_ptrace(request: 4205, pid: 1006b9, addr: 1, data: c0005d1c70)
             exe-1050232 [001] ..... 1634311.316506: sys_ptrace -> 0x0
             exe-1050232 [001] ..... 1634311.316508: sys_ptrace(request: 4205, pid: 1006b9, addr: 202, data: c0005d1c70)
             exe-1049673 [003] ..... 1634311.316516: sys_nanosleep -> 0x0
             exe-1050232 [001] ..... 1634311.316520: sys_ptrace -> 0x0
             exe-1050232 [001] ..... 1634311.316522: sys_ptrace(request: 1f, pid: 1006b9, addr: 0, data: 0)
             exe-1049673 [003] ..... 1634311.316526: sys_nanosleep(rqtp: c000069f10, rmtp: 0)
             exe-1050232 [001] .N... 1634311.316530: sys_ptrace -> 0x0
             exe-1050297 [001] ..... 1634311.316542: sys_write -> 0x23
             exe-1049567 [003] ..... 1634311.316557: sys_nanosleep -> 0x0
             exe-1050232 [001] ..... 1634311.316563: sys_wait4(upid: 1006b9, stat_addr: c0005d1bf4, options: 40000002, ru: 0)
             exe-1049567 [003] ..... 1634311.316563: sys_nanosleep(rqtp: c000069f10, rmtp: 0)
             exe-1050232 [001] ..... 1634311.316566: sys_wait4 -> 0x1006b9
             exe-1050232 [001] ..... 1634311.316568: sys_ptrace(request: 4204, pid: 1006b9, addr: 1, data: c0005d1c70)
             exe-1050232 [001] ..... 1634311.316572: sys_ptrace -> 0x0
             exe-1050232 [001] ..... 1634311.316574: sys_ptrace(request: 4204, pid: 1006b9, addr: 202, data: c0005d1c70)
             exe-1050232 [001] ..... 1634311.316577: sys_ptrace -> 0x0
             exe-1050232 [001] ..... 1634311.316586: sys_ptrace(request: 4205, pid: 1006b9, addr: 1, data: c0005d1c70)
             exe-1050232 [001] ..... 1634311.316588: sys_ptrace -> 0x0
             exe-1050232 [001] ..... 1634311.316590: sys_ptrace(request: 4205, pid: 1006b9, addr: 202, data: c0005d1c70)
             exe-1050232 [001] ..... 1634311.316600: sys_ptrace -> 0x0
             exe-1050232 [001] ..... 1634311.316601: sys_ptrace(request: 1f, pid: 1006b9, addr: 0, data: 0)
             exe-1050232 [001] .N... 1634311.316608: sys_ptrace -> 0x0
             exe-1050297 [001] ..... 1634311.316619: sys_fcntl -> 0xfffffffffffffff2
             exe-1050232 [001] ..... 1634311.316638: sys_wait4(upid: 1006b9, stat_addr: c0005d1bf4, options: 40000002, ru: 0)
             exe-1050232 [001] ..... 1634311.316641: sys_wait4 -> 0x1006b9
             exe-1050232 [001] ..... 1634311.316643: sys_ptrace(request: 4204, pid: 1006b9, addr: 1, data: c0005d1c70)
             exe-1050232 [001] ..... 1634311.316647: sys_ptrace -> 0x0
             exe-1050232 [001] ..... 1634311.316648: sys_ptrace(request: 4204, pid: 1006b9, addr: 202, data: c0005d1c70)
             exe-1050232 [001] ..... 1634311.316651: sys_ptrace -> 0x0
             exe-1049673 [003] ..... 1634311.316655: sys_nanosleep -> 0x0
             exe-1050232 [001] ..... 1634311.316660: sys_pwrite64(fd: 63, buf: 7fd66dbc0080, count: 21, pos: 23)
             exe-1050232 [001] ..... 1634311.316661: tracing_mark_write: fcntl(fd=72, cmd=0x6, arg=-6) end
             exe-1050232 [001] ..... 1634311.381084: tracing_mark_write: fcntl(fd=72, cmd=0x6, arg=-9) start
             exe-1050232 [001] ..... 1634311.381086: sys_pwrite64 -> 0x23
             exe-1050232 [001] ..... 1634311.381099: sys_ptrace(request: 4205, pid: 1006b9, addr: 1, data: c0005d1c70)
             exe-1050232 [001] ..... 1634311.381110: sys_ptrace -> 0x0
             exe-1050232 [001] ..... 1634311.381113: sys_ptrace(request: 4205, pid: 1006b9, addr: 202, data: c0005d1c70)
             exe-1049567 [000] ..... 1634311.381114: sys_nanosleep -> 0x0
             exe-1049567 [000] ..... 1634311.381121: sys_nanosleep(rqtp: c000069f10, rmtp: 0)
             exe-1050232 [001] ..... 1634311.381137: sys_ptrace -> 0x0
             exe-1050232 [001] ..... 1634311.381139: sys_ptrace(request: 1f, pid: 1006b9, addr: 0, data: 0)
             exe-1050232 [001] .N... 1634311.381150: sys_ptrace -> 0x0
             exe-1050297 [001] ..... 1634311.381163: sys_write -> 0x23
             exe-1050232 [001] ..... 1634311.381191: sys_wait4(upid: 1006b9, stat_addr: c0005d1bf4, options: 40000002, ru: 0)
             exe-1050232 [001] ..... 1634311.381194: sys_wait4 -> 0x1006b9
             exe-1050232 [001] ..... 1634311.381197: sys_ptrace(request: 4204, pid: 1006b9, addr: 1, data: c0005d1c70)
             exe-1050232 [001] ..... 1634311.381207: sys_ptrace -> 0x0
             exe-1049673 [000] ..... 1634311.381209: sys_nanosleep -> 0x0
             exe-1050232 [001] ..... 1634311.381210: sys_ptrace(request: 4204, pid: 1006b9, addr: 202, data: c0005d1c70)
             exe-1050232 [001] ..... 1634311.381215: sys_ptrace -> 0x0
             exe-1049673 [000] ..... 1634311.381217: sys_nanosleep(rqtp: c000069f10, rmtp: 0)
             exe-1050232 [001] ..... 1634311.381228: sys_ptrace(request: 4205, pid: 1006b9, addr: 1, data: c0005d1c70)
             exe-1050232 [001] ..... 1634311.381231: sys_ptrace -> 0x0
             exe-1050232 [001] ..... 1634311.381233: sys_ptrace(request: 4205, pid: 1006b9, addr: 202, data: c0005d1c70)
             exe-1049567 [000] ..... 1634311.381244: sys_nanosleep -> 0x0
             exe-1049567 [000] ..... 1634311.381250: sys_nanosleep(rqtp: c000069f10, rmtp: 0)
             exe-1050232 [001] ..... 1634311.381254: sys_ptrace -> 0x0
             exe-1050232 [001] ..... 1634311.381257: sys_ptrace(request: 1f, pid: 1006b9, addr: 0, data: 0)
             exe-1050232 [001] .N... 1634311.381266: sys_ptrace -> 0x0
             exe-1050297 [001] ..... 1634311.381277: sys_fcntl -> 0xfffffffffffffff2
             exe-1050232 [001] ..... 1634311.381300: sys_wait4(upid: 1006b9, stat_addr: c0005d1bf4, options: 40000002, ru: 0)
             exe-1050232 [001] ..... 1634311.381305: sys_wait4 -> 0x1006b9
             exe-1050232 [001] ..... 1634311.381309: sys_ptrace(request: 4204, pid: 1006b9, addr: 1, data: c0005d1c70)
             exe-1050232 [001] ..... 1634311.381314: sys_ptrace -> 0x0
             exe-1050232 [001] ..... 1634311.381315: sys_ptrace(request: 4204, pid: 1006b9, addr: 202, data: c0005d1c70)
             exe-1050232 [001] ..... 1634311.381319: sys_ptrace -> 0x0
             exe-1049673 [000] ..... 1634311.381337: sys_nanosleep -> 0x0
             exe-1050232 [001] ..... 1634311.381338: sys_pwrite64(fd: 63, buf: 7fd66dbc0080, count: 21, pos: 23)
             exe-1050232 [001] ..... 1634311.381341: tracing_mark_write: fcntl(fd=72, cmd=0x6, arg=-9) end
             exe-1050008 [002] ..... 1634311.453661: tracing_mark_write: fcntl(fd=338, cmd=0x6, arg=0x3c3c3c3c) start
             exe-1050008 [002] ..... 1634311.453663: sys_pwrite64 -> 0x2c
             exe-1049567 [000] ..... 1634311.453664: sys_nanosleep(rqtp: c000069f10, rmtp: 0)
             exe-1050008 [002] ..... 1634311.453668: sys_ptrace(request: 4205, pid: 10059f, addr: 1, data: c0005d1c70)
             exe-1050008 [002] ..... 1634311.453670: sys_ptrace -> 0x0
             exe-1050008 [002] ..... 1634311.453671: sys_ptrace(request: 4205, pid: 10059f, addr: 202, data: c0005d1c70)
             exe-1049673 [003] ..... 1634311.453676: sys_nanosleep -> 0x0
             exe-1050008 [002] ..... 1634311.453678: sys_ptrace -> 0x0
             exe-1049673 [003] ..... 1634311.453679: sys_nanosleep(rqtp: c000069f10, rmtp: 0)
             exe-1050008 [002] ..... 1634311.453680: sys_ptrace(request: 1f, pid: 10059f, addr: 0, data: 0)
             exe-1050008 [002] ..... 1634311.453686: sys_ptrace -> 0x0
             exe-1050008 [002] ..... 1634311.453688: sys_wait4(upid: 10059f, stat_addr: c0005d1bf4, options: 40000002, ru: 0)
             exe-1050015 [001] ..... 1634311.453695: sys_write -> 0x2c
             exe-1050008 [002] ..... 1634311.453714: sys_wait4 -> 0x10059f
             exe-1050008 [002] ..... 1634311.453716: sys_ptrace(request: 4204, pid: 10059f, addr: 1, data: c0005d1c70)
             exe-1050008 [002] ..... 1634311.453719: sys_ptrace -> 0x0
             exe-1050008 [002] ..... 1634311.453720: sys_ptrace(request: 4204, pid: 10059f, addr: 202, data: c0005d1c70)
             exe-1050008 [002] ..... 1634311.453722: sys_ptrace -> 0x0
             exe-1050008 [002] ..... 1634311.453733: sys_ptrace(request: 4205, pid: 10059f, addr: 1, data: c0005d1c70)
             exe-1050008 [002] ..... 1634311.453735: sys_ptrace -> 0x0
             exe-1050008 [002] ..... 1634311.453737: sys_ptrace(request: 4205, pid: 10059f, addr: 202, data: c0005d1c70)
             exe-1050008 [002] ..... 1634311.453743: sys_ptrace -> 0x0
             exe-1050008 [002] ..... 1634311.453744: sys_ptrace(request: 1f, pid: 10059f, addr: 0, data: 0)
             exe-1050008 [002] ..... 1634311.453751: sys_ptrace -> 0x0
             exe-1050008 [002] ..... 1634311.453752: sys_wait4(upid: 10059f, stat_addr: c0005d1bf4, options: 40000002, ru: 0)
             exe-1050015 [001] ..... 1634311.453756: sys_fcntl -> 0xfffffffffffffff2
             exe-1049673 [003] ..... 1634311.453770: sys_nanosleep -> 0x0
             exe-1050008 [002] ..... 1634311.453770: sys_wait4 -> 0x10059f
             exe-1049673 [003] ..... 1634311.453772: sys_nanosleep(rqtp: c000069f10, rmtp: 0)
             exe-1050008 [002] ..... 1634311.453772: sys_ptrace(request: 4204, pid: 10059f, addr: 1, data: c0005d1c70)
             exe-1050008 [002] ..... 1634311.453775: sys_ptrace -> 0x0
             exe-1050008 [002] ..... 1634311.453776: sys_ptrace(request: 4204, pid: 10059f, addr: 202, data: c0005d1c70)
             exe-1050008 [002] ..... 1634311.453778: sys_ptrace -> 0x0
             exe-1050008 [002] ..... 1634311.453783: sys_pwrite64(fd: 63, buf: 7fd66dbc0080, count: 2a, pos: 2c)
             exe-1050008 [002] ..... 1634311.453784: tracing_mark_write: fcntl(fd=338, cmd=0x6, arg=0x3c3c3c3c) end
             exe-1050008 [002] ..... 1634311.524854: tracing_mark_write: fcntl(fd=338, cmd=0x6, arg=142) start
             exe-1050008 [002] ..... 1634311.524855: sys_pwrite64 -> 0x25
             exe-1050008 [002] ..... 1634311.524860: sys_ptrace(request: 4205, pid: 10059f, addr: 1, data: c0005d1c70)
             exe-1050008 [002] ..... 1634311.524862: sys_ptrace -> 0x0
             exe-1050008 [002] ..... 1634311.524864: sys_ptrace(request: 4205, pid: 10059f, addr: 202, data: c0005d1c70)
             exe-1049673 [003] ..... 1634311.524868: sys_nanosleep -> 0x0
             exe-1050008 [002] ..... 1634311.524871: sys_ptrace -> 0x0
             exe-1049673 [003] ..... 1634311.524871: sys_nanosleep(rqtp: c000069f10, rmtp: 0)
             exe-1050008 [002] ..... 1634311.524872: sys_ptrace(request: 1f, pid: 10059f, addr: 0, data: 0)
             exe-1050008 [002] ..... 1634311.524878: sys_ptrace -> 0x0
             exe-1050008 [002] ..... 1634311.524880: sys_wait4(upid: 10059f, stat_addr: c0005d1bf4, options: 40000002, ru: 0)
             exe-1050015 [001] ..... 1634311.524887: sys_write -> 0x25
             exe-1050008 [002] ..... 1634311.524908: sys_wait4 -> 0x10059f
             exe-1050008 [002] ..... 1634311.524910: sys_ptrace(request: 4204, pid: 10059f, addr: 1, data: c0005d1c70)
             exe-1050008 [002] ..... 1634311.524913: sys_ptrace -> 0x0
             exe-1050008 [002] ..... 1634311.524914: sys_ptrace(request: 4204, pid: 10059f, addr: 202, data: c0005d1c70)
             exe-1050008 [002] ..... 1634311.524916: sys_ptrace -> 0x0
             exe-1050008 [002] ..... 1634311.524925: sys_ptrace(request: 4205, pid: 10059f, addr: 1, data: c0005d1c70)
             exe-1050008 [002] ..... 1634311.524928: sys_ptrace -> 0x0
             exe-1050008 [002] ..... 1634311.524929: sys_ptrace(request: 4205, pid: 10059f, addr: 202, data: c0005d1c70)
             exe-1049567 [000] ..... 1634311.524932: sys_nanosleep -> 0x0
             exe-1049567 [000] ..... 1634311.524934: sys_nanosleep(rqtp: c000069f10, rmtp: 0)
             exe-1050008 [002] ..... 1634311.524935: sys_ptrace -> 0x0
             exe-1050008 [002] ..... 1634311.524936: sys_ptrace(request: 1f, pid: 10059f, addr: 0, data: 0)
             exe-1050008 [002] ..... 1634311.524943: sys_ptrace -> 0x0
             exe-1050008 [002] ..... 1634311.524944: sys_wait4(upid: 10059f, stat_addr: c0005d1bf4, options: 40000002, ru: 0)
             exe-1050015 [001] ..... 1634311.524948: sys_fcntl -> 0xfffffffffffffff2
             exe-1049673 [003] ..... 1634311.524957: sys_nanosleep -> 0x0
             exe-1049673 [003] ..... 1634311.524959: sys_nanosleep(rqtp: c000069f10, rmtp: 0)
             exe-1050008 [002] ..... 1634311.524965: sys_wait4 -> 0x10059f
             exe-1050008 [002] ..... 1634311.524968: sys_ptrace(request: 4204, pid: 10059f, addr: 1, data: c0005d1c70)
             exe-1050008 [002] ..... 1634311.524970: sys_ptrace -> 0x0
             exe-1050008 [002] ..... 1634311.524971: sys_ptrace(request: 4204, pid: 10059f, addr: 202, data: c0005d1c70)
             exe-1050008 [002] ..... 1634311.524973: sys_ptrace -> 0x0
             exe-1050008 [002] ..... 1634311.524978: sys_pwrite64(fd: 63, buf: 7fd66dbc0080, count: 23, pos: 25)
             exe-1050008 [002] ..... 1634311.524980: tracing_mark_write: fcntl(fd=338, cmd=0x6, arg=142) end
             exe-1050008 [002] ..... 1634311.586877: tracing_mark_write: fcntl(fd=338, cmd=0x6, arg=2) start
             exe-1050008 [002] ..... 1634311.586878: sys_pwrite64 -> 0x23
             exe-1050008 [002] ..... 1634311.586885: sys_ptrace(request: 4205, pid: 10059f, addr: 1, data: c0005d1c70)
             exe-1050008 [002] ..... 1634311.586888: sys_ptrace -> 0x0
             exe-1050008 [002] ..... 1634311.586891: sys_ptrace(request: 4205, pid: 10059f, addr: 202, data: c0005d1c70)
             exe-1049567 [001] ..... 1634311.586927: sys_nanosleep -> 0x0
             exe-1049567 [001] ..... 1634311.586929: sys_nanosleep(rqtp: c000069f10, rmtp: 0)
             exe-1050008 [002] ..... 1634311.586972: sys_ptrace -> 0x0
             exe-1050008 [002] ..... 1634311.586976: sys_ptrace(request: 1f, pid: 10059f, addr: 0, data: 0)
             exe-1050008 [002] ..... 1634311.586986: sys_ptrace -> 0x0
             exe-1050008 [002] ..... 1634311.586989: sys_wait4(upid: 10059f, stat_addr: c0005d1bf4, options: 40000002, ru: 0)
             exe-1050015 [001] ..... 1634311.586997: sys_write -> 0x23
             exe-1049567 [001] ..... 1634311.587039: sys_nanosleep -> 0x0
             exe-1049567 [001] ..... 1634311.587044: sys_nanosleep(rqtp: c000069f10, rmtp: 0)
             exe-1050008 [002] ..... 1634311.587079: sys_wait4 -> 0x10059f
             exe-1050008 [002] ..... 1634311.587084: sys_ptrace(request: 4204, pid: 10059f, addr: 1, data: c0005d1c70)
             exe-1050008 [002] ..... 1634311.587089: sys_ptrace -> 0x0
             exe-1050008 [002] ..... 1634311.587091: sys_ptrace(request: 4204, pid: 10059f, addr: 202, data: c0005d1c70)
             exe-1050008 [002] ..... 1634311.587093: sys_ptrace -> 0x0
             exe-1050008 [002] ..... 1634311.587109: sys_ptrace(request: 4205, pid: 10059f, addr: 1, data: c0005d1c70)
             exe-1050008 [002] ..... 1634311.587111: sys_ptrace -> 0x0
             exe-1050008 [002] ..... 1634311.587113: sys_ptrace(request: 4205, pid: 10059f, addr: 202, data: c0005d1c70)
             exe-1050008 [002] ..... 1634311.587124: sys_ptrace -> 0x0
             exe-1050008 [002] ..... 1634311.587126: sys_ptrace(request: 1f, pid: 10059f, addr: 0, data: 0)
             exe-1049567 [001] ..... 1634311.587135: sys_nanosleep -> 0x0
             exe-1049567 [001] ..... 1634311.587137: sys_nanosleep(rqtp: c000069f10, rmtp: 0)
             exe-1050008 [002] .N... 1634311.587159: sys_ptrace -> 0x0
             exe-1050015 [001] ..... 1634311.587170: sys_fcntl -> 0xfffffffffffffff2
             exe-1050008 [002] ..... 1634311.587203: sys_wait4(upid: 10059f, stat_addr: c0005d1bf4, options: 40000002, ru: 0)
             exe-1050008 [002] ..... 1634311.587206: sys_wait4 -> 0x10059f
             exe-1050008 [002] ..... 1634311.587208: sys_ptrace(request: 4204, pid: 10059f, addr: 1, data: c0005d1c70)
             exe-1050008 [002] ..... 1634311.587212: sys_ptrace -> 0x0
             exe-1050008 [002] ..... 1634311.587214: sys_ptrace(request: 4204, pid: 10059f, addr: 202, data: c0005d1c70)
             exe-1050008 [002] ..... 1634311.587217: sys_ptrace -> 0x0
             exe-1050008 [002] ..... 1634311.587231: sys_pwrite64(fd: 63, buf: 7fd66dbc0080, count: 21, pos: 23)
             exe-1050008 [002] ..... 1634311.587233: tracing_mark_write: fcntl(fd=338, cmd=0x6, arg=2) end
             exe-1050008 [002] ..... 1634311.665362: tracing_mark_write: fcntl(fd=338, cmd=0x6, arg=0x4cf1cce81f48b848) start
             exe-1050008 [002] ..... 1634311.665364: sys_pwrite64 -> 0x34
             exe-1050008 [002] ..... 1634311.665371: sys_ptrace(request: 4205, pid: 10059f, addr: 1, data: c0005d1c70)
             exe-1050008 [002] ..... 1634311.665374: sys_ptrace -> 0x0
             exe-1050008 [002] ..... 1634311.665375: sys_ptrace(request: 4205, pid: 10059f, addr: 202, data: c0005d1c70)
             exe-1049567 [001] ..... 1634311.665390: sys_nanosleep -> 0x0
             exe-1049567 [001] ..... 1634311.665392: sys_nanosleep(rqtp: c000069f10, rmtp: 0)
             exe-1050008 [002] ..... 1634311.665450: sys_ptrace -> 0x0
             exe-1050008 [002] ..... 1634311.665455: sys_ptrace(request: 1f, pid: 10059f, addr: 0, data: 0)
             exe-1050008 [002] ..... 1634311.665464: sys_ptrace -> 0x0
             exe-1050008 [002] ..... 1634311.665467: sys_wait4(upid: 10059f, stat_addr: c0005d1bf4, options: 40000002, ru: 0)
             exe-1050015 [001] ..... 1634311.665471: sys_write -> 0x34
             exe-1050008 [002] ..... 1634311.665483: sys_wait4 -> 0x10059f
             exe-1050008 [002] ..... 1634311.665486: sys_ptrace(request: 4204, pid: 10059f, addr: 1, data: c0005d1c70)
             exe-1050008 [002] ..... 1634311.665488: sys_ptrace -> 0x0
             exe-1050008 [002] ..... 1634311.665491: sys_ptrace(request: 4204, pid: 10059f, addr: 202, data: c0005d1c70)
             exe-1049567 [001] ..... 1634311.665504: sys_nanosleep -> 0x0
             exe-1049567 [001] ..... 1634311.665508: sys_nanosleep(rqtp: c000069f10, rmtp: 0)
             exe-1050008 [002] .N... 1634311.665513: sys_ptrace -> 0x0
             exe-1050008 [002] ..... 1634311.665563: sys_ptrace(request: 4205, pid: 10059f, addr: 1, data: c0005d1c70)
             exe-1050008 [002] ..... 1634311.665575: sys_ptrace -> 0x0
             exe-1050008 [002] ..... 1634311.665576: sys_ptrace(request: 4205, pid: 10059f, addr: 202, data: c0005d1c70)
             exe-1050008 [002] ..... 1634311.665588: sys_ptrace -> 0x0
             exe-1050008 [002] ..... 1634311.665589: sys_ptrace(request: 1f, pid: 10059f, addr: 0, data: 0)
             exe-1050008 [002] ..... 1634311.665598: sys_ptrace -> 0x0
             exe-1050015 [001] ..... 1634311.665607: sys_fcntl -> 0xfffffffffffffff2
             exe-1049567 [001] ..... 1634311.665660: sys_nanosleep -> 0x0
             exe-1050008 [002] ..... 1634311.665660: sys_wait4(upid: 10059f, stat_addr: c0005d1bf4, options: 40000002, ru: 0)
             exe-1050008 [002] ..... 1634311.665663: sys_wait4 -> 0x10059f
             exe-1049567 [001] ..... 1634311.665663: sys_nanosleep(rqtp: c000069f10, rmtp: 0)
             exe-1050008 [002] ..... 1634311.665666: sys_ptrace(request: 4204, pid: 10059f, addr: 1, data: c0005d1c70)
             exe-1050008 [002] ..... 1634311.665670: sys_ptrace -> 0x0
             exe-1050008 [002] ..... 1634311.665672: sys_ptrace(request: 4204, pid: 10059f, addr: 202, data: c0005d1c70)
             exe-1050008 [002] ..... 1634311.665676: sys_ptrace -> 0x0
             exe-1050008 [002] ..... 1634311.665691: sys_pwrite64(fd: 63, buf: 7fd66dbc0080, count: 32, pos: 34)
             exe-1050008 [002] ..... 1634311.665692: tracing_mark_write: fcntl(fd=338, cmd=0x6, arg=0x4cf1cce81f48b848) end
             exe-1050008 [002] ..... 1634311.746710: tracing_mark_write: fcntl(fd=375, cmd=0x6, arg=-6) start
             exe-1050008 [002] ..... 1634311.746742: sys_pwrite64 -> 0x24
             exe-1050008 [002] ..... 1634311.746752: sys_ptrace(request: 4205, pid: 10059f, addr: 1, data: c0005d1c70)
             exe-1050008 [002] ..... 1634311.746755: sys_ptrace -> 0x0
             exe-1050008 [002] ..... 1634311.746756: sys_ptrace(request: 4205, pid: 10059f, addr: 202, data: c0005d1c70)
             exe-1050008 [002] ..... 1634311.746775: sys_ptrace -> 0x0
             exe-1050008 [002] ..... 1634311.746777: sys_ptrace(request: 1f, pid: 10059f, addr: 0, data: 0)
             exe-1050008 [002] .N... 1634311.746781: sys_ptrace -> 0x0
             exe-1050015 [002] ..... 1634311.746795: sys_write -> 0x24
             exe-1049673 [002] ..... 1634311.746817: sys_nanosleep -> 0x0
             exe-1049673 [002] ..... 1634311.746825: sys_nanosleep(rqtp: c000069f10, rmtp: 0)
             exe-1050008 [002] ..... 1634311.746859: sys_wait4(upid: 10059f, stat_addr: c0005d1bf4, options: 40000002, ru: 0)
             exe-1050008 [002] ..... 1634311.746864: sys_wait4 -> 0x10059f
             exe-1050008 [002] ..... 1634311.746866: sys_ptrace(request: 4204, pid: 10059f, addr: 1, data: c0005d1c70)
             exe-1050008 [002] ..... 1634311.746871: sys_ptrace -> 0x0
             exe-1050008 [002] ..... 1634311.746873: sys_ptrace(request: 4204, pid: 10059f, addr: 202, data: c0005d1c70)
             exe-1050008 [002] ..... 1634311.746876: sys_ptrace -> 0x0
             exe-1050008 [002] ..... 1634311.746935: sys_ptrace(request: 4205, pid: 10059f, addr: 1, data: c0005d1c70)
             exe-1050008 [002] ..... 1634311.746938: sys_ptrace -> 0x0
             exe-1050008 [002] ..... 1634311.746940: sys_ptrace(request: 4205, pid: 10059f, addr: 202, data: c0005d1c70)
             exe-1050008 [002] ..... 1634311.746959: sys_ptrace -> 0x0
             exe-1050008 [002] ..... 1634311.746961: sys_ptrace(request: 1f, pid: 10059f, addr: 0, data: 0)
             exe-1050008 [002] .N... 1634311.746965: sys_ptrace -> 0x0
             exe-1050015 [002] ..... 1634311.746979: sys_fcntl -> 0xfffffffffffffff2
             exe-1049673 [002] ..... 1634311.747001: sys_nanosleep -> 0x0
             exe-1049673 [002] ..... 1634311.747008: sys_nanosleep(rqtp: c000069f10, rmtp: 0)
             exe-1050008 [002] ..... 1634311.747044: sys_wait4(upid: 10059f, stat_addr: c0005d1bf4, options: 40000002, ru: 0)
             exe-1050008 [002] ..... 1634311.747048: sys_wait4 -> 0x10059f
             exe-1050008 [002] ..... 1634311.747051: sys_ptrace(request: 4204, pid: 10059f, addr: 1, data: c0005d1c70)
             exe-1050008 [002] ..... 1634311.747056: sys_ptrace -> 0x0
             exe-1050008 [002] ..... 1634311.747058: sys_ptrace(request: 4204, pid: 10059f, addr: 202, data: c0005d1c70)
             exe-1050008 [002] ..... 1634311.747061: sys_ptrace -> 0x0
             exe-1050008 [002] ..... 1634311.747077: sys_pwrite64(fd: 63, buf: 7fd66dbc0080, count: 22, pos: 24)
             exe-1050008 [002] ..... 1634311.747112: tracing_mark_write: fcntl(fd=375, cmd=0x6, arg=-6) end
             exe-1050008 [001] ..... 1634311.818383: tracing_mark_write: fcntl(fd=375, cmd=0x6, arg=0xffff0000) start
             exe-1050008 [001] ..... 1634311.818385: sys_pwrite64 -> 0x2c
             exe-1050008 [001] ..... 1634311.818390: sys_ptrace(request: 4205, pid: 10059f, addr: 1, data: c0005d1c70)
             exe-1050008 [001] ..... 1634311.818392: sys_ptrace -> 0x0
             exe-1050008 [001] ..... 1634311.818394: sys_ptrace(request: 4205, pid: 10059f, addr: 202, data: c0005d1c70)
             exe-1050008 [001] ..... 1634311.818402: sys_ptrace -> 0x0
             exe-1050008 [001] ..... 1634311.818404: sys_ptrace(request: 1f, pid: 10059f, addr: 0, data: 0)
             exe-1049673 [002] ..... 1634311.818414: sys_nanosleep -> 0x0
             exe-1050008 [001] ..... 1634311.818422: sys_ptrace -> 0x0
             exe-1050008 [001] ..... 1634311.818424: sys_wait4(upid: 10059f, stat_addr: c0005d1bf4, options: 40000002, ru: 0)
             exe-1049673 [002] .N... 1634311.818430: sys_nanosleep(rqtp: c000069f10, rmtp: 0)
             exe-1049567 [003] ..... 1634311.818432: sys_nanosleep -> 0x0
             exe-1049567 [003] ..... 1634311.818434: sys_nanosleep(rqtp: c000069f10, rmtp: 0)
             exe-1050015 [002] ..... 1634311.818445: sys_write -> 0x2c
             exe-1050008 [001] ..... 1634311.818466: sys_wait4 -> 0x10059f
             exe-1050008 [001] ..... 1634311.818469: sys_ptrace(request: 4204, pid: 10059f, addr: 1, data: c0005d1c70)
             exe-1050008 [001] ..... 1634311.818499: sys_ptrace -> 0x0
             exe-1050008 [001] ..... 1634311.818501: sys_ptrace(request: 4204, pid: 10059f, addr: 202, data: c0005d1c70)
             exe-1050008 [001] ..... 1634311.818503: sys_ptrace -> 0x0
             exe-1050008 [001] ..... 1634311.818514: sys_ptrace(request: 4205, pid: 10059f, addr: 1, data: c0005d1c70)
             exe-1049567 [003] ..... 1634311.818522: sys_nanosleep -> 0x0
             exe-1049567 [003] ..... 1634311.818524: sys_nanosleep(rqtp: c000069f10, rmtp: 0)
             exe-1049673 [002] ..... 1634311.818528: sys_nanosleep -> 0x0
             exe-1050008 [001] ..... 1634311.818529: sys_ptrace -> 0x0
             exe-1050008 [001] ..... 1634311.818530: sys_ptrace(request: 4205, pid: 10059f, addr: 202, data: c0005d1c70)
             exe-1049673 [002] ..... 1634311.818535: sys_nanosleep(rqtp: c000069f10, rmtp: 0)
             exe-1050008 [001] ..... 1634311.818536: sys_ptrace -> 0x0
             exe-1050008 [001] ..... 1634311.818538: sys_ptrace(request: 1f, pid: 10059f, addr: 0, data: 0)
             exe-1050008 [001] ..... 1634311.818545: sys_ptrace -> 0x0
             exe-1050008 [001] ..... 1634311.818547: sys_wait4(upid: 10059f, stat_addr: c0005d1bf4, options: 40000002, ru: 0)
             exe-1050015 [002] ..... 1634311.818560: sys_fcntl -> 0xfffffffffffffff2
             exe-1050008 [001] ..... 1634311.818585: sys_wait4 -> 0x10059f
             exe-1050008 [001] ..... 1634311.818587: sys_ptrace(request: 4204, pid: 10059f, addr: 1, data: c0005d1c70)
             exe-1049567 [003] ..... 1634311.818612: sys_nanosleep -> 0x0
             exe-1049567 [003] ..... 1634311.818614: sys_nanosleep(rqtp: c000069f10, rmtp: 0)
             exe-1050008 [001] ..... 1634311.818615: sys_ptrace -> 0x0
             exe-1050008 [001] ..... 1634311.818616: sys_ptrace(request: 4204, pid: 10059f, addr: 202, data: c0005d1c70)
             exe-1050008 [001] ..... 1634311.818618: sys_ptrace -> 0x0
             exe-1050008 [001] ..... 1634311.818623: sys_pwrite64(fd: 63, buf: 7fd66dbc0080, count: 2a, pos: 2c)
             exe-1050008 [001] ..... 1634311.818625: tracing_mark_write: fcntl(fd=375, cmd=0x6, arg=0xffff0000) end
             exe-1050008 [001] ..... 1634311.881854: tracing_mark_write: fcntl(fd=375, cmd=0x6, arg=0x8001122184ac) start
             exe-1050008 [001] ..... 1634311.881856: sys_pwrite64 -> 0x30
             exe-1050008 [001] ..... 1634311.881861: sys_ptrace(request: 4205, pid: 10059f, addr: 1, data: c0005d1c70)
             exe-1050008 [001] ..... 1634311.881863: sys_ptrace -> 0x0
             exe-1049567 [003] ..... 1634311.881863: sys_nanosleep -> 0x0
             exe-1050008 [001] ..... 1634311.881865: sys_ptrace(request: 4205, pid: 10059f, addr: 202, data: c0005d1c70)
             exe-1049567 [003] ..... 1634311.881865: sys_nanosleep(rqtp: c000069f10, rmtp: 0)
             exe-1050008 [001] ..... 1634311.881873: sys_ptrace -> 0x0
             exe-1050008 [001] ..... 1634311.881875: sys_ptrace(request: 1f, pid: 10059f, addr: 0, data: 0)
             exe-1050008 [001] ..... 1634311.881884: sys_ptrace -> 0x0
             exe-1050008 [001] ..... 1634311.881886: sys_wait4(upid: 10059f, stat_addr: c0005d1bf4, options: 40000002, ru: 0)
             exe-1050015 [002] ..... 1634311.881900: sys_write -> 0x30
             exe-1050008 [001] ..... 1634311.881931: sys_wait4 -> 0x10059f
             exe-1050008 [001] ..... 1634311.881933: sys_ptrace(request: 4204, pid: 10059f, addr: 1, data: c0005d1c70)
             exe-1049673 [002] ..... 1634311.881949: sys_nanosleep -> 0x0
             exe-1050008 [001] ..... 1634311.881950: sys_ptrace -> 0x0
             exe-1050008 [001] ..... 1634311.881953: sys_ptrace(request: 4204, pid: 10059f, addr: 202, data: c0005d1c70)
             exe-1049567 [003] ..... 1634311.881953: sys_nanosleep -> 0x0
             exe-1049567 [003] ..... 1634311.881955: sys_nanosleep(rqtp: c000069f10, rmtp: 0)
             exe-1050008 [001] ..... 1634311.881955: sys_ptrace -> 0x0
             exe-1049673 [002] ..... 1634311.881955: sys_nanosleep(rqtp: c000069f10, rmtp: 0)
             exe-1050008 [001] ..... 1634311.881961: sys_ptrace(request: 4205, pid: 10059f, addr: 1, data: c0005d1c70)
             exe-1050008 [001] ..... 1634311.881963: sys_ptrace -> 0x0
             exe-1050008 [001] ..... 1634311.881965: sys_ptrace(request: 4205, pid: 10059f, addr: 202, data: c0005d1c70)
             exe-1050008 [001] ..... 1634311.881976: sys_ptrace -> 0x0
             exe-1050008 [001] ..... 1634311.881978: sys_ptrace(request: 1f, pid: 10059f, addr: 0, data: 0)
             exe-1050008 [001] ..... 1634311.881985: sys_ptrace -> 0x0
             exe-1050008 [001] ..... 1634311.881986: sys_wait4(upid: 10059f, stat_addr: c0005d1bf4, options: 40000002, ru: 0)
             exe-1050015 [002] ..... 1634311.882001: sys_fcntl -> 0xfffffffffffffff2
             exe-1050008 [001] ..... 1634311.882021: sys_wait4 -> 0x10059f
             exe-1050008 [001] ..... 1634311.882023: sys_ptrace(request: 4204, pid: 10059f, addr: 1, data: c0005d1c70)
             exe-1050008 [001] ..... 1634311.882026: sys_ptrace -> 0x0
             exe-1050008 [001] ..... 1634311.882028: sys_ptrace(request: 4204, pid: 10059f, addr: 202, data: c0005d1c70)
             exe-1050008 [001] ..... 1634311.882030: sys_ptrace -> 0x0
             exe-1050008 [001] ..... 1634311.882035: sys_pwrite64(fd: 63, buf: 7fd66dbc0080, count: 2e, pos: 30)
             exe-1050008 [001] ..... 1634311.882037: tracing_mark_write: fcntl(fd=375, cmd=0x6, arg=0x8001122184ac) end
             exe-1050008 [001] ..... 1634311.958489: tracing_mark_write: fcntl(fd=224, cmd=0x6, arg=198) start
             exe-1050008 [001] ..... 1634311.958491: sys_pwrite64 -> 0x25
             exe-1050008 [001] ..... 1634311.958497: sys_ptrace(request: 4205, pid: 10059f, addr: 1, data: c0005d1c70)
             exe-1050008 [001] ..... 1634311.958499: sys_ptrace -> 0x0
             exe-1049673 [000] ..... 1634311.958500: sys_nanosleep -> 0x0
             exe-1050008 [001] ..... 1634311.958501: sys_ptrace(request: 4205, pid: 10059f, addr: 202, data: c0005d1c70)
             exe-1049673 [000] ..... 1634311.958502: sys_nanosleep(rqtp: c000069f10, rmtp: 0)
             exe-1050008 [001] ..... 1634311.958512: sys_ptrace -> 0x0
             exe-1050008 [001] ..... 1634311.958513: sys_ptrace(request: 1f, pid: 10059f, addr: 0, data: 0)
             exe-1050008 [001] ..... 1634311.958520: sys_ptrace -> 0x0
             exe-1050008 [001] ..... 1634311.958522: sys_wait4(upid: 10059f, stat_addr: c0005d1bf4, options: 40000002, ru: 0)
             exe-1050015 [001] ..... 1634311.958535: sys_write -> 0x25
             exe-1050008 [001] ..... 1634311.958555: sys_wait4 -> 0x10059f
             exe-1050008 [001] ..... 1634311.958558: sys_ptrace(request: 4204, pid: 10059f, addr: 1, data: c0005d1c70)
             exe-1050008 [001] ..... 1634311.958562: sys_ptrace -> 0x0
             exe-1050008 [001] ..... 1634311.958564: sys_ptrace(request: 4204, pid: 10059f, addr: 202, data: c0005d1c70)
             exe-1049567 [003] ..... 1634311.958565: sys_nanosleep -> 0x0
             exe-1050008 [001] ..... 1634311.958566: sys_ptrace -> 0x0
             exe-1049567 [003] ..... 1634311.958566: sys_nanosleep(rqtp: c000069f10, rmtp: 0)
             exe-1049673 [000] ..... 1634311.958587: sys_nanosleep -> 0x0
             exe-1049673 [000] ..... 1634311.958589: sys_nanosleep(rqtp: c000069f10, rmtp: 0)
             exe-1050008 [001] ..... 1634311.958602: sys_ptrace(request: 4205, pid: 10059f, addr: 1, data: c0005d1c70)
             exe-1050008 [001] ..... 1634311.958605: sys_ptrace -> 0x0
             exe-1050008 [001] ..... 1634311.958607: sys_ptrace(request: 4205, pid: 10059f, addr: 202, data: c0005d1c70)
             exe-1050008 [001] ..... 1634311.958619: sys_ptrace -> 0x0
             exe-1050008 [001] ..... 1634311.958621: sys_ptrace(request: 1f, pid: 10059f, addr: 0, data: 0)
             exe-1050008 [001] ..... 1634311.958628: sys_ptrace -> 0x0
             exe-1050008 [001] ..... 1634311.958630: sys_wait4(upid: 10059f, stat_addr: c0005d1bf4, options: 40000002, ru: 0)
             exe-1050015 [001] ..... 1634311.958643: sys_fcntl -> 0xfffffffffffffff2
             exe-1049567 [003] ..... 1634311.958649: sys_nanosleep -> 0x0
             exe-1049567 [003] ..... 1634311.958651: sys_nanosleep(rqtp: c000069f10, rmtp: 0)
             exe-1050008 [001] ..... 1634311.958665: sys_wait4 -> 0x10059f
             exe-1050008 [001] ..... 1634311.958669: sys_ptrace(request: 4204, pid: 10059f, addr: 1, data: c0005d1c70)
             exe-1050008 [001] ..... 1634311.958673: sys_ptrace -> 0x0
             exe-1049673 [000] ..... 1634311.958673: sys_nanosleep -> 0x0
             exe-1050008 [001] ..... 1634311.958674: sys_ptrace(request: 4204, pid: 10059f, addr: 202, data: c0005d1c70)
             exe-1049673 [000] ..... 1634311.958675: sys_nanosleep(rqtp: c000069f10, rmtp: 0)
             exe-1050008 [001] ..... 1634311.958676: sys_ptrace -> 0x0
             exe-1050008 [001] ..... 1634311.958687: sys_pwrite64(fd: 63, buf: 7fd66dbc0080, count: 23, pos: 25)
             exe-1050008 [001] ..... 1634311.958689: tracing_mark_write: fcntl(fd=224, cmd=0x6, arg=198) end
             exe-1050008 [001] ..... 1634312.021410: tracing_mark_write: fcntl(fd=224, cmd=0x6, arg=2) start
             exe-1050008 [001] ..... 1634312.021412: sys_pwrite64 -> 0x23
             exe-1050008 [001] ..... 1634312.021417: sys_ptrace(request: 4205, pid: 10059f, addr: 1, data: c0005d1c70)
             exe-1050008 [001] ..... 1634312.021420: sys_ptrace -> 0x0
             exe-1050008 [001] ..... 1634312.021421: sys_ptrace(request: 4205, pid: 10059f, addr: 202, data: c0005d1c70)
             exe-1050008 [001] ..... 1634312.021434: sys_ptrace -> 0x0
             exe-1050008 [001] ..... 1634312.021435: sys_ptrace(request: 1f, pid: 10059f, addr: 0, data: 0)
             exe-1050008 [001] .N... 1634312.021442: sys_ptrace -> 0x0
             exe-1050015 [001] ..... 1634312.021452: sys_write -> 0x23
             exe-1049673 [000] ..... 1634312.021464: sys_nanosleep -> 0x0
             exe-1049673 [000] ..... 1634312.021466: sys_nanosleep(rqtp: c000069f10, rmtp: 0)
             exe-1050008 [001] ..... 1634312.021473: sys_wait4(upid: 10059f, stat_addr: c0005d1bf4, options: 40000002, ru: 0)
             exe-1050008 [001] ..... 1634312.021476: sys_wait4 -> 0x10059f
             exe-1050008 [001] ..... 1634312.021479: sys_ptrace(request: 4204, pid: 10059f, addr: 1, data: c0005d1c70)
             exe-1050008 [001] ..... 1634312.021484: sys_ptrace -> 0x0
             exe-1050008 [001] ..... 1634312.021486: sys_ptrace(request: 4204, pid: 10059f, addr: 202, data: c0005d1c70)
             exe-1050008 [001] ..... 1634312.021489: sys_ptrace -> 0x0
             exe-1050008 [001] ..... 1634312.021505: sys_ptrace(request: 4205, pid: 10059f, addr: 1, data: c0005d1c70)
             exe-1050008 [001] ..... 1634312.021509: sys_ptrace -> 0x0
             exe-1050008 [001] ..... 1634312.021510: sys_ptrace(request: 4205, pid: 10059f, addr: 202, data: c0005d1c70)
             exe-1050008 [001] ..... 1634312.021524: sys_ptrace -> 0x0
             exe-1050008 [001] ..... 1634312.021526: sys_ptrace(request: 1f, pid: 10059f, addr: 0, data: 0)
             exe-1050008 [001] .N... 1634312.021536: sys_ptrace -> 0x0
             exe-1050015 [001] ..... 1634312.021553: sys_fcntl -> 0xfffffffffffffff2
             exe-1049673 [000] ..... 1634312.021557: sys_nanosleep -> 0x0
             exe-1049673 [000] ..... 1634312.021560: sys_nanosleep(rqtp: c000069f10, rmtp: 0)
             exe-1050008 [001] ..... 1634312.021576: sys_wait4(upid: 10059f, stat_addr: c0005d1bf4, options: 40000002, ru: 0)
             exe-1050008 [001] ..... 1634312.021580: sys_wait4 -> 0x10059f
             exe-1050008 [001] ..... 1634312.021583: sys_ptrace(request: 4204, pid: 10059f, addr: 1, data: c0005d1c70)
             exe-1050008 [001] ..... 1634312.021588: sys_ptrace -> 0x0
             exe-1050008 [001] ..... 1634312.021590: sys_ptrace(request: 4204, pid: 10059f, addr: 202, data: c0005d1c70)
             exe-1049567 [003] ..... 1634312.021593: sys_nanosleep -> 0x0
             exe-1050008 [001] ..... 1634312.021594: sys_ptrace -> 0x0
             exe-1049567 [003] ..... 1634312.021600: sys_nanosleep(rqtp: c000069f10, rmtp: 0)
             exe-1050008 [001] ..... 1634312.021608: sys_pwrite64(fd: 63, buf: 7fd66dbc0080, count: 21, pos: 23)
             exe-1050008 [001] ..... 1634312.021611: tracing_mark_write: fcntl(fd=224, cmd=0x6, arg=2) end
             exe-1050008 [001] ..... 1634312.075941: tracing_mark_write: fcntl(fd=276, cmd=0x6, arg=-9) start
             exe-1050008 [001] ..... 1634312.075944: sys_pwrite64 -> 0x24
             exe-1050008 [001] ..... 1634312.075953: sys_ptrace(request: 4205, pid: 10059f, addr: 1, data: c0005d1c70)
             exe-1050008 [001] ..... 1634312.075956: sys_ptrace -> 0x0
             exe-1050008 [001] ..... 1634312.075958: sys_ptrace(request: 4205, pid: 10059f, addr: 202, data: c0005d1c70)
             exe-1050008 [001] ..... 1634312.075973: sys_ptrace -> 0x0
             exe-1050008 [001] ..... 1634312.075976: sys_ptrace(request: 1f, pid: 10059f, addr: 0, data: 0)
             exe-1049673 [000] ..... 1634312.075985: sys_nanosleep -> 0x0
             exe-1050008 [001] .N... 1634312.075986: sys_ptrace -> 0x0
             exe-1049673 [000] ..... 1634312.075989: sys_nanosleep(rqtp: c000069f10, rmtp: 0)
             exe-1050015 [001] ..... 1634312.075998: sys_write -> 0x24
             exe-1050008 [001] ..... 1634312.076020: sys_wait4(upid: 10059f, stat_addr: c0005d1bf4, options: 40000002, ru: 0)
             exe-1050008 [001] ..... 1634312.076023: sys_wait4 -> 0x10059f
             exe-1050008 [001] ..... 1634312.076026: sys_ptrace(request: 4204, pid: 10059f, addr: 1, data: c0005d1c70)
             exe-1050008 [001] ..... 1634312.076031: sys_ptrace -> 0x0
             exe-1050008 [001] ..... 1634312.076033: sys_ptrace(request: 4204, pid: 10059f, addr: 202, data: c0005d1c70)
             exe-1050008 [001] ..... 1634312.076037: sys_ptrace -> 0x0
             exe-1050008 [001] ..... 1634312.076046: sys_ptrace(request: 4205, pid: 10059f, addr: 1, data: c0005d1c70)
             exe-1050008 [001] ..... 1634312.076049: sys_ptrace -> 0x0
             exe-1050008 [001] ..... 1634312.076051: sys_ptrace(request: 4205, pid: 10059f, addr: 202, data: c0005d1c70)
             exe-1050008 [001] ..... 1634312.076087: sys_ptrace -> 0x0
             exe-1050008 [001] ..... 1634312.076090: sys_ptrace(request: 1f, pid: 10059f, addr: 0, data: 0)
             exe-1049673 [000] ..... 1634312.076092: sys_nanosleep -> 0x0
             exe-1049673 [000] ..... 1634312.076097: sys_nanosleep(rqtp: c000069f10, rmtp: 0)
             exe-1050008 [001] .N... 1634312.076101: sys_ptrace -> 0x0
             exe-1049567 [003] ..... 1634312.076104: sys_nanosleep -> 0x0
             exe-1049567 [003] ..... 1634312.076109: sys_nanosleep(rqtp: c000069f10, rmtp: 0)
             exe-1050015 [001] ..... 1634312.076112: sys_fcntl -> 0xfffffffffffffff2
             exe-1050008 [001] ..... 1634312.076136: sys_wait4(upid: 10059f, stat_addr: c0005d1bf4, options: 40000002, ru: 0)
             exe-1050008 [001] ..... 1634312.076139: sys_wait4 -> 0x10059f
             exe-1050008 [001] ..... 1634312.076142: sys_ptrace(request: 4204, pid: 10059f, addr: 1, data: c0005d1c70)
             exe-1050008 [001] ..... 1634312.076146: sys_ptrace -> 0x0
             exe-1050008 [001] ..... 1634312.076148: sys_ptrace(request: 4204, pid: 10059f, addr: 202, data: c0005d1c70)
             exe-1050008 [001] ..... 1634312.076151: sys_ptrace -> 0x0
             exe-1050008 [001] ..... 1634312.076164: sys_pwrite64(fd: 63, buf: 7fd66dbc0080, count: 22, pos: 24)
             exe-1050008 [001] ..... 1634312.076166: tracing_mark_write: fcntl(fd=276, cmd=0x6, arg=-9) end
             exe-1050008 [001] ..... 1634312.149866: tracing_mark_write: fcntl(fd=276, cmd=0x6, arg=-10) start
             exe-1050008 [001] ..... 1634312.149870: sys_pwrite64 -> 0x25
             exe-1050008 [001] ..... 1634312.149879: sys_ptrace(request: 4205, pid: 10059f, addr: 1, data: c0005d1c70)
             exe-1050008 [001] ..... 1634312.149882: sys_ptrace -> 0x0
             exe-1050008 [001] ..... 1634312.149884: sys_ptrace(request: 4205, pid: 10059f, addr: 202, data: c0005d1c70)
             exe-1049567 [003] ..... 1634312.149896: sys_nanosleep -> 0x0
             exe-1049567 [003] ..... 1634312.149898: sys_nanosleep(rqtp: c000069f10, rmtp: 0)
             exe-1050008 [001] ..... 1634312.149901: sys_ptrace -> 0x0
             exe-1050008 [001] ..... 1634312.149904: sys_ptrace(request: 1f, pid: 10059f, addr: 0, data: 0)
             exe-1049673 [000] ..... 1634312.149904: sys_nanosleep -> 0x0
             exe-1049673 [000] ..... 1634312.149910: sys_nanosleep(rqtp: c000069f10, rmtp: 0)
             exe-1050008 [001] .N... 1634312.149913: sys_ptrace -> 0x0
             exe-1050015 [001] ..... 1634312.149925: sys_write -> 0x25
             exe-1050008 [001] ..... 1634312.149947: sys_wait4(upid: 10059f, stat_addr: c0005d1bf4, options: 40000002, ru: 0)
             exe-1050008 [001] ..... 1634312.149950: sys_wait4 -> 0x10059f
             exe-1050008 [001] ..... 1634312.149953: sys_ptrace(request: 4204, pid: 10059f, addr: 1, data: c0005d1c70)
             exe-1050008 [001] ..... 1634312.149958: sys_ptrace -> 0x0
             exe-1050008 [001] ..... 1634312.149960: sys_ptrace(request: 4204, pid: 10059f, addr: 202, data: c0005d1c70)
             exe-1050008 [001] ..... 1634312.149963: sys_ptrace -> 0x0
             exe-1050008 [001] ..... 1634312.149974: sys_ptrace(request: 4205, pid: 10059f, addr: 1, data: c0005d1c70)
             exe-1050008 [001] ..... 1634312.149978: sys_ptrace -> 0x0
             exe-1050008 [001] ..... 1634312.149979: sys_ptrace(request: 4205, pid: 10059f, addr: 202, data: c0005d1c70)
             exe-1050008 [001] ..... 1634312.149995: sys_ptrace -> 0x0
             exe-1050008 [001] ..... 1634312.149997: sys_ptrace(request: 1f, pid: 10059f, addr: 0, data: 0)
             exe-1050008 [001] .N... 1634312.150005: sys_ptrace -> 0x0
             exe-1050015 [001] ..... 1634312.150016: sys_fcntl -> 0xfffffffffffffff2
             exe-1049567 [003] ..... 1634312.150033: sys_nanosleep -> 0x0
             exe-1049673 [000] ..... 1634312.150037: sys_nanosleep -> 0x0
             exe-1049567 [003] ..... 1634312.150038: sys_nanosleep(rqtp: c000069f10, rmtp: 0)
             exe-1050008 [001] ..... 1634312.150039: sys_wait4(upid: 10059f, stat_addr: c0005d1bf4, options: 40000002, ru: 0)
             exe-1050008 [001] ..... 1634312.150042: sys_wait4 -> 0x10059f
             exe-1049673 [000] ..... 1634312.150043: sys_nanosleep(rqtp: c000069f10, rmtp: 0)
             exe-1050008 [001] ..... 1634312.150045: sys_ptrace(request: 4204, pid: 10059f, addr: 1, data: c0005d1c70)
             exe-1050008 [001] ..... 1634312.150050: sys_ptrace -> 0x0
             exe-1050008 [001] ..... 1634312.150051: sys_ptrace(request: 4204, pid: 10059f, addr: 202, data: c0005d1c70)
             exe-1050008 [001] ..... 1634312.150055: sys_ptrace -> 0x0
             exe-1050008 [001] ..... 1634312.150068: sys_pwrite64(fd: 63, buf: 7fd66dbc0080, count: 23, pos: 25)
             exe-1050008 [001] ..... 1634312.150071: tracing_mark_write: fcntl(fd=276, cmd=0x6, arg=-10) end
             exe-1050008 [001] ..... 1634312.204273: tracing_mark_write: fcntl(fd=276, cmd=0x6, arg=0xff7b) start
             exe-1050008 [001] ..... 1634312.204275: sys_pwrite64 -> 0x28
             exe-1050008 [001] ..... 1634312.204287: sys_ptrace(request: 4205, pid: 10059f, addr: 1, data: c0005d1c70)
             exe-1050008 [001] ..... 1634312.204291: sys_ptrace -> 0x0
             exe-1050008 [001] ..... 1634312.204293: sys_ptrace(request: 4205, pid: 10059f, addr: 202, data: c0005d1c70)
             exe-1049567 [003] ..... 1634312.204302: sys_nanosleep -> 0x0
             exe-1049567 [003] ..... 1634312.204304: sys_nanosleep(rqtp: c000069f10, rmtp: 0)
             exe-1050008 [001] ..... 1634312.204310: sys_ptrace -> 0x0
             exe-1049673 [000] ..... 1634312.204311: sys_nanosleep -> 0x0
             exe-1050008 [001] ..... 1634312.204313: sys_ptrace(request: 1f, pid: 10059f, addr: 0, data: 0)
             exe-1049673 [000] ..... 1634312.204318: sys_nanosleep(rqtp: c000069f10, rmtp: 0)
             exe-1050008 [001] .N... 1634312.204324: sys_ptrace -> 0x0
             exe-1050015 [001] ..... 1634312.204337: sys_write -> 0x28
             exe-1050008 [001] ..... 1634312.204362: sys_wait4(upid: 10059f, stat_addr: c0005d1bf4, options: 40000002, ru: 0)
             exe-1050008 [001] ..... 1634312.204366: sys_wait4 -> 0x10059f
             exe-1050008 [001] ..... 1634312.204370: sys_ptrace(request: 4204, pid: 10059f, addr: 1, data: c0005d1c70)
             exe-1050008 [001] ..... 1634312.204375: sys_ptrace -> 0x0
             exe-1050008 [001] ..... 1634312.204377: sys_ptrace(request: 4204, pid: 10059f, addr: 202, data: c0005d1c70)
             exe-1050008 [001] ..... 1634312.204381: sys_ptrace -> 0x0
             exe-1050008 [001] ..... 1634312.204398: sys_ptrace(request: 4205, pid: 10059f, addr: 1, data: c0005d1c70)
             exe-1050008 [001] ..... 1634312.204404: sys_ptrace -> 0x0
             exe-1050008 [001] ..... 1634312.204406: sys_ptrace(request: 4205, pid: 10059f, addr: 202, data: c0005d1c70)
             exe-1050008 [001] ..... 1634312.204421: sys_ptrace -> 0x0
             exe-1050008 [001] ..... 1634312.204423: sys_ptrace(request: 1f, pid: 10059f, addr: 0, data: 0)
             exe-1049673 [000] ..... 1634312.204431: sys_nanosleep -> 0x0
             exe-1050008 [001] .N... 1634312.204433: sys_ptrace -> 0x0
             exe-1049673 [000] ..... 1634312.204442: sys_nanosleep(rqtp: c000069f10, rmtp: 0)
             exe-1050015 [001] ..... 1634312.204470: sys_fcntl -> 0xfffffffffffffff2
             exe-1050008 [001] ..... 1634312.204501: sys_wait4(upid: 10059f, stat_addr: c0005d1bf4, options: 40000002, ru: 0)
             exe-1050008 [001] ..... 1634312.204505: sys_wait4 -> 0x10059f
             exe-1050008 [001] ..... 1634312.204508: sys_ptrace(request: 4204, pid: 10059f, addr: 1, data: c0005d1c70)
             exe-1050008 [001] ..... 1634312.204536: sys_ptrace -> 0x0
             exe-1050008 [001] ..... 1634312.204538: sys_ptrace(request: 4204, pid: 10059f, addr: 202, data: c0005d1c70)
             exe-1050008 [001] ..... 1634312.204542: sys_ptrace -> 0x0
             exe-1049567 [003] ..... 1634312.204549: sys_nanosleep -> 0x0
             exe-1049567 [003] ..... 1634312.204553: sys_nanosleep(rqtp: c000069f10, rmtp: 0)
             exe-1050008 [001] ..... 1634312.204565: sys_pwrite64(fd: 63, buf: 7fd66dbc0080, count: 26, pos: 28)
             exe-1050008 [001] ..... 1634312.204567: tracing_mark_write: fcntl(fd=276, cmd=0x6, arg=0xff7b) end
             exe-1050008 [001] ..... 1634312.267947: tracing_mark_write: fcntl(fd=276, cmd=0x6, arg=0x18000008) start
             exe-1050008 [001] ..... 1634312.267949: sys_pwrite64 -> 0x2c
             exe-1050008 [001] ..... 1634312.267955: sys_ptrace(request: 4205, pid: 10059f, addr: 1, data: c0005d1c70)
             exe-1050008 [001] ..... 1634312.267958: sys_ptrace -> 0x0
             exe-1050008 [001] ..... 1634312.267959: sys_ptrace(request: 4205, pid: 10059f, addr: 202, data: c0005d1c70)
             exe-1050008 [001] ..... 1634312.267971: sys_ptrace -> 0x0
             exe-1050008 [001] ..... 1634312.267973: sys_ptrace(request: 1f, pid: 10059f, addr: 0, data: 0)
             exe-1050008 [001] .N... 1634312.267980: sys_ptrace -> 0x0
             exe-1050015 [001] ..... 1634312.267991: sys_write -> 0x2c
             exe-1050008 [001] ..... 1634312.268014: sys_wait4(upid: 10059f, stat_addr: c0005d1bf4, options: 40000002, ru: 0)
             exe-1050008 [001] ..... 1634312.268019: sys_wait4 -> 0x10059f
             exe-1050008 [001] ..... 1634312.268023: sys_ptrace(request: 4204, pid: 10059f, addr: 1, data: c0005d1c70)
             exe-1050008 [001] ..... 1634312.268028: sys_ptrace -> 0x0
             exe-1049567 [003] ..... 1634312.268028: sys_nanosleep -> 0x0
             exe-1050008 [001] ..... 1634312.268030: sys_ptrace(request: 4204, pid: 10059f, addr: 202, data: c0005d1c70)
             exe-1050008 [001] ..... 1634312.268033: sys_ptrace -> 0x0
             exe-1049567 [003] ..... 1634312.268035: sys_nanosleep(rqtp: c000069f10, rmtp: 0)
             exe-1050008 [001] ..... 1634312.268050: sys_ptrace(request: 4205, pid: 10059f, addr: 1, data: c0005d1c70)
             exe-1050008 [001] ..... 1634312.268054: sys_ptrace -> 0x0
             exe-1050008 [001] ..... 1634312.268056: sys_ptrace(request: 4205, pid: 10059f, addr: 202, data: c0005d1c70)
             exe-1049673 [003] ..... 1634312.268057: sys_nanosleep -> 0x0
             exe-1049673 [003] ..... 1634312.268063: sys_nanosleep(rqtp: c000069f10, rmtp: 0)
             exe-1050008 [001] ..... 1634312.268073: sys_ptrace -> 0x0
             exe-1050008 [001] ..... 1634312.268075: sys_ptrace(request: 1f, pid: 10059f, addr: 0, data: 0)
             exe-1050008 [001] .N... 1634312.268084: sys_ptrace -> 0x0
