             exe-1050289 [001] ..... 1634371.353244: tracing_mark_write: finit_module(fd=275, uargs=0x7feba167c000, flags=0x7feba1619d00) start
             exe-1049712 [002] ..... 1634371.353245: sys_futex -> 0x0
             exe-1049712 [002] ..... 1634371.353252: sys_futex(uaddr: c0002dcd48, op: 80, val: 0, utime: 0, uaddr2: 0, val3: 0)
             exe-1050289 [001] ..... 1634371.353252: sys_pwrite64 -> 0x46
             exe-1050289 [001] ..... 1634371.353256: sys_ptrace(request: 4205, pid: 10071e, addr: 1, data: c000a29c70)
             exe-1050289 [001] ..... 1634371.353257: sys_ptrace -> 0x0
             exe-1050289 [001] ..... 1634371.353258: sys_ptrace(request: 4205, pid: 10071e, addr: 202, data: c000a29c70)
             exe-1050289 [001] ..... 1634371.353263: sys_ptrace -> 0x0
             exe-1050289 [001] ..... 1634371.353263: sys_ptrace(request: 1f, pid: 10071e, addr: 0, data: 0)
             exe-1050289 [001] ..... 1634371.353267: sys_ptrace -> 0x0
             exe-1050289 [001] ..... 1634371.353268: sys_wait4(upid: 10071e, stat_addr: c000a29bf4, options: 40000002, ru: 0)
             exe-1049673 [002] ..... 1634371.353349: sys_nanosleep -> 0x0
             exe-1049673 [002] ..... 1634371.353355: sys_futex(uaddr: 1f09dc0, op: 80, val: 0, utime: c000069eb0, uaddr2: 0, val3: 0)
             exe-1050398 [003] ..... 1634371.353397: sys_write -> 0x46
             exe-1050289 [001] ..... 1634371.353406: sys_wait4 -> 0x10071e
             exe-1050289 [001] ..... 1634371.353408: sys_ptrace(request: 4204, pid: 10071e, addr: 1, data: c000a29c70)
             exe-1050289 [001] ..... 1634371.353409: sys_ptrace -> 0x0
             exe-1050289 [001] ..... 1634371.353410: sys_ptrace(request: 4204, pid: 10071e, addr: 202, data: c000a29c70)
             exe-1050289 [001] ..... 1634371.353411: sys_ptrace -> 0x0
             exe-1050289 [001] ..... 1634371.353413: sys_ptrace(request: 4205, pid: 10071e, addr: 1, data: c000a29c70)
             exe-1050289 [001] ..... 1634371.353414: sys_ptrace -> 0x0
             exe-1050289 [001] ..... 1634371.353415: sys_ptrace(request: 4205, pid: 10071e, addr: 202, data: c000a29c70)
             exe-1050289 [001] ..... 1634371.353418: sys_ptrace -> 0x0
             exe-1050289 [001] ..... 1634371.353419: sys_ptrace(request: 1f, pid: 10071e, addr: 0, data: 0)
             exe-1050289 [001] ..... 1634371.353422: sys_ptrace -> 0x0
             exe-1050289 [001] ..... 1634371.353423: sys_wait4(upid: 10071e, stat_addr: c000a29bf4, options: 40000002, ru: 0)
             exe-1050398 [003] ..... 1634371.353428: sys_finit_module -> 0xffffffffffffffff
             exe-1050289 [001] ..... 1634371.353435: sys_wait4 -> 0x10071e
             exe-1050289 [001] ..... 1634371.353436: sys_ptrace(request: 4204, pid: 10071e, addr: 1, data: c000a29c70)
             exe-1050289 [001] ..... 1634371.353437: sys_ptrace -> 0x0
             exe-1050289 [001] ..... 1634371.353438: sys_ptrace(request: 4204, pid: 10071e, addr: 202, data: c000a29c70)
             exe-1050289 [001] ..... 1634371.353439: sys_ptrace -> 0x0
             exe-1050289 [001] ..... 1634371.353442: sys_pwrite64(fd: 63, buf: 7fd66f73e080, count: 44, pos: 46)
             exe-1050289 [001] ..... 1634371.353447: tracing_mark_write: finit_module(fd=275, uargs=0x7feba167c000, flags=0x7feba1619d00) end
             exe-1050289 [001] ..... 1634371.410337: tracing_mark_write: finit_module(fd=275, uargs=0x8, flags=0x7feba1619d00) start
             exe-1050289 [001] ..... 1634371.410338: sys_pwrite64 -> 0x3b
             exe-1050289 [001] ..... 1634371.410342: sys_ptrace(request: 4205, pid: 10071e, addr: 1, data: c000a29c70)
             exe-1050289 [001] ..... 1634371.410345: sys_ptrace -> 0x0
             exe-1050289 [001] ..... 1634371.410345: sys_ptrace(request: 4205, pid: 10071e, addr: 202, data: c000a29c70)
             exe-1050289 [001] ..... 1634371.410355: sys_ptrace -> 0x0
             exe-1050289 [001] ..... 1634371.410356: sys_ptrace(request: 1f, pid: 10071e, addr: 0, data: 0)
             exe-1050289 [001] ..... 1634371.410361: sys_ptrace -> 0x0
             exe-1050289 [001] ..... 1634371.410363: sys_wait4(upid: 10071e, stat_addr: c000a29bf4, options: 40000002, ru: 0)
             exe-1050398 [003] ..... 1634371.410369: sys_write -> 0x3b
             exe-1050289 [001] ..... 1634371.410381: sys_wait4 -> 0x10071e
             exe-1050289 [001] ..... 1634371.410382: sys_ptrace(request: 4204, pid: 10071e, addr: 1, data: c000a29c70)
             exe-1050289 [001] ..... 1634371.410384: sys_ptrace -> 0x0
             exe-1050289 [001] ..... 1634371.410384: sys_ptrace(request: 4204, pid: 10071e, addr: 202, data: c000a29c70)
             exe-1050289 [001] ..... 1634371.410416: sys_ptrace -> 0x0
             exe-1049567 [003] ..... 1634371.410422: sys_nanosleep -> 0x0
             exe-1050289 [001] ..... 1634371.410422: sys_ptrace(request: 4205, pid: 10071e, addr: 1, data: c000a29c70)
             exe-1050289 [001] ..... 1634371.410424: sys_ptrace -> 0x0
             exe-1049567 [003] ..... 1634371.410425: sys_nanosleep(rqtp: c000069f10, rmtp: 0)
             exe-1050289 [001] ..... 1634371.410425: sys_ptrace(request: 4205, pid: 10071e, addr: 202, data: c000a29c70)
             exe-1050289 [001] ..... 1634371.410431: sys_ptrace -> 0x0
             exe-1050289 [001] ..... 1634371.410432: sys_ptrace(request: 1f, pid: 10071e, addr: 0, data: 0)
             exe-1050289 [001] ..... 1634371.410434: sys_ptrace -> 0x0
             exe-1050289 [001] ..... 1634371.410436: sys_wait4(upid: 10071e, stat_addr: c000a29bf4, options: 40000002, ru: 0)
             exe-1050398 [003] ..... 1634371.410442: sys_finit_module -> 0xffffffffffffffff
             exe-1049722 [001] ..... 1634371.410485: sys_epoll_pwait -> 0x0
             exe-1049722 [001] ..... 1634371.410491: sys_epoll_pwait(epfd: 11, events: c000409840, maxevents: 80, timeout: 1, sigmask: 0, sigsetsize: 0)
             exe-1050289 [001] ..... 1634371.410497: sys_wait4 -> 0x10071e
             exe-1050289 [001] ..... 1634371.410500: sys_ptrace(request: 4204, pid: 10071e, addr: 1, data: c000a29c70)
             exe-1050289 [001] ..... 1634371.410502: sys_ptrace -> 0x0
             exe-1050289 [001] ..... 1634371.410503: sys_ptrace(request: 4204, pid: 10071e, addr: 202, data: c000a29c70)
             exe-1050289 [001] ..... 1634371.410504: sys_ptrace -> 0x0
             exe-1050289 [001] ..... 1634371.410512: sys_pwrite64(fd: 63, buf: 7fd66f73e080, count: 39, pos: 3b)
             exe-1049567 [003] ..... 1634371.410512: sys_nanosleep -> 0x0
             exe-1050289 [001] ..... 1634371.410513: tracing_mark_write: finit_module(fd=275, uargs=0x8, flags=0x7feba1619d00) end
             exe-1050289 [001] ..... 1634371.467067: tracing_mark_write: finit_module(fd=370, uargs=0x0, flags=0x7feba1619d00) start
             exe-1050289 [001] ..... 1634371.467068: sys_pwrite64 -> 0x3b
             exe-1050289 [001] ..... 1634371.467072: sys_ptrace(request: 4205, pid: 10071e, addr: 1, data: c000a29c70)
             exe-1050289 [001] ..... 1634371.467073: sys_ptrace -> 0x0
             exe-1050289 [001] ..... 1634371.467074: sys_ptrace(request: 4205, pid: 10071e, addr: 202, data: c000a29c70)
             exe-1050289 [001] ..... 1634371.467084: sys_ptrace -> 0x0
             exe-1050289 [001] ..... 1634371.467084: sys_ptrace(request: 1f, pid: 10071e, addr: 0, data: 0)
             exe-1050289 [001] ..... 1634371.467093: sys_ptrace -> 0x0
             exe-1050289 [001] ..... 1634371.467094: sys_wait4(upid: 10071e, stat_addr: c000a29bf4, options: 40000002, ru: 0)
             exe-1050398 [003] ..... 1634371.467118: sys_write -> 0x3b
             exe-1050289 [001] ..... 1634371.467131: sys_wait4 -> 0x10071e
             exe-1050289 [001] ..... 1634371.467132: sys_ptrace(request: 4204, pid: 10071e, addr: 1, data: c000a29c70)
             exe-1050289 [001] ..... 1634371.467133: sys_ptrace -> 0x0
             exe-1050289 [001] ..... 1634371.467134: sys_ptrace(request: 4204, pid: 10071e, addr: 202, data: c000a29c70)
             exe-1050289 [001] ..... 1634371.467135: sys_ptrace -> 0x0
             exe-1050289 [001] ..... 1634371.467138: sys_ptrace(request: 4205, pid: 10071e, addr: 1, data: c000a29c70)
             exe-1050289 [001] ..... 1634371.467139: sys_ptrace -> 0x0
             exe-1050289 [001] ..... 1634371.467140: sys_ptrace(request: 4205, pid: 10071e, addr: 202, data: c000a29c70)
             exe-1050289 [001] ..... 1634371.467144: sys_ptrace -> 0x0
             exe-1050289 [001] ..... 1634371.467145: sys_ptrace(request: 1f, pid: 10071e, addr: 0, data: 0)
             exe-1050289 [001] ..... 1634371.467148: sys_ptrace -> 0x0
             exe-1050289 [001] ..... 1634371.467149: sys_wait4(upid: 10071e, stat_addr: c000a29bf4, options: 40000002, ru: 0)
             exe-1050398 [003] ..... 1634371.467158: sys_finit_module -> 0xffffffffffffffff
             exe-1050289 [001] ..... 1634371.467168: sys_wait4 -> 0x10071e
             exe-1050289 [001] ..... 1634371.467169: sys_ptrace(request: 4204, pid: 10071e, addr: 1, data: c000a29c70)
             exe-1050289 [001] ..... 1634371.467170: sys_ptrace -> 0x0
             exe-1050289 [001] ..... 1634371.467171: sys_ptrace(request: 4204, pid: 10071e, addr: 202, data: c000a29c70)
             exe-1050289 [001] ..... 1634371.467172: sys_ptrace -> 0x0
             exe-1050289 [001] ..... 1634371.467175: sys_pwrite64(fd: 63, buf: 7fd66f73e080, count: 39, pos: 3b)
             exe-1050289 [001] ..... 1634371.467176: tracing_mark_write: finit_module(fd=370, uargs=0x0, flags=0x7feba1619d00) end
             exe-1050289 [002] ..... 1634371.523094: tracing_mark_write: finit_module(fd=370, uargs=0x0, flags=0x7feba1619d00) start
             exe-1050289 [002] ..... 1634371.523096: sys_pwrite64 -> 0x3b
             exe-1050289 [002] ..... 1634371.523100: sys_ptrace(request: 4205, pid: 10071e, addr: 1, data: c000a29c70)
             exe-1050289 [002] ..... 1634371.523102: sys_ptrace -> 0x0
             exe-1050289 [002] ..... 1634371.523103: sys_ptrace(request: 4205, pid: 10071e, addr: 202, data: c000a29c70)
             exe-1050289 [002] ..... 1634371.523110: sys_ptrace -> 0x0
             exe-1050289 [002] ..... 1634371.523111: sys_ptrace(request: 1f, pid: 10071e, addr: 0, data: 0)
             exe-1050289 [002] ..... 1634371.523120: sys_ptrace -> 0x0
             exe-1050289 [002] ..... 1634371.523122: sys_wait4(upid: 10071e, stat_addr: c000a29bf4, options: 40000002, ru: 0)
             exe-1050398 [003] ..... 1634371.523139: sys_write -> 0x3b
             exe-1050289 [002] ..... 1634371.523153: sys_wait4 -> 0x10071e
             exe-1050289 [002] ..... 1634371.523155: sys_ptrace(request: 4204, pid: 10071e, addr: 1, data: c000a29c70)
             exe-1050289 [002] ..... 1634371.523157: sys_ptrace -> 0x0
             exe-1050289 [002] ..... 1634371.523159: sys_ptrace(request: 4204, pid: 10071e, addr: 202, data: c000a29c70)
             exe-1050289 [002] ..... 1634371.523161: sys_ptrace -> 0x0
             exe-1049673 [001] ..... 1634371.523162: sys_nanosleep -> 0x0
             exe-1050289 [002] ..... 1634371.523165: sys_ptrace(request: 4205, pid: 10071e, addr: 1, data: c000a29c70)
             exe-1049673 [001] ..... 1634371.523167: sys_nanosleep(rqtp: c000069f10, rmtp: 0)
             exe-1050289 [002] ..... 1634371.523167: sys_ptrace -> 0x0
             exe-1050289 [002] ..... 1634371.523169: sys_ptrace(request: 4205, pid: 10071e, addr: 202, data: c000a29c70)
             exe-1050289 [002] ..... 1634371.523174: sys_ptrace -> 0x0
             exe-1050289 [002] ..... 1634371.523175: sys_ptrace(request: 1f, pid: 10071e, addr: 0, data: 0)
             exe-1050289 [002] ..... 1634371.523184: sys_ptrace -> 0x0
             exe-1050289 [002] ..... 1634371.523185: sys_wait4(upid: 10071e, stat_addr: c000a29bf4, options: 40000002, ru: 0)
             exe-1050398 [003] ..... 1634371.523203: sys_finit_module -> 0xffffffffffffffff
             exe-1050289 [002] ..... 1634371.523221: sys_wait4 -> 0x10071e
             exe-1050289 [002] ..... 1634371.523223: sys_ptrace(request: 4204, pid: 10071e, addr: 1, data: c000a29c70)
             exe-1050289 [002] ..... 1634371.523225: sys_ptrace -> 0x0
             exe-1050289 [002] ..... 1634371.523227: sys_ptrace(request: 4204, pid: 10071e, addr: 202, data: c000a29c70)
             exe-1050289 [002] ..... 1634371.523228: sys_ptrace -> 0x0
             exe-1050289 [002] ..... 1634371.523233: sys_pwrite64(fd: 63, buf: 7fd66f73e080, count: 39, pos: 3b)
             exe-1050289 [002] ..... 1634371.523234: tracing_mark_write: finit_module(fd=370, uargs=0x0, flags=0x7feba1619d00) end
             exe-1050289 [002] ..... 1634371.587639: tracing_mark_write: finit_module(fd=373, uargs=0x8, flags=0x7feba1619d00) start
             exe-1050289 [002] ..... 1634371.587641: sys_pwrite64 -> 0x3b
             exe-1050289 [002] ..... 1634371.587645: sys_ptrace(request: 4205, pid: 10071e, addr: 1, data: c000a29c70)
             exe-1050289 [002] ..... 1634371.587647: sys_ptrace -> 0x0
             exe-1050289 [002] ..... 1634371.587649: sys_ptrace(request: 4205, pid: 10071e, addr: 202, data: c000a29c70)
             exe-1049673 [003] ..... 1634371.587658: sys_nanosleep -> 0x0
             exe-1049673 [003] ..... 1634371.587664: sys_nanosleep(rqtp: c000069f10, rmtp: 0)
             exe-1050289 [002] ..... 1634371.587664: sys_ptrace -> 0x0
             exe-1050289 [002] ..... 1634371.587666: sys_ptrace(request: 1f, pid: 10071e, addr: 0, data: 0)
             exe-1050289 [002] ..... 1634371.587672: sys_ptrace -> 0x0
             exe-1050289 [002] ..... 1634371.587674: sys_wait4(upid: 10071e, stat_addr: c000a29bf4, options: 40000002, ru: 0)
             exe-1050398 [003] ..... 1634371.587692: sys_write -> 0x3b
             exe-1050289 [002] ..... 1634371.587715: sys_wait4 -> 0x10071e
             exe-1050289 [002] ..... 1634371.587717: sys_ptrace(request: 4204, pid: 10071e, addr: 1, data: c000a29c70)
             exe-1050289 [002] ..... 1634371.587719: sys_ptrace -> 0x0
             exe-1050289 [002] ..... 1634371.587721: sys_ptrace(request: 4204, pid: 10071e, addr: 202, data: c000a29c70)
             exe-1050289 [002] ..... 1634371.587723: sys_ptrace -> 0x0
             exe-1050289 [002] ..... 1634371.587727: sys_ptrace(request: 4205, pid: 10071e, addr: 1, data: c000a29c70)
             exe-1050289 [002] ..... 1634371.587730: sys_ptrace -> 0x0
             exe-1050289 [002] ..... 1634371.587731: sys_ptrace(request: 4205, pid: 10071e, addr: 202, data: c000a29c70)
             exe-1050289 [002] ..... 1634371.587737: sys_ptrace -> 0x0
             exe-1050289 [002] ..... 1634371.587738: sys_ptrace(request: 1f, pid: 10071e, addr: 0, data: 0)
             exe-1050289 [002] ..... 1634371.587745: sys_ptrace -> 0x0
             exe-1050289 [002] ..... 1634371.587747: sys_wait4(upid: 10071e, stat_addr: c000a29bf4, options: 40000002, ru: 0)
             exe-1049673 [003] ..... 1634371.587773: sys_nanosleep -> 0x0
             exe-1049673 [003] ..... 1634371.587779: sys_nanosleep(rqtp: c000069f10, rmtp: 0)
             exe-1050398 [003] ..... 1634371.587801: sys_finit_module -> 0xffffffffffffffff
             exe-1050289 [002] ..... 1634371.587840: sys_wait4 -> 0x10071e
             exe-1050289 [002] ..... 1634371.587843: sys_ptrace(request: 4204, pid: 10071e, addr: 1, data: c000a29c70)
             exe-1050289 [002] ..... 1634371.587846: sys_ptrace -> 0x0
             exe-1050289 [002] ..... 1634371.587847: sys_ptrace(request: 4204, pid: 10071e, addr: 202, data: c000a29c70)
             exe-1050289 [002] ..... 1634371.587850: sys_ptrace -> 0x0
             exe-1050289 [002] ..... 1634371.587856: sys_pwrite64(fd: 63, buf: 7fd66f73e080, count: 39, pos: 3b)
             exe-1050289 [002] ..... 1634371.587857: tracing_mark_write: finit_module(fd=373, uargs=0x8, flags=0x7feba1619d00) end
             exe-1050289 [001] ..... 1634371.671346: tracing_mark_write: finit_module(fd=373, uargs=0x7feba167c000, flags=0x7feba1619d00) start
             exe-1050289 [001] ..... 1634371.671348: sys_pwrite64 -> 0x46
             exe-1050289 [001] ..... 1634371.671354: sys_ptrace(request: 4205, pid: 10071e, addr: 1, data: c000a29c70)
             exe-1050289 [001] ..... 1634371.671357: sys_ptrace -> 0x0
             exe-1050289 [001] ..... 1634371.671358: sys_ptrace(request: 4205, pid: 10071e, addr: 202, data: c000a29c70)
             exe-1050289 [001] ..... 1634371.671373: sys_ptrace -> 0x0
             exe-1050289 [001] ..... 1634371.671374: sys_ptrace(request: 1f, pid: 10071e, addr: 0, data: 0)
             exe-1050289 [001] ..... 1634371.671383: sys_ptrace -> 0x0
             exe-1050289 [001] ..... 1634371.671384: sys_wait4(upid: 10071e, stat_addr: c000a29bf4, options: 40000002, ru: 0)
             exe-1050398 [001] ..... 1634371.671395: sys_write -> 0x46
             exe-1050289 [001] ..... 1634371.671413: sys_wait4 -> 0x10071e
             exe-1050289 [001] ..... 1634371.671416: sys_ptrace(request: 4204, pid: 10071e, addr: 1, data: c000a29c70)
             exe-1050289 [001] ..... 1634371.671420: sys_ptrace -> 0x0
             exe-1050289 [001] ..... 1634371.671421: sys_ptrace(request: 4204, pid: 10071e, addr: 202, data: c000a29c70)
             exe-1050289 [001] ..... 1634371.671423: sys_ptrace -> 0x0
             exe-1050289 [001] ..... 1634371.671443: sys_ptrace(request: 4205, pid: 10071e, addr: 1, data: c000a29c70)
             exe-1050289 [001] ..... 1634371.671446: sys_ptrace -> 0x0
             exe-1050289 [001] ..... 1634371.671447: sys_ptrace(request: 4205, pid: 10071e, addr: 202, data: c000a29c70)
             exe-1050289 [001] ..... 1634371.671456: sys_ptrace -> 0x0
             exe-1050289 [001] ..... 1634371.671458: sys_ptrace(request: 1f, pid: 10071e, addr: 0, data: 0)
             exe-1050289 [001] ..... 1634371.671463: sys_ptrace -> 0x0
             exe-1050289 [001] ..... 1634371.671465: sys_wait4(upid: 10071e, stat_addr: c000a29bf4, options: 40000002, ru: 0)
             exe-1050398 [001] ..... 1634371.671476: sys_finit_module -> 0xffffffffffffffff
             exe-1050289 [001] ..... 1634371.671495: sys_wait4 -> 0x10071e
             exe-1050289 [001] ..... 1634371.671498: sys_ptrace(request: 4204, pid: 10071e, addr: 1, data: c000a29c70)
             exe-1050289 [001] ..... 1634371.671501: sys_ptrace -> 0x0
             exe-1050289 [001] ..... 1634371.671502: sys_ptrace(request: 4204, pid: 10071e, addr: 202, data: c000a29c70)
             exe-1050289 [001] ..... 1634371.671504: sys_ptrace -> 0x0
             exe-1050289 [001] ..... 1634371.671513: sys_pwrite64(fd: 63, buf: 7fd66f73e080, count: 44, pos: 46)
             exe-1050289 [001] ..... 1634371.671514: tracing_mark_write: finit_module(fd=373, uargs=0x7feba167c000, flags=0x7feba1619d00) end
             exe-1050289 [001] ..... 1634371.749050: tracing_mark_write: finit_module(fd=373, uargs=0x4, flags=0x7feba1619d00) start
             exe-1050289 [001] ..... 1634371.749051: sys_pwrite64 -> 0x3b
             exe-1050289 [001] ..... 1634371.749057: sys_ptrace(request: 4205, pid: 10071e, addr: 1, data: c000a29c70)
             exe-1050289 [001] ..... 1634371.749060: sys_ptrace -> 0x0
             exe-1050289 [001] ..... 1634371.749061: sys_ptrace(request: 4205, pid: 10071e, addr: 202, data: c000a29c70)
             exe-1050289 [001] ..... 1634371.749076: sys_ptrace -> 0x0
             exe-1050289 [001] ..... 1634371.749077: sys_ptrace(request: 1f, pid: 10071e, addr: 0, data: 0)
             exe-1050289 [001] .N... 1634371.749085: sys_ptrace -> 0x0
             exe-1050398 [001] ..... 1634371.749095: sys_write -> 0x3b
             exe-1049567 [003] ..... 1634371.749108: sys_nanosleep -> 0x0
             exe-1049567 [003] ..... 1634371.749109: sys_nanosleep(rqtp: c000069f10, rmtp: 0)
             exe-1050289 [001] ..... 1634371.749114: sys_wait4(upid: 10071e, stat_addr: c000a29bf4, options: 40000002, ru: 0)
             exe-1050289 [001] ..... 1634371.749116: sys_wait4 -> 0x10071e
             exe-1050289 [001] ..... 1634371.749118: sys_ptrace(request: 4204, pid: 10071e, addr: 1, data: c000a29c70)
             exe-1050289 [001] ..... 1634371.749121: sys_ptrace -> 0x0
             exe-1050289 [001] ..... 1634371.749122: sys_ptrace(request: 4204, pid: 10071e, addr: 202, data: c000a29c70)
             exe-1050289 [001] ..... 1634371.749124: sys_ptrace -> 0x0
             exe-1050289 [001] ..... 1634371.749130: sys_ptrace(request: 4205, pid: 10071e, addr: 1, data: c000a29c70)
             exe-1050289 [001] ..... 1634371.749132: sys_ptrace -> 0x0
             exe-1050289 [001] ..... 1634371.749134: sys_ptrace(request: 4205, pid: 10071e, addr: 202, data: c000a29c70)
             exe-1050289 [001] ..... 1634371.749142: sys_ptrace -> 0x0
             exe-1050289 [001] ..... 1634371.749143: sys_ptrace(request: 1f, pid: 10071e, addr: 0, data: 0)
             exe-1050289 [001] .N... 1634371.749148: sys_ptrace -> 0x0
             exe-1050398 [001] ..... 1634371.749157: sys_finit_module -> 0xffffffffffffffff
             exe-1050289 [001] ..... 1634371.749172: sys_wait4(upid: 10071e, stat_addr: c000a29bf4, options: 40000002, ru: 0)
             exe-1050289 [001] ..... 1634371.749174: sys_wait4 -> 0x10071e
             exe-1050289 [001] ..... 1634371.749176: sys_ptrace(request: 4204, pid: 10071e, addr: 1, data: c000a29c70)
             exe-1050289 [001] ..... 1634371.749179: sys_ptrace -> 0x0
             exe-1050289 [001] ..... 1634371.749180: sys_ptrace(request: 4204, pid: 10071e, addr: 202, data: c000a29c70)
             exe-1050289 [001] ..... 1634371.749182: sys_ptrace -> 0x0
             exe-1050289 [001] ..... 1634371.749190: sys_pwrite64(fd: 63, buf: 7fd66f73e080, count: 39, pos: 3b)
             exe-1050289 [001] ..... 1634371.749191: tracing_mark_write: finit_module(fd=373, uargs=0x4, flags=0x7feba1619d00) end
             exe-1050289 [001] ..... 1634371.841165: tracing_mark_write: finit_module(fd=373, uargs=0x1, flags=0x7feba1619d00) start
             exe-1050289 [001] ..... 1634371.841167: sys_pwrite64 -> 0x3b
             exe-1050289 [001] ..... 1634371.841177: sys_ptrace(request: 4205, pid: 10071e, addr: 1, data: c000a29c70)
             exe-1050289 [001] ..... 1634371.841181: sys_ptrace -> 0x0
             exe-1050289 [001] ..... 1634371.841183: sys_ptrace(request: 4205, pid: 10071e, addr: 202, data: c000a29c70)
             exe-1050289 [001] ..... 1634371.841230: sys_ptrace -> 0x0
             exe-1049673 [001] ..... 1634371.841273: sys_nanosleep -> 0x0
             exe-1049673 [001] ..... 1634371.841280: sys_nanosleep(rqtp: c000069f10, rmtp: 0)
             exe-1050289 [001] ..... 1634371.841307: sys_ptrace(request: 1f, pid: 10071e, addr: 0, data: 0)
             exe-1050289 [001] .N... 1634371.841316: sys_ptrace -> 0x0
             exe-1049567 [003] ..... 1634371.841317: sys_nanosleep -> 0x0
             exe-1049567 [003] ..... 1634371.841326: sys_nanosleep(rqtp: c000069f10, rmtp: 0)
             exe-1050398 [001] ..... 1634371.841328: sys_write -> 0x3b
             exe-1050289 [001] ..... 1634371.841350: sys_wait4(upid: 10071e, stat_addr: c000a29bf4, options: 40000002, ru: 0)
             exe-1050289 [001] .N... 1634371.841378: sys_wait4 -> 0x10071e
             exe-1049673 [001] ..... 1634371.841389: sys_nanosleep -> 0x0
             exe-1049673 [001] ..... 1634371.841394: sys_nanosleep(rqtp: c000069f10, rmtp: 0)
             exe-1050289 [001] ..... 1634371.841422: sys_ptrace(request: 4204, pid: 10071e, addr: 1, data: c000a29c70)
             exe-1050289 [001] ..... 1634371.841427: sys_ptrace -> 0x0
             exe-1050289 [001] ..... 1634371.841429: sys_ptrace(request: 4204, pid: 10071e, addr: 202, data: c000a29c70)
             exe-1050289 [001] ..... 1634371.841432: sys_ptrace -> 0x0
             exe-1050289 [001] ..... 1634371.841440: sys_ptrace(request: 4205, pid: 10071e, addr: 1, data: c000a29c70)
             exe-1050289 [001] ..... 1634371.841442: sys_ptrace -> 0x0
             exe-1050289 [001] ..... 1634371.841444: sys_ptrace(request: 4205, pid: 10071e, addr: 202, data: c000a29c70)
             exe-1050289 [001] ..... 1634371.841461: sys_ptrace -> 0x0
             exe-1050289 [001] ..... 1634371.841463: sys_ptrace(request: 1f, pid: 10071e, addr: 0, data: 0)
             exe-1050289 [001] .N... 1634371.841491: sys_ptrace -> 0x0
             exe-1050398 [001] ..... 1634371.841504: sys_finit_module -> 0xffffffffffffffff
             exe-1049673 [001] ..... 1634371.841525: sys_nanosleep -> 0x0
             exe-1049673 [001] ..... 1634371.841531: sys_nanosleep(rqtp: c000069f10, rmtp: 0)
             exe-1050289 [001] ..... 1634371.841561: sys_wait4(upid: 10071e, stat_addr: c000a29bf4, options: 40000002, ru: 0)
             exe-1050289 [001] ..... 1634371.841565: sys_wait4 -> 0x10071e
             exe-1050289 [001] ..... 1634371.841568: sys_ptrace(request: 4204, pid: 10071e, addr: 1, data: c000a29c70)
             exe-1050289 [001] ..... 1634371.841572: sys_ptrace -> 0x0
             exe-1050289 [001] ..... 1634371.841574: sys_ptrace(request: 4204, pid: 10071e, addr: 202, data: c000a29c70)
             exe-1050289 [001] ..... 1634371.841577: sys_ptrace -> 0x0
             exe-1050289 [001] ..... 1634371.841592: sys_pwrite64(fd: 63, buf: 7fd66f73e080, count: 39, pos: 3b)
             exe-1050289 [001] ..... 1634371.841594: tracing_mark_write: finit_module(fd=373, uargs=0x1, flags=0x7feba1619d00) end
             exe-1050289 [001] ..... 1634371.936569: tracing_mark_write: finit_module(fd=373, uargs=0x7feba0700000, flags=0x7feba1619d00) start
             exe-1050289 [001] ..... 1634371.936570: sys_pwrite64 -> 0x46
             exe-1050289 [001] ..... 1634371.936577: sys_ptrace(request: 4205, pid: 10071e, addr: 1, data: c000a29c70)
             exe-1050289 [001] ..... 1634371.936580: sys_ptrace -> 0x0
             exe-1050289 [001] ..... 1634371.936581: sys_ptrace(request: 4205, pid: 10071e, addr: 202, data: c000a29c70)
             exe-1050289 [001] ..... 1634371.936655: sys_ptrace -> 0x0
             exe-1050289 [001] ..... 1634371.936660: sys_ptrace(request: 1f, pid: 10071e, addr: 0, data: 0)
             exe-1050289 [001] .N... 1634371.936667: sys_ptrace -> 0x0
             exe-1050398 [001] ..... 1634371.936679: sys_write -> 0x46
             exe-1049567 [003] ..... 1634371.936735: sys_nanosleep -> 0x0
             exe-1049567 [003] ..... 1634371.936744: sys_nanosleep(rqtp: c000069f10, rmtp: 0)
             exe-1049722 [001] ..... 1634371.936762: sys_epoll_pwait -> 0x0
             exe-1049722 [001] ..... 1634371.936776: sys_futex(uaddr: c00097a548, op: 81, val: 1, utime: 0, uaddr2: 0, val3: 0)
             exe-1049722 [001] ..... 1634371.936791: sys_futex -> 0x1
             exe-1049722 [001] ..... 1634371.936807: sys_epoll_pwait(epfd: 11, events: c000409840, maxevents: 80, timeout: 9, sigmask: 0, sigsetsize: 0)
             exe-1049981 [003] ..... 1634371.936814: sys_futex -> 0x0
             exe-1049981 [003] ..... 1634371.936824: sys_futex(uaddr: c00097a548, op: 80, val: 0, utime: 0, uaddr2: 0, val3: 0)
             exe-1050289 [001] ..... 1634371.936874: sys_wait4(upid: 10071e, stat_addr: c000a29bf4, options: 40000002, ru: 0)
             exe-1050289 [001] ..... 1634371.936877: sys_wait4 -> 0x10071e
             exe-1050289 [001] ..... 1634371.936879: sys_ptrace(request: 4204, pid: 10071e, addr: 1, data: c000a29c70)
             exe-1050289 [001] ..... 1634371.936883: sys_ptrace -> 0x0
             exe-1050289 [001] ..... 1634371.936885: sys_ptrace(request: 4204, pid: 10071e, addr: 202, data: c000a29c70)
             exe-1050289 [001] ..... 1634371.936888: sys_ptrace -> 0x0
             exe-1050289 [001] ..... 1634371.936896: sys_ptrace(request: 4205, pid: 10071e, addr: 1, data: c000a29c70)
             exe-1050289 [001] ..... 1634371.936898: sys_ptrace -> 0x0
             exe-1050289 [001] ..... 1634371.936899: sys_ptrace(request: 4205, pid: 10071e, addr: 202, data: c000a29c70)
             exe-1050289 [001] ..... 1634371.936910: sys_ptrace -> 0x0
             exe-1050289 [001] ..... 1634371.936912: sys_ptrace(request: 1f, pid: 10071e, addr: 0, data: 0)
             exe-1050289 [001] .N... 1634371.936918: sys_ptrace -> 0x0
             exe-1050398 [001] ..... 1634371.936995: sys_finit_module -> 0xffffffffffffffff
             exe-1050289 [001] ..... 1634371.937018: sys_wait4(upid: 10071e, stat_addr: c000a29bf4, options: 40000002, ru: 0)
             exe-1050289 [001] ..... 1634371.937022: sys_wait4 -> 0x10071e
             exe-1050289 [001] ..... 1634371.937024: sys_ptrace(request: 4204, pid: 10071e, addr: 1, data: c000a29c70)
             exe-1050289 [001] ..... 1634371.937029: sys_ptrace -> 0x0
             exe-1050289 [001] ..... 1634371.937030: sys_ptrace(request: 4204, pid: 10071e, addr: 202, data: c000a29c70)
             exe-1050289 [001] ..... 1634371.937033: sys_ptrace -> 0x0
             exe-1050289 [001] ..... 1634371.937117: sys_pwrite64(fd: 63, buf: 7fd66f73e080, count: 44, pos: 46)
             exe-1050289 [001] ..... 1634371.937120: tracing_mark_write: finit_module(fd=373, uargs=0x7feba0700000, flags=0x7feba1619d00) end
             exe-1050289 [001] ..... 1634372.021812: tracing_mark_write: finit_module(fd=287, uargs=0x7feba167b000, flags=0x7feba1619d00) start
             exe-1050289 [001] ..... 1634372.021814: sys_pwrite64 -> 0x46
             exe-1050289 [001] ..... 1634372.021820: sys_ptrace(request: 4205, pid: 10071e, addr: 1, data: c000a29c70)
             exe-1050289 [001] ..... 1634372.021823: sys_ptrace -> 0x0
             exe-1050289 [001] ..... 1634372.021824: sys_ptrace(request: 4205, pid: 10071e, addr: 202, data: c000a29c70)
             exe-1050289 [001] ..... 1634372.021841: sys_ptrace -> 0x0
             exe-1050289 [001] ..... 1634372.021842: sys_ptrace(request: 1f, pid: 10071e, addr: 0, data: 0)
             exe-1050289 [001] .N... 1634372.021852: sys_ptrace -> 0x0
             exe-1050398 [001] ..... 1634372.021864: sys_write -> 0x46
             exe-1050289 [001] ..... 1634372.021902: sys_wait4(upid: 10071e, stat_addr: c000a29bf4, options: 40000002, ru: 0)
             exe-1050289 [001] ..... 1634372.021905: sys_wait4 -> 0x10071e
             exe-1050289 [001] ..... 1634372.021908: sys_ptrace(request: 4204, pid: 10071e, addr: 1, data: c000a29c70)
             exe-1050289 [001] ..... 1634372.021911: sys_ptrace -> 0x0
             exe-1050289 [001] ..... 1634372.021913: sys_ptrace(request: 4204, pid: 10071e, addr: 202, data: c000a29c70)
             exe-1050289 [001] ..... 1634372.021916: sys_ptrace -> 0x0
             exe-1050289 [001] ..... 1634372.021923: sys_ptrace(request: 4205, pid: 10071e, addr: 1, data: c000a29c70)
             exe-1050289 [001] ..... 1634372.021926: sys_ptrace -> 0x0
             exe-1050289 [001] ..... 1634372.021928: sys_ptrace(request: 4205, pid: 10071e, addr: 202, data: c000a29c70)
             exe-1050289 [001] ..... 1634372.021938: sys_ptrace -> 0x0
             exe-1050289 [001] ..... 1634372.021939: sys_ptrace(request: 1f, pid: 10071e, addr: 0, data: 0)
             exe-1050289 [001] .N... 1634372.021946: sys_ptrace -> 0x0
             exe-1050398 [001] ..... 1634372.021956: sys_finit_module -> 0xffffffffffffffff
             exe-1050289 [001] ..... 1634372.021976: sys_wait4(upid: 10071e, stat_addr: c000a29bf4, options: 40000002, ru: 0)
             exe-1050289 [001] ..... 1634372.021978: sys_wait4 -> 0x10071e
             exe-1050289 [001] ..... 1634372.021980: sys_ptrace(request: 4204, pid: 10071e, addr: 1, data: c000a29c70)
             exe-1050289 [001] ..... 1634372.021984: sys_ptrace -> 0x0
             exe-1050289 [001] ..... 1634372.021985: sys_ptrace(request: 4204, pid: 10071e, addr: 202, data: c000a29c70)
             exe-1050289 [001] ..... 1634372.021988: sys_ptrace -> 0x0
             exe-1050289 [001] ..... 1634372.022000: sys_pwrite64(fd: 63, buf: 7fd66f73e080, count: 44, pos: 46)
             exe-1050289 [001] ..... 1634372.022001: tracing_mark_write: finit_module(fd=287, uargs=0x7feba167b000, flags=0x7feba1619d00) end
             exe-1050289 [001] ..... 1634372.081205: tracing_mark_write: finit_module(fd=287, uargs=0x8, flags=0x7feba1619d00) start
             exe-1050289 [001] ..... 1634372.081206: sys_pwrite64 -> 0x3b
             exe-1049567 [002] ..... 1634372.081207: sys_nanosleep(rqtp: c000069f10, rmtp: 0)
             exe-1050289 [001] ..... 1634372.081214: sys_ptrace(request: 4205, pid: 10071e, addr: 1, data: c000a29c70)
             exe-1050289 [001] ..... 1634372.081217: sys_ptrace -> 0x0
             exe-1050289 [001] ..... 1634372.081218: sys_ptrace(request: 4205, pid: 10071e, addr: 202, data: c000a29c70)
             exe-1050289 [001] ..... 1634372.081230: sys_ptrace -> 0x0
             exe-1050289 [001] ..... 1634372.081232: sys_ptrace(request: 1f, pid: 10071e, addr: 0, data: 0)
             exe-1050289 [001] .N... 1634372.081240: sys_ptrace -> 0x0
             exe-1050398 [001] ..... 1634372.081251: sys_write -> 0x3b
             exe-1050289 [001] ..... 1634372.081270: sys_wait4(upid: 10071e, stat_addr: c000a29bf4, options: 40000002, ru: 0)
             exe-1050289 [001] ..... 1634372.081273: sys_wait4 -> 0x10071e
             exe-1050289 [001] ..... 1634372.081275: sys_ptrace(request: 4204, pid: 10071e, addr: 1, data: c000a29c70)
             exe-1050289 [001] ..... 1634372.081280: sys_ptrace -> 0x0
             exe-1050289 [001] ..... 1634372.081282: sys_ptrace(request: 4204, pid: 10071e, addr: 202, data: c000a29c70)
             exe-1050289 [001] ..... 1634372.081285: sys_ptrace -> 0x0
             exe-1050289 [001] ..... 1634372.081291: sys_ptrace(request: 4205, pid: 10071e, addr: 1, data: c000a29c70)
             exe-1049567 [002] ..... 1634372.081293: sys_nanosleep -> 0x0
             exe-1050289 [001] ..... 1634372.081293: sys_ptrace -> 0x0
             exe-1050289 [001] ..... 1634372.081295: sys_ptrace(request: 4205, pid: 10071e, addr: 202, data: c000a29c70)
             exe-1049567 [002] ..... 1634372.081295: sys_nanosleep(rqtp: c000069f10, rmtp: 0)
             exe-1050289 [001] ..... 1634372.081304: sys_ptrace -> 0x0
             exe-1050289 [001] ..... 1634372.081306: sys_ptrace(request: 1f, pid: 10071e, addr: 0, data: 0)
             exe-1050289 [001] .N... 1634372.081313: sys_ptrace -> 0x0
             exe-1050398 [001] ..... 1634372.081323: sys_finit_module -> 0xffffffffffffffff
             exe-1050289 [001] ..... 1634372.081343: sys_wait4(upid: 10071e, stat_addr: c000a29bf4, options: 40000002, ru: 0)
             exe-1050289 [001] ..... 1634372.081345: sys_wait4 -> 0x10071e
             exe-1050289 [001] ..... 1634372.081348: sys_ptrace(request: 4204, pid: 10071e, addr: 1, data: c000a29c70)
             exe-1050289 [001] ..... 1634372.081352: sys_ptrace -> 0x0
             exe-1050289 [001] ..... 1634372.081353: sys_ptrace(request: 4204, pid: 10071e, addr: 202, data: c000a29c70)
             exe-1050289 [001] ..... 1634372.081356: sys_ptrace -> 0x0
             exe-1050289 [001] ..... 1634372.081365: sys_pwrite64(fd: 63, buf: 7fd66f73e080, count: 39, pos: 3b)
             exe-1050289 [001] ..... 1634372.081367: tracing_mark_write: finit_module(fd=287, uargs=0x8, flags=0x7feba1619d00) end
             exe-1050289 [001] ..... 1634372.153652: tracing_mark_write: finit_module(fd=287, uargs=0x0, flags=0x7feba1619d01) start
             exe-1050289 [001] ..... 1634372.153654: sys_pwrite64 -> 0x3b
             exe-1050289 [001] ..... 1634372.153664: sys_ptrace(request: 4205, pid: 10071e, addr: 1, data: c000a29c70)
             exe-1050289 [001] ..... 1634372.153668: sys_ptrace -> 0x0
             exe-1050289 [001] ..... 1634372.153669: sys_ptrace(request: 4205, pid: 10071e, addr: 202, data: c000a29c70)
             exe-1050289 [001] ..... 1634372.153687: sys_ptrace -> 0x0
             exe-1049567 [002] ..... 1634372.153688: sys_nanosleep -> 0x0
             exe-1050289 [001] ..... 1634372.153689: sys_ptrace(request: 1f, pid: 10071e, addr: 0, data: 0)
             exe-1049567 [002] ..... 1634372.153690: sys_nanosleep(rqtp: c000069f10, rmtp: 0)
             exe-1050289 [001] .N... 1634372.153696: sys_ptrace -> 0x0
             exe-1050398 [001] ..... 1634372.153709: sys_write -> 0x3b
             exe-1050289 [001] ..... 1634372.153731: sys_wait4(upid: 10071e, stat_addr: c000a29bf4, options: 40000002, ru: 0)
             exe-1050289 [001] ..... 1634372.153734: sys_wait4 -> 0x10071e
             exe-1050289 [001] ..... 1634372.153736: sys_ptrace(request: 4204, pid: 10071e, addr: 1, data: c000a29c70)
             exe-1050289 [001] ..... 1634372.153740: sys_ptrace -> 0x0
             exe-1050289 [001] ..... 1634372.153741: sys_ptrace(request: 4204, pid: 10071e, addr: 202, data: c000a29c70)
             exe-1050289 [001] ..... 1634372.153744: sys_ptrace -> 0x0
             exe-1050289 [001] ..... 1634372.153751: sys_ptrace(request: 4205, pid: 10071e, addr: 1, data: c000a29c70)
             exe-1050289 [001] ..... 1634372.153753: sys_ptrace -> 0x0
             exe-1050289 [001] ..... 1634372.153755: sys_ptrace(request: 4205, pid: 10071e, addr: 202, data: c000a29c70)
             exe-1050289 [001] ..... 1634372.153764: sys_ptrace -> 0x0
             exe-1050289 [001] ..... 1634372.153765: sys_ptrace(request: 1f, pid: 10071e, addr: 0, data: 0)
             exe-1050289 [001] .N... 1634372.153772: sys_ptrace -> 0x0
             exe-1049567 [002] ..... 1634372.153779: sys_nanosleep -> 0x0
             exe-1050398 [001] ..... 1634372.153781: sys_finit_module -> 0xffffffffffffffff
             exe-1049567 [002] ..... 1634372.153781: sys_nanosleep(rqtp: c000069f10, rmtp: 0)
             exe-1050289 [001] ..... 1634372.153799: sys_wait4(upid: 10071e, stat_addr: c000a29bf4, options: 40000002, ru: 0)
             exe-1050289 [001] ..... 1634372.153802: sys_wait4 -> 0x10071e
             exe-1050289 [001] ..... 1634372.153804: sys_ptrace(request: 4204, pid: 10071e, addr: 1, data: c000a29c70)
             exe-1050289 [001] ..... 1634372.153807: sys_ptrace -> 0x0
             exe-1050289 [001] ..... 1634372.153809: sys_ptrace(request: 4204, pid: 10071e, addr: 202, data: c000a29c70)
             exe-1050289 [001] ..... 1634372.153811: sys_ptrace -> 0x0
             exe-1050289 [001] ..... 1634372.153821: sys_pwrite64(fd: 63, buf: 7fd66f73e080, count: 39, pos: 3b)
             exe-1050289 [001] ..... 1634372.153822: tracing_mark_write: finit_module(fd=287, uargs=0x0, flags=0x7feba1619d01) end
             exe-1050289 [001] ..... 1634372.209393: tracing_mark_write: finit_module(fd=287, uargs=0x0, flags=0x7feba1619d01) start
             exe-1050289 [001] ..... 1634372.209395: sys_pwrite64 -> 0x3b
             exe-1050289 [001] ..... 1634372.209403: sys_ptrace(request: 4205, pid: 10071e, addr: 1, data: c000a29c70)
             exe-1050289 [001] ..... 1634372.209405: sys_ptrace -> 0x0
             exe-1050289 [001] ..... 1634372.209407: sys_ptrace(request: 4205, pid: 10071e, addr: 202, data: c000a29c70)
             exe-1050289 [001] ..... 1634372.209420: sys_ptrace -> 0x0
             exe-1050289 [001] ..... 1634372.209422: sys_ptrace(request: 1f, pid: 10071e, addr: 0, data: 0)
             exe-1050289 [001] .N... 1634372.209429: sys_ptrace -> 0x0
             exe-1050398 [001] ..... 1634372.209440: sys_write -> 0x3b
             exe-1049567 [002] ..... 1634372.209446: sys_nanosleep -> 0x0
             exe-1049567 [002] ..... 1634372.209449: sys_nanosleep(rqtp: c000069f10, rmtp: 0)
             exe-1050289 [001] ..... 1634372.209460: sys_wait4(upid: 10071e, stat_addr: c000a29bf4, options: 40000002, ru: 0)
             exe-1050289 [001] ..... 1634372.209463: sys_wait4 -> 0x10071e
             exe-1050289 [001] ..... 1634372.209465: sys_ptrace(request: 4204, pid: 10071e, addr: 1, data: c000a29c70)
             exe-1050289 [001] ..... 1634372.209469: sys_ptrace -> 0x0
             exe-1050289 [001] ..... 1634372.209471: sys_ptrace(request: 4204, pid: 10071e, addr: 202, data: c000a29c70)
             exe-1050289 [001] ..... 1634372.209474: sys_ptrace -> 0x0
             exe-1050289 [001] ..... 1634372.209480: sys_ptrace(request: 4205, pid: 10071e, addr: 1, data: c000a29c70)
             exe-1050289 [001] ..... 1634372.209483: sys_ptrace -> 0x0
             exe-1050289 [001] ..... 1634372.209484: sys_ptrace(request: 4205, pid: 10071e, addr: 202, data: c000a29c70)
             exe-1050289 [001] ..... 1634372.209494: sys_ptrace -> 0x0
             exe-1050289 [001] ..... 1634372.209496: sys_ptrace(request: 1f, pid: 10071e, addr: 0, data: 0)
             exe-1050289 [001] .N... 1634372.209502: sys_ptrace -> 0x0
             exe-1050398 [001] ..... 1634372.209513: sys_finit_module -> 0xffffffffffffffff
             exe-1050289 [001] ..... 1634372.209532: sys_wait4(upid: 10071e, stat_addr: c000a29bf4, options: 40000002, ru: 0)
             exe-1049567 [002] ..... 1634372.209534: sys_nanosleep -> 0x0
             exe-1050289 [001] ..... 1634372.209535: sys_wait4 -> 0x10071e
             exe-1049567 [002] ..... 1634372.209536: sys_nanosleep(rqtp: c000069f10, rmtp: 0)
             exe-1050289 [001] ..... 1634372.209537: sys_ptrace(request: 4204, pid: 10071e, addr: 1, data: c000a29c70)
             exe-1050289 [001] ..... 1634372.209541: sys_ptrace -> 0x0
             exe-1050289 [001] ..... 1634372.209542: sys_ptrace(request: 4204, pid: 10071e, addr: 202, data: c000a29c70)
             exe-1050289 [001] ..... 1634372.209545: sys_ptrace -> 0x0
             exe-1050289 [001] ..... 1634372.209554: sys_pwrite64(fd: 63, buf: 7fd66f73e080, count: 39, pos: 3b)
             exe-1050289 [001] ..... 1634372.209556: tracing_mark_write: finit_module(fd=287, uargs=0x0, flags=0x7feba1619d01) end
             exe-1050289 [001] ..... 1634372.273443: tracing_mark_write: finit_module(fd=287, uargs=0x7feba1300000, flags=0x7feba1619d01) start
             exe-1050289 [001] ..... 1634372.273445: sys_pwrite64 -> 0x46
             exe-1050289 [001] ..... 1634372.273451: sys_ptrace(request: 4205, pid: 10071e, addr: 1, data: c000a29c70)
             exe-1050289 [001] ..... 1634372.273454: sys_ptrace -> 0x0
             exe-1050289 [001] ..... 1634372.273455: sys_ptrace(request: 4205, pid: 10071e, addr: 202, data: c000a29c70)
             exe-1050289 [001] ..... 1634372.273466: sys_ptrace -> 0x0
             exe-1050289 [001] ..... 1634372.273468: sys_ptrace(request: 1f, pid: 10071e, addr: 0, data: 0)
             exe-1049567 [002] ..... 1634372.273470: sys_nanosleep -> 0x0
             exe-1049567 [002] ..... 1634372.273473: sys_nanosleep(rqtp: c000069f10, rmtp: 0)
             exe-1050289 [001] .N... 1634372.273474: sys_ptrace -> 0x0
             exe-1050398 [001] ..... 1634372.273484: sys_write -> 0x46
             exe-1050289 [001] ..... 1634372.273501: sys_wait4(upid: 10071e, stat_addr: c000a29bf4, options: 40000002, ru: 0)
             exe-1050289 [001] ..... 1634372.273504: sys_wait4 -> 0x10071e
             exe-1050289 [001] ..... 1634372.273506: sys_ptrace(request: 4204, pid: 10071e, addr: 1, data: c000a29c70)
             exe-1050289 [001] ..... 1634372.273509: sys_ptrace -> 0x0
             exe-1050289 [001] ..... 1634372.273511: sys_ptrace(request: 4204, pid: 10071e, addr: 202, data: c000a29c70)
             exe-1050289 [001] ..... 1634372.273513: sys_ptrace -> 0x0
             exe-1050289 [001] ..... 1634372.273518: sys_ptrace(request: 4205, pid: 10071e, addr: 1, data: c000a29c70)
             exe-1050289 [001] ..... 1634372.273520: sys_ptrace -> 0x0
             exe-1050289 [001] ..... 1634372.273522: sys_ptrace(request: 4205, pid: 10071e, addr: 202, data: c000a29c70)
             exe-1050289 [001] ..... 1634372.273530: sys_ptrace -> 0x0
             exe-1050289 [001] ..... 1634372.273532: sys_ptrace(request: 1f, pid: 10071e, addr: 0, data: 0)
             exe-1050289 [001] .N... 1634372.273538: sys_ptrace -> 0x0
             exe-1050398 [001] ..... 1634372.273547: sys_finit_module -> 0xffffffffffffffff
             exe-1050289 [001] ..... 1634372.273563: sys_wait4(upid: 10071e, stat_addr: c000a29bf4, options: 40000002, ru: 0)
             exe-1049567 [002] ..... 1634372.273565: sys_nanosleep -> 0x0
             exe-1050289 [001] ..... 1634372.273566: sys_wait4 -> 0x10071e
             exe-1049567 [002] ..... 1634372.273567: sys_nanosleep(rqtp: c000069f10, rmtp: 0)
             exe-1050289 [001] ..... 1634372.273568: sys_ptrace(request: 4204, pid: 10071e, addr: 1, data: c000a29c70)
             exe-1050289 [001] ..... 1634372.273572: sys_ptrace -> 0x0
             exe-1050289 [001] ..... 1634372.273573: sys_ptrace(request: 4204, pid: 10071e, addr: 202, data: c000a29c70)
             exe-1050289 [001] ..... 1634372.273575: sys_ptrace -> 0x0
             exe-1050289 [001] ..... 1634372.273584: sys_pwrite64(fd: 63, buf: 7fd66f73e080, count: 44, pos: 46)
             exe-1050289 [001] ..... 1634372.273585: tracing_mark_write: finit_module(fd=287, uargs=0x7feba1300000, flags=0x7feba1619d01) end
             exe-1050289 [001] ..... 1634372.344834: tracing_mark_write: finit_module(fd=287, uargs=0x8, flags=0x7feba1619d01) start
             exe-1050289 [001] ..... 1634372.344836: sys_pwrite64 -> 0x3b
             exe-1050289 [001] ..... 1634372.344843: sys_ptrace(request: 4205, pid: 10071e, addr: 1, data: c000a29c70)
             exe-1050289 [001] ..... 1634372.344845: sys_ptrace -> 0x0
             exe-1050289 [001] ..... 1634372.344847: sys_ptrace(request: 4205, pid: 10071e, addr: 202, data: c000a29c70)
             exe-1050289 [001] ..... 1634372.344858: sys_ptrace -> 0x0
             exe-1050289 [001] ..... 1634372.344859: sys_ptrace(request: 1f, pid: 10071e, addr: 0, data: 0)
             exe-1050289 [001] .N... 1634372.344866: sys_ptrace -> 0x0
             exe-1050398 [001] ..... 1634372.344876: sys_write -> 0x3b
             exe-1049673 [000] ..... 1634372.344883: sys_nanosleep -> 0x0
             exe-1049673 [000] ..... 1634372.344885: sys_nanosleep(rqtp: c000069f10, rmtp: 0)
             exe-1050289 [001] ..... 1634372.344894: sys_wait4(upid: 10071e, stat_addr: c000a29bf4, options: 40000002, ru: 0)
             exe-1050289 [001] ..... 1634372.344897: sys_wait4 -> 0x10071e
             exe-1050289 [001] ..... 1634372.344899: sys_ptrace(request: 4204, pid: 10071e, addr: 1, data: c000a29c70)
             exe-1050289 [001] ..... 1634372.344903: sys_ptrace -> 0x0
             exe-1050289 [001] ..... 1634372.344904: sys_ptrace(request: 4204, pid: 10071e, addr: 202, data: c000a29c70)
             exe-1050289 [001] ..... 1634372.344907: sys_ptrace -> 0x0
             exe-1049567 [002] ..... 1634372.344912: sys_nanosleep -> 0x0
             exe-1050289 [001] ..... 1634372.344912: sys_ptrace(request: 4205, pid: 10071e, addr: 1, data: c000a29c70)
             exe-1049567 [002] ..... 1634372.344914: sys_nanosleep(rqtp: c000069f10, rmtp: 0)
             exe-1050289 [001] ..... 1634372.344915: sys_ptrace -> 0x0
             exe-1050289 [001] ..... 1634372.344916: sys_ptrace(request: 4205, pid: 10071e, addr: 202, data: c000a29c70)
             exe-1050289 [001] ..... 1634372.344925: sys_ptrace -> 0x0
             exe-1050289 [001] ..... 1634372.344927: sys_ptrace(request: 1f, pid: 10071e, addr: 0, data: 0)
             exe-1050289 [001] .N... 1634372.344933: sys_ptrace -> 0x0
             exe-1050398 [001] ..... 1634372.344943: sys_finit_module -> 0xffffffffffffffff
             exe-1050289 [001] ..... 1634372.344960: sys_wait4(upid: 10071e, stat_addr: c000a29bf4, options: 40000002, ru: 0)
             exe-1050289 [001] ..... 1634372.344963: sys_wait4 -> 0x10071e
             exe-1050289 [001] ..... 1634372.344965: sys_ptrace(request: 4204, pid: 10071e, addr: 1, data: c000a29c70)
             exe-1050289 [001] ..... 1634372.344969: sys_ptrace -> 0x0
             exe-1050289 [001] ..... 1634372.344971: sys_ptrace(request: 4204, pid: 10071e, addr: 202, data: c000a29c70)
             exe-1050289 [001] ..... 1634372.344973: sys_ptrace -> 0x0
             exe-1049673 [000] ..... 1634372.344975: sys_nanosleep -> 0x0
             exe-1049673 [000] ..... 1634372.344977: sys_nanosleep(rqtp: c000069f10, rmtp: 0)
             exe-1050289 [001] ..... 1634372.344981: sys_pwrite64(fd: 63, buf: 7fd66f73e080, count: 39, pos: 3b)
             exe-1050289 [001] ..... 1634372.344983: tracing_mark_write: finit_module(fd=287, uargs=0x8, flags=0x7feba1619d01) end
             exe-1050289 [001] ..... 1634372.401398: tracing_mark_write: finit_module(fd=273, uargs=0x7feb9f800000, flags=0x7feba1619d01) start
             exe-1050289 [001] ..... 1634372.401399: sys_pwrite64 -> 0x46
             exe-1050289 [001] ..... 1634372.401406: sys_ptrace(request: 4205, pid: 10071e, addr: 1, data: c000a29c70)
             exe-1050289 [001] ..... 1634372.401408: sys_ptrace -> 0x0
             exe-1049712 [002] ..... 1634372.401410: sys_futex(uaddr: c0002dcd48, op: 80, val: 0, utime: 0, uaddr2: 0, val3: 0)
             exe-1050289 [001] ..... 1634372.401410: sys_ptrace(request: 4205, pid: 10071e, addr: 202, data: c000a29c70)
             exe-1050289 [001] ..... 1634372.401422: sys_ptrace -> 0x0
             exe-1049567 [002] ..... 1634372.401423: sys_nanosleep -> 0x0
             exe-1050289 [001] ..... 1634372.401423: sys_ptrace(request: 1f, pid: 10071e, addr: 0, data: 0)
             exe-1049567 [002] ..... 1634372.401428: sys_nanosleep(rqtp: c000069f10, rmtp: 0)
             exe-1050289 [001] .N... 1634372.401430: sys_ptrace -> 0x0
             exe-1050398 [001] ..... 1634372.401442: sys_write -> 0x46
             exe-1049673 [000] ..... 1634372.401452: sys_nanosleep -> 0x0
             exe-1049673 [000] ..... 1634372.401456: sys_futex(uaddr: 1f09dc0, op: 80, val: 0, utime: c000069eb0, uaddr2: 0, val3: 0)
             exe-1050289 [001] ..... 1634372.401462: sys_wait4(upid: 10071e, stat_addr: c000a29bf4, options: 40000002, ru: 0)
             exe-1050289 [001] ..... 1634372.401464: sys_wait4 -> 0x10071e
