             exe-1049981 [003] ..... 1634475.931627: tracing_mark_write: futex(uaddr=0x562f7d2d2a40, op=0xb, val=0, utime=0x7f778dece000, uaddr2=0x562f7d2d2860, val3=-8) end
             exe-1049981 [003] ..... 1634476.011083: tracing_mark_write: futex(uaddr=0x562f7d2d29a0, op=0x1, val=0x7fffffff, utime=0x1, uaddr2=0x562f7d2d2720, val3=0x53535353) start
             exe-1049981 [003] ..... 1634476.011085: sys_pwrite64 -> 0x6c
             exe-1049981 [003] ..... 1634476.011092: sys_ptrace(request: 4205, pid: 1005aa, addr: 1, data: c000641c70)
             exe-1049981 [003] ..... 1634476.011095: sys_ptrace -> 0x0
             exe-1049981 [003] ..... 1634476.011096: sys_ptrace(request: 4205, pid: 1005aa, addr: 202, data: c000641c70)
             exe-1049981 [003] ..... 1634476.011108: sys_ptrace -> 0x0
             exe-1049981 [003] ..... 1634476.011110: sys_ptrace(request: 1f, pid: 1005aa, addr: 0, data: 0)
             exe-1049567 [002] ..... 1634476.011112: sys_nanosleep -> 0x0
             exe-1049981 [003] .N... 1634476.011117: sys_ptrace -> 0x0
             exe-1049567 [002] ..... 1634476.011117: sys_nanosleep(rqtp: c000069f10, rmtp: 0)
             exe-1050026 [003] ..... 1634476.011128: sys_write -> 0x6c
             exe-1049673 [000] ..... 1634476.011148: sys_nanosleep -> 0x0
             exe-1049981 [003] ..... 1634476.011148: sys_wait4(upid: 1005aa, stat_addr: c000641bf4, options: 40000002, ru: 0)
             exe-1049981 [003] ..... 1634476.011151: sys_wait4 -> 0x1005aa
             exe-1049673 [000] ..... 1634476.011151: sys_futex(uaddr: 1f09dc0, op: 80, val: 0, utime: c000069eb0, uaddr2: 0, val3: 0)
             exe-1049981 [003] ..... 1634476.011154: sys_ptrace(request: 4204, pid: 1005aa, addr: 1, data: c000641c70)
             exe-1049981 [003] ..... 1634476.011158: sys_ptrace -> 0x0
             exe-1049981 [003] ..... 1634476.011159: sys_ptrace(request: 4204, pid: 1005aa, addr: 202, data: c000641c70)
             exe-1049981 [003] ..... 1634476.011162: sys_ptrace -> 0x0
             exe-1049981 [003] ..... 1634476.011173: sys_ptrace(request: 4205, pid: 1005aa, addr: 1, data: c000641c70)
             exe-1049981 [003] ..... 1634476.011176: sys_ptrace -> 0x0
             exe-1049981 [003] ..... 1634476.011178: sys_ptrace(request: 4205, pid: 1005aa, addr: 202, data: c000641c70)
             exe-1049981 [003] ..... 1634476.011188: sys_ptrace -> 0x0
             exe-1049981 [003] ..... 1634476.011189: sys_ptrace(request: 1f, pid: 1005aa, addr: 0, data: 0)
             exe-1049981 [003] .N... 1634476.011196: sys_ptrace -> 0x0
             exe-1050026 [003] ..... 1634476.011207: sys_futex -> 0x0
             exe-1049567 [002] ..... 1634476.011217: sys_nanosleep -> 0x0
             exe-1049567 [002] ..... 1634476.011222: sys_nanosleep(rqtp: c000069f10, rmtp: 0)
             exe-1049981 [003] ..... 1634476.011226: sys_wait4(upid: 1005aa, stat_addr: c000641bf4, options: 40000002, ru: 0)
             exe-1049981 [003] ..... 1634476.011229: sys_wait4 -> 0x1005aa
             exe-1049981 [003] ..... 1634476.011231: sys_ptrace(request: 4204, pid: 1005aa, addr: 1, data: c000641c70)
             exe-1049981 [003] ..... 1634476.011235: sys_ptrace -> 0x0
             exe-1049981 [003] ..... 1634476.011236: sys_ptrace(request: 4204, pid: 1005aa, addr: 202, data: c000641c70)
             exe-1049981 [003] ..... 1634476.011239: sys_ptrace -> 0x0
             exe-1049981 [003] ..... 1634476.011248: sys_pwrite64(fd: 63, buf: 7fd66edbe080, count: 6a, pos: 6c)
             exe-1049981 [003] ..... 1634476.011249: tracing_mark_write: futex(uaddr=0x562f7d2d29a0, op=0x1, val=0x7fffffff, utime=0x1, uaddr2=0x562f7d2d2720, val3=0x53535353) end
             exe-1049981 [003] ..... 1634476.094973: tracing_mark_write: futex(uaddr=0x7f778decc000, op=0x0, val=8, utime=0x1, uaddr2=0x7f778be00000, val3=0xffffffffffff6464) start
             exe-1049981 [003] ..... 1634476.094974: sys_pwrite64 -> 0x6b
             exe-1067990 [000] ..... 1634476.094975: sys_futex -> 0x0
             exe-1049981 [003] ..... 1634476.094980: sys_ptrace(request: 4205, pid: 1005aa, addr: 1, data: c000641c70)
             exe-1067990 [000] ..... 1634476.094980: sys_futex(uaddr: c0002dd548, op: 80, val: 0, utime: 0, uaddr2: 0, val3: 0)
             exe-1049981 [003] ..... 1634476.094982: sys_ptrace -> 0x0
             exe-1049981 [003] ..... 1634476.094984: sys_ptrace(request: 4205, pid: 1005aa, addr: 202, data: c000641c70)
             exe-1049981 [003] ..... 1634476.094994: sys_ptrace -> 0x0
             exe-1049981 [003] ..... 1634476.094995: sys_ptrace(request: 1f, pid: 1005aa, addr: 0, data: 0)
             exe-1049981 [003] .N... 1634476.095002: sys_ptrace -> 0x0
             exe-1050026 [003] ..... 1634476.095012: sys_write -> 0x6b
             exe-1049981 [003] ..... 1634476.095028: sys_wait4(upid: 1005aa, stat_addr: c000641bf4, options: 40000002, ru: 0)
             exe-1049981 [003] ..... 1634476.095031: sys_wait4 -> 0x1005aa
             exe-1049981 [003] ..... 1634476.095033: sys_ptrace(request: 4204, pid: 1005aa, addr: 1, data: c000641c70)
             exe-1049981 [003] ..... 1634476.095036: sys_ptrace -> 0x0
             exe-1049981 [003] ..... 1634476.095038: sys_ptrace(request: 4204, pid: 1005aa, addr: 202, data: c000641c70)
             exe-1049981 [003] ..... 1634476.095040: sys_ptrace -> 0x0
             exe-1049673 [002] ..... 1634476.095049: sys_nanosleep -> 0x0
             exe-1049673 [002] ..... 1634476.095054: sys_futex(uaddr: 1f09dc0, op: 80, val: 0, utime: c000069eb0, uaddr2: 0, val3: 0)
             exe-1049567 [002] ..... 1634476.095067: sys_nanosleep -> 0x0
             exe-1049981 [003] ..... 1634476.095070: sys_ptrace(request: 4205, pid: 1005aa, addr: 1, data: c000641c70)
             exe-1049567 [002] ..... 1634476.095071: sys_nanosleep(rqtp: c000069f10, rmtp: 0)
             exe-1049981 [003] ..... 1634476.095073: sys_ptrace -> 0x0
             exe-1049981 [003] ..... 1634476.095074: sys_ptrace(request: 4205, pid: 1005aa, addr: 202, data: c000641c70)
             exe-1049981 [003] ..... 1634476.095085: sys_ptrace -> 0x0
             exe-1049981 [003] ..... 1634476.095086: sys_ptrace(request: 1f, pid: 1005aa, addr: 0, data: 0)
             exe-1049981 [003] .N... 1634476.095093: sys_ptrace -> 0x0
             exe-1050026 [003] ..... 1634476.095102: sys_futex -> 0xfffffffffffffff2
             exe-1049981 [003] ..... 1634476.095121: sys_wait4(upid: 1005aa, stat_addr: c000641bf4, options: 40000002, ru: 0)
             exe-1049981 [003] ..... 1634476.095123: sys_wait4 -> 0x1005aa
             exe-1049981 [003] ..... 1634476.095125: sys_ptrace(request: 4204, pid: 1005aa, addr: 1, data: c000641c70)
             exe-1049981 [003] ..... 1634476.095129: sys_ptrace -> 0x0
             exe-1049981 [003] ..... 1634476.095130: sys_ptrace(request: 4204, pid: 1005aa, addr: 202, data: c000641c70)
             exe-1049981 [003] ..... 1634476.095132: sys_ptrace -> 0x0
             exe-1049981 [003] ..... 1634476.095141: sys_pwrite64(fd: 63, buf: 7fd66edbe080, count: 69, pos: 6b)
             exe-1049981 [003] ..... 1634476.095142: tracing_mark_write: futex(uaddr=0x7f778decc000, op=0x0, val=8, utime=0x1, uaddr2=0x7f778be00000, val3=0xffffffffffff6464) end
