             exe-1050232 [001] ..... 1634469.806385: tracing_mark_write: futex(uaddr=0x7f778be00000, op=0x0, val=1, utime=0x7f778c000000, uaddr2=0x7f778db00000, val3=0x684b) start
             exe-1050232 [001] ..... 1634469.806390: sys_pwrite64 -> 0x6a
             exe-1050232 [001] ..... 1634469.806397: sys_ptrace(request: 4205, pid: 1006b9, addr: 1, data: c000641c70)
             exe-1050232 [001] ..... 1634469.806400: sys_ptrace -> 0x0
             exe-1050232 [001] ..... 1634469.806401: sys_ptrace(request: 4205, pid: 1006b9, addr: 202, data: c000641c70)
             exe-1050232 [001] ..... 1634469.806408: sys_ptrace -> 0x0
             exe-1050232 [001] ..... 1634469.806409: sys_ptrace(request: 1f, pid: 1006b9, addr: 0, data: 0)
             exe-1050232 [001] .N... 1634469.806414: sys_ptrace -> 0x0
             exe-1050297 [001] ..... 1634469.806422: sys_write -> 0x6a
             exe-1050232 [001] ..... 1634469.806435: sys_wait4(upid: 1006b9, stat_addr: c000641bf4, options: 40000002, ru: 0)
             exe-1050232 [001] ..... 1634469.806437: sys_wait4 -> 0x1006b9
             exe-1050232 [001] ..... 1634469.806448: sys_ptrace(request: 4204, pid: 1006b9, addr: 1, data: c000641c70)
             exe-1050232 [001] ..... 1634469.806450: sys_ptrace -> 0x0
             exe-1050232 [001] ..... 1634469.806452: sys_ptrace(request: 4204, pid: 1006b9, addr: 202, data: c000641c70)
             exe-1050232 [001] ..... 1634469.806453: sys_ptrace -> 0x0
             exe-1049673 [001] ..... 1634469.806510: sys_nanosleep -> 0x0
             exe-1049673 [001] ..... 1634469.806515: sys_nanosleep(rqtp: c000069f10, rmtp: 0)
             exe-1050232 [001] ..... 1634469.806577: sys_ptrace(request: 4205, pid: 1006b9, addr: 1, data: c000641c70)
             exe-1050232 [001] ..... 1634469.806581: sys_ptrace -> 0x0
             exe-1050232 [001] ..... 1634469.806582: sys_ptrace(request: 4205, pid: 1006b9, addr: 202, data: c000641c70)
             exe-1050232 [001] ..... 1634469.806589: sys_ptrace -> 0x0
             exe-1050232 [001] ..... 1634469.806590: sys_ptrace(request: 1f, pid: 1006b9, addr: 0, data: 0)
             exe-1050232 [001] .N... 1634469.806595: sys_ptrace -> 0x0
             exe-1050297 [001] ..... 1634469.806603: sys_futex -> 0xfffffffffffffff5
             exe-1050232 [001] ..... 1634469.806617: sys_wait4(upid: 1006b9, stat_addr: c000641bf4, options: 40000002, ru: 0)
             exe-1050232 [001] ..... 1634469.806618: sys_wait4 -> 0x1006b9
             exe-1050232 [001] ..... 1634469.806620: sys_ptrace(request: 4204, pid: 1006b9, addr: 1, data: c000641c70)
             exe-1050232 [001] ..... 1634469.806622: sys_ptrace -> 0x0
             exe-1050232 [001] ..... 1634469.806623: sys_ptrace(request: 4204, pid: 1006b9, addr: 202, data: c000641c70)
             exe-1050232 [001] ..... 1634469.806624: sys_ptrace -> 0x0
             exe-1050232 [001] ..... 1634469.806633: sys_pwrite64(fd: 63, buf: 7fd66edbe080, count: 68, pos: 6a)
             exe-1050232 [001] ..... 1634469.806634: tracing_mark_write: futex(uaddr=0x7f778be00000, op=0x0, val=1, utime=0x7f778c000000, uaddr2=0x7f778db00000, val3=0x684b) end
             exe-1050232 [003] ..... 1634469.872365: tracing_mark_write: futex(uaddr=0x562f7d2d29a0, op=0xb, val=0, utime=0x4, uaddr2=0x562f7d2d2900, val3=0x1a734000) start
             exe-1049673 [001] ..... 1634469.872367: sys_nanosleep -> 0x0
             exe-1050232 [003] ..... 1634469.872367: sys_pwrite64 -> 0x63
             exe-1050232 [003] ..... 1634469.872372: sys_ptrace(request: 4205, pid: 1006b9, addr: 1, data: c000641c70)
             exe-1049673 [001] ..... 1634469.872372: sys_nanosleep(rqtp: c000069f10, rmtp: 0)
             exe-1050232 [003] ..... 1634469.872375: sys_ptrace -> 0x0
             exe-1050232 [003] ..... 1634469.872377: sys_ptrace(request: 4205, pid: 1006b9, addr: 202, data: c000641c70)
             exe-1050232 [003] ..... 1634469.872384: sys_ptrace -> 0x0
             exe-1050232 [003] ..... 1634469.872386: sys_ptrace(request: 1f, pid: 1006b9, addr: 0, data: 0)
             exe-1049567 [001] ..... 1634469.872397: sys_nanosleep -> 0x0
             exe-1050232 [003] ..... 1634469.872402: sys_ptrace -> 0x0
             exe-1050232 [003] ..... 1634469.872404: sys_wait4(upid: 1006b9, stat_addr: c000641bf4, options: 40000002, ru: 0)
             exe-1049567 [001] ..... 1634469.872415: sys_nanosleep(rqtp: c000069f10, rmtp: 0)
             exe-1050297 [001] ..... 1634469.872432: sys_write -> 0x63
             exe-1050232 [003] ..... 1634469.872454: sys_wait4 -> 0x1006b9
             exe-1050232 [003] ..... 1634469.872457: sys_ptrace(request: 4204, pid: 1006b9, addr: 1, data: c000641c70)
             exe-1049673 [001] ..... 1634469.872481: sys_nanosleep -> 0x0
             exe-1049673 [001] ..... 1634469.872487: sys_nanosleep(rqtp: c000069f10, rmtp: 0)
             exe-1050232 [003] ..... 1634469.872496: sys_ptrace -> 0x0
             exe-1050232 [003] ..... 1634469.872498: sys_ptrace(request: 4204, pid: 1006b9, addr: 202, data: c000641c70)
             exe-1050232 [003] ..... 1634469.872507: sys_ptrace -> 0x0
             exe-1050232 [003] ..... 1634469.872560: sys_ptrace(request: 4205, pid: 1006b9, addr: 1, data: c000641c70)
             exe-1050232 [003] ..... 1634469.872563: sys_ptrace -> 0x0
             exe-1050232 [003] ..... 1634469.872564: sys_ptrace(request: 4205, pid: 1006b9, addr: 202, data: c000641c70)
             exe-1050232 [003] ..... 1634469.872574: sys_ptrace -> 0x0
             exe-1050232 [003] ..... 1634469.872575: sys_ptrace(request: 1f, pid: 1006b9, addr: 0, data: 0)
             exe-1050232 [003] ..... 1634469.872582: sys_ptrace -> 0x0
             exe-1050232 [003] ..... 1634469.872585: sys_wait4(upid: 1006b9, stat_addr: c000641bf4, options: 40000002, ru: 0)
             exe-1049673 [001] ..... 1634469.872586: sys_nanosleep -> 0x0
             exe-1049673 [001] ..... 1634469.872589: sys_nanosleep(rqtp: c000069f10, rmtp: 0)
             exe-1050297 [001] ..... 1634469.872614: sys_futex -> 0xffffffffffffffda
             exe-1050232 [003] ..... 1634469.872633: sys_wait4 -> 0x1006b9
             exe-1050232 [003] ..... 1634469.872636: sys_ptrace(request: 4204, pid: 1006b9, addr: 1, data: c000641c70)
             exe-1050232 [003] ..... 1634469.872638: sys_ptrace -> 0x0
             exe-1050232 [003] ..... 1634469.872640: sys_ptrace(request: 4204, pid: 1006b9, addr: 202, data: c000641c70)
             exe-1050232 [003] ..... 1634469.872642: sys_ptrace -> 0x0
             exe-1050232 [003] ..... 1634469.872651: sys_pwrite64(fd: 63, buf: 7fd66edbe080, count: 61, pos: 63)
             exe-1050232 [003] ..... 1634469.872652: tracing_mark_write: futex(uaddr=0x562f7d2d29a0, op=0xb, val=0, utime=0x4, uaddr2=0x562f7d2d2900, val3=0x1a734000) end
             exe-1050232 [003] ..... 1634469.957273: tracing_mark_write: futex(uaddr=0x7f778dece000, op=0x100, val=0xffffffff, utime=0x8, uaddr2=0x7f778c000000, val3=0x6060606) start
             exe-1050232 [003] ..... 1634469.957275: sys_pwrite64 -> 0x6d
             exe-1050232 [003] ..... 1634469.957281: sys_ptrace(request: 4205, pid: 1006b9, addr: 1, data: c000641c70)
             exe-1050232 [003] ..... 1634469.957284: sys_ptrace -> 0x0
             exe-1050232 [003] ..... 1634469.957285: sys_ptrace(request: 4205, pid: 1006b9, addr: 202, data: c000641c70)
             exe-1050232 [003] ..... 1634469.957294: sys_ptrace -> 0x0
             exe-1050232 [003] ..... 1634469.957296: sys_ptrace(request: 1f, pid: 1006b9, addr: 0, data: 0)
             exe-1050232 [003] ..... 1634469.957308: sys_ptrace -> 0x0
             exe-1050297 [001] ..... 1634469.957332: sys_write -> 0x6d
             exe-1050232 [003] ..... 1634469.957345: sys_wait4(upid: 1006b9, stat_addr: c000641bf4, options: 40000002, ru: 0)
             exe-1050232 [003] ..... 1634469.957347: sys_wait4 -> 0x1006b9
             exe-1050232 [003] ..... 1634469.957349: sys_ptrace(request: 4204, pid: 1006b9, addr: 1, data: c000641c70)
             exe-1050232 [003] ..... 1634469.957352: sys_ptrace -> 0x0
             exe-1050232 [003] ..... 1634469.957353: sys_ptrace(request: 4204, pid: 1006b9, addr: 202, data: c000641c70)
             exe-1050232 [003] ..... 1634469.957355: sys_ptrace -> 0x0
             exe-1050232 [003] ..... 1634469.957364: sys_ptrace(request: 4205, pid: 1006b9, addr: 1, data: c000641c70)
             exe-1050232 [003] ..... 1634469.957366: sys_ptrace -> 0x0
             exe-1050232 [003] ..... 1634469.957367: sys_ptrace(request: 4205, pid: 1006b9, addr: 202, data: c000641c70)
             exe-1050232 [003] ..... 1634469.957374: sys_ptrace -> 0x0
             exe-1050232 [003] ..... 1634469.957376: sys_ptrace(request: 1f, pid: 1006b9, addr: 0, data: 0)
             exe-1050232 [003] ..... 1634469.957385: sys_ptrace -> 0x0
             exe-1050232 [003] ..... 1634469.957387: sys_wait4(upid: 1006b9, stat_addr: c000641bf4, options: 40000002, ru: 0)
             exe-1050297 [001] ..... 1634469.957400: sys_futex -> 0xfffffffffffffff2
             exe-1050232 [003] ..... 1634469.957416: sys_wait4 -> 0x1006b9
             exe-1050232 [003] ..... 1634469.957418: sys_ptrace(request: 4204, pid: 1006b9, addr: 1, data: c000641c70)
             exe-1050232 [003] ..... 1634469.957421: sys_ptrace -> 0x0
             exe-1050232 [003] ..... 1634469.957422: sys_ptrace(request: 4204, pid: 1006b9, addr: 202, data: c000641c70)
             exe-1050232 [003] ..... 1634469.957424: sys_ptrace -> 0x0
             exe-1050232 [003] ..... 1634469.957431: sys_pwrite64(fd: 63, buf: 7fd66edbe080, count: 6b, pos: 6d)
             exe-1050232 [003] ..... 1634469.957433: tracing_mark_write: futex(uaddr=0x7f778dece000, op=0x100, val=0xffffffff, utime=0x8, uaddr2=0x7f778c000000, val3=0x6060606) end
             exe-1050232 [003] ..... 1634470.026063: tracing_mark_write: futex(uaddr=0x562f7d2d2720, op=0x5, val=1, utime=0x1, uaddr2=0x562f7d2d4020, val3=5) start
             exe-1050232 [003] ..... 1634470.026065: sys_pwrite64 -> 0x5a
             exe-1050232 [003] ..... 1634470.026071: sys_ptrace(request: 4205, pid: 1006b9, addr: 1, data: c000641c70)
             exe-1050232 [003] ..... 1634470.026074: sys_ptrace -> 0x0
             exe-1050232 [003] ..... 1634470.026075: sys_ptrace(request: 4205, pid: 1006b9, addr: 202, data: c000641c70)
             exe-1050232 [003] ..... 1634470.026086: sys_ptrace -> 0x0
             exe-1050232 [003] ..... 1634470.026087: sys_ptrace(request: 1f, pid: 1006b9, addr: 0, data: 0)
             exe-1050232 [003] .N... 1634470.026094: sys_ptrace -> 0x0
             exe-1050297 [003] ..... 1634470.026104: sys_write -> 0x5a
             exe-1050232 [003] ..... 1634470.026123: sys_wait4(upid: 1006b9, stat_addr: c000641bf4, options: 40000002, ru: 0)
             exe-1050232 [003] ..... 1634470.026125: sys_wait4 -> 0x1006b9
             exe-1050232 [003] ..... 1634470.026128: sys_ptrace(request: 4204, pid: 1006b9, addr: 1, data: c000641c70)
             exe-1050232 [003] ..... 1634470.026131: sys_ptrace -> 0x0
             exe-1049567 [002] ..... 1634470.026132: sys_nanosleep -> 0x0
             exe-1050232 [003] ..... 1634470.026133: sys_ptrace(request: 4204, pid: 1006b9, addr: 202, data: c000641c70)
             exe-1049567 [002] ..... 1634470.026134: sys_nanosleep(rqtp: c000069f10, rmtp: 0)
             exe-1050232 [003] ..... 1634470.026136: sys_ptrace -> 0x0
             exe-1050232 [003] ..... 1634470.026149: sys_ptrace(request: 4205, pid: 1006b9, addr: 1, data: c000641c70)
             exe-1050232 [003] ..... 1634470.026152: sys_ptrace -> 0x0
             exe-1050232 [003] ..... 1634470.026153: sys_ptrace(request: 4205, pid: 1006b9, addr: 202, data: c000641c70)
             exe-1050232 [003] ..... 1634470.026163: sys_ptrace -> 0x0
             exe-1050232 [003] ..... 1634470.026165: sys_ptrace(request: 1f, pid: 1006b9, addr: 0, data: 0)
             exe-1050232 [003] .N... 1634470.026171: sys_ptrace -> 0x0
             exe-1050297 [003] ..... 1634470.026181: sys_futex -> 0x0
             exe-1050232 [003] ..... 1634470.026199: sys_wait4(upid: 1006b9, stat_addr: c000641bf4, options: 40000002, ru: 0)
             exe-1050232 [003] ..... 1634470.026201: sys_wait4 -> 0x1006b9
             exe-1050232 [003] ..... 1634470.026204: sys_ptrace(request: 4204, pid: 1006b9, addr: 1, data: c000641c70)
             exe-1050232 [003] ..... 1634470.026207: sys_ptrace -> 0x0
             exe-1050232 [003] ..... 1634470.026209: sys_ptrace(request: 4204, pid: 1006b9, addr: 202, data: c000641c70)
             exe-1050232 [003] ..... 1634470.026211: sys_ptrace -> 0x0
             exe-1050232 [003] ..... 1634470.026221: sys_pwrite64(fd: 63, buf: 7fd66edbe080, count: 58, pos: 5a)
             exe-1050232 [003] ..... 1634470.026222: tracing_mark_write: futex(uaddr=0x562f7d2d2720, op=0x5, val=1, utime=0x1, uaddr2=0x562f7d2d4020, val3=5) end
             exe-1050232 [001] ..... 1634470.104469: tracing_mark_write: futex(uaddr=0x7f778c000000, op=0x1, val=0x20000, utime=0x0, uaddr2=0x7f778dece000, val3=0xd3d3d3d3) start
             exe-1050232 [001] ..... 1634470.104471: sys_pwrite64 -> 0x69
             exe-1050232 [001] ..... 1634470.104479: sys_ptrace(request: 4205, pid: 1006b9, addr: 1, data: c000641c70)
             exe-1050232 [001] ..... 1634470.104482: sys_ptrace -> 0x0
             exe-1050232 [001] ..... 1634470.104483: sys_ptrace(request: 4205, pid: 1006b9, addr: 202, data: c000641c70)
             exe-1049567 [000] ..... 1634470.104492: sys_nanosleep -> 0x0
             exe-1050232 [001] ..... 1634470.104496: sys_ptrace -> 0x0
             exe-1049567 [000] ..... 1634470.104497: sys_nanosleep(rqtp: c000069f10, rmtp: 0)
             exe-1050232 [001] ..... 1634470.104498: sys_ptrace(request: 1f, pid: 1006b9, addr: 0, data: 0)
             exe-1050232 [001] .N... 1634470.104506: sys_ptrace -> 0x0
             exe-1050297 [001] ..... 1634470.104517: sys_write -> 0x69
             exe-1050232 [001] ..... 1634470.104537: sys_wait4(upid: 1006b9, stat_addr: c000641bf4, options: 40000002, ru: 0)
             exe-1050232 [001] ..... 1634470.104540: sys_wait4 -> 0x1006b9
             exe-1050232 [001] ..... 1634470.104543: sys_ptrace(request: 4204, pid: 1006b9, addr: 1, data: c000641c70)
             exe-1050232 [001] ..... 1634470.104547: sys_ptrace -> 0x0
             exe-1050232 [001] ..... 1634470.104548: sys_ptrace(request: 4204, pid: 1006b9, addr: 202, data: c000641c70)
             exe-1050232 [001] ..... 1634470.104551: sys_ptrace -> 0x0
             exe-1050232 [001] ..... 1634470.104563: sys_ptrace(request: 4205, pid: 1006b9, addr: 1, data: c000641c70)
             exe-1050232 [001] ..... 1634470.104566: sys_ptrace -> 0x0
             exe-1050232 [001] ..... 1634470.104568: sys_ptrace(request: 4205, pid: 1006b9, addr: 202, data: c000641c70)
             exe-1050232 [001] ..... 1634470.104578: sys_ptrace -> 0x0
             exe-1050232 [001] ..... 1634470.104579: sys_ptrace(request: 1f, pid: 1006b9, addr: 0, data: 0)
             exe-1050232 [001] .N... 1634470.104587: sys_ptrace -> 0x0
             exe-1049567 [000] ..... 1634470.104587: sys_nanosleep -> 0x0
             exe-1049567 [000] ..... 1634470.104590: sys_nanosleep(rqtp: c000069f10, rmtp: 0)
             exe-1050297 [001] ..... 1634470.104597: sys_futex -> 0x0
             exe-1050232 [001] ..... 1634470.104616: sys_wait4(upid: 1006b9, stat_addr: c000641bf4, options: 40000002, ru: 0)
             exe-1050232 [001] ..... 1634470.104619: sys_wait4 -> 0x1006b9
             exe-1050232 [001] ..... 1634470.104621: sys_ptrace(request: 4204, pid: 1006b9, addr: 1, data: c000641c70)
             exe-1050232 [001] ..... 1634470.104625: sys_ptrace -> 0x0
             exe-1050232 [001] ..... 1634470.104626: sys_ptrace(request: 4204, pid: 1006b9, addr: 202, data: c000641c70)
             exe-1050232 [001] ..... 1634470.104629: sys_ptrace -> 0x0
             exe-1050232 [001] ..... 1634470.104639: sys_pwrite64(fd: 63, buf: 7fd66edbe080, count: 67, pos: 69)
             exe-1050232 [001] ..... 1634470.104640: tracing_mark_write: futex(uaddr=0x7f778c000000, op=0x1, val=0x20000, utime=0x0, uaddr2=0x7f778dece000, val3=0xd3d3d3d3) end
             exe-1050232 [001] ..... 1634470.171243: tracing_mark_write: futex(uaddr=0x7f778c200000, op=0x2, val=0x8306680e417020, utime=0x7f778decf000, uaddr2=0x7f778dfdf000, val3=4096) start
             exe-1050232 [001] ..... 1634470.171245: sys_pwrite64 -> 0x77
             exe-1049567 [000] ..... 1634470.171252: sys_nanosleep -> 0x0
             exe-1050232 [001] ..... 1634470.171252: sys_ptrace(request: 4205, pid: 1006b9, addr: 1, data: c000641c70)
             exe-1050232 [001] ..... 1634470.171255: sys_ptrace -> 0x0
             exe-1049567 [000] ..... 1634470.171256: sys_nanosleep(rqtp: c000069f10, rmtp: 0)
             exe-1050232 [001] ..... 1634470.171256: sys_ptrace(request: 4205, pid: 1006b9, addr: 202, data: c000641c70)
             exe-1050232 [001] ..... 1634470.171270: sys_ptrace -> 0x0
             exe-1050232 [001] ..... 1634470.171271: sys_ptrace(request: 1f, pid: 1006b9, addr: 0, data: 0)
             exe-1050232 [001] .N... 1634470.171294: sys_ptrace -> 0x0
             exe-1050297 [001] ..... 1634470.171305: sys_write -> 0x77
             exe-1050232 [001] ..... 1634470.171328: sys_wait4(upid: 1006b9, stat_addr: c000641bf4, options: 40000002, ru: 0)
             exe-1050232 [001] ..... 1634470.171331: sys_wait4 -> 0x1006b9
             exe-1050232 [001] ..... 1634470.171334: sys_ptrace(request: 4204, pid: 1006b9, addr: 1, data: c000641c70)
             exe-1050232 [001] ..... 1634470.171338: sys_ptrace -> 0x0
             exe-1050232 [001] ..... 1634470.171339: sys_ptrace(request: 4204, pid: 1006b9, addr: 202, data: c000641c70)
             exe-1050232 [001] ..... 1634470.171342: sys_ptrace -> 0x0
             exe-1050232 [001] ..... 1634470.171349: sys_ptrace(request: 4205, pid: 1006b9, addr: 1, data: c000641c70)
             exe-1050232 [001] ..... 1634470.171352: sys_ptrace -> 0x0
             exe-1050232 [001] ..... 1634470.171353: sys_ptrace(request: 4205, pid: 1006b9, addr: 202, data: c000641c70)
             exe-1049567 [000] ..... 1634470.171355: sys_nanosleep -> 0x0
             exe-1049567 [000] ..... 1634470.171360: sys_nanosleep(rqtp: c000069f10, rmtp: 0)
             exe-1050232 [001] ..... 1634470.171364: sys_ptrace -> 0x0
             exe-1050232 [001] ..... 1634470.171365: sys_ptrace(request: 1f, pid: 1006b9, addr: 0, data: 0)
             exe-1050232 [001] .N... 1634470.171372: sys_ptrace -> 0x0
             exe-1050297 [001] ..... 1634470.171383: sys_futex -> 0xffffffffffffffda
             exe-1050232 [001] ..... 1634470.171402: sys_wait4(upid: 1006b9, stat_addr: c000641bf4, options: 40000002, ru: 0)
             exe-1050232 [001] ..... 1634470.171405: sys_wait4 -> 0x1006b9
             exe-1050232 [001] ..... 1634470.171407: sys_ptrace(request: 4204, pid: 1006b9, addr: 1, data: c000641c70)
             exe-1050232 [001] ..... 1634470.171411: sys_ptrace -> 0x0
             exe-1050232 [001] ..... 1634470.171412: sys_ptrace(request: 4204, pid: 1006b9, addr: 202, data: c000641c70)
             exe-1050232 [001] ..... 1634470.171415: sys_ptrace -> 0x0
             exe-1050232 [001] ..... 1634470.171428: sys_pwrite64(fd: 63, buf: 7fd66edbe080, count: 75, pos: 77)
             exe-1050232 [001] ..... 1634470.171430: tracing_mark_write: futex(uaddr=0x7f778c200000, op=0x2, val=0x8306680e417020, utime=0x7f778decf000, uaddr2=0x7f778dfdf000, val3=4096) end
             exe-1050232 [001] ..... 1634470.248603: tracing_mark_write: futex(uaddr=0x562f7d2d2d60, op=0x5, val=1, utime=0x7f778decf000, uaddr2=0x562f7d2d2cc0, val3=3) start
             exe-1050232 [001] ..... 1634470.248605: sys_pwrite64 -> 0x65
             exe-1050232 [001] ..... 1634470.248611: sys_ptrace(request: 4205, pid: 1006b9, addr: 1, data: c000641c70)
             exe-1050232 [001] ..... 1634470.248613: sys_ptrace -> 0x0
             exe-1050232 [001] ..... 1634470.248615: sys_ptrace(request: 4205, pid: 1006b9, addr: 202, data: c000641c70)
             exe-1050232 [001] ..... 1634470.248626: sys_ptrace -> 0x0
             exe-1050232 [001] ..... 1634470.248627: sys_ptrace(request: 1f, pid: 1006b9, addr: 0, data: 0)
             exe-1050232 [001] .N... 1634470.248634: sys_ptrace -> 0x0
             exe-1050297 [001] ..... 1634470.248645: sys_write -> 0x65
             exe-1050232 [001] ..... 1634470.248663: sys_wait4(upid: 1006b9, stat_addr: c000641bf4, options: 40000002, ru: 0)
             exe-1050232 [001] ..... 1634470.248666: sys_wait4 -> 0x1006b9
             exe-1050232 [001] ..... 1634470.248668: sys_ptrace(request: 4204, pid: 1006b9, addr: 1, data: c000641c70)
             exe-1050232 [001] ..... 1634470.248671: sys_ptrace -> 0x0
             exe-1050232 [001] ..... 1634470.248673: sys_ptrace(request: 4204, pid: 1006b9, addr: 202, data: c000641c70)
             exe-1050232 [001] ..... 1634470.248675: sys_ptrace -> 0x0
             exe-1050232 [001] ..... 1634470.248692: sys_ptrace(request: 4205, pid: 1006b9, addr: 1, data: c000641c70)
             exe-1050232 [001] ..... 1634470.248694: sys_ptrace -> 0x0
             exe-1050232 [001] ..... 1634470.248696: sys_ptrace(request: 4205, pid: 1006b9, addr: 202, data: c000641c70)
             exe-1050232 [001] ..... 1634470.248705: sys_ptrace -> 0x0
             exe-1050232 [001] ..... 1634470.248707: sys_ptrace(request: 1f, pid: 1006b9, addr: 0, data: 0)
             exe-1050232 [001] .N... 1634470.248714: sys_ptrace -> 0x0
             exe-1050297 [001] ..... 1634470.248724: sys_futex -> 0x0
             exe-1050232 [001] ..... 1634470.248742: sys_wait4(upid: 1006b9, stat_addr: c000641bf4, options: 40000002, ru: 0)
             exe-1050232 [001] ..... 1634470.248744: sys_wait4 -> 0x1006b9
             exe-1050232 [001] ..... 1634470.248746: sys_ptrace(request: 4204, pid: 1006b9, addr: 1, data: c000641c70)
             exe-1050232 [001] ..... 1634470.248750: sys_ptrace -> 0x0
             exe-1050232 [001] ..... 1634470.248751: sys_ptrace(request: 4204, pid: 1006b9, addr: 202, data: c000641c70)
             exe-1050232 [001] ..... 1634470.248753: sys_ptrace -> 0x0
             exe-1050232 [001] ..... 1634470.248762: sys_pwrite64(fd: 63, buf: 7fd66edbe080, count: 63, pos: 65)
             exe-1050232 [001] ..... 1634470.248763: tracing_mark_write: futex(uaddr=0x562f7d2d2d60, op=0x5, val=1, utime=0x7f778decf000, uaddr2=0x562f7d2d2cc0, val3=3) end
             exe-1050232 [000] ..... 1634470.314803: tracing_mark_write: futex(uaddr=0x562f7d2d2b80, op=0x6, val=64, utime=0x4, uaddr2=0x562f7d2d4020, val3=0x430022) start
             exe-1050232 [000] .N... 1634470.314845: sys_pwrite64 -> 0x62
             exe-1050232 [000] ..... 1634470.314904: sys_ptrace(request: 4205, pid: 1006b9, addr: 1, data: c000641c70)
             exe-1050232 [000] ..... 1634470.314909: sys_ptrace -> 0x0
             exe-1050232 [000] ..... 1634470.314911: sys_ptrace(request: 4205, pid: 1006b9, addr: 202, data: c000641c70)
             exe-1050232 [000] ..... 1634470.314932: sys_ptrace -> 0x0
             exe-1050232 [000] ..... 1634470.314934: sys_ptrace(request: 1f, pid: 1006b9, addr: 0, data: 0)
             exe-1050232 [000] .N... 1634470.314971: sys_ptrace -> 0x0
             exe-1050297 [001] ..... 1634470.315002: sys_write -> 0x62
             exe-1050232 [000] ..... 1634470.315012: sys_wait4(upid: 1006b9, stat_addr: c000641bf4, options: 40000002, ru: 0)
             exe-1049567 [002] ..... 1634470.315016: sys_nanosleep -> 0x0
             exe-1050232 [000] ..... 1634470.315016: sys_wait4 -> 0x1006b9
             exe-1050232 [000] ..... 1634470.315019: sys_ptrace(request: 4204, pid: 1006b9, addr: 1, data: c000641c70)
             exe-1049567 [002] ..... 1634470.315025: sys_nanosleep(rqtp: c000069f10, rmtp: 0)
             exe-1050232 [000] ..... 1634470.315038: sys_ptrace -> 0x0
             exe-1050232 [000] ..... 1634470.315040: sys_ptrace(request: 4204, pid: 1006b9, addr: 202, data: c000641c70)
             exe-1050232 [000] ..... 1634470.315043: sys_ptrace -> 0x0
             exe-1050232 [000] ..... 1634470.315055: sys_ptrace(request: 4205, pid: 1006b9, addr: 1, data: c000641c70)
             exe-1050232 [000] ..... 1634470.315058: sys_ptrace -> 0x0
             exe-1050232 [000] ..... 1634470.315059: sys_ptrace(request: 4205, pid: 1006b9, addr: 202, data: c000641c70)
             exe-1050232 [000] ..... 1634470.315072: sys_ptrace -> 0x0
             exe-1050232 [000] ..... 1634470.315074: sys_ptrace(request: 1f, pid: 1006b9, addr: 0, data: 0)
             exe-1050232 [000] ..... 1634470.315088: sys_ptrace -> 0x0
             exe-1050232 [000] ..... 1634470.315090: sys_wait4(upid: 1006b9, stat_addr: c000641bf4, options: 40000002, ru: 0)
             exe-1050297 [001] ..... 1634470.315112: sys_futex -> 0xfffffffffffffff2
             exe-1050232 [000] ..... 1634470.315135: sys_wait4 -> 0x1006b9
             exe-1050232 [000] ..... 1634470.315138: sys_ptrace(request: 4204, pid: 1006b9, addr: 1, data: c000641c70)
             exe-1050232 [000] ..... 1634470.315140: sys_ptrace -> 0x0
             exe-1050232 [000] ..... 1634470.315142: sys_ptrace(request: 4204, pid: 1006b9, addr: 202, data: c000641c70)
             exe-1050232 [000] ..... 1634470.315144: sys_ptrace -> 0x0
             exe-1050232 [000] ..... 1634470.315157: sys_pwrite64(fd: 63, buf: 7fd66edbe080, count: 60, pos: 62)
             exe-1050232 [000] ..... 1634470.315160: tracing_mark_write: futex(uaddr=0x562f7d2d2b80, op=0x6, val=64, utime=0x4, uaddr2=0x562f7d2d4020, val3=0x430022) end
             exe-1050232 [000] ..... 1634470.386552: tracing_mark_write: futex(uaddr=0x562f7d2d2d60, op=0xc, val=0x7fffffff, utime=0x1, uaddr2=0x562f7d2d2c20, val3=0x3a3a3a3a) start
             exe-1050232 [000] ..... 1634470.386554: sys_pwrite64 -> 0x6c
             exe-1050232 [000] ..... 1634470.386562: sys_ptrace(request: 4205, pid: 1006b9, addr: 1, data: c000641c70)
             exe-1050232 [000] ..... 1634470.386565: sys_ptrace -> 0x0
             exe-1050232 [000] ..... 1634470.386566: sys_ptrace(request: 4205, pid: 1006b9, addr: 202, data: c000641c70)
             exe-1050232 [000] ..... 1634470.386579: sys_ptrace -> 0x0
             exe-1050232 [000] ..... 1634470.386580: sys_ptrace(request: 1f, pid: 1006b9, addr: 0, data: 0)
             exe-1050232 [000] ..... 1634470.386591: sys_ptrace -> 0x0
             exe-1050232 [000] ..... 1634470.386594: sys_wait4(upid: 1006b9, stat_addr: c000641bf4, options: 40000002, ru: 0)
             exe-1050297 [001] ..... 1634470.386599: sys_write -> 0x6c
             exe-1050232 [000] ..... 1634470.386612: sys_wait4 -> 0x1006b9
             exe-1050232 [000] ..... 1634470.386615: sys_ptrace(request: 4204, pid: 1006b9, addr: 1, data: c000641c70)
             exe-1050232 [000] ..... 1634470.386617: sys_ptrace -> 0x0
             exe-1050232 [000] ..... 1634470.386619: sys_ptrace(request: 4204, pid: 1006b9, addr: 202, data: c000641c70)
             exe-1050232 [000] ..... 1634470.386621: sys_ptrace -> 0x0
             exe-1050232 [000] ..... 1634470.386766: sys_ptrace(request: 4205, pid: 1006b9, addr: 1, data: c000641c70)
             exe-1050232 [000] ..... 1634470.386772: sys_ptrace -> 0x0
             exe-1050232 [000] ..... 1634470.386774: sys_ptrace(request: 4205, pid: 1006b9, addr: 202, data: c000641c70)
             exe-1050232 [000] ..... 1634470.386787: sys_ptrace -> 0x0
             exe-1050232 [000] ..... 1634470.386789: sys_ptrace(request: 1f, pid: 1006b9, addr: 0, data: 0)
             exe-1050232 [000] ..... 1634470.386803: sys_ptrace -> 0x0
             exe-1050232 [000] ..... 1634470.386806: sys_wait4(upid: 1006b9, stat_addr: c000641bf4, options: 40000002, ru: 0)
             exe-1050297 [001] ..... 1634470.386820: sys_futex -> 0xffffffffffffffda
             exe-1050232 [000] ..... 1634470.386841: sys_wait4 -> 0x1006b9
             exe-1050232 [000] ..... 1634470.386844: sys_ptrace(request: 4204, pid: 1006b9, addr: 1, data: c000641c70)
             exe-1050232 [000] ..... 1634470.386847: sys_ptrace -> 0x0
             exe-1050232 [000] ..... 1634470.386849: sys_ptrace(request: 4204, pid: 1006b9, addr: 202, data: c000641c70)
             exe-1050232 [000] ..... 1634470.386851: sys_ptrace -> 0x0
             exe-1050232 [000] ..... 1634470.386865: sys_pwrite64(fd: 63, buf: 7fd66edbe080, count: 6a, pos: 6c)
             exe-1050232 [000] ..... 1634470.386868: tracing_mark_write: futex(uaddr=0x562f7d2d2d60, op=0xc, val=0x7fffffff, utime=0x1, uaddr2=0x562f7d2d2c20, val3=0x3a3a3a3a) end
             exe-1050232 [000] ..... 1634470.457514: tracing_mark_write: futex(uaddr=0x562f7d2d2860, op=0xb, val=0, utime=0x8, uaddr2=0x562f7d2d2860, val3=0x800000) start
             exe-1050232 [000] ..... 1634470.457516: sys_pwrite64 -> 0x61
             exe-1050232 [000] ..... 1634470.457526: sys_ptrace(request: 4205, pid: 1006b9, addr: 1, data: c000641c70)
             exe-1050232 [000] ..... 1634470.457530: sys_ptrace -> 0x0
             exe-1050232 [000] ..... 1634470.457532: sys_ptrace(request: 4205, pid: 1006b9, addr: 202, data: c000641c70)
             exe-1050232 [000] ..... 1634470.457544: sys_ptrace -> 0x0
             exe-1050232 [000] ..... 1634470.457546: sys_ptrace(request: 1f, pid: 1006b9, addr: 0, data: 0)
             exe-1050232 [000] ..... 1634470.457555: sys_ptrace -> 0x0
             exe-1050232 [000] ..... 1634470.457558: sys_wait4(upid: 1006b9, stat_addr: c000641bf4, options: 40000002, ru: 0)
             exe-1050297 [001] ..... 1634470.457563: sys_write -> 0x61
             exe-1050232 [000] ..... 1634470.457585: sys_wait4 -> 0x1006b9
             exe-1050232 [000] ..... 1634470.457588: sys_ptrace(request: 4204, pid: 1006b9, addr: 1, data: c000641c70)
             exe-1050232 [000] ..... 1634470.457591: sys_ptrace -> 0x0
             exe-1050232 [000] ..... 1634470.457592: sys_ptrace(request: 4204, pid: 1006b9, addr: 202, data: c000641c70)
             exe-1049673 [001] ..... 1634470.457598: sys_nanosleep -> 0x0
             exe-1050232 [000] ..... 1634470.457599: sys_ptrace -> 0x0
             exe-1049673 [001] ..... 1634470.457604: sys_nanosleep(rqtp: c000069f10, rmtp: 0)
             exe-1049567 [002] ..... 1634470.457685: sys_nanosleep -> 0x0
             exe-1050232 [000] ..... 1634470.457688: sys_ptrace(request: 4205, pid: 1006b9, addr: 1, data: c000641c70)
             exe-1049567 [002] ..... 1634470.457688: sys_nanosleep(rqtp: c000069f10, rmtp: 0)
             exe-1050232 [000] ..... 1634470.457692: sys_ptrace -> 0x0
             exe-1050232 [000] ..... 1634470.457694: sys_ptrace(request: 4205, pid: 1006b9, addr: 202, data: c000641c70)
             exe-1050232 [000] ..... 1634470.457707: sys_ptrace -> 0x0
             exe-1050232 [000] ..... 1634470.457708: sys_ptrace(request: 1f, pid: 1006b9, addr: 0, data: 0)
             exe-1050232 [000] ..... 1634470.457717: sys_ptrace -> 0x0
             exe-1050232 [000] ..... 1634470.457721: sys_wait4(upid: 1006b9, stat_addr: c000641bf4, options: 40000002, ru: 0)
             exe-1050297 [001] ..... 1634470.457731: sys_futex -> 0xffffffffffffffda
             exe-1050232 [000] ..... 1634470.457752: sys_wait4 -> 0x1006b9
             exe-1050232 [000] ..... 1634470.457755: sys_ptrace(request: 4204, pid: 1006b9, addr: 1, data: c000641c70)
             exe-1050232 [000] ..... 1634470.457758: sys_ptrace -> 0x0
             exe-1050232 [000] ..... 1634470.457760: sys_ptrace(request: 4204, pid: 1006b9, addr: 202, data: c000641c70)
             exe-1050232 [000] ..... 1634470.457762: sys_ptrace -> 0x0
             exe-1050232 [000] ..... 1634470.457776: sys_pwrite64(fd: 63, buf: 7fd66edbe080, count: 5f, pos: 61)
             exe-1050232 [000] ..... 1634470.457778: tracing_mark_write: futex(uaddr=0x562f7d2d2860, op=0xb, val=0, utime=0x8, uaddr2=0x562f7d2d2860, val3=0x800000) end
             exe-1050232 [000] ..... 1634470.547466: tracing_mark_write: futex(uaddr=0x7f778db00000, op=0x3, val=0xffffffffffff7fff, utime=0x0, uaddr2=0x7f778dfdd000, val3=0xfde7) start
             exe-1050232 [000] ..... 1634470.547468: sys_pwrite64 -> 0x70
             exe-1050232 [000] ..... 1634470.547475: sys_ptrace(request: 4205, pid: 1006b9, addr: 1, data: c000641c70)
             exe-1050232 [000] ..... 1634470.547478: sys_ptrace -> 0x0
             exe-1049673 [001] ..... 1634470.547479: sys_nanosleep -> 0x0
             exe-1050232 [000] ..... 1634470.547480: sys_ptrace(request: 4205, pid: 1006b9, addr: 202, data: c000641c70)
             exe-1049673 [001] ..... 1634470.547482: sys_nanosleep(rqtp: c000069f10, rmtp: 0)
             exe-1049567 [002] ..... 1634470.547551: sys_nanosleep -> 0x0
             exe-1049567 [002] ..... 1634470.547554: sys_nanosleep(rqtp: c000069f10, rmtp: 0)
             exe-1050232 [000] ..... 1634470.547560: sys_ptrace -> 0x0
             exe-1050232 [000] ..... 1634470.547564: sys_ptrace(request: 1f, pid: 1006b9, addr: 0, data: 0)
             exe-1049673 [001] ..... 1634470.547568: sys_nanosleep -> 0x0
             exe-1049673 [001] ..... 1634470.547570: sys_nanosleep(rqtp: c000069f10, rmtp: 0)
             exe-1050232 [000] ..... 1634470.547576: sys_ptrace -> 0x0
             exe-1050232 [000] ..... 1634470.547580: sys_wait4(upid: 1006b9, stat_addr: c000641bf4, options: 40000002, ru: 0)
             exe-1050297 [001] ..... 1634470.547589: sys_write -> 0x70
             exe-1050232 [000] ..... 1634470.547665: sys_wait4 -> 0x1006b9
             exe-1049673 [001] ..... 1634470.547667: sys_nanosleep -> 0x0
             exe-1050232 [000] ..... 1634470.547671: sys_ptrace(request: 4204, pid: 1006b9, addr: 1, data: c000641c70)
             exe-1049673 [001] ..... 1634470.547673: sys_nanosleep(rqtp: c000069f10, rmtp: 0)
             exe-1050232 [000] ..... 1634470.547676: sys_ptrace -> 0x0
             exe-1050232 [000] ..... 1634470.547678: sys_ptrace(request: 4204, pid: 1006b9, addr: 202, data: c000641c70)
             exe-1050232 [000] ..... 1634470.547681: sys_ptrace -> 0x0
             exe-1050232 [000] ..... 1634470.547699: sys_ptrace(request: 4205, pid: 1006b9, addr: 1, data: c000641c70)
             exe-1050232 [000] ..... 1634470.547702: sys_ptrace -> 0x0
             exe-1050232 [000] ..... 1634470.547703: sys_ptrace(request: 4205, pid: 1006b9, addr: 202, data: c000641c70)
             exe-1049673 [001] ..... 1634470.547764: sys_nanosleep -> 0x0
             exe-1049673 [001] ..... 1634470.547766: sys_nanosleep(rqtp: c000069f10, rmtp: 0)
             exe-1050232 [000] ..... 1634470.547787: sys_ptrace -> 0x0
             exe-1050232 [000] ..... 1634470.547792: sys_ptrace(request: 1f, pid: 1006b9, addr: 0, data: 0)
             exe-1050232 [000] ..... 1634470.547801: sys_ptrace -> 0x0
             exe-1050232 [000] ..... 1634470.547805: sys_wait4(upid: 1006b9, stat_addr: c000641bf4, options: 40000002, ru: 0)
             exe-1050297 [001] ..... 1634470.547812: sys_futex -> 0x0
             exe-1050232 [000] ..... 1634470.547834: sys_wait4 -> 0x1006b9
             exe-1049673 [001] ..... 1634470.547863: sys_nanosleep -> 0x0
             exe-1049673 [001] ..... 1634470.547868: sys_nanosleep(rqtp: c000069f10, rmtp: 0)
             exe-1050232 [000] ..... 1634470.547896: sys_ptrace(request: 4204, pid: 1006b9, addr: 1, data: c000641c70)
             exe-1049896 [002] ..... 1634470.547898: sys_epoll_pwait -> 0x0
             exe-1050232 [000] ..... 1634470.547902: sys_ptrace -> 0x0
             exe-1050232 [000] ..... 1634470.547904: sys_ptrace(request: 4204, pid: 1006b9, addr: 202, data: c000641c70)
             exe-1050232 [000] ..... 1634470.547906: sys_ptrace -> 0x0
             exe-1049896 [002] ..... 1634470.547911: sys_futex(uaddr: c0002d0548, op: 81, val: 1, utime: 0, uaddr2: 0, val3: 0)
             exe-1049896 [002] ..... 1634470.547920: sys_futex -> 0x1
             exe-1050232 [000] ..... 1634470.547922: sys_pwrite64(fd: 63, buf: 7fd66edbe080, count: 6e, pos: 70)
             exe-1050232 [000] ..... 1634470.547924: tracing_mark_write: futex(uaddr=0x7f778db00000, op=0x3, val=0xffffffffffff7fff, utime=0x0, uaddr2=0x7f778dfdd000, val3=0xfde7) end
             exe-1050232 [000] ..... 1634470.612612: tracing_mark_write: futex(uaddr=0x562f7d2d2b80, op=0xb, val=0, utime=0x7f778dece000, uaddr2=0x562f7d2d2b80, val3=-4) start
             exe-1050232 [000] ..... 1634470.612614: sys_pwrite64 -> 0x66
             exe-1049567 [001] ..... 1634470.612617: sys_nanosleep -> 0x0
             exe-1050232 [000] ..... 1634470.612618: sys_ptrace(request: 4205, pid: 1006b9, addr: 1, data: c000641c70)
             exe-1050232 [000] ..... 1634470.612621: sys_ptrace -> 0x0
             exe-1050232 [000] ..... 1634470.612622: sys_ptrace(request: 4205, pid: 1006b9, addr: 202, data: c000641c70)
             exe-1049567 [001] ..... 1634470.612623: sys_nanosleep(rqtp: c000069f10, rmtp: 0)
             exe-1050232 [000] ..... 1634470.612629: sys_ptrace -> 0x0
             exe-1050232 [000] ..... 1634470.612631: sys_ptrace(request: 1f, pid: 1006b9, addr: 0, data: 0)
             exe-1050232 [000] ..... 1634470.612638: sys_ptrace -> 0x0
             exe-1050232 [000] ..... 1634470.612640: sys_wait4(upid: 1006b9, stat_addr: c000641bf4, options: 40000002, ru: 0)
             exe-1050297 [001] ..... 1634470.612665: sys_write -> 0x66
             exe-1050232 [000] ..... 1634470.612691: sys_wait4 -> 0x1006b9
             exe-1049673 [001] ..... 1634470.612693: sys_nanosleep -> 0x0
             exe-1050232 [000] ..... 1634470.612694: sys_ptrace(request: 4204, pid: 1006b9, addr: 1, data: c000641c70)
             exe-1050232 [000] ..... 1634470.612696: sys_ptrace -> 0x0
             exe-1050232 [000] ..... 1634470.612698: sys_ptrace(request: 4204, pid: 1006b9, addr: 202, data: c000641c70)
             exe-1050232 [000] ..... 1634470.612700: sys_ptrace -> 0x0
             exe-1049673 [001] ..... 1634470.612723: sys_nanosleep(rqtp: c000069f10, rmtp: 0)
             exe-1050232 [000] ..... 1634470.612724: sys_ptrace(request: 4205, pid: 1006b9, addr: 1, data: c000641c70)
             exe-1050232 [000] ..... 1634470.612726: sys_ptrace -> 0x0
             exe-1050232 [000] ..... 1634470.612728: sys_ptrace(request: 4205, pid: 1006b9, addr: 202, data: c000641c70)
             exe-1050232 [000] ..... 1634470.612735: sys_ptrace -> 0x0
             exe-1050232 [000] ..... 1634470.612737: sys_ptrace(request: 1f, pid: 1006b9, addr: 0, data: 0)
             exe-1049567 [001] ..... 1634470.612741: sys_nanosleep -> 0x0
             exe-1050232 [000] ..... 1634470.612746: sys_ptrace -> 0x0
             exe-1050232 [000] ..... 1634470.612748: sys_wait4(upid: 1006b9, stat_addr: c000641bf4, options: 40000002, ru: 0)
             exe-1050297 [001] ..... 1634470.612764: sys_futex -> 0xffffffffffffffda
             exe-1050232 [000] ..... 1634470.612790: sys_wait4 -> 0x1006b9
             exe-1050232 [000] ..... 1634470.612792: sys_ptrace(request: 4204, pid: 1006b9, addr: 1, data: c000641c70)
             exe-1050232 [000] ..... 1634470.612795: sys_ptrace -> 0x0
             exe-1050232 [000] ..... 1634470.612796: sys_ptrace(request: 4204, pid: 1006b9, addr: 202, data: c000641c70)
             exe-1050232 [000] ..... 1634470.612798: sys_ptrace -> 0x0
             exe-1050232 [000] ..... 1634470.612805: sys_pwrite64(fd: 63, buf: 7fd66edbe080, count: 64, pos: 66)
             exe-1050232 [000] ..... 1634470.612807: tracing_mark_write: futex(uaddr=0x562f7d2d2b80, op=0xb, val=0, utime=0x7f778dece000, uaddr2=0x562f7d2d2b80, val3=-4) end
             exe-1050232 [000] ..... 1634470.693169: tracing_mark_write: futex(uaddr=0x562f7d2d2cc0, op=0x5, val=1, utime=0x7f778dfde000, uaddr2=0x562f7d2d2860, val3=1) start
             exe-1050232 [000] ..... 1634470.693171: sys_pwrite64 -> 0x65
             exe-1050232 [000] ..... 1634470.693178: sys_ptrace(request: 4205, pid: 1006b9, addr: 1, data: c000641c70)
             exe-1050232 [000] ..... 1634470.693181: sys_ptrace -> 0x0
             exe-1050232 [000] .N... 1634470.693210: sys_ptrace(request: 4205, pid: 1006b9, addr: 202, data: c000641c70)
             exe-1049673 [001] ..... 1634470.693220: sys_nanosleep -> 0x0
             exe-1049673 [001] ..... 1634470.693223: sys_nanosleep(rqtp: c000069f10, rmtp: 0)
             exe-1050232 [000] ..... 1634470.693265: sys_ptrace -> 0x0
             exe-1050232 [000] ..... 1634470.693270: sys_ptrace(request: 1f, pid: 1006b9, addr: 0, data: 0)
             exe-1050232 [000] ..... 1634470.693280: sys_ptrace -> 0x0
             exe-1050232 [000] ..... 1634470.693284: sys_wait4(upid: 1006b9, stat_addr: c000641bf4, options: 40000002, ru: 0)
             exe-1050297 [001] ..... 1634470.693292: sys_write -> 0x65
             exe-1049567 [001] ..... 1634470.693370: sys_nanosleep -> 0x0
             exe-1049567 [001] ..... 1634470.693376: sys_nanosleep(rqtp: c000069f10, rmtp: 0)
             exe-1050232 [000] ..... 1634470.693377: sys_wait4 -> 0x1006b9
             exe-1050232 [000] ..... 1634470.693383: sys_ptrace(request: 4204, pid: 1006b9, addr: 1, data: c000641c70)
             exe-1050232 [000] ..... 1634470.693388: sys_ptrace -> 0x0
             exe-1050232 [000] ..... 1634470.693390: sys_ptrace(request: 4204, pid: 1006b9, addr: 202, data: c000641c70)
             exe-1049673 [001] ..... 1634470.693401: sys_nanosleep -> 0x0
             exe-1050232 [000] ..... 1634470.693402: sys_ptrace -> 0x0
             exe-1049673 [001] ..... 1634470.693406: sys_nanosleep(rqtp: c000069f10, rmtp: 0)
             exe-1050232 [000] ..... 1634470.693496: sys_ptrace(request: 4205, pid: 1006b9, addr: 1, data: c000641c70)
             exe-1049673 [001] ..... 1634470.693499: sys_nanosleep -> 0x0
             exe-1050232 [000] ..... 1634470.693501: sys_ptrace -> 0x0
             exe-1049673 [001] ..... 1634470.693502: sys_nanosleep(rqtp: c000069f10, rmtp: 0)
             exe-1050232 [000] ..... 1634470.693503: sys_ptrace(request: 4205, pid: 1006b9, addr: 202, data: c000641c70)
             exe-1050232 [000] ..... 1634470.693516: sys_ptrace -> 0x0
             exe-1050232 [000] ..... 1634470.693518: sys_ptrace(request: 1f, pid: 1006b9, addr: 0, data: 0)
             exe-1050232 [000] ..... 1634470.693528: sys_ptrace -> 0x0
             exe-1050232 [000] ..... 1634470.693531: sys_wait4(upid: 1006b9, stat_addr: c000641bf4, options: 40000002, ru: 0)
             exe-1050297 [001] ..... 1634470.693540: sys_futex -> 0x0
             exe-1049673 [001] ..... 1634470.693601: sys_nanosleep -> 0x0
             exe-1050232 [000] ..... 1634470.693602: sys_wait4 -> 0x1006b9
             exe-1049673 [001] ..... 1634470.693606: sys_nanosleep(rqtp: c000069f10, rmtp: 0)
             exe-1050232 [000] ..... 1634470.693608: sys_ptrace(request: 4204, pid: 1006b9, addr: 1, data: c000641c70)
             exe-1050232 [000] ..... 1634470.693612: sys_ptrace -> 0x0
             exe-1050232 [000] ..... 1634470.693614: sys_ptrace(request: 4204, pid: 1006b9, addr: 202, data: c000641c70)
             exe-1050232 [000] ..... 1634470.693617: sys_ptrace -> 0x0
             exe-1050232 [000] ..... 1634470.693632: sys_pwrite64(fd: 63, buf: 7fd66edbe080, count: 63, pos: 65)
             exe-1050232 [000] ..... 1634470.693634: tracing_mark_write: futex(uaddr=0x562f7d2d2cc0, op=0x5, val=1, utime=0x7f778dfde000, uaddr2=0x562f7d2d2860, val3=1) end
             exe-1050232 [000] ..... 1634470.756782: tracing_mark_write: futex(uaddr=0x562f7d2d2ae0, op=0x5, val=1, utime=0x1, uaddr2=0x562f7d2d2b80, val3=5) start
             exe-1050232 [000] ..... 1634470.756784: sys_pwrite64 -> 0x5a
             exe-1050232 [000] ..... 1634470.756792: sys_ptrace(request: 4205, pid: 1006b9, addr: 1, data: c000641c70)
             exe-1050232 [000] .N... 1634470.756823: sys_ptrace -> 0x0
             exe-1049673 [001] ..... 1634470.756866: sys_nanosleep -> 0x0
             exe-1050232 [000] ..... 1634470.756867: sys_ptrace(request: 4205, pid: 1006b9, addr: 202, data: c000641c70)
             exe-1049673 [001] ..... 1634470.756868: sys_nanosleep(rqtp: c000069f10, rmtp: 0)
             exe-1050232 [000] ..... 1634470.756882: sys_ptrace -> 0x0
             exe-1050232 [000] ..... 1634470.756884: sys_ptrace(request: 1f, pid: 1006b9, addr: 0, data: 0)
             exe-1050232 [000] ..... 1634470.756893: sys_ptrace -> 0x0
             exe-1050232 [000] ..... 1634470.756897: sys_wait4(upid: 1006b9, stat_addr: c000641bf4, options: 40000002, ru: 0)
             exe-1050297 [001] ..... 1634470.756902: sys_write -> 0x5a
             exe-1050232 [000] ..... 1634470.756972: sys_wait4 -> 0x1006b9
             exe-1050232 [000] ..... 1634470.756979: sys_ptrace(request: 4204, pid: 1006b9, addr: 1, data: c000641c70)
             exe-1050232 [000] ..... 1634470.756983: sys_ptrace -> 0x0
             exe-1050232 [000] ..... 1634470.756985: sys_ptrace(request: 4204, pid: 1006b9, addr: 202, data: c000641c70)
             exe-1050232 [000] ..... 1634470.756988: sys_ptrace -> 0x0
             exe-1050232 [000] ..... 1634470.757007: sys_ptrace(request: 4205, pid: 1006b9, addr: 1, data: c000641c70)
             exe-1050232 [000] ..... 1634470.757009: sys_ptrace -> 0x0
             exe-1050232 [000] ..... 1634470.757011: sys_ptrace(request: 4205, pid: 1006b9, addr: 202, data: c000641c70)
             exe-1050232 [000] ..... 1634470.757091: sys_ptrace -> 0x0
             exe-1050232 [000] ..... 1634470.757096: sys_ptrace(request: 1f, pid: 1006b9, addr: 0, data: 0)
             exe-1050232 [000] ..... 1634470.757099: sys_ptrace -> 0x0
             exe-1050232 [000] ..... 1634470.757102: sys_wait4(upid: 1006b9, stat_addr: c000641bf4, options: 40000002, ru: 0)
             exe-1050297 [001] ..... 1634470.757109: sys_futex -> 0x0
             exe-1049673 [001] ..... 1634470.757121: sys_nanosleep -> 0x0
             exe-1050232 [000] ..... 1634470.757122: sys_wait4 -> 0x1006b9
             exe-1050232 [000] ..... 1634470.757125: sys_ptrace(request: 4204, pid: 1006b9, addr: 1, data: c000641c70)
             exe-1049673 [001] ..... 1634470.757126: sys_nanosleep(rqtp: c000069f10, rmtp: 0)
             exe-1050232 [000] ..... 1634470.757129: sys_ptrace -> 0x0
             exe-1050232 [000] ..... 1634470.757131: sys_ptrace(request: 4204, pid: 1006b9, addr: 202, data: c000641c70)
             exe-1050232 [000] ..... 1634470.757134: sys_ptrace -> 0x0
             exe-1050232 [000] ..... 1634470.757216: sys_pwrite64(fd: 63, buf: 7fd66edbe080, count: 58, pos: 5a)
             exe-1050232 [000] ..... 1634470.757219: tracing_mark_write: futex(uaddr=0x562f7d2d2ae0, op=0x5, val=1, utime=0x1, uaddr2=0x562f7d2d2b80, val3=5) end
             exe-1050232 [000] ..... 1634470.847151: tracing_mark_write: futex(uaddr=0x562f7d2d2c20, op=0x5, val=1, utime=0x7f778be00000, uaddr2=0x562f7d2d2d60, val3=6) start
             exe-1050232 [000] ..... 1634470.847153: sys_pwrite64 -> 0x65
             exe-1050232 [000] ..... 1634470.847158: sys_ptrace(request: 4205, pid: 1006b9, addr: 1, data: c000641c70)
             exe-1050232 [000] ..... 1634470.847161: sys_ptrace -> 0x0
             exe-1050232 [000] ..... 1634470.847162: sys_ptrace(request: 4205, pid: 1006b9, addr: 202, data: c000641c70)
             exe-1050232 [000] ..... 1634470.847170: sys_ptrace -> 0x0
             exe-1050232 [000] ..... 1634470.847172: sys_ptrace(request: 1f, pid: 1006b9, addr: 0, data: 0)
             exe-1050232 [000] ..... 1634470.847182: sys_ptrace -> 0x0
             exe-1050232 [000] ..... 1634470.847184: sys_wait4(upid: 1006b9, stat_addr: c000641bf4, options: 40000002, ru: 0)
             exe-1050297 [001] ..... 1634470.847205: sys_write -> 0x65
             exe-1050232 [000] ..... 1634470.847222: sys_wait4 -> 0x1006b9
             exe-1050232 [000] ..... 1634470.847225: sys_ptrace(request: 4204, pid: 1006b9, addr: 1, data: c000641c70)
             exe-1050232 [000] ..... 1634470.847227: sys_ptrace -> 0x0
             exe-1050232 [000] ..... 1634470.847229: sys_ptrace(request: 4204, pid: 1006b9, addr: 202, data: c000641c70)
             exe-1050232 [000] ..... 1634470.847231: sys_ptrace -> 0x0
             exe-1050232 [000] ..... 1634470.847245: sys_ptrace(request: 4205, pid: 1006b9, addr: 1, data: c000641c70)
             exe-1050232 [000] ..... 1634470.847247: sys_ptrace -> 0x0
             exe-1050232 [000] ..... 1634470.847249: sys_ptrace(request: 4205, pid: 1006b9, addr: 202, data: c000641c70)
             exe-1050232 [000] ..... 1634470.847274: sys_ptrace -> 0x0
             exe-1050232 [000] ..... 1634470.847276: sys_ptrace(request: 1f, pid: 1006b9, addr: 0, data: 0)
             exe-1050232 [000] ..... 1634470.847286: sys_ptrace -> 0x0
             exe-1050232 [000] ..... 1634470.847288: sys_wait4(upid: 1006b9, stat_addr: c000641bf4, options: 40000002, ru: 0)
             exe-1050297 [001] ..... 1634470.847301: sys_futex -> 0x0
             exe-1050232 [000] ..... 1634470.847317: sys_wait4 -> 0x1006b9
             exe-1050232 [000] ..... 1634470.847319: sys_ptrace(request: 4204, pid: 1006b9, addr: 1, data: c000641c70)
             exe-1050232 [000] ..... 1634470.847322: sys_ptrace -> 0x0
             exe-1050232 [000] ..... 1634470.847323: sys_ptrace(request: 4204, pid: 1006b9, addr: 202, data: c000641c70)
             exe-1050232 [000] ..... 1634470.847325: sys_ptrace -> 0x0
             exe-1050232 [000] ..... 1634470.847333: sys_pwrite64(fd: 63, buf: 7fd66edbe080, count: 63, pos: 65)
             exe-1050232 [000] ..... 1634470.847335: tracing_mark_write: futex(uaddr=0x562f7d2d2c20, op=0x5, val=1, utime=0x7f778be00000, uaddr2=0x562f7d2d2d60, val3=6) end
             exe-1050232 [000] ..... 1634470.915351: tracing_mark_write: futex(uaddr=0x7f778c200000, op=0x7, val=-4, utime=0x7f778dfdf000, uaddr2=0x7f778be00000, val3=0xf000) start
             exe-1049567 [002] ..... 1634470.915352: sys_nanosleep -> 0x0
