             exe-1050282 [000] ..... 1634472.979998: sys_ptrace(request: 4205, pid: 1006b2, addr: 202, data: c000641c70)
             exe-1049673 [001] ..... 1634472.979999: sys_nanosleep(rqtp: c000069f10, rmtp: 0)
             exe-1050282 [000] ..... 1634472.980025: sys_ptrace -> 0x0
             exe-1050282 [000] ..... 1634472.980028: sys_ptrace(request: 1f, pid: 1006b2, addr: 0, data: 0)
             exe-1050282 [000] ..... 1634472.980035: sys_ptrace -> 0x0
             exe-1050282 [000] ..... 1634472.980038: sys_wait4(upid: 1006b2, stat_addr: c000641bf4, options: 40000002, ru: 0)
             exe-1050290 [001] ..... 1634472.980119: sys_futex -> 0xffffffffffffffda
             exe-1050282 [000] ..... 1634472.980178: sys_wait4 -> 0x1006b2
             exe-1050282 [000] ..... 1634472.980182: sys_ptrace(request: 4204, pid: 1006b2, addr: 1, data: c000641c70)
             exe-1050282 [000] ..... 1634472.980186: sys_ptrace -> 0x0
             exe-1050282 [000] ..... 1634472.980188: sys_ptrace(request: 4204, pid: 1006b2, addr: 202, data: c000641c70)
             exe-1050282 [000] ..... 1634472.980195: sys_ptrace -> 0x0
             exe-1050282 [000] ..... 1634472.980204: sys_pwrite64(fd: 63, buf: 7fd66edbe080, count: 5f, pos: 61)
             exe-1050282 [000] ..... 1634472.980207: tracing_mark_write: futex(uaddr=0x562f7d2d2cc0, op=0xb, val=0, utime=0x8, uaddr2=0x562f7d2d2d60, val3=0x100000) end
             exe-1050282 [003] ..... 1634473.053602: tracing_mark_write: futex(uaddr=0x562f7d2d4020, op=0x5, val=1, utime=0x7f778be00000, uaddr2=0x562f7d2d2c20, val3=1) start
             exe-1050282 [003] ..... 1634473.053603: sys_pwrite64 -> 0x65
             exe-1050282 [003] ..... 1634473.053608: sys_ptrace(request: 4205, pid: 1006b2, addr: 1, data: c000641c70)
             exe-1050282 [003] ..... 1634473.053611: sys_ptrace -> 0x0
             exe-1050282 [003] ..... 1634473.053612: sys_ptrace(request: 4205, pid: 1006b2, addr: 202, data: c000641c70)
             exe-1050282 [003] ..... 1634473.053619: sys_ptrace -> 0x0
             exe-1050282 [003] ..... 1634473.053621: sys_ptrace(request: 1f, pid: 1006b2, addr: 0, data: 0)
             exe-1049673 [001] ..... 1634473.053623: sys_nanosleep -> 0x0
             exe-1050282 [003] ..... 1634473.053628: sys_ptrace -> 0x0
             exe-1050282 [003] ..... 1634473.053630: sys_wait4(upid: 1006b2, stat_addr: c000641bf4, options: 40000002, ru: 0)
             exe-1050290 [001] ..... 1634473.053644: sys_write -> 0x65
             exe-1050282 [003] ..... 1634473.053669: sys_wait4 -> 0x1006b2
             exe-1050282 [003] ..... 1634473.053671: sys_ptrace(request: 4204, pid: 1006b2, addr: 1, data: c000641c70)
             exe-1050282 [003] ..... 1634473.053675: sys_ptrace -> 0x0
             exe-1050282 [003] ..... 1634473.053676: sys_ptrace(request: 4204, pid: 1006b2, addr: 202, data: c000641c70)
             exe-1050282 [003] ..... 1634473.053678: sys_ptrace -> 0x0
             exe-1049673 [001] ..... 1634473.053678: sys_nanosleep(rqtp: c000069f10, rmtp: 0)
             exe-1050282 [003] ..... 1634473.053703: sys_ptrace(request: 4205, pid: 1006b2, addr: 1, data: c000641c70)
             exe-1050282 [003] ..... 1634473.053706: sys_ptrace -> 0x0
             exe-1050282 [003] ..... 1634473.053707: sys_ptrace(request: 4205, pid: 1006b2, addr: 202, data: c000641c70)
             exe-1050282 [003] ..... 1634473.053715: sys_ptrace -> 0x0
             exe-1050282 [003] ..... 1634473.053716: sys_ptrace(request: 1f, pid: 1006b2, addr: 0, data: 0)
             exe-1050282 [003] ..... 1634473.053725: sys_ptrace -> 0x0
             exe-1050282 [003] ..... 1634473.053727: sys_wait4(upid: 1006b2, stat_addr: c000641bf4, options: 40000002, ru: 0)
             exe-1050290 [001] ..... 1634473.053767: sys_futex -> 0x0
             exe-1050282 [003] ..... 1634473.053818: sys_wait4 -> 0x1006b2
             exe-1050282 [003] ..... 1634473.053820: sys_ptrace(request: 4204, pid: 1006b2, addr: 1, data: c000641c70)
             exe-1049673 [001] ..... 1634473.053820: sys_nanosleep -> 0x0
             exe-1050282 [003] ..... 1634473.053823: sys_ptrace -> 0x0
             exe-1050282 [003] ..... 1634473.053824: sys_ptrace(request: 4204, pid: 1006b2, addr: 202, data: c000641c70)
             exe-1050282 [003] ..... 1634473.053827: sys_ptrace -> 0x0
             exe-1049673 [001] ..... 1634473.053827: sys_nanosleep(rqtp: c000069f10, rmtp: 0)
             exe-1050282 [003] ..... 1634473.053833: sys_pwrite64(fd: 63, buf: 7fd66edbe080, count: 63, pos: 65)
             exe-1050282 [003] ..... 1634473.053835: tracing_mark_write: futex(uaddr=0x562f7d2d4020, op=0x5, val=1, utime=0x7f778be00000, uaddr2=0x562f7d2d2c20, val3=1) end
             exe-1050282 [002] ..... 1634473.120481: tracing_mark_write: futex(uaddr=0x7f778dfde000, op=0xc, val=0x39920e2, utime=0x7f778be00000, uaddr2=0x7f778decc000, val3=0x687597c64ad63069) start
             exe-1050282 [002] ..... 1634473.120483: sys_pwrite64 -> 0x7e
             exe-1050282 [002] ..... 1634473.120490: sys_ptrace(request: 4205, pid: 1006b2, addr: 1, data: c000641c70)
             exe-1050282 [002] ..... 1634473.120494: sys_ptrace -> 0x0
             exe-1050282 [002] ..... 1634473.120496: sys_ptrace(request: 4205, pid: 1006b2, addr: 202, data: c000641c70)
             exe-1050282 [002] ..... 1634473.120507: sys_ptrace -> 0x0
             exe-1050282 [002] ..... 1634473.120509: sys_ptrace(request: 1f, pid: 1006b2, addr: 0, data: 0)
             exe-1050282 [002] ..... 1634473.120523: sys_ptrace -> 0x0
             exe-1050282 [002] ..... 1634473.120526: sys_wait4(upid: 1006b2, stat_addr: c000641bf4, options: 40000002, ru: 0)
             exe-1050290 [000] ..... 1634473.120540: sys_write -> 0x7e
             exe-1050282 [002] ..... 1634473.120562: sys_wait4 -> 0x1006b2
             exe-1050282 [002] ..... 1634473.120566: sys_ptrace(request: 4204, pid: 1006b2, addr: 1, data: c000641c70)
             exe-1050282 [002] ..... 1634473.120569: sys_ptrace -> 0x0
             exe-1050282 [002] ..... 1634473.120571: sys_ptrace(request: 4204, pid: 1006b2, addr: 202, data: c000641c70)
             exe-1050282 [002] ..... 1634473.120575: sys_ptrace -> 0x0
             exe-1050282 [002] ..... 1634473.120611: sys_ptrace(request: 4205, pid: 1006b2, addr: 1, data: c000641c70)
             exe-1050282 [002] ..... 1634473.120614: sys_ptrace -> 0x0
             exe-1050282 [002] ..... 1634473.120616: sys_ptrace(request: 4205, pid: 1006b2, addr: 202, data: c000641c70)
             exe-1050282 [002] ..... 1634473.120627: sys_ptrace -> 0x0
             exe-1050282 [002] ..... 1634473.120629: sys_ptrace(request: 1f, pid: 1006b2, addr: 0, data: 0)
             exe-1050282 [002] ..... 1634473.120641: sys_ptrace -> 0x0
             exe-1050282 [002] ..... 1634473.120644: sys_wait4(upid: 1006b2, stat_addr: c000641bf4, options: 40000002, ru: 0)
             exe-1050290 [000] ..... 1634473.120657: sys_futex -> 0xffffffffffffffda
             exe-1050282 [002] ..... 1634473.120677: sys_wait4 -> 0x1006b2
             exe-1050282 [002] ..... 1634473.120680: sys_ptrace(request: 4204, pid: 1006b2, addr: 1, data: c000641c70)
             exe-1050282 [002] ..... 1634473.120684: sys_ptrace -> 0x0
             exe-1050282 [002] ..... 1634473.120686: sys_ptrace(request: 4204, pid: 1006b2, addr: 202, data: c000641c70)
             exe-1050282 [002] ..... 1634473.120689: sys_ptrace -> 0x0
             exe-1050282 [002] ..... 1634473.120698: sys_pwrite64(fd: 63, buf: 7fd66edbe080, count: 7c, pos: 7e)
             exe-1050282 [002] ..... 1634473.120700: tracing_mark_write: futex(uaddr=0x7f778dfde000, op=0xc, val=0x39920e2, utime=0x7f778be00000, uaddr2=0x7f778decc000, val3=0x687597c64ad63069) end
             exe-1050282 [002] ..... 1634473.195949: tracing_mark_write: futex(uaddr=0x7f778c000000, op=0xc, val=250, utime=0x1, uaddr2=0x7f778decd000, val3=4) start
             exe-1050282 [002] ..... 1634473.195951: sys_pwrite64 -> 0x5c
             exe-1050282 [002] ..... 1634473.195959: sys_ptrace(request: 4205, pid: 1006b2, addr: 1, data: c000641c70)
             exe-1050282 [002] ..... 1634473.195962: sys_ptrace -> 0x0
             exe-1050282 [002] ..... 1634473.195964: sys_ptrace(request: 4205, pid: 1006b2, addr: 202, data: c000641c70)
             exe-1050282 [002] ..... 1634473.195975: sys_ptrace -> 0x0
             exe-1050282 [002] ..... 1634473.195977: sys_ptrace(request: 1f, pid: 1006b2, addr: 0, data: 0)
             exe-1050282 [002] ..... 1634473.195989: sys_ptrace -> 0x0
             exe-1050282 [002] ..... 1634473.195991: sys_wait4(upid: 1006b2, stat_addr: c000641bf4, options: 40000002, ru: 0)
             exe-1050290 [000] ..... 1634473.196007: sys_write -> 0x5c
             exe-1050282 [002] ..... 1634473.196023: sys_wait4 -> 0x1006b2
             exe-1050282 [002] ..... 1634473.196026: sys_ptrace(request: 4204, pid: 1006b2, addr: 1, data: c000641c70)
             exe-1050282 [002] ..... 1634473.196028: sys_ptrace -> 0x0
             exe-1050282 [002] ..... 1634473.196030: sys_ptrace(request: 4204, pid: 1006b2, addr: 202, data: c000641c70)
             exe-1050282 [002] ..... 1634473.196032: sys_ptrace -> 0x0
             exe-1050282 [002] ..... 1634473.196075: sys_ptrace(request: 4205, pid: 1006b2, addr: 1, data: c000641c70)
             exe-1050282 [002] ..... 1634473.196078: sys_ptrace -> 0x0
             exe-1050282 [002] ..... 1634473.196079: sys_ptrace(request: 4205, pid: 1006b2, addr: 202, data: c000641c70)
             exe-1050282 [002] ..... 1634473.196088: sys_ptrace -> 0x0
             exe-1050282 [002] ..... 1634473.196089: sys_ptrace(request: 1f, pid: 1006b2, addr: 0, data: 0)
             exe-1050282 [002] ..... 1634473.196099: sys_ptrace -> 0x0
             exe-1050282 [002] ..... 1634473.196101: sys_wait4(upid: 1006b2, stat_addr: c000641bf4, options: 40000002, ru: 0)
             exe-1050290 [000] ..... 1634473.196115: sys_futex -> 0xffffffffffffffda
             exe-1050282 [002] ..... 1634473.196130: sys_wait4 -> 0x1006b2
             exe-1050282 [002] ..... 1634473.196132: sys_ptrace(request: 4204, pid: 1006b2, addr: 1, data: c000641c70)
             exe-1050282 [002] ..... 1634473.196135: sys_ptrace -> 0x0
             exe-1050282 [002] ..... 1634473.196136: sys_ptrace(request: 4204, pid: 1006b2, addr: 202, data: c000641c70)
             exe-1050282 [002] ..... 1634473.196138: sys_ptrace -> 0x0
             exe-1050282 [002] ..... 1634473.196145: sys_pwrite64(fd: 63, buf: 7fd66edbe080, count: 5a, pos: 5c)
             exe-1050282 [002] ..... 1634473.196146: tracing_mark_write: futex(uaddr=0x7f778c000000, op=0xc, val=250, utime=0x1, uaddr2=0x7f778decd000, val3=4) end
             exe-1050282 [002] ..... 1634473.261552: tracing_mark_write: futex(uaddr=0x7f778cf00000, op=0xc, val=-9, utime=0x7f778c200000, uaddr2=0x7f778dfdd000, val3=0xf5f5f5f5) start
             exe-1050282 [002] ..... 1634473.261554: sys_pwrite64 -> 0x6f
             exe-1050282 [002] ..... 1634473.261558: sys_ptrace(request: 4205, pid: 1006b2, addr: 1, data: c000641c70)
             exe-1050282 [002] ..... 1634473.261560: sys_ptrace -> 0x0
             exe-1050282 [002] ..... 1634473.261562: sys_ptrace(request: 4205, pid: 1006b2, addr: 202, data: c000641c70)
             exe-1050282 [002] ..... 1634473.261576: sys_ptrace -> 0x0
             exe-1050282 [002] ..... 1634473.261577: sys_ptrace(request: 1f, pid: 1006b2, addr: 0, data: 0)
             exe-1049673 [003] ..... 1634473.261578: sys_nanosleep -> 0x0
             exe-1049673 [003] ..... 1634473.261585: sys_nanosleep(rqtp: c000069f10, rmtp: 0)
             exe-1050282 [002] ..... 1634473.261595: sys_ptrace -> 0x0
             exe-1050282 [002] ..... 1634473.261599: sys_wait4(upid: 1006b2, stat_addr: c000641bf4, options: 40000002, ru: 0)
             exe-1050290 [000] ..... 1634473.261631: sys_write -> 0x6f
             exe-1050282 [002] ..... 1634473.261664: sys_wait4 -> 0x1006b2
             exe-1050282 [002] ..... 1634473.261669: sys_ptrace(request: 4204, pid: 1006b2, addr: 1, data: c000641c70)
             exe-1050282 [002] ..... 1634473.261674: sys_ptrace -> 0x0
             exe-1050282 [002] ..... 1634473.261676: sys_ptrace(request: 4204, pid: 1006b2, addr: 202, data: c000641c70)
             exe-1050282 [002] ..... 1634473.261679: sys_ptrace -> 0x0
             exe-1049673 [003] ..... 1634473.261706: sys_nanosleep -> 0x0
             exe-1049673 [003] ..... 1634473.261712: sys_nanosleep(rqtp: c000069f10, rmtp: 0)
             exe-1050282 [002] ..... 1634473.261718: sys_ptrace(request: 4205, pid: 1006b2, addr: 1, data: c000641c70)
             exe-1050282 [002] ..... 1634473.261721: sys_ptrace -> 0x0
             exe-1050282 [002] ..... 1634473.261724: sys_ptrace(request: 4205, pid: 1006b2, addr: 202, data: c000641c70)
             exe-1050282 [002] ..... 1634473.261738: sys_ptrace -> 0x0
             exe-1050282 [002] ..... 1634473.261740: sys_ptrace(request: 1f, pid: 1006b2, addr: 0, data: 0)
             exe-1050282 [002] ..... 1634473.261755: sys_ptrace -> 0x0
             exe-1050282 [002] ..... 1634473.261758: sys_wait4(upid: 1006b2, stat_addr: c000641bf4, options: 40000002, ru: 0)
             exe-1050290 [000] ..... 1634473.261788: sys_futex -> 0xffffffffffffffda
             exe-1050282 [002] ..... 1634473.261814: sys_wait4 -> 0x1006b2
             exe-1050282 [002] ..... 1634473.261816: sys_ptrace(request: 4204, pid: 1006b2, addr: 1, data: c000641c70)
             exe-1050282 [002] ..... 1634473.261819: sys_ptrace -> 0x0
             exe-1050282 [002] ..... 1634473.261820: sys_ptrace(request: 4204, pid: 1006b2, addr: 202, data: c000641c70)
             exe-1050282 [002] ..... 1634473.261822: sys_ptrace -> 0x0
             exe-1050282 [002] ..... 1634473.261832: sys_pwrite64(fd: 63, buf: 7fd66edbe080, count: 6d, pos: 6f)
             exe-1050282 [002] ..... 1634473.261834: tracing_mark_write: futex(uaddr=0x7f778cf00000, op=0xc, val=-9, utime=0x7f778c200000, uaddr2=0x7f778dfdd000, val3=0xf5f5f5f5) end
             exe-1050282 [002] ..... 1634473.341743: tracing_mark_write: futex(uaddr=0x7f778dfdd000, op=0xc, val=32, utime=0x7f778c000000, uaddr2=0x7f778dfde000, val3=0x18181818) start
             exe-1050282 [002] ..... 1634473.341745: sys_pwrite64 -> 0x6f
             exe-1050282 [002] ..... 1634473.341751: sys_ptrace(request: 4205, pid: 1006b2, addr: 1, data: c000641c70)
             exe-1050282 [002] ..... 1634473.341754: sys_ptrace -> 0x0
             exe-1050282 [002] ..... 1634473.341755: sys_ptrace(request: 4205, pid: 1006b2, addr: 202, data: c000641c70)
             exe-1050282 [002] ..... 1634473.341766: sys_ptrace -> 0x0
             exe-1050282 [002] ..... 1634473.341768: sys_ptrace(request: 1f, pid: 1006b2, addr: 0, data: 0)
             exe-1049673 [003] ..... 1634473.341771: sys_nanosleep -> 0x0
             exe-1049673 [003] ..... 1634473.341778: sys_nanosleep(rqtp: c000069f10, rmtp: 0)
             exe-1050282 [002] ..... 1634473.341779: sys_ptrace -> 0x0
             exe-1050282 [002] ..... 1634473.341782: sys_wait4(upid: 1006b2, stat_addr: c000641bf4, options: 40000002, ru: 0)
             exe-1050290 [000] ..... 1634473.341812: sys_write -> 0x6f
             exe-1050282 [002] ..... 1634473.341833: sys_wait4 -> 0x1006b2
             exe-1050282 [002] ..... 1634473.341836: sys_ptrace(request: 4204, pid: 1006b2, addr: 1, data: c000641c70)
             exe-1050282 [002] ..... 1634473.341838: sys_ptrace -> 0x0
             exe-1050282 [002] ..... 1634473.341840: sys_ptrace(request: 4204, pid: 1006b2, addr: 202, data: c000641c70)
             exe-1050282 [002] ..... 1634473.341842: sys_ptrace -> 0x0
             exe-1050282 [002] ..... 1634473.341873: sys_ptrace(request: 4205, pid: 1006b2, addr: 1, data: c000641c70)
             exe-1050282 [002] ..... 1634473.341875: sys_ptrace -> 0x0
             exe-1050282 [002] ..... 1634473.341878: sys_ptrace(request: 4205, pid: 1006b2, addr: 202, data: c000641c70)
             exe-1050282 [002] ..... 1634473.341885: sys_ptrace -> 0x0
             exe-1050282 [002] ..... 1634473.341887: sys_ptrace(request: 1f, pid: 1006b2, addr: 0, data: 0)
             exe-1050282 [002] ..... 1634473.341897: sys_ptrace -> 0x0
             exe-1049673 [003] ..... 1634473.341897: sys_nanosleep -> 0x0
             exe-1050282 [002] ..... 1634473.341899: sys_wait4(upid: 1006b2, stat_addr: c000641bf4, options: 40000002, ru: 0)
             exe-1049673 [003] ..... 1634473.341904: sys_nanosleep(rqtp: c000069f10, rmtp: 0)
             exe-1050290 [000] ..... 1634473.341929: sys_futex -> 0xffffffffffffffda
             exe-1050282 [002] ..... 1634473.341950: sys_wait4 -> 0x1006b2
             exe-1050282 [002] ..... 1634473.341952: sys_ptrace(request: 4204, pid: 1006b2, addr: 1, data: c000641c70)
             exe-1050282 [002] ..... 1634473.341955: sys_ptrace -> 0x0
             exe-1050282 [002] ..... 1634473.341956: sys_ptrace(request: 4204, pid: 1006b2, addr: 202, data: c000641c70)
             exe-1050282 [002] ..... 1634473.341958: sys_ptrace -> 0x0
             exe-1050282 [002] ..... 1634473.341965: sys_pwrite64(fd: 63, buf: 7fd66edbe080, count: 6d, pos: 6f)
             exe-1050282 [002] ..... 1634473.341967: tracing_mark_write: futex(uaddr=0x7f778dfdd000, op=0xc, val=32, utime=0x7f778c000000, uaddr2=0x7f778dfde000, val3=0x18181818) end
             exe-1050282 [002] ..... 1634473.406636: tracing_mark_write: futex(uaddr=0x562f7d2d29a0, op=0x10b, val=0, utime=0x8, uaddr2=0x562f7d2d2c20, val3=0xfff8) start
             exe-1050282 [002] ..... 1634473.406638: sys_pwrite64 -> 0x61
             exe-1049673 [001] ..... 1634473.406638: sys_nanosleep -> 0x0
             exe-1049673 [001] ..... 1634473.406641: sys_nanosleep(rqtp: c000069f10, rmtp: 0)
             exe-1050282 [002] ..... 1634473.406644: sys_ptrace(request: 4205, pid: 1006b2, addr: 1, data: c000641c70)
             exe-1050282 [002] ..... 1634473.406646: sys_ptrace -> 0x0
             exe-1050282 [002] ..... 1634473.406648: sys_ptrace(request: 4205, pid: 1006b2, addr: 202, data: c000641c70)
             exe-1050282 [002] ..... 1634473.406659: sys_ptrace -> 0x0
             exe-1050282 [002] ..... 1634473.406660: sys_ptrace(request: 1f, pid: 1006b2, addr: 0, data: 0)
             exe-1050282 [002] ..... 1634473.406667: sys_ptrace -> 0x0
             exe-1050282 [002] ..... 1634473.406670: sys_wait4(upid: 1006b2, stat_addr: c000641bf4, options: 40000002, ru: 0)
             exe-1050290 [002] ..... 1634473.406683: sys_write -> 0x61
             exe-1050282 [002] ..... 1634473.406703: sys_wait4 -> 0x1006b2
             exe-1050282 [002] ..... 1634473.406706: sys_ptrace(request: 4204, pid: 1006b2, addr: 1, data: c000641c70)
             exe-1050282 [002] ..... 1634473.406710: sys_ptrace -> 0x0
             exe-1050282 [002] ..... 1634473.406712: sys_ptrace(request: 4204, pid: 1006b2, addr: 202, data: c000641c70)
             exe-1050282 [002] ..... 1634473.406714: sys_ptrace -> 0x0
             exe-1049673 [001] ..... 1634473.406727: sys_nanosleep -> 0x0
             exe-1049673 [001] ..... 1634473.406729: sys_nanosleep(rqtp: c000069f10, rmtp: 0)
             exe-1050282 [002] ..... 1634473.406755: sys_ptrace(request: 4205, pid: 1006b2, addr: 1, data: c000641c70)
             exe-1050282 [002] ..... 1634473.406760: sys_ptrace -> 0x0
             exe-1050282 [002] ..... 1634473.406763: sys_ptrace(request: 4205, pid: 1006b2, addr: 202, data: c000641c70)
             exe-1050282 [002] ..... 1634473.406779: sys_ptrace -> 0x0
             exe-1050282 [002] ..... 1634473.406781: sys_ptrace(request: 1f, pid: 1006b2, addr: 0, data: 0)
             exe-1050282 [002] ..... 1634473.406791: sys_ptrace -> 0x0
             exe-1050282 [002] ..... 1634473.406794: sys_wait4(upid: 1006b2, stat_addr: c000641bf4, options: 40000002, ru: 0)
             exe-1050290 [002] ..... 1634473.406812: sys_futex -> 0xffffffffffffffda
             exe-1049673 [001] ..... 1634473.406817: sys_nanosleep -> 0x0
             exe-1049673 [001] ..... 1634473.406819: sys_nanosleep(rqtp: c000069f10, rmtp: 0)
             exe-1049567 [002] ..... 1634473.406870: sys_nanosleep -> 0x0
             exe-1049567 [002] ..... 1634473.406878: sys_nanosleep(rqtp: c000069f10, rmtp: 0)
             exe-1050282 [002] ..... 1634473.406890: sys_wait4 -> 0x1006b2
             exe-1050282 [002] ..... 1634473.406906: sys_ptrace(request: 4204, pid: 1006b2, addr: 1, data: c000641c70)
             exe-1050282 [002] ..... 1634473.406911: sys_ptrace -> 0x0
             exe-1050282 [002] ..... 1634473.406913: sys_ptrace(request: 4204, pid: 1006b2, addr: 202, data: c000641c70)
             exe-1049673 [001] ..... 1634473.406915: sys_nanosleep -> 0x0
             exe-1050282 [002] ..... 1634473.406915: sys_ptrace -> 0x0
             exe-1049673 [001] ..... 1634473.406917: sys_nanosleep(rqtp: c000069f10, rmtp: 0)
             exe-1050282 [002] ..... 1634473.406930: sys_pwrite64(fd: 63, buf: 7fd66edbe080, count: 5f, pos: 61)
             exe-1050282 [002] ..... 1634473.406932: tracing_mark_write: futex(uaddr=0x562f7d2d29a0, op=0x10b, val=0, utime=0x8, uaddr2=0x562f7d2d2c20, val3=0xfff8) end
             exe-1050282 [002] ..... 1634473.472615: tracing_mark_write: futex(uaddr=0x7f778c200000, op=0xc, val=0x1000000, utime=0x8, uaddr2=0x7f778decc000, val3=0x24857d495bfa) start
             exe-1050282 [002] .N... 1634473.472649: sys_pwrite64 -> 0x6f
             exe-1049567 [002] ..... 1634473.472653: sys_nanosleep -> 0x0
             exe-1049673 [001] ..... 1634473.472655: sys_nanosleep -> 0x0
             exe-1049673 [001] ..... 1634473.472658: sys_nanosleep(rqtp: c000069f10, rmtp: 0)
             exe-1049567 [002] ..... 1634473.472658: sys_nanosleep(rqtp: c000069f10, rmtp: 0)
             exe-1050282 [002] ..... 1634473.472678: sys_ptrace(request: 4205, pid: 1006b2, addr: 1, data: c000641c70)
             exe-1050282 [002] ..... 1634473.472681: sys_ptrace -> 0x0
             exe-1050282 [002] ..... 1634473.472684: sys_ptrace(request: 4205, pid: 1006b2, addr: 202, data: c000641c70)
             exe-1050282 [002] ..... 1634473.472698: sys_ptrace -> 0x0
             exe-1050282 [002] ..... 1634473.472700: sys_ptrace(request: 1f, pid: 1006b2, addr: 0, data: 0)
             exe-1050282 [002] .N... 1634473.472704: sys_ptrace -> 0x0
             exe-1050290 [002] ..... 1634473.472715: sys_write -> 0x6f
             exe-1050282 [002] ..... 1634473.472737: sys_wait4(upid: 1006b2, stat_addr: c000641bf4, options: 40000002, ru: 0)
             exe-1050282 [002] ..... 1634473.472740: sys_wait4 -> 0x1006b2
             exe-1050282 [002] ..... 1634473.472742: sys_ptrace(request: 4204, pid: 1006b2, addr: 1, data: c000641c70)
             exe-1050282 [002] ..... 1634473.472746: sys_ptrace -> 0x0
             exe-1050282 [002] ..... 1634473.472747: sys_ptrace(request: 4204, pid: 1006b2, addr: 202, data: c000641c70)
             exe-1050282 [002] ..... 1634473.472750: sys_ptrace -> 0x0
             exe-1050282 [002] ..... 1634473.472776: sys_ptrace(request: 4205, pid: 1006b2, addr: 1, data: c000641c70)
             exe-1050282 [002] ..... 1634473.472779: sys_ptrace -> 0x0
             exe-1050282 [002] ..... 1634473.472781: sys_ptrace(request: 4205, pid: 1006b2, addr: 202, data: c000641c70)
             exe-1049673 [001] ..... 1634473.472807: sys_nanosleep -> 0x0
             exe-1049673 [001] ..... 1634473.472809: sys_nanosleep(rqtp: c000069f10, rmtp: 0)
             exe-1050282 [002] ..... 1634473.472814: sys_ptrace -> 0x0
             exe-1050282 [002] ..... 1634473.472816: sys_ptrace(request: 1f, pid: 1006b2, addr: 0, data: 0)
             exe-1050282 [002] .N... 1634473.472825: sys_ptrace -> 0x0
             exe-1050290 [002] ..... 1634473.472837: sys_futex -> 0xffffffffffffffda
             exe-1050282 [002] ..... 1634473.472860: sys_wait4(upid: 1006b2, stat_addr: c000641bf4, options: 40000002, ru: 0)
             exe-1050282 [002] ..... 1634473.472863: sys_wait4 -> 0x1006b2
             exe-1050282 [002] ..... 1634473.472865: sys_ptrace(request: 4204, pid: 1006b2, addr: 1, data: c000641c70)
             exe-1050282 [002] ..... 1634473.472869: sys_ptrace -> 0x0
             exe-1050282 [002] ..... 1634473.472870: sys_ptrace(request: 4204, pid: 1006b2, addr: 202, data: c000641c70)
             exe-1050282 [002] ..... 1634473.472873: sys_ptrace -> 0x0
             exe-1050282 [002] ..... 1634473.472885: sys_pwrite64(fd: 63, buf: 7fd66edbe080, count: 6d, pos: 6f)
             exe-1050282 [002] ..... 1634473.472887: tracing_mark_write: futex(uaddr=0x7f778c200000, op=0xc, val=0x1000000, utime=0x8, uaddr2=0x7f778decc000, val3=0x24857d495bfa) end
             exe-1050282 [002] ..... 1634473.537279: tracing_mark_write: futex(uaddr=0x562f7d2d2b80, op=0xc, val=0xcdc4c4c4, utime=0x7f778c200000, uaddr2=0x562f7d2d27c0, val3=173) start
             exe-1050282 [002] ..... 1634473.537280: sys_pwrite64 -> 0x70
             exe-1050282 [002] ..... 1634473.537286: sys_ptrace(request: 4205, pid: 1006b2, addr: 1, data: c000641c70)
             exe-1050282 [002] ..... 1634473.537289: sys_ptrace -> 0x0
             exe-1050282 [002] ..... 1634473.537290: sys_ptrace(request: 4205, pid: 1006b2, addr: 202, data: c000641c70)
             exe-1050282 [002] ..... 1634473.537301: sys_ptrace -> 0x0
             exe-1050282 [002] ..... 1634473.537302: sys_ptrace(request: 1f, pid: 1006b2, addr: 0, data: 0)
             exe-1050282 [002] .N... 1634473.537308: sys_ptrace -> 0x0
             exe-1050290 [002] ..... 1634473.537347: sys_write -> 0x70
             exe-1049567 [002] ..... 1634473.537396: sys_nanosleep -> 0x0
             exe-1049567 [002] ..... 1634473.537403: sys_nanosleep(rqtp: c000069f10, rmtp: 0)
             exe-1050282 [002] ..... 1634473.537422: sys_wait4(upid: 1006b2, stat_addr: c000641bf4, options: 40000002, ru: 0)
             exe-1050282 [002] ..... 1634473.537424: sys_wait4 -> 0x1006b2
             exe-1050282 [002] ..... 1634473.537426: sys_ptrace(request: 4204, pid: 1006b2, addr: 1, data: c000641c70)
             exe-1050282 [002] ..... 1634473.537430: sys_ptrace -> 0x0
             exe-1050282 [002] ..... 1634473.537432: sys_ptrace(request: 4204, pid: 1006b2, addr: 202, data: c000641c70)
             exe-1050282 [002] ..... 1634473.537434: sys_ptrace -> 0x0
             exe-1050282 [002] ..... 1634473.537459: sys_ptrace(request: 4205, pid: 1006b2, addr: 1, data: c000641c70)
             exe-1050282 [002] ..... 1634473.537462: sys_ptrace -> 0x0
             exe-1050282 [002] ..... 1634473.537463: sys_ptrace(request: 4205, pid: 1006b2, addr: 202, data: c000641c70)
             exe-1050282 [002] ..... 1634473.537475: sys_ptrace -> 0x0
             exe-1050282 [002] ..... 1634473.537477: sys_ptrace(request: 1f, pid: 1006b2, addr: 0, data: 0)
             exe-1050282 [002] .N... 1634473.537483: sys_ptrace -> 0x0
             exe-1050290 [002] ..... 1634473.537493: sys_futex -> 0xffffffffffffffda
             exe-1050282 [002] ..... 1634473.537513: sys_wait4(upid: 1006b2, stat_addr: c000641bf4, options: 40000002, ru: 0)
             exe-1050282 [002] ..... 1634473.537515: sys_wait4 -> 0x1006b2
             exe-1050282 [002] ..... 1634473.537522: sys_ptrace(request: 4204, pid: 1006b2, addr: 1, data: c000641c70)
             exe-1050282 [002] ..... 1634473.537525: sys_ptrace -> 0x0
             exe-1050282 [002] ..... 1634473.537526: sys_ptrace(request: 4204, pid: 1006b2, addr: 202, data: c000641c70)
             exe-1050282 [002] ..... 1634473.537529: sys_ptrace -> 0x0
             exe-1049673 [001] ..... 1634473.537536: sys_nanosleep -> 0x0
             exe-1049673 [001] ..... 1634473.537538: sys_nanosleep(rqtp: c000069f10, rmtp: 0)
             exe-1050282 [002] ..... 1634473.537541: sys_pwrite64(fd: 63, buf: 7fd66edbe080, count: 6e, pos: 70)
             exe-1050282 [002] ..... 1634473.537543: tracing_mark_write: futex(uaddr=0x562f7d2d2b80, op=0xc, val=0xcdc4c4c4, utime=0x7f778c200000, uaddr2=0x562f7d2d27c0, val3=173) end
             exe-1050282 [000] ..... 1634473.602172: tracing_mark_write: futex(uaddr=0x562f7d2d2720, op=0x5, val=1, utime=0x4, uaddr2=0x562f7d2d2a40, val3=1) start
             exe-1050282 [000] ..... 1634473.602174: sys_pwrite64 -> 0x5a
             exe-1050282 [000] ..... 1634473.602179: sys_ptrace(request: 4205, pid: 1006b2, addr: 1, data: c000641c70)
             exe-1050282 [000] ..... 1634473.602182: sys_ptrace -> 0x0
             exe-1050282 [000] ..... 1634473.602183: sys_ptrace(request: 4205, pid: 1006b2, addr: 202, data: c000641c70)
             exe-1050282 [000] ..... 1634473.602195: sys_ptrace -> 0x0
             exe-1050282 [000] ..... 1634473.602197: sys_ptrace(request: 1f, pid: 1006b2, addr: 0, data: 0)
             exe-1050282 [000] ..... 1634473.602209: sys_ptrace -> 0x0
             exe-1050282 [000] ..... 1634473.602211: sys_wait4(upid: 1006b2, stat_addr: c000641bf4, options: 40000002, ru: 0)
             exe-1050290 [002] ..... 1634473.602238: sys_write -> 0x5a
             exe-1050282 [000] ..... 1634473.602257: sys_wait4 -> 0x1006b2
             exe-1050282 [000] ..... 1634473.602259: sys_ptrace(request: 4204, pid: 1006b2, addr: 1, data: c000641c70)
             exe-1050282 [000] ..... 1634473.602261: sys_ptrace -> 0x0
             exe-1050282 [000] ..... 1634473.602263: sys_ptrace(request: 4204, pid: 1006b2, addr: 202, data: c000641c70)
             exe-1050282 [000] ..... 1634473.602265: sys_ptrace -> 0x0
             exe-1050282 [000] ..... 1634473.602277: sys_ptrace(request: 4205, pid: 1006b2, addr: 1, data: c000641c70)
             exe-1050282 [000] ..... 1634473.602279: sys_ptrace -> 0x0
             exe-1050282 [000] ..... 1634473.602281: sys_ptrace(request: 4205, pid: 1006b2, addr: 202, data: c000641c70)
             exe-1050282 [000] ..... 1634473.602287: sys_ptrace -> 0x0
             exe-1050282 [000] ..... 1634473.602289: sys_ptrace(request: 1f, pid: 1006b2, addr: 0, data: 0)
             exe-1050282 [000] ..... 1634473.602295: sys_ptrace -> 0x0
             exe-1050282 [000] ..... 1634473.602297: sys_wait4(upid: 1006b2, stat_addr: c000641bf4, options: 40000002, ru: 0)
             exe-1049673 [001] ..... 1634473.602323: sys_nanosleep -> 0x0
             exe-1049673 [001] ..... 1634473.602332: sys_nanosleep(rqtp: c000069f10, rmtp: 0)
             exe-1050290 [002] ..... 1634473.602345: sys_futex -> 0x0
             exe-1050282 [000] ..... 1634473.602363: sys_wait4 -> 0x1006b2
             exe-1050282 [000] ..... 1634473.602365: sys_ptrace(request: 4204, pid: 1006b2, addr: 1, data: c000641c70)
             exe-1050282 [000] ..... 1634473.602367: sys_ptrace -> 0x0
             exe-1050282 [000] ..... 1634473.602369: sys_ptrace(request: 4204, pid: 1006b2, addr: 202, data: c000641c70)
             exe-1050282 [000] ..... 1634473.602371: sys_ptrace -> 0x0
             exe-1050282 [000] ..... 1634473.602376: sys_pwrite64(fd: 63, buf: 7fd66edbe080, count: 58, pos: 5a)
             exe-1050282 [000] ..... 1634473.602378: tracing_mark_write: futex(uaddr=0x562f7d2d2720, op=0x5, val=1, utime=0x4, uaddr2=0x562f7d2d2a40, val3=1) end
             exe-1050282 [000] ..... 1634473.671159: tracing_mark_write: futex(uaddr=0x7f778c000000, op=0x80, val=0x22008080c0921, utime=0x7f778be00000, uaddr2=0x7f778dfde000, val3=0x1010a0549692) start
             exe-1050282 [000] ..... 1634473.671160: sys_pwrite64 -> 0x81
             exe-1050282 [000] ..... 1634473.671167: sys_ptrace(request: 4205, pid: 1006b2, addr: 1, data: c000641c70)
             exe-1050232 [003] ..... 1634473.671168: sys_futex -> 0x0
             exe-1050282 [000] ..... 1634473.671170: sys_ptrace -> 0x0
             exe-1050282 [000] ..... 1634473.671171: sys_ptrace(request: 4205, pid: 1006b2, addr: 202, data: c000641c70)
             exe-1050232 [003] ..... 1634473.671182: sys_futex(uaddr: c001f2d948, op: 80, val: 0, utime: 0, uaddr2: 0, val3: 0)
             exe-1050282 [000] ..... 1634473.671184: sys_ptrace -> 0x0
             exe-1050282 [000] ..... 1634473.671185: sys_ptrace(request: 1f, pid: 1006b2, addr: 0, data: 0)
             exe-1049567 [003] ..... 1634473.671192: sys_nanosleep -> 0x0
             exe-1050282 [000] .N... 1634473.671193: sys_ptrace -> 0x0
             exe-1049567 [003] ..... 1634473.671195: sys_nanosleep(rqtp: c000069f10, rmtp: 0)
             exe-1050290 [000] ..... 1634473.671204: sys_write -> 0x81
             exe-1050282 [000] ..... 1634473.671224: sys_wait4(upid: 1006b2, stat_addr: c000641bf4, options: 40000002, ru: 0)
             exe-1050282 [000] ..... 1634473.671227: sys_wait4 -> 0x1006b2
             exe-1050282 [000] ..... 1634473.671229: sys_ptrace(request: 4204, pid: 1006b2, addr: 1, data: c000641c70)
             exe-1050282 [000] ..... 1634473.671233: sys_ptrace -> 0x0
             exe-1050282 [000] ..... 1634473.671234: sys_ptrace(request: 4204, pid: 1006b2, addr: 202, data: c000641c70)
             exe-1050282 [000] ..... 1634473.671237: sys_ptrace -> 0x0
             exe-1049673 [001] ..... 1634473.671240: sys_nanosleep -> 0x0
             exe-1049673 [001] ..... 1634473.671244: sys_nanosleep(rqtp: c000069f10, rmtp: 0)
             exe-1050282 [000] ..... 1634473.671259: sys_ptrace(request: 4205, pid: 1006b2, addr: 1, data: c000641c70)
             exe-1050282 [000] ..... 1634473.671262: sys_ptrace -> 0x0
             exe-1050282 [000] ..... 1634473.671263: sys_ptrace(request: 4205, pid: 1006b2, addr: 202, data: c000641c70)
             exe-1050282 [000] ..... 1634473.671275: sys_ptrace -> 0x0
             exe-1050282 [000] ..... 1634473.671277: sys_ptrace(request: 1f, pid: 1006b2, addr: 0, data: 0)
             exe-1049567 [003] ..... 1634473.671279: sys_nanosleep -> 0x0
             exe-1049567 [003] ..... 1634473.671284: sys_nanosleep(rqtp: c000069f10, rmtp: 0)
             exe-1050282 [000] .N... 1634473.671285: sys_ptrace -> 0x0
             exe-1050290 [000] ..... 1634473.671296: sys_futex -> 0xfffffffffffffff5
             exe-1050282 [000] ..... 1634473.671316: sys_wait4(upid: 1006b2, stat_addr: c000641bf4, options: 40000002, ru: 0)
             exe-1050282 [000] ..... 1634473.671319: sys_wait4 -> 0x1006b2
             exe-1050282 [000] ..... 1634473.671322: sys_ptrace(request: 4204, pid: 1006b2, addr: 1, data: c000641c70)
             exe-1050282 [000] ..... 1634473.671326: sys_ptrace -> 0x0
             exe-1050282 [000] ..... 1634473.671327: sys_ptrace(request: 4204, pid: 1006b2, addr: 202, data: c000641c70)
             exe-1050282 [000] ..... 1634473.671330: sys_ptrace -> 0x0
             exe-1049673 [001] ..... 1634473.671338: sys_nanosleep -> 0x0
             exe-1050282 [000] ..... 1634473.671339: sys_pwrite64(fd: 63, buf: 7fd66edbe080, count: 7f, pos: 81)
             exe-1049673 [001] ..... 1634473.671341: sys_nanosleep(rqtp: c000069f10, rmtp: 0)
             exe-1050282 [000] ..... 1634473.671341: tracing_mark_write: futex(uaddr=0x7f778c000000, op=0x80, val=0x22008080c0921, utime=0x7f778be00000, uaddr2=0x7f778dfde000, val3=0x1010a0549692) end
             exe-1050282 [000] ..... 1634473.734122: tracing_mark_write: futex(uaddr=0x562f7d2d2900, op=0x5, val=1, utime=0x0, uaddr2=0x562f7d2d2a40, val3=2) start
             exe-1050282 [000] ..... 1634473.734124: sys_pwrite64 -> 0x5a
             exe-1050282 [000] ..... 1634473.734131: sys_ptrace(request: 4205, pid: 1006b2, addr: 1, data: c000641c70)
             exe-1050282 [000] ..... 1634473.734134: sys_ptrace -> 0x0
             exe-1050282 [000] ..... 1634473.734136: sys_ptrace(request: 4205, pid: 1006b2, addr: 202, data: c000641c70)
             exe-1050282 [000] ..... 1634473.734151: sys_ptrace -> 0x0
             exe-1050282 [000] ..... 1634473.734153: sys_ptrace(request: 1f, pid: 1006b2, addr: 0, data: 0)
             exe-1050282 [000] .N... 1634473.734159: sys_ptrace -> 0x0
             exe-1050290 [000] ..... 1634473.734170: sys_write -> 0x5a
             exe-1050282 [000] ..... 1634473.734195: sys_wait4(upid: 1006b2, stat_addr: c000641bf4, options: 40000002, ru: 0)
             exe-1050282 [000] ..... 1634473.734198: sys_wait4 -> 0x1006b2
             exe-1050282 [000] ..... 1634473.734200: sys_ptrace(request: 4204, pid: 1006b2, addr: 1, data: c000641c70)
             exe-1050282 [000] ..... 1634473.734204: sys_ptrace -> 0x0
             exe-1050282 [000] ..... 1634473.734206: sys_ptrace(request: 4204, pid: 1006b2, addr: 202, data: c000641c70)
             exe-1050282 [000] ..... 1634473.734208: sys_ptrace -> 0x0
             exe-1049673 [001] ..... 1634473.734214: sys_nanosleep -> 0x0
             exe-1049673 [001] ..... 1634473.734217: sys_nanosleep(rqtp: c000069f10, rmtp: 0)
             exe-1050282 [000] ..... 1634473.734241: sys_ptrace(request: 4205, pid: 1006b2, addr: 1, data: c000641c70)
             exe-1050282 [000] ..... 1634473.734244: sys_ptrace -> 0x0
             exe-1050282 [000] ..... 1634473.734245: sys_ptrace(request: 4205, pid: 1006b2, addr: 202, data: c000641c70)
             exe-1050282 [000] ..... 1634473.734259: sys_ptrace -> 0x0
             exe-1050282 [000] ..... 1634473.734261: sys_ptrace(request: 1f, pid: 1006b2, addr: 0, data: 0)
             exe-1050282 [000] .N... 1634473.734269: sys_ptrace -> 0x0
             exe-1050290 [000] ..... 1634473.734283: sys_futex -> 0x0
             exe-1050282 [000] ..... 1634473.734305: sys_wait4(upid: 1006b2, stat_addr: c000641bf4, options: 40000002, ru: 0)
             exe-1049673 [001] ..... 1634473.734308: sys_nanosleep -> 0x0
             exe-1049673 [001] ..... 1634473.734310: sys_nanosleep(rqtp: c000069f10, rmtp: 0)
             exe-1050282 [000] .N... 1634473.734317: sys_wait4 -> 0x1006b2
             exe-1050232 [002] ..... 1634473.734344: sys_epoll_pwait -> 0x0
             exe-1050232 [002] ..... 1634473.734426: sys_epoll_pwait(epfd: 11, events: c000693840, maxevents: 80, timeout: 9, sigmask: 0, sigsetsize: 0)
             exe-1049567 [002] ..... 1634473.734438: sys_nanosleep -> 0x0
             exe-1050282 [000] ..... 1634473.734607: sys_ptrace(request: 4204, pid: 1006b2, addr: 1, data: c000641c70)
             exe-1050282 [000] ..... 1634473.734613: sys_ptrace -> 0x0
             exe-1050282 [000] ..... 1634473.734615: sys_ptrace(request: 4204, pid: 1006b2, addr: 202, data: c000641c70)
             exe-1050282 [000] ..... 1634473.734618: sys_ptrace -> 0x0
             exe-1050282 [000] ..... 1634473.734636: sys_pwrite64(fd: 63, buf: 7fd66edbe080, count: 58, pos: 5a)
             exe-1050282 [000] ..... 1634473.734639: tracing_mark_write: futex(uaddr=0x562f7d2d2900, op=0x5, val=1, utime=0x0, uaddr2=0x562f7d2d2a40, val3=2) end
             exe-1050282 [000] ..... 1634473.803406: tracing_mark_write: futex(uaddr=0x7f778decf000, op=0x81, val=0x80000000, utime=0x7f778cf00000, uaddr2=0x7f778cf00000, val3=8) start
             exe-1050282 [000] ..... 1634473.803409: sys_pwrite64 -> 0x6f
             exe-1050282 [000] ..... 1634473.803418: sys_ptrace(request: 4205, pid: 1006b2, addr: 1, data: c000641c70)
             exe-1050282 [000] ..... 1634473.803423: sys_ptrace -> 0x0
             exe-1050282 [000] ..... 1634473.803425: sys_ptrace(request: 4205, pid: 1006b2, addr: 202, data: c000641c70)
             exe-1050282 [000] ..... 1634473.803442: sys_ptrace -> 0x0
             exe-1050282 [000] ..... 1634473.803445: sys_ptrace(request: 1f, pid: 1006b2, addr: 0, data: 0)
             exe-1050282 [000] .N... 1634473.803462: sys_ptrace -> 0x0
             exe-1049567 [002] ..... 1634473.803474: sys_nanosleep -> 0x0
             exe-1050290 [000] ..... 1634473.803476: sys_write -> 0x6f
             exe-1049567 [002] ..... 1634473.803478: sys_nanosleep(rqtp: c000069f10, rmtp: 0)
             exe-1050282 [000] ..... 1634473.803499: sys_wait4(upid: 1006b2, stat_addr: c000641bf4, options: 40000002, ru: 0)
             exe-1050282 [000] ..... 1634473.803502: sys_wait4 -> 0x1006b2
             exe-1050282 [000] ..... 1634473.803505: sys_ptrace(request: 4204, pid: 1006b2, addr: 1, data: c000641c70)
             exe-1050282 [000] ..... 1634473.803509: sys_ptrace -> 0x0
             exe-1050282 [000] ..... 1634473.803510: sys_ptrace(request: 4204, pid: 1006b2, addr: 202, data: c000641c70)
             exe-1050282 [000] ..... 1634473.803513: sys_ptrace -> 0x0
             exe-1050282 [000] ..... 1634473.803521: sys_ptrace(request: 4205, pid: 1006b2, addr: 1, data: c000641c70)
             exe-1050282 [000] ..... 1634473.803524: sys_ptrace -> 0x0
             exe-1050282 [000] ..... 1634473.803525: sys_ptrace(request: 4205, pid: 1006b2, addr: 202, data: c000641c70)
             exe-1050282 [000] ..... 1634473.803537: sys_ptrace -> 0x0
             exe-1050282 [000] ..... 1634473.803539: sys_ptrace(request: 1f, pid: 1006b2, addr: 0, data: 0)
             exe-1050282 [000] .N... 1634473.803546: sys_ptrace -> 0x0
             exe-1050290 [000] ..... 1634473.803556: sys_futex -> 0x0
             exe-1049567 [002] ..... 1634473.803571: sys_nanosleep -> 0x0
             exe-1049673 [001] ..... 1634473.803574: sys_nanosleep -> 0x0
             exe-1049567 [002] ..... 1634473.803575: sys_nanosleep(rqtp: c000069f10, rmtp: 0)
             exe-1050282 [000] ..... 1634473.803575: sys_wait4(upid: 1006b2, stat_addr: c000641bf4, options: 40000002, ru: 0)
             exe-1049673 [001] ..... 1634473.803576: sys_nanosleep(rqtp: c000069f10, rmtp: 0)
             exe-1050282 [000] ..... 1634473.803578: sys_wait4 -> 0x1006b2
             exe-1050282 [000] ..... 1634473.803581: sys_ptrace(request: 4204, pid: 1006b2, addr: 1, data: c000641c70)
             exe-1050282 [000] ..... 1634473.803584: sys_ptrace -> 0x0
             exe-1050282 [000] ..... 1634473.803586: sys_ptrace(request: 4204, pid: 1006b2, addr: 202, data: c000641c70)
             exe-1050282 [000] ..... 1634473.803589: sys_ptrace -> 0x0
             exe-1050282 [000] ..... 1634473.803598: sys_pwrite64(fd: 63, buf: 7fd66edbe080, count: 6d, pos: 6f)
             exe-1050282 [000] ..... 1634473.803600: tracing_mark_write: futex(uaddr=0x7f778decf000, op=0x81, val=0x80000000, utime=0x7f778cf00000, uaddr2=0x7f778cf00000, val3=8) end
             exe-1050282 [000] ..... 1634473.871070: tracing_mark_write: futex(uaddr=0x562f7d2d2ae0, op=0x10b, val=0, utime=0x8, uaddr2=0x562f7d2d4020, val3=0x3cf02dab9c56) start
             exe-1050282 [000] ..... 1634473.871071: sys_pwrite64 -> 0x69
             exe-1049673 [003] ..... 1634473.871076: sys_nanosleep -> 0x0
             exe-1050282 [000] ..... 1634473.871078: sys_ptrace(request: 4205, pid: 1006b2, addr: 1, data: c000641c70)
             exe-1049567 [002] ..... 1634473.871078: sys_nanosleep -> 0x0
             exe-1049673 [003] ..... 1634473.871079: sys_nanosleep(rqtp: c000069f10, rmtp: 0)
             exe-1050282 [000] ..... 1634473.871081: sys_ptrace -> 0x0
             exe-1050282 [000] ..... 1634473.871082: sys_ptrace(request: 4205, pid: 1006b2, addr: 202, data: c000641c70)
             exe-1049567 [002] ..... 1634473.871083: sys_nanosleep(rqtp: c000069f10, rmtp: 0)
             exe-1050282 [000] ..... 1634473.871094: sys_ptrace -> 0x0
             exe-1050282 [000] ..... 1634473.871096: sys_ptrace(request: 1f, pid: 1006b2, addr: 0, data: 0)
             exe-1050282 [000] .N... 1634473.871104: sys_ptrace -> 0x0
             exe-1050290 [000] ..... 1634473.871114: sys_write -> 0x69
             exe-1050282 [000] ..... 1634473.871133: sys_wait4(upid: 1006b2, stat_addr: c000641bf4, options: 40000002, ru: 0)
             exe-1050282 [000] ..... 1634473.871136: sys_wait4 -> 0x1006b2
             exe-1050282 [000] ..... 1634473.871138: sys_ptrace(request: 4204, pid: 1006b2, addr: 1, data: c000641c70)
             exe-1050282 [000] ..... 1634473.871142: sys_ptrace -> 0x0
             exe-1050282 [000] ..... 1634473.871144: sys_ptrace(request: 4204, pid: 1006b2, addr: 202, data: c000641c70)
             exe-1050282 [000] ..... 1634473.871146: sys_ptrace -> 0x0
             exe-1049673 [003] ..... 1634473.871163: sys_nanosleep -> 0x0
             exe-1049673 [003] ..... 1634473.871165: sys_nanosleep(rqtp: c000069f10, rmtp: 0)
             exe-1049567 [002] ..... 1634473.871188: sys_nanosleep -> 0x0
             exe-1049567 [002] ..... 1634473.871194: sys_nanosleep(rqtp: c000069f10, rmtp: 0)
             exe-1049673 [003] ..... 1634473.871250: sys_nanosleep -> 0x0
             exe-1049673 [003] ..... 1634473.871252: sys_nanosleep(rqtp: c000069f10, rmtp: 0)
             exe-1049567 [002] ..... 1634473.871293: sys_nanosleep -> 0x0
             exe-1049567 [002] ..... 1634473.871299: sys_nanosleep(rqtp: c000069f10, rmtp: 0)
             exe-1049567 [002] ..... 1634473.871401: sys_nanosleep -> 0x0
             exe-1049567 [002] ..... 1634473.871406: sys_nanosleep(rqtp: c000069f10, rmtp: 0)
             exe-1049567 [002] ..... 1634473.871508: sys_nanosleep -> 0x0
             exe-1049567 [002] ..... 1634473.871513: sys_nanosleep(rqtp: c000069f10, rmtp: 0)
             exe-1050282 [000] ..... 1634473.871557: sys_ptrace(request: 4205, pid: 1006b2, addr: 1, data: c000641c70)
             exe-1050282 [000] ..... 1634473.871564: sys_ptrace -> 0x0
             exe-1050282 [000] ..... 1634473.871567: sys_ptrace(request: 4205, pid: 1006b2, addr: 202, data: c000641c70)
             exe-1049673 [003] ..... 1634473.871587: sys_nanosleep -> 0x0
             exe-1050282 [000] ..... 1634473.871592: sys_ptrace -> 0x0
             exe-1050282 [000] ..... 1634473.871595: sys_ptrace(request: 1f, pid: 1006b2, addr: 0, data: 0)
             exe-1049673 [003] ..... 1634473.871595: sys_nanosleep(rqtp: c000069f10, rmtp: 0)
             exe-1050282 [000] .N... 1634473.871611: sys_ptrace -> 0x0
             exe-1049567 [002] ..... 1634473.871617: sys_nanosleep -> 0x0
             exe-1049567 [002] ..... 1634473.871623: sys_nanosleep(rqtp: c000069f10, rmtp: 0)
             exe-1050290 [000] ..... 1634473.871627: sys_futex -> 0xffffffffffffffda
             exe-1050282 [000] ..... 1634473.871661: sys_wait4(upid: 1006b2, stat_addr: c000641bf4, options: 40000002, ru: 0)
             exe-1050282 [000] ..... 1634473.871664: sys_wait4 -> 0x1006b2
             exe-1050282 [000] ..... 1634473.871668: sys_ptrace(request: 4204, pid: 1006b2, addr: 1, data: c000641c70)
             exe-1050282 [000] ..... 1634473.871675: sys_ptrace -> 0x0
             exe-1050282 [000] ..... 1634473.871677: sys_ptrace(request: 4204, pid: 1006b2, addr: 202, data: c000641c70)
             exe-1050282 [000] ..... 1634473.871681: sys_ptrace -> 0x0
             exe-1049673 [003] ..... 1634473.871696: sys_nanosleep -> 0x0
             exe-1049673 [003] ..... 1634473.871700: sys_nanosleep(rqtp: c000069f10, rmtp: 0)
             exe-1050282 [000] ..... 1634473.871701: sys_pwrite64(fd: 63, buf: 7fd66edbe080, count: 67, pos: 69)
             exe-1050282 [000] ..... 1634473.871705: tracing_mark_write: futex(uaddr=0x562f7d2d2ae0, op=0x10b, val=0, utime=0x8, uaddr2=0x562f7d2d4020, val3=0x3cf02dab9c56) end
             exe-1050282 [000] ..... 1634473.953238: tracing_mark_write: futex(uaddr=0x7f778db00000, op=0x83, val=0x8000000000000, utime=0x7f778be00000, uaddr2=0x7f778be00000, val3=0xffffffffffff0009) start
             exe-1050282 [000] ..... 1634473.953240: sys_pwrite64 -> 0x85
             exe-1050282 [000] ..... 1634473.953251: sys_ptrace(request: 4205, pid: 1006b2, addr: 1, data: c000641c70)
             exe-1050282 [000] ..... 1634473.953256: sys_ptrace -> 0x0
             exe-1050282 [000] ..... 1634473.953258: sys_ptrace(request: 4205, pid: 1006b2, addr: 202, data: c000641c70)
             exe-1050282 [000] ..... 1634473.953276: sys_ptrace -> 0x0
             exe-1050282 [000] ..... 1634473.953279: sys_ptrace(request: 1f, pid: 1006b2, addr: 0, data: 0)
             exe-1050282 [000] .N... 1634473.953291: sys_ptrace -> 0x0
             exe-1049567 [002] ..... 1634473.953302: sys_nanosleep -> 0x0
             exe-1050290 [000] ..... 1634473.953306: sys_write -> 0x85
             exe-1049567 [002] ..... 1634473.953311: sys_nanosleep(rqtp: c000069f10, rmtp: 0)
             exe-1050282 [000] ..... 1634473.953332: sys_wait4(upid: 1006b2, stat_addr: c000641bf4, options: 40000002, ru: 0)
             exe-1049673 [002] ..... 1634473.953335: sys_nanosleep -> 0x0
             exe-1050282 [000] ..... 1634473.953336: sys_wait4 -> 0x1006b2
             exe-1050282 [000] ..... 1634473.953339: sys_ptrace(request: 4204, pid: 1006b2, addr: 1, data: c000641c70)
             exe-1049673 [002] ..... 1634473.953342: sys_nanosleep(rqtp: c000069f10, rmtp: 0)
             exe-1050282 [000] ..... 1634473.953345: sys_ptrace -> 0x0
             exe-1050282 [000] ..... 1634473.953347: sys_ptrace(request: 4204, pid: 1006b2, addr: 202, data: c000641c70)
             exe-1050282 [000] ..... 1634473.953351: sys_ptrace -> 0x0
             exe-1050282 [000] ..... 1634473.953419: sys_ptrace(request: 4205, pid: 1006b2, addr: 1, data: c000641c70)
             exe-1049673 [002] ..... 1634473.953422: sys_nanosleep -> 0x0
             exe-1050282 [000] ..... 1634473.953425: sys_ptrace -> 0x0
             exe-1050282 [000] ..... 1634473.953427: sys_ptrace(request: 4205, pid: 1006b2, addr: 202, data: c000641c70)
             exe-1049673 [002] ..... 1634473.953428: sys_nanosleep(rqtp: c000069f10, rmtp: 0)
             exe-1050282 [000] ..... 1634473.953444: sys_ptrace -> 0x0
             exe-1050282 [000] ..... 1634473.953446: sys_ptrace(request: 1f, pid: 1006b2, addr: 0, data: 0)
             exe-1050282 [000] .N... 1634473.953456: sys_ptrace -> 0x0
             exe-1050290 [000] ..... 1634473.953471: sys_futex -> 0x0
             exe-1050282 [000] ..... 1634473.953500: sys_wait4(upid: 1006b2, stat_addr: c000641bf4, options: 40000002, ru: 0)
             exe-1050282 [000] ..... 1634473.953504: sys_wait4 -> 0x1006b2
             exe-1050282 [000] ..... 1634473.953507: sys_ptrace(request: 4204, pid: 1006b2, addr: 1, data: c000641c70)
             exe-1050282 [000] ..... 1634473.953514: sys_ptrace -> 0x0
