             exe-1050232 [000] ..... 1634470.915353: sys_pwrite64 -> 0x6b
             exe-1049567 [002] ..... 1634470.915355: sys_nanosleep(rqtp: c000069f10, rmtp: 0)
             exe-1050232 [000] ..... 1634470.915360: sys_ptrace(request: 4205, pid: 1006b9, addr: 1, data: c000641c70)
             exe-1050232 [000] ..... 1634470.915363: sys_ptrace -> 0x0
             exe-1050232 [000] ..... 1634470.915364: sys_ptrace(request: 4205, pid: 1006b9, addr: 202, data: c000641c70)
             exe-1049673 [001] ..... 1634470.915374: sys_nanosleep -> 0x0
             exe-1049673 [001] ..... 1634470.915376: sys_nanosleep(rqtp: c000069f10, rmtp: 0)
             exe-1049567 [002] ..... 1634470.915443: sys_nanosleep -> 0x0
             exe-1049567 [002] ..... 1634470.915445: sys_nanosleep(rqtp: c000069f10, rmtp: 0)
             exe-1050232 [000] ..... 1634470.915445: sys_ptrace -> 0x0
             exe-1050232 [000] ..... 1634470.915450: sys_ptrace(request: 1f, pid: 1006b9, addr: 0, data: 0)
             exe-1050232 [000] ..... 1634470.915461: sys_ptrace -> 0x0
             exe-1050232 [000] ..... 1634470.915464: sys_wait4(upid: 1006b9, stat_addr: c000641bf4, options: 40000002, ru: 0)
             exe-1050297 [001] ..... 1634470.915482: sys_write -> 0x6b
             exe-1049673 [001] ..... 1634470.915509: sys_nanosleep -> 0x0
             exe-1049673 [001] ..... 1634470.915514: sys_nanosleep(rqtp: c000069f10, rmtp: 0)
             exe-1049567 [002] ..... 1634470.915534: sys_nanosleep -> 0x0
             exe-1049567 [002] ..... 1634470.915536: sys_nanosleep(rqtp: c000069f10, rmtp: 0)
             exe-1050232 [000] ..... 1634470.915555: sys_wait4 -> 0x1006b9
             exe-1050232 [000] ..... 1634470.915561: sys_ptrace(request: 4204, pid: 1006b9, addr: 1, data: c000641c70)
             exe-1050232 [000] ..... 1634470.915566: sys_ptrace -> 0x0
             exe-1050232 [000] ..... 1634470.915569: sys_ptrace(request: 4204, pid: 1006b9, addr: 202, data: c000641c70)
             exe-1050232 [000] ..... 1634470.915571: sys_ptrace -> 0x0
             exe-1049673 [001] ..... 1634470.915614: sys_nanosleep -> 0x0
             exe-1049673 [001] ..... 1634470.915618: sys_nanosleep(rqtp: c000069f10, rmtp: 0)
             exe-1049567 [002] ..... 1634470.915625: sys_nanosleep -> 0x0
             exe-1049567 [002] ..... 1634470.915627: sys_nanosleep(rqtp: c000069f10, rmtp: 0)
             exe-1049673 [001] ..... 1634470.915709: sys_nanosleep -> 0x0
             exe-1049673 [001] ..... 1634470.915712: sys_nanosleep(rqtp: c000069f10, rmtp: 0)
             exe-1049567 [002] ..... 1634470.915716: sys_nanosleep -> 0x0
             exe-1049567 [002] ..... 1634470.915718: sys_nanosleep(rqtp: c000069f10, rmtp: 0)
             exe-1049673 [001] ..... 1634470.915803: sys_nanosleep -> 0x0
             exe-1049673 [001] ..... 1634470.915805: sys_nanosleep(rqtp: c000069f10, rmtp: 0)
             exe-1049567 [002] ..... 1634470.915828: sys_nanosleep -> 0x0
             exe-1049567 [002] ..... 1634470.915831: sys_nanosleep(rqtp: c000069f10, rmtp: 0)
             exe-1050232 [000] ..... 1634470.915836: sys_ptrace(request: 4205, pid: 1006b9, addr: 1, data: c000641c70)
             exe-1050232 [000] ..... 1634470.915841: sys_ptrace -> 0x0
             exe-1050232 [000] ..... 1634470.915843: sys_ptrace(request: 4205, pid: 1006b9, addr: 202, data: c000641c70)
             exe-1049673 [001] ..... 1634470.915897: sys_nanosleep -> 0x0
             exe-1049673 [001] ..... 1634470.915899: sys_nanosleep(rqtp: c000069f10, rmtp: 0)
             exe-1050232 [000] ..... 1634470.915923: sys_ptrace -> 0x0
             exe-1050232 [000] ..... 1634470.915927: sys_ptrace(request: 1f, pid: 1006b9, addr: 0, data: 0)
             exe-1050232 [000] ..... 1634470.915937: sys_ptrace -> 0x0
             exe-1050232 [000] ..... 1634470.915941: sys_wait4(upid: 1006b9, stat_addr: c000641bf4, options: 40000002, ru: 0)
             exe-1050297 [001] ..... 1634470.915949: sys_futex -> 0xffffffffffffffff
             exe-1049567 [002] ..... 1634470.915979: sys_nanosleep -> 0x0
             exe-1049567 [002] ..... 1634470.915982: sys_nanosleep(rqtp: c000069f10, rmtp: 0)
             exe-1050232 [000] .N... 1634470.915990: sys_wait4 -> 0x1006b9
             exe-1049673 [001] ..... 1634470.916010: sys_nanosleep -> 0x0
             exe-1049673 [001] ..... 1634470.916016: sys_nanosleep(rqtp: c000069f10, rmtp: 0)
             exe-1050232 [000] ..... 1634470.916033: sys_ptrace(request: 4204, pid: 1006b9, addr: 1, data: c000641c70)
             exe-1050232 [000] ..... 1634470.916038: sys_ptrace -> 0x0
             exe-1050232 [000] ..... 1634470.916040: sys_ptrace(request: 4204, pid: 1006b9, addr: 202, data: c000641c70)
             exe-1050232 [000] ..... 1634470.916043: sys_ptrace -> 0x0
             exe-1050232 [000] ..... 1634470.916058: sys_pwrite64(fd: 63, buf: 7fd66edbe080, count: 69, pos: 6b)
             exe-1050232 [000] ..... 1634470.916061: tracing_mark_write: futex(uaddr=0x7f778c200000, op=0x7, val=-4, utime=0x7f778dfdf000, uaddr2=0x7f778be00000, val3=0xf000) end
             exe-1050232 [000] ..... 1634470.991700: tracing_mark_write: futex(uaddr=0x562f7d2d2860, op=0xb, val=0, utime=0x7f778c000000, uaddr2=0x562f7d2d2a40, val3=0x73cd6b69) start
             exe-1050232 [000] ..... 1634470.991702: sys_pwrite64 -> 0x6e
             exe-1050232 [000] ..... 1634470.991707: sys_ptrace(request: 4205, pid: 1006b9, addr: 1, data: c000641c70)
             exe-1050232 [000] ..... 1634470.991710: sys_ptrace -> 0x0
             exe-1050232 [000] ..... 1634470.991711: sys_ptrace(request: 4205, pid: 1006b9, addr: 202, data: c000641c70)
             exe-1050232 [000] ..... 1634470.991719: sys_ptrace -> 0x0
             exe-1050232 [000] ..... 1634470.991721: sys_ptrace(request: 1f, pid: 1006b9, addr: 0, data: 0)
             exe-1050232 [000] ..... 1634470.991728: sys_ptrace -> 0x0
             exe-1050232 [000] ..... 1634470.991730: sys_wait4(upid: 1006b9, stat_addr: c000641bf4, options: 40000002, ru: 0)
             exe-1049567 [002] ..... 1634470.991757: sys_nanosleep -> 0x0
             exe-1049567 [002] ..... 1634470.991763: sys_nanosleep(rqtp: c000069f10, rmtp: 0)
             exe-1050297 [001] ..... 1634470.991769: sys_write -> 0x6e
             exe-1049673 [001] ..... 1634470.991796: sys_nanosleep -> 0x0
             exe-1049673 [001] ..... 1634470.991808: sys_nanosleep(rqtp: c000069f10, rmtp: 0)
             exe-1050232 [000] ..... 1634470.991815: sys_wait4 -> 0x1006b9
             exe-1050232 [000] ..... 1634470.991818: sys_ptrace(request: 4204, pid: 1006b9, addr: 1, data: c000641c70)
             exe-1050232 [000] ..... 1634470.991827: sys_ptrace -> 0x0
             exe-1050232 [000] ..... 1634470.991828: sys_ptrace(request: 4204, pid: 1006b9, addr: 202, data: c000641c70)
             exe-1050232 [000] ..... 1634470.991831: sys_ptrace -> 0x0
             exe-1050232 [000] ..... 1634470.991882: sys_ptrace(request: 4205, pid: 1006b9, addr: 1, data: c000641c70)
             exe-1050232 [000] ..... 1634470.991885: sys_ptrace -> 0x0
             exe-1050232 [000] ..... 1634470.991887: sys_ptrace(request: 4205, pid: 1006b9, addr: 202, data: c000641c70)
             exe-1050232 [000] ..... 1634470.991897: sys_ptrace -> 0x0
             exe-1050232 [000] ..... 1634470.991898: sys_ptrace(request: 1f, pid: 1006b9, addr: 0, data: 0)
             exe-1050232 [000] ..... 1634470.991900: sys_ptrace -> 0x0
             exe-1050232 [000] ..... 1634470.991902: sys_wait4(upid: 1006b9, stat_addr: c000641bf4, options: 40000002, ru: 0)
             exe-1050297 [001] ..... 1634470.991917: sys_futex -> 0xffffffffffffffda
             exe-1050232 [000] ..... 1634470.991942: sys_wait4 -> 0x1006b9
             exe-1049673 [001] ..... 1634470.991943: sys_nanosleep -> 0x0
             exe-1050232 [000] ..... 1634470.991945: sys_ptrace(request: 4204, pid: 1006b9, addr: 1, data: c000641c70)
             exe-1050232 [000] ..... 1634470.991948: sys_ptrace -> 0x0
             exe-1049673 [001] ..... 1634470.991948: sys_nanosleep(rqtp: c000069f10, rmtp: 0)
             exe-1050232 [000] ..... 1634470.991949: sys_ptrace(request: 4204, pid: 1006b9, addr: 202, data: c000641c70)
             exe-1050232 [000] ..... 1634470.991951: sys_ptrace -> 0x0
             exe-1050232 [000] ..... 1634470.991959: sys_pwrite64(fd: 63, buf: 7fd66edbe080, count: 6c, pos: 6e)
             exe-1050232 [000] ..... 1634470.991962: tracing_mark_write: futex(uaddr=0x562f7d2d2860, op=0xb, val=0, utime=0x7f778c000000, uaddr2=0x562f7d2d2a40, val3=0x73cd6b69) end
             exe-1050232 [000] ..... 1634471.060204: tracing_mark_write: futex(uaddr=0x7f778decc000, op=0x7, val=0xffffffff7dffffa4, utime=0x8, uaddr2=0x7f778cf00000, val3=0xa9a9) start
             exe-1050232 [000] ..... 1634471.060206: sys_pwrite64 -> 0x70
             exe-1049673 [001] ..... 1634471.060253: sys_nanosleep -> 0x0
             exe-1049673 [001] ..... 1634471.060255: sys_nanosleep(rqtp: c000069f10, rmtp: 0)
             exe-1050232 [000] ..... 1634471.060284: sys_ptrace(request: 4205, pid: 1006b9, addr: 1, data: c000641c70)
             exe-1050232 [000] ..... 1634471.060289: sys_ptrace -> 0x0
             exe-1050232 [000] ..... 1634471.060291: sys_ptrace(request: 4205, pid: 1006b9, addr: 202, data: c000641c70)
             exe-1050232 [000] ..... 1634471.060303: sys_ptrace -> 0x0
             exe-1050232 [000] ..... 1634471.060305: sys_ptrace(request: 1f, pid: 1006b9, addr: 0, data: 0)
             exe-1050232 [000] ..... 1634471.060315: sys_ptrace -> 0x0
             exe-1050232 [000] ..... 1634471.060318: sys_wait4(upid: 1006b9, stat_addr: c000641bf4, options: 40000002, ru: 0)
             exe-1050297 [001] ..... 1634471.060325: sys_write -> 0x70
             exe-1049673 [001] ..... 1634471.060367: sys_nanosleep -> 0x0
             exe-1049673 [001] ..... 1634471.060372: sys_nanosleep(rqtp: c000069f10, rmtp: 0)
             exe-1050232 [000] ..... 1634471.060392: sys_wait4 -> 0x1006b9
             exe-1050232 [000] ..... 1634471.060398: sys_ptrace(request: 4204, pid: 1006b9, addr: 1, data: c000641c70)
             exe-1050232 [000] ..... 1634471.060402: sys_ptrace -> 0x0
             exe-1050232 [000] ..... 1634471.060405: sys_ptrace(request: 4204, pid: 1006b9, addr: 202, data: c000641c70)
             exe-1050232 [000] ..... 1634471.060408: sys_ptrace -> 0x0
             exe-1049673 [001] ..... 1634471.060467: sys_nanosleep -> 0x0
             exe-1049673 [001] ..... 1634471.060470: sys_nanosleep(rqtp: c000069f10, rmtp: 0)
             exe-1049673 [001] ..... 1634471.060558: sys_nanosleep -> 0x0
             exe-1049673 [001] ..... 1634471.060560: sys_nanosleep(rqtp: c000069f10, rmtp: 0)
             exe-1049567 [002] ..... 1634471.060578: sys_nanosleep -> 0x0
             exe-1049567 [002] ..... 1634471.060584: sys_nanosleep(rqtp: c000069f10, rmtp: 0)
             exe-1050232 [000] ..... 1634471.060635: sys_ptrace(request: 4205, pid: 1006b9, addr: 1, data: c000641c70)
             exe-1050232 [000] ..... 1634471.060642: sys_ptrace -> 0x0
             exe-1050232 [000] ..... 1634471.060644: sys_ptrace(request: 4205, pid: 1006b9, addr: 202, data: c000641c70)
             exe-1049673 [001] ..... 1634471.060649: sys_nanosleep -> 0x0
             exe-1049673 [001] ..... 1634471.060651: sys_nanosleep(rqtp: c000069f10, rmtp: 0)
             exe-1050232 [000] ..... 1634471.060656: sys_ptrace -> 0x0
             exe-1050232 [000] ..... 1634471.060658: sys_ptrace(request: 1f, pid: 1006b9, addr: 0, data: 0)
             exe-1050232 [000] ..... 1634471.060668: sys_ptrace -> 0x0
             exe-1050232 [000] ..... 1634471.060671: sys_wait4(upid: 1006b9, stat_addr: c000641bf4, options: 40000002, ru: 0)
             exe-1050297 [001] ..... 1634471.060677: sys_futex -> 0xffffffffffffffff
             exe-1050232 [000] ..... 1634471.060743: sys_wait4 -> 0x1006b9
             exe-1050232 [000] ..... 1634471.060749: sys_ptrace(request: 4204, pid: 1006b9, addr: 1, data: c000641c70)
             exe-1049673 [001] ..... 1634471.060752: sys_nanosleep -> 0x0
             exe-1050232 [000] ..... 1634471.060754: sys_ptrace -> 0x0
             exe-1050232 [000] ..... 1634471.060756: sys_ptrace(request: 4204, pid: 1006b9, addr: 202, data: c000641c70)
             exe-1049673 [001] ..... 1634471.060757: sys_nanosleep(rqtp: c000069f10, rmtp: 0)
             exe-1050232 [000] ..... 1634471.060758: sys_ptrace -> 0x0
             exe-1050232 [000] ..... 1634471.060773: sys_pwrite64(fd: 63, buf: 7fd66edbe080, count: 6e, pos: 70)
             exe-1050232 [000] ..... 1634471.060775: tracing_mark_write: futex(uaddr=0x7f778decc000, op=0x7, val=0xffffffff7dffffa4, utime=0x8, uaddr2=0x7f778cf00000, val3=0xa9a9) end
             exe-1050232 [000] ..... 1634471.136532: tracing_mark_write: futex(uaddr=0x7f778dfdd000, op=0x7, val=0xfffa, utime=0x8, uaddr2=0x7f778decc000, val3=-9) start
             exe-1050232 [000] ..... 1634471.136534: sys_pwrite64 -> 0x60
             exe-1050232 [000] ..... 1634471.136544: sys_ptrace(request: 4205, pid: 1006b9, addr: 1, data: c000641c70)
             exe-1050232 [000] ..... 1634471.136549: sys_ptrace -> 0x0
             exe-1050232 [000] ..... 1634471.136550: sys_ptrace(request: 4205, pid: 1006b9, addr: 202, data: c000641c70)
             exe-1050232 [000] ..... 1634471.136563: sys_ptrace -> 0x0
             exe-1050232 [000] ..... 1634471.136565: sys_ptrace(request: 1f, pid: 1006b9, addr: 0, data: 0)
             exe-1049567 [003] ..... 1634471.136575: sys_nanosleep -> 0x0
             exe-1049567 [003] ..... 1634471.136577: sys_nanosleep(rqtp: c000069f10, rmtp: 0)
             exe-1050232 [000] .N... 1634471.136600: sys_ptrace -> 0x0
             exe-1050297 [001] ..... 1634471.136601: sys_write -> 0x60
             exe-1050232 [000] ..... 1634471.136643: sys_wait4(upid: 1006b9, stat_addr: c000641bf4, options: 40000002, ru: 0)
             exe-1050232 [000] ..... 1634471.136646: sys_wait4 -> 0x1006b9
             exe-1050232 [000] ..... 1634471.136648: sys_ptrace(request: 4204, pid: 1006b9, addr: 1, data: c000641c70)
             exe-1050232 [000] ..... 1634471.136652: sys_ptrace -> 0x0
             exe-1050232 [000] ..... 1634471.136654: sys_ptrace(request: 4204, pid: 1006b9, addr: 202, data: c000641c70)
             exe-1050232 [000] ..... 1634471.136656: sys_ptrace -> 0x0
             exe-1049567 [003] ..... 1634471.136686: sys_nanosleep -> 0x0
             exe-1049567 [003] ..... 1634471.136688: sys_nanosleep(rqtp: c000069f10, rmtp: 0)
             exe-1050232 [000] ..... 1634471.136801: sys_ptrace(request: 4205, pid: 1006b9, addr: 1, data: c000641c70)
             exe-1050232 [000] .N... 1634471.136832: sys_ptrace -> 0x0
             exe-1049567 [003] ..... 1634471.136835: sys_nanosleep -> 0x0
             exe-1049567 [003] ..... 1634471.136837: sys_nanosleep(rqtp: c000069f10, rmtp: 0)
             exe-1050232 [000] ..... 1634471.136874: sys_ptrace(request: 4205, pid: 1006b9, addr: 202, data: c000641c70)
             exe-1050232 [000] ..... 1634471.136889: sys_ptrace -> 0x0
             exe-1050232 [000] ..... 1634471.136891: sys_ptrace(request: 1f, pid: 1006b9, addr: 0, data: 0)
             exe-1050232 [000] ..... 1634471.136904: sys_ptrace -> 0x0
             exe-1050232 [000] ..... 1634471.136908: sys_wait4(upid: 1006b9, stat_addr: c000641bf4, options: 40000002, ru: 0)
             exe-1050297 [001] ..... 1634471.136948: sys_futex -> 0xffffffffffffffff
             exe-1050232 [000] ..... 1634471.136990: sys_wait4 -> 0x1006b9
             exe-1050232 [000] ..... 1634471.136995: sys_ptrace(request: 4204, pid: 1006b9, addr: 1, data: c000641c70)
             exe-1050232 [000] ..... 1634471.137000: sys_ptrace -> 0x0
             exe-1050232 [000] ..... 1634471.137002: sys_ptrace(request: 4204, pid: 1006b9, addr: 202, data: c000641c70)
             exe-1050232 [000] ..... 1634471.137004: sys_ptrace -> 0x0
             exe-1050232 [000] ..... 1634471.137020: sys_pwrite64(fd: 63, buf: 7fd66edbe080, count: 5e, pos: 60)
             exe-1050232 [000] ..... 1634471.137022: tracing_mark_write: futex(uaddr=0x7f778dfdd000, op=0x7, val=0xfffa, utime=0x8, uaddr2=0x7f778decc000, val3=-9) end
             exe-1050232 [000] ..... 1634471.202103: tracing_mark_write: futex(uaddr=0x7f778dfde000, op=0x7, val=0x40000000, utime=0x0, uaddr2=0x7f778decd000, val3=-10) start
             exe-1050232 [000] ..... 1634471.202105: sys_pwrite64 -> 0x65
             exe-1050232 [000] ..... 1634471.202111: sys_ptrace(request: 4205, pid: 1006b9, addr: 1, data: c000641c70)
             exe-1050232 [000] ..... 1634471.202114: sys_ptrace -> 0x0
             exe-1050232 [000] ..... 1634471.202115: sys_ptrace(request: 4205, pid: 1006b9, addr: 202, data: c000641c70)
             exe-1050232 [000] ..... 1634471.202123: sys_ptrace -> 0x0
             exe-1050232 [000] ..... 1634471.202125: sys_ptrace(request: 1f, pid: 1006b9, addr: 0, data: 0)
             exe-1050232 [000] ..... 1634471.202136: sys_ptrace -> 0x0
             exe-1050232 [000] ..... 1634471.202138: sys_wait4(upid: 1006b9, stat_addr: c000641bf4, options: 40000002, ru: 0)
             exe-1050297 [001] ..... 1634471.202151: sys_write -> 0x65
             exe-1050232 [000] ..... 1634471.202166: sys_wait4 -> 0x1006b9
             exe-1050232 [000] ..... 1634471.202234: sys_ptrace(request: 4204, pid: 1006b9, addr: 1, data: c000641c70)
             exe-1050232 [000] ..... 1634471.202239: sys_ptrace -> 0x0
             exe-1050232 [000] ..... 1634471.202241: sys_ptrace(request: 4204, pid: 1006b9, addr: 202, data: c000641c70)
             exe-1050232 [000] ..... 1634471.202244: sys_ptrace -> 0x0
             exe-1049673 [001] ..... 1634471.202255: sys_nanosleep -> 0x0
             exe-1049673 [001] ..... 1634471.202262: sys_nanosleep(rqtp: c000069f10, rmtp: 0)
             exe-1050232 [000] ..... 1634471.202314: sys_ptrace(request: 4205, pid: 1006b9, addr: 1, data: c000641c70)
             exe-1050232 [000] ..... 1634471.202318: sys_ptrace -> 0x0
             exe-1050232 [000] ..... 1634471.202319: sys_ptrace(request: 4205, pid: 1006b9, addr: 202, data: c000641c70)
             exe-1050232 [000] ..... 1634471.202396: sys_ptrace -> 0x0
             exe-1050232 [000] ..... 1634471.202398: sys_ptrace(request: 1f, pid: 1006b9, addr: 0, data: 0)
             exe-1050232 [000] ..... 1634471.202410: sys_ptrace -> 0x0
             exe-1050232 [000] ..... 1634471.202413: sys_wait4(upid: 1006b9, stat_addr: c000641bf4, options: 40000002, ru: 0)
             exe-1050297 [001] ..... 1634471.202441: sys_futex -> 0xffffffffffffffff
             exe-1050232 [000] ..... 1634471.202471: sys_wait4 -> 0x1006b9
             exe-1050232 [000] ..... 1634471.202474: sys_ptrace(request: 4204, pid: 1006b9, addr: 1, data: c000641c70)
             exe-1050232 [000] ..... 1634471.202478: sys_ptrace -> 0x0
             exe-1050232 [000] ..... 1634471.202479: sys_ptrace(request: 4204, pid: 1006b9, addr: 202, data: c000641c70)
             exe-1050232 [000] ..... 1634471.202482: sys_ptrace -> 0x0
             exe-1050232 [000] ..... 1634471.202496: sys_pwrite64(fd: 63, buf: 7fd66edbe080, count: 63, pos: 65)
             exe-1050232 [000] ..... 1634471.202499: tracing_mark_write: futex(uaddr=0x7f778dfde000, op=0x7, val=0x40000000, utime=0x0, uaddr2=0x7f778decd000, val3=-10) end
             exe-1050232 [000] ..... 1634471.262753: tracing_mark_write: futex(uaddr=0x562f7d2d2cc0, op=0x10b, val=0, utime=0x7f778cf00000, uaddr2=0x562f7d2d27c0, val3=0x1d336a0b) start
             exe-1050232 [000] ..... 1634471.262755: sys_pwrite64 -> 0x70
             exe-1050232 [000] ..... 1634471.262759: sys_ptrace(request: 4205, pid: 1006b9, addr: 1, data: c000641c70)
             exe-1050232 [000] ..... 1634471.262762: sys_ptrace -> 0x0
             exe-1050232 [000] ..... 1634471.262763: sys_ptrace(request: 4205, pid: 1006b9, addr: 202, data: c000641c70)
             exe-1050232 [000] ..... 1634471.262769: sys_ptrace -> 0x0
             exe-1050232 [000] ..... 1634471.262771: sys_ptrace(request: 1f, pid: 1006b9, addr: 0, data: 0)
             exe-1050232 [000] ..... 1634471.262778: sys_ptrace -> 0x0
             exe-1050232 [000] ..... 1634471.262780: sys_wait4(upid: 1006b9, stat_addr: c000641bf4, options: 40000002, ru: 0)
             exe-1050297 [001] ..... 1634471.262794: sys_write -> 0x70
             exe-1050232 [000] ..... 1634471.262809: sys_wait4 -> 0x1006b9
             exe-1050232 [000] ..... 1634471.262811: sys_ptrace(request: 4204, pid: 1006b9, addr: 1, data: c000641c70)
             exe-1049673 [001] ..... 1634471.262811: sys_nanosleep -> 0x0
             exe-1050232 [000] ..... 1634471.262813: sys_ptrace -> 0x0
             exe-1050232 [000] ..... 1634471.262815: sys_ptrace(request: 4204, pid: 1006b9, addr: 202, data: c000641c70)
             exe-1049673 [001] ..... 1634471.262817: sys_nanosleep(rqtp: c000069f10, rmtp: 0)
             exe-1050232 [000] ..... 1634471.262817: sys_ptrace -> 0x0
             exe-1050232 [000] ..... 1634471.262852: sys_ptrace(request: 4205, pid: 1006b9, addr: 1, data: c000641c70)
             exe-1050232 [000] ..... 1634471.262855: sys_ptrace -> 0x0
             exe-1050232 [000] ..... 1634471.262857: sys_ptrace(request: 4205, pid: 1006b9, addr: 202, data: c000641c70)
             exe-1050232 [000] ..... 1634471.262864: sys_ptrace -> 0x0
             exe-1050232 [000] ..... 1634471.262865: sys_ptrace(request: 1f, pid: 1006b9, addr: 0, data: 0)
             exe-1050232 [000] ..... 1634471.262872: sys_ptrace -> 0x0
             exe-1050232 [000] ..... 1634471.262874: sys_wait4(upid: 1006b9, stat_addr: c000641bf4, options: 40000002, ru: 0)
             exe-1050297 [001] ..... 1634471.262919: sys_futex -> 0xffffffffffffffda
             exe-1050232 [000] ..... 1634471.262936: sys_wait4 -> 0x1006b9
             exe-1050232 [000] ..... 1634471.262938: sys_ptrace(request: 4204, pid: 1006b9, addr: 1, data: c000641c70)
             exe-1049673 [001] ..... 1634471.262940: sys_nanosleep -> 0x0
             exe-1050232 [000] ..... 1634471.262941: sys_ptrace -> 0x0
             exe-1050232 [000] ..... 1634471.262942: sys_ptrace(request: 4204, pid: 1006b9, addr: 202, data: c000641c70)
             exe-1050232 [000] ..... 1634471.262944: sys_ptrace -> 0x0
             exe-1049673 [001] ..... 1634471.262945: sys_nanosleep(rqtp: c000069f10, rmtp: 0)
             exe-1050232 [000] ..... 1634471.262951: sys_pwrite64(fd: 63, buf: 7fd66edbe080, count: 6e, pos: 70)
             exe-1050232 [000] ..... 1634471.262953: tracing_mark_write: futex(uaddr=0x562f7d2d2cc0, op=0x10b, val=0, utime=0x7f778cf00000, uaddr2=0x562f7d2d27c0, val3=0x1d336a0b) end
             exe-1050232 [002] ..... 1634471.341405: tracing_mark_write: futex(uaddr=0x7f778decc000, op=0x7, val=-10, utime=0x7f778db00000, uaddr2=0x7f778dfdd000, val3=-148) start
             exe-1049567 [001] ..... 1634471.341411: sys_nanosleep -> 0x0
             exe-1049567 [001] ..... 1634471.341417: sys_nanosleep(rqtp: c000069f10, rmtp: 0)
             exe-1050232 [002] ..... 1634471.341420: sys_pwrite64 -> 0x6a
             exe-1050232 [002] ..... 1634471.341427: sys_ptrace(request: 4205, pid: 1006b9, addr: 1, data: c000641c70)
             exe-1050232 [002] ..... 1634471.341431: sys_ptrace -> 0x0
             exe-1050232 [002] ..... 1634471.341432: sys_ptrace(request: 4205, pid: 1006b9, addr: 202, data: c000641c70)
             exe-1049673 [001] ..... 1634471.341434: sys_nanosleep -> 0x0
             exe-1049673 [001] ..... 1634471.341440: sys_nanosleep(rqtp: c000069f10, rmtp: 0)
             exe-1050232 [002] ..... 1634471.341442: sys_ptrace -> 0x0
             exe-1050232 [002] ..... 1634471.341443: sys_ptrace(request: 1f, pid: 1006b9, addr: 0, data: 0)
             exe-1050232 [002] ..... 1634471.341454: sys_ptrace -> 0x0
             exe-1050232 [002] ..... 1634471.341457: sys_wait4(upid: 1006b9, stat_addr: c000641bf4, options: 40000002, ru: 0)
             exe-1050297 [003] ..... 1634471.341472: sys_write -> 0x6a
             exe-1050232 [002] ..... 1634471.341489: sys_wait4 -> 0x1006b9
             exe-1050232 [002] ..... 1634471.341491: sys_ptrace(request: 4204, pid: 1006b9, addr: 1, data: c000641c70)
             exe-1050232 [002] ..... 1634471.341494: sys_ptrace -> 0x0
             exe-1050232 [002] ..... 1634471.341495: sys_ptrace(request: 4204, pid: 1006b9, addr: 202, data: c000641c70)
             exe-1050232 [002] ..... 1634471.341497: sys_ptrace -> 0x0
             exe-1050232 [002] ..... 1634471.341550: sys_ptrace(request: 4205, pid: 1006b9, addr: 1, data: c000641c70)
             exe-1050232 [002] ..... 1634471.341553: sys_ptrace -> 0x0
             exe-1050232 [002] ..... 1634471.341561: sys_ptrace(request: 4205, pid: 1006b9, addr: 202, data: c000641c70)
             exe-1050232 [002] ..... 1634471.341569: sys_ptrace -> 0x0
             exe-1049673 [001] ..... 1634471.341571: sys_nanosleep -> 0x0
             exe-1050232 [002] ..... 1634471.341571: sys_ptrace(request: 1f, pid: 1006b9, addr: 0, data: 0)
             exe-1049673 [001] ..... 1634471.341576: sys_nanosleep(rqtp: c000069f10, rmtp: 0)
             exe-1050232 [002] ..... 1634471.341580: sys_ptrace -> 0x0
             exe-1050232 [002] ..... 1634471.341583: sys_wait4(upid: 1006b9, stat_addr: c000641bf4, options: 40000002, ru: 0)
             exe-1050297 [003] ..... 1634471.341600: sys_futex -> 0xffffffffffffffff
             exe-1050232 [002] ..... 1634471.341615: sys_wait4 -> 0x1006b9
             exe-1050232 [002] ..... 1634471.341617: sys_ptrace(request: 4204, pid: 1006b9, addr: 1, data: c000641c70)
             exe-1050232 [002] ..... 1634471.341620: sys_ptrace -> 0x0
             exe-1050232 [002] ..... 1634471.341621: sys_ptrace(request: 4204, pid: 1006b9, addr: 202, data: c000641c70)
             exe-1050232 [002] ..... 1634471.341624: sys_ptrace -> 0x0
             exe-1050232 [002] ..... 1634471.341630: sys_pwrite64(fd: 63, buf: 7fd66edbe080, count: 68, pos: 6a)
             exe-1050232 [002] ..... 1634471.341631: tracing_mark_write: futex(uaddr=0x7f778decc000, op=0x7, val=-10, utime=0x7f778db00000, uaddr2=0x7f778dfdd000, val3=-148) end
             exe-1050232 [002] ..... 1634471.424321: tracing_mark_write: futex(uaddr=0x562f7d2d2ae0, op=0x6, val=0, utime=0x7f778decd000, uaddr2=0x562f7d2d2b80, val3=16) start
             exe-1050232 [002] ..... 1634471.424323: sys_pwrite64 -> 0x66
             exe-1050232 [002] ..... 1634471.424328: sys_ptrace(request: 4205, pid: 1006b9, addr: 1, data: c000641c70)
             exe-1050232 [002] ..... 1634471.424331: sys_ptrace -> 0x0
             exe-1050232 [002] ..... 1634471.424332: sys_ptrace(request: 4205, pid: 1006b9, addr: 202, data: c000641c70)
             exe-1050232 [002] ..... 1634471.424342: sys_ptrace -> 0x0
             exe-1050232 [002] ..... 1634471.424344: sys_ptrace(request: 1f, pid: 1006b9, addr: 0, data: 0)
             exe-1050232 [002] ..... 1634471.424351: sys_ptrace -> 0x0
             exe-1050232 [002] ..... 1634471.424353: sys_wait4(upid: 1006b9, stat_addr: c000641bf4, options: 40000002, ru: 0)
             exe-1050297 [003] ..... 1634471.424357: sys_write -> 0x66
             exe-1049673 [001] ..... 1634471.424363: sys_nanosleep -> 0x0
             exe-1050232 [002] ..... 1634471.424366: sys_wait4 -> 0x1006b9
             exe-1050232 [002] ..... 1634471.424368: sys_ptrace(request: 4204, pid: 1006b9, addr: 1, data: c000641c70)
             exe-1049673 [001] ..... 1634471.424369: sys_nanosleep(rqtp: c000069f10, rmtp: 0)
             exe-1050232 [002] ..... 1634471.424371: sys_ptrace -> 0x0
             exe-1050232 [002] ..... 1634471.424372: sys_ptrace(request: 4204, pid: 1006b9, addr: 202, data: c000641c70)
             exe-1050232 [002] ..... 1634471.424374: sys_ptrace -> 0x0
             exe-1049567 [001] ..... 1634471.424463: sys_nanosleep -> 0x0
             exe-1049567 [001] ..... 1634471.424469: sys_nanosleep(rqtp: c000069f10, rmtp: 0)
             exe-1049673 [001] ..... 1634471.424487: sys_nanosleep -> 0x0
             exe-1049673 [001] ..... 1634471.424493: sys_nanosleep(rqtp: c000069f10, rmtp: 0)
             exe-1049673 [001] ..... 1634471.424585: sys_nanosleep -> 0x0
             exe-1049673 [001] ..... 1634471.424591: sys_nanosleep(rqtp: c000069f10, rmtp: 0)
             exe-1050232 [002] ..... 1634471.424626: sys_futex(uaddr: c0001acd48, op: 81, val: 1, utime: 0, uaddr2: 0, val3: 0)
             exe-1050232 [002] ..... 1634471.424635: sys_futex -> 0x1
             exe-1050232 [002] ..... 1634471.424678: sys_ptrace(request: 4205, pid: 1006b9, addr: 1, data: c000641c70)
             exe-1050232 [002] ..... 1634471.424683: sys_ptrace -> 0x0
             exe-1050232 [002] ..... 1634471.424684: sys_ptrace(request: 4205, pid: 1006b9, addr: 202, data: c000641c70)
             exe-1050232 [002] ..... 1634471.424697: sys_ptrace -> 0x0
             exe-1050232 [002] ..... 1634471.424699: sys_ptrace(request: 1f, pid: 1006b9, addr: 0, data: 0)
             exe-1049896 [001] ..... 1634471.424704: sys_futex -> 0x0
             exe-1050232 [002] ..... 1634471.424712: sys_ptrace -> 0x0
             exe-1050232 [002] ..... 1634471.424714: sys_wait4(upid: 1006b9, stat_addr: c000641bf4, options: 40000002, ru: 0)
             exe-1049896 [001] ..... 1634471.424715: sys_futex(uaddr: c0002d0548, op: 81, val: 1, utime: 0, uaddr2: 0, val3: 0)
             exe-1049896 [001] ..... 1634471.424719: sys_futex -> 0x1
             exe-1049722 [003] ..... 1634471.424737: sys_futex -> 0x0
             exe-1049896 [001] ..... 1634471.424738: sys_futex(uaddr: c0001acd48, op: 80, val: 0, utime: 0, uaddr2: 0, val3: 0)
             exe-1049567 [001] ..... 1634471.424750: sys_nanosleep -> 0x0
             exe-1049722 [003] ..... 1634471.424750: sys_futex(uaddr: c0002d0548, op: 80, val: 0, utime: 0, uaddr2: 0, val3: 0)
             exe-1050297 [003] ..... 1634471.424770: sys_futex -> 0xffffffffffffff92
             exe-1050282 [002] ..... 1634471.424775: sys_epoll_pwait -> 0x0
             exe-1050282 [002] ..... 1634471.424789: sys_epoll_pwait(epfd: 11, events: c000695840, maxevents: 80, timeout: 9, sigmask: 0, sigsetsize: 0)
             exe-1050232 [002] ..... 1634471.424798: sys_wait4 -> 0x1006b9
             exe-1050232 [002] ..... 1634471.424801: sys_ptrace(request: 4204, pid: 1006b9, addr: 1, data: c000641c70)
             exe-1050232 [002] ..... 1634471.424804: sys_ptrace -> 0x0
             exe-1050232 [002] ..... 1634471.424806: sys_ptrace(request: 4204, pid: 1006b9, addr: 202, data: c000641c70)
             exe-1050232 [002] ..... 1634471.424809: sys_ptrace -> 0x0
             exe-1050232 [002] ..... 1634471.424819: sys_pwrite64(fd: 63, buf: 7fd66edbe080, count: 64, pos: 66)
             exe-1049567 [001] ..... 1634471.424820: sys_nanosleep(rqtp: c000069f10, rmtp: 0)
             exe-1050232 [002] ..... 1634471.424821: tracing_mark_write: futex(uaddr=0x562f7d2d2ae0, op=0x6, val=0, utime=0x7f778decd000, uaddr2=0x562f7d2d2b80, val3=16) end
             exe-1050232 [002] ..... 1634471.509056: tracing_mark_write: futex(uaddr=0x562f7d2d2cc0, op=0x7, val=0xf1a6641c644b, utime=0x7f778c000000, uaddr2=0x562f7d2d27c0, val3=0xff2d) start
             exe-1049673 [003] ..... 1634471.509056: sys_futex(uaddr: 1f09dc0, op: 80, val: 0, utime: c000069eb0, uaddr2: 0, val3: 0)
             exe-1050232 [002] ..... 1634471.509058: sys_pwrite64 -> 0x77
             exe-1050232 [002] ..... 1634471.509063: sys_ptrace(request: 4205, pid: 1006b9, addr: 1, data: c000641c70)
             exe-1050232 [002] ..... 1634471.509067: sys_ptrace -> 0x0
             exe-1050232 [002] ..... 1634471.509068: sys_ptrace(request: 4205, pid: 1006b9, addr: 202, data: c000641c70)
             exe-1050232 [002] ..... 1634471.509077: sys_ptrace -> 0x0
             exe-1050232 [002] ..... 1634471.509078: sys_ptrace(request: 1f, pid: 1006b9, addr: 0, data: 0)
             exe-1050232 [002] ..... 1634471.509084: sys_ptrace -> 0x0
             exe-1050232 [002] ..... 1634471.509086: sys_wait4(upid: 1006b9, stat_addr: c000641bf4, options: 40000002, ru: 0)
             exe-1050297 [003] ..... 1634471.509104: sys_write -> 0x77
             exe-1050232 [002] ..... 1634471.509124: sys_wait4 -> 0x1006b9
             exe-1050232 [002] ..... 1634471.509126: sys_ptrace(request: 4204, pid: 1006b9, addr: 1, data: c000641c70)
             exe-1050232 [002] ..... 1634471.509129: sys_ptrace -> 0x0
             exe-1050232 [002] ..... 1634471.509130: sys_ptrace(request: 4204, pid: 1006b9, addr: 202, data: c000641c70)
             exe-1050232 [002] ..... 1634471.509132: sys_ptrace -> 0x0
             exe-1050232 [002] ..... 1634471.509142: sys_ptrace(request: 4205, pid: 1006b9, addr: 1, data: c000641c70)
             exe-1050232 [002] ..... 1634471.509144: sys_ptrace -> 0x0
             exe-1050232 [002] ..... 1634471.509145: sys_ptrace(request: 4205, pid: 1006b9, addr: 202, data: c000641c70)
             exe-1050232 [002] ..... 1634471.509151: sys_ptrace -> 0x0
             exe-1050232 [002] ..... 1634471.509153: sys_ptrace(request: 1f, pid: 1006b9, addr: 0, data: 0)
             exe-1050232 [002] ..... 1634471.509158: sys_ptrace -> 0x0
             exe-1050232 [002] ..... 1634471.509160: sys_wait4(upid: 1006b9, stat_addr: c000641bf4, options: 40000002, ru: 0)
             exe-1050297 [003] ..... 1634471.509172: sys_futex -> 0xffffffffffffffff
             exe-1050232 [002] ..... 1634471.509186: sys_wait4 -> 0x1006b9
             exe-1050232 [002] ..... 1634471.509188: sys_ptrace(request: 4204, pid: 1006b9, addr: 1, data: c000641c70)
             exe-1050232 [002] ..... 1634471.509190: sys_ptrace -> 0x0
             exe-1050232 [002] ..... 1634471.509191: sys_ptrace(request: 4204, pid: 1006b9, addr: 202, data: c000641c70)
             exe-1050232 [002] ..... 1634471.509193: sys_ptrace -> 0x0
             exe-1050232 [002] ..... 1634471.509198: sys_pwrite64(fd: 63, buf: 7fd66edbe080, count: 75, pos: 77)
             exe-1050232 [002] ..... 1634471.509208: tracing_mark_write: futex(uaddr=0x562f7d2d2cc0, op=0x7, val=0xf1a6641c644b, utime=0x7f778c000000, uaddr2=0x562f7d2d27c0, val3=0xff2d) end
             exe-1050232 [002] ..... 1634471.572801: tracing_mark_write: futex(uaddr=0x7f778c000000, op=0x7, val=0xffff, utime=0x7f778decf000, uaddr2=0x7f778c200000, val3=139) start
             exe-1050232 [002] ..... 1634471.572803: sys_pwrite64 -> 0x6c
             exe-1050232 [002] ..... 1634471.572807: sys_ptrace(request: 4205, pid: 1006b9, addr: 1, data: c000641c70)
             exe-1050232 [002] ..... 1634471.572809: sys_ptrace -> 0x0
             exe-1050232 [002] ..... 1634471.572810: sys_ptrace(request: 4205, pid: 1006b9, addr: 202, data: c000641c70)
             exe-1050232 [002] ..... 1634471.572842: sys_ptrace -> 0x0
             exe-1050232 [002] ..... 1634471.572844: sys_ptrace(request: 1f, pid: 1006b9, addr: 0, data: 0)
             exe-1050232 [002] ..... 1634471.572849: sys_ptrace -> 0x0
             exe-1050232 [002] ..... 1634471.572851: sys_wait4(upid: 1006b9, stat_addr: c000641bf4, options: 40000002, ru: 0)
             exe-1050297 [003] ..... 1634471.572878: sys_write -> 0x6c
             exe-1050232 [002] ..... 1634471.572898: sys_wait4 -> 0x1006b9
             exe-1050232 [002] ..... 1634471.572900: sys_ptrace(request: 4204, pid: 1006b9, addr: 1, data: c000641c70)
             exe-1049673 [003] ..... 1634471.572901: sys_nanosleep -> 0x0
             exe-1050232 [002] ..... 1634471.572902: sys_ptrace -> 0x0
             exe-1050232 [002] ..... 1634471.572903: sys_ptrace(request: 4204, pid: 1006b9, addr: 202, data: c000641c70)
             exe-1050232 [002] ..... 1634471.572905: sys_ptrace -> 0x0
             exe-1049673 [003] ..... 1634471.572906: sys_nanosleep(rqtp: c000069f10, rmtp: 0)
             exe-1050232 [002] ..... 1634471.572935: sys_ptrace(request: 4205, pid: 1006b9, addr: 1, data: c000641c70)
             exe-1050232 [002] ..... 1634471.572937: sys_ptrace -> 0x0
             exe-1050232 [002] ..... 1634471.572938: sys_ptrace(request: 4205, pid: 1006b9, addr: 202, data: c000641c70)
             exe-1050232 [002] ..... 1634471.572946: sys_ptrace -> 0x0
             exe-1050232 [002] ..... 1634471.572947: sys_ptrace(request: 1f, pid: 1006b9, addr: 0, data: 0)
             exe-1050232 [002] ..... 1634471.572952: sys_ptrace -> 0x0
             exe-1050232 [002] ..... 1634471.572954: sys_wait4(upid: 1006b9, stat_addr: c000641bf4, options: 40000002, ru: 0)
             exe-1050297 [003] ..... 1634471.572967: sys_futex -> 0xffffffffffffffff
             exe-1050232 [002] ..... 1634471.572986: sys_wait4 -> 0x1006b9
             exe-1050232 [002] ..... 1634471.572988: sys_ptrace(request: 4204, pid: 1006b9, addr: 1, data: c000641c70)
             exe-1049673 [003] ..... 1634471.573007: sys_nanosleep -> 0x0
             exe-1050232 [002] ..... 1634471.573008: sys_ptrace -> 0x0
             exe-1050232 [002] ..... 1634471.573009: sys_ptrace(request: 4204, pid: 1006b9, addr: 202, data: c000641c70)
             exe-1050232 [002] ..... 1634471.573011: sys_ptrace -> 0x0
             exe-1049673 [003] ..... 1634471.573012: sys_nanosleep(rqtp: c000069f10, rmtp: 0)
             exe-1050232 [002] ..... 1634471.573017: sys_pwrite64(fd: 63, buf: 7fd66edbe080, count: 6a, pos: 6c)
             exe-1050232 [002] ..... 1634471.573019: tracing_mark_write: futex(uaddr=0x7f778c000000, op=0x7, val=0xffff, utime=0x7f778decf000, uaddr2=0x7f778c200000, val3=139) end
             exe-1050232 [002] ..... 1634471.643696: tracing_mark_write: futex(uaddr=0x7f778decc000, op=0x7, val=0x5000, utime=0x4, uaddr2=0x7f778decc000, val3=8192) start
             exe-1050232 [002] ..... 1634471.643698: sys_pwrite64 -> 0x62
             exe-1050232 [002] ..... 1634471.643701: sys_ptrace(request: 4205, pid: 1006b9, addr: 1, data: c000641c70)
             exe-1050232 [002] ..... 1634471.643704: sys_ptrace -> 0x0
             exe-1050232 [002] ..... 1634471.643705: sys_ptrace(request: 4205, pid: 1006b9, addr: 202, data: c000641c70)
             exe-1050232 [002] ..... 1634471.643711: sys_ptrace -> 0x0
             exe-1050232 [002] ..... 1634471.643712: sys_ptrace(request: 1f, pid: 1006b9, addr: 0, data: 0)
             exe-1050232 [002] ..... 1634471.643717: sys_ptrace -> 0x0
             exe-1050232 [002] ..... 1634471.643719: sys_wait4(upid: 1006b9, stat_addr: c000641bf4, options: 40000002, ru: 0)
             exe-1050297 [003] ..... 1634471.643734: sys_write -> 0x62
             exe-1050232 [002] ..... 1634471.643753: sys_wait4 -> 0x1006b9
             exe-1050232 [002] ..... 1634471.643754: sys_ptrace(request: 4204, pid: 1006b9, addr: 1, data: c000641c70)
             exe-1050232 [002] ..... 1634471.643756: sys_ptrace -> 0x0
             exe-1050232 [002] ..... 1634471.643757: sys_ptrace(request: 4204, pid: 1006b9, addr: 202, data: c000641c70)
             exe-1050232 [002] ..... 1634471.643759: sys_ptrace -> 0x0
             exe-1050232 [002] ..... 1634471.643769: sys_ptrace(request: 4205, pid: 1006b9, addr: 1, data: c000641c70)
             exe-1050232 [002] ..... 1634471.643771: sys_ptrace -> 0x0
             exe-1050232 [002] ..... 1634471.643772: sys_ptrace(request: 4205, pid: 1006b9, addr: 202, data: c000641c70)
             exe-1050232 [002] ..... 1634471.643778: sys_ptrace -> 0x0
             exe-1050232 [002] ..... 1634471.643779: sys_ptrace(request: 1f, pid: 1006b9, addr: 0, data: 0)
             exe-1049673 [003] ..... 1634471.643788: sys_nanosleep -> 0x0
             exe-1050232 [002] ..... 1634471.643791: sys_ptrace -> 0x0
             exe-1050232 [002] ..... 1634471.643793: sys_wait4(upid: 1006b9, stat_addr: c000641bf4, options: 40000002, ru: 0)
             exe-1049673 [003] ..... 1634471.643803: sys_nanosleep(rqtp: c000069f10, rmtp: 0)
             exe-1050297 [003] ..... 1634471.643825: sys_futex -> 0xffffffffffffffff
             exe-1050232 [002] ..... 1634471.643844: sys_wait4 -> 0x1006b9
             exe-1050232 [002] ..... 1634471.643846: sys_ptrace(request: 4204, pid: 1006b9, addr: 1, data: c000641c70)
             exe-1050232 [002] ..... 1634471.643847: sys_ptrace -> 0x0
             exe-1050232 [002] ..... 1634471.643848: sys_ptrace(request: 4204, pid: 1006b9, addr: 202, data: c000641c70)
             exe-1050232 [002] ..... 1634471.643850: sys_ptrace -> 0x0
             exe-1050232 [002] ..... 1634471.643855: sys_pwrite64(fd: 63, buf: 7fd66edbe080, count: 60, pos: 62)
             exe-1050232 [002] ..... 1634471.643856: tracing_mark_write: futex(uaddr=0x7f778decc000, op=0x7, val=0x5000, utime=0x4, uaddr2=0x7f778decc000, val3=8192) end
             exe-1050232 [002] ..... 1634471.698692: tracing_mark_write: futex(uaddr=0x562f7d2d2ae0, op=0x6, val=0xfffffffa, utime=0x7f778dece000, uaddr2=0x562f7d2d2900, val3=0xd6cedae4d1c765a6) start
             exe-1050232 [002] ..... 1634471.698694: sys_pwrite64 -> 0x7f
             exe-1049567 [000] ..... 1634471.698696: sys_nanosleep -> 0x0
             exe-1049567 [000] ..... 1634471.698699: sys_nanosleep(rqtp: c000069f10, rmtp: 0)
             exe-1050232 [002] ..... 1634471.698699: sys_ptrace(request: 4205, pid: 1006b9, addr: 1, data: c000641c70)
             exe-1050232 [002] ..... 1634471.698702: sys_ptrace -> 0x0
             exe-1050232 [002] ..... 1634471.698703: sys_ptrace(request: 4205, pid: 1006b9, addr: 202, data: c000641c70)
             exe-1050232 [002] ..... 1634471.698712: sys_ptrace -> 0x0
             exe-1050232 [002] ..... 1634471.698714: sys_ptrace(request: 1f, pid: 1006b9, addr: 0, data: 0)
             exe-1050232 [002] .N... 1634471.698720: sys_ptrace -> 0x0
             exe-1050297 [002] ..... 1634471.698730: sys_write -> 0x7f
             exe-1050232 [002] ..... 1634471.698747: sys_wait4(upid: 1006b9, stat_addr: c000641bf4, options: 40000002, ru: 0)
             exe-1050232 [002] ..... 1634471.698749: sys_wait4 -> 0x1006b9
             exe-1050232 [002] ..... 1634471.698751: sys_ptrace(request: 4204, pid: 1006b9, addr: 1, data: c000641c70)
             exe-1049673 [003] ..... 1634471.698753: sys_nanosleep -> 0x0
             exe-1050232 [002] ..... 1634471.698754: sys_ptrace -> 0x0
             exe-1049673 [003] ..... 1634471.698755: sys_nanosleep(rqtp: c000069f10, rmtp: 0)
             exe-1050232 [002] ..... 1634471.698755: sys_ptrace(request: 4204, pid: 1006b9, addr: 202, data: c000641c70)
             exe-1050232 [002] ..... 1634471.698758: sys_ptrace -> 0x0
             exe-1049567 [000] ..... 1634471.698783: sys_nanosleep -> 0x0
             exe-1049567 [000] ..... 1634471.698786: sys_nanosleep(rqtp: c000069f10, rmtp: 0)
             exe-1050282 [002] ..... 1634471.698825: sys_epoll_pwait -> 0x0
             exe-1050282 [002] ..... 1634471.698835: sys_epoll_pwait(epfd: 11, events: c000695840, maxevents: 80, timeout: 1, sigmask: 0, sigsetsize: 0)
             exe-1049673 [003] ..... 1634471.698837: sys_nanosleep -> 0x0
             exe-1049673 [003] ..... 1634471.698839: sys_nanosleep(rqtp: c000069f10, rmtp: 0)
             exe-1049567 [000] ..... 1634471.698870: sys_nanosleep -> 0x0
             exe-1049567 [000] ..... 1634471.698872: sys_nanosleep(rqtp: c000069f10, rmtp: 0)
             exe-1049673 [003] ..... 1634471.698922: sys_nanosleep -> 0x0
             exe-1049673 [003] ..... 1634471.698924: sys_nanosleep(rqtp: c000069f10, rmtp: 0)
             exe-1050232 [002] ..... 1634471.698925: sys_write(fd: 15, buf: c000641613, count: 1)
             exe-1050232 [002] .N... 1634471.698936: sys_write -> 0x1
             exe-1050282 [002] ..... 1634471.698947: sys_epoll_pwait -> 0x1
             exe-1050282 [002] ..... 1634471.698949: sys_read(fd: 12, buf: c000695830, count: 10)
             exe-1050282 [002] ..... 1634471.698951: sys_read -> 0x1
             exe-1049567 [000] ..... 1634471.698957: sys_nanosleep -> 0x0
             exe-1049567 [000] ..... 1634471.698959: sys_nanosleep(rqtp: c000069f10, rmtp: 0)
             exe-1050282 [002] ..... 1634471.698960: sys_epoll_pwait(epfd: 11, events: c000695840, maxevents: 80, timeout: 1, sigmask: 0, sigsetsize: 0)
             exe-1050232 [002] ..... 1634471.698985: sys_futex(uaddr: c0002d0548, op: 81, val: 1, utime: 0, uaddr2: 0, val3: 0)
             exe-1050232 [002] ..... 1634471.698992: sys_futex -> 0x1
             exe-1050232 [002] ..... 1634471.699011: sys_ptrace(request: 4205, pid: 1006b9, addr: 1, data: c000641c70)
             exe-1050232 [002] ..... 1634471.699015: sys_ptrace -> 0x0
             exe-1050232 [002] ..... 1634471.699016: sys_ptrace(request: 4205, pid: 1006b9, addr: 202, data: c000641c70)
             exe-1049722 [003] ..... 1634471.699016: sys_futex -> 0x0
             exe-1049722 [003] ..... 1634471.699025: sys_nanosleep(rqtp: c000409d60, rmtp: 0)
             exe-1050232 [002] ..... 1634471.699029: sys_ptrace -> 0x0
             exe-1050232 [002] ..... 1634471.699031: sys_ptrace(request: 1f, pid: 1006b9, addr: 0, data: 0)
             exe-1050232 [002] .N... 1634471.699036: sys_ptrace -> 0x0
             exe-1049567 [000] ..... 1634471.699043: sys_nanosleep -> 0x0
             exe-1050297 [002] ..... 1634471.699045: sys_futex -> 0xffffffffffffff92
             exe-1049567 [000] ..... 1634471.699046: sys_nanosleep(rqtp: c000069f10, rmtp: 0)
             exe-1049673 [003] ..... 1634471.699046: sys_nanosleep -> 0x0
             exe-1049673 [003] ..... 1634471.699051: sys_nanosleep(rqtp: c000069f10, rmtp: 0)
             exe-1050232 [002] ..... 1634471.699066: sys_wait4(upid: 1006b9, stat_addr: c000641bf4, options: 40000002, ru: 0)
             exe-1050232 [002] ..... 1634471.699068: sys_wait4 -> 0x1006b9
             exe-1050232 [002] ..... 1634471.699071: sys_ptrace(request: 4204, pid: 1006b9, addr: 1, data: c000641c70)
             exe-1050232 [002] ..... 1634471.699074: sys_ptrace -> 0x0
             exe-1050232 [002] ..... 1634471.699076: sys_ptrace(request: 4204, pid: 1006b9, addr: 202, data: c000641c70)
             exe-1050232 [002] ..... 1634471.699078: sys_ptrace -> 0x0
             exe-1050232 [002] ..... 1634471.699088: sys_pwrite64(fd: 63, buf: 7fd66edbe080, count: 7d, pos: 7f)
             exe-1050232 [002] ..... 1634471.699090: tracing_mark_write: futex(uaddr=0x562f7d2d2ae0, op=0x6, val=0xfffffffa, utime=0x7f778dece000, uaddr2=0x562f7d2d2900, val3=0xd6cedae4d1c765a6) end
             exe-1050232 [002] ..... 1634471.759438: tracing_mark_write: futex(uaddr=0x7f778decc000, op=0x7, val=-10, utime=0x0, uaddr2=0x7f778decc000, val3=0x565157357ea7986a) start
             exe-1050232 [002] ..... 1634471.759440: sys_pwrite64 -> 0x6d
             exe-1050232 [002] ..... 1634471.759446: sys_ptrace(request: 4205, pid: 1006b9, addr: 1, data: c000641c70)
             exe-1050232 [002] ..... 1634471.759449: sys_ptrace -> 0x0
             exe-1050232 [002] ..... 1634471.759450: sys_ptrace(request: 4205, pid: 1006b9, addr: 202, data: c000641c70)
             exe-1050232 [002] ..... 1634471.759461: sys_ptrace -> 0x0
             exe-1050232 [002] ..... 1634471.759463: sys_ptrace(request: 1f, pid: 1006b9, addr: 0, data: 0)
             exe-1050232 [002] .N... 1634471.759470: sys_ptrace -> 0x0
             exe-1050297 [002] ..... 1634471.759481: sys_write -> 0x6d
             exe-1050232 [002] ..... 1634471.759499: sys_wait4(upid: 1006b9, stat_addr: c000641bf4, options: 40000002, ru: 0)
             exe-1050232 [002] ..... 1634471.759502: sys_wait4 -> 0x1006b9
             exe-1050232 [002] ..... 1634471.759505: sys_ptrace(request: 4204, pid: 1006b9, addr: 1, data: c000641c70)
             exe-1050232 [002] ..... 1634471.759508: sys_ptrace -> 0x0
             exe-1050232 [002] ..... 1634471.759509: sys_ptrace(request: 4204, pid: 1006b9, addr: 202, data: c000641c70)
             exe-1049567 [000] ..... 1634471.759511: sys_nanosleep -> 0x0
             exe-1050232 [002] ..... 1634471.759512: sys_ptrace -> 0x0
             exe-1049567 [000] ..... 1634471.759513: sys_nanosleep(rqtp: c000069f10, rmtp: 0)
             exe-1049673 [000] ..... 1634471.759522: sys_nanosleep -> 0x0
             exe-1049673 [000] ..... 1634471.759525: sys_nanosleep(rqtp: c000069f10, rmtp: 0)
             exe-1050232 [002] ..... 1634471.759529: sys_ptrace(request: 4205, pid: 1006b9, addr: 1, data: c000641c70)
             exe-1050232 [002] ..... 1634471.759531: sys_ptrace -> 0x0
             exe-1050232 [002] ..... 1634471.759533: sys_ptrace(request: 4205, pid: 1006b9, addr: 202, data: c000641c70)
             exe-1050232 [002] ..... 1634471.759544: sys_ptrace -> 0x0
             exe-1050232 [002] ..... 1634471.759546: sys_ptrace(request: 1f, pid: 1006b9, addr: 0, data: 0)
             exe-1050232 [002] .N... 1634471.759553: sys_ptrace -> 0x0
             exe-1050297 [002] ..... 1634471.759563: sys_futex -> 0xffffffffffffffff
             exe-1050232 [002] ..... 1634471.759581: sys_wait4(upid: 1006b9, stat_addr: c000641bf4, options: 40000002, ru: 0)
             exe-1050232 [002] ..... 1634471.759584: sys_wait4 -> 0x1006b9
             exe-1050232 [002] ..... 1634471.759587: sys_ptrace(request: 4204, pid: 1006b9, addr: 1, data: c000641c70)
             exe-1050232 [002] ..... 1634471.759590: sys_ptrace -> 0x0
             exe-1050232 [002] ..... 1634471.759592: sys_ptrace(request: 4204, pid: 1006b9, addr: 202, data: c000641c70)
             exe-1050232 [002] ..... 1634471.759594: sys_ptrace -> 0x0
             exe-1050232 [002] ..... 1634471.759604: sys_pwrite64(fd: 63, buf: 7fd66edbe080, count: 6b, pos: 6d)
             exe-1050232 [002] ..... 1634471.759606: tracing_mark_write: futex(uaddr=0x7f778decc000, op=0x7, val=-10, utime=0x0, uaddr2=0x7f778decc000, val3=0x565157357ea7986a) end
             exe-1050232 [002] ..... 1634471.823168: tracing_mark_write: futex(uaddr=0x7f778dfde000, op=0x7, val=0xffff, utime=0x1, uaddr2=0x7f778c000000, val3=0x1261b940841054) start
             exe-1050232 [002] ..... 1634471.823170: sys_pwrite64 -> 0x6e
