             exe-1050008 [001] ..... 1634663.950024: sys_ptrace -> 0x0
             exe-1050008 [001] ..... 1634663.950026: sys_ptrace(request: 4202, pid: 1007f8, addr: 0, data: c000383ae0)
             exe-1049981 [002] ..... 1634663.950026: sys_ptrace -> 0x0
             exe-1050008 [001] ..... 1634663.950027: sys_ptrace -> 0x0
             exe-1049981 [002] ..... 1634663.950028: sys_ptrace(request: 4204, pid: 1005aa, addr: 202, data: c000a29c70)
             exe-1049981 [002] ..... 1634663.950030: sys_ptrace -> 0x0
             exe-1049981 [002] ..... 1634663.950041: sys_pwrite64(fd: 63, buf: 7fd66edc7080, count: 30, pos: 32)
             exe-1049981 [002] ..... 1634663.950043: tracing_mark_write: getrlimit(resource=0x8, rlim=0x7f6691ce4000) end
             exe-1049981 [002] ..... 1634664.021257: tracing_mark_write: getrlimit(resource=0xc, rlim=0x8) start
             exe-1049981 [002] ..... 1634664.021258: sys_pwrite64 -> 0x27
             exe-1049567 [000] ..... 1634664.021261: sys_nanosleep -> 0x0
             exe-1049567 [000] ..... 1634664.021265: sys_nanosleep(rqtp: c000069f10, rmtp: 0)
             exe-1049981 [002] .N... 1634664.021293: sys_ptrace(request: 4205, pid: 1005aa, addr: 1, data: c000a29c70)
             exe-1049981 [002] .N... 1634664.021296: sys_ptrace -> 0x0
             exe-1049981 [002] ..... 1634664.021342: sys_ptrace(request: 4205, pid: 1005aa, addr: 202, data: c000a29c70)
             exe-1049673 [000] ..... 1634664.021342: sys_nanosleep -> 0x0
             exe-1049673 [000] ..... 1634664.021347: sys_nanosleep(rqtp: c000069f10, rmtp: 0)
             exe-1049567 [000] ..... 1634664.021371: sys_nanosleep -> 0x0
             exe-1049567 [000] ..... 1634664.021376: sys_nanosleep(rqtp: c000069f10, rmtp: 0)
             exe-1049981 [002] ..... 1634664.021380: sys_ptrace -> 0x0
             exe-1049981 [002] ..... 1634664.021383: sys_ptrace(request: 1f, pid: 1005aa, addr: 0, data: 0)
             exe-1049981 [002] .N... 1634664.021424: sys_ptrace -> 0x0
             exe-1049673 [000] ..... 1634664.021450: sys_nanosleep -> 0x0
             exe-1049673 [000] ..... 1634664.021456: sys_nanosleep(rqtp: c000069f10, rmtp: 0)
             exe-1050026 [002] ..... 1634664.021469: sys_write -> 0x27
             exe-1049567 [000] ..... 1634664.021478: sys_nanosleep -> 0x0
             exe-1049567 [000] ..... 1634664.021483: sys_nanosleep(rqtp: c000069f10, rmtp: 0)
             exe-1049981 [002] ..... 1634664.021497: sys_wait4(upid: 1005aa, stat_addr: c000a29bf4, options: 40000002, ru: 0)
             exe-1049981 [002] ..... 1634664.021500: sys_wait4 -> 0x1005aa
             exe-1049981 [002] ..... 1634664.021503: sys_ptrace(request: 4204, pid: 1005aa, addr: 1, data: c000a29c70)
             exe-1049981 [002] ..... 1634664.021508: sys_ptrace -> 0x0
             exe-1049981 [002] ..... 1634664.021510: sys_ptrace(request: 4204, pid: 1005aa, addr: 202, data: c000a29c70)
             exe-1049981 [002] ..... 1634664.021513: sys_ptrace -> 0x0
             exe-1049673 [000] ..... 1634664.021559: sys_nanosleep -> 0x0
             exe-1049673 [000] ..... 1634664.021564: sys_nanosleep(rqtp: c000069f10, rmtp: 0)
             exe-1049567 [000] ..... 1634664.021587: sys_nanosleep -> 0x0
             exe-1049567 [000] ..... 1634664.021592: sys_nanosleep(rqtp: c000069f10, rmtp: 0)
             exe-1049981 [002] ..... 1634664.021597: sys_ptrace(request: 4205, pid: 1005aa, addr: 1, data: c000a29c70)
             exe-1049981 [002] ..... 1634664.021602: sys_ptrace -> 0x0
             exe-1049981 [002] ..... 1634664.021604: sys_ptrace(request: 4205, pid: 1005aa, addr: 202, data: c000a29c70)
             exe-1049981 [002] ..... 1634664.021622: sys_ptrace -> 0x0
             exe-1049981 [002] ..... 1634664.021624: sys_ptrace(request: 1f, pid: 1005aa, addr: 0, data: 0)
             exe-1049981 [002] .N... 1634664.021631: sys_ptrace -> 0x0
             exe-1050026 [002] ..... 1634664.021644: sys_getrlimit -> 0xfffffffffffffff2
             exe-1049673 [000] ..... 1634664.021668: sys_nanosleep -> 0x0
             exe-1049981 [002] ..... 1634664.021669: sys_wait4(upid: 1005aa, stat_addr: c000a29bf4, options: 40000002, ru: 0)
             exe-1049981 [002] ..... 1634664.021671: sys_wait4 -> 0x1005aa
             exe-1049673 [000] ..... 1634664.021673: sys_nanosleep(rqtp: c000069f10, rmtp: 0)
             exe-1049981 [002] ..... 1634664.021674: sys_ptrace(request: 4204, pid: 1005aa, addr: 1, data: c000a29c70)
             exe-1049981 [002] ..... 1634664.021678: sys_ptrace -> 0x0
             exe-1049981 [002] ..... 1634664.021679: sys_ptrace(request: 4204, pid: 1005aa, addr: 202, data: c000a29c70)
             exe-1049981 [002] ..... 1634664.021682: sys_ptrace -> 0x0
             exe-1049567 [000] ..... 1634664.021695: sys_nanosleep -> 0x0
             exe-1049981 [002] ..... 1634664.021695: sys_pwrite64(fd: 63, buf: 7fd66edc7080, count: 25, pos: 27)
             exe-1049981 [002] ..... 1634664.021699: tracing_mark_write: getrlimit(resource=0xc, rlim=0x8) end
             exe-1049981 [002] ..... 1634664.096998: tracing_mark_write: getrlimit(resource=0xc, rlim=0x4) start
             exe-1049981 [002] ..... 1634664.096999: sys_pwrite64 -> 0x27
             exe-1049567 [000] ..... 1634664.097002: sys_nanosleep -> 0x0
             exe-1049567 [000] ..... 1634664.097005: sys_nanosleep(rqtp: c000069f10, rmtp: 0)
             exe-1049981 [002] ..... 1634664.097006: sys_ptrace(request: 4205, pid: 1005aa, addr: 1, data: c000a29c70)
             exe-1049981 [002] ..... 1634664.097009: sys_ptrace -> 0x0
             exe-1049981 [002] ..... 1634664.097010: sys_ptrace(request: 4205, pid: 1005aa, addr: 202, data: c000a29c70)
             exe-1049981 [002] ..... 1634664.097021: sys_ptrace -> 0x0
             exe-1049981 [002] ..... 1634664.097023: sys_ptrace(request: 1f, pid: 1005aa, addr: 0, data: 0)
             exe-1049981 [002] .N... 1634664.097030: sys_ptrace -> 0x0
             exe-1049673 [001] ..... 1634664.097037: sys_nanosleep -> 0x0
             exe-1049673 [001] ..... 1634664.097040: sys_nanosleep(rqtp: c000069f10, rmtp: 0)
             exe-1050026 [002] ..... 1634664.097041: sys_write -> 0x27
             exe-1049981 [002] ..... 1634664.097061: sys_wait4(upid: 1005aa, stat_addr: c000a29bf4, options: 40000002, ru: 0)
             exe-1049981 [002] ..... 1634664.097064: sys_wait4 -> 0x1005aa
             exe-1049981 [002] ..... 1634664.097066: sys_ptrace(request: 4204, pid: 1005aa, addr: 1, data: c000a29c70)
             exe-1049981 [002] ..... 1634664.097070: sys_ptrace -> 0x0
             exe-1049981 [002] ..... 1634664.097071: sys_ptrace(request: 4204, pid: 1005aa, addr: 202, data: c000a29c70)
             exe-1049981 [002] ..... 1634664.097074: sys_ptrace -> 0x0
             exe-1049981 [002] ..... 1634664.097085: sys_ptrace(request: 4205, pid: 1005aa, addr: 1, data: c000a29c70)
             exe-1049981 [002] ..... 1634664.097087: sys_ptrace -> 0x0
             exe-1049981 [002] ..... 1634664.097089: sys_ptrace(request: 4205, pid: 1005aa, addr: 202, data: c000a29c70)
             exe-1049567 [000] ..... 1634664.097098: sys_nanosleep -> 0x0
             exe-1049981 [002] ..... 1634664.097098: sys_ptrace -> 0x0
             exe-1049981 [002] ..... 1634664.097100: sys_ptrace(request: 1f, pid: 1005aa, addr: 0, data: 0)
             exe-1049981 [002] .N... 1634664.097107: sys_ptrace -> 0x0
             exe-1049567 [000] ..... 1634664.097108: sys_nanosleep(rqtp: c000069f10, rmtp: 0)
             exe-1050026 [002] ..... 1634664.097118: sys_getrlimit -> 0xfffffffffffffff2
             exe-1049673 [001] ..... 1634664.097125: sys_nanosleep -> 0x0
             exe-1049673 [001] ..... 1634664.097127: sys_nanosleep(rqtp: c000069f10, rmtp: 0)
             exe-1049981 [002] ..... 1634664.097137: sys_wait4(upid: 1005aa, stat_addr: c000a29bf4, options: 40000002, ru: 0)
             exe-1049981 [002] ..... 1634664.097140: sys_wait4 -> 0x1005aa
             exe-1049981 [002] ..... 1634664.097142: sys_ptrace(request: 4204, pid: 1005aa, addr: 1, data: c000a29c70)
             exe-1049981 [002] ..... 1634664.097146: sys_ptrace -> 0x0
             exe-1049981 [002] ..... 1634664.097147: sys_ptrace(request: 4204, pid: 1005aa, addr: 202, data: c000a29c70)
             exe-1049981 [002] ..... 1634664.097149: sys_ptrace -> 0x0
             exe-1049981 [002] ..... 1634664.097159: sys_pwrite64(fd: 63, buf: 7fd66edc7080, count: 25, pos: 27)
             exe-1049981 [002] ..... 1634664.097161: tracing_mark_write: getrlimit(resource=0xc, rlim=0x4) end
             exe-1049981 [002] ..... 1634664.180137: tracing_mark_write: getrlimit(resource=0xc, rlim=0x7f6691df4000) start
             exe-1049981 [002] ..... 1634664.180139: sys_pwrite64 -> 0x32
             exe-1049981 [002] ..... 1634664.180146: sys_ptrace(request: 4205, pid: 1005aa, addr: 1, data: c000a29c70)
             exe-1049981 [002] ..... 1634664.180149: sys_ptrace -> 0x0
             exe-1049981 [002] ..... 1634664.180150: sys_ptrace(request: 4205, pid: 1005aa, addr: 202, data: c000a29c70)
             exe-1049673 [001] ..... 1634664.180180: sys_nanosleep -> 0x0
             exe-1049673 [001] ..... 1634664.180182: sys_nanosleep(rqtp: c000069f10, rmtp: 0)
             exe-1049981 [002] ..... 1634664.180232: sys_ptrace -> 0x0
             exe-1049981 [002] ..... 1634664.180237: sys_ptrace(request: 1f, pid: 1005aa, addr: 0, data: 0)
             exe-1049981 [002] ..... 1634664.180252: sys_ptrace -> 0x0
             exe-1049981 [002] ..... 1634664.180256: sys_wait4(upid: 1005aa, stat_addr: c000a29bf4, options: 40000002, ru: 0)
             exe-1049673 [001] ..... 1634664.180270: sys_nanosleep -> 0x0
             exe-1049673 [001] ..... 1634664.180272: sys_nanosleep(rqtp: c000069f10, rmtp: 0)
             exe-1050026 [003] ..... 1634664.180277: sys_write -> 0x32
             exe-1049981 [002] ..... 1634664.180352: sys_wait4 -> 0x1005aa
             exe-1049981 [002] ..... 1634664.180358: sys_ptrace(request: 4204, pid: 1005aa, addr: 1, data: c000a29c70)
             exe-1049673 [001] ..... 1634664.180359: sys_nanosleep -> 0x0
             exe-1049673 [001] ..... 1634664.180361: sys_nanosleep(rqtp: c000069f10, rmtp: 0)
             exe-1049981 [002] ..... 1634664.180363: sys_ptrace -> 0x0
             exe-1049981 [002] ..... 1634664.180364: sys_ptrace(request: 4204, pid: 1005aa, addr: 202, data: c000a29c70)
             exe-1049981 [002] ..... 1634664.180367: sys_ptrace -> 0x0
             exe-1049673 [001] ..... 1634664.180449: sys_nanosleep -> 0x0
             exe-1049673 [001] ..... 1634664.180451: sys_nanosleep(rqtp: c000069f10, rmtp: 0)
             exe-1049981 [002] ..... 1634664.180458: sys_ptrace(request: 4205, pid: 1005aa, addr: 1, data: c000a29c70)
             exe-1049981 [002] .N... 1634664.180488: sys_ptrace -> 0x0
             exe-1049981 [002] ..... 1634664.180534: sys_ptrace(request: 4205, pid: 1005aa, addr: 202, data: c000a29c70)
             exe-1049673 [001] ..... 1634664.180539: sys_nanosleep -> 0x0
             exe-1049673 [001] ..... 1634664.180541: sys_nanosleep(rqtp: c000069f10, rmtp: 0)
             exe-1049981 [002] ..... 1634664.180549: sys_ptrace -> 0x0
             exe-1049981 [002] ..... 1634664.180552: sys_ptrace(request: 1f, pid: 1005aa, addr: 0, data: 0)
             exe-1049981 [002] ..... 1634664.180566: sys_ptrace -> 0x0
             exe-1049981 [002] ..... 1634664.180569: sys_wait4(upid: 1005aa, stat_addr: c000a29bf4, options: 40000002, ru: 0)
             exe-1049673 [001] ..... 1634664.180628: sys_nanosleep -> 0x0
             exe-1049673 [001] ..... 1634664.180630: sys_nanosleep(rqtp: c000069f10, rmtp: 0)
             exe-1050026 [003] ..... 1634664.180646: sys_getrlimit -> 0x0
             exe-1049981 [002] ..... 1634664.180671: sys_wait4 -> 0x1005aa
             exe-1049981 [002] ..... 1634664.180674: sys_ptrace(request: 4204, pid: 1005aa, addr: 1, data: c000a29c70)
             exe-1049981 [002] ..... 1634664.180677: sys_ptrace -> 0x0
             exe-1049981 [002] ..... 1634664.180680: sys_ptrace(request: 4204, pid: 1005aa, addr: 202, data: c000a29c70)
             exe-1049981 [002] ..... 1634664.180682: sys_ptrace -> 0x0
             exe-1049981 [002] ..... 1634664.180697: sys_pwrite64(fd: 63, buf: 7fd66edc7080, count: 30, pos: 32)
             exe-1049981 [002] ..... 1634664.180699: tracing_mark_write: getrlimit(resource=0xc, rlim=0x7f6691df4000) end
             exe-1049981 [002] ..... 1634664.258311: tracing_mark_write: getrlimit(resource=0xd, rlim=0x4) start
             exe-1049673 [001] ..... 1634664.258322: sys_nanosleep -> 0x0
             exe-1049673 [001] ..... 1634664.258325: sys_nanosleep(rqtp: c000069f10, rmtp: 0)
             exe-1049981 [002] .N... 1634664.258336: sys_pwrite64 -> 0x27
             exe-1050232 [002] ..... 1634664.258345: sys_epoll_pwait -> 0x0
             exe-1050232 [002] ..... 1634664.258355: sys_epoll_pwait(epfd: 11, events: c000693840, maxevents: 80, timeout: 1, sigmask: 0, sigsetsize: 0)
             exe-1049981 [002] ..... 1634664.258375: sys_ptrace(request: 4205, pid: 1005aa, addr: 1, data: c000a29c70)
             exe-1049981 [002] ..... 1634664.258378: sys_ptrace -> 0x0
             exe-1049981 [002] ..... 1634664.258380: sys_ptrace(request: 4205, pid: 1005aa, addr: 202, data: c000a29c70)
             exe-1049981 [002] ..... 1634664.258388: sys_ptrace -> 0x0
             exe-1049981 [002] ..... 1634664.258390: sys_ptrace(request: 1f, pid: 1005aa, addr: 0, data: 0)
             exe-1049981 [002] ..... 1634664.258400: sys_ptrace -> 0x0
             exe-1049981 [002] ..... 1634664.258403: sys_wait4(upid: 1005aa, stat_addr: c000a29bf4, options: 40000002, ru: 0)
             exe-1049673 [001] ..... 1634664.258418: sys_nanosleep -> 0x0
             exe-1049673 [001] ..... 1634664.258420: sys_nanosleep(rqtp: c000069f10, rmtp: 0)
             exe-1050026 [003] ..... 1634664.258422: sys_write -> 0x27
             exe-1049981 [002] ..... 1634664.258438: sys_wait4 -> 0x1005aa
             exe-1049981 [002] ..... 1634664.258440: sys_ptrace(request: 4204, pid: 1005aa, addr: 1, data: c000a29c70)
             exe-1049981 [002] ..... 1634664.258443: sys_ptrace -> 0x0
             exe-1049981 [002] ..... 1634664.258445: sys_ptrace(request: 4204, pid: 1005aa, addr: 202, data: c000a29c70)
             exe-1049981 [002] ..... 1634664.258447: sys_ptrace -> 0x0
             exe-1049981 [002] ..... 1634664.258457: sys_ptrace(request: 4205, pid: 1005aa, addr: 1, data: c000a29c70)
             exe-1049981 [002] ..... 1634664.258459: sys_ptrace -> 0x0
             exe-1049981 [002] ..... 1634664.258461: sys_ptrace(request: 4205, pid: 1005aa, addr: 202, data: c000a29c70)
             exe-1049981 [002] ..... 1634664.258467: sys_ptrace -> 0x0
             exe-1049981 [002] ..... 1634664.258469: sys_ptrace(request: 1f, pid: 1005aa, addr: 0, data: 0)
             exe-1049981 [002] ..... 1634664.258478: sys_ptrace -> 0x0
             exe-1049981 [002] ..... 1634664.258480: sys_wait4(upid: 1005aa, stat_addr: c000a29bf4, options: 40000002, ru: 0)
             exe-1050026 [003] ..... 1634664.258499: sys_getrlimit -> 0xfffffffffffffff2
             exe-1049673 [001] ..... 1634664.258512: sys_nanosleep -> 0x0
             exe-1049981 [002] ..... 1634664.258514: sys_wait4 -> 0x1005aa
             exe-1049673 [001] ..... 1634664.258514: sys_nanosleep(rqtp: c000069f10, rmtp: 0)
             exe-1049981 [002] ..... 1634664.258517: sys_ptrace(request: 4204, pid: 1005aa, addr: 1, data: c000a29c70)
             exe-1049981 [002] ..... 1634664.258519: sys_ptrace -> 0x0
             exe-1049981 [002] ..... 1634664.258521: sys_ptrace(request: 4204, pid: 1005aa, addr: 202, data: c000a29c70)
             exe-1049981 [002] ..... 1634664.258523: sys_ptrace -> 0x0
             exe-1049981 [002] ..... 1634664.258529: sys_pwrite64(fd: 63, buf: 7fd66edc7080, count: 25, pos: 27)
             exe-1049981 [002] ..... 1634664.258530: tracing_mark_write: getrlimit(resource=0xd, rlim=0x4) end
             exe-1049981 [002] ..... 1634664.327805: tracing_mark_write: getrlimit(resource=0xd, rlim=0x7f6691ce2000) start
             exe-1049981 [002] ..... 1634664.327807: sys_pwrite64 -> 0x32
             exe-1049981 [002] ..... 1634664.327815: sys_ptrace(request: 4205, pid: 1005aa, addr: 1, data: c000a29c70)
             exe-1049981 [002] ..... 1634664.327818: sys_ptrace -> 0x0
             exe-1049981 [002] ..... 1634664.327889: sys_ptrace(request: 4205, pid: 1005aa, addr: 202, data: c000a29c70)
             exe-1049981 [002] ..... 1634664.327904: sys_ptrace -> 0x0
             exe-1049981 [002] ..... 1634664.327906: sys_ptrace(request: 1f, pid: 1005aa, addr: 0, data: 0)
             exe-1049981 [002] ..... 1634664.327921: sys_ptrace -> 0x0
             exe-1049981 [002] ..... 1634664.327924: sys_wait4(upid: 1005aa, stat_addr: c000a29bf4, options: 40000002, ru: 0)
             exe-1050026 [003] ..... 1634664.327937: sys_write -> 0x32
             exe-1049981 [002] ..... 1634664.328000: sys_wait4 -> 0x1005aa
             exe-1049981 [002] ..... 1634664.328006: sys_ptrace(request: 4204, pid: 1005aa, addr: 1, data: c000a29c70)
             exe-1049981 [002] ..... 1634664.328010: sys_ptrace -> 0x0
             exe-1049981 [002] ..... 1634664.328012: sys_ptrace(request: 4204, pid: 1005aa, addr: 202, data: c000a29c70)
             exe-1049981 [002] ..... 1634664.328015: sys_ptrace -> 0x0
             exe-1049981 [002] ..... 1634664.328178: sys_ptrace(request: 4205, pid: 1005aa, addr: 1, data: c000a29c70)
             exe-1049981 [002] .N... 1634664.328210: sys_ptrace -> 0x0
             exe-1049981 [002] ..... 1634664.328254: sys_ptrace(request: 4205, pid: 1005aa, addr: 202, data: c000a29c70)
             exe-1049981 [002] ..... 1634664.328270: sys_ptrace -> 0x0
             exe-1049981 [002] ..... 1634664.328272: sys_ptrace(request: 1f, pid: 1005aa, addr: 0, data: 0)
             exe-1049981 [002] ..... 1634664.328286: sys_ptrace -> 0x0
             exe-1049981 [002] ..... 1634664.328290: sys_wait4(upid: 1005aa, stat_addr: c000a29bf4, options: 40000002, ru: 0)
             exe-1050026 [003] ..... 1634664.328302: sys_getrlimit -> 0x0
             exe-1049981 [002] ..... 1634664.328362: sys_wait4 -> 0x1005aa
             exe-1049981 [002] ..... 1634664.328368: sys_ptrace(request: 4204, pid: 1005aa, addr: 1, data: c000a29c70)
             exe-1049981 [002] ..... 1634664.328373: sys_ptrace -> 0x0
             exe-1049981 [002] ..... 1634664.328375: sys_ptrace(request: 4204, pid: 1005aa, addr: 202, data: c000a29c70)
             exe-1049981 [002] ..... 1634664.328377: sys_ptrace -> 0x0
             exe-1049981 [002] ..... 1634664.328393: sys_pwrite64(fd: 63, buf: 7fd66edc7080, count: 30, pos: 32)
             exe-1049981 [002] ..... 1634664.328395: tracing_mark_write: getrlimit(resource=0xd, rlim=0x7f6691ce2000) end
             exe-1049981 [002] ..... 1634664.415640: tracing_mark_write: getrlimit(resource=0x7, rlim=0x0) start
             exe-1049567 [000] ..... 1634664.415641: sys_nanosleep(rqtp: c000069f10, rmtp: 0)
             exe-1049981 [002] ..... 1634664.415656: sys_pwrite64 -> 0x27
           <...>-819     [002] ..... 1634664.415694: sys_nanosleep -> 0x0
           <...>-819     [002] ..... 1634664.415700: sys_nanosleep(rqtp: 7fa5de566db8, rmtp: 0)
             exe-1049567 [000] ..... 1634664.415734: sys_nanosleep -> 0x0
             exe-1049567 [000] ..... 1634664.415737: sys_nanosleep(rqtp: c000069f10, rmtp: 0)
           <...>-819     [002] ..... 1634664.415763: sys_nanosleep -> 0x0
           <...>-819     [002] ..... 1634664.415767: sys_nanosleep(rqtp: 7fa5de566db8, rmtp: 0)
             exe-1049981 [002] ..... 1634664.415803: sys_ptrace(request: 4205, pid: 1005aa, addr: 1, data: c000a29c70)
             exe-1049981 [002] ..... 1634664.415808: sys_ptrace -> 0x0
             exe-1049981 [002] ..... 1634664.415809: sys_ptrace(request: 4205, pid: 1005aa, addr: 202, data: c000a29c70)
             exe-1049981 [002] ..... 1634664.415823: sys_ptrace -> 0x0
             exe-1049567 [000] ..... 1634664.415823: sys_nanosleep -> 0x0
             exe-1049981 [002] ..... 1634664.415825: sys_ptrace(request: 1f, pid: 1005aa, addr: 0, data: 0)
             exe-1049567 [000] ..... 1634664.415825: sys_nanosleep(rqtp: c000069f10, rmtp: 0)
             exe-1049981 [002] .N... 1634664.415861: sys_ptrace -> 0x0
           <...>-819     [002] ..... 1634664.415872: sys_nanosleep -> 0x0
             exe-1050026 [001] ..... 1634664.415873: sys_write -> 0x27
           <...>-819     [002] ..... 1634664.415878: sys_nanosleep(rqtp: 7fa5de566db8, rmtp: 0)
             exe-1049981 [002] ..... 1634664.415904: sys_wait4(upid: 1005aa, stat_addr: c000a29bf4, options: 40000002, ru: 0)
             exe-1049981 [002] ..... 1634664.415906: sys_wait4 -> 0x1005aa
             exe-1049981 [002] ..... 1634664.415909: sys_ptrace(request: 4204, pid: 1005aa, addr: 1, data: c000a29c70)
             exe-1049567 [000] ..... 1634664.415910: sys_nanosleep -> 0x0
             exe-1049567 [000] ..... 1634664.415913: sys_nanosleep(rqtp: c000069f10, rmtp: 0)
             exe-1049981 [002] ..... 1634664.415913: sys_ptrace -> 0x0
             exe-1049981 [002] ..... 1634664.415915: sys_ptrace(request: 4204, pid: 1005aa, addr: 202, data: c000a29c70)
             exe-1049981 [002] ..... 1634664.415917: sys_ptrace -> 0x0
             exe-1049981 [002] ..... 1634664.415946: sys_ptrace(request: 4205, pid: 1005aa, addr: 1, data: c000a29c70)
             exe-1049981 [002] ..... 1634664.415950: sys_ptrace -> 0x0
             exe-1049567 [000] ..... 1634664.415998: sys_nanosleep -> 0x0
             exe-1049567 [000] ..... 1634664.416000: sys_nanosleep(rqtp: c000069f10, rmtp: 0)
           <...>-819     [002] ..... 1634664.416050: sys_nanosleep -> 0x0
           <...>-819     [002] ..... 1634664.416070: sys_nanosleep(rqtp: 7fa5de566db8, rmtp: 0)
             exe-1049567 [000] ..... 1634664.416087: sys_nanosleep -> 0x0
             exe-1049567 [000] ..... 1634664.416090: sys_nanosleep(rqtp: c000069f10, rmtp: 0)
             exe-1049981 [002] ..... 1634664.416094: sys_ptrace(request: 4205, pid: 1005aa, addr: 202, data: c000a29c70)
             exe-1049981 [002] ..... 1634664.416108: sys_ptrace -> 0x0
             exe-1049981 [002] ..... 1634664.416110: sys_ptrace(request: 1f, pid: 1005aa, addr: 0, data: 0)
             exe-1049981 [002] ..... 1634664.416124: sys_ptrace -> 0x0
             exe-1049981 [002] ..... 1634664.416127: sys_wait4(upid: 1005aa, stat_addr: c000a29bf4, options: 40000002, ru: 0)
             exe-1050026 [001] ..... 1634664.416148: sys_getrlimit -> 0xfffffffffffffff2
             exe-1049567 [000] ..... 1634664.416176: sys_nanosleep -> 0x0
           <...>-819     [002] ..... 1634664.416176: sys_nanosleep -> 0x0
             exe-1049567 [000] ..... 1634664.416178: sys_nanosleep(rqtp: c000069f10, rmtp: 0)
           <...>-819     [002] ..... 1634664.416182: sys_nanosleep(rqtp: 7fa5de566db8, rmtp: 0)
             exe-1049981 [002] ..... 1634664.416205: sys_wait4 -> 0x1005aa
             exe-1049981 [002] ..... 1634664.416210: sys_ptrace(request: 4204, pid: 1005aa, addr: 1, data: c000a29c70)
             exe-1049981 [002] ..... 1634664.416215: sys_ptrace -> 0x0
             exe-1049981 [002] ..... 1634664.416217: sys_ptrace(request: 4204, pid: 1005aa, addr: 202, data: c000a29c70)
             exe-1049981 [002] ..... 1634664.416219: sys_ptrace -> 0x0
             exe-1049981 [002] ..... 1634664.416235: sys_pwrite64(fd: 63, buf: 7fd66edc7080, count: 25, pos: 27)
             exe-1049981 [002] ..... 1634664.416238: tracing_mark_write: getrlimit(resource=0x7, rlim=0x0) end
             exe-1049981 [002] ..... 1634664.499043: tracing_mark_write: getrlimit(resource=0x7, rlim=0x4) start
             exe-1049981 [002] ..... 1634664.499045: sys_pwrite64 -> 0x27
             exe-1049981 [002] ..... 1634664.499055: sys_ptrace(request: 4205, pid: 1005aa, addr: 1, data: c000a29c70)
             exe-1049981 [002] ..... 1634664.499059: sys_ptrace -> 0x0
             exe-1049981 [002] ..... 1634664.499060: sys_ptrace(request: 4205, pid: 1005aa, addr: 202, data: c000a29c70)
             exe-1049981 [002] ..... 1634664.499103: sys_ptrace -> 0x0
             exe-1049981 [002] ..... 1634664.499106: sys_ptrace(request: 1f, pid: 1005aa, addr: 0, data: 0)
             exe-1049981 [002] ..... 1634664.499116: sys_ptrace -> 0x0
             exe-1049981 [002] ..... 1634664.499119: sys_wait4(upid: 1005aa, stat_addr: c000a29bf4, options: 40000002, ru: 0)
             exe-1050026 [000] ..... 1634664.499787: sys_write -> 0x27
             exe-1049673 [000] ..... 1634664.499826: sys_nanosleep -> 0x0
             exe-1049981 [002] ..... 1634664.499833: sys_wait4 -> 0x1005aa
             exe-1049673 [000] ..... 1634664.499835: sys_nanosleep(rqtp: c000069f10, rmtp: 0)
             exe-1049981 [002] ..... 1634664.499906: sys_ptrace(request: 4204, pid: 1005aa, addr: 1, data: c000a29c70)
             exe-1049981 [002] ..... 1634664.499914: sys_ptrace -> 0x0
             exe-1049981 [002] ..... 1634664.499916: sys_ptrace(request: 4204, pid: 1005aa, addr: 202, data: c000a29c70)
             exe-1049981 [002] ..... 1634664.499920: sys_ptrace -> 0x0
             exe-1049981 [002] ..... 1634664.499939: sys_ptrace(request: 4205, pid: 1005aa, addr: 1, data: c000a29c70)
             exe-1049981 [002] ..... 1634664.499942: sys_ptrace -> 0x0
             exe-1049981 [002] ..... 1634664.499943: sys_ptrace(request: 4205, pid: 1005aa, addr: 202, data: c000a29c70)
             exe-1049673 [000] ..... 1634664.499967: sys_nanosleep -> 0x0
             exe-1049673 [000] ..... 1634664.499974: sys_nanosleep(rqtp: c000069f10, rmtp: 0)
             exe-1049981 [002] ..... 1634664.500039: sys_ptrace -> 0x0
             exe-1049981 [002] ..... 1634664.500044: sys_ptrace(request: 1f, pid: 1005aa, addr: 0, data: 0)
             exe-1049981 [002] .N... 1634664.500098: sys_ptrace -> 0x0
             exe-1050026 [000] ..... 1634664.500105: sys_getrlimit -> 0xfffffffffffffff2
             exe-1049673 [000] ..... 1634664.500129: sys_nanosleep -> 0x0
             exe-1049673 [000] ..... 1634664.500135: sys_nanosleep(rqtp: c000069f10, rmtp: 0)
             exe-1049981 [002] ..... 1634664.500146: sys_wait4(upid: 1005aa, stat_addr: c000a29bf4, options: 40000002, ru: 0)
             exe-1049981 [002] ..... 1634664.500150: sys_wait4 -> 0x1005aa
             exe-1049981 [002] ..... 1634664.500152: sys_ptrace(request: 4204, pid: 1005aa, addr: 1, data: c000a29c70)
             exe-1049981 [002] ..... 1634664.500157: sys_ptrace -> 0x0
             exe-1049981 [002] ..... 1634664.500159: sys_ptrace(request: 4204, pid: 1005aa, addr: 202, data: c000a29c70)
             exe-1049981 [002] ..... 1634664.500162: sys_ptrace -> 0x0
             exe-1049981 [002] ..... 1634664.500181: sys_pwrite64(fd: 63, buf: 7fd66edc7080, count: 25, pos: 27)
             exe-1049981 [002] ..... 1634664.500185: tracing_mark_write: getrlimit(resource=0x7, rlim=0x4) end
             exe-1049981 [002] ..... 1634664.574565: tracing_mark_write: getrlimit(resource=0x7, rlim=0x7f6690d00000) start
             exe-1049981 [002] ..... 1634664.574568: sys_pwrite64 -> 0x32
             exe-1049981 [002] ..... 1634664.574584: sys_ptrace(request: 4205, pid: 1005aa, addr: 1, data: c000a29c70)
             exe-1049981 [002] ..... 1634664.574588: sys_ptrace -> 0x0
             exe-1049981 [002] ..... 1634664.574590: sys_ptrace(request: 4205, pid: 1005aa, addr: 202, data: c000a29c70)
             exe-1049567 [000] ..... 1634664.574595: sys_nanosleep -> 0x0
             exe-1049567 [000] ..... 1634664.574601: sys_nanosleep(rqtp: c000069f10, rmtp: 0)
             exe-1049981 [002] ..... 1634664.574609: sys_ptrace -> 0x0
             exe-1049981 [002] ..... 1634664.574611: sys_ptrace(request: 1f, pid: 1005aa, addr: 0, data: 0)
             exe-1049981 [002] .N... 1634664.574643: sys_ptrace -> 0x0
             exe-1050026 [002] ..... 1634664.574657: sys_write -> 0x32
             exe-1049673 [002] ..... 1634664.574694: sys_nanosleep -> 0x0
             exe-1049673 [002] ..... 1634664.574701: sys_nanosleep(rqtp: c000069f10, rmtp: 0)
             exe-1049981 [002] ..... 1634664.574733: sys_wait4(upid: 1005aa, stat_addr: c000a29bf4, options: 40000002, ru: 0)
             exe-1049981 [002] ..... 1634664.574737: sys_wait4 -> 0x1005aa
             exe-1049981 [002] ..... 1634664.574739: sys_ptrace(request: 4204, pid: 1005aa, addr: 1, data: c000a29c70)
             exe-1049981 [002] ..... 1634664.574745: sys_ptrace -> 0x0
             exe-1049981 [002] ..... 1634664.574747: sys_ptrace(request: 4204, pid: 1005aa, addr: 202, data: c000a29c70)
             exe-1049981 [002] ..... 1634664.574750: sys_ptrace -> 0x0
             exe-1049981 [002] ..... 1634664.574905: sys_ptrace(request: 4205, pid: 1005aa, addr: 1, data: c000a29c70)
             exe-1049981 [002] ..... 1634664.574909: sys_ptrace -> 0x0
             exe-1049981 [002] ..... 1634664.574911: sys_ptrace(request: 4205, pid: 1005aa, addr: 202, data: c000a29c70)
             exe-1049981 [002] ..... 1634664.574929: sys_ptrace -> 0x0
             exe-1049981 [002] ..... 1634664.574931: sys_ptrace(request: 1f, pid: 1005aa, addr: 0, data: 0)
             exe-1049981 [002] .N... 1634664.574938: sys_ptrace -> 0x0
             exe-1050026 [002] ..... 1634664.574952: sys_getrlimit -> 0x0
             exe-1049673 [002] ..... 1634664.574976: sys_nanosleep -> 0x0
             exe-1049673 [002] ..... 1634664.574983: sys_nanosleep(rqtp: c000069f10, rmtp: 0)
             exe-1049981 [002] ..... 1634664.575019: sys_wait4(upid: 1005aa, stat_addr: c000a29bf4, options: 40000002, ru: 0)
             exe-1049981 [002] ..... 1634664.575023: sys_wait4 -> 0x1005aa
             exe-1049981 [002] ..... 1634664.575026: sys_ptrace(request: 4204, pid: 1005aa, addr: 1, data: c000a29c70)
             exe-1049981 [002] ..... 1634664.575031: sys_ptrace -> 0x0
             exe-1049981 [002] ..... 1634664.575033: sys_ptrace(request: 4204, pid: 1005aa, addr: 202, data: c000a29c70)
             exe-1049981 [002] ..... 1634664.575036: sys_ptrace -> 0x0
             exe-1049981 [002] ..... 1634664.575053: sys_pwrite64(fd: 63, buf: 7fd66edc7080, count: 30, pos: 32)
             exe-1049981 [002] ..... 1634664.575088: tracing_mark_write: getrlimit(resource=0x7, rlim=0x7f6690d00000) end
             exe-1049981 [003] ..... 1634664.648456: tracing_mark_write: getrlimit(resource=0x6, rlim=0x0) start
             exe-1049981 [003] ..... 1634664.648458: sys_pwrite64 -> 0x27
             exe-1049981 [003] ..... 1634664.648467: sys_ptrace(request: 4205, pid: 1005aa, addr: 1, data: c000a29c70)
             exe-1049981 [003] ..... 1634664.648470: sys_ptrace -> 0x0
             exe-1049981 [003] ..... 1634664.648472: sys_ptrace(request: 4205, pid: 1005aa, addr: 202, data: c000a29c70)
             exe-1049981 [003] ..... 1634664.648488: sys_ptrace -> 0x0
             exe-1049981 [003] ..... 1634664.648491: sys_ptrace(request: 1f, pid: 1005aa, addr: 0, data: 0)
             exe-1049673 [002] ..... 1634664.648491: sys_nanosleep -> 0x0
             exe-1049673 [002] ..... 1634664.648495: sys_nanosleep(rqtp: c000069f10, rmtp: 0)
             exe-1049981 [003] .N... 1634664.648502: sys_ptrace -> 0x0
             exe-1050026 [003] ..... 1634664.648514: sys_write -> 0x27
             exe-1049981 [003] ..... 1634664.648538: sys_wait4(upid: 1005aa, stat_addr: c000a29bf4, options: 40000002, ru: 0)
             exe-1049981 [003] ..... 1634664.648541: sys_wait4 -> 0x1005aa
             exe-1049981 [003] ..... 1634664.648544: sys_ptrace(request: 4204, pid: 1005aa, addr: 1, data: c000a29c70)
             exe-1049981 [003] ..... 1634664.648550: sys_ptrace -> 0x0
             exe-1049981 [003] ..... 1634664.648552: sys_ptrace(request: 4204, pid: 1005aa, addr: 202, data: c000a29c70)
             exe-1049981 [003] ..... 1634664.648556: sys_ptrace -> 0x0
             exe-1049673 [002] ..... 1634664.648589: sys_nanosleep -> 0x0
             exe-1049673 [002] ..... 1634664.648593: sys_nanosleep(rqtp: c000069f10, rmtp: 0)
             exe-1049981 [003] ..... 1634664.648596: sys_ptrace(request: 4205, pid: 1005aa, addr: 1, data: c000a29c70)
             exe-1049981 [003] ..... 1634664.648601: sys_ptrace -> 0x0
             exe-1049981 [003] ..... 1634664.648603: sys_ptrace(request: 4205, pid: 1005aa, addr: 202, data: c000a29c70)
             exe-1049981 [003] ..... 1634664.648618: sys_ptrace -> 0x0
             exe-1049981 [003] ..... 1634664.648620: sys_ptrace(request: 1f, pid: 1005aa, addr: 0, data: 0)
             exe-1049981 [003] .N... 1634664.648629: sys_ptrace -> 0x0
             exe-1050026 [003] ..... 1634664.648641: sys_getrlimit -> 0xfffffffffffffff2
             exe-1049981 [003] ..... 1634664.648664: sys_wait4(upid: 1005aa, stat_addr: c000a29bf4, options: 40000002, ru: 0)
             exe-1049981 [003] ..... 1634664.648667: sys_wait4 -> 0x1005aa
             exe-1049981 [003] ..... 1634664.648671: sys_ptrace(request: 4204, pid: 1005aa, addr: 1, data: c000a29c70)
             exe-1049981 [003] ..... 1634664.648675: sys_ptrace -> 0x0
             exe-1049981 [003] ..... 1634664.648678: sys_ptrace(request: 4204, pid: 1005aa, addr: 202, data: c000a29c70)
             exe-1049981 [003] ..... 1634664.648681: sys_ptrace -> 0x0
             exe-1049673 [002] ..... 1634664.648686: sys_nanosleep -> 0x0
             exe-1049673 [002] ..... 1634664.648690: sys_nanosleep(rqtp: c000069f10, rmtp: 0)
             exe-1049981 [003] ..... 1634664.648694: sys_pwrite64(fd: 63, buf: 7fd66edc7080, count: 25, pos: 27)
             exe-1049981 [003] ..... 1634664.648696: tracing_mark_write: getrlimit(resource=0x6, rlim=0x0) end
             exe-1049981 [003] ..... 1634664.713998: tracing_mark_write: getrlimit(resource=0x6, rlim=0x1) start
             exe-1049981 [003] ..... 1634664.713999: sys_pwrite64 -> 0x27
             exe-1049981 [003] ..... 1634664.714006: sys_ptrace(request: 4205, pid: 1005aa, addr: 1, data: c000a29c70)
             exe-1049981 [003] ..... 1634664.714009: sys_ptrace -> 0x0
             exe-1049981 [003] ..... 1634664.714010: sys_ptrace(request: 4205, pid: 1005aa, addr: 202, data: c000a29c70)
             exe-1049981 [003] ..... 1634664.714022: sys_ptrace -> 0x0
             exe-1049981 [003] ..... 1634664.714024: sys_ptrace(request: 1f, pid: 1005aa, addr: 0, data: 0)
             exe-1049567 [000] ..... 1634664.714025: sys_nanosleep -> 0x0
             exe-1049981 [003] .N... 1634664.714032: sys_ptrace -> 0x0
             exe-1049567 [000] ..... 1634664.714033: sys_nanosleep(rqtp: c000069f10, rmtp: 0)
             exe-1050026 [003] ..... 1634664.714043: sys_write -> 0x27
             exe-1049981 [003] ..... 1634664.714063: sys_wait4(upid: 1005aa, stat_addr: c000a29bf4, options: 40000002, ru: 0)
             exe-1049981 [003] ..... 1634664.714065: sys_wait4 -> 0x1005aa
             exe-1049981 [003] ..... 1634664.714068: sys_ptrace(request: 4204, pid: 1005aa, addr: 1, data: c000a29c70)
             exe-1049981 [003] ..... 1634664.714072: sys_ptrace -> 0x0
             exe-1049981 [003] ..... 1634664.714073: sys_ptrace(request: 4204, pid: 1005aa, addr: 202, data: c000a29c70)
             exe-1049981 [003] ..... 1634664.714076: sys_ptrace -> 0x0
             exe-1049981 [003] ..... 1634664.714089: sys_ptrace(request: 4205, pid: 1005aa, addr: 1, data: c000a29c70)
             exe-1049981 [003] ..... 1634664.714092: sys_ptrace -> 0x0
             exe-1049981 [003] ..... 1634664.714093: sys_ptrace(request: 4205, pid: 1005aa, addr: 202, data: c000a29c70)
             exe-1049981 [003] ..... 1634664.714104: sys_ptrace -> 0x0
             exe-1049981 [003] ..... 1634664.714106: sys_ptrace(request: 1f, pid: 1005aa, addr: 0, data: 0)
             exe-1049981 [003] .N... 1634664.714113: sys_ptrace -> 0x0
             exe-1050026 [003] ..... 1634664.714123: sys_getrlimit -> 0xfffffffffffffff2
             exe-1049981 [003] ..... 1634664.714143: sys_wait4(upid: 1005aa, stat_addr: c000a29bf4, options: 40000002, ru: 0)
             exe-1049981 [003] ..... 1634664.714146: sys_wait4 -> 0x1005aa
             exe-1049981 [003] ..... 1634664.714148: sys_ptrace(request: 4204, pid: 1005aa, addr: 1, data: c000a29c70)
             exe-1049981 [003] ..... 1634664.714152: sys_ptrace -> 0x0
             exe-1049981 [003] ..... 1634664.714153: sys_ptrace(request: 4204, pid: 1005aa, addr: 202, data: c000a29c70)
             exe-1049981 [003] ..... 1634664.714156: sys_ptrace -> 0x0
             exe-1049981 [003] ..... 1634664.714165: sys_pwrite64(fd: 63, buf: 7fd66edc7080, count: 25, pos: 27)
             exe-1049981 [003] ..... 1634664.714166: tracing_mark_write: getrlimit(resource=0x6, rlim=0x1) end
             exe-1049981 [003] ..... 1634664.777864: tracing_mark_write: getrlimit(resource=0x6, rlim=0x0) start
             exe-1049981 [003] ..... 1634664.777866: sys_pwrite64 -> 0x27
             exe-1049981 [003] ..... 1634664.777872: sys_ptrace(request: 4205, pid: 1005aa, addr: 1, data: c000a29c70)
             exe-1049981 [003] ..... 1634664.777875: sys_ptrace -> 0x0
             exe-1049981 [003] ..... 1634664.777877: sys_ptrace(request: 4205, pid: 1005aa, addr: 202, data: c000a29c70)
             exe-1049981 [003] ..... 1634664.777889: sys_ptrace -> 0x0
             exe-1049981 [003] ..... 1634664.777890: sys_ptrace(request: 1f, pid: 1005aa, addr: 0, data: 0)
             exe-1049981 [003] .N... 1634664.777898: sys_ptrace -> 0x0
             exe-1050026 [003] ..... 1634664.777909: sys_write -> 0x27
             exe-1049981 [003] ..... 1634664.777929: sys_wait4(upid: 1005aa, stat_addr: c000a29bf4, options: 40000002, ru: 0)
             exe-1049981 [003] ..... 1634664.777932: sys_wait4 -> 0x1005aa
             exe-1049981 [003] ..... 1634664.777934: sys_ptrace(request: 4204, pid: 1005aa, addr: 1, data: c000a29c70)
             exe-1049981 [003] ..... 1634664.777938: sys_ptrace -> 0x0
             exe-1049981 [003] ..... 1634664.777940: sys_ptrace(request: 4204, pid: 1005aa, addr: 202, data: c000a29c70)
             exe-1049981 [003] ..... 1634664.777942: sys_ptrace -> 0x0
             exe-1049567 [000] ..... 1634664.777949: sys_nanosleep -> 0x0
             exe-1049981 [003] ..... 1634664.777954: sys_ptrace(request: 4205, pid: 1005aa, addr: 1, data: c000a29c70)
             exe-1049567 [000] ..... 1634664.777955: sys_nanosleep(rqtp: c000069f10, rmtp: 0)
             exe-1049981 [003] ..... 1634664.777956: sys_ptrace -> 0x0
             exe-1049981 [003] ..... 1634664.777958: sys_ptrace(request: 4205, pid: 1005aa, addr: 202, data: c000a29c70)
             exe-1049981 [003] ..... 1634664.777968: sys_ptrace -> 0x0
             exe-1049981 [003] ..... 1634664.777970: sys_ptrace(request: 1f, pid: 1005aa, addr: 0, data: 0)
             exe-1049981 [003] .N... 1634664.777977: sys_ptrace -> 0x0
             exe-1050026 [003] ..... 1634664.777987: sys_getrlimit -> 0xfffffffffffffff2
             exe-1049981 [003] ..... 1634664.778007: sys_wait4(upid: 1005aa, stat_addr: c000a29bf4, options: 40000002, ru: 0)
             exe-1049981 [003] ..... 1634664.778010: sys_wait4 -> 0x1005aa
             exe-1049981 [003] ..... 1634664.778012: sys_ptrace(request: 4204, pid: 1005aa, addr: 1, data: c000a29c70)
             exe-1049981 [003] ..... 1634664.778015: sys_ptrace -> 0x0
             exe-1049981 [003] ..... 1634664.778017: sys_ptrace(request: 4204, pid: 1005aa, addr: 202, data: c000a29c70)
             exe-1049981 [003] ..... 1634664.778019: sys_ptrace -> 0x0
             exe-1049981 [003] ..... 1634664.778029: sys_pwrite64(fd: 63, buf: 7fd66edc7080, count: 25, pos: 27)
             exe-1049981 [003] ..... 1634664.778030: tracing_mark_write: getrlimit(resource=0x6, rlim=0x0) end
             exe-1049981 [002] ..... 1634664.867209: tracing_mark_write: getrlimit(resource=0x6, rlim=0x0) start
             exe-1049981 [002] ..... 1634664.867211: sys_pwrite64 -> 0x27
             exe-1049981 [002] ..... 1634664.867216: sys_ptrace(request: 4205, pid: 1005aa, addr: 1, data: c000a29c70)
             exe-1049981 [002] ..... 1634664.867219: sys_ptrace -> 0x0
             exe-1049981 [002] ..... 1634664.867221: sys_ptrace(request: 4205, pid: 1005aa, addr: 202, data: c000a29c70)
             exe-1049981 [002] ..... 1634664.867229: sys_ptrace -> 0x0
             exe-1049981 [002] ..... 1634664.867231: sys_ptrace(request: 1f, pid: 1005aa, addr: 0, data: 0)
             exe-1049981 [002] ..... 1634664.867243: sys_ptrace -> 0x0
             exe-1049981 [002] ..... 1634664.867245: sys_wait4(upid: 1005aa, stat_addr: c000a29bf4, options: 40000002, ru: 0)
             exe-1050026 [003] ..... 1634664.867264: sys_write -> 0x27
             exe-1049673 [001] ..... 1634664.867289: sys_nanosleep -> 0x0
             exe-1049673 [001] ..... 1634664.867294: sys_nanosleep(rqtp: c000069f10, rmtp: 0)
             exe-1049981 [002] ..... 1634664.867298: sys_wait4 -> 0x1005aa
             exe-1049981 [002] ..... 1634664.867301: sys_ptrace(request: 4204, pid: 1005aa, addr: 1, data: c000a29c70)
             exe-1049981 [002] ..... 1634664.867304: sys_ptrace -> 0x0
             exe-1049981 [002] ..... 1634664.867306: sys_ptrace(request: 4204, pid: 1005aa, addr: 202, data: c000a29c70)
             exe-1049981 [002] ..... 1634664.867308: sys_ptrace -> 0x0
             exe-1049981 [002] ..... 1634664.867336: sys_ptrace(request: 4205, pid: 1005aa, addr: 1, data: c000a29c70)
             exe-1049981 [002] ..... 1634664.867339: sys_ptrace -> 0x0
             exe-1049981 [002] ..... 1634664.867341: sys_ptrace(request: 4205, pid: 1005aa, addr: 202, data: c000a29c70)
             exe-1049981 [002] ..... 1634664.867351: sys_ptrace -> 0x0
             exe-1049981 [002] ..... 1634664.867353: sys_ptrace(request: 1f, pid: 1005aa, addr: 0, data: 0)
             exe-1049981 [002] ..... 1634664.867364: sys_ptrace -> 0x0
             exe-1049981 [002] ..... 1634664.867366: sys_wait4(upid: 1005aa, stat_addr: c000a29bf4, options: 40000002, ru: 0)
             exe-1049673 [001] ..... 1634664.867379: sys_nanosleep -> 0x0
             exe-1050026 [003] ..... 1634664.867383: sys_getrlimit -> 0xfffffffffffffff2
             exe-1049673 [001] ..... 1634664.867385: sys_nanosleep(rqtp: c000069f10, rmtp: 0)
             exe-1049981 [002] ..... 1634664.867398: sys_wait4 -> 0x1005aa
             exe-1049981 [002] ..... 1634664.867401: sys_ptrace(request: 4204, pid: 1005aa, addr: 1, data: c000a29c70)
             exe-1049567 [001] ..... 1634664.867402: sys_nanosleep -> 0x0
             exe-1049981 [002] ..... 1634664.867404: sys_ptrace -> 0x0
             exe-1049981 [002] ..... 1634664.867405: sys_ptrace(request: 4204, pid: 1005aa, addr: 202, data: c000a29c70)
             exe-1049981 [002] ..... 1634664.867407: sys_ptrace -> 0x0
             exe-1049567 [001] ..... 1634664.867408: sys_nanosleep(rqtp: c000069f10, rmtp: 0)
             exe-1049981 [002] ..... 1634664.867415: sys_pwrite64(fd: 63, buf: 7fd66edc7080, count: 25, pos: 27)
             exe-1049981 [002] ..... 1634664.867418: tracing_mark_write: getrlimit(resource=0x6, rlim=0x0) end
             exe-1049981 [000] ..... 1634664.933665: tracing_mark_write: getrlimit(resource=0x6, rlim=0x1) start
             exe-1049567 [001] ..... 1634664.933676: sys_nanosleep -> 0x0
             exe-1049981 [000] ..... 1634664.933679: sys_pwrite64 -> 0x27
             exe-1049567 [001] ..... 1634664.933681: sys_nanosleep(rqtp: c000069f10, rmtp: 0)
             exe-1049981 [000] ..... 1634664.933685: sys_ptrace(request: 4205, pid: 1005aa, addr: 1, data: c000a29c70)
             exe-1049981 [000] ..... 1634664.933688: sys_ptrace -> 0x0
             exe-1049981 [000] ..... 1634664.933689: sys_ptrace(request: 4205, pid: 1005aa, addr: 202, data: c000a29c70)
             exe-1049981 [000] ..... 1634664.933697: sys_ptrace -> 0x0
             exe-1049981 [000] ..... 1634664.933738: sys_ptrace(request: 1f, pid: 1005aa, addr: 0, data: 0)
             exe-1049981 [000] ..... 1634664.933755: sys_ptrace -> 0x0
             exe-1049981 [000] ..... 1634664.933758: sys_wait4(upid: 1005aa, stat_addr: c000a29bf4, options: 40000002, ru: 0)
             exe-1049673 [001] ..... 1634664.933765: sys_nanosleep -> 0x0
             exe-1050026 [003] ..... 1634664.933769: sys_write -> 0x27
             exe-1049673 [001] ..... 1634664.933770: sys_nanosleep(rqtp: c000069f10, rmtp: 0)
             exe-1049567 [001] ..... 1634664.933791: sys_nanosleep -> 0x0
             exe-1049981 [000] ..... 1634664.933793: sys_wait4 -> 0x1005aa
             exe-1049981 [000] ..... 1634664.933795: sys_ptrace(request: 4204, pid: 1005aa, addr: 1, data: c000a29c70)
             exe-1049567 [001] ..... 1634664.933796: sys_nanosleep(rqtp: c000069f10, rmtp: 0)
             exe-1049981 [000] ..... 1634664.933798: sys_ptrace -> 0x0
             exe-1049981 [000] ..... 1634664.933800: sys_ptrace(request: 4204, pid: 1005aa, addr: 202, data: c000a29c70)
             exe-1049981 [000] ..... 1634664.933802: sys_ptrace -> 0x0
             exe-1049981 [000] ..... 1634664.933814: sys_ptrace(request: 4205, pid: 1005aa, addr: 1, data: c000a29c70)
             exe-1049981 [000] ..... 1634664.933817: sys_ptrace -> 0x0
             exe-1049981 [000] ..... 1634664.933818: sys_ptrace(request: 4205, pid: 1005aa, addr: 202, data: c000a29c70)
             exe-1049981 [000] ..... 1634664.933838: sys_ptrace -> 0x0
             exe-1049981 [000] ..... 1634664.933840: sys_ptrace(request: 1f, pid: 1005aa, addr: 0, data: 0)
             exe-1049981 [000] ..... 1634664.933849: sys_ptrace -> 0x0
             exe-1049981 [000] ..... 1634664.933852: sys_wait4(upid: 1005aa, stat_addr: c000a29bf4, options: 40000002, ru: 0)
             exe-1050026 [003] ..... 1634664.933865: sys_getrlimit -> 0xfffffffffffffff2
             exe-1049673 [001] ..... 1634664.933877: sys_nanosleep -> 0x0
             exe-1049673 [001] ..... 1634664.933882: sys_nanosleep(rqtp: c000069f10, rmtp: 0)
             exe-1049981 [000] ..... 1634664.933887: sys_wait4 -> 0x1005aa
             exe-1049981 [000] ..... 1634664.933890: sys_ptrace(request: 4204, pid: 1005aa, addr: 1, data: c000a29c70)
             exe-1049981 [000] ..... 1634664.933892: sys_ptrace -> 0x0
             exe-1049981 [000] ..... 1634664.933894: sys_ptrace(request: 4204, pid: 1005aa, addr: 202, data: c000a29c70)
             exe-1049981 [000] ..... 1634664.933896: sys_ptrace -> 0x0
             exe-1049567 [001] ..... 1634664.933903: sys_nanosleep -> 0x0
             exe-1049981 [000] ..... 1634664.933904: sys_pwrite64(fd: 63, buf: 7fd66edc7080, count: 25, pos: 27)
             exe-1049981 [000] ..... 1634664.933905: tracing_mark_write: getrlimit(resource=0x6, rlim=0x1) end
             exe-1049981 [000] ..... 1634665.012738: tracing_mark_write: getrlimit(resource=0x6, rlim=0x7f6691ce4000) start
             exe-1049981 [000] ..... 1634665.012740: sys_pwrite64 -> 0x32
             exe-1049981 [000] ..... 1634665.012746: sys_ptrace(request: 4205, pid: 1005aa, addr: 1, data: c000a29c70)
             exe-1049981 [000] ..... 1634665.012749: sys_ptrace -> 0x0
             exe-1049981 [000] ..... 1634665.012750: sys_ptrace(request: 4205, pid: 1005aa, addr: 202, data: c000a29c70)
             exe-1049981 [000] ..... 1634665.012761: sys_ptrace -> 0x0
             exe-1049981 [000] ..... 1634665.012763: sys_ptrace(request: 1f, pid: 1005aa, addr: 0, data: 0)
             exe-1049981 [000] ..... 1634665.012769: sys_ptrace -> 0x0
             exe-1049981 [000] ..... 1634665.012771: sys_wait4(upid: 1005aa, stat_addr: c000a29bf4, options: 40000002, ru: 0)
             exe-1050026 [000] ..... 1634665.012785: sys_write -> 0x32
             exe-1049673 [001] ..... 1634665.012795: sys_nanosleep -> 0x0
             exe-1049673 [001] ..... 1634665.012800: sys_nanosleep(rqtp: c000069f10, rmtp: 0)
             exe-1049981 [000] ..... 1634665.012804: sys_wait4 -> 0x1005aa
             exe-1049981 [000] ..... 1634665.012808: sys_ptrace(request: 4204, pid: 1005aa, addr: 1, data: c000a29c70)
             exe-1049981 [000] ..... 1634665.012812: sys_ptrace -> 0x0
             exe-1049981 [000] ..... 1634665.012814: sys_ptrace(request: 4204, pid: 1005aa, addr: 202, data: c000a29c70)
             exe-1049981 [000] ..... 1634665.012816: sys_ptrace -> 0x0
             exe-1049567 [001] ..... 1634665.012823: sys_nanosleep -> 0x0
             exe-1049567 [001] ..... 1634665.012828: sys_nanosleep(rqtp: c000069f10, rmtp: 0)
             exe-1049981 [000] ..... 1634665.012845: sys_ptrace(request: 4205, pid: 1005aa, addr: 1, data: c000a29c70)
             exe-1049981 [000] ..... 1634665.012847: sys_ptrace -> 0x0
             exe-1049981 [000] ..... 1634665.012849: sys_ptrace(request: 4205, pid: 1005aa, addr: 202, data: c000a29c70)
             exe-1049981 [000] ..... 1634665.012861: sys_ptrace -> 0x0
             exe-1049981 [000] ..... 1634665.012862: sys_ptrace(request: 1f, pid: 1005aa, addr: 0, data: 0)
             exe-1049981 [000] ..... 1634665.012869: sys_ptrace -> 0x0
             exe-1049981 [000] ..... 1634665.012872: sys_wait4(upid: 1005aa, stat_addr: c000a29bf4, options: 40000002, ru: 0)
             exe-1050026 [000] ..... 1634665.012885: sys_getrlimit -> 0x0
             exe-1049981 [000] ..... 1634665.012907: sys_wait4 -> 0x1005aa
             exe-1049673 [001] ..... 1634665.012907: sys_nanosleep -> 0x0
             exe-1049981 [000] ..... 1634665.012911: sys_ptrace(request: 4204, pid: 1005aa, addr: 1, data: c000a29c70)
             exe-1049673 [001] ..... 1634665.012913: sys_nanosleep(rqtp: c000069f10, rmtp: 0)
             exe-1049981 [000] ..... 1634665.012915: sys_ptrace -> 0x0
             exe-1049981 [000] ..... 1634665.012917: sys_ptrace(request: 4204, pid: 1005aa, addr: 202, data: c000a29c70)
             exe-1049981 [000] ..... 1634665.012919: sys_ptrace -> 0x0
