             exe-1049981 [001] .N... 1634748.880642: sys_ptrace -> 0x0
             exe-1050026 [001] ..... 1634748.880655: sys_write -> 0x5b
             exe-1049981 [001] ..... 1634748.880784: sys_wait4(upid: 1005aa, stat_addr: c000a29bf4, options: 40000002, ru: 0)
             exe-1049981 [001] ..... 1634748.880787: sys_wait4 -> 0x1005aa
             exe-1049981 [001] ..... 1634748.880790: sys_ptrace(request: 4204, pid: 1005aa, addr: 1, data: c000a29c70)
             exe-1049981 [001] ..... 1634748.880795: sys_ptrace -> 0x0
             exe-1049981 [001] ..... 1634748.880796: sys_ptrace(request: 4204, pid: 1005aa, addr: 202, data: c000a29c70)
             exe-1049981 [001] ..... 1634748.880799: sys_ptrace -> 0x0
             exe-1049673 [000] ..... 1634748.880820: sys_nanosleep -> 0x0
             exe-1049673 [000] ..... 1634748.880823: sys_nanosleep(rqtp: c000069f10, rmtp: 0)
             exe-1049981 [001] ..... 1634748.880896: sys_ptrace(request: 4205, pid: 1005aa, addr: 1, data: c000a29c70)
             exe-1049981 [001] ..... 1634748.880900: sys_ptrace -> 0x0
             exe-1049981 [001] ..... 1634748.880902: sys_ptrace(request: 4205, pid: 1005aa, addr: 202, data: c000a29c70)
             exe-1049981 [001] ..... 1634748.880915: sys_ptrace -> 0x0
             exe-1049981 [001] ..... 1634748.880917: sys_ptrace(request: 1f, pid: 1005aa, addr: 0, data: 0)
             exe-1049981 [001] .N... 1634748.880924: sys_ptrace -> 0x0
             exe-1050026 [001] ..... 1634748.880938: sys_inotify_add_watch -> 0xffffffffffffffea
             exe-1049981 [001] ..... 1634748.881038: sys_wait4(upid: 1005aa, stat_addr: c000a29bf4, options: 40000002, ru: 0)
             exe-1049981 [001] ..... 1634748.881042: sys_wait4 -> 0x1005aa
             exe-1049981 [001] ..... 1634748.881045: sys_ptrace(request: 4204, pid: 1005aa, addr: 1, data: c000a29c70)
             exe-1049981 [001] ..... 1634748.881050: sys_ptrace -> 0x0
             exe-1049981 [001] ..... 1634748.881051: sys_ptrace(request: 4204, pid: 1005aa, addr: 202, data: c000a29c70)
             exe-1049981 [001] ..... 1634748.881055: sys_ptrace -> 0x0
             exe-1049981 [001] ..... 1634748.881148: sys_pwrite64(fd: 63, buf: 7fd66e235080, count: 59, pos: 5b)
             exe-1049981 [001] ..... 1634748.881152: tracing_mark_write: inotify_add_watch(fd=42, pathname="/victims/proc/self/cwd/.git/objects/95", mask=0x9) end
             exe-1049981 [001] ..... 1634748.954633: tracing_mark_write: inotify_add_watch(fd=42, pathname="/victims/proc/self/root/usr/share/doc/ucf/examples/ucf_helper_functions", mask=0x9) start
             exe-1049673 [000] ..... 1634748.954634: sys_nanosleep(rqtp: c000069f10, rmtp: 0)
             exe-1049981 [001] ..... 1634748.954635: sys_pwrite64 -> 0x7c
             exe-1049981 [001] ..... 1634748.954641: sys_ptrace(request: 4205, pid: 1005aa, addr: 1, data: c000a29c70)
             exe-1049981 [001] ..... 1634748.954644: sys_ptrace -> 0x0
             exe-1049981 [001] ..... 1634748.954645: sys_ptrace(request: 4205, pid: 1005aa, addr: 202, data: c000a29c70)
             exe-1049981 [001] ..... 1634748.954655: sys_ptrace -> 0x0
             exe-1049981 [001] ..... 1634748.954657: sys_ptrace(request: 1f, pid: 1005aa, addr: 0, data: 0)
             exe-1049981 [001] .N... 1634748.954664: sys_ptrace -> 0x0
             exe-1050026 [001] ..... 1634748.954674: sys_write -> 0x7c
             exe-1049981 [001] ..... 1634748.954693: sys_wait4(upid: 1005aa, stat_addr: c000a29bf4, options: 40000002, ru: 0)
             exe-1049981 [001] ..... 1634748.954696: sys_wait4 -> 0x1005aa
             exe-1049981 [001] ..... 1634748.954698: sys_ptrace(request: 4204, pid: 1005aa, addr: 1, data: c000a29c70)
             exe-1049981 [001] ..... 1634748.954702: sys_ptrace -> 0x0
             exe-1049981 [001] ..... 1634748.954703: sys_ptrace(request: 4204, pid: 1005aa, addr: 202, data: c000a29c70)
             exe-1049981 [001] ..... 1634748.954705: sys_ptrace -> 0x0
             exe-1049981 [001] ..... 1634748.954712: sys_ptrace(request: 4205, pid: 1005aa, addr: 1, data: c000a29c70)
             exe-1049981 [001] ..... 1634748.954715: sys_ptrace -> 0x0
             exe-1049981 [001] ..... 1634748.954716: sys_ptrace(request: 4205, pid: 1005aa, addr: 202, data: c000a29c70)
             exe-1049955 [003] ..... 1634748.954721: sys_futex -> 0x0
             exe-1049981 [001] ..... 1634748.954724: sys_ptrace -> 0x0
             exe-1049981 [001] ..... 1634748.954726: sys_ptrace(request: 1f, pid: 1005aa, addr: 0, data: 0)
             exe-1049981 [001] .N... 1634748.954732: sys_ptrace -> 0x0
             exe-1049955 [003] ..... 1634748.954735: sys_futex(uaddr: c000466548, op: 80, val: 0, utime: 0, uaddr2: 0, val3: 0)
             exe-1049673 [000] ..... 1634748.954735: sys_nanosleep -> 0x0
             exe-1049673 [000] ..... 1634748.954738: sys_futex(uaddr: 1f09dc0, op: 80, val: 0, utime: c000069eb0, uaddr2: 0, val3: 0)
             exe-1050026 [001] ..... 1634748.954742: sys_inotify_add_watch -> 0xffffffffffffffea
             exe-1049981 [001] ..... 1634748.954760: sys_wait4(upid: 1005aa, stat_addr: c000a29bf4, options: 40000002, ru: 0)
             exe-1049981 [001] ..... 1634748.954762: sys_wait4 -> 0x1005aa
             exe-1049981 [001] ..... 1634748.954765: sys_ptrace(request: 4204, pid: 1005aa, addr: 1, data: c000a29c70)
             exe-1049567 [002] ..... 1634748.954767: sys_nanosleep -> 0x0
             exe-1049981 [001] ..... 1634748.954768: sys_ptrace -> 0x0
             exe-1049567 [002] ..... 1634748.954769: sys_nanosleep(rqtp: c000069f10, rmtp: 0)
             exe-1049981 [001] ..... 1634748.954770: sys_ptrace(request: 4204, pid: 1005aa, addr: 202, data: c000a29c70)
             exe-1049981 [001] ..... 1634748.954772: sys_ptrace -> 0x0
             exe-1049981 [001] ..... 1634748.954780: sys_pwrite64(fd: 63, buf: 7fd66e235080, count: 7a, pos: 7c)
             exe-1049981 [001] ..... 1634748.954781: tracing_mark_write: inotify_add_watch(fd=42, pathname="/victims/proc/self/root/usr/share/doc/ucf/examples/ucf_helper_functions", mask=0x9) end
             exe-1049981 [001] ..... 1634749.028426: tracing_mark_write: inotify_add_watch(fd=42, pathname="/victims/proc/self/root/usr/lib/x86_64-linux-gnu/perl/5.34.0/auto/Encode/CN", mask=0x9) start
             exe-1049981 [001] ..... 1634749.028429: sys_pwrite64 -> 0x80
             exe-1049981 [001] ..... 1634749.028437: sys_ptrace(request: 4205, pid: 1005aa, addr: 1, data: c000a29c70)
             exe-1049981 [001] ..... 1634749.028441: sys_ptrace -> 0x0
             exe-1049981 [001] ..... 1634749.028443: sys_ptrace(request: 4205, pid: 1005aa, addr: 202, data: c000a29c70)
             exe-1049981 [001] ..... 1634749.028534: sys_ptrace -> 0x0
             exe-1049981 [001] ..... 1634749.028539: sys_ptrace(request: 1f, pid: 1005aa, addr: 0, data: 0)
             exe-1049981 [001] .N... 1634749.028548: sys_ptrace -> 0x0
             exe-1050026 [001] ..... 1634749.028561: sys_write -> 0x80
             exe-1049567 [003] ..... 1634749.028574: sys_nanosleep -> 0x0
             exe-1049567 [003] ..... 1634749.028580: sys_nanosleep(rqtp: c000069f10, rmtp: 0)
             exe-1049981 [001] ..... 1634749.028652: sys_wait4(upid: 1005aa, stat_addr: c000a29bf4, options: 40000002, ru: 0)
             exe-1049981 [001] ..... 1634749.028655: sys_wait4 -> 0x1005aa
             exe-1049981 [001] ..... 1634749.028657: sys_ptrace(request: 4204, pid: 1005aa, addr: 1, data: c000a29c70)
             exe-1049981 [001] ..... 1634749.028662: sys_ptrace -> 0x0
             exe-1049981 [001] ..... 1634749.028663: sys_ptrace(request: 4204, pid: 1005aa, addr: 202, data: c000a29c70)
             exe-1049673 [000] ..... 1634749.028665: sys_nanosleep -> 0x0
             exe-1049981 [001] ..... 1634749.028667: sys_ptrace -> 0x0
             exe-1049673 [000] ..... 1634749.028671: sys_nanosleep(rqtp: c000069f10, rmtp: 0)
             exe-1049981 [001] ..... 1634749.028761: sys_ptrace(request: 4205, pid: 1005aa, addr: 1, data: c000a29c70)
             exe-1049981 [001] ..... 1634749.028766: sys_ptrace -> 0x0
             exe-1049981 [001] ..... 1634749.028768: sys_ptrace(request: 4205, pid: 1005aa, addr: 202, data: c000a29c70)
             exe-1049981 [001] ..... 1634749.028781: sys_ptrace -> 0x0
             exe-1049981 [001] ..... 1634749.028783: sys_ptrace(request: 1f, pid: 1005aa, addr: 0, data: 0)
             exe-1049981 [001] .N... 1634749.028790: sys_ptrace -> 0x0
             exe-1050026 [001] ..... 1634749.028803: sys_inotify_add_watch -> 0xffffffffffffffea
             exe-1049981 [001] ..... 1634749.028904: sys_wait4(upid: 1005aa, stat_addr: c000a29bf4, options: 40000002, ru: 0)
             exe-1049981 [001] ..... 1634749.028908: sys_wait4 -> 0x1005aa
             exe-1049981 [001] ..... 1634749.028911: sys_ptrace(request: 4204, pid: 1005aa, addr: 1, data: c000a29c70)
             exe-1049981 [001] ..... 1634749.028916: sys_ptrace -> 0x0
             exe-1049981 [001] ..... 1634749.028918: sys_ptrace(request: 4204, pid: 1005aa, addr: 202, data: c000a29c70)
             exe-1049981 [001] ..... 1634749.028921: sys_ptrace -> 0x0
             exe-1049981 [001] ..... 1634749.029015: sys_pwrite64(fd: 63, buf: 7fd66e235080, count: 7e, pos: 80)
             exe-1049981 [001] ..... 1634749.029019: tracing_mark_write: inotify_add_watch(fd=42, pathname="/victims/proc/self/root/usr/lib/x86_64-linux-gnu/perl/5.34.0/auto/Encode/CN", mask=0x9) end
             exe-1049981 [001] ..... 1634749.097919: tracing_mark_write: inotify_add_watch(fd=42, pathname="/victims/usr/games", mask=0x9) start
             exe-1049981 [001] ..... 1634749.097920: sys_pwrite64 -> 0x47
             exe-1049981 [001] ..... 1634749.097926: sys_ptrace(request: 4205, pid: 1005aa, addr: 1, data: c000a29c70)
             exe-1049981 [001] ..... 1634749.097929: sys_ptrace -> 0x0
             exe-1049981 [001] ..... 1634749.097930: sys_ptrace(request: 4205, pid: 1005aa, addr: 202, data: c000a29c70)
             exe-1049981 [001] ..... 1634749.097940: sys_ptrace -> 0x0
             exe-1049981 [001] ..... 1634749.097942: sys_ptrace(request: 1f, pid: 1005aa, addr: 0, data: 0)
             exe-1049673 [000] ..... 1634749.097943: sys_nanosleep -> 0x0
             exe-1049981 [001] .N... 1634749.097948: sys_ptrace -> 0x0
             exe-1049673 [000] ..... 1634749.097949: sys_futex(uaddr: 1f09dc0, op: 80, val: 0, utime: c000069eb0, uaddr2: 0, val3: 0)
             exe-1050026 [001] ..... 1634749.097959: sys_write -> 0x47
             exe-1049567 [000] ..... 1634749.097965: sys_nanosleep -> 0x0
             exe-1049567 [000] ..... 1634749.097970: sys_nanosleep(rqtp: c000069f10, rmtp: 0)
             exe-1049981 [001] ..... 1634749.097978: sys_wait4(upid: 1005aa, stat_addr: c000a29bf4, options: 40000002, ru: 0)
             exe-1049981 [001] ..... 1634749.097980: sys_wait4 -> 0x1005aa
             exe-1049981 [001] ..... 1634749.097983: sys_ptrace(request: 4204, pid: 1005aa, addr: 1, data: c000a29c70)
             exe-1049981 [001] ..... 1634749.097987: sys_ptrace -> 0x0
             exe-1049981 [001] ..... 1634749.097989: sys_ptrace(request: 4204, pid: 1005aa, addr: 202, data: c000a29c70)
             exe-1049981 [001] ..... 1634749.097991: sys_ptrace -> 0x0
             exe-1049981 [001] ..... 1634749.097998: sys_ptrace(request: 4205, pid: 1005aa, addr: 1, data: c000a29c70)
             exe-1049981 [001] ..... 1634749.098000: sys_ptrace -> 0x0
             exe-1049981 [001] ..... 1634749.098002: sys_ptrace(request: 4205, pid: 1005aa, addr: 202, data: c000a29c70)
             exe-1049981 [001] ..... 1634749.098010: sys_ptrace -> 0x0
             exe-1049981 [001] ..... 1634749.098012: sys_ptrace(request: 1f, pid: 1005aa, addr: 0, data: 0)
             exe-1049981 [001] .N... 1634749.098018: sys_ptrace -> 0x0
             exe-1050026 [001] ..... 1634749.098028: sys_inotify_add_watch -> 0xffffffffffffffea
             exe-1049981 [001] ..... 1634749.098046: sys_wait4(upid: 1005aa, stat_addr: c000a29bf4, options: 40000002, ru: 0)
             exe-1049981 [001] ..... 1634749.098048: sys_wait4 -> 0x1005aa
             exe-1049981 [001] ..... 1634749.098050: sys_ptrace(request: 4204, pid: 1005aa, addr: 1, data: c000a29c70)
             exe-1049981 [001] ..... 1634749.098054: sys_ptrace -> 0x0
             exe-1049981 [001] ..... 1634749.098055: sys_ptrace(request: 4204, pid: 1005aa, addr: 202, data: c000a29c70)
             exe-1049981 [001] ..... 1634749.098057: sys_ptrace -> 0x0
             exe-1049981 [001] ..... 1634749.098066: sys_pwrite64(fd: 63, buf: 7fd66e235080, count: 45, pos: 47)
             exe-1049981 [001] ..... 1634749.098068: tracing_mark_write: inotify_add_watch(fd=42, pathname="/victims/usr/games", mask=0x9) end
             exe-1049981 [001] ..... 1634749.157058: tracing_mark_write: inotify_add_watch(fd=376, pathname="/victims/proc/self/root/usr/lib/terminfo/x", mask=0x9) start
             exe-1049981 [001] ..... 1634749.157060: sys_pwrite64 -> 0x60
             exe-1049981 [001] ..... 1634749.157066: sys_ptrace(request: 4205, pid: 1005aa, addr: 1, data: c000a29c70)
             exe-1049981 [001] ..... 1634749.157069: sys_ptrace -> 0x0
             exe-1049981 [001] ..... 1634749.157070: sys_ptrace(request: 4205, pid: 1005aa, addr: 202, data: c000a29c70)
             exe-1049673 [000] ..... 1634749.157073: sys_nanosleep -> 0x0
             exe-1049673 [000] ..... 1634749.157078: sys_nanosleep(rqtp: c000069f10, rmtp: 0)
             exe-1049981 [001] ..... 1634749.157080: sys_ptrace -> 0x0
             exe-1049981 [001] ..... 1634749.157082: sys_ptrace(request: 1f, pid: 1005aa, addr: 0, data: 0)
             exe-1049981 [001] .N... 1634749.157089: sys_ptrace -> 0x0
             exe-1050026 [001] ..... 1634749.157099: sys_write -> 0x60
             exe-1049981 [001] ..... 1634749.157117: sys_wait4(upid: 1005aa, stat_addr: c000a29bf4, options: 40000002, ru: 0)
             exe-1049981 [001] ..... 1634749.157120: sys_wait4 -> 0x1005aa
             exe-1049981 [001] ..... 1634749.157122: sys_ptrace(request: 4204, pid: 1005aa, addr: 1, data: c000a29c70)
             exe-1049981 [001] ..... 1634749.157126: sys_ptrace -> 0x0
             exe-1049981 [001] ..... 1634749.157128: sys_ptrace(request: 4204, pid: 1005aa, addr: 202, data: c000a29c70)
             exe-1049981 [001] ..... 1634749.157130: sys_ptrace -> 0x0
             exe-1049981 [001] ..... 1634749.157137: sys_ptrace(request: 4205, pid: 1005aa, addr: 1, data: c000a29c70)
             exe-1049981 [001] ..... 1634749.157139: sys_ptrace -> 0x0
             exe-1049981 [001] ..... 1634749.157141: sys_ptrace(request: 4205, pid: 1005aa, addr: 202, data: c000a29c70)
             exe-1049981 [001] ..... 1634749.157149: sys_ptrace -> 0x0
             exe-1049981 [001] ..... 1634749.157151: sys_ptrace(request: 1f, pid: 1005aa, addr: 0, data: 0)
             exe-1049981 [001] .N... 1634749.157157: sys_ptrace -> 0x0
             exe-1049567 [000] ..... 1634749.157159: sys_nanosleep -> 0x0
             exe-1049567 [000] ..... 1634749.157164: sys_nanosleep(rqtp: c000069f10, rmtp: 0)
             exe-1050026 [001] ..... 1634749.157167: sys_inotify_add_watch -> 0xffffffffffffffea
             exe-1049673 [000] ..... 1634749.157184: sys_nanosleep -> 0x0
             exe-1049981 [001] ..... 1634749.157185: sys_wait4(upid: 1005aa, stat_addr: c000a29bf4, options: 40000002, ru: 0)
             exe-1049981 [001] ..... 1634749.157187: sys_wait4 -> 0x1005aa
             exe-1049673 [000] ..... 1634749.157189: sys_nanosleep(rqtp: c000069f10, rmtp: 0)
             exe-1049981 [001] ..... 1634749.157190: sys_ptrace(request: 4204, pid: 1005aa, addr: 1, data: c000a29c70)
             exe-1049981 [001] ..... 1634749.157193: sys_ptrace -> 0x0
             exe-1049981 [001] ..... 1634749.157194: sys_ptrace(request: 4204, pid: 1005aa, addr: 202, data: c000a29c70)
             exe-1049981 [001] ..... 1634749.157197: sys_ptrace -> 0x0
             exe-1049981 [001] ..... 1634749.157205: sys_pwrite64(fd: 63, buf: 7fd66e235080, count: 5e, pos: 60)
             exe-1049981 [001] ..... 1634749.157206: tracing_mark_write: inotify_add_watch(fd=376, pathname="/victims/proc/self/root/usr/lib/terminfo/x", mask=0x9) end
             exe-1049981 [001] ..... 1634749.224024: tracing_mark_write: inotify_add_watch(fd=376, pathname="/victims/usr/share/locale/lg", mask=0x9) start
             exe-1049981 [001] ..... 1634749.224025: sys_pwrite64 -> 0x52
             exe-1049981 [001] ..... 1634749.224031: sys_ptrace(request: 4205, pid: 1005aa, addr: 1, data: c000a29c70)
             exe-1049981 [001] ..... 1634749.224034: sys_ptrace -> 0x0
             exe-1049981 [001] ..... 1634749.224035: sys_ptrace(request: 4205, pid: 1005aa, addr: 202, data: c000a29c70)
             exe-1049673 [000] ..... 1634749.224041: sys_nanosleep -> 0x0
             exe-1049981 [001] ..... 1634749.224045: sys_ptrace -> 0x0
             exe-1049673 [000] ..... 1634749.224047: sys_nanosleep(rqtp: c000069f10, rmtp: 0)
             exe-1049981 [001] ..... 1634749.224047: sys_ptrace(request: 1f, pid: 1005aa, addr: 0, data: 0)
             exe-1049981 [001] .N... 1634749.224054: sys_ptrace -> 0x0
             exe-1050026 [001] ..... 1634749.224064: sys_write -> 0x52
             exe-1049567 [000] ..... 1634749.224070: sys_nanosleep -> 0x0
             exe-1049567 [000] ..... 1634749.224075: sys_nanosleep(rqtp: c000069f10, rmtp: 0)
             exe-1049981 [001] ..... 1634749.224083: sys_wait4(upid: 1005aa, stat_addr: c000a29bf4, options: 40000002, ru: 0)
             exe-1049981 [001] ..... 1634749.224086: sys_wait4 -> 0x1005aa
             exe-1049981 [001] ..... 1634749.224088: sys_ptrace(request: 4204, pid: 1005aa, addr: 1, data: c000a29c70)
             exe-1049981 [001] ..... 1634749.224091: sys_ptrace -> 0x0
             exe-1049981 [001] ..... 1634749.224093: sys_ptrace(request: 4204, pid: 1005aa, addr: 202, data: c000a29c70)
             exe-1049981 [001] ..... 1634749.224095: sys_ptrace -> 0x0
             exe-1049981 [001] ..... 1634749.224102: sys_ptrace(request: 4205, pid: 1005aa, addr: 1, data: c000a29c70)
             exe-1049981 [001] ..... 1634749.224104: sys_ptrace -> 0x0
             exe-1049981 [001] ..... 1634749.224106: sys_ptrace(request: 4205, pid: 1005aa, addr: 202, data: c000a29c70)
             exe-1049981 [001] ..... 1634749.224114: sys_ptrace -> 0x0
             exe-1049981 [001] ..... 1634749.224116: sys_ptrace(request: 1f, pid: 1005aa, addr: 0, data: 0)
             exe-1049981 [001] .N... 1634749.224122: sys_ptrace -> 0x0
             exe-1050026 [001] ..... 1634749.224132: sys_inotify_add_watch -> 0xffffffffffffffea
             exe-1049981 [001] ..... 1634749.224150: sys_wait4(upid: 1005aa, stat_addr: c000a29bf4, options: 40000002, ru: 0)
             exe-1049981 [001] ..... 1634749.224152: sys_wait4 -> 0x1005aa
             exe-1049673 [000] ..... 1634749.224154: sys_nanosleep -> 0x0
             exe-1049981 [001] ..... 1634749.224154: sys_ptrace(request: 4204, pid: 1005aa, addr: 1, data: c000a29c70)
             exe-1049981 [001] ..... 1634749.224158: sys_ptrace -> 0x0
             exe-1049981 [001] ..... 1634749.224159: sys_ptrace(request: 4204, pid: 1005aa, addr: 202, data: c000a29c70)
             exe-1049673 [000] ..... 1634749.224160: sys_nanosleep(rqtp: c000069f10, rmtp: 0)
             exe-1049981 [001] ..... 1634749.224161: sys_ptrace -> 0x0
             exe-1049981 [001] ..... 1634749.224170: sys_pwrite64(fd: 63, buf: 7fd66e235080, count: 50, pos: 52)
             exe-1049981 [001] ..... 1634749.224171: tracing_mark_write: inotify_add_watch(fd=376, pathname="/victims/usr/share/locale/lg", mask=0x9) end
             exe-1049981 [001] ..... 1634749.285365: tracing_mark_write: inotify_add_watch(fd=16, pathname="/victims/proc/self/root/usr/share/doc/media-types", mask=0x9) start
             exe-1049981 [001] ..... 1634749.285367: sys_pwrite64 -> 0x66
             exe-1049981 [001] ..... 1634749.285373: sys_ptrace(request: 4205, pid: 1005aa, addr: 1, data: c000a29c70)
             exe-1049981 [001] ..... 1634749.285376: sys_ptrace -> 0x0
             exe-1049981 [001] ..... 1634749.285377: sys_ptrace(request: 4205, pid: 1005aa, addr: 202, data: c000a29c70)
             exe-1049673 [000] ..... 1634749.285381: sys_nanosleep -> 0x0
             exe-1049673 [000] ..... 1634749.285386: sys_nanosleep(rqtp: c000069f10, rmtp: 0)
             exe-1049981 [001] ..... 1634749.285388: sys_ptrace -> 0x0
             exe-1049981 [001] ..... 1634749.285390: sys_ptrace(request: 1f, pid: 1005aa, addr: 0, data: 0)
             exe-1049981 [001] .N... 1634749.285397: sys_ptrace -> 0x0
             exe-1050026 [001] ..... 1634749.285408: sys_write -> 0x66
             exe-1049981 [001] ..... 1634749.285429: sys_wait4(upid: 1005aa, stat_addr: c000a29bf4, options: 40000002, ru: 0)
             exe-1049981 [001] ..... 1634749.285431: sys_wait4 -> 0x1005aa
             exe-1049981 [001] ..... 1634749.285434: sys_ptrace(request: 4204, pid: 1005aa, addr: 1, data: c000a29c70)
             exe-1049981 [001] ..... 1634749.285437: sys_ptrace -> 0x0
             exe-1049981 [001] ..... 1634749.285440: sys_ptrace(request: 4204, pid: 1005aa, addr: 202, data: c000a29c70)
             exe-1049981 [001] ..... 1634749.285442: sys_ptrace -> 0x0
             exe-1049981 [001] ..... 1634749.285449: sys_ptrace(request: 4205, pid: 1005aa, addr: 1, data: c000a29c70)
             exe-1049981 [001] ..... 1634749.285452: sys_ptrace -> 0x0
             exe-1049981 [001] ..... 1634749.285454: sys_ptrace(request: 4205, pid: 1005aa, addr: 202, data: c000a29c70)
             exe-1049981 [001] ..... 1634749.285462: sys_ptrace -> 0x0
             exe-1049567 [000] ..... 1634749.285463: sys_nanosleep -> 0x0
             exe-1049981 [001] ..... 1634749.285464: sys_ptrace(request: 1f, pid: 1005aa, addr: 0, data: 0)
             exe-1049567 [000] ..... 1634749.285468: sys_nanosleep(rqtp: c000069f10, rmtp: 0)
             exe-1049981 [001] .N... 1634749.285471: sys_ptrace -> 0x0
             exe-1050026 [001] ..... 1634749.285482: sys_inotify_add_watch -> 0xffffffffffffffea
             exe-1049673 [000] ..... 1634749.285490: sys_nanosleep -> 0x0
             exe-1049673 [000] ..... 1634749.285495: sys_nanosleep(rqtp: c000069f10, rmtp: 0)
             exe-1049981 [001] ..... 1634749.285501: sys_wait4(upid: 1005aa, stat_addr: c000a29bf4, options: 40000002, ru: 0)
             exe-1049981 [001] ..... 1634749.285504: sys_wait4 -> 0x1005aa
             exe-1049981 [001] ..... 1634749.285506: sys_ptrace(request: 4204, pid: 1005aa, addr: 1, data: c000a29c70)
             exe-1049981 [001] ..... 1634749.285510: sys_ptrace -> 0x0
             exe-1049981 [001] ..... 1634749.285511: sys_ptrace(request: 4204, pid: 1005aa, addr: 202, data: c000a29c70)
             exe-1049981 [001] ..... 1634749.285513: sys_ptrace -> 0x0
             exe-1049981 [001] ..... 1634749.285522: sys_pwrite64(fd: 63, buf: 7fd66e235080, count: 64, pos: 66)
             exe-1049981 [001] ..... 1634749.285524: tracing_mark_write: inotify_add_watch(fd=16, pathname="/victims/proc/self/root/usr/share/doc/media-types", mask=0x9) end
             exe-1049981 [001] ..... 1634749.349454: tracing_mark_write: inotify_add_watch(fd=16, pathname="/victims/proc/self/root/usr/share/locale/et/LC_MESSAGES", mask=0x9) start
             exe-1049981 [001] ..... 1634749.349456: sys_pwrite64 -> 0x6c
             exe-1049567 [003] ..... 1634749.349457: sys_nanosleep -> 0x0
             exe-1049567 [003] ..... 1634749.349459: sys_nanosleep(rqtp: c000069f10, rmtp: 0)
             exe-1049981 [001] ..... 1634749.349463: sys_ptrace(request: 4205, pid: 1005aa, addr: 1, data: c000a29c70)
             exe-1049981 [001] ..... 1634749.349466: sys_ptrace -> 0x0
             exe-1049981 [001] ..... 1634749.349467: sys_ptrace(request: 4205, pid: 1005aa, addr: 202, data: c000a29c70)
             exe-1049981 [001] ..... 1634749.349477: sys_ptrace -> 0x0
             exe-1049981 [001] ..... 1634749.349479: sys_ptrace(request: 1f, pid: 1005aa, addr: 0, data: 0)
             exe-1049981 [001] .N... 1634749.349487: sys_ptrace -> 0x0
             exe-1050026 [001] ..... 1634749.349499: sys_write -> 0x6c
             exe-1049673 [000] ..... 1634749.349518: sys_nanosleep -> 0x0
             exe-1049673 [000] ..... 1634749.349520: sys_nanosleep(rqtp: c000069f10, rmtp: 0)
             exe-1049981 [001] ..... 1634749.349525: sys_wait4(upid: 1005aa, stat_addr: c000a29bf4, options: 40000002, ru: 0)
             exe-1049981 [001] ..... 1634749.349528: sys_wait4 -> 0x1005aa
             exe-1049981 [001] ..... 1634749.349532: sys_ptrace(request: 4204, pid: 1005aa, addr: 1, data: c000a29c70)
             exe-1049981 [001] ..... 1634749.349537: sys_ptrace -> 0x0
             exe-1049981 [001] ..... 1634749.349541: sys_ptrace(request: 4204, pid: 1005aa, addr: 202, data: c000a29c70)
             exe-1049981 [001] ..... 1634749.349545: sys_ptrace -> 0x0
             exe-1049567 [003] ..... 1634749.349545: sys_nanosleep -> 0x0
             exe-1049567 [003] ..... 1634749.349547: sys_nanosleep(rqtp: c000069f10, rmtp: 0)
             exe-1049981 [001] ..... 1634749.349555: sys_ptrace(request: 4205, pid: 1005aa, addr: 1, data: c000a29c70)
             exe-1049981 [001] ..... 1634749.349559: sys_ptrace -> 0x0
             exe-1049981 [001] ..... 1634749.349561: sys_ptrace(request: 4205, pid: 1005aa, addr: 202, data: c000a29c70)
             exe-1049981 [001] ..... 1634749.349578: sys_ptrace -> 0x0
             exe-1049981 [001] ..... 1634749.349581: sys_ptrace(request: 1f, pid: 1005aa, addr: 0, data: 0)
             exe-1049981 [001] .N... 1634749.349591: sys_ptrace -> 0x0
             exe-1049673 [000] ..... 1634749.349603: sys_nanosleep -> 0x0
             exe-1050026 [001] ..... 1634749.349604: sys_inotify_add_watch -> 0xffffffffffffffea
             exe-1049673 [000] ..... 1634749.349605: sys_nanosleep(rqtp: c000069f10, rmtp: 0)
             exe-1049981 [001] ..... 1634749.349628: sys_wait4(upid: 1005aa, stat_addr: c000a29bf4, options: 40000002, ru: 0)
             exe-1049981 [001] ..... 1634749.349631: sys_wait4 -> 0x1005aa
             exe-1049981 [001] ..... 1634749.349633: sys_ptrace(request: 4204, pid: 1005aa, addr: 1, data: c000a29c70)
             exe-1049567 [003] ..... 1634749.349634: sys_nanosleep -> 0x0
             exe-1049567 [003] ..... 1634749.349636: sys_nanosleep(rqtp: c000069f10, rmtp: 0)
             exe-1049981 [001] ..... 1634749.349637: sys_ptrace -> 0x0
             exe-1049981 [001] ..... 1634749.349639: sys_ptrace(request: 4204, pid: 1005aa, addr: 202, data: c000a29c70)
             exe-1049981 [001] ..... 1634749.349641: sys_ptrace -> 0x0
             exe-1049981 [001] ..... 1634749.349670: sys_pwrite64(fd: 63, buf: 7fd66e235080, count: 6a, pos: 6c)
             exe-1049981 [001] ..... 1634749.349672: tracing_mark_write: inotify_add_watch(fd=16, pathname="/victims/proc/self/root/usr/share/locale/et/LC_MESSAGES", mask=0x9) end
             exe-1049981 [001] ..... 1634749.408309: tracing_mark_write: inotify_add_watch(fd=16, pathname="/victims/proc/self/cwd/.deps", mask=0x9) start
             exe-1049981 [001] ..... 1634749.408310: sys_pwrite64 -> 0x51
             exe-1049981 [001] ..... 1634749.408316: sys_ptrace(request: 4205, pid: 1005aa, addr: 1, data: c000a29c70)
             exe-1049981 [001] ..... 1634749.408319: sys_ptrace -> 0x0
             exe-1049981 [001] ..... 1634749.408320: sys_ptrace(request: 4205, pid: 1005aa, addr: 202, data: c000a29c70)
             exe-1049981 [001] ..... 1634749.408330: sys_ptrace -> 0x0
             exe-1049981 [001] ..... 1634749.408331: sys_ptrace(request: 1f, pid: 1005aa, addr: 0, data: 0)
             exe-1049981 [001] .N... 1634749.408338: sys_ptrace -> 0x0
             exe-1050026 [001] ..... 1634749.408348: sys_write -> 0x51
             exe-1049673 [000] ..... 1634749.408351: sys_nanosleep -> 0x0
             exe-1049673 [000] ..... 1634749.408353: sys_nanosleep(rqtp: c000069f10, rmtp: 0)
             exe-1049981 [001] ..... 1634749.408367: sys_wait4(upid: 1005aa, stat_addr: c000a29bf4, options: 40000002, ru: 0)
             exe-1049981 [001] ..... 1634749.408369: sys_wait4 -> 0x1005aa
             exe-1049981 [001] ..... 1634749.408371: sys_ptrace(request: 4204, pid: 1005aa, addr: 1, data: c000a29c70)
             exe-1049981 [001] ..... 1634749.408375: sys_ptrace -> 0x0
             exe-1049981 [001] ..... 1634749.408376: sys_ptrace(request: 4204, pid: 1005aa, addr: 202, data: c000a29c70)
             exe-1049981 [001] ..... 1634749.408380: sys_ptrace -> 0x0
             exe-1049981 [001] ..... 1634749.408387: sys_ptrace(request: 4205, pid: 1005aa, addr: 1, data: c000a29c70)
             exe-1049981 [001] ..... 1634749.408389: sys_ptrace -> 0x0
             exe-1049981 [001] ..... 1634749.408391: sys_ptrace(request: 4205, pid: 1005aa, addr: 202, data: c000a29c70)
             exe-1049981 [001] ..... 1634749.408400: sys_ptrace -> 0x0
             exe-1049981 [001] ..... 1634749.408401: sys_ptrace(request: 1f, pid: 1005aa, addr: 0, data: 0)
             exe-1049981 [001] .N... 1634749.408407: sys_ptrace -> 0x0
             exe-1050026 [001] ..... 1634749.408418: sys_inotify_add_watch -> 0xffffffffffffffea
             exe-1049981 [001] ..... 1634749.408439: sys_wait4(upid: 1005aa, stat_addr: c000a29bf4, options: 40000002, ru: 0)
             exe-1049981 [001] ..... 1634749.408441: sys_wait4 -> 0x1005aa
             exe-1049673 [000] ..... 1634749.408442: sys_nanosleep -> 0x0
             exe-1049981 [001] ..... 1634749.408443: sys_ptrace(request: 4204, pid: 1005aa, addr: 1, data: c000a29c70)
             exe-1049673 [000] ..... 1634749.408444: sys_nanosleep(rqtp: c000069f10, rmtp: 0)
             exe-1049981 [001] ..... 1634749.408447: sys_ptrace -> 0x0
             exe-1049981 [001] ..... 1634749.408448: sys_ptrace(request: 4204, pid: 1005aa, addr: 202, data: c000a29c70)
             exe-1049981 [001] ..... 1634749.408450: sys_ptrace -> 0x0
             exe-1049981 [001] ..... 1634749.408458: sys_pwrite64(fd: 63, buf: 7fd66e235080, count: 4f, pos: 51)
             exe-1049981 [001] ..... 1634749.408460: tracing_mark_write: inotify_add_watch(fd=16, pathname="/victims/proc/self/cwd/.deps", mask=0x9) end
             exe-1049981 [001] ..... 1634749.465473: tracing_mark_write: inotify_add_watch(fd=16, pathname="/victims/proc/self/root/usr/lib/x86_64-linux-gnu/perl/5.34.0/auto/PerlIO/encoding", mask=0xa) start
             exe-1049981 [001] ..... 1634749.465475: sys_pwrite64 -> 0x86
             exe-1049981 [001] ..... 1634749.465481: sys_ptrace(request: 4205, pid: 1005aa, addr: 1, data: c000a29c70)
             exe-1049981 [001] ..... 1634749.465484: sys_ptrace -> 0x0
             exe-1049981 [001] ..... 1634749.465486: sys_ptrace(request: 4205, pid: 1005aa, addr: 202, data: c000a29c70)
             exe-1049567 [003] ..... 1634749.465486: sys_nanosleep -> 0x0
             exe-1049567 [003] ..... 1634749.465487: sys_nanosleep(rqtp: c000069f10, rmtp: 0)
             exe-1049955 [002] ..... 1634749.465493: sys_futex -> 0x0
             exe-1049981 [001] ..... 1634749.465496: sys_ptrace -> 0x0
             exe-1049981 [001] ..... 1634749.465497: sys_ptrace(request: 1f, pid: 1005aa, addr: 0, data: 0)
             exe-1049955 [002] ..... 1634749.465502: sys_futex(uaddr: c000466548, op: 80, val: 0, utime: 0, uaddr2: 0, val3: 0)
             exe-1049981 [001] .N... 1634749.465504: sys_ptrace -> 0x0
             exe-1050026 [001] ..... 1634749.465516: sys_write -> 0x86
             exe-1049981 [001] ..... 1634749.465540: sys_wait4(upid: 1005aa, stat_addr: c000a29bf4, options: 40000002, ru: 0)
             exe-1049981 [001] ..... 1634749.465544: sys_wait4 -> 0x1005aa
             exe-1049981 [001] ..... 1634749.465546: sys_ptrace(request: 4204, pid: 1005aa, addr: 1, data: c000a29c70)
             exe-1049981 [001] ..... 1634749.465550: sys_ptrace -> 0x0
             exe-1049981 [001] ..... 1634749.465552: sys_ptrace(request: 4204, pid: 1005aa, addr: 202, data: c000a29c70)
             exe-1049981 [001] ..... 1634749.465554: sys_ptrace -> 0x0
             exe-1049981 [001] ..... 1634749.465562: sys_ptrace(request: 4205, pid: 1005aa, addr: 1, data: c000a29c70)
             exe-1049673 [000] ..... 1634749.465564: sys_nanosleep -> 0x0
             exe-1049981 [001] ..... 1634749.465565: sys_ptrace -> 0x0
             exe-1049981 [001] ..... 1634749.465566: sys_ptrace(request: 4205, pid: 1005aa, addr: 202, data: c000a29c70)
             exe-1049673 [000] ..... 1634749.465567: sys_futex(uaddr: 1f09dc0, op: 80, val: 0, utime: c000069eb0, uaddr2: 0, val3: 0)
             exe-1049567 [003] ..... 1634749.465570: sys_nanosleep -> 0x0
             exe-1049567 [003] ..... 1634749.465572: sys_nanosleep(rqtp: c000069f10, rmtp: 0)
             exe-1049981 [001] ..... 1634749.465576: sys_ptrace -> 0x0
             exe-1049981 [001] ..... 1634749.465578: sys_ptrace(request: 1f, pid: 1005aa, addr: 0, data: 0)
             exe-1049981 [001] .N... 1634749.465584: sys_ptrace -> 0x0
             exe-1050026 [001] ..... 1634749.465595: sys_inotify_add_watch -> 0xffffffffffffffea
             exe-1049981 [001] ..... 1634749.465614: sys_wait4(upid: 1005aa, stat_addr: c000a29bf4, options: 40000002, ru: 0)
             exe-1049981 [001] ..... 1634749.465617: sys_wait4 -> 0x1005aa
             exe-1049981 [001] ..... 1634749.465619: sys_ptrace(request: 4204, pid: 1005aa, addr: 1, data: c000a29c70)
             exe-1049981 [001] ..... 1634749.465623: sys_ptrace -> 0x0
             exe-1049981 [001] ..... 1634749.465624: sys_ptrace(request: 4204, pid: 1005aa, addr: 202, data: c000a29c70)
             exe-1049981 [001] ..... 1634749.465627: sys_ptrace -> 0x0
             exe-1049981 [001] ..... 1634749.465635: sys_pwrite64(fd: 63, buf: 7fd66e235080, count: 84, pos: 86)
             exe-1049981 [001] ..... 1634749.465637: tracing_mark_write: inotify_add_watch(fd=16, pathname="/victims/proc/self/root/usr/lib/x86_64-linux-gnu/perl/5.34.0/auto/PerlIO/encoding", mask=0xa) end
             exe-1049981 [001] ..... 1634749.525416: tracing_mark_write: inotify_add_watch(fd=16, pathname="/victims/proc/self/root/usr/share/vim/vim82/lang/nl", mask=0xa) start
             exe-1049981 [001] ..... 1634749.525418: sys_pwrite64 -> 0x68
             exe-1049981 [001] ..... 1634749.525424: sys_ptrace(request: 4205, pid: 1005aa, addr: 1, data: c000a29c70)
             exe-1049981 [001] ..... 1634749.525427: sys_ptrace -> 0x0
             exe-1049981 [001] ..... 1634749.525429: sys_ptrace(request: 4205, pid: 1005aa, addr: 202, data: c000a29c70)
             exe-1049981 [001] ..... 1634749.525439: sys_ptrace -> 0x0
             exe-1049981 [001] ..... 1634749.525441: sys_ptrace(request: 1f, pid: 1005aa, addr: 0, data: 0)
             exe-1049981 [001] .N... 1634749.525450: sys_ptrace -> 0x0
             exe-1050026 [001] ..... 1634749.525461: sys_write -> 0x68
             exe-1049673 [000] ..... 1634749.525466: sys_nanosleep -> 0x0
             exe-1049673 [000] ..... 1634749.525469: sys_nanosleep(rqtp: c000069f10, rmtp: 0)
             exe-1049981 [001] ..... 1634749.525480: sys_wait4(upid: 1005aa, stat_addr: c000a29bf4, options: 40000002, ru: 0)
             exe-1049981 [001] ..... 1634749.525483: sys_wait4 -> 0x1005aa
             exe-1049981 [001] ..... 1634749.525486: sys_ptrace(request: 4204, pid: 1005aa, addr: 1, data: c000a29c70)
             exe-1049981 [001] ..... 1634749.525489: sys_ptrace -> 0x0
             exe-1049567 [002] ..... 1634749.525490: sys_nanosleep -> 0x0
             exe-1049981 [001] ..... 1634749.525491: sys_ptrace(request: 4204, pid: 1005aa, addr: 202, data: c000a29c70)
             exe-1049567 [002] ..... 1634749.525492: sys_nanosleep(rqtp: c000069f10, rmtp: 0)
             exe-1049981 [001] ..... 1634749.525494: sys_ptrace -> 0x0
             exe-1049981 [001] ..... 1634749.525501: sys_ptrace(request: 4205, pid: 1005aa, addr: 1, data: c000a29c70)
             exe-1049981 [001] ..... 1634749.525503: sys_ptrace -> 0x0
             exe-1049981 [001] ..... 1634749.525505: sys_ptrace(request: 4205, pid: 1005aa, addr: 202, data: c000a29c70)
             exe-1049981 [001] ..... 1634749.525514: sys_ptrace -> 0x0
             exe-1049981 [001] ..... 1634749.525516: sys_ptrace(request: 1f, pid: 1005aa, addr: 0, data: 0)
             exe-1049981 [001] .N... 1634749.525522: sys_ptrace -> 0x0
             exe-1050026 [001] ..... 1634749.525533: sys_inotify_add_watch -> 0xffffffffffffffea
             exe-1049981 [001] ..... 1634749.525552: sys_wait4(upid: 1005aa, stat_addr: c000a29bf4, options: 40000002, ru: 0)
             exe-1049981 [001] ..... 1634749.525555: sys_wait4 -> 0x1005aa
             exe-1049981 [001] ..... 1634749.525557: sys_ptrace(request: 4204, pid: 1005aa, addr: 1, data: c000a29c70)
             exe-1049981 [001] ..... 1634749.525561: sys_ptrace -> 0x0
             exe-1049981 [001] ..... 1634749.525562: sys_ptrace(request: 4204, pid: 1005aa, addr: 202, data: c000a29c70)
             exe-1049981 [001] ..... 1634749.525565: sys_ptrace -> 0x0
             exe-1049673 [000] ..... 1634749.525568: sys_nanosleep -> 0x0
             exe-1049673 [000] ..... 1634749.525570: sys_nanosleep(rqtp: c000069f10, rmtp: 0)
             exe-1049981 [001] ..... 1634749.525573: sys_pwrite64(fd: 63, buf: 7fd66e235080, count: 66, pos: 68)
             exe-1049981 [001] ..... 1634749.525575: tracing_mark_write: inotify_add_watch(fd=16, pathname="/victims/proc/self/root/usr/share/vim/vim82/lang/nl", mask=0xa) end
             exe-1049981 [001] ..... 1634749.589246: tracing_mark_write: inotify_add_watch(fd=14, pathname="/victims/proc/self/root/usr/lib/x86_64-linux-gnu/krb5/plugins", mask=0xa) start
             exe-1049673 [003] ..... 1634749.589247: sys_nanosleep(rqtp: c000069f10, rmtp: 0)
             exe-1049981 [001] ..... 1634749.589247: sys_pwrite64 -> 0x72
             exe-1049981 [001] ..... 1634749.589254: sys_ptrace(request: 4205, pid: 1005aa, addr: 1, data: c000a29c70)
             exe-1049981 [001] ..... 1634749.589257: sys_ptrace -> 0x0
             exe-1049981 [001] ..... 1634749.589258: sys_ptrace(request: 4205, pid: 1005aa, addr: 202, data: c000a29c70)
             exe-1049567 [003] ..... 1634749.589262: sys_nanosleep -> 0x0
             exe-1049567 [003] ..... 1634749.589267: sys_nanosleep(rqtp: c000069f10, rmtp: 0)
             exe-1049981 [001] ..... 1634749.589268: sys_ptrace -> 0x0
             exe-1049981 [001] ..... 1634749.589270: sys_ptrace(request: 1f, pid: 1005aa, addr: 0, data: 0)
             exe-1049981 [001] .N... 1634749.589277: sys_ptrace -> 0x0
             exe-1050026 [001] ..... 1634749.589289: sys_write -> 0x72
             exe-1049981 [001] ..... 1634749.589309: sys_wait4(upid: 1005aa, stat_addr: c000a29bf4, options: 40000002, ru: 0)
             exe-1049981 [001] ..... 1634749.589312: sys_wait4 -> 0x1005aa
             exe-1049981 [001] ..... 1634749.589314: sys_ptrace(request: 4204, pid: 1005aa, addr: 1, data: c000a29c70)
             exe-1049981 [001] ..... 1634749.589318: sys_ptrace -> 0x0
             exe-1049981 [001] ..... 1634749.589319: sys_ptrace(request: 4204, pid: 1005aa, addr: 202, data: c000a29c70)
             exe-1049981 [001] ..... 1634749.589322: sys_ptrace -> 0x0
             exe-1049981 [001] ..... 1634749.589338: sys_ptrace(request: 4205, pid: 1005aa, addr: 1, data: c000a29c70)
             exe-1049981 [001] ..... 1634749.589340: sys_ptrace -> 0x0
             exe-1049981 [001] ..... 1634749.589342: sys_ptrace(request: 4205, pid: 1005aa, addr: 202, data: c000a29c70)
             exe-1049981 [001] ..... 1634749.589350: sys_ptrace -> 0x0
             exe-1049981 [001] ..... 1634749.589352: sys_ptrace(request: 1f, pid: 1005aa, addr: 0, data: 0)
             exe-1049981 [001] .N... 1634749.589360: sys_ptrace -> 0x0
             exe-1049673 [003] ..... 1634749.589365: sys_nanosleep -> 0x0
             exe-1050026 [001] ..... 1634749.589371: sys_inotify_add_watch -> 0xffffffffffffffea
             exe-1049673 [003] ..... 1634749.589371: sys_nanosleep(rqtp: c000069f10, rmtp: 0)
             exe-1049981 [001] ..... 1634749.589390: sys_wait4(upid: 1005aa, stat_addr: c000a29bf4, options: 40000002, ru: 0)
             exe-1049981 [001] ..... 1634749.589393: sys_wait4 -> 0x1005aa
             exe-1049567 [003] ..... 1634749.589395: sys_nanosleep -> 0x0
             exe-1049981 [001] ..... 1634749.589395: sys_ptrace(request: 4204, pid: 1005aa, addr: 1, data: c000a29c70)
             exe-1049981 [001] ..... 1634749.589399: sys_ptrace -> 0x0
             exe-1049567 [003] ..... 1634749.589400: sys_nanosleep(rqtp: c000069f10, rmtp: 0)
             exe-1049981 [001] ..... 1634749.589400: sys_ptrace(request: 4204, pid: 1005aa, addr: 202, data: c000a29c70)
             exe-1049981 [001] ..... 1634749.589403: sys_ptrace -> 0x0
             exe-1049981 [001] ..... 1634749.589411: sys_pwrite64(fd: 63, buf: 7fd66e235080, count: 70, pos: 72)
             exe-1049981 [001] ..... 1634749.589413: tracing_mark_write: inotify_add_watch(fd=14, pathname="/victims/proc/self/root/usr/lib/x86_64-linux-gnu/krb5/plugins", mask=0xa) end
             exe-1049981 [001] ..... 1634749.661132: tracing_mark_write: inotify_add_watch(fd=14, pathname="/victims/usr/share/locale/zh_TW/LC_MESSAGES", mask=0xa) start
             exe-1049981 [001] ..... 1634749.661133: sys_pwrite64 -> 0x60
             exe-1049981 [001] ..... 1634749.661140: sys_ptrace(request: 4205, pid: 1005aa, addr: 1, data: c000a29c70)
             exe-1049981 [001] ..... 1634749.661142: sys_ptrace -> 0x0
             exe-1049981 [001] ..... 1634749.661144: sys_ptrace(request: 4205, pid: 1005aa, addr: 202, data: c000a29c70)
             exe-1049981 [001] ..... 1634749.661154: sys_ptrace -> 0x0
             exe-1049981 [001] ..... 1634749.661155: sys_ptrace(request: 1f, pid: 1005aa, addr: 0, data: 0)
             exe-1049981 [001] .N... 1634749.661162: sys_ptrace -> 0x0
             exe-1050026 [001] ..... 1634749.661173: sys_write -> 0x60
             exe-1049981 [001] ..... 1634749.661191: sys_wait4(upid: 1005aa, stat_addr: c000a29bf4, options: 40000002, ru: 0)
             exe-1049981 [001] ..... 1634749.661194: sys_wait4 -> 0x1005aa
             exe-1049673 [003] ..... 1634749.661195: sys_nanosleep -> 0x0
             exe-1049981 [001] ..... 1634749.661196: sys_ptrace(request: 4204, pid: 1005aa, addr: 1, data: c000a29c70)
             exe-1049981 [001] ..... 1634749.661199: sys_ptrace -> 0x0
             exe-1049673 [003] ..... 1634749.661200: sys_nanosleep(rqtp: c000069f10, rmtp: 0)
             exe-1049981 [001] ..... 1634749.661201: sys_ptrace(request: 4204, pid: 1005aa, addr: 202, data: c000a29c70)
             exe-1049981 [001] ..... 1634749.661204: sys_ptrace -> 0x0
             exe-1049981 [001] ..... 1634749.661210: sys_ptrace(request: 4205, pid: 1005aa, addr: 1, data: c000a29c70)
             exe-1049981 [001] ..... 1634749.661213: sys_ptrace -> 0x0
             exe-1049981 [001] ..... 1634749.661214: sys_ptrace(request: 4205, pid: 1005aa, addr: 202, data: c000a29c70)
             exe-1049567 [003] ..... 1634749.661222: sys_nanosleep -> 0x0
             exe-1049981 [001] ..... 1634749.661223: sys_ptrace -> 0x0
             exe-1049981 [001] ..... 1634749.661224: sys_ptrace(request: 1f, pid: 1005aa, addr: 0, data: 0)
             exe-1049567 [003] ..... 1634749.661227: sys_nanosleep(rqtp: c000069f10, rmtp: 0)
             exe-1049981 [001] .N... 1634749.661230: sys_ptrace -> 0x0
             exe-1050026 [001] ..... 1634749.661240: sys_inotify_add_watch -> 0xffffffffffffffea
             exe-1049981 [001] ..... 1634749.661257: sys_wait4(upid: 1005aa, stat_addr: c000a29bf4, options: 40000002, ru: 0)
             exe-1049981 [001] ..... 1634749.661260: sys_wait4 -> 0x1005aa
             exe-1049981 [001] ..... 1634749.661262: sys_ptrace(request: 4204, pid: 1005aa, addr: 1, data: c000a29c70)
             exe-1049981 [001] ..... 1634749.661265: sys_ptrace -> 0x0
             exe-1049981 [001] ..... 1634749.661266: sys_ptrace(request: 4204, pid: 1005aa, addr: 202, data: c000a29c70)
             exe-1049981 [001] ..... 1634749.661269: sys_ptrace -> 0x0
             exe-1049981 [001] ..... 1634749.661277: sys_pwrite64(fd: 63, buf: 7fd66e235080, count: 5e, pos: 60)
             exe-1049981 [001] ..... 1634749.661278: tracing_mark_write: inotify_add_watch(fd=14, pathname="/victims/usr/share/locale/zh_TW/LC_MESSAGES", mask=0xa) end
             exe-1049981 [001] ..... 1634749.715874: tracing_mark_write: inotify_add_watch(fd=14, pathname="/victims/usr/share/doc/publicsuffix/", mask=0xa) start
             exe-1049981 [001] ..... 1634749.715875: sys_pwrite64 -> 0x59
             exe-1049981 [001] ..... 1634749.715881: sys_ptrace(request: 4205, pid: 1005aa, addr: 1, data: c000a29c70)
             exe-1049981 [001] ..... 1634749.715883: sys_ptrace -> 0x0
             exe-1049981 [001] ..... 1634749.715885: sys_ptrace(request: 4205, pid: 1005aa, addr: 202, data: c000a29c70)
             exe-1049981 [001] ..... 1634749.715895: sys_ptrace -> 0x0
             exe-1049981 [001] ..... 1634749.715897: sys_ptrace(request: 1f, pid: 1005aa, addr: 0, data: 0)
             exe-1049981 [001] .N... 1634749.715903: sys_ptrace -> 0x0
             exe-1050026 [001] ..... 1634749.715914: sys_write -> 0x59
             exe-1049981 [001] ..... 1634749.715932: sys_wait4(upid: 1005aa, stat_addr: c000a29bf4, options: 40000002, ru: 0)
             exe-1049981 [001] ..... 1634749.715934: sys_wait4 -> 0x1005aa
             exe-1049981 [001] ..... 1634749.715937: sys_ptrace(request: 4204, pid: 1005aa, addr: 1, data: c000a29c70)
             exe-1049981 [001] ..... 1634749.715940: sys_ptrace -> 0x0
             exe-1049981 [001] ..... 1634749.715942: sys_ptrace(request: 4204, pid: 1005aa, addr: 202, data: c000a29c70)
             exe-1049981 [001] ..... 1634749.715944: sys_ptrace -> 0x0
             exe-1049981 [001] ..... 1634749.715950: sys_ptrace(request: 4205, pid: 1005aa, addr: 1, data: c000a29c70)
             exe-1049981 [001] ..... 1634749.715953: sys_ptrace -> 0x0
             exe-1049981 [001] ..... 1634749.715954: sys_ptrace(request: 4205, pid: 1005aa, addr: 202, data: c000a29c70)
             exe-1049981 [001] ..... 1634749.715963: sys_ptrace -> 0x0
             exe-1049981 [001] ..... 1634749.715965: sys_ptrace(request: 1f, pid: 1005aa, addr: 0, data: 0)
             exe-1049981 [001] .N... 1634749.715971: sys_ptrace -> 0x0
             exe-1050026 [001] ..... 1634749.715980: sys_inotify_add_watch -> 0xffffffffffffffea
             exe-1049981 [001] ..... 1634749.715998: sys_wait4(upid: 1005aa, stat_addr: c000a29bf4, options: 40000002, ru: 0)
             exe-1049981 [001] ..... 1634749.716000: sys_wait4 -> 0x1005aa
             exe-1049981 [001] ..... 1634749.716002: sys_ptrace(request: 4204, pid: 1005aa, addr: 1, data: c000a29c70)
             exe-1049981 [001] ..... 1634749.716006: sys_ptrace -> 0x0
             exe-1049981 [001] ..... 1634749.716007: sys_ptrace(request: 4204, pid: 1005aa, addr: 202, data: c000a29c70)
             exe-1049981 [001] ..... 1634749.716009: sys_ptrace -> 0x0
             exe-1049981 [001] ..... 1634749.716017: sys_pwrite64(fd: 63, buf: 7fd66e235080, count: 57, pos: 59)
             exe-1049981 [001] ..... 1634749.716019: tracing_mark_write: inotify_add_watch(fd=14, pathname="/victims/usr/share/doc/publicsuffix/", mask=0xa) end
             exe-1049981 [001] ..... 1634749.773239: tracing_mark_write: inotify_add_watch(fd=14, pathname="/victims/proc/self/root/usr/share/perl5/Git/", mask=0xa) start
             exe-1049981 [001] ..... 1634749.773241: sys_pwrite64 -> 0x61
             exe-1049981 [001] ..... 1634749.773247: sys_ptrace(request: 4205, pid: 1005aa, addr: 1, data: c000a29c70)
             exe-1049981 [001] ..... 1634749.773249: sys_ptrace -> 0x0
             exe-1049981 [001] ..... 1634749.773251: sys_ptrace(request: 4205, pid: 1005aa, addr: 202, data: c000a29c70)
             exe-1049567 [003] ..... 1634749.773258: sys_nanosleep -> 0x0
             exe-1049981 [001] ..... 1634749.773261: sys_ptrace -> 0x0
             exe-1049981 [001] ..... 1634749.773263: sys_ptrace(request: 1f, pid: 1005aa, addr: 0, data: 0)
             exe-1049567 [003] ..... 1634749.773263: sys_nanosleep(rqtp: c000069f10, rmtp: 0)
             exe-1049981 [001] .N... 1634749.773270: sys_ptrace -> 0x0
             exe-1050026 [001] ..... 1634749.773281: sys_write -> 0x61
             exe-1049981 [001] ..... 1634749.773329: sys_wait4(upid: 1005aa, stat_addr: c000a29bf4, options: 40000002, ru: 0)
             exe-1049981 [001] ..... 1634749.773332: sys_wait4 -> 0x1005aa
             exe-1049981 [001] ..... 1634749.773334: sys_ptrace(request: 4204, pid: 1005aa, addr: 1, data: c000a29c70)
             exe-1049981 [001] ..... 1634749.773338: sys_ptrace -> 0x0
             exe-1049981 [001] ..... 1634749.773340: sys_ptrace(request: 4204, pid: 1005aa, addr: 202, data: c000a29c70)
             exe-1049567 [003] ..... 1634749.773343: sys_nanosleep -> 0x0
             exe-1049981 [001] ..... 1634749.773343: sys_ptrace -> 0x0
             exe-1049567 [003] ..... 1634749.773346: sys_nanosleep(rqtp: c000069f10, rmtp: 0)
             exe-1049981 [001] ..... 1634749.773350: sys_ptrace(request: 4205, pid: 1005aa, addr: 1, data: c000a29c70)
             exe-1049981 [001] ..... 1634749.773353: sys_ptrace -> 0x0
             exe-1049981 [001] ..... 1634749.773354: sys_ptrace(request: 4205, pid: 1005aa, addr: 202, data: c000a29c70)
             exe-1049673 [003] ..... 1634749.773362: sys_nanosleep -> 0x0
             exe-1049981 [001] ..... 1634749.773363: sys_ptrace -> 0x0
             exe-1049981 [001] ..... 1634749.773365: sys_ptrace(request: 1f, pid: 1005aa, addr: 0, data: 0)
