             exe-1049981 [002] ..... 1634752.962223: sys_ptrace(request: 4204, pid: 1005aa, addr: 202, data: c000a29c70)
             exe-1049981 [002] ..... 1634752.962225: sys_ptrace -> 0x0
             exe-1049567 [000] ..... 1634752.962228: sys_nanosleep -> 0x0
             exe-1049567 [000] ..... 1634752.962230: sys_nanosleep(rqtp: c000069f10, rmtp: 0)
             exe-1049981 [002] ..... 1634752.962233: sys_ptrace(request: 4205, pid: 1005aa, addr: 1, data: c000a29c70)
             exe-1049981 [002] ..... 1634752.962236: sys_ptrace -> 0x0
             exe-1049981 [002] ..... 1634752.962237: sys_ptrace(request: 4205, pid: 1005aa, addr: 202, data: c000a29c70)
             exe-1049981 [002] ..... 1634752.962247: sys_ptrace -> 0x0
             exe-1049981 [002] ..... 1634752.962249: sys_ptrace(request: 1f, pid: 1005aa, addr: 0, data: 0)
             exe-1049981 [002] .N... 1634752.962255: sys_ptrace -> 0x0
             exe-1050026 [002] ..... 1634752.962266: sys_inotify_add_watch -> 0xffffffffffffffea
             exe-1049981 [002] ..... 1634752.962285: sys_wait4(upid: 1005aa, stat_addr: c000a29bf4, options: 40000002, ru: 0)
             exe-1049981 [002] ..... 1634752.962288: sys_wait4 -> 0x1005aa
             exe-1049981 [002] ..... 1634752.962308: sys_ptrace(request: 4204, pid: 1005aa, addr: 1, data: c000a29c70)
             exe-1049981 [002] ..... 1634752.962312: sys_ptrace -> 0x0
             exe-1049981 [002] ..... 1634752.962314: sys_ptrace(request: 4204, pid: 1005aa, addr: 202, data: c000a29c70)
             exe-1049981 [002] ..... 1634752.962316: sys_ptrace -> 0x0
             exe-1049981 [002] ..... 1634752.962325: sys_pwrite64(fd: 63, buf: 7fd66e235080, count: 52, pos: 54)
             exe-1049567 [000] ..... 1634752.962326: sys_nanosleep -> 0x0
             exe-1049981 [002] ..... 1634752.962327: tracing_mark_write: inotify_add_watch(fd=357, pathname="/victims/usr/share/man/nl/man1", mask=0xe) end
             exe-1049981 [002] ..... 1634753.025881: tracing_mark_write: inotify_add_watch(fd=357, pathname="/victims/usr/share/vim/vim82/autoload/dist", mask=0xe) start
             exe-1049981 [002] ..... 1634753.025883: sys_pwrite64 -> 0x60
             exe-1049981 [002] ..... 1634753.025889: sys_ptrace(request: 4205, pid: 1005aa, addr: 1, data: c000a29c70)
             exe-1049981 [002] ..... 1634753.025892: sys_ptrace -> 0x0
             exe-1049981 [002] ..... 1634753.025893: sys_ptrace(request: 4205, pid: 1005aa, addr: 202, data: c000a29c70)
             exe-1049981 [002] ..... 1634753.025904: sys_ptrace -> 0x0
             exe-1049981 [002] ..... 1634753.025905: sys_ptrace(request: 1f, pid: 1005aa, addr: 0, data: 0)
             exe-1049981 [002] .N... 1634753.025912: sys_ptrace -> 0x0
             exe-975534  [003] ..... 1634753.025914: sys_write -> 0x1
             exe-975534  [003] ..... 1634753.025918: sys_futex(uaddr: c00029cd48, op: 80, val: 0, utime: 0, uaddr2: 0, val3: 0)
             exe-1050026 [002] ..... 1634753.025922: sys_write -> 0x60
             exe-975528  [000] ..... 1634753.025928: sys_epoll_pwait -> 0x1
             exe-975528  [000] ..... 1634753.025933: sys_read(fd: 13, buf: c000409830, count: 10)
             exe-975528  [000] ..... 1634753.025939: sys_read -> 0x1
             exe-1049981 [002] ..... 1634753.025941: sys_wait4(upid: 1005aa, stat_addr: c000a29bf4, options: 40000002, ru: 0)
             exe-1049981 [002] ..... 1634753.025943: sys_wait4 -> 0x1005aa
             exe-1049981 [002] ..... 1634753.025945: sys_ptrace(request: 4204, pid: 1005aa, addr: 1, data: c000a29c70)
             exe-975528  [000] ..... 1634753.025946: sys_epoll_pwait(epfd: 11, events: c000409840, maxevents: 80, timeout: 3e6, sigmask: 0, sigsetsize: 0)
             exe-1049981 [002] ..... 1634753.025949: sys_ptrace -> 0x0
             exe-1049981 [002] ..... 1634753.025951: sys_ptrace(request: 4204, pid: 1005aa, addr: 202, data: c000a29c70)
             exe-1049981 [002] ..... 1634753.025953: sys_ptrace -> 0x0
             exe-1049981 [002] ..... 1634753.025960: sys_ptrace(request: 4205, pid: 1005aa, addr: 1, data: c000a29c70)
             exe-1049981 [002] ..... 1634753.025963: sys_ptrace -> 0x0
             exe-1049567 [000] ..... 1634753.025963: sys_nanosleep -> 0x0
             exe-1049981 [002] ..... 1634753.025964: sys_ptrace(request: 4205, pid: 1005aa, addr: 202, data: c000a29c70)
             exe-1049567 [000] ..... 1634753.025969: sys_nanosleep(rqtp: c000069f10, rmtp: 0)
             exe-1049981 [002] ..... 1634753.025973: sys_ptrace -> 0x0
             exe-1049981 [002] ..... 1634753.025975: sys_ptrace(request: 1f, pid: 1005aa, addr: 0, data: 0)
             exe-1049981 [002] .N... 1634753.025981: sys_ptrace -> 0x0
             exe-1050026 [002] ..... 1634753.025991: sys_inotify_add_watch -> 0xffffffffffffffea
             exe-1049981 [002] ..... 1634753.026009: sys_wait4(upid: 1005aa, stat_addr: c000a29bf4, options: 40000002, ru: 0)
             exe-1049981 [002] ..... 1634753.026011: sys_wait4 -> 0x1005aa
             exe-1049981 [002] ..... 1634753.026014: sys_ptrace(request: 4204, pid: 1005aa, addr: 1, data: c000a29c70)
             exe-1049981 [002] ..... 1634753.026017: sys_ptrace -> 0x0
             exe-1049981 [002] ..... 1634753.026018: sys_ptrace(request: 4204, pid: 1005aa, addr: 202, data: c000a29c70)
             exe-1049981 [002] ..... 1634753.026021: sys_ptrace -> 0x0
             exe-1049981 [002] ..... 1634753.026029: sys_pwrite64(fd: 63, buf: 7fd66e235080, count: 5e, pos: 60)
             exe-1049981 [002] ..... 1634753.026030: tracing_mark_write: inotify_add_watch(fd=357, pathname="/victims/usr/share/vim/vim82/autoload/dist", mask=0xe) end
             exe-1049981 [002] ..... 1634753.104970: tracing_mark_write: inotify_add_watch(fd=357, pathname="/victims/proc/self/root/usr/lib32", mask=0xe) start
             exe-1049567 [000] ..... 1634753.104971: sys_nanosleep -> 0x0
             exe-1049981 [002] ..... 1634753.104972: sys_pwrite64 -> 0x57
             exe-1049567 [000] ..... 1634753.104974: sys_nanosleep(rqtp: c000069f10, rmtp: 0)
             exe-1049981 [002] ..... 1634753.104977: sys_ptrace(request: 4205, pid: 1005aa, addr: 1, data: c000a29c70)
             exe-1049981 [002] ..... 1634753.104980: sys_ptrace -> 0x0
             exe-1049981 [002] ..... 1634753.104981: sys_ptrace(request: 4205, pid: 1005aa, addr: 202, data: c000a29c70)
             exe-1049981 [002] ..... 1634753.104991: sys_ptrace -> 0x0
             exe-1049981 [002] ..... 1634753.104992: sys_ptrace(request: 1f, pid: 1005aa, addr: 0, data: 0)
             exe-1049981 [002] .N... 1634753.104999: sys_ptrace -> 0x0
             exe-1050026 [002] ..... 1634753.105009: sys_write -> 0x57
             exe-1049981 [002] ..... 1634753.105026: sys_wait4(upid: 1005aa, stat_addr: c000a29bf4, options: 40000002, ru: 0)
             exe-1049981 [002] ..... 1634753.105028: sys_wait4 -> 0x1005aa
             exe-1049981 [002] ..... 1634753.105030: sys_ptrace(request: 4204, pid: 1005aa, addr: 1, data: c000a29c70)
             exe-1049981 [002] ..... 1634753.105033: sys_ptrace -> 0x0
             exe-1049981 [002] ..... 1634753.105035: sys_ptrace(request: 4204, pid: 1005aa, addr: 202, data: c000a29c70)
             exe-1049981 [002] ..... 1634753.105038: sys_ptrace -> 0x0
             exe-1049673 [003] ..... 1634753.105040: sys_nanosleep -> 0x0
             exe-1049981 [002] ..... 1634753.105044: sys_ptrace(request: 4205, pid: 1005aa, addr: 1, data: c000a29c70)
             exe-1049981 [002] ..... 1634753.105046: sys_ptrace -> 0x0
             exe-1049981 [002] ..... 1634753.105047: sys_ptrace(request: 4205, pid: 1005aa, addr: 202, data: c000a29c70)
             exe-1049673 [003] ..... 1634753.105049: sys_nanosleep(rqtp: c000069f10, rmtp: 0)
             exe-1049981 [002] ..... 1634753.105056: sys_ptrace -> 0x0
             exe-1049981 [002] ..... 1634753.105057: sys_ptrace(request: 1f, pid: 1005aa, addr: 0, data: 0)
             exe-1049981 [002] .N... 1634753.105063: sys_ptrace -> 0x0
             exe-1049567 [000] ..... 1634753.105065: sys_nanosleep -> 0x0
             exe-1049567 [000] ..... 1634753.105067: sys_nanosleep(rqtp: c000069f10, rmtp: 0)
             exe-1050026 [002] ..... 1634753.105072: sys_inotify_add_watch -> 0xffffffffffffffea
             exe-1049981 [002] ..... 1634753.105089: sys_wait4(upid: 1005aa, stat_addr: c000a29bf4, options: 40000002, ru: 0)
             exe-1049981 [002] ..... 1634753.105091: sys_wait4 -> 0x1005aa
             exe-1049981 [002] ..... 1634753.105093: sys_ptrace(request: 4204, pid: 1005aa, addr: 1, data: c000a29c70)
             exe-1049981 [002] ..... 1634753.105096: sys_ptrace -> 0x0
             exe-1049981 [002] ..... 1634753.105097: sys_ptrace(request: 4204, pid: 1005aa, addr: 202, data: c000a29c70)
             exe-1049981 [002] ..... 1634753.105100: sys_ptrace -> 0x0
             exe-1049981 [002] ..... 1634753.105107: sys_pwrite64(fd: 63, buf: 7fd66e235080, count: 55, pos: 57)
             exe-1049981 [002] ..... 1634753.105109: tracing_mark_write: inotify_add_watch(fd=357, pathname="/victims/proc/self/root/usr/lib32", mask=0xe) end
             exe-1049981 [002] ..... 1634753.190507: tracing_mark_write: inotify_add_watch(fd=173, pathname="/victims/proc/self/root/usr/share/vim/vim82/lang/cs.cp1250/LC_MESSAGES", mask=0xe) start
             exe-1049981 [002] ..... 1634753.190509: sys_pwrite64 -> 0x7c
             exe-1049981 [002] ..... 1634753.190515: sys_ptrace(request: 4205, pid: 1005aa, addr: 1, data: c000a29c70)
             exe-1049981 [002] ..... 1634753.190518: sys_ptrace -> 0x0
             exe-1049981 [002] ..... 1634753.190519: sys_ptrace(request: 4205, pid: 1005aa, addr: 202, data: c000a29c70)
             exe-1049981 [002] ..... 1634753.190529: sys_ptrace -> 0x0
             exe-1049981 [002] ..... 1634753.190530: sys_ptrace(request: 1f, pid: 1005aa, addr: 0, data: 0)
             exe-1049981 [002] .N... 1634753.190537: sys_ptrace -> 0x0
             exe-1050026 [002] ..... 1634753.190548: sys_write -> 0x7c
             exe-1049981 [002] ..... 1634753.190566: sys_wait4(upid: 1005aa, stat_addr: c000a29bf4, options: 40000002, ru: 0)
             exe-1049981 [002] ..... 1634753.190569: sys_wait4 -> 0x1005aa
             exe-1049981 [002] ..... 1634753.190571: sys_ptrace(request: 4204, pid: 1005aa, addr: 1, data: c000a29c70)
             exe-1049981 [002] ..... 1634753.190574: sys_ptrace -> 0x0
             exe-1049981 [002] ..... 1634753.190576: sys_ptrace(request: 4204, pid: 1005aa, addr: 202, data: c000a29c70)
             exe-1049981 [002] ..... 1634753.190578: sys_ptrace -> 0x0
             exe-1049981 [002] ..... 1634753.190601: sys_ptrace(request: 4205, pid: 1005aa, addr: 1, data: c000a29c70)
             exe-1049981 [002] ..... 1634753.190603: sys_ptrace -> 0x0
             exe-1049981 [002] ..... 1634753.190605: sys_ptrace(request: 4205, pid: 1005aa, addr: 202, data: c000a29c70)
             exe-1049673 [003] ..... 1634753.190606: sys_nanosleep -> 0x0
             exe-1049673 [003] ..... 1634753.190610: sys_nanosleep(rqtp: c000069f10, rmtp: 0)
             exe-1049981 [002] ..... 1634753.190615: sys_ptrace -> 0x0
             exe-1049981 [002] ..... 1634753.190616: sys_ptrace(request: 1f, pid: 1005aa, addr: 0, data: 0)
             exe-1049981 [002] .N... 1634753.190623: sys_ptrace -> 0x0
             exe-1049567 [003] ..... 1634753.190629: sys_nanosleep -> 0x0
             exe-1050026 [002] ..... 1634753.190633: sys_inotify_add_watch -> 0xffffffffffffffea
             exe-1049567 [003] ..... 1634753.190635: sys_nanosleep(rqtp: c000069f10, rmtp: 0)
             exe-1049981 [002] ..... 1634753.190654: sys_wait4(upid: 1005aa, stat_addr: c000a29bf4, options: 40000002, ru: 0)
             exe-1049981 [002] ..... 1634753.190656: sys_wait4 -> 0x1005aa
             exe-1049981 [002] ..... 1634753.190659: sys_ptrace(request: 4204, pid: 1005aa, addr: 1, data: c000a29c70)
             exe-1049981 [002] ..... 1634753.190662: sys_ptrace -> 0x0
             exe-1049981 [002] ..... 1634753.190664: sys_ptrace(request: 4204, pid: 1005aa, addr: 202, data: c000a29c70)
             exe-1049981 [002] ..... 1634753.190666: sys_ptrace -> 0x0
             exe-1049981 [002] ..... 1634753.190675: sys_pwrite64(fd: 63, buf: 7fd66e235080, count: 7a, pos: 7c)
             exe-1049981 [002] ..... 1634753.190677: tracing_mark_write: inotify_add_watch(fd=173, pathname="/victims/proc/self/root/usr/share/vim/vim82/lang/cs.cp1250/LC_MESSAGES", mask=0xe) end
             exe-1049981 [002] ..... 1634753.269357: tracing_mark_write: inotify_add_watch(fd=173, pathname="/victims/usr/share/doc/vim-common", mask=0xe) start
             exe-1049981 [002] ..... 1634753.269359: sys_pwrite64 -> 0x57
             exe-1049981 [002] ..... 1634753.269366: sys_ptrace(request: 4205, pid: 1005aa, addr: 1, data: c000a29c70)
             exe-1049981 [002] ..... 1634753.269369: sys_ptrace -> 0x0
             exe-1049981 [002] ..... 1634753.269370: sys_ptrace(request: 4205, pid: 1005aa, addr: 202, data: c000a29c70)
             exe-1049981 [002] ..... 1634753.269381: sys_ptrace -> 0x0
             exe-1049981 [002] ..... 1634753.269383: sys_ptrace(request: 1f, pid: 1005aa, addr: 0, data: 0)
             exe-1049981 [002] .N... 1634753.269390: sys_ptrace -> 0x0
             exe-1050026 [002] ..... 1634753.269402: sys_write -> 0x57
             exe-1049981 [002] ..... 1634753.269421: sys_wait4(upid: 1005aa, stat_addr: c000a29bf4, options: 40000002, ru: 0)
             exe-1049981 [002] ..... 1634753.269424: sys_wait4 -> 0x1005aa
             exe-1049981 [002] ..... 1634753.269427: sys_ptrace(request: 4204, pid: 1005aa, addr: 1, data: c000a29c70)
             exe-1049981 [002] ..... 1634753.269430: sys_ptrace -> 0x0
             exe-1049981 [002] ..... 1634753.269433: sys_ptrace(request: 4204, pid: 1005aa, addr: 202, data: c000a29c70)
             exe-1049981 [002] ..... 1634753.269435: sys_ptrace -> 0x0
             exe-1049981 [002] ..... 1634753.269443: sys_ptrace(request: 4205, pid: 1005aa, addr: 1, data: c000a29c70)
             exe-1049981 [002] ..... 1634753.269445: sys_ptrace -> 0x0
             exe-1049981 [002] ..... 1634753.269447: sys_ptrace(request: 4205, pid: 1005aa, addr: 202, data: c000a29c70)
             exe-1049981 [002] ..... 1634753.269456: sys_ptrace -> 0x0
             exe-1049981 [002] ..... 1634753.269458: sys_ptrace(request: 1f, pid: 1005aa, addr: 0, data: 0)
             exe-1049981 [002] .N... 1634753.269465: sys_ptrace -> 0x0
             exe-1050026 [002] ..... 1634753.269476: sys_inotify_add_watch -> 0xffffffffffffffea
             exe-1049981 [002] ..... 1634753.269495: sys_wait4(upid: 1005aa, stat_addr: c000a29bf4, options: 40000002, ru: 0)
             exe-1049981 [002] ..... 1634753.269498: sys_wait4 -> 0x1005aa
             exe-1049981 [002] ..... 1634753.269500: sys_ptrace(request: 4204, pid: 1005aa, addr: 1, data: c000a29c70)
             exe-1049981 [002] ..... 1634753.269504: sys_ptrace -> 0x0
             exe-1049981 [002] ..... 1634753.269505: sys_ptrace(request: 4204, pid: 1005aa, addr: 202, data: c000a29c70)
             exe-1049981 [002] ..... 1634753.269508: sys_ptrace -> 0x0
             exe-1049981 [002] ..... 1634753.269517: sys_pwrite64(fd: 63, buf: 7fd66e235080, count: 55, pos: 57)
             exe-1049981 [002] ..... 1634753.269518: tracing_mark_write: inotify_add_watch(fd=173, pathname="/victims/usr/share/doc/vim-common", mask=0xe) end
             exe-1049981 [002] ..... 1634753.329038: tracing_mark_write: inotify_add_watch(fd=173, pathname="/victims/proc/self/root/usr/share/man/nl", mask=0xe) start
             exe-1049981 [002] ..... 1634753.329040: sys_pwrite64 -> 0x5e
             exe-1049981 [002] ..... 1634753.329046: sys_ptrace(request: 4205, pid: 1005aa, addr: 1, data: c000a29c70)
             exe-1049981 [002] ..... 1634753.329048: sys_ptrace -> 0x0
             exe-1049981 [002] ..... 1634753.329050: sys_ptrace(request: 4205, pid: 1005aa, addr: 202, data: c000a29c70)
             exe-1049981 [002] ..... 1634753.329084: sys_ptrace -> 0x0
             exe-1049981 [002] ..... 1634753.329086: sys_ptrace(request: 1f, pid: 1005aa, addr: 0, data: 0)
             exe-1049981 [002] .N... 1634753.329094: sys_ptrace -> 0x0
             exe-1050026 [002] ..... 1634753.329104: sys_write -> 0x5e
             exe-1049567 [003] ..... 1634753.329107: sys_nanosleep -> 0x0
             exe-1049567 [003] ..... 1634753.329113: sys_nanosleep(rqtp: c000069f10, rmtp: 0)
             exe-1049981 [002] ..... 1634753.329125: sys_wait4(upid: 1005aa, stat_addr: c000a29bf4, options: 40000002, ru: 0)
             exe-1049981 [002] ..... 1634753.329127: sys_wait4 -> 0x1005aa
             exe-1049981 [002] ..... 1634753.329130: sys_ptrace(request: 4204, pid: 1005aa, addr: 1, data: c000a29c70)
             exe-1049981 [002] ..... 1634753.329133: sys_ptrace -> 0x0
             exe-1049673 [003] ..... 1634753.329135: sys_nanosleep -> 0x0
             exe-1049981 [002] ..... 1634753.329135: sys_ptrace(request: 4204, pid: 1005aa, addr: 202, data: c000a29c70)
             exe-1049981 [002] ..... 1634753.329138: sys_ptrace -> 0x0
             exe-1049673 [003] ..... 1634753.329140: sys_nanosleep(rqtp: c000069f10, rmtp: 0)
             exe-1049981 [002] ..... 1634753.329146: sys_ptrace(request: 4205, pid: 1005aa, addr: 1, data: c000a29c70)
             exe-1049981 [002] ..... 1634753.329148: sys_ptrace -> 0x0
             exe-1049981 [002] ..... 1634753.329149: sys_ptrace(request: 4205, pid: 1005aa, addr: 202, data: c000a29c70)
             exe-1049981 [002] ..... 1634753.329159: sys_ptrace -> 0x0
             exe-1049981 [002] ..... 1634753.329161: sys_ptrace(request: 1f, pid: 1005aa, addr: 0, data: 0)
             exe-1049981 [002] .N... 1634753.329167: sys_ptrace -> 0x0
             exe-1050026 [002] ..... 1634753.329177: sys_inotify_add_watch -> 0xffffffffffffffea
             exe-1049981 [002] ..... 1634753.329195: sys_wait4(upid: 1005aa, stat_addr: c000a29bf4, options: 40000002, ru: 0)
             exe-1049981 [002] ..... 1634753.329198: sys_wait4 -> 0x1005aa
             exe-1049981 [002] ..... 1634753.329200: sys_ptrace(request: 4204, pid: 1005aa, addr: 1, data: c000a29c70)
             exe-1049981 [002] ..... 1634753.329204: sys_ptrace -> 0x0
             exe-1049981 [002] ..... 1634753.329205: sys_ptrace(request: 4204, pid: 1005aa, addr: 202, data: c000a29c70)
             exe-1049981 [002] ..... 1634753.329207: sys_ptrace -> 0x0
             exe-1049981 [002] ..... 1634753.329216: sys_pwrite64(fd: 63, buf: 7fd66e235080, count: 5c, pos: 5e)
             exe-1049981 [002] ..... 1634753.329218: tracing_mark_write: inotify_add_watch(fd=173, pathname="/victims/proc/self/root/usr/share/man/nl", mask=0xe) end
             exe-1049981 [002] ..... 1634753.393715: tracing_mark_write: inotify_add_watch(fd=173, pathname="/victims/usr/share/doc/passwd", mask=0xf) start
             exe-1049567 [003] ..... 1634753.393715: sys_nanosleep(rqtp: c000069f10, rmtp: 0)
             exe-1049981 [002] ..... 1634753.393716: sys_pwrite64 -> 0x53
             exe-1049981 [002] ..... 1634753.393722: sys_ptrace(request: 4205, pid: 1005aa, addr: 1, data: c000a29c70)
             exe-1049981 [002] ..... 1634753.393725: sys_ptrace -> 0x0
             exe-1049981 [002] ..... 1634753.393746: sys_ptrace(request: 4205, pid: 1005aa, addr: 202, data: c000a29c70)
             exe-1049673 [003] ..... 1634753.393754: sys_nanosleep -> 0x0
             exe-1049673 [003] ..... 1634753.393760: sys_futex(uaddr: 1f09dc0, op: 80, val: 0, utime: c000069eb0, uaddr2: 0, val3: 0)
             exe-1049981 [002] ..... 1634753.393761: sys_ptrace -> 0x0
             exe-1049981 [002] ..... 1634753.393763: sys_ptrace(request: 1f, pid: 1005aa, addr: 0, data: 0)
             exe-1049981 [002] .N... 1634753.393773: sys_ptrace -> 0x0
             exe-1050026 [002] ..... 1634753.393787: sys_write -> 0x53
             exe-1049981 [002] ..... 1634753.393808: sys_wait4(upid: 1005aa, stat_addr: c000a29bf4, options: 40000002, ru: 0)
             exe-1049981 [002] ..... 1634753.393811: sys_wait4 -> 0x1005aa
             exe-1049981 [002] ..... 1634753.393813: sys_ptrace(request: 4204, pid: 1005aa, addr: 1, data: c000a29c70)
             exe-1049981 [002] ..... 1634753.393817: sys_ptrace -> 0x0
             exe-1049981 [002] ..... 1634753.393818: sys_ptrace(request: 4204, pid: 1005aa, addr: 202, data: c000a29c70)
             exe-1049981 [002] ..... 1634753.393821: sys_ptrace -> 0x0
             exe-1049567 [003] ..... 1634753.393822: sys_nanosleep -> 0x0
             exe-1049567 [003] ..... 1634753.393828: sys_nanosleep(rqtp: c000069f10, rmtp: 0)
             exe-1049981 [002] ..... 1634753.393829: sys_ptrace(request: 4205, pid: 1005aa, addr: 1, data: c000a29c70)
             exe-1049981 [002] ..... 1634753.393831: sys_ptrace -> 0x0
             exe-1049981 [002] ..... 1634753.393832: sys_ptrace(request: 4205, pid: 1005aa, addr: 202, data: c000a29c70)
             exe-1049981 [002] ..... 1634753.393843: sys_ptrace -> 0x0
             exe-1049981 [002] ..... 1634753.393845: sys_ptrace(request: 1f, pid: 1005aa, addr: 0, data: 0)
             exe-1049981 [002] .N... 1634753.393851: sys_ptrace -> 0x0
             exe-1050026 [002] ..... 1634753.393861: sys_inotify_add_watch -> 0xffffffffffffffea
             exe-1049981 [002] ..... 1634753.393879: sys_wait4(upid: 1005aa, stat_addr: c000a29bf4, options: 40000002, ru: 0)
             exe-1049981 [002] ..... 1634753.393882: sys_wait4 -> 0x1005aa
             exe-1049981 [002] ..... 1634753.393884: sys_ptrace(request: 4204, pid: 1005aa, addr: 1, data: c000a29c70)
             exe-1049981 [002] ..... 1634753.393888: sys_ptrace -> 0x0
             exe-1049981 [002] ..... 1634753.393889: sys_ptrace(request: 4204, pid: 1005aa, addr: 202, data: c000a29c70)
             exe-1049981 [002] ..... 1634753.393892: sys_ptrace -> 0x0
             exe-1049981 [002] ..... 1634753.393901: sys_pwrite64(fd: 63, buf: 7fd66e235080, count: 51, pos: 53)
             exe-1049981 [002] ..... 1634753.393902: tracing_mark_write: inotify_add_watch(fd=173, pathname="/victims/usr/share/doc/passwd", mask=0xf) end
             exe-1049981 [002] ..... 1634753.465888: tracing_mark_write: inotify_add_watch(fd=173, pathname="/victims/proc/self/root/usr/share/perl/5.34.0/ExtUtils/Constant", mask=0xf) start
             exe-1049981 [002] ..... 1634753.465890: sys_pwrite64 -> 0x75
             exe-1049567 [003] ..... 1634753.465890: sys_nanosleep -> 0x0
             exe-1049981 [002] ..... 1634753.465896: sys_ptrace(request: 4205, pid: 1005aa, addr: 1, data: c000a29c70)
             exe-1049981 [002] ..... 1634753.465899: sys_ptrace -> 0x0
             exe-1049981 [002] ..... 1634753.465900: sys_ptrace(request: 4205, pid: 1005aa, addr: 202, data: c000a29c70)
             exe-1049981 [002] ..... 1634753.465911: sys_ptrace -> 0x0
             exe-1049981 [002] ..... 1634753.465913: sys_ptrace(request: 1f, pid: 1005aa, addr: 0, data: 0)
             exe-1049981 [002] .N... 1634753.465920: sys_ptrace -> 0x0
             exe-1050026 [002] ..... 1634753.465930: sys_write -> 0x75
             exe-1049981 [002] ..... 1634753.465951: sys_wait4(upid: 1005aa, stat_addr: c000a29bf4, options: 40000002, ru: 0)
             exe-1049981 [002] ..... 1634753.465954: sys_wait4 -> 0x1005aa
             exe-1049981 [002] ..... 1634753.465956: sys_ptrace(request: 4204, pid: 1005aa, addr: 1, data: c000a29c70)
             exe-1049981 [002] ..... 1634753.465960: sys_ptrace -> 0x0
             exe-1049981 [002] ..... 1634753.465961: sys_ptrace(request: 4204, pid: 1005aa, addr: 202, data: c000a29c70)
             exe-1049981 [002] ..... 1634753.465964: sys_ptrace -> 0x0
             exe-1049981 [002] ..... 1634753.465971: sys_ptrace(request: 4205, pid: 1005aa, addr: 1, data: c000a29c70)
             exe-1049981 [002] ..... 1634753.465973: sys_ptrace -> 0x0
             exe-1049981 [002] ..... 1634753.465974: sys_ptrace(request: 4205, pid: 1005aa, addr: 202, data: c000a29c70)
             exe-1049981 [002] ..... 1634753.465984: sys_ptrace -> 0x0
             exe-1049981 [002] ..... 1634753.465986: sys_ptrace(request: 1f, pid: 1005aa, addr: 0, data: 0)
             exe-1049981 [002] .N... 1634753.465992: sys_ptrace -> 0x0
             exe-1050026 [002] ..... 1634753.466002: sys_inotify_add_watch -> 0xffffffffffffffea
             exe-1049981 [002] ..... 1634753.466021: sys_wait4(upid: 1005aa, stat_addr: c000a29bf4, options: 40000002, ru: 0)
             exe-1049981 [002] ..... 1634753.466024: sys_wait4 -> 0x1005aa
             exe-1049981 [002] ..... 1634753.466026: sys_ptrace(request: 4204, pid: 1005aa, addr: 1, data: c000a29c70)
             exe-1049981 [002] ..... 1634753.466029: sys_ptrace -> 0x0
             exe-1049981 [002] ..... 1634753.466031: sys_ptrace(request: 4204, pid: 1005aa, addr: 202, data: c000a29c70)
             exe-1049981 [002] ..... 1634753.466033: sys_ptrace -> 0x0
             exe-1049981 [002] ..... 1634753.466042: sys_pwrite64(fd: 63, buf: 7fd66e235080, count: 73, pos: 75)
             exe-1049981 [002] ..... 1634753.466043: tracing_mark_write: inotify_add_watch(fd=173, pathname="/victims/proc/self/root/usr/share/perl/5.34.0/ExtUtils/Constant", mask=0xf) end
             exe-1049981 [002] ..... 1634753.521619: tracing_mark_write: inotify_add_watch(fd=284, pathname="/victims/usr/include/scsi/fc", mask=0xf) start
             exe-1049981 [002] ..... 1634753.521620: sys_pwrite64 -> 0x52
             exe-1049981 [002] ..... 1634753.521626: sys_ptrace(request: 4205, pid: 1005aa, addr: 1, data: c000a29c70)
             exe-1049981 [002] ..... 1634753.521629: sys_ptrace -> 0x0
             exe-1049981 [002] ..... 1634753.521630: sys_ptrace(request: 4205, pid: 1005aa, addr: 202, data: c000a29c70)
             exe-1049981 [002] ..... 1634753.521641: sys_ptrace -> 0x0
             exe-1049981 [002] ..... 1634753.521642: sys_ptrace(request: 1f, pid: 1005aa, addr: 0, data: 0)
             exe-1049981 [002] .N... 1634753.521649: sys_ptrace -> 0x0
             exe-1050026 [002] ..... 1634753.521660: sys_write -> 0x52
             exe-1049981 [002] ..... 1634753.521678: sys_wait4(upid: 1005aa, stat_addr: c000a29bf4, options: 40000002, ru: 0)
             exe-1049981 [002] ..... 1634753.521682: sys_wait4 -> 0x1005aa
             exe-1049981 [002] ..... 1634753.521685: sys_ptrace(request: 4204, pid: 1005aa, addr: 1, data: c000a29c70)
             exe-1049567 [003] ..... 1634753.521688: sys_nanosleep -> 0x0
             exe-1049981 [002] ..... 1634753.521690: sys_ptrace -> 0x0
             exe-1049567 [003] ..... 1634753.521691: sys_nanosleep(rqtp: c000069f10, rmtp: 0)
             exe-1049981 [002] ..... 1634753.521692: sys_ptrace(request: 4204, pid: 1005aa, addr: 202, data: c000a29c70)
             exe-1049981 [002] ..... 1634753.521695: sys_ptrace -> 0x0
             exe-1049981 [002] ..... 1634753.521704: sys_ptrace(request: 4205, pid: 1005aa, addr: 1, data: c000a29c70)
             exe-1049673 [003] ..... 1634753.521707: sys_nanosleep -> 0x0
             exe-1049981 [002] ..... 1634753.521707: sys_ptrace -> 0x0
             exe-1049981 [002] ..... 1634753.521708: sys_ptrace(request: 4205, pid: 1005aa, addr: 202, data: c000a29c70)
             exe-1049673 [003] ..... 1634753.521713: sys_futex(uaddr: 1f09dc0, op: 80, val: 0, utime: c000069eb0, uaddr2: 0, val3: 0)
             exe-1049981 [002] ..... 1634753.521718: sys_ptrace -> 0x0
             exe-1049981 [002] ..... 1634753.521719: sys_ptrace(request: 1f, pid: 1005aa, addr: 0, data: 0)
             exe-1049981 [002] .N... 1634753.521726: sys_ptrace -> 0x0
             exe-1050026 [002] ..... 1634753.521754: sys_inotify_add_watch -> 0xffffffffffffffea
             exe-1049981 [002] ..... 1634753.521783: sys_wait4(upid: 1005aa, stat_addr: c000a29bf4, options: 40000002, ru: 0)
             exe-1049981 [002] ..... 1634753.521785: sys_wait4 -> 0x1005aa
             exe-1049981 [002] ..... 1634753.521788: sys_ptrace(request: 4204, pid: 1005aa, addr: 1, data: c000a29c70)
             exe-1049981 [002] ..... 1634753.521791: sys_ptrace -> 0x0
             exe-1049981 [002] ..... 1634753.521793: sys_ptrace(request: 4204, pid: 1005aa, addr: 202, data: c000a29c70)
             exe-1049981 [002] ..... 1634753.521796: sys_ptrace -> 0x0
             exe-1049567 [003] ..... 1634753.521798: sys_nanosleep -> 0x0
             exe-1049567 [003] ..... 1634753.521804: sys_nanosleep(rqtp: c000069f10, rmtp: 0)
             exe-1049981 [002] ..... 1634753.521810: sys_pwrite64(fd: 63, buf: 7fd66e235080, count: 50, pos: 52)
             exe-1049981 [002] ..... 1634753.521812: tracing_mark_write: inotify_add_watch(fd=284, pathname="/victims/usr/include/scsi/fc", mask=0xf) end
             exe-1049981 [002] ..... 1634753.605979: tracing_mark_write: inotify_add_watch(fd=284, pathname="/victims/proc/self/root/usr/src", mask=0xf) start
             exe-1049981 [002] ..... 1634753.605980: sys_pwrite64 -> 0x55
             exe-1049567 [003] ..... 1634753.605983: sys_nanosleep -> 0x0
             exe-1049981 [002] ..... 1634753.605986: sys_ptrace(request: 4205, pid: 1005aa, addr: 1, data: c000a29c70)
             exe-1049567 [003] ..... 1634753.605988: sys_nanosleep(rqtp: c000069f10, rmtp: 0)
             exe-1049981 [002] ..... 1634753.605989: sys_ptrace -> 0x0
             exe-1049981 [002] ..... 1634753.605990: sys_ptrace(request: 4205, pid: 1005aa, addr: 202, data: c000a29c70)
             exe-1049981 [002] ..... 1634753.606000: sys_ptrace -> 0x0
             exe-1049981 [002] ..... 1634753.606002: sys_ptrace(request: 1f, pid: 1005aa, addr: 0, data: 0)
             exe-1049981 [002] .N... 1634753.606008: sys_ptrace -> 0x0
             exe-1049673 [003] ..... 1634753.606009: sys_nanosleep -> 0x0
             exe-1049673 [003] ..... 1634753.606014: sys_nanosleep(rqtp: c000069f10, rmtp: 0)
             exe-1050026 [002] ..... 1634753.606018: sys_write -> 0x55
             exe-1049981 [002] ..... 1634753.606035: sys_wait4(upid: 1005aa, stat_addr: c000a29bf4, options: 40000002, ru: 0)
             exe-1049981 [002] ..... 1634753.606037: sys_wait4 -> 0x1005aa
             exe-1049981 [002] ..... 1634753.606040: sys_ptrace(request: 4204, pid: 1005aa, addr: 1, data: c000a29c70)
             exe-1049981 [002] ..... 1634753.606043: sys_ptrace -> 0x0
             exe-1049981 [002] ..... 1634753.606045: sys_ptrace(request: 4204, pid: 1005aa, addr: 202, data: c000a29c70)
             exe-1049981 [002] ..... 1634753.606047: sys_ptrace -> 0x0
             exe-1049981 [002] ..... 1634753.606053: sys_ptrace(request: 4205, pid: 1005aa, addr: 1, data: c000a29c70)
             exe-1049981 [002] ..... 1634753.606055: sys_ptrace -> 0x0
             exe-1049981 [002] ..... 1634753.606057: sys_ptrace(request: 4205, pid: 1005aa, addr: 202, data: c000a29c70)
             exe-1049981 [002] ..... 1634753.606065: sys_ptrace -> 0x0
             exe-1049981 [002] ..... 1634753.606066: sys_ptrace(request: 1f, pid: 1005aa, addr: 0, data: 0)
             exe-1049981 [002] .N... 1634753.606072: sys_ptrace -> 0x0
             exe-1050026 [002] ..... 1634753.606082: sys_inotify_add_watch -> 0xffffffffffffffea
             exe-1049567 [003] ..... 1634753.606096: sys_nanosleep -> 0x0
             exe-1049981 [002] ..... 1634753.606098: sys_wait4(upid: 1005aa, stat_addr: c000a29bf4, options: 40000002, ru: 0)
             exe-1049981 [002] ..... 1634753.606100: sys_wait4 -> 0x1005aa
             exe-1049567 [003] ..... 1634753.606101: sys_nanosleep(rqtp: c000069f10, rmtp: 0)
             exe-1049981 [002] ..... 1634753.606102: sys_ptrace(request: 4204, pid: 1005aa, addr: 1, data: c000a29c70)
             exe-1049981 [002] ..... 1634753.606105: sys_ptrace -> 0x0
             exe-1049981 [002] ..... 1634753.606107: sys_ptrace(request: 4204, pid: 1005aa, addr: 202, data: c000a29c70)
             exe-1049981 [002] ..... 1634753.606109: sys_ptrace -> 0x0
             exe-1049981 [002] ..... 1634753.606117: sys_pwrite64(fd: 63, buf: 7fd66e235080, count: 53, pos: 55)
             exe-1049981 [002] ..... 1634753.606118: tracing_mark_write: inotify_add_watch(fd=284, pathname="/victims/proc/self/root/usr/src", mask=0xf) end
             exe-1049981 [002] ..... 1634753.696941: tracing_mark_write: inotify_add_watch(fd=284, pathname="/victims/proc/self/root/usr/share/perl/5.34.0/unicore/lib/XIDC", mask=0xf) start
             exe-1049981 [002] ..... 1634753.696943: sys_pwrite64 -> 0x74
             exe-1049981 [002] ..... 1634753.696950: sys_ptrace(request: 4205, pid: 1005aa, addr: 1, data: c000a29c70)
             exe-1049981 [002] ..... 1634753.696953: sys_ptrace -> 0x0
             exe-1049981 [002] ..... 1634753.696954: sys_ptrace(request: 4205, pid: 1005aa, addr: 202, data: c000a29c70)
             exe-1049981 [002] ..... 1634753.696965: sys_ptrace -> 0x0
             exe-1049981 [002] ..... 1634753.696967: sys_ptrace(request: 1f, pid: 1005aa, addr: 0, data: 0)
             exe-1049981 [002] .N... 1634753.696974: sys_ptrace -> 0x0
             exe-1050026 [002] ..... 1634753.696986: sys_write -> 0x74
             exe-1049981 [002] ..... 1634753.697006: sys_wait4(upid: 1005aa, stat_addr: c000a29bf4, options: 40000002, ru: 0)
             exe-1049567 [003] ..... 1634753.697007: sys_nanosleep -> 0x0
             exe-1049981 [002] ..... 1634753.697008: sys_wait4 -> 0x1005aa
             exe-1049981 [002] ..... 1634753.697010: sys_ptrace(request: 4204, pid: 1005aa, addr: 1, data: c000a29c70)
             exe-1049567 [003] ..... 1634753.697012: sys_nanosleep(rqtp: c000069f10, rmtp: 0)
             exe-1049981 [002] ..... 1634753.697014: sys_ptrace -> 0x0
             exe-1049981 [002] ..... 1634753.697016: sys_ptrace(request: 4204, pid: 1005aa, addr: 202, data: c000a29c70)
             exe-1049981 [002] ..... 1634753.697018: sys_ptrace -> 0x0
             exe-1049673 [003] ..... 1634753.697034: sys_nanosleep -> 0x0
             exe-1049673 [003] ..... 1634753.697040: sys_nanosleep(rqtp: c000069f10, rmtp: 0)
             exe-1049981 [002] ..... 1634753.697042: sys_ptrace(request: 4205, pid: 1005aa, addr: 1, data: c000a29c70)
             exe-1049981 [002] ..... 1634753.697045: sys_ptrace -> 0x0
             exe-1049981 [002] ..... 1634753.697047: sys_ptrace(request: 4205, pid: 1005aa, addr: 202, data: c000a29c70)
             exe-1049981 [002] ..... 1634753.697058: sys_ptrace -> 0x0
             exe-1049981 [002] ..... 1634753.697059: sys_ptrace(request: 1f, pid: 1005aa, addr: 0, data: 0)
             exe-1049981 [002] .N... 1634753.697067: sys_ptrace -> 0x0
             exe-1050026 [002] ..... 1634753.697078: sys_inotify_add_watch -> 0xffffffffffffffea
             exe-1049981 [002] ..... 1634753.697100: sys_wait4(upid: 1005aa, stat_addr: c000a29bf4, options: 40000002, ru: 0)
             exe-1049981 [002] ..... 1634753.697103: sys_wait4 -> 0x1005aa
             exe-1049981 [002] ..... 1634753.697106: sys_ptrace(request: 4204, pid: 1005aa, addr: 1, data: c000a29c70)
             exe-1049981 [002] ..... 1634753.697109: sys_ptrace -> 0x0
             exe-1049981 [002] ..... 1634753.697111: sys_ptrace(request: 4204, pid: 1005aa, addr: 202, data: c000a29c70)
             exe-1049981 [002] ..... 1634753.697114: sys_ptrace -> 0x0
             exe-1049567 [003] ..... 1634753.697120: sys_nanosleep -> 0x0
             exe-1049981 [002] ..... 1634753.697124: sys_pwrite64(fd: 63, buf: 7fd66e235080, count: 72, pos: 74)
             exe-1049567 [003] ..... 1634753.697125: sys_nanosleep(rqtp: c000069f10, rmtp: 0)
             exe-1049981 [002] ..... 1634753.697125: tracing_mark_write: inotify_add_watch(fd=284, pathname="/victims/proc/self/root/usr/share/perl/5.34.0/unicore/lib/XIDC", mask=0xf) end
             exe-1049981 [002] ..... 1634753.766196: tracing_mark_write: inotify_add_watch(fd=284, pathname="/victims/proc/self/root/usr/share/vim/vim82/pack/dist/opt/justify", mask=0xf) start
             exe-1049981 [002] ..... 1634753.766198: sys_pwrite64 -> 0x77
             exe-1049981 [002] ..... 1634753.766204: sys_ptrace(request: 4205, pid: 1005aa, addr: 1, data: c000a29c70)
             exe-1050008 [003] ..... 1634753.766206: sys_epoll_pwait -> 0x0
             exe-1049981 [002] ..... 1634753.766207: sys_ptrace -> 0x0
             exe-1049981 [002] ..... 1634753.766208: sys_ptrace(request: 4205, pid: 1005aa, addr: 202, data: c000a29c70)
             exe-1050008 [003] ..... 1634753.766218: sys_epoll_pwait(epfd: 11, events: c000a2d840, maxevents: 80, timeout: 1, sigmask: 0, sigsetsize: 0)
             exe-1049981 [002] ..... 1634753.766219: sys_ptrace -> 0x0
             exe-1049981 [002] ..... 1634753.766220: sys_ptrace(request: 1f, pid: 1005aa, addr: 0, data: 0)
             exe-1049981 [002] .N... 1634753.766227: sys_ptrace -> 0x0
             exe-1049567 [003] ..... 1634753.766237: sys_nanosleep -> 0x0
             exe-1050026 [002] ..... 1634753.766238: sys_write -> 0x77
             exe-1049567 [003] ..... 1634753.766240: sys_nanosleep(rqtp: c000069f10, rmtp: 0)
             exe-1049673 [003] ..... 1634753.766256: sys_nanosleep -> 0x0
             exe-1049981 [002] ..... 1634753.766256: sys_wait4(upid: 1005aa, stat_addr: c000a29bf4, options: 40000002, ru: 0)
             exe-1049981 [002] ..... 1634753.766259: sys_wait4 -> 0x1005aa
             exe-1049981 [002] ..... 1634753.766261: sys_ptrace(request: 4204, pid: 1005aa, addr: 1, data: c000a29c70)
             exe-1049673 [003] ..... 1634753.766262: sys_nanosleep(rqtp: c000069f10, rmtp: 0)
             exe-1049981 [002] ..... 1634753.766265: sys_ptrace -> 0x0
             exe-1049981 [002] ..... 1634753.766266: sys_ptrace(request: 4204, pid: 1005aa, addr: 202, data: c000a29c70)
             exe-1049981 [002] ..... 1634753.766268: sys_ptrace -> 0x0
             exe-1049981 [002] ..... 1634753.766275: sys_ptrace(request: 4205, pid: 1005aa, addr: 1, data: c000a29c70)
             exe-1049981 [002] ..... 1634753.766278: sys_ptrace -> 0x0
             exe-1049981 [002] ..... 1634753.766279: sys_ptrace(request: 4205, pid: 1005aa, addr: 202, data: c000a29c70)
             exe-1049981 [002] ..... 1634753.766288: sys_ptrace -> 0x0
             exe-1049981 [002] ..... 1634753.766289: sys_ptrace(request: 1f, pid: 1005aa, addr: 0, data: 0)
             exe-1049981 [002] .N... 1634753.766296: sys_ptrace -> 0x0
             exe-1050026 [002] ..... 1634753.766305: sys_inotify_add_watch -> 0xffffffffffffffea
             exe-1049981 [002] ..... 1634753.766323: sys_wait4(upid: 1005aa, stat_addr: c000a29bf4, options: 40000002, ru: 0)
             exe-1049981 [002] ..... 1634753.766326: sys_wait4 -> 0x1005aa
             exe-1049981 [002] ..... 1634753.766328: sys_ptrace(request: 4204, pid: 1005aa, addr: 1, data: c000a29c70)
             exe-1049981 [002] ..... 1634753.766331: sys_ptrace -> 0x0
             exe-1049981 [002] ..... 1634753.766333: sys_ptrace(request: 4204, pid: 1005aa, addr: 202, data: c000a29c70)
             exe-1049981 [002] ..... 1634753.766335: sys_ptrace -> 0x0
             exe-1049981 [002] ..... 1634753.766344: sys_pwrite64(fd: 63, buf: 7fd66e235080, count: 75, pos: 77)
             exe-1049981 [002] ..... 1634753.766345: tracing_mark_write: inotify_add_watch(fd=284, pathname="/victims/proc/self/root/usr/share/vim/vim82/pack/dist/opt/justify", mask=0xf) end
             exe-1049981 [002] ..... 1634753.846746: tracing_mark_write: inotify_add_watch(fd=284, pathname="/victims/proc/self/root/usr/share/doc/libfido2-1/", mask=0xf) start
             exe-1049981 [002] ..... 1634753.846748: sys_pwrite64 -> 0x67
             exe-1049981 [002] ..... 1634753.846755: sys_ptrace(request: 4205, pid: 1005aa, addr: 1, data: c000a29c70)
             exe-1049981 [002] ..... 1634753.846758: sys_ptrace -> 0x0
             exe-1049981 [002] ..... 1634753.846759: sys_ptrace(request: 4205, pid: 1005aa, addr: 202, data: c000a29c70)
             exe-1049981 [002] ..... 1634753.846772: sys_ptrace -> 0x0
             exe-1049981 [002] ..... 1634753.846773: sys_ptrace(request: 1f, pid: 1005aa, addr: 0, data: 0)
             exe-1049981 [002] .N... 1634753.846781: sys_ptrace -> 0x0
             exe-1050026 [002] ..... 1634753.846793: sys_write -> 0x67
             exe-1049981 [002] ..... 1634753.846814: sys_wait4(upid: 1005aa, stat_addr: c000a29bf4, options: 40000002, ru: 0)
             exe-1049981 [002] ..... 1634753.846816: sys_wait4 -> 0x1005aa
             exe-1049981 [002] ..... 1634753.846819: sys_ptrace(request: 4204, pid: 1005aa, addr: 1, data: c000a29c70)
             exe-1049981 [002] ..... 1634753.846823: sys_ptrace -> 0x0
             exe-1049981 [002] ..... 1634753.846824: sys_ptrace(request: 4204, pid: 1005aa, addr: 202, data: c000a29c70)
             exe-1049981 [002] ..... 1634753.846827: sys_ptrace -> 0x0
             exe-1049981 [002] ..... 1634753.846835: sys_ptrace(request: 4205, pid: 1005aa, addr: 1, data: c000a29c70)
             exe-1049981 [002] ..... 1634753.846838: sys_ptrace -> 0x0
             exe-1049981 [002] ..... 1634753.846839: sys_ptrace(request: 4205, pid: 1005aa, addr: 202, data: c000a29c70)
             exe-1049981 [002] ..... 1634753.846849: sys_ptrace -> 0x0
             exe-1049981 [002] ..... 1634753.846851: sys_ptrace(request: 1f, pid: 1005aa, addr: 0, data: 0)
             exe-1049981 [002] .N... 1634753.846859: sys_ptrace -> 0x0
             exe-1050026 [002] ..... 1634753.846870: sys_inotify_add_watch -> 0xffffffffffffffea
             exe-1049981 [002] ..... 1634753.846894: sys_wait4(upid: 1005aa, stat_addr: c000a29bf4, options: 40000002, ru: 0)
             exe-1049981 [002] ..... 1634753.846897: sys_wait4 -> 0x1005aa
             exe-1049981 [002] ..... 1634753.846900: sys_ptrace(request: 4204, pid: 1005aa, addr: 1, data: c000a29c70)
             exe-1049981 [002] ..... 1634753.846903: sys_ptrace -> 0x0
             exe-1049981 [002] ..... 1634753.846905: sys_ptrace(request: 4204, pid: 1005aa, addr: 202, data: c000a29c70)
             exe-1049981 [002] ..... 1634753.846908: sys_ptrace -> 0x0
             exe-1049981 [002] ..... 1634753.846918: sys_pwrite64(fd: 63, buf: 7fd66e235080, count: 65, pos: 67)
             exe-1049981 [002] ..... 1634753.846919: tracing_mark_write: inotify_add_watch(fd=284, pathname="/victims/proc/self/root/usr/share/doc/libfido2-1/", mask=0xf) end
             exe-1049981 [002] ..... 1634753.924100: tracing_mark_write: inotify_add_watch(fd=284, pathname="/victims/proc/self/root/usr/share/vim/vim82/lang/zh_CN", mask=0xf) start
             exe-1049981 [002] ..... 1634753.924102: sys_pwrite64 -> 0x6c
             exe-1049981 [002] ..... 1634753.924111: sys_ptrace(request: 4205, pid: 1005aa, addr: 1, data: c000a29c70)
             exe-1049981 [002] ..... 1634753.924115: sys_ptrace -> 0x0
             exe-1049981 [002] ..... 1634753.924117: sys_ptrace(request: 4205, pid: 1005aa, addr: 202, data: c000a29c70)
             exe-1049981 [002] ..... 1634753.924206: sys_ptrace -> 0x0
             exe-1049981 [002] ..... 1634753.924210: sys_ptrace(request: 1f, pid: 1005aa, addr: 0, data: 0)
             exe-1049981 [002] .N... 1634753.924218: sys_ptrace -> 0x0
             exe-1050026 [002] ..... 1634753.924231: sys_write -> 0x6c
             exe-1049981 [002] ..... 1634753.924326: sys_wait4(upid: 1005aa, stat_addr: c000a29bf4, options: 40000002, ru: 0)
             exe-1049981 [002] ..... 1634753.924329: sys_wait4 -> 0x1005aa
             exe-1049981 [002] ..... 1634753.924331: sys_ptrace(request: 4204, pid: 1005aa, addr: 1, data: c000a29c70)
             exe-1049981 [002] ..... 1634753.924336: sys_ptrace -> 0x0
             exe-1049981 [002] ..... 1634753.924337: sys_ptrace(request: 4204, pid: 1005aa, addr: 202, data: c000a29c70)
             exe-1049981 [002] ..... 1634753.924340: sys_ptrace -> 0x0
             exe-1049981 [002] ..... 1634753.924351: sys_ptrace(request: 4205, pid: 1005aa, addr: 1, data: c000a29c70)
             exe-1049673 [000] ..... 1634753.924353: sys_nanosleep -> 0x0
             exe-1049981 [002] ..... 1634753.924353: sys_ptrace -> 0x0
             exe-1049981 [002] ..... 1634753.924355: sys_ptrace(request: 4205, pid: 1005aa, addr: 202, data: c000a29c70)
             exe-1049673 [000] ..... 1634753.924360: sys_nanosleep(rqtp: c000069f10, rmtp: 0)
             exe-1049981 [002] ..... 1634753.924366: sys_ptrace -> 0x0
             exe-1049981 [002] ..... 1634753.924368: sys_ptrace(request: 1f, pid: 1005aa, addr: 0, data: 0)
             exe-1049981 [002] .N... 1634753.924398: sys_ptrace -> 0x0
             exe-1050026 [002] ..... 1634753.924441: sys_inotify_add_watch -> 0xffffffffffffffea
             exe-1049981 [002] ..... 1634753.924468: sys_wait4(upid: 1005aa, stat_addr: c000a29bf4, options: 40000002, ru: 0)
             exe-1049981 [002] ..... 1634753.924472: sys_wait4 -> 0x1005aa
             exe-1049981 [002] ..... 1634753.924475: sys_ptrace(request: 4204, pid: 1005aa, addr: 1, data: c000a29c70)
             exe-1049981 [002] ..... 1634753.924479: sys_ptrace -> 0x0
             exe-1049981 [002] ..... 1634753.924481: sys_ptrace(request: 4204, pid: 1005aa, addr: 202, data: c000a29c70)
             exe-1049981 [002] ..... 1634753.924484: sys_ptrace -> 0x0
             exe-1049981 [002] ..... 1634753.924574: sys_pwrite64(fd: 63, buf: 7fd66e235080, count: 6a, pos: 6c)
             exe-1049981 [002] ..... 1634753.924577: tracing_mark_write: inotify_add_watch(fd=284, pathname="/victims/proc/self/root/usr/share/vim/vim82/lang/zh_CN", mask=0xf) end
             exe-1049981 [002] ..... 1634753.986193: tracing_mark_write: inotify_add_watch(fd=288, pathname="/victims/usr/lib/x86_64-linux-gnu/perl/5.34.0/auto/attributes", mask=0xf) start
             exe-1049981 [002] ..... 1634753.986195: sys_pwrite64 -> 0x73
             exe-1049673 [000] ..... 1634753.986202: sys_nanosleep -> 0x0
             exe-1049673 [000] ..... 1634753.986207: sys_nanosleep(rqtp: c000069f10, rmtp: 0)
             exe-1049981 [002] ..... 1634753.986214: sys_ptrace(request: 4205, pid: 1005aa, addr: 1, data: c000a29c70)
             exe-1049981 [002] ..... 1634753.986216: sys_ptrace -> 0x0
             exe-1049981 [002] ..... 1634753.986218: sys_ptrace(request: 4205, pid: 1005aa, addr: 202, data: c000a29c70)
             exe-1049981 [002] ..... 1634753.986228: sys_ptrace -> 0x0
             exe-1049981 [002] ..... 1634753.986229: sys_ptrace(request: 1f, pid: 1005aa, addr: 0, data: 0)
             exe-1049981 [002] .N... 1634753.986236: sys_ptrace -> 0x0
             exe-1050026 [002] ..... 1634753.986247: sys_write -> 0x73
             exe-1049981 [002] ..... 1634753.986265: sys_wait4(upid: 1005aa, stat_addr: c000a29bf4, options: 40000002, ru: 0)
             exe-1049981 [002] ..... 1634753.986268: sys_wait4 -> 0x1005aa
             exe-1049981 [002] ..... 1634753.986270: sys_ptrace(request: 4204, pid: 1005aa, addr: 1, data: c000a29c70)
             exe-1049981 [002] ..... 1634753.986273: sys_ptrace -> 0x0
             exe-1049981 [002] ..... 1634753.986275: sys_ptrace(request: 4204, pid: 1005aa, addr: 202, data: c000a29c70)
             exe-1049981 [002] ..... 1634753.986278: sys_ptrace -> 0x0
             exe-1049981 [002] ..... 1634753.986285: sys_ptrace(request: 4205, pid: 1005aa, addr: 1, data: c000a29c70)
             exe-1049567 [000] ..... 1634753.986286: sys_nanosleep -> 0x0
             exe-1049981 [002] ..... 1634753.986287: sys_ptrace -> 0x0
             exe-1049981 [002] ..... 1634753.986289: sys_ptrace(request: 4205, pid: 1005aa, addr: 202, data: c000a29c70)
             exe-1049567 [000] ..... 1634753.986292: sys_nanosleep(rqtp: c000069f10, rmtp: 0)
             exe-1049981 [002] ..... 1634753.986298: sys_ptrace -> 0x0
             exe-1049981 [002] ..... 1634753.986300: sys_ptrace(request: 1f, pid: 1005aa, addr: 0, data: 0)
             exe-1049981 [002] .N... 1634753.986306: sys_ptrace -> 0x0
             exe-1049673 [000] ..... 1634753.986314: sys_nanosleep -> 0x0
             exe-1050026 [002] ..... 1634753.986316: sys_inotify_add_watch -> 0xffffffffffffffea
             exe-1049673 [000] ..... 1634753.986320: sys_nanosleep(rqtp: c000069f10, rmtp: 0)
             exe-1049981 [002] ..... 1634753.986334: sys_wait4(upid: 1005aa, stat_addr: c000a29bf4, options: 40000002, ru: 0)
             exe-1049981 [002] ..... 1634753.986337: sys_wait4 -> 0x1005aa
             exe-1049981 [002] ..... 1634753.986339: sys_ptrace(request: 4204, pid: 1005aa, addr: 1, data: c000a29c70)
             exe-1049981 [002] ..... 1634753.986342: sys_ptrace -> 0x0
             exe-1049981 [002] ..... 1634753.986344: sys_ptrace(request: 4204, pid: 1005aa, addr: 202, data: c000a29c70)
             exe-1049981 [002] ..... 1634753.986346: sys_ptrace -> 0x0
             exe-1049981 [002] ..... 1634753.986355: sys_pwrite64(fd: 63, buf: 7fd66e235080, count: 71, pos: 73)
             exe-1049981 [002] ..... 1634753.986356: tracing_mark_write: inotify_add_watch(fd=288, pathname="/victims/usr/lib/x86_64-linux-gnu/perl/5.34.0/auto/attributes", mask=0xf) end
             exe-1049981 [002] ..... 1634754.071540: tracing_mark_write: inotify_add_watch(fd=288, pathname="/victims/usr/share/X11/locale/iso8859-5", mask=0xf) start
             exe-1049981 [002] ..... 1634754.071541: sys_pwrite64 -> 0x5d
             exe-1050282 [001] ..... 1634754.071548: sys_futex(uaddr: c000435948, op: 81, val: 1, utime: 0, uaddr2: 0, val3: 0)
             exe-1049981 [002] ..... 1634754.071548: sys_ptrace(request: 4205, pid: 1005aa, addr: 1, data: c000a29c70)
             exe-1049981 [002] ..... 1634754.071551: sys_ptrace -> 0x0
             exe-1049981 [002] ..... 1634754.071552: sys_ptrace(request: 4205, pid: 1005aa, addr: 202, data: c000a29c70)
             exe-1049981 [002] ..... 1634754.071563: sys_ptrace -> 0x0
             exe-1049981 [002] ..... 1634754.071565: sys_ptrace(request: 1f, pid: 1005aa, addr: 0, data: 0)
