             exe-1049673 [000] ..... 1634747.795723: sys_nanosleep(rqtp: c000069f10, rmtp: 0)
             exe-1050008 [000] ..... 1634747.795744: sys_wait4 -> 0x10059f
             exe-1050008 [000] ..... 1634747.795749: sys_ptrace(request: 4204, pid: 10059f, addr: 1, data: c000a29c70)
             exe-1050008 [000] ..... 1634747.795753: sys_ptrace -> 0x0
             exe-1050008 [000] ..... 1634747.795755: sys_ptrace(request: 4204, pid: 10059f, addr: 202, data: c000a29c70)
             exe-1050008 [000] ..... 1634747.795758: sys_ptrace -> 0x0
             exe-1049567 [000] ..... 1634747.795823: sys_nanosleep -> 0x0
             exe-1049567 [000] ..... 1634747.795828: sys_nanosleep(rqtp: c000069f10, rmtp: 0)
             exe-1049673 [000] ..... 1634747.795840: sys_nanosleep -> 0x0
             exe-1049673 [000] ..... 1634747.795846: sys_nanosleep(rqtp: c000069f10, rmtp: 0)
             exe-1049673 [000] ..... 1634747.795955: sys_nanosleep -> 0x0
             exe-1049673 [000] ..... 1634747.795961: sys_nanosleep(rqtp: c000069f10, rmtp: 0)
             exe-1050008 [000] ..... 1634747.795994: sys_ptrace(request: 4205, pid: 10059f, addr: 1, data: c000a29c70)
             exe-1050008 [000] ..... 1634747.795999: sys_ptrace -> 0x0
             exe-1050008 [000] ..... 1634747.796000: sys_ptrace(request: 4205, pid: 10059f, addr: 202, data: c000a29c70)
             exe-1050008 [000] ..... 1634747.796015: sys_ptrace -> 0x0
             exe-1050008 [000] ..... 1634747.796016: sys_ptrace(request: 1f, pid: 10059f, addr: 0, data: 0)
             exe-1050008 [000] ..... 1634747.796031: sys_ptrace -> 0x0
             exe-1049673 [000] ..... 1634747.796062: sys_nanosleep -> 0x0
             exe-1049673 [000] ..... 1634747.796068: sys_nanosleep(rqtp: c000069f10, rmtp: 0)
             exe-1050008 [000] ..... 1634747.796091: sys_wait4(upid: 10059f, stat_addr: c000a29bf4, options: 40000002, ru: 0)
             exe-1050015 [002] ..... 1634747.796107: sys_inotify_add_watch -> 0x2
             exe-1050008 [000] ..... 1634747.796132: sys_wait4 -> 0x10059f
             exe-1050008 [000] ..... 1634747.796135: sys_ptrace(request: 4204, pid: 10059f, addr: 1, data: c000a29c70)
             exe-1050008 [000] ..... 1634747.796139: sys_ptrace -> 0x0
             exe-1049673 [000] ..... 1634747.796166: sys_nanosleep -> 0x0
             exe-1049673 [000] ..... 1634747.796172: sys_nanosleep(rqtp: c000069f10, rmtp: 0)
             exe-1050008 [000] ..... 1634747.796195: sys_ptrace(request: 4204, pid: 10059f, addr: 202, data: c000a29c70)
             exe-1050008 [000] ..... 1634747.796200: sys_ptrace -> 0x0
             exe-1050008 [000] ..... 1634747.796215: sys_pwrite64(fd: 63, buf: 7fd66e235080, count: 57, pos: 59)
             exe-1050008 [000] ..... 1634747.796217: tracing_mark_write: inotify_add_watch(fd=276, pathname="/victims/usr/share/git-core/contrib", mask=0x6) end
             exe-1050008 [000] ..... 1634747.870332: tracing_mark_write: inotify_add_watch(fd=276, pathname="/victims/proc/self/root/usr/share/doc/git/contrib/update-unicode", mask=0x7) start
             exe-1050008 [000] ..... 1634747.870334: sys_pwrite64 -> 0x76
             exe-1050008 [000] ..... 1634747.870339: sys_ptrace(request: 4205, pid: 10059f, addr: 1, data: c000a29c70)
             exe-1050008 [000] ..... 1634747.870341: sys_ptrace -> 0x0
             exe-1050008 [000] ..... 1634747.870343: sys_ptrace(request: 4205, pid: 10059f, addr: 202, data: c000a29c70)
             exe-1050008 [000] ..... 1634747.870352: sys_ptrace -> 0x0
             exe-1050008 [000] ..... 1634747.870353: sys_ptrace(request: 1f, pid: 10059f, addr: 0, data: 0)
             exe-1050008 [000] ..... 1634747.870364: sys_ptrace -> 0x0
             exe-1050008 [000] ..... 1634747.870366: sys_wait4(upid: 10059f, stat_addr: c000a29bf4, options: 40000002, ru: 0)
             exe-1050015 [002] ..... 1634747.870385: sys_write -> 0x76
             exe-1050008 [000] ..... 1634747.870401: sys_wait4 -> 0x10059f
             exe-1050008 [000] ..... 1634747.870403: sys_ptrace(request: 4204, pid: 10059f, addr: 1, data: c000a29c70)
             exe-1050008 [000] ..... 1634747.870406: sys_ptrace -> 0x0
             exe-1050008 [000] ..... 1634747.870408: sys_ptrace(request: 4204, pid: 10059f, addr: 202, data: c000a29c70)
             exe-1050008 [000] ..... 1634747.870410: sys_ptrace -> 0x0
             exe-1049673 [000] ..... 1634747.870853: sys_nanosleep -> 0x0
             exe-1049673 [000] ..... 1634747.870862: sys_nanosleep(rqtp: c000069f10, rmtp: 0)
             exe-1050008 [000] ..... 1634747.870955: sys_ptrace(request: 4205, pid: 10059f, addr: 1, data: c000a29c70)
             exe-1050008 [000] ..... 1634747.870963: sys_ptrace -> 0x0
             exe-1050008 [000] ..... 1634747.870964: sys_ptrace(request: 4205, pid: 10059f, addr: 202, data: c000a29c70)
             exe-1050008 [000] ..... 1634747.870991: sys_ptrace -> 0x0
             exe-1050008 [000] ..... 1634747.870993: sys_ptrace(request: 1f, pid: 10059f, addr: 0, data: 0)
             exe-1050008 [000] ..... 1634747.871006: sys_ptrace -> 0x0
             exe-1050008 [000] ..... 1634747.871010: sys_wait4(upid: 10059f, stat_addr: c000a29bf4, options: 40000002, ru: 0)
             exe-1050015 [002] ..... 1634747.871032: sys_inotify_add_watch -> 0x3
             exe-1050008 [000] ..... 1634747.871055: sys_wait4 -> 0x10059f
             exe-1050008 [000] ..... 1634747.871058: sys_ptrace(request: 4204, pid: 10059f, addr: 1, data: c000a29c70)
             exe-1050008 [000] ..... 1634747.871062: sys_ptrace -> 0x0
             exe-1050008 [000] ..... 1634747.871064: sys_ptrace(request: 4204, pid: 10059f, addr: 202, data: c000a29c70)
             exe-1050008 [000] ..... 1634747.871067: sys_ptrace -> 0x0
             exe-1050008 [000] ..... 1634747.871084: sys_pwrite64(fd: 63, buf: 7fd66e235080, count: 74, pos: 76)
             exe-1050008 [000] ..... 1634747.871087: tracing_mark_write: inotify_add_watch(fd=276, pathname="/victims/proc/self/root/usr/share/doc/git/contrib/update-unicode", mask=0x7) end
             exe-1050008 [000] ..... 1634747.953599: tracing_mark_write: inotify_add_watch(fd=12, pathname="/victims/proc/self/root/usr/lib/python3.10/xml/parsers", mask=0x8) start
             exe-1050008 [000] ..... 1634747.953601: sys_pwrite64 -> 0x6b
             exe-1050008 [000] ..... 1634747.953606: sys_ptrace(request: 4205, pid: 10059f, addr: 1, data: c000a29c70)
             exe-1050008 [000] ..... 1634747.953609: sys_ptrace -> 0x0
             exe-1050008 [000] ..... 1634747.953610: sys_ptrace(request: 4205, pid: 10059f, addr: 202, data: c000a29c70)
             exe-1050008 [000] ..... 1634747.953619: sys_ptrace -> 0x0
             exe-1050008 [000] ..... 1634747.953621: sys_ptrace(request: 1f, pid: 10059f, addr: 0, data: 0)
             exe-1050008 [000] ..... 1634747.953644: sys_ptrace -> 0x0
             exe-1050008 [000] ..... 1634747.953647: sys_wait4(upid: 10059f, stat_addr: c000a29bf4, options: 40000002, ru: 0)
             exe-1050015 [002] ..... 1634747.953658: sys_write -> 0x6b
             exe-1050008 [000] ..... 1634747.953676: sys_wait4 -> 0x10059f
             exe-1050008 [000] ..... 1634747.953678: sys_ptrace(request: 4204, pid: 10059f, addr: 1, data: c000a29c70)
             exe-1050008 [000] ..... 1634747.953681: sys_ptrace -> 0x0
             exe-1050008 [000] ..... 1634747.953683: sys_ptrace(request: 4204, pid: 10059f, addr: 202, data: c000a29c70)
             exe-1050008 [000] ..... 1634747.953685: sys_ptrace -> 0x0
             exe-1050008 [000] ..... 1634747.953705: sys_ptrace(request: 4205, pid: 10059f, addr: 1, data: c000a29c70)
             exe-1050008 [000] ..... 1634747.953708: sys_ptrace -> 0x0
             exe-1050008 [000] ..... 1634747.953709: sys_ptrace(request: 4205, pid: 10059f, addr: 202, data: c000a29c70)
             exe-1050008 [000] ..... 1634747.953718: sys_ptrace -> 0x0
             exe-1050008 [000] ..... 1634747.953720: sys_ptrace(request: 1f, pid: 10059f, addr: 0, data: 0)
             exe-1050008 [000] ..... 1634747.953726: sys_ptrace -> 0x0
             exe-1050008 [000] ..... 1634747.953729: sys_wait4(upid: 10059f, stat_addr: c000a29bf4, options: 40000002, ru: 0)
             exe-1050015 [002] ..... 1634747.953732: sys_inotify_add_watch -> 0xffffffffffffffea
             exe-1050008 [000] ..... 1634747.953747: sys_wait4 -> 0x10059f
             exe-1050008 [000] ..... 1634747.953750: sys_ptrace(request: 4204, pid: 10059f, addr: 1, data: c000a29c70)
             exe-1050008 [000] ..... 1634747.953752: sys_ptrace -> 0x0
             exe-1050008 [000] ..... 1634747.953754: sys_ptrace(request: 4204, pid: 10059f, addr: 202, data: c000a29c70)
             exe-1050008 [000] ..... 1634747.953756: sys_ptrace -> 0x0
             exe-1050008 [000] ..... 1634747.953763: sys_pwrite64(fd: 63, buf: 7fd66e235080, count: 69, pos: 6b)
             exe-1050008 [000] ..... 1634747.953764: tracing_mark_write: inotify_add_watch(fd=12, pathname="/victims/proc/self/root/usr/lib/python3.10/xml/parsers", mask=0x8) end
             exe-1050008 [000] ..... 1634748.021791: tracing_mark_write: inotify_add_watch(fd=12, pathname="/victims/proc/self/root/usr/share/perl/5.34.0/unicore/lib/Hst", mask=0x8) start
             exe-1050008 [000] ..... 1634748.021792: sys_pwrite64 -> 0x72
             exe-1050008 [000] ..... 1634748.021799: sys_ptrace(request: 4205, pid: 10059f, addr: 1, data: c000a29c70)
             exe-1050008 [000] ..... 1634748.021801: sys_ptrace -> 0x0
             exe-1050008 [000] ..... 1634748.021803: sys_ptrace(request: 4205, pid: 10059f, addr: 202, data: c000a29c70)
             exe-1050008 [000] ..... 1634748.021812: sys_ptrace -> 0x0
             exe-1050008 [000] ..... 1634748.021814: sys_ptrace(request: 1f, pid: 10059f, addr: 0, data: 0)
             exe-1050008 [000] ..... 1634748.021825: sys_ptrace -> 0x0
             exe-1050008 [000] ..... 1634748.021827: sys_wait4(upid: 10059f, stat_addr: c000a29bf4, options: 40000002, ru: 0)
             exe-1050015 [002] ..... 1634748.021844: sys_write -> 0x72
             exe-1050008 [000] ..... 1634748.021861: sys_wait4 -> 0x10059f
             exe-1050008 [000] ..... 1634748.021864: sys_ptrace(request: 4204, pid: 10059f, addr: 1, data: c000a29c70)
             exe-1050008 [000] ..... 1634748.021866: sys_ptrace -> 0x0
             exe-1050008 [000] ..... 1634748.021868: sys_ptrace(request: 4204, pid: 10059f, addr: 202, data: c000a29c70)
             exe-1050008 [000] ..... 1634748.021870: sys_ptrace -> 0x0
             exe-1050008 [000] ..... 1634748.021875: sys_ptrace(request: 4205, pid: 10059f, addr: 1, data: c000a29c70)
             exe-1050008 [000] ..... 1634748.021878: sys_ptrace -> 0x0
             exe-1050008 [000] ..... 1634748.021879: sys_ptrace(request: 4205, pid: 10059f, addr: 202, data: c000a29c70)
             exe-1050008 [000] ..... 1634748.021887: sys_ptrace -> 0x0
             exe-1050008 [000] ..... 1634748.021888: sys_ptrace(request: 1f, pid: 10059f, addr: 0, data: 0)
             exe-1050008 [000] ..... 1634748.021898: sys_ptrace -> 0x0
             exe-1050008 [000] ..... 1634748.021900: sys_wait4(upid: 10059f, stat_addr: c000a29bf4, options: 40000002, ru: 0)
             exe-1050015 [002] ..... 1634748.021911: sys_inotify_add_watch -> 0xffffffffffffffea
             exe-1050008 [000] ..... 1634748.021926: sys_wait4 -> 0x10059f
             exe-1050008 [000] ..... 1634748.021929: sys_ptrace(request: 4204, pid: 10059f, addr: 1, data: c000a29c70)
             exe-1050008 [000] ..... 1634748.021932: sys_ptrace -> 0x0
             exe-1050008 [000] ..... 1634748.021933: sys_ptrace(request: 4204, pid: 10059f, addr: 202, data: c000a29c70)
             exe-1050008 [000] ..... 1634748.021935: sys_ptrace -> 0x0
             exe-1050008 [000] ..... 1634748.021941: sys_pwrite64(fd: 63, buf: 7fd66e235080, count: 70, pos: 72)
             exe-1050008 [000] ..... 1634748.021942: tracing_mark_write: inotify_add_watch(fd=12, pathname="/victims/proc/self/root/usr/share/perl/5.34.0/unicore/lib/Hst", mask=0x8) end
             exe-1050008 [003] ..... 1634748.106341: tracing_mark_write: inotify_add_watch(fd=12, pathname="/victims/usr/include/rpc", mask=0x8) start
             exe-1050008 [003] ..... 1634748.106342: sys_pwrite64 -> 0x4d
             exe-1050008 [003] ..... 1634748.106347: sys_ptrace(request: 4205, pid: 10059f, addr: 1, data: c000a29c70)
             exe-1050008 [003] ..... 1634748.106352: sys_ptrace -> 0x0
             exe-1050008 [003] ..... 1634748.106353: sys_ptrace(request: 4205, pid: 10059f, addr: 202, data: c000a29c70)
             exe-1050008 [003] ..... 1634748.106361: sys_ptrace -> 0x0
             exe-1050008 [003] ..... 1634748.106363: sys_ptrace(request: 1f, pid: 10059f, addr: 0, data: 0)
             exe-1049673 [000] ..... 1634748.106367: sys_nanosleep -> 0x0
             exe-1049673 [000] ..... 1634748.106374: sys_nanosleep(rqtp: c000069f10, rmtp: 0)
             exe-1050008 [003] ..... 1634748.106376: sys_ptrace -> 0x0
             exe-1050008 [003] ..... 1634748.106378: sys_wait4(upid: 10059f, stat_addr: c000a29bf4, options: 40000002, ru: 0)
             exe-1050015 [000] ..... 1634748.106403: sys_write -> 0x4d
             exe-1050008 [003] ..... 1634748.106422: sys_wait4 -> 0x10059f
             exe-1050008 [003] ..... 1634748.106424: sys_ptrace(request: 4204, pid: 10059f, addr: 1, data: c000a29c70)
             exe-1050008 [003] ..... 1634748.106426: sys_ptrace -> 0x0
             exe-1050008 [003] ..... 1634748.106428: sys_ptrace(request: 4204, pid: 10059f, addr: 202, data: c000a29c70)
             exe-1050008 [003] ..... 1634748.106430: sys_ptrace -> 0x0
             exe-1050008 [003] ..... 1634748.106436: sys_ptrace(request: 4205, pid: 10059f, addr: 1, data: c000a29c70)
             exe-1050008 [003] ..... 1634748.106439: sys_ptrace -> 0x0
             exe-1050008 [003] ..... 1634748.106440: sys_ptrace(request: 4205, pid: 10059f, addr: 202, data: c000a29c70)
             exe-1050008 [003] ..... 1634748.106447: sys_ptrace -> 0x0
             exe-1050008 [003] ..... 1634748.106448: sys_ptrace(request: 1f, pid: 10059f, addr: 0, data: 0)
             exe-1050008 [003] ..... 1634748.106454: sys_ptrace -> 0x0
             exe-1050008 [003] ..... 1634748.106456: sys_wait4(upid: 10059f, stat_addr: c000a29bf4, options: 40000002, ru: 0)
             exe-1049673 [000] ..... 1634748.106486: sys_nanosleep -> 0x0
             exe-1049673 [000] ..... 1634748.106492: sys_nanosleep(rqtp: c000069f10, rmtp: 0)
             exe-1050015 [000] ..... 1634748.106514: sys_inotify_add_watch -> 0xffffffffffffffea
             exe-1050008 [003] ..... 1634748.106531: sys_wait4 -> 0x10059f
             exe-1050008 [003] ..... 1634748.106534: sys_ptrace(request: 4204, pid: 10059f, addr: 1, data: c000a29c70)
             exe-1050008 [003] ..... 1634748.106536: sys_ptrace -> 0x0
             exe-1050008 [003] ..... 1634748.106537: sys_ptrace(request: 4204, pid: 10059f, addr: 202, data: c000a29c70)
             exe-1050008 [003] ..... 1634748.106539: sys_ptrace -> 0x0
             exe-1050008 [003] ..... 1634748.106544: sys_pwrite64(fd: 63, buf: 7fd66e235080, count: 4b, pos: 4d)
             exe-1050008 [003] ..... 1634748.106545: tracing_mark_write: inotify_add_watch(fd=12, pathname="/victims/usr/include/rpc", mask=0x8) end
             exe-1050008 [003] ..... 1634748.174870: tracing_mark_write: inotify_add_watch(fd=12, pathname="/victims/proc/self/root/usr/share/perl/5.34.0/IO/Compress/Zip", mask=0x8) start
             exe-1050008 [003] ..... 1634748.174872: sys_pwrite64 -> 0x72
             exe-1050008 [003] ..... 1634748.174877: sys_ptrace(request: 4205, pid: 10059f, addr: 1, data: c000a29c70)
             exe-1050008 [003] ..... 1634748.174879: sys_ptrace -> 0x0
             exe-1050008 [003] ..... 1634748.174880: sys_ptrace(request: 4205, pid: 10059f, addr: 202, data: c000a29c70)
             exe-1050008 [003] ..... 1634748.174887: sys_ptrace -> 0x0
             exe-1050008 [003] ..... 1634748.174889: sys_ptrace(request: 1f, pid: 10059f, addr: 0, data: 0)
             exe-1050008 [003] ..... 1634748.174899: sys_ptrace -> 0x0
             exe-1050008 [003] ..... 1634748.174901: sys_wait4(upid: 10059f, stat_addr: c000a29bf4, options: 40000002, ru: 0)
             exe-1050015 [000] ..... 1634748.174919: sys_write -> 0x72
             exe-1050008 [003] ..... 1634748.174934: sys_wait4 -> 0x10059f
             exe-1050008 [003] ..... 1634748.174936: sys_ptrace(request: 4204, pid: 10059f, addr: 1, data: c000a29c70)
             exe-1050008 [003] ..... 1634748.174938: sys_ptrace -> 0x0
             exe-1050008 [003] ..... 1634748.174939: sys_ptrace(request: 4204, pid: 10059f, addr: 202, data: c000a29c70)
             exe-1050008 [003] ..... 1634748.174941: sys_ptrace -> 0x0
             exe-1050008 [003] ..... 1634748.174947: sys_ptrace(request: 4205, pid: 10059f, addr: 1, data: c000a29c70)
             exe-1050008 [003] ..... 1634748.174949: sys_ptrace -> 0x0
             exe-1050008 [003] ..... 1634748.174950: sys_ptrace(request: 4205, pid: 10059f, addr: 202, data: c000a29c70)
             exe-1050008 [003] ..... 1634748.174956: sys_ptrace -> 0x0
             exe-1050008 [003] ..... 1634748.174958: sys_ptrace(request: 1f, pid: 10059f, addr: 0, data: 0)
             exe-1050008 [003] ..... 1634748.174966: sys_ptrace -> 0x0
             exe-1050008 [003] ..... 1634748.174968: sys_wait4(upid: 10059f, stat_addr: c000a29bf4, options: 40000002, ru: 0)
             exe-1050015 [000] ..... 1634748.174985: sys_inotify_add_watch -> 0xffffffffffffffea
             exe-1050008 [003] ..... 1634748.174999: sys_wait4 -> 0x10059f
             exe-1050008 [003] ..... 1634748.175002: sys_ptrace(request: 4204, pid: 10059f, addr: 1, data: c000a29c70)
             exe-1050008 [003] ..... 1634748.175004: sys_ptrace -> 0x0
             exe-1050008 [003] ..... 1634748.175005: sys_ptrace(request: 4204, pid: 10059f, addr: 202, data: c000a29c70)
             exe-1050008 [003] ..... 1634748.175007: sys_ptrace -> 0x0
             exe-1050008 [003] ..... 1634748.175012: sys_pwrite64(fd: 63, buf: 7fd66e235080, count: 70, pos: 72)
             exe-1050008 [003] ..... 1634748.175014: tracing_mark_write: inotify_add_watch(fd=12, pathname="/victims/proc/self/root/usr/share/perl/5.34.0/IO/Compress/Zip", mask=0x8) end
             exe-1050008 [003] ..... 1634748.253146: tracing_mark_write: inotify_add_watch(fd=374, pathname="/victims/usr/lib/gcc/x86_64-linux-gnu/11", mask=0x8) start
             exe-1050008 [003] ..... 1634748.253147: sys_pwrite64 -> 0x5e
             exe-1050008 [003] ..... 1634748.253155: sys_ptrace(request: 4205, pid: 10059f, addr: 1, data: c000a29c70)
             exe-1050008 [003] ..... 1634748.253158: sys_ptrace -> 0x0
             exe-1050008 [003] ..... 1634748.253160: sys_ptrace(request: 4205, pid: 10059f, addr: 202, data: c000a29c70)
             exe-1050008 [003] ..... 1634748.253171: sys_ptrace -> 0x0
             exe-1050008 [003] ..... 1634748.253173: sys_ptrace(request: 1f, pid: 10059f, addr: 0, data: 0)
             exe-1050008 [003] ..... 1634748.253177: sys_ptrace -> 0x0
             exe-1050008 [003] ..... 1634748.253179: sys_wait4(upid: 10059f, stat_addr: c000a29bf4, options: 40000002, ru: 0)
             exe-1050015 [003] ..... 1634748.253191: sys_write -> 0x5e
             exe-1050008 [003] ..... 1634748.253214: sys_wait4 -> 0x10059f
             exe-1050008 [003] ..... 1634748.253218: sys_ptrace(request: 4204, pid: 10059f, addr: 1, data: c000a29c70)
             exe-1050008 [003] ..... 1634748.253222: sys_ptrace -> 0x0
             exe-1050008 [003] ..... 1634748.253224: sys_ptrace(request: 4204, pid: 10059f, addr: 202, data: c000a29c70)
             exe-1050008 [003] ..... 1634748.253226: sys_ptrace -> 0x0
             exe-1049673 [000] ..... 1634748.253230: sys_nanosleep -> 0x0
             exe-1049673 [000] ..... 1634748.253232: sys_nanosleep(rqtp: c000069f10, rmtp: 0)
             exe-1050008 [003] ..... 1634748.253252: sys_ptrace(request: 4205, pid: 10059f, addr: 1, data: c000a29c70)
             exe-1050008 [003] ..... 1634748.253255: sys_ptrace -> 0x0
             exe-1050008 [003] ..... 1634748.253256: sys_ptrace(request: 4205, pid: 10059f, addr: 202, data: c000a29c70)
             exe-1050008 [003] ..... 1634748.253267: sys_ptrace -> 0x0
             exe-1050008 [003] ..... 1634748.253269: sys_ptrace(request: 1f, pid: 10059f, addr: 0, data: 0)
             exe-1050008 [003] ..... 1634748.253276: sys_ptrace -> 0x0
             exe-1050008 [003] ..... 1634748.253279: sys_wait4(upid: 10059f, stat_addr: c000a29bf4, options: 40000002, ru: 0)
             exe-1050015 [003] ..... 1634748.253293: sys_inotify_add_watch -> 0xffffffffffffffea
             exe-1050008 [003] ..... 1634748.253316: sys_wait4 -> 0x10059f
             exe-1049673 [000] ..... 1634748.253318: sys_nanosleep -> 0x0
             exe-1049673 [000] ..... 1634748.253320: sys_nanosleep(rqtp: c000069f10, rmtp: 0)
             exe-1050008 [003] ..... 1634748.253321: sys_ptrace(request: 4204, pid: 10059f, addr: 1, data: c000a29c70)
             exe-1050008 [003] ..... 1634748.253325: sys_ptrace -> 0x0
             exe-1050008 [003] ..... 1634748.253326: sys_ptrace(request: 4204, pid: 10059f, addr: 202, data: c000a29c70)
             exe-1050008 [003] ..... 1634748.253329: sys_ptrace -> 0x0
             exe-1050008 [003] ..... 1634748.253339: sys_pwrite64(fd: 63, buf: 7fd66e235080, count: 5c, pos: 5e)
             exe-1050008 [003] ..... 1634748.253340: tracing_mark_write: inotify_add_watch(fd=374, pathname="/victims/usr/lib/gcc/x86_64-linux-gnu/11", mask=0x8) end
             exe-1050008 [002] ..... 1634748.318816: tracing_mark_write: inotify_add_watch(fd=374, pathname="/victims/usr/local/games", mask=0x8) start
             exe-1050008 [002] ..... 1634748.318818: sys_pwrite64 -> 0x4e
             exe-1049567 [003] ..... 1634748.318821: sys_nanosleep -> 0x0
             exe-1049567 [003] ..... 1634748.318823: sys_nanosleep(rqtp: c000069f10, rmtp: 0)
             exe-1050008 [002] ..... 1634748.318825: sys_ptrace(request: 4205, pid: 10059f, addr: 1, data: c000a29c70)
             exe-1050008 [002] ..... 1634748.318828: sys_ptrace -> 0x0
             exe-1050008 [002] ..... 1634748.318829: sys_ptrace(request: 4205, pid: 10059f, addr: 202, data: c000a29c70)
             exe-1050008 [002] ..... 1634748.318841: sys_ptrace -> 0x0
             exe-1050008 [002] ..... 1634748.318843: sys_ptrace(request: 1f, pid: 10059f, addr: 0, data: 0)
             exe-1050008 [002] .N... 1634748.318850: sys_ptrace -> 0x0
             exe-1050015 [002] ..... 1634748.318862: sys_write -> 0x4e
             exe-1050008 [002] ..... 1634748.318881: sys_wait4(upid: 10059f, stat_addr: c000a29bf4, options: 40000002, ru: 0)
             exe-1050008 [002] ..... 1634748.318884: sys_wait4 -> 0x10059f
             exe-1050008 [002] ..... 1634748.318887: sys_ptrace(request: 4204, pid: 10059f, addr: 1, data: c000a29c70)
             exe-1050008 [002] ..... 1634748.318891: sys_ptrace -> 0x0
             exe-1050008 [002] ..... 1634748.318892: sys_ptrace(request: 4204, pid: 10059f, addr: 202, data: c000a29c70)
             exe-1050008 [002] ..... 1634748.318896: sys_ptrace -> 0x0
             exe-1050008 [002] ..... 1634748.318903: sys_ptrace(request: 4205, pid: 10059f, addr: 1, data: c000a29c70)
             exe-1050008 [002] ..... 1634748.318906: sys_ptrace -> 0x0
             exe-1050008 [002] ..... 1634748.318908: sys_ptrace(request: 4205, pid: 10059f, addr: 202, data: c000a29c70)
             exe-1049567 [003] ..... 1634748.318915: sys_nanosleep -> 0x0
             exe-1049567 [003] ..... 1634748.318918: sys_nanosleep(rqtp: c000069f10, rmtp: 0)
             exe-1050008 [002] ..... 1634748.318919: sys_ptrace -> 0x0
             exe-1050008 [002] ..... 1634748.318921: sys_ptrace(request: 1f, pid: 10059f, addr: 0, data: 0)
             exe-1050008 [002] .N... 1634748.318928: sys_ptrace -> 0x0
             exe-1050015 [002] ..... 1634748.318939: sys_inotify_add_watch -> 0xffffffffffffffea
             exe-1050008 [002] ..... 1634748.318958: sys_wait4(upid: 10059f, stat_addr: c000a29bf4, options: 40000002, ru: 0)
             exe-1050008 [002] ..... 1634748.318961: sys_wait4 -> 0x10059f
             exe-1050008 [002] ..... 1634748.318963: sys_ptrace(request: 4204, pid: 10059f, addr: 1, data: c000a29c70)
             exe-1050008 [002] ..... 1634748.318967: sys_ptrace -> 0x0
             exe-1050008 [002] ..... 1634748.318968: sys_ptrace(request: 4204, pid: 10059f, addr: 202, data: c000a29c70)
             exe-1050008 [002] ..... 1634748.318971: sys_ptrace -> 0x0
             exe-1050008 [002] ..... 1634748.318980: sys_pwrite64(fd: 63, buf: 7fd66e235080, count: 4c, pos: 4e)
             exe-1050008 [002] ..... 1634748.318982: tracing_mark_write: inotify_add_watch(fd=374, pathname="/victims/usr/local/games", mask=0x8) end
             exe-1050008 [000] ..... 1634748.389776: tracing_mark_write: inotify_add_watch(fd=350, pathname="/victims/usr/lib/systemd/user", mask=0x8) start
             exe-1050008 [000] ..... 1634748.389778: sys_pwrite64 -> 0x53
             exe-1050008 [000] ..... 1634748.389785: sys_ptrace(request: 4205, pid: 10059f, addr: 1, data: c000a29c70)
             exe-1050008 [000] ..... 1634748.389788: sys_ptrace -> 0x0
             exe-1050008 [000] ..... 1634748.389790: sys_ptrace(request: 4205, pid: 10059f, addr: 202, data: c000a29c70)
             exe-1050008 [000] ..... 1634748.389802: sys_ptrace -> 0x0
             exe-1050008 [000] ..... 1634748.389804: sys_ptrace(request: 1f, pid: 10059f, addr: 0, data: 0)
             exe-1050008 [000] .N... 1634748.389813: sys_ptrace -> 0x0
             exe-1050015 [000] ..... 1634748.389824: sys_write -> 0x53
             exe-1050008 [000] ..... 1634748.389844: sys_wait4(upid: 10059f, stat_addr: c000a29bf4, options: 40000002, ru: 0)
             exe-1050008 [000] ..... 1634748.389847: sys_wait4 -> 0x10059f
             exe-1050008 [000] ..... 1634748.389849: sys_ptrace(request: 4204, pid: 10059f, addr: 1, data: c000a29c70)
             exe-1050008 [000] ..... 1634748.389853: sys_ptrace -> 0x0
             exe-1050008 [000] ..... 1634748.389854: sys_ptrace(request: 4204, pid: 10059f, addr: 202, data: c000a29c70)
             exe-1050008 [000] ..... 1634748.389857: sys_ptrace -> 0x0
             exe-1050008 [000] ..... 1634748.389865: sys_ptrace(request: 4205, pid: 10059f, addr: 1, data: c000a29c70)
             exe-1050008 [000] ..... 1634748.389868: sys_ptrace -> 0x0
             exe-1050008 [000] ..... 1634748.389870: sys_ptrace(request: 4205, pid: 10059f, addr: 202, data: c000a29c70)
             exe-1050008 [000] ..... 1634748.389880: sys_ptrace -> 0x0
             exe-1050008 [000] ..... 1634748.389881: sys_ptrace(request: 1f, pid: 10059f, addr: 0, data: 0)
             exe-1050008 [000] .N... 1634748.389888: sys_ptrace -> 0x0
             exe-1050015 [000] ..... 1634748.389899: sys_inotify_add_watch -> 0xffffffffffffffea
             exe-1049567 [002] ..... 1634748.389904: sys_nanosleep -> 0x0
             exe-1049567 [002] ..... 1634748.389907: sys_nanosleep(rqtp: c000069f10, rmtp: 0)
             exe-1050008 [000] ..... 1634748.389919: sys_wait4(upid: 10059f, stat_addr: c000a29bf4, options: 40000002, ru: 0)
             exe-1050008 [000] ..... 1634748.389923: sys_wait4 -> 0x10059f
             exe-1050008 [000] ..... 1634748.389925: sys_ptrace(request: 4204, pid: 10059f, addr: 1, data: c000a29c70)
             exe-1050008 [000] ..... 1634748.389929: sys_ptrace -> 0x0
             exe-1050008 [000] ..... 1634748.389930: sys_ptrace(request: 4204, pid: 10059f, addr: 202, data: c000a29c70)
             exe-1050008 [000] ..... 1634748.389932: sys_ptrace -> 0x0
             exe-1050008 [000] ..... 1634748.389942: sys_pwrite64(fd: 63, buf: 7fd66e235080, count: 51, pos: 53)
             exe-1050008 [000] ..... 1634748.389944: tracing_mark_write: inotify_add_watch(fd=350, pathname="/victims/usr/lib/systemd/user", mask=0x8) end
             exe-1050008 [000] ..... 1634748.448958: tracing_mark_write: inotify_add_watch(fd=350, pathname="/victims/proc/self/root/trinity_t/trinity/scripts", mask=0x8) start
             exe-1050008 [000] ..... 1634748.448960: sys_pwrite64 -> 0x67
             exe-1050008 [000] ..... 1634748.448967: sys_ptrace(request: 4205, pid: 10059f, addr: 1, data: c000a29c70)
             exe-1050008 [000] ..... 1634748.448970: sys_ptrace -> 0x0
             exe-1050008 [000] ..... 1634748.448971: sys_ptrace(request: 4205, pid: 10059f, addr: 202, data: c000a29c70)
             exe-1050008 [000] ..... 1634748.448984: sys_ptrace -> 0x0
             exe-1050008 [000] ..... 1634748.448986: sys_ptrace(request: 1f, pid: 10059f, addr: 0, data: 0)
             exe-1050008 [000] .N... 1634748.448993: sys_ptrace -> 0x0
             exe-1050015 [000] ..... 1634748.449004: sys_write -> 0x67
             exe-1049567 [002] ..... 1634748.449022: sys_nanosleep -> 0x0
             exe-1049567 [002] ..... 1634748.449024: sys_nanosleep(rqtp: c000069f10, rmtp: 0)
             exe-1050008 [000] ..... 1634748.449025: sys_wait4(upid: 10059f, stat_addr: c000a29bf4, options: 40000002, ru: 0)
             exe-1050008 [000] ..... 1634748.449028: sys_wait4 -> 0x10059f
             exe-1050008 [000] ..... 1634748.449030: sys_ptrace(request: 4204, pid: 10059f, addr: 1, data: c000a29c70)
             exe-1050008 [000] ..... 1634748.449034: sys_ptrace -> 0x0
             exe-1050008 [000] ..... 1634748.449036: sys_ptrace(request: 4204, pid: 10059f, addr: 202, data: c000a29c70)
             exe-1050008 [000] ..... 1634748.449039: sys_ptrace -> 0x0
             exe-1050008 [000] ..... 1634748.449046: sys_ptrace(request: 4205, pid: 10059f, addr: 1, data: c000a29c70)
             exe-1050008 [000] ..... 1634748.449049: sys_ptrace -> 0x0
             exe-1050008 [000] ..... 1634748.449050: sys_ptrace(request: 4205, pid: 10059f, addr: 202, data: c000a29c70)
             exe-1050008 [000] ..... 1634748.449060: sys_ptrace -> 0x0
             exe-1050008 [000] ..... 1634748.449062: sys_ptrace(request: 1f, pid: 10059f, addr: 0, data: 0)
             exe-1050008 [000] .N... 1634748.449069: sys_ptrace -> 0x0
             exe-1050015 [000] ..... 1634748.449079: sys_inotify_add_watch -> 0xffffffffffffffea
             exe-1050008 [000] ..... 1634748.449099: sys_wait4(upid: 10059f, stat_addr: c000a29bf4, options: 40000002, ru: 0)
             exe-1050008 [000] ..... 1634748.449102: sys_wait4 -> 0x10059f
             exe-1050008 [000] ..... 1634748.449104: sys_ptrace(request: 4204, pid: 10059f, addr: 1, data: c000a29c70)
             exe-1050008 [000] ..... 1634748.449108: sys_ptrace -> 0x0
             exe-1050008 [000] ..... 1634748.449109: sys_ptrace(request: 4204, pid: 10059f, addr: 202, data: c000a29c70)
             exe-1050008 [000] ..... 1634748.449112: sys_ptrace -> 0x0
             exe-1049567 [002] ..... 1634748.449116: sys_nanosleep -> 0x0
             exe-1049567 [002] ..... 1634748.449118: sys_nanosleep(rqtp: c000069f10, rmtp: 0)
             exe-1050008 [000] ..... 1634748.449121: sys_pwrite64(fd: 63, buf: 7fd66e235080, count: 65, pos: 67)
             exe-1050008 [000] ..... 1634748.449123: tracing_mark_write: inotify_add_watch(fd=350, pathname="/victims/proc/self/root/trinity_t/trinity/scripts", mask=0x8) end
             exe-1050008 [000] ..... 1634748.526308: tracing_mark_write: inotify_add_watch(fd=8, pathname="/victims/usr/share/X11/locale/iso8859-11", mask=0x8) start
             exe-1050008 [000] ..... 1634748.526309: sys_pwrite64 -> 0x5c
             exe-1050008 [000] ..... 1634748.526316: sys_ptrace(request: 4205, pid: 10059f, addr: 1, data: c000a29c70)
             exe-1050008 [000] ..... 1634748.526319: sys_ptrace -> 0x0
             exe-1050008 [000] ..... 1634748.526320: sys_ptrace(request: 4205, pid: 10059f, addr: 202, data: c000a29c70)
             exe-1049567 [002] ..... 1634748.526323: sys_nanosleep -> 0x0
             exe-1049567 [002] ..... 1634748.526325: sys_nanosleep(rqtp: c000069f10, rmtp: 0)
             exe-1050008 [000] ..... 1634748.526332: sys_ptrace -> 0x0
             exe-1050008 [000] ..... 1634748.526334: sys_ptrace(request: 1f, pid: 10059f, addr: 0, data: 0)
             exe-1050008 [000] .N... 1634748.526342: sys_ptrace -> 0x0
             exe-1050015 [000] ..... 1634748.526353: sys_write -> 0x5c
             exe-1049673 [003] ..... 1634748.526360: sys_nanosleep -> 0x0
             exe-1049673 [003] ..... 1634748.526363: sys_nanosleep(rqtp: c000069f10, rmtp: 0)
             exe-1050008 [000] ..... 1634748.526373: sys_wait4(upid: 10059f, stat_addr: c000a29bf4, options: 40000002, ru: 0)
             exe-1050008 [000] ..... 1634748.526375: sys_wait4 -> 0x10059f
             exe-1050008 [000] ..... 1634748.526378: sys_ptrace(request: 4204, pid: 10059f, addr: 1, data: c000a29c70)
             exe-1050008 [000] ..... 1634748.526381: sys_ptrace -> 0x0
             exe-1050008 [000] ..... 1634748.526383: sys_ptrace(request: 4204, pid: 10059f, addr: 202, data: c000a29c70)
             exe-1050008 [000] ..... 1634748.526386: sys_ptrace -> 0x0
             exe-1050008 [000] ..... 1634748.526393: sys_ptrace(request: 4205, pid: 10059f, addr: 1, data: c000a29c70)
             exe-1050008 [000] ..... 1634748.526396: sys_ptrace -> 0x0
             exe-1050008 [000] ..... 1634748.526397: sys_ptrace(request: 4205, pid: 10059f, addr: 202, data: c000a29c70)
             exe-1050008 [000] ..... 1634748.526407: sys_ptrace -> 0x0
             exe-1050008 [000] ..... 1634748.526409: sys_ptrace(request: 1f, pid: 10059f, addr: 0, data: 0)
             exe-1049567 [002] ..... 1634748.526413: sys_nanosleep -> 0x0
             exe-1049567 [002] ..... 1634748.526415: sys_nanosleep(rqtp: c000069f10, rmtp: 0)
             exe-1050008 [000] .N... 1634748.526416: sys_ptrace -> 0x0
             exe-1050015 [000] ..... 1634748.526426: sys_inotify_add_watch -> 0xffffffffffffffea
             exe-1050008 [000] ..... 1634748.526446: sys_wait4(upid: 10059f, stat_addr: c000a29bf4, options: 40000002, ru: 0)
             exe-1050008 [000] ..... 1634748.526449: sys_wait4 -> 0x10059f
             exe-1050008 [000] ..... 1634748.526451: sys_ptrace(request: 4204, pid: 10059f, addr: 1, data: c000a29c70)
             exe-1049673 [003] ..... 1634748.526452: sys_nanosleep -> 0x0
             exe-1049673 [003] ..... 1634748.526454: sys_nanosleep(rqtp: c000069f10, rmtp: 0)
             exe-1050008 [000] ..... 1634748.526454: sys_ptrace -> 0x0
             exe-1050008 [000] ..... 1634748.526456: sys_ptrace(request: 4204, pid: 10059f, addr: 202, data: c000a29c70)
             exe-1050008 [000] ..... 1634748.526458: sys_ptrace -> 0x0
             exe-1050008 [000] ..... 1634748.526468: sys_pwrite64(fd: 63, buf: 7fd66e235080, count: 5a, pos: 5c)
             exe-1050008 [000] ..... 1634748.526470: tracing_mark_write: inotify_add_watch(fd=8, pathname="/victims/usr/share/X11/locale/iso8859-11", mask=0x8) end
             exe-1049981 [003] ..... 1634748.587719: tracing_mark_write: inotify_add_watch(fd=8, pathname="/victims/usr/share/git-core/templates/info", mask=0x8) start
             exe-1049981 [003] ..... 1634748.587721: sys_pwrite64 -> 0x5e
             exe-1049981 [003] ..... 1634748.587729: sys_ptrace(request: 4205, pid: 1005aa, addr: 1, data: c000a29c70)
             exe-1049981 [003] ..... 1634748.587732: sys_ptrace -> 0x0
             exe-1049981 [003] ..... 1634748.587734: sys_ptrace(request: 4205, pid: 1005aa, addr: 202, data: c000a29c70)
             exe-1049981 [003] ..... 1634748.587745: sys_ptrace -> 0x0
             exe-1049981 [003] ..... 1634748.587747: sys_ptrace(request: 1f, pid: 1005aa, addr: 0, data: 0)
             exe-1049981 [003] ..... 1634748.587760: sys_ptrace -> 0x0
             exe-1049981 [003] ..... 1634748.587762: sys_wait4(upid: 1005aa, stat_addr: c000a29bf4, options: 40000002, ru: 0)
             exe-1049673 [003] ..... 1634748.587776: sys_nanosleep -> 0x0
             exe-1049673 [003] ..... 1634748.587782: sys_nanosleep(rqtp: c000069f10, rmtp: 0)
             exe-1050026 [000] ..... 1634748.587783: sys_write -> 0x5e
             exe-1049981 [003] ..... 1634748.587814: sys_wait4 -> 0x1005aa
             exe-1049981 [003] ..... 1634748.587820: sys_ptrace(request: 4204, pid: 1005aa, addr: 1, data: c000a29c70)
             exe-1049981 [003] ..... 1634748.587825: sys_ptrace -> 0x0
             exe-1049981 [003] ..... 1634748.587827: sys_ptrace(request: 4204, pid: 1005aa, addr: 202, data: c000a29c70)
             exe-1049981 [003] ..... 1634748.587831: sys_ptrace -> 0x0
             exe-1049981 [003] ..... 1634748.587840: sys_ptrace(request: 4205, pid: 1005aa, addr: 1, data: c000a29c70)
             exe-1049981 [003] ..... 1634748.587843: sys_ptrace -> 0x0
             exe-1049981 [003] ..... 1634748.587844: sys_ptrace(request: 4205, pid: 1005aa, addr: 202, data: c000a29c70)
             exe-1049981 [003] ..... 1634748.587883: sys_ptrace -> 0x0
             exe-1049981 [003] ..... 1634748.587886: sys_ptrace(request: 1f, pid: 1005aa, addr: 0, data: 0)
             exe-1049981 [003] ..... 1634748.587897: sys_ptrace -> 0x0
             exe-1049981 [003] ..... 1634748.587900: sys_wait4(upid: 1005aa, stat_addr: c000a29bf4, options: 40000002, ru: 0)
             exe-1049673 [003] ..... 1634748.587914: sys_nanosleep -> 0x0
             exe-1050026 [000] ..... 1634748.587914: sys_inotify_add_watch -> 0xffffffffffffffea
             exe-1049673 [003] ..... 1634748.587928: sys_nanosleep(rqtp: c000069f10, rmtp: 0)
             exe-1049981 [003] ..... 1634748.587952: sys_wait4 -> 0x1005aa
             exe-1049981 [003] ..... 1634748.587958: sys_ptrace(request: 4204, pid: 1005aa, addr: 1, data: c000a29c70)
             exe-1049981 [003] ..... 1634748.587962: sys_ptrace -> 0x0
             exe-1049981 [003] ..... 1634748.587964: sys_ptrace(request: 4204, pid: 1005aa, addr: 202, data: c000a29c70)
             exe-1049981 [003] ..... 1634748.587967: sys_ptrace -> 0x0
             exe-1049981 [003] ..... 1634748.587982: sys_pwrite64(fd: 63, buf: 7fd66e235080, count: 5c, pos: 5e)
             exe-1049981 [003] ..... 1634748.587984: tracing_mark_write: inotify_add_watch(fd=8, pathname="/victims/usr/share/git-core/templates/info", mask=0x8) end
             exe-1049981 [003] ..... 1634748.656789: tracing_mark_write: inotify_add_watch(fd=8, pathname="/victims/proc/self/root/usr/share/doc/perl", mask=0x8) start
             exe-1049981 [003] ..... 1634748.656791: sys_pwrite64 -> 0x5e
             exe-1049981 [003] ..... 1634748.656798: sys_ptrace(request: 4205, pid: 1005aa, addr: 1, data: c000a29c70)
             exe-1049981 [003] ..... 1634748.656801: sys_ptrace -> 0x0
             exe-1049981 [003] ..... 1634748.656803: sys_ptrace(request: 4205, pid: 1005aa, addr: 202, data: c000a29c70)
             exe-1049981 [003] ..... 1634748.656845: sys_ptrace -> 0x0
             exe-1049981 [003] ..... 1634748.656847: sys_ptrace(request: 1f, pid: 1005aa, addr: 0, data: 0)
             exe-1049981 [003] ..... 1634748.656859: sys_ptrace -> 0x0
             exe-1049981 [003] ..... 1634748.656861: sys_wait4(upid: 1005aa, stat_addr: c000a29bf4, options: 40000002, ru: 0)
             exe-1050026 [000] ..... 1634748.656875: sys_write -> 0x5e
             exe-1049673 [003] ..... 1634748.656877: sys_nanosleep -> 0x0
             exe-1049673 [003] ..... 1634748.656893: sys_nanosleep(rqtp: c000069f10, rmtp: 0)
             exe-1049567 [002] ..... 1634748.656898: sys_nanosleep -> 0x0
             exe-1049567 [002] ..... 1634748.656907: sys_nanosleep(rqtp: c000069f10, rmtp: 0)
             exe-1049981 [003] ..... 1634748.656918: sys_wait4 -> 0x1005aa
             exe-1049981 [003] ..... 1634748.656925: sys_ptrace(request: 4204, pid: 1005aa, addr: 1, data: c000a29c70)
             exe-1049981 [003] ..... 1634748.656929: sys_ptrace -> 0x0
             exe-1049981 [003] ..... 1634748.656931: sys_ptrace(request: 4204, pid: 1005aa, addr: 202, data: c000a29c70)
             exe-1049981 [003] ..... 1634748.656934: sys_ptrace -> 0x0
             exe-1049981 [003] ..... 1634748.656945: sys_ptrace(request: 4205, pid: 1005aa, addr: 1, data: c000a29c70)
             exe-1049981 [003] ..... 1634748.656948: sys_ptrace -> 0x0
             exe-1049981 [003] ..... 1634748.656949: sys_ptrace(request: 4205, pid: 1005aa, addr: 202, data: c000a29c70)
             exe-1049981 [003] ..... 1634748.656960: sys_ptrace -> 0x0
             exe-1049981 [003] ..... 1634748.656962: sys_ptrace(request: 1f, pid: 1005aa, addr: 0, data: 0)
             exe-1049981 [003] .N... 1634748.657002: sys_ptrace -> 0x0
             exe-1050026 [000] ..... 1634748.657004: sys_inotify_add_watch -> 0xffffffffffffffea
             exe-1049673 [003] ..... 1634748.657014: sys_nanosleep -> 0x0
             exe-1049673 [003] ..... 1634748.657021: sys_nanosleep(rqtp: c000069f10, rmtp: 0)
             exe-1049981 [003] ..... 1634748.657049: sys_wait4(upid: 1005aa, stat_addr: c000a29bf4, options: 40000002, ru: 0)
             exe-1049981 [003] ..... 1634748.657052: sys_wait4 -> 0x1005aa
             exe-1049981 [003] ..... 1634748.657054: sys_ptrace(request: 4204, pid: 1005aa, addr: 1, data: c000a29c70)
             exe-1049981 [003] ..... 1634748.657059: sys_ptrace -> 0x0
             exe-1049981 [003] ..... 1634748.657060: sys_ptrace(request: 4204, pid: 1005aa, addr: 202, data: c000a29c70)
             exe-1049981 [003] ..... 1634748.657063: sys_ptrace -> 0x0
             exe-1049981 [003] ..... 1634748.657079: sys_pwrite64(fd: 63, buf: 7fd66e235080, count: 5c, pos: 5e)
             exe-1049981 [003] ..... 1634748.657081: tracing_mark_write: inotify_add_watch(fd=8, pathname="/victims/proc/self/root/usr/share/doc/perl", mask=0x8) end
             exe-1049981 [001] ..... 1634748.729248: tracing_mark_write: inotify_add_watch(fd=8, pathname=".//victims/proc/self/root/usr/share/pam-configs", mask=0x9) start
             exe-1049981 [001] ..... 1634748.729250: sys_pwrite64 -> 0x63
             exe-1050282 [003] ..... 1634748.729252: sys_futex(uaddr: c000435948, op: 81, val: 1, utime: 0, uaddr2: 0, val3: 0)
             exe-1050282 [003] ..... 1634748.729263: sys_futex -> 0x1
             exe-1050282 [003] ..... 1634748.729278: sys_epoll_pwait(epfd: 11, events: c000695840, maxevents: 80, timeout: 9, sigmask: 0, sigsetsize: 0)
             exe-1049673 [003] ..... 1634748.729296: sys_nanosleep -> 0x0
             exe-1049673 [003] ..... 1634748.729302: sys_nanosleep(rqtp: c000069f10, rmtp: 0)
             exe-1050008 [003] ..... 1634748.729327: sys_futex -> 0x0
             exe-1049981 [001] ..... 1634748.729328: sys_ptrace(request: 4205, pid: 1005aa, addr: 1, data: c000a29c70)
             exe-1049981 [001] ..... 1634748.729333: sys_ptrace -> 0x0
             exe-1049981 [001] ..... 1634748.729335: sys_ptrace(request: 4205, pid: 1005aa, addr: 202, data: c000a29c70)
             exe-1050008 [003] ..... 1634748.729336: sys_futex(uaddr: c000435948, op: 80, val: 0, utime: 0, uaddr2: 0, val3: 0)
             exe-1049981 [001] ..... 1634748.729349: sys_ptrace -> 0x0
             exe-1049981 [001] ..... 1634748.729351: sys_ptrace(request: 1f, pid: 1005aa, addr: 0, data: 0)
             exe-1049981 [001] .N... 1634748.729358: sys_ptrace -> 0x0
             exe-1050026 [001] ..... 1634748.729371: sys_write -> 0x63
             exe-1049673 [003] ..... 1634748.729425: sys_nanosleep -> 0x0
             exe-1049673 [003] ..... 1634748.729430: sys_nanosleep(rqtp: c000069f10, rmtp: 0)
             exe-1049981 [001] ..... 1634748.729469: sys_wait4(upid: 1005aa, stat_addr: c000a29bf4, options: 40000002, ru: 0)
             exe-1049981 [001] ..... 1634748.729473: sys_wait4 -> 0x1005aa
             exe-1049981 [001] ..... 1634748.729476: sys_ptrace(request: 4204, pid: 1005aa, addr: 1, data: c000a29c70)
             exe-1049981 [001] ..... 1634748.729481: sys_ptrace -> 0x0
             exe-1049981 [001] ..... 1634748.729483: sys_ptrace(request: 4204, pid: 1005aa, addr: 202, data: c000a29c70)
             exe-1049981 [001] ..... 1634748.729486: sys_ptrace -> 0x0
             exe-1049981 [001] ..... 1634748.729574: sys_ptrace(request: 4205, pid: 1005aa, addr: 1, data: c000a29c70)
             exe-1049981 [001] ..... 1634748.729578: sys_ptrace -> 0x0
             exe-1049981 [001] ..... 1634748.729580: sys_ptrace(request: 4205, pid: 1005aa, addr: 202, data: c000a29c70)
             exe-1049981 [001] ..... 1634748.729598: sys_ptrace -> 0x0
             exe-1049673 [003] ..... 1634748.729600: sys_nanosleep -> 0x0
             exe-1049981 [001] ..... 1634748.729600: sys_ptrace(request: 1f, pid: 1005aa, addr: 0, data: 0)
             exe-1049673 [003] ..... 1634748.729603: sys_nanosleep(rqtp: c000069f10, rmtp: 0)
             exe-1049981 [001] .N... 1634748.729608: sys_ptrace -> 0x0
             exe-1050026 [001] ..... 1634748.729705: sys_inotify_add_watch -> 0xffffffffffffffea
             exe-1049981 [001] ..... 1634748.729731: sys_wait4(upid: 1005aa, stat_addr: c000a29bf4, options: 40000002, ru: 0)
             exe-1049981 [001] ..... 1634748.729734: sys_wait4 -> 0x1005aa
             exe-1049981 [001] ..... 1634748.729737: sys_ptrace(request: 4204, pid: 1005aa, addr: 1, data: c000a29c70)
             exe-1049981 [001] ..... 1634748.729742: sys_ptrace -> 0x0
             exe-1049981 [001] ..... 1634748.729744: sys_ptrace(request: 4204, pid: 1005aa, addr: 202, data: c000a29c70)
             exe-1049981 [001] ..... 1634748.729747: sys_ptrace -> 0x0
             exe-1049673 [003] ..... 1634748.729838: sys_nanosleep -> 0x0
             exe-1049981 [001] ..... 1634748.729839: sys_pwrite64(fd: 63, buf: 7fd66e235080, count: 61, pos: 63)
             exe-1049673 [003] ..... 1634748.729841: sys_nanosleep(rqtp: c000069f10, rmtp: 0)
             exe-1049981 [001] ..... 1634748.729842: tracing_mark_write: inotify_add_watch(fd=8, pathname=".//victims/proc/self/root/usr/share/pam-configs", mask=0x9) end
             exe-1049981 [001] ..... 1634748.803987: tracing_mark_write: inotify_add_watch(fd=8, pathname="/victims/usr/share/perl/5.34.0/unicore/lib/Lower", mask=0x9) start
             exe-1049981 [001] ..... 1634748.803988: sys_pwrite64 -> 0x64
             exe-1049981 [001] ..... 1634748.803995: sys_ptrace(request: 4205, pid: 1005aa, addr: 1, data: c000a29c70)
             exe-1049981 [001] .N... 1634748.804025: sys_ptrace -> 0x0
             exe-1049981 [001] ..... 1634748.804066: sys_ptrace(request: 4205, pid: 1005aa, addr: 202, data: c000a29c70)
             exe-1049981 [001] ..... 1634748.804080: sys_ptrace -> 0x0
             exe-1049981 [001] ..... 1634748.804081: sys_ptrace(request: 1f, pid: 1005aa, addr: 0, data: 0)
             exe-1049981 [001] .N... 1634748.804088: sys_ptrace -> 0x0
             exe-1050026 [001] ..... 1634748.804100: sys_write -> 0x64
             exe-1049981 [001] ..... 1634748.804188: sys_wait4(upid: 1005aa, stat_addr: c000a29bf4, options: 40000002, ru: 0)
             exe-1049981 [001] ..... 1634748.804191: sys_wait4 -> 0x1005aa
             exe-1049981 [001] ..... 1634748.804193: sys_ptrace(request: 4204, pid: 1005aa, addr: 1, data: c000a29c70)
             exe-1049981 [001] ..... 1634748.804197: sys_ptrace -> 0x0
             exe-1049981 [001] ..... 1634748.804199: sys_ptrace(request: 4204, pid: 1005aa, addr: 202, data: c000a29c70)
             exe-1049981 [001] ..... 1634748.804201: sys_ptrace -> 0x0
             exe-1049981 [001] ..... 1634748.804210: sys_ptrace(request: 4205, pid: 1005aa, addr: 1, data: c000a29c70)
             exe-1049981 [001] ..... 1634748.804213: sys_ptrace -> 0x0
             exe-1049981 [001] ..... 1634748.804214: sys_ptrace(request: 4205, pid: 1005aa, addr: 202, data: c000a29c70)
             exe-1049981 [001] ..... 1634748.804226: sys_ptrace -> 0x0
             exe-1049981 [001] ..... 1634748.804228: sys_ptrace(request: 1f, pid: 1005aa, addr: 0, data: 0)
             exe-1049981 [001] .N... 1634748.804256: sys_ptrace -> 0x0
             exe-1050026 [001] ..... 1634748.804296: sys_inotify_add_watch -> 0xffffffffffffffea
             exe-1049981 [001] ..... 1634748.804322: sys_wait4(upid: 1005aa, stat_addr: c000a29bf4, options: 40000002, ru: 0)
             exe-1049981 [001] ..... 1634748.804326: sys_wait4 -> 0x1005aa
             exe-1049981 [001] ..... 1634748.804328: sys_ptrace(request: 4204, pid: 1005aa, addr: 1, data: c000a29c70)
             exe-1049981 [001] ..... 1634748.804333: sys_ptrace -> 0x0
             exe-1049981 [001] ..... 1634748.804334: sys_ptrace(request: 4204, pid: 1005aa, addr: 202, data: c000a29c70)
             exe-1049981 [001] ..... 1634748.804337: sys_ptrace -> 0x0
             exe-1049567 [002] ..... 1634748.804393: sys_nanosleep -> 0x0
             exe-1049567 [002] ..... 1634748.804402: sys_nanosleep(rqtp: c000069f10, rmtp: 0)
             exe-1049981 [001] ..... 1634748.804426: sys_pwrite64(fd: 63, buf: 7fd66e235080, count: 62, pos: 64)
             exe-1049981 [001] ..... 1634748.804429: tracing_mark_write: inotify_add_watch(fd=8, pathname="/victims/usr/share/perl/5.34.0/unicore/lib/Lower", mask=0x9) end
             exe-1049981 [001] ..... 1634748.880518: tracing_mark_write: inotify_add_watch(fd=42, pathname="/victims/proc/self/cwd/.git/objects/95", mask=0x9) start
             exe-1049981 [001] ..... 1634748.880520: sys_pwrite64 -> 0x5b
             exe-1049981 [001] ..... 1634748.880529: sys_ptrace(request: 4205, pid: 1005aa, addr: 1, data: c000a29c70)
             exe-1049981 [001] ..... 1634748.880533: sys_ptrace -> 0x0
             exe-1049981 [001] ..... 1634748.880535: sys_ptrace(request: 4205, pid: 1005aa, addr: 202, data: c000a29c70)
             exe-1049981 [001] ..... 1634748.880628: sys_ptrace -> 0x0
             exe-1049981 [001] ..... 1634748.880633: sys_ptrace(request: 1f, pid: 1005aa, addr: 0, data: 0)
