             exe-1050282 [003] ..... 1634831.452596: sys_ptrace(request: 4204, pid: 1006c5, addr: 1, data: c0004bdc70)
             exe-1050282 [003] ..... 1634831.452597: sys_ptrace -> 0x0
             exe-1050282 [003] ..... 1634831.452599: sys_ptrace(request: 4204, pid: 1006c5, addr: 202, data: c0004bdc70)
             exe-1050282 [003] ..... 1634831.452600: sys_ptrace -> 0x0
             exe-1050282 [003] ..... 1634831.452605: sys_pwrite64(fd: 63, buf: 7fd66ee33080, count: 27, pos: 29)
             exe-1050282 [003] ..... 1634831.452606: tracing_mark_write: inotify_init1(flags=0x7f59a8c99d00) end
             exe-1050282 [003] ..... 1634831.507684: tracing_mark_write: inotify_init1(flags=0x7f59a8c99d00) start
             exe-1049567 [000] ..... 1634831.507685: sys_nanosleep -> 0x0
             exe-1050282 [003] ..... 1634831.507685: sys_pwrite64 -> 0x29
             exe-1050282 [003] ..... 1634831.507690: sys_ptrace(request: 4205, pid: 1006c5, addr: 1, data: c0004bdc70)
             exe-1049567 [000] ..... 1634831.507690: sys_nanosleep(rqtp: c000069f10, rmtp: 0)
             exe-1050282 [003] ..... 1634831.507693: sys_ptrace -> 0x0
             exe-1050282 [003] ..... 1634831.507694: sys_ptrace(request: 4205, pid: 1006c5, addr: 202, data: c0004bdc70)
             exe-1050282 [003] ..... 1634831.507702: sys_ptrace -> 0x0
             exe-1050282 [003] ..... 1634831.507704: sys_ptrace(request: 1f, pid: 1006c5, addr: 0, data: 0)
             exe-1049673 [000] ..... 1634831.507711: sys_nanosleep -> 0x0
             exe-1050282 [003] ..... 1634831.507714: sys_ptrace -> 0x0
             exe-1049673 [000] ..... 1634831.507716: sys_nanosleep(rqtp: c000069f10, rmtp: 0)
             exe-1050282 [003] ..... 1634831.507716: sys_wait4(upid: 1006c5, stat_addr: c0004bdbf4, options: 40000002, ru: 0)
             exe-1050309 [002] ..... 1634831.507739: sys_write -> 0x29
             exe-1050282 [003] ..... 1634831.507755: sys_wait4 -> 0x1006c5
             exe-1050282 [003] ..... 1634831.507758: sys_ptrace(request: 4204, pid: 1006c5, addr: 1, data: c0004bdc70)
             exe-1050282 [003] ..... 1634831.507760: sys_ptrace -> 0x0
             exe-1050282 [003] ..... 1634831.507761: sys_ptrace(request: 4204, pid: 1006c5, addr: 202, data: c0004bdc70)
             exe-1050282 [003] ..... 1634831.507764: sys_ptrace -> 0x0
             exe-1050282 [003] ..... 1634831.507768: sys_ptrace(request: 4205, pid: 1006c5, addr: 1, data: c0004bdc70)
             exe-1050282 [003] ..... 1634831.507770: sys_ptrace -> 0x0
             exe-1050282 [003] ..... 1634831.507772: sys_ptrace(request: 4205, pid: 1006c5, addr: 202, data: c0004bdc70)
             exe-1050282 [003] ..... 1634831.507781: sys_ptrace -> 0x0
             exe-1050282 [003] ..... 1634831.507783: sys_ptrace(request: 1f, pid: 1006c5, addr: 0, data: 0)
             exe-1049673 [000] ..... 1634831.507789: sys_nanosleep -> 0x0
             exe-1049673 [000] ..... 1634831.507792: sys_nanosleep(rqtp: c000069f10, rmtp: 0)
             exe-1050282 [003] ..... 1634831.507792: sys_ptrace -> 0x0
             exe-1050282 [003] ..... 1634831.507794: sys_wait4(upid: 1006c5, stat_addr: c0004bdbf4, options: 40000002, ru: 0)
             exe-1049567 [000] ..... 1634831.507807: sys_nanosleep -> 0x0
             exe-1049567 [000] ..... 1634831.507811: sys_nanosleep(rqtp: c000069f10, rmtp: 0)
             exe-1050309 [002] ..... 1634831.507815: sys_inotify_init1 -> 0xffffffffffffffea
             exe-1050282 [003] ..... 1634831.507872: sys_wait4 -> 0x1006c5
             exe-1050282 [003] ..... 1634831.507875: sys_ptrace(request: 4204, pid: 1006c5, addr: 1, data: c0004bdc70)
             exe-1050282 [003] ..... 1634831.507878: sys_ptrace -> 0x0
             exe-1050282 [003] ..... 1634831.507880: sys_ptrace(request: 4204, pid: 1006c5, addr: 202, data: c0004bdc70)
             exe-1050282 [003] ..... 1634831.507882: sys_ptrace -> 0x0
             exe-1049567 [000] ..... 1634831.507890: sys_nanosleep -> 0x0
             exe-1050282 [003] ..... 1634831.507890: sys_pwrite64(fd: 63, buf: 7fd66ee33080, count: 27, pos: 29)
             exe-1050282 [003] ..... 1634831.507892: tracing_mark_write: inotify_init1(flags=0x7f59a8c99d00) end
             exe-1050282 [003] ..... 1634831.583921: tracing_mark_write: inotify_init1(flags=0x7f59a8c99d00) start
             exe-1050282 [003] ..... 1634831.583922: sys_pwrite64 -> 0x29
             exe-1050282 [003] ..... 1634831.583927: sys_ptrace(request: 4205, pid: 1006c5, addr: 1, data: c0004bdc70)
             exe-1050282 [003] ..... 1634831.583930: sys_ptrace -> 0x0
             exe-1050282 [003] ..... 1634831.583931: sys_ptrace(request: 4205, pid: 1006c5, addr: 202, data: c0004bdc70)
             exe-1050282 [003] ..... 1634831.583939: sys_ptrace -> 0x0
             exe-1050282 [003] ..... 1634831.583941: sys_ptrace(request: 1f, pid: 1006c5, addr: 0, data: 0)
             exe-1050282 [003] ..... 1634831.583952: sys_ptrace -> 0x0
             exe-1050282 [003] ..... 1634831.583953: sys_wait4(upid: 1006c5, stat_addr: c0004bdbf4, options: 40000002, ru: 0)
             exe-1050309 [002] ..... 1634831.583969: sys_write -> 0x29
             exe-1049567 [001] ..... 1634831.584002: sys_nanosleep -> 0x0
             exe-1049567 [001] ..... 1634831.584007: sys_nanosleep(rqtp: c000069f10, rmtp: 0)
             exe-1050282 [003] ..... 1634831.584010: sys_wait4 -> 0x1006c5
             exe-1050282 [003] ..... 1634831.584013: sys_ptrace(request: 4204, pid: 1006c5, addr: 1, data: c0004bdc70)
             exe-1050282 [003] ..... 1634831.584015: sys_ptrace -> 0x0
             exe-1050282 [003] ..... 1634831.584017: sys_ptrace(request: 4204, pid: 1006c5, addr: 202, data: c0004bdc70)
             exe-1050282 [003] ..... 1634831.584019: sys_ptrace -> 0x0
             exe-1050282 [003] ..... 1634831.584024: sys_ptrace(request: 4205, pid: 1006c5, addr: 1, data: c0004bdc70)
             exe-1050282 [003] ..... 1634831.584026: sys_ptrace -> 0x0
             exe-1050282 [003] ..... 1634831.584027: sys_ptrace(request: 4205, pid: 1006c5, addr: 202, data: c0004bdc70)
             exe-1050282 [003] ..... 1634831.584034: sys_ptrace -> 0x0
             exe-1050282 [003] ..... 1634831.584036: sys_ptrace(request: 1f, pid: 1006c5, addr: 0, data: 0)
             exe-1050282 [003] ..... 1634831.584045: sys_ptrace -> 0x0
             exe-1050282 [003] ..... 1634831.584047: sys_wait4(upid: 1006c5, stat_addr: c0004bdbf4, options: 40000002, ru: 0)
             exe-1050309 [002] ..... 1634831.584061: sys_inotify_init1 -> 0xffffffffffffffea
             exe-1050282 [003] ..... 1634831.584075: sys_wait4 -> 0x1006c5
             exe-1050282 [003] ..... 1634831.584077: sys_ptrace(request: 4204, pid: 1006c5, addr: 1, data: c0004bdc70)
             exe-1050282 [003] ..... 1634831.584079: sys_ptrace -> 0x0
             exe-1050282 [003] ..... 1634831.584081: sys_ptrace(request: 4204, pid: 1006c5, addr: 202, data: c0004bdc70)
             exe-1050282 [003] ..... 1634831.584083: sys_ptrace -> 0x0
             exe-1050282 [003] ..... 1634831.584088: sys_pwrite64(fd: 63, buf: 7fd66ee33080, count: 27, pos: 29)
             exe-1050282 [003] ..... 1634831.584090: tracing_mark_write: inotify_init1(flags=0x7f59a8c99d00) end
             exe-1050289 [001] ..... 1634831.654183: tracing_mark_write: inotify_init1(flags=0x7f59a8c99d00) start
             exe-1050289 [001] ..... 1634831.654185: sys_pwrite64 -> 0x29
             exe-1050289 [001] ..... 1634831.654193: sys_ptrace(request: 4205, pid: 1006f2, addr: 1, data: c0004bdc70)
             exe-1050289 [001] ..... 1634831.654195: sys_ptrace -> 0x0
             exe-1049567 [000] ..... 1634831.654265: sys_nanosleep -> 0x0
             exe-1050289 [001] ..... 1634831.654266: sys_ptrace(request: 4205, pid: 1006f2, addr: 202, data: c0004bdc70)
             exe-1049567 [000] ..... 1634831.654267: sys_nanosleep(rqtp: c000069f10, rmtp: 0)
             exe-1050289 [001] ..... 1634831.654281: sys_ptrace -> 0x0
             exe-1050289 [001] ..... 1634831.654283: sys_ptrace(request: 1f, pid: 1006f2, addr: 0, data: 0)
             exe-1050289 [001] ..... 1634831.654297: sys_ptrace -> 0x0
             exe-1050289 [001] ..... 1634831.654301: sys_wait4(upid: 1006f2, stat_addr: c0004bdbf4, options: 40000002, ru: 0)
             exe-1050354 [002] ..... 1634831.654314: sys_write -> 0x29
             exe-1050289 [001] ..... 1634831.654382: sys_wait4 -> 0x1006f2
             exe-1049567 [000] ..... 1634831.654387: sys_nanosleep -> 0x0
             exe-1050289 [001] ..... 1634831.654387: sys_ptrace(request: 4204, pid: 1006f2, addr: 1, data: c0004bdc70)
             exe-1049567 [000] ..... 1634831.654389: sys_nanosleep(rqtp: c000069f10, rmtp: 0)
             exe-1050289 [001] ..... 1634831.654392: sys_ptrace -> 0x0
             exe-1050289 [001] ..... 1634831.654394: sys_ptrace(request: 4204, pid: 1006f2, addr: 202, data: c0004bdc70)
             exe-1050289 [001] ..... 1634831.654397: sys_ptrace -> 0x0
             exe-1050289 [001] ..... 1634831.654405: sys_ptrace(request: 4205, pid: 1006f2, addr: 1, data: c0004bdc70)
             exe-1050289 [001] ..... 1634831.654408: sys_ptrace -> 0x0
             exe-1050289 [001] ..... 1634831.654409: sys_ptrace(request: 4205, pid: 1006f2, addr: 202, data: c0004bdc70)
             exe-1050289 [001] ..... 1634831.654420: sys_ptrace -> 0x0
             exe-1050289 [001] ..... 1634831.654422: sys_ptrace(request: 1f, pid: 1006f2, addr: 0, data: 0)
             exe-1050354 [002] ..... 1634831.654451: sys_inotify_init1 -> 0xffffffffffffffea
             exe-1050289 [001] .N... 1634831.654457: sys_ptrace -> 0x0
             exe-1050289 [001] ..... 1634831.654516: sys_wait4(upid: 1006f2, stat_addr: c0004bdbf4, options: 40000002, ru: 0)
             exe-1050289 [001] ..... 1634831.654519: sys_wait4 -> 0x1006f2
             exe-1050289 [001] ..... 1634831.654522: sys_ptrace(request: 4204, pid: 1006f2, addr: 1, data: c0004bdc70)
             exe-1050289 [001] ..... 1634831.654527: sys_ptrace -> 0x0
             exe-1050289 [001] ..... 1634831.654529: sys_ptrace(request: 4204, pid: 1006f2, addr: 202, data: c0004bdc70)
             exe-1050289 [001] ..... 1634831.654532: sys_ptrace -> 0x0
             exe-1049673 [000] ..... 1634831.654542: sys_nanosleep -> 0x0
             exe-1049673 [000] ..... 1634831.654548: sys_nanosleep(rqtp: c000069f10, rmtp: 0)
             exe-1049567 [000] ..... 1634831.654568: sys_nanosleep -> 0x0
             exe-1049567 [000] ..... 1634831.654573: sys_nanosleep(rqtp: c000069f10, rmtp: 0)
             exe-1050289 [001] ..... 1634831.654615: sys_pwrite64(fd: 63, buf: 7fd66ee33080, count: 27, pos: 29)
             exe-1050289 [001] ..... 1634831.654617: tracing_mark_write: inotify_init1(flags=0x7f59a8c99d00) end
             exe-1050289 [001] ..... 1634831.728856: tracing_mark_write: inotify_init1(flags=0x7f59a8c99d00) start
             exe-1050289 [001] ..... 1634831.728858: sys_pwrite64 -> 0x29
             exe-1050289 [001] ..... 1634831.728931: sys_ptrace(request: 4205, pid: 1006f2, addr: 1, data: c0004bdc70)
             exe-1050289 [001] ..... 1634831.728936: sys_ptrace -> 0x0
             exe-1050289 [001] ..... 1634831.728938: sys_ptrace(request: 4205, pid: 1006f2, addr: 202, data: c0004bdc70)
             exe-1050289 [001] ..... 1634831.728951: sys_ptrace -> 0x0
             exe-1050289 [001] ..... 1634831.728953: sys_ptrace(request: 1f, pid: 1006f2, addr: 0, data: 0)
             exe-1049567 [000] ..... 1634831.728963: sys_nanosleep -> 0x0
             exe-1050289 [001] ..... 1634831.728968: sys_ptrace -> 0x0
             exe-1049567 [000] ..... 1634831.728969: sys_nanosleep(rqtp: c000069f10, rmtp: 0)
             exe-1050289 [001] ..... 1634831.728972: sys_wait4(upid: 1006f2, stat_addr: c0004bdbf4, options: 40000002, ru: 0)
             exe-1050354 [002] ..... 1634831.728985: sys_write -> 0x29
             exe-1050289 [001] ..... 1634831.729040: sys_wait4 -> 0x1006f2
             exe-1050289 [001] ..... 1634831.729046: sys_ptrace(request: 4204, pid: 1006f2, addr: 1, data: c0004bdc70)
             exe-1050289 [001] ..... 1634831.729051: sys_ptrace -> 0x0
             exe-1050289 [001] ..... 1634831.729052: sys_ptrace(request: 4204, pid: 1006f2, addr: 202, data: c0004bdc70)
             exe-1050289 [001] ..... 1634831.729055: sys_ptrace -> 0x0
             exe-1050289 [001] ..... 1634831.729063: sys_ptrace(request: 4205, pid: 1006f2, addr: 1, data: c0004bdc70)
             exe-1050289 [001] ..... 1634831.729065: sys_ptrace -> 0x0
             exe-1050289 [001] ..... 1634831.729066: sys_ptrace(request: 4205, pid: 1006f2, addr: 202, data: c0004bdc70)
             exe-1050289 [001] ..... 1634831.729078: sys_ptrace -> 0x0
             exe-1050289 [001] ..... 1634831.729079: sys_ptrace(request: 1f, pid: 1006f2, addr: 0, data: 0)
             exe-1050354 [002] ..... 1634831.729111: sys_inotify_init1 -> 0xffffffffffffffea
             exe-1050289 [001] .N... 1634831.729114: sys_ptrace -> 0x0
             exe-1050289 [001] ..... 1634831.729156: sys_wait4(upid: 1006f2, stat_addr: c0004bdbf4, options: 40000002, ru: 0)
             exe-1050289 [001] ..... 1634831.729159: sys_wait4 -> 0x1006f2
             exe-1050289 [001] ..... 1634831.729161: sys_ptrace(request: 4204, pid: 1006f2, addr: 1, data: c0004bdc70)
             exe-1050289 [001] ..... 1634831.729166: sys_ptrace -> 0x0
             exe-1050289 [001] ..... 1634831.729167: sys_ptrace(request: 4204, pid: 1006f2, addr: 202, data: c0004bdc70)
             exe-1050289 [001] ..... 1634831.729170: sys_ptrace -> 0x0
             exe-1050289 [001] ..... 1634831.729186: sys_pwrite64(fd: 63, buf: 7fd66ee33080, count: 27, pos: 29)
             exe-1050289 [001] ..... 1634831.729188: tracing_mark_write: inotify_init1(flags=0x7f59a8c99d00) end
             exe-1050289 [001] ..... 1634831.792515: tracing_mark_write: inotify_init1(flags=0x7f59a8c99d00) start
             exe-1050289 [001] ..... 1634831.792518: sys_pwrite64 -> 0x29
             exe-1050289 [001] ..... 1634831.792528: sys_ptrace(request: 4205, pid: 1006f2, addr: 1, data: c0004bdc70)
             exe-1050289 [001] ..... 1634831.792533: sys_ptrace -> 0x0
             exe-1050289 [001] ..... 1634831.792534: sys_ptrace(request: 4205, pid: 1006f2, addr: 202, data: c0004bdc70)
             exe-1050289 [001] ..... 1634831.792547: sys_ptrace -> 0x0
             exe-1050289 [001] ..... 1634831.792549: sys_ptrace(request: 1f, pid: 1006f2, addr: 0, data: 0)
             exe-1049673 [000] ..... 1634831.792572: sys_nanosleep -> 0x0
             exe-1049673 [000] ..... 1634831.792576: sys_nanosleep(rqtp: c000069f10, rmtp: 0)
             exe-1050289 [001] .N... 1634831.792585: sys_ptrace -> 0x0
             exe-1050354 [002] ..... 1634831.792590: sys_write -> 0x29
             exe-1050289 [001] ..... 1634831.792629: sys_wait4(upid: 1006f2, stat_addr: c0004bdbf4, options: 40000002, ru: 0)
             exe-1050289 [001] ..... 1634831.792632: sys_wait4 -> 0x1006f2
             exe-1050289 [001] ..... 1634831.792635: sys_ptrace(request: 4204, pid: 1006f2, addr: 1, data: c0004bdc70)
             exe-1050289 [001] ..... 1634831.792639: sys_ptrace -> 0x0
             exe-1050289 [001] ..... 1634831.792641: sys_ptrace(request: 4204, pid: 1006f2, addr: 202, data: c0004bdc70)
             exe-1050289 [001] ..... 1634831.792643: sys_ptrace -> 0x0
             exe-1050289 [001] ..... 1634831.792652: sys_ptrace(request: 4205, pid: 1006f2, addr: 1, data: c0004bdc70)
             exe-1050289 [001] ..... 1634831.792654: sys_ptrace -> 0x0
             exe-1050289 [001] ..... 1634831.792656: sys_ptrace(request: 4205, pid: 1006f2, addr: 202, data: c0004bdc70)
             exe-1050289 [001] ..... 1634831.792670: sys_ptrace -> 0x0
             exe-1050289 [001] ..... 1634831.792672: sys_ptrace(request: 1f, pid: 1006f2, addr: 0, data: 0)
             exe-1050289 [001] .N... 1634831.792709: sys_ptrace -> 0x0
             exe-1050354 [002] ..... 1634831.792715: sys_inotify_init1 -> 0xffffffffffffffea
             exe-1050289 [001] ..... 1634831.792754: sys_wait4(upid: 1006f2, stat_addr: c0004bdbf4, options: 40000002, ru: 0)
             exe-1050289 [001] ..... 1634831.792757: sys_wait4 -> 0x1006f2
             exe-1050289 [001] ..... 1634831.792759: sys_ptrace(request: 4204, pid: 1006f2, addr: 1, data: c0004bdc70)
             exe-1050289 [001] ..... 1634831.792764: sys_ptrace -> 0x0
             exe-1050289 [001] ..... 1634831.792765: sys_ptrace(request: 4204, pid: 1006f2, addr: 202, data: c0004bdc70)
             exe-1050289 [001] ..... 1634831.792768: sys_ptrace -> 0x0
             exe-1049567 [000] ..... 1634831.792776: sys_nanosleep -> 0x0
             exe-1049567 [000] ..... 1634831.792782: sys_nanosleep(rqtp: c000069f10, rmtp: 0)
             exe-1050289 [001] ..... 1634831.792784: sys_pwrite64(fd: 63, buf: 7fd66ee33080, count: 27, pos: 29)
             exe-1050289 [001] ..... 1634831.792786: tracing_mark_write: inotify_init1(flags=0x7f59a8c99d00) end
             exe-1050289 [001] ..... 1634831.876207: tracing_mark_write: inotify_init1(flags=0x7f59a8c99d00) start
             exe-1050289 [001] .N... 1634831.876245: sys_pwrite64 -> 0x29
             exe-1050289 [001] ..... 1634831.876299: sys_ptrace(request: 4205, pid: 1006f2, addr: 1, data: c0004bdc70)
             exe-1050289 [001] ..... 1634831.876304: sys_ptrace -> 0x0
             exe-1050289 [001] ..... 1634831.876306: sys_ptrace(request: 4205, pid: 1006f2, addr: 202, data: c0004bdc70)
             exe-1050289 [001] ..... 1634831.876318: sys_ptrace -> 0x0
             exe-1050289 [001] ..... 1634831.876320: sys_ptrace(request: 1f, pid: 1006f2, addr: 0, data: 0)
             exe-1050354 [003] ..... 1634831.876349: sys_write -> 0x29
             exe-1050289 [001] .N... 1634831.876357: sys_ptrace -> 0x0
             exe-1050289 [001] ..... 1634831.876403: sys_wait4(upid: 1006f2, stat_addr: c0004bdbf4, options: 40000002, ru: 0)
             exe-1050289 [001] ..... 1634831.876406: sys_wait4 -> 0x1006f2
             exe-1050289 [001] ..... 1634831.876409: sys_ptrace(request: 4204, pid: 1006f2, addr: 1, data: c0004bdc70)
             exe-1050289 [001] ..... 1634831.876413: sys_ptrace -> 0x0
             exe-1050289 [001] ..... 1634831.876414: sys_ptrace(request: 4204, pid: 1006f2, addr: 202, data: c0004bdc70)
             exe-1050289 [001] ..... 1634831.876417: sys_ptrace -> 0x0
             exe-1050289 [001] ..... 1634831.876425: sys_ptrace(request: 4205, pid: 1006f2, addr: 1, data: c0004bdc70)
             exe-1050289 [001] ..... 1634831.876428: sys_ptrace -> 0x0
             exe-1050289 [001] ..... 1634831.876429: sys_ptrace(request: 4205, pid: 1006f2, addr: 202, data: c0004bdc70)
             exe-1050289 [001] ..... 1634831.876441: sys_ptrace -> 0x0
             exe-1050289 [001] ..... 1634831.876443: sys_ptrace(request: 1f, pid: 1006f2, addr: 0, data: 0)
             exe-1050354 [003] ..... 1634831.876471: sys_inotify_init1 -> 0xffffffffffffffea
             exe-1050289 [001] .N... 1634831.876477: sys_ptrace -> 0x0
             exe-1050289 [001] ..... 1634831.876521: sys_wait4(upid: 1006f2, stat_addr: c0004bdbf4, options: 40000002, ru: 0)
             exe-1050289 [001] ..... 1634831.876524: sys_wait4 -> 0x1006f2
             exe-1050289 [001] ..... 1634831.876526: sys_ptrace(request: 4204, pid: 1006f2, addr: 1, data: c0004bdc70)
             exe-1050289 [001] ..... 1634831.876531: sys_ptrace -> 0x0
             exe-1050289 [001] ..... 1634831.876533: sys_ptrace(request: 4204, pid: 1006f2, addr: 202, data: c0004bdc70)
             exe-1050289 [001] ..... 1634831.876536: sys_ptrace -> 0x0
             exe-1050289 [001] ..... 1634831.876551: sys_pwrite64(fd: 63, buf: 7fd66ee33080, count: 27, pos: 29)
             exe-1050289 [001] ..... 1634831.876553: tracing_mark_write: inotify_init1(flags=0x7f59a8c99d00) end
             exe-1050289 [001] ..... 1634831.955955: tracing_mark_write: inotify_init1(flags=0x7f59a8c99d00) start
             exe-1050289 [001] ..... 1634831.955957: sys_pwrite64 -> 0x29
             exe-1049673 [000] ..... 1634831.955957: sys_nanosleep -> 0x0
             exe-1049673 [000] ..... 1634831.955962: sys_nanosleep(rqtp: c000069f10, rmtp: 0)
             exe-1050289 [001] ..... 1634831.955964: sys_ptrace(request: 4205, pid: 1006f2, addr: 1, data: c0004bdc70)
             exe-1050289 [001] ..... 1634831.955967: sys_ptrace -> 0x0
             exe-1050289 [001] ..... 1634831.955969: sys_ptrace(request: 4205, pid: 1006f2, addr: 202, data: c0004bdc70)
             exe-1049567 [000] ..... 1634831.956044: sys_nanosleep -> 0x0
             exe-1050289 [001] ..... 1634831.956047: sys_ptrace -> 0x0
             exe-1049567 [000] ..... 1634831.956049: sys_nanosleep(rqtp: c000069f10, rmtp: 0)
             exe-1050289 [001] ..... 1634831.956052: sys_ptrace(request: 1f, pid: 1006f2, addr: 0, data: 0)
             exe-1050289 [001] ..... 1634831.956066: sys_ptrace -> 0x0
             exe-1050289 [001] ..... 1634831.956070: sys_wait4(upid: 1006f2, stat_addr: c0004bdbf4, options: 40000002, ru: 0)
             exe-1049673 [000] ..... 1634831.956073: sys_nanosleep -> 0x0
             exe-1049673 [000] ..... 1634831.956078: sys_nanosleep(rqtp: c000069f10, rmtp: 0)
             exe-1050354 [003] ..... 1634831.956080: sys_write -> 0x29
             exe-1049673 [000] ..... 1634831.956146: sys_nanosleep -> 0x0
             exe-1050289 [001] ..... 1634831.956147: sys_wait4 -> 0x1006f2
             exe-1049673 [000] ..... 1634831.956149: sys_nanosleep(rqtp: c000069f10, rmtp: 0)
             exe-1050289 [001] ..... 1634831.956153: sys_ptrace(request: 4204, pid: 1006f2, addr: 1, data: c0004bdc70)
             exe-1050289 [001] ..... 1634831.956157: sys_ptrace -> 0x0
             exe-1050289 [001] ..... 1634831.956159: sys_ptrace(request: 4204, pid: 1006f2, addr: 202, data: c0004bdc70)
             exe-1050289 [001] ..... 1634831.956161: sys_ptrace -> 0x0
             exe-1049567 [000] ..... 1634831.956165: sys_nanosleep -> 0x0
             exe-1050289 [001] ..... 1634831.956169: sys_ptrace(request: 4205, pid: 1006f2, addr: 1, data: c0004bdc70)
             exe-1049567 [000] ..... 1634831.956170: sys_nanosleep(rqtp: c000069f10, rmtp: 0)
             exe-1050289 [001] ..... 1634831.956172: sys_ptrace -> 0x0
             exe-1050289 [001] ..... 1634831.956173: sys_ptrace(request: 4205, pid: 1006f2, addr: 202, data: c0004bdc70)
             exe-1050289 [001] ..... 1634831.956185: sys_ptrace -> 0x0
             exe-1050289 [001] ..... 1634831.956187: sys_ptrace(request: 1f, pid: 1006f2, addr: 0, data: 0)
             exe-1050354 [003] ..... 1634831.956213: sys_inotify_init1 -> 0xffffffffffffffea
             exe-1050289 [001] .N... 1634831.956221: sys_ptrace -> 0x0
             exe-1049673 [000] ..... 1634831.956251: sys_nanosleep -> 0x0
             exe-1049673 [000] ..... 1634831.956257: sys_nanosleep(rqtp: c000069f10, rmtp: 0)
             exe-1050289 [001] ..... 1634831.956265: sys_wait4(upid: 1006f2, stat_addr: c0004bdbf4, options: 40000002, ru: 0)
             exe-1050289 [001] ..... 1634831.956268: sys_wait4 -> 0x1006f2
             exe-1050289 [001] ..... 1634831.956271: sys_ptrace(request: 4204, pid: 1006f2, addr: 1, data: c0004bdc70)
             exe-1050289 [001] ..... 1634831.956275: sys_ptrace -> 0x0
             exe-1050289 [001] ..... 1634831.956277: sys_ptrace(request: 4204, pid: 1006f2, addr: 202, data: c0004bdc70)
             exe-1049567 [000] ..... 1634831.956279: sys_nanosleep -> 0x0
             exe-1050289 [001] ..... 1634831.956280: sys_ptrace -> 0x0
             exe-1049567 [000] ..... 1634831.956284: sys_nanosleep(rqtp: c000069f10, rmtp: 0)
             exe-1050289 [001] ..... 1634831.956295: sys_pwrite64(fd: 63, buf: 7fd66ee33080, count: 27, pos: 29)
             exe-1050289 [001] ..... 1634831.956296: tracing_mark_write: inotify_init1(flags=0x7f59a8c99d00) end
             exe-1050289 [001] ..... 1634832.023913: tracing_mark_write: inotify_init1(flags=0x5621b7396963) start
             exe-1050289 [001] ..... 1634832.023914: sys_pwrite64 -> 0x29
             exe-1050289 [001] ..... 1634832.023921: sys_ptrace(request: 4205, pid: 1006f2, addr: 1, data: c0004bdc70)
             exe-1050289 [001] ..... 1634832.023924: sys_ptrace -> 0x0
             exe-1050289 [001] ..... 1634832.023925: sys_ptrace(request: 4205, pid: 1006f2, addr: 202, data: c0004bdc70)
             exe-1049567 [000] ..... 1634832.023978: sys_nanosleep -> 0x0
             exe-1049567 [000] ..... 1634832.023981: sys_nanosleep(rqtp: c000069f10, rmtp: 0)
             exe-1049673 [000] ..... 1634832.023997: sys_nanosleep -> 0x0
             exe-1050289 [001] ..... 1634832.024000: sys_ptrace -> 0x0
             exe-1049673 [000] ..... 1634832.024002: sys_nanosleep(rqtp: c000069f10, rmtp: 0)
             exe-1050289 [001] ..... 1634832.024004: sys_ptrace(request: 1f, pid: 1006f2, addr: 0, data: 0)
             exe-1050289 [001] ..... 1634832.024018: sys_ptrace -> 0x0
             exe-1050289 [001] ..... 1634832.024021: sys_wait4(upid: 1006f2, stat_addr: c0004bdbf4, options: 40000002, ru: 0)
             exe-1050354 [003] ..... 1634832.024032: sys_write -> 0x29
             exe-1049567 [000] ..... 1634832.024084: sys_nanosleep -> 0x0
             exe-1049567 [000] ..... 1634832.024089: sys_nanosleep(rqtp: c000069f10, rmtp: 0)
             exe-1050289 [001] ..... 1634832.024098: sys_wait4 -> 0x1006f2
             exe-1050289 [001] ..... 1634832.024103: sys_ptrace(request: 4204, pid: 1006f2, addr: 1, data: c0004bdc70)
             exe-1050289 [001] ..... 1634832.024108: sys_ptrace -> 0x0
             exe-1050289 [001] ..... 1634832.024109: sys_ptrace(request: 4204, pid: 1006f2, addr: 202, data: c0004bdc70)
             exe-1049673 [000] ..... 1634832.024111: sys_nanosleep -> 0x0
             exe-1050289 [001] ..... 1634832.024112: sys_ptrace -> 0x0
             exe-1049673 [000] ..... 1634832.024116: sys_nanosleep(rqtp: c000069f10, rmtp: 0)
             exe-1050289 [001] ..... 1634832.024119: sys_ptrace(request: 4205, pid: 1006f2, addr: 1, data: c0004bdc70)
             exe-1050289 [001] ..... 1634832.024121: sys_ptrace -> 0x0
             exe-1050289 [001] ..... 1634832.024123: sys_ptrace(request: 4205, pid: 1006f2, addr: 202, data: c0004bdc70)
             exe-1050289 [001] ..... 1634832.024134: sys_ptrace -> 0x0
             exe-1050289 [001] ..... 1634832.024136: sys_ptrace(request: 1f, pid: 1006f2, addr: 0, data: 0)
             exe-1050354 [003] ..... 1634832.024163: sys_inotify_init1 -> 0xffffffffffffffea
             exe-1050289 [001] .N... 1634832.024170: sys_ptrace -> 0x0
             exe-1049673 [000] ..... 1634832.024185: sys_nanosleep -> 0x0
             exe-1049673 [000] ..... 1634832.024188: sys_nanosleep(rqtp: c000069f10, rmtp: 0)
             exe-1049567 [000] ..... 1634832.024205: sys_nanosleep -> 0x0
             exe-1049567 [000] ..... 1634832.024210: sys_nanosleep(rqtp: c000069f10, rmtp: 0)
             exe-1050289 [001] ..... 1634832.024211: sys_wait4(upid: 1006f2, stat_addr: c0004bdbf4, options: 40000002, ru: 0)
             exe-1050289 [001] ..... 1634832.024214: sys_wait4 -> 0x1006f2
             exe-1050289 [001] ..... 1634832.024216: sys_ptrace(request: 4204, pid: 1006f2, addr: 1, data: c0004bdc70)
             exe-1050289 [001] ..... 1634832.024220: sys_ptrace -> 0x0
             exe-1050289 [001] ..... 1634832.024222: sys_ptrace(request: 4204, pid: 1006f2, addr: 202, data: c0004bdc70)
             exe-1050289 [001] ..... 1634832.024225: sys_ptrace -> 0x0
             exe-1050289 [001] ..... 1634832.024239: sys_pwrite64(fd: 63, buf: 7fd66ee33080, count: 27, pos: 29)
             exe-1050289 [001] ..... 1634832.024241: tracing_mark_write: inotify_init1(flags=0x5621b7396963) end
             exe-1050289 [001] ..... 1634832.096564: tracing_mark_write: inotify_init1(flags=0x5621b7396963) start
             exe-1050289 [001] ..... 1634832.096566: sys_pwrite64 -> 0x29
             exe-1050289 [001] ..... 1634832.096571: sys_ptrace(request: 4205, pid: 1006f2, addr: 1, data: c0004bdc70)
             exe-1050289 [001] ..... 1634832.096573: sys_ptrace -> 0x0
             exe-1050289 [001] ..... 1634832.096575: sys_ptrace(request: 4205, pid: 1006f2, addr: 202, data: c0004bdc70)
             exe-1050289 [001] ..... 1634832.096583: sys_ptrace -> 0x0
             exe-1050289 [001] ..... 1634832.096585: sys_ptrace(request: 1f, pid: 1006f2, addr: 0, data: 0)
             exe-1050289 [001] ..... 1634832.096598: sys_ptrace -> 0x0
             exe-1050289 [001] ..... 1634832.096600: sys_wait4(upid: 1006f2, stat_addr: c0004bdbf4, options: 40000002, ru: 0)
             exe-1049673 [000] ..... 1634832.096611: sys_nanosleep -> 0x0
             exe-1049673 [000] ..... 1634832.096614: sys_nanosleep(rqtp: c000069f10, rmtp: 0)
             exe-1050354 [003] ..... 1634832.096657: sys_write -> 0x29
             exe-1050289 [001] ..... 1634832.096705: sys_wait4 -> 0x1006f2
             exe-1049567 [000] ..... 1634832.096709: sys_nanosleep -> 0x0
             exe-1050289 [001] ..... 1634832.096709: sys_ptrace(request: 4204, pid: 1006f2, addr: 1, data: c0004bdc70)
             exe-1050289 [001] ..... 1634832.096713: sys_ptrace -> 0x0
             exe-1049567 [000] ..... 1634832.096714: sys_nanosleep(rqtp: c000069f10, rmtp: 0)
             exe-1050289 [001] ..... 1634832.096715: sys_ptrace(request: 4204, pid: 1006f2, addr: 202, data: c0004bdc70)
             exe-1050289 [001] ..... 1634832.096720: sys_ptrace -> 0x0
             exe-1050289 [001] ..... 1634832.096727: sys_ptrace(request: 4205, pid: 1006f2, addr: 1, data: c0004bdc70)
             exe-1050289 [001] ..... 1634832.096731: sys_ptrace -> 0x0
             exe-1050289 [001] ..... 1634832.096732: sys_ptrace(request: 4205, pid: 1006f2, addr: 202, data: c0004bdc70)
             exe-1049673 [000] ..... 1634832.096737: sys_nanosleep -> 0x0
             exe-1049673 [000] ..... 1634832.096742: sys_nanosleep(rqtp: c000069f10, rmtp: 0)
             exe-1050289 [001] ..... 1634832.096748: sys_ptrace -> 0x0
             exe-1050289 [001] ..... 1634832.096751: sys_ptrace(request: 1f, pid: 1006f2, addr: 0, data: 0)
             exe-1050289 [001] ..... 1634832.096768: sys_ptrace -> 0x0
             exe-1050289 [001] ..... 1634832.096771: sys_wait4(upid: 1006f2, stat_addr: c0004bdbf4, options: 40000002, ru: 0)
             exe-1050354 [003] ..... 1634832.096787: sys_inotify_init1 -> 0xffffffffffffffea
             exe-1050289 [001] ..... 1634832.096812: sys_wait4 -> 0x1006f2
             exe-1050289 [001] ..... 1634832.096815: sys_ptrace(request: 4204, pid: 1006f2, addr: 1, data: c0004bdc70)
             exe-1050289 [001] ..... 1634832.096820: sys_ptrace -> 0x0
             exe-1050289 [001] ..... 1634832.096822: sys_ptrace(request: 4204, pid: 1006f2, addr: 202, data: c0004bdc70)
             exe-1050289 [001] ..... 1634832.096825: sys_ptrace -> 0x0
             exe-1049673 [000] ..... 1634832.096834: sys_nanosleep -> 0x0
             exe-1049673 [000] ..... 1634832.096837: sys_nanosleep(rqtp: c000069f10, rmtp: 0)
             exe-1050289 [001] ..... 1634832.096837: sys_pwrite64(fd: 63, buf: 7fd66ee33080, count: 27, pos: 29)
             exe-1050289 [001] ..... 1634832.096839: tracing_mark_write: inotify_init1(flags=0x5621b7396963) end
             exe-1050289 [001] ..... 1634832.175375: tracing_mark_write: inotify_init1(flags=0x5621b7396963) start
             exe-1049673 [000] ..... 1634832.175376: sys_nanosleep(rqtp: c000069f10, rmtp: 0)
             exe-1050289 [001] ..... 1634832.175377: sys_pwrite64 -> 0x29
             exe-1050289 [001] ..... 1634832.175381: sys_ptrace(request: 4205, pid: 1006f2, addr: 1, data: c0004bdc70)
             exe-1050289 [001] ..... 1634832.175384: sys_ptrace -> 0x0
             exe-1050289 [001] ..... 1634832.175385: sys_ptrace(request: 4205, pid: 1006f2, addr: 202, data: c0004bdc70)
             exe-1050289 [001] ..... 1634832.175391: sys_ptrace -> 0x0
             exe-1050289 [001] ..... 1634832.175393: sys_ptrace(request: 1f, pid: 1006f2, addr: 0, data: 0)
             exe-1049567 [000] ..... 1634832.175402: sys_nanosleep -> 0x0
             exe-1050289 [001] ..... 1634832.175404: sys_ptrace -> 0x0
             exe-1050289 [001] ..... 1634832.175406: sys_wait4(upid: 1006f2, stat_addr: c0004bdbf4, options: 40000002, ru: 0)
             exe-1049567 [000] ..... 1634832.175408: sys_nanosleep(rqtp: c000069f10, rmtp: 0)
             exe-1050354 [003] ..... 1634832.175419: sys_write -> 0x29
             exe-1050289 [001] ..... 1634832.175434: sys_wait4 -> 0x1006f2
             exe-1050289 [001] ..... 1634832.175437: sys_ptrace(request: 4204, pid: 1006f2, addr: 1, data: c0004bdc70)
             exe-1050289 [001] ..... 1634832.175439: sys_ptrace -> 0x0
             exe-1050289 [001] ..... 1634832.175440: sys_ptrace(request: 4204, pid: 1006f2, addr: 202, data: c0004bdc70)
             exe-1050289 [001] ..... 1634832.175442: sys_ptrace -> 0x0
             exe-1050289 [001] ..... 1634832.175446: sys_ptrace(request: 4205, pid: 1006f2, addr: 1, data: c0004bdc70)
             exe-1050289 [001] ..... 1634832.175448: sys_ptrace -> 0x0
             exe-1050289 [001] ..... 1634832.175450: sys_ptrace(request: 4205, pid: 1006f2, addr: 202, data: c0004bdc70)
             exe-1050289 [001] ..... 1634832.175455: sys_ptrace -> 0x0
             exe-1050289 [001] ..... 1634832.175457: sys_ptrace(request: 1f, pid: 1006f2, addr: 0, data: 0)
             exe-1050289 [001] ..... 1634832.175465: sys_ptrace -> 0x0
             exe-1050289 [001] ..... 1634832.175466: sys_wait4(upid: 1006f2, stat_addr: c0004bdbf4, options: 40000002, ru: 0)
             exe-1050354 [003] ..... 1634832.175479: sys_inotify_init1 -> 0xffffffffffffffea
             exe-1049567 [000] ..... 1634832.175481: sys_nanosleep -> 0x0
             exe-1049567 [000] ..... 1634832.175485: sys_nanosleep(rqtp: c000069f10, rmtp: 0)
             exe-1050289 [001] ..... 1634832.175493: sys_wait4 -> 0x1006f2
             exe-1050289 [001] ..... 1634832.175495: sys_ptrace(request: 4204, pid: 1006f2, addr: 1, data: c0004bdc70)
             exe-1050289 [001] ..... 1634832.175497: sys_ptrace -> 0x0
             exe-1050289 [001] ..... 1634832.175499: sys_ptrace(request: 4204, pid: 1006f2, addr: 202, data: c0004bdc70)
             exe-1050289 [001] ..... 1634832.175500: sys_ptrace -> 0x0
             exe-1049673 [000] ..... 1634832.175504: sys_nanosleep -> 0x0
             exe-1050289 [001] ..... 1634832.175505: sys_pwrite64(fd: 63, buf: 7fd66ee33080, count: 27, pos: 29)
             exe-1050289 [001] ..... 1634832.175506: tracing_mark_write: inotify_init1(flags=0x5621b7396963) end
             exe-1050289 [001] ..... 1634832.234831: tracing_mark_write: inotify_init1(flags=0x5621b7396963) start
             exe-1050289 [001] ..... 1634832.234833: sys_pwrite64 -> 0x29
             exe-1050289 [001] ..... 1634832.234837: sys_ptrace(request: 4205, pid: 1006f2, addr: 1, data: c0004bdc70)
             exe-1050289 [001] ..... 1634832.234840: sys_ptrace -> 0x0
             exe-1050289 [001] ..... 1634832.234841: sys_ptrace(request: 4205, pid: 1006f2, addr: 202, data: c0004bdc70)
             exe-1050289 [001] ..... 1634832.234849: sys_ptrace -> 0x0
             exe-1050289 [001] ..... 1634832.234850: sys_ptrace(request: 1f, pid: 1006f2, addr: 0, data: 0)
             exe-1050289 [001] ..... 1634832.234861: sys_ptrace -> 0x0
             exe-1050289 [001] ..... 1634832.234863: sys_wait4(upid: 1006f2, stat_addr: c0004bdbf4, options: 40000002, ru: 0)
             exe-1050354 [003] ..... 1634832.234875: sys_write -> 0x29
             exe-1050289 [001] ..... 1634832.234893: sys_wait4 -> 0x1006f2
             exe-1049673 [000] ..... 1634832.234895: sys_nanosleep -> 0x0
             exe-1050289 [001] ..... 1634832.234896: sys_ptrace(request: 4204, pid: 1006f2, addr: 1, data: c0004bdc70)
             exe-1049673 [000] ..... 1634832.234899: sys_nanosleep(rqtp: c000069f10, rmtp: 0)
             exe-1049567 [000] ..... 1634832.234913: sys_nanosleep -> 0x0
             exe-1049567 [000] ..... 1634832.234918: sys_nanosleep(rqtp: c000069f10, rmtp: 0)
             exe-1049567 [000] ..... 1634832.235000: sys_nanosleep -> 0x0
             exe-1049567 [000] ..... 1634832.235003: sys_nanosleep(rqtp: c000069f10, rmtp: 0)
             exe-1049673 [000] ..... 1634832.235017: sys_nanosleep -> 0x0
             exe-1049673 [000] ..... 1634832.235022: sys_nanosleep(rqtp: c000069f10, rmtp: 0)
             exe-1050289 [001] ..... 1634832.235101: sys_ptrace -> 0x0
             exe-1050289 [001] ..... 1634832.235103: sys_ptrace(request: 4204, pid: 1006f2, addr: 202, data: c0004bdc70)
             exe-1049673 [000] ..... 1634832.235103: sys_nanosleep -> 0x0
             exe-1050289 [001] ..... 1634832.235105: sys_ptrace -> 0x0
             exe-1049673 [000] ..... 1634832.235106: sys_nanosleep(rqtp: c000069f10, rmtp: 0)
             exe-1050289 [001] ..... 1634832.235109: sys_ptrace(request: 4205, pid: 1006f2, addr: 1, data: c0004bdc70)
             exe-1050289 [001] ..... 1634832.235111: sys_ptrace -> 0x0
             exe-1050289 [001] ..... 1634832.235113: sys_ptrace(request: 4205, pid: 1006f2, addr: 202, data: c0004bdc70)
             exe-1050289 [001] ..... 1634832.235119: sys_ptrace -> 0x0
             exe-1049567 [000] ..... 1634832.235120: sys_nanosleep -> 0x0
             exe-1050289 [001] ..... 1634832.235121: sys_ptrace(request: 1f, pid: 1006f2, addr: 0, data: 0)
             exe-1049567 [000] ..... 1634832.235125: sys_nanosleep(rqtp: c000069f10, rmtp: 0)
             exe-1050289 [001] ..... 1634832.235129: sys_ptrace -> 0x0
             exe-1050289 [001] ..... 1634832.235131: sys_wait4(upid: 1006f2, stat_addr: c0004bdbf4, options: 40000002, ru: 0)
             exe-1050354 [003] ..... 1634832.235146: sys_inotify_init1 -> 0xffffffffffffffea
             exe-1050289 [001] ..... 1634832.235188: sys_wait4 -> 0x1006f2
             exe-1050289 [001] ..... 1634832.235190: sys_ptrace(request: 4204, pid: 1006f2, addr: 1, data: c0004bdc70)
             exe-1050289 [001] ..... 1634832.235193: sys_ptrace -> 0x0
             exe-1050289 [001] ..... 1634832.235194: sys_ptrace(request: 4204, pid: 1006f2, addr: 202, data: c0004bdc70)
             exe-1050289 [001] ..... 1634832.235196: sys_ptrace -> 0x0
             exe-1050289 [001] ..... 1634832.235202: sys_pwrite64(fd: 63, buf: 7fd66ee33080, count: 27, pos: 29)
             exe-1050289 [001] ..... 1634832.235203: tracing_mark_write: inotify_init1(flags=0x5621b7396963) end
             exe-1050289 [001] ..... 1634832.308603: tracing_mark_write: inotify_init1(flags=0x5621b7396963) start
             exe-1050289 [001] ..... 1634832.308605: sys_pwrite64 -> 0x29
             exe-1050289 [001] ..... 1634832.308609: sys_ptrace(request: 4205, pid: 1006f2, addr: 1, data: c0004bdc70)
             exe-1050289 [001] ..... 1634832.308612: sys_ptrace -> 0x0
             exe-1050289 [001] ..... 1634832.308613: sys_ptrace(request: 4205, pid: 1006f2, addr: 202, data: c0004bdc70)
             exe-1050289 [001] ..... 1634832.308620: sys_ptrace -> 0x0
             exe-1050289 [001] ..... 1634832.308622: sys_ptrace(request: 1f, pid: 1006f2, addr: 0, data: 0)
             exe-1050289 [001] ..... 1634832.308628: sys_ptrace -> 0x0
             exe-1050289 [001] ..... 1634832.308630: sys_wait4(upid: 1006f2, stat_addr: c0004bdbf4, options: 40000002, ru: 0)
             exe-1050354 [002] ..... 1634832.308637: sys_write -> 0x29
             exe-1050289 [001] ..... 1634832.308656: sys_wait4 -> 0x1006f2
             exe-1050289 [001] ..... 1634832.308658: sys_ptrace(request: 4204, pid: 1006f2, addr: 1, data: c0004bdc70)
             exe-1050289 [001] ..... 1634832.308660: sys_ptrace -> 0x0
             exe-1050289 [001] ..... 1634832.308662: sys_ptrace(request: 4204, pid: 1006f2, addr: 202, data: c0004bdc70)
             exe-1050289 [001] ..... 1634832.308664: sys_ptrace -> 0x0
             exe-1050289 [001] ..... 1634832.308668: sys_ptrace(request: 4205, pid: 1006f2, addr: 1, data: c0004bdc70)
             exe-1050289 [001] ..... 1634832.308670: sys_ptrace -> 0x0
             exe-1050289 [001] ..... 1634832.308672: sys_ptrace(request: 4205, pid: 1006f2, addr: 202, data: c0004bdc70)
             exe-1050289 [001] ..... 1634832.308679: sys_ptrace -> 0x0
             exe-1050289 [001] ..... 1634832.308681: sys_ptrace(request: 1f, pid: 1006f2, addr: 0, data: 0)
             exe-1050289 [001] ..... 1634832.308687: sys_ptrace -> 0x0
             exe-1050289 [001] ..... 1634832.308688: sys_wait4(upid: 1006f2, stat_addr: c0004bdbf4, options: 40000002, ru: 0)
             exe-1050354 [002] ..... 1634832.308692: sys_inotify_init1 -> 0xffffffffffffffea
             exe-1050289 [001] ..... 1634832.308707: sys_wait4 -> 0x1006f2
             exe-1050289 [001] ..... 1634832.308709: sys_ptrace(request: 4204, pid: 1006f2, addr: 1, data: c0004bdc70)
             exe-1050289 [001] ..... 1634832.308711: sys_ptrace -> 0x0
             exe-1050289 [001] ..... 1634832.308713: sys_ptrace(request: 4204, pid: 1006f2, addr: 202, data: c0004bdc70)
             exe-1050289 [001] ..... 1634832.308715: sys_ptrace -> 0x0
             exe-1050289 [001] ..... 1634832.308720: sys_pwrite64(fd: 63, buf: 7fd66ee33080, count: 27, pos: 29)
             exe-1050289 [001] ..... 1634832.308721: tracing_mark_write: inotify_init1(flags=0x5621b7396963) end
             exe-1050289 [001] ..... 1634832.391013: tracing_mark_write: inotify_init1(flags=0x5621b7396963) start
             exe-1050289 [001] ..... 1634832.391014: sys_pwrite64 -> 0x29
             exe-1050289 [001] ..... 1634832.391018: sys_ptrace(request: 4205, pid: 1006f2, addr: 1, data: c0004bdc70)
             exe-1050289 [001] ..... 1634832.391021: sys_ptrace -> 0x0
             exe-1050289 [001] ..... 1634832.391022: sys_ptrace(request: 4205, pid: 1006f2, addr: 202, data: c0004bdc70)
             exe-1049673 [000] ..... 1634832.391050: sys_nanosleep -> 0x0
             exe-1050282 [001] ..... 1634832.391055: sys_epoll_pwait -> 0x0
             exe-1049673 [000] ..... 1634832.391055: sys_nanosleep(rqtp: c000069f10, rmtp: 0)
             exe-1050282 [001] ..... 1634832.391065: sys_epoll_pwait(epfd: 11, events: c000695840, maxevents: 80, timeout: 1, sigmask: 0, sigsetsize: 0)
             exe-1050289 [001] ..... 1634832.391076: sys_ptrace -> 0x0
             exe-1050289 [001] ..... 1634832.391078: sys_ptrace(request: 1f, pid: 1006f2, addr: 0, data: 0)
             exe-1050289 [001] ..... 1634832.391084: sys_ptrace -> 0x0
             exe-1050289 [001] ..... 1634832.391086: sys_wait4(upid: 1006f2, stat_addr: c0004bdbf4, options: 40000002, ru: 0)
             exe-1050354 [002] ..... 1634832.391093: sys_write -> 0x29
             exe-1050289 [001] ..... 1634832.391106: sys_wait4 -> 0x1006f2
             exe-1050289 [001] ..... 1634832.391109: sys_ptrace(request: 4204, pid: 1006f2, addr: 1, data: c0004bdc70)
             exe-1050289 [001] ..... 1634832.391111: sys_ptrace -> 0x0
             exe-1050289 [001] ..... 1634832.391112: sys_ptrace(request: 4204, pid: 1006f2, addr: 202, data: c0004bdc70)
             exe-1050289 [001] ..... 1634832.391114: sys_ptrace -> 0x0
             exe-1050289 [001] ..... 1634832.391120: sys_ptrace(request: 4205, pid: 1006f2, addr: 1, data: c0004bdc70)
             exe-1050289 [001] ..... 1634832.391122: sys_ptrace -> 0x0
             exe-1050289 [001] ..... 1634832.391123: sys_ptrace(request: 4205, pid: 1006f2, addr: 202, data: c0004bdc70)
             exe-1050289 [001] ..... 1634832.391130: sys_ptrace -> 0x0
             exe-1050289 [001] ..... 1634832.391132: sys_ptrace(request: 1f, pid: 1006f2, addr: 0, data: 0)
             exe-1050289 [001] ..... 1634832.391138: sys_ptrace -> 0x0
             exe-1050289 [001] ..... 1634832.391139: sys_wait4(upid: 1006f2, stat_addr: c0004bdbf4, options: 40000002, ru: 0)
             exe-1049673 [000] ..... 1634832.391143: sys_nanosleep -> 0x0
             exe-1049673 [000] ..... 1634832.391145: sys_nanosleep(rqtp: c000069f10, rmtp: 0)
             exe-1050354 [002] ..... 1634832.391147: sys_inotify_init1 -> 0xffffffffffffffea
             exe-1049567 [000] ..... 1634832.391172: sys_nanosleep -> 0x0
             exe-1049567 [000] ..... 1634832.391177: sys_nanosleep(rqtp: c000069f10, rmtp: 0)
             exe-1050289 [001] ..... 1634832.391184: sys_wait4 -> 0x1006f2
             exe-1050289 [001] ..... 1634832.391187: sys_ptrace(request: 4204, pid: 1006f2, addr: 1, data: c0004bdc70)
             exe-1050289 [001] ..... 1634832.391189: sys_ptrace -> 0x0
             exe-1050289 [001] ..... 1634832.391191: sys_ptrace(request: 4204, pid: 1006f2, addr: 202, data: c0004bdc70)
             exe-1050289 [001] ..... 1634832.391192: sys_ptrace -> 0x0
             exe-1050289 [001] ..... 1634832.391199: sys_pwrite64(fd: 63, buf: 7fd66ee33080, count: 27, pos: 29)
             exe-1050289 [001] ..... 1634832.391200: tracing_mark_write: inotify_init1(flags=0x5621b7396963) end
             exe-1050289 [001] ..... 1634832.461403: tracing_mark_write: inotify_init1(flags=0x5621b7396963) start
             exe-1050289 [001] ..... 1634832.461405: sys_pwrite64 -> 0x29
             exe-1050289 [001] ..... 1634832.461412: sys_ptrace(request: 4205, pid: 1006f2, addr: 1, data: c0004bdc70)
             exe-1050289 [001] ..... 1634832.461415: sys_ptrace -> 0x0
             exe-1050289 [001] ..... 1634832.461416: sys_ptrace(request: 4205, pid: 1006f2, addr: 202, data: c0004bdc70)
             exe-1050289 [001] ..... 1634832.461453: sys_ptrace -> 0x0
             exe-1050289 [001] ..... 1634832.461455: sys_ptrace(request: 1f, pid: 1006f2, addr: 0, data: 0)
             exe-1049567 [002] ..... 1634832.461463: sys_nanosleep -> 0x0
             exe-1050289 [001] ..... 1634832.461467: sys_ptrace -> 0x0
             exe-1050289 [001] ..... 1634832.461469: sys_wait4(upid: 1006f2, stat_addr: c0004bdbf4, options: 40000002, ru: 0)
             exe-1049567 [002] ..... 1634832.461479: sys_nanosleep(rqtp: c000069f10, rmtp: 0)
             exe-1049673 [001] ..... 1634832.461484: sys_nanosleep -> 0x0
             exe-1049673 [001] ..... 1634832.461490: sys_nanosleep(rqtp: c000069f10, rmtp: 0)
             exe-1050354 [002] ..... 1634832.461493: sys_write -> 0x29
             exe-1050289 [001] ..... 1634832.461521: sys_wait4 -> 0x1006f2
             exe-1050289 [001] ..... 1634832.461527: sys_ptrace(request: 4204, pid: 1006f2, addr: 1, data: c0004bdc70)
             exe-1050289 [001] ..... 1634832.461534: sys_ptrace -> 0x0
             exe-1050289 [001] ..... 1634832.461535: sys_ptrace(request: 4204, pid: 1006f2, addr: 202, data: c0004bdc70)
             exe-1050289 [001] ..... 1634832.461545: sys_ptrace -> 0x0
             exe-1050289 [001] ..... 1634832.461553: sys_ptrace(request: 4205, pid: 1006f2, addr: 1, data: c0004bdc70)
             exe-1050289 [001] ..... 1634832.461559: sys_ptrace -> 0x0
             exe-1050289 [001] ..... 1634832.461560: sys_ptrace(request: 4205, pid: 1006f2, addr: 202, data: c0004bdc70)
             exe-1050289 [001] ..... 1634832.461614: sys_ptrace -> 0x0
             exe-1050289 [001] ..... 1634832.461616: sys_ptrace(request: 1f, pid: 1006f2, addr: 0, data: 0)
             exe-1050289 [001] ..... 1634832.461621: sys_ptrace -> 0x0
             exe-1050289 [001] ..... 1634832.461624: sys_wait4(upid: 1006f2, stat_addr: c0004bdbf4, options: 40000002, ru: 0)
             exe-1049673 [001] ..... 1634832.461637: sys_nanosleep -> 0x0
             exe-1050354 [002] ..... 1634832.461639: sys_inotify_init1 -> 0xffffffffffffffea
             exe-1049673 [001] ..... 1634832.461643: sys_nanosleep(rqtp: c000069f10, rmtp: 0)
             exe-1050289 [001] ..... 1634832.461673: sys_wait4 -> 0x1006f2
             exe-1050289 [001] ..... 1634832.461679: sys_ptrace(request: 4204, pid: 1006f2, addr: 1, data: c0004bdc70)
             exe-1050289 [001] ..... 1634832.461684: sys_ptrace -> 0x0
             exe-1050289 [001] ..... 1634832.461686: sys_ptrace(request: 4204, pid: 1006f2, addr: 202, data: c0004bdc70)
             exe-1050289 [001] ..... 1634832.461688: sys_ptrace -> 0x0
             exe-1050289 [001] ..... 1634832.461703: sys_pwrite64(fd: 63, buf: 7fd66ee33080, count: 27, pos: 29)
             exe-1050289 [001] ..... 1634832.461704: tracing_mark_write: inotify_init1(flags=0x5621b7396963) end
             exe-1050289 [000] ..... 1634832.535915: tracing_mark_write: inotify_init1(flags=0x5621b7396963) start
             exe-1049567 [002] ..... 1634832.535920: sys_nanosleep -> 0x0
             exe-1049567 [002] ..... 1634832.535925: sys_nanosleep(rqtp: c000069f10, rmtp: 0)
             exe-1050289 [000] ..... 1634832.535926: sys_pwrite64 -> 0x29
             exe-1050289 [000] ..... 1634832.535931: sys_ptrace(request: 4205, pid: 1006f2, addr: 1, data: c0004bdc70)
             exe-1050289 [000] ..... 1634832.535934: sys_ptrace -> 0x0
             exe-1050289 [000] ..... 1634832.535936: sys_ptrace(request: 4205, pid: 1006f2, addr: 202, data: c0004bdc70)
             exe-1050289 [000] ..... 1634832.535944: sys_ptrace -> 0x0
             exe-1050289 [000] ..... 1634832.535946: sys_ptrace(request: 1f, pid: 1006f2, addr: 0, data: 0)
             exe-1050289 [000] ..... 1634832.535951: sys_ptrace -> 0x0
             exe-1050289 [000] ..... 1634832.535953: sys_wait4(upid: 1006f2, stat_addr: c0004bdbf4, options: 40000002, ru: 0)
             exe-1050354 [002] ..... 1634832.535965: sys_write -> 0x29
             exe-1050289 [000] ..... 1634832.535991: sys_wait4 -> 0x1006f2
             exe-1050289 [000] ..... 1634832.535993: sys_ptrace(request: 4204, pid: 1006f2, addr: 1, data: c0004bdc70)
             exe-1050289 [000] ..... 1634832.536006: sys_ptrace -> 0x0
             exe-1050289 [000] ..... 1634832.536007: sys_ptrace(request: 4204, pid: 1006f2, addr: 202, data: c0004bdc70)
