             exe-1049981 [001] ..... 1634750.645749: tracing_mark_write: inotify_add_watch(fd=278, pathname="/victims/usr/share/vim/vim82/autoload/dist", mask=0xb) end
             exe-1049981 [001] ..... 1634750.704900: tracing_mark_write: inotify_add_watch(fd=278, pathname="/victims/usr/share/man/hu/man5", mask=0xb) start
             exe-1049981 [001] ..... 1634750.704901: sys_pwrite64 -> 0x54
             exe-1049981 [001] ..... 1634750.704907: sys_ptrace(request: 4205, pid: 1005aa, addr: 1, data: c000a29c70)
             exe-1049567 [002] ..... 1634750.704909: sys_nanosleep -> 0x0
             exe-1049981 [001] ..... 1634750.704910: sys_ptrace -> 0x0
             exe-1049567 [002] ..... 1634750.704911: sys_nanosleep(rqtp: c000069f10, rmtp: 0)
             exe-1049981 [001] ..... 1634750.704912: sys_ptrace(request: 4205, pid: 1005aa, addr: 202, data: c000a29c70)
             exe-1049981 [001] ..... 1634750.704923: sys_ptrace -> 0x0
             exe-1049981 [001] ..... 1634750.704925: sys_ptrace(request: 1f, pid: 1005aa, addr: 0, data: 0)
             exe-1049981 [001] ..... 1634750.704932: sys_ptrace -> 0x0
             exe-1049981 [001] ..... 1634750.704934: sys_wait4(upid: 1005aa, stat_addr: c000a29bf4, options: 40000002, ru: 0)
             exe-1050026 [001] ..... 1634750.704948: sys_write -> 0x54
             exe-1049981 [001] ..... 1634750.704969: sys_wait4 -> 0x1005aa
             exe-1049981 [001] ..... 1634750.704973: sys_ptrace(request: 4204, pid: 1005aa, addr: 1, data: c000a29c70)
             exe-1049981 [001] ..... 1634750.704977: sys_ptrace -> 0x0
             exe-1049981 [001] ..... 1634750.704979: sys_ptrace(request: 4204, pid: 1005aa, addr: 202, data: c000a29c70)
             exe-1049673 [003] ..... 1634750.704980: sys_nanosleep -> 0x0
             exe-1049981 [001] ..... 1634750.704982: sys_ptrace -> 0x0
             exe-1049673 [003] ..... 1634750.704982: sys_nanosleep(rqtp: c000069f10, rmtp: 0)
             exe-1049981 [001] ..... 1634750.704989: sys_ptrace(request: 4205, pid: 1005aa, addr: 1, data: c000a29c70)
             exe-1049981 [001] ..... 1634750.704992: sys_ptrace -> 0x0
             exe-1049981 [001] ..... 1634750.704993: sys_ptrace(request: 4205, pid: 1005aa, addr: 202, data: c000a29c70)
             exe-1049567 [002] ..... 1634750.705000: sys_nanosleep -> 0x0
             exe-1049567 [002] ..... 1634750.705002: sys_nanosleep(rqtp: c000069f10, rmtp: 0)
             exe-1049981 [001] ..... 1634750.705003: sys_ptrace -> 0x0
             exe-1049981 [001] ..... 1634750.705005: sys_ptrace(request: 1f, pid: 1005aa, addr: 0, data: 0)
             exe-1049981 [001] ..... 1634750.705012: sys_ptrace -> 0x0
             exe-1049981 [001] ..... 1634750.705014: sys_wait4(upid: 1005aa, stat_addr: c000a29bf4, options: 40000002, ru: 0)
             exe-1050026 [001] ..... 1634750.705027: sys_inotify_add_watch -> 0xffffffffffffffea
             exe-1049981 [001] ..... 1634750.705050: sys_wait4 -> 0x1005aa
             exe-1049981 [001] ..... 1634750.705054: sys_ptrace(request: 4204, pid: 1005aa, addr: 1, data: c000a29c70)
             exe-1049981 [001] ..... 1634750.705058: sys_ptrace -> 0x0
             exe-1049981 [001] ..... 1634750.705059: sys_ptrace(request: 4204, pid: 1005aa, addr: 202, data: c000a29c70)
             exe-1049981 [001] ..... 1634750.705062: sys_ptrace -> 0x0
             exe-1049981 [001] ..... 1634750.705071: sys_pwrite64(fd: 63, buf: 7fd66e235080, count: 52, pos: 54)
             exe-1049981 [001] ..... 1634750.705072: tracing_mark_write: inotify_add_watch(fd=278, pathname="/victims/usr/share/man/hu/man5", mask=0xb) end
             exe-1049981 [001] ..... 1634750.760564: tracing_mark_write: inotify_add_watch(fd=278, pathname="/victims/proc/self/root/usr/share/doc/git/contrib/credential/wincred", mask=0xb) start
             exe-1049981 [001] ..... 1634750.760566: sys_pwrite64 -> 0x7a
             exe-1049673 [003] ..... 1634750.760566: sys_futex(uaddr: c000466548, op: 81, val: 1, utime: 0, uaddr2: 0, val3: 0)
             exe-1049981 [001] ..... 1634750.760573: sys_ptrace(request: 4205, pid: 1005aa, addr: 1, data: c000a29c70)
             exe-1049981 [001] ..... 1634750.760575: sys_ptrace -> 0x0
             exe-1049981 [001] ..... 1634750.760577: sys_ptrace(request: 4205, pid: 1005aa, addr: 202, data: c000a29c70)
             exe-1049981 [001] ..... 1634750.760587: sys_ptrace -> 0x0
             exe-1049981 [001] ..... 1634750.760589: sys_ptrace(request: 1f, pid: 1005aa, addr: 0, data: 0)
             exe-1049981 [001] .N... 1634750.760597: sys_ptrace -> 0x0
             exe-1050026 [001] ..... 1634750.760608: sys_write -> 0x7a
             exe-1049981 [001] ..... 1634750.760629: sys_wait4(upid: 1005aa, stat_addr: c000a29bf4, options: 40000002, ru: 0)
             exe-1049981 [001] ..... 1634750.760631: sys_wait4 -> 0x1005aa
             exe-1049981 [001] ..... 1634750.760634: sys_ptrace(request: 4204, pid: 1005aa, addr: 1, data: c000a29c70)
             exe-1049981 [001] ..... 1634750.760638: sys_ptrace -> 0x0
             exe-1049981 [001] ..... 1634750.760639: sys_ptrace(request: 4204, pid: 1005aa, addr: 202, data: c000a29c70)
             exe-1049567 [002] ..... 1634750.760641: sys_nanosleep -> 0x0
             exe-1049981 [001] ..... 1634750.760642: sys_ptrace -> 0x0
             exe-1049567 [002] ..... 1634750.760646: sys_nanosleep(rqtp: c000069f10, rmtp: 0)
             exe-1049981 [001] ..... 1634750.760648: sys_ptrace(request: 4205, pid: 1005aa, addr: 1, data: c000a29c70)
             exe-1049981 [001] ..... 1634750.760651: sys_ptrace -> 0x0
             exe-1049981 [001] ..... 1634750.760652: sys_ptrace(request: 4205, pid: 1005aa, addr: 202, data: c000a29c70)
             exe-1049981 [001] ..... 1634750.760662: sys_ptrace -> 0x0
             exe-1049981 [001] ..... 1634750.760663: sys_ptrace(request: 1f, pid: 1005aa, addr: 0, data: 0)
             exe-1049981 [001] .N... 1634750.760670: sys_ptrace -> 0x0
             exe-1050026 [001] ..... 1634750.760681: sys_inotify_add_watch -> 0xffffffffffffffea
             exe-1049567 [002] ..... 1634750.760753: sys_nanosleep -> 0x0
             exe-1049981 [001] ..... 1634750.760756: sys_wait4(upid: 1005aa, stat_addr: c000a29bf4, options: 40000002, ru: 0)
             exe-1049567 [002] ..... 1634750.760759: sys_nanosleep(rqtp: c000069f10, rmtp: 0)
             exe-1049981 [001] ..... 1634750.760759: sys_wait4 -> 0x1005aa
             exe-1049981 [001] ..... 1634750.760762: sys_ptrace(request: 4204, pid: 1005aa, addr: 1, data: c000a29c70)
             exe-1049981 [001] ..... 1634750.760766: sys_ptrace -> 0x0
             exe-1049981 [001] ..... 1634750.760768: sys_ptrace(request: 4204, pid: 1005aa, addr: 202, data: c000a29c70)
             exe-1049981 [001] ..... 1634750.760770: sys_ptrace -> 0x0
             exe-1049981 [001] ..... 1634750.760785: sys_pwrite64(fd: 63, buf: 7fd66e235080, count: 78, pos: 7a)
             exe-1049981 [001] ..... 1634750.760787: tracing_mark_write: inotify_add_watch(fd=278, pathname="/victims/proc/self/root/usr/share/doc/git/contrib/credential/wincred", mask=0xb) end
             exe-1049981 [001] ..... 1634750.828563: tracing_mark_write: inotify_add_watch(fd=278, pathname="/victims/proc/self/root/usr/share/locale/ja/LC_TIME", mask=0xc) start
             exe-1049981 [001] ..... 1634750.828565: sys_pwrite64 -> 0x69
             exe-1049981 [001] ..... 1634750.828572: sys_ptrace(request: 4205, pid: 1005aa, addr: 1, data: c000a29c70)
             exe-1049673 [003] ..... 1634750.828574: sys_nanosleep -> 0x0
             exe-1049981 [001] ..... 1634750.828575: sys_ptrace -> 0x0
             exe-1049981 [001] ..... 1634750.828576: sys_ptrace(request: 4205, pid: 1005aa, addr: 202, data: c000a29c70)
             exe-1049673 [003] ..... 1634750.828577: sys_nanosleep(rqtp: c000069f10, rmtp: 0)
             exe-1049981 [001] ..... 1634750.828587: sys_ptrace -> 0x0
             exe-1049981 [001] ..... 1634750.828589: sys_ptrace(request: 1f, pid: 1005aa, addr: 0, data: 0)
             exe-1049981 [001] .N... 1634750.828597: sys_ptrace -> 0x0
             exe-1050026 [001] ..... 1634750.828608: sys_write -> 0x69
             exe-1049981 [001] ..... 1634750.828629: sys_wait4(upid: 1005aa, stat_addr: c000a29bf4, options: 40000002, ru: 0)
             exe-1049981 [001] ..... 1634750.828632: sys_wait4 -> 0x1005aa
             exe-1049981 [001] ..... 1634750.828634: sys_ptrace(request: 4204, pid: 1005aa, addr: 1, data: c000a29c70)
             exe-1049981 [001] ..... 1634750.828638: sys_ptrace -> 0x0
             exe-1049981 [001] ..... 1634750.828640: sys_ptrace(request: 4204, pid: 1005aa, addr: 202, data: c000a29c70)
             exe-1049567 [002] ..... 1634750.828640: sys_nanosleep -> 0x0
             exe-1049981 [001] ..... 1634750.828643: sys_ptrace -> 0x0
             exe-1049567 [002] ..... 1634750.828643: sys_nanosleep(rqtp: c000069f10, rmtp: 0)
             exe-1049981 [001] ..... 1634750.828650: sys_ptrace(request: 4205, pid: 1005aa, addr: 1, data: c000a29c70)
             exe-1049981 [001] ..... 1634750.828653: sys_ptrace -> 0x0
             exe-1049981 [001] ..... 1634750.828654: sys_ptrace(request: 4205, pid: 1005aa, addr: 202, data: c000a29c70)
             exe-1049981 [001] ..... 1634750.828664: sys_ptrace -> 0x0
             exe-1049981 [001] ..... 1634750.828666: sys_ptrace(request: 1f, pid: 1005aa, addr: 0, data: 0)
             exe-1049673 [003] ..... 1634750.828666: sys_nanosleep -> 0x0
             exe-1049673 [003] ..... 1634750.828668: sys_nanosleep(rqtp: c000069f10, rmtp: 0)
             exe-1049981 [001] .N... 1634750.828673: sys_ptrace -> 0x0
             exe-1050026 [001] ..... 1634750.828684: sys_inotify_add_watch -> 0xffffffffffffffea
             exe-1049567 [002] ..... 1634750.828732: sys_nanosleep -> 0x0
             exe-1049567 [002] ..... 1634750.828734: sys_nanosleep(rqtp: c000069f10, rmtp: 0)
             exe-1049981 [001] ..... 1634750.828757: sys_wait4(upid: 1005aa, stat_addr: c000a29bf4, options: 40000002, ru: 0)
             exe-1049673 [003] ..... 1634750.828758: sys_nanosleep -> 0x0
             exe-1049981 [001] ..... 1634750.828760: sys_wait4 -> 0x1005aa
             exe-1049673 [003] ..... 1634750.828760: sys_nanosleep(rqtp: c000069f10, rmtp: 0)
             exe-1049981 [001] ..... 1634750.828763: sys_ptrace(request: 4204, pid: 1005aa, addr: 1, data: c000a29c70)
             exe-1049981 [001] ..... 1634750.828767: sys_ptrace -> 0x0
             exe-1049981 [001] ..... 1634750.828769: sys_ptrace(request: 4204, pid: 1005aa, addr: 202, data: c000a29c70)
             exe-1049981 [001] ..... 1634750.828771: sys_ptrace -> 0x0
             exe-1049981 [001] ..... 1634750.828788: sys_pwrite64(fd: 63, buf: 7fd66e235080, count: 67, pos: 69)
             exe-1049981 [001] ..... 1634750.828790: tracing_mark_write: inotify_add_watch(fd=278, pathname="/victims/proc/self/root/usr/share/locale/ja/LC_TIME", mask=0xc) end
             exe-1049981 [001] ..... 1634750.913090: tracing_mark_write: inotify_add_watch(fd=356, pathname="/victims/proc/self/root/usr/share/locale/kk/LC_TIME", mask=0xc) start
             exe-1049981 [001] ..... 1634750.913092: sys_pwrite64 -> 0x69
             exe-1049981 [001] ..... 1634750.913101: sys_ptrace(request: 4205, pid: 1005aa, addr: 1, data: c000a29c70)
             exe-1049981 [001] ..... 1634750.913104: sys_ptrace -> 0x0
             exe-1049981 [001] ..... 1634750.913105: sys_ptrace(request: 4205, pid: 1005aa, addr: 202, data: c000a29c70)
             exe-1049981 [001] ..... 1634750.913130: sys_ptrace -> 0x0
             exe-1049981 [001] ..... 1634750.913132: sys_ptrace(request: 1f, pid: 1005aa, addr: 0, data: 0)
             exe-1049981 [001] .N... 1634750.913138: sys_ptrace -> 0x0
             exe-1050026 [001] ..... 1634750.913148: sys_write -> 0x69
             exe-1049981 [001] ..... 1634750.913170: sys_wait4(upid: 1005aa, stat_addr: c000a29bf4, options: 40000002, ru: 0)
             exe-1049981 [001] ..... 1634750.913172: sys_wait4 -> 0x1005aa
             exe-1049981 [001] ..... 1634750.913174: sys_ptrace(request: 4204, pid: 1005aa, addr: 1, data: c000a29c70)
             exe-1049981 [001] ..... 1634750.913178: sys_ptrace -> 0x0
             exe-1049981 [001] ..... 1634750.913179: sys_ptrace(request: 4204, pid: 1005aa, addr: 202, data: c000a29c70)
             exe-1049981 [001] ..... 1634750.913182: sys_ptrace -> 0x0
             exe-1049981 [001] ..... 1634750.913190: sys_ptrace(request: 4205, pid: 1005aa, addr: 1, data: c000a29c70)
             exe-1049981 [001] ..... 1634750.913193: sys_ptrace -> 0x0
             exe-1049981 [001] ..... 1634750.913195: sys_ptrace(request: 4205, pid: 1005aa, addr: 202, data: c000a29c70)
             exe-1049981 [001] ..... 1634750.913204: sys_ptrace -> 0x0
             exe-1049981 [001] ..... 1634750.913206: sys_ptrace(request: 1f, pid: 1005aa, addr: 0, data: 0)
             exe-1049981 [001] .N... 1634750.913212: sys_ptrace -> 0x0
             exe-1050026 [001] ..... 1634750.913222: sys_inotify_add_watch -> 0xffffffffffffffea
             exe-1049981 [001] ..... 1634750.913240: sys_wait4(upid: 1005aa, stat_addr: c000a29bf4, options: 40000002, ru: 0)
             exe-1049981 [001] ..... 1634750.913243: sys_wait4 -> 0x1005aa
             exe-1049981 [001] ..... 1634750.913244: sys_ptrace(request: 4204, pid: 1005aa, addr: 1, data: c000a29c70)
             exe-1049981 [001] ..... 1634750.913248: sys_ptrace -> 0x0
             exe-1049981 [001] ..... 1634750.913249: sys_ptrace(request: 4204, pid: 1005aa, addr: 202, data: c000a29c70)
             exe-1049981 [001] ..... 1634750.913252: sys_ptrace -> 0x0
             exe-1049981 [001] ..... 1634750.913261: sys_pwrite64(fd: 63, buf: 7fd66e235080, count: 67, pos: 69)
             exe-1049981 [001] ..... 1634750.913262: tracing_mark_write: inotify_add_watch(fd=356, pathname="/victims/proc/self/root/usr/share/locale/kk/LC_TIME", mask=0xc) end
             exe-1049981 [003] ..... 1634750.992441: tracing_mark_write: inotify_add_watch(fd=356, pathname=".//victims/proc/self/root/usr/share/doc/gcc-11-base", mask=0xc) start
             exe-1049981 [003] ..... 1634750.992444: sys_pwrite64 -> 0x69
             exe-1049981 [003] ..... 1634750.992448: sys_ptrace(request: 4205, pid: 1005aa, addr: 1, data: c000a29c70)
             exe-1049981 [003] ..... 1634750.992456: sys_ptrace -> 0x0
             exe-1049673 [001] ..... 1634750.992457: sys_futex -> 0x0
             exe-1049981 [003] ..... 1634750.992458: sys_ptrace(request: 4205, pid: 1005aa, addr: 202, data: c000a29c70)
             exe-1049981 [003] ..... 1634750.992464: sys_ptrace -> 0x0
             exe-1049673 [001] ..... 1634750.992465: sys_futex(uaddr: c000466548, op: 81, val: 1, utime: 0, uaddr2: 0, val3: 0)
             exe-1049981 [003] ..... 1634750.992466: sys_ptrace(request: 1f, pid: 1005aa, addr: 0, data: 0)
             exe-1049981 [003] .N... 1634750.992480: sys_ptrace -> 0x0
             exe-1049673 [001] .N... 1634750.992486: sys_futex -> 0x1
             exe-1049955 [003] ..... 1634750.992493: sys_futex -> 0x0
             exe-1050026 [001] ..... 1634750.992499: sys_write -> 0x69
             exe-1049955 [003] ..... 1634750.992503: sys_futex(uaddr: c000466548, op: 80, val: 0, utime: 0, uaddr2: 0, val3: 0)
             exe-1049981 [003] ..... 1634750.992523: sys_wait4(upid: 1005aa, stat_addr: c000a29bf4, options: 40000002, ru: 0)
             exe-1049567 [002] ..... 1634750.992537: sys_nanosleep -> 0x0
             exe-1049567 [002] ..... 1634750.992540: sys_nanosleep(rqtp: c000069f10, rmtp: 0)
             exe-1049981 [003] ..... 1634750.992593: sys_wait4 -> 0x1005aa
             exe-1049981 [003] ..... 1634750.992597: sys_ptrace(request: 4204, pid: 1005aa, addr: 1, data: c000a29c70)
             exe-1049981 [003] ..... 1634750.992601: sys_ptrace -> 0x0
             exe-1049673 [001] ..... 1634750.992602: sys_nanosleep(rqtp: c000069f10, rmtp: 0)
             exe-1049981 [003] ..... 1634750.992603: sys_ptrace(request: 4204, pid: 1005aa, addr: 202, data: c000a29c70)
             exe-1049981 [003] ..... 1634750.992606: sys_ptrace -> 0x0
             exe-1049981 [003] ..... 1634750.992617: sys_ptrace(request: 4205, pid: 1005aa, addr: 1, data: c000a29c70)
             exe-1049981 [003] ..... 1634750.992619: sys_ptrace -> 0x0
             exe-1049981 [003] ..... 1634750.992621: sys_ptrace(request: 4205, pid: 1005aa, addr: 202, data: c000a29c70)
             exe-1049981 [003] ..... 1634750.992632: sys_ptrace -> 0x0
             exe-1049981 [003] ..... 1634750.992634: sys_ptrace(request: 1f, pid: 1005aa, addr: 0, data: 0)
             exe-1049981 [003] ..... 1634750.992643: sys_ptrace -> 0x0
             exe-1049981 [003] ..... 1634750.992646: sys_wait4(upid: 1005aa, stat_addr: c000a29bf4, options: 40000002, ru: 0)
             exe-1050026 [001] ..... 1634750.992681: sys_inotify_add_watch -> 0xffffffffffffffea
             exe-1049981 [003] ..... 1634750.992767: sys_wait4 -> 0x1005aa
             exe-1049981 [003] ..... 1634750.992770: sys_ptrace(request: 4204, pid: 1005aa, addr: 1, data: c000a29c70)
             exe-1049981 [003] ..... 1634750.992790: sys_ptrace -> 0x0
             exe-1049981 [003] ..... 1634750.992791: sys_ptrace(request: 4204, pid: 1005aa, addr: 202, data: c000a29c70)
             exe-1049981 [003] ..... 1634750.992794: sys_ptrace -> 0x0
             exe-1049981 [003] ..... 1634750.992806: sys_pwrite64(fd: 63, buf: 7fd66e235080, count: 67, pos: 69)
             exe-1049981 [003] ..... 1634750.992808: tracing_mark_write: inotify_add_watch(fd=356, pathname=".//victims/proc/self/root/usr/share/doc/gcc-11-base", mask=0xc) end
             exe-1049981 [000] ..... 1634751.070925: tracing_mark_write: inotify_add_watch(fd=372, pathname="/victims/usr/share/vim/vim82/pack/dist/opt/shellmenu/plugin", mask=0xc) start
             exe-1049981 [000] ..... 1634751.070926: sys_pwrite64 -> 0x71
             exe-1049673 [003] ..... 1634751.070926: sys_futex(uaddr: c000466548, op: 81, val: 1, utime: 0, uaddr2: 0, val3: 0)
             exe-1049981 [000] ..... 1634751.070932: sys_ptrace(request: 4205, pid: 1005aa, addr: 1, data: c000a29c70)
             exe-1049981 [000] ..... 1634751.070935: sys_ptrace -> 0x0
             exe-1049981 [000] ..... 1634751.070936: sys_ptrace(request: 4205, pid: 1005aa, addr: 202, data: c000a29c70)
             exe-1049673 [003] ..... 1634751.070937: sys_futex -> 0x1
             exe-1049673 [003] ..... 1634751.070940: sys_nanosleep(rqtp: c000069f10, rmtp: 0)
             exe-1049981 [000] ..... 1634751.070946: sys_ptrace -> 0x0
             exe-1049981 [000] ..... 1634751.070947: sys_ptrace(request: 1f, pid: 1005aa, addr: 0, data: 0)
             exe-1049981 [000] .N... 1634751.070954: sys_ptrace -> 0x0
             exe-1050026 [000] ..... 1634751.070964: sys_write -> 0x71
             exe-1049981 [000] ..... 1634751.070981: sys_wait4(upid: 1005aa, stat_addr: c000a29bf4, options: 40000002, ru: 0)
             exe-1049981 [000] ..... 1634751.070984: sys_wait4 -> 0x1005aa
             exe-1049981 [000] ..... 1634751.070986: sys_ptrace(request: 4204, pid: 1005aa, addr: 1, data: c000a29c70)
             exe-1049981 [000] ..... 1634751.070990: sys_ptrace -> 0x0
             exe-1049981 [000] ..... 1634751.070991: sys_ptrace(request: 4204, pid: 1005aa, addr: 202, data: c000a29c70)
             exe-1049981 [000] ..... 1634751.070993: sys_ptrace -> 0x0
             exe-1049981 [000] ..... 1634751.071000: sys_ptrace(request: 4205, pid: 1005aa, addr: 1, data: c000a29c70)
             exe-1049981 [000] ..... 1634751.071002: sys_ptrace -> 0x0
             exe-1049981 [000] ..... 1634751.071003: sys_ptrace(request: 4205, pid: 1005aa, addr: 202, data: c000a29c70)
             exe-1049981 [000] ..... 1634751.071012: sys_ptrace -> 0x0
             exe-1049981 [000] ..... 1634751.071013: sys_ptrace(request: 1f, pid: 1005aa, addr: 0, data: 0)
             exe-1049673 [003] ..... 1634751.071017: sys_nanosleep -> 0x0
             exe-1049981 [000] .N... 1634751.071020: sys_ptrace -> 0x0
             exe-1049673 [003] ..... 1634751.071023: sys_nanosleep(rqtp: c000069f10, rmtp: 0)
             exe-1050026 [000] ..... 1634751.071030: sys_inotify_add_watch -> 0xffffffffffffffea
             exe-1049981 [000] ..... 1634751.071047: sys_wait4(upid: 1005aa, stat_addr: c000a29bf4, options: 40000002, ru: 0)
             exe-1049981 [000] ..... 1634751.071049: sys_wait4 -> 0x1005aa
             exe-1049981 [000] ..... 1634751.071051: sys_ptrace(request: 4204, pid: 1005aa, addr: 1, data: c000a29c70)
             exe-1049981 [000] ..... 1634751.071054: sys_ptrace -> 0x0
             exe-1049981 [000] ..... 1634751.071056: sys_ptrace(request: 4204, pid: 1005aa, addr: 202, data: c000a29c70)
             exe-1049981 [000] ..... 1634751.071058: sys_ptrace -> 0x0
             exe-1049981 [000] ..... 1634751.071065: sys_pwrite64(fd: 63, buf: 7fd66e235080, count: 6f, pos: 71)
             exe-1049981 [000] ..... 1634751.071067: tracing_mark_write: inotify_add_watch(fd=372, pathname="/victims/usr/share/vim/vim82/pack/dist/opt/shellmenu/plugin", mask=0xc) end
             exe-1049981 [000] ..... 1634751.134607: tracing_mark_write: inotify_add_watch(fd=372, pathname="/victims/proc/self/root/usr/share/vim/vim82/lang/ca/LC_MESSAGES", mask=0xc) start
             exe-1049981 [000] ..... 1634751.134609: sys_pwrite64 -> 0x75
             exe-1049981 [000] ..... 1634751.134615: sys_ptrace(request: 4205, pid: 1005aa, addr: 1, data: c000a29c70)
             exe-1049981 [000] ..... 1634751.134618: sys_ptrace -> 0x0
             exe-1049981 [000] ..... 1634751.134619: sys_ptrace(request: 4205, pid: 1005aa, addr: 202, data: c000a29c70)
             exe-1049981 [000] ..... 1634751.134631: sys_ptrace -> 0x0
             exe-1049567 [000] ..... 1634751.134657: sys_nanosleep -> 0x0
             exe-1049567 [000] ..... 1634751.134660: sys_nanosleep(rqtp: c000069f10, rmtp: 0)
             exe-1049981 [000] ..... 1634751.134670: sys_ptrace(request: 1f, pid: 1005aa, addr: 0, data: 0)
             exe-1049981 [000] .N... 1634751.134673: sys_ptrace -> 0x0
             exe-1050026 [000] ..... 1634751.134682: sys_write -> 0x75
             exe-1049673 [003] ..... 1634751.134690: sys_nanosleep -> 0x0
             exe-1049673 [003] ..... 1634751.134692: sys_nanosleep(rqtp: c000069f10, rmtp: 0)
             exe-1049981 [000] ..... 1634751.134701: sys_wait4(upid: 1005aa, stat_addr: c000a29bf4, options: 40000002, ru: 0)
             exe-1049981 [000] ..... 1634751.134704: sys_wait4 -> 0x1005aa
             exe-1049981 [000] ..... 1634751.134706: sys_ptrace(request: 4204, pid: 1005aa, addr: 1, data: c000a29c70)
             exe-1049981 [000] ..... 1634751.134709: sys_ptrace -> 0x0
             exe-1049981 [000] ..... 1634751.134711: sys_ptrace(request: 4204, pid: 1005aa, addr: 202, data: c000a29c70)
             exe-1049981 [000] ..... 1634751.134713: sys_ptrace -> 0x0
             exe-1049981 [000] ..... 1634751.134719: sys_ptrace(request: 4205, pid: 1005aa, addr: 1, data: c000a29c70)
             exe-1049981 [000] ..... 1634751.134722: sys_ptrace -> 0x0
             exe-1049981 [000] ..... 1634751.134723: sys_ptrace(request: 4205, pid: 1005aa, addr: 202, data: c000a29c70)
             exe-1049567 [000] ..... 1634751.134762: sys_nanosleep -> 0x0
             exe-1049567 [000] ..... 1634751.134765: sys_nanosleep(rqtp: c000069f10, rmtp: 0)
             exe-1049981 [000] ..... 1634751.134775: sys_ptrace -> 0x0
             exe-1049981 [000] ..... 1634751.134777: sys_ptrace(request: 1f, pid: 1005aa, addr: 0, data: 0)
             exe-1049981 [000] .N... 1634751.134780: sys_ptrace -> 0x0
             exe-1049673 [003] ..... 1634751.134781: sys_nanosleep -> 0x0
             exe-1049673 [003] ..... 1634751.134783: sys_nanosleep(rqtp: c000069f10, rmtp: 0)
             exe-1050026 [000] ..... 1634751.134788: sys_inotify_add_watch -> 0xffffffffffffffea
             exe-1049981 [000] ..... 1634751.134807: sys_wait4(upid: 1005aa, stat_addr: c000a29bf4, options: 40000002, ru: 0)
             exe-1049981 [000] ..... 1634751.134810: sys_wait4 -> 0x1005aa
             exe-1049981 [000] ..... 1634751.134812: sys_ptrace(request: 4204, pid: 1005aa, addr: 1, data: c000a29c70)
             exe-1049981 [000] ..... 1634751.134815: sys_ptrace -> 0x0
             exe-1049981 [000] ..... 1634751.134816: sys_ptrace(request: 4204, pid: 1005aa, addr: 202, data: c000a29c70)
             exe-1049981 [000] ..... 1634751.134819: sys_ptrace -> 0x0
             exe-1049981 [000] ..... 1634751.134828: sys_pwrite64(fd: 63, buf: 7fd66e235080, count: 73, pos: 75)
             exe-1049981 [000] ..... 1634751.134830: tracing_mark_write: inotify_add_watch(fd=372, pathname="/victims/proc/self/root/usr/share/vim/vim82/lang/ca/LC_MESSAGES", mask=0xc) end
             exe-1049981 [000] ..... 1634751.191416: tracing_mark_write: inotify_add_watch(fd=372, pathname="/victims/etc/apt/auth.conf.d", mask=0xc) start
             exe-1049981 [000] ..... 1634751.191417: sys_pwrite64 -> 0x52
             exe-1049981 [000] ..... 1634751.191424: sys_ptrace(request: 4205, pid: 1005aa, addr: 1, data: c000a29c70)
             exe-1049981 [000] ..... 1634751.191427: sys_ptrace -> 0x0
             exe-1049981 [000] ..... 1634751.191428: sys_ptrace(request: 4205, pid: 1005aa, addr: 202, data: c000a29c70)
             exe-1049981 [000] ..... 1634751.191441: sys_ptrace -> 0x0
             exe-1049981 [000] ..... 1634751.191442: sys_ptrace(request: 1f, pid: 1005aa, addr: 0, data: 0)
             exe-1049981 [000] .N... 1634751.191448: sys_ptrace -> 0x0
             exe-1050026 [000] ..... 1634751.191483: sys_write -> 0x52
             exe-1049567 [000] ..... 1634751.191500: sys_nanosleep -> 0x0
             exe-1049567 [000] ..... 1634751.191505: sys_nanosleep(rqtp: c000069f10, rmtp: 0)
             exe-1049673 [003] ..... 1634751.191512: sys_nanosleep -> 0x0
             exe-1049673 [003] ..... 1634751.191515: sys_nanosleep(rqtp: c000069f10, rmtp: 0)
             exe-1049981 [000] ..... 1634751.191524: sys_wait4(upid: 1005aa, stat_addr: c000a29bf4, options: 40000002, ru: 0)
             exe-1049981 [000] ..... 1634751.191526: sys_wait4 -> 0x1005aa
             exe-1049981 [000] ..... 1634751.191528: sys_ptrace(request: 4204, pid: 1005aa, addr: 1, data: c000a29c70)
             exe-1049981 [000] ..... 1634751.191532: sys_ptrace -> 0x0
             exe-1049981 [000] ..... 1634751.191534: sys_ptrace(request: 4204, pid: 1005aa, addr: 202, data: c000a29c70)
             exe-1049981 [000] ..... 1634751.191536: sys_ptrace -> 0x0
             exe-1049981 [000] ..... 1634751.191546: sys_ptrace(request: 4205, pid: 1005aa, addr: 1, data: c000a29c70)
             exe-1049981 [000] ..... 1634751.191548: sys_ptrace -> 0x0
             exe-1049981 [000] ..... 1634751.191549: sys_ptrace(request: 4205, pid: 1005aa, addr: 202, data: c000a29c70)
             exe-1049981 [000] ..... 1634751.191560: sys_ptrace -> 0x0
             exe-1049981 [000] ..... 1634751.191562: sys_ptrace(request: 1f, pid: 1005aa, addr: 0, data: 0)
             exe-1049981 [000] .N... 1634751.191568: sys_ptrace -> 0x0
             exe-1050026 [000] ..... 1634751.191577: sys_inotify_add_watch -> 0xffffffffffffffea
             exe-1049981 [000] ..... 1634751.191598: sys_wait4(upid: 1005aa, stat_addr: c000a29bf4, options: 40000002, ru: 0)
             exe-1049981 [000] ..... 1634751.191601: sys_wait4 -> 0x1005aa
             exe-1049981 [000] ..... 1634751.191603: sys_ptrace(request: 4204, pid: 1005aa, addr: 1, data: c000a29c70)
             exe-1049981 [000] ..... 1634751.191606: sys_ptrace -> 0x0
             exe-1049981 [000] ..... 1634751.191607: sys_ptrace(request: 4204, pid: 1005aa, addr: 202, data: c000a29c70)
             exe-1049673 [003] ..... 1634751.191609: sys_nanosleep -> 0x0
             exe-1049981 [000] ..... 1634751.191610: sys_ptrace -> 0x0
             exe-1049673 [003] ..... 1634751.191612: sys_nanosleep(rqtp: c000069f10, rmtp: 0)
             exe-1049981 [000] ..... 1634751.191622: sys_pwrite64(fd: 63, buf: 7fd66e235080, count: 50, pos: 52)
             exe-1049981 [000] ..... 1634751.191624: tracing_mark_write: inotify_add_watch(fd=372, pathname="/victims/etc/apt/auth.conf.d", mask=0xc) end
             exe-1049981 [000] ..... 1634751.271620: tracing_mark_write: inotify_add_watch(fd=372, pathname="/victims/etc/security/namespace.d", mask=0xc) start
             exe-1049981 [000] ..... 1634751.271622: sys_pwrite64 -> 0x57
             exe-1049981 [000] ..... 1634751.271629: sys_ptrace(request: 4205, pid: 1005aa, addr: 1, data: c000a29c70)
             exe-1049981 [000] ..... 1634751.271632: sys_ptrace -> 0x0
             exe-1049981 [000] ..... 1634751.271633: sys_ptrace(request: 4205, pid: 1005aa, addr: 202, data: c000a29c70)
             exe-1049981 [000] ..... 1634751.271645: sys_ptrace -> 0x0
             exe-1049981 [000] ..... 1634751.271647: sys_ptrace(request: 1f, pid: 1005aa, addr: 0, data: 0)
             exe-1049981 [000] .N... 1634751.271655: sys_ptrace -> 0x0
             exe-1050026 [000] ..... 1634751.271666: sys_write -> 0x57
             exe-1049981 [000] ..... 1634751.271686: sys_wait4(upid: 1005aa, stat_addr: c000a29bf4, options: 40000002, ru: 0)
             exe-1049981 [000] ..... 1634751.271689: sys_wait4 -> 0x1005aa
             exe-1049981 [000] ..... 1634751.271691: sys_ptrace(request: 4204, pid: 1005aa, addr: 1, data: c000a29c70)
             exe-1049981 [000] ..... 1634751.271695: sys_ptrace -> 0x0
             exe-1049981 [000] ..... 1634751.271696: sys_ptrace(request: 4204, pid: 1005aa, addr: 202, data: c000a29c70)
             exe-1049981 [000] ..... 1634751.271699: sys_ptrace -> 0x0
             exe-1049981 [000] ..... 1634751.271707: sys_ptrace(request: 4205, pid: 1005aa, addr: 1, data: c000a29c70)
             exe-1049673 [003] ..... 1634751.271712: sys_nanosleep -> 0x0
             exe-1049673 [003] ..... 1634751.271715: sys_nanosleep(rqtp: c000069f10, rmtp: 0)
             exe-1049981 [000] .N... 1634751.271740: sys_ptrace -> 0x0
             exe-1049567 [000] ..... 1634751.271745: sys_nanosleep -> 0x0
             exe-1049567 [000] ..... 1634751.271749: sys_nanosleep(rqtp: c000069f10, rmtp: 0)
             exe-1049981 [000] ..... 1634751.271764: sys_ptrace(request: 4205, pid: 1005aa, addr: 202, data: c000a29c70)
             exe-1049981 [000] ..... 1634751.271776: sys_ptrace -> 0x0
             exe-1049981 [000] ..... 1634751.271778: sys_ptrace(request: 1f, pid: 1005aa, addr: 0, data: 0)
             exe-1049981 [000] .N... 1634751.271782: sys_ptrace -> 0x0
             exe-1050026 [000] ..... 1634751.271791: sys_inotify_add_watch -> 0xffffffffffffffea
             exe-1049673 [003] ..... 1634751.271804: sys_nanosleep -> 0x0
             exe-1049673 [003] ..... 1634751.271806: sys_nanosleep(rqtp: c000069f10, rmtp: 0)
             exe-1049981 [000] ..... 1634751.271813: sys_wait4(upid: 1005aa, stat_addr: c000a29bf4, options: 40000002, ru: 0)
             exe-1049981 [000] ..... 1634751.271816: sys_wait4 -> 0x1005aa
             exe-1049981 [000] ..... 1634751.271819: sys_ptrace(request: 4204, pid: 1005aa, addr: 1, data: c000a29c70)
             exe-1049981 [000] ..... 1634751.271823: sys_ptrace -> 0x0
             exe-1049981 [000] ..... 1634751.271824: sys_ptrace(request: 4204, pid: 1005aa, addr: 202, data: c000a29c70)
             exe-1049981 [000] ..... 1634751.271827: sys_ptrace -> 0x0
             exe-1049981 [000] ..... 1634751.271837: sys_pwrite64(fd: 63, buf: 7fd66e235080, count: 55, pos: 57)
             exe-1049981 [000] ..... 1634751.271839: tracing_mark_write: inotify_add_watch(fd=372, pathname="/victims/etc/security/namespace.d", mask=0xc) end
             exe-1049981 [000] ..... 1634751.353453: tracing_mark_write: inotify_add_watch(fd=372, pathname=".//victims/etc/dpkg/", mask=0xc) start
             exe-1049981 [000] ..... 1634751.353455: sys_pwrite64 -> 0x4a
             exe-1049981 [000] ..... 1634751.353462: sys_ptrace(request: 4205, pid: 1005aa, addr: 1, data: c000a29c70)
             exe-1049981 [000] ..... 1634751.353465: sys_ptrace -> 0x0
             exe-1049981 [000] ..... 1634751.353467: sys_ptrace(request: 4205, pid: 1005aa, addr: 202, data: c000a29c70)
             exe-1049981 [000] ..... 1634751.353487: sys_ptrace -> 0x0
             exe-1049981 [000] ..... 1634751.353489: sys_ptrace(request: 1f, pid: 1005aa, addr: 0, data: 0)
             exe-1049981 [000] .N... 1634751.353498: sys_ptrace -> 0x0
             exe-1050026 [000] ..... 1634751.353512: sys_write -> 0x4a
             exe-1049981 [000] ..... 1634751.353535: sys_wait4(upid: 1005aa, stat_addr: c000a29bf4, options: 40000002, ru: 0)
             exe-1049981 [000] ..... 1634751.353538: sys_wait4 -> 0x1005aa
             exe-1049981 [000] ..... 1634751.353540: sys_ptrace(request: 4204, pid: 1005aa, addr: 1, data: c000a29c70)
             exe-1049981 [000] ..... 1634751.353544: sys_ptrace -> 0x0
             exe-1049981 [000] ..... 1634751.353546: sys_ptrace(request: 4204, pid: 1005aa, addr: 202, data: c000a29c70)
             exe-1049981 [000] ..... 1634751.353548: sys_ptrace -> 0x0
             exe-1049981 [000] ..... 1634751.353557: sys_ptrace(request: 4205, pid: 1005aa, addr: 1, data: c000a29c70)
             exe-1049981 [000] ..... 1634751.353560: sys_ptrace -> 0x0
             exe-1049981 [000] ..... 1634751.353562: sys_ptrace(request: 4205, pid: 1005aa, addr: 202, data: c000a29c70)
             exe-1049981 [000] ..... 1634751.353572: sys_ptrace -> 0x0
             exe-1049981 [000] ..... 1634751.353574: sys_ptrace(request: 1f, pid: 1005aa, addr: 0, data: 0)
             exe-1049981 [000] .N... 1634751.353581: sys_ptrace -> 0x0
             exe-1050026 [000] ..... 1634751.353592: sys_inotify_add_watch -> 0xffffffffffffffea
             exe-1049981 [000] ..... 1634751.353613: sys_wait4(upid: 1005aa, stat_addr: c000a29bf4, options: 40000002, ru: 0)
             exe-1049981 [000] .N... 1634751.353646: sys_wait4 -> 0x1005aa
             exe-1049567 [000] ..... 1634751.353651: sys_nanosleep -> 0x0
             exe-1049567 [000] ..... 1634751.353656: sys_nanosleep(rqtp: c000069f10, rmtp: 0)
             exe-1049981 [000] ..... 1634751.353668: sys_ptrace(request: 4204, pid: 1005aa, addr: 1, data: c000a29c70)
             exe-1049981 [000] ..... 1634751.353673: sys_ptrace -> 0x0
             exe-1049981 [000] ..... 1634751.353674: sys_ptrace(request: 4204, pid: 1005aa, addr: 202, data: c000a29c70)
             exe-1049981 [000] ..... 1634751.353677: sys_ptrace -> 0x0
             exe-1049981 [000] ..... 1634751.353687: sys_pwrite64(fd: 63, buf: 7fd66e235080, count: 48, pos: 4a)
             exe-1049981 [000] ..... 1634751.353708: tracing_mark_write: inotify_add_watch(fd=372, pathname=".//victims/etc/dpkg/", mask=0xc) end
             exe-1049981 [000] ..... 1634751.424113: tracing_mark_write: inotify_add_watch(fd=287, pathname="/victims/usr/share/X11/locale/microsoft-cp1255", mask=0xc) start
             exe-1049981 [000] ..... 1634751.424115: sys_pwrite64 -> 0x64
             exe-1049981 [000] ..... 1634751.424122: sys_ptrace(request: 4205, pid: 1005aa, addr: 1, data: c000a29c70)
             exe-1049981 [000] ..... 1634751.424125: sys_ptrace -> 0x0
             exe-1049981 [000] ..... 1634751.424127: sys_ptrace(request: 4205, pid: 1005aa, addr: 202, data: c000a29c70)
             exe-1049981 [000] ..... 1634751.424139: sys_ptrace -> 0x0
             exe-1049981 [000] ..... 1634751.424140: sys_ptrace(request: 1f, pid: 1005aa, addr: 0, data: 0)
             exe-1049981 [000] .N... 1634751.424174: sys_ptrace -> 0x0
             exe-1050026 [000] ..... 1634751.424186: sys_write -> 0x64
             exe-1049673 [001] ..... 1634751.424200: sys_nanosleep -> 0x0
             exe-1049673 [001] ..... 1634751.424202: sys_nanosleep(rqtp: c000069f10, rmtp: 0)
             exe-1049567 [000] ..... 1634751.424206: sys_nanosleep -> 0x0
             exe-1049567 [000] ..... 1634751.424212: sys_nanosleep(rqtp: c000069f10, rmtp: 0)
             exe-1049981 [000] ..... 1634751.424233: sys_wait4(upid: 1005aa, stat_addr: c000a29bf4, options: 40000002, ru: 0)
             exe-1049981 [000] ..... 1634751.424236: sys_wait4 -> 0x1005aa
             exe-1049981 [000] ..... 1634751.424238: sys_ptrace(request: 4204, pid: 1005aa, addr: 1, data: c000a29c70)
             exe-1049981 [000] ..... 1634751.424243: sys_ptrace -> 0x0
             exe-1049981 [000] ..... 1634751.424244: sys_ptrace(request: 4204, pid: 1005aa, addr: 202, data: c000a29c70)
             exe-1049981 [000] ..... 1634751.424247: sys_ptrace -> 0x0
             exe-1049981 [000] ..... 1634751.424258: sys_ptrace(request: 4205, pid: 1005aa, addr: 1, data: c000a29c70)
             exe-1049981 [000] ..... 1634751.424260: sys_ptrace -> 0x0
             exe-1049981 [000] ..... 1634751.424262: sys_ptrace(request: 4205, pid: 1005aa, addr: 202, data: c000a29c70)
             exe-1049981 [000] ..... 1634751.424274: sys_ptrace -> 0x0
             exe-1049981 [000] ..... 1634751.424276: sys_ptrace(request: 1f, pid: 1005aa, addr: 0, data: 0)
             exe-1049981 [000] .N... 1634751.424283: sys_ptrace -> 0x0
             exe-1049673 [001] ..... 1634751.424291: sys_nanosleep -> 0x0
             exe-1049673 [001] ..... 1634751.424293: sys_nanosleep(rqtp: c000069f10, rmtp: 0)
             exe-1050026 [000] ..... 1634751.424293: sys_inotify_add_watch -> 0xffffffffffffffea
             exe-1049981 [000] ..... 1634751.424315: sys_wait4(upid: 1005aa, stat_addr: c000a29bf4, options: 40000002, ru: 0)
             exe-1049981 [000] ..... 1634751.424318: sys_wait4 -> 0x1005aa
             exe-1049981 [000] ..... 1634751.424321: sys_ptrace(request: 4204, pid: 1005aa, addr: 1, data: c000a29c70)
             exe-1049981 [000] ..... 1634751.424324: sys_ptrace -> 0x0
             exe-1049981 [000] ..... 1634751.424326: sys_ptrace(request: 4204, pid: 1005aa, addr: 202, data: c000a29c70)
             exe-1049981 [000] ..... 1634751.424328: sys_ptrace -> 0x0
             exe-1049981 [000] ..... 1634751.424342: sys_pwrite64(fd: 63, buf: 7fd66e235080, count: 62, pos: 64)
             exe-1049981 [000] ..... 1634751.424344: tracing_mark_write: inotify_add_watch(fd=287, pathname="/victims/usr/share/X11/locale/microsoft-cp1255", mask=0xc) end
             exe-1049981 [002] ..... 1634751.499736: tracing_mark_write: inotify_add_watch(fd=287, pathname="/victims/usr/share/doc/libhogweed6", mask=0xc) start
             exe-1049981 [002] ..... 1634751.499739: sys_pwrite64 -> 0x58
             exe-1049981 [002] ..... 1634751.499746: sys_ptrace(request: 4205, pid: 1005aa, addr: 1, data: c000a29c70)
             exe-1049981 [002] ..... 1634751.499749: sys_ptrace -> 0x0
             exe-1049981 [002] ..... 1634751.499750: sys_ptrace(request: 4205, pid: 1005aa, addr: 202, data: c000a29c70)
             exe-1049981 [002] ..... 1634751.499760: sys_ptrace -> 0x0
             exe-1049981 [002] ..... 1634751.499762: sys_ptrace(request: 1f, pid: 1005aa, addr: 0, data: 0)
             exe-1049981 [002] ..... 1634751.499770: sys_ptrace -> 0x0
             exe-1049981 [002] ..... 1634751.499772: sys_wait4(upid: 1005aa, stat_addr: c000a29bf4, options: 40000002, ru: 0)
             exe-1050026 [000] ..... 1634751.499790: sys_write -> 0x58
             exe-1049567 [000] ..... 1634751.499809: sys_nanosleep -> 0x0
             exe-1049981 [002] ..... 1634751.499810: sys_wait4 -> 0x1005aa
             exe-1049981 [002] ..... 1634751.499813: sys_ptrace(request: 4204, pid: 1005aa, addr: 1, data: c000a29c70)
             exe-1049567 [000] ..... 1634751.499815: sys_nanosleep(rqtp: c000069f10, rmtp: 0)
             exe-1049981 [002] ..... 1634751.499815: sys_ptrace -> 0x0
             exe-1049981 [002] ..... 1634751.499817: sys_ptrace(request: 4204, pid: 1005aa, addr: 202, data: c000a29c70)
             exe-1049981 [002] ..... 1634751.499819: sys_ptrace -> 0x0
             exe-1049981 [002] ..... 1634751.499826: sys_ptrace(request: 4205, pid: 1005aa, addr: 1, data: c000a29c70)
             exe-1049981 [002] ..... 1634751.499834: sys_ptrace -> 0x0
             exe-1049981 [002] ..... 1634751.499836: sys_ptrace(request: 4205, pid: 1005aa, addr: 202, data: c000a29c70)
             exe-1049981 [002] ..... 1634751.499843: sys_ptrace -> 0x0
             exe-1049981 [002] ..... 1634751.499845: sys_ptrace(request: 1f, pid: 1005aa, addr: 0, data: 0)
             exe-1049981 [002] ..... 1634751.499856: sys_ptrace -> 0x0
             exe-1049981 [002] ..... 1634751.499858: sys_wait4(upid: 1005aa, stat_addr: c000a29bf4, options: 40000002, ru: 0)
             exe-1050026 [000] ..... 1634751.499897: sys_inotify_add_watch -> 0xffffffffffffffea
             exe-1049981 [002] ..... 1634751.499938: sys_wait4 -> 0x1005aa
             exe-1049981 [002] ..... 1634751.499941: sys_ptrace(request: 4204, pid: 1005aa, addr: 1, data: c000a29c70)
             exe-1049981 [002] ..... 1634751.499943: sys_ptrace -> 0x0
             exe-1049981 [002] ..... 1634751.499945: sys_ptrace(request: 4204, pid: 1005aa, addr: 202, data: c000a29c70)
             exe-1049981 [002] ..... 1634751.499947: sys_ptrace -> 0x0
             exe-1049981 [002] ..... 1634751.499955: sys_pwrite64(fd: 63, buf: 7fd66e235080, count: 56, pos: 58)
             exe-1049981 [002] ..... 1634751.499957: tracing_mark_write: inotify_add_watch(fd=287, pathname="/victims/usr/share/doc/libhogweed6", mask=0xc) end
             exe-1049981 [002] ..... 1634751.570231: tracing_mark_write: inotify_add_watch(fd=287, pathname="/victims/proc/self/cwd/.git/objects/info", mask=0xc) start
             exe-1049981 [002] ..... 1634751.570233: sys_pwrite64 -> 0x5e
             exe-1049981 [002] ..... 1634751.570237: sys_ptrace(request: 4205, pid: 1005aa, addr: 1, data: c000a29c70)
             exe-1049673 [003] ..... 1634751.570239: sys_nanosleep -> 0x0
             exe-1049567 [000] ..... 1634751.570239: sys_nanosleep -> 0x0
             exe-1049981 [002] ..... 1634751.570240: sys_ptrace -> 0x0
             exe-1049981 [002] ..... 1634751.570241: sys_ptrace(request: 4205, pid: 1005aa, addr: 202, data: c000a29c70)
             exe-1049673 [003] ..... 1634751.570241: sys_nanosleep(rqtp: c000069f10, rmtp: 0)
             exe-1049567 [000] ..... 1634751.570244: sys_nanosleep(rqtp: c000069f10, rmtp: 0)
             exe-1049981 [002] ..... 1634751.570249: sys_ptrace -> 0x0
             exe-1049981 [002] ..... 1634751.570251: sys_ptrace(request: 1f, pid: 1005aa, addr: 0, data: 0)
             exe-1049981 [002] ..... 1634751.570258: sys_ptrace -> 0x0
             exe-1049981 [002] ..... 1634751.570260: sys_wait4(upid: 1005aa, stat_addr: c000a29bf4, options: 40000002, ru: 0)
             exe-1050026 [000] ..... 1634751.570269: sys_write -> 0x5e
             exe-1049981 [002] ..... 1634751.570291: sys_wait4 -> 0x1005aa
             exe-1049981 [002] ..... 1634751.570293: sys_ptrace(request: 4204, pid: 1005aa, addr: 1, data: c000a29c70)
             exe-1049981 [002] ..... 1634751.570296: sys_ptrace -> 0x0
             exe-1049981 [002] ..... 1634751.570298: sys_ptrace(request: 4204, pid: 1005aa, addr: 202, data: c000a29c70)
             exe-1049981 [002] ..... 1634751.570300: sys_ptrace -> 0x0
             exe-1049981 [002] ..... 1634751.570305: sys_ptrace(request: 4205, pid: 1005aa, addr: 1, data: c000a29c70)
             exe-1049981 [002] ..... 1634751.570308: sys_ptrace -> 0x0
             exe-1049981 [002] ..... 1634751.570309: sys_ptrace(request: 4205, pid: 1005aa, addr: 202, data: c000a29c70)
             exe-1049981 [002] ..... 1634751.570316: sys_ptrace -> 0x0
             exe-1049981 [002] ..... 1634751.570318: sys_ptrace(request: 1f, pid: 1005aa, addr: 0, data: 0)
             exe-1049981 [002] ..... 1634751.570325: sys_ptrace -> 0x0
             exe-1049981 [002] ..... 1634751.570327: sys_wait4(upid: 1005aa, stat_addr: c000a29bf4, options: 40000002, ru: 0)
             exe-1049673 [003] ..... 1634751.570331: sys_nanosleep -> 0x0
             exe-1049673 [003] ..... 1634751.570333: sys_nanosleep(rqtp: c000069f10, rmtp: 0)
             exe-1049567 [000] ..... 1634751.570342: sys_nanosleep -> 0x0
             exe-1049567 [000] ..... 1634751.570347: sys_nanosleep(rqtp: c000069f10, rmtp: 0)
             exe-1050026 [000] ..... 1634751.570365: sys_inotify_add_watch -> 0xffffffffffffffea
             exe-1049981 [002] ..... 1634751.570386: sys_wait4 -> 0x1005aa
             exe-1049981 [002] ..... 1634751.570389: sys_ptrace(request: 4204, pid: 1005aa, addr: 1, data: c000a29c70)
             exe-1049981 [002] ..... 1634751.570391: sys_ptrace -> 0x0
             exe-1049981 [002] ..... 1634751.570393: sys_ptrace(request: 4204, pid: 1005aa, addr: 202, data: c000a29c70)
             exe-1049981 [002] ..... 1634751.570395: sys_ptrace -> 0x0
             exe-1049981 [002] ..... 1634751.570401: sys_pwrite64(fd: 63, buf: 7fd66e235080, count: 5c, pos: 5e)
             exe-1049981 [002] ..... 1634751.570403: tracing_mark_write: inotify_add_watch(fd=287, pathname="/victims/proc/self/cwd/.git/objects/info", mask=0xc) end
             exe-1049981 [002] ..... 1634751.629908: tracing_mark_write: inotify_add_watch(fd=287, pathname="/victims/proc/self/root/usr/lib/x86_64-linux-gnu/perl-base/Text", mask=0xd) start
             exe-1049981 [002] ..... 1634751.629910: sys_pwrite64 -> 0x75
             exe-1049567 [000] ..... 1634751.629912: sys_nanosleep -> 0x0
             exe-1049673 [003] ..... 1634751.629915: sys_nanosleep -> 0x0
             exe-1049981 [002] ..... 1634751.629916: sys_ptrace(request: 4205, pid: 1005aa, addr: 1, data: c000a29c70)
             exe-1049567 [000] ..... 1634751.629918: sys_nanosleep(rqtp: c000069f10, rmtp: 0)
             exe-1049673 [003] ..... 1634751.629918: sys_nanosleep(rqtp: c000069f10, rmtp: 0)
             exe-1049981 [002] ..... 1634751.629918: sys_ptrace -> 0x0
             exe-1049981 [002] ..... 1634751.629920: sys_ptrace(request: 4205, pid: 1005aa, addr: 202, data: c000a29c70)
             exe-1049981 [002] ..... 1634751.629931: sys_ptrace -> 0x0
             exe-1049981 [002] ..... 1634751.629932: sys_ptrace(request: 1f, pid: 1005aa, addr: 0, data: 0)
             exe-1049981 [002] .N... 1634751.629941: sys_ptrace -> 0x0
             exe-1050026 [002] ..... 1634751.629951: sys_write -> 0x75
             exe-1049981 [002] ..... 1634751.629970: sys_wait4(upid: 1005aa, stat_addr: c000a29bf4, options: 40000002, ru: 0)
             exe-1049981 [002] ..... 1634751.629973: sys_wait4 -> 0x1005aa
             exe-1049981 [002] ..... 1634751.629975: sys_ptrace(request: 4204, pid: 1005aa, addr: 1, data: c000a29c70)
             exe-1049981 [002] ..... 1634751.629979: sys_ptrace -> 0x0
             exe-1049981 [002] ..... 1634751.629980: sys_ptrace(request: 4204, pid: 1005aa, addr: 202, data: c000a29c70)
             exe-1049981 [002] ..... 1634751.629982: sys_ptrace -> 0x0
             exe-1049981 [002] ..... 1634751.629990: sys_ptrace(request: 4205, pid: 1005aa, addr: 1, data: c000a29c70)
             exe-1049981 [002] ..... 1634751.629992: sys_ptrace -> 0x0
             exe-1049981 [002] ..... 1634751.629994: sys_ptrace(request: 4205, pid: 1005aa, addr: 202, data: c000a29c70)
             exe-1049981 [002] ..... 1634751.630003: sys_ptrace -> 0x0
             exe-1049981 [002] ..... 1634751.630005: sys_ptrace(request: 1f, pid: 1005aa, addr: 0, data: 0)
             exe-1049673 [003] ..... 1634751.630005: sys_nanosleep -> 0x0
             exe-1049567 [000] ..... 1634751.630006: sys_nanosleep -> 0x0
             exe-1049673 [003] ..... 1634751.630007: sys_nanosleep(rqtp: c000069f10, rmtp: 0)
             exe-1049567 [000] ..... 1634751.630009: sys_nanosleep(rqtp: c000069f10, rmtp: 0)
             exe-1049981 [002] .N... 1634751.630011: sys_ptrace -> 0x0
             exe-1050026 [002] ..... 1634751.630021: sys_inotify_add_watch -> 0xffffffffffffffea
             exe-1049981 [002] ..... 1634751.630039: sys_wait4(upid: 1005aa, stat_addr: c000a29bf4, options: 40000002, ru: 0)
             exe-1049981 [002] ..... 1634751.630042: sys_wait4 -> 0x1005aa
             exe-1049981 [002] ..... 1634751.630045: sys_ptrace(request: 4204, pid: 1005aa, addr: 1, data: c000a29c70)
             exe-1049981 [002] ..... 1634751.630048: sys_ptrace -> 0x0
             exe-1049981 [002] ..... 1634751.630050: sys_ptrace(request: 4204, pid: 1005aa, addr: 202, data: c000a29c70)
             exe-1049981 [002] ..... 1634751.630052: sys_ptrace -> 0x0
             exe-1049981 [002] ..... 1634751.630061: sys_pwrite64(fd: 63, buf: 7fd66e235080, count: 73, pos: 75)
             exe-1049981 [002] ..... 1634751.630062: tracing_mark_write: inotify_add_watch(fd=287, pathname="/victims/proc/self/root/usr/lib/x86_64-linux-gnu/perl-base/Text", mask=0xd) end
             exe-1049981 [002] ..... 1634751.686006: tracing_mark_write: inotify_add_watch(fd=357, pathname="/victims/proc/self/root/usr/share/X11/locale/zh_CN.gb18030", mask=0xd) start
             exe-1049567 [003] ..... 1634751.686008: sys_nanosleep(rqtp: c000069f10, rmtp: 0)
             exe-1049981 [002] ..... 1634751.686008: sys_pwrite64 -> 0x70
             exe-1049981 [002] ..... 1634751.686012: sys_ptrace(request: 4205, pid: 1005aa, addr: 1, data: c000a29c70)
             exe-1049981 [002] ..... 1634751.686014: sys_ptrace -> 0x0
             exe-1049981 [002] ..... 1634751.686016: sys_ptrace(request: 4205, pid: 1005aa, addr: 202, data: c000a29c70)
             exe-1049981 [002] ..... 1634751.686022: sys_ptrace -> 0x0
             exe-1049981 [002] ..... 1634751.686024: sys_ptrace(request: 1f, pid: 1005aa, addr: 0, data: 0)
             exe-1049981 [002] ..... 1634751.686030: sys_ptrace -> 0x0
             exe-1049981 [002] ..... 1634751.686032: sys_wait4(upid: 1005aa, stat_addr: c000a29bf4, options: 40000002, ru: 0)
             exe-1049673 [003] ..... 1634751.686037: sys_nanosleep(rqtp: c000069f10, rmtp: 0)
