             exe-1050282 [000] ..... 1634957.005096: tracing_mark_write: kcmp(pid1=0, pid2=1, type=0x0, idx1=-5, idx2=0xc8c8c8c8) start
             exe-1050282 [000] ..... 1634957.005098: sys_pwrite64 -> 0x3e
             exe-1050282 [000] ..... 1634957.005104: sys_ptrace(request: 4205, pid: 1006c5, addr: 1, data: c000697c70)
             exe-1050282 [000] ..... 1634957.005106: sys_ptrace -> 0x0
             exe-1050282 [000] ..... 1634957.005107: sys_ptrace(request: 4205, pid: 1006c5, addr: 202, data: c000697c70)
             exe-1050282 [000] ..... 1634957.005115: sys_ptrace -> 0x0
             exe-1050282 [000] ..... 1634957.005117: sys_ptrace(request: 1f, pid: 1006c5, addr: 0, data: 0)
             exe-1050282 [000] ..... 1634957.005125: sys_ptrace -> 0x0
             exe-1050282 [000] ..... 1634957.005127: sys_wait4(upid: 1006c5, stat_addr: c000697bf4, options: 40000002, ru: 0)
             exe-1050309 [002] ..... 1634957.005163: sys_write -> 0x3e
             exe-1050282 [000] ..... 1634957.005183: sys_wait4 -> 0x1006c5
             exe-1050282 [000] ..... 1634957.005186: sys_ptrace(request: 4204, pid: 1006c5, addr: 1, data: c000697c70)
             exe-1050282 [000] ..... 1634957.005188: sys_ptrace -> 0x0
             exe-1050282 [000] ..... 1634957.005190: sys_ptrace(request: 4204, pid: 1006c5, addr: 202, data: c000697c70)
             exe-1050282 [000] ..... 1634957.005192: sys_ptrace -> 0x0
             exe-1050282 [000] ..... 1634957.005196: sys_ptrace(request: 4205, pid: 1006c5, addr: 1, data: c000697c70)
             exe-1050282 [000] ..... 1634957.005198: sys_ptrace -> 0x0
             exe-1050282 [000] ..... 1634957.005200: sys_ptrace(request: 4205, pid: 1006c5, addr: 202, data: c000697c70)
             exe-1050282 [000] ..... 1634957.005206: sys_ptrace -> 0x0
             exe-1050282 [000] ..... 1634957.005207: sys_ptrace(request: 1f, pid: 1006c5, addr: 0, data: 0)
             exe-1050282 [000] ..... 1634957.005213: sys_ptrace -> 0x0
             exe-1050282 [000] ..... 1634957.005215: sys_wait4(upid: 1006c5, stat_addr: c000697bf4, options: 40000002, ru: 0)
             exe-1050309 [002] ..... 1634957.005271: sys_kcmp -> 0xffffffffffffffff
             exe-1050282 [000] ..... 1634957.005290: sys_wait4 -> 0x1006c5
             exe-1050282 [000] ..... 1634957.005293: sys_ptrace(request: 4204, pid: 1006c5, addr: 1, data: c000697c70)
             exe-1050282 [000] ..... 1634957.005295: sys_ptrace -> 0x0
             exe-1050282 [000] ..... 1634957.005297: sys_ptrace(request: 4204, pid: 1006c5, addr: 202, data: c000697c70)
             exe-1050282 [000] ..... 1634957.005299: sys_ptrace -> 0x0
             exe-1050282 [000] ..... 1634957.005304: sys_pwrite64(fd: 63, buf: 7fd66ee27080, count: 3c, pos: 3e)
             exe-1050282 [000] ..... 1634957.005305: tracing_mark_write: kcmp(pid1=0, pid2=1, type=0x0, idx1=-5, idx2=0xc8c8c8c8) end
             exe-1050282 [002] ..... 1634957.065744: tracing_mark_write: kcmp(pid1=49719, pid2=49719, type=0x0, idx1=0xfffffffb, idx2=0x3c3c3c3c) start
             exe-1050282 [002] ..... 1634957.065746: sys_pwrite64 -> 0x4e
             exe-1049567 [000] ..... 1634957.065816: sys_nanosleep -> 0x0
             exe-1049567 [000] ..... 1634957.065821: sys_nanosleep(rqtp: c000069f10, rmtp: 0)
             exe-1050282 [002] ..... 1634957.065831: sys_ptrace(request: 4205, pid: 1006c5, addr: 1, data: c000697c70)
             exe-1050282 [002] ..... 1634957.065836: sys_ptrace -> 0x0
             exe-1050282 [002] ..... 1634957.065837: sys_ptrace(request: 4205, pid: 1006c5, addr: 202, data: c000697c70)
             exe-1049673 [000] ..... 1634957.065844: sys_nanosleep -> 0x0
             exe-1049673 [000] ..... 1634957.065849: sys_nanosleep(rqtp: c000069f10, rmtp: 0)
             exe-1050282 [002] ..... 1634957.065858: sys_ptrace -> 0x0
             exe-1050282 [002] ..... 1634957.065860: sys_ptrace(request: 1f, pid: 1006c5, addr: 0, data: 0)
             exe-1050282 [002] ..... 1634957.065869: sys_ptrace -> 0x0
             exe-1049567 [000] ..... 1634957.065929: sys_nanosleep -> 0x0
             exe-1049567 [000] ..... 1634957.065934: sys_nanosleep(rqtp: c000069f10, rmtp: 0)
             exe-1050309 [002] ..... 1634957.065936: sys_write -> 0x4e
             exe-1049673 [000] ..... 1634957.065956: sys_nanosleep -> 0x0
             exe-1049673 [000] ..... 1634957.065962: sys_nanosleep(rqtp: c000069f10, rmtp: 0)
             exe-1050282 [002] ..... 1634957.065965: sys_wait4(upid: 1006c5, stat_addr: c000697bf4, options: 40000002, ru: 0)
             exe-1050282 [002] ..... 1634957.065968: sys_wait4 -> 0x1006c5
             exe-1050282 [002] ..... 1634957.065971: sys_ptrace(request: 4204, pid: 1006c5, addr: 1, data: c000697c70)
             exe-1050282 [002] ..... 1634957.065976: sys_ptrace -> 0x0
             exe-1050282 [002] ..... 1634957.065978: sys_ptrace(request: 4204, pid: 1006c5, addr: 202, data: c000697c70)
             exe-1050282 [002] ..... 1634957.065981: sys_ptrace -> 0x0
             exe-1050282 [002] ..... 1634957.066066: sys_ptrace(request: 4205, pid: 1006c5, addr: 1, data: c000697c70)
             exe-1050282 [002] ..... 1634957.066070: sys_ptrace -> 0x0
             exe-1050282 [002] ..... 1634957.066072: sys_ptrace(request: 4205, pid: 1006c5, addr: 202, data: c000697c70)
             exe-1049567 [000] ..... 1634957.066078: sys_nanosleep -> 0x0
             exe-1049567 [000] ..... 1634957.066084: sys_nanosleep(rqtp: c000069f10, rmtp: 0)
             exe-1050282 [002] ..... 1634957.066092: sys_ptrace -> 0x0
             exe-1050282 [002] ..... 1634957.066094: sys_ptrace(request: 1f, pid: 1006c5, addr: 0, data: 0)
             exe-1050282 [002] .N... 1634957.066102: sys_ptrace -> 0x0
             exe-1049673 [000] ..... 1634957.066106: sys_nanosleep -> 0x0
             exe-1049673 [000] ..... 1634957.066112: sys_nanosleep(rqtp: c000069f10, rmtp: 0)
             exe-1050309 [002] ..... 1634957.066186: sys_kcmp -> 0xffffffffffffffff
             exe-1050282 [002] ..... 1634957.066213: sys_wait4(upid: 1006c5, stat_addr: c000697bf4, options: 40000002, ru: 0)
             exe-1050282 [002] ..... 1634957.066217: sys_wait4 -> 0x1006c5
             exe-1049567 [000] ..... 1634957.066217: sys_nanosleep -> 0x0
             exe-1050282 [002] ..... 1634957.066219: sys_ptrace(request: 4204, pid: 1006c5, addr: 1, data: c000697c70)
             exe-1049567 [000] ..... 1634957.066223: sys_nanosleep(rqtp: c000069f10, rmtp: 0)
             exe-1050282 [002] ..... 1634957.066224: sys_ptrace -> 0x0
             exe-1050282 [002] ..... 1634957.066226: sys_ptrace(request: 4204, pid: 1006c5, addr: 202, data: c000697c70)
             exe-1050282 [002] ..... 1634957.066229: sys_ptrace -> 0x0
             exe-1049673 [000] ..... 1634957.066245: sys_nanosleep -> 0x0
             exe-1049673 [000] ..... 1634957.066250: sys_nanosleep(rqtp: c000069f10, rmtp: 0)
             exe-1050282 [002] ..... 1634957.066322: sys_pwrite64(fd: 63, buf: 7fd66ee27080, count: 4c, pos: 4e)
             exe-1050282 [002] ..... 1634957.066325: tracing_mark_write: kcmp(pid1=49719, pid2=49719, type=0x0, idx1=0xfffffffb, idx2=0x3c3c3c3c) end
             exe-1050282 [000] ..... 1634957.136697: tracing_mark_write: kcmp(pid1=1, pid2=0, type=0x0, idx1=0x842e74462221, idx2=0x4000001a) start
             exe-1050282 [000] ..... 1634957.136699: sys_pwrite64 -> 0x4a
             exe-1050282 [000] ..... 1634957.136703: sys_ptrace(request: 4205, pid: 1006c5, addr: 1, data: c000697c70)
             exe-1050282 [000] ..... 1634957.136706: sys_ptrace -> 0x0
             exe-1050282 [000] ..... 1634957.136707: sys_ptrace(request: 4205, pid: 1006c5, addr: 202, data: c000697c70)
             exe-1050282 [000] ..... 1634957.136715: sys_ptrace -> 0x0
             exe-1050282 [000] ..... 1634957.136716: sys_ptrace(request: 1f, pid: 1006c5, addr: 0, data: 0)
             exe-1050282 [000] ..... 1634957.136722: sys_ptrace -> 0x0
             exe-1050282 [000] ..... 1634957.136724: sys_wait4(upid: 1006c5, stat_addr: c000697bf4, options: 40000002, ru: 0)
             exe-1050309 [002] ..... 1634957.136734: sys_write -> 0x4a
             exe-1050282 [000] ..... 1634957.136756: sys_wait4 -> 0x1006c5
             exe-1050282 [000] ..... 1634957.136758: sys_ptrace(request: 4204, pid: 1006c5, addr: 1, data: c000697c70)
             exe-1050282 [000] ..... 1634957.136761: sys_ptrace -> 0x0
             exe-1050282 [000] ..... 1634957.136762: sys_ptrace(request: 4204, pid: 1006c5, addr: 202, data: c000697c70)
             exe-1050282 [000] ..... 1634957.136764: sys_ptrace -> 0x0
             exe-1050282 [000] ..... 1634957.136769: sys_ptrace(request: 4205, pid: 1006c5, addr: 1, data: c000697c70)
             exe-1050282 [000] ..... 1634957.136772: sys_ptrace -> 0x0
             exe-1050282 [000] ..... 1634957.136773: sys_ptrace(request: 4205, pid: 1006c5, addr: 202, data: c000697c70)
             exe-1050282 [000] ..... 1634957.136779: sys_ptrace -> 0x0
             exe-1050282 [000] ..... 1634957.136780: sys_ptrace(request: 1f, pid: 1006c5, addr: 0, data: 0)
             exe-1050282 [000] ..... 1634957.136786: sys_ptrace -> 0x0
             exe-1050282 [000] ..... 1634957.136788: sys_wait4(upid: 1006c5, stat_addr: c000697bf4, options: 40000002, ru: 0)
             exe-1050309 [002] ..... 1634957.136830: sys_kcmp -> 0xffffffffffffffff
             exe-1050282 [000] ..... 1634957.136851: sys_wait4 -> 0x1006c5
             exe-1050282 [000] ..... 1634957.136853: sys_ptrace(request: 4204, pid: 1006c5, addr: 1, data: c000697c70)
             exe-1050282 [000] ..... 1634957.136855: sys_ptrace -> 0x0
             exe-1050282 [000] ..... 1634957.136857: sys_ptrace(request: 4204, pid: 1006c5, addr: 202, data: c000697c70)
             exe-1050282 [000] ..... 1634957.136859: sys_ptrace -> 0x0
             exe-1050282 [000] ..... 1634957.136864: sys_pwrite64(fd: 63, buf: 7fd66ee27080, count: 48, pos: 4a)
             exe-1050282 [000] ..... 1634957.136866: tracing_mark_write: kcmp(pid1=1, pid2=0, type=0x0, idx1=0x842e74462221, idx2=0x4000001a) end
             exe-1050282 [001] ..... 1634957.210517: tracing_mark_write: kcmp(pid1=1, pid2=49719, type=0x0, idx1=0xf69b, idx2=0x400000) start
             exe-1050282 [001] ..... 1634957.210518: sys_pwrite64 -> 0x44
             exe-1050282 [001] ..... 1634957.210526: sys_ptrace(request: 4205, pid: 1006c5, addr: 1, data: c000697c70)
             exe-1050282 [001] ..... 1634957.210531: sys_ptrace -> 0x0
             exe-1050282 [001] ..... 1634957.210532: sys_ptrace(request: 4205, pid: 1006c5, addr: 202, data: c000697c70)
             exe-1050282 [001] ..... 1634957.210544: sys_ptrace -> 0x0
             exe-1050282 [001] ..... 1634957.210545: sys_ptrace(request: 1f, pid: 1006c5, addr: 0, data: 0)
             exe-1050282 [001] .N... 1634957.210579: sys_ptrace -> 0x0
             exe-1049673 [001] ..... 1634957.210590: sys_nanosleep -> 0x0
             exe-1049673 [001] ..... 1634957.210596: sys_nanosleep(rqtp: c000069f10, rmtp: 0)
             exe-1050309 [002] ..... 1634957.210596: sys_write -> 0x44
             exe-1050282 [001] ..... 1634957.210622: sys_wait4(upid: 1006c5, stat_addr: c000697bf4, options: 40000002, ru: 0)
             exe-1050282 [001] ..... 1634957.210625: sys_wait4 -> 0x1006c5
             exe-1050282 [001] ..... 1634957.210627: sys_ptrace(request: 4204, pid: 1006c5, addr: 1, data: c000697c70)
             exe-1050282 [001] ..... 1634957.210632: sys_ptrace -> 0x0
             exe-1050282 [001] ..... 1634957.210633: sys_ptrace(request: 4204, pid: 1006c5, addr: 202, data: c000697c70)
             exe-1050282 [001] ..... 1634957.210643: sys_ptrace -> 0x0
             exe-1050282 [001] ..... 1634957.210651: sys_ptrace(request: 4205, pid: 1006c5, addr: 1, data: c000697c70)
             exe-1050282 [001] ..... 1634957.210654: sys_ptrace -> 0x0
             exe-1050282 [001] ..... 1634957.210655: sys_ptrace(request: 4205, pid: 1006c5, addr: 202, data: c000697c70)
             exe-1050282 [001] ..... 1634957.210665: sys_ptrace -> 0x0
             exe-1050282 [001] ..... 1634957.210667: sys_ptrace(request: 1f, pid: 1006c5, addr: 0, data: 0)
             exe-1049896 [002] ..... 1634957.210673: sys_epoll_pwait -> 0x0
             exe-1050282 [001] ..... 1634957.210679: sys_ptrace -> 0x0
             exe-1050282 [001] ..... 1634957.210681: sys_wait4(upid: 1006c5, stat_addr: c000697bf4, options: 40000002, ru: 0)
             exe-1049896 [002] ..... 1634957.210701: sys_futex(uaddr: c00097a548, op: 81, val: 1, utime: 0, uaddr2: 0, val3: 0)
             exe-1049896 [002] ..... 1634957.210718: sys_futex -> 0x1
             exe-1049981 [000] ..... 1634957.210797: sys_futex -> 0x0
             exe-1049896 [002] ..... 1634957.210801: sys_epoll_pwait(epfd: 11, events: c000599840, maxevents: 80, timeout: 9, sigmask: 0, sigsetsize: 0)
             exe-1049981 [000] ..... 1634957.210812: sys_futex(uaddr: c00097a548, op: 80, val: 0, utime: 0, uaddr2: 0, val3: 0)
             exe-1050309 [002] ..... 1634957.210823: sys_kcmp -> 0xffffffffffffffff
             exe-1049673 [001] ..... 1634957.210857: sys_nanosleep -> 0x0
             exe-1049673 [001] ..... 1634957.210864: sys_nanosleep(rqtp: c000069f10, rmtp: 0)
             exe-1050282 [001] ..... 1634957.210927: sys_wait4 -> 0x1006c5
             exe-1050282 [001] ..... 1634957.210934: sys_ptrace(request: 4204, pid: 1006c5, addr: 1, data: c000697c70)
             exe-1050282 [001] ..... 1634957.210939: sys_ptrace -> 0x0
             exe-1050282 [001] ..... 1634957.210972: sys_ptrace(request: 4204, pid: 1006c5, addr: 202, data: c000697c70)
             exe-1050282 [001] ..... 1634957.210975: sys_ptrace -> 0x0
             exe-1050282 [001] ..... 1634957.210991: sys_pwrite64(fd: 63, buf: 7fd66ee27080, count: 42, pos: 44)
             exe-1050282 [001] ..... 1634957.210993: tracing_mark_write: kcmp(pid1=1, pid2=49719, type=0x0, idx1=0xf69b, idx2=0x400000) end
             exe-1050282 [001] ..... 1634957.294577: tracing_mark_write: kcmp(pid1=0, pid2=0, type=0x0, idx1=0xffffff86ca9ad196, idx2=221) start
             exe-1050282 [001] ..... 1634957.294578: sys_pwrite64 -> 0x47
             exe-1050282 [001] ..... 1634957.294586: sys_ptrace(request: 4205, pid: 1006c5, addr: 1, data: c000697c70)
             exe-1050282 [001] ..... 1634957.294588: sys_ptrace -> 0x0
             exe-1050282 [001] ..... 1634957.294590: sys_ptrace(request: 4205, pid: 1006c5, addr: 202, data: c000697c70)
             exe-1050282 [001] ..... 1634957.294602: sys_ptrace -> 0x0
             exe-1050282 [001] ..... 1634957.294603: sys_ptrace(request: 1f, pid: 1006c5, addr: 0, data: 0)
             exe-1050282 [001] ..... 1634957.294616: sys_ptrace -> 0x0
             exe-1050282 [001] ..... 1634957.294618: sys_wait4(upid: 1006c5, stat_addr: c000697bf4, options: 40000002, ru: 0)
             exe-1050309 [002] ..... 1634957.294631: sys_write -> 0x47
             exe-1049673 [001] ..... 1634957.294632: sys_nanosleep -> 0x0
             exe-1049673 [001] ..... 1634957.294646: sys_nanosleep(rqtp: c000069f10, rmtp: 0)
             exe-1050282 [001] ..... 1634957.294668: sys_wait4 -> 0x1006c5
             exe-1050232 [000] ..... 1634957.294672: sys_epoll_pwait -> 0x0
             exe-1050282 [001] ..... 1634957.294674: sys_ptrace(request: 4204, pid: 1006c5, addr: 1, data: c000697c70)
             exe-1050282 [001] ..... 1634957.294679: sys_ptrace -> 0x0
             exe-1050282 [001] ..... 1634957.294680: sys_ptrace(request: 4204, pid: 1006c5, addr: 202, data: c000697c70)
             exe-1050282 [001] ..... 1634957.294683: sys_ptrace -> 0x0
             exe-1050232 [000] ..... 1634957.294685: sys_futex(uaddr: c00097a548, op: 81, val: 1, utime: 0, uaddr2: 0, val3: 0)
             exe-1050232 [000] ..... 1634957.294691: sys_futex -> 0x1
             exe-1050282 [001] ..... 1634957.294704: sys_ptrace(request: 4205, pid: 1006c5, addr: 1, data: c000697c70)
             exe-1050282 [001] ..... 1634957.294706: sys_ptrace -> 0x0
             exe-1050232 [000] ..... 1634957.294707: sys_epoll_pwait(epfd: 11, events: c000693840, maxevents: 80, timeout: 9, sigmask: 0, sigsetsize: 0)
             exe-1050282 [001] ..... 1634957.294707: sys_ptrace(request: 4205, pid: 1006c5, addr: 202, data: c000697c70)
             exe-1049981 [000] ..... 1634957.294715: sys_futex -> 0x0
             exe-1049981 [000] ..... 1634957.294720: sys_futex(uaddr: c00097a548, op: 80, val: 0, utime: 0, uaddr2: 0, val3: 0)
             exe-1050282 [001] ..... 1634957.294743: sys_ptrace -> 0x0
             exe-1050282 [001] ..... 1634957.294745: sys_ptrace(request: 1f, pid: 1006c5, addr: 0, data: 0)
             exe-1050282 [001] ..... 1634957.294756: sys_ptrace -> 0x0
             exe-1050282 [001] ..... 1634957.294759: sys_wait4(upid: 1006c5, stat_addr: c000697bf4, options: 40000002, ru: 0)
             exe-1049673 [001] ..... 1634957.294772: sys_nanosleep -> 0x0
             exe-1050309 [002] ..... 1634957.294772: sys_kcmp -> 0xffffffffffffffff
             exe-1049673 [001] ..... 1634957.294778: sys_nanosleep(rqtp: c000069f10, rmtp: 0)
             exe-1050282 [001] ..... 1634957.294806: sys_wait4 -> 0x1006c5
             exe-1050282 [001] ..... 1634957.294812: sys_ptrace(request: 4204, pid: 1006c5, addr: 1, data: c000697c70)
             exe-1050282 [001] ..... 1634957.294816: sys_ptrace -> 0x0
             exe-1050282 [001] ..... 1634957.294818: sys_ptrace(request: 4204, pid: 1006c5, addr: 202, data: c000697c70)
             exe-1050282 [001] ..... 1634957.294821: sys_ptrace -> 0x0
             exe-1050282 [001] ..... 1634957.294835: sys_pwrite64(fd: 63, buf: 7fd66ee27080, count: 45, pos: 47)
             exe-1050282 [001] ..... 1634957.294837: tracing_mark_write: kcmp(pid1=0, pid2=0, type=0x0, idx1=0xffffff86ca9ad196, idx2=221) end
             exe-1050282 [002] ..... 1634957.370866: tracing_mark_write: kcmp(pid1=1, pid2=1, type=0x0, idx1=0xc410d34c27, idx2=0x89c34fff) start
             exe-1050282 [002] .N... 1634957.370905: sys_pwrite64 -> 0x48
             exe-1049673 [002] ..... 1634957.370914: sys_nanosleep -> 0x0
             exe-1049673 [002] ..... 1634957.370921: sys_nanosleep(rqtp: c000069f10, rmtp: 0)
             exe-1049567 [002] ..... 1634957.370934: sys_nanosleep -> 0x0
             exe-1049567 [002] ..... 1634957.370940: sys_nanosleep(rqtp: c000069f10, rmtp: 0)
             exe-1049673 [002] ..... 1634957.370996: sys_nanosleep -> 0x0
             exe-1049673 [002] ..... 1634957.371001: sys_nanosleep(rqtp: c000069f10, rmtp: 0)
             exe-1050282 [002] ..... 1634957.371032: sys_ptrace(request: 4205, pid: 1006c5, addr: 1, data: c000697c70)
             exe-1050282 [002] ..... 1634957.371037: sys_ptrace -> 0x0
             exe-1050282 [002] ..... 1634957.371038: sys_ptrace(request: 4205, pid: 1006c5, addr: 202, data: c000697c70)
             exe-1049673 [002] ..... 1634957.371089: sys_nanosleep -> 0x0
             exe-1049673 [002] ..... 1634957.371095: sys_nanosleep(rqtp: c000069f10, rmtp: 0)
             exe-1049567 [002] ..... 1634957.371115: sys_nanosleep -> 0x0
             exe-1049567 [002] ..... 1634957.371121: sys_nanosleep(rqtp: c000069f10, rmtp: 0)
             exe-1050282 [002] ..... 1634957.371138: sys_ptrace -> 0x0
             exe-1050282 [002] ..... 1634957.371141: sys_ptrace(request: 1f, pid: 1006c5, addr: 0, data: 0)
             exe-1050282 [002] .N... 1634957.371146: sys_ptrace -> 0x0
             exe-1050309 [002] ..... 1634957.371158: sys_write -> 0x48
             exe-1049673 [002] ..... 1634957.371214: sys_nanosleep -> 0x0
             exe-1049673 [002] ..... 1634957.371220: sys_nanosleep(rqtp: c000069f10, rmtp: 0)
             exe-1049567 [002] ..... 1634957.371243: sys_nanosleep -> 0x0
             exe-1049567 [002] ..... 1634957.371248: sys_nanosleep(rqtp: c000069f10, rmtp: 0)
             exe-1050282 [002] ..... 1634957.371259: sys_wait4(upid: 1006c5, stat_addr: c000697bf4, options: 40000002, ru: 0)
             exe-1050282 [002] ..... 1634957.371261: sys_wait4 -> 0x1006c5
             exe-1050282 [002] ..... 1634957.371265: sys_ptrace(request: 4204, pid: 1006c5, addr: 1, data: c000697c70)
             exe-1050282 [002] ..... 1634957.371269: sys_ptrace -> 0x0
             exe-1050282 [002] ..... 1634957.371271: sys_ptrace(request: 4204, pid: 1006c5, addr: 202, data: c000697c70)
             exe-1050282 [002] ..... 1634957.371273: sys_ptrace -> 0x0
             exe-1050282 [002] ..... 1634957.371281: sys_ptrace(request: 4205, pid: 1006c5, addr: 1, data: c000697c70)
             exe-1050282 [002] ..... 1634957.371284: sys_ptrace -> 0x0
             exe-1050282 [002] ..... 1634957.371285: sys_ptrace(request: 4205, pid: 1006c5, addr: 202, data: c000697c70)
             exe-1049673 [002] ..... 1634957.371328: sys_nanosleep -> 0x0
             exe-1049673 [002] ..... 1634957.371334: sys_nanosleep(rqtp: c000069f10, rmtp: 0)
             exe-1049567 [002] ..... 1634957.371354: sys_nanosleep -> 0x0
             exe-1049567 [002] ..... 1634957.371360: sys_nanosleep(rqtp: c000069f10, rmtp: 0)
             exe-1050282 [002] ..... 1634957.371371: sys_ptrace -> 0x0
             exe-1050282 [002] ..... 1634957.371374: sys_ptrace(request: 1f, pid: 1006c5, addr: 0, data: 0)
             exe-1050282 [002] .N... 1634957.371379: sys_ptrace -> 0x0
             exe-1050309 [002] ..... 1634957.371390: sys_kcmp -> 0xffffffffffffffff
             exe-1049673 [002] ..... 1634957.371445: sys_nanosleep -> 0x0
             exe-1049673 [002] ..... 1634957.371451: sys_nanosleep(rqtp: c000069f10, rmtp: 0)
             exe-1049567 [002] ..... 1634957.371474: sys_nanosleep -> 0x0
             exe-1049567 [002] ..... 1634957.371478: sys_nanosleep(rqtp: c000069f10, rmtp: 0)
             exe-1050282 [002] ..... 1634957.371489: sys_wait4(upid: 1006c5, stat_addr: c000697bf4, options: 40000002, ru: 0)
             exe-1050282 [002] ..... 1634957.371492: sys_wait4 -> 0x1006c5
             exe-1050282 [002] ..... 1634957.371494: sys_ptrace(request: 4204, pid: 1006c5, addr: 1, data: c000697c70)
             exe-1050282 [002] ..... 1634957.371498: sys_ptrace -> 0x0
             exe-1050282 [002] ..... 1634957.371500: sys_ptrace(request: 4204, pid: 1006c5, addr: 202, data: c000697c70)
             exe-1050282 [002] ..... 1634957.371502: sys_ptrace -> 0x0
             exe-1050282 [002] ..... 1634957.371518: sys_pwrite64(fd: 63, buf: 7fd66ee27080, count: 46, pos: 48)
             exe-1050282 [002] ..... 1634957.371520: tracing_mark_write: kcmp(pid1=1, pid2=1, type=0x0, idx1=0xc410d34c27, idx2=0x89c34fff) end
             exe-1050282 [002] ..... 1634957.443567: tracing_mark_write: kcmp(pid1=49719, pid2=49719, type=0x0, idx1=0xffff, idx2=0x35112c61e2fac1) start
             exe-1050282 [002] ..... 1634957.443568: sys_pwrite64 -> 0x50
             exe-1049673 [002] ..... 1634957.443611: sys_nanosleep -> 0x0
             exe-1049673 [002] ..... 1634957.443617: sys_nanosleep(rqtp: c000069f10, rmtp: 0)
             exe-1050282 [002] ..... 1634957.443655: sys_ptrace(request: 4205, pid: 1006c5, addr: 1, data: c000697c70)
             exe-1050282 [002] ..... 1634957.443660: sys_ptrace -> 0x0
             exe-1050282 [002] ..... 1634957.443662: sys_ptrace(request: 4205, pid: 1006c5, addr: 202, data: c000697c70)
             exe-1050282 [002] ..... 1634957.443683: sys_ptrace -> 0x0
             exe-1050282 [002] ..... 1634957.443685: sys_ptrace(request: 1f, pid: 1006c5, addr: 0, data: 0)
             exe-1050282 [002] .N... 1634957.443716: sys_ptrace -> 0x0
             exe-1050309 [002] ..... 1634957.443730: sys_write -> 0x50
             exe-1049673 [002] ..... 1634957.443754: sys_nanosleep -> 0x0
             exe-1049673 [002] ..... 1634957.443761: sys_nanosleep(rqtp: c000069f10, rmtp: 0)
             exe-1050282 [002] ..... 1634957.443794: sys_wait4(upid: 1006c5, stat_addr: c000697bf4, options: 40000002, ru: 0)
             exe-1050282 [002] ..... 1634957.443798: sys_wait4 -> 0x1006c5
             exe-1050282 [002] ..... 1634957.443800: sys_ptrace(request: 4204, pid: 1006c5, addr: 1, data: c000697c70)
             exe-1050282 [002] ..... 1634957.443805: sys_ptrace -> 0x0
             exe-1050282 [002] ..... 1634957.443807: sys_ptrace(request: 4204, pid: 1006c5, addr: 202, data: c000697c70)
             exe-1050282 [002] ..... 1634957.443810: sys_ptrace -> 0x0
             exe-1050282 [002] ..... 1634957.443819: sys_ptrace(request: 4205, pid: 1006c5, addr: 1, data: c000697c70)
             exe-1050282 [002] ..... 1634957.443822: sys_ptrace -> 0x0
             exe-1050282 [002] ..... 1634957.443824: sys_ptrace(request: 4205, pid: 1006c5, addr: 202, data: c000697c70)
             exe-1049673 [002] ..... 1634957.443874: sys_nanosleep -> 0x0
             exe-1049673 [002] ..... 1634957.443881: sys_nanosleep(rqtp: c000069f10, rmtp: 0)
             exe-1050282 [002] ..... 1634957.443915: sys_ptrace -> 0x0
             exe-1050282 [002] ..... 1634957.443920: sys_ptrace(request: 1f, pid: 1006c5, addr: 0, data: 0)
             exe-1050282 [002] .N... 1634957.443928: sys_ptrace -> 0x0
             exe-1050309 [002] ..... 1634957.443941: sys_kcmp -> 0xffffffffffffffff
             exe-1049673 [002] ..... 1634957.444001: sys_nanosleep -> 0x0
             exe-1049673 [002] ..... 1634957.444008: sys_nanosleep(rqtp: c000069f10, rmtp: 0)
             exe-1050282 [002] ..... 1634957.444038: sys_wait4(upid: 1006c5, stat_addr: c000697bf4, options: 40000002, ru: 0)
             exe-1050282 [002] ..... 1634957.444041: sys_wait4 -> 0x1006c5
             exe-1050282 [002] ..... 1634957.444044: sys_ptrace(request: 4204, pid: 1006c5, addr: 1, data: c000697c70)
             exe-1050282 [002] ..... 1634957.444048: sys_ptrace -> 0x0
             exe-1050282 [002] ..... 1634957.444050: sys_ptrace(request: 4204, pid: 1006c5, addr: 202, data: c000697c70)
             exe-1050282 [002] ..... 1634957.444053: sys_ptrace -> 0x0
             exe-1050282 [002] ..... 1634957.444069: sys_pwrite64(fd: 63, buf: 7fd66ee27080, count: 4e, pos: 50)
             exe-1050282 [002] ..... 1634957.444072: tracing_mark_write: kcmp(pid1=49719, pid2=49719, type=0x0, idx1=0xffff, idx2=0x35112c61e2fac1) end
             exe-1050282 [002] ..... 1634957.517175: tracing_mark_write: kcmp(pid1=0, pid2=0, type=0x0, idx1=0x56388c0b1040db, idx2=0xd3d3d3d3) start
             exe-1050282 [002] ..... 1634957.517176: sys_pwrite64 -> 0x4c
             exe-1050282 [002] ..... 1634957.517184: sys_ptrace(request: 4205, pid: 1006c5, addr: 1, data: c000697c70)
             exe-1050282 [002] .N... 1634957.517215: sys_ptrace -> 0x0
             exe-1049673 [002] ..... 1634957.517226: sys_nanosleep -> 0x0
             exe-1049673 [002] ..... 1634957.517233: sys_epoll_pwait(epfd: 10, events: c000069920, maxevents: 80, timeout: 0, sigmask: 0, sigsetsize: 0)
             exe-1049673 [002] ..... 1634957.517235: sys_epoll_pwait -> 0x0
             exe-1049673 [002] ..... 1634957.517238: sys_nanosleep(rqtp: c000069f10, rmtp: 0)
             exe-1050282 [002] ..... 1634957.517264: sys_ptrace(request: 4205, pid: 1006c5, addr: 202, data: c000697c70)
             exe-1050282 [002] ..... 1634957.517279: sys_ptrace -> 0x0
             exe-1050282 [002] ..... 1634957.517281: sys_ptrace(request: 1f, pid: 1006c5, addr: 0, data: 0)
             exe-1050282 [002] .N... 1634957.517288: sys_ptrace -> 0x0
             exe-1050309 [002] ..... 1634957.517301: sys_write -> 0x4c
             exe-1049673 [002] ..... 1634957.517383: sys_nanosleep -> 0x0
             exe-1049673 [002] ..... 1634957.517390: sys_nanosleep(rqtp: c000069f10, rmtp: 0)
             exe-1050282 [002] ..... 1634957.517420: sys_wait4(upid: 1006c5, stat_addr: c000697bf4, options: 40000002, ru: 0)
             exe-1050282 [002] ..... 1634957.517423: sys_wait4 -> 0x1006c5
             exe-1050282 [002] ..... 1634957.517426: sys_ptrace(request: 4204, pid: 1006c5, addr: 1, data: c000697c70)
             exe-1050282 [002] ..... 1634957.517430: sys_ptrace -> 0x0
             exe-1050282 [002] ..... 1634957.517432: sys_ptrace(request: 4204, pid: 1006c5, addr: 202, data: c000697c70)
             exe-1050282 [002] ..... 1634957.517435: sys_ptrace -> 0x0
             exe-1050282 [002] ..... 1634957.517443: sys_ptrace(request: 4205, pid: 1006c5, addr: 1, data: c000697c70)
             exe-1050282 [002] ..... 1634957.517446: sys_ptrace -> 0x0
             exe-1050282 [002] ..... 1634957.517448: sys_ptrace(request: 4205, pid: 1006c5, addr: 202, data: c000697c70)
             exe-1050282 [002] ..... 1634957.517459: sys_ptrace -> 0x0
             exe-1050282 [002] ..... 1634957.517461: sys_ptrace(request: 1f, pid: 1006c5, addr: 0, data: 0)
             exe-1050282 [002] .N... 1634957.517492: sys_ptrace -> 0x0
             exe-1049673 [002] ..... 1634957.517502: sys_nanosleep -> 0x0
             exe-1049673 [002] ..... 1634957.517509: sys_nanosleep(rqtp: c000069f10, rmtp: 0)
             exe-1050309 [002] ..... 1634957.517535: sys_kcmp -> 0xffffffffffffffff
             exe-1050282 [002] ..... 1634957.517563: sys_wait4(upid: 1006c5, stat_addr: c000697bf4, options: 40000002, ru: 0)
             exe-1050282 [002] ..... 1634957.517566: sys_wait4 -> 0x1006c5
             exe-1050282 [002] ..... 1634957.517569: sys_ptrace(request: 4204, pid: 1006c5, addr: 1, data: c000697c70)
             exe-1050282 [002] ..... 1634957.517573: sys_ptrace -> 0x0
             exe-1050282 [002] ..... 1634957.517575: sys_ptrace(request: 4204, pid: 1006c5, addr: 202, data: c000697c70)
             exe-1050282 [002] ..... 1634957.517578: sys_ptrace -> 0x0
             exe-1050282 [002] ..... 1634957.517593: sys_pwrite64(fd: 63, buf: 7fd66ee27080, count: 4a, pos: 4c)
             exe-1050282 [002] ..... 1634957.517596: tracing_mark_write: kcmp(pid1=0, pid2=0, type=0x0, idx1=0x56388c0b1040db, idx2=0xd3d3d3d3) end
             exe-1050282 [002] ..... 1634957.599861: tracing_mark_write: kcmp(pid1=49719, pid2=0, type=0x0, idx1=4096, idx2=0xb4b4b4b4) start
             exe-1050282 [002] ..... 1634957.599863: sys_pwrite64 -> 0x44
             exe-1050282 [002] ..... 1634957.599870: sys_ptrace(request: 4205, pid: 1006c5, addr: 1, data: c000697c70)
             exe-1050282 [002] ..... 1634957.599872: sys_ptrace -> 0x0
             exe-1050282 [002] ..... 1634957.599874: sys_ptrace(request: 4205, pid: 1006c5, addr: 202, data: c000697c70)
             exe-1091495 [000] ..... 1634957.599882: sys_rt_sigreturn()
             exe-1050282 [002] ..... 1634957.599886: sys_ptrace -> 0x0
             exe-1050282 [002] ..... 1634957.599888: sys_ptrace(request: 1f, pid: 1006c5, addr: 0, data: 0)
             exe-1050282 [002] .N... 1634957.599895: sys_ptrace -> 0x0
             exe-1050309 [002] ..... 1634957.599906: sys_write -> 0x44
             exe-1050282 [002] ..... 1634957.599927: sys_wait4(upid: 1006c5, stat_addr: c000697bf4, options: 40000002, ru: 0)
             exe-1050282 [002] ..... 1634957.599929: sys_wait4 -> 0x1006c5
             exe-1050282 [002] ..... 1634957.599931: sys_ptrace(request: 4204, pid: 1006c5, addr: 1, data: c000697c70)
             exe-1050282 [002] ..... 1634957.599935: sys_ptrace -> 0x0
             exe-1050282 [002] ..... 1634957.599937: sys_ptrace(request: 4204, pid: 1006c5, addr: 202, data: c000697c70)
             exe-1050282 [002] ..... 1634957.599939: sys_ptrace -> 0x0
             exe-1050282 [002] ..... 1634957.599945: sys_ptrace(request: 4205, pid: 1006c5, addr: 1, data: c000697c70)
             exe-1050282 [002] ..... 1634957.599948: sys_ptrace -> 0x0
             exe-1050282 [002] ..... 1634957.599949: sys_ptrace(request: 4205, pid: 1006c5, addr: 202, data: c000697c70)
             exe-1050282 [002] ..... 1634957.599960: sys_ptrace -> 0x0
             exe-1050282 [002] ..... 1634957.599962: sys_ptrace(request: 1f, pid: 1006c5, addr: 0, data: 0)
             exe-1050282 [002] .N... 1634957.599969: sys_ptrace -> 0x0
             exe-1050309 [002] ..... 1634957.599979: sys_kcmp -> 0xffffffffffffffff
             exe-1050282 [002] ..... 1634957.599999: sys_wait4(upid: 1006c5, stat_addr: c000697bf4, options: 40000002, ru: 0)
             exe-1050282 [002] ..... 1634957.600002: sys_wait4 -> 0x1006c5
             exe-1050282 [002] ..... 1634957.600004: sys_ptrace(request: 4204, pid: 1006c5, addr: 1, data: c000697c70)
             exe-1050282 [002] ..... 1634957.600007: sys_ptrace -> 0x0
             exe-1050282 [002] ..... 1634957.600009: sys_ptrace(request: 4204, pid: 1006c5, addr: 202, data: c000697c70)
             exe-1050282 [002] ..... 1634957.600011: sys_ptrace -> 0x0
             exe-1050282 [002] ..... 1634957.600021: sys_pwrite64(fd: 63, buf: 7fd66ee27080, count: 42, pos: 44)
             exe-1050282 [002] ..... 1634957.600023: tracing_mark_write: kcmp(pid1=49719, pid2=0, type=0x0, idx1=4096, idx2=0xb4b4b4b4) end
             exe-1050282 [002] ..... 1634957.670633: tracing_mark_write: kcmp(pid1=1, pid2=49719, type=0x0, idx1=14102, idx2=39) start
             exe-1050282 [002] ..... 1634957.670635: sys_pwrite64 -> 0x3d
             exe-1050282 [002] ..... 1634957.670642: sys_ptrace(request: 4205, pid: 1006c5, addr: 1, data: c000697c70)
             exe-1050282 [002] ..... 1634957.670644: sys_ptrace -> 0x0
             exe-1050282 [002] ..... 1634957.670646: sys_ptrace(request: 4205, pid: 1006c5, addr: 202, data: c000697c70)
             exe-1050282 [002] ..... 1634957.670663: sys_ptrace -> 0x0
             exe-1050282 [002] ..... 1634957.670665: sys_ptrace(request: 1f, pid: 1006c5, addr: 0, data: 0)
             exe-1050282 [002] .N... 1634957.670674: sys_ptrace -> 0x0
             exe-1050309 [002] ..... 1634957.670684: sys_write -> 0x3d
             exe-1050282 [002] ..... 1634957.670703: sys_wait4(upid: 1006c5, stat_addr: c000697bf4, options: 40000002, ru: 0)
             exe-1050282 [002] ..... 1634957.670706: sys_wait4 -> 0x1006c5
             exe-1050282 [002] ..... 1634957.670708: sys_ptrace(request: 4204, pid: 1006c5, addr: 1, data: c000697c70)
             exe-1050282 [002] ..... 1634957.670711: sys_ptrace -> 0x0
             exe-1050282 [002] ..... 1634957.670713: sys_ptrace(request: 4204, pid: 1006c5, addr: 202, data: c000697c70)
             exe-1050282 [002] ..... 1634957.670715: sys_ptrace -> 0x0
             exe-1050282 [002] ..... 1634957.670722: sys_ptrace(request: 4205, pid: 1006c5, addr: 1, data: c000697c70)
             exe-1050282 [002] ..... 1634957.670724: sys_ptrace -> 0x0
             exe-1050282 [002] ..... 1634957.670726: sys_ptrace(request: 4205, pid: 1006c5, addr: 202, data: c000697c70)
             exe-1050282 [002] ..... 1634957.670735: sys_ptrace -> 0x0
             exe-1050282 [002] ..... 1634957.670737: sys_ptrace(request: 1f, pid: 1006c5, addr: 0, data: 0)
             exe-1050282 [002] .N... 1634957.670743: sys_ptrace -> 0x0
             exe-1050309 [002] ..... 1634957.670753: sys_kcmp -> 0xffffffffffffffff
             exe-1050282 [002] ..... 1634957.670770: sys_wait4(upid: 1006c5, stat_addr: c000697bf4, options: 40000002, ru: 0)
             exe-1050282 [002] ..... 1634957.670773: sys_wait4 -> 0x1006c5
             exe-1050282 [002] ..... 1634957.670775: sys_ptrace(request: 4204, pid: 1006c5, addr: 1, data: c000697c70)
             exe-1050282 [002] ..... 1634957.670778: sys_ptrace -> 0x0
             exe-1050282 [002] ..... 1634957.670780: sys_ptrace(request: 4204, pid: 1006c5, addr: 202, data: c000697c70)
             exe-1050282 [002] ..... 1634957.670782: sys_ptrace -> 0x0
             exe-1050282 [002] ..... 1634957.670791: sys_pwrite64(fd: 63, buf: 7fd66ee27080, count: 3b, pos: 3d)
             exe-1050282 [002] ..... 1634957.670792: tracing_mark_write: kcmp(pid1=1, pid2=49719, type=0x0, idx1=14102, idx2=39) end
             exe-1050282 [002] ..... 1634957.740081: tracing_mark_write: kcmp(pid1=49719, pid2=49719, type=0x0, idx1=128, idx2=0x8000) start
             exe-1050282 [002] ..... 1634957.740083: sys_pwrite64 -> 0x43
             exe-1050282 [002] ..... 1634957.740091: sys_ptrace(request: 4205, pid: 1006c5, addr: 1, data: c000697c70)
             exe-1050282 [002] .N... 1634957.740123: sys_ptrace -> 0x0
             exe-1049673 [002] ..... 1634957.740135: sys_nanosleep -> 0x0
             exe-1049673 [002] ..... 1634957.740141: sys_nanosleep(rqtp: c000069f10, rmtp: 0)
             exe-1050282 [002] ..... 1634957.740166: sys_ptrace(request: 4205, pid: 1006c5, addr: 202, data: c000697c70)
             exe-1050282 [002] ..... 1634957.740181: sys_ptrace -> 0x0
             exe-1050282 [002] ..... 1634957.740183: sys_ptrace(request: 1f, pid: 1006c5, addr: 0, data: 0)
             exe-1050282 [002] ..... 1634957.740193: sys_ptrace -> 0x0
             exe-1050282 [002] ..... 1634957.740196: sys_wait4(upid: 1006c5, stat_addr: c000697bf4, options: 40000002, ru: 0)
             exe-1050309 [001] ..... 1634957.740201: sys_write -> 0x43
             exe-1050282 [002] .N... 1634957.740233: sys_wait4 -> 0x1006c5
             exe-1049673 [002] ..... 1634957.740242: sys_nanosleep -> 0x0
             exe-1049673 [002] ..... 1634957.740248: sys_nanosleep(rqtp: c000069f10, rmtp: 0)
             exe-1050282 [002] ..... 1634957.740276: sys_ptrace(request: 4204, pid: 1006c5, addr: 1, data: c000697c70)
             exe-1050282 [002] ..... 1634957.740281: sys_ptrace -> 0x0
             exe-1050282 [002] ..... 1634957.740283: sys_ptrace(request: 4204, pid: 1006c5, addr: 202, data: c000697c70)
             exe-1050282 [002] ..... 1634957.740286: sys_ptrace -> 0x0
             exe-1050282 [002] ..... 1634957.740294: sys_ptrace(request: 4205, pid: 1006c5, addr: 1, data: c000697c70)
             exe-1050282 [002] ..... 1634957.740297: sys_ptrace -> 0x0
             exe-1050282 [002] ..... 1634957.740298: sys_ptrace(request: 4205, pid: 1006c5, addr: 202, data: c000697c70)
             exe-1050282 [002] ..... 1634957.740309: sys_ptrace -> 0x0
             exe-1050282 [002] ..... 1634957.740311: sys_ptrace(request: 1f, pid: 1006c5, addr: 0, data: 0)
             exe-1050309 [001] ..... 1634957.740324: sys_kcmp -> 0xffffffffffffffff
             exe-1050282 [002] .N... 1634957.740343: sys_ptrace -> 0x0
             exe-1049673 [002] ..... 1634957.740354: sys_nanosleep -> 0x0
             exe-1049673 [002] ..... 1634957.740360: sys_nanosleep(rqtp: c000069f10, rmtp: 0)
             exe-1050282 [002] ..... 1634957.740388: sys_wait4(upid: 1006c5, stat_addr: c000697bf4, options: 40000002, ru: 0)
             exe-1050282 [002] ..... 1634957.740391: sys_wait4 -> 0x1006c5
             exe-1050282 [002] ..... 1634957.740394: sys_ptrace(request: 4204, pid: 1006c5, addr: 1, data: c000697c70)
             exe-1050282 [002] ..... 1634957.740398: sys_ptrace -> 0x0
             exe-1050282 [002] ..... 1634957.740400: sys_ptrace(request: 4204, pid: 1006c5, addr: 202, data: c000697c70)
             exe-1050282 [002] ..... 1634957.740403: sys_ptrace -> 0x0
             exe-1050282 [002] ..... 1634957.740418: sys_pwrite64(fd: 63, buf: 7fd66ee27080, count: 41, pos: 43)
             exe-1050282 [002] ..... 1634957.740420: tracing_mark_write: kcmp(pid1=49719, pid2=49719, type=0x0, idx1=128, idx2=0x8000) end
             exe-1050282 [000] ..... 1634957.810378: tracing_mark_write: kcmp(pid1=1, pid2=0, type=0x0, idx1=0xffffffffffefffff, idx2=0xffffffffffff0008) start
             exe-1050282 [000] ..... 1634957.810379: sys_pwrite64 -> 0x56
             exe-1050282 [000] ..... 1634957.810386: sys_ptrace(request: 4205, pid: 1006c5, addr: 1, data: c000697c70)
             exe-1050282 [000] ..... 1634957.810388: sys_ptrace -> 0x0
             exe-1050282 [000] ..... 1634957.810390: sys_ptrace(request: 4205, pid: 1006c5, addr: 202, data: c000697c70)
             exe-1050282 [000] ..... 1634957.810401: sys_ptrace -> 0x0
             exe-1050282 [000] ..... 1634957.810403: sys_ptrace(request: 1f, pid: 1006c5, addr: 0, data: 0)
             exe-1050282 [000] .N... 1634957.810411: sys_ptrace -> 0x0
             exe-1050309 [000] ..... 1634957.810421: sys_write -> 0x56
             exe-1050282 [000] ..... 1634957.810440: sys_wait4(upid: 1006c5, stat_addr: c000697bf4, options: 40000002, ru: 0)
             exe-1049673 [002] ..... 1634957.810441: sys_nanosleep -> 0x0
             exe-1050282 [000] ..... 1634957.810442: sys_wait4 -> 0x1006c5
             exe-1050282 [000] ..... 1634957.810444: sys_ptrace(request: 4204, pid: 1006c5, addr: 1, data: c000697c70)
             exe-1049673 [002] ..... 1634957.810446: sys_nanosleep(rqtp: c000069f10, rmtp: 0)
             exe-1050282 [000] ..... 1634957.810448: sys_ptrace -> 0x0
             exe-1050282 [000] ..... 1634957.810450: sys_ptrace(request: 4204, pid: 1006c5, addr: 202, data: c000697c70)
             exe-1050282 [000] ..... 1634957.810452: sys_ptrace -> 0x0
             exe-1050282 [000] ..... 1634957.810458: sys_ptrace(request: 4205, pid: 1006c5, addr: 1, data: c000697c70)
             exe-1050282 [000] ..... 1634957.810461: sys_ptrace -> 0x0
             exe-1050282 [000] ..... 1634957.810462: sys_ptrace(request: 4205, pid: 1006c5, addr: 202, data: c000697c70)
             exe-1050282 [000] ..... 1634957.810471: sys_ptrace -> 0x0
             exe-1050282 [000] ..... 1634957.810473: sys_ptrace(request: 1f, pid: 1006c5, addr: 0, data: 0)
             exe-1050282 [000] .N... 1634957.810479: sys_ptrace -> 0x0
             exe-1050309 [000] ..... 1634957.810489: sys_kcmp -> 0xffffffffffffffff
             exe-1050282 [000] ..... 1634957.810508: sys_wait4(upid: 1006c5, stat_addr: c000697bf4, options: 40000002, ru: 0)
             exe-1050282 [000] ..... 1634957.810510: sys_wait4 -> 0x1006c5
             exe-1050282 [000] ..... 1634957.810512: sys_ptrace(request: 4204, pid: 1006c5, addr: 1, data: c000697c70)
             exe-1050282 [000] ..... 1634957.810516: sys_ptrace -> 0x0
             exe-1050282 [000] ..... 1634957.810517: sys_ptrace(request: 4204, pid: 1006c5, addr: 202, data: c000697c70)
             exe-1050282 [000] ..... 1634957.810520: sys_ptrace -> 0x0
             exe-1050282 [000] ..... 1634957.810529: sys_pwrite64(fd: 63, buf: 7fd66ee27080, count: 54, pos: 56)
             exe-1050282 [000] ..... 1634957.810530: tracing_mark_write: kcmp(pid1=1, pid2=0, type=0x0, idx1=0xffffffffffefffff, idx2=0xffffffffffff0008) end
             exe-1050282 [000] ..... 1634957.903695: tracing_mark_write: kcmp(pid1=0, pid2=49719, type=0x0, idx1=0x90909090, idx2=0x400000) start
             exe-1050282 [000] ..... 1634957.903696: sys_pwrite64 -> 0x48
             exe-1050282 [000] ..... 1634957.903703: sys_ptrace(request: 4205, pid: 1006c5, addr: 1, data: c000697c70)
             exe-1050282 [000] ..... 1634957.903705: sys_ptrace -> 0x0
             exe-1050282 [000] ..... 1634957.903707: sys_ptrace(request: 4205, pid: 1006c5, addr: 202, data: c000697c70)
             exe-1050282 [000] ..... 1634957.903718: sys_ptrace -> 0x0
             exe-1050282 [000] ..... 1634957.903720: sys_ptrace(request: 1f, pid: 1006c5, addr: 0, data: 0)
             exe-1050282 [000] .N... 1634957.903727: sys_ptrace -> 0x0
             exe-1050309 [000] ..... 1634957.903738: sys_write -> 0x48
             exe-1050282 [000] ..... 1634957.903756: sys_wait4(upid: 1006c5, stat_addr: c000697bf4, options: 40000002, ru: 0)
             exe-1050282 [000] ..... 1634957.903759: sys_wait4 -> 0x1006c5
             exe-1050282 [000] ..... 1634957.903761: sys_ptrace(request: 4204, pid: 1006c5, addr: 1, data: c000697c70)
             exe-1050282 [000] ..... 1634957.903765: sys_ptrace -> 0x0
             exe-1050282 [000] ..... 1634957.903766: sys_ptrace(request: 4204, pid: 1006c5, addr: 202, data: c000697c70)
             exe-1050282 [000] ..... 1634957.903768: sys_ptrace -> 0x0
             exe-1050282 [000] ..... 1634957.903774: sys_ptrace(request: 4205, pid: 1006c5, addr: 1, data: c000697c70)
             exe-1050282 [000] ..... 1634957.903777: sys_ptrace -> 0x0
             exe-1050282 [000] ..... 1634957.903778: sys_ptrace(request: 4205, pid: 1006c5, addr: 202, data: c000697c70)
             exe-1050282 [000] ..... 1634957.903807: sys_ptrace -> 0x0
             exe-1050282 [000] ..... 1634957.903809: sys_ptrace(request: 1f, pid: 1006c5, addr: 0, data: 0)
             exe-1050282 [000] .N... 1634957.903816: sys_ptrace -> 0x0
             exe-1050309 [000] ..... 1634957.903827: sys_kcmp -> 0xffffffffffffffff
             exe-1050282 [000] ..... 1634957.903847: sys_wait4(upid: 1006c5, stat_addr: c000697bf4, options: 40000002, ru: 0)
             exe-1050282 [000] ..... 1634957.903850: sys_wait4 -> 0x1006c5
             exe-1050282 [000] ..... 1634957.903852: sys_ptrace(request: 4204, pid: 1006c5, addr: 1, data: c000697c70)
             exe-1050282 [000] ..... 1634957.903856: sys_ptrace -> 0x0
             exe-1050282 [000] ..... 1634957.903857: sys_ptrace(request: 4204, pid: 1006c5, addr: 202, data: c000697c70)
             exe-1050282 [000] ..... 1634957.903860: sys_ptrace -> 0x0
             exe-1050282 [000] ..... 1634957.903870: sys_pwrite64(fd: 63, buf: 7fd66ee27080, count: 46, pos: 48)
             exe-1050282 [000] ..... 1634957.903872: tracing_mark_write: kcmp(pid1=0, pid2=49719, type=0x0, idx1=0x90909090, idx2=0x400000) end
             exe-1050282 [001] ..... 1634957.988306: tracing_mark_write: kcmp(pid1=0, pid2=0, type=0x0, idx1=0x40000, idx2=0x677377b1500d) start
             exe-1050282 [001] ..... 1634957.988308: sys_pwrite64 -> 0x47
             exe-1050282 [001] ..... 1634957.988320: sys_ptrace(request: 4205, pid: 1006c5, addr: 1, data: c000697c70)
             exe-1050282 [001] ..... 1634957.988323: sys_ptrace -> 0x0
             exe-1050282 [001] ..... 1634957.988324: sys_ptrace(request: 4205, pid: 1006c5, addr: 202, data: c000697c70)
             exe-1050282 [001] ..... 1634957.988333: sys_ptrace -> 0x0
             exe-1050282 [001] ..... 1634957.988335: sys_ptrace(request: 1f, pid: 1006c5, addr: 0, data: 0)
             exe-1050282 [001] ..... 1634957.988342: sys_ptrace -> 0x0
             exe-1050282 [001] ..... 1634957.988344: sys_wait4(upid: 1006c5, stat_addr: c000697bf4, options: 40000002, ru: 0)
             exe-1050309 [000] ..... 1634957.988355: sys_write -> 0x47
             exe-1050232 [002] ..... 1634957.988369: sys_ptrace(request: 4205, pid: 100716, addr: 1, data: c000dfbc70)
             exe-1050282 [001] ..... 1634957.988393: sys_wait4 -> 0x1006c5
             exe-1049567 [000] ..... 1634957.988394: sys_nanosleep -> 0x0
             exe-1050282 [001] ..... 1634957.988395: sys_ptrace(request: 4204, pid: 1006c5, addr: 1, data: c000697c70)
             exe-1050282 [001] ..... 1634957.988398: sys_ptrace -> 0x0
             exe-1049567 [000] ..... 1634957.988398: sys_nanosleep(rqtp: c000069f10, rmtp: 0)
             exe-1050282 [001] ..... 1634957.988399: sys_ptrace(request: 4204, pid: 1006c5, addr: 202, data: c000697c70)
             exe-1050282 [001] ..... 1634957.988402: sys_ptrace -> 0x0
             exe-1050282 [001] ..... 1634957.988407: sys_ptrace(request: 4205, pid: 1006c5, addr: 1, data: c000697c70)
             exe-1050282 [001] ..... 1634957.988412: sys_ptrace -> 0x0
             exe-1050282 [001] ..... 1634957.988413: sys_ptrace(request: 4205, pid: 1006c5, addr: 202, data: c000697c70)
             exe-1050232 [002] .N... 1634957.988416: sys_ptrace -> 0x0
             exe-1050282 [001] ..... 1634957.988419: sys_ptrace -> 0x0
             exe-1050282 [001] ..... 1634957.988421: sys_ptrace(request: 1f, pid: 1006c5, addr: 0, data: 0)
             exe-1050282 [001] ..... 1634957.988427: sys_ptrace -> 0x0
             exe-1050282 [001] ..... 1634957.988429: sys_wait4(upid: 1006c5, stat_addr: c000697bf4, options: 40000002, ru: 0)
             exe-1050309 [000] ..... 1634957.988440: sys_kcmp -> 0xffffffffffffffff
             exe-1050232 [002] ..... 1634957.988455: sys_ptrace(request: 4205, pid: 100716, addr: 202, data: c000dfbc70)
             exe-1050282 [001] ..... 1634957.988457: sys_wait4 -> 0x1006c5
             exe-1050282 [001] ..... 1634957.988469: sys_ptrace(request: 4204, pid: 1006c5, addr: 1, data: c000697c70)
             exe-1050282 [001] ..... 1634957.988472: sys_ptrace -> 0x0
             exe-1050282 [001] ..... 1634957.988474: sys_ptrace(request: 4204, pid: 1006c5, addr: 202, data: c000697c70)
             exe-1050282 [001] ..... 1634957.988476: sys_ptrace -> 0x0
             exe-1050282 [001] ..... 1634957.988482: sys_pwrite64(fd: 63, buf: 7fd66ee27080, count: 45, pos: 47)
             exe-1050282 [001] ..... 1634957.988483: tracing_mark_write: kcmp(pid1=0, pid2=0, type=0x0, idx1=0x40000, idx2=0x677377b1500d) end
             exe-1049981 [002] ..... 1634958.055353: tracing_mark_write: kcmp(pid1=49719, pid2=0, type=0x0, idx1=0x53535353, idx2=0x27272727) start
             exe-1049981 [002] ..... 1634958.055355: sys_pwrite64 -> 0x4a
             exe-1049981 [002] ..... 1634958.055435: sys_ptrace(request: 4205, pid: 1005d8, addr: 1, data: c000697c70)
             exe-1049981 [002] ..... 1634958.055440: sys_ptrace -> 0x0
             exe-1049981 [002] ..... 1634958.055441: sys_ptrace(request: 4205, pid: 1005d8, addr: 202, data: c000697c70)
             exe-1049981 [002] ..... 1634958.055459: sys_ptrace -> 0x0
             exe-1049981 [002] ..... 1634958.055461: sys_ptrace(request: 1f, pid: 1005d8, addr: 0, data: 0)
             exe-1049981 [002] ..... 1634958.055476: sys_ptrace -> 0x0
             exe-1049981 [002] ..... 1634958.055479: sys_wait4(upid: 1005d8, stat_addr: c000697bf4, options: 40000002, ru: 0)
             exe-1050072 [000] ..... 1634958.055497: sys_write -> 0x4a
             exe-1049981 [002] .N... 1634958.055504: sys_wait4 -> 0x1005d8
             exe-1049981 [002] ..... 1634958.055548: sys_ptrace(request: 4204, pid: 1005d8, addr: 1, data: c000697c70)
             exe-1049981 [002] ..... 1634958.055553: sys_ptrace -> 0x0
             exe-1049981 [002] ..... 1634958.055555: sys_ptrace(request: 4204, pid: 1005d8, addr: 202, data: c000697c70)
