             exe-1049896 [000] ..... 1634954.998539: tracing_mark_write: kcmp(pid1=1, pid2=0, type=0x0, idx1=0x920be78e95, idx2=-9) start
             exe-1049896 [000] ..... 1634954.998543: sys_pwrite64 -> 0x40
             exe-1049896 [000] ..... 1634954.998549: sys_ptrace(request: 4205, pid: 100770, addr: 1, data: c000697c70)
             exe-1049896 [000] .N... 1634954.998565: sys_ptrace -> 0x0
             exe-1049896 [000] ..... 1634954.998591: sys_ptrace(request: 4205, pid: 100770, addr: 202, data: c000697c70)
             exe-1049896 [000] ..... 1634954.998601: sys_ptrace -> 0x0
             exe-1049896 [000] ..... 1634954.998602: sys_ptrace(request: 1f, pid: 100770, addr: 0, data: 0)
             exe-1049896 [000] ..... 1634954.998610: sys_ptrace -> 0x0
             exe-1049896 [000] ..... 1634954.998612: sys_wait4(upid: 100770, stat_addr: c000697bf4, options: 40000002, ru: 0)
             exe-1050480 [001] ..... 1634954.998619: sys_write -> 0x40
             exe-1049896 [000] ..... 1634954.998630: sys_wait4 -> 0x100770
             exe-1049896 [000] ..... 1634954.998631: sys_ptrace(request: 4204, pid: 100770, addr: 1, data: c000697c70)
             exe-1049896 [000] ..... 1634954.998633: sys_ptrace -> 0x0
             exe-1049896 [000] ..... 1634954.998634: sys_ptrace(request: 4204, pid: 100770, addr: 202, data: c000697c70)
             exe-1049896 [000] ..... 1634954.998635: sys_ptrace -> 0x0
             exe-1049896 [000] ..... 1634954.998640: sys_ptrace(request: 4205, pid: 100770, addr: 1, data: c000697c70)
             exe-1049896 [000] ..... 1634954.998641: sys_ptrace -> 0x0
             exe-1049896 [000] ..... 1634954.998642: sys_ptrace(request: 4205, pid: 100770, addr: 202, data: c000697c70)
             exe-1049896 [000] ..... 1634954.998646: sys_ptrace -> 0x0
             exe-1049896 [000] ..... 1634954.998647: sys_ptrace(request: 1f, pid: 100770, addr: 0, data: 0)
             exe-1049896 [000] .N... 1634954.998662: sys_ptrace -> 0x0
             exe-1050480 [001] ..... 1634954.998671: sys_kcmp -> 0xffffffffffffffff
             exe-1049896 [000] ..... 1634954.998684: sys_wait4(upid: 100770, stat_addr: c000697bf4, options: 40000002, ru: 0)
             exe-1049896 [000] ..... 1634954.998686: sys_wait4 -> 0x100770
             exe-1049896 [000] ..... 1634954.998687: sys_ptrace(request: 4204, pid: 100770, addr: 1, data: c000697c70)
             exe-1049896 [000] ..... 1634954.998689: sys_ptrace -> 0x0
             exe-1049896 [000] ..... 1634954.998690: sys_ptrace(request: 4204, pid: 100770, addr: 202, data: c000697c70)
             exe-1049896 [000] ..... 1634954.998691: sys_ptrace -> 0x0
             exe-1049896 [000] ..... 1634954.998699: sys_pwrite64(fd: 63, buf: 7fd66ee27080, count: 3e, pos: 40)
             exe-1049896 [000] ..... 1634954.998701: tracing_mark_write: kcmp(pid1=1, pid2=0, type=0x0, idx1=0x920be78e95, idx2=-9) end
             exe-1049896 [002] ..... 1634955.056868: tracing_mark_write: kcmp(pid1=49719, pid2=0, type=0x0, idx1=0x10005f7f, idx2=-1) start
             exe-1049567 [000] ..... 1634955.056882: sys_nanosleep -> 0x0
             exe-1049896 [002] ..... 1634955.056884: sys_pwrite64 -> 0x42
             exe-1049567 [000] ..... 1634955.056886: sys_nanosleep(rqtp: c000069f10, rmtp: 0)
             exe-1049896 [002] ..... 1634955.056891: sys_ptrace(request: 4205, pid: 100770, addr: 1, data: c000697c70)
             exe-1049673 [000] ..... 1634955.056895: sys_nanosleep -> 0x0
             exe-1049673 [000] ..... 1634955.056898: sys_nanosleep(rqtp: c000069f10, rmtp: 0)
             exe-1049896 [002] .N... 1634955.056913: sys_ptrace -> 0x0
             exe-1049896 [002] ..... 1634955.056948: sys_ptrace(request: 4205, pid: 100770, addr: 202, data: c000697c70)
             exe-1049896 [002] ..... 1634955.056959: sys_ptrace -> 0x0
             exe-1049896 [002] ..... 1634955.056961: sys_ptrace(request: 1f, pid: 100770, addr: 0, data: 0)
             exe-1049896 [002] ..... 1634955.056971: sys_ptrace -> 0x0
             exe-1049896 [002] ..... 1634955.056974: sys_wait4(upid: 100770, stat_addr: c000697bf4, options: 40000002, ru: 0)
             exe-1049673 [000] ..... 1634955.056981: sys_nanosleep -> 0x0
             exe-1049673 [000] ..... 1634955.056982: sys_nanosleep(rqtp: c000069f10, rmtp: 0)
             exe-1050480 [001] ..... 1634955.056983: sys_write -> 0x42
             exe-1049896 [002] ..... 1634955.056998: sys_wait4 -> 0x100770
             exe-1049896 [002] ..... 1634955.057048: sys_ptrace(request: 4204, pid: 100770, addr: 1, data: c000697c70)
             exe-1049896 [002] ..... 1634955.057052: sys_ptrace -> 0x0
             exe-1049896 [002] ..... 1634955.057054: sys_ptrace(request: 4204, pid: 100770, addr: 202, data: c000697c70)
             exe-1049896 [002] ..... 1634955.057056: sys_ptrace -> 0x0
             exe-1049673 [000] ..... 1634955.057061: sys_nanosleep -> 0x0
             exe-1049673 [000] ..... 1634955.057062: sys_nanosleep(rqtp: c000069f10, rmtp: 0)
             exe-1049896 [002] ..... 1634955.057063: sys_ptrace(request: 4205, pid: 100770, addr: 1, data: c000697c70)
             exe-1049896 [002] ..... 1634955.057065: sys_ptrace -> 0x0
             exe-1049896 [002] ..... 1634955.057066: sys_ptrace(request: 4205, pid: 100770, addr: 202, data: c000697c70)
             exe-1049896 [002] ..... 1634955.057076: sys_ptrace -> 0x0
             exe-1049896 [002] ..... 1634955.057077: sys_ptrace(request: 1f, pid: 100770, addr: 0, data: 0)
             exe-1049896 [002] ..... 1634955.057088: sys_ptrace -> 0x0
             exe-1049896 [002] ..... 1634955.057090: sys_wait4(upid: 100770, stat_addr: c000697bf4, options: 40000002, ru: 0)
             exe-1050480 [001] ..... 1634955.057100: sys_kcmp -> 0xffffffffffffffff
             exe-1049896 [002] ..... 1634955.057151: sys_wait4 -> 0x100770
             exe-1049896 [002] ..... 1634955.057156: sys_ptrace(request: 4204, pid: 100770, addr: 1, data: c000697c70)
             exe-1049896 [002] ..... 1634955.057160: sys_ptrace -> 0x0
             exe-1049896 [002] ..... 1634955.057162: sys_ptrace(request: 4204, pid: 100770, addr: 202, data: c000697c70)
             exe-1049896 [002] ..... 1634955.057163: sys_ptrace -> 0x0
             exe-1050008 [000] ..... 1634955.057172: sys_epoll_pwait -> 0x0
             exe-1049896 [002] ..... 1634955.057176: sys_pwrite64(fd: 63, buf: 7fd66ee27080, count: 40, pos: 42)
             exe-1049896 [002] ..... 1634955.057178: tracing_mark_write: kcmp(pid1=49719, pid2=0, type=0x0, idx1=0x10005f7f, idx2=-1) end
             exe-1049896 [002] ..... 1634955.116203: tracing_mark_write: kcmp(pid1=49719, pid2=1, type=0x0, idx1=-7, idx2=0xc632) start
             exe-1049896 [002] ..... 1634955.116205: sys_pwrite64 -> 0x3e
             exe-1049896 [002] ..... 1634955.116209: sys_ptrace(request: 4205, pid: 100770, addr: 1, data: c000697c70)
             exe-1049896 [002] ..... 1634955.116211: sys_ptrace -> 0x0
             exe-1049896 [002] ..... 1634955.116213: sys_ptrace(request: 4205, pid: 100770, addr: 202, data: c000697c70)
             exe-1049896 [002] ..... 1634955.116220: sys_ptrace -> 0x0
             exe-1049896 [002] ..... 1634955.116222: sys_ptrace(request: 1f, pid: 100770, addr: 0, data: 0)
             exe-1049896 [002] ..... 1634955.116228: sys_ptrace -> 0x0
             exe-1049896 [002] ..... 1634955.116229: sys_wait4(upid: 100770, stat_addr: c000697bf4, options: 40000002, ru: 0)
             exe-1050480 [001] ..... 1634955.116240: sys_write -> 0x3e
             exe-1049567 [003] ..... 1634955.116255: sys_nanosleep -> 0x0
             exe-1049896 [002] ..... 1634955.116256: sys_wait4 -> 0x100770
             exe-1049567 [003] ..... 1634955.116257: sys_nanosleep(rqtp: c000069f10, rmtp: 0)
             exe-1049896 [002] ..... 1634955.116259: sys_ptrace(request: 4204, pid: 100770, addr: 1, data: c000697c70)
             exe-1049896 [002] ..... 1634955.116261: sys_ptrace -> 0x0
             exe-1049896 [002] ..... 1634955.116262: sys_ptrace(request: 4204, pid: 100770, addr: 202, data: c000697c70)
             exe-1049896 [002] ..... 1634955.116265: sys_ptrace -> 0x0
             exe-1049896 [002] ..... 1634955.116269: sys_ptrace(request: 4205, pid: 100770, addr: 1, data: c000697c70)
             exe-1049896 [002] ..... 1634955.116271: sys_ptrace -> 0x0
             exe-1049896 [002] ..... 1634955.116272: sys_ptrace(request: 4205, pid: 100770, addr: 202, data: c000697c70)
             exe-1049896 [002] ..... 1634955.116278: sys_ptrace -> 0x0
             exe-1049896 [002] ..... 1634955.116280: sys_ptrace(request: 1f, pid: 100770, addr: 0, data: 0)
             exe-1049673 [000] ..... 1634955.116283: sys_nanosleep -> 0x0
             exe-1049673 [000] ..... 1634955.116285: sys_nanosleep(rqtp: c000069f10, rmtp: 0)
             exe-1049896 [002] ..... 1634955.116285: sys_ptrace -> 0x0
             exe-1049896 [002] ..... 1634955.116287: sys_wait4(upid: 100770, stat_addr: c000697bf4, options: 40000002, ru: 0)
             exe-1050480 [001] ..... 1634955.116297: sys_kcmp -> 0xffffffffffffffff
             exe-1049896 [002] ..... 1634955.116311: sys_wait4 -> 0x100770
             exe-1049896 [002] ..... 1634955.116313: sys_ptrace(request: 4204, pid: 100770, addr: 1, data: c000697c70)
             exe-1049896 [002] ..... 1634955.116315: sys_ptrace -> 0x0
             exe-1049896 [002] ..... 1634955.116316: sys_ptrace(request: 4204, pid: 100770, addr: 202, data: c000697c70)
             exe-1049896 [002] ..... 1634955.116318: sys_ptrace -> 0x0
             exe-1049896 [002] ..... 1634955.116323: sys_pwrite64(fd: 63, buf: 7fd66ee27080, count: 3c, pos: 3e)
             exe-1049896 [002] ..... 1634955.116324: tracing_mark_write: kcmp(pid1=49719, pid2=1, type=0x0, idx1=-7, idx2=0xc632) end
             exe-1049896 [002] ..... 1634955.188732: tracing_mark_write: kcmp(pid1=0, pid2=1, type=0x0, idx1=178, idx2=0x8b543000) start
             exe-1049896 [002] ..... 1634955.188734: sys_pwrite64 -> 0x3f
             exe-1049567 [003] ..... 1634955.188779: sys_nanosleep -> 0x0
             exe-1049567 [003] ..... 1634955.188781: sys_nanosleep(rqtp: c000069f10, rmtp: 0)
             exe-1049896 [002] ..... 1634955.188810: sys_ptrace(request: 4205, pid: 100770, addr: 1, data: c000697c70)
             exe-1049896 [002] ..... 1634955.188815: sys_ptrace -> 0x0
             exe-1049896 [002] ..... 1634955.188816: sys_ptrace(request: 4205, pid: 100770, addr: 202, data: c000697c70)
             exe-1049896 [002] ..... 1634955.188829: sys_ptrace -> 0x0
             exe-1049896 [002] ..... 1634955.188831: sys_ptrace(request: 1f, pid: 100770, addr: 0, data: 0)
             exe-1049896 [002] ..... 1634955.188845: sys_ptrace -> 0x0
             exe-1049896 [002] ..... 1634955.188848: sys_wait4(upid: 100770, stat_addr: c000697bf4, options: 40000002, ru: 0)
             exe-1049567 [003] ..... 1634955.188865: sys_nanosleep -> 0x0
             exe-1050480 [001] ..... 1634955.188866: sys_write -> 0x3f
             exe-1049567 [003] ..... 1634955.188867: sys_nanosleep(rqtp: c000069f10, rmtp: 0)
             exe-1049896 [002] ..... 1634955.188920: sys_wait4 -> 0x100770
             exe-1049896 [002] ..... 1634955.188925: sys_ptrace(request: 4204, pid: 100770, addr: 1, data: c000697c70)
             exe-1049896 [002] ..... 1634955.188930: sys_ptrace -> 0x0
             exe-1049896 [002] ..... 1634955.188932: sys_ptrace(request: 4204, pid: 100770, addr: 202, data: c000697c70)
             exe-1049896 [002] ..... 1634955.188934: sys_ptrace -> 0x0
             exe-1049896 [002] ..... 1634955.188942: sys_ptrace(request: 4205, pid: 100770, addr: 1, data: c000697c70)
             exe-1049896 [002] ..... 1634955.188945: sys_ptrace -> 0x0
             exe-1049896 [002] ..... 1634955.188947: sys_ptrace(request: 4205, pid: 100770, addr: 202, data: c000697c70)
             exe-1049567 [003] ..... 1634955.188952: sys_nanosleep -> 0x0
             exe-1049567 [003] ..... 1634955.188954: sys_nanosleep(rqtp: c000069f10, rmtp: 0)
             exe-1049896 [002] ..... 1634955.188958: sys_ptrace -> 0x0
             exe-1049896 [002] ..... 1634955.188960: sys_ptrace(request: 1f, pid: 100770, addr: 0, data: 0)
             exe-1050480 [001] ..... 1634955.188974: sys_kcmp -> 0xffffffffffffffff
             exe-1049896 [002] .N... 1634955.188989: sys_ptrace -> 0x0
             exe-1049896 [002] ..... 1634955.189033: sys_wait4(upid: 100770, stat_addr: c000697bf4, options: 40000002, ru: 0)
             exe-1049896 [002] ..... 1634955.189036: sys_wait4 -> 0x100770
             exe-1049567 [003] ..... 1634955.189037: sys_nanosleep -> 0x0
             exe-1049896 [002] ..... 1634955.189039: sys_ptrace(request: 4204, pid: 100770, addr: 1, data: c000697c70)
             exe-1049567 [003] ..... 1634955.189039: sys_nanosleep(rqtp: c000069f10, rmtp: 0)
             exe-1049896 [002] ..... 1634955.189043: sys_ptrace -> 0x0
             exe-1049896 [002] ..... 1634955.189044: sys_ptrace(request: 4204, pid: 100770, addr: 202, data: c000697c70)
             exe-1049896 [002] ..... 1634955.189047: sys_ptrace -> 0x0
             exe-1049896 [002] ..... 1634955.189061: sys_pwrite64(fd: 63, buf: 7fd66ee27080, count: 3d, pos: 3f)
             exe-1049896 [002] ..... 1634955.189063: tracing_mark_write: kcmp(pid1=0, pid2=1, type=0x0, idx1=178, idx2=0x8b543000) end
             exe-1049896 [002] ..... 1634955.252001: tracing_mark_write: kcmp(pid1=1, pid2=49719, type=0x0, idx1=0xff57, idx2=4096) start
             exe-1049567 [003] ..... 1634955.252002: sys_nanosleep(rqtp: c000069f10, rmtp: 0)
             exe-1049896 [002] ..... 1634955.252002: sys_pwrite64 -> 0x40
             exe-1049896 [002] ..... 1634955.252009: sys_ptrace(request: 4205, pid: 100770, addr: 1, data: c000697c70)
             exe-1049896 [002] ..... 1634955.252012: sys_ptrace -> 0x0
             exe-1049896 [002] ..... 1634955.252013: sys_ptrace(request: 4205, pid: 100770, addr: 202, data: c000697c70)
             exe-1049896 [002] ..... 1634955.252085: sys_ptrace -> 0x0
             exe-1049896 [002] ..... 1634955.252089: sys_ptrace(request: 1f, pid: 100770, addr: 0, data: 0)
             exe-1049567 [003] ..... 1634955.252094: sys_nanosleep -> 0x0
             exe-1049567 [003] ..... 1634955.252096: sys_nanosleep(rqtp: c000069f10, rmtp: 0)
             exe-1049896 [002] ..... 1634955.252098: sys_ptrace -> 0x0
             exe-1049896 [002] ..... 1634955.252101: sys_wait4(upid: 100770, stat_addr: c000697bf4, options: 40000002, ru: 0)
             exe-1050480 [000] ..... 1634955.252103: sys_write -> 0x40
             exe-1049896 [002] ..... 1634955.252116: sys_wait4 -> 0x100770
             exe-1049896 [002] ..... 1634955.252119: sys_ptrace(request: 4204, pid: 100770, addr: 1, data: c000697c70)
             exe-1049896 [002] ..... 1634955.252122: sys_ptrace -> 0x0
             exe-1049896 [002] ..... 1634955.252124: sys_ptrace(request: 4204, pid: 100770, addr: 202, data: c000697c70)
             exe-1049896 [002] ..... 1634955.252126: sys_ptrace -> 0x0
             exe-1049896 [002] ..... 1634955.252133: sys_ptrace(request: 4205, pid: 100770, addr: 1, data: c000697c70)
             exe-1049896 [002] ..... 1634955.252135: sys_ptrace -> 0x0
             exe-1049567 [003] ..... 1634955.252187: sys_nanosleep -> 0x0
             exe-1049567 [003] ..... 1634955.252190: sys_nanosleep(rqtp: c000069f10, rmtp: 0)
             exe-1049896 [002] ..... 1634955.252192: sys_ptrace(request: 4205, pid: 100770, addr: 202, data: c000697c70)
             exe-1049896 [002] ..... 1634955.252204: sys_ptrace -> 0x0
             exe-1049896 [002] ..... 1634955.252206: sys_ptrace(request: 1f, pid: 100770, addr: 0, data: 0)
             exe-1049896 [002] ..... 1634955.252214: sys_ptrace -> 0x0
             exe-1050480 [000] ..... 1634955.252216: sys_kcmp -> 0xffffffffffffffff
             exe-1049896 [002] ..... 1634955.252217: sys_wait4(upid: 100770, stat_addr: c000697bf4, options: 40000002, ru: 0)
             exe-1049896 [002] ..... 1634955.252219: sys_wait4 -> 0x100770
             exe-1049896 [002] ..... 1634955.252221: sys_ptrace(request: 4204, pid: 100770, addr: 1, data: c000697c70)
             exe-1049896 [002] ..... 1634955.252224: sys_ptrace -> 0x0
             exe-1049896 [002] ..... 1634955.252225: sys_ptrace(request: 4204, pid: 100770, addr: 202, data: c000697c70)
             exe-1049896 [002] ..... 1634955.252228: sys_ptrace -> 0x0
             exe-1049896 [002] ..... 1634955.252262: sys_pwrite64(fd: 63, buf: 7fd66ee27080, count: 3e, pos: 40)
             exe-1049567 [003] ..... 1634955.252281: sys_nanosleep -> 0x0
             exe-1049567 [003] ..... 1634955.252284: sys_nanosleep(rqtp: c000069f10, rmtp: 0)
             exe-1049896 [002] ..... 1634955.252300: tracing_mark_write: kcmp(pid1=1, pid2=49719, type=0x0, idx1=0xff57, idx2=4096) end
             exe-1049896 [002] ..... 1634955.320586: tracing_mark_write: kcmp(pid1=49719, pid2=0, type=0x0, idx1=74, idx2=0x7c7c7c7c) start
             exe-1049896 [002] ..... 1634955.320588: sys_pwrite64 -> 0x42
             exe-1049896 [002] ..... 1634955.320595: sys_ptrace(request: 4205, pid: 100770, addr: 1, data: c000697c70)
             exe-1049896 [002] ..... 1634955.320598: sys_ptrace -> 0x0
             exe-1049896 [002] ..... 1634955.320600: sys_ptrace(request: 4205, pid: 100770, addr: 202, data: c000697c70)
             exe-1049673 [001] ..... 1634955.320625: sys_nanosleep -> 0x0
             exe-1049673 [001] ..... 1634955.320627: sys_nanosleep(rqtp: c000069f10, rmtp: 0)
             exe-1049567 [003] ..... 1634955.320645: sys_nanosleep -> 0x0
             exe-1049567 [003] ..... 1634955.320647: sys_nanosleep(rqtp: c000069f10, rmtp: 0)
             exe-1049896 [002] ..... 1634955.320677: sys_ptrace -> 0x0
             exe-1049896 [002] ..... 1634955.320682: sys_ptrace(request: 1f, pid: 100770, addr: 0, data: 0)
             exe-1049896 [002] ..... 1634955.320692: sys_ptrace -> 0x0
             exe-1049896 [002] ..... 1634955.320695: sys_wait4(upid: 100770, stat_addr: c000697bf4, options: 40000002, ru: 0)
             exe-1050480 [000] ..... 1634955.320698: sys_write -> 0x42
             exe-1049673 [001] ..... 1634955.320713: sys_nanosleep -> 0x0
             exe-1049896 [002] ..... 1634955.320713: sys_wait4 -> 0x100770
             exe-1049673 [001] ..... 1634955.320715: sys_nanosleep(rqtp: c000069f10, rmtp: 0)
             exe-1049896 [002] ..... 1634955.320716: sys_ptrace(request: 4204, pid: 100770, addr: 1, data: c000697c70)
             exe-1049567 [003] ..... 1634955.320736: sys_nanosleep -> 0x0
             exe-1049567 [003] ..... 1634955.320739: sys_nanosleep(rqtp: c000069f10, rmtp: 0)
             exe-1049896 [002] .N... 1634955.320739: sys_ptrace -> 0x0
             exe-1049896 [002] ..... 1634955.320780: sys_ptrace(request: 4204, pid: 100770, addr: 202, data: c000697c70)
             exe-1049896 [002] ..... 1634955.320785: sys_ptrace -> 0x0
             exe-1049896 [002] ..... 1634955.320793: sys_ptrace(request: 4205, pid: 100770, addr: 1, data: c000697c70)
             exe-1049896 [002] ..... 1634955.320795: sys_ptrace -> 0x0
             exe-1049896 [002] ..... 1634955.320797: sys_ptrace(request: 4205, pid: 100770, addr: 202, data: c000697c70)
             exe-1049673 [001] ..... 1634955.320801: sys_nanosleep -> 0x0
             exe-1049673 [001] ..... 1634955.320803: sys_nanosleep(rqtp: c000069f10, rmtp: 0)
             exe-1049896 [002] ..... 1634955.320808: sys_ptrace -> 0x0
             exe-1049896 [002] ..... 1634955.320809: sys_ptrace(request: 1f, pid: 100770, addr: 0, data: 0)
             exe-1049896 [002] ..... 1634955.320819: sys_ptrace -> 0x0
             exe-1050480 [000] ..... 1634955.320821: sys_kcmp -> 0xffffffffffffffff
             exe-1049896 [002] ..... 1634955.320822: sys_wait4(upid: 100770, stat_addr: c000697bf4, options: 40000002, ru: 0)
             exe-1049896 [002] ..... 1634955.320824: sys_wait4 -> 0x100770
             exe-1049896 [002] ..... 1634955.320826: sys_ptrace(request: 4204, pid: 100770, addr: 1, data: c000697c70)
             exe-1049567 [003] ..... 1634955.320828: sys_nanosleep -> 0x0
             exe-1049567 [003] ..... 1634955.320830: sys_nanosleep(rqtp: c000069f10, rmtp: 0)
             exe-1049673 [001] ..... 1634955.320889: sys_nanosleep -> 0x0
             exe-1049896 [002] ..... 1634955.320890: sys_ptrace -> 0x0
             exe-1049673 [001] ..... 1634955.320891: sys_nanosleep(rqtp: c000069f10, rmtp: 0)
             exe-1049896 [002] ..... 1634955.320895: sys_ptrace(request: 4204, pid: 100770, addr: 202, data: c000697c70)
             exe-1049896 [002] ..... 1634955.320899: sys_ptrace -> 0x0
             exe-1049896 [002] ..... 1634955.320914: sys_pwrite64(fd: 63, buf: 7fd66ee27080, count: 40, pos: 42)
             exe-1049896 [002] ..... 1634955.320916: tracing_mark_write: kcmp(pid1=49719, pid2=0, type=0x0, idx1=74, idx2=0x7c7c7c7c) end
             exe-1049896 [002] ..... 1634955.388543: tracing_mark_write: kcmp(pid1=0, pid2=0, type=0x0, idx1=0, idx2=0x1c000000) start
             exe-1049896 [002] ..... 1634955.388545: sys_pwrite64 -> 0x3d
             exe-1049896 [002] ..... 1634955.388552: sys_ptrace(request: 4205, pid: 100770, addr: 1, data: c000697c70)
             exe-1049896 [002] ..... 1634955.388555: sys_ptrace -> 0x0
             exe-1049896 [002] ..... 1634955.388557: sys_ptrace(request: 4205, pid: 100770, addr: 202, data: c000697c70)
             exe-1049567 [003] ..... 1634955.388594: sys_nanosleep -> 0x0
             exe-1049567 [003] ..... 1634955.388596: sys_nanosleep(rqtp: c000069f10, rmtp: 0)
             exe-1049673 [001] ..... 1634955.388607: sys_nanosleep -> 0x0
             exe-1049673 [001] ..... 1634955.388609: sys_nanosleep(rqtp: c000069f10, rmtp: 0)
             exe-1049896 [002] ..... 1634955.388635: sys_ptrace -> 0x0
             exe-1049896 [002] ..... 1634955.388639: sys_ptrace(request: 1f, pid: 100770, addr: 0, data: 0)
             exe-1049896 [002] ..... 1634955.388649: sys_ptrace -> 0x0
             exe-1049896 [002] ..... 1634955.388652: sys_wait4(upid: 100770, stat_addr: c000697bf4, options: 40000002, ru: 0)
             exe-1050480 [000] ..... 1634955.388653: sys_write -> 0x3d
             exe-1049896 [002] ..... 1634955.388669: sys_wait4 -> 0x100770
             exe-1049896 [002] ..... 1634955.388672: sys_ptrace(request: 4204, pid: 100770, addr: 1, data: c000697c70)
             exe-1049896 [002] ..... 1634955.388675: sys_ptrace -> 0x0
             exe-1049673 [001] ..... 1634955.388693: sys_nanosleep -> 0x0
             exe-1049673 [001] ..... 1634955.388695: sys_nanosleep(rqtp: c000069f10, rmtp: 0)
             exe-1049567 [003] ..... 1634955.388709: sys_nanosleep -> 0x0
             exe-1049567 [003] ..... 1634955.388711: sys_nanosleep(rqtp: c000069f10, rmtp: 0)
             exe-1049896 [002] ..... 1634955.388737: sys_ptrace(request: 4204, pid: 100770, addr: 202, data: c000697c70)
             exe-1049896 [002] ..... 1634955.388742: sys_ptrace -> 0x0
             exe-1049896 [002] ..... 1634955.388750: sys_ptrace(request: 4205, pid: 100770, addr: 1, data: c000697c70)
             exe-1049896 [002] ..... 1634955.388752: sys_ptrace -> 0x0
             exe-1049896 [002] ..... 1634955.388754: sys_ptrace(request: 4205, pid: 100770, addr: 202, data: c000697c70)
             exe-1049896 [002] ..... 1634955.388765: sys_ptrace -> 0x0
             exe-1049896 [002] ..... 1634955.388767: sys_ptrace(request: 1f, pid: 100770, addr: 0, data: 0)
             exe-1049896 [002] ..... 1634955.388776: sys_ptrace -> 0x0
             exe-1050480 [000] ..... 1634955.388777: sys_kcmp -> 0xffffffffffffffff
             exe-1049673 [001] ..... 1634955.388779: sys_nanosleep -> 0x0
             exe-1049896 [002] ..... 1634955.388779: sys_wait4(upid: 100770, stat_addr: c000697bf4, options: 40000002, ru: 0)
             exe-1049673 [001] ..... 1634955.388781: sys_nanosleep(rqtp: c000069f10, rmtp: 0)
             exe-1049896 [002] ..... 1634955.388781: sys_wait4 -> 0x100770
             exe-1049896 [002] .N... 1634955.388805: sys_ptrace(request: 4204, pid: 100770, addr: 1, data: c000697c70)
             exe-1049896 [002] ..... 1634955.388847: sys_ptrace -> 0x0
             exe-1049896 [002] ..... 1634955.388852: sys_ptrace(request: 4204, pid: 100770, addr: 202, data: c000697c70)
             exe-1049567 [003] ..... 1634955.388855: sys_nanosleep -> 0x0
             exe-1049896 [002] ..... 1634955.388856: sys_ptrace -> 0x0
             exe-1049567 [003] ..... 1634955.388857: sys_nanosleep(rqtp: c000069f10, rmtp: 0)
             exe-1049673 [001] ..... 1634955.388865: sys_nanosleep -> 0x0
             exe-1049673 [001] ..... 1634955.388867: sys_nanosleep(rqtp: c000069f10, rmtp: 0)
             exe-1049896 [002] ..... 1634955.388871: sys_pwrite64(fd: 63, buf: 7fd66ee27080, count: 3b, pos: 3d)
             exe-1049896 [002] ..... 1634955.388873: tracing_mark_write: kcmp(pid1=0, pid2=0, type=0x0, idx1=0, idx2=0x1c000000) end
             exe-1049896 [002] ..... 1634955.451011: tracing_mark_write: kcmp(pid1=1, pid2=49719, type=0x0, idx1=0xb632f166cf7ead, idx2=0xfffb575fbebfdeee) start
             exe-1049896 [002] ..... 1634955.451013: sys_pwrite64 -> 0x58
             exe-1049896 [002] ..... 1634955.451023: sys_ptrace(request: 4205, pid: 100770, addr: 1, data: c000697c70)
             exe-1049896 [002] ..... 1634955.451028: sys_ptrace -> 0x0
             exe-1049896 [002] ..... 1634955.451030: sys_ptrace(request: 4205, pid: 100770, addr: 202, data: c000697c70)
             exe-1049673 [001] ..... 1634955.451041: sys_nanosleep -> 0x0
             exe-1049673 [001] ..... 1634955.451044: sys_nanosleep(rqtp: c000069f10, rmtp: 0)
             exe-1049896 [002] ..... 1634955.451119: sys_ptrace -> 0x0
             exe-1049896 [002] ..... 1634955.451123: sys_ptrace(request: 1f, pid: 100770, addr: 0, data: 0)
             exe-1049896 [002] ..... 1634955.451131: sys_ptrace -> 0x0
             exe-1049896 [002] ..... 1634955.451134: sys_wait4(upid: 100770, stat_addr: c000697bf4, options: 40000002, ru: 0)
             exe-1049673 [001] ..... 1634955.451134: sys_nanosleep -> 0x0
             exe-1049673 [001] ..... 1634955.451136: sys_nanosleep(rqtp: c000069f10, rmtp: 0)
             exe-1050480 [002] ..... 1634955.451150: sys_write -> 0x58
             exe-1049673 [001] ..... 1634955.451226: sys_nanosleep -> 0x0
             exe-1049673 [001] ..... 1634955.451228: sys_nanosleep(rqtp: c000069f10, rmtp: 0)
             exe-1049896 [002] ..... 1634955.451240: sys_wait4 -> 0x100770
             exe-1049896 [002] ..... 1634955.451246: sys_ptrace(request: 4204, pid: 100770, addr: 1, data: c000697c70)
             exe-1049896 [002] ..... 1634955.451251: sys_ptrace -> 0x0
             exe-1049896 [002] ..... 1634955.451252: sys_ptrace(request: 4204, pid: 100770, addr: 202, data: c000697c70)
             exe-1049896 [002] ..... 1634955.451255: sys_ptrace -> 0x0
             exe-1049896 [002] ..... 1634955.451263: sys_ptrace(request: 4205, pid: 100770, addr: 1, data: c000697c70)
             exe-1049896 [002] ..... 1634955.451265: sys_ptrace -> 0x0
             exe-1049896 [002] ..... 1634955.451268: sys_ptrace(request: 4205, pid: 100770, addr: 202, data: c000697c70)
             exe-1049896 [002] ..... 1634955.451279: sys_ptrace -> 0x0
             exe-1049896 [002] ..... 1634955.451281: sys_ptrace(request: 1f, pid: 100770, addr: 0, data: 0)
             exe-1049896 [002] .N... 1634955.451310: sys_ptrace -> 0x0
             exe-1049673 [001] ..... 1634955.451318: sys_nanosleep -> 0x0
             exe-1049673 [001] ..... 1634955.451320: sys_nanosleep(rqtp: c000069f10, rmtp: 0)
             exe-1050480 [002] ..... 1634955.451352: sys_kcmp -> 0xffffffffffffffff
             exe-1049896 [002] ..... 1634955.451380: sys_wait4(upid: 100770, stat_addr: c000697bf4, options: 40000002, ru: 0)
             exe-1049896 [002] ..... 1634955.451383: sys_wait4 -> 0x100770
             exe-1049896 [002] ..... 1634955.451386: sys_ptrace(request: 4204, pid: 100770, addr: 1, data: c000697c70)
             exe-1049896 [002] ..... 1634955.451391: sys_ptrace -> 0x0
             exe-1049896 [002] ..... 1634955.451392: sys_ptrace(request: 4204, pid: 100770, addr: 202, data: c000697c70)
             exe-1049896 [002] ..... 1634955.451396: sys_ptrace -> 0x0
             exe-1049673 [001] ..... 1634955.451411: sys_nanosleep -> 0x0
             exe-1049673 [001] ..... 1634955.451413: sys_nanosleep(rqtp: c000069f10, rmtp: 0)
             exe-1049896 [002] ..... 1634955.451485: sys_pwrite64(fd: 63, buf: 7fd66ee27080, count: 56, pos: 58)
             exe-1049896 [002] ..... 1634955.451488: tracing_mark_write: kcmp(pid1=1, pid2=49719, type=0x0, idx1=0xb632f166cf7ead, idx2=0xfffb575fbebfdeee) end
             exe-1049896 [002] ..... 1634955.518121: tracing_mark_write: kcmp(pid1=1, pid2=0, type=0x0, idx1=1, idx2=2849) start
             exe-1049896 [002] ..... 1634955.518123: sys_pwrite64 -> 0x37
             exe-1049896 [002] ..... 1634955.518133: sys_ptrace(request: 4205, pid: 100770, addr: 1, data: c000697c70)
             exe-1049896 [002] ..... 1634955.518138: sys_ptrace -> 0x0
             exe-1049896 [002] ..... 1634955.518139: sys_ptrace(request: 4205, pid: 100770, addr: 202, data: c000697c70)
             exe-1049567 [003] ..... 1634955.518192: sys_nanosleep -> 0x0
             exe-1049567 [003] ..... 1634955.518194: sys_nanosleep(rqtp: c000069f10, rmtp: 0)
             exe-1049896 [002] ..... 1634955.518228: sys_ptrace -> 0x0
             exe-1049896 [002] ..... 1634955.518233: sys_ptrace(request: 1f, pid: 100770, addr: 0, data: 0)
             exe-1049896 [002] .N... 1634955.518241: sys_ptrace -> 0x0
             exe-1050480 [002] ..... 1634955.518254: sys_write -> 0x37
             exe-1049567 [003] ..... 1634955.518286: sys_nanosleep -> 0x0
             exe-1049567 [003] ..... 1634955.518288: sys_nanosleep(rqtp: c000069f10, rmtp: 0)
             exe-1050008 [002] ..... 1634955.518345: sys_epoll_pwait -> 0x0
             exe-1050008 [002] ..... 1634955.518360: sys_futex(uaddr: c0049c7148, op: 81, val: 1, utime: 0, uaddr2: 0, val3: 0)
             exe-1050008 [002] ..... 1634955.518376: sys_futex -> 0x1
             exe-1050008 [002] ..... 1634955.518391: sys_epoll_pwait(epfd: 11, events: c000a2d840, maxevents: 80, timeout: 9, sigmask: 0, sigsetsize: 0)
             exe-1049567 [003] ..... 1634955.518402: sys_nanosleep -> 0x0
             exe-1049567 [003] ..... 1634955.518404: sys_nanosleep(rqtp: c000069f10, rmtp: 0)
             exe-1050282 [000] ..... 1634955.518411: sys_futex -> 0x0
             exe-1050282 [000] ..... 1634955.518420: sys_futex(uaddr: c0049c7148, op: 80, val: 0, utime: 0, uaddr2: 0, val3: 0)
             exe-1049896 [002] ..... 1634955.518464: sys_wait4(upid: 100770, stat_addr: c000697bf4, options: 40000002, ru: 0)
             exe-1049896 [002] ..... 1634955.518467: sys_wait4 -> 0x100770
             exe-1049896 [002] ..... 1634955.518470: sys_ptrace(request: 4204, pid: 100770, addr: 1, data: c000697c70)
             exe-1049896 [002] ..... 1634955.518475: sys_ptrace -> 0x0
             exe-1049896 [002] ..... 1634955.518476: sys_ptrace(request: 4204, pid: 100770, addr: 202, data: c000697c70)
             exe-1049896 [002] ..... 1634955.518479: sys_ptrace -> 0x0
             exe-1049896 [002] ..... 1634955.518487: sys_ptrace(request: 4205, pid: 100770, addr: 1, data: c000697c70)
             exe-1049896 [002] ..... 1634955.518489: sys_ptrace -> 0x0
             exe-1049896 [002] ..... 1634955.518491: sys_ptrace(request: 4205, pid: 100770, addr: 202, data: c000697c70)
             exe-1049896 [002] ..... 1634955.518503: sys_ptrace -> 0x0
             exe-1049896 [002] ..... 1634955.518505: sys_ptrace(request: 1f, pid: 100770, addr: 0, data: 0)
             exe-1049896 [002] .N... 1634955.518535: sys_ptrace -> 0x0
             exe-1049567 [003] ..... 1634955.518556: sys_nanosleep -> 0x0
             exe-1049567 [003] ..... 1634955.518558: sys_nanosleep(rqtp: c000069f10, rmtp: 0)
             exe-1050480 [002] ..... 1634955.518578: sys_kcmp -> 0xffffffffffffffff
             exe-1049896 [002] ..... 1634955.518606: sys_wait4(upid: 100770, stat_addr: c000697bf4, options: 40000002, ru: 0)
             exe-1049896 [002] ..... 1634955.518610: sys_wait4 -> 0x100770
             exe-1049896 [002] ..... 1634955.518612: sys_ptrace(request: 4204, pid: 100770, addr: 1, data: c000697c70)
             exe-1049896 [002] ..... 1634955.518617: sys_ptrace -> 0x0
             exe-1049896 [002] ..... 1634955.518619: sys_ptrace(request: 4204, pid: 100770, addr: 202, data: c000697c70)
             exe-1049896 [002] ..... 1634955.518622: sys_ptrace -> 0x0
             exe-1049896 [002] ..... 1634955.518711: sys_pwrite64(fd: 63, buf: 7fd66ee27080, count: 35, pos: 37)
             exe-1049896 [002] ..... 1634955.518714: tracing_mark_write: kcmp(pid1=1, pid2=0, type=0x0, idx1=1, idx2=2849) end
             exe-1049896 [002] ..... 1634955.599790: tracing_mark_write: kcmp(pid1=0, pid2=1, type=0x0, idx1=0x16161616, idx2=0xa0000542) start
             exe-1049896 [002] ..... 1634955.599792: sys_pwrite64 -> 0x46
             exe-1049896 [002] ..... 1634955.599800: sys_ptrace(request: 4205, pid: 100770, addr: 1, data: c000697c70)
             exe-1049896 [002] ..... 1634955.599803: sys_ptrace -> 0x0
             exe-1049896 [002] ..... 1634955.599804: sys_ptrace(request: 4205, pid: 100770, addr: 202, data: c000697c70)
             exe-1049896 [002] ..... 1634955.599818: sys_ptrace -> 0x0
             exe-1049896 [002] ..... 1634955.599820: sys_ptrace(request: 1f, pid: 100770, addr: 0, data: 0)
             exe-1049673 [001] ..... 1634955.599823: sys_nanosleep -> 0x0
             exe-1049673 [001] ..... 1634955.599825: sys_nanosleep(rqtp: c000069f10, rmtp: 0)
             exe-1049896 [002] .N... 1634955.599827: sys_ptrace -> 0x0
             exe-1050480 [002] ..... 1634955.599838: sys_write -> 0x46
             exe-1049896 [002] ..... 1634955.599861: sys_wait4(upid: 100770, stat_addr: c000697bf4, options: 40000002, ru: 0)
             exe-1049896 [002] ..... 1634955.599864: sys_wait4 -> 0x100770
             exe-1049896 [002] ..... 1634955.599866: sys_ptrace(request: 4204, pid: 100770, addr: 1, data: c000697c70)
             exe-1049896 [002] ..... 1634955.599870: sys_ptrace -> 0x0
             exe-1049896 [002] ..... 1634955.599872: sys_ptrace(request: 4204, pid: 100770, addr: 202, data: c000697c70)
             exe-1049896 [002] ..... 1634955.599875: sys_ptrace -> 0x0
             exe-1049896 [002] ..... 1634955.599881: sys_ptrace(request: 4205, pid: 100770, addr: 1, data: c000697c70)
             exe-1049896 [002] ..... 1634955.599883: sys_ptrace -> 0x0
             exe-1049896 [002] ..... 1634955.599885: sys_ptrace(request: 4205, pid: 100770, addr: 202, data: c000697c70)
             exe-1049896 [002] ..... 1634955.599895: sys_ptrace -> 0x0
             exe-1049896 [002] ..... 1634955.599897: sys_ptrace(request: 1f, pid: 100770, addr: 0, data: 0)
             exe-1049896 [002] .N... 1634955.599904: sys_ptrace -> 0x0
             exe-1050480 [002] ..... 1634955.599915: sys_kcmp -> 0xffffffffffffffff
             exe-1049896 [002] ..... 1634955.599935: sys_wait4(upid: 100770, stat_addr: c000697bf4, options: 40000002, ru: 0)
             exe-1049896 [002] ..... 1634955.599938: sys_wait4 -> 0x100770
             exe-1049896 [002] ..... 1634955.599940: sys_ptrace(request: 4204, pid: 100770, addr: 1, data: c000697c70)
             exe-1049896 [002] ..... 1634955.599944: sys_ptrace -> 0x0
             exe-1049896 [002] ..... 1634955.599946: sys_ptrace(request: 4204, pid: 100770, addr: 202, data: c000697c70)
             exe-1049896 [002] ..... 1634955.599948: sys_ptrace -> 0x0
             exe-1049673 [001] ..... 1634955.599950: sys_nanosleep -> 0x0
             exe-1049673 [001] ..... 1634955.599953: sys_nanosleep(rqtp: c000069f10, rmtp: 0)
             exe-1049896 [002] ..... 1634955.599958: sys_pwrite64(fd: 63, buf: 7fd66ee27080, count: 44, pos: 46)
             exe-1049896 [002] ..... 1634955.599960: tracing_mark_write: kcmp(pid1=0, pid2=1, type=0x0, idx1=0x16161616, idx2=0xa0000542) end
             exe-1049896 [002] ..... 1634955.678985: tracing_mark_write: kcmp(pid1=0, pid2=1, type=0x0, idx1=-8, idx2=0x8000000) start
             exe-1049896 [002] ..... 1634955.678987: sys_pwrite64 -> 0x3d
             exe-1049896 [002] ..... 1634955.678994: sys_ptrace(request: 4205, pid: 100770, addr: 1, data: c000697c70)
             exe-1049896 [002] ..... 1634955.678997: sys_ptrace -> 0x0
             exe-1049896 [002] ..... 1634955.678998: sys_ptrace(request: 4205, pid: 100770, addr: 202, data: c000697c70)
             exe-1049896 [002] ..... 1634955.679010: sys_ptrace -> 0x0
             exe-1049896 [002] ..... 1634955.679011: sys_ptrace(request: 1f, pid: 100770, addr: 0, data: 0)
             exe-1049896 [002] .N... 1634955.679018: sys_ptrace -> 0x0
             exe-1049673 [000] ..... 1634955.679026: sys_nanosleep -> 0x0
             exe-1049673 [000] ..... 1634955.679028: sys_nanosleep(rqtp: c000069f10, rmtp: 0)
             exe-1050480 [002] ..... 1634955.679030: sys_write -> 0x3d
             exe-1049896 [002] ..... 1634955.679051: sys_wait4(upid: 100770, stat_addr: c000697bf4, options: 40000002, ru: 0)
             exe-1049896 [002] ..... 1634955.679054: sys_wait4 -> 0x100770
             exe-1049896 [002] ..... 1634955.679056: sys_ptrace(request: 4204, pid: 100770, addr: 1, data: c000697c70)
             exe-1049896 [002] ..... 1634955.679059: sys_ptrace -> 0x0
             exe-1049896 [002] ..... 1634955.679061: sys_ptrace(request: 4204, pid: 100770, addr: 202, data: c000697c70)
             exe-1049896 [002] ..... 1634955.679063: sys_ptrace -> 0x0
             exe-1049896 [002] ..... 1634955.679069: sys_ptrace(request: 4205, pid: 100770, addr: 1, data: c000697c70)
             exe-1049896 [002] ..... 1634955.679072: sys_ptrace -> 0x0
             exe-1049896 [002] ..... 1634955.679073: sys_ptrace(request: 4205, pid: 100770, addr: 202, data: c000697c70)
             exe-1049896 [002] ..... 1634955.679083: sys_ptrace -> 0x0
             exe-1049896 [002] ..... 1634955.679084: sys_ptrace(request: 1f, pid: 100770, addr: 0, data: 0)
             exe-1049567 [003] ..... 1634955.679089: sys_nanosleep -> 0x0
             exe-1049896 [002] .N... 1634955.679091: sys_ptrace -> 0x0
             exe-1049567 [003] ..... 1634955.679098: sys_nanosleep(rqtp: c000069f10, rmtp: 0)
             exe-1050480 [002] ..... 1634955.679101: sys_kcmp -> 0xffffffffffffffff
             exe-1049673 [000] ..... 1634955.679111: sys_nanosleep -> 0x0
             exe-1049673 [000] ..... 1634955.679113: sys_nanosleep(rqtp: c000069f10, rmtp: 0)
             exe-1049896 [002] ..... 1634955.679120: sys_wait4(upid: 100770, stat_addr: c000697bf4, options: 40000002, ru: 0)
             exe-1049896 [002] ..... 1634955.679122: sys_wait4 -> 0x100770
             exe-1049896 [002] ..... 1634955.679124: sys_ptrace(request: 4204, pid: 100770, addr: 1, data: c000697c70)
             exe-1049896 [002] ..... 1634955.679128: sys_ptrace -> 0x0
             exe-1049896 [002] ..... 1634955.679129: sys_ptrace(request: 4204, pid: 100770, addr: 202, data: c000697c70)
             exe-1049896 [002] ..... 1634955.679131: sys_ptrace -> 0x0
             exe-1049896 [002] ..... 1634955.679141: sys_pwrite64(fd: 63, buf: 7fd66ee27080, count: 3b, pos: 3d)
             exe-1049896 [002] ..... 1634955.679142: tracing_mark_write: kcmp(pid1=0, pid2=1, type=0x0, idx1=-8, idx2=0x8000000) end
             exe-1050282 [000] ..... 1634955.752075: tracing_mark_write: kcmp(pid1=0, pid2=0, type=0x0, idx1=0xcbb1, idx2=0x7df6cb37a7ad7561) start
             exe-1050282 [000] ..... 1634955.752076: sys_pwrite64 -> 0x4a
             exe-1050282 [000] ..... 1634955.752083: sys_ptrace(request: 4205, pid: 1006c5, addr: 1, data: c000697c70)
             exe-1050282 [000] ..... 1634955.752085: sys_ptrace -> 0x0
             exe-1050282 [000] ..... 1634955.752087: sys_ptrace(request: 4205, pid: 1006c5, addr: 202, data: c000697c70)
             exe-1049567 [003] ..... 1634955.752117: sys_nanosleep -> 0x0
             exe-1049673 [001] ..... 1634955.752119: sys_nanosleep -> 0x0
             exe-1049567 [003] ..... 1634955.752119: sys_nanosleep(rqtp: c000069f10, rmtp: 0)
             exe-1049673 [001] ..... 1634955.752121: sys_nanosleep(rqtp: c000069f10, rmtp: 0)
             exe-1050282 [000] ..... 1634955.752155: sys_ptrace -> 0x0
             exe-1050282 [000] ..... 1634955.752159: sys_ptrace(request: 1f, pid: 1006c5, addr: 0, data: 0)
             exe-1050282 [000] ..... 1634955.752164: sys_ptrace -> 0x0
             exe-1050282 [000] ..... 1634955.752167: sys_wait4(upid: 1006c5, stat_addr: c000697bf4, options: 40000002, ru: 0)
             exe-1050309 [000] ..... 1634955.752177: sys_write -> 0x4a
             exe-1050282 [000] ..... 1634955.752192: sys_wait4 -> 0x1006c5
             exe-1049567 [003] ..... 1634955.752210: sys_nanosleep -> 0x0
             exe-1049567 [003] ..... 1634955.752213: sys_nanosleep(rqtp: c000069f10, rmtp: 0)
             exe-1050282 [000] .N... 1634955.752216: sys_ptrace(request: 4204, pid: 1006c5, addr: 1, data: c000697c70)
             exe-1049673 [001] ..... 1634955.752220: sys_nanosleep -> 0x0
             exe-1049673 [001] ..... 1634955.752222: sys_nanosleep(rqtp: c000069f10, rmtp: 0)
             exe-1050282 [000] ..... 1634955.752248: sys_ptrace -> 0x0
             exe-1050282 [000] ..... 1634955.752252: sys_ptrace(request: 4204, pid: 1006c5, addr: 202, data: c000697c70)
             exe-1050282 [000] ..... 1634955.752255: sys_ptrace -> 0x0
             exe-1050282 [000] ..... 1634955.752262: sys_ptrace(request: 4205, pid: 1006c5, addr: 1, data: c000697c70)
             exe-1050282 [000] ..... 1634955.752263: sys_ptrace -> 0x0
             exe-1050282 [000] ..... 1634955.752264: sys_ptrace(request: 4205, pid: 1006c5, addr: 202, data: c000697c70)
             exe-1050282 [000] ..... 1634955.752273: sys_ptrace -> 0x0
             exe-1050282 [000] ..... 1634955.752274: sys_ptrace(request: 1f, pid: 1006c5, addr: 0, data: 0)
             exe-1050282 [000] ..... 1634955.752278: sys_ptrace -> 0x0
             exe-1050282 [000] ..... 1634955.752281: sys_wait4(upid: 1006c5, stat_addr: c000697bf4, options: 40000002, ru: 0)
             exe-1050309 [000] ..... 1634955.752291: sys_kcmp -> 0xffffffffffffffff
             exe-1049567 [003] ..... 1634955.752304: sys_nanosleep -> 0x0
             exe-1049567 [003] ..... 1634955.752306: sys_nanosleep(rqtp: c000069f10, rmtp: 0)
             exe-1049673 [001] ..... 1634955.752309: sys_nanosleep -> 0x0
             exe-1049673 [001] ..... 1634955.752311: sys_nanosleep(rqtp: c000069f10, rmtp: 0)
             exe-1050282 [000] ..... 1634955.752348: sys_wait4 -> 0x1006c5
             exe-1050282 [000] ..... 1634955.752353: sys_ptrace(request: 4204, pid: 1006c5, addr: 1, data: c000697c70)
             exe-1050282 [000] ..... 1634955.752356: sys_ptrace -> 0x0
             exe-1050282 [000] ..... 1634955.752357: sys_ptrace(request: 4204, pid: 1006c5, addr: 202, data: c000697c70)
             exe-1050282 [000] ..... 1634955.752359: sys_ptrace -> 0x0
             exe-1050282 [000] ..... 1634955.752370: sys_pwrite64(fd: 63, buf: 7fd66ee27080, count: 48, pos: 4a)
             exe-1050282 [000] ..... 1634955.752371: tracing_mark_write: kcmp(pid1=0, pid2=0, type=0x0, idx1=0xcbb1, idx2=0x7df6cb37a7ad7561) end
             exe-1050282 [001] ..... 1634955.827245: tracing_mark_write: kcmp(pid1=49719, pid2=0, type=0x0, idx1=0xb28a6cab194b, idx2=-28) start
             exe-1050282 [001] ..... 1634955.827247: sys_pwrite64 -> 0x47
             exe-1050282 [001] ..... 1634955.827255: sys_ptrace(request: 4205, pid: 1006c5, addr: 1, data: c000697c70)
             exe-1050282 [001] ..... 1634955.827258: sys_ptrace -> 0x0
             exe-1050282 [001] ..... 1634955.827259: sys_ptrace(request: 4205, pid: 1006c5, addr: 202, data: c000697c70)
             exe-1050282 [001] ..... 1634955.827281: sys_ptrace -> 0x0
             exe-1050282 [001] ..... 1634955.827283: sys_ptrace(request: 1f, pid: 1006c5, addr: 0, data: 0)
             exe-1050282 [001] ..... 1634955.827290: sys_ptrace -> 0x0
             exe-1050282 [001] ..... 1634955.827292: sys_wait4(upid: 1006c5, stat_addr: c000697bf4, options: 40000002, ru: 0)
             exe-1050309 [000] ..... 1634955.827302: sys_write -> 0x47
             exe-1049673 [001] ..... 1634955.827308: sys_nanosleep -> 0x0
             exe-1049567 [003] ..... 1634955.827312: sys_nanosleep -> 0x0
             exe-1049567 [003] ..... 1634955.827315: sys_nanosleep(rqtp: c000069f10, rmtp: 0)
             exe-1049673 [001] ..... 1634955.827326: sys_futex(uaddr: 1f09dc0, op: 80, val: 0, utime: c000069eb0, uaddr2: 0, val3: 0)
             exe-1050282 [001] ..... 1634955.827343: sys_wait4 -> 0x1006c5
             exe-1050282 [001] ..... 1634955.827347: sys_ptrace(request: 4204, pid: 1006c5, addr: 1, data: c000697c70)
             exe-1050282 [001] ..... 1634955.827352: sys_ptrace -> 0x0
             exe-1050282 [001] ..... 1634955.827353: sys_ptrace(request: 4204, pid: 1006c5, addr: 202, data: c000697c70)
             exe-1050282 [001] ..... 1634955.827356: sys_ptrace -> 0x0
             exe-1050282 [001] ..... 1634955.827363: sys_ptrace(request: 4205, pid: 1006c5, addr: 1, data: c000697c70)
             exe-1050282 [001] ..... 1634955.827365: sys_ptrace -> 0x0
             exe-1050282 [001] ..... 1634955.827367: sys_ptrace(request: 4205, pid: 1006c5, addr: 202, data: c000697c70)
             exe-1050282 [001] ..... 1634955.827380: sys_ptrace -> 0x0
             exe-1050282 [001] ..... 1634955.827382: sys_ptrace(request: 1f, pid: 1006c5, addr: 0, data: 0)
             exe-1050282 [001] ..... 1634955.827386: sys_ptrace -> 0x0
             exe-1050282 [001] ..... 1634955.827389: sys_wait4(upid: 1006c5, stat_addr: c000697bf4, options: 40000002, ru: 0)
             exe-1050309 [000] ..... 1634955.827398: sys_kcmp -> 0xffffffffffffffff
             exe-1050282 [001] ..... 1634955.827427: sys_wait4 -> 0x1006c5
             exe-1050282 [001] ..... 1634955.827429: sys_ptrace(request: 4204, pid: 1006c5, addr: 1, data: c000697c70)
             exe-1050282 [001] ..... 1634955.827432: sys_ptrace -> 0x0
             exe-1050282 [001] ..... 1634955.827433: sys_ptrace(request: 4204, pid: 1006c5, addr: 202, data: c000697c70)
             exe-1050282 [001] ..... 1634955.827436: sys_ptrace -> 0x0
             exe-1050282 [001] ..... 1634955.827447: sys_pwrite64(fd: 63, buf: 7fd66ee27080, count: 45, pos: 47)
             exe-1050282 [001] ..... 1634955.827449: tracing_mark_write: kcmp(pid1=49719, pid2=0, type=0x0, idx1=0xb28a6cab194b, idx2=-28) end
             exe-1050282 [001] ..... 1634955.897687: tracing_mark_write: kcmp(pid1=1, pid2=0, type=0x0, idx1=0x5a5a5a5a, idx2=32) start
             exe-1050282 [001] ..... 1634955.897689: sys_pwrite64 -> 0x3e
             exe-1049712 [002] ..... 1634955.897691: sys_futex -> 0x0
             exe-1050282 [001] ..... 1634955.897693: sys_ptrace(request: 4205, pid: 1006c5, addr: 1, data: c000697c70)
             exe-1050282 [001] ..... 1634955.897696: sys_ptrace -> 0x0
             exe-1049712 [002] ..... 1634955.897697: sys_futex(uaddr: c0002dcd48, op: 80, val: 0, utime: 0, uaddr2: 0, val3: 0)
             exe-1050282 [001] ..... 1634955.897697: sys_ptrace(request: 4205, pid: 1006c5, addr: 202, data: c000697c70)
             exe-1049673 [002] ..... 1634955.897704: sys_nanosleep(rqtp: c000069f10, rmtp: 0)
             exe-1050282 [001] ..... 1634955.897704: sys_ptrace -> 0x0
             exe-1050282 [001] ..... 1634955.897706: sys_ptrace(request: 1f, pid: 1006c5, addr: 0, data: 0)
             exe-1050282 [001] ..... 1634955.897712: sys_ptrace -> 0x0
             exe-1050282 [001] ..... 1634955.897714: sys_wait4(upid: 1006c5, stat_addr: c000697bf4, options: 40000002, ru: 0)
             exe-1050309 [002] ..... 1634955.897730: sys_write -> 0x3e
             exe-1050282 [001] ..... 1634955.897755: sys_wait4 -> 0x1006c5
             exe-1050282 [001] ..... 1634955.897758: sys_ptrace(request: 4204, pid: 1006c5, addr: 1, data: c000697c70)
             exe-1050282 [001] ..... 1634955.897761: sys_ptrace -> 0x0
             exe-1050282 [001] ..... 1634955.897762: sys_ptrace(request: 4204, pid: 1006c5, addr: 202, data: c000697c70)
             exe-1050282 [001] ..... 1634955.897764: sys_ptrace -> 0x0
             exe-1050282 [001] ..... 1634955.897769: sys_ptrace(request: 4205, pid: 1006c5, addr: 1, data: c000697c70)
             exe-1050282 [001] ..... 1634955.897771: sys_ptrace -> 0x0
             exe-1050282 [001] ..... 1634955.897772: sys_ptrace(request: 4205, pid: 1006c5, addr: 202, data: c000697c70)
             exe-1050282 [001] ..... 1634955.897780: sys_ptrace -> 0x0
             exe-1050282 [001] ..... 1634955.897781: sys_ptrace(request: 1f, pid: 1006c5, addr: 0, data: 0)
             exe-1049567 [003] ..... 1634955.897783: sys_nanosleep -> 0x0
             exe-1049567 [003] ..... 1634955.897786: sys_nanosleep(rqtp: c000069f10, rmtp: 0)
             exe-1049673 [002] ..... 1634955.897807: sys_nanosleep -> 0x0
             exe-1050282 [001] ..... 1634955.897811: sys_ptrace -> 0x0
             exe-1050282 [001] ..... 1634955.897814: sys_wait4(upid: 1006c5, stat_addr: c000697bf4, options: 40000002, ru: 0)
             exe-1050309 [002] ..... 1634955.897828: sys_kcmp -> 0xffffffffffffffff
             exe-1049673 [002] ..... 1634955.897863: sys_futex(uaddr: 1f09dc0, op: 80, val: 0, utime: c000069eb0, uaddr2: 0, val3: 0)
             exe-1050282 [001] ..... 1634955.897869: sys_wait4 -> 0x1006c5
             exe-1050282 [001] ..... 1634955.897871: sys_ptrace(request: 4204, pid: 1006c5, addr: 1, data: c000697c70)
