             exe-1050282 [001] ..... 1634955.897875: sys_ptrace -> 0x0
             exe-1050282 [001] ..... 1634955.897877: sys_ptrace(request: 4204, pid: 1006c5, addr: 202, data: c000697c70)
             exe-1050282 [001] ..... 1634955.897879: sys_ptrace -> 0x0
             exe-1050282 [001] ..... 1634955.897885: sys_pwrite64(fd: 63, buf: 7fd66ee27080, count: 3c, pos: 3e)
             exe-1050282 [001] ..... 1634955.897886: tracing_mark_write: kcmp(pid1=1, pid2=0, type=0x0, idx1=0x5a5a5a5a, idx2=32) end
             exe-1050282 [003] ..... 1634955.965525: tracing_mark_write: kcmp(pid1=49719, pid2=49719, type=0x0, idx1=0xffff, idx2=210) start
             exe-1049673 [002] ..... 1634955.965533: sys_nanosleep(rqtp: c000069f10, rmtp: 0)
             exe-1050282 [003] ..... 1634955.965539: sys_pwrite64 -> 0x43
             exe-1050282 [003] ..... 1634955.965544: sys_ptrace(request: 4205, pid: 1006c5, addr: 1, data: c000697c70)
             exe-1050282 [003] ..... 1634955.965546: sys_ptrace -> 0x0
             exe-1050282 [003] ..... 1634955.965547: sys_ptrace(request: 4205, pid: 1006c5, addr: 202, data: c000697c70)
             exe-1050282 [003] ..... 1634955.965555: sys_ptrace -> 0x0
             exe-1050282 [003] ..... 1634955.965556: sys_ptrace(request: 1f, pid: 1006c5, addr: 0, data: 0)
             exe-1050282 [003] ..... 1634955.965565: sys_ptrace -> 0x0
             exe-1050282 [003] ..... 1634955.965567: sys_wait4(upid: 1006c5, stat_addr: c000697bf4, options: 40000002, ru: 0)
             exe-1050309 [000] ..... 1634955.965598: sys_write -> 0x43
             exe-1050282 [003] ..... 1634955.965621: sys_wait4 -> 0x1006c5
             exe-1049673 [002] ..... 1634955.965635: sys_nanosleep -> 0x0
             exe-1049673 [002] ..... 1634955.965642: sys_futex(uaddr: 1f09dc0, op: 80, val: 0, utime: c000069eb0, uaddr2: 0, val3: 0)
             exe-1050282 [003] ..... 1634955.965650: sys_ptrace(request: 4204, pid: 1006c5, addr: 1, data: c000697c70)
             exe-1050282 [003] ..... 1634955.965653: sys_ptrace -> 0x0
             exe-1050282 [003] ..... 1634955.965654: sys_ptrace(request: 4204, pid: 1006c5, addr: 202, data: c000697c70)
             exe-1050282 [003] ..... 1634955.965656: sys_ptrace -> 0x0
             exe-1050282 [003] ..... 1634955.965660: sys_ptrace(request: 4205, pid: 1006c5, addr: 1, data: c000697c70)
             exe-1050282 [003] ..... 1634955.965662: sys_ptrace -> 0x0
             exe-1050282 [003] ..... 1634955.965663: sys_ptrace(request: 4205, pid: 1006c5, addr: 202, data: c000697c70)
             exe-1050282 [003] ..... 1634955.965671: sys_ptrace -> 0x0
             exe-1050282 [003] ..... 1634955.965673: sys_ptrace(request: 1f, pid: 1006c5, addr: 0, data: 0)
             exe-1050282 [003] ..... 1634955.965701: sys_ptrace -> 0x0
             exe-1050282 [003] ..... 1634955.965703: sys_wait4(upid: 1006c5, stat_addr: c000697bf4, options: 40000002, ru: 0)
             exe-1049567 [003] ..... 1634955.965709: sys_nanosleep -> 0x0
             exe-1049567 [003] ..... 1634955.965712: sys_nanosleep(rqtp: c000069f10, rmtp: 0)
             exe-1050309 [000] ..... 1634955.965717: sys_kcmp -> 0xffffffffffffffff
             exe-1050282 [003] ..... 1634955.965751: sys_wait4 -> 0x1006c5
             exe-1050282 [003] ..... 1634955.965753: sys_ptrace(request: 4204, pid: 1006c5, addr: 1, data: c000697c70)
             exe-1050282 [003] ..... 1634955.965755: sys_ptrace -> 0x0
             exe-1050282 [003] ..... 1634955.965757: sys_ptrace(request: 4204, pid: 1006c5, addr: 202, data: c000697c70)
             exe-1050282 [003] ..... 1634955.965759: sys_ptrace -> 0x0
             exe-1050282 [003] ..... 1634955.965765: sys_pwrite64(fd: 63, buf: 7fd66ee27080, count: 41, pos: 43)
             exe-1050282 [003] ..... 1634955.965767: tracing_mark_write: kcmp(pid1=49719, pid2=49719, type=0x0, idx1=0xffff, idx2=210) end
             exe-1050282 [003] ..... 1634956.048951: tracing_mark_write: kcmp(pid1=49719, pid2=0, type=0x0, idx1=0xfff8, idx2=0x5a5a5a5a) start
             exe-1050282 [003] ..... 1634956.048952: sys_pwrite64 -> 0x46
             exe-1050282 [003] ..... 1634956.048957: sys_ptrace(request: 4205, pid: 1006c5, addr: 1, data: c000697c70)
             exe-1050282 [003] ..... 1634956.048962: sys_ptrace -> 0x0
             exe-1050282 [003] ..... 1634956.048964: sys_ptrace(request: 4205, pid: 1006c5, addr: 202, data: c000697c70)
             exe-1050282 [003] ..... 1634956.048971: sys_ptrace -> 0x0
             exe-1050282 [003] ..... 1634956.048972: sys_ptrace(request: 1f, pid: 1006c5, addr: 0, data: 0)
             exe-1049567 [000] ..... 1634956.048997: sys_nanosleep -> 0x0
             exe-1050282 [003] ..... 1634956.049002: sys_ptrace -> 0x0
             exe-1050282 [003] ..... 1634956.049004: sys_wait4(upid: 1006c5, stat_addr: c000697bf4, options: 40000002, ru: 0)
             exe-1049567 [000] ..... 1634956.049017: sys_nanosleep(rqtp: c000069f10, rmtp: 0)
             exe-1049673 [001] ..... 1634956.049026: sys_nanosleep -> 0x0
             exe-1049673 [001] ..... 1634956.049031: sys_nanosleep(rqtp: c000069f10, rmtp: 0)
             exe-1050309 [000] ..... 1634956.049044: sys_write -> 0x46
             exe-1050282 [003] ..... 1634956.049070: sys_wait4 -> 0x1006c5
             exe-1050282 [003] ..... 1634956.049072: sys_ptrace(request: 4204, pid: 1006c5, addr: 1, data: c000697c70)
             exe-1050282 [003] ..... 1634956.049075: sys_ptrace -> 0x0
             exe-1050282 [003] ..... 1634956.049076: sys_ptrace(request: 4204, pid: 1006c5, addr: 202, data: c000697c70)
             exe-1050282 [003] ..... 1634956.049078: sys_ptrace -> 0x0
             exe-1050282 [003] ..... 1634956.049083: sys_ptrace(request: 4205, pid: 1006c5, addr: 1, data: c000697c70)
             exe-1050282 [003] ..... 1634956.049085: sys_ptrace -> 0x0
             exe-1050282 [003] ..... 1634956.049086: sys_ptrace(request: 4205, pid: 1006c5, addr: 202, data: c000697c70)
             exe-1050282 [003] ..... 1634956.049092: sys_ptrace -> 0x0
             exe-1050282 [003] ..... 1634956.049094: sys_ptrace(request: 1f, pid: 1006c5, addr: 0, data: 0)
             exe-1050282 [003] ..... 1634956.049099: sys_ptrace -> 0x0
             exe-1050282 [003] ..... 1634956.049101: sys_wait4(upid: 1006c5, stat_addr: c000697bf4, options: 40000002, ru: 0)
             exe-1049673 [001] ..... 1634956.049133: sys_nanosleep -> 0x0
             exe-1049567 [000] ..... 1634956.049142: sys_nanosleep -> 0x0
             exe-1049673 [001] ..... 1634956.049143: sys_nanosleep(rqtp: c000069f10, rmtp: 0)
             exe-1049567 [000] ..... 1634956.049148: sys_nanosleep(rqtp: c000069f10, rmtp: 0)
             exe-1050309 [000] ..... 1634956.049174: sys_kcmp -> 0xffffffffffffffff
             exe-1050282 [003] ..... 1634956.049199: sys_wait4 -> 0x1006c5
             exe-1050282 [003] ..... 1634956.049201: sys_ptrace(request: 4204, pid: 1006c5, addr: 1, data: c000697c70)
             exe-1050282 [003] ..... 1634956.049204: sys_ptrace -> 0x0
             exe-1050282 [003] ..... 1634956.049205: sys_ptrace(request: 4204, pid: 1006c5, addr: 202, data: c000697c70)
             exe-1050282 [003] ..... 1634956.049207: sys_ptrace -> 0x0
             exe-1050282 [003] ..... 1634956.049212: sys_pwrite64(fd: 63, buf: 7fd66ee27080, count: 44, pos: 46)
             exe-1050282 [003] ..... 1634956.049213: tracing_mark_write: kcmp(pid1=49719, pid2=0, type=0x0, idx1=0xfff8, idx2=0x5a5a5a5a) end
             exe-1050282 [001] ..... 1634956.116240: tracing_mark_write: kcmp(pid1=49719, pid2=49719, type=0x0, idx1=0xfffffff6, idx2=0x424320c120014e00) start
             exe-1050282 [001] ..... 1634956.116242: sys_pwrite64 -> 0x56
             exe-1050282 [001] ..... 1634956.116249: sys_ptrace(request: 4205, pid: 1006c5, addr: 1, data: c000697c70)
             exe-1050282 [001] ..... 1634956.116252: sys_ptrace -> 0x0
             exe-1050282 [001] ..... 1634956.116254: sys_ptrace(request: 4205, pid: 1006c5, addr: 202, data: c000697c70)
             exe-1050282 [001] ..... 1634956.116266: sys_ptrace -> 0x0
             exe-1050282 [001] ..... 1634956.116267: sys_ptrace(request: 1f, pid: 1006c5, addr: 0, data: 0)
             exe-1050282 [001] ..... 1634956.116280: sys_ptrace -> 0x0
             exe-1050282 [001] ..... 1634956.116283: sys_wait4(upid: 1006c5, stat_addr: c000697bf4, options: 40000002, ru: 0)
             exe-1049673 [001] ..... 1634956.116302: sys_nanosleep -> 0x0
             exe-1049673 [001] ..... 1634956.116309: sys_nanosleep(rqtp: c000069f10, rmtp: 0)
             exe-1050309 [000] ..... 1634956.116317: sys_write -> 0x56
             exe-1050282 [001] ..... 1634956.116348: sys_wait4 -> 0x1006c5
             exe-1050282 [001] ..... 1634956.116354: sys_ptrace(request: 4204, pid: 1006c5, addr: 1, data: c000697c70)
             exe-1050282 [001] ..... 1634956.116360: sys_ptrace -> 0x0
             exe-1050282 [001] ..... 1634956.116362: sys_ptrace(request: 4204, pid: 1006c5, addr: 202, data: c000697c70)
             exe-1050282 [001] ..... 1634956.116366: sys_ptrace -> 0x0
             exe-1050282 [001] ..... 1634956.116375: sys_ptrace(request: 4205, pid: 1006c5, addr: 1, data: c000697c70)
             exe-1050282 [001] ..... 1634956.116379: sys_ptrace -> 0x0
             exe-1050282 [001] ..... 1634956.116380: sys_ptrace(request: 4205, pid: 1006c5, addr: 202, data: c000697c70)
             exe-1050282 [001] ..... 1634956.116422: sys_ptrace -> 0x0
             exe-1050282 [001] ..... 1634956.116424: sys_ptrace(request: 1f, pid: 1006c5, addr: 0, data: 0)
             exe-1050282 [001] ..... 1634956.116435: sys_ptrace -> 0x0
             exe-1050282 [001] ..... 1634956.116438: sys_wait4(upid: 1006c5, stat_addr: c000697bf4, options: 40000002, ru: 0)
             exe-1049673 [001] ..... 1634956.116456: sys_nanosleep -> 0x0
             exe-1049673 [001] ..... 1634956.116463: sys_nanosleep(rqtp: c000069f10, rmtp: 0)
             exe-1050309 [000] ..... 1634956.116471: sys_kcmp -> 0xffffffffffffffff
             exe-1050282 [001] ..... 1634956.116502: sys_wait4 -> 0x1006c5
             exe-1050282 [001] ..... 1634956.116508: sys_ptrace(request: 4204, pid: 1006c5, addr: 1, data: c000697c70)
             exe-1050282 [001] ..... 1634956.116514: sys_ptrace -> 0x0
             exe-1050282 [001] ..... 1634956.116517: sys_ptrace(request: 4204, pid: 1006c5, addr: 202, data: c000697c70)
             exe-1050282 [001] ..... 1634956.116520: sys_ptrace -> 0x0
             exe-1050282 [001] ..... 1634956.116566: sys_pwrite64(fd: 63, buf: 7fd66ee27080, count: 54, pos: 56)
             exe-1050282 [001] ..... 1634956.116568: tracing_mark_write: kcmp(pid1=49719, pid2=49719, type=0x0, idx1=0xfffffff6, idx2=0x424320c120014e00) end
             exe-1050282 [002] ..... 1634956.186508: tracing_mark_write: kcmp(pid1=0, pid2=49719, type=0x0, idx1=-9, idx2=-571) start
             exe-1050282 [002] ..... 1634956.186510: sys_pwrite64 -> 0x3c
             exe-1050282 [002] ..... 1634956.186517: sys_ptrace(request: 4205, pid: 1006c5, addr: 1, data: c000697c70)
             exe-1050282 [002] ..... 1634956.186520: sys_ptrace -> 0x0
             exe-1050282 [002] ..... 1634956.186521: sys_ptrace(request: 4205, pid: 1006c5, addr: 202, data: c000697c70)
             exe-1050282 [002] ..... 1634956.186538: sys_ptrace -> 0x0
             exe-1050282 [002] ..... 1634956.186540: sys_ptrace(request: 1f, pid: 1006c5, addr: 0, data: 0)
             exe-1050282 [002] ..... 1634956.186549: sys_ptrace -> 0x0
             exe-1050282 [002] ..... 1634956.186551: sys_wait4(upid: 1006c5, stat_addr: c000697bf4, options: 40000002, ru: 0)
             exe-1050309 [002] ..... 1634956.186564: sys_write -> 0x3c
             exe-1050282 [002] ..... 1634956.186584: sys_wait4 -> 0x1006c5
             exe-1050282 [002] ..... 1634956.186588: sys_ptrace(request: 4204, pid: 1006c5, addr: 1, data: c000697c70)
             exe-1050282 [002] ..... 1634956.186592: sys_ptrace -> 0x0
             exe-1050282 [002] ..... 1634956.186593: sys_ptrace(request: 4204, pid: 1006c5, addr: 202, data: c000697c70)
             exe-1050282 [002] ..... 1634956.186596: sys_ptrace -> 0x0
             exe-1050282 [002] ..... 1634956.186602: sys_ptrace(request: 4205, pid: 1006c5, addr: 1, data: c000697c70)
             exe-1050282 [002] ..... 1634956.186604: sys_ptrace -> 0x0
             exe-1050282 [002] ..... 1634956.186605: sys_ptrace(request: 4205, pid: 1006c5, addr: 202, data: c000697c70)
             exe-1050282 [002] ..... 1634956.186616: sys_ptrace -> 0x0
             exe-1050282 [002] ..... 1634956.186618: sys_ptrace(request: 1f, pid: 1006c5, addr: 0, data: 0)
             exe-1050282 [002] ..... 1634956.186623: sys_ptrace -> 0x0
             exe-1050282 [002] ..... 1634956.186625: sys_wait4(upid: 1006c5, stat_addr: c000697bf4, options: 40000002, ru: 0)
             exe-1050309 [002] ..... 1634956.186638: sys_kcmp -> 0xffffffffffffffff
             exe-1050282 [002] ..... 1634956.186657: sys_wait4 -> 0x1006c5
             exe-1050282 [002] ..... 1634956.186661: sys_ptrace(request: 4204, pid: 1006c5, addr: 1, data: c000697c70)
             exe-1050282 [002] ..... 1634956.186665: sys_ptrace -> 0x0
             exe-1050282 [002] ..... 1634956.186666: sys_ptrace(request: 4204, pid: 1006c5, addr: 202, data: c000697c70)
             exe-1050282 [002] ..... 1634956.186669: sys_ptrace -> 0x0
             exe-1050282 [002] ..... 1634956.186677: sys_pwrite64(fd: 63, buf: 7fd66ee27080, count: 3a, pos: 3c)
             exe-1050282 [002] ..... 1634956.186679: tracing_mark_write: kcmp(pid1=0, pid2=49719, type=0x0, idx1=-9, idx2=-571) end
             exe-1050282 [002] ..... 1634956.265626: tracing_mark_write: kcmp(pid1=0, pid2=0, type=0x0, idx1=0, idx2=210) start
             exe-1050282 [002] ..... 1634956.265628: sys_pwrite64 -> 0x36
             exe-1050282 [002] ..... 1634956.265636: sys_ptrace(request: 4205, pid: 1006c5, addr: 1, data: c000697c70)
             exe-1050282 [002] ..... 1634956.265638: sys_ptrace -> 0x0
             exe-1050282 [002] ..... 1634956.265640: sys_ptrace(request: 4205, pid: 1006c5, addr: 202, data: c000697c70)
             exe-1050282 [002] ..... 1634956.265651: sys_ptrace -> 0x0
             exe-1050282 [002] ..... 1634956.265653: sys_ptrace(request: 1f, pid: 1006c5, addr: 0, data: 0)
             exe-1050282 [002] .N... 1634956.265660: sys_ptrace -> 0x0
             exe-1050309 [002] ..... 1634956.265672: sys_write -> 0x36
             exe-1050282 [002] ..... 1634956.265693: sys_wait4(upid: 1006c5, stat_addr: c000697bf4, options: 40000002, ru: 0)
             exe-1050282 [002] ..... 1634956.265695: sys_wait4 -> 0x1006c5
             exe-1050282 [002] ..... 1634956.265698: sys_ptrace(request: 4204, pid: 1006c5, addr: 1, data: c000697c70)
             exe-1050282 [002] ..... 1634956.265702: sys_ptrace -> 0x0
             exe-1050282 [002] ..... 1634956.265703: sys_ptrace(request: 4204, pid: 1006c5, addr: 202, data: c000697c70)
             exe-1050282 [002] ..... 1634956.265706: sys_ptrace -> 0x0
             exe-1050282 [002] ..... 1634956.265712: sys_ptrace(request: 4205, pid: 1006c5, addr: 1, data: c000697c70)
             exe-1050282 [002] ..... 1634956.265714: sys_ptrace -> 0x0
             exe-1050282 [002] ..... 1634956.265716: sys_ptrace(request: 4205, pid: 1006c5, addr: 202, data: c000697c70)
             exe-1050282 [002] ..... 1634956.265726: sys_ptrace -> 0x0
             exe-1050282 [002] ..... 1634956.265727: sys_ptrace(request: 1f, pid: 1006c5, addr: 0, data: 0)
             exe-1050282 [002] .N... 1634956.265734: sys_ptrace -> 0x0
             exe-1050309 [002] ..... 1634956.265745: sys_kcmp -> 0xffffffffffffffff
             exe-1050282 [002] ..... 1634956.265764: sys_wait4(upid: 1006c5, stat_addr: c000697bf4, options: 40000002, ru: 0)
             exe-1050282 [002] ..... 1634956.265766: sys_wait4 -> 0x1006c5
             exe-1050282 [002] ..... 1634956.265769: sys_ptrace(request: 4204, pid: 1006c5, addr: 1, data: c000697c70)
             exe-1050282 [002] ..... 1634956.265772: sys_ptrace -> 0x0
             exe-1050282 [002] ..... 1634956.265774: sys_ptrace(request: 4204, pid: 1006c5, addr: 202, data: c000697c70)
             exe-1050282 [002] ..... 1634956.265776: sys_ptrace -> 0x0
             exe-1050282 [002] ..... 1634956.265786: sys_pwrite64(fd: 63, buf: 7fd66ee27080, count: 34, pos: 36)
             exe-1050282 [002] ..... 1634956.265787: tracing_mark_write: kcmp(pid1=0, pid2=0, type=0x0, idx1=0, idx2=210) end
             exe-1050282 [002] ..... 1634956.344793: tracing_mark_write: kcmp(pid1=49719, pid2=0, type=0x0, idx1=0x1002b5e28e038021, idx2=0x3445bc427e7a6539) start
             exe-1050282 [002] ..... 1634956.344795: sys_pwrite64 -> 0x5a
             exe-1050282 [002] ..... 1634956.344802: sys_ptrace(request: 4205, pid: 1006c5, addr: 1, data: c000697c70)
             exe-1050282 [002] ..... 1634956.344805: sys_ptrace -> 0x0
             exe-1050282 [002] ..... 1634956.344807: sys_ptrace(request: 4205, pid: 1006c5, addr: 202, data: c000697c70)
             exe-1050282 [002] ..... 1634956.344820: sys_ptrace -> 0x0
             exe-1050282 [002] ..... 1634956.344822: sys_ptrace(request: 1f, pid: 1006c5, addr: 0, data: 0)
             exe-1050282 [002] .N... 1634956.344830: sys_ptrace -> 0x0
             exe-1050309 [002] ..... 1634956.344841: sys_write -> 0x5a
             exe-1050282 [002] ..... 1634956.344861: sys_wait4(upid: 1006c5, stat_addr: c000697bf4, options: 40000002, ru: 0)
             exe-1050282 [002] ..... 1634956.344864: sys_wait4 -> 0x1006c5
             exe-1050282 [002] ..... 1634956.344866: sys_ptrace(request: 4204, pid: 1006c5, addr: 1, data: c000697c70)
             exe-1050282 [002] ..... 1634956.344869: sys_ptrace -> 0x0
             exe-1050282 [002] ..... 1634956.344871: sys_ptrace(request: 4204, pid: 1006c5, addr: 202, data: c000697c70)
             exe-1050282 [002] ..... 1634956.344873: sys_ptrace -> 0x0
             exe-1050282 [002] ..... 1634956.344880: sys_ptrace(request: 4205, pid: 1006c5, addr: 1, data: c000697c70)
             exe-1050282 [002] ..... 1634956.344883: sys_ptrace -> 0x0
             exe-1050282 [002] ..... 1634956.344884: sys_ptrace(request: 4205, pid: 1006c5, addr: 202, data: c000697c70)
             exe-1050282 [002] ..... 1634956.344893: sys_ptrace -> 0x0
             exe-1050282 [002] ..... 1634956.344895: sys_ptrace(request: 1f, pid: 1006c5, addr: 0, data: 0)
             exe-1050282 [002] .N... 1634956.344902: sys_ptrace -> 0x0
             exe-1050309 [002] ..... 1634956.344912: sys_kcmp -> 0xffffffffffffffff
             exe-1050282 [002] ..... 1634956.344930: sys_wait4(upid: 1006c5, stat_addr: c000697bf4, options: 40000002, ru: 0)
             exe-1050282 [002] ..... 1634956.344933: sys_wait4 -> 0x1006c5
             exe-1050282 [002] ..... 1634956.344935: sys_ptrace(request: 4204, pid: 1006c5, addr: 1, data: c000697c70)
             exe-1050282 [002] ..... 1634956.344939: sys_ptrace -> 0x0
             exe-1050282 [002] ..... 1634956.344940: sys_ptrace(request: 4204, pid: 1006c5, addr: 202, data: c000697c70)
             exe-1050282 [002] ..... 1634956.344943: sys_ptrace -> 0x0
             exe-1050282 [002] ..... 1634956.344952: sys_pwrite64(fd: 63, buf: 7fd66ee27080, count: 58, pos: 5a)
             exe-1050282 [002] ..... 1634956.344954: tracing_mark_write: kcmp(pid1=49719, pid2=0, type=0x0, idx1=0x1002b5e28e038021, idx2=0x3445bc427e7a6539) end
             exe-1050282 [002] ..... 1634956.446781: tracing_mark_write: kcmp(pid1=1, pid2=0, type=0x0, idx1=0x428349a37, idx2=32) start
             exe-1050282 [002] ..... 1634956.446783: sys_pwrite64 -> 0x3f
             exe-1050282 [002] ..... 1634956.446790: sys_ptrace(request: 4205, pid: 1006c5, addr: 1, data: c000697c70)
             exe-1050282 [002] ..... 1634956.446793: sys_ptrace -> 0x0
             exe-1050282 [002] ..... 1634956.446794: sys_ptrace(request: 4205, pid: 1006c5, addr: 202, data: c000697c70)
             exe-1050282 [002] ..... 1634956.446805: sys_ptrace -> 0x0
             exe-1050282 [002] ..... 1634956.446807: sys_ptrace(request: 1f, pid: 1006c5, addr: 0, data: 0)
             exe-1050282 [002] .N... 1634956.446843: sys_ptrace -> 0x0
             exe-1050309 [002] ..... 1634956.446884: sys_write -> 0x3f
             exe-1050282 [002] ..... 1634956.446912: sys_wait4(upid: 1006c5, stat_addr: c000697bf4, options: 40000002, ru: 0)
             exe-1050282 [002] ..... 1634956.446916: sys_wait4 -> 0x1006c5
             exe-1050282 [002] ..... 1634956.446919: sys_ptrace(request: 4204, pid: 1006c5, addr: 1, data: c000697c70)
             exe-1050282 [002] ..... 1634956.446924: sys_ptrace -> 0x0
             exe-1050282 [002] ..... 1634956.446926: sys_ptrace(request: 4204, pid: 1006c5, addr: 202, data: c000697c70)
             exe-1050282 [002] ..... 1634956.446929: sys_ptrace -> 0x0
             exe-1050282 [002] ..... 1634956.446976: sys_ptrace(request: 4205, pid: 1006c5, addr: 1, data: c000697c70)
             exe-1050282 [002] ..... 1634956.446979: sys_ptrace -> 0x0
             exe-1050282 [002] ..... 1634956.446981: sys_ptrace(request: 4205, pid: 1006c5, addr: 202, data: c000697c70)
             exe-1049673 [002] ..... 1634956.447033: sys_nanosleep -> 0x0
             exe-1049673 [002] ..... 1634956.447040: sys_nanosleep(rqtp: c000069f10, rmtp: 0)
             exe-1050282 [002] ..... 1634956.447067: sys_ptrace -> 0x0
             exe-1050282 [002] ..... 1634956.447072: sys_ptrace(request: 1f, pid: 1006c5, addr: 0, data: 0)
             exe-1050282 [002] .N... 1634956.447080: sys_ptrace -> 0x0
             exe-1050309 [002] ..... 1634956.447092: sys_kcmp -> 0xffffffffffffffff
             exe-1050282 [002] ..... 1634956.447117: sys_wait4(upid: 1006c5, stat_addr: c000697bf4, options: 40000002, ru: 0)
             exe-1050282 [002] ..... 1634956.447120: sys_wait4 -> 0x1006c5
             exe-1050282 [002] ..... 1634956.447122: sys_ptrace(request: 4204, pid: 1006c5, addr: 1, data: c000697c70)
             exe-1050282 [002] ..... 1634956.447127: sys_ptrace -> 0x0
             exe-1050282 [002] ..... 1634956.447128: sys_ptrace(request: 4204, pid: 1006c5, addr: 202, data: c000697c70)
             exe-1050282 [002] ..... 1634956.447131: sys_ptrace -> 0x0
             exe-1050282 [002] ..... 1634956.447147: sys_pwrite64(fd: 63, buf: 7fd66ee27080, count: 3d, pos: 3f)
             exe-1050282 [002] ..... 1634956.447150: tracing_mark_write: kcmp(pid1=1, pid2=0, type=0x0, idx1=0x428349a37, idx2=32) end
             exe-1050282 [002] ..... 1634956.518765: tracing_mark_write: kcmp(pid1=1, pid2=1, type=0x0, idx1=0x10000, idx2=0x9584) start
             exe-1050282 [002] ..... 1634956.518767: sys_pwrite64 -> 0x3f
             exe-1050282 [002] ..... 1634956.518775: sys_ptrace(request: 4205, pid: 1006c5, addr: 1, data: c000697c70)
             exe-1050282 [002] ..... 1634956.518778: sys_ptrace -> 0x0
             exe-1050282 [002] ..... 1634956.518779: sys_ptrace(request: 4205, pid: 1006c5, addr: 202, data: c000697c70)
             exe-1050282 [002] ..... 1634956.518798: sys_ptrace -> 0x0
             exe-1050282 [002] ..... 1634956.518800: sys_ptrace(request: 1f, pid: 1006c5, addr: 0, data: 0)
             exe-1050282 [002] .N... 1634956.518809: sys_ptrace -> 0x0
             exe-1050309 [002] ..... 1634956.518821: sys_write -> 0x3f
             exe-1050282 [002] ..... 1634956.518841: sys_wait4(upid: 1006c5, stat_addr: c000697bf4, options: 40000002, ru: 0)
             exe-1050282 [002] ..... 1634956.518844: sys_wait4 -> 0x1006c5
             exe-1050282 [002] ..... 1634956.518846: sys_ptrace(request: 4204, pid: 1006c5, addr: 1, data: c000697c70)
             exe-1050282 [002] ..... 1634956.518850: sys_ptrace -> 0x0
             exe-1050282 [002] ..... 1634956.518852: sys_ptrace(request: 4204, pid: 1006c5, addr: 202, data: c000697c70)
             exe-1050282 [002] ..... 1634956.518854: sys_ptrace -> 0x0
             exe-1050282 [002] ..... 1634956.518860: sys_ptrace(request: 4205, pid: 1006c5, addr: 1, data: c000697c70)
             exe-1050282 [002] ..... 1634956.518863: sys_ptrace -> 0x0
             exe-1050282 [002] ..... 1634956.518864: sys_ptrace(request: 4205, pid: 1006c5, addr: 202, data: c000697c70)
             exe-1050282 [002] ..... 1634956.518874: sys_ptrace -> 0x0
             exe-1050282 [002] ..... 1634956.518876: sys_ptrace(request: 1f, pid: 1006c5, addr: 0, data: 0)
             exe-1050282 [002] .N... 1634956.518883: sys_ptrace -> 0x0
             exe-1050309 [002] ..... 1634956.518893: sys_kcmp -> 0xffffffffffffffff
             exe-1050282 [002] ..... 1634956.518913: sys_wait4(upid: 1006c5, stat_addr: c000697bf4, options: 40000002, ru: 0)
             exe-1050282 [002] ..... 1634956.518915: sys_wait4 -> 0x1006c5
             exe-1050282 [002] ..... 1634956.518918: sys_ptrace(request: 4204, pid: 1006c5, addr: 1, data: c000697c70)
             exe-1050282 [002] ..... 1634956.518921: sys_ptrace -> 0x0
             exe-1050282 [002] ..... 1634956.518923: sys_ptrace(request: 4204, pid: 1006c5, addr: 202, data: c000697c70)
             exe-1050282 [002] ..... 1634956.518925: sys_ptrace -> 0x0
             exe-1050282 [002] ..... 1634956.518973: sys_pwrite64(fd: 63, buf: 7fd66ee27080, count: 3d, pos: 3f)
             exe-1050282 [002] ..... 1634956.518975: tracing_mark_write: kcmp(pid1=1, pid2=1, type=0x0, idx1=0x10000, idx2=0x9584) end
             exe-1050282 [002] ..... 1634956.578514: tracing_mark_write: kcmp(pid1=1, pid2=0, type=0x0, idx1=-7, idx2=0xb4b4b4b4) start
             exe-1050282 [002] ..... 1634956.578516: sys_pwrite64 -> 0x3e
             exe-1049673 [002] ..... 1634956.578595: sys_nanosleep -> 0x0
             exe-1049673 [002] ..... 1634956.578601: sys_nanosleep(rqtp: c000069f10, rmtp: 0)
             exe-1050282 [002] ..... 1634956.578621: sys_ptrace(request: 4205, pid: 1006c5, addr: 1, data: c000697c70)
             exe-1050282 [002] ..... 1634956.578626: sys_ptrace -> 0x0
             exe-1050282 [002] ..... 1634956.578628: sys_ptrace(request: 4205, pid: 1006c5, addr: 202, data: c000697c70)
             exe-1049673 [002] ..... 1634956.578714: sys_nanosleep -> 0x0
             exe-1049673 [002] ..... 1634956.578720: sys_nanosleep(rqtp: c000069f10, rmtp: 0)
             exe-1050282 [002] ..... 1634956.578738: sys_ptrace -> 0x0
             exe-1050282 [002] ..... 1634956.578742: sys_ptrace(request: 1f, pid: 1006c5, addr: 0, data: 0)
             exe-1050282 [002] .N... 1634956.578751: sys_ptrace -> 0x0
             exe-1050309 [002] ..... 1634956.578789: sys_write -> 0x3e
             exe-1049673 [002] ..... 1634956.578830: sys_nanosleep -> 0x0
             exe-1049673 [002] ..... 1634956.578835: sys_nanosleep(rqtp: c000069f10, rmtp: 0)
             exe-1050282 [002] ..... 1634956.578874: sys_wait4(upid: 1006c5, stat_addr: c000697bf4, options: 40000002, ru: 0)
             exe-1050282 [002] ..... 1634956.578877: sys_wait4 -> 0x1006c5
             exe-1049673 [002] ..... 1634956.579016: sys_nanosleep -> 0x0
             exe-1049673 [002] ..... 1634956.579022: sys_nanosleep(rqtp: c000069f10, rmtp: 0)
             exe-1049567 [000] ..... 1634956.579040: sys_nanosleep -> 0x0
             exe-1050282 [002] ..... 1634956.579042: sys_ptrace(request: 4204, pid: 1006c5, addr: 1, data: c000697c70)
             exe-1050282 [002] ..... 1634956.579049: sys_ptrace -> 0x0
             exe-1049567 [000] ..... 1634956.579049: sys_nanosleep(rqtp: c000069f10, rmtp: 0)
             exe-1050282 [002] ..... 1634956.579051: sys_ptrace(request: 4204, pid: 1006c5, addr: 202, data: c000697c70)
             exe-1050282 [002] ..... 1634956.579054: sys_ptrace -> 0x0
             exe-1050282 [002] ..... 1634956.579061: sys_ptrace(request: 4205, pid: 1006c5, addr: 1, data: c000697c70)
             exe-1050282 [002] ..... 1634956.579063: sys_ptrace -> 0x0
             exe-1050282 [002] ..... 1634956.579065: sys_ptrace(request: 4205, pid: 1006c5, addr: 202, data: c000697c70)
             exe-1049673 [002] ..... 1634956.579142: sys_nanosleep -> 0x0
             exe-1049673 [002] ..... 1634956.579148: sys_nanosleep(rqtp: c000069f10, rmtp: 0)
             exe-1050282 [002] ..... 1634956.579177: sys_ptrace -> 0x0
             exe-1050282 [002] ..... 1634956.579181: sys_ptrace(request: 1f, pid: 1006c5, addr: 0, data: 0)
             exe-1050282 [002] .N... 1634956.579190: sys_ptrace -> 0x0
             exe-1049673 [002] ..... 1634956.579268: sys_nanosleep -> 0x0
             exe-1049673 [002] ..... 1634956.579273: sys_nanosleep(rqtp: c000069f10, rmtp: 0)
           <...>-1082324 [001] ..... 1634956.579283: sys_select -> 0x1
           <...>-1082324 [001] ..... 1634956.579290: sys_rt_sigprocmask(how: 0, nset: 7ffc3b4d84a0, oset: 7ffc3b4d8420, sigsetsize: 8)
             exe-1050309 [002] ..... 1634956.579291: sys_kcmp -> 0xffffffffffffffff
           <...>-1082324 [001] ..... 1634956.579292: sys_rt_sigprocmask -> 0x0
           <...>-1082324 [001] ..... 1634956.579293: sys_rt_sigprocmask(how: 2, nset: 7ffc3b4d8420, oset: 0, sigsetsize: 8)
           <...>-1082324 [001] ..... 1634956.579294: sys_rt_sigprocmask -> 0x0
           <...>-1082324 [001] ..... 1634956.579299: sys_read(fd: a, buf: 7ffc3b4d4400, count: 4000)
           <...>-1082324 [001] ..... 1634956.579309: sys_read -> 0xd
             exe-1050282 [002] ..... 1634956.579315: sys_wait4(upid: 1006c5, stat_addr: c000697bf4, options: 40000002, ru: 0)
           <...>-1082324 [001] ..... 1634956.579316: sys_getpid()
           <...>-1082324 [001] ..... 1634956.579318: sys_getpid -> 0x1083d4
           <...>-1082324 [001] ..... 1634956.579324: sys_select(n: f, inp: 557dd72e5480, outp: 557dd72e8870, exp: 0, tvp: 0)
           <...>-1082324 [001] ..... 1634956.579327: sys_select -> 0x1
           <...>-1082324 [001] ..... 1634956.579329: sys_rt_sigprocmask(how: 0, nset: 7ffc3b4d84a0, oset: 7ffc3b4d8420, sigsetsize: 8)
           <...>-1082324 [001] ..... 1634956.579329: sys_rt_sigprocmask -> 0x0
           <...>-1082324 [001] ..... 1634956.579331: sys_rt_sigprocmask(how: 2, nset: 7ffc3b4d8420, oset: 0, sigsetsize: 8)
           <...>-1082324 [001] ..... 1634956.579331: sys_rt_sigprocmask -> 0x0
           <...>-1082324 [001] ..... 1634956.579333: sys_write(fd: 4, buf: 557dd7316110, count: 34)
             exe-1050282 [002] .N... 1634956.579349: sys_wait4 -> 0x1006c5
             exe-1049673 [002] ..... 1634956.579388: sys_nanosleep -> 0x0
             exe-1049673 [002] ..... 1634956.579394: sys_nanosleep(rqtp: c000069f10, rmtp: 0)
             exe-1050282 [002] ..... 1634956.579415: sys_ptrace(request: 4204, pid: 1006c5, addr: 1, data: c000697c70)
             exe-1050282 [002] ..... 1634956.579421: sys_ptrace -> 0x0
             exe-1050282 [002] ..... 1634956.579423: sys_ptrace(request: 4204, pid: 1006c5, addr: 202, data: c000697c70)
             exe-1050282 [002] ..... 1634956.579426: sys_ptrace -> 0x0
           <...>-1082324 [001] ..... 1634956.579452: sys_write -> 0x34
             exe-1091254 [000] ..... 1634956.579454: sys_futex -> 0xffffffffffffff92
           <...>-1082324 [001] ..... 1634956.579458: sys_select(n: f, inp: 557dd72e5480, outp: 557dd72e8870, exp: 0, tvp: 0)
             exe-1091254 [000] ..... 1634956.579467: sys_nanosleep(rqtp: c000069f10, rmtp: 0)
           <...>-1091880 [000] ..... 1634956.579501: sys_epoll_pwait -> 0x0
             exe-1049673 [002] ..... 1634956.579507: sys_nanosleep -> 0x0
             exe-1049673 [002] ..... 1634956.579513: sys_nanosleep(rqtp: c000069f10, rmtp: 0)
           <...>-1091880 [000] ..... 1634956.579519: sys_futex(uaddr: c000680148, op: 81, val: 1, utime: 0, uaddr2: 0, val3: 0)
           <...>-1091880 [000] ..... 1634956.579528: sys_futex -> 0x1
             exe-1050282 [002] ..... 1634956.579536: sys_pwrite64(fd: 63, buf: 7fd66ee27080, count: 3c, pos: 3e)
             exe-1050282 [002] ..... 1634956.579540: tracing_mark_write: kcmp(pid1=1, pid2=0, type=0x0, idx1=-7, idx2=0xb4b4b4b4) end
             exe-1050282 [002] ..... 1634956.644857: tracing_mark_write: kcmp(pid1=49719, pid2=49719, type=0x0, idx1=0xfffb, idx2=53) start
             exe-1050282 [002] ..... 1634956.644858: sys_pwrite64 -> 0x42
             exe-1049567 [000] ..... 1634956.644859: sys_nanosleep(rqtp: c000069f10, rmtp: 0)
             exe-1050282 [002] ..... 1634956.644866: sys_ptrace(request: 4205, pid: 1006c5, addr: 1, data: c000697c70)
             exe-1050282 [002] ..... 1634956.644869: sys_ptrace -> 0x0
             exe-1050282 [002] ..... 1634956.644870: sys_ptrace(request: 4205, pid: 1006c5, addr: 202, data: c000697c70)
             exe-1050282 [002] ..... 1634956.644882: sys_ptrace -> 0x0
             exe-1050282 [002] ..... 1634956.644884: sys_ptrace(request: 1f, pid: 1006c5, addr: 0, data: 0)
             exe-1050282 [002] .N... 1634956.644892: sys_ptrace -> 0x0
             exe-1050309 [002] ..... 1634956.644902: sys_write -> 0x42
             exe-1050282 [002] ..... 1634956.644921: sys_wait4(upid: 1006c5, stat_addr: c000697bf4, options: 40000002, ru: 0)
             exe-1050282 [002] ..... 1634956.644923: sys_wait4 -> 0x1006c5
             exe-1050282 [002] ..... 1634956.644925: sys_ptrace(request: 4204, pid: 1006c5, addr: 1, data: c000697c70)
             exe-1050282 [002] ..... 1634956.644929: sys_ptrace -> 0x0
             exe-1050282 [002] ..... 1634956.644930: sys_ptrace(request: 4204, pid: 1006c5, addr: 202, data: c000697c70)
             exe-1050282 [002] ..... 1634956.644933: sys_ptrace -> 0x0
             exe-1050282 [002] ..... 1634956.644939: sys_ptrace(request: 4205, pid: 1006c5, addr: 1, data: c000697c70)
             exe-1050282 [002] ..... 1634956.644941: sys_ptrace -> 0x0
             exe-1050282 [002] ..... 1634956.644943: sys_ptrace(request: 4205, pid: 1006c5, addr: 202, data: c000697c70)
             exe-1049567 [000] ..... 1634956.644950: sys_nanosleep -> 0x0
             exe-1050282 [002] ..... 1634956.644951: sys_ptrace -> 0x0
             exe-1049567 [000] ..... 1634956.644953: sys_nanosleep(rqtp: c000069f10, rmtp: 0)
             exe-1050282 [002] ..... 1634956.644953: sys_ptrace(request: 1f, pid: 1006c5, addr: 0, data: 0)
             exe-1050282 [002] .N... 1634956.644959: sys_ptrace -> 0x0
             exe-1050309 [002] ..... 1634956.644969: sys_kcmp -> 0xffffffffffffffff
             exe-1050282 [002] ..... 1634956.644987: sys_wait4(upid: 1006c5, stat_addr: c000697bf4, options: 40000002, ru: 0)
             exe-1050282 [002] ..... 1634956.644990: sys_wait4 -> 0x1006c5
             exe-1050282 [002] ..... 1634956.644992: sys_ptrace(request: 4204, pid: 1006c5, addr: 1, data: c000697c70)
             exe-1050282 [002] ..... 1634956.644995: sys_ptrace -> 0x0
             exe-1050282 [002] ..... 1634956.644997: sys_ptrace(request: 4204, pid: 1006c5, addr: 202, data: c000697c70)
             exe-1050282 [002] ..... 1634956.644999: sys_ptrace -> 0x0
             exe-1050282 [002] ..... 1634956.645008: sys_pwrite64(fd: 63, buf: 7fd66ee27080, count: 40, pos: 42)
             exe-1050282 [002] ..... 1634956.645009: tracing_mark_write: kcmp(pid1=49719, pid2=49719, type=0x0, idx1=0xfffb, idx2=53) end
             exe-1050282 [002] ..... 1634956.720440: tracing_mark_write: kcmp(pid1=1, pid2=49719, type=0x0, idx1=0x49d4355d0e2e87, idx2=0x739f) start
             exe-1050282 [002] ..... 1634956.720442: sys_pwrite64 -> 0x4c
             exe-1050282 [002] ..... 1634956.720449: sys_ptrace(request: 4205, pid: 1006c5, addr: 1, data: c000697c70)
             exe-1050282 [002] ..... 1634956.720451: sys_ptrace -> 0x0
             exe-1050282 [002] .N... 1634956.720478: sys_ptrace(request: 4205, pid: 1006c5, addr: 202, data: c000697c70)
             exe-1049673 [002] ..... 1634956.720489: sys_nanosleep -> 0x0
             exe-1049673 [002] ..... 1634956.720495: sys_nanosleep(rqtp: c000069f10, rmtp: 0)
             exe-1049567 [003] ..... 1634956.720512: sys_nanosleep -> 0x0
             exe-1049567 [003] ..... 1634956.720514: sys_nanosleep(rqtp: c000069f10, rmtp: 0)
             exe-1050282 [002] ..... 1634956.720527: sys_ptrace -> 0x0
             exe-1050282 [002] ..... 1634956.720532: sys_ptrace(request: 1f, pid: 1006c5, addr: 0, data: 0)
             exe-1050282 [002] .N... 1634956.720539: sys_ptrace -> 0x0
             exe-1050309 [002] ..... 1634956.720551: sys_write -> 0x4c
             exe-1049567 [003] ..... 1634956.720598: sys_nanosleep -> 0x0
             exe-1049567 [003] ..... 1634956.720600: sys_nanosleep(rqtp: c000069f10, rmtp: 0)
             exe-1049673 [002] ..... 1634956.720605: sys_nanosleep -> 0x0
             exe-1049673 [002] ..... 1634956.720611: sys_nanosleep(rqtp: c000069f10, rmtp: 0)
             exe-1050282 [002] ..... 1634956.720639: sys_wait4(upid: 1006c5, stat_addr: c000697bf4, options: 40000002, ru: 0)
             exe-1050282 [002] ..... 1634956.720641: sys_wait4 -> 0x1006c5
             exe-1050282 [002] ..... 1634956.720644: sys_ptrace(request: 4204, pid: 1006c5, addr: 1, data: c000697c70)
             exe-1050282 [002] ..... 1634956.720649: sys_ptrace -> 0x0
             exe-1050282 [002] ..... 1634956.720650: sys_ptrace(request: 4204, pid: 1006c5, addr: 202, data: c000697c70)
             exe-1050282 [002] ..... 1634956.720653: sys_ptrace -> 0x0
             exe-1050282 [002] ..... 1634956.720670: sys_ptrace(request: 4205, pid: 1006c5, addr: 1, data: c000697c70)
             exe-1050282 [002] ..... 1634956.720673: sys_ptrace -> 0x0
             exe-1050282 [002] ..... 1634956.720674: sys_ptrace(request: 4205, pid: 1006c5, addr: 202, data: c000697c70)
             exe-1049567 [003] ..... 1634956.720685: sys_nanosleep -> 0x0
             exe-1049567 [003] ..... 1634956.720687: sys_nanosleep(rqtp: c000069f10, rmtp: 0)
             exe-1049673 [002] ..... 1634956.720716: sys_nanosleep -> 0x0
             exe-1049673 [002] ..... 1634956.720722: sys_nanosleep(rqtp: c000069f10, rmtp: 0)
             exe-1050282 [002] ..... 1634956.720744: sys_ptrace -> 0x0
             exe-1050282 [002] ..... 1634956.720748: sys_ptrace(request: 1f, pid: 1006c5, addr: 0, data: 0)
             exe-1050282 [002] .N... 1634956.720755: sys_ptrace -> 0x0
             exe-1050309 [002] ..... 1634956.720767: sys_kcmp -> 0xffffffffffffffff
             exe-1049567 [003] ..... 1634956.720772: sys_nanosleep -> 0x0
             exe-1049567 [003] ..... 1634956.720774: sys_nanosleep(rqtp: c000069f10, rmtp: 0)
             exe-1050282 [002] ..... 1634956.720790: sys_wait4(upid: 1006c5, stat_addr: c000697bf4, options: 40000002, ru: 0)
             exe-1050282 [002] ..... 1634956.720793: sys_wait4 -> 0x1006c5
             exe-1049673 [002] ..... 1634956.720829: sys_nanosleep -> 0x0
             exe-1049673 [002] ..... 1634956.720835: sys_nanosleep(rqtp: c000069f10, rmtp: 0)
             exe-1049567 [003] ..... 1634956.720859: sys_nanosleep -> 0x0
             exe-1049567 [003] ..... 1634956.720861: sys_nanosleep(rqtp: c000069f10, rmtp: 0)
             exe-1050282 [002] ..... 1634956.720863: sys_ptrace(request: 4204, pid: 1006c5, addr: 1, data: c000697c70)
             exe-1050282 [002] ..... 1634956.720868: sys_ptrace -> 0x0
             exe-1050282 [002] ..... 1634956.720870: sys_ptrace(request: 4204, pid: 1006c5, addr: 202, data: c000697c70)
             exe-1050282 [002] ..... 1634956.720872: sys_ptrace -> 0x0
             exe-1049712 [000] ..... 1634956.720939: sys_futex -> 0x0
             exe-1049567 [003] ..... 1634956.720945: sys_nanosleep -> 0x0
             exe-1049567 [003] ..... 1634956.720947: sys_nanosleep(rqtp: c000069f10, rmtp: 0)
             exe-1049712 [000] ..... 1634956.720950: sys_futex(uaddr: c0002dcd48, op: 80, val: 0, utime: 0, uaddr2: 0, val3: 0)
             exe-1049673 [002] ..... 1634956.721001: sys_nanosleep -> 0x0
             exe-1049673 [002] ..... 1634956.721008: sys_futex(uaddr: 1f09dc0, op: 80, val: 0, utime: c000069eb0, uaddr2: 0, val3: 0)
             exe-1050282 [002] ..... 1634956.721031: sys_pwrite64(fd: 63, buf: 7fd66ee27080, count: 4a, pos: 4c)
             exe-1050282 [002] ..... 1634956.721034: tracing_mark_write: kcmp(pid1=1, pid2=49719, type=0x0, idx1=0x49d4355d0e2e87, idx2=0x739f) end
             exe-1050282 [003] ..... 1634956.794927: tracing_mark_write: kcmp(pid1=1, pid2=0, type=0x0, idx1=0x481e004c2020e008, idx2=0) start
             exe-1050282 [003] ..... 1634956.794928: sys_pwrite64 -> 0x45
             exe-1050282 [003] ..... 1634956.794933: sys_ptrace(request: 4205, pid: 1006c5, addr: 1, data: c000697c70)
             exe-1050282 [003] ..... 1634956.794963: sys_ptrace -> 0x0
             exe-1050282 [003] ..... 1634956.794964: sys_ptrace(request: 4205, pid: 1006c5, addr: 202, data: c000697c70)
             exe-1050282 [003] ..... 1634956.794972: sys_ptrace -> 0x0
             exe-1050282 [003] ..... 1634956.794974: sys_ptrace(request: 1f, pid: 1006c5, addr: 0, data: 0)
             exe-1050282 [003] ..... 1634956.794981: sys_ptrace -> 0x0
             exe-1050282 [003] ..... 1634956.794983: sys_wait4(upid: 1006c5, stat_addr: c000697bf4, options: 40000002, ru: 0)
             exe-1049673 [002] ..... 1634956.795011: sys_nanosleep -> 0x0
             exe-1049673 [002] ..... 1634956.795017: sys_nanosleep(rqtp: c000069f10, rmtp: 0)
             exe-1050309 [002] ..... 1634956.795036: sys_write -> 0x45
             exe-1050282 [003] ..... 1634956.795059: sys_wait4 -> 0x1006c5
             exe-1050282 [003] ..... 1634956.795061: sys_ptrace(request: 4204, pid: 1006c5, addr: 1, data: c000697c70)
             exe-1050282 [003] ..... 1634956.795064: sys_ptrace -> 0x0
             exe-1050282 [003] ..... 1634956.795065: sys_ptrace(request: 4204, pid: 1006c5, addr: 202, data: c000697c70)
             exe-1050282 [003] ..... 1634956.795067: sys_ptrace -> 0x0
             exe-1050282 [003] ..... 1634956.795072: sys_ptrace(request: 4205, pid: 1006c5, addr: 1, data: c000697c70)
             exe-1050282 [003] ..... 1634956.795074: sys_ptrace -> 0x0
             exe-1050282 [003] ..... 1634956.795075: sys_ptrace(request: 4205, pid: 1006c5, addr: 202, data: c000697c70)
             exe-1049567 [003] ..... 1634956.795099: sys_nanosleep -> 0x0
             exe-1049567 [003] ..... 1634956.795102: sys_nanosleep(rqtp: c000069f10, rmtp: 0)
             exe-1050282 [003] ..... 1634956.795111: sys_ptrace -> 0x0
             exe-1050282 [003] ..... 1634956.795113: sys_ptrace(request: 1f, pid: 1006c5, addr: 0, data: 0)
             exe-1050282 [003] ..... 1634956.795118: sys_ptrace -> 0x0
             exe-1050282 [003] ..... 1634956.795120: sys_wait4(upid: 1006c5, stat_addr: c000697bf4, options: 40000002, ru: 0)
             exe-1049673 [002] ..... 1634956.795139: sys_nanosleep -> 0x0
             exe-1049673 [002] ..... 1634956.795145: sys_nanosleep(rqtp: c000069f10, rmtp: 0)
             exe-1050309 [002] ..... 1634956.795162: sys_kcmp -> 0xffffffffffffffff
             exe-1050282 [003] ..... 1634956.795187: sys_wait4 -> 0x1006c5
             exe-1050282 [003] ..... 1634956.795189: sys_ptrace(request: 4204, pid: 1006c5, addr: 1, data: c000697c70)
             exe-1050282 [003] ..... 1634956.795225: sys_ptrace -> 0x0
             exe-1050282 [003] ..... 1634956.795227: sys_ptrace(request: 4204, pid: 1006c5, addr: 202, data: c000697c70)
             exe-1050282 [003] ..... 1634956.795229: sys_ptrace -> 0x0
             exe-1050282 [003] ..... 1634956.795235: sys_pwrite64(fd: 63, buf: 7fd66ee27080, count: 43, pos: 45)
             exe-1050282 [003] ..... 1634956.795236: tracing_mark_write: kcmp(pid1=1, pid2=0, type=0x0, idx1=0x481e004c2020e008, idx2=0) end
             exe-1050282 [003] ..... 1634956.857634: tracing_mark_write: kcmp(pid1=49719, pid2=0, type=0x0, idx1=0x400000100, idx2=0xffffff92) start
             exe-1050282 [003] ..... 1634956.857636: sys_pwrite64 -> 0x4b
             exe-1049567 [003] ..... 1634956.857659: sys_nanosleep -> 0x0
             exe-1049567 [003] ..... 1634956.857662: sys_nanosleep(rqtp: c000069f10, rmtp: 0)
             exe-1050282 [003] ..... 1634956.857675: sys_ptrace(request: 4205, pid: 1006c5, addr: 1, data: c000697c70)
             exe-1050282 [003] ..... 1634956.857688: sys_ptrace -> 0x0
             exe-1050282 [003] ..... 1634956.857690: sys_ptrace(request: 4205, pid: 1006c5, addr: 202, data: c000697c70)
             exe-1049673 [002] ..... 1634956.857692: sys_nanosleep(rqtp: c000069f10, rmtp: 0)
             exe-1050282 [003] ..... 1634956.857697: sys_ptrace -> 0x0
             exe-1050282 [003] ..... 1634956.857699: sys_ptrace(request: 1f, pid: 1006c5, addr: 0, data: 0)
             exe-1050282 [003] ..... 1634956.857704: sys_ptrace -> 0x0
             exe-1050282 [003] ..... 1634956.857705: sys_wait4(upid: 1006c5, stat_addr: c000697bf4, options: 40000002, ru: 0)
             exe-1050309 [002] ..... 1634956.857719: sys_write -> 0x4b
             exe-1049567 [003] ..... 1634956.857814: sys_nanosleep -> 0x0
             exe-1049567 [003] ..... 1634956.857817: sys_nanosleep(rqtp: c000069f10, rmtp: 0)
             exe-1050282 [003] ..... 1634956.857832: sys_wait4 -> 0x1006c5
             exe-1050282 [003] ..... 1634956.857835: sys_ptrace(request: 4204, pid: 1006c5, addr: 1, data: c000697c70)
             exe-1049673 [002] ..... 1634956.857842: sys_nanosleep -> 0x0
             exe-1050282 [003] ..... 1634956.857842: sys_ptrace -> 0x0
             exe-1050282 [003] ..... 1634956.857844: sys_ptrace(request: 4204, pid: 1006c5, addr: 202, data: c000697c70)
             exe-1050282 [003] ..... 1634956.857846: sys_ptrace -> 0x0
             exe-1050282 [003] ..... 1634956.857851: sys_ptrace(request: 4205, pid: 1006c5, addr: 1, data: c000697c70)
             exe-1050282 [003] ..... 1634956.857853: sys_ptrace -> 0x0
             exe-1050282 [003] ..... 1634956.857855: sys_ptrace(request: 4205, pid: 1006c5, addr: 202, data: c000697c70)
             exe-1050282 [003] ..... 1634956.857861: sys_ptrace -> 0x0
             exe-1050282 [003] ..... 1634956.857863: sys_ptrace(request: 1f, pid: 1006c5, addr: 0, data: 0)
             exe-1050282 [003] ..... 1634956.857871: sys_ptrace -> 0x0
             exe-1050282 [003] ..... 1634956.857873: sys_wait4(upid: 1006c5, stat_addr: c000697bf4, options: 40000002, ru: 0)
             exe-1050309 [002] ..... 1634956.857939: sys_kcmp -> 0xffffffffffffffff
             exe-1050282 [003] ..... 1634956.857960: sys_wait4 -> 0x1006c5
             exe-1050282 [003] ..... 1634956.857962: sys_ptrace(request: 4204, pid: 1006c5, addr: 1, data: c000697c70)
             exe-1050282 [003] ..... 1634956.857970: sys_ptrace -> 0x0
             exe-1050282 [003] ..... 1634956.857972: sys_ptrace(request: 4204, pid: 1006c5, addr: 202, data: c000697c70)
             exe-1050282 [003] ..... 1634956.857974: sys_ptrace -> 0x0
             exe-1050282 [003] ..... 1634956.857979: sys_pwrite64(fd: 63, buf: 7fd66ee27080, count: 49, pos: 4b)
             exe-1050282 [003] ..... 1634956.857980: tracing_mark_write: kcmp(pid1=49719, pid2=0, type=0x0, idx1=0x400000100, idx2=0xffffff92) end
             exe-1050282 [000] ..... 1634956.930812: tracing_mark_write: kcmp(pid1=49719, pid2=1, type=0x0, idx1=0x800000, idx2=0x30824afd) start
             exe-1050282 [000] ..... 1634956.930814: sys_pwrite64 -> 0x48
             exe-1050282 [000] ..... 1634956.930821: sys_ptrace(request: 4205, pid: 1006c5, addr: 1, data: c000697c70)
             exe-1050282 [000] ..... 1634956.930824: sys_ptrace -> 0x0
             exe-1050282 [000] ..... 1634956.930825: sys_ptrace(request: 4205, pid: 1006c5, addr: 202, data: c000697c70)
             exe-1050282 [000] ..... 1634956.930838: sys_ptrace -> 0x0
             exe-1050282 [000] ..... 1634956.930839: sys_ptrace(request: 1f, pid: 1006c5, addr: 0, data: 0)
             exe-1050282 [000] ..... 1634956.930858: sys_ptrace -> 0x0
             exe-1050282 [000] ..... 1634956.930861: sys_wait4(upid: 1006c5, stat_addr: c000697bf4, options: 40000002, ru: 0)
             exe-1050309 [003] ..... 1634956.930874: sys_write -> 0x48
             exe-1050282 [000] ..... 1634956.930892: sys_wait4 -> 0x1006c5
             exe-1050282 [000] ..... 1634956.930895: sys_ptrace(request: 4204, pid: 1006c5, addr: 1, data: c000697c70)
             exe-1050282 [000] ..... 1634956.930898: sys_ptrace -> 0x0
             exe-1050282 [000] ..... 1634956.930899: sys_ptrace(request: 4204, pid: 1006c5, addr: 202, data: c000697c70)
             exe-1050282 [000] ..... 1634956.930902: sys_ptrace -> 0x0
             exe-1050282 [000] ..... 1634956.930907: sys_ptrace(request: 4205, pid: 1006c5, addr: 1, data: c000697c70)
             exe-1050282 [000] ..... 1634956.930910: sys_ptrace -> 0x0
             exe-1050282 [000] ..... 1634956.930911: sys_ptrace(request: 4205, pid: 1006c5, addr: 202, data: c000697c70)
             exe-1050282 [000] ..... 1634956.930918: sys_ptrace -> 0x0
             exe-1050282 [000] ..... 1634956.930919: sys_ptrace(request: 1f, pid: 1006c5, addr: 0, data: 0)
             exe-1050282 [000] ..... 1634956.930929: sys_ptrace -> 0x0
             exe-1050282 [000] ..... 1634956.930931: sys_wait4(upid: 1006c5, stat_addr: c000697bf4, options: 40000002, ru: 0)
             exe-1050309 [003] ..... 1634956.930946: sys_kcmp -> 0xffffffffffffffff
             exe-1050282 [000] ..... 1634956.930968: sys_wait4 -> 0x1006c5
             exe-1050282 [000] ..... 1634956.930971: sys_ptrace(request: 4204, pid: 1006c5, addr: 1, data: c000697c70)
             exe-1050282 [000] ..... 1634956.930973: sys_ptrace -> 0x0
             exe-1050282 [000] ..... 1634956.930975: sys_ptrace(request: 4204, pid: 1006c5, addr: 202, data: c000697c70)
             exe-1050282 [000] ..... 1634956.930977: sys_ptrace -> 0x0
             exe-1050282 [000] ..... 1634956.930983: sys_pwrite64(fd: 63, buf: 7fd66ee27080, count: 46, pos: 48)
             exe-1050282 [000] ..... 1634956.930985: tracing_mark_write: kcmp(pid1=49719, pid2=1, type=0x0, idx1=0x800000, idx2=0x30824afd) end
