             exe-1049722 [001] ..... 1634993.942988: sys_ptrace(request: 4205, pid: 100616, addr: 202, data: c000a29c70)
             exe-1049673 [002] ..... 1634993.942998: sys_nanosleep -> 0x0
             exe-1049722 [001] ..... 1634993.943000: sys_ptrace -> 0x0
             exe-1049673 [002] ..... 1634993.943000: sys_nanosleep(rqtp: c000069f10, rmtp: 0)
             exe-1049722 [001] ..... 1634993.943002: sys_ptrace(request: 1f, pid: 100616, addr: 0, data: 0)
             exe-1049722 [001] .N... 1634993.943009: sys_ptrace -> 0x0
             exe-1050134 [001] ..... 1634993.943019: sys_write -> 0x6c
             exe-1049567 [003] ..... 1634993.943037: sys_nanosleep -> 0x0
             exe-1049722 [001] ..... 1634993.943038: sys_wait4(upid: 100616, stat_addr: c000a29bf4, options: 40000002, ru: 0)
             exe-1049722 [001] ..... 1634993.943041: sys_wait4 -> 0x100616
             exe-1049567 [003] ..... 1634993.943042: sys_nanosleep(rqtp: c000069f10, rmtp: 0)
             exe-1049722 [001] ..... 1634993.943043: sys_ptrace(request: 4204, pid: 100616, addr: 1, data: c000a29c70)
             exe-1049722 [001] ..... 1634993.943047: sys_ptrace -> 0x0
             exe-1049722 [001] ..... 1634993.943049: sys_ptrace(request: 4204, pid: 100616, addr: 202, data: c000a29c70)
             exe-1049722 [001] ..... 1634993.943051: sys_ptrace -> 0x0
             exe-1049722 [001] ..... 1634993.943057: sys_ptrace(request: 4205, pid: 100616, addr: 1, data: c000a29c70)
             exe-1049722 [001] ..... 1634993.943059: sys_ptrace -> 0x0
             exe-1049722 [001] ..... 1634993.943061: sys_ptrace(request: 4205, pid: 100616, addr: 202, data: c000a29c70)
             exe-1049722 [001] ..... 1634993.943071: sys_ptrace -> 0x0
             exe-1049722 [001] ..... 1634993.943073: sys_ptrace(request: 1f, pid: 100616, addr: 0, data: 0)
             exe-1049722 [001] .N... 1634993.943079: sys_ptrace -> 0x0
             exe-1049673 [002] ..... 1634993.943086: sys_nanosleep -> 0x0
             exe-1049673 [002] ..... 1634993.943088: sys_nanosleep(rqtp: c000069f10, rmtp: 0)
             exe-1050134 [001] ..... 1634993.943090: sys_kexec_file_load -> 0xffffffffffffffff
             exe-1049722 [001] ..... 1634993.943109: sys_wait4(upid: 100616, stat_addr: c000a29bf4, options: 40000002, ru: 0)
             exe-1049722 [001] ..... 1634993.943111: sys_wait4 -> 0x100616
             exe-1049722 [001] ..... 1634993.943113: sys_ptrace(request: 4204, pid: 100616, addr: 1, data: c000a29c70)
             exe-1049722 [001] ..... 1634993.943117: sys_ptrace -> 0x0
             exe-1049722 [001] ..... 1634993.943119: sys_ptrace(request: 4204, pid: 100616, addr: 202, data: c000a29c70)
             exe-1049722 [001] ..... 1634993.943122: sys_ptrace -> 0x0
             exe-1049722 [001] ..... 1634993.943130: sys_pwrite64(fd: 63, buf: 7fd66e244080, count: 6a, pos: 6c)
             exe-1049722 [001] ..... 1634993.943132: tracing_mark_write: kexec_file_load(kernel_fd=283, initrd_fd=376, cmdline_len=1208, cmdline_ptr=0x7f0b25600000, flags=0x6) end
             exe-1049722 [001] ..... 1634994.007402: tracing_mark_write: kexec_file_load(kernel_fd=346, initrd_fd=346, cmdline_len=0x4004, cmdline_ptr=0x1, flags=0x6) start
             exe-1049722 [001] ..... 1634994.007404: sys_pwrite64 -> 0x63
             exe-1049722 [001] ..... 1634994.007411: sys_ptrace(request: 4205, pid: 100616, addr: 1, data: c000a29c70)
             exe-1049722 [001] ..... 1634994.007414: sys_ptrace -> 0x0
             exe-1049722 [001] ..... 1634994.007416: sys_ptrace(request: 4205, pid: 100616, addr: 202, data: c000a29c70)
             exe-1049722 [001] ..... 1634994.007427: sys_ptrace -> 0x0
             exe-1049722 [001] ..... 1634994.007429: sys_ptrace(request: 1f, pid: 100616, addr: 0, data: 0)
             exe-1049722 [001] .N... 1634994.007436: sys_ptrace -> 0x0
             exe-1050134 [001] ..... 1634994.007447: sys_write -> 0x63
             exe-1049567 [003] ..... 1634994.007465: sys_nanosleep -> 0x0
             exe-1049567 [003] ..... 1634994.007468: sys_nanosleep(rqtp: c000069f10, rmtp: 0)
             exe-1049722 [001] ..... 1634994.007468: sys_wait4(upid: 100616, stat_addr: c000a29bf4, options: 40000002, ru: 0)
             exe-1049722 [001] ..... 1634994.007471: sys_wait4 -> 0x100616
             exe-1049722 [001] ..... 1634994.007474: sys_ptrace(request: 4204, pid: 100616, addr: 1, data: c000a29c70)
             exe-1049722 [001] ..... 1634994.007478: sys_ptrace -> 0x0
             exe-1049722 [001] ..... 1634994.007479: sys_ptrace(request: 4204, pid: 100616, addr: 202, data: c000a29c70)
             exe-1049722 [001] ..... 1634994.007487: sys_ptrace -> 0x0
             exe-1049722 [001] ..... 1634994.007493: sys_ptrace(request: 4205, pid: 100616, addr: 1, data: c000a29c70)
             exe-1049722 [001] ..... 1634994.007495: sys_ptrace -> 0x0
             exe-1049722 [001] ..... 1634994.007497: sys_ptrace(request: 4205, pid: 100616, addr: 202, data: c000a29c70)
             exe-1049722 [001] ..... 1634994.007506: sys_ptrace -> 0x0
             exe-1049722 [001] ..... 1634994.007508: sys_ptrace(request: 1f, pid: 100616, addr: 0, data: 0)
             exe-1049722 [001] .N... 1634994.007515: sys_ptrace -> 0x0
             exe-1050134 [001] ..... 1634994.007525: sys_kexec_file_load -> 0xffffffffffffffff
             exe-1049722 [001] ..... 1634994.007544: sys_wait4(upid: 100616, stat_addr: c000a29bf4, options: 40000002, ru: 0)
             exe-1049722 [001] ..... 1634994.007547: sys_wait4 -> 0x100616
             exe-1049722 [001] ..... 1634994.007549: sys_ptrace(request: 4204, pid: 100616, addr: 1, data: c000a29c70)
             exe-1049722 [001] ..... 1634994.007552: sys_ptrace -> 0x0
             exe-1049722 [001] ..... 1634994.007554: sys_ptrace(request: 4204, pid: 100616, addr: 202, data: c000a29c70)
             exe-1049567 [003] ..... 1634994.007555: sys_nanosleep -> 0x0
             exe-1049722 [001] ..... 1634994.007556: sys_ptrace -> 0x0
             exe-1049567 [003] ..... 1634994.007557: sys_nanosleep(rqtp: c000069f10, rmtp: 0)
             exe-1049722 [001] ..... 1634994.007565: sys_pwrite64(fd: 63, buf: 7fd66e244080, count: 61, pos: 63)
             exe-1049722 [001] ..... 1634994.007567: tracing_mark_write: kexec_file_load(kernel_fd=346, initrd_fd=346, cmdline_len=0x4004, cmdline_ptr=0x1, flags=0x6) end
             exe-1049722 [003] ..... 1634994.099781: tracing_mark_write: kexec_file_load(kernel_fd=346, initrd_fd=144, cmdline_len=1, cmdline_ptr=0x0, flags=0x6) start
             exe-1049722 [003] ..... 1634994.099783: sys_pwrite64 -> 0x5e
             exe-1049722 [003] ..... 1634994.099789: sys_ptrace(request: 4205, pid: 100616, addr: 1, data: c000a29c70)
             exe-1049722 [003] ..... 1634994.099792: sys_ptrace -> 0x0
             exe-1049722 [003] ..... 1634994.099793: sys_ptrace(request: 4205, pid: 100616, addr: 202, data: c000a29c70)
             exe-1049722 [003] ..... 1634994.099865: sys_ptrace -> 0x0
             exe-1049722 [003] ..... 1634994.099870: sys_ptrace(request: 1f, pid: 100616, addr: 0, data: 0)
             exe-1049722 [003] ..... 1634994.099878: sys_ptrace -> 0x0
             exe-1049722 [003] ..... 1634994.099881: sys_wait4(upid: 100616, stat_addr: c000a29bf4, options: 40000002, ru: 0)
             exe-1050134 [001] ..... 1634994.099887: sys_write -> 0x5e
             exe-1049722 [003] ..... 1634994.099907: sys_wait4 -> 0x100616
             exe-1049722 [003] ..... 1634994.099910: sys_ptrace(request: 4204, pid: 100616, addr: 1, data: c000a29c70)
             exe-1049722 [003] .N... 1634994.099931: sys_ptrace -> 0x0
             exe-1049722 [003] ..... 1634994.099969: sys_ptrace(request: 4204, pid: 100616, addr: 202, data: c000a29c70)
             exe-1049722 [003] ..... 1634994.099973: sys_ptrace -> 0x0
             exe-1049722 [003] ..... 1634994.099981: sys_ptrace(request: 4205, pid: 100616, addr: 1, data: c000a29c70)
             exe-1049722 [003] ..... 1634994.099983: sys_ptrace -> 0x0
             exe-1049722 [003] ..... 1634994.099985: sys_ptrace(request: 4205, pid: 100616, addr: 202, data: c000a29c70)
             exe-1049722 [003] ..... 1634994.099994: sys_ptrace -> 0x0
             exe-1049722 [003] ..... 1634994.099996: sys_ptrace(request: 1f, pid: 100616, addr: 0, data: 0)
             exe-1049722 [003] ..... 1634994.100004: sys_ptrace -> 0x0
             exe-1049722 [003] ..... 1634994.100008: sys_wait4(upid: 100616, stat_addr: c000a29bf4, options: 40000002, ru: 0)
             exe-1050134 [001] ..... 1634994.100009: sys_kexec_file_load -> 0xffffffffffffffff
             exe-1049722 [003] ..... 1634994.100072: sys_wait4 -> 0x100616
             exe-1049722 [003] ..... 1634994.100077: sys_ptrace(request: 4204, pid: 100616, addr: 1, data: c000a29c70)
             exe-1049722 [003] ..... 1634994.100081: sys_ptrace -> 0x0
             exe-1049722 [003] ..... 1634994.100083: sys_ptrace(request: 4204, pid: 100616, addr: 202, data: c000a29c70)
             exe-1049722 [003] ..... 1634994.100085: sys_ptrace -> 0x0
             exe-1049722 [003] ..... 1634994.100099: sys_pwrite64(fd: 63, buf: 7fd66e244080, count: 5c, pos: 5e)
             exe-1049722 [003] ..... 1634994.100100: tracing_mark_write: kexec_file_load(kernel_fd=346, initrd_fd=144, cmdline_len=1, cmdline_ptr=0x0, flags=0x6) end
             exe-1049722 [003] ..... 1634994.180757: tracing_mark_write: kexec_file_load(kernel_fd=346, initrd_fd=70, cmdline_len=1, cmdline_ptr=0x7f0b278f2000, flags=0x6) start
             exe-1049722 [003] ..... 1634994.180758: sys_pwrite64 -> 0x68
             exe-1049567 [001] ..... 1634994.180760: sys_nanosleep -> 0x0
             exe-1049722 [003] ..... 1634994.180762: sys_ptrace(request: 4205, pid: 100616, addr: 1, data: c000a29c70)
             exe-1049722 [003] ..... 1634994.180765: sys_ptrace -> 0x0
             exe-1049567 [001] ..... 1634994.180765: sys_nanosleep(rqtp: c000069f10, rmtp: 0)
             exe-1049722 [003] ..... 1634994.180766: sys_ptrace(request: 4205, pid: 100616, addr: 202, data: c000a29c70)
             exe-1049722 [003] ..... 1634994.180773: sys_ptrace -> 0x0
             exe-1049722 [003] ..... 1634994.180775: sys_ptrace(request: 1f, pid: 100616, addr: 0, data: 0)
             exe-1049722 [003] ..... 1634994.180780: sys_ptrace -> 0x0
             exe-1049722 [003] ..... 1634994.180782: sys_wait4(upid: 100616, stat_addr: c000a29bf4, options: 40000002, ru: 0)
             exe-1050134 [001] ..... 1634994.180792: sys_write -> 0x68
             exe-1049722 [003] ..... 1634994.180816: sys_wait4 -> 0x100616
             exe-1049722 [003] ..... 1634994.180818: sys_ptrace(request: 4204, pid: 100616, addr: 1, data: c000a29c70)
             exe-1049722 [003] ..... 1634994.180821: sys_ptrace -> 0x0
             exe-1049722 [003] ..... 1634994.180822: sys_ptrace(request: 4204, pid: 100616, addr: 202, data: c000a29c70)
             exe-1049722 [003] ..... 1634994.180824: sys_ptrace -> 0x0
             exe-1049722 [003] ..... 1634994.180828: sys_ptrace(request: 4205, pid: 100616, addr: 1, data: c000a29c70)
             exe-1049722 [003] ..... 1634994.180831: sys_ptrace -> 0x0
             exe-1049722 [003] ..... 1634994.180832: sys_ptrace(request: 4205, pid: 100616, addr: 202, data: c000a29c70)
             exe-1049673 [000] ..... 1634994.180833: sys_nanosleep -> 0x0
             exe-1049673 [000] ..... 1634994.180835: sys_nanosleep(rqtp: c000069f10, rmtp: 0)
             exe-1049722 [003] ..... 1634994.180838: sys_ptrace -> 0x0
             exe-1049722 [003] ..... 1634994.180839: sys_ptrace(request: 1f, pid: 100616, addr: 0, data: 0)
             exe-1049722 [003] ..... 1634994.180845: sys_ptrace -> 0x0
             exe-1049722 [003] ..... 1634994.180847: sys_wait4(upid: 100616, stat_addr: c000a29bf4, options: 40000002, ru: 0)
             exe-1050134 [001] ..... 1634994.180861: sys_kexec_file_load -> 0xffffffffffffffff
             exe-1049567 [001] ..... 1634994.180878: sys_nanosleep -> 0x0
             exe-1049722 [003] ..... 1634994.180881: sys_wait4 -> 0x100616
             exe-1049722 [003] ..... 1634994.180883: sys_ptrace(request: 4204, pid: 100616, addr: 1, data: c000a29c70)
             exe-1049567 [001] ..... 1634994.180883: sys_nanosleep(rqtp: c000069f10, rmtp: 0)
             exe-1049722 [003] ..... 1634994.180885: sys_ptrace -> 0x0
             exe-1049722 [003] ..... 1634994.180887: sys_ptrace(request: 4204, pid: 100616, addr: 202, data: c000a29c70)
             exe-1049722 [003] ..... 1634994.180889: sys_ptrace -> 0x0
             exe-1049722 [003] ..... 1634994.180894: sys_pwrite64(fd: 63, buf: 7fd66e244080, count: 66, pos: 68)
             exe-1049722 [003] ..... 1634994.180895: tracing_mark_write: kexec_file_load(kernel_fd=346, initrd_fd=70, cmdline_len=1, cmdline_ptr=0x7f0b278f2000, flags=0x6) end
             exe-1049722 [003] ..... 1634994.253467: tracing_mark_write: kexec_file_load(kernel_fd=280, initrd_fd=279, cmdline_len=631, cmdline_ptr=0x0, flags=0x6) start
             exe-1049722 [003] ..... 1634994.253469: sys_pwrite64 -> 0x60
             exe-1049722 [003] ..... 1634994.253476: sys_ptrace(request: 4205, pid: 100616, addr: 1, data: c000a29c70)
             exe-1049722 [003] ..... 1634994.253479: sys_ptrace -> 0x0
             exe-1049722 [003] ..... 1634994.253481: sys_ptrace(request: 4205, pid: 100616, addr: 202, data: c000a29c70)
             exe-1049567 [001] ..... 1634994.253519: sys_nanosleep -> 0x0
             exe-1049567 [001] ..... 1634994.253521: sys_nanosleep(rqtp: c000069f10, rmtp: 0)
             exe-1049673 [000] ..... 1634994.253534: sys_nanosleep -> 0x0
             exe-1049673 [000] ..... 1634994.253536: sys_nanosleep(rqtp: c000069f10, rmtp: 0)
             exe-1049722 [003] ..... 1634994.253560: sys_ptrace -> 0x0
             exe-1049722 [003] ..... 1634994.253564: sys_ptrace(request: 1f, pid: 100616, addr: 0, data: 0)
             exe-1049722 [003] ..... 1634994.253574: sys_ptrace -> 0x0
             exe-1049722 [003] ..... 1634994.253577: sys_wait4(upid: 100616, stat_addr: c000a29bf4, options: 40000002, ru: 0)
             exe-1050134 [001] ..... 1634994.253584: sys_write -> 0x60
             exe-1049567 [001] ..... 1634994.253625: sys_nanosleep -> 0x0
             exe-1049567 [001] ..... 1634994.253630: sys_nanosleep(rqtp: c000069f10, rmtp: 0)
             exe-1049722 [003] ..... 1634994.253665: sys_wait4 -> 0x100616
             exe-1049722 [003] ..... 1634994.253671: sys_ptrace(request: 4204, pid: 100616, addr: 1, data: c000a29c70)
             exe-1049722 [003] ..... 1634994.253676: sys_ptrace -> 0x0
             exe-1049722 [003] ..... 1634994.253677: sys_ptrace(request: 4204, pid: 100616, addr: 202, data: c000a29c70)
             exe-1049722 [003] ..... 1634994.253680: sys_ptrace -> 0x0
             exe-1049673 [000] ..... 1634994.253685: sys_nanosleep -> 0x0
             exe-1049722 [003] ..... 1634994.253687: sys_ptrace(request: 4205, pid: 100616, addr: 1, data: c000a29c70)
             exe-1049673 [000] ..... 1634994.253688: sys_nanosleep(rqtp: c000069f10, rmtp: 0)
             exe-1049722 [003] ..... 1634994.253690: sys_ptrace -> 0x0
             exe-1049722 [003] ..... 1634994.253691: sys_ptrace(request: 4205, pid: 100616, addr: 202, data: c000a29c70)
             exe-1049722 [003] ..... 1634994.253703: sys_ptrace -> 0x0
             exe-1049722 [003] ..... 1634994.253704: sys_ptrace(request: 1f, pid: 100616, addr: 0, data: 0)
             exe-1049722 [003] ..... 1634994.253714: sys_ptrace -> 0x0
             exe-1050134 [001] ..... 1634994.253731: sys_kexec_file_load -> 0xffffffffffffffff
             exe-1049567 [001] ..... 1634994.253748: sys_nanosleep -> 0x0
             exe-1049567 [001] ..... 1634994.253752: sys_nanosleep(rqtp: c000069f10, rmtp: 0)
             exe-1049722 [003] ..... 1634994.253780: sys_wait4(upid: 100616, stat_addr: c000a29bf4, options: 40000002, ru: 0)
             exe-1049722 [003] ..... 1634994.253783: sys_wait4 -> 0x100616
             exe-1049722 [003] ..... 1634994.253785: sys_ptrace(request: 4204, pid: 100616, addr: 1, data: c000a29c70)
             exe-1049722 [003] ..... 1634994.253789: sys_ptrace -> 0x0
             exe-1049722 [003] ..... 1634994.253792: sys_ptrace(request: 4204, pid: 100616, addr: 202, data: c000a29c70)
             exe-1049722 [003] ..... 1634994.253794: sys_ptrace -> 0x0
             exe-1049722 [003] ..... 1634994.253808: sys_pwrite64(fd: 63, buf: 7fd66e244080, count: 5e, pos: 60)
             exe-1049722 [003] ..... 1634994.253810: tracing_mark_write: kexec_file_load(kernel_fd=280, initrd_fd=279, cmdline_len=631, cmdline_ptr=0x0, flags=0x6) end
             exe-1049722 [002] ..... 1634994.326729: tracing_mark_write: kexec_file_load(kernel_fd=280, initrd_fd=281, cmdline_len=4096, cmdline_ptr=0x7f0b27500000, flags=0x6) start
             exe-1049722 [002] ..... 1634994.326731: sys_pwrite64 -> 0x6c
             exe-1049722 [002] ..... 1634994.326735: sys_ptrace(request: 4205, pid: 100616, addr: 1, data: c000a29c70)
             exe-1049722 [002] ..... 1634994.326738: sys_ptrace -> 0x0
             exe-1050659 [003] ..... 1634994.326738: sys_mmap(addr: 7fa5f8a19000, len: f000, prot: 1, flags: 11, fd: b, off: 68a000)
             exe-1049722 [002] ..... 1634994.326739: sys_ptrace(request: 4205, pid: 100616, addr: 202, data: c000a29c70)
             exe-1049722 [002] ..... 1634994.326748: sys_ptrace -> 0x0
             exe-1049722 [002] ..... 1634994.326750: sys_ptrace(request: 1f, pid: 100616, addr: 0, data: 0)
             exe-1050659 [003] ..... 1634994.326751: sys_mmap -> 0x7fa5f8a19000
             exe-1050289 [000] ..... 1634994.326751: sys_wait4(upid: 10072a, stat_addr: c0006413e4, options: 40000002, ru: 0)
             exe-1050289 [000] ..... 1634994.326754: sys_wait4 -> 0x10072a
             exe-1050289 [000] ..... 1634994.326756: sys_ptrace(request: 4204, pid: 10072a, addr: 1, data: c000641460)
             exe-1049722 [002] ..... 1634994.326757: sys_ptrace -> 0x0
             exe-1049722 [002] ..... 1634994.326759: sys_wait4(upid: 100616, stat_addr: c000a29bf4, options: 40000002, ru: 0)
             exe-1050289 [000] ..... 1634994.326760: sys_ptrace -> 0x0
             exe-1050134 [001] ..... 1634994.326766: sys_write -> 0x6c
             exe-1050289 [000] ..... 1634994.326775: sys_ptrace(request: 4205, pid: 10072a, addr: 1, data: c000641900)
             exe-1050289 [000] ..... 1634994.326777: sys_ptrace -> 0x0
             exe-1050289 [000] ..... 1634994.326779: sys_ptrace(request: 7, pid: 10072a, addr: 0, data: 0)
             exe-1049981 [003] ..... 1634994.326780: sys_wait4(upid: 100823, stat_addr: c001357884, options: 40000002, ru: 0)
             exe-1050289 [000] .N... 1634994.326786: sys_ptrace -> 0x0
             exe-1049722 [002] ..... 1634994.326788: sys_wait4 -> 0x100616
             exe-1049722 [002] ..... 1634994.326790: sys_ptrace(request: 4204, pid: 100616, addr: 1, data: c000a29c70)
             exe-1049722 [002] ..... 1634994.326793: sys_ptrace -> 0x0
             exe-1049722 [002] ..... 1634994.326794: sys_ptrace(request: 4204, pid: 100616, addr: 202, data: c000a29c70)
             exe-1049722 [002] ..... 1634994.326796: sys_ptrace -> 0x0
             exe-1050410 [000] ..... 1634994.326800: sys_mmap(addr: 7fa5f8abd000, len: 4000, prot: 3, flags: 11, fd: b, off: c0c000)
             exe-1049722 [002] ..... 1634994.326801: sys_ptrace(request: 4205, pid: 100616, addr: 1, data: c000a29c70)
             exe-1049722 [002] ..... 1634994.326803: sys_ptrace -> 0x0
             exe-1049722 [002] ..... 1634994.326805: sys_ptrace(request: 4205, pid: 100616, addr: 202, data: c000a29c70)
             exe-1050410 [000] ..... 1634994.326809: sys_mmap -> 0x7fa5f8abd000
             exe-1049722 [002] ..... 1634994.326811: sys_ptrace -> 0x0
             exe-1049722 [002] ..... 1634994.326813: sys_ptrace(request: 1f, pid: 100616, addr: 0, data: 0)
             exe-1049981 [003] .N... 1634994.326813: sys_wait4 -> 0x100823
             exe-1049722 [002] ..... 1634994.326819: sys_ptrace -> 0x0
             exe-1049722 [002] ..... 1634994.326820: sys_wait4(upid: 100616, stat_addr: c000a29bf4, options: 40000002, ru: 0)
             exe-1050134 [001] ..... 1634994.326824: sys_kexec_file_load -> 0xffffffffffffffff
             exe-1050289 [000] ..... 1634994.326832: sys_wait4(upid: 10072a, stat_addr: c000641884, options: 40000002, ru: 0)
             exe-1050289 [000] ..... 1634994.326835: sys_wait4 -> 0x10072a
             exe-1050289 [000] ..... 1634994.326837: sys_ptrace(request: 4204, pid: 10072a, addr: 1, data: c000641900)
             exe-1050289 [000] ..... 1634994.326841: sys_ptrace -> 0x0
             exe-1049722 [002] ..... 1634994.326841: sys_wait4 -> 0x100616
             exe-1049722 [002] ..... 1634994.326844: sys_ptrace(request: 4204, pid: 100616, addr: 1, data: c000a29c70)
             exe-1050289 [000] ..... 1634994.326845: sys_ptrace(request: 4205, pid: 100729, addr: 1, data: c000641c70)
             exe-1049722 [002] ..... 1634994.326846: sys_ptrace -> 0x0
             exe-1049722 [002] ..... 1634994.326848: sys_ptrace(request: 4204, pid: 100616, addr: 202, data: c000a29c70)
             exe-1050289 [000] ..... 1634994.326848: sys_ptrace -> 0x0
             exe-1050289 [000] ..... 1634994.326850: sys_ptrace(request: 4205, pid: 100729, addr: 202, data: c000641c70)
             exe-1049722 [002] ..... 1634994.326850: sys_ptrace -> 0x0
             exe-1049722 [002] ..... 1634994.326855: sys_pwrite64(fd: 63, buf: 7fd66e244080, count: 6a, pos: 6c)
             exe-1049722 [002] ..... 1634994.326857: tracing_mark_write: kexec_file_load(kernel_fd=280, initrd_fd=281, cmdline_len=4096, cmdline_ptr=0x7f0b27500000, flags=0x6) end
             exe-1049722 [002] ..... 1634994.405128: tracing_mark_write: kexec_file_load(kernel_fd=280, initrd_fd=22, cmdline_len=8, cmdline_ptr=0x7f0b26900000, flags=0x6) start
             exe-1049722 [002] ..... 1634994.405130: sys_pwrite64 -> 0x68
             exe-1049722 [002] ..... 1634994.405134: sys_ptrace(request: 4205, pid: 100616, addr: 1, data: c000a29c70)
             exe-1049722 [002] ..... 1634994.405136: sys_ptrace -> 0x0
             exe-1049673 [000] ..... 1634994.405137: sys_nanosleep -> 0x0
             exe-1049722 [002] ..... 1634994.405137: sys_ptrace(request: 4205, pid: 100616, addr: 202, data: c000a29c70)
             exe-1049673 [000] ..... 1634994.405139: sys_nanosleep(rqtp: c000069f10, rmtp: 0)
             exe-1049722 [002] ..... 1634994.405144: sys_ptrace -> 0x0
             exe-1049722 [002] ..... 1634994.405146: sys_ptrace(request: 1f, pid: 100616, addr: 0, data: 0)
             exe-1049722 [002] ..... 1634994.405152: sys_ptrace -> 0x0
             exe-1049722 [002] ..... 1634994.405154: sys_wait4(upid: 100616, stat_addr: c000a29bf4, options: 40000002, ru: 0)
             exe-1050134 [001] ..... 1634994.405168: sys_write -> 0x68
             exe-1049722 [002] ..... 1634994.405188: sys_wait4 -> 0x100616
             exe-1049722 [002] ..... 1634994.405191: sys_ptrace(request: 4204, pid: 100616, addr: 1, data: c000a29c70)
             exe-1049722 [002] ..... 1634994.405193: sys_ptrace -> 0x0
             exe-1049722 [002] ..... 1634994.405194: sys_ptrace(request: 4204, pid: 100616, addr: 202, data: c000a29c70)
             exe-1049722 [002] ..... 1634994.405196: sys_ptrace -> 0x0
             exe-1049722 [002] ..... 1634994.405200: sys_ptrace(request: 4205, pid: 100616, addr: 1, data: c000a29c70)
             exe-1049722 [002] ..... 1634994.405203: sys_ptrace -> 0x0
             exe-1049722 [002] ..... 1634994.405204: sys_ptrace(request: 4205, pid: 100616, addr: 202, data: c000a29c70)
             exe-1049722 [002] ..... 1634994.405209: sys_ptrace -> 0x0
             exe-1049722 [002] ..... 1634994.405211: sys_ptrace(request: 1f, pid: 100616, addr: 0, data: 0)
             exe-1049567 [001] ..... 1634994.405219: sys_nanosleep -> 0x0
             exe-1049722 [002] ..... 1634994.405223: sys_ptrace -> 0x0
             exe-1049722 [002] ..... 1634994.405225: sys_wait4(upid: 100616, stat_addr: c000a29bf4, options: 40000002, ru: 0)
             exe-1049673 [000] ..... 1634994.405230: sys_nanosleep -> 0x0
             exe-1049673 [000] ..... 1634994.405232: sys_nanosleep(rqtp: c000069f10, rmtp: 0)
             exe-1050134 [001] ..... 1634994.405240: sys_kexec_file_load -> 0xffffffffffffffff
             exe-1049722 [002] ..... 1634994.405261: sys_wait4 -> 0x100616
             exe-1049722 [002] ..... 1634994.405264: sys_ptrace(request: 4204, pid: 100616, addr: 1, data: c000a29c70)
             exe-1049722 [002] ..... 1634994.405268: sys_ptrace -> 0x0
             exe-1049722 [002] ..... 1634994.405269: sys_ptrace(request: 4204, pid: 100616, addr: 202, data: c000a29c70)
             exe-1049722 [002] ..... 1634994.405271: sys_ptrace -> 0x0
             exe-1049567 [001] ..... 1634994.405271: sys_nanosleep(rqtp: c000069f10, rmtp: 0)
             exe-1049722 [002] ..... 1634994.405275: sys_pwrite64(fd: 63, buf: 7fd66e244080, count: 66, pos: 68)
             exe-1049722 [002] ..... 1634994.405276: tracing_mark_write: kexec_file_load(kernel_fd=280, initrd_fd=22, cmdline_len=8, cmdline_ptr=0x7f0b26900000, flags=0x6) end
             exe-1049722 [002] ..... 1634994.476926: tracing_mark_write: kexec_file_load(kernel_fd=280, initrd_fd=370, cmdline_len=8, cmdline_ptr=0x8, flags=0x7) start
             exe-1049722 [002] ..... 1634994.476927: sys_pwrite64 -> 0x5e
             exe-1049673 [000] ..... 1634994.476929: sys_nanosleep -> 0x0
             exe-1049673 [000] ..... 1634994.476931: sys_nanosleep(rqtp: c000069f10, rmtp: 0)
             exe-1049722 [002] ..... 1634994.476932: sys_ptrace(request: 4205, pid: 100616, addr: 1, data: c000a29c70)
             exe-1049567 [001] ..... 1634994.476939: sys_nanosleep -> 0x0
             exe-1049722 [002] ..... 1634994.476940: sys_ptrace -> 0x0
             exe-1049722 [002] ..... 1634994.476941: sys_ptrace(request: 4205, pid: 100616, addr: 202, data: c000a29c70)
             exe-1049567 [001] ..... 1634994.476945: sys_nanosleep(rqtp: c000069f10, rmtp: 0)
             exe-1049722 [002] ..... 1634994.476948: sys_ptrace -> 0x0
             exe-1049722 [002] ..... 1634994.476949: sys_ptrace(request: 1f, pid: 100616, addr: 0, data: 0)
             exe-1049722 [002] ..... 1634994.476957: sys_ptrace -> 0x0
             exe-1049722 [002] ..... 1634994.476959: sys_wait4(upid: 100616, stat_addr: c000a29bf4, options: 40000002, ru: 0)
             exe-1050134 [001] ..... 1634994.476977: sys_write -> 0x5e
             exe-1049722 [002] ..... 1634994.476999: sys_wait4 -> 0x100616
             exe-1049722 [002] ..... 1634994.477002: sys_ptrace(request: 4204, pid: 100616, addr: 1, data: c000a29c70)
             exe-1049722 [002] ..... 1634994.477004: sys_ptrace -> 0x0
             exe-1049722 [002] ..... 1634994.477005: sys_ptrace(request: 4204, pid: 100616, addr: 202, data: c000a29c70)
             exe-1049722 [002] ..... 1634994.477007: sys_ptrace -> 0x0
             exe-1049722 [002] ..... 1634994.477012: sys_ptrace(request: 4205, pid: 100616, addr: 1, data: c000a29c70)
             exe-1049722 [002] ..... 1634994.477014: sys_ptrace -> 0x0
             exe-1049673 [000] ..... 1634994.477015: sys_nanosleep -> 0x0
             exe-1049722 [002] ..... 1634994.477016: sys_ptrace(request: 4205, pid: 100616, addr: 202, data: c000a29c70)
             exe-1049673 [000] ..... 1634994.477017: sys_nanosleep(rqtp: c000069f10, rmtp: 0)
             exe-1049722 [002] ..... 1634994.477022: sys_ptrace -> 0x0
             exe-1049722 [002] ..... 1634994.477023: sys_ptrace(request: 1f, pid: 100616, addr: 0, data: 0)
             exe-1049722 [002] ..... 1634994.477029: sys_ptrace -> 0x0
             exe-1049722 [002] ..... 1634994.477031: sys_wait4(upid: 100616, stat_addr: c000a29bf4, options: 40000002, ru: 0)
             exe-1050134 [001] ..... 1634994.477043: sys_kexec_file_load -> 0xffffffffffffffff
             exe-1049722 [002] ..... 1634994.477061: sys_wait4 -> 0x100616
             exe-1049567 [001] ..... 1634994.477062: sys_nanosleep -> 0x0
             exe-1049722 [002] ..... 1634994.477063: sys_ptrace(request: 4204, pid: 100616, addr: 1, data: c000a29c70)
             exe-1049722 [002] ..... 1634994.477066: sys_ptrace -> 0x0
             exe-1049722 [002] ..... 1634994.477067: sys_ptrace(request: 4204, pid: 100616, addr: 202, data: c000a29c70)
             exe-1049567 [001] ..... 1634994.477067: sys_nanosleep(rqtp: c000069f10, rmtp: 0)
             exe-1049722 [002] ..... 1634994.477069: sys_ptrace -> 0x0
             exe-1049722 [002] ..... 1634994.477075: sys_pwrite64(fd: 63, buf: 7fd66e244080, count: 5c, pos: 5e)
             exe-1049722 [002] ..... 1634994.477076: tracing_mark_write: kexec_file_load(kernel_fd=280, initrd_fd=370, cmdline_len=8, cmdline_ptr=0x8, flags=0x7) end
             exe-1049722 [002] ..... 1634994.548509: tracing_mark_write: kexec_file_load(kernel_fd=280, initrd_fd=288, cmdline_len=1330, cmdline_ptr=0x1, flags=0x7) start
             exe-1049722 [002] ..... 1634994.548511: sys_pwrite64 -> 0x61
             exe-1049722 [002] ..... 1634994.548516: sys_ptrace(request: 4205, pid: 100616, addr: 1, data: c000a29c70)
             exe-1049722 [002] ..... 1634994.548518: sys_ptrace -> 0x0
             exe-1049722 [002] ..... 1634994.548520: sys_ptrace(request: 4205, pid: 100616, addr: 202, data: c000a29c70)
             exe-1049722 [002] ..... 1634994.548527: sys_ptrace -> 0x0
             exe-1049722 [002] ..... 1634994.548529: sys_ptrace(request: 1f, pid: 100616, addr: 0, data: 0)
             exe-1049673 [000] ..... 1634994.548531: sys_nanosleep -> 0x0
             exe-1049673 [000] ..... 1634994.548534: sys_futex(uaddr: 1f09dc0, op: 80, val: 0, utime: c000069eb0, uaddr2: 0, val3: 0)
             exe-1049722 [002] ..... 1634994.548536: sys_ptrace -> 0x0
             exe-1049722 [002] ..... 1634994.548538: sys_wait4(upid: 100616, stat_addr: c000a29bf4, options: 40000002, ru: 0)
             exe-1050134 [001] ..... 1634994.548545: sys_write -> 0x61
             exe-1049567 [002] ..... 1634994.548574: sys_nanosleep -> 0x0
             exe-1049567 [002] ..... 1634994.548577: sys_nanosleep(rqtp: c000069f10, rmtp: 0)
             exe-1049722 [002] ..... 1634994.548586: sys_wait4 -> 0x100616
             exe-1049722 [002] ..... 1634994.548588: sys_ptrace(request: 4204, pid: 100616, addr: 1, data: c000a29c70)
             exe-1049722 [002] ..... 1634994.548591: sys_ptrace -> 0x0
             exe-1049722 [002] ..... 1634994.548593: sys_ptrace(request: 4204, pid: 100616, addr: 202, data: c000a29c70)
             exe-1049722 [002] ..... 1634994.548595: sys_ptrace -> 0x0
             exe-1049722 [002] ..... 1634994.548600: sys_ptrace(request: 4205, pid: 100616, addr: 1, data: c000a29c70)
             exe-1049722 [002] ..... 1634994.548602: sys_ptrace -> 0x0
             exe-1049722 [002] ..... 1634994.548603: sys_ptrace(request: 4205, pid: 100616, addr: 202, data: c000a29c70)
             exe-1049722 [002] ..... 1634994.548610: sys_ptrace -> 0x0
             exe-1049722 [002] ..... 1634994.548612: sys_ptrace(request: 1f, pid: 100616, addr: 0, data: 0)
             exe-1049722 [002] ..... 1634994.548618: sys_ptrace -> 0x0
             exe-1049722 [002] ..... 1634994.548620: sys_wait4(upid: 100616, stat_addr: c000a29bf4, options: 40000002, ru: 0)
             exe-1050134 [001] ..... 1634994.548624: sys_kexec_file_load -> 0xffffffffffffffff
             exe-1049722 [002] ..... 1634994.548639: sys_wait4 -> 0x100616
             exe-1049722 [002] ..... 1634994.548641: sys_ptrace(request: 4204, pid: 100616, addr: 1, data: c000a29c70)
             exe-1049722 [002] ..... 1634994.548644: sys_ptrace -> 0x0
             exe-1049722 [002] ..... 1634994.548645: sys_ptrace(request: 4204, pid: 100616, addr: 202, data: c000a29c70)
             exe-1049722 [002] ..... 1634994.548647: sys_ptrace -> 0x0
             exe-1049722 [002] ..... 1634994.548672: sys_pwrite64(fd: 63, buf: 7fd66e244080, count: 5f, pos: 61)
             exe-1049722 [002] ..... 1634994.548673: tracing_mark_write: kexec_file_load(kernel_fd=280, initrd_fd=288, cmdline_len=1330, cmdline_ptr=0x1, flags=0x7) end
             exe-1049722 [001] ..... 1634994.616659: tracing_mark_write: kexec_file_load(kernel_fd=355, initrd_fd=376, cmdline_len=8, cmdline_ptr=0x8, flags=0x7) start
             exe-1049722 [001] ..... 1634994.616660: sys_pwrite64 -> 0x5e
             exe-1049722 [001] ..... 1634994.616666: sys_ptrace(request: 4205, pid: 100616, addr: 1, data: c000a29c70)
             exe-1049722 [001] ..... 1634994.616669: sys_ptrace -> 0x0
             exe-1049722 [001] ..... 1634994.616670: sys_ptrace(request: 4205, pid: 100616, addr: 202, data: c000a29c70)
             exe-1049722 [001] ..... 1634994.616680: sys_ptrace -> 0x0
             exe-1049722 [001] ..... 1634994.616682: sys_ptrace(request: 1f, pid: 100616, addr: 0, data: 0)
             exe-1049722 [001] .N... 1634994.616688: sys_ptrace -> 0x0
             exe-1049567 [002] ..... 1634994.616695: sys_nanosleep -> 0x0
             exe-1049567 [002] ..... 1634994.616697: sys_nanosleep(rqtp: c000069f10, rmtp: 0)
             exe-1050134 [001] ..... 1634994.616698: sys_write -> 0x5e
             exe-1049673 [000] ..... 1634994.616700: sys_nanosleep -> 0x0
             exe-1049673 [000] ..... 1634994.616703: sys_nanosleep(rqtp: c000069f10, rmtp: 0)
             exe-1049722 [001] ..... 1634994.616716: sys_wait4(upid: 100616, stat_addr: c000a29bf4, options: 40000002, ru: 0)
             exe-1049722 [001] ..... 1634994.616719: sys_wait4 -> 0x100616
             exe-1049722 [001] ..... 1634994.616721: sys_ptrace(request: 4204, pid: 100616, addr: 1, data: c000a29c70)
             exe-1049722 [001] ..... 1634994.616724: sys_ptrace -> 0x0
             exe-1049722 [001] ..... 1634994.616726: sys_ptrace(request: 4204, pid: 100616, addr: 202, data: c000a29c70)
             exe-1049722 [001] ..... 1634994.616728: sys_ptrace -> 0x0
             exe-1049722 [001] ..... 1634994.616734: sys_ptrace(request: 4205, pid: 100616, addr: 1, data: c000a29c70)
             exe-1049722 [001] ..... 1634994.616736: sys_ptrace -> 0x0
             exe-1049722 [001] ..... 1634994.616738: sys_ptrace(request: 4205, pid: 100616, addr: 202, data: c000a29c70)
             exe-1049722 [001] ..... 1634994.616746: sys_ptrace -> 0x0
             exe-1049722 [001] ..... 1634994.616748: sys_ptrace(request: 1f, pid: 100616, addr: 0, data: 0)
             exe-1049722 [001] .N... 1634994.616754: sys_ptrace -> 0x0
             exe-1050134 [001] ..... 1634994.616763: sys_kexec_file_load -> 0xffffffffffffffff
             exe-1049722 [001] ..... 1634994.616781: sys_wait4(upid: 100616, stat_addr: c000a29bf4, options: 40000002, ru: 0)
             exe-1049567 [002] ..... 1634994.616781: sys_nanosleep -> 0x0
             exe-1049722 [001] ..... 1634994.616783: sys_wait4 -> 0x100616
             exe-1049567 [002] ..... 1634994.616784: sys_nanosleep(rqtp: c000069f10, rmtp: 0)
             exe-1049722 [001] ..... 1634994.616785: sys_ptrace(request: 4204, pid: 100616, addr: 1, data: c000a29c70)
             exe-1049722 [001] ..... 1634994.616789: sys_ptrace -> 0x0
             exe-1049722 [001] ..... 1634994.616791: sys_ptrace(request: 4204, pid: 100616, addr: 202, data: c000a29c70)
             exe-1049722 [001] ..... 1634994.616793: sys_ptrace -> 0x0
             exe-1049673 [000] ..... 1634994.616794: sys_nanosleep -> 0x0
             exe-1049673 [000] ..... 1634994.616796: sys_nanosleep(rqtp: c000069f10, rmtp: 0)
             exe-1049722 [001] ..... 1634994.616802: sys_pwrite64(fd: 63, buf: 7fd66e244080, count: 5c, pos: 5e)
             exe-1049722 [001] ..... 1634994.616803: tracing_mark_write: kexec_file_load(kernel_fd=355, initrd_fd=376, cmdline_len=8, cmdline_ptr=0x8, flags=0x7) end
             exe-1049722 [001] ..... 1634994.671543: tracing_mark_write: kexec_file_load(kernel_fd=355, initrd_fd=277, cmdline_len=4096, cmdline_ptr=0x7f0b25800000, flags=0x7) start
             exe-1049722 [001] ..... 1634994.671545: sys_pwrite64 -> 0x6c
             exe-1049722 [001] ..... 1634994.671551: sys_ptrace(request: 4205, pid: 100616, addr: 1, data: c000a29c70)
             exe-1049722 [001] ..... 1634994.671553: sys_ptrace -> 0x0
             exe-1049722 [001] ..... 1634994.671555: sys_ptrace(request: 4205, pid: 100616, addr: 202, data: c000a29c70)
             exe-1049722 [001] ..... 1634994.671564: sys_ptrace -> 0x0
             exe-1049722 [001] ..... 1634994.671566: sys_ptrace(request: 1f, pid: 100616, addr: 0, data: 0)
             exe-1049567 [002] ..... 1634994.671569: sys_nanosleep -> 0x0
             exe-1049567 [002] ..... 1634994.671572: sys_nanosleep(rqtp: c000069f10, rmtp: 0)
             exe-1049722 [001] .N... 1634994.671572: sys_ptrace -> 0x0
             exe-1050134 [001] ..... 1634994.671582: sys_write -> 0x6c
             exe-1049673 [000] ..... 1634994.671599: sys_nanosleep -> 0x0
             exe-1049722 [001] ..... 1634994.671600: sys_wait4(upid: 100616, stat_addr: c000a29bf4, options: 40000002, ru: 0)
             exe-1049673 [000] ..... 1634994.671602: sys_nanosleep(rqtp: c000069f10, rmtp: 0)
             exe-1049722 [001] ..... 1634994.671603: sys_wait4 -> 0x100616
             exe-1049722 [001] ..... 1634994.671605: sys_ptrace(request: 4204, pid: 100616, addr: 1, data: c000a29c70)
             exe-1049722 [001] ..... 1634994.671608: sys_ptrace -> 0x0
             exe-1049722 [001] ..... 1634994.671610: sys_ptrace(request: 4204, pid: 100616, addr: 202, data: c000a29c70)
             exe-1049722 [001] ..... 1634994.671612: sys_ptrace -> 0x0
             exe-1049722 [001] ..... 1634994.671617: sys_ptrace(request: 4205, pid: 100616, addr: 1, data: c000a29c70)
             exe-1049722 [001] ..... 1634994.671620: sys_ptrace -> 0x0
             exe-1049722 [001] ..... 1634994.671621: sys_ptrace(request: 4205, pid: 100616, addr: 202, data: c000a29c70)
             exe-1049722 [001] ..... 1634994.671629: sys_ptrace -> 0x0
             exe-1049722 [001] ..... 1634994.671631: sys_ptrace(request: 1f, pid: 100616, addr: 0, data: 0)
             exe-1049722 [001] .N... 1634994.671637: sys_ptrace -> 0x0
             exe-1050134 [001] ..... 1634994.671646: sys_kexec_file_load -> 0xffffffffffffffff
             exe-1049567 [002] ..... 1634994.671660: sys_nanosleep -> 0x0
             exe-1049567 [002] ..... 1634994.671662: sys_nanosleep(rqtp: c000069f10, rmtp: 0)
             exe-1049722 [001] ..... 1634994.671664: sys_wait4(upid: 100616, stat_addr: c000a29bf4, options: 40000002, ru: 0)
             exe-1049722 [001] ..... 1634994.671667: sys_wait4 -> 0x100616
             exe-1049722 [001] ..... 1634994.671669: sys_ptrace(request: 4204, pid: 100616, addr: 1, data: c000a29c70)
             exe-1049722 [001] ..... 1634994.671672: sys_ptrace -> 0x0
             exe-1049722 [001] ..... 1634994.671674: sys_ptrace(request: 4204, pid: 100616, addr: 202, data: c000a29c70)
             exe-1049722 [001] ..... 1634994.671676: sys_ptrace -> 0x0
             exe-1049722 [001] ..... 1634994.671684: sys_pwrite64(fd: 63, buf: 7fd66e244080, count: 6a, pos: 6c)
             exe-1049722 [001] ..... 1634994.671686: tracing_mark_write: kexec_file_load(kernel_fd=355, initrd_fd=277, cmdline_len=4096, cmdline_ptr=0x7f0b25800000, flags=0x7) end
             exe-1049722 [001] ..... 1634994.735295: tracing_mark_write: kexec_file_load(kernel_fd=11, initrd_fd=279, cmdline_len=8, cmdline_ptr=0x7f0b25600000, flags=0x7) start
             exe-1049722 [001] ..... 1634994.735297: sys_pwrite64 -> 0x68
             exe-1049722 [001] ..... 1634994.735303: sys_ptrace(request: 4205, pid: 100616, addr: 1, data: c000a29c70)
             exe-1049722 [001] ..... 1634994.735306: sys_ptrace -> 0x0
             exe-1049722 [001] ..... 1634994.735307: sys_ptrace(request: 4205, pid: 100616, addr: 202, data: c000a29c70)
             exe-1049567 [002] ..... 1634994.735312: sys_nanosleep -> 0x0
             exe-1049567 [002] ..... 1634994.735314: sys_nanosleep(rqtp: c000069f10, rmtp: 0)
             exe-1049722 [001] ..... 1634994.735318: sys_ptrace -> 0x0
             exe-1049722 [001] ..... 1634994.735320: sys_ptrace(request: 1f, pid: 100616, addr: 0, data: 0)
             exe-1049722 [001] .N... 1634994.735327: sys_ptrace -> 0x0
             exe-1050134 [001] ..... 1634994.735338: sys_write -> 0x68
             exe-1049673 [000] ..... 1634994.735341: sys_nanosleep -> 0x0
             exe-1049673 [000] ..... 1634994.735343: sys_nanosleep(rqtp: c000069f10, rmtp: 0)
             exe-1049722 [001] ..... 1634994.735357: sys_wait4(upid: 100616, stat_addr: c000a29bf4, options: 40000002, ru: 0)
             exe-1049567 [002] ..... 1634994.735404: sys_nanosleep -> 0x0
             exe-1049567 [002] ..... 1634994.735406: sys_nanosleep(rqtp: c000069f10, rmtp: 0)
             exe-1049722 [001] .N... 1634994.735406: sys_wait4 -> 0x100616
             exe-1049722 [001] ..... 1634994.735423: sys_ptrace(request: 4204, pid: 100616, addr: 1, data: c000a29c70)
             exe-1049722 [001] ..... 1634994.735427: sys_ptrace -> 0x0
             exe-1049722 [001] ..... 1634994.735429: sys_ptrace(request: 4204, pid: 100616, addr: 202, data: c000a29c70)
             exe-1049722 [001] ..... 1634994.735432: sys_ptrace -> 0x0
             exe-1049673 [000] ..... 1634994.735432: sys_nanosleep -> 0x0
             exe-1049673 [000] ..... 1634994.735434: sys_nanosleep(rqtp: c000069f10, rmtp: 0)
             exe-1049722 [001] ..... 1634994.735438: sys_ptrace(request: 4205, pid: 100616, addr: 1, data: c000a29c70)
             exe-1049722 [001] ..... 1634994.735441: sys_ptrace -> 0x0
             exe-1049722 [001] ..... 1634994.735442: sys_ptrace(request: 4205, pid: 100616, addr: 202, data: c000a29c70)
             exe-1049722 [001] ..... 1634994.735453: sys_ptrace -> 0x0
             exe-1049722 [001] ..... 1634994.735455: sys_ptrace(request: 1f, pid: 100616, addr: 0, data: 0)
             exe-1049722 [001] .N... 1634994.735459: sys_ptrace -> 0x0
             exe-1050134 [001] ..... 1634994.735470: sys_kexec_file_load -> 0xffffffffffffffff
             exe-1049722 [001] ..... 1634994.735491: sys_wait4(upid: 100616, stat_addr: c000a29bf4, options: 40000002, ru: 0)
             exe-1049722 [001] ..... 1634994.735494: sys_wait4 -> 0x100616
             exe-1049567 [002] ..... 1634994.735496: sys_nanosleep -> 0x0
             exe-1049722 [001] ..... 1634994.735496: sys_ptrace(request: 4204, pid: 100616, addr: 1, data: c000a29c70)
             exe-1049567 [002] ..... 1634994.735498: sys_nanosleep(rqtp: c000069f10, rmtp: 0)
             exe-1049722 [001] ..... 1634994.735500: sys_ptrace -> 0x0
             exe-1049722 [001] ..... 1634994.735502: sys_ptrace(request: 4204, pid: 100616, addr: 202, data: c000a29c70)
             exe-1049722 [001] ..... 1634994.735504: sys_ptrace -> 0x0
             exe-1049722 [001] ..... 1634994.735515: sys_pwrite64(fd: 63, buf: 7fd66e244080, count: 66, pos: 68)
             exe-1049722 [001] ..... 1634994.735517: tracing_mark_write: kexec_file_load(kernel_fd=11, initrd_fd=279, cmdline_len=8, cmdline_ptr=0x7f0b25600000, flags=0x7) end
             exe-1049722 [001] ..... 1634994.791467: tracing_mark_write: kexec_file_load(kernel_fd=11, initrd_fd=11, cmdline_len=0, cmdline_ptr=0x7f0b278e3000, flags=0x7) start
             exe-1049722 [001] ..... 1634994.791469: sys_pwrite64 -> 0x67
             exe-1049712 [002] ..... 1634994.791470: sys_futex -> 0x0
             exe-1049722 [001] ..... 1634994.791477: sys_ptrace(request: 4205, pid: 100616, addr: 1, data: c000a29c70)
             exe-1049722 [001] ..... 1634994.791480: sys_ptrace -> 0x0
             exe-1049722 [001] ..... 1634994.791481: sys_ptrace(request: 4205, pid: 100616, addr: 202, data: c000a29c70)
             exe-1049722 [001] ..... 1634994.791493: sys_ptrace -> 0x0
             exe-1049722 [001] ..... 1634994.791495: sys_ptrace(request: 1f, pid: 100616, addr: 0, data: 0)
             exe-1049722 [001] .N... 1634994.791502: sys_ptrace -> 0x0
             exe-1049673 [000] ..... 1634994.791508: sys_nanosleep -> 0x0
             exe-1049673 [000] ..... 1634994.791511: sys_nanosleep(rqtp: c000069f10, rmtp: 0)
             exe-1050134 [001] ..... 1634994.791513: sys_write -> 0x67
             exe-1049722 [001] ..... 1634994.791534: sys_wait4(upid: 100616, stat_addr: c000a29bf4, options: 40000002, ru: 0)
             exe-1049722 [001] ..... 1634994.791537: sys_wait4 -> 0x100616
             exe-1049722 [001] ..... 1634994.791539: sys_ptrace(request: 4204, pid: 100616, addr: 1, data: c000a29c70)
             exe-1049722 [001] ..... 1634994.791543: sys_ptrace -> 0x0
             exe-1049722 [001] ..... 1634994.791544: sys_ptrace(request: 4204, pid: 100616, addr: 202, data: c000a29c70)
             exe-1049722 [001] ..... 1634994.791547: sys_ptrace -> 0x0
             exe-1049722 [001] ..... 1634994.791552: sys_ptrace(request: 4205, pid: 100616, addr: 1, data: c000a29c70)
             exe-1049712 [002] ..... 1634994.791554: sys_futex(uaddr: c0002dcd48, op: 80, val: 0, utime: 0, uaddr2: 0, val3: 0)
             exe-1049722 [001] ..... 1634994.791555: sys_ptrace -> 0x0
             exe-1049722 [001] ..... 1634994.791556: sys_ptrace(request: 4205, pid: 100616, addr: 202, data: c000a29c70)
             exe-1049722 [001] ..... 1634994.791566: sys_ptrace -> 0x0
             exe-1049722 [001] ..... 1634994.791568: sys_ptrace(request: 1f, pid: 100616, addr: 0, data: 0)
             exe-1049567 [002] ..... 1634994.791571: sys_nanosleep -> 0x0
             exe-1049722 [001] .N... 1634994.791575: sys_ptrace -> 0x0
             exe-1049567 [002] ..... 1634994.791577: sys_nanosleep(rqtp: c000069f10, rmtp: 0)
             exe-1050134 [001] ..... 1634994.791585: sys_kexec_file_load -> 0xffffffffffffffff
             exe-1049673 [000] ..... 1634994.791599: sys_nanosleep -> 0x0
             exe-1049673 [000] ..... 1634994.791603: sys_futex(uaddr: 1f09dc0, op: 80, val: 0, utime: c000069eb0, uaddr2: 0, val3: 0)
             exe-1049722 [001] ..... 1634994.791604: sys_wait4(upid: 100616, stat_addr: c000a29bf4, options: 40000002, ru: 0)
             exe-1049722 [001] ..... 1634994.791606: sys_wait4 -> 0x100616
             exe-1049722 [001] ..... 1634994.791609: sys_ptrace(request: 4204, pid: 100616, addr: 1, data: c000a29c70)
             exe-1049722 [001] ..... 1634994.791613: sys_ptrace -> 0x0
             exe-1049722 [001] ..... 1634994.791614: sys_ptrace(request: 4204, pid: 100616, addr: 202, data: c000a29c70)
             exe-1049722 [001] ..... 1634994.791617: sys_ptrace -> 0x0
             exe-1049722 [001] ..... 1634994.791626: sys_pwrite64(fd: 63, buf: 7fd66e244080, count: 65, pos: 67)
             exe-1049722 [001] ..... 1634994.791628: tracing_mark_write: kexec_file_load(kernel_fd=11, initrd_fd=11, cmdline_len=0, cmdline_ptr=0x7f0b278e3000, flags=0x7) end
             exe-1049722 [001] ..... 1634994.863000: tracing_mark_write: kexec_file_load(kernel_fd=278, initrd_fd=283, cmdline_len=0x60606000, cmdline_ptr=0x1, flags=0x7) start
             exe-1049722 [001] ..... 1634994.863001: sys_pwrite64 -> 0x67
             exe-1049722 [001] ..... 1634994.863007: sys_ptrace(request: 4205, pid: 100616, addr: 1, data: c000a29c70)
             exe-1049673 [000] ..... 1634994.863009: sys_nanosleep -> 0x0
             exe-1049722 [001] ..... 1634994.863010: sys_ptrace -> 0x0
             exe-1049722 [001] ..... 1634994.863012: sys_ptrace(request: 4205, pid: 100616, addr: 202, data: c000a29c70)
             exe-1049673 [000] ..... 1634994.863013: sys_nanosleep(rqtp: c000069f10, rmtp: 0)
             exe-1049722 [001] ..... 1634994.863024: sys_ptrace -> 0x0
             exe-1049722 [001] ..... 1634994.863026: sys_ptrace(request: 1f, pid: 100616, addr: 0, data: 0)
             exe-1049722 [001] .N... 1634994.863033: sys_ptrace -> 0x0
             exe-1050134 [001] ..... 1634994.863044: sys_write -> 0x67
             exe-1049722 [001] ..... 1634994.863063: sys_wait4(upid: 100616, stat_addr: c000a29bf4, options: 40000002, ru: 0)
             exe-1049722 [001] ..... 1634994.863066: sys_wait4 -> 0x100616
             exe-1049722 [001] ..... 1634994.863068: sys_ptrace(request: 4204, pid: 100616, addr: 1, data: c000a29c70)
             exe-1049722 [001] ..... 1634994.863072: sys_ptrace -> 0x0
             exe-1049722 [001] ..... 1634994.863073: sys_ptrace(request: 4204, pid: 100616, addr: 202, data: c000a29c70)
             exe-1049722 [001] ..... 1634994.863076: sys_ptrace -> 0x0
             exe-1049722 [001] ..... 1634994.863081: sys_ptrace(request: 4205, pid: 100616, addr: 1, data: c000a29c70)
             exe-1049722 [001] ..... 1634994.863084: sys_ptrace -> 0x0
             exe-1049722 [001] ..... 1634994.863085: sys_ptrace(request: 4205, pid: 100616, addr: 202, data: c000a29c70)
             exe-1049722 [001] ..... 1634994.863096: sys_ptrace -> 0x0
             exe-1049722 [001] ..... 1634994.863098: sys_ptrace(request: 1f, pid: 100616, addr: 0, data: 0)
             exe-1049722 [001] .N... 1634994.863104: sys_ptrace -> 0x0
             exe-1049567 [002] ..... 1634994.863107: sys_nanosleep -> 0x0
             exe-1049567 [002] ..... 1634994.863112: sys_nanosleep(rqtp: c000069f10, rmtp: 0)
             exe-1050134 [001] ..... 1634994.863114: sys_kexec_file_load -> 0xffffffffffffffff
             exe-1049673 [000] ..... 1634994.863116: sys_nanosleep -> 0x0
             exe-1049673 [000] ..... 1634994.863119: sys_nanosleep(rqtp: c000069f10, rmtp: 0)
             exe-1049722 [001] ..... 1634994.863133: sys_wait4(upid: 100616, stat_addr: c000a29bf4, options: 40000002, ru: 0)
             exe-1049722 [001] ..... 1634994.863136: sys_wait4 -> 0x100616
             exe-1049722 [001] ..... 1634994.863138: sys_ptrace(request: 4204, pid: 100616, addr: 1, data: c000a29c70)
