             exe-1049567 [001] ..... 1635023.031728: sys_nanosleep(rqtp: c000069f10, rmtp: 0)
             exe-1049722 [002] ..... 1635023.031730: sys_ptrace(request: 4204, pid: 100616, addr: 202, data: c000a29c70)
             exe-1049722 [002] ..... 1635023.031732: sys_ptrace -> 0x0
             exe-1049722 [002] ..... 1635023.031741: sys_ptrace(request: 4205, pid: 100616, addr: 1, data: c000a29c70)
             exe-1049722 [002] ..... 1635023.031744: sys_ptrace -> 0x0
             exe-1049722 [002] ..... 1635023.031746: sys_ptrace(request: 4205, pid: 100616, addr: 202, data: c000a29c70)
             exe-1049722 [002] ..... 1635023.031765: sys_ptrace -> 0x0
             exe-1049722 [002] ..... 1635023.031766: sys_ptrace(request: 1f, pid: 100616, addr: 0, data: 0)
             exe-1049722 [002] .N... 1635023.031775: sys_ptrace -> 0x0
             exe-1050134 [002] ..... 1635023.031787: sys_keyctl -> 0xfffffffffffffff3
             exe-1049673 [000] ..... 1635023.031799: sys_nanosleep -> 0x0
             exe-1049673 [000] ..... 1635023.031802: sys_nanosleep(rqtp: c000069f10, rmtp: 0)
             exe-1049722 [002] ..... 1635023.031810: sys_wait4(upid: 100616, stat_addr: c000a29bf4, options: 40000002, ru: 0)
             exe-1049722 [002] ..... 1635023.031813: sys_wait4 -> 0x100616
             exe-1049722 [002] ..... 1635023.031815: sys_ptrace(request: 4204, pid: 100616, addr: 1, data: c000a29c70)
             exe-1049722 [002] ..... 1635023.031819: sys_ptrace -> 0x0
             exe-1049722 [002] ..... 1635023.031821: sys_ptrace(request: 4204, pid: 100616, addr: 202, data: c000a29c70)
             exe-1049567 [001] ..... 1635023.031821: sys_nanosleep -> 0x0
             exe-1049567 [001] ..... 1635023.031824: sys_nanosleep(rqtp: c000069f10, rmtp: 0)
             exe-1049722 [002] ..... 1635023.031824: sys_ptrace -> 0x0
             exe-1049722 [002] ..... 1635023.031836: sys_pwrite64(fd: 63, buf: 7fd66e248080, count: 45, pos: 47)
             exe-1049722 [002] ..... 1635023.031838: tracing_mark_write: keyctl(cmd=0x2, arg2=0xc3c3c3c3, arg3=529, arg4=-1, arg5=0x40000) end
             exe-1049722 [002] ..... 1635023.095671: tracing_mark_write: keyctl(cmd=0x2, arg2=-7, arg3=237, arg4=0xdcd4d4d4, arg5=0xc176664b1d3) start
             exe-1049722 [002] ..... 1635023.095672: sys_pwrite64 -> 0x4d
             exe-1049722 [002] ..... 1635023.095727: sys_ptrace(request: 4205, pid: 100616, addr: 1, data: c000a29c70)
             exe-1049722 [002] ..... 1635023.095730: sys_ptrace -> 0x0
             exe-1049722 [002] ..... 1635023.095732: sys_ptrace(request: 4205, pid: 100616, addr: 202, data: c000a29c70)
             exe-1049722 [002] ..... 1635023.095744: sys_ptrace -> 0x0
             exe-1049722 [002] ..... 1635023.095746: sys_ptrace(request: 1f, pid: 100616, addr: 0, data: 0)
             exe-1049722 [002] .N... 1635023.095754: sys_ptrace -> 0x0
             exe-1050134 [002] ..... 1635023.095765: sys_write -> 0x4d
             exe-1049673 [000] ..... 1635023.095780: sys_nanosleep -> 0x0
             exe-1049673 [000] ..... 1635023.095786: sys_nanosleep(rqtp: c000069f10, rmtp: 0)
             exe-1049722 [002] ..... 1635023.095787: sys_wait4(upid: 100616, stat_addr: c000a29bf4, options: 40000002, ru: 0)
             exe-1049722 [002] ..... 1635023.095790: sys_wait4 -> 0x100616
             exe-1049722 [002] ..... 1635023.095792: sys_ptrace(request: 4204, pid: 100616, addr: 1, data: c000a29c70)
             exe-1049722 [002] ..... 1635023.095796: sys_ptrace -> 0x0
             exe-1049722 [002] ..... 1635023.095798: sys_ptrace(request: 4204, pid: 100616, addr: 202, data: c000a29c70)
             exe-1049722 [002] ..... 1635023.095800: sys_ptrace -> 0x0
             exe-1049722 [002] ..... 1635023.095808: sys_ptrace(request: 4205, pid: 100616, addr: 1, data: c000a29c70)
             exe-1049722 [002] ..... 1635023.095811: sys_ptrace -> 0x0
             exe-1049722 [002] ..... 1635023.095812: sys_ptrace(request: 4205, pid: 100616, addr: 202, data: c000a29c70)
             exe-1049722 [002] ..... 1635023.095822: sys_ptrace -> 0x0
             exe-1049722 [002] ..... 1635023.095824: sys_ptrace(request: 1f, pid: 100616, addr: 0, data: 0)
             exe-1049722 [002] .N... 1635023.095831: sys_ptrace -> 0x0
             exe-1050134 [002] ..... 1635023.095841: sys_keyctl -> 0xfffffffffffffff3
             exe-1049722 [002] ..... 1635023.095861: sys_wait4(upid: 100616, stat_addr: c000a29bf4, options: 40000002, ru: 0)
             exe-1049722 [002] ..... 1635023.095863: sys_wait4 -> 0x100616
             exe-1049722 [002] ..... 1635023.095866: sys_ptrace(request: 4204, pid: 100616, addr: 1, data: c000a29c70)
             exe-1049722 [002] ..... 1635023.095869: sys_ptrace -> 0x0
             exe-1049722 [002] ..... 1635023.095871: sys_ptrace(request: 4204, pid: 100616, addr: 202, data: c000a29c70)
             exe-1049722 [002] ..... 1635023.095874: sys_ptrace -> 0x0
             exe-1049722 [002] ..... 1635023.095884: sys_pwrite64(fd: 63, buf: 7fd66e248080, count: 4b, pos: 4d)
             exe-1049722 [002] ..... 1635023.095886: tracing_mark_write: keyctl(cmd=0x2, arg2=-7, arg3=237, arg4=0xdcd4d4d4, arg5=0xc176664b1d3) end
             exe-1049722 [002] ..... 1635023.155623: tracing_mark_write: keyctl(cmd=0x2, arg2=88, arg3=94, arg4=97, arg5=0xa34273823e2f) start
             exe-1049722 [002] ..... 1635023.155625: sys_pwrite64 -> 0x45
             exe-1049722 [002] ..... 1635023.155630: sys_ptrace(request: 4205, pid: 100616, addr: 1, data: c000a29c70)
             exe-1049722 [002] ..... 1635023.155633: sys_ptrace -> 0x0
             exe-1049722 [002] ..... 1635023.155634: sys_ptrace(request: 4205, pid: 100616, addr: 202, data: c000a29c70)
             exe-1049722 [002] ..... 1635023.155645: sys_ptrace -> 0x0
             exe-1049722 [002] ..... 1635023.155646: sys_ptrace(request: 1f, pid: 100616, addr: 0, data: 0)
             exe-1049722 [002] .N... 1635023.155654: sys_ptrace -> 0x0
             exe-1050134 [002] ..... 1635023.155664: sys_write -> 0x45
             exe-1049567 [001] ..... 1635023.155664: sys_nanosleep -> 0x0
             exe-1049567 [001] ..... 1635023.155669: sys_nanosleep(rqtp: c000069f10, rmtp: 0)
             exe-1049722 [002] ..... 1635023.155728: sys_wait4(upid: 100616, stat_addr: c000a29bf4, options: 40000002, ru: 0)
             exe-1049722 [002] ..... 1635023.155731: sys_wait4 -> 0x100616
             exe-1049722 [002] ..... 1635023.155734: sys_ptrace(request: 4204, pid: 100616, addr: 1, data: c000a29c70)
             exe-1049722 [002] ..... 1635023.155738: sys_ptrace -> 0x0
             exe-1049722 [002] ..... 1635023.155739: sys_ptrace(request: 4204, pid: 100616, addr: 202, data: c000a29c70)
             exe-1049722 [002] ..... 1635023.155742: sys_ptrace -> 0x0
             exe-1049722 [002] ..... 1635023.155750: sys_ptrace(request: 4205, pid: 100616, addr: 1, data: c000a29c70)
             exe-1049722 [002] ..... 1635023.155753: sys_ptrace -> 0x0
             exe-1049722 [002] ..... 1635023.155754: sys_ptrace(request: 4205, pid: 100616, addr: 202, data: c000a29c70)
             exe-1049722 [002] ..... 1635023.155765: sys_ptrace -> 0x0
             exe-1049722 [002] ..... 1635023.155766: sys_ptrace(request: 1f, pid: 100616, addr: 0, data: 0)
             exe-1049722 [002] .N... 1635023.155773: sys_ptrace -> 0x0
             exe-1050134 [002] ..... 1635023.155783: sys_keyctl -> 0xfffffffffffffff3
             exe-1049673 [001] ..... 1635023.155788: sys_futex -> 0x0
             exe-1049673 [001] ..... 1635023.155800: sys_futex(uaddr: c0002dd548, op: 81, val: 1, utime: 0, uaddr2: 0, val3: 0)
             exe-1049722 [002] ..... 1635023.155804: sys_wait4(upid: 100616, stat_addr: c000a29bf4, options: 40000002, ru: 0)
             exe-1049722 [002] ..... 1635023.155806: sys_wait4 -> 0x100616
             exe-1049722 [002] ..... 1635023.155809: sys_ptrace(request: 4204, pid: 100616, addr: 1, data: c000a29c70)
             exe-1049722 [002] ..... 1635023.155812: sys_ptrace -> 0x0
             exe-1049722 [002] ..... 1635023.155813: sys_ptrace(request: 4204, pid: 100616, addr: 202, data: c000a29c70)
             exe-1049673 [001] .N... 1635023.155813: sys_futex -> 0x1
             exe-1049722 [002] ..... 1635023.155816: sys_ptrace -> 0x0
             exe-1067990 [001] ..... 1635023.155819: sys_futex -> 0x0
             exe-1067990 [001] ..... 1635023.155828: sys_futex(uaddr: c0002dd548, op: 80, val: 0, utime: 0, uaddr2: 0, val3: 0)
             exe-1049722 [002] ..... 1635023.155829: sys_pwrite64(fd: 63, buf: 7fd66e248080, count: 43, pos: 45)
             exe-1049722 [002] ..... 1635023.155831: tracing_mark_write: keyctl(cmd=0x2, arg2=88, arg3=94, arg4=97, arg5=0xa34273823e2f) end
             exe-1049722 [002] ..... 1635023.215544: tracing_mark_write: keyctl(cmd=0x2, arg2=0xfffff8a7ccd1f050, arg3=30, arg4=0x604008, arg5=-4) start
             exe-1049722 [002] ..... 1635023.215546: sys_pwrite64 -> 0x4f
             exe-1049722 [002] ..... 1635023.215552: sys_ptrace(request: 4205, pid: 100616, addr: 1, data: c000a29c70)
             exe-1049722 [002] ..... 1635023.215554: sys_ptrace -> 0x0
             exe-1049722 [002] ..... 1635023.215556: sys_ptrace(request: 4205, pid: 100616, addr: 202, data: c000a29c70)
             exe-1049722 [002] ..... 1635023.215587: sys_ptrace -> 0x0
             exe-1049722 [002] ..... 1635023.215589: sys_ptrace(request: 1f, pid: 100616, addr: 0, data: 0)
             exe-1049722 [002] .N... 1635023.215597: sys_ptrace -> 0x0
             exe-1050134 [002] ..... 1635023.215608: sys_write -> 0x4f
             exe-1049567 [001] ..... 1635023.215623: sys_nanosleep -> 0x0
             exe-1049567 [001] ..... 1635023.215628: sys_nanosleep(rqtp: c000069f10, rmtp: 0)
             exe-1049722 [002] ..... 1635023.215628: sys_wait4(upid: 100616, stat_addr: c000a29bf4, options: 40000002, ru: 0)
             exe-1049722 [002] ..... 1635023.215631: sys_wait4 -> 0x100616
             exe-1049722 [002] ..... 1635023.215633: sys_ptrace(request: 4204, pid: 100616, addr: 1, data: c000a29c70)
             exe-1049722 [002] ..... 1635023.215637: sys_ptrace -> 0x0
             exe-1049722 [002] ..... 1635023.215638: sys_ptrace(request: 4204, pid: 100616, addr: 202, data: c000a29c70)
             exe-1049722 [002] ..... 1635023.215641: sys_ptrace -> 0x0
             exe-1049673 [001] ..... 1635023.215643: sys_nanosleep -> 0x0
             exe-1049722 [002] ..... 1635023.215648: sys_ptrace(request: 4205, pid: 100616, addr: 1, data: c000a29c70)
             exe-1049673 [001] ..... 1635023.215650: sys_futex(uaddr: c0002dd548, op: 81, val: 1, utime: 0, uaddr2: 0, val3: 0)
             exe-1049722 [002] ..... 1635023.215651: sys_ptrace -> 0x0
             exe-1049722 [002] ..... 1635023.215652: sys_ptrace(request: 4205, pid: 100616, addr: 202, data: c000a29c70)
             exe-1049673 [001] .N... 1635023.215658: sys_futex -> 0x1
             exe-1067990 [001] ..... 1635023.215662: sys_futex -> 0x0
             exe-1049722 [002] ..... 1635023.215662: sys_ptrace -> 0x0
             exe-1049722 [002] ..... 1635023.215664: sys_ptrace(request: 1f, pid: 100616, addr: 0, data: 0)
             exe-1067990 [001] ..... 1635023.215667: sys_futex(uaddr: c0002dd548, op: 80, val: 0, utime: 0, uaddr2: 0, val3: 0)
             exe-1049722 [002] .N... 1635023.215670: sys_ptrace -> 0x0
             exe-1049673 [001] ..... 1635023.215674: sys_nanosleep(rqtp: c000069f10, rmtp: 0)
             exe-1050134 [002] ..... 1635023.215717: sys_keyctl -> 0xfffffffffffffff3
             exe-1049722 [002] ..... 1635023.215739: sys_wait4(upid: 100616, stat_addr: c000a29bf4, options: 40000002, ru: 0)
             exe-1049722 [002] ..... 1635023.215742: sys_wait4 -> 0x100616
             exe-1049722 [002] ..... 1635023.215745: sys_ptrace(request: 4204, pid: 100616, addr: 1, data: c000a29c70)
             exe-1049722 [002] ..... 1635023.215749: sys_ptrace -> 0x0
             exe-1049722 [002] ..... 1635023.215751: sys_ptrace(request: 4204, pid: 100616, addr: 202, data: c000a29c70)
             exe-1049722 [002] ..... 1635023.215753: sys_ptrace -> 0x0
             exe-1049722 [002] ..... 1635023.215769: sys_pwrite64(fd: 63, buf: 7fd66e248080, count: 4d, pos: 4f)
             exe-1049722 [002] ..... 1635023.215771: tracing_mark_write: keyctl(cmd=0x2, arg2=0xfffff8a7ccd1f050, arg3=30, arg4=0x604008, arg5=-4) end
             exe-1049722 [002] ..... 1635023.275811: tracing_mark_write: keyctl(cmd=0x2, arg2=242, arg3=0x15151515, arg4=126, arg5=202) start
             exe-1049567 [001] ..... 1635023.275812: sys_nanosleep -> 0x0
             exe-1049722 [002] ..... 1635023.275813: sys_pwrite64 -> 0x44
             exe-1049567 [001] ..... 1635023.275815: sys_nanosleep(rqtp: c000069f10, rmtp: 0)
             exe-1049722 [002] ..... 1635023.275819: sys_ptrace(request: 4205, pid: 100616, addr: 1, data: c000a29c70)
             exe-1049722 [002] ..... 1635023.275822: sys_ptrace -> 0x0
             exe-1049722 [002] ..... 1635023.275823: sys_ptrace(request: 4205, pid: 100616, addr: 202, data: c000a29c70)
             exe-1049673 [001] ..... 1635023.275828: sys_nanosleep -> 0x0
             exe-1049673 [001] ..... 1635023.275832: sys_nanosleep(rqtp: c000069f10, rmtp: 0)
             exe-1049722 [002] ..... 1635023.275834: sys_ptrace -> 0x0
             exe-1049722 [002] ..... 1635023.275836: sys_ptrace(request: 1f, pid: 100616, addr: 0, data: 0)
             exe-1049722 [002] .N... 1635023.275843: sys_ptrace -> 0x0
             exe-1050134 [002] ..... 1635023.275854: sys_write -> 0x44
             exe-1049722 [002] ..... 1635023.275872: sys_wait4(upid: 100616, stat_addr: c000a29bf4, options: 40000002, ru: 0)
             exe-1049722 [002] ..... 1635023.275875: sys_wait4 -> 0x100616
             exe-1049722 [002] ..... 1635023.275877: sys_ptrace(request: 4204, pid: 100616, addr: 1, data: c000a29c70)
             exe-1049722 [002] ..... 1635023.275881: sys_ptrace -> 0x0
             exe-1049722 [002] ..... 1635023.275882: sys_ptrace(request: 4204, pid: 100616, addr: 202, data: c000a29c70)
             exe-1049722 [002] ..... 1635023.275885: sys_ptrace -> 0x0
             exe-1049722 [002] ..... 1635023.275891: sys_ptrace(request: 4205, pid: 100616, addr: 1, data: c000a29c70)
             exe-1049722 [002] ..... 1635023.275893: sys_ptrace -> 0x0
             exe-1049722 [002] ..... 1635023.275895: sys_ptrace(request: 4205, pid: 100616, addr: 202, data: c000a29c70)
             exe-1049722 [002] ..... 1635023.275904: sys_ptrace -> 0x0
             exe-1049722 [002] ..... 1635023.275905: sys_ptrace(request: 1f, pid: 100616, addr: 0, data: 0)
             exe-1049722 [002] .N... 1635023.275912: sys_ptrace -> 0x0
             exe-1050134 [002] ..... 1635023.275921: sys_keyctl -> 0xfffffffffffffff3
             exe-1049722 [002] ..... 1635023.275939: sys_wait4(upid: 100616, stat_addr: c000a29bf4, options: 40000002, ru: 0)
             exe-1049722 [002] ..... 1635023.275941: sys_wait4 -> 0x100616
             exe-1049722 [002] ..... 1635023.275944: sys_ptrace(request: 4204, pid: 100616, addr: 1, data: c000a29c70)
             exe-1049722 [002] ..... 1635023.275947: sys_ptrace -> 0x0
             exe-1049722 [002] ..... 1635023.275948: sys_ptrace(request: 4204, pid: 100616, addr: 202, data: c000a29c70)
             exe-1049722 [002] ..... 1635023.275951: sys_ptrace -> 0x0
             exe-1049567 [001] ..... 1635023.275957: sys_nanosleep -> 0x0
             exe-1049722 [002] ..... 1635023.275960: sys_pwrite64(fd: 63, buf: 7fd66e248080, count: 42, pos: 44)
             exe-1049567 [001] ..... 1635023.275962: sys_nanosleep(rqtp: c000069f10, rmtp: 0)
             exe-1049722 [002] ..... 1635023.275962: tracing_mark_write: keyctl(cmd=0x2, arg2=242, arg3=0x15151515, arg4=126, arg5=202) end
             exe-1049722 [002] ..... 1635023.339243: tracing_mark_write: keyctl(cmd=0x2, arg2=126, arg3=0x480020000404810, arg4=0xa2475ca5cd2a, arg5=0xf5f5f5f5) start
             exe-1049722 [002] ..... 1635023.339244: sys_pwrite64 -> 0x5d
             exe-1049722 [002] ..... 1635023.339251: sys_ptrace(request: 4205, pid: 100616, addr: 1, data: c000a29c70)
             exe-1049722 [002] ..... 1635023.339254: sys_ptrace -> 0x0
             exe-1049722 [002] ..... 1635023.339255: sys_ptrace(request: 4205, pid: 100616, addr: 202, data: c000a29c70)
             exe-1049722 [002] ..... 1635023.339268: sys_ptrace -> 0x0
             exe-1049722 [002] ..... 1635023.339270: sys_ptrace(request: 1f, pid: 100616, addr: 0, data: 0)
             exe-1049722 [002] .N... 1635023.339277: sys_ptrace -> 0x0
             exe-1050134 [002] ..... 1635023.339289: sys_write -> 0x5d
             exe-1049567 [000] ..... 1635023.339307: sys_nanosleep -> 0x0
             exe-1049722 [002] ..... 1635023.339309: sys_wait4(upid: 100616, stat_addr: c000a29bf4, options: 40000002, ru: 0)
             exe-1049722 [002] ..... 1635023.339311: sys_wait4 -> 0x100616
             exe-1049567 [000] ..... 1635023.339313: sys_nanosleep(rqtp: c000069f10, rmtp: 0)
             exe-1049722 [002] ..... 1635023.339314: sys_ptrace(request: 4204, pid: 100616, addr: 1, data: c000a29c70)
             exe-1049722 [002] ..... 1635023.339318: sys_ptrace -> 0x0
             exe-1049722 [002] ..... 1635023.339319: sys_ptrace(request: 4204, pid: 100616, addr: 202, data: c000a29c70)
             exe-1049722 [002] ..... 1635023.339322: sys_ptrace -> 0x0
             exe-1049722 [002] ..... 1635023.339329: sys_ptrace(request: 4205, pid: 100616, addr: 1, data: c000a29c70)
             exe-1049722 [002] ..... 1635023.339331: sys_ptrace -> 0x0
             exe-1049722 [002] ..... 1635023.339333: sys_ptrace(request: 4205, pid: 100616, addr: 202, data: c000a29c70)
           <...>-819     [003] ..... 1635023.339336: sys_nanosleep -> 0x0
             exe-1049673 [000] ..... 1635023.339341: sys_nanosleep -> 0x0
           <...>-819     [003] ..... 1635023.339341: sys_futex(uaddr: 695cb00, op: 80, val: 0, utime: 7fa5de566d58, uaddr2: 0, val3: 0)
             exe-1049722 [002] ..... 1635023.339343: sys_ptrace -> 0x0
             exe-1049722 [002] ..... 1635023.339344: sys_ptrace(request: 1f, pid: 100616, addr: 0, data: 0)
             exe-1049673 [000] ..... 1635023.339347: sys_nanosleep(rqtp: c000069f10, rmtp: 0)
             exe-1049722 [002] .N... 1635023.339351: sys_ptrace -> 0x0
             exe-1050134 [002] ..... 1635023.339362: sys_keyctl -> 0xfffffffffffffff3
             exe-1049722 [002] ..... 1635023.339382: sys_wait4(upid: 100616, stat_addr: c000a29bf4, options: 40000002, ru: 0)
             exe-1049722 [002] ..... 1635023.339384: sys_wait4 -> 0x100616
             exe-1049722 [002] ..... 1635023.339387: sys_ptrace(request: 4204, pid: 100616, addr: 1, data: c000a29c70)
             exe-1049722 [002] ..... 1635023.339390: sys_ptrace -> 0x0
             exe-1049722 [002] ..... 1635023.339392: sys_ptrace(request: 4204, pid: 100616, addr: 202, data: c000a29c70)
             exe-1049722 [002] ..... 1635023.339395: sys_ptrace -> 0x0
             exe-1049722 [002] ..... 1635023.339405: sys_pwrite64(fd: 63, buf: 7fd66e248080, count: 5b, pos: 5d)
             exe-1049722 [002] ..... 1635023.339407: tracing_mark_write: keyctl(cmd=0x2, arg2=126, arg3=0x480020000404810, arg4=0xa2475ca5cd2a, arg5=0xf5f5f5f5) end
             exe-1049722 [001] ..... 1635023.410116: tracing_mark_write: keyctl(cmd=0x2, arg2=226, arg3=0x14002018, arg4=16384, arg5=0x10000) start
             exe-1049722 [001] ..... 1635023.410118: sys_pwrite64 -> 0x4a
             exe-1049722 [001] ..... 1635023.410123: sys_ptrace(request: 4205, pid: 100616, addr: 1, data: c000a29c70)
             exe-1049722 [001] ..... 1635023.410126: sys_ptrace -> 0x0
             exe-1049722 [001] ..... 1635023.410127: sys_ptrace(request: 4205, pid: 100616, addr: 202, data: c000a29c70)
             exe-1049567 [000] ..... 1635023.410128: sys_nanosleep -> 0x0
             exe-1049567 [000] ..... 1635023.410134: sys_nanosleep(rqtp: c000069f10, rmtp: 0)
             exe-1049722 [001] ..... 1635023.410135: sys_ptrace -> 0x0
             exe-1049722 [001] ..... 1635023.410137: sys_ptrace(request: 1f, pid: 100616, addr: 0, data: 0)
             exe-1049722 [001] ..... 1635023.410147: sys_ptrace -> 0x0
             exe-1049722 [001] ..... 1635023.410149: sys_wait4(upid: 100616, stat_addr: c000a29bf4, options: 40000002, ru: 0)
             exe-1049673 [000] ..... 1635023.410155: sys_nanosleep -> 0x0
             exe-1049673 [000] ..... 1635023.410161: sys_nanosleep(rqtp: c000069f10, rmtp: 0)
             exe-1050134 [002] ..... 1635023.410167: sys_write -> 0x4a
             exe-1049722 [001] ..... 1635023.410183: sys_wait4 -> 0x100616
             exe-1049722 [001] ..... 1635023.410185: sys_ptrace(request: 4204, pid: 100616, addr: 1, data: c000a29c70)
             exe-1049722 [001] ..... 1635023.410188: sys_ptrace -> 0x0
             exe-1049722 [001] ..... 1635023.410189: sys_ptrace(request: 4204, pid: 100616, addr: 202, data: c000a29c70)
             exe-1049722 [001] ..... 1635023.410191: sys_ptrace -> 0x0
             exe-1049722 [001] ..... 1635023.410197: sys_ptrace(request: 4205, pid: 100616, addr: 1, data: c000a29c70)
             exe-1049722 [001] ..... 1635023.410199: sys_ptrace -> 0x0
             exe-1049722 [001] ..... 1635023.410201: sys_ptrace(request: 4205, pid: 100616, addr: 202, data: c000a29c70)
             exe-1049722 [001] ..... 1635023.410207: sys_ptrace -> 0x0
             exe-1049722 [001] ..... 1635023.410209: sys_ptrace(request: 1f, pid: 100616, addr: 0, data: 0)
             exe-1049722 [001] ..... 1635023.410214: sys_ptrace -> 0x0
             exe-1049722 [001] ..... 1635023.410216: sys_wait4(upid: 100616, stat_addr: c000a29bf4, options: 40000002, ru: 0)
             exe-1050134 [002] ..... 1635023.410220: sys_keyctl -> 0xfffffffffffffff3
             exe-1049722 [001] ..... 1635023.410234: sys_wait4 -> 0x100616
             exe-1049722 [001] ..... 1635023.410238: sys_ptrace(request: 4204, pid: 100616, addr: 1, data: c000a29c70)
             exe-1049722 [001] ..... 1635023.410240: sys_ptrace -> 0x0
             exe-1049722 [001] ..... 1635023.410242: sys_ptrace(request: 4204, pid: 100616, addr: 202, data: c000a29c70)
             exe-1049567 [000] ..... 1635023.410243: sys_nanosleep -> 0x0
             exe-1049722 [001] ..... 1635023.410244: sys_ptrace -> 0x0
             exe-1049567 [000] ..... 1635023.410248: sys_nanosleep(rqtp: c000069f10, rmtp: 0)
             exe-1049722 [001] ..... 1635023.410249: sys_pwrite64(fd: 63, buf: 7fd66e248080, count: 48, pos: 4a)
             exe-1049722 [001] ..... 1635023.410250: tracing_mark_write: keyctl(cmd=0x2, arg2=226, arg3=0x14002018, arg4=16384, arg5=0x10000) end
             exe-1049722 [001] ..... 1635023.473118: tracing_mark_write: keyctl(cmd=0x2, arg2=0xffc57777a426a7dd, arg3=-10, arg4=173, arg5=128) start
             exe-1049722 [001] ..... 1635023.473120: sys_pwrite64 -> 0x4c
             exe-1049722 [001] ..... 1635023.473135: sys_ptrace(request: 4205, pid: 100616, addr: 1, data: c000a29c70)
             exe-1049722 [001] ..... 1635023.473140: sys_ptrace -> 0x0
             exe-1049722 [001] ..... 1635023.473142: sys_ptrace(request: 4205, pid: 100616, addr: 202, data: c000a29c70)
             exe-1049567 [002] ..... 1635023.473167: sys_nanosleep -> 0x0
             exe-1049567 [002] ..... 1635023.473175: sys_nanosleep(rqtp: c000069f10, rmtp: 0)
             exe-1049722 [001] ..... 1635023.473243: sys_ptrace -> 0x0
             exe-1049722 [001] ..... 1635023.473249: sys_ptrace(request: 1f, pid: 100616, addr: 0, data: 0)
             exe-1049722 [001] ..... 1635023.473262: sys_ptrace -> 0x0
             exe-1049722 [001] ..... 1635023.473267: sys_wait4(upid: 100616, stat_addr: c000a29bf4, options: 40000002, ru: 0)
             exe-1050134 [002] ..... 1635023.473269: sys_write -> 0x4c
             exe-1049673 [002] ..... 1635023.473299: sys_nanosleep -> 0x0
             exe-1049673 [002] ..... 1635023.473306: sys_nanosleep(rqtp: c000069f10, rmtp: 0)
             exe-1049722 [001] ..... 1635023.473358: sys_wait4 -> 0x100616
             exe-1049722 [001] ..... 1635023.473366: sys_ptrace(request: 4204, pid: 100616, addr: 1, data: c000a29c70)
             exe-1049722 [001] ..... 1635023.473372: sys_ptrace -> 0x0
             exe-1049722 [001] ..... 1635023.473375: sys_ptrace(request: 4204, pid: 100616, addr: 202, data: c000a29c70)
             exe-1049722 [001] ..... 1635023.473379: sys_ptrace -> 0x0
             exe-1049722 [001] ..... 1635023.473390: sys_ptrace(request: 4205, pid: 100616, addr: 1, data: c000a29c70)
             exe-1049722 [001] ..... 1635023.473394: sys_ptrace -> 0x0
             exe-1049722 [001] ..... 1635023.473395: sys_ptrace(request: 4205, pid: 100616, addr: 202, data: c000a29c70)
             exe-1049722 [001] ..... 1635023.473495: sys_ptrace -> 0x0
             exe-1049722 [001] ..... 1635023.473500: sys_ptrace(request: 1f, pid: 100616, addr: 0, data: 0)
             exe-1049722 [001] ..... 1635023.473513: sys_ptrace -> 0x0
             exe-1049722 [001] ..... 1635023.473517: sys_wait4(upid: 100616, stat_addr: c000a29bf4, options: 40000002, ru: 0)
             exe-1050134 [002] ..... 1635023.473527: sys_keyctl -> 0xfffffffffffffff3
             exe-1049722 [001] ..... 1635023.473606: sys_wait4 -> 0x100616
             exe-1049722 [001] ..... 1635023.473614: sys_ptrace(request: 4204, pid: 100616, addr: 1, data: c000a29c70)
             exe-1049722 [001] ..... 1635023.473621: sys_ptrace -> 0x0
             exe-1049722 [001] ..... 1635023.473623: sys_ptrace(request: 4204, pid: 100616, addr: 202, data: c000a29c70)
             exe-1049722 [001] ..... 1635023.473627: sys_ptrace -> 0x0
             exe-1049722 [001] ..... 1635023.473647: sys_pwrite64(fd: 63, buf: 7fd66e248080, count: 4a, pos: 4c)
             exe-1049722 [001] ..... 1635023.473732: tracing_mark_write: keyctl(cmd=0x2, arg2=0xffc57777a426a7dd, arg3=-10, arg4=173, arg5=128) end
             exe-1049722 [001] ..... 1635023.543636: tracing_mark_write: keyctl(cmd=0x2, arg2=0x92848884838819, arg3=-9, arg4=0, arg5=1024) start
             exe-1049722 [001] ..... 1635023.543638: sys_pwrite64 -> 0x48
             exe-1049722 [001] ..... 1635023.543642: sys_ptrace(request: 4205, pid: 100616, addr: 1, data: c000a29c70)
             exe-1049722 [001] ..... 1635023.543654: sys_ptrace -> 0x0
             exe-1049722 [001] ..... 1635023.543655: sys_ptrace(request: 4205, pid: 100616, addr: 202, data: c000a29c70)
             exe-1049722 [001] ..... 1635023.543662: sys_ptrace -> 0x0
             exe-1049722 [001] ..... 1635023.543664: sys_ptrace(request: 1f, pid: 100616, addr: 0, data: 0)
             exe-1049673 [002] ..... 1635023.543673: sys_nanosleep -> 0x0
             exe-1049722 [001] ..... 1635023.543676: sys_ptrace -> 0x0
             exe-1049722 [001] ..... 1635023.543678: sys_wait4(upid: 100616, stat_addr: c000a29bf4, options: 40000002, ru: 0)
             exe-1050134 [002] ..... 1635023.543744: sys_write -> 0x48
             exe-1049722 [001] ..... 1635023.543780: sys_wait4 -> 0x100616
             exe-1049722 [001] ..... 1635023.543783: sys_ptrace(request: 4204, pid: 100616, addr: 1, data: c000a29c70)
             exe-1049722 [001] ..... 1635023.543802: sys_ptrace -> 0x0
             exe-1049722 [001] ..... 1635023.543803: sys_ptrace(request: 4204, pid: 100616, addr: 202, data: c000a29c70)
             exe-1049722 [001] ..... 1635023.543805: sys_ptrace -> 0x0
             exe-1049673 [002] ..... 1635023.543807: sys_futex(uaddr: 1f09dc0, op: 80, val: 0, utime: c000069eb0, uaddr2: 0, val3: 0)
             exe-1049722 [001] ..... 1635023.543810: sys_ptrace(request: 4205, pid: 100616, addr: 1, data: c000a29c70)
             exe-1049722 [001] ..... 1635023.543813: sys_ptrace -> 0x0
             exe-1049722 [001] ..... 1635023.543814: sys_ptrace(request: 4205, pid: 100616, addr: 202, data: c000a29c70)
             exe-1049567 [002] ..... 1635023.543827: sys_nanosleep -> 0x0
             exe-1049722 [001] ..... 1635023.543833: sys_ptrace -> 0x0
             exe-1049567 [002] ..... 1635023.543834: sys_nanosleep(rqtp: c000069f10, rmtp: 0)
             exe-1049722 [001] ..... 1635023.543834: sys_ptrace(request: 1f, pid: 100616, addr: 0, data: 0)
             exe-1049722 [001] ..... 1635023.543840: sys_ptrace -> 0x0
             exe-1049722 [001] ..... 1635023.543841: sys_wait4(upid: 100616, stat_addr: c000a29bf4, options: 40000002, ru: 0)
             exe-1050134 [002] ..... 1635023.543872: sys_keyctl -> 0xfffffffffffffff3
             exe-1049722 [001] ..... 1635023.543892: sys_wait4 -> 0x100616
             exe-1049722 [001] ..... 1635023.543894: sys_ptrace(request: 4204, pid: 100616, addr: 1, data: c000a29c70)
             exe-1049722 [001] ..... 1635023.543896: sys_ptrace -> 0x0
             exe-1049722 [001] ..... 1635023.543898: sys_ptrace(request: 4204, pid: 100616, addr: 202, data: c000a29c70)
             exe-1049722 [001] ..... 1635023.543899: sys_ptrace -> 0x0
             exe-1049722 [001] ..... 1635023.543906: sys_pwrite64(fd: 63, buf: 7fd66e248080, count: 46, pos: 48)
             exe-1049722 [001] ..... 1635023.543907: tracing_mark_write: keyctl(cmd=0x2, arg2=0x92848884838819, arg3=-9, arg4=0, arg5=1024) end
             exe-1049722 [000] ..... 1635023.613952: tracing_mark_write: keyctl(cmd=0x2, arg2=0x910700000a, arg3=0x43000008, arg4=256, arg5=0x80000000) start
             exe-1049567 [002] ..... 1635023.613962: sys_nanosleep -> 0x0
             exe-1049722 [000] ..... 1635023.613964: sys_pwrite64 -> 0x54
             exe-1049567 [002] ..... 1635023.613968: sys_nanosleep(rqtp: c000069f10, rmtp: 0)
             exe-1049722 [000] ..... 1635023.613971: sys_ptrace(request: 4205, pid: 100616, addr: 1, data: c000a29c70)
             exe-1049722 [000] ..... 1635023.613980: sys_ptrace -> 0x0
             exe-1049722 [000] ..... 1635023.613982: sys_ptrace(request: 4205, pid: 100616, addr: 202, data: c000a29c70)
             exe-1049722 [000] ..... 1635023.613992: sys_ptrace -> 0x0
             exe-1049722 [000] ..... 1635023.613994: sys_ptrace(request: 1f, pid: 100616, addr: 0, data: 0)
             exe-1049722 [000] ..... 1635023.614001: sys_ptrace -> 0x0
             exe-1049722 [000] ..... 1635023.614004: sys_wait4(upid: 100616, stat_addr: c000a29bf4, options: 40000002, ru: 0)
             exe-1050134 [002] ..... 1635023.614046: sys_write -> 0x54
             exe-1049673 [002] ..... 1635023.614072: sys_nanosleep -> 0x0
             exe-1049722 [000] ..... 1635023.614072: sys_wait4 -> 0x100616
             exe-1049722 [000] ..... 1635023.614075: sys_ptrace(request: 4204, pid: 100616, addr: 1, data: c000a29c70)
             exe-1049673 [002] ..... 1635023.614078: sys_nanosleep(rqtp: c000069f10, rmtp: 0)
             exe-1049722 [000] ..... 1635023.614079: sys_ptrace -> 0x0
             exe-1049722 [000] ..... 1635023.614081: sys_ptrace(request: 4204, pid: 100616, addr: 202, data: c000a29c70)
             exe-1049722 [000] ..... 1635023.614083: sys_ptrace -> 0x0
             exe-1049722 [000] ..... 1635023.614089: sys_ptrace(request: 4205, pid: 100616, addr: 1, data: c000a29c70)
             exe-1049567 [002] ..... 1635023.614103: sys_nanosleep -> 0x0
             exe-1049722 [000] ..... 1635023.614104: sys_ptrace -> 0x0
             exe-1049722 [000] ..... 1635023.614106: sys_ptrace(request: 4205, pid: 100616, addr: 202, data: c000a29c70)
             exe-1049567 [002] ..... 1635023.614109: sys_nanosleep(rqtp: c000069f10, rmtp: 0)
             exe-1049722 [000] ..... 1635023.614114: sys_ptrace -> 0x0
             exe-1049722 [000] ..... 1635023.614116: sys_ptrace(request: 1f, pid: 100616, addr: 0, data: 0)
             exe-1049722 [000] ..... 1635023.614120: sys_ptrace -> 0x0
             exe-1049722 [000] ..... 1635023.614122: sys_wait4(upid: 100616, stat_addr: c000a29bf4, options: 40000002, ru: 0)
             exe-1050134 [002] ..... 1635023.614134: sys_keyctl -> 0xfffffffffffffff3
             exe-1049722 [000] ..... 1635023.614162: sys_wait4 -> 0x100616
             exe-1049722 [000] ..... 1635023.614165: sys_ptrace(request: 4204, pid: 100616, addr: 1, data: c000a29c70)
             exe-1049673 [002] ..... 1635023.614214: sys_nanosleep -> 0x0
             exe-1049722 [000] ..... 1635023.614214: sys_ptrace -> 0x0
             exe-1049722 [000] ..... 1635023.614216: sys_ptrace(request: 4204, pid: 100616, addr: 202, data: c000a29c70)
             exe-1049722 [000] ..... 1635023.614219: sys_ptrace -> 0x0
             exe-1049673 [002] ..... 1635023.614219: sys_nanosleep(rqtp: c000069f10, rmtp: 0)
             exe-1049722 [000] ..... 1635023.614226: sys_pwrite64(fd: 63, buf: 7fd66e248080, count: 52, pos: 54)
             exe-1049722 [000] ..... 1635023.614227: tracing_mark_write: keyctl(cmd=0x2, arg2=0x910700000a, arg3=0x43000008, arg4=256, arg5=0x80000000) end
             exe-1049722 [000] ..... 1635023.684953: tracing_mark_write: keyctl(cmd=0x2, arg2=0x100000ea, arg3=0xfffb, arg4=0x556230928bd4, arg5=0xd486608c6) start
             exe-1049722 [000] ..... 1635023.684955: sys_pwrite64 -> 0x5a
             exe-1049673 [002] ..... 1635023.684957: sys_nanosleep(rqtp: c000069f10, rmtp: 0)
             exe-1049722 [000] ..... 1635023.684962: sys_ptrace(request: 4205, pid: 100616, addr: 1, data: c000a29c70)
             exe-1049722 [000] ..... 1635023.684966: sys_ptrace -> 0x0
             exe-1049722 [000] ..... 1635023.684968: sys_ptrace(request: 4205, pid: 100616, addr: 202, data: c000a29c70)
             exe-1049567 [002] ..... 1635023.684979: sys_nanosleep -> 0x0
             exe-1049722 [000] ..... 1635023.684980: sys_ptrace -> 0x0
             exe-1049722 [000] ..... 1635023.684982: sys_ptrace(request: 1f, pid: 100616, addr: 0, data: 0)
             exe-1049567 [002] ..... 1635023.684985: sys_nanosleep(rqtp: c000069f10, rmtp: 0)
             exe-1049722 [000] .N... 1635023.684990: sys_ptrace -> 0x0
             exe-1050134 [000] ..... 1635023.685002: sys_write -> 0x5a
             exe-1049722 [000] ..... 1635023.685024: sys_wait4(upid: 100616, stat_addr: c000a29bf4, options: 40000002, ru: 0)
             exe-1049722 [000] ..... 1635023.685027: sys_wait4 -> 0x100616
             exe-1049722 [000] ..... 1635023.685029: sys_ptrace(request: 4204, pid: 100616, addr: 1, data: c000a29c70)
             exe-1049722 [000] ..... 1635023.685034: sys_ptrace -> 0x0
             exe-1049722 [000] ..... 1635023.685036: sys_ptrace(request: 4204, pid: 100616, addr: 202, data: c000a29c70)
             exe-1049722 [000] ..... 1635023.685039: sys_ptrace -> 0x0
             exe-1049722 [000] ..... 1635023.685046: sys_ptrace(request: 4205, pid: 100616, addr: 1, data: c000a29c70)
             exe-1049722 [000] ..... 1635023.685049: sys_ptrace -> 0x0
             exe-1049722 [000] ..... 1635023.685051: sys_ptrace(request: 4205, pid: 100616, addr: 202, data: c000a29c70)
             exe-1049567 [002] ..... 1635023.685063: sys_nanosleep -> 0x0
             exe-1049722 [000] ..... 1635023.685063: sys_ptrace -> 0x0
             exe-1049722 [000] ..... 1635023.685065: sys_ptrace(request: 1f, pid: 100616, addr: 0, data: 0)
             exe-1049567 [002] ..... 1635023.685067: sys_nanosleep(rqtp: c000069f10, rmtp: 0)
             exe-1049722 [000] .N... 1635023.685075: sys_ptrace -> 0x0
             exe-1050134 [000] ..... 1635023.685086: sys_keyctl -> 0xfffffffffffffff3
             exe-1049722 [000] ..... 1635023.685108: sys_wait4(upid: 100616, stat_addr: c000a29bf4, options: 40000002, ru: 0)
             exe-1049722 [000] ..... 1635023.685111: sys_wait4 -> 0x100616
             exe-1049722 [000] ..... 1635023.685113: sys_ptrace(request: 4204, pid: 100616, addr: 1, data: c000a29c70)
             exe-1049722 [000] ..... 1635023.685118: sys_ptrace -> 0x0
             exe-1049722 [000] ..... 1635023.685120: sys_ptrace(request: 4204, pid: 100616, addr: 202, data: c000a29c70)
             exe-1049722 [000] ..... 1635023.685123: sys_ptrace -> 0x0
             exe-1049722 [000] ..... 1635023.685132: sys_pwrite64(fd: 63, buf: 7fd66e248080, count: 58, pos: 5a)
             exe-1049722 [000] ..... 1635023.685134: tracing_mark_write: keyctl(cmd=0x2, arg2=0x100000ea, arg3=0xfffb, arg4=0x556230928bd4, arg5=0xd486608c6) end
             exe-1049722 [000] ..... 1635023.748834: tracing_mark_write: keyctl(cmd=0x2, arg2=139, arg3=0xd9125d1425d4, arg4=158, arg5=120) start
             exe-1049722 [000] ..... 1635023.748836: sys_pwrite64 -> 0x48
             exe-1049722 [000] ..... 1635023.748843: sys_ptrace(request: 4205, pid: 100616, addr: 1, data: c000a29c70)
             exe-1049722 [000] ..... 1635023.748847: sys_ptrace -> 0x0
             exe-1049722 [000] ..... 1635023.748849: sys_ptrace(request: 4205, pid: 100616, addr: 202, data: c000a29c70)
             exe-1049722 [000] ..... 1635023.748861: sys_ptrace -> 0x0
             exe-1049722 [000] ..... 1635023.748863: sys_ptrace(request: 1f, pid: 100616, addr: 0, data: 0)
             exe-1049722 [000] .N... 1635023.748872: sys_ptrace -> 0x0
             exe-1049673 [002] ..... 1635023.748879: sys_nanosleep -> 0x0
             exe-1049673 [002] ..... 1635023.748882: sys_nanosleep(rqtp: c000069f10, rmtp: 0)
             exe-1050134 [000] ..... 1635023.748884: sys_write -> 0x48
             exe-1049722 [000] ..... 1635023.748905: sys_wait4(upid: 100616, stat_addr: c000a29bf4, options: 40000002, ru: 0)
             exe-1049722 [000] ..... 1635023.748908: sys_wait4 -> 0x100616
             exe-1049722 [000] ..... 1635023.748911: sys_ptrace(request: 4204, pid: 100616, addr: 1, data: c000a29c70)
             exe-1049722 [000] ..... 1635023.748916: sys_ptrace -> 0x0
             exe-1049722 [000] ..... 1635023.748918: sys_ptrace(request: 4204, pid: 100616, addr: 202, data: c000a29c70)
             exe-1049722 [000] ..... 1635023.748921: sys_ptrace -> 0x0
             exe-1049567 [001] ..... 1635023.748925: sys_nanosleep -> 0x0
             exe-1049722 [000] ..... 1635023.748928: sys_ptrace(request: 4205, pid: 100616, addr: 1, data: c000a29c70)
             exe-1049567 [001] ..... 1635023.748929: sys_nanosleep(rqtp: c000069f10, rmtp: 0)
             exe-1049722 [000] ..... 1635023.748931: sys_ptrace -> 0x0
             exe-1049722 [000] ..... 1635023.748933: sys_ptrace(request: 4205, pid: 100616, addr: 202, data: c000a29c70)
             exe-1049722 [000] ..... 1635023.748944: sys_ptrace -> 0x0
             exe-1049722 [000] ..... 1635023.748946: sys_ptrace(request: 1f, pid: 100616, addr: 0, data: 0)
             exe-1049722 [000] .N... 1635023.748954: sys_ptrace -> 0x0
             exe-1050134 [000] ..... 1635023.748965: sys_keyctl -> 0xfffffffffffffff3
             exe-1049673 [002] ..... 1635023.748967: sys_nanosleep -> 0x0
             exe-1049673 [002] ..... 1635023.748969: sys_nanosleep(rqtp: c000069f10, rmtp: 0)
             exe-1049722 [000] ..... 1635023.748987: sys_wait4(upid: 100616, stat_addr: c000a29bf4, options: 40000002, ru: 0)
             exe-1049722 [000] ..... 1635023.748990: sys_wait4 -> 0x100616
             exe-1049722 [000] ..... 1635023.748992: sys_ptrace(request: 4204, pid: 100616, addr: 1, data: c000a29c70)
             exe-1049722 [000] ..... 1635023.748997: sys_ptrace -> 0x0
             exe-1049722 [000] ..... 1635023.748999: sys_ptrace(request: 4204, pid: 100616, addr: 202, data: c000a29c70)
             exe-1049722 [000] ..... 1635023.749002: sys_ptrace -> 0x0
             exe-1049722 [000] ..... 1635023.749012: sys_pwrite64(fd: 63, buf: 7fd66e248080, count: 46, pos: 48)
             exe-1049722 [000] ..... 1635023.749014: tracing_mark_write: keyctl(cmd=0x2, arg2=139, arg3=0xd9125d1425d4, arg4=158, arg5=120) end
             exe-1049722 [000] ..... 1635023.819732: tracing_mark_write: keyctl(cmd=0x2, arg2=64, arg3=160, arg4=-5, arg5=0xfc87c76bc673) start
             exe-1049722 [000] ..... 1635023.819734: sys_pwrite64 -> 0x46
             exe-1049722 [000] ..... 1635023.819740: sys_ptrace(request: 4205, pid: 100616, addr: 1, data: c000a29c70)
             exe-1049722 [000] ..... 1635023.819743: sys_ptrace -> 0x0
             exe-1049722 [000] ..... 1635023.819744: sys_ptrace(request: 4205, pid: 100616, addr: 202, data: c000a29c70)
             exe-1049567 [001] ..... 1635023.819751: sys_nanosleep -> 0x0
             exe-1049722 [000] ..... 1635023.819755: sys_ptrace -> 0x0
             exe-1049567 [001] ..... 1635023.819757: sys_nanosleep(rqtp: c000069f10, rmtp: 0)
             exe-1049722 [000] ..... 1635023.819757: sys_ptrace(request: 1f, pid: 100616, addr: 0, data: 0)
             exe-1049722 [000] .N... 1635023.819763: sys_ptrace -> 0x0
             exe-1049673 [002] ..... 1635023.819763: sys_nanosleep -> 0x0
             exe-1049673 [002] ..... 1635023.819766: sys_nanosleep(rqtp: c000069f10, rmtp: 0)
             exe-1050134 [000] ..... 1635023.819773: sys_write -> 0x46
             exe-1049722 [000] ..... 1635023.819793: sys_wait4(upid: 100616, stat_addr: c000a29bf4, options: 40000002, ru: 0)
             exe-1049722 [000] ..... 1635023.819796: sys_wait4 -> 0x100616
             exe-1049722 [000] ..... 1635023.819798: sys_ptrace(request: 4204, pid: 100616, addr: 1, data: c000a29c70)
             exe-1049722 [000] ..... 1635023.819802: sys_ptrace -> 0x0
             exe-1049722 [000] ..... 1635023.819803: sys_ptrace(request: 4204, pid: 100616, addr: 202, data: c000a29c70)
             exe-1049722 [000] ..... 1635023.819806: sys_ptrace -> 0x0
             exe-1049722 [000] ..... 1635023.819812: sys_ptrace(request: 4205, pid: 100616, addr: 1, data: c000a29c70)
             exe-1049722 [000] ..... 1635023.819814: sys_ptrace -> 0x0
             exe-1049722 [000] ..... 1635023.819815: sys_ptrace(request: 4205, pid: 100616, addr: 202, data: c000a29c70)
             exe-1049722 [000] ..... 1635023.819824: sys_ptrace -> 0x0
             exe-1049722 [000] ..... 1635023.819826: sys_ptrace(request: 1f, pid: 100616, addr: 0, data: 0)
             exe-1049722 [000] .N... 1635023.819832: sys_ptrace -> 0x0
             exe-1050134 [000] ..... 1635023.819842: sys_keyctl -> 0xfffffffffffffff3
             exe-1049673 [002] ..... 1635023.819853: sys_nanosleep -> 0x0
             exe-1049673 [002] ..... 1635023.819855: sys_nanosleep(rqtp: c000069f10, rmtp: 0)
             exe-1049567 [001] ..... 1635023.819858: sys_nanosleep -> 0x0
             exe-1049722 [000] ..... 1635023.819860: sys_wait4(upid: 100616, stat_addr: c000a29bf4, options: 40000002, ru: 0)
             exe-1049722 [000] ..... 1635023.819862: sys_wait4 -> 0x100616
             exe-1049567 [001] ..... 1635023.819863: sys_nanosleep(rqtp: c000069f10, rmtp: 0)
             exe-1049722 [000] ..... 1635023.819864: sys_ptrace(request: 4204, pid: 100616, addr: 1, data: c000a29c70)
             exe-1049722 [000] ..... 1635023.819868: sys_ptrace -> 0x0
             exe-1049722 [000] ..... 1635023.819869: sys_ptrace(request: 4204, pid: 100616, addr: 202, data: c000a29c70)
             exe-1049722 [000] ..... 1635023.819871: sys_ptrace -> 0x0
             exe-1049722 [000] ..... 1635023.819880: sys_pwrite64(fd: 63, buf: 7fd66e248080, count: 44, pos: 46)
             exe-1049722 [000] ..... 1635023.819881: tracing_mark_write: keyctl(cmd=0x2, arg2=64, arg3=160, arg4=-5, arg5=0xfc87c76bc673) end
             exe-1049722 [000] ..... 1635023.887507: tracing_mark_write: keyctl(cmd=0x2, arg2=-1, arg3=0xce0d4f82c7, arg4=0x373fd8d6f3, arg5=100) start
             exe-1049722 [000] ..... 1635023.887509: sys_pwrite64 -> 0x4e
             exe-1049722 [000] ..... 1635023.887515: sys_ptrace(request: 4205, pid: 100616, addr: 1, data: c000a29c70)
             exe-1049722 [000] ..... 1635023.887517: sys_ptrace -> 0x0
             exe-1049722 [000] ..... 1635023.887519: sys_ptrace(request: 4205, pid: 100616, addr: 202, data: c000a29c70)
             exe-1049722 [000] ..... 1635023.887530: sys_ptrace -> 0x0
             exe-1049722 [000] ..... 1635023.887532: sys_ptrace(request: 1f, pid: 100616, addr: 0, data: 0)
             exe-1049722 [000] .N... 1635023.887539: sys_ptrace -> 0x0
             exe-1050134 [000] ..... 1635023.887550: sys_write -> 0x4e
             exe-1049567 [001] ..... 1635023.887560: sys_nanosleep -> 0x0
             exe-1049567 [001] ..... 1635023.887562: sys_nanosleep(rqtp: c000069f10, rmtp: 0)
             exe-1049722 [000] ..... 1635023.887569: sys_wait4(upid: 100616, stat_addr: c000a29bf4, options: 40000002, ru: 0)
             exe-1049722 [000] ..... 1635023.887572: sys_wait4 -> 0x100616
             exe-1049722 [000] ..... 1635023.887574: sys_ptrace(request: 4204, pid: 100616, addr: 1, data: c000a29c70)
             exe-1049722 [000] ..... 1635023.887578: sys_ptrace -> 0x0
             exe-1049722 [000] ..... 1635023.887580: sys_ptrace(request: 4204, pid: 100616, addr: 202, data: c000a29c70)
             exe-1049722 [000] ..... 1635023.887582: sys_ptrace -> 0x0
             exe-1049722 [000] ..... 1635023.887588: sys_ptrace(request: 4205, pid: 100616, addr: 1, data: c000a29c70)
             exe-1049673 [002] ..... 1635023.887590: sys_nanosleep -> 0x0
             exe-1049722 [000] ..... 1635023.887591: sys_ptrace -> 0x0
             exe-1049673 [002] ..... 1635023.887592: sys_nanosleep(rqtp: c000069f10, rmtp: 0)
             exe-1049722 [000] ..... 1635023.887592: sys_ptrace(request: 4205, pid: 100616, addr: 202, data: c000a29c70)
             exe-1049722 [000] ..... 1635023.887602: sys_ptrace -> 0x0
             exe-1049722 [000] ..... 1635023.887604: sys_ptrace(request: 1f, pid: 100616, addr: 0, data: 0)
             exe-1049722 [000] .N... 1635023.887611: sys_ptrace -> 0x0
             exe-1050134 [000] ..... 1635023.887621: sys_keyctl -> 0xfffffffffffffff3
             exe-1049722 [000] ..... 1635023.887640: sys_wait4(upid: 100616, stat_addr: c000a29bf4, options: 40000002, ru: 0)
             exe-1049722 [000] ..... 1635023.887643: sys_wait4 -> 0x100616
             exe-1049722 [000] ..... 1635023.887645: sys_ptrace(request: 4204, pid: 100616, addr: 1, data: c000a29c70)
             exe-1049567 [001] ..... 1635023.887648: sys_nanosleep -> 0x0
             exe-1049722 [000] ..... 1635023.887649: sys_ptrace -> 0x0
             exe-1049567 [001] ..... 1635023.887650: sys_nanosleep(rqtp: c000069f10, rmtp: 0)
             exe-1049722 [000] ..... 1635023.887650: sys_ptrace(request: 4204, pid: 100616, addr: 202, data: c000a29c70)
             exe-1049722 [000] ..... 1635023.887653: sys_ptrace -> 0x0
             exe-1049722 [000] ..... 1635023.887662: sys_pwrite64(fd: 63, buf: 7fd66e248080, count: 4c, pos: 4e)
             exe-1049722 [000] ..... 1635023.887663: tracing_mark_write: keyctl(cmd=0x2, arg2=-1, arg3=0xce0d4f82c7, arg4=0x373fd8d6f3, arg5=100) end
             exe-1049722 [002] ..... 1635023.945036: tracing_mark_write: keyctl(cmd=0x2, arg2=0x5050505, arg3=0x107a3000, arg4=0x200e4e4, arg5=0xffff) start
             exe-1049722 [002] ..... 1635023.945037: sys_pwrite64 -> 0x53
             exe-1049567 [001] ..... 1635023.945039: sys_nanosleep -> 0x0
             exe-1049567 [001] ..... 1635023.945041: sys_nanosleep(rqtp: c000069f10, rmtp: 0)
             exe-1049722 [002] ..... 1635023.945045: sys_ptrace(request: 4205, pid: 100616, addr: 1, data: c000a29c70)
             exe-1049722 [002] ..... 1635023.945047: sys_ptrace -> 0x0
             exe-1049722 [002] ..... 1635023.945049: sys_ptrace(request: 4205, pid: 100616, addr: 202, data: c000a29c70)
             exe-1049722 [002] ..... 1635023.945060: sys_ptrace -> 0x0
             exe-1049722 [002] ..... 1635023.945062: sys_ptrace(request: 1f, pid: 100616, addr: 0, data: 0)
             exe-1049722 [002] ..... 1635023.945078: sys_ptrace -> 0x0
             exe-1049722 [002] ..... 1635023.945080: sys_wait4(upid: 100616, stat_addr: c000a29bf4, options: 40000002, ru: 0)
             exe-1050134 [000] ..... 1635023.945095: sys_write -> 0x53
             exe-1049722 [002] ..... 1635023.945115: sys_wait4 -> 0x100616
             exe-1049722 [002] ..... 1635023.945117: sys_ptrace(request: 4204, pid: 100616, addr: 1, data: c000a29c70)
             exe-1049722 [002] ..... 1635023.945121: sys_ptrace -> 0x0
             exe-1049722 [002] ..... 1635023.945122: sys_ptrace(request: 4204, pid: 100616, addr: 202, data: c000a29c70)
             exe-1049722 [002] ..... 1635023.945124: sys_ptrace -> 0x0
             exe-1049567 [001] ..... 1635023.945128: sys_nanosleep -> 0x0
             exe-1049567 [001] ..... 1635023.945130: sys_nanosleep(rqtp: c000069f10, rmtp: 0)
             exe-1049722 [002] ..... 1635023.945130: sys_ptrace(request: 4205, pid: 100616, addr: 1, data: c000a29c70)
             exe-1049722 [002] ..... 1635023.945133: sys_ptrace -> 0x0
             exe-1049722 [002] ..... 1635023.945134: sys_ptrace(request: 4205, pid: 100616, addr: 202, data: c000a29c70)
             exe-1049722 [002] ..... 1635023.945141: sys_ptrace -> 0x0
             exe-1049722 [002] ..... 1635023.945143: sys_ptrace(request: 1f, pid: 100616, addr: 0, data: 0)
             exe-1049722 [002] ..... 1635023.945152: sys_ptrace -> 0x0
             exe-1049722 [002] ..... 1635023.945154: sys_wait4(upid: 100616, stat_addr: c000a29bf4, options: 40000002, ru: 0)
             exe-1050134 [000] ..... 1635023.945166: sys_keyctl -> 0xfffffffffffffff3
             exe-1049722 [002] ..... 1635023.945180: sys_wait4 -> 0x100616
             exe-1049722 [002] ..... 1635023.945183: sys_ptrace(request: 4204, pid: 100616, addr: 1, data: c000a29c70)
             exe-1049722 [002] ..... 1635023.945186: sys_ptrace -> 0x0
             exe-1049722 [002] ..... 1635023.945187: sys_ptrace(request: 4204, pid: 100616, addr: 202, data: c000a29c70)
             exe-1049722 [002] ..... 1635023.945189: sys_ptrace -> 0x0
             exe-1049722 [002] ..... 1635023.945195: sys_pwrite64(fd: 63, buf: 7fd66e248080, count: 51, pos: 53)
