             exe-1049722 [002] ..... 1635023.945196: tracing_mark_write: keyctl(cmd=0x2, arg2=0x5050505, arg3=0x107a3000, arg4=0x200e4e4, arg5=0xffff) end
             exe-1049722 [002] ..... 1635024.011085: tracing_mark_write: keyctl(cmd=0x2, arg2=0x2192eb436aad985f, arg3=0x200020010, arg4=-8, arg5=0x46a9c4014e) start
             exe-1049722 [002] ..... 1635024.011087: sys_pwrite64 -> 0x5c
             exe-1049567 [001] ..... 1635024.011087: sys_nanosleep(rqtp: c000069f10, rmtp: 0)
             exe-1049722 [002] ..... 1635024.011095: sys_ptrace(request: 4205, pid: 100616, addr: 1, data: c000a29c70)
             exe-1049722 [002] .N... 1635024.011128: sys_ptrace -> 0x0
             exe-1049673 [002] ..... 1635024.011139: sys_nanosleep -> 0x0
             exe-1049673 [002] ..... 1635024.011146: sys_nanosleep(rqtp: c000069f10, rmtp: 0)
             exe-1049722 [002] ..... 1635024.011176: sys_ptrace(request: 4205, pid: 100616, addr: 202, data: c000a29c70)
             exe-1049722 [002] ..... 1635024.011193: sys_ptrace -> 0x0
             exe-1049722 [002] ..... 1635024.011195: sys_ptrace(request: 1f, pid: 100616, addr: 0, data: 0)
             exe-1049722 [002] ..... 1635024.011209: sys_ptrace -> 0x0
             exe-1049722 [002] ..... 1635024.011213: sys_wait4(upid: 100616, stat_addr: c000a29bf4, options: 40000002, ru: 0)
             exe-1049673 [002] ..... 1635024.011269: sys_nanosleep -> 0x0
             exe-1049673 [002] ..... 1635024.011275: sys_nanosleep(rqtp: c000069f10, rmtp: 0)
             exe-1050134 [000] ..... 1635024.011282: sys_write -> 0x5c
             exe-1049722 [002] ..... 1635024.011311: sys_wait4 -> 0x100616
             exe-1049722 [002] ..... 1635024.011318: sys_ptrace(request: 4204, pid: 100616, addr: 1, data: c000a29c70)
             exe-1049722 [002] ..... 1635024.011323: sys_ptrace -> 0x0
             exe-1049722 [002] ..... 1635024.011325: sys_ptrace(request: 4204, pid: 100616, addr: 202, data: c000a29c70)
             exe-1049722 [002] ..... 1635024.011328: sys_ptrace -> 0x0
             exe-1049722 [002] ..... 1635024.011337: sys_ptrace(request: 4205, pid: 100616, addr: 1, data: c000a29c70)
             exe-1049722 [002] ..... 1635024.011340: sys_ptrace -> 0x0
             exe-1049722 [002] ..... 1635024.011341: sys_ptrace(request: 4205, pid: 100616, addr: 202, data: c000a29c70)
             exe-1049722 [002] ..... 1635024.011356: sys_ptrace -> 0x0
             exe-1049722 [002] ..... 1635024.011358: sys_ptrace(request: 1f, pid: 100616, addr: 0, data: 0)
             exe-1049722 [002] ..... 1635024.011372: sys_ptrace -> 0x0
             exe-1049722 [002] ..... 1635024.011376: sys_wait4(upid: 100616, stat_addr: c000a29bf4, options: 40000002, ru: 0)
             exe-1050134 [000] ..... 1635024.011386: sys_keyctl -> 0xfffffffffffffff3
             exe-1049722 [002] ..... 1635024.011406: sys_wait4 -> 0x100616
             exe-1049673 [002] ..... 1635024.011438: sys_nanosleep -> 0x0
             exe-1049673 [002] ..... 1635024.011445: sys_nanosleep(rqtp: c000069f10, rmtp: 0)
             exe-1049722 [002] ..... 1635024.011467: sys_ptrace(request: 4204, pid: 100616, addr: 1, data: c000a29c70)
             exe-1049722 [002] ..... 1635024.011473: sys_ptrace -> 0x0
             exe-1049722 [002] ..... 1635024.011476: sys_ptrace(request: 4204, pid: 100616, addr: 202, data: c000a29c70)
             exe-1049722 [002] ..... 1635024.011479: sys_ptrace -> 0x0
             exe-1049567 [001] ..... 1635024.011499: sys_nanosleep -> 0x0
             exe-1049567 [001] ..... 1635024.011506: sys_nanosleep(rqtp: c000069f10, rmtp: 0)
             exe-1049722 [002] ..... 1635024.011584: sys_pwrite64(fd: 63, buf: 7fd66e248080, count: 5a, pos: 5c)
             exe-1049722 [002] ..... 1635024.011587: tracing_mark_write: keyctl(cmd=0x2, arg2=0x2192eb436aad985f, arg3=0x200020010, arg4=-8, arg5=0x46a9c4014e) end
             exe-1049722 [002] ..... 1635024.082243: tracing_mark_write: keyctl(cmd=0x2, arg2=232, arg3=-8, arg4=-10, arg5=218) start
             exe-1049722 [002] ..... 1635024.082245: sys_pwrite64 -> 0x3c
             exe-1049567 [001] ..... 1635024.082247: sys_nanosleep(rqtp: c000069f10, rmtp: 0)
             exe-1049722 [002] ..... 1635024.082254: sys_ptrace(request: 4205, pid: 100616, addr: 1, data: c000a29c70)
             exe-1049722 [002] ..... 1635024.082257: sys_ptrace -> 0x0
             exe-1049722 [002] ..... 1635024.082259: sys_ptrace(request: 4205, pid: 100616, addr: 202, data: c000a29c70)
             exe-1049722 [002] ..... 1635024.082274: sys_ptrace -> 0x0
             exe-1049722 [002] ..... 1635024.082276: sys_ptrace(request: 1f, pid: 100616, addr: 0, data: 0)
             exe-1049722 [002] ..... 1635024.082291: sys_ptrace -> 0x0
             exe-1049722 [002] ..... 1635024.082294: sys_wait4(upid: 100616, stat_addr: c000a29bf4, options: 40000002, ru: 0)
             exe-1050134 [000] ..... 1635024.082305: sys_write -> 0x3c
             exe-1049722 [002] ..... 1635024.082323: sys_wait4 -> 0x100616
             exe-1049722 [002] ..... 1635024.082325: sys_ptrace(request: 4204, pid: 100616, addr: 1, data: c000a29c70)
             exe-1049722 [002] ..... 1635024.082328: sys_ptrace -> 0x0
             exe-1049722 [002] ..... 1635024.082329: sys_ptrace(request: 4204, pid: 100616, addr: 202, data: c000a29c70)
             exe-1049722 [002] ..... 1635024.082331: sys_ptrace -> 0x0
             exe-1049722 [002] ..... 1635024.082337: sys_ptrace(request: 4205, pid: 100616, addr: 1, data: c000a29c70)
             exe-1049722 [002] ..... 1635024.082339: sys_ptrace -> 0x0
             exe-1049722 [002] ..... 1635024.082340: sys_ptrace(request: 4205, pid: 100616, addr: 202, data: c000a29c70)
             exe-1049567 [001] ..... 1635024.082348: sys_nanosleep -> 0x0
             exe-1049722 [002] ..... 1635024.082350: sys_ptrace -> 0x0
             exe-1049722 [002] ..... 1635024.082353: sys_ptrace(request: 1f, pid: 100616, addr: 0, data: 0)
             exe-1049567 [001] ..... 1635024.082353: sys_nanosleep(rqtp: c000069f10, rmtp: 0)
             exe-1049722 [002] ..... 1635024.082366: sys_ptrace -> 0x0
             exe-1049722 [002] ..... 1635024.082369: sys_wait4(upid: 100616, stat_addr: c000a29bf4, options: 40000002, ru: 0)
             exe-1050134 [000] ..... 1635024.082377: sys_keyctl -> 0xfffffffffffffff3
             exe-1049722 [002] ..... 1635024.082393: sys_wait4 -> 0x100616
             exe-1049722 [002] ..... 1635024.082398: sys_ptrace(request: 4204, pid: 100616, addr: 1, data: c000a29c70)
             exe-1049722 [002] ..... 1635024.082401: sys_ptrace -> 0x0
             exe-1049722 [002] ..... 1635024.082403: sys_ptrace(request: 4204, pid: 100616, addr: 202, data: c000a29c70)
             exe-1049722 [002] ..... 1635024.082406: sys_ptrace -> 0x0
             exe-1049722 [002] ..... 1635024.082417: sys_pwrite64(fd: 63, buf: 7fd66e248080, count: 3a, pos: 3c)
             exe-1049722 [002] ..... 1635024.082419: tracing_mark_write: keyctl(cmd=0x2, arg2=232, arg3=-8, arg4=-10, arg5=218) end
             exe-1049722 [002] ..... 1635024.142537: tracing_mark_write: keyctl(cmd=0x2, arg2=5, arg3=0x2db8212e0e416a, arg4=0x17d7d7503b7490, arg5=0xffff) start
             exe-1049722 [002] ..... 1635024.142539: sys_pwrite64 -> 0x58
             exe-1049722 [002] ..... 1635024.142545: sys_ptrace(request: 4205, pid: 100616, addr: 1, data: c000a29c70)
             exe-1049722 [002] ..... 1635024.142547: sys_ptrace -> 0x0
             exe-1049722 [002] ..... 1635024.142548: sys_ptrace(request: 4205, pid: 100616, addr: 202, data: c000a29c70)
             exe-1049673 [002] ..... 1635024.142589: sys_nanosleep -> 0x0
             exe-1049673 [002] ..... 1635024.142595: sys_nanosleep(rqtp: c000069f10, rmtp: 0)
             exe-1049722 [002] ..... 1635024.142614: sys_ptrace -> 0x0
             exe-1049722 [002] ..... 1635024.142617: sys_ptrace(request: 1f, pid: 100616, addr: 0, data: 0)
             exe-1049722 [002] ..... 1635024.142629: sys_ptrace -> 0x0
             exe-1049722 [002] ..... 1635024.142632: sys_wait4(upid: 100616, stat_addr: c000a29bf4, options: 40000002, ru: 0)
             exe-1049567 [001] ..... 1635024.142652: sys_nanosleep -> 0x0
             exe-1050134 [000] ..... 1635024.142654: sys_write -> 0x58
             exe-1049567 [001] ..... 1635024.142654: sys_nanosleep(rqtp: c000069f10, rmtp: 0)
             exe-1049673 [002] ..... 1635024.142688: sys_nanosleep -> 0x0
             exe-1049673 [002] ..... 1635024.142693: sys_nanosleep(rqtp: c000069f10, rmtp: 0)
             exe-1049722 [002] ..... 1635024.142712: sys_wait4 -> 0x100616
             exe-1049722 [002] ..... 1635024.142717: sys_ptrace(request: 4204, pid: 100616, addr: 1, data: c000a29c70)
             exe-1049722 [002] ..... 1635024.142721: sys_ptrace -> 0x0
             exe-1049722 [002] ..... 1635024.142722: sys_ptrace(request: 4204, pid: 100616, addr: 202, data: c000a29c70)
             exe-1049722 [002] ..... 1635024.142725: sys_ptrace -> 0x0
             exe-1049722 [002] ..... 1635024.142732: sys_ptrace(request: 4205, pid: 100616, addr: 1, data: c000a29c70)
             exe-1049722 [002] ..... 1635024.142734: sys_ptrace -> 0x0
             exe-1049722 [002] ..... 1635024.142735: sys_ptrace(request: 4205, pid: 100616, addr: 202, data: c000a29c70)
             exe-1049722 [002] ..... 1635024.142744: sys_ptrace -> 0x0
             exe-1049722 [002] ..... 1635024.142746: sys_ptrace(request: 1f, pid: 100616, addr: 0, data: 0)
             exe-1049722 [002] ..... 1635024.142757: sys_ptrace -> 0x0
             exe-1049722 [002] ..... 1635024.142759: sys_wait4(upid: 100616, stat_addr: c000a29bf4, options: 40000002, ru: 0)
             exe-1050134 [000] ..... 1635024.142773: sys_keyctl -> 0xfffffffffffffff3
             exe-1049673 [002] ..... 1635024.142795: sys_nanosleep -> 0x0
             exe-1049673 [002] ..... 1635024.142800: sys_nanosleep(rqtp: c000069f10, rmtp: 0)
             exe-1049722 [002] ..... 1635024.142819: sys_wait4 -> 0x100616
             exe-1049722 [002] ..... 1635024.142824: sys_ptrace(request: 4204, pid: 100616, addr: 1, data: c000a29c70)
             exe-1049722 [002] ..... 1635024.142828: sys_ptrace -> 0x0
             exe-1049722 [002] ..... 1635024.142829: sys_ptrace(request: 4204, pid: 100616, addr: 202, data: c000a29c70)
             exe-1049722 [002] ..... 1635024.142831: sys_ptrace -> 0x0
             exe-1049722 [002] ..... 1635024.142843: sys_pwrite64(fd: 63, buf: 7fd66e248080, count: 56, pos: 58)
             exe-1049722 [002] ..... 1635024.142845: tracing_mark_write: keyctl(cmd=0x2, arg2=5, arg3=0x2db8212e0e416a, arg4=0x17d7d7503b7490, arg5=0xffff) end
             exe-1049722 [002] ..... 1635024.224376: tracing_mark_write: keyctl(cmd=0x2, arg2=0x84848484, arg3=0x12121212, arg4=0x606411da3186, arg5=-3) start
             exe-1049722 [002] ..... 1635024.224378: sys_pwrite64 -> 0x55
             exe-1049722 [002] ..... 1635024.224385: sys_ptrace(request: 4205, pid: 100616, addr: 1, data: c000a29c70)
             exe-1049722 [002] ..... 1635024.224388: sys_ptrace -> 0x0
             exe-1049722 [002] ..... 1635024.224390: sys_ptrace(request: 4205, pid: 100616, addr: 202, data: c000a29c70)
             exe-1049722 [002] ..... 1635024.224399: sys_ptrace -> 0x0
             exe-1049722 [002] ..... 1635024.224401: sys_ptrace(request: 1f, pid: 100616, addr: 0, data: 0)
             exe-1049722 [002] ..... 1635024.224413: sys_ptrace -> 0x0
             exe-1049722 [002] ..... 1635024.224416: sys_wait4(upid: 100616, stat_addr: c000a29bf4, options: 40000002, ru: 0)
             exe-1050134 [003] ..... 1635024.224433: sys_write -> 0x55
             exe-1049722 [002] ..... 1635024.224452: sys_wait4 -> 0x100616
             exe-1049722 [002] ..... 1635024.224455: sys_ptrace(request: 4204, pid: 100616, addr: 1, data: c000a29c70)
             exe-1049722 [002] ..... 1635024.224459: sys_ptrace -> 0x0
             exe-1049722 [002] ..... 1635024.224460: sys_ptrace(request: 4204, pid: 100616, addr: 202, data: c000a29c70)
             exe-1049567 [001] ..... 1635024.224461: sys_nanosleep -> 0x0
             exe-1049722 [002] ..... 1635024.224463: sys_ptrace -> 0x0
             exe-1049567 [001] ..... 1635024.224468: sys_nanosleep(rqtp: c000069f10, rmtp: 0)
             exe-1049722 [002] ..... 1635024.224468: sys_ptrace(request: 4205, pid: 100616, addr: 1, data: c000a29c70)
             exe-1049722 [002] ..... 1635024.224472: sys_ptrace -> 0x0
             exe-1049722 [002] ..... 1635024.224473: sys_ptrace(request: 4205, pid: 100616, addr: 202, data: c000a29c70)
             exe-1049722 [002] ..... 1635024.224481: sys_ptrace -> 0x0
             exe-1049722 [002] ..... 1635024.224483: sys_ptrace(request: 1f, pid: 100616, addr: 0, data: 0)
             exe-1049722 [002] ..... 1635024.224493: sys_ptrace -> 0x0
             exe-1049722 [002] ..... 1635024.224496: sys_wait4(upid: 100616, stat_addr: c000a29bf4, options: 40000002, ru: 0)
             exe-1050134 [003] ..... 1635024.224513: sys_keyctl -> 0xfffffffffffffff3
             exe-1049722 [002] ..... 1635024.224531: sys_wait4 -> 0x100616
             exe-1049722 [002] ..... 1635024.224534: sys_ptrace(request: 4204, pid: 100616, addr: 1, data: c000a29c70)
             exe-1049722 [002] ..... 1635024.224538: sys_ptrace -> 0x0
             exe-1049722 [002] ..... 1635024.224539: sys_ptrace(request: 4204, pid: 100616, addr: 202, data: c000a29c70)
             exe-1049722 [002] ..... 1635024.224542: sys_ptrace -> 0x0
             exe-1049722 [002] ..... 1635024.224549: sys_pwrite64(fd: 63, buf: 7fd66e248080, count: 53, pos: 55)
             exe-1049722 [002] ..... 1635024.224551: tracing_mark_write: keyctl(cmd=0x2, arg2=0x84848484, arg3=0x12121212, arg4=0x606411da3186, arg5=-3) end
             exe-1049722 [002] ..... 1635024.296021: tracing_mark_write: keyctl(cmd=0x2, arg2=0x4062b8521, arg3=0x87620e463f944a, arg4=0x5000016, arg5=0x100000) start
             exe-1049722 [002] ..... 1635024.296023: sys_pwrite64 -> 0x5d
             exe-1049722 [002] ..... 1635024.296033: sys_ptrace(request: 4205, pid: 100616, addr: 1, data: c000a29c70)
             exe-1049722 [002] ..... 1635024.296041: sys_ptrace -> 0x0
             exe-1049722 [002] ..... 1635024.296045: sys_ptrace(request: 4205, pid: 100616, addr: 202, data: c000a29c70)
             exe-1049722 [002] ..... 1635024.296059: sys_ptrace -> 0x0
             exe-1049722 [002] ..... 1635024.296061: sys_ptrace(request: 1f, pid: 100616, addr: 0, data: 0)
             exe-1049722 [002] ..... 1635024.296070: sys_ptrace -> 0x0
             exe-1049722 [002] ..... 1635024.296073: sys_wait4(upid: 100616, stat_addr: c000a29bf4, options: 40000002, ru: 0)
             exe-1050134 [001] ..... 1635024.296084: sys_write -> 0x5d
             exe-1049722 [002] ..... 1635024.296103: sys_wait4 -> 0x100616
             exe-1049722 [002] ..... 1635024.296106: sys_ptrace(request: 4204, pid: 100616, addr: 1, data: c000a29c70)
             exe-1049722 [002] ..... 1635024.296109: sys_ptrace -> 0x0
             exe-1049722 [002] ..... 1635024.296111: sys_ptrace(request: 4204, pid: 100616, addr: 202, data: c000a29c70)
             exe-1049722 [002] ..... 1635024.296113: sys_ptrace -> 0x0
             exe-1049722 [002] ..... 1635024.296118: sys_ptrace(request: 4205, pid: 100616, addr: 1, data: c000a29c70)
             exe-1049722 [002] ..... 1635024.296121: sys_ptrace -> 0x0
             exe-1049722 [002] ..... 1635024.296122: sys_ptrace(request: 4205, pid: 100616, addr: 202, data: c000a29c70)
             exe-1049722 [002] ..... 1635024.296129: sys_ptrace -> 0x0
             exe-1049722 [002] ..... 1635024.296131: sys_ptrace(request: 1f, pid: 100616, addr: 0, data: 0)
             exe-1049722 [002] ..... 1635024.296137: sys_ptrace -> 0x0
             exe-1049722 [002] ..... 1635024.296139: sys_wait4(upid: 100616, stat_addr: c000a29bf4, options: 40000002, ru: 0)
             exe-1050134 [001] ..... 1635024.296171: sys_keyctl -> 0xfffffffffffffff3
             exe-1049722 [002] ..... 1635024.296189: sys_wait4 -> 0x100616
             exe-1049722 [002] ..... 1635024.296211: sys_ptrace(request: 4204, pid: 100616, addr: 1, data: c000a29c70)
             exe-1049673 [002] ..... 1635024.296223: sys_nanosleep -> 0x0
             exe-1049673 [002] ..... 1635024.296229: sys_nanosleep(rqtp: c000069f10, rmtp: 0)
             exe-1049722 [002] ..... 1635024.296256: sys_ptrace -> 0x0
             exe-1049722 [002] ..... 1635024.296260: sys_ptrace(request: 4204, pid: 100616, addr: 202, data: c000a29c70)
             exe-1049722 [002] ..... 1635024.296267: sys_ptrace -> 0x0
             exe-1049722 [002] ..... 1635024.296282: sys_pwrite64(fd: 63, buf: 7fd66e248080, count: 5b, pos: 5d)
             exe-1049722 [002] ..... 1635024.296283: tracing_mark_write: keyctl(cmd=0x2, arg2=0x4062b8521, arg3=0x87620e463f944a, arg4=0x5000016, arg5=0x100000) end
             exe-1049722 [002] ..... 1635024.374959: tracing_mark_write: keyctl(cmd=0x2, arg2=2778, arg3=2, arg4=0x40000000, arg5=0xf6d371) start
             exe-1049722 [002] ..... 1635024.374961: sys_pwrite64 -> 0x48
             exe-1049722 [002] ..... 1635024.374967: sys_ptrace(request: 4205, pid: 100616, addr: 1, data: c000a29c70)
             exe-1049722 [002] ..... 1635024.374969: sys_ptrace -> 0x0
             exe-1049722 [002] ..... 1635024.374970: sys_ptrace(request: 4205, pid: 100616, addr: 202, data: c000a29c70)
             exe-1049722 [002] ..... 1635024.374988: sys_ptrace -> 0x0
             exe-1049722 [002] ..... 1635024.374989: sys_ptrace(request: 1f, pid: 100616, addr: 0, data: 0)
             exe-1050232 [003] ..... 1635024.374995: sys_ptrace(request: 4205, pid: 100706, addr: 1, data: c0006c1c70)
             exe-1050232 [003] ..... 1635024.374999: sys_ptrace -> 0x0
             exe-1050232 [003] ..... 1635024.375001: sys_ptrace(request: 4205, pid: 100706, addr: 202, data: c0006c1c70)
             exe-1049722 [002] ..... 1635024.375004: sys_ptrace -> 0x0
             exe-1049722 [002] ..... 1635024.375006: sys_wait4(upid: 100616, stat_addr: c000a29bf4, options: 40000002, ru: 0)
             exe-1050232 [003] ..... 1635024.375014: sys_ptrace -> 0x0
             exe-1050232 [003] ..... 1635024.375016: sys_ptrace(request: 1f, pid: 100706, addr: 0, data: 0)
             exe-1050134 [001] ..... 1635024.375025: sys_write -> 0x48
             exe-1050232 [003] ..... 1635024.375026: sys_ptrace -> 0x0
             exe-1050232 [003] ..... 1635024.375029: sys_wait4(upid: 100706, stat_addr: c0006c1bf4, options: 40000002, ru: 0)
             exe-1050374 [002] ..... 1635024.375043: sys_getrandom -> 0x8
             exe-1050232 [003] ..... 1635024.375067: sys_wait4 -> 0x100706
             exe-1050232 [003] ..... 1635024.375070: sys_ptrace(request: 4204, pid: 100706, addr: 1, data: c0006c1c70)
             exe-1049722 [002] ..... 1635024.375071: sys_wait4 -> 0x100616
             exe-1050232 [003] ..... 1635024.375073: sys_ptrace -> 0x0
             exe-1050232 [003] ..... 1635024.375074: sys_ptrace(request: 4204, pid: 100706, addr: 202, data: c0006c1c70)
             exe-1049722 [002] ..... 1635024.375076: sys_ptrace(request: 4204, pid: 100616, addr: 1, data: c000a29c70)
             exe-1050232 [003] ..... 1635024.375076: sys_ptrace -> 0x0
             exe-1049722 [002] ..... 1635024.375080: sys_ptrace -> 0x0
             exe-1050232 [003] ..... 1635024.375081: sys_ptrace(request: 4205, pid: 100706, addr: 1, data: c0006c1c70)
             exe-1049722 [002] ..... 1635024.375081: sys_ptrace(request: 4204, pid: 100616, addr: 202, data: c000a29c70)
             exe-1050232 [003] ..... 1635024.375083: sys_ptrace -> 0x0
             exe-1049722 [002] ..... 1635024.375083: sys_ptrace -> 0x0
             exe-1050232 [003] ..... 1635024.375084: sys_ptrace(request: 4205, pid: 100706, addr: 202, data: c0006c1c70)
             exe-1050232 [003] ..... 1635024.375090: sys_ptrace -> 0x0
             exe-1049722 [002] ..... 1635024.375091: sys_ptrace(request: 4205, pid: 100616, addr: 1, data: c000a29c70)
             exe-1050232 [003] ..... 1635024.375092: sys_ptrace(request: 1f, pid: 100706, addr: 0, data: 0)
             exe-1049722 [002] ..... 1635024.375094: sys_ptrace -> 0x0
             exe-1049722 [002] ..... 1635024.375095: sys_ptrace(request: 4205, pid: 100616, addr: 202, data: c000a29c70)
             exe-1050232 [003] ..... 1635024.375098: sys_ptrace -> 0x0
             exe-1050232 [003] ..... 1635024.375100: sys_wait4(upid: 100706, stat_addr: c0006c1bf4, options: 40000002, ru: 0)
             exe-1050374 [002] ..... 1635024.375112: sys_brk -> 0x55c9ff20b000
             exe-1050232 [003] ..... 1635024.375129: sys_wait4 -> 0x100706
             exe-1050232 [003] ..... 1635024.375131: sys_ptrace(request: 4204, pid: 100706, addr: 1, data: c0006c1c70)
             exe-1049722 [002] ..... 1635024.375147: sys_ptrace -> 0x0
             exe-1049722 [002] ..... 1635024.375151: sys_ptrace(request: 1f, pid: 100616, addr: 0, data: 0)
             exe-1049981 [003] ..... 1635024.375153: sys_epoll_pwait -> 0x0
             exe-1049981 [003] ..... 1635024.375163: sys_epoll_pwait(epfd: 11, events: c00063b840, maxevents: 80, timeout: 1, sigmask: 0, sigsetsize: 0)
             exe-1049722 [002] ..... 1635024.375164: sys_ptrace -> 0x0
             exe-1049722 [002] ..... 1635024.375167: sys_wait4(upid: 100616, stat_addr: c000a29bf4, options: 40000002, ru: 0)
             exe-1050232 [003] ..... 1635024.375171: sys_ptrace -> 0x0
             exe-1050232 [003] ..... 1635024.375172: sys_ptrace(request: 4204, pid: 100706, addr: 202, data: c0006c1c70)
             exe-1050232 [003] ..... 1635024.375175: sys_ptrace -> 0x0
             exe-1050134 [001] ..... 1635024.375177: sys_keyctl -> 0xfffffffffffffff3
             exe-1050232 [003] ..... 1635024.375184: sys_ptrace(request: 4205, pid: 100706, addr: 1, data: c0006c1c70)
             exe-1050232 [003] ..... 1635024.375187: sys_ptrace -> 0x0
             exe-1050232 [003] ..... 1635024.375188: sys_ptrace(request: 4205, pid: 100706, addr: 202, data: c0006c1c70)
             exe-1049722 [002] ..... 1635024.375193: sys_wait4 -> 0x100616
             exe-1049722 [002] ..... 1635024.375196: sys_ptrace(request: 4204, pid: 100616, addr: 1, data: c000a29c70)
             exe-1050232 [003] ..... 1635024.375196: sys_ptrace -> 0x0
             exe-1050232 [003] ..... 1635024.375197: sys_ptrace(request: 1f, pid: 100706, addr: 0, data: 0)
             exe-1049722 [002] ..... 1635024.375199: sys_ptrace -> 0x0
             exe-1049722 [002] ..... 1635024.375200: sys_ptrace(request: 4204, pid: 100616, addr: 202, data: c000a29c70)
             exe-1050232 [003] ..... 1635024.375204: sys_ptrace -> 0x0
             exe-1050232 [003] ..... 1635024.375206: sys_wait4(upid: 100706, stat_addr: c0006c1bf4, options: 40000002, ru: 0)
             exe-1049722 [002] .N... 1635024.375207: sys_ptrace -> 0x0
             exe-1050374 [002] ..... 1635024.375215: sys_brk -> 0x55c9ff22c000
             exe-1050232 [003] ..... 1635024.375243: sys_wait4 -> 0x100706
             exe-1050232 [003] ..... 1635024.375245: sys_ptrace(request: 4204, pid: 100706, addr: 1, data: c0006c1c70)
             exe-1050232 [003] ..... 1635024.375248: sys_ptrace -> 0x0
             exe-1050232 [003] ..... 1635024.375249: sys_ptrace(request: 4204, pid: 100706, addr: 202, data: c0006c1c70)
             exe-1050232 [003] ..... 1635024.375251: sys_ptrace -> 0x0
             exe-1050232 [003] ..... 1635024.375252: sys_ptrace(request: 4202, pid: 100706, addr: 0, data: c00465ed10)
             exe-1050232 [003] ..... 1635024.375253: sys_ptrace -> 0x0
             exe-1049722 [002] ..... 1635024.375260: sys_pwrite64(fd: 63, buf: 7fd66e248080, count: 46, pos: 48)
             exe-1049722 [002] ..... 1635024.375262: tracing_mark_write: keyctl(cmd=0x2, arg2=2778, arg3=2, arg4=0x40000000, arg5=0xf6d371) end
             exe-1049722 [002] ..... 1635024.434690: tracing_mark_write: keyctl(cmd=0x2, arg2=16384, arg3=255, arg4=-5, arg5=-6) start
             exe-1049722 [002] ..... 1635024.434692: sys_pwrite64 -> 0x3d
             exe-1049722 [002] ..... 1635024.434699: sys_ptrace(request: 4205, pid: 100616, addr: 1, data: c000a29c70)
             exe-1049722 [002] ..... 1635024.434702: sys_ptrace -> 0x0
             exe-1049722 [002] ..... 1635024.434703: sys_ptrace(request: 4205, pid: 100616, addr: 202, data: c000a29c70)
             exe-1049722 [002] ..... 1635024.434715: sys_ptrace -> 0x0
             exe-1049722 [002] ..... 1635024.434717: sys_ptrace(request: 1f, pid: 100616, addr: 0, data: 0)
             exe-1049722 [002] ..... 1635024.434731: sys_ptrace -> 0x0
             exe-1049722 [002] ..... 1635024.434733: sys_wait4(upid: 100616, stat_addr: c000a29bf4, options: 40000002, ru: 0)
             exe-1050134 [001] ..... 1635024.434743: sys_write -> 0x3d
             exe-1049722 [002] .N... 1635024.434783: sys_wait4 -> 0x100616
             exe-1049673 [002] ..... 1635024.434792: sys_nanosleep -> 0x0
             exe-1049673 [002] ..... 1635024.434799: sys_nanosleep(rqtp: c000069f10, rmtp: 0)
             exe-1049722 [002] ..... 1635024.434826: sys_ptrace(request: 4204, pid: 100616, addr: 1, data: c000a29c70)
             exe-1049722 [002] ..... 1635024.434832: sys_ptrace -> 0x0
             exe-1049722 [002] ..... 1635024.434834: sys_ptrace(request: 4204, pid: 100616, addr: 202, data: c000a29c70)
             exe-1049722 [002] ..... 1635024.434836: sys_ptrace -> 0x0
             exe-1049722 [002] ..... 1635024.434844: sys_ptrace(request: 4205, pid: 100616, addr: 1, data: c000a29c70)
             exe-1049722 [002] ..... 1635024.434847: sys_ptrace -> 0x0
             exe-1049722 [002] ..... 1635024.434849: sys_ptrace(request: 4205, pid: 100616, addr: 202, data: c000a29c70)
             exe-1049722 [002] ..... 1635024.434860: sys_ptrace -> 0x0
             exe-1049722 [002] ..... 1635024.434862: sys_ptrace(request: 1f, pid: 100616, addr: 0, data: 0)
             exe-1049722 [002] ..... 1635024.434876: sys_ptrace -> 0x0
             exe-1049722 [002] ..... 1635024.434879: sys_wait4(upid: 100616, stat_addr: c000a29bf4, options: 40000002, ru: 0)
             exe-1050134 [001] ..... 1635024.434890: sys_keyctl -> 0xfffffffffffffff3
             exe-1049722 [002] ..... 1635024.434908: sys_wait4 -> 0x100616
             exe-1049722 [002] ..... 1635024.434911: sys_ptrace(request: 4204, pid: 100616, addr: 1, data: c000a29c70)
             exe-1049722 [002] ..... 1635024.434913: sys_ptrace -> 0x0
             exe-1049722 [002] ..... 1635024.434915: sys_ptrace(request: 4204, pid: 100616, addr: 202, data: c000a29c70)
             exe-1049722 [002] ..... 1635024.434917: sys_ptrace -> 0x0
             exe-1049722 [002] ..... 1635024.434929: sys_pwrite64(fd: 63, buf: 7fd66e248080, count: 3b, pos: 3d)
             exe-1049722 [002] ..... 1635024.434931: tracing_mark_write: keyctl(cmd=0x2, arg2=16384, arg3=255, arg4=-5, arg5=-6) end
             exe-1049722 [003] ..... 1635024.521356: tracing_mark_write: keyctl(cmd=0x2, arg2=21, arg3=241, arg4=193, arg5=-2) start
             exe-1049722 [003] ..... 1635024.521358: sys_pwrite64 -> 0x3b
             exe-1049722 [003] ..... 1635024.521363: sys_ptrace(request: 4205, pid: 100616, addr: 1, data: c000a29c70)
             exe-1049722 [003] ..... 1635024.521365: sys_ptrace -> 0x0
             exe-1049722 [003] ..... 1635024.521367: sys_ptrace(request: 4205, pid: 100616, addr: 202, data: c000a29c70)
             exe-1049722 [003] ..... 1635024.521373: sys_ptrace -> 0x0
             exe-1049722 [003] ..... 1635024.521374: sys_ptrace(request: 1f, pid: 100616, addr: 0, data: 0)
             exe-1049722 [003] ..... 1635024.521380: sys_ptrace -> 0x0
             exe-1049722 [003] ..... 1635024.521381: sys_wait4(upid: 100616, stat_addr: c000a29bf4, options: 40000002, ru: 0)
             exe-1050134 [001] ..... 1635024.521392: sys_write -> 0x3b
             exe-1049722 [003] ..... 1635024.521410: sys_wait4 -> 0x100616
             exe-1049722 [003] ..... 1635024.521412: sys_ptrace(request: 4204, pid: 100616, addr: 1, data: c000a29c70)
             exe-1049722 [003] ..... 1635024.521415: sys_ptrace -> 0x0
             exe-1049722 [003] ..... 1635024.521416: sys_ptrace(request: 4204, pid: 100616, addr: 202, data: c000a29c70)
             exe-1049722 [003] ..... 1635024.521418: sys_ptrace -> 0x0
             exe-1049722 [003] ..... 1635024.521422: sys_ptrace(request: 4205, pid: 100616, addr: 1, data: c000a29c70)
             exe-1049722 [003] ..... 1635024.521424: sys_ptrace -> 0x0
             exe-1049722 [003] ..... 1635024.521425: sys_ptrace(request: 4205, pid: 100616, addr: 202, data: c000a29c70)
             exe-1049722 [003] ..... 1635024.521430: sys_ptrace -> 0x0
             exe-1049722 [003] ..... 1635024.521432: sys_ptrace(request: 1f, pid: 100616, addr: 0, data: 0)
             exe-1049722 [003] ..... 1635024.521437: sys_ptrace -> 0x0
             exe-1049722 [003] ..... 1635024.521439: sys_wait4(upid: 100616, stat_addr: c000a29bf4, options: 40000002, ru: 0)
             exe-1050134 [001] ..... 1635024.521491: sys_keyctl -> 0xfffffffffffffff3
             exe-1049722 [003] ..... 1635024.521507: sys_wait4 -> 0x100616
             exe-1049722 [003] ..... 1635024.521509: sys_ptrace(request: 4204, pid: 100616, addr: 1, data: c000a29c70)
             exe-1049722 [003] ..... 1635024.521512: sys_ptrace -> 0x0
             exe-1049722 [003] ..... 1635024.521513: sys_ptrace(request: 4204, pid: 100616, addr: 202, data: c000a29c70)
             exe-1049722 [003] ..... 1635024.521514: sys_ptrace -> 0x0
             exe-1049722 [003] ..... 1635024.521519: sys_pwrite64(fd: 63, buf: 7fd66e248080, count: 39, pos: 3b)
             exe-1049722 [003] ..... 1635024.521520: tracing_mark_write: keyctl(cmd=0x2, arg2=21, arg3=241, arg4=193, arg5=-2) end
             exe-1049722 [002] ..... 1635024.595563: tracing_mark_write: keyctl(cmd=0x2, arg2=0xffffff97b7ae686b, arg3=0x2e60382091a413, arg4=0x8000000, arg5=0xfffffff8) start
             exe-1049722 [002] ..... 1635024.595564: sys_pwrite64 -> 0x66
             exe-1049722 [002] ..... 1635024.595570: sys_ptrace(request: 4205, pid: 100616, addr: 1, data: c000a29c70)
             exe-1049722 [002] ..... 1635024.595572: sys_ptrace -> 0x0
             exe-1049722 [002] ..... 1635024.595574: sys_ptrace(request: 4205, pid: 100616, addr: 202, data: c000a29c70)
             exe-1049722 [002] ..... 1635024.595582: sys_ptrace -> 0x0
             exe-1049722 [002] ..... 1635024.595584: sys_ptrace(request: 1f, pid: 100616, addr: 0, data: 0)
             exe-1049722 [002] ..... 1635024.595595: sys_ptrace -> 0x0
             exe-1049722 [002] ..... 1635024.595597: sys_wait4(upid: 100616, stat_addr: c000a29bf4, options: 40000002, ru: 0)
             exe-1050134 [001] ..... 1635024.595608: sys_write -> 0x66
             exe-1049722 [002] ..... 1635024.595623: sys_wait4 -> 0x100616
             exe-1049722 [002] ..... 1635024.595625: sys_ptrace(request: 4204, pid: 100616, addr: 1, data: c000a29c70)
             exe-1049722 [002] ..... 1635024.595628: sys_ptrace -> 0x0
             exe-1049722 [002] ..... 1635024.595629: sys_ptrace(request: 4204, pid: 100616, addr: 202, data: c000a29c70)
             exe-1049722 [002] ..... 1635024.595631: sys_ptrace -> 0x0
             exe-1049722 [002] ..... 1635024.595638: sys_ptrace(request: 4205, pid: 100616, addr: 1, data: c000a29c70)
             exe-1049722 [002] ..... 1635024.595640: sys_ptrace -> 0x0
             exe-1049722 [002] ..... 1635024.595642: sys_ptrace(request: 4205, pid: 100616, addr: 202, data: c000a29c70)
             exe-1049722 [002] ..... 1635024.595647: sys_ptrace -> 0x0
             exe-1049722 [002] ..... 1635024.595649: sys_ptrace(request: 1f, pid: 100616, addr: 0, data: 0)
             exe-1049673 [003] ..... 1635024.595655: sys_nanosleep -> 0x0
             exe-1049722 [002] ..... 1635024.595658: sys_ptrace -> 0x0
             exe-1049673 [003] ..... 1635024.595658: sys_nanosleep(rqtp: c000069f10, rmtp: 0)
             exe-1049722 [002] ..... 1635024.595659: sys_wait4(upid: 100616, stat_addr: c000a29bf4, options: 40000002, ru: 0)
             exe-1050134 [001] ..... 1635024.595672: sys_keyctl -> 0xfffffffffffffff3
             exe-1049722 [002] ..... 1635024.595685: sys_wait4 -> 0x100616
             exe-1049722 [002] ..... 1635024.595688: sys_ptrace(request: 4204, pid: 100616, addr: 1, data: c000a29c70)
             exe-1049722 [002] ..... 1635024.595690: sys_ptrace -> 0x0
             exe-1049722 [002] ..... 1635024.595733: sys_ptrace(request: 4204, pid: 100616, addr: 202, data: c000a29c70)
             exe-1049722 [002] ..... 1635024.595736: sys_ptrace -> 0x0
             exe-1049722 [002] ..... 1635024.595743: sys_pwrite64(fd: 63, buf: 7fd66e248080, count: 64, pos: 66)
             exe-1049722 [002] ..... 1635024.595745: tracing_mark_write: keyctl(cmd=0x2, arg2=0xffffff97b7ae686b, arg3=0x2e60382091a413, arg4=0x8000000, arg5=0xfffffff8) end
             exe-1049722 [002] ..... 1635024.661244: tracing_mark_write: keyctl(cmd=0x2, arg2=0, arg3=0xbfbfbfbf, arg4=8192, arg5=101) start
             exe-1049567 [000] ..... 1635024.661245: sys_nanosleep(rqtp: c000069f10, rmtp: 0)
             exe-1049722 [002] ..... 1635024.661246: sys_pwrite64 -> 0x43
             exe-1049722 [002] ..... 1635024.661251: sys_ptrace(request: 4205, pid: 100616, addr: 1, data: c000a29c70)
             exe-1049722 [002] ..... 1635024.661253: sys_ptrace -> 0x0
             exe-1049722 [002] ..... 1635024.661255: sys_ptrace(request: 4205, pid: 100616, addr: 202, data: c000a29c70)
             exe-1049722 [002] ..... 1635024.661262: sys_ptrace -> 0x0
             exe-1049673 [003] ..... 1635024.661262: sys_nanosleep -> 0x0
             exe-1049722 [002] ..... 1635024.661264: sys_ptrace(request: 1f, pid: 100616, addr: 0, data: 0)
             exe-1049673 [003] ..... 1635024.661264: sys_nanosleep(rqtp: c000069f10, rmtp: 0)
             exe-1049722 [002] ..... 1635024.661273: sys_ptrace -> 0x0
             exe-1049722 [002] ..... 1635024.661275: sys_wait4(upid: 100616, stat_addr: c000a29bf4, options: 40000002, ru: 0)
             exe-1050134 [001] ..... 1635024.661286: sys_write -> 0x43
             exe-1049722 [002] ..... 1635024.661300: sys_wait4 -> 0x100616
             exe-1049722 [002] ..... 1635024.661302: sys_ptrace(request: 4204, pid: 100616, addr: 1, data: c000a29c70)
             exe-1049722 [002] ..... 1635024.661305: sys_ptrace -> 0x0
             exe-1049722 [002] ..... 1635024.661306: sys_ptrace(request: 4204, pid: 100616, addr: 202, data: c000a29c70)
             exe-1049722 [002] ..... 1635024.661309: sys_ptrace -> 0x0
             exe-1049722 [002] ..... 1635024.661315: sys_ptrace(request: 4205, pid: 100616, addr: 1, data: c000a29c70)
             exe-1049722 [002] ..... 1635024.661317: sys_ptrace -> 0x0
             exe-1049722 [002] ..... 1635024.661319: sys_ptrace(request: 4205, pid: 100616, addr: 202, data: c000a29c70)
             exe-1049722 [002] ..... 1635024.661324: sys_ptrace -> 0x0
             exe-1049722 [002] ..... 1635024.661326: sys_ptrace(request: 1f, pid: 100616, addr: 0, data: 0)
             exe-1049567 [000] ..... 1635024.661331: sys_nanosleep -> 0x0
             exe-1049567 [000] ..... 1635024.661333: sys_nanosleep(rqtp: c000069f10, rmtp: 0)
             exe-1049722 [002] ..... 1635024.661334: sys_ptrace -> 0x0
             exe-1049722 [002] ..... 1635024.661336: sys_wait4(upid: 100616, stat_addr: c000a29bf4, options: 40000002, ru: 0)
             exe-1050134 [001] ..... 1635024.661346: sys_keyctl -> 0xfffffffffffffff3
             exe-1049673 [003] ..... 1635024.661351: sys_nanosleep -> 0x0
             exe-1049673 [003] ..... 1635024.661353: sys_nanosleep(rqtp: c000069f10, rmtp: 0)
             exe-1049722 [002] ..... 1635024.661359: sys_wait4 -> 0x100616
             exe-1049722 [002] ..... 1635024.661362: sys_ptrace(request: 4204, pid: 100616, addr: 1, data: c000a29c70)
             exe-1049722 [002] ..... 1635024.661364: sys_ptrace -> 0x0
             exe-1049722 [002] ..... 1635024.661365: sys_ptrace(request: 4204, pid: 100616, addr: 202, data: c000a29c70)
             exe-1049722 [002] ..... 1635024.661367: sys_ptrace -> 0x0
             exe-1049722 [002] ..... 1635024.661372: sys_pwrite64(fd: 63, buf: 7fd66e248080, count: 41, pos: 43)
             exe-1049722 [002] ..... 1635024.661373: tracing_mark_write: keyctl(cmd=0x2, arg2=0, arg3=0xbfbfbfbf, arg4=8192, arg5=101) end
             exe-1049722 [003] ..... 1635024.720981: tracing_mark_write: keyctl(cmd=0x2, arg2=0x7f4dc000, arg3=0xffffffdff6effff7, arg4=134, arg5=512) start
             exe-1049722 [003] ..... 1635024.720983: sys_pwrite64 -> 0x53
             exe-1049722 [003] ..... 1635024.720987: sys_ptrace(request: 4205, pid: 100616, addr: 1, data: c000a29c70)
             exe-1049722 [003] ..... 1635024.720990: sys_ptrace -> 0x0
             exe-1049722 [003] ..... 1635024.720991: sys_ptrace(request: 4205, pid: 100616, addr: 202, data: c000a29c70)
             exe-1049722 [003] ..... 1635024.720998: sys_ptrace -> 0x0
             exe-1049722 [003] ..... 1635024.720999: sys_ptrace(request: 1f, pid: 100616, addr: 0, data: 0)
             exe-1049722 [003] ..... 1635024.721006: sys_ptrace -> 0x0
             exe-1049722 [003] ..... 1635024.721008: sys_wait4(upid: 100616, stat_addr: c000a29bf4, options: 40000002, ru: 0)
             exe-1050134 [001] ..... 1635024.721056: sys_write -> 0x53
             exe-1049722 [003] ..... 1635024.721074: sys_wait4 -> 0x100616
             exe-1049722 [003] ..... 1635024.721076: sys_ptrace(request: 4204, pid: 100616, addr: 1, data: c000a29c70)
             exe-1049722 [003] ..... 1635024.721079: sys_ptrace -> 0x0
             exe-1049722 [003] ..... 1635024.721080: sys_ptrace(request: 4204, pid: 100616, addr: 202, data: c000a29c70)
             exe-1049722 [003] ..... 1635024.721082: sys_ptrace -> 0x0
             exe-1049722 [003] ..... 1635024.721088: sys_ptrace(request: 4205, pid: 100616, addr: 1, data: c000a29c70)
             exe-1049722 [003] ..... 1635024.721091: sys_ptrace -> 0x0
             exe-1049722 [003] ..... 1635024.721092: sys_ptrace(request: 4205, pid: 100616, addr: 202, data: c000a29c70)
             exe-1049722 [003] ..... 1635024.721097: sys_ptrace -> 0x0
             exe-1049722 [003] ..... 1635024.721098: sys_ptrace(request: 1f, pid: 100616, addr: 0, data: 0)
             exe-1049722 [003] ..... 1635024.721104: sys_ptrace -> 0x0
             exe-1049722 [003] ..... 1635024.721105: sys_wait4(upid: 100616, stat_addr: c000a29bf4, options: 40000002, ru: 0)
             exe-1050134 [001] ..... 1635024.721158: sys_keyctl -> 0xfffffffffffffff3
             exe-1049722 [003] ..... 1635024.721174: sys_wait4 -> 0x100616
             exe-1049722 [003] ..... 1635024.721177: sys_ptrace(request: 4204, pid: 100616, addr: 1, data: c000a29c70)
             exe-1049722 [003] ..... 1635024.721179: sys_ptrace -> 0x0
             exe-1049722 [003] ..... 1635024.721180: sys_ptrace(request: 4204, pid: 100616, addr: 202, data: c000a29c70)
             exe-1049722 [003] ..... 1635024.721182: sys_ptrace -> 0x0
             exe-1049722 [003] ..... 1635024.721187: sys_pwrite64(fd: 63, buf: 7fd66e248080, count: 51, pos: 53)
             exe-1049722 [003] ..... 1635024.721188: tracing_mark_write: keyctl(cmd=0x2, arg2=0x7f4dc000, arg3=0xffffffdff6effff7, arg4=134, arg5=512) end
             exe-1049722 [003] ..... 1635024.786652: tracing_mark_write: keyctl(cmd=0x2, arg2=-5, arg3=0x88140048800, arg4=0x412084, arg5=0x49102880000) start
             exe-1049722 [003] ..... 1635024.786654: sys_pwrite64 -> 0x55
             exe-1049722 [003] ..... 1635024.786661: sys_ptrace(request: 4205, pid: 100616, addr: 1, data: c000a29c70)
             exe-1049722 [003] ..... 1635024.786664: sys_ptrace -> 0x0
             exe-1049722 [003] ..... 1635024.786666: sys_ptrace(request: 4205, pid: 100616, addr: 202, data: c000a29c70)
             exe-1049673 [003] ..... 1635024.786705: sys_nanosleep -> 0x0
             exe-1049673 [003] ..... 1635024.786711: sys_nanosleep(rqtp: c000069f10, rmtp: 0)
             exe-1049722 [003] ..... 1635024.786745: sys_ptrace -> 0x0
             exe-1049722 [003] ..... 1635024.786750: sys_ptrace(request: 1f, pid: 100616, addr: 0, data: 0)
             exe-1049722 [003] ..... 1635024.786759: sys_ptrace -> 0x0
             exe-1049722 [003] ..... 1635024.786763: sys_wait4(upid: 100616, stat_addr: c000a29bf4, options: 40000002, ru: 0)
             exe-1050134 [001] ..... 1635024.786794: sys_write -> 0x55
             exe-1049673 [003] ..... 1635024.786819: sys_nanosleep -> 0x0
             exe-1049673 [003] ..... 1635024.786825: sys_nanosleep(rqtp: c000069f10, rmtp: 0)
             exe-1049722 [003] ..... 1635024.786849: sys_wait4 -> 0x100616
             exe-1049722 [003] ..... 1635024.786854: sys_ptrace(request: 4204, pid: 100616, addr: 1, data: c000a29c70)
             exe-1049722 [003] ..... 1635024.786859: sys_ptrace -> 0x0
             exe-1049722 [003] ..... 1635024.786861: sys_ptrace(request: 4204, pid: 100616, addr: 202, data: c000a29c70)
             exe-1049722 [003] ..... 1635024.786865: sys_ptrace -> 0x0
             exe-1049722 [003] ..... 1635024.786873: sys_ptrace(request: 4205, pid: 100616, addr: 1, data: c000a29c70)
             exe-1049722 [003] ..... 1635024.786883: sys_ptrace -> 0x0
             exe-1049722 [003] ..... 1635024.786885: sys_ptrace(request: 4205, pid: 100616, addr: 202, data: c000a29c70)
             exe-1049722 [003] ..... 1635024.786896: sys_ptrace -> 0x0
             exe-1049673 [003] ..... 1635024.786932: sys_nanosleep -> 0x0
             exe-1049673 [003] ..... 1635024.786938: sys_nanosleep(rqtp: c000069f10, rmtp: 0)
             exe-1049722 [003] ..... 1635024.786964: sys_ptrace(request: 1f, pid: 100616, addr: 0, data: 0)
             exe-1049722 [003] ..... 1635024.786975: sys_ptrace -> 0x0
             exe-1049722 [003] ..... 1635024.786978: sys_wait4(upid: 100616, stat_addr: c000a29bf4, options: 40000002, ru: 0)
             exe-1050134 [001] ..... 1635024.786997: sys_keyctl -> 0xfffffffffffffff3
             exe-1049567 [000] ..... 1635024.787003: sys_nanosleep -> 0x0
             exe-1049567 [000] ..... 1635024.787006: sys_nanosleep(rqtp: c000069f10, rmtp: 0)
             exe-1049673 [003] ..... 1635024.787042: sys_nanosleep -> 0x0
             exe-1049673 [003] ..... 1635024.787048: sys_nanosleep(rqtp: c000069f10, rmtp: 0)
             exe-1049722 [003] ..... 1635024.787072: sys_wait4 -> 0x100616
             exe-1049722 [003] ..... 1635024.787078: sys_ptrace(request: 4204, pid: 100616, addr: 1, data: c000a29c70)
             exe-1049722 [003] ..... 1635024.787083: sys_ptrace -> 0x0
             exe-1049722 [003] ..... 1635024.787085: sys_ptrace(request: 4204, pid: 100616, addr: 202, data: c000a29c70)
             exe-1049722 [003] ..... 1635024.787087: sys_ptrace -> 0x0
             exe-1049673 [003] ..... 1635024.787159: sys_nanosleep -> 0x0
             exe-1049673 [003] ..... 1635024.787165: sys_nanosleep(rqtp: c000069f10, rmtp: 0)
             exe-1049722 [003] ..... 1635024.787196: sys_pwrite64(fd: 63, buf: 7fd66e248080, count: 53, pos: 55)
             exe-1049722 [003] ..... 1635024.787199: tracing_mark_write: keyctl(cmd=0x2, arg2=-5, arg3=0x88140048800, arg4=0x412084, arg5=0x49102880000) end
             exe-1049722 [002] ..... 1635024.856749: tracing_mark_write: keyctl(cmd=0x2, arg2=0xffff, arg3=0xffff, arg4=0x2291c8190f0dbf35, arg5=141) start
             exe-1049722 [002] ..... 1635024.856751: sys_pwrite64 -> 0x52
             exe-1049722 [002] ..... 1635024.856757: sys_ptrace(request: 4205, pid: 100616, addr: 1, data: c000a29c70)
             exe-1049722 [002] ..... 1635024.856760: sys_ptrace -> 0x0
             exe-1049722 [002] ..... 1635024.856762: sys_ptrace(request: 4205, pid: 100616, addr: 202, data: c000a29c70)
             exe-1049722 [002] ..... 1635024.856770: sys_ptrace -> 0x0
             exe-1049722 [002] ..... 1635024.856772: sys_ptrace(request: 1f, pid: 100616, addr: 0, data: 0)
             exe-1049722 [002] ..... 1635024.856779: sys_ptrace -> 0x0
             exe-1049722 [002] ..... 1635024.856781: sys_wait4(upid: 100616, stat_addr: c000a29bf4, options: 40000002, ru: 0)
             exe-1050134 [001] ..... 1635024.856816: sys_write -> 0x52
             exe-1049722 [002] ..... 1635024.856836: sys_wait4 -> 0x100616
             exe-1049722 [002] ..... 1635024.856839: sys_ptrace(request: 4204, pid: 100616, addr: 1, data: c000a29c70)
             exe-1049722 [002] ..... 1635024.856842: sys_ptrace -> 0x0
             exe-1049722 [002] ..... 1635024.856843: sys_ptrace(request: 4204, pid: 100616, addr: 202, data: c000a29c70)
             exe-1049722 [002] ..... 1635024.856846: sys_ptrace -> 0x0
             exe-1049722 [002] ..... 1635024.856852: sys_ptrace(request: 4205, pid: 100616, addr: 1, data: c000a29c70)
             exe-1049722 [002] ..... 1635024.856855: sys_ptrace -> 0x0
             exe-1049722 [002] ..... 1635024.856856: sys_ptrace(request: 4205, pid: 100616, addr: 202, data: c000a29c70)
             exe-1049722 [002] ..... 1635024.856863: sys_ptrace -> 0x0
             exe-1049673 [003] ..... 1635024.856864: sys_nanosleep -> 0x0
             exe-1049722 [002] ..... 1635024.856865: sys_ptrace(request: 1f, pid: 100616, addr: 0, data: 0)
             exe-1049673 [003] ..... 1635024.856866: sys_nanosleep(rqtp: c000069f10, rmtp: 0)
             exe-1049722 [002] ..... 1635024.856871: sys_ptrace -> 0x0
             exe-1049722 [002] ..... 1635024.856873: sys_wait4(upid: 100616, stat_addr: c000a29bf4, options: 40000002, ru: 0)
             exe-1050134 [001] ..... 1635024.856923: sys_keyctl -> 0xfffffffffffffff3
             exe-1049722 [002] ..... 1635024.856943: sys_wait4 -> 0x100616
             exe-1049722 [002] ..... 1635024.856946: sys_ptrace(request: 4204, pid: 100616, addr: 1, data: c000a29c70)
             exe-1049722 [002] ..... 1635024.856949: sys_ptrace -> 0x0
             exe-1049722 [002] ..... 1635024.856950: sys_ptrace(request: 4204, pid: 100616, addr: 202, data: c000a29c70)
             exe-1049722 [002] ..... 1635024.856953: sys_ptrace -> 0x0
             exe-1049722 [002] ..... 1635024.856960: sys_pwrite64(fd: 63, buf: 7fd66e248080, count: 50, pos: 52)
             exe-1049722 [002] ..... 1635024.856962: tracing_mark_write: keyctl(cmd=0x2, arg2=0xffff, arg3=0xffff, arg4=0x2291c8190f0dbf35, arg5=141) end
             exe-1049722 [002] ..... 1635024.920834: tracing_mark_write: keyctl(cmd=0x2, arg2=0x9090909, arg3=8192, arg4=0x80000008, arg5=0x2000000) start
             exe-1049722 [002] ..... 1635024.920835: sys_pwrite64 -> 0x51
             exe-1049722 [002] ..... 1635024.920840: sys_ptrace(request: 4205, pid: 100616, addr: 1, data: c000a29c70)
             exe-1049722 [002] ..... 1635024.920842: sys_ptrace -> 0x0
             exe-1049722 [002] ..... 1635024.920844: sys_ptrace(request: 4205, pid: 100616, addr: 202, data: c000a29c70)
             exe-1049722 [002] ..... 1635024.920851: sys_ptrace -> 0x0
             exe-1049722 [002] ..... 1635024.920852: sys_ptrace(request: 1f, pid: 100616, addr: 0, data: 0)
             exe-1049722 [002] ..... 1635024.920854: sys_ptrace -> 0x0
             exe-1049722 [002] ..... 1635024.920856: sys_wait4(upid: 100616, stat_addr: c000a29bf4, options: 40000002, ru: 0)
             exe-1049567 [000] ..... 1635024.920860: sys_nanosleep -> 0x0
             exe-1049567 [000] ..... 1635024.920862: sys_nanosleep(rqtp: c000069f10, rmtp: 0)
             exe-1050134 [001] ..... 1635024.920867: sys_write -> 0x51
             exe-1049722 [002] ..... 1635024.920886: sys_wait4 -> 0x100616
             exe-1049722 [002] ..... 1635024.920888: sys_ptrace(request: 4204, pid: 100616, addr: 1, data: c000a29c70)
             exe-1049722 [002] ..... 1635024.920890: sys_ptrace -> 0x0
             exe-1049722 [002] ..... 1635024.920892: sys_ptrace(request: 4204, pid: 100616, addr: 202, data: c000a29c70)
             exe-1049722 [002] ..... 1635024.920894: sys_ptrace -> 0x0
             exe-1049722 [002] ..... 1635024.920898: sys_ptrace(request: 4205, pid: 100616, addr: 1, data: c000a29c70)
             exe-1049722 [002] ..... 1635024.920900: sys_ptrace -> 0x0
             exe-1049722 [002] ..... 1635024.920902: sys_ptrace(request: 4205, pid: 100616, addr: 202, data: c000a29c70)
             exe-1049722 [002] ..... 1635024.920907: sys_ptrace -> 0x0
             exe-1049722 [002] ..... 1635024.920909: sys_ptrace(request: 1f, pid: 100616, addr: 0, data: 0)
             exe-1049722 [002] ..... 1635024.920914: sys_ptrace -> 0x0
             exe-1049722 [002] ..... 1635024.920916: sys_wait4(upid: 100616, stat_addr: c000a29bf4, options: 40000002, ru: 0)
             exe-1049567 [000] ..... 1635024.920948: sys_nanosleep -> 0x0
             exe-1049567 [000] ..... 1635024.920950: sys_nanosleep(rqtp: c000069f10, rmtp: 0)
             exe-1050134 [001] ..... 1635024.920968: sys_keyctl -> 0xfffffffffffffff3
             exe-1049722 [002] ..... 1635024.920986: sys_wait4 -> 0x100616
             exe-1049722 [002] ..... 1635024.920989: sys_ptrace(request: 4204, pid: 100616, addr: 1, data: c000a29c70)
             exe-1049722 [002] ..... 1635024.920991: sys_ptrace -> 0x0
             exe-1049722 [002] ..... 1635024.920993: sys_ptrace(request: 4204, pid: 100616, addr: 202, data: c000a29c70)
             exe-1049722 [002] ..... 1635024.920995: sys_ptrace -> 0x0
             exe-1049722 [002] ..... 1635024.921000: sys_pwrite64(fd: 63, buf: 7fd66e248080, count: 4f, pos: 51)
             exe-1049722 [002] ..... 1635024.921001: tracing_mark_write: keyctl(cmd=0x2, arg2=0x9090909, arg3=8192, arg4=0x80000008, arg5=0x2000000) end
             exe-1049722 [002] ..... 1635024.979763: tracing_mark_write: keyctl(cmd=0x2, arg2=0x96969696, arg3=200, arg4=255, arg5=0x5f1f2fc972) start
