             exe-1049896 [003] ..... 1635018.277301: sys_ptrace(request: 4205, pid: 10074e, addr: 1, data: c000a29c70)
             exe-1049896 [003] ..... 1635018.277304: sys_ptrace -> 0x0
             exe-1049896 [003] ..... 1635018.277306: sys_ptrace(request: 4205, pid: 10074e, addr: 202, data: c000a29c70)
             exe-1049896 [003] ..... 1635018.277324: sys_ptrace -> 0x0
             exe-1049896 [003] ..... 1635018.277326: sys_ptrace(request: 1f, pid: 10074e, addr: 0, data: 0)
             exe-1049896 [003] .N... 1635018.277335: sys_ptrace -> 0x0
             exe-1050446 [003] ..... 1635018.277347: sys_write -> 0x47
             exe-1049896 [003] ..... 1635018.277370: sys_wait4(upid: 10074e, stat_addr: c000a29bf4, options: 40000002, ru: 0)
             exe-1049896 [003] ..... 1635018.277373: sys_wait4 -> 0x10074e
             exe-1049896 [003] ..... 1635018.277376: sys_ptrace(request: 4204, pid: 10074e, addr: 1, data: c000a29c70)
             exe-1049896 [003] ..... 1635018.277381: sys_ptrace -> 0x0
             exe-1049896 [003] ..... 1635018.277383: sys_ptrace(request: 4204, pid: 10074e, addr: 202, data: c000a29c70)
             exe-1049896 [003] ..... 1635018.277386: sys_ptrace -> 0x0
             exe-1049896 [003] ..... 1635018.277395: sys_ptrace(request: 4205, pid: 10074e, addr: 1, data: c000a29c70)
             exe-1049896 [003] ..... 1635018.277398: sys_ptrace -> 0x0
             exe-1049896 [003] ..... 1635018.277399: sys_ptrace(request: 4205, pid: 10074e, addr: 202, data: c000a29c70)
             exe-1049896 [003] ..... 1635018.277413: sys_ptrace -> 0x0
             exe-1049896 [003] ..... 1635018.277415: sys_ptrace(request: 1f, pid: 10074e, addr: 0, data: 0)
             exe-1049896 [003] .N... 1635018.277422: sys_ptrace -> 0x0
             exe-1050446 [003] ..... 1635018.277432: sys_keyctl -> 0xfffffffffffffff3
             exe-1049896 [003] ..... 1635018.277449: sys_wait4(upid: 10074e, stat_addr: c000a29bf4, options: 40000002, ru: 0)
             exe-1049896 [003] ..... 1635018.277452: sys_wait4 -> 0x10074e
             exe-1049896 [003] ..... 1635018.277456: sys_ptrace(request: 4204, pid: 10074e, addr: 1, data: c000a29c70)
             exe-1049896 [003] ..... 1635018.277461: sys_ptrace -> 0x0
             exe-1049896 [003] ..... 1635018.277462: sys_ptrace(request: 4204, pid: 10074e, addr: 202, data: c000a29c70)
             exe-1049896 [003] ..... 1635018.277465: sys_ptrace -> 0x0
             exe-1049896 [003] ..... 1635018.277480: sys_pwrite64(fd: 63, buf: 7fd66e248080, count: 45, pos: 47)
             exe-1049567 [000] ..... 1635018.277482: sys_nanosleep -> 0x0
             exe-1049896 [003] ..... 1635018.277482: tracing_mark_write: keyctl(cmd=0x0, arg2=0x80000000, arg3=0x20000, arg4=-20, arg5=41) end
             exe-1049896 [003] ..... 1635018.342296: tracing_mark_write: keyctl(cmd=0x0, arg2=256, arg3=-7, arg4=0xffff, arg5=0x5252) start
             exe-1049896 [003] ..... 1635018.342298: sys_pwrite64 -> 0x42
             exe-1049896 [003] ..... 1635018.342304: sys_ptrace(request: 4205, pid: 10074e, addr: 1, data: c000a29c70)
             exe-1049896 [003] ..... 1635018.342307: sys_ptrace -> 0x0
             exe-1049896 [003] ..... 1635018.342309: sys_ptrace(request: 4205, pid: 10074e, addr: 202, data: c000a29c70)
             exe-1049673 [001] ..... 1635018.342310: sys_nanosleep -> 0x0
             exe-1049673 [001] ..... 1635018.342313: sys_nanosleep(rqtp: c000069f10, rmtp: 0)
             exe-1049896 [003] ..... 1635018.342322: sys_ptrace -> 0x0
             exe-1049896 [003] ..... 1635018.342324: sys_ptrace(request: 1f, pid: 10074e, addr: 0, data: 0)
             exe-1049896 [003] .N... 1635018.342331: sys_ptrace -> 0x0
             exe-1050446 [003] ..... 1635018.342342: sys_write -> 0x42
             exe-1049896 [003] ..... 1635018.342385: sys_wait4(upid: 10074e, stat_addr: c000a29bf4, options: 40000002, ru: 0)
             exe-1049896 [003] ..... 1635018.342389: sys_wait4 -> 0x10074e
             exe-1049896 [003] ..... 1635018.342391: sys_ptrace(request: 4204, pid: 10074e, addr: 1, data: c000a29c70)
             exe-1049896 [003] ..... 1635018.342395: sys_ptrace -> 0x0
             exe-1049896 [003] ..... 1635018.342397: sys_ptrace(request: 4204, pid: 10074e, addr: 202, data: c000a29c70)
             exe-1049896 [003] ..... 1635018.342400: sys_ptrace -> 0x0
             exe-1049673 [001] ..... 1635018.342405: sys_nanosleep -> 0x0
             exe-1049673 [001] ..... 1635018.342407: sys_nanosleep(rqtp: c000069f10, rmtp: 0)
             exe-1049896 [003] ..... 1635018.342409: sys_ptrace(request: 4205, pid: 10074e, addr: 1, data: c000a29c70)
             exe-1049896 [003] ..... 1635018.342412: sys_ptrace -> 0x0
             exe-1049896 [003] ..... 1635018.342413: sys_ptrace(request: 4205, pid: 10074e, addr: 202, data: c000a29c70)
             exe-1049896 [003] ..... 1635018.342425: sys_ptrace -> 0x0
             exe-1049567 [000] ..... 1635018.342426: sys_nanosleep -> 0x0
             exe-1049896 [003] ..... 1635018.342427: sys_ptrace(request: 1f, pid: 10074e, addr: 0, data: 0)
             exe-1049567 [000] ..... 1635018.342429: sys_nanosleep(rqtp: c000069f10, rmtp: 0)
             exe-1049896 [003] .N... 1635018.342434: sys_ptrace -> 0x0
             exe-1050446 [003] ..... 1635018.342445: sys_keyctl -> 0xfffffffffffffff3
             exe-1049896 [003] ..... 1635018.342471: sys_wait4(upid: 10074e, stat_addr: c000a29bf4, options: 40000002, ru: 0)
             exe-1049896 [003] ..... 1635018.342474: sys_wait4 -> 0x10074e
             exe-1049896 [003] ..... 1635018.342477: sys_ptrace(request: 4204, pid: 10074e, addr: 1, data: c000a29c70)
             exe-1049896 [003] ..... 1635018.342481: sys_ptrace -> 0x0
             exe-1049896 [003] ..... 1635018.342483: sys_ptrace(request: 4204, pid: 10074e, addr: 202, data: c000a29c70)
             exe-1049896 [003] ..... 1635018.342485: sys_ptrace -> 0x0
             exe-1049896 [003] ..... 1635018.342499: sys_pwrite64(fd: 63, buf: 7fd66e248080, count: 40, pos: 42)
             exe-1049673 [001] ..... 1635018.342499: sys_nanosleep -> 0x0
             exe-1049896 [003] ..... 1635018.342500: tracing_mark_write: keyctl(cmd=0x0, arg2=256, arg3=-7, arg4=0xffff, arg5=0x5252) end
             exe-1049896 [003] ..... 1635018.426262: tracing_mark_write: keyctl(cmd=0x0, arg2=-7, arg3=0x11e8bb8042902, arg4=2, arg5=0x1600a12c71) start
             exe-1049896 [003] ..... 1635018.426264: sys_pwrite64 -> 0x4f
             exe-1049896 [003] ..... 1635018.426267: sys_ptrace(request: 4205, pid: 10074e, addr: 1, data: c000a29c70)
             exe-1049896 [003] ..... 1635018.426269: sys_ptrace -> 0x0
             exe-1049896 [003] ..... 1635018.426270: sys_ptrace(request: 4205, pid: 10074e, addr: 202, data: c000a29c70)
             exe-1049896 [003] ..... 1635018.426277: sys_ptrace -> 0x0
             exe-1049896 [003] ..... 1635018.426278: sys_ptrace(request: 1f, pid: 10074e, addr: 0, data: 0)
             exe-1049896 [003] ..... 1635018.426287: sys_ptrace -> 0x0
             exe-1049896 [003] ..... 1635018.426288: sys_wait4(upid: 10074e, stat_addr: c000a29bf4, options: 40000002, ru: 0)
             exe-1049567 [003] ..... 1635018.426294: sys_nanosleep -> 0x0
             exe-1049567 [003] ..... 1635018.426297: sys_nanosleep(rqtp: c000069f10, rmtp: 0)
             exe-1050446 [002] ..... 1635018.426301: sys_write -> 0x4f
             exe-1049896 [003] ..... 1635018.426311: sys_wait4 -> 0x10074e
             exe-1049673 [001] ..... 1635018.426311: sys_nanosleep -> 0x0
             exe-1049896 [003] ..... 1635018.426313: sys_ptrace(request: 4204, pid: 10074e, addr: 1, data: c000a29c70)
             exe-1049896 [003] ..... 1635018.426315: sys_ptrace -> 0x0
             exe-1049896 [003] ..... 1635018.426316: sys_ptrace(request: 4204, pid: 10074e, addr: 202, data: c000a29c70)
             exe-1049673 [001] ..... 1635018.426317: sys_nanosleep(rqtp: c000069f10, rmtp: 0)
             exe-1049896 [003] ..... 1635018.426318: sys_ptrace -> 0x0
             exe-1049896 [003] ..... 1635018.426324: sys_ptrace(request: 4205, pid: 10074e, addr: 1, data: c000a29c70)
             exe-1049896 [003] ..... 1635018.426325: sys_ptrace -> 0x0
             exe-1049896 [003] ..... 1635018.426327: sys_ptrace(request: 4205, pid: 10074e, addr: 202, data: c000a29c70)
             exe-1049896 [003] ..... 1635018.426332: sys_ptrace -> 0x0
             exe-1049896 [003] ..... 1635018.426333: sys_ptrace(request: 1f, pid: 10074e, addr: 0, data: 0)
             exe-1049896 [003] ..... 1635018.426341: sys_ptrace -> 0x0
             exe-1049896 [003] ..... 1635018.426343: sys_wait4(upid: 10074e, stat_addr: c000a29bf4, options: 40000002, ru: 0)
             exe-1050446 [002] ..... 1635018.426372: sys_keyctl -> 0xfffffffffffffff3
             exe-1049567 [003] ..... 1635018.426386: sys_nanosleep -> 0x0
             exe-1049567 [003] ..... 1635018.426388: sys_nanosleep(rqtp: c000069f10, rmtp: 0)
             exe-1049896 [003] ..... 1635018.426397: sys_wait4 -> 0x10074e
             exe-1049896 [003] ..... 1635018.426399: sys_ptrace(request: 4204, pid: 10074e, addr: 1, data: c000a29c70)
             exe-1049896 [003] ..... 1635018.426402: sys_ptrace -> 0x0
             exe-1049896 [003] ..... 1635018.426403: sys_ptrace(request: 4204, pid: 10074e, addr: 202, data: c000a29c70)
             exe-1049896 [003] ..... 1635018.426405: sys_ptrace -> 0x0
             exe-1049896 [003] ..... 1635018.426410: sys_pwrite64(fd: 63, buf: 7fd66e248080, count: 4d, pos: 4f)
             exe-1049896 [003] ..... 1635018.426411: tracing_mark_write: keyctl(cmd=0x0, arg2=-7, arg3=0x11e8bb8042902, arg4=2, arg5=0x1600a12c71) end
             exe-1049896 [003] ..... 1635018.485475: tracing_mark_write: keyctl(cmd=0x0, arg2=255, arg3=0x89080000, arg4=0xd000, arg5=0x25000098) start
             exe-1049896 [003] ..... 1635018.485476: sys_pwrite64 -> 0x4e
             exe-1067990 [001] ..... 1635018.485478: sys_futex(uaddr: c0002dd548, op: 80, val: 0, utime: 0, uaddr2: 0, val3: 0)
             exe-1049896 [003] ..... 1635018.485480: sys_ptrace(request: 4205, pid: 10074e, addr: 1, data: c000a29c70)
             exe-1049896 [003] ..... 1635018.485482: sys_ptrace -> 0x0
             exe-1049896 [003] ..... 1635018.485483: sys_ptrace(request: 4205, pid: 10074e, addr: 202, data: c000a29c70)
             exe-1049896 [003] ..... 1635018.485488: sys_ptrace -> 0x0
             exe-1049896 [003] ..... 1635018.485489: sys_ptrace(request: 1f, pid: 10074e, addr: 0, data: 0)
             exe-1049567 [001] ..... 1635018.485497: sys_nanosleep -> 0x0
             exe-1049896 [003] ..... 1635018.485497: sys_ptrace -> 0x0
             exe-1049896 [003] ..... 1635018.485499: sys_wait4(upid: 10074e, stat_addr: c000a29bf4, options: 40000002, ru: 0)
             exe-1049567 [001] ..... 1635018.485503: sys_nanosleep(rqtp: c000069f10, rmtp: 0)
             exe-1049567 [001] ..... 1635018.485609: sys_nanosleep -> 0x0
             exe-1049567 [001] ..... 1635018.485615: sys_nanosleep(rqtp: c000069f10, rmtp: 0)
             exe-1050446 [002] ..... 1635018.485618: sys_write -> 0x4e
             exe-1049673 [001] ..... 1635018.485642: sys_nanosleep(rqtp: c000069f10, rmtp: 0)
             exe-1049896 [003] ..... 1635018.485714: sys_wait4 -> 0x10074e
             exe-1049896 [003] ..... 1635018.485717: sys_ptrace(request: 4204, pid: 10074e, addr: 1, data: c000a29c70)
             exe-1049896 [003] ..... 1635018.485720: sys_ptrace -> 0x0
             exe-1049896 [003] ..... 1635018.485721: sys_ptrace(request: 4204, pid: 10074e, addr: 202, data: c000a29c70)
             exe-1049896 [003] ..... 1635018.485723: sys_ptrace -> 0x0
             exe-1049896 [003] ..... 1635018.485729: sys_ptrace(request: 4205, pid: 10074e, addr: 1, data: c000a29c70)
             exe-1049896 [003] ..... 1635018.485730: sys_ptrace -> 0x0
             exe-1049896 [003] ..... 1635018.485731: sys_ptrace(request: 4205, pid: 10074e, addr: 202, data: c000a29c70)
             exe-1049896 [003] ..... 1635018.485738: sys_ptrace -> 0x0
             exe-1049567 [001] ..... 1635018.485738: sys_nanosleep -> 0x0
             exe-1049896 [003] ..... 1635018.485739: sys_ptrace(request: 1f, pid: 10074e, addr: 0, data: 0)
             exe-1049567 [001] ..... 1635018.485745: sys_nanosleep(rqtp: c000069f10, rmtp: 0)
             exe-1049896 [003] ..... 1635018.485748: sys_ptrace -> 0x0
             exe-1049896 [003] ..... 1635018.485749: sys_wait4(upid: 10074e, stat_addr: c000a29bf4, options: 40000002, ru: 0)
             exe-1049673 [001] ..... 1635018.485766: sys_nanosleep -> 0x0
             exe-1050446 [002] ..... 1635018.485769: sys_keyctl -> 0xfffffffffffffff3
             exe-1049673 [001] ..... 1635018.485774: sys_futex(uaddr: 1f09dc0, op: 80, val: 0, utime: c000069eb0, uaddr2: 0, val3: 0)
             exe-1049896 [003] ..... 1635018.485782: sys_wait4 -> 0x10074e
             exe-1049896 [003] ..... 1635018.485784: sys_ptrace(request: 4204, pid: 10074e, addr: 1, data: c000a29c70)
             exe-1049896 [003] ..... 1635018.485786: sys_ptrace -> 0x0
             exe-1049896 [003] ..... 1635018.485787: sys_ptrace(request: 4204, pid: 10074e, addr: 202, data: c000a29c70)
             exe-1049896 [003] ..... 1635018.485788: sys_ptrace -> 0x0
             exe-1049896 [003] ..... 1635018.485795: sys_pwrite64(fd: 63, buf: 7fd66e248080, count: 4c, pos: 4e)
             exe-1049896 [003] ..... 1635018.485796: tracing_mark_write: keyctl(cmd=0x0, arg2=255, arg3=0x89080000, arg4=0xd000, arg5=0x25000098) end
             exe-1049896 [003] ..... 1635018.549406: tracing_mark_write: keyctl(cmd=0x0, arg2=0x50b9bcbc7, arg3=0xfffc, arg4=-5, arg5=0xf7f7f7f7) start
             exe-1049896 [003] ..... 1635018.549408: sys_pwrite64 -> 0x4e
             exe-1049673 [001] ..... 1635018.549408: sys_nanosleep(rqtp: c000069f10, rmtp: 0)
             exe-1049896 [003] ..... 1635018.549415: sys_ptrace(request: 4205, pid: 10074e, addr: 1, data: c000a29c70)
             exe-1049896 [003] ..... 1635018.549418: sys_ptrace -> 0x0
             exe-1049896 [003] ..... 1635018.549421: sys_ptrace(request: 4205, pid: 10074e, addr: 202, data: c000a29c70)
             exe-1049896 [003] ..... 1635018.549856: sys_ptrace -> 0x0
             exe-1049896 [003] ..... 1635018.549861: sys_ptrace(request: 1f, pid: 10074e, addr: 0, data: 0)
             exe-1049896 [003] ..... 1635018.549877: sys_ptrace -> 0x0
             exe-1049896 [003] ..... 1635018.549881: sys_wait4(upid: 10074e, stat_addr: c000a29bf4, options: 40000002, ru: 0)
             exe-1049567 [001] ..... 1635018.549899: sys_nanosleep -> 0x0
             exe-1050446 [002] ..... 1635018.549902: sys_write -> 0x4e
             exe-1049567 [001] ..... 1635018.549908: sys_nanosleep(rqtp: c000069f10, rmtp: 0)
             exe-1049896 [003] ..... 1635018.549926: sys_wait4 -> 0x10074e
             exe-1049896 [003] ..... 1635018.549930: sys_ptrace(request: 4204, pid: 10074e, addr: 1, data: c000a29c70)
             exe-1049896 [003] ..... 1635018.549936: sys_ptrace -> 0x0
             exe-1049896 [003] ..... 1635018.549938: sys_ptrace(request: 4204, pid: 10074e, addr: 202, data: c000a29c70)
             exe-1049673 [001] ..... 1635018.549941: sys_nanosleep -> 0x0
             exe-1049896 [003] ..... 1635018.549942: sys_ptrace -> 0x0
             exe-1049673 [001] ..... 1635018.549950: sys_nanosleep(rqtp: c000069f10, rmtp: 0)
             exe-1049896 [003] ..... 1635018.549952: sys_ptrace(request: 4205, pid: 10074e, addr: 1, data: c000a29c70)
             exe-1049896 [003] ..... 1635018.549955: sys_ptrace -> 0x0
             exe-1049896 [003] ..... 1635018.549957: sys_ptrace(request: 4205, pid: 10074e, addr: 202, data: c000a29c70)
             exe-1049896 [003] ..... 1635018.549969: sys_ptrace -> 0x0
             exe-1049896 [003] ..... 1635018.549971: sys_ptrace(request: 1f, pid: 10074e, addr: 0, data: 0)
             exe-1049896 [003] ..... 1635018.549985: sys_ptrace -> 0x0
             exe-1049896 [003] ..... 1635018.549988: sys_wait4(upid: 10074e, stat_addr: c000a29bf4, options: 40000002, ru: 0)
             exe-1050446 [002] ..... 1635018.550003: sys_keyctl -> 0xfffffffffffffff3
             exe-1049896 [003] ..... 1635018.550023: sys_wait4 -> 0x10074e
             exe-1049896 [003] ..... 1635018.550027: sys_ptrace(request: 4204, pid: 10074e, addr: 1, data: c000a29c70)
             exe-1049567 [001] ..... 1635018.550031: sys_nanosleep -> 0x0
             exe-1049896 [003] ..... 1635018.550031: sys_ptrace -> 0x0
             exe-1049896 [003] ..... 1635018.550033: sys_ptrace(request: 4204, pid: 10074e, addr: 202, data: c000a29c70)
             exe-1049896 [003] ..... 1635018.550036: sys_ptrace -> 0x0
             exe-1049567 [001] ..... 1635018.550039: sys_nanosleep(rqtp: c000069f10, rmtp: 0)
             exe-1049896 [003] ..... 1635018.550050: sys_pwrite64(fd: 63, buf: 7fd66e248080, count: 4c, pos: 4e)
             exe-1049896 [003] ..... 1635018.550055: tracing_mark_write: keyctl(cmd=0x0, arg2=0x50b9bcbc7, arg3=0xfffc, arg4=-5, arg5=0xf7f7f7f7) end
             exe-1049896 [003] ..... 1635018.622824: tracing_mark_write: keyctl(cmd=0x0, arg2=0x82cd7661bd88, arg3=7, arg4=0xffffffff, arg5=0x896f) start
             exe-1049896 [003] ..... 1635018.622827: sys_pwrite64 -> 0x50
             exe-1049673 [001] ..... 1635018.622857: sys_nanosleep -> 0x0
             exe-1049673 [001] ..... 1635018.622861: sys_nanosleep(rqtp: c000069f10, rmtp: 0)
             exe-1049896 [003] ..... 1635018.622937: sys_ptrace(request: 4205, pid: 10074e, addr: 1, data: c000a29c70)
             exe-1049896 [003] ..... 1635018.622944: sys_ptrace -> 0x0
             exe-1049896 [003] ..... 1635018.622946: sys_ptrace(request: 4205, pid: 10074e, addr: 202, data: c000a29c70)
             exe-1049673 [001] ..... 1635018.622959: sys_nanosleep -> 0x0
             exe-1049673 [001] ..... 1635018.622964: sys_nanosleep(rqtp: c000069f10, rmtp: 0)
             exe-1049896 [003] ..... 1635018.622969: sys_ptrace -> 0x0
             exe-1049896 [003] ..... 1635018.623047: sys_ptrace(request: 1f, pid: 10074e, addr: 0, data: 0)
             exe-1049896 [003] ..... 1635018.623064: sys_ptrace -> 0x0
             exe-1049896 [003] ..... 1635018.623067: sys_wait4(upid: 10074e, stat_addr: c000a29bf4, options: 40000002, ru: 0)
             exe-1049673 [001] ..... 1635018.623068: sys_nanosleep -> 0x0
             exe-1049673 [001] ..... 1635018.623073: sys_nanosleep(rqtp: c000069f10, rmtp: 0)
             exe-1049567 [001] ..... 1635018.623087: sys_nanosleep -> 0x0
             exe-1049567 [001] ..... 1635018.623092: sys_nanosleep(rqtp: c000069f10, rmtp: 0)
           <...>-44358   [000] ..... 1635018.623112: sys_write(fd: 11, buf: c0008a8000, count: 1800)
             exe-1050446 [002] ..... 1635018.623139: sys_write -> 0x50
           <...>-44358   [000] ..... 1635018.623145: sys_write -> 0x1800
           <...>-44358   [000] ..... 1635018.623151: sys_epoll_pwait(epfd: 4, events: 7f1f1effc700, maxevents: 80, timeout: 0, sigmask: 0, sigsetsize: 18f2b6)
           <...>-44358   [000] ..... 1635018.623152: sys_epoll_pwait -> 0x0
           <...>-44358   [000] ..... 1635018.623154: sys_epoll_pwait(epfd: 4, events: 7f1f1effc700, maxevents: 80, timeout: 8d9, sigmask: 0, sigsetsize: 18f2b6)
             exe-1049896 [003] ..... 1635018.623171: sys_wait4 -> 0x10074e
             exe-1049896 [003] ..... 1635018.623177: sys_ptrace(request: 4204, pid: 10074e, addr: 1, data: c000a29c70)
             exe-1049896 [003] ..... 1635018.623182: sys_ptrace -> 0x0
             exe-1049896 [003] ..... 1635018.623185: sys_ptrace(request: 4204, pid: 10074e, addr: 202, data: c000a29c70)
             exe-1049896 [003] ..... 1635018.623188: sys_ptrace -> 0x0
           <...>-44358   [000] ..... 1635018.623192: sys_epoll_pwait -> 0x2
           <...>-44358   [000] ..... 1635018.623194: sys_read(fd: 5, buf: 7f1f1effc6f0, count: 10)
           <...>-44358   [000] ..... 1635018.623197: sys_read -> 0x1
             exe-1049896 [003] ..... 1635018.623198: sys_ptrace(request: 4205, pid: 10074e, addr: 1, data: c000a29c70)
           <...>-44358   [000] ..... 1635018.623199: sys_epoll_pwait(epfd: 4, events: 7f1f1effc700, maxevents: 80, timeout: 0, sigmask: 0, sigsetsize: 18f2b6)
           <...>-44358   [000] ..... 1635018.623200: sys_epoll_pwait -> 0x0
           <...>-44358   [000] ..... 1635018.623203: sys_epoll_pwait(epfd: 4, events: 7f1f1effc700, maxevents: 80, timeout: 9b, sigmask: 0, sigsetsize: 18f2b6)
             exe-1049896 [003] .N... 1635018.623227: sys_ptrace -> 0x0
             exe-1049896 [003] ..... 1635018.623265: sys_ptrace(request: 4205, pid: 10074e, addr: 202, data: c000a29c70)
             exe-1049896 [003] ..... 1635018.623280: sys_ptrace -> 0x0
             exe-1049896 [003] ..... 1635018.623282: sys_ptrace(request: 1f, pid: 10074e, addr: 0, data: 0)
             exe-1049896 [003] ..... 1635018.623293: sys_ptrace -> 0x0
             exe-1049896 [003] ..... 1635018.623297: sys_wait4(upid: 10074e, stat_addr: c000a29bf4, options: 40000002, ru: 0)
           <...>-44358   [000] ..... 1635018.623376: sys_epoll_pwait -> 0x1
           <...>-44358   [000] ..... 1635018.623380: sys_futex(uaddr: 55b2b17da318, op: 81, val: 1, utime: 0, uaddr2: 0, val3: 0)
             exe-1050446 [002] ..... 1635018.623382: sys_keyctl -> 0xfffffffffffffff3
           <...>-44358   [000] ..... 1635018.623387: sys_futex -> 0x1
           <...>-44358   [000] ..... 1635018.623389: sys_read(fd: 11, buf: c0008a0000, count: 8000)
           <...>-44358   [000] ..... 1635018.623402: sys_read -> 0x2f
           <...>-44358   [000] ..... 1635018.623414: sys_futex(uaddr: c0005c0948, op: 81, val: 1, utime: 0, uaddr2: 0, val3: 0)
           <...>-44358   [000] ..... 1635018.623418: sys_futex -> 0x1
           <...>-44358   [000] ..... 1635018.623437: sys_read(fd: 11, buf: c0008a0000, count: 8000)
           <...>-44358   [000] ..... 1635018.623439: sys_read -> 0xfffffffffffffff5
           <...>-44358   [000] ..... 1635018.623446: sys_write(fd: 11, buf: c0008a8000, count: 11)
           <...>-44358   [000] ..... 1635018.623458: sys_write -> 0x11
           <...>-44358   [000] ..... 1635018.623462: sys_epoll_pwait(epfd: 4, events: 7f1f1effc700, maxevents: 80, timeout: 0, sigmask: 0, sigsetsize: 18f2b6)
           <...>-44358   [000] ..... 1635018.623463: sys_epoll_pwait -> 0x0
             exe-1049722 [003] ..... 1635018.623463: sys_epoll_pwait -> 0x0
           <...>-44358   [000] ..... 1635018.623465: sys_epoll_pwait(epfd: 4, events: 7f1f1effc700, maxevents: 80, timeout: 9b, sigmask: 0, sigsetsize: 18f2b6)
             exe-1049722 [003] ..... 1635018.623480: sys_futex(uaddr: c00097a548, op: 81, val: 1, utime: 0, uaddr2: 0, val3: 0)
             exe-1049722 [003] ..... 1635018.623491: sys_futex -> 0x1
           <...>-44358   [000] ..... 1635018.623498: sys_epoll_pwait -> 0x1
           <...>-44358   [000] ..... 1635018.623501: sys_epoll_pwait(epfd: 4, events: 7f1f1effc700, maxevents: 80, timeout: 0, sigmask: 0, sigsetsize: 18f2b6)
           <...>-44358   [000] ..... 1635018.623502: sys_epoll_pwait -> 0x0
           <...>-44358   [000] ..... 1635018.623504: sys_epoll_pwait(epfd: 4, events: 7f1f1effc700, maxevents: 80, timeout: 9b, sigmask: 0, sigsetsize: 18f2b6)
             exe-1049981 [002] ..... 1635018.623567: sys_futex -> 0x0
             exe-1049722 [003] ..... 1635018.623588: sys_epoll_pwait(epfd: 11, events: c000409840, maxevents: 80, timeout: 9, sigmask: 0, sigsetsize: 0)
           <...>-44358   [000] ..... 1635018.623601: sys_epoll_pwait -> 0x1
             exe-1049896 [003] ..... 1635018.623601: sys_wait4 -> 0x10074e
           <...>-44358   [000] ..... 1635018.623604: sys_futex(uaddr: 55b2b17da318, op: 81, val: 1, utime: 0, uaddr2: 0, val3: 0)
             exe-1049896 [003] ..... 1635018.623606: sys_ptrace(request: 4204, pid: 10074e, addr: 1, data: c000a29c70)
           <...>-44358   [000] ..... 1635018.623610: sys_futex -> 0x1
           <...>-44358   [000] ..... 1635018.623612: sys_read(fd: 11, buf: c0008a0000, count: 8000)
             exe-1049896 [003] .N... 1635018.623618: sys_ptrace -> 0x0
           <...>-44358   [000] ..... 1635018.623623: sys_read -> 0x22
           <...>-44358   [000] ..... 1635018.623687: sys_futex(uaddr: c0005c0948, op: 81, val: 1, utime: 0, uaddr2: 0, val3: 0)
           <...>-44358   [000] ..... 1635018.623691: sys_futex -> 0x1
             exe-1049673 [001] ..... 1635018.623696: sys_nanosleep -> 0x0
             exe-1049981 [002] ..... 1635018.623696: sys_futex(uaddr: c00097a548, op: 80, val: 0, utime: 0, uaddr2: 0, val3: 0)
             exe-1049896 [003] ..... 1635018.623697: sys_ptrace(request: 4204, pid: 10074e, addr: 202, data: c000a29c70)
             exe-1049673 [001] ..... 1635018.623702: sys_nanosleep(rqtp: c000069f10, rmtp: 0)
           <...>-44358   [000] ..... 1635018.623707: sys_read(fd: 11, buf: c0008a0000, count: 8000)
           <...>-44358   [000] ..... 1635018.623709: sys_read -> 0xfffffffffffffff5
             exe-1049896 [003] ..... 1635018.623712: sys_ptrace -> 0x0
             exe-1049896 [003] ..... 1635018.623729: sys_pwrite64(fd: 63, buf: 7fd66e248080, count: 4e, pos: 50)
             exe-1049896 [003] ..... 1635018.623732: tracing_mark_write: keyctl(cmd=0x0, arg2=0x82cd7661bd88, arg3=7, arg4=0xffffffff, arg5=0x896f) end
             exe-1049896 [003] ..... 1635018.686641: tracing_mark_write: keyctl(cmd=0x0, arg2=0xffff, arg3=0x3dc93ad56f928eb8, arg4=0x203fa344, arg5=0x5000) start
             exe-1049896 [003] ..... 1635018.686643: sys_pwrite64 -> 0x59
             exe-1049896 [003] ..... 1635018.686648: sys_ptrace(request: 4205, pid: 10074e, addr: 1, data: c000a29c70)
             exe-1049896 [003] ..... 1635018.686651: sys_ptrace -> 0x0
             exe-1049896 [003] ..... 1635018.686652: sys_ptrace(request: 4205, pid: 10074e, addr: 202, data: c000a29c70)
             exe-1049896 [003] ..... 1635018.686659: sys_ptrace -> 0x0
             exe-1049896 [003] ..... 1635018.686661: sys_ptrace(request: 1f, pid: 10074e, addr: 0, data: 0)
             exe-1049896 [003] ..... 1635018.686668: sys_ptrace -> 0x0
             exe-1049896 [003] ..... 1635018.686670: sys_wait4(upid: 10074e, stat_addr: c000a29bf4, options: 40000002, ru: 0)
             exe-1049673 [001] ..... 1635018.686681: sys_nanosleep -> 0x0
             exe-1049673 [001] ..... 1635018.686686: sys_nanosleep(rqtp: c000069f10, rmtp: 0)
             exe-1050446 [001] ..... 1635018.686711: sys_write -> 0x59
             exe-1049896 [003] ..... 1635018.686730: sys_wait4 -> 0x10074e
             exe-1049896 [003] ..... 1635018.686732: sys_ptrace(request: 4204, pid: 10074e, addr: 1, data: c000a29c70)
             exe-1049567 [001] ..... 1635018.686744: sys_nanosleep -> 0x0
             exe-1049896 [003] ..... 1635018.686745: sys_ptrace -> 0x0
             exe-1049896 [003] ..... 1635018.686746: sys_ptrace(request: 4204, pid: 10074e, addr: 202, data: c000a29c70)
             exe-1049896 [003] ..... 1635018.686748: sys_ptrace -> 0x0
             exe-1049567 [001] ..... 1635018.686749: sys_nanosleep(rqtp: c000069f10, rmtp: 0)
             exe-1049896 [003] ..... 1635018.686755: sys_ptrace(request: 4205, pid: 10074e, addr: 1, data: c000a29c70)
             exe-1049896 [003] ..... 1635018.686769: sys_ptrace -> 0x0
             exe-1049896 [003] ..... 1635018.686771: sys_ptrace(request: 4205, pid: 10074e, addr: 202, data: c000a29c70)
             exe-1049896 [003] ..... 1635018.686779: sys_ptrace -> 0x0
             exe-1049896 [003] ..... 1635018.686780: sys_ptrace(request: 1f, pid: 10074e, addr: 0, data: 0)
             exe-1049673 [001] ..... 1635018.686789: sys_nanosleep -> 0x0
             exe-1049896 [003] ..... 1635018.686792: sys_ptrace -> 0x0
             exe-1049896 [003] ..... 1635018.686794: sys_wait4(upid: 10074e, stat_addr: c000a29bf4, options: 40000002, ru: 0)
             exe-1049673 [001] ..... 1635018.686804: sys_nanosleep(rqtp: c000069f10, rmtp: 0)
             exe-1050446 [001] ..... 1635018.686819: sys_keyctl -> 0xfffffffffffffff3
             exe-1049896 [003] ..... 1635018.686865: sys_wait4 -> 0x10074e
             exe-1049896 [003] ..... 1635018.686867: sys_ptrace(request: 4204, pid: 10074e, addr: 1, data: c000a29c70)
             exe-1049673 [001] ..... 1635018.686870: sys_nanosleep -> 0x0
             exe-1049896 [003] ..... 1635018.686871: sys_ptrace -> 0x0
             exe-1049896 [003] ..... 1635018.686872: sys_ptrace(request: 4204, pid: 10074e, addr: 202, data: c000a29c70)
             exe-1049896 [003] ..... 1635018.686874: sys_ptrace -> 0x0
             exe-1049673 [001] ..... 1635018.686874: sys_nanosleep(rqtp: c000069f10, rmtp: 0)
             exe-1049896 [003] ..... 1635018.686879: sys_pwrite64(fd: 63, buf: 7fd66e248080, count: 57, pos: 59)
             exe-1049896 [003] ..... 1635018.686881: tracing_mark_write: keyctl(cmd=0x0, arg2=0xffff, arg3=0x3dc93ad56f928eb8, arg4=0x203fa344, arg5=0x5000) end
             exe-1049896 [000] ..... 1635018.768692: tracing_mark_write: keyctl(cmd=0x1, arg2=0xefef3f7bd5fed7ff, arg3=0xd63c155818, arg4=0x6c2de422c2, arg5=0xe18b1e23ec829b) start
             exe-1049896 [000] ..... 1635018.768694: sys_pwrite64 -> 0x6b
             exe-1049896 [000] ..... 1635018.768698: sys_ptrace(request: 4205, pid: 10074e, addr: 1, data: c000a29c70)
             exe-1049896 [000] ..... 1635018.768701: sys_ptrace -> 0x0
             exe-1049896 [000] ..... 1635018.768702: sys_ptrace(request: 4205, pid: 10074e, addr: 202, data: c000a29c70)
             exe-1049896 [000] ..... 1635018.768708: sys_ptrace -> 0x0
             exe-1049896 [000] ..... 1635018.768710: sys_ptrace(request: 1f, pid: 10074e, addr: 0, data: 0)
             exe-1049673 [001] ..... 1635018.768726: sys_nanosleep -> 0x0
             exe-1049896 [000] ..... 1635018.768730: sys_ptrace -> 0x0
             exe-1049673 [001] ..... 1635018.768743: sys_nanosleep(rqtp: c000069f10, rmtp: 0)
             exe-1049896 [000] ..... 1635018.768747: sys_wait4(upid: 10074e, stat_addr: c000a29bf4, options: 40000002, ru: 0)
             exe-1049567 [000] ..... 1635018.768752: sys_nanosleep -> 0x0
             exe-1049567 [000] ..... 1635018.768754: sys_nanosleep(rqtp: c000069f10, rmtp: 0)
             exe-1050446 [001] ..... 1635018.768767: sys_write -> 0x6b
             exe-1049896 [000] ..... 1635018.768785: sys_wait4 -> 0x10074e
             exe-1049896 [000] ..... 1635018.768788: sys_ptrace(request: 4204, pid: 10074e, addr: 1, data: c000a29c70)
             exe-1049896 [000] ..... 1635018.768790: sys_ptrace -> 0x0
             exe-1049896 [000] ..... 1635018.768792: sys_ptrace(request: 4204, pid: 10074e, addr: 202, data: c000a29c70)
             exe-1049896 [000] ..... 1635018.768794: sys_ptrace -> 0x0
             exe-1049896 [000] ..... 1635018.768800: sys_ptrace(request: 4205, pid: 10074e, addr: 1, data: c000a29c70)
             exe-1049896 [000] ..... 1635018.768803: sys_ptrace -> 0x0
             exe-1049896 [000] ..... 1635018.768804: sys_ptrace(request: 4205, pid: 10074e, addr: 202, data: c000a29c70)
             exe-1049896 [000] ..... 1635018.768810: sys_ptrace -> 0x0
             exe-1049896 [000] ..... 1635018.768811: sys_ptrace(request: 1f, pid: 10074e, addr: 0, data: 0)
             exe-1049896 [000] ..... 1635018.768817: sys_ptrace -> 0x0
             exe-1049896 [000] ..... 1635018.768818: sys_wait4(upid: 10074e, stat_addr: c000a29bf4, options: 40000002, ru: 0)
             exe-1049567 [000] ..... 1635018.768840: sys_nanosleep -> 0x0
             exe-1049567 [000] ..... 1635018.768843: sys_nanosleep(rqtp: c000069f10, rmtp: 0)
             exe-1049673 [001] ..... 1635018.768847: sys_nanosleep -> 0x0
             exe-1049673 [001] ..... 1635018.768852: sys_nanosleep(rqtp: c000069f10, rmtp: 0)
             exe-1050446 [001] ..... 1635018.768868: sys_keyctl -> 0xfffffffffffffff3
             exe-1049896 [000] ..... 1635018.768886: sys_wait4 -> 0x10074e
             exe-1049896 [000] ..... 1635018.768889: sys_ptrace(request: 4204, pid: 10074e, addr: 1, data: c000a29c70)
             exe-1049896 [000] ..... 1635018.768891: sys_ptrace -> 0x0
             exe-1049896 [000] ..... 1635018.768893: sys_ptrace(request: 4204, pid: 10074e, addr: 202, data: c000a29c70)
             exe-1049896 [000] ..... 1635018.768895: sys_ptrace -> 0x0
             exe-1049896 [000] ..... 1635018.768900: sys_pwrite64(fd: 63, buf: 7fd66e248080, count: 69, pos: 6b)
             exe-1049896 [000] ..... 1635018.768902: tracing_mark_write: keyctl(cmd=0x1, arg2=0xefef3f7bd5fed7ff, arg3=0xd63c155818, arg4=0x6c2de422c2, arg5=0xe18b1e23ec829b) end
             exe-1049896 [000] ..... 1635018.862075: tracing_mark_write: keyctl(cmd=0x1, arg2=0xffff, arg3=-4, arg4=0x895bfed49a, arg5=544) start
             exe-1049896 [000] ..... 1635018.862077: sys_pwrite64 -> 0x48
             exe-1049896 [000] ..... 1635018.862082: sys_ptrace(request: 4205, pid: 10074e, addr: 1, data: c000a29c70)
             exe-1049896 [000] ..... 1635018.862084: sys_ptrace -> 0x0
             exe-1049896 [000] ..... 1635018.862086: sys_ptrace(request: 4205, pid: 10074e, addr: 202, data: c000a29c70)
             exe-1049896 [000] ..... 1635018.862094: sys_ptrace -> 0x0
             exe-1049896 [000] ..... 1635018.862096: sys_ptrace(request: 1f, pid: 10074e, addr: 0, data: 0)
             exe-1049896 [000] ..... 1635018.862106: sys_ptrace -> 0x0
             exe-1049896 [000] ..... 1635018.862108: sys_wait4(upid: 10074e, stat_addr: c000a29bf4, options: 40000002, ru: 0)
             exe-1050446 [001] ..... 1635018.862137: sys_write -> 0x48
             exe-1049896 [000] ..... 1635018.862162: sys_wait4 -> 0x10074e
             exe-1049896 [000] ..... 1635018.862165: sys_ptrace(request: 4204, pid: 10074e, addr: 1, data: c000a29c70)
             exe-1049896 [000] ..... 1635018.862167: sys_ptrace -> 0x0
             exe-1049896 [000] ..... 1635018.862169: sys_ptrace(request: 4204, pid: 10074e, addr: 202, data: c000a29c70)
             exe-1049896 [000] ..... 1635018.862171: sys_ptrace -> 0x0
             exe-1049896 [000] ..... 1635018.862177: sys_ptrace(request: 4205, pid: 10074e, addr: 1, data: c000a29c70)
             exe-1049896 [000] ..... 1635018.862180: sys_ptrace -> 0x0
             exe-1049896 [000] ..... 1635018.862181: sys_ptrace(request: 4205, pid: 10074e, addr: 202, data: c000a29c70)
             exe-1049896 [000] ..... 1635018.862187: sys_ptrace -> 0x0
             exe-1049896 [000] ..... 1635018.862188: sys_ptrace(request: 1f, pid: 10074e, addr: 0, data: 0)
             exe-1049896 [000] ..... 1635018.862197: sys_ptrace -> 0x0
             exe-1049896 [000] ..... 1635018.862198: sys_wait4(upid: 10074e, stat_addr: c000a29bf4, options: 40000002, ru: 0)
             exe-1050446 [001] ..... 1635018.862218: sys_keyctl -> 0xfffffffffffffff3
             exe-1049896 [000] ..... 1635018.862238: sys_wait4 -> 0x10074e
             exe-1049896 [000] ..... 1635018.862240: sys_ptrace(request: 4204, pid: 10074e, addr: 1, data: c000a29c70)
             exe-1049896 [000] ..... 1635018.862242: sys_ptrace -> 0x0
             exe-1049896 [000] ..... 1635018.862244: sys_ptrace(request: 4204, pid: 10074e, addr: 202, data: c000a29c70)
             exe-1049896 [000] ..... 1635018.862245: sys_ptrace -> 0x0
             exe-1049896 [000] ..... 1635018.862251: sys_pwrite64(fd: 63, buf: 7fd66e248080, count: 46, pos: 48)
             exe-1049896 [000] ..... 1635018.862252: tracing_mark_write: keyctl(cmd=0x1, arg2=0xffff, arg3=-4, arg4=0x895bfed49a, arg5=544) end
             exe-1049896 [000] ..... 1635018.932705: tracing_mark_write: keyctl(cmd=0x1, arg2=32, arg3=0xcc4c0b394d, arg4=-4, arg5=0x1022186841bdbc45) start
             exe-1049896 [000] ..... 1635018.932707: sys_pwrite64 -> 0x53
             exe-1049896 [000] ..... 1635018.932712: sys_ptrace(request: 4205, pid: 10074e, addr: 1, data: c000a29c70)
             exe-1049896 [000] ..... 1635018.932720: sys_ptrace -> 0x0
             exe-1049896 [000] ..... 1635018.932721: sys_ptrace(request: 4205, pid: 10074e, addr: 202, data: c000a29c70)
             exe-1049896 [000] ..... 1635018.932729: sys_ptrace -> 0x0
             exe-1049896 [000] ..... 1635018.932730: sys_ptrace(request: 1f, pid: 10074e, addr: 0, data: 0)
             exe-1049896 [000] ..... 1635018.932737: sys_ptrace -> 0x0
             exe-1049896 [000] ..... 1635018.932738: sys_wait4(upid: 10074e, stat_addr: c000a29bf4, options: 40000002, ru: 0)
             exe-1050446 [001] ..... 1635018.932750: sys_write -> 0x53
             exe-1049673 [002] ..... 1635018.932754: sys_nanosleep -> 0x0
             exe-1049673 [002] ..... 1635018.932756: sys_nanosleep(rqtp: c000069f10, rmtp: 0)
             exe-1049896 [000] ..... 1635018.932773: sys_wait4 -> 0x10074e
             exe-1049567 [003] ..... 1635018.932774: sys_nanosleep -> 0x0
             exe-1049896 [000] ..... 1635018.932775: sys_ptrace(request: 4204, pid: 10074e, addr: 1, data: c000a29c70)
             exe-1049567 [003] ..... 1635018.932776: sys_nanosleep(rqtp: c000069f10, rmtp: 0)
             exe-1049896 [000] ..... 1635018.932778: sys_ptrace -> 0x0
             exe-1049896 [000] ..... 1635018.932779: sys_ptrace(request: 4204, pid: 10074e, addr: 202, data: c000a29c70)
             exe-1049896 [000] ..... 1635018.932781: sys_ptrace -> 0x0
             exe-1049896 [000] ..... 1635018.932787: sys_ptrace(request: 4205, pid: 10074e, addr: 1, data: c000a29c70)
             exe-1049896 [000] ..... 1635018.932789: sys_ptrace -> 0x0
             exe-1049896 [000] ..... 1635018.932790: sys_ptrace(request: 4205, pid: 10074e, addr: 202, data: c000a29c70)
             exe-1049896 [000] ..... 1635018.932796: sys_ptrace -> 0x0
             exe-1049896 [000] ..... 1635018.932797: sys_ptrace(request: 1f, pid: 10074e, addr: 0, data: 0)
             exe-1049896 [000] ..... 1635018.932803: sys_ptrace -> 0x0
             exe-1049896 [000] ..... 1635018.932805: sys_wait4(upid: 10074e, stat_addr: c000a29bf4, options: 40000002, ru: 0)
             exe-1049673 [002] ..... 1635018.932843: sys_nanosleep -> 0x0
             exe-1049673 [002] ..... 1635018.932845: sys_nanosleep(rqtp: c000069f10, rmtp: 0)
             exe-1050446 [001] ..... 1635018.932853: sys_keyctl -> 0xfffffffffffffff3
             exe-1049567 [003] ..... 1635018.932857: sys_nanosleep -> 0x0
             exe-1049567 [003] ..... 1635018.932858: sys_nanosleep(rqtp: c000069f10, rmtp: 0)
             exe-1049896 [000] ..... 1635018.932875: sys_wait4 -> 0x10074e
             exe-1049896 [000] ..... 1635018.932877: sys_ptrace(request: 4204, pid: 10074e, addr: 1, data: c000a29c70)
             exe-1049896 [000] ..... 1635018.932879: sys_ptrace -> 0x0
             exe-1049896 [000] ..... 1635018.932881: sys_ptrace(request: 4204, pid: 10074e, addr: 202, data: c000a29c70)
             exe-1049896 [000] ..... 1635018.932882: sys_ptrace -> 0x0
             exe-1049896 [000] ..... 1635018.932888: sys_pwrite64(fd: 63, buf: 7fd66e248080, count: 51, pos: 53)
             exe-1049896 [000] ..... 1635018.932888: tracing_mark_write: keyctl(cmd=0x1, arg2=32, arg3=0xcc4c0b394d, arg4=-4, arg5=0x1022186841bdbc45) end
             exe-1049896 [000] ..... 1635018.997678: tracing_mark_write: keyctl(cmd=0x1, arg2=-3, arg3=0x98a006104180549, arg4=0x400000, arg5=0xb2b2b2b2) start
             exe-1049896 [000] ..... 1635018.997680: sys_pwrite64 -> 0x56
             exe-1049896 [000] ..... 1635018.997685: sys_ptrace(request: 4205, pid: 10074e, addr: 1, data: c000a29c70)
             exe-1049896 [000] ..... 1635018.997688: sys_ptrace -> 0x0
             exe-1049896 [000] ..... 1635018.997689: sys_ptrace(request: 4205, pid: 10074e, addr: 202, data: c000a29c70)
             exe-1049896 [000] ..... 1635018.997697: sys_ptrace -> 0x0
             exe-1049896 [000] ..... 1635018.997699: sys_ptrace(request: 1f, pid: 10074e, addr: 0, data: 0)
             exe-1049673 [002] ..... 1635018.997707: sys_nanosleep -> 0x0
             exe-1049673 [002] ..... 1635018.997709: sys_nanosleep(rqtp: c000069f10, rmtp: 0)
             exe-1049896 [000] ..... 1635018.997709: sys_ptrace -> 0x0
             exe-1049896 [000] ..... 1635018.997711: sys_wait4(upid: 10074e, stat_addr: c000a29bf4, options: 40000002, ru: 0)
             exe-1050446 [001] ..... 1635018.997732: sys_write -> 0x56
             exe-1049896 [000] ..... 1635018.997751: sys_wait4 -> 0x10074e
             exe-1049896 [000] ..... 1635018.997754: sys_ptrace(request: 4204, pid: 10074e, addr: 1, data: c000a29c70)
             exe-1049567 [003] ..... 1635018.997756: sys_nanosleep -> 0x0
             exe-1049896 [000] ..... 1635018.997756: sys_ptrace -> 0x0
             exe-1049896 [000] ..... 1635018.997758: sys_ptrace(request: 4204, pid: 10074e, addr: 202, data: c000a29c70)
             exe-1049896 [000] ..... 1635018.997760: sys_ptrace -> 0x0
             exe-1049567 [003] ..... 1635018.997761: sys_nanosleep(rqtp: c000069f10, rmtp: 0)
             exe-1049896 [000] ..... 1635018.997767: sys_ptrace(request: 4205, pid: 10074e, addr: 1, data: c000a29c70)
             exe-1049896 [000] ..... 1635018.997769: sys_ptrace -> 0x0
             exe-1049896 [000] ..... 1635018.997771: sys_ptrace(request: 4205, pid: 10074e, addr: 202, data: c000a29c70)
             exe-1049896 [000] ..... 1635018.997777: sys_ptrace -> 0x0
             exe-1049896 [000] ..... 1635018.997778: sys_ptrace(request: 1f, pid: 10074e, addr: 0, data: 0)
             exe-1049896 [000] ..... 1635018.997787: sys_ptrace -> 0x0
             exe-1049896 [000] ..... 1635018.997789: sys_wait4(upid: 10074e, stat_addr: c000a29bf4, options: 40000002, ru: 0)
             exe-1049673 [002] ..... 1635018.997798: sys_nanosleep -> 0x0
             exe-1049673 [002] ..... 1635018.997800: sys_nanosleep(rqtp: c000069f10, rmtp: 0)
             exe-1050446 [001] ..... 1635018.997807: sys_keyctl -> 0xfffffffffffffff3
             exe-1049896 [000] ..... 1635018.997825: sys_wait4 -> 0x10074e
             exe-1049896 [000] ..... 1635018.997828: sys_ptrace(request: 4204, pid: 10074e, addr: 1, data: c000a29c70)
             exe-1049896 [000] ..... 1635018.997830: sys_ptrace -> 0x0
             exe-1049896 [000] ..... 1635018.997832: sys_ptrace(request: 4204, pid: 10074e, addr: 202, data: c000a29c70)
             exe-1049896 [000] ..... 1635018.997834: sys_ptrace -> 0x0
             exe-1049896 [000] ..... 1635018.997839: sys_pwrite64(fd: 63, buf: 7fd66e248080, count: 54, pos: 56)
             exe-1049896 [000] ..... 1635018.997840: tracing_mark_write: keyctl(cmd=0x1, arg2=-3, arg3=0x98a006104180549, arg4=0x400000, arg5=0xb2b2b2b2) end
             exe-1049896 [000] ..... 1635019.061839: tracing_mark_write: keyctl(cmd=0x1, arg2=0xf1f1f1f1, arg3=0xff85, arg4=18, arg5=0xc0c23a03d64343) start
             exe-1049896 [000] ..... 1635019.061841: sys_pwrite64 -> 0x53
             exe-1049567 [003] ..... 1635019.061841: sys_nanosleep -> 0x0
             exe-1049896 [000] ..... 1635019.061846: sys_ptrace(request: 4205, pid: 10074e, addr: 1, data: c000a29c70)
             exe-1049567 [003] ..... 1635019.061847: sys_nanosleep(rqtp: c000069f10, rmtp: 0)
             exe-1049896 [000] ..... 1635019.061848: sys_ptrace -> 0x0
             exe-1049896 [000] ..... 1635019.061849: sys_ptrace(request: 4205, pid: 10074e, addr: 202, data: c000a29c70)
             exe-1049896 [000] ..... 1635019.061859: sys_ptrace -> 0x0
             exe-1049896 [000] ..... 1635019.061860: sys_ptrace(request: 1f, pid: 10074e, addr: 0, data: 0)
             exe-1049896 [000] ..... 1635019.061862: sys_ptrace -> 0x0
             exe-1049896 [000] ..... 1635019.061863: sys_wait4(upid: 10074e, stat_addr: c000a29bf4, options: 40000002, ru: 0)
             exe-1049673 [002] ..... 1635019.061896: sys_nanosleep -> 0x0
             exe-1049673 [002] ..... 1635019.061898: sys_nanosleep(rqtp: c000069f10, rmtp: 0)
             exe-1050446 [001] ..... 1635019.061902: sys_write -> 0x53
             exe-1049896 [000] ..... 1635019.061925: sys_wait4 -> 0x10074e
             exe-1049896 [000] ..... 1635019.061928: sys_ptrace(request: 4204, pid: 10074e, addr: 1, data: c000a29c70)
             exe-1049896 [000] ..... 1635019.061930: sys_ptrace -> 0x0
             exe-1049896 [000] ..... 1635019.061932: sys_ptrace(request: 4204, pid: 10074e, addr: 202, data: c000a29c70)
             exe-1049896 [000] ..... 1635019.061934: sys_ptrace -> 0x0
             exe-1049896 [000] ..... 1635019.061940: sys_ptrace(request: 4205, pid: 10074e, addr: 1, data: c000a29c70)
             exe-1049896 [000] ..... 1635019.061942: sys_ptrace -> 0x0
             exe-1049896 [000] ..... 1635019.061943: sys_ptrace(request: 4205, pid: 10074e, addr: 202, data: c000a29c70)
             exe-1049567 [003] ..... 1635019.061945: sys_nanosleep -> 0x0
             exe-1049896 [000] ..... 1635019.061949: sys_ptrace -> 0x0
             exe-1049567 [003] ..... 1635019.061949: sys_nanosleep(rqtp: c000069f10, rmtp: 0)
             exe-1049896 [000] ..... 1635019.061951: sys_ptrace(request: 1f, pid: 10074e, addr: 0, data: 0)
             exe-1049896 [000] ..... 1635019.061956: sys_ptrace -> 0x0
             exe-1049896 [000] ..... 1635019.061958: sys_wait4(upid: 10074e, stat_addr: c000a29bf4, options: 40000002, ru: 0)
             exe-1049673 [002] ..... 1635019.061988: sys_nanosleep -> 0x0
             exe-1049673 [002] ..... 1635019.061990: sys_nanosleep(rqtp: c000069f10, rmtp: 0)
             exe-1050446 [001] ..... 1635019.062013: sys_keyctl -> 0xfffffffffffffff3
             exe-1049896 [000] ..... 1635019.062036: sys_wait4 -> 0x10074e
             exe-1049896 [000] ..... 1635019.062038: sys_ptrace(request: 4204, pid: 10074e, addr: 1, data: c000a29c70)
             exe-1049896 [000] ..... 1635019.062040: sys_ptrace -> 0x0
             exe-1049896 [000] ..... 1635019.062042: sys_ptrace(request: 4204, pid: 10074e, addr: 202, data: c000a29c70)
             exe-1049896 [000] ..... 1635019.062043: sys_ptrace -> 0x0
             exe-1049567 [003] ..... 1635019.062047: sys_nanosleep -> 0x0
             exe-1049896 [000] ..... 1635019.062048: sys_pwrite64(fd: 63, buf: 7fd66e248080, count: 51, pos: 53)
             exe-1049896 [000] ..... 1635019.062049: tracing_mark_write: keyctl(cmd=0x1, arg2=0xf1f1f1f1, arg3=0xff85, arg4=18, arg5=0xc0c23a03d64343) end
             exe-1049896 [000] ..... 1635019.133537: tracing_mark_write: keyctl(cmd=0x1, arg2=0x2e2166bc2cc9686d, arg3=-233, arg4=1, arg5=0x5765b232022048c0) start
             exe-1049896 [000] ..... 1635019.133539: sys_pwrite64 -> 0x5a
             exe-1049896 [000] ..... 1635019.133544: sys_ptrace(request: 4205, pid: 10074e, addr: 1, data: c000a29c70)
             exe-1049896 [000] ..... 1635019.133547: sys_ptrace -> 0x0
             exe-1049896 [000] ..... 1635019.133549: sys_ptrace(request: 4205, pid: 10074e, addr: 202, data: c000a29c70)
             exe-1049896 [000] ..... 1635019.133558: sys_ptrace -> 0x0
             exe-1049896 [000] ..... 1635019.133559: sys_ptrace(request: 1f, pid: 10074e, addr: 0, data: 0)
             exe-1049567 [003] ..... 1635019.133564: sys_nanosleep -> 0x0
             exe-1049567 [003] ..... 1635019.133568: sys_nanosleep(rqtp: c000069f10, rmtp: 0)
             exe-1049896 [000] ..... 1635019.133571: sys_ptrace -> 0x0
             exe-1049673 [002] ..... 1635019.133573: sys_nanosleep -> 0x0
             exe-1049896 [000] ..... 1635019.133573: sys_wait4(upid: 10074e, stat_addr: c000a29bf4, options: 40000002, ru: 0)
             exe-1049673 [002] ..... 1635019.133575: sys_nanosleep(rqtp: c000069f10, rmtp: 0)
             exe-1050446 [001] ..... 1635019.133587: sys_write -> 0x5a
             exe-1049896 [000] ..... 1635019.133610: sys_wait4 -> 0x10074e
             exe-1049896 [000] ..... 1635019.133613: sys_ptrace(request: 4204, pid: 10074e, addr: 1, data: c000a29c70)
             exe-1049896 [000] ..... 1635019.133615: sys_ptrace -> 0x0
             exe-1049896 [000] ..... 1635019.133617: sys_ptrace(request: 4204, pid: 10074e, addr: 202, data: c000a29c70)
             exe-1049896 [000] ..... 1635019.133619: sys_ptrace -> 0x0
             exe-1049896 [000] ..... 1635019.133625: sys_ptrace(request: 4205, pid: 10074e, addr: 1, data: c000a29c70)
             exe-1049896 [000] ..... 1635019.133628: sys_ptrace -> 0x0
             exe-1049896 [000] ..... 1635019.133629: sys_ptrace(request: 4205, pid: 10074e, addr: 202, data: c000a29c70)
             exe-1049896 [000] ..... 1635019.133635: sys_ptrace -> 0x0
             exe-1049896 [000] ..... 1635019.133637: sys_ptrace(request: 1f, pid: 10074e, addr: 0, data: 0)
             exe-1049896 [000] ..... 1635019.133638: sys_ptrace -> 0x0
             exe-1049896 [000] ..... 1635019.133640: sys_wait4(upid: 10074e, stat_addr: c000a29bf4, options: 40000002, ru: 0)
             exe-1049567 [003] ..... 1635019.133666: sys_nanosleep -> 0x0
             exe-1049567 [003] ..... 1635019.133670: sys_nanosleep(rqtp: c000069f10, rmtp: 0)
             exe-1050446 [001] ..... 1635019.133680: sys_keyctl -> 0xfffffffffffffff3
             exe-1049673 [002] ..... 1635019.133698: sys_nanosleep -> 0x0
             exe-1049673 [002] ..... 1635019.133702: sys_nanosleep(rqtp: c000069f10, rmtp: 0)
             exe-1049896 [000] ..... 1635019.133717: sys_wait4 -> 0x10074e
             exe-1049896 [000] ..... 1635019.133719: sys_ptrace(request: 4204, pid: 10074e, addr: 1, data: c000a29c70)
             exe-1049896 [000] ..... 1635019.133722: sys_ptrace -> 0x0
             exe-1049896 [000] ..... 1635019.133724: sys_ptrace(request: 4204, pid: 10074e, addr: 202, data: c000a29c70)
             exe-1049896 [000] ..... 1635019.133726: sys_ptrace -> 0x0
             exe-1049896 [000] ..... 1635019.133731: sys_pwrite64(fd: 63, buf: 7fd66e248080, count: 58, pos: 5a)
