             exe-1091880 [002] ..... 1635134.984929: sys_wait4 -> 0x10a9ba
             exe-1091880 [002] ..... 1635134.984931: sys_ptrace(request: 4204, pid: 10a9ba, addr: 1, data: c0003dfc70)
             exe-1091880 [002] ..... 1635134.984934: sys_ptrace -> 0x0
             exe-1050282 [003] ..... 1635134.984935: sys_ptrace -> 0x0
             exe-1091880 [002] ..... 1635134.984935: sys_ptrace(request: 4204, pid: 10a9ba, addr: 202, data: c0003dfc70)
             exe-1050282 [003] ..... 1635134.984936: sys_ptrace(request: 1f, pid: 1006b2, addr: 0, data: 0)
             exe-1091880 [002] ..... 1635134.984937: sys_ptrace -> 0x0
             exe-1091880 [002] ..... 1635134.984938: sys_ptrace(request: 4202, pid: 10a9ba, addr: 0, data: c001a56760)
             exe-1091880 [002] ..... 1635134.984940: sys_ptrace -> 0x0
             exe-1050282 [003] ..... 1635134.984989: sys_ptrace -> 0x0
             exe-1050282 [003] ..... 1635134.984992: sys_wait4(upid: 1006b2, stat_addr: c000641bf4, options: 40000002, ru: 0)
             exe-1050290 [003] ..... 1635134.985006: sys_linkat -> 0xffffffffffffffea
             exe-1091880 [002] ..... 1635134.985020: sys_ptrace(request: 4205, pid: 10a9bb, addr: 1, data: c0003df900)
             exe-1091880 [002] ..... 1635134.985023: sys_ptrace -> 0x0
             exe-1091880 [002] ..... 1635134.985025: sys_ptrace(request: 7, pid: 10a9bb, addr: 0, data: 0)
             exe-1050282 [003] ..... 1635134.985029: sys_wait4 -> 0x1006b2
             exe-1091880 [002] ..... 1635134.985031: sys_ptrace -> 0x0
             exe-1050282 [003] ..... 1635134.985033: sys_ptrace(request: 4204, pid: 1006b2, addr: 1, data: c000641c70)
             exe-1091880 [002] ..... 1635134.985033: sys_wait4(upid: 10a9bb, stat_addr: c0003df884, options: 40000002, ru: 0)
             exe-1050282 [003] ..... 1635134.985037: sys_ptrace -> 0x0
             exe-1050282 [003] ..... 1635134.985038: sys_ptrace(request: 4204, pid: 1006b2, addr: 202, data: c000641c70)
             exe-1050282 [003] ..... 1635134.985041: sys_ptrace -> 0x0
             exe-1092027 [001] ..... 1635134.985043: sys_mmap(addr: 7f630393b000, len: 1000, prot: 1, flags: 11, fd: 35, off: 9b0e000)
             exe-1049567 [002] ..... 1635134.985048: sys_nanosleep -> 0x0
             exe-1050282 [003] ..... 1635134.985052: sys_pwrite64(fd: 63, buf: 7fd66e3cff20, count: b8, pos: ba)
             exe-1050282 [003] ..... 1635134.985055: tracing_mark_write: linkat(olddfd=274, oldname="/victims/proc/self/root/usr/include/x86_64-linux-gnu", newdfd=357, newname="/victims/usr/share/vim/vim82/lang/de/LC_MESSAGES", flags=0x38d15e81ea060146) end
             exe-1049722 [003] ..... 1635135.105071: tracing_mark_write: linkat(olddfd=335, oldname="/victims/usr/include/linux/netfilter", newdfd=282, newname="/victims/usr/share/locale/ja/LC_MESSAGES", flags=0x7f85c3019d00) start
             exe-1049712 [000] ..... 1635135.105072: sys_futex -> 0x0
             exe-1049712 [000] ..... 1635135.105077: sys_futex(uaddr: c0002dcd48, op: 80, val: 0, utime: 0, uaddr2: 0, val3: 0)
             exe-1049673 [000] ..... 1635135.105083: sys_nanosleep(rqtp: c000069f10, rmtp: 0)
             exe-1049722 [003] ..... 1635135.105134: sys_pwrite64 -> 0x9e
             exe-1049722 [003] ..... 1635135.105139: sys_ptrace(request: 4205, pid: 1005f3, addr: 1, data: c000a2fc70)
             exe-1049722 [003] ..... 1635135.105141: sys_ptrace -> 0x0
             exe-1049722 [003] ..... 1635135.105142: sys_ptrace(request: 4205, pid: 1005f3, addr: 202, data: c000a2fc70)
             exe-1049722 [003] ..... 1635135.105148: sys_ptrace -> 0x0
             exe-1049722 [003] ..... 1635135.105150: sys_ptrace(request: 1f, pid: 1005f3, addr: 0, data: 0)
             exe-980075  [002] ..... 1635135.105154: sys_write(fd: 15, buf: c0006cd23b, count: 1)
             exe-1049722 [003] ..... 1635135.105155: sys_ptrace -> 0x0
             exe-1049722 [003] ..... 1635135.105156: sys_wait4(upid: 1005f3, stat_addr: c000a2fbf4, options: 40000002, ru: 0)
             exe-980075  [002] ..... 1635135.105173: sys_write -> 0x1
             exe-1050099 [000] ..... 1635135.105183: sys_write -> 0x9e
             exe-975528  [001] ..... 1635135.105190: sys_epoll_pwait -> 0x1
             exe-975528  [001] ..... 1635135.105191: sys_read(fd: 13, buf: c000409830, count: 10)
             exe-980075  [002] ..... 1635135.105193: sys_futex(uaddr: c00065e148, op: 81, val: 1, utime: 0, uaddr2: 0, val3: 0)
             exe-975528  [001] ..... 1635135.105195: sys_read -> 0x1
             exe-980075  [002] ..... 1635135.105200: sys_futex -> 0x1
             exe-1049673 [000] ..... 1635135.105207: sys_nanosleep -> 0x0
             exe-977513  [003] ..... 1635135.105210: sys_futex -> 0x0
             exe-1049673 [000] ..... 1635135.105212: sys_futex(uaddr: 1f09dc0, op: 80, val: 0, utime: c000069eb0, uaddr2: 0, val3: 0)
             exe-975528  [001] ..... 1635135.105214: sys_nanosleep(rqtp: c000409d60, rmtp: 0)
             exe-977513  [003] ..... 1635135.105217: sys_nanosleep(rqtp: c00092fd50, rmtp: 0)
             exe-1049722 [003] ..... 1635135.105239: sys_wait4 -> 0x1005f3
             exe-1049722 [003] ..... 1635135.105243: sys_ptrace(request: 4204, pid: 1005f3, addr: 1, data: c000a2fc70)
             exe-1049722 [003] ..... 1635135.105247: sys_ptrace -> 0x0
             exe-1049722 [003] ..... 1635135.105249: sys_ptrace(request: 4204, pid: 1005f3, addr: 202, data: c000a2fc70)
             exe-1049722 [003] ..... 1635135.105251: sys_ptrace -> 0x0
             exe-1049722 [003] ..... 1635135.105257: sys_ptrace(request: 4205, pid: 1005f3, addr: 1, data: c000a2fc70)
             exe-1049722 [003] ..... 1635135.105259: sys_ptrace -> 0x0
             exe-1049722 [003] ..... 1635135.105260: sys_ptrace(request: 4205, pid: 1005f3, addr: 202, data: c000a2fc70)
             exe-1049722 [003] ..... 1635135.105271: sys_ptrace -> 0x0
             exe-975528  [001] ..... 1635135.105285: sys_nanosleep -> 0x0
             exe-975528  [001] ..... 1635135.105294: sys_epoll_pwait(epfd: 11, events: c000409840, maxevents: 80, timeout: 1, sigmask: 0, sigsetsize: 0)
             exe-1049722 [003] ..... 1635135.105296: sys_ptrace(request: 1f, pid: 1005f3, addr: 0, data: 0)
             exe-1049722 [003] ..... 1635135.105301: sys_ptrace -> 0x0
             exe-1049722 [003] ..... 1635135.105304: sys_wait4(upid: 1005f3, stat_addr: c000a2fbf4, options: 40000002, ru: 0)
             exe-977513  [003] ..... 1635135.105315: sys_nanosleep -> 0x0
             exe-1050099 [000] ..... 1635135.105317: sys_linkat -> 0xffffffffffffffea
             exe-977513  [003] ..... 1635135.105322: sys_futex(uaddr: c00065e148, op: 80, val: 0, utime: 0, uaddr2: 0, val3: 0)
             exe-975375  [003] ..... 1635135.105333: sys_nanosleep -> 0x0
             exe-975375  [003] ..... 1635135.105338: sys_nanosleep(rqtp: c000069f10, rmtp: 0)
             exe-1049722 [003] ..... 1635135.105356: sys_wait4 -> 0x1005f3
             exe-1049722 [003] ..... 1635135.105361: sys_ptrace(request: 4204, pid: 1005f3, addr: 1, data: c000a2fc70)
             exe-1049722 [003] ..... 1635135.105364: sys_ptrace -> 0x0
             exe-1049722 [003] ..... 1635135.105366: sys_ptrace(request: 4204, pid: 1005f3, addr: 202, data: c000a2fc70)
             exe-1049722 [003] ..... 1635135.105368: sys_ptrace -> 0x0
             exe-1049722 [003] ..... 1635135.105380: sys_pwrite64(fd: 63, buf: 7fd66e283f20, count: 9c, pos: 9e)
             exe-1049722 [003] ..... 1635135.105382: tracing_mark_write: linkat(olddfd=335, oldname="/victims/usr/include/linux/netfilter", newdfd=282, newname="/victims/usr/share/locale/ja/LC_MESSAGES", flags=0x7f85c3019d00) end
             exe-1049722 [000] ..... 1635135.207853: tracing_mark_write: linkat(olddfd=335, oldname="/victims/usr/share/ca-certificates", newdfd=358, newname=".//victims/usr/share/perl/5.34.0/unicore/lib/Bc", flags=0x7f85c3019d00) start
             exe-1049722 [000] ..... 1635135.207871: sys_pwrite64 -> 0xa3
             exe-1049722 [000] ..... 1635135.207880: sys_ptrace(request: 4205, pid: 1005f3, addr: 1, data: c000a2fc70)
             exe-1049722 [000] ..... 1635135.207884: sys_ptrace -> 0x0
             exe-1049722 [000] ..... 1635135.207885: sys_ptrace(request: 4205, pid: 1005f3, addr: 202, data: c000a2fc70)
             exe-1049722 [000] ..... 1635135.207898: sys_ptrace -> 0x0
             exe-1049722 [000] ..... 1635135.207899: sys_ptrace(request: 1f, pid: 1005f3, addr: 0, data: 0)
             exe-1049567 [003] ..... 1635135.207905: sys_nanosleep -> 0x0
             exe-1049722 [000] ..... 1635135.207907: sys_ptrace -> 0x0
             exe-1049567 [003] ..... 1635135.207907: sys_nanosleep(rqtp: c000069f10, rmtp: 0)
             exe-1049722 [000] ..... 1635135.207909: sys_wait4(upid: 1005f3, stat_addr: c000a2fbf4, options: 40000002, ru: 0)
             exe-1050099 [000] ..... 1635135.207923: sys_write -> 0xa3
             exe-1049722 [000] ..... 1635135.207947: sys_wait4 -> 0x1005f3
             exe-1049722 [000] ..... 1635135.207951: sys_ptrace(request: 4204, pid: 1005f3, addr: 1, data: c000a2fc70)
             exe-1049722 [000] ..... 1635135.207955: sys_ptrace -> 0x0
             exe-1049722 [000] ..... 1635135.207957: sys_ptrace(request: 4204, pid: 1005f3, addr: 202, data: c000a2fc70)
             exe-1049722 [000] ..... 1635135.207959: sys_ptrace -> 0x0
             exe-1049722 [000] ..... 1635135.207966: sys_ptrace(request: 4205, pid: 1005f3, addr: 1, data: c000a2fc70)
             exe-1049722 [000] ..... 1635135.207968: sys_ptrace -> 0x0
             exe-1049722 [000] ..... 1635135.207970: sys_ptrace(request: 4205, pid: 1005f3, addr: 202, data: c000a2fc70)
             exe-1049722 [000] ..... 1635135.207980: sys_ptrace -> 0x0
             exe-1049722 [000] ..... 1635135.207981: sys_ptrace(request: 1f, pid: 1005f3, addr: 0, data: 0)
             exe-1049722 [000] ..... 1635135.207988: sys_ptrace -> 0x0
             exe-1049722 [000] ..... 1635135.207990: sys_wait4(upid: 1005f3, stat_addr: c000a2fbf4, options: 40000002, ru: 0)
             exe-1049567 [003] ..... 1635135.207992: sys_nanosleep -> 0x0
             exe-1049567 [003] ..... 1635135.207995: sys_nanosleep(rqtp: c000069f10, rmtp: 0)
             exe-1050099 [000] ..... 1635135.208003: sys_linkat -> 0xffffffffffffffea
             exe-1049722 [000] ..... 1635135.208025: sys_wait4 -> 0x1005f3
             exe-1049722 [000] ..... 1635135.208028: sys_ptrace(request: 4204, pid: 1005f3, addr: 1, data: c000a2fc70)
             exe-1049722 [000] ..... 1635135.208032: sys_ptrace -> 0x0
             exe-1049722 [000] ..... 1635135.208034: sys_ptrace(request: 4204, pid: 1005f3, addr: 202, data: c000a2fc70)
             exe-1049722 [000] ..... 1635135.208036: sys_ptrace -> 0x0
             exe-1049722 [000] ..... 1635135.208046: sys_pwrite64(fd: 63, buf: 7fd66e283f20, count: a1, pos: a3)
             exe-1049722 [000] ..... 1635135.208047: tracing_mark_write: linkat(olddfd=335, oldname="/victims/usr/share/ca-certificates", newdfd=358, newname=".//victims/usr/share/perl/5.34.0/unicore/lib/Bc", flags=0x7f85c3019d00) end
             exe-1049722 [000] ..... 1635135.271980: tracing_mark_write: linkat(olddfd=335, oldname="/victims/proc/self/root/usr/share/sensible-utils", newdfd=287, newname="/victims/usr/share/perl/5.34.0/Tie/Hash", flags=0x6168732f7273752f) start
             exe-1049722 [000] ..... 1635135.271982: sys_pwrite64 -> 0xad
             exe-1049673 [000] ..... 1635135.272032: sys_nanosleep -> 0x0
             exe-1049673 [000] ..... 1635135.272038: sys_nanosleep(rqtp: c000069f10, rmtp: 0)
             exe-1049567 [002] ..... 1635135.272059: sys_nanosleep -> 0x0
             exe-1049567 [002] ..... 1635135.272063: sys_nanosleep(rqtp: c000069f10, rmtp: 0)
             exe-1049722 [000] ..... 1635135.272064: sys_ptrace(request: 4205, pid: 1005f3, addr: 1, data: c000a2fc70)
             exe-1049722 [000] ..... 1635135.272069: sys_ptrace -> 0x0
             exe-1049722 [000] ..... 1635135.272070: sys_ptrace(request: 4205, pid: 1005f3, addr: 202, data: c000a2fc70)
             exe-1049722 [000] ..... 1635135.272088: sys_ptrace -> 0x0
             exe-1049722 [000] ..... 1635135.272090: sys_ptrace(request: 1f, pid: 1005f3, addr: 0, data: 0)
             exe-1049722 [000] .N... 1635135.272097: sys_ptrace -> 0x0
             exe-1050099 [000] ..... 1635135.272109: sys_write -> 0xad
             exe-1049673 [000] ..... 1635135.272155: sys_nanosleep -> 0x0
             exe-1049567 [002] ..... 1635135.272157: sys_nanosleep -> 0x0
             exe-1049567 [002] ..... 1635135.272161: sys_nanosleep(rqtp: c000069f10, rmtp: 0)
             exe-1049673 [000] ..... 1635135.272162: sys_nanosleep(rqtp: c000069f10, rmtp: 0)
             exe-1049722 [000] ..... 1635135.272191: sys_wait4(upid: 1005f3, stat_addr: c000a2fbf4, options: 40000002, ru: 0)
             exe-1049722 [000] ..... 1635135.272194: sys_wait4 -> 0x1005f3
             exe-1049722 [000] ..... 1635135.272197: sys_ptrace(request: 4204, pid: 1005f3, addr: 1, data: c000a2fc70)
             exe-1049722 [000] ..... 1635135.272202: sys_ptrace -> 0x0
             exe-1049722 [000] ..... 1635135.272203: sys_ptrace(request: 4204, pid: 1005f3, addr: 202, data: c000a2fc70)
             exe-1049722 [000] ..... 1635135.272206: sys_ptrace -> 0x0
             exe-1049722 [000] ..... 1635135.272214: sys_ptrace(request: 4205, pid: 1005f3, addr: 1, data: c000a2fc70)
             exe-1049722 [000] ..... 1635135.272217: sys_ptrace -> 0x0
             exe-1049722 [000] ..... 1635135.272218: sys_ptrace(request: 4205, pid: 1005f3, addr: 202, data: c000a2fc70)
             exe-1049567 [002] ..... 1635135.272255: sys_nanosleep -> 0x0
             exe-1049722 [000] ..... 1635135.272273: sys_ptrace -> 0x0
             exe-1049567 [002] ..... 1635135.272277: sys_nanosleep(rqtp: c000069f10, rmtp: 0)
             exe-1049673 [000] ..... 1635135.272284: sys_nanosleep -> 0x0
             exe-1049673 [000] ..... 1635135.272290: sys_nanosleep(rqtp: c000069f10, rmtp: 0)
             exe-1049722 [000] ..... 1635135.272315: sys_ptrace(request: 1f, pid: 1005f3, addr: 0, data: 0)
             exe-1049722 [000] .N... 1635135.272323: sys_ptrace -> 0x0
             exe-1050099 [000] ..... 1635135.272335: sys_linkat -> 0xffffffffffffffea
             exe-1049567 [002] ..... 1635135.272355: sys_nanosleep -> 0x0
             exe-1049722 [000] ..... 1635135.272358: sys_wait4(upid: 1005f3, stat_addr: c000a2fbf4, options: 40000002, ru: 0)
             exe-1049567 [002] ..... 1635135.272358: sys_nanosleep(rqtp: c000069f10, rmtp: 0)
             exe-1049722 [000] ..... 1635135.272361: sys_wait4 -> 0x1005f3
             exe-1049673 [000] ..... 1635135.272398: sys_nanosleep -> 0x0
             exe-1049673 [000] ..... 1635135.272404: sys_nanosleep(rqtp: c000069f10, rmtp: 0)
             exe-1049722 [000] ..... 1635135.272433: sys_ptrace(request: 4204, pid: 1005f3, addr: 1, data: c000a2fc70)
             exe-1049722 [000] ..... 1635135.272438: sys_ptrace -> 0x0
             exe-1049722 [000] ..... 1635135.272440: sys_ptrace(request: 4204, pid: 1005f3, addr: 202, data: c000a2fc70)
             exe-1049722 [000] ..... 1635135.272443: sys_ptrace -> 0x0
             exe-1049567 [002] ..... 1635135.272455: sys_nanosleep -> 0x0
             exe-1049722 [000] ..... 1635135.272457: sys_pwrite64(fd: 63, buf: 7fd66e283f20, count: ab, pos: ad)
             exe-1049567 [002] ..... 1635135.272459: sys_nanosleep(rqtp: c000069f10, rmtp: 0)
             exe-1049722 [000] ..... 1635135.272460: tracing_mark_write: linkat(olddfd=335, oldname="/victims/proc/self/root/usr/share/sensible-utils", newdfd=287, newname="/victims/usr/share/perl/5.34.0/Tie/Hash", flags=0x6168732f7273752f) end
             exe-1050008 [000] ..... 1635135.379274: tracing_mark_write: linkat(olddfd=278, oldname=".//victims/proc/self/root/usr/share/perl/5.34.0/Perl", newdfd=278, newname="/victims/usr/share/X11/locale/C", flags=0x6168732f7273752f) start
             exe-1050008 [000] ..... 1635135.379284: sys_pwrite64 -> 0xa9
             exe-1050008 [000] ..... 1635135.379289: sys_ptrace(request: 4205, pid: 10059f, addr: 1, data: c000641c70)
             exe-1050008 [000] ..... 1635135.379291: sys_ptrace -> 0x0
             exe-1050008 [000] ..... 1635135.379293: sys_ptrace(request: 4205, pid: 10059f, addr: 202, data: c000641c70)
             exe-1050008 [000] ..... 1635135.379299: sys_ptrace -> 0x0
             exe-1050008 [000] ..... 1635135.379300: sys_ptrace(request: 1f, pid: 10059f, addr: 0, data: 0)
             exe-1050008 [000] ..... 1635135.379306: sys_ptrace -> 0x0
             exe-1050008 [000] ..... 1635135.379307: sys_wait4(upid: 10059f, stat_addr: c000641bf4, options: 40000002, ru: 0)
             exe-1050015 [001] ..... 1635135.379315: sys_write -> 0xa9
             exe-1050008 [000] ..... 1635135.379330: sys_wait4 -> 0x10059f
             exe-1050008 [000] ..... 1635135.379332: sys_ptrace(request: 4204, pid: 10059f, addr: 1, data: c000641c70)
             exe-1050008 [000] ..... 1635135.379334: sys_ptrace -> 0x0
             exe-1050008 [000] ..... 1635135.379335: sys_ptrace(request: 4204, pid: 10059f, addr: 202, data: c000641c70)
             exe-1050008 [000] ..... 1635135.379337: sys_ptrace -> 0x0
             exe-1050008 [000] ..... 1635135.379341: sys_ptrace(request: 4205, pid: 10059f, addr: 1, data: c000641c70)
             exe-1050008 [000] ..... 1635135.379343: sys_ptrace -> 0x0
             exe-1050008 [000] ..... 1635135.379344: sys_ptrace(request: 4205, pid: 10059f, addr: 202, data: c000641c70)
             exe-1050008 [000] ..... 1635135.379349: sys_ptrace -> 0x0
             exe-1050008 [000] ..... 1635135.379350: sys_ptrace(request: 1f, pid: 10059f, addr: 0, data: 0)
             exe-1050008 [000] ..... 1635135.379356: sys_ptrace -> 0x0
             exe-1050008 [000] ..... 1635135.379358: sys_wait4(upid: 10059f, stat_addr: c000641bf4, options: 40000002, ru: 0)
             exe-1049673 [001] ..... 1635135.379368: sys_nanosleep -> 0x0
             exe-1049673 [001] ..... 1635135.379372: sys_nanosleep(rqtp: c000069f10, rmtp: 0)
             exe-1050015 [001] ..... 1635135.379385: sys_linkat -> 0xffffffffffffffea
             exe-1050008 [000] ..... 1635135.379398: sys_wait4 -> 0x10059f
             exe-1050008 [000] ..... 1635135.379400: sys_ptrace(request: 4204, pid: 10059f, addr: 1, data: c000641c70)
             exe-1050008 [000] ..... 1635135.379402: sys_ptrace -> 0x0
             exe-1050008 [000] ..... 1635135.379403: sys_ptrace(request: 4204, pid: 10059f, addr: 202, data: c000641c70)
             exe-1050008 [000] ..... 1635135.379405: sys_ptrace -> 0x0
             exe-1050008 [000] ..... 1635135.379409: sys_pwrite64(fd: 63, buf: 7fd66e27bf20, count: a7, pos: a9)
             exe-1050008 [000] ..... 1635135.379410: tracing_mark_write: linkat(olddfd=278, oldname=".//victims/proc/self/root/usr/share/perl/5.34.0/Perl", newdfd=278, newname="/victims/usr/share/X11/locale/C", flags=0x6168732f7273752f) end
             exe-1050008 [000] ..... 1635135.491181: tracing_mark_write: linkat(olddfd=278, oldname="/victims/usr/share/locale/fr/LC_TIME", newdfd=355, newname="/victims/proc/self/root/usr/share/gcc/python/libstdcxx", flags=0x6168732f7273752f) start
             exe-1050008 [000] ..... 1635135.491183: sys_pwrite64 -> 0xb0
             exe-1050008 [000] ..... 1635135.491188: sys_ptrace(request: 4205, pid: 10059f, addr: 1, data: c000641c70)
             exe-1050008 [000] ..... 1635135.491190: sys_ptrace -> 0x0
             exe-1050008 [000] ..... 1635135.491192: sys_ptrace(request: 4205, pid: 10059f, addr: 202, data: c000641c70)
             exe-1050008 [000] ..... 1635135.491199: sys_ptrace -> 0x0
             exe-1050008 [000] ..... 1635135.491201: sys_ptrace(request: 1f, pid: 10059f, addr: 0, data: 0)
             exe-1050008 [000] ..... 1635135.491208: sys_ptrace -> 0x0
             exe-1050008 [000] ..... 1635135.491209: sys_wait4(upid: 10059f, stat_addr: c000641bf4, options: 40000002, ru: 0)
             exe-1050015 [003] ..... 1635135.491217: sys_write -> 0xb0
             exe-1050008 [000] ..... 1635135.491230: sys_wait4 -> 0x10059f
             exe-1050008 [000] ..... 1635135.491233: sys_ptrace(request: 4204, pid: 10059f, addr: 1, data: c000641c70)
             exe-1050008 [000] ..... 1635135.491235: sys_ptrace -> 0x0
             exe-1050008 [000] ..... 1635135.491236: sys_ptrace(request: 4204, pid: 10059f, addr: 202, data: c000641c70)
             exe-1050008 [000] ..... 1635135.491238: sys_ptrace -> 0x0
             exe-1050008 [000] ..... 1635135.491242: sys_ptrace(request: 4205, pid: 10059f, addr: 1, data: c000641c70)
             exe-1050008 [000] ..... 1635135.491244: sys_ptrace -> 0x0
             exe-1050008 [000] ..... 1635135.491246: sys_ptrace(request: 4205, pid: 10059f, addr: 202, data: c000641c70)
             exe-1049567 [001] ..... 1635135.491246: sys_nanosleep -> 0x0
             exe-1049567 [001] ..... 1635135.491252: sys_nanosleep(rqtp: c000069f10, rmtp: 0)
             exe-1050008 [000] ..... 1635135.491252: sys_ptrace -> 0x0
             exe-1050008 [000] ..... 1635135.491253: sys_ptrace(request: 1f, pid: 10059f, addr: 0, data: 0)
             exe-1050008 [000] ..... 1635135.491258: sys_ptrace -> 0x0
             exe-1050008 [000] ..... 1635135.491260: sys_wait4(upid: 10059f, stat_addr: c000641bf4, options: 40000002, ru: 0)
             exe-1050015 [003] ..... 1635135.491267: sys_linkat -> 0xffffffffffffffea
             exe-1049673 [001] ..... 1635135.491274: sys_nanosleep -> 0x0
             exe-1049673 [001] ..... 1635135.491279: sys_nanosleep(rqtp: c000069f10, rmtp: 0)
             exe-1050008 [000] ..... 1635135.491279: sys_wait4 -> 0x10059f
             exe-1050008 [000] ..... 1635135.491281: sys_ptrace(request: 4204, pid: 10059f, addr: 1, data: c000641c70)
             exe-1050008 [000] ..... 1635135.491283: sys_ptrace -> 0x0
             exe-1050008 [000] ..... 1635135.491285: sys_ptrace(request: 4204, pid: 10059f, addr: 202, data: c000641c70)
             exe-1050008 [000] ..... 1635135.491286: sys_ptrace -> 0x0
             exe-1050008 [000] ..... 1635135.491291: sys_pwrite64(fd: 63, buf: 7fd66e27bf20, count: ae, pos: b0)
             exe-1050008 [000] ..... 1635135.491292: tracing_mark_write: linkat(olddfd=278, oldname="/victims/usr/share/locale/fr/LC_TIME", newdfd=355, newname="/victims/proc/self/root/usr/share/gcc/python/libstdcxx", flags=0x6168732f7273752f) end
             exe-1050008 [000] ..... 1635135.559287: tracing_mark_write: linkat(olddfd=278, oldname="/victims/proc/self/root/trinity_t/trinity/fds", newdfd=278, newname="/victims/proc/self/root/usr/share/bash-completion/completions", flags=0x6c61636f6c2f6572) start
             exe-1050008 [000] ..... 1635135.559288: sys_pwrite64 -> 0xc0
             exe-1050008 [000] ..... 1635135.559293: sys_ptrace(request: 4205, pid: 10059f, addr: 1, data: c000641c70)
             exe-1050008 [000] ..... 1635135.559296: sys_ptrace -> 0x0
             exe-1050008 [000] ..... 1635135.559297: sys_ptrace(request: 4205, pid: 10059f, addr: 202, data: c000641c70)
             exe-1050008 [000] ..... 1635135.559305: sys_ptrace -> 0x0
             exe-1050008 [000] ..... 1635135.559307: sys_ptrace(request: 1f, pid: 10059f, addr: 0, data: 0)
             exe-1050008 [000] ..... 1635135.559313: sys_ptrace -> 0x0
             exe-1050008 [000] ..... 1635135.559315: sys_wait4(upid: 10059f, stat_addr: c000641bf4, options: 40000002, ru: 0)
             exe-1050015 [003] ..... 1635135.559323: sys_write -> 0xc0
             exe-1050008 [000] ..... 1635135.559337: sys_wait4 -> 0x10059f
             exe-1050008 [000] ..... 1635135.559340: sys_ptrace(request: 4204, pid: 10059f, addr: 1, data: c000641c70)
             exe-1050008 [000] ..... 1635135.559342: sys_ptrace -> 0x0
             exe-1050008 [000] ..... 1635135.559344: sys_ptrace(request: 4204, pid: 10059f, addr: 202, data: c000641c70)
             exe-1050008 [000] ..... 1635135.559346: sys_ptrace -> 0x0
             exe-1050008 [000] ..... 1635135.559350: sys_ptrace(request: 4205, pid: 10059f, addr: 1, data: c000641c70)
             exe-1050008 [000] ..... 1635135.559352: sys_ptrace -> 0x0
             exe-1050008 [000] ..... 1635135.559354: sys_ptrace(request: 4205, pid: 10059f, addr: 202, data: c000641c70)
             exe-1049567 [001] ..... 1635135.559359: sys_nanosleep -> 0x0
             exe-1050008 [000] ..... 1635135.559359: sys_ptrace -> 0x0
             exe-1050008 [000] ..... 1635135.559361: sys_ptrace(request: 1f, pid: 10059f, addr: 0, data: 0)
             exe-1050008 [000] ..... 1635135.559366: sys_ptrace -> 0x0
             exe-1049567 [001] ..... 1635135.559368: sys_nanosleep(rqtp: c000069f10, rmtp: 0)
             exe-1050008 [000] ..... 1635135.559369: sys_wait4(upid: 10059f, stat_addr: c000641bf4, options: 40000002, ru: 0)
             exe-1050015 [003] ..... 1635135.559373: sys_linkat -> 0xffffffffffffffea
             exe-1050008 [000] ..... 1635135.559387: sys_wait4 -> 0x10059f
             exe-1050008 [000] ..... 1635135.559389: sys_ptrace(request: 4204, pid: 10059f, addr: 1, data: c000641c70)
             exe-1050008 [000] ..... 1635135.559391: sys_ptrace -> 0x0
             exe-1050008 [000] ..... 1635135.559393: sys_ptrace(request: 4204, pid: 10059f, addr: 202, data: c000641c70)
             exe-1050008 [000] ..... 1635135.559395: sys_ptrace -> 0x0
             exe-1049673 [002] ..... 1635135.559398: sys_nanosleep -> 0x0
             exe-1050008 [000] ..... 1635135.559400: sys_pwrite64(fd: 63, buf: 7fd66e27bf20, count: be, pos: c0)
             exe-1050008 [000] ..... 1635135.559402: tracing_mark_write: linkat(olddfd=278, oldname="/victims/proc/self/root/trinity_t/trinity/fds", newdfd=278, newname="/victims/proc/self/root/usr/share/bash-completion/completions", flags=0x6c61636f6c2f6572) end
             exe-1050008 [000] ..... 1635135.638118: tracing_mark_write: linkat(olddfd=278, oldname="/victims/proc/self/root/usr/share/locale/bg/LC_MESSAGES", newdfd=281, newname="/victims/proc/sys", flags=0x6c61636f6c2f6572) start
             exe-1050008 [000] ..... 1635135.638119: sys_pwrite64 -> 0x9e
             exe-1050008 [000] ..... 1635135.638124: sys_ptrace(request: 4205, pid: 10059f, addr: 1, data: c000641c70)
             exe-1050008 [000] ..... 1635135.638126: sys_ptrace -> 0x0
             exe-1050008 [000] ..... 1635135.638127: sys_ptrace(request: 4205, pid: 10059f, addr: 202, data: c000641c70)
             exe-1050008 [000] ..... 1635135.638133: sys_ptrace -> 0x0
             exe-1050008 [000] ..... 1635135.638135: sys_ptrace(request: 1f, pid: 10059f, addr: 0, data: 0)
             exe-1050008 [000] ..... 1635135.638141: sys_ptrace -> 0x0
             exe-1050008 [000] ..... 1635135.638142: sys_wait4(upid: 10059f, stat_addr: c000641bf4, options: 40000002, ru: 0)
             exe-1049567 [001] ..... 1635135.638174: sys_nanosleep -> 0x0
             exe-1049567 [001] ..... 1635135.638179: sys_nanosleep(rqtp: c000069f10, rmtp: 0)
             exe-1049673 [001] ..... 1635135.638204: sys_nanosleep -> 0x0
             exe-1049673 [001] ..... 1635135.638210: sys_nanosleep(rqtp: c000069f10, rmtp: 0)
             exe-1049567 [001] ..... 1635135.638298: sys_nanosleep -> 0x0
             exe-1049567 [001] ..... 1635135.638304: sys_nanosleep(rqtp: c000069f10, rmtp: 0)
             exe-1049673 [001] ..... 1635135.638328: sys_nanosleep -> 0x0
             exe-1049673 [001] ..... 1635135.638334: sys_nanosleep(rqtp: c000069f10, rmtp: 0)
             exe-1050015 [003] ..... 1635135.638336: sys_write -> 0x9e
             exe-1050008 [000] ..... 1635135.638372: sys_wait4 -> 0x10059f
             exe-1050008 [000] ..... 1635135.638375: sys_ptrace(request: 4204, pid: 10059f, addr: 1, data: c000641c70)
             exe-1050008 [000] ..... 1635135.638378: sys_ptrace -> 0x0
             exe-1050008 [000] ..... 1635135.638379: sys_ptrace(request: 4204, pid: 10059f, addr: 202, data: c000641c70)
             exe-1050008 [000] ..... 1635135.638381: sys_ptrace -> 0x0
             exe-1050008 [000] ..... 1635135.638386: sys_ptrace(request: 4205, pid: 10059f, addr: 1, data: c000641c70)
             exe-1050008 [000] ..... 1635135.638388: sys_ptrace -> 0x0
             exe-1050008 [000] ..... 1635135.638389: sys_ptrace(request: 4205, pid: 10059f, addr: 202, data: c000641c70)
             exe-1050008 [000] ..... 1635135.638396: sys_ptrace -> 0x0
             exe-1050008 [000] ..... 1635135.638398: sys_ptrace(request: 1f, pid: 10059f, addr: 0, data: 0)
             exe-1050008 [000] ..... 1635135.638404: sys_ptrace -> 0x0
             exe-1050008 [000] ..... 1635135.638405: sys_wait4(upid: 10059f, stat_addr: c000641bf4, options: 40000002, ru: 0)
             exe-1050015 [003] ..... 1635135.638412: sys_linkat -> 0xffffffffffffffea
             exe-1049567 [001] ..... 1635135.638421: sys_nanosleep -> 0x0
             exe-1049567 [001] ..... 1635135.638427: sys_nanosleep(rqtp: c000069f10, rmtp: 0)
             exe-1050008 [000] ..... 1635135.638436: sys_wait4 -> 0x10059f
             exe-1050008 [000] ..... 1635135.638438: sys_ptrace(request: 4204, pid: 10059f, addr: 1, data: c000641c70)
             exe-1050008 [000] ..... 1635135.638441: sys_ptrace -> 0x0
             exe-1050008 [000] ..... 1635135.638443: sys_ptrace(request: 4204, pid: 10059f, addr: 202, data: c000641c70)
             exe-1050008 [000] ..... 1635135.638444: sys_ptrace -> 0x0
             exe-1050008 [000] ..... 1635135.638450: sys_pwrite64(fd: 63, buf: 7fd66e27bf20, count: 9c, pos: 9e)
             exe-1049673 [001] ..... 1635135.638451: sys_nanosleep -> 0x0
             exe-1050008 [000] ..... 1635135.638452: tracing_mark_write: linkat(olddfd=278, oldname="/victims/proc/self/root/usr/share/locale/bg/LC_MESSAGES", newdfd=281, newname="/victims/proc/sys", flags=0x6c61636f6c2f6572) end
             exe-1050008 [000] ..... 1635135.706338: tracing_mark_write: linkat(olddfd=278, oldname="/victims/etc/ldap", newdfd=278, newname=".//victims/usr/share/perl/5.34.0/Test2/Tools", flags=0x6c61636f6c2f6572) start
             exe-1050008 [000] ..... 1635135.706340: sys_pwrite64 -> 0x93
             exe-1050008 [000] ..... 1635135.706345: sys_ptrace(request: 4205, pid: 10059f, addr: 1, data: c000641c70)
             exe-1050008 [000] ..... 1635135.706347: sys_ptrace -> 0x0
             exe-1050008 [000] ..... 1635135.706349: sys_ptrace(request: 4205, pid: 10059f, addr: 202, data: c000641c70)
             exe-1050008 [000] ..... 1635135.706357: sys_ptrace -> 0x0
             exe-1050008 [000] ..... 1635135.706359: sys_ptrace(request: 1f, pid: 10059f, addr: 0, data: 0)
             exe-1050008 [000] ..... 1635135.706365: sys_ptrace -> 0x0
             exe-1050008 [000] ..... 1635135.706367: sys_wait4(upid: 10059f, stat_addr: c000641bf4, options: 40000002, ru: 0)
             exe-1050015 [003] ..... 1635135.706375: sys_write -> 0x93
             exe-1050008 [000] ..... 1635135.706389: sys_wait4 -> 0x10059f
             exe-1050008 [000] ..... 1635135.706391: sys_ptrace(request: 4204, pid: 10059f, addr: 1, data: c000641c70)
             exe-1050008 [000] ..... 1635135.706394: sys_ptrace -> 0x0
             exe-1050008 [000] ..... 1635135.706395: sys_ptrace(request: 4204, pid: 10059f, addr: 202, data: c000641c70)
             exe-1050008 [000] ..... 1635135.706397: sys_ptrace -> 0x0
             exe-1050008 [000] ..... 1635135.706402: sys_ptrace(request: 4205, pid: 10059f, addr: 1, data: c000641c70)
             exe-1050008 [000] ..... 1635135.706404: sys_ptrace -> 0x0
             exe-1050008 [000] ..... 1635135.706405: sys_ptrace(request: 4205, pid: 10059f, addr: 202, data: c000641c70)
             exe-1050008 [000] ..... 1635135.706411: sys_ptrace -> 0x0
             exe-1050008 [000] ..... 1635135.706413: sys_ptrace(request: 1f, pid: 10059f, addr: 0, data: 0)
             exe-1049567 [001] ..... 1635135.706415: sys_nanosleep -> 0x0
             exe-1050008 [000] ..... 1635135.706418: sys_ptrace -> 0x0
             exe-1050008 [000] ..... 1635135.706421: sys_wait4(upid: 10059f, stat_addr: c000641bf4, options: 40000002, ru: 0)
             exe-1049567 [001] ..... 1635135.706421: sys_nanosleep(rqtp: c000069f10, rmtp: 0)
             exe-1050015 [003] ..... 1635135.706424: sys_linkat -> 0xffffffffffffffea
             exe-1050008 [000] ..... 1635135.706438: sys_wait4 -> 0x10059f
             exe-1050008 [000] ..... 1635135.706440: sys_ptrace(request: 4204, pid: 10059f, addr: 1, data: c000641c70)
             exe-1049673 [001] ..... 1635135.706442: sys_nanosleep -> 0x0
             exe-1050008 [000] ..... 1635135.706443: sys_ptrace -> 0x0
             exe-1050008 [000] ..... 1635135.706444: sys_ptrace(request: 4204, pid: 10059f, addr: 202, data: c000641c70)
             exe-1050008 [000] ..... 1635135.706446: sys_ptrace -> 0x0
             exe-1049673 [001] ..... 1635135.706447: sys_nanosleep(rqtp: c000069f10, rmtp: 0)
             exe-1050008 [000] ..... 1635135.706451: sys_pwrite64(fd: 63, buf: 7fd66e27bf20, count: 91, pos: 93)
             exe-1050008 [000] ..... 1635135.706453: tracing_mark_write: linkat(olddfd=278, oldname="/victims/etc/ldap", newdfd=278, newname=".//victims/usr/share/perl/5.34.0/Test2/Tools", flags=0x6c61636f6c2f6572) end
             exe-1050008 [003] ..... 1635135.775594: tracing_mark_write: linkat(olddfd=14, oldname="/victims/usr/sbin", newdfd=300, newname="/victims/proc/self/root/usr/local/share/man", flags=0x6c61636f6c2f6572) start
             exe-1050008 [003] ..... 1635135.775596: sys_pwrite64 -> 0x91
             exe-1050008 [003] ..... 1635135.775605: sys_ptrace(request: 4205, pid: 10059f, addr: 1, data: c000641c70)
             exe-1050008 [003] ..... 1635135.775609: sys_ptrace -> 0x0
             exe-1050008 [003] ..... 1635135.775611: sys_ptrace(request: 4205, pid: 10059f, addr: 202, data: c000641c70)
             exe-1049673 [001] ..... 1635135.775611: sys_nanosleep -> 0x0
             exe-1049673 [001] ..... 1635135.775615: sys_nanosleep(rqtp: c000069f10, rmtp: 0)
             exe-1050008 [003] ..... 1635135.775628: sys_ptrace -> 0x0
             exe-1050008 [003] ..... 1635135.775630: sys_ptrace(request: 1f, pid: 10059f, addr: 0, data: 0)
             exe-1049567 [001] ..... 1635135.775636: sys_nanosleep -> 0x0
             exe-1050008 [003] .N... 1635135.775641: sys_ptrace -> 0x0
             exe-1049567 [001] ..... 1635135.775642: sys_nanosleep(rqtp: c000069f10, rmtp: 0)
             exe-1050015 [003] ..... 1635135.775654: sys_write -> 0x91
             exe-1050008 [003] ..... 1635135.775679: sys_wait4(upid: 10059f, stat_addr: c000641bf4, options: 40000002, ru: 0)
             exe-1050008 [003] ..... 1635135.775683: sys_wait4 -> 0x10059f
             exe-1050008 [003] ..... 1635135.775686: sys_ptrace(request: 4204, pid: 10059f, addr: 1, data: c000641c70)
             exe-1050008 [003] ..... 1635135.775692: sys_ptrace -> 0x0
             exe-1050008 [003] ..... 1635135.775694: sys_ptrace(request: 4204, pid: 10059f, addr: 202, data: c000641c70)
             exe-1050008 [003] ..... 1635135.775698: sys_ptrace -> 0x0
             exe-1050008 [003] ..... 1635135.775706: sys_ptrace(request: 4205, pid: 10059f, addr: 1, data: c000641c70)
             exe-1050008 [003] ..... 1635135.775709: sys_ptrace -> 0x0
             exe-1050008 [003] ..... 1635135.775711: sys_ptrace(request: 4205, pid: 10059f, addr: 202, data: c000641c70)
             exe-1050008 [003] ..... 1635135.775725: sys_ptrace -> 0x0
             exe-1050008 [003] ..... 1635135.775727: sys_ptrace(request: 1f, pid: 10059f, addr: 0, data: 0)
             exe-1049567 [001] ..... 1635135.775732: sys_nanosleep -> 0x0
             exe-1049567 [001] ..... 1635135.775736: sys_nanosleep(rqtp: c000069f10, rmtp: 0)
             exe-1050008 [003] .N... 1635135.775738: sys_ptrace -> 0x0
             exe-1050015 [003] ..... 1635135.775751: sys_linkat -> 0xffffffffffffffea
             exe-1049673 [001] ..... 1635135.775756: sys_nanosleep -> 0x0
             exe-1049673 [001] ..... 1635135.775765: sys_nanosleep(rqtp: c000069f10, rmtp: 0)
             exe-1050008 [003] ..... 1635135.775775: sys_wait4(upid: 10059f, stat_addr: c000641bf4, options: 40000002, ru: 0)
             exe-1050008 [003] ..... 1635135.775779: sys_wait4 -> 0x10059f
             exe-1050008 [003] ..... 1635135.775782: sys_ptrace(request: 4204, pid: 10059f, addr: 1, data: c000641c70)
             exe-1050008 [003] ..... 1635135.775786: sys_ptrace -> 0x0
             exe-1050008 [003] ..... 1635135.775788: sys_ptrace(request: 4204, pid: 10059f, addr: 202, data: c000641c70)
             exe-1050008 [003] ..... 1635135.775792: sys_ptrace -> 0x0
             exe-1050008 [003] ..... 1635135.775806: sys_pwrite64(fd: 63, buf: 7fd66e27bf20, count: 8f, pos: 91)
             exe-1050008 [003] ..... 1635135.775810: tracing_mark_write: linkat(olddfd=14, oldname="/victims/usr/sbin", newdfd=300, newname="/victims/proc/self/root/usr/local/share/man", flags=0x6c61636f6c2f6572) end
             exe-1050008 [003] ..... 1635135.842577: tracing_mark_write: linkat(olddfd=14, oldname="/victims/etc/default", newdfd=14, newname="/victims/usr/lib/x86_64-linux-gnu/perl/5.34.0/auto/GDBM_File", flags=0x6c61636f6c2f6572) start
             exe-1050008 [003] ..... 1635135.842579: sys_pwrite64 -> 0xa4
             exe-1050008 [003] ..... 1635135.842588: sys_ptrace(request: 4205, pid: 10059f, addr: 1, data: c000641c70)
             exe-1050008 [003] ..... 1635135.842592: sys_ptrace -> 0x0
             exe-1050008 [003] ..... 1635135.842594: sys_ptrace(request: 4205, pid: 10059f, addr: 202, data: c000641c70)
             exe-1050008 [003] ..... 1635135.842609: sys_ptrace -> 0x0
             exe-1050008 [003] ..... 1635135.842611: sys_ptrace(request: 1f, pid: 10059f, addr: 0, data: 0)
             exe-1050008 [003] .N... 1635135.842619: sys_ptrace -> 0x0
             exe-1050015 [003] ..... 1635135.842630: sys_write -> 0xa4
             exe-1050008 [003] ..... 1635135.842649: sys_wait4(upid: 10059f, stat_addr: c000641bf4, options: 40000002, ru: 0)
             exe-1050008 [003] ..... 1635135.842652: sys_wait4 -> 0x10059f
             exe-1050008 [003] ..... 1635135.842654: sys_ptrace(request: 4204, pid: 10059f, addr: 1, data: c000641c70)
             exe-1050008 [003] ..... 1635135.842658: sys_ptrace -> 0x0
             exe-1049567 [001] ..... 1635135.842659: sys_nanosleep -> 0x0
             exe-1050008 [003] ..... 1635135.842660: sys_ptrace(request: 4204, pid: 10059f, addr: 202, data: c000641c70)
             exe-1050008 [003] ..... 1635135.842662: sys_ptrace -> 0x0
             exe-1049567 [001] ..... 1635135.842665: sys_nanosleep(rqtp: c000069f10, rmtp: 0)
             exe-1050008 [003] ..... 1635135.842669: sys_ptrace(request: 4205, pid: 10059f, addr: 1, data: c000641c70)
             exe-1050008 [003] ..... 1635135.842671: sys_ptrace -> 0x0
             exe-1050008 [003] ..... 1635135.842672: sys_ptrace(request: 4205, pid: 10059f, addr: 202, data: c000641c70)
             exe-1050008 [003] ..... 1635135.842681: sys_ptrace -> 0x0
             exe-1050008 [003] ..... 1635135.842683: sys_ptrace(request: 1f, pid: 10059f, addr: 0, data: 0)
             exe-1050008 [003] .N... 1635135.842689: sys_ptrace -> 0x0
             exe-1049673 [001] ..... 1635135.842691: sys_nanosleep -> 0x0
             exe-1049673 [001] ..... 1635135.842697: sys_nanosleep(rqtp: c000069f10, rmtp: 0)
             exe-1050015 [003] ..... 1635135.842699: sys_linkat -> 0xffffffffffffffea
             exe-1050008 [003] ..... 1635135.842717: sys_wait4(upid: 10059f, stat_addr: c000641bf4, options: 40000002, ru: 0)
             exe-1050008 [003] ..... 1635135.842719: sys_wait4 -> 0x10059f
             exe-1050008 [003] ..... 1635135.842722: sys_ptrace(request: 4204, pid: 10059f, addr: 1, data: c000641c70)
             exe-1050008 [003] ..... 1635135.842725: sys_ptrace -> 0x0
             exe-1050008 [003] ..... 1635135.842727: sys_ptrace(request: 4204, pid: 10059f, addr: 202, data: c000641c70)
             exe-1050008 [003] ..... 1635135.842729: sys_ptrace -> 0x0
             exe-1050008 [003] ..... 1635135.842738: sys_pwrite64(fd: 63, buf: 7fd66e27bf20, count: a2, pos: a4)
             exe-1050008 [003] ..... 1635135.842740: tracing_mark_write: linkat(olddfd=14, oldname="/victims/etc/default", newdfd=14, newname="/victims/usr/lib/x86_64-linux-gnu/perl/5.34.0/auto/GDBM_File", flags=0x6c61636f6c2f6572) end
             exe-1050232 [000] ..... 1635135.986614: tracing_mark_write: linkat(olddfd=322, oldname="/victims/usr/lib/x86_64-linux-gnu/perl/5.34.0/Encode/MIME/Header", newdfd=322, newname="/victims/etc/fonts/conf.d", flags=0x2e666e6f632f7374) start
             exe-1049673 [002] ..... 1635135.986617: sys_nanosleep -> 0x0
             exe-1050232 [000] ..... 1635135.986617: sys_pwrite64 -> 0xaf
             exe-1049673 [002] ..... 1635135.986623: sys_nanosleep(rqtp: c000069f10, rmtp: 0)
             exe-1050232 [000] ..... 1635135.986625: sys_ptrace(request: 4205, pid: 1006b9, addr: 1, data: c000697c70)
             exe-1050232 [000] ..... 1635135.986635: sys_ptrace -> 0x0
             exe-1050232 [000] ..... 1635135.986637: sys_ptrace(request: 4205, pid: 1006b9, addr: 202, data: c000697c70)
             exe-1050232 [000] ..... 1635135.986649: sys_ptrace -> 0x0
             exe-1050232 [000] ..... 1635135.986651: sys_ptrace(request: 1f, pid: 1006b9, addr: 0, data: 0)
             exe-1050232 [000] ..... 1635135.986657: sys_ptrace -> 0x0
             exe-1050232 [000] ..... 1635135.986659: sys_wait4(upid: 1006b9, stat_addr: c000697bf4, options: 40000002, ru: 0)
             exe-1050297 [002] ..... 1635135.986739: sys_write -> 0xaf
             exe-1049673 [002] ..... 1635135.986771: sys_nanosleep -> 0x0
             exe-1049673 [002] ..... 1635135.986777: sys_nanosleep(rqtp: c000069f10, rmtp: 0)
             exe-1050232 [000] ..... 1635135.986784: sys_wait4 -> 0x1006b9
             exe-1050232 [000] ..... 1635135.986788: sys_ptrace(request: 4204, pid: 1006b9, addr: 1, data: c000697c70)
             exe-1050232 [000] ..... 1635135.986791: sys_ptrace -> 0x0
             exe-1050232 [000] ..... 1635135.986793: sys_ptrace(request: 4204, pid: 1006b9, addr: 202, data: c000697c70)
             exe-1050232 [000] ..... 1635135.986795: sys_ptrace -> 0x0
             exe-1050232 [000] ..... 1635135.986802: sys_ptrace(request: 4205, pid: 1006b9, addr: 1, data: c000697c70)
             exe-1050232 [000] ..... 1635135.986805: sys_ptrace -> 0x0
             exe-1050232 [000] ..... 1635135.986806: sys_ptrace(request: 4205, pid: 1006b9, addr: 202, data: c000697c70)
             exe-1050232 [000] ..... 1635135.986817: sys_ptrace -> 0x0
             exe-1050232 [000] ..... 1635135.986819: sys_ptrace(request: 1f, pid: 1006b9, addr: 0, data: 0)
             exe-1050232 [000] ..... 1635135.986832: sys_ptrace -> 0x0
             exe-1050232 [000] ..... 1635135.986834: sys_wait4(upid: 1006b9, stat_addr: c000697bf4, options: 40000002, ru: 0)
             exe-1050297 [002] ..... 1635135.986865: sys_linkat -> 0xffffffffffffffea
             exe-1050232 [000] ..... 1635135.986891: sys_wait4 -> 0x1006b9
             exe-1050232 [000] ..... 1635135.986894: sys_ptrace(request: 4204, pid: 1006b9, addr: 1, data: c000697c70)
             exe-1049673 [002] ..... 1635135.986896: sys_nanosleep -> 0x0
             exe-1050232 [000] ..... 1635135.986897: sys_ptrace -> 0x0
             exe-1050232 [000] ..... 1635135.986898: sys_ptrace(request: 4204, pid: 1006b9, addr: 202, data: c000697c70)
             exe-1050232 [000] ..... 1635135.986900: sys_ptrace -> 0x0
             exe-1049673 [002] ..... 1635135.986902: sys_nanosleep(rqtp: c000069f10, rmtp: 0)
             exe-1050232 [000] ..... 1635135.986907: sys_pwrite64(fd: 63, buf: 7fd66e282f20, count: ad, pos: af)
             exe-1050232 [000] ..... 1635135.986909: tracing_mark_write: linkat(olddfd=322, oldname="/victims/usr/lib/x86_64-linux-gnu/perl/5.34.0/Encode/MIME/Header", newdfd=322, newname="/victims/etc/fonts/conf.d", flags=0x2e666e6f632f7374) end
             exe-1050232 [000] ..... 1635136.098682: tracing_mark_write: linkat(olddfd=322, oldname="/victims/proc/self/root/usr/share/perl/5.34.0/Time", newdfd=322, newname="/victims/proc/self/root/trinity_temp", flags=0x2f746f6f722f666c) start
             exe-1050232 [000] ..... 1635136.098684: sys_pwrite64 -> 0xac
             exe-1050232 [000] ..... 1635136.098690: sys_ptrace(request: 4205, pid: 1006b9, addr: 1, data: c000697c70)
             exe-1050232 [000] ..... 1635136.098692: sys_ptrace -> 0x0
             exe-1050232 [000] ..... 1635136.098694: sys_ptrace(request: 4205, pid: 1006b9, addr: 202, data: c000697c70)
             exe-1049673 [002] ..... 1635136.098707: sys_nanosleep -> 0x0
             exe-1049673 [002] ..... 1635136.098713: sys_nanosleep(rqtp: c000069f10, rmtp: 0)
             exe-1050232 [000] ..... 1635136.098718: sys_ptrace -> 0x0
             exe-1050232 [000] ..... 1635136.098720: sys_ptrace(request: 1f, pid: 1006b9, addr: 0, data: 0)
             exe-1050232 [000] ..... 1635136.098724: sys_ptrace -> 0x0
             exe-1050232 [000] ..... 1635136.098726: sys_wait4(upid: 1006b9, stat_addr: c000697bf4, options: 40000002, ru: 0)
             exe-1050297 [002] ..... 1635136.098740: sys_write -> 0xac
             exe-1049567 [000] ..... 1635136.098759: sys_nanosleep -> 0x0
             exe-1049567 [000] ..... 1635136.098762: sys_nanosleep(rqtp: c000069f10, rmtp: 0)
             exe-1050232 [000] ..... 1635136.098772: sys_wait4 -> 0x1006b9
             exe-1050232 [000] ..... 1635136.098775: sys_ptrace(request: 4204, pid: 1006b9, addr: 1, data: c000697c70)
             exe-1050232 [000] ..... 1635136.098796: sys_ptrace -> 0x0
             exe-1050232 [000] ..... 1635136.098797: sys_ptrace(request: 4204, pid: 1006b9, addr: 202, data: c000697c70)
             exe-1050232 [000] ..... 1635136.098800: sys_ptrace -> 0x0
             exe-1050232 [000] ..... 1635136.098805: sys_ptrace(request: 4205, pid: 1006b9, addr: 1, data: c000697c70)
             exe-1050232 [000] ..... 1635136.098807: sys_ptrace -> 0x0
             exe-1050232 [000] ..... 1635136.098808: sys_ptrace(request: 4205, pid: 1006b9, addr: 202, data: c000697c70)
             exe-1050232 [000] ..... 1635136.098815: sys_ptrace -> 0x0
             exe-1050232 [000] ..... 1635136.098817: sys_ptrace(request: 1f, pid: 1006b9, addr: 0, data: 0)
             exe-1049673 [002] ..... 1635136.098826: sys_nanosleep -> 0x0
             exe-1050232 [000] ..... 1635136.098830: sys_ptrace -> 0x0
             exe-1050232 [000] ..... 1635136.098832: sys_wait4(upid: 1006b9, stat_addr: c000697bf4, options: 40000002, ru: 0)
             exe-1049673 [002] ..... 1635136.098843: sys_nanosleep(rqtp: c000069f10, rmtp: 0)
             exe-1050297 [002] ..... 1635136.098859: sys_linkat -> 0xffffffffffffffea
             exe-1050232 [000] ..... 1635136.098882: sys_wait4 -> 0x1006b9
             exe-1050232 [000] ..... 1635136.098885: sys_ptrace(request: 4204, pid: 1006b9, addr: 1, data: c000697c70)
             exe-1049567 [000] ..... 1635136.098913: sys_nanosleep -> 0x0
             exe-1049567 [000] ..... 1635136.098916: sys_nanosleep(rqtp: c000069f10, rmtp: 0)
             exe-1050232 [000] ..... 1635136.098926: sys_ptrace -> 0x0
             exe-1050232 [000] ..... 1635136.098928: sys_ptrace(request: 4204, pid: 1006b9, addr: 202, data: c000697c70)
             exe-1049673 [002] ..... 1635136.098943: sys_nanosleep -> 0x0
             exe-1050232 [000] ..... 1635136.098943: sys_ptrace -> 0x0
             exe-1049673 [002] ..... 1635136.098949: sys_nanosleep(rqtp: c000069f10, rmtp: 0)
             exe-1050232 [000] ..... 1635136.098949: sys_pwrite64(fd: 63, buf: 7fd66e282f20, count: aa, pos: ac)
             exe-1050232 [000] ..... 1635136.098950: tracing_mark_write: linkat(olddfd=322, oldname="/victims/proc/self/root/usr/share/perl/5.34.0/Time", newdfd=322, newname="/victims/proc/self/root/trinity_temp", flags=0x2f746f6f722f666c) end
             exe-1049722 [000] ..... 1635136.211673: tracing_mark_write: linkat(olddfd=322, oldname="/victims/proc/self/root/usr/share/perl/5.34.0/unicore/lib/Jg", newdfd=281, newname="/victims/proc/self/root/usr/share/man/es", flags=0x56512cba09c9) start
             exe-1049673 [001] ..... 1635136.211673: sys_futex -> 0x1
             exe-1049722 [000] ..... 1635136.211674: sys_pwrite64 -> 0xb6
             exe-1049673 [001] ..... 1635136.211676: sys_nanosleep(rqtp: c000069f10, rmtp: 0)
             exe-1049722 [000] ..... 1635136.211680: sys_ptrace(request: 4205, pid: 1005f3, addr: 1, data: c0005d3c70)
             exe-1049722 [000] ..... 1635136.211682: sys_ptrace -> 0x0
             exe-1049722 [000] ..... 1635136.211683: sys_ptrace(request: 4205, pid: 1005f3, addr: 202, data: c0005d3c70)
             exe-1049722 [000] ..... 1635136.211692: sys_ptrace -> 0x0
             exe-1049722 [000] ..... 1635136.211693: sys_ptrace(request: 1f, pid: 1005f3, addr: 0, data: 0)
             exe-1049722 [000] .N... 1635136.211698: sys_ptrace -> 0x0
             exe-1050099 [000] ..... 1635136.211707: sys_write -> 0xb6
             exe-1049712 [003] ..... 1635136.211712: sys_futex -> 0x0
             exe-1049722 [000] ..... 1635136.211720: sys_wait4(upid: 1005f3, stat_addr: c0005d3bf4, options: 40000002, ru: 0)
             exe-1049722 [000] ..... 1635136.211722: sys_wait4 -> 0x1005f3
             exe-1049712 [003] ..... 1635136.211723: sys_futex(uaddr: c0002dcd48, op: 80, val: 0, utime: 0, uaddr2: 0, val3: 0)
             exe-1049722 [000] ..... 1635136.211724: sys_ptrace(request: 4204, pid: 1005f3, addr: 1, data: c0005d3c70)
             exe-1049722 [000] ..... 1635136.211727: sys_ptrace -> 0x0
             exe-1049722 [000] ..... 1635136.211728: sys_ptrace(request: 4204, pid: 1005f3, addr: 202, data: c0005d3c70)
