             exe-1050232 [002] ..... 1635134.072667: tracing_mark_write: linkat(olddfd=281, oldname="/victims/proc/self/root/usr/share/doc/gcc-11-base", newdfd=278, newname="/victims/usr/share/vim/vim82/lang/zh_TW.UTF-8/LC_MESSAGES", flags=0x7f85c3019d00) start
             exe-1050232 [002] ..... 1635134.072678: sys_pwrite64 -> 0xbc
             exe-1050232 [002] ..... 1635134.072681: sys_ptrace(request: 4205, pid: 1006b9, addr: 1, data: c000a2fc70)
             exe-1050232 [002] ..... 1635134.072683: sys_ptrace -> 0x0
             exe-1050232 [002] ..... 1635134.072684: sys_ptrace(request: 4205, pid: 1006b9, addr: 202, data: c000a2fc70)
             exe-1050232 [002] ..... 1635134.072689: sys_ptrace -> 0x0
             exe-1050232 [002] ..... 1635134.072690: sys_ptrace(request: 1f, pid: 1006b9, addr: 0, data: 0)
             exe-1050232 [002] ..... 1635134.072693: sys_ptrace -> 0x0
             exe-1050232 [002] ..... 1635134.072694: sys_wait4(upid: 1006b9, stat_addr: c000a2fbf4, options: 40000002, ru: 0)
             exe-1050297 [000] ..... 1635134.072706: sys_write -> 0xbc
             exe-1050232 [002] ..... 1635134.072719: sys_wait4 -> 0x1006b9
             exe-1050232 [002] ..... 1635134.072720: sys_ptrace(request: 4204, pid: 1006b9, addr: 1, data: c000a2fc70)
             exe-1050232 [002] ..... 1635134.072722: sys_ptrace -> 0x0
             exe-1050232 [002] ..... 1635134.072723: sys_ptrace(request: 4204, pid: 1006b9, addr: 202, data: c000a2fc70)
             exe-1050232 [002] ..... 1635134.072736: sys_ptrace -> 0x0
             exe-1050232 [002] ..... 1635134.072744: sys_ptrace(request: 4205, pid: 1006b9, addr: 1, data: c000a2fc70)
             exe-1050232 [002] ..... 1635134.072746: sys_ptrace -> 0x0
             exe-1050232 [002] ..... 1635134.072746: sys_ptrace(request: 4205, pid: 1006b9, addr: 202, data: c000a2fc70)
             exe-1050232 [002] ..... 1635134.072752: sys_ptrace -> 0x0
             exe-1050232 [002] ..... 1635134.072753: sys_ptrace(request: 1f, pid: 1006b9, addr: 0, data: 0)
             exe-1049673 [000] ..... 1635134.072759: sys_nanosleep -> 0x0
             exe-1050232 [002] ..... 1635134.072761: sys_ptrace -> 0x0
             exe-1050232 [002] ..... 1635134.072762: sys_wait4(upid: 1006b9, stat_addr: c000a2fbf4, options: 40000002, ru: 0)
             exe-1050297 [000] ..... 1635134.072774: sys_linkat -> 0xffffffffffffffea
             exe-1050232 [002] ..... 1635134.072787: sys_wait4 -> 0x1006b9
             exe-1050232 [002] ..... 1635134.072788: sys_ptrace(request: 4204, pid: 1006b9, addr: 1, data: c000a2fc70)
             exe-1050232 [002] ..... 1635134.072794: sys_ptrace -> 0x0
             exe-1050232 [002] ..... 1635134.072794: sys_ptrace(request: 4204, pid: 1006b9, addr: 202, data: c000a2fc70)
             exe-1050232 [002] ..... 1635134.072796: sys_ptrace -> 0x0
             exe-1049673 [000] ..... 1635134.072797: sys_nanosleep(rqtp: c000069f10, rmtp: 0)
             exe-1050232 [002] ..... 1635134.072804: sys_pwrite64(fd: 63, buf: 7fd66e3e4080, count: ba, pos: bc)
             exe-1050232 [002] ..... 1635134.072805: tracing_mark_write: linkat(olddfd=281, oldname="/victims/proc/self/root/usr/share/doc/gcc-11-base", newdfd=278, newname="/victims/usr/share/vim/vim82/lang/zh_TW.UTF-8/LC_MESSAGES", flags=0x7f85c3019d00) end
             exe-1050232 [002] ..... 1635134.135518: tracing_mark_write: linkat(olddfd=281, oldname="/victims/proc/self/root/usr/share/vim/vim82/lang/pl/LC_MESSAGES", newdfd=17, newname="/victims/proc/self/root/usr/lib/apt/methods", flags=0x7f85c3019d00) start
             exe-1050232 [002] ..... 1635134.135519: sys_pwrite64 -> 0xbb
             exe-1050232 [002] ..... 1635134.135524: sys_ptrace(request: 4205, pid: 1006b9, addr: 1, data: c000a2fc70)
             exe-1050232 [002] ..... 1635134.135530: sys_ptrace -> 0x0
             exe-1050232 [002] ..... 1635134.135532: sys_ptrace(request: 4205, pid: 1006b9, addr: 202, data: c000a2fc70)
             exe-1050232 [002] ..... 1635134.135543: sys_ptrace -> 0x0
             exe-1050232 [002] ..... 1635134.135544: sys_ptrace(request: 1f, pid: 1006b9, addr: 0, data: 0)
             exe-1049567 [000] ..... 1635134.135553: sys_nanosleep -> 0x0
             exe-1050232 [002] ..... 1635134.135560: sys_ptrace -> 0x0
             exe-1050232 [002] ..... 1635134.135562: sys_wait4(upid: 1006b9, stat_addr: c000a2fbf4, options: 40000002, ru: 0)
             exe-1049567 [000] ..... 1635134.135569: sys_nanosleep(rqtp: c000069f10, rmtp: 0)
             exe-1050297 [000] ..... 1635134.135593: sys_write -> 0xbb
             exe-1050232 [002] ..... 1635134.135617: sys_wait4 -> 0x1006b9
             exe-1050232 [002] ..... 1635134.135620: sys_ptrace(request: 4204, pid: 1006b9, addr: 1, data: c000a2fc70)
             exe-1049673 [000] ..... 1635134.135623: sys_nanosleep -> 0x0
             exe-1050232 [002] ..... 1635134.135624: sys_ptrace -> 0x0
             exe-1050232 [002] ..... 1635134.135625: sys_ptrace(request: 4204, pid: 1006b9, addr: 202, data: c000a2fc70)
             exe-1050232 [002] ..... 1635134.135627: sys_ptrace -> 0x0
             exe-1049673 [000] ..... 1635134.135629: sys_nanosleep(rqtp: c000069f10, rmtp: 0)
             exe-1050232 [002] ..... 1635134.135632: sys_ptrace(request: 4205, pid: 1006b9, addr: 1, data: c000a2fc70)
             exe-1050232 [002] ..... 1635134.135641: sys_ptrace -> 0x0
             exe-1050232 [002] ..... 1635134.135642: sys_ptrace(request: 4205, pid: 1006b9, addr: 202, data: c000a2fc70)
             exe-1050232 [002] ..... 1635134.135649: sys_ptrace -> 0x0
             exe-1050232 [002] ..... 1635134.135650: sys_ptrace(request: 1f, pid: 1006b9, addr: 0, data: 0)
             exe-1050232 [002] ..... 1635134.135652: sys_ptrace -> 0x0
             exe-1050232 [002] ..... 1635134.135654: sys_wait4(upid: 1006b9, stat_addr: c000a2fbf4, options: 40000002, ru: 0)
             exe-1050297 [000] ..... 1635134.135687: sys_linkat -> 0xffffffffffffffea
             exe-1050232 [002] ..... 1635134.135709: sys_wait4 -> 0x1006b9
             exe-1050232 [002] ..... 1635134.135711: sys_ptrace(request: 4204, pid: 1006b9, addr: 1, data: c000a2fc70)
             exe-1050232 [002] ..... 1635134.135716: sys_ptrace -> 0x0
             exe-1049567 [000] ..... 1635134.135716: sys_nanosleep -> 0x0
             exe-1050232 [002] ..... 1635134.135718: sys_ptrace(request: 4204, pid: 1006b9, addr: 202, data: c000a2fc70)
             exe-1050232 [002] ..... 1635134.135720: sys_ptrace -> 0x0
             exe-1049567 [000] ..... 1635134.135722: sys_nanosleep(rqtp: c000069f10, rmtp: 0)
             exe-1050232 [002] ..... 1635134.135726: sys_pwrite64(fd: 63, buf: 7fd66e3e4080, count: b9, pos: bb)
             exe-1050232 [002] ..... 1635134.135727: tracing_mark_write: linkat(olddfd=281, oldname="/victims/proc/self/root/usr/share/vim/vim82/lang/pl/LC_MESSAGES", newdfd=17, newname="/victims/proc/self/root/usr/lib/apt/methods", flags=0x7f85c3019d00) end
             exe-1050232 [002] ..... 1635134.213679: tracing_mark_write: linkat(olddfd=281, oldname="/victims/usr/share/doc/publicsuffix", newdfd=281, newname="/victims/proc/self/root/usr/share/perl/5.34.0/unicore/lib/DI", flags=0x7f85c3019d00) start
             exe-1050232 [002] ..... 1635134.213680: sys_pwrite64 -> 0xb1
             exe-1049567 [000] ..... 1635134.213686: sys_nanosleep -> 0x0
             exe-1050232 [002] ..... 1635134.213687: sys_ptrace(request: 4205, pid: 1006b9, addr: 1, data: c000a2fc70)
             exe-1050232 [002] ..... 1635134.213689: sys_ptrace -> 0x0
             exe-1050232 [002] ..... 1635134.213691: sys_ptrace(request: 4205, pid: 1006b9, addr: 202, data: c000a2fc70)
             exe-1049567 [000] ..... 1635134.213691: sys_nanosleep(rqtp: c000069f10, rmtp: 0)
             exe-1050232 [002] ..... 1635134.213702: sys_ptrace -> 0x0
             exe-1050232 [002] ..... 1635134.213704: sys_ptrace(request: 1f, pid: 1006b9, addr: 0, data: 0)
             exe-1050232 [002] .N... 1635134.213711: sys_ptrace -> 0x0
             exe-1049673 [000] ..... 1635134.213713: sys_nanosleep -> 0x0
             exe-1049673 [000] ..... 1635134.213718: sys_nanosleep(rqtp: c000069f10, rmtp: 0)
             exe-1050297 [002] ..... 1635134.213723: sys_write -> 0xb1
             exe-1050232 [002] ..... 1635134.213743: sys_wait4(upid: 1006b9, stat_addr: c000a2fbf4, options: 40000002, ru: 0)
             exe-1050232 [002] ..... 1635134.213745: sys_wait4 -> 0x1006b9
             exe-1050232 [002] ..... 1635134.213747: sys_ptrace(request: 4204, pid: 1006b9, addr: 1, data: c000a2fc70)
             exe-1050232 [002] ..... 1635134.213751: sys_ptrace -> 0x0
             exe-1050232 [002] ..... 1635134.213752: sys_ptrace(request: 4204, pid: 1006b9, addr: 202, data: c000a2fc70)
             exe-1050232 [002] ..... 1635134.213755: sys_ptrace -> 0x0
             exe-1050232 [002] ..... 1635134.213761: sys_ptrace(request: 4205, pid: 1006b9, addr: 1, data: c000a2fc70)
             exe-1050232 [002] ..... 1635134.213764: sys_ptrace -> 0x0
             exe-1050232 [002] ..... 1635134.213765: sys_ptrace(request: 4205, pid: 1006b9, addr: 202, data: c000a2fc70)
             exe-1050232 [002] ..... 1635134.213776: sys_ptrace -> 0x0
             exe-1050232 [002] ..... 1635134.213778: sys_ptrace(request: 1f, pid: 1006b9, addr: 0, data: 0)
             exe-1050232 [002] .N... 1635134.213784: sys_ptrace -> 0x0
             exe-1050297 [002] ..... 1635134.213795: sys_linkat -> 0xffffffffffffffea
             exe-1049567 [000] ..... 1635134.213800: sys_nanosleep -> 0x0
             exe-1049567 [000] ..... 1635134.213806: sys_nanosleep(rqtp: c000069f10, rmtp: 0)
             exe-1050232 [002] ..... 1635134.213814: sys_wait4(upid: 1006b9, stat_addr: c000a2fbf4, options: 40000002, ru: 0)
             exe-1050232 [002] ..... 1635134.213817: sys_wait4 -> 0x1006b9
             exe-1050232 [002] ..... 1635134.213820: sys_ptrace(request: 4204, pid: 1006b9, addr: 1, data: c000a2fc70)
             exe-1050232 [002] ..... 1635134.213823: sys_ptrace -> 0x0
             exe-1050232 [002] ..... 1635134.213825: sys_ptrace(request: 4204, pid: 1006b9, addr: 202, data: c000a2fc70)
             exe-1050232 [002] ..... 1635134.213827: sys_ptrace -> 0x0
             exe-1049673 [000] ..... 1635134.213827: sys_nanosleep -> 0x0
             exe-1049673 [000] ..... 1635134.213832: sys_nanosleep(rqtp: c000069f10, rmtp: 0)
             exe-1050232 [002] ..... 1635134.213837: sys_pwrite64(fd: 63, buf: 7fd66e3e4080, count: af, pos: b1)
             exe-1050232 [002] ..... 1635134.213838: tracing_mark_write: linkat(olddfd=281, oldname="/victims/usr/share/doc/publicsuffix", newdfd=281, newname="/victims/proc/self/root/usr/share/perl/5.34.0/unicore/lib/DI", flags=0x7f85c3019d00) end
             exe-1050232 [002] ..... 1635134.278327: tracing_mark_write: linkat(olddfd=352, oldname="/victims/proc/self/root/usr/share/locale/el/LC_TIME", newdfd=13, newname="/victims/proc/self/root/usr/share/doc/mawk/examples", flags=0x7f85c3019d00) start
             exe-1050232 [002] ..... 1635134.278329: sys_pwrite64 -> 0xb7
             exe-1050232 [002] ..... 1635134.278336: sys_ptrace(request: 4205, pid: 1006b9, addr: 1, data: c000a2fc70)
             exe-1050232 [002] ..... 1635134.278338: sys_ptrace -> 0x0
             exe-1050232 [002] ..... 1635134.278340: sys_ptrace(request: 4205, pid: 1006b9, addr: 202, data: c000a2fc70)
             exe-1050232 [002] ..... 1635134.278351: sys_ptrace -> 0x0
             exe-1050232 [002] ..... 1635134.278353: sys_ptrace(request: 1f, pid: 1006b9, addr: 0, data: 0)
             exe-1050232 [002] .N... 1635134.278362: sys_ptrace -> 0x0
             exe-1050297 [002] ..... 1635134.278373: sys_write -> 0xb7
             exe-1049567 [000] ..... 1635134.278382: sys_nanosleep -> 0x0
             exe-1049567 [000] ..... 1635134.278385: sys_nanosleep(rqtp: c000069f10, rmtp: 0)
             exe-1050232 [002] ..... 1635134.278394: sys_wait4(upid: 1006b9, stat_addr: c000a2fbf4, options: 40000002, ru: 0)
             exe-1050232 [002] ..... 1635134.278396: sys_wait4 -> 0x1006b9
             exe-1050232 [002] ..... 1635134.278398: sys_ptrace(request: 4204, pid: 1006b9, addr: 1, data: c000a2fc70)
             exe-1049673 [000] ..... 1635134.278401: sys_nanosleep -> 0x0
             exe-1050232 [002] ..... 1635134.278402: sys_ptrace -> 0x0
             exe-1050232 [002] ..... 1635134.278404: sys_ptrace(request: 4204, pid: 1006b9, addr: 202, data: c000a2fc70)
             exe-1050232 [002] ..... 1635134.278406: sys_ptrace -> 0x0
             exe-1049673 [000] ..... 1635134.278407: sys_futex(uaddr: 1f09dc0, op: 80, val: 0, utime: c000069eb0, uaddr2: 0, val3: 0)
             exe-1050232 [002] ..... 1635134.278413: sys_ptrace(request: 4205, pid: 1006b9, addr: 1, data: c000a2fc70)
             exe-1050232 [002] ..... 1635134.278416: sys_ptrace -> 0x0
             exe-1050232 [002] ..... 1635134.278419: sys_ptrace(request: 4205, pid: 1006b9, addr: 202, data: c000a2fc70)
             exe-1050232 [002] ..... 1635134.278428: sys_ptrace -> 0x0
             exe-1050232 [002] ..... 1635134.278430: sys_ptrace(request: 1f, pid: 1006b9, addr: 0, data: 0)
             exe-1050232 [002] .N... 1635134.278437: sys_ptrace -> 0x0
             exe-1050297 [002] ..... 1635134.278447: sys_linkat -> 0xffffffffffffffea
             exe-1050232 [002] ..... 1635134.278467: sys_wait4(upid: 1006b9, stat_addr: c000a2fbf4, options: 40000002, ru: 0)
             exe-1050232 [002] ..... 1635134.278470: sys_wait4 -> 0x1006b9
             exe-1050232 [002] ..... 1635134.278473: sys_ptrace(request: 4204, pid: 1006b9, addr: 1, data: c000a2fc70)
             exe-1050232 [002] ..... 1635134.278476: sys_ptrace -> 0x0
             exe-1050232 [002] ..... 1635134.278478: sys_ptrace(request: 4204, pid: 1006b9, addr: 202, data: c000a2fc70)
             exe-1050232 [002] ..... 1635134.278480: sys_ptrace -> 0x0
             exe-1050232 [002] ..... 1635134.278490: sys_pwrite64(fd: 63, buf: 7fd66e3e4080, count: b5, pos: b7)
             exe-1050232 [002] ..... 1635134.278492: tracing_mark_write: linkat(olddfd=352, oldname="/victims/proc/self/root/usr/share/locale/el/LC_TIME", newdfd=13, newname="/victims/proc/self/root/usr/share/doc/mawk/examples", flags=0x7f85c3019d00) end
             exe-1050232 [002] ..... 1635134.342568: tracing_mark_write: linkat(olddfd=352, oldname="/victims/proc/self/root/usr/lib/x86_64-linux-gnu/perl/5.34.0/auto/DB_File", newdfd=352, newname="/victims/usr/share/locale/gl", flags=0x7f85c3019d00) start
             exe-1050232 [002] ..... 1635134.342570: sys_pwrite64 -> 0xb7
             exe-1050232 [002] ..... 1635134.342577: sys_ptrace(request: 4205, pid: 1006b9, addr: 1, data: c000a2fc70)
             exe-1050232 [002] ..... 1635134.342580: sys_ptrace -> 0x0
             exe-1050232 [002] ..... 1635134.342581: sys_ptrace(request: 4205, pid: 1006b9, addr: 202, data: c000a2fc70)
             exe-1050232 [002] ..... 1635134.342593: sys_ptrace -> 0x0
             exe-1050232 [002] ..... 1635134.342595: sys_ptrace(request: 1f, pid: 1006b9, addr: 0, data: 0)
             exe-1050232 [002] .N... 1635134.342602: sys_ptrace -> 0x0
             exe-1050297 [002] ..... 1635134.342612: sys_write -> 0xb7
             exe-1050232 [002] ..... 1635134.342632: sys_wait4(upid: 1006b9, stat_addr: c000a2fbf4, options: 40000002, ru: 0)
             exe-1050232 [002] ..... 1635134.342635: sys_wait4 -> 0x1006b9
             exe-1050232 [002] ..... 1635134.342638: sys_ptrace(request: 4204, pid: 1006b9, addr: 1, data: c000a2fc70)
             exe-1049567 [000] ..... 1635134.342639: sys_nanosleep -> 0x0
             exe-1050232 [002] ..... 1635134.342641: sys_ptrace -> 0x0
             exe-1050232 [002] ..... 1635134.342643: sys_ptrace(request: 4204, pid: 1006b9, addr: 202, data: c000a2fc70)
             exe-1049567 [000] ..... 1635134.342644: sys_nanosleep(rqtp: c000069f10, rmtp: 0)
             exe-1050232 [002] ..... 1635134.342645: sys_ptrace -> 0x0
             exe-1050232 [002] ..... 1635134.342651: sys_ptrace(request: 4205, pid: 1006b9, addr: 1, data: c000a2fc70)
             exe-1050232 [002] ..... 1635134.342653: sys_ptrace -> 0x0
             exe-1050232 [002] ..... 1635134.342655: sys_ptrace(request: 4205, pid: 1006b9, addr: 202, data: c000a2fc70)
             exe-1050232 [002] ..... 1635134.342664: sys_ptrace -> 0x0
             exe-1050232 [002] ..... 1635134.342666: sys_ptrace(request: 1f, pid: 1006b9, addr: 0, data: 0)
             exe-1049673 [000] ..... 1635134.342666: sys_nanosleep -> 0x0
             exe-1049673 [000] ..... 1635134.342671: sys_nanosleep(rqtp: c000069f10, rmtp: 0)
             exe-1050232 [002] .N... 1635134.342672: sys_ptrace -> 0x0
             exe-1050297 [002] ..... 1635134.342682: sys_linkat -> 0xffffffffffffffea
             exe-1050232 [002] ..... 1635134.342701: sys_wait4(upid: 1006b9, stat_addr: c000a2fbf4, options: 40000002, ru: 0)
             exe-1050232 [002] ..... 1635134.342703: sys_wait4 -> 0x1006b9
             exe-1050232 [002] ..... 1635134.342705: sys_ptrace(request: 4204, pid: 1006b9, addr: 1, data: c000a2fc70)
             exe-1050232 [002] ..... 1635134.342708: sys_ptrace -> 0x0
             exe-1050232 [002] ..... 1635134.342710: sys_ptrace(request: 4204, pid: 1006b9, addr: 202, data: c000a2fc70)
             exe-1050232 [002] ..... 1635134.342712: sys_ptrace -> 0x0
             exe-1050232 [002] ..... 1635134.342721: sys_pwrite64(fd: 63, buf: 7fd66e3e4080, count: b5, pos: b7)
             exe-1050232 [002] ..... 1635134.342723: tracing_mark_write: linkat(olddfd=352, oldname="/victims/proc/self/root/usr/lib/x86_64-linux-gnu/perl/5.34.0/auto/DB_File", newdfd=352, newname="/victims/usr/share/locale/gl", flags=0x7f85c3019d00) end
             exe-1050282 [002] ..... 1635134.450694: tracing_mark_write: linkat(olddfd=352, oldname="/victims/usr/share/locale/be", newdfd=352, newname="/victims/proc/self/root/usr/share/vim/vim82/pack/dist/opt/dvorak", flags=0x736d69746369762f) start
             exe-1049673 [000] ..... 1635134.450700: sys_nanosleep -> 0x0
             exe-1050282 [002] ..... 1635134.450702: sys_pwrite64 -> 0xb2
             exe-1049673 [000] ..... 1635134.450705: sys_nanosleep(rqtp: c000069f10, rmtp: 0)
             exe-1050282 [002] ..... 1635134.450706: sys_ptrace(request: 4205, pid: 1006b2, addr: 1, data: c000641c70)
             exe-1050282 [002] ..... 1635134.450707: sys_ptrace -> 0x0
             exe-1050282 [002] ..... 1635134.450708: sys_ptrace(request: 4205, pid: 1006b2, addr: 202, data: c000641c70)
             exe-1050282 [002] ..... 1635134.450713: sys_ptrace -> 0x0
             exe-1050282 [002] ..... 1635134.450714: sys_ptrace(request: 1f, pid: 1006b2, addr: 0, data: 0)
             exe-1050282 [002] ..... 1635134.450718: sys_ptrace -> 0x0
             exe-1050282 [002] ..... 1635134.450719: sys_wait4(upid: 1006b2, stat_addr: c000641bf4, options: 40000002, ru: 0)
             exe-1050290 [001] ..... 1635134.450726: sys_write -> 0xb2
             exe-1050282 [002] ..... 1635134.450739: sys_wait4 -> 0x1006b2
             exe-1050282 [002] ..... 1635134.450740: sys_ptrace(request: 4204, pid: 1006b2, addr: 1, data: c000641c70)
             exe-1050282 [002] ..... 1635134.450742: sys_ptrace -> 0x0
             exe-1050282 [002] ..... 1635134.450743: sys_ptrace(request: 4204, pid: 1006b2, addr: 202, data: c000641c70)
             exe-1050282 [002] ..... 1635134.450744: sys_ptrace -> 0x0
             exe-1050282 [002] ..... 1635134.450747: sys_ptrace(request: 4205, pid: 1006b2, addr: 1, data: c000641c70)
             exe-1050282 [002] ..... 1635134.450748: sys_ptrace -> 0x0
             exe-1050282 [002] ..... 1635134.450749: sys_ptrace(request: 4205, pid: 1006b2, addr: 202, data: c000641c70)
             exe-1050282 [002] ..... 1635134.450753: sys_ptrace -> 0x0
             exe-1050282 [002] ..... 1635134.450754: sys_ptrace(request: 1f, pid: 1006b2, addr: 0, data: 0)
             exe-1050282 [002] ..... 1635134.450757: sys_ptrace -> 0x0
             exe-1050282 [002] ..... 1635134.450758: sys_wait4(upid: 1006b2, stat_addr: c000641bf4, options: 40000002, ru: 0)
             exe-1050290 [001] ..... 1635134.450762: sys_linkat -> 0xffffffffffffffea
             exe-1050282 [002] ..... 1635134.450774: sys_wait4 -> 0x1006b2
             exe-1050282 [002] ..... 1635134.450775: sys_ptrace(request: 4204, pid: 1006b2, addr: 1, data: c000641c70)
             exe-1050282 [002] ..... 1635134.450776: sys_ptrace -> 0x0
             exe-1050282 [002] ..... 1635134.450777: sys_ptrace(request: 4204, pid: 1006b2, addr: 202, data: c000641c70)
             exe-1050282 [002] ..... 1635134.450778: sys_ptrace -> 0x0
             exe-1050282 [002] ..... 1635134.450782: sys_pwrite64(fd: 63, buf: 7fd66e3cff20, count: b0, pos: b2)
             exe-1050282 [002] ..... 1635134.450783: tracing_mark_write: linkat(olddfd=352, oldname="/victims/usr/share/locale/be", newdfd=352, newname="/victims/proc/self/root/usr/share/vim/vim82/pack/dist/opt/dvorak", flags=0x736d69746369762f) end
             exe-1050282 [002] ..... 1635134.544166: tracing_mark_write: linkat(olddfd=16, oldname="/victims/proc/self/root/usr/lib/x86_64-linux-gnu/perl-base/IO", newdfd=16, newname="/victims/usr/lib/x86_64-linux-gnu/perl/5.34.0/IO/Socket", flags=0x565449fe9) start
             exe-1050282 [002] ..... 1635134.544167: sys_pwrite64 -> 0xc1
             exe-1049673 [000] ..... 1635134.544169: sys_nanosleep(rqtp: c000069f10, rmtp: 0)
             exe-1050282 [002] ..... 1635134.544170: sys_ptrace(request: 4205, pid: 1006b2, addr: 1, data: c000641c70)
             exe-1050282 [002] ..... 1635134.544171: sys_ptrace -> 0x0
             exe-1050282 [002] ..... 1635134.544172: sys_ptrace(request: 4205, pid: 1006b2, addr: 202, data: c000641c70)
             exe-1050282 [002] ..... 1635134.544176: sys_ptrace -> 0x0
             exe-1050282 [002] ..... 1635134.544177: sys_ptrace(request: 1f, pid: 1006b2, addr: 0, data: 0)
             exe-1050282 [002] ..... 1635134.544181: sys_ptrace -> 0x0
             exe-1050282 [002] ..... 1635134.544182: sys_wait4(upid: 1006b2, stat_addr: c000641bf4, options: 40000002, ru: 0)
             exe-1049567 [000] ..... 1635134.544186: sys_nanosleep -> 0x0
             exe-1050290 [001] ..... 1635134.544189: sys_write -> 0xc1
             exe-1049567 [000] ..... 1635134.544190: sys_nanosleep(rqtp: c000069f10, rmtp: 0)
             exe-1050282 [002] ..... 1635134.544201: sys_wait4 -> 0x1006b2
             exe-1050282 [002] ..... 1635134.544202: sys_ptrace(request: 4204, pid: 1006b2, addr: 1, data: c000641c70)
             exe-1050282 [002] ..... 1635134.544204: sys_ptrace -> 0x0
             exe-1050282 [002] ..... 1635134.544205: sys_ptrace(request: 4204, pid: 1006b2, addr: 202, data: c000641c70)
             exe-1050282 [002] ..... 1635134.544206: sys_ptrace -> 0x0
             exe-1050282 [002] ..... 1635134.544209: sys_ptrace(request: 4205, pid: 1006b2, addr: 1, data: c000641c70)
             exe-1050282 [002] ..... 1635134.544210: sys_ptrace -> 0x0
             exe-1050282 [002] ..... 1635134.544211: sys_ptrace(request: 4205, pid: 1006b2, addr: 202, data: c000641c70)
             exe-1050282 [002] ..... 1635134.544215: sys_ptrace -> 0x0
             exe-1050282 [002] ..... 1635134.544215: sys_ptrace(request: 1f, pid: 1006b2, addr: 0, data: 0)
             exe-1050282 [002] ..... 1635134.544219: sys_ptrace -> 0x0
             exe-1050282 [002] ..... 1635134.544220: sys_wait4(upid: 1006b2, stat_addr: c000641bf4, options: 40000002, ru: 0)
             exe-1050290 [001] ..... 1635134.544224: sys_linkat -> 0xffffffffffffffea
             exe-1050282 [002] ..... 1635134.544235: sys_wait4 -> 0x1006b2
             exe-1050282 [002] ..... 1635134.544236: sys_ptrace(request: 4204, pid: 1006b2, addr: 1, data: c000641c70)
             exe-1050282 [002] ..... 1635134.544238: sys_ptrace -> 0x0
             exe-1050282 [002] ..... 1635134.544239: sys_ptrace(request: 4204, pid: 1006b2, addr: 202, data: c000641c70)
             exe-1050282 [002] ..... 1635134.544240: sys_ptrace -> 0x0
             exe-1050282 [002] ..... 1635134.544244: sys_pwrite64(fd: 63, buf: 7fd66e3cff20, count: bf, pos: c1)
             exe-1050282 [002] ..... 1635134.544244: tracing_mark_write: linkat(olddfd=16, oldname="/victims/proc/self/root/usr/lib/x86_64-linux-gnu/perl-base/IO", newdfd=16, newname="/victims/usr/lib/x86_64-linux-gnu/perl/5.34.0/IO/Socket", flags=0x565449fe9) end
             exe-1050282 [002] ..... 1635134.601551: tracing_mark_write: linkat(olddfd=16, oldname="/victims/proc/self/root/usr/lib/python3.10/zoneinfo", newdfd=275, newname="/victims/usr/share/perl5/Debconf/FrontEnd", flags=0x565449fe9) start
             exe-1050282 [002] ..... 1635134.601553: sys_pwrite64 -> 0xaa
             exe-1050282 [002] ..... 1635134.601558: sys_ptrace(request: 4205, pid: 1006b2, addr: 1, data: c000641c70)
             exe-1050282 [002] ..... 1635134.601560: sys_ptrace -> 0x0
             exe-1050282 [002] ..... 1635134.601562: sys_ptrace(request: 4205, pid: 1006b2, addr: 202, data: c000641c70)
             exe-1050282 [002] ..... 1635134.601569: sys_ptrace -> 0x0
             exe-1050282 [002] ..... 1635134.601570: sys_ptrace(request: 1f, pid: 1006b2, addr: 0, data: 0)
             exe-1050282 [002] ..... 1635134.601577: sys_ptrace -> 0x0
             exe-1050282 [002] ..... 1635134.601579: sys_wait4(upid: 1006b2, stat_addr: c000641bf4, options: 40000002, ru: 0)
             exe-1050290 [001] ..... 1635134.601586: sys_write -> 0xaa
             exe-1050282 [002] ..... 1635134.601599: sys_wait4 -> 0x1006b2
             exe-1049673 [000] ..... 1635134.601600: sys_nanosleep -> 0x0
             exe-1050282 [002] ..... 1635134.601601: sys_ptrace(request: 4204, pid: 1006b2, addr: 1, data: c000641c70)
             exe-1050282 [002] ..... 1635134.601604: sys_ptrace -> 0x0
             exe-1050282 [002] ..... 1635134.601605: sys_ptrace(request: 4204, pid: 1006b2, addr: 202, data: c000641c70)
             exe-1049673 [000] ..... 1635134.601605: sys_nanosleep(rqtp: c000069f10, rmtp: 0)
             exe-1050282 [002] ..... 1635134.601607: sys_ptrace -> 0x0
             exe-1050282 [002] ..... 1635134.601612: sys_ptrace(request: 4205, pid: 1006b2, addr: 1, data: c000641c70)
             exe-1050282 [002] ..... 1635134.601614: sys_ptrace -> 0x0
             exe-1050282 [002] ..... 1635134.601616: sys_ptrace(request: 4205, pid: 1006b2, addr: 202, data: c000641c70)
             exe-1050282 [002] ..... 1635134.601622: sys_ptrace -> 0x0
             exe-1050282 [002] ..... 1635134.601623: sys_ptrace(request: 1f, pid: 1006b2, addr: 0, data: 0)
             exe-1049567 [000] ..... 1635134.601624: sys_nanosleep -> 0x0
             exe-1049567 [000] ..... 1635134.601629: sys_nanosleep(rqtp: c000069f10, rmtp: 0)
             exe-1050282 [002] ..... 1635134.601630: sys_ptrace -> 0x0
             exe-1050282 [002] ..... 1635134.601631: sys_wait4(upid: 1006b2, stat_addr: c000641bf4, options: 40000002, ru: 0)
             exe-1050290 [001] ..... 1635134.601635: sys_linkat -> 0xffffffffffffffea
             exe-1050282 [002] ..... 1635134.601649: sys_wait4 -> 0x1006b2
             exe-1050282 [002] ..... 1635134.601651: sys_ptrace(request: 4204, pid: 1006b2, addr: 1, data: c000641c70)
             exe-1050282 [002] ..... 1635134.601653: sys_ptrace -> 0x0
             exe-1050282 [002] ..... 1635134.601655: sys_ptrace(request: 4204, pid: 1006b2, addr: 202, data: c000641c70)
             exe-1050282 [002] ..... 1635134.601657: sys_ptrace -> 0x0
             exe-1050282 [002] ..... 1635134.601663: sys_pwrite64(fd: 63, buf: 7fd66e3cff20, count: a8, pos: aa)
             exe-1050282 [002] ..... 1635134.601664: tracing_mark_write: linkat(olddfd=16, oldname="/victims/proc/self/root/usr/lib/python3.10/zoneinfo", newdfd=275, newname="/victims/usr/share/perl5/Debconf/FrontEnd", flags=0x565449fe9) end
             exe-1050282 [002] ..... 1635134.657431: tracing_mark_write: linkat(olddfd=16, oldname="/victims/usr/share/doc/base-files", newdfd=278, newname="/victims/proc/self/root/usr/share/perl/5.34.0/unicore/lib/XIDC", flags=0x736d69746369762f) start
             exe-1050282 [002] ..... 1635134.657432: sys_pwrite64 -> 0xb4
             exe-1050282 [002] ..... 1635134.657438: sys_ptrace(request: 4205, pid: 1006b2, addr: 1, data: c000641c70)
             exe-1050282 [002] ..... 1635134.657440: sys_ptrace -> 0x0
             exe-1050282 [002] ..... 1635134.657441: sys_ptrace(request: 4205, pid: 1006b2, addr: 202, data: c000641c70)
             exe-1049673 [000] ..... 1635134.657447: sys_nanosleep -> 0x0
             exe-1050282 [002] ..... 1635134.657450: sys_ptrace -> 0x0
             exe-1050282 [002] ..... 1635134.657452: sys_ptrace(request: 1f, pid: 1006b2, addr: 0, data: 0)
             exe-1049673 [000] ..... 1635134.657453: sys_nanosleep(rqtp: c000069f10, rmtp: 0)
             exe-1050282 [002] ..... 1635134.657459: sys_ptrace -> 0x0
             exe-1050290 [001] ..... 1635134.657468: sys_write -> 0xb4
             exe-1049567 [000] ..... 1635134.657475: sys_nanosleep -> 0x0
             exe-1049567 [000] ..... 1635134.657480: sys_nanosleep(rqtp: c000069f10, rmtp: 0)
             exe-1050282 [002] ..... 1635134.657507: sys_wait4(upid: 1006b2, stat_addr: c000641bf4, options: 40000002, ru: 0)
             exe-1050282 [002] ..... 1635134.657509: sys_wait4 -> 0x1006b2
             exe-1050282 [002] ..... 1635134.657512: sys_ptrace(request: 4204, pid: 1006b2, addr: 1, data: c000641c70)
             exe-1050282 [002] ..... 1635134.657515: sys_ptrace -> 0x0
             exe-1050282 [002] ..... 1635134.657516: sys_ptrace(request: 4204, pid: 1006b2, addr: 202, data: c000641c70)
             exe-1050282 [002] ..... 1635134.657518: sys_ptrace -> 0x0
             exe-1050282 [002] ..... 1635134.657524: sys_ptrace(request: 4205, pid: 1006b2, addr: 1, data: c000641c70)
             exe-1050282 [002] ..... 1635134.657526: sys_ptrace -> 0x0
             exe-1050282 [002] ..... 1635134.657527: sys_ptrace(request: 4205, pid: 1006b2, addr: 202, data: c000641c70)
             exe-1050282 [002] ..... 1635134.657535: sys_ptrace -> 0x0
             exe-1050282 [002] ..... 1635134.657537: sys_ptrace(request: 1f, pid: 1006b2, addr: 0, data: 0)
             exe-1049712 [003] ..... 1635134.657537: sys_futex -> 0x0
             exe-1050282 [002] ..... 1635134.657543: sys_ptrace -> 0x0
             exe-1050282 [002] ..... 1635134.657545: sys_wait4(upid: 1006b2, stat_addr: c000641bf4, options: 40000002, ru: 0)
             exe-1049712 [003] ..... 1635134.657549: sys_futex(uaddr: c0002dcd48, op: 80, val: 0, utime: 0, uaddr2: 0, val3: 0)
             exe-1050290 [001] ..... 1635134.657549: sys_linkat -> 0xffffffffffffffea
             exe-1050282 [002] ..... 1635134.657560: sys_wait4 -> 0x1006b2
             exe-1049673 [000] ..... 1635134.657565: sys_nanosleep -> 0x0
             exe-1049673 [000] ..... 1635134.657571: sys_futex(uaddr: 1f09dc0, op: 80, val: 0, utime: c000069eb0, uaddr2: 0, val3: 0)
             exe-1049567 [000] ..... 1635134.657587: sys_nanosleep -> 0x0
             exe-1049567 [000] ..... 1635134.657593: sys_nanosleep(rqtp: c000069f10, rmtp: 0)
             exe-1050282 [002] ..... 1635134.657604: sys_ptrace(request: 4204, pid: 1006b2, addr: 1, data: c000641c70)
             exe-1050282 [002] ..... 1635134.657608: sys_ptrace -> 0x0
             exe-1050282 [002] ..... 1635134.657610: sys_ptrace(request: 4204, pid: 1006b2, addr: 202, data: c000641c70)
             exe-1050282 [002] ..... 1635134.657612: sys_ptrace -> 0x0
             exe-1050282 [002] ..... 1635134.657624: sys_pwrite64(fd: 63, buf: 7fd66e3cff20, count: b2, pos: b4)
             exe-1050282 [002] ..... 1635134.657625: tracing_mark_write: linkat(olddfd=16, oldname="/victims/usr/share/doc/base-files", newdfd=278, newname="/victims/proc/self/root/usr/share/perl/5.34.0/unicore/lib/XIDC", flags=0x736d69746369762f) end
             exe-1050282 [002] ..... 1635134.714321: tracing_mark_write: linkat(olddfd=16, oldname="/victims/proc/self/root/usr/share/locale/nb/LC_TIME", newdfd=20, newname="/victims/usr/lib/x86_64-linux-gnu/e2fsprogs", flags=0x565449fe9) start
             exe-1050282 [002] ..... 1635134.714323: sys_pwrite64 -> 0xab
             exe-1050282 [002] ..... 1635134.714328: sys_ptrace(request: 4205, pid: 1006b2, addr: 1, data: c000641c70)
             exe-1050282 [002] ..... 1635134.714330: sys_ptrace -> 0x0
             exe-1049567 [000] ..... 1635134.714331: sys_nanosleep -> 0x0
             exe-1050282 [002] ..... 1635134.714331: sys_ptrace(request: 4205, pid: 1006b2, addr: 202, data: c000641c70)
             exe-1049567 [000] ..... 1635134.714336: sys_nanosleep(rqtp: c000069f10, rmtp: 0)
             exe-1050282 [002] ..... 1635134.714339: sys_ptrace -> 0x0
             exe-1050282 [002] ..... 1635134.714341: sys_ptrace(request: 1f, pid: 1006b2, addr: 0, data: 0)
             exe-1050282 [002] ..... 1635134.714347: sys_ptrace -> 0x0
             exe-1050282 [002] ..... 1635134.714349: sys_wait4(upid: 1006b2, stat_addr: c000641bf4, options: 40000002, ru: 0)
             exe-1050290 [001] ..... 1635134.714356: sys_write -> 0xab
             exe-1049673 [000] ..... 1635134.714358: sys_nanosleep -> 0x0
             exe-1049673 [000] ..... 1635134.714363: sys_nanosleep(rqtp: c000069f10, rmtp: 0)
             exe-1050282 [002] ..... 1635134.714368: sys_wait4 -> 0x1006b2
             exe-1050282 [002] ..... 1635134.714371: sys_ptrace(request: 4204, pid: 1006b2, addr: 1, data: c000641c70)
             exe-1050282 [002] ..... 1635134.714374: sys_ptrace -> 0x0
             exe-1050282 [002] ..... 1635134.714375: sys_ptrace(request: 4204, pid: 1006b2, addr: 202, data: c000641c70)
             exe-1050282 [002] ..... 1635134.714377: sys_ptrace -> 0x0
             exe-1050282 [002] ..... 1635134.714381: sys_ptrace(request: 4205, pid: 1006b2, addr: 1, data: c000641c70)
             exe-1050282 [002] ..... 1635134.714384: sys_ptrace -> 0x0
             exe-1050282 [002] ..... 1635134.714385: sys_ptrace(request: 4205, pid: 1006b2, addr: 202, data: c000641c70)
             exe-1050282 [002] ..... 1635134.714391: sys_ptrace -> 0x0
             exe-1050282 [002] ..... 1635134.714393: sys_ptrace(request: 1f, pid: 1006b2, addr: 0, data: 0)
             exe-1050282 [002] ..... 1635134.714399: sys_ptrace -> 0x0
             exe-1050282 [002] ..... 1635134.714400: sys_wait4(upid: 1006b2, stat_addr: c000641bf4, options: 40000002, ru: 0)
             exe-1050290 [001] ..... 1635134.714404: sys_linkat -> 0xffffffffffffffea
             exe-1050282 [002] ..... 1635134.714417: sys_wait4 -> 0x1006b2
             exe-1050282 [002] ..... 1635134.714420: sys_ptrace(request: 4204, pid: 1006b2, addr: 1, data: c000641c70)
             exe-1050282 [002] ..... 1635134.714422: sys_ptrace -> 0x0
             exe-1050282 [002] ..... 1635134.714423: sys_ptrace(request: 4204, pid: 1006b2, addr: 202, data: c000641c70)
             exe-1050282 [002] ..... 1635134.714425: sys_ptrace -> 0x0
             exe-1050282 [002] ..... 1635134.714431: sys_pwrite64(fd: 63, buf: 7fd66e3cff20, count: a9, pos: ab)
             exe-1050282 [002] ..... 1635134.714432: tracing_mark_write: linkat(olddfd=16, oldname="/victims/proc/self/root/usr/share/locale/nb/LC_TIME", newdfd=20, newname="/victims/usr/lib/x86_64-linux-gnu/e2fsprogs", flags=0x565449fe9) end
             exe-1050282 [002] ..... 1635134.769710: tracing_mark_write: linkat(olddfd=20, oldname="/victims/proc/self/root/etc/perl", newdfd=20, newname="/victims/usr/share/doc/libpam-modules", flags=0x65732f636f72702f) start
             exe-1050282 [002] ..... 1635134.769712: sys_pwrite64 -> 0x99
             exe-1050282 [002] ..... 1635134.769715: sys_ptrace(request: 4205, pid: 1006b2, addr: 1, data: c000641c70)
             exe-1050282 [002] ..... 1635134.769717: sys_ptrace -> 0x0
             exe-1050282 [002] ..... 1635134.769718: sys_ptrace(request: 4205, pid: 1006b2, addr: 202, data: c000641c70)
             exe-1050282 [002] ..... 1635134.769723: sys_ptrace -> 0x0
             exe-1050282 [002] ..... 1635134.769725: sys_ptrace(request: 1f, pid: 1006b2, addr: 0, data: 0)
             exe-1050282 [002] ..... 1635134.769729: sys_ptrace -> 0x0
             exe-1050282 [002] ..... 1635134.769731: sys_wait4(upid: 1006b2, stat_addr: c000641bf4, options: 40000002, ru: 0)
             exe-1050290 [001] ..... 1635134.769743: sys_write -> 0x99
             exe-1050282 [002] ..... 1635134.769758: sys_wait4 -> 0x1006b2
             exe-1050282 [002] ..... 1635134.769760: sys_ptrace(request: 4204, pid: 1006b2, addr: 1, data: c000641c70)
             exe-1049673 [000] ..... 1635134.769762: sys_nanosleep -> 0x0
             exe-1050282 [002] ..... 1635134.769762: sys_ptrace -> 0x0
             exe-1050282 [002] ..... 1635134.769763: sys_ptrace(request: 4204, pid: 1006b2, addr: 202, data: c000641c70)
             exe-1050282 [002] ..... 1635134.769765: sys_ptrace -> 0x0
             exe-1049673 [000] ..... 1635134.769767: sys_nanosleep(rqtp: c000069f10, rmtp: 0)
             exe-1050282 [002] ..... 1635134.769768: sys_ptrace(request: 4205, pid: 1006b2, addr: 1, data: c000641c70)
             exe-1050282 [002] ..... 1635134.769770: sys_ptrace -> 0x0
             exe-1050282 [002] ..... 1635134.769771: sys_ptrace(request: 4205, pid: 1006b2, addr: 202, data: c000641c70)
             exe-1050282 [002] ..... 1635134.769776: sys_ptrace -> 0x0
             exe-1050282 [002] ..... 1635134.769777: sys_ptrace(request: 1f, pid: 1006b2, addr: 0, data: 0)
             exe-1050282 [002] ..... 1635134.769781: sys_ptrace -> 0x0
             exe-1050282 [002] ..... 1635134.769783: sys_wait4(upid: 1006b2, stat_addr: c000641bf4, options: 40000002, ru: 0)
             exe-1049567 [000] ..... 1635134.769787: sys_nanosleep -> 0x0
             exe-1050290 [001] ..... 1635134.769788: sys_linkat -> 0xffffffffffffffea
             exe-1049567 [000] ..... 1635134.769791: sys_nanosleep(rqtp: c000069f10, rmtp: 0)
             exe-1050282 [002] ..... 1635134.769800: sys_wait4 -> 0x1006b2
             exe-1050282 [002] ..... 1635134.769802: sys_ptrace(request: 4204, pid: 1006b2, addr: 1, data: c000641c70)
             exe-1050282 [002] ..... 1635134.769804: sys_ptrace -> 0x0
             exe-1050282 [002] ..... 1635134.769805: sys_ptrace(request: 4204, pid: 1006b2, addr: 202, data: c000641c70)
             exe-1050282 [002] ..... 1635134.769806: sys_ptrace -> 0x0
             exe-1050282 [002] ..... 1635134.769811: sys_pwrite64(fd: 63, buf: 7fd66e3cff20, count: 97, pos: 99)
             exe-1050282 [002] ..... 1635134.769812: tracing_mark_write: linkat(olddfd=20, oldname="/victims/proc/self/root/etc/perl", newdfd=20, newname="/victims/usr/share/doc/libpam-modules", flags=0x65732f636f72702f) end
             exe-1050282 [002] ..... 1635134.839410: tracing_mark_write: linkat(olddfd=274, oldname="/victims/usr/share/vim/vim82/autoload/xml", newdfd=274, newname="/victims/proc/self/root/usr/share/locale/eo/LC_MESSAGES", flags=0x38d15e81ea060146) start
             exe-1050282 [002] ..... 1635134.839412: sys_pwrite64 -> 0xb6
             exe-1050282 [002] ..... 1635134.839419: sys_ptrace(request: 4205, pid: 1006b2, addr: 1, data: c000641c70)
             exe-1050282 [002] ..... 1635134.839422: sys_ptrace -> 0x0
             exe-1050282 [002] ..... 1635134.839424: sys_ptrace(request: 4205, pid: 1006b2, addr: 202, data: c000641c70)
             exe-1049673 [000] ..... 1635134.839440: sys_nanosleep -> 0x0
             exe-1049673 [000] ..... 1635134.839442: sys_nanosleep(rqtp: c000069f10, rmtp: 0)
             exe-1050282 [002] ..... 1635134.839504: sys_ptrace -> 0x0
             exe-1050282 [002] ..... 1635134.839509: sys_ptrace(request: 1f, pid: 1006b2, addr: 0, data: 0)
             exe-1049673 [000] ..... 1635134.839527: sys_nanosleep -> 0x0
             exe-1050282 [002] ..... 1635134.839528: sys_ptrace -> 0x0
             exe-1049673 [000] ..... 1635134.839529: sys_nanosleep(rqtp: c000069f10, rmtp: 0)
             exe-1050282 [002] ..... 1635134.839532: sys_wait4(upid: 1006b2, stat_addr: c000641bf4, options: 40000002, ru: 0)
             exe-1050290 [001] ..... 1635134.839546: sys_write -> 0xb6
             exe-1050282 [002] ..... 1635134.839611: sys_wait4 -> 0x1006b2
             exe-1050282 [002] ..... 1635134.839617: sys_ptrace(request: 4204, pid: 1006b2, addr: 1, data: c000641c70)
             exe-1050282 [002] ..... 1635134.839622: sys_ptrace -> 0x0
             exe-1050282 [002] ..... 1635134.839624: sys_ptrace(request: 4204, pid: 1006b2, addr: 202, data: c000641c70)
             exe-1049567 [000] ..... 1635134.839625: sys_nanosleep -> 0x0
             exe-1050282 [002] ..... 1635134.839627: sys_ptrace -> 0x0
             exe-1049567 [000] ..... 1635134.839630: sys_nanosleep(rqtp: c000069f10, rmtp: 0)
             exe-1050282 [002] ..... 1635134.839636: sys_ptrace(request: 4205, pid: 1006b2, addr: 1, data: c000641c70)
             exe-1050282 [002] ..... 1635134.839638: sys_ptrace -> 0x0
             exe-1050282 [002] ..... 1635134.839640: sys_ptrace(request: 4205, pid: 1006b2, addr: 202, data: c000641c70)
             exe-1049673 [000] ..... 1635134.839650: sys_nanosleep -> 0x0
             exe-1050282 [002] ..... 1635134.839652: sys_ptrace -> 0x0
             exe-1050282 [002] ..... 1635134.839654: sys_ptrace(request: 1f, pid: 1006b2, addr: 0, data: 0)
             exe-1049673 [000] ..... 1635134.839655: sys_nanosleep(rqtp: c000069f10, rmtp: 0)
             exe-1050290 [001] ..... 1635134.839672: sys_linkat -> 0xffffffffffffffea
             exe-1050282 [002] .N... 1635134.839685: sys_ptrace -> 0x0
             exe-1050282 [002] ..... 1635134.839730: sys_wait4(upid: 1006b2, stat_addr: c000641bf4, options: 40000002, ru: 0)
             exe-1050282 [002] ..... 1635134.839733: sys_wait4 -> 0x1006b2
             exe-1050282 [002] ..... 1635134.839736: sys_ptrace(request: 4204, pid: 1006b2, addr: 1, data: c000641c70)
             exe-1050282 [002] ..... 1635134.839740: sys_ptrace -> 0x0
             exe-1050282 [002] ..... 1635134.839742: sys_ptrace(request: 4204, pid: 1006b2, addr: 202, data: c000641c70)
             exe-1050282 [002] ..... 1635134.839744: sys_ptrace -> 0x0
             exe-1049673 [000] ..... 1635134.839747: sys_nanosleep -> 0x0
             exe-1049673 [000] ..... 1635134.839750: sys_nanosleep(rqtp: c000069f10, rmtp: 0)
             exe-1050282 [002] ..... 1635134.839760: sys_pwrite64(fd: 63, buf: 7fd66e3cff20, count: b4, pos: b6)
             exe-1050282 [002] ..... 1635134.839762: tracing_mark_write: linkat(olddfd=274, oldname="/victims/usr/share/vim/vim82/autoload/xml", newdfd=274, newname="/victims/proc/self/root/usr/share/locale/eo/LC_MESSAGES", flags=0x38d15e81ea060146) end
             exe-1050282 [002] ..... 1635134.898875: tracing_mark_write: linkat(olddfd=-100, oldname="/victims/proc/self/root/var/log/apt", newdfd=279, newname="/victims/usr/share/perl/5.34.0/warnings", flags=0x6168732f7273752f) start
             exe-1050282 [002] ..... 1635134.898877: sys_pwrite64 -> 0xa1
             exe-1049673 [000] ..... 1635134.898880: sys_nanosleep(rqtp: c000069f10, rmtp: 0)
             exe-1050282 [002] .N... 1635134.898914: sys_ptrace(request: 4205, pid: 1006b2, addr: 1, data: c000641c70)
             exe-1050282 [002] .N... 1635134.898917: sys_ptrace -> 0x0
             exe-1050282 [002] ..... 1635134.898963: sys_ptrace(request: 4205, pid: 1006b2, addr: 202, data: c000641c70)
             exe-1049567 [000] ..... 1635134.898966: sys_nanosleep -> 0x0
             exe-1049567 [000] ..... 1635134.898973: sys_nanosleep(rqtp: c000069f10, rmtp: 0)
             exe-1050282 [002] ..... 1635134.898980: sys_ptrace -> 0x0
             exe-1050282 [002] ..... 1635134.898982: sys_ptrace(request: 1f, pid: 1006b2, addr: 0, data: 0)
             exe-1050282 [002] ..... 1635134.898998: sys_ptrace -> 0x0
             exe-1050282 [002] ..... 1635134.899002: sys_wait4(upid: 1006b2, stat_addr: c000641bf4, options: 40000002, ru: 0)
             exe-1049673 [000] ..... 1635134.899002: sys_nanosleep -> 0x0
             exe-1049673 [000] ..... 1635134.899010: sys_nanosleep(rqtp: c000069f10, rmtp: 0)
             exe-1050290 [001] ..... 1635134.899017: sys_write -> 0xa1
             exe-1050282 [002] ..... 1635134.899076: sys_wait4 -> 0x1006b2
             exe-1050282 [002] ..... 1635134.899084: sys_ptrace(request: 4204, pid: 1006b2, addr: 1, data: c000641c70)
             exe-1050282 [002] ..... 1635134.899089: sys_ptrace -> 0x0
             exe-1050282 [002] ..... 1635134.899091: sys_ptrace(request: 4204, pid: 1006b2, addr: 202, data: c000641c70)
             exe-1050282 [002] ..... 1635134.899094: sys_ptrace -> 0x0
             exe-1049567 [000] ..... 1635134.899095: sys_nanosleep -> 0x0
             exe-1050282 [002] ..... 1635134.899103: sys_ptrace(request: 4205, pid: 1006b2, addr: 1, data: c000641c70)
             exe-1049567 [000] ..... 1635134.899103: sys_nanosleep(rqtp: c000069f10, rmtp: 0)
             exe-1050282 [002] ..... 1635134.899106: sys_ptrace -> 0x0
             exe-1050282 [002] ..... 1635134.899107: sys_ptrace(request: 4205, pid: 1006b2, addr: 202, data: c000641c70)
             exe-1050282 [002] ..... 1635134.899120: sys_ptrace -> 0x0
             exe-1050282 [002] ..... 1635134.899122: sys_ptrace(request: 1f, pid: 1006b2, addr: 0, data: 0)
             exe-1049673 [000] ..... 1635134.899135: sys_nanosleep -> 0x0
             exe-1049673 [000] ..... 1635134.899142: sys_nanosleep(rqtp: c000069f10, rmtp: 0)
             exe-1050290 [001] ..... 1635134.899149: sys_linkat -> 0xffffffffffffffea
             exe-1050282 [002] .N... 1635134.899157: sys_ptrace -> 0x0
             exe-1050282 [002] ..... 1635134.899205: sys_wait4(upid: 1006b2, stat_addr: c000641bf4, options: 40000002, ru: 0)
             exe-1050282 [002] ..... 1635134.899208: sys_wait4 -> 0x1006b2
             exe-1050282 [002] ..... 1635134.899211: sys_ptrace(request: 4204, pid: 1006b2, addr: 1, data: c000641c70)
             exe-1050282 [002] ..... 1635134.899215: sys_ptrace -> 0x0
             exe-1050282 [002] ..... 1635134.899217: sys_ptrace(request: 4204, pid: 1006b2, addr: 202, data: c000641c70)
             exe-1050282 [002] ..... 1635134.899220: sys_ptrace -> 0x0
             exe-1049567 [000] ..... 1635134.899226: sys_nanosleep -> 0x0
             exe-1049567 [000] ..... 1635134.899234: sys_nanosleep(rqtp: c000069f10, rmtp: 0)
             exe-1050282 [002] ..... 1635134.899237: sys_pwrite64(fd: 63, buf: 7fd66e3cff20, count: 9f, pos: a1)
             exe-1050282 [002] ..... 1635134.899239: tracing_mark_write: linkat(olddfd=-100, oldname="/victims/proc/self/root/var/log/apt", newdfd=279, newname="/victims/usr/share/perl/5.34.0/warnings", flags=0x6168732f7273752f) end
             exe-1050282 [003] ..... 1635134.984812: tracing_mark_write: linkat(olddfd=274, oldname="/victims/proc/self/root/usr/include/x86_64-linux-gnu", newdfd=357, newname="/victims/usr/share/vim/vim82/lang/de/LC_MESSAGES", flags=0x38d15e81ea060146) start
             exe-1050282 [003] ..... 1635134.984830: sys_pwrite64 -> 0xba
             exe-1091880 [002] ..... 1635134.984832: sys_wait4 -> 0x10a9ba
             exe-1091880 [002] ..... 1635134.984836: sys_ptrace(request: 4204, pid: 10a9ba, addr: 1, data: c0003dfc70)
             exe-1050282 [003] ..... 1635134.984839: sys_ptrace(request: 4205, pid: 1006b2, addr: 1, data: c000641c70)
             exe-1091880 [002] ..... 1635134.984840: sys_ptrace -> 0x0
             exe-1091880 [002] ..... 1635134.984842: sys_ptrace(request: 4204, pid: 10a9ba, addr: 202, data: c0003dfc70)
             exe-1050282 [003] ..... 1635134.984842: sys_ptrace -> 0x0
             exe-1050282 [003] ..... 1635134.984843: sys_ptrace(request: 4205, pid: 1006b2, addr: 202, data: c000641c70)
             exe-1091880 [002] ..... 1635134.984844: sys_ptrace -> 0x0
             exe-1091880 [002] ..... 1635134.984854: sys_ptrace(request: 4205, pid: 10a9ba, addr: 1, data: c0003dfc70)
             exe-1050282 [003] ..... 1635134.984856: sys_ptrace -> 0x0
             exe-1091880 [002] ..... 1635134.984857: sys_ptrace -> 0x0
             exe-1050282 [003] ..... 1635134.984858: sys_ptrace(request: 1f, pid: 1006b2, addr: 0, data: 0)
             exe-1091880 [002] ..... 1635134.984858: sys_ptrace(request: 4205, pid: 10a9ba, addr: 202, data: c0003dfc70)
             exe-1050282 [003] ..... 1635134.984865: sys_ptrace -> 0x0
             exe-1050282 [003] ..... 1635134.984867: sys_wait4(upid: 1006b2, stat_addr: c000641bf4, options: 40000002, ru: 0)
             exe-1091880 [002] ..... 1635134.984869: sys_ptrace -> 0x0
             exe-1091880 [002] ..... 1635134.984871: sys_ptrace(request: 1f, pid: 10a9ba, addr: 0, data: 0)
             exe-1050290 [003] ..... 1635134.984881: sys_write -> 0xba
             exe-1091880 [002] ..... 1635134.984889: sys_ptrace -> 0x0
             exe-1091880 [002] ..... 1635134.984891: sys_wait4(upid: 10a9ba, stat_addr: c0003dfbf4, options: 40000002, ru: 0)
             exe-1092026 [001] ..... 1635134.984900: sys_close -> 0x0
             exe-1050282 [003] ..... 1635134.984903: sys_wait4 -> 0x1006b2
             exe-1050282 [003] ..... 1635134.984906: sys_ptrace(request: 4204, pid: 1006b2, addr: 1, data: c000641c70)
             exe-1050282 [003] ..... 1635134.984910: sys_ptrace -> 0x0
             exe-1050282 [003] ..... 1635134.984912: sys_ptrace(request: 4204, pid: 1006b2, addr: 202, data: c000641c70)
             exe-1050282 [003] ..... 1635134.984914: sys_ptrace -> 0x0
             exe-1050282 [003] ..... 1635134.984920: sys_ptrace(request: 4205, pid: 1006b2, addr: 1, data: c000641c70)
             exe-1050282 [003] ..... 1635134.984923: sys_ptrace -> 0x0
             exe-1050282 [003] ..... 1635134.984925: sys_ptrace(request: 4205, pid: 1006b2, addr: 202, data: c000641c70)
