             exe-1049722 [000] ..... 1635136.211730: sys_ptrace -> 0x0
             exe-1049722 [000] ..... 1635136.211735: sys_ptrace(request: 4205, pid: 1005f3, addr: 1, data: c0005d3c70)
             exe-1049722 [000] ..... 1635136.211736: sys_ptrace -> 0x0
             exe-1049722 [000] ..... 1635136.211738: sys_ptrace(request: 4205, pid: 1005f3, addr: 202, data: c0005d3c70)
             exe-1049722 [000] ..... 1635136.211745: sys_ptrace -> 0x0
             exe-1049722 [000] ..... 1635136.211746: sys_ptrace(request: 1f, pid: 1005f3, addr: 0, data: 0)
             exe-1049722 [000] .N... 1635136.211751: sys_ptrace -> 0x0
             exe-1049673 [001] ..... 1635136.211755: sys_nanosleep -> 0x0
             exe-1050099 [000] ..... 1635136.211758: sys_linkat -> 0xffffffffffffffea
             exe-1049722 [000] ..... 1635136.211772: sys_wait4(upid: 1005f3, stat_addr: c0005d3bf4, options: 40000002, ru: 0)
             exe-1049673 [001] ..... 1635136.211773: sys_futex(uaddr: 1f09dc0, op: 80, val: 0, utime: c000069eb0, uaddr2: 0, val3: 0)
             exe-1049722 [000] ..... 1635136.211774: sys_wait4 -> 0x1005f3
             exe-1049722 [000] ..... 1635136.211775: sys_ptrace(request: 4204, pid: 1005f3, addr: 1, data: c0005d3c70)
             exe-1049722 [000] ..... 1635136.211778: sys_ptrace -> 0x0
             exe-1049722 [000] ..... 1635136.211779: sys_ptrace(request: 4204, pid: 1005f3, addr: 202, data: c0005d3c70)
             exe-1049722 [000] ..... 1635136.211781: sys_ptrace -> 0x0
             exe-1049722 [000] ..... 1635136.211788: sys_pwrite64(fd: 63, buf: 7fd66e27bf20, count: b4, pos: b6)
             exe-1049722 [000] ..... 1635136.211789: tracing_mark_write: linkat(olddfd=322, oldname="/victims/proc/self/root/usr/share/perl/5.34.0/unicore/lib/Jg", newdfd=281, newname="/victims/proc/self/root/usr/share/man/es", flags=0x56512cba09c9) end
             exe-1049722 [000] ..... 1635136.312509: tracing_mark_write: linkat(olddfd=281, oldname="/victims/proc/self/root/var/lib/systemd", newdfd=341, newname="/victims/usr/share/perl/5.34.0/unicore/lib/Alpha", flags=0x2f746f6f722f666c) start
             exe-1049722 [000] ..... 1635136.312511: sys_pwrite64 -> 0xad
             exe-1049722 [000] ..... 1635136.312519: sys_ptrace(request: 4205, pid: 1005f3, addr: 1, data: c0005d3c70)
             exe-1049722 [000] ..... 1635136.312522: sys_ptrace -> 0x0
             exe-1049722 [000] ..... 1635136.312523: sys_ptrace(request: 4205, pid: 1005f3, addr: 202, data: c0005d3c70)
             exe-1049722 [000] ..... 1635136.312536: sys_ptrace -> 0x0
             exe-1049722 [000] ..... 1635136.312539: sys_ptrace(request: 1f, pid: 1005f3, addr: 0, data: 0)
             exe-1049722 [000] .N... 1635136.312543: sys_ptrace -> 0x0
             exe-1050099 [000] ..... 1635136.312556: sys_write -> 0xad
             exe-1049722 [000] ..... 1635136.312579: sys_wait4(upid: 1005f3, stat_addr: c0005d3bf4, options: 40000002, ru: 0)
             exe-1049722 [000] ..... 1635136.312582: sys_wait4 -> 0x1005f3
             exe-1049722 [000] ..... 1635136.312585: sys_ptrace(request: 4204, pid: 1005f3, addr: 1, data: c0005d3c70)
             exe-1049722 [000] ..... 1635136.312589: sys_ptrace -> 0x0
             exe-1049722 [000] ..... 1635136.312590: sys_ptrace(request: 4204, pid: 1005f3, addr: 202, data: c0005d3c70)
             exe-1049722 [000] ..... 1635136.312593: sys_ptrace -> 0x0
             exe-1049722 [000] ..... 1635136.312600: sys_ptrace(request: 4205, pid: 1005f3, addr: 1, data: c0005d3c70)
             exe-1049722 [000] ..... 1635136.312602: sys_ptrace -> 0x0
             exe-1049722 [000] ..... 1635136.312604: sys_ptrace(request: 4205, pid: 1005f3, addr: 202, data: c0005d3c70)
             exe-1049722 [000] ..... 1635136.312614: sys_ptrace -> 0x0
             exe-1049722 [000] ..... 1635136.312616: sys_ptrace(request: 1f, pid: 1005f3, addr: 0, data: 0)
             exe-1049722 [000] .N... 1635136.312624: sys_ptrace -> 0x0
             exe-1050099 [000] ..... 1635136.312635: sys_linkat -> 0xffffffffffffffea
             exe-1049722 [000] ..... 1635136.312655: sys_wait4(upid: 1005f3, stat_addr: c0005d3bf4, options: 40000002, ru: 0)
             exe-1049722 [000] ..... 1635136.312658: sys_wait4 -> 0x1005f3
             exe-1049722 [000] ..... 1635136.312660: sys_ptrace(request: 4204, pid: 1005f3, addr: 1, data: c0005d3c70)
             exe-1049722 [000] ..... 1635136.312664: sys_ptrace -> 0x0
             exe-1049722 [000] ..... 1635136.312665: sys_ptrace(request: 4204, pid: 1005f3, addr: 202, data: c0005d3c70)
             exe-1049722 [000] ..... 1635136.312668: sys_ptrace -> 0x0
             exe-1049722 [000] ..... 1635136.312678: sys_pwrite64(fd: 63, buf: 7fd66e27bf20, count: ab, pos: ad)
             exe-1049722 [000] ..... 1635136.312680: tracing_mark_write: linkat(olddfd=281, oldname="/victims/proc/self/root/var/lib/systemd", newdfd=341, newname="/victims/usr/share/perl/5.34.0/unicore/lib/Alpha", flags=0x2f746f6f722f666c) end
             exe-1050232 [003] ..... 1635136.450763: tracing_mark_write: linkat(olddfd=299, oldname="/victims/proc/self/root/usr/share/vim/vim82/compiler", newdfd=283, newname="/victims/proc/self/root/etc/update-motd.d", flags=0x565449fbc060) start
             exe-1050232 [003] ..... 1635136.450765: sys_pwrite64 -> 0xaf
             exe-1050232 [003] ..... 1635136.450769: sys_ptrace(request: 4205, pid: 1006b9, addr: 1, data: c000a2fc70)
             exe-1050232 [003] ..... 1635136.450771: sys_ptrace -> 0x0
             exe-1050232 [003] ..... 1635136.450772: sys_ptrace(request: 4205, pid: 1006b9, addr: 202, data: c000a2fc70)
             exe-1050232 [003] ..... 1635136.450779: sys_ptrace -> 0x0
             exe-1050232 [003] ..... 1635136.450781: sys_ptrace(request: 1f, pid: 1006b9, addr: 0, data: 0)
             exe-1050232 [003] ..... 1635136.450782: sys_ptrace -> 0x0
             exe-1050232 [003] ..... 1635136.450784: sys_wait4(upid: 1006b9, stat_addr: c000a2fbf4, options: 40000002, ru: 0)
             exe-1049673 [001] ..... 1635136.450814: sys_nanosleep -> 0x0
             exe-1049673 [001] ..... 1635136.450819: sys_nanosleep(rqtp: c000069f10, rmtp: 0)
             exe-1049567 [002] ..... 1635136.450827: sys_nanosleep -> 0x0
             exe-1049567 [002] ..... 1635136.450829: sys_nanosleep(rqtp: c000069f10, rmtp: 0)
             exe-1050297 [001] ..... 1635136.450832: sys_write -> 0xaf
             exe-1050232 [003] ..... 1635136.450852: sys_wait4 -> 0x1006b9
             exe-1050232 [003] ..... 1635136.450854: sys_ptrace(request: 4204, pid: 1006b9, addr: 1, data: c000a2fc70)
             exe-1050232 [003] ..... 1635136.450856: sys_ptrace -> 0x0
             exe-1050232 [003] ..... 1635136.450857: sys_ptrace(request: 4204, pid: 1006b9, addr: 202, data: c000a2fc70)
             exe-1050232 [003] ..... 1635136.450859: sys_ptrace -> 0x0
             exe-1050232 [003] ..... 1635136.450863: sys_ptrace(request: 4205, pid: 1006b9, addr: 1, data: c000a2fc70)
             exe-1050232 [003] ..... 1635136.450865: sys_ptrace -> 0x0
             exe-1050232 [003] ..... 1635136.450866: sys_ptrace(request: 4205, pid: 1006b9, addr: 202, data: c000a2fc70)
             exe-1050232 [003] ..... 1635136.450872: sys_ptrace -> 0x0
             exe-1050232 [003] ..... 1635136.450873: sys_ptrace(request: 1f, pid: 1006b9, addr: 0, data: 0)
             exe-1050232 [003] ..... 1635136.450878: sys_ptrace -> 0x0
             exe-1050232 [003] ..... 1635136.450880: sys_wait4(upid: 1006b9, stat_addr: c000a2fbf4, options: 40000002, ru: 0)
             exe-1049567 [002] ..... 1635136.450909: sys_nanosleep -> 0x0
             exe-1049567 [002] ..... 1635136.450911: sys_nanosleep(rqtp: c000069f10, rmtp: 0)
             exe-1049673 [001] ..... 1635136.450919: sys_nanosleep -> 0x0
             exe-1049673 [001] ..... 1635136.450923: sys_nanosleep(rqtp: c000069f10, rmtp: 0)
             exe-1050297 [001] ..... 1635136.450936: sys_linkat -> 0xffffffffffffffea
             exe-1050232 [003] ..... 1635136.450954: sys_wait4 -> 0x1006b9
             exe-1050232 [003] ..... 1635136.450956: sys_ptrace(request: 4204, pid: 1006b9, addr: 1, data: c000a2fc70)
             exe-1050232 [003] ..... 1635136.450958: sys_ptrace -> 0x0
             exe-1050232 [003] ..... 1635136.450959: sys_ptrace(request: 4204, pid: 1006b9, addr: 202, data: c000a2fc70)
             exe-1050232 [003] ..... 1635136.450961: sys_ptrace -> 0x0
             exe-1050232 [003] ..... 1635136.450965: sys_pwrite64(fd: 63, buf: 7fd66e282f20, count: ad, pos: af)
             exe-1050232 [003] ..... 1635136.450966: tracing_mark_write: linkat(olddfd=299, oldname="/victims/proc/self/root/usr/share/vim/vim82/compiler", newdfd=283, newname="/victims/proc/self/root/etc/update-motd.d", flags=0x565449fbc060) end
             exe-1050232 [003] ..... 1635136.542036: tracing_mark_write: linkat(olddfd=299, oldname="/victims/usr/include/netash", newdfd=11, newname="/victims/usr/share/man/da", flags=0x565400687361) start
             exe-1050232 [003] ..... 1635136.542038: sys_pwrite64 -> 0x85
             exe-1050232 [003] ..... 1635136.542043: sys_ptrace(request: 4205, pid: 1006b9, addr: 1, data: c000a2fc70)
             exe-1049673 [001] ..... 1635136.542050: sys_nanosleep -> 0x0
             exe-1050232 [003] ..... 1635136.542051: sys_ptrace -> 0x0
             exe-1050232 [003] ..... 1635136.542052: sys_ptrace(request: 4205, pid: 1006b9, addr: 202, data: c000a2fc70)
             exe-1049673 [001] ..... 1635136.542056: sys_nanosleep(rqtp: c000069f10, rmtp: 0)
             exe-1050232 [003] ..... 1635136.542060: sys_ptrace -> 0x0
             exe-1050232 [003] ..... 1635136.542062: sys_ptrace(request: 1f, pid: 1006b9, addr: 0, data: 0)
             exe-1050232 [003] ..... 1635136.542067: sys_ptrace -> 0x0
             exe-1050232 [003] ..... 1635136.542069: sys_wait4(upid: 1006b9, stat_addr: c000a2fbf4, options: 40000002, ru: 0)
             exe-1050297 [001] ..... 1635136.542082: sys_write -> 0x85
             exe-1050232 [003] ..... 1635136.542108: sys_wait4 -> 0x1006b9
             exe-1050232 [003] ..... 1635136.542110: sys_ptrace(request: 4204, pid: 1006b9, addr: 1, data: c000a2fc70)
             exe-1049567 [002] ..... 1635136.542122: sys_nanosleep -> 0x0
             exe-1049567 [002] ..... 1635136.542124: sys_nanosleep(rqtp: c000069f10, rmtp: 0)
             exe-1050232 [003] ..... 1635136.542138: sys_ptrace -> 0x0
             exe-1050232 [003] ..... 1635136.542139: sys_ptrace(request: 4204, pid: 1006b9, addr: 202, data: c000a2fc70)
             exe-1050232 [003] ..... 1635136.542141: sys_ptrace -> 0x0
             exe-1050232 [003] ..... 1635136.542146: sys_ptrace(request: 4205, pid: 1006b9, addr: 1, data: c000a2fc70)
             exe-1050232 [003] ..... 1635136.542149: sys_ptrace -> 0x0
             exe-1050232 [003] ..... 1635136.542150: sys_ptrace(request: 4205, pid: 1006b9, addr: 202, data: c000a2fc70)
             exe-1050232 [003] ..... 1635136.542156: sys_ptrace -> 0x0
             exe-1050232 [003] ..... 1635136.542158: sys_ptrace(request: 1f, pid: 1006b9, addr: 0, data: 0)
             exe-1049673 [001] ..... 1635136.542168: sys_nanosleep -> 0x0
             exe-1050232 [003] ..... 1635136.542172: sys_ptrace -> 0x0
             exe-1050232 [003] ..... 1635136.542174: sys_wait4(upid: 1006b9, stat_addr: c000a2fbf4, options: 40000002, ru: 0)
             exe-1049673 [001] ..... 1635136.542185: sys_nanosleep(rqtp: c000069f10, rmtp: 0)
             exe-1050297 [001] ..... 1635136.542201: sys_linkat -> 0xffffffffffffffea
             exe-1049567 [002] ..... 1635136.542215: sys_nanosleep -> 0x0
             exe-1049567 [002] ..... 1635136.542218: sys_nanosleep(rqtp: c000069f10, rmtp: 0)
             exe-1050232 [003] ..... 1635136.542227: sys_wait4 -> 0x1006b9
             exe-1050232 [003] ..... 1635136.542230: sys_ptrace(request: 4204, pid: 1006b9, addr: 1, data: c000a2fc70)
             exe-1050232 [003] ..... 1635136.542256: sys_ptrace -> 0x0
             exe-1050232 [003] ..... 1635136.542258: sys_ptrace(request: 4204, pid: 1006b9, addr: 202, data: c000a2fc70)
             exe-1050232 [003] ..... 1635136.542260: sys_ptrace -> 0x0
             exe-1050232 [003] ..... 1635136.542265: sys_pwrite64(fd: 63, buf: 7fd66e282f20, count: 83, pos: 85)
             exe-1050232 [003] ..... 1635136.542267: tracing_mark_write: linkat(olddfd=299, oldname="/victims/usr/include/netash", newdfd=11, newname="/victims/usr/share/man/da", flags=0x565400687361) end
             exe-1050232 [003] ..... 1635136.616484: tracing_mark_write: linkat(olddfd=299, oldname="/victims/usr/share/vim/vim82/lang/uk", newdfd=273, newname="/victims/usr/share/doc/libpam0g", flags=0x67306d61706269) start
             exe-1050232 [003] ..... 1635136.616486: sys_pwrite64 -> 0x97
             exe-1050232 [003] ..... 1635136.616491: sys_ptrace(request: 4205, pid: 1006b9, addr: 1, data: c000a2fc70)
             exe-1050232 [003] ..... 1635136.616493: sys_ptrace -> 0x0
             exe-1050232 [003] ..... 1635136.616495: sys_ptrace(request: 4205, pid: 1006b9, addr: 202, data: c000a2fc70)
             exe-1050232 [003] ..... 1635136.616503: sys_ptrace -> 0x0
             exe-1050232 [003] ..... 1635136.616505: sys_ptrace(request: 1f, pid: 1006b9, addr: 0, data: 0)
             exe-1050232 [003] ..... 1635136.616516: sys_ptrace -> 0x0
             exe-1050232 [003] ..... 1635136.616518: sys_wait4(upid: 1006b9, stat_addr: c000a2fbf4, options: 40000002, ru: 0)
             exe-1050008 [002] ..... 1635136.616555: sys_epoll_pwait -> 0x0
             exe-1049673 [001] ..... 1635136.616565: sys_nanosleep -> 0x0
             exe-1050008 [002] ..... 1635136.616567: sys_epoll_pwait(epfd: 11, events: c000a2d840, maxevents: 80, timeout: 1, sigmask: 0, sigsetsize: 0)
             exe-1049673 [001] ..... 1635136.616571: sys_nanosleep(rqtp: c000069f10, rmtp: 0)
             exe-1050297 [002] ..... 1635136.616583: sys_write -> 0x97
             exe-1050232 [003] ..... 1635136.616617: sys_wait4 -> 0x1006b9
             exe-1050232 [003] ..... 1635136.616619: sys_ptrace(request: 4204, pid: 1006b9, addr: 1, data: c000a2fc70)
             exe-1050232 [003] ..... 1635136.616622: sys_ptrace -> 0x0
             exe-1050232 [003] ..... 1635136.616623: sys_ptrace(request: 4204, pid: 1006b9, addr: 202, data: c000a2fc70)
             exe-1050232 [003] ..... 1635136.616626: sys_ptrace -> 0x0
             exe-1050232 [003] ..... 1635136.616631: sys_ptrace(request: 4205, pid: 1006b9, addr: 1, data: c000a2fc70)
             exe-1050232 [003] ..... 1635136.616633: sys_ptrace -> 0x0
             exe-1050232 [003] ..... 1635136.616634: sys_ptrace(request: 4205, pid: 1006b9, addr: 202, data: c000a2fc70)
             exe-1050232 [003] ..... 1635136.616642: sys_ptrace -> 0x0
             exe-1050232 [003] ..... 1635136.616644: sys_ptrace(request: 1f, pid: 1006b9, addr: 0, data: 0)
             exe-1050232 [003] ..... 1635136.616653: sys_ptrace -> 0x0
             exe-1050232 [003] ..... 1635136.616655: sys_wait4(upid: 1006b9, stat_addr: c000a2fbf4, options: 40000002, ru: 0)
             exe-1050297 [002] ..... 1635136.616675: sys_linkat -> 0xffffffffffffffea
             exe-1050232 [003] ..... 1635136.616697: sys_wait4 -> 0x1006b9
             exe-1050232 [003] ..... 1635136.616699: sys_ptrace(request: 4204, pid: 1006b9, addr: 1, data: c000a2fc70)
             exe-1050232 [003] ..... 1635136.616702: sys_ptrace -> 0x0
             exe-1050232 [003] ..... 1635136.616703: sys_ptrace(request: 4204, pid: 1006b9, addr: 202, data: c000a2fc70)
             exe-1050232 [003] ..... 1635136.616705: sys_ptrace -> 0x0
             exe-1050232 [003] ..... 1635136.616711: sys_pwrite64(fd: 63, buf: 7fd66e282f20, count: 95, pos: 97)
             exe-1050232 [003] ..... 1635136.616713: tracing_mark_write: linkat(olddfd=299, oldname="/victims/usr/share/vim/vim82/lang/uk", newdfd=273, newname="/victims/usr/share/doc/libpam0g", flags=0x67306d61706269) end
             exe-1050232 [003] ..... 1635136.684054: tracing_mark_write: linkat(olddfd=299, oldname="/victims/proc/self/root/usr/share/X11/locale/iscii-dev", newdfd=277, newname="/victims/usr/share/man/nl/man8", flags=0x386e616d2f6c) start
             exe-1050232 [003] ..... 1635136.684056: sys_pwrite64 -> 0xa6
             exe-1050232 [003] ..... 1635136.684060: sys_ptrace(request: 4205, pid: 1006b9, addr: 1, data: c000a2fc70)
             exe-1050232 [003] ..... 1635136.684063: sys_ptrace -> 0x0
             exe-1050232 [003] ..... 1635136.684065: sys_ptrace(request: 4205, pid: 1006b9, addr: 202, data: c000a2fc70)
             exe-1050232 [003] ..... 1635136.684072: sys_ptrace -> 0x0
             exe-1050232 [003] ..... 1635136.684074: sys_ptrace(request: 1f, pid: 1006b9, addr: 0, data: 0)
             exe-1049673 [001] ..... 1635136.684090: sys_nanosleep -> 0x0
             exe-1050232 [003] ..... 1635136.684094: sys_ptrace -> 0x0
             exe-1050232 [003] ..... 1635136.684096: sys_wait4(upid: 1006b9, stat_addr: c000a2fbf4, options: 40000002, ru: 0)
             exe-1049673 [001] ..... 1635136.684108: sys_futex(uaddr: 1f09dc0, op: 80, val: 0, utime: c000069eb0, uaddr2: 0, val3: 0)
             exe-1050297 [001] ..... 1635136.684126: sys_write -> 0xa6
             exe-1050232 [003] ..... 1635136.684154: sys_wait4 -> 0x1006b9
             exe-1050232 [003] ..... 1635136.684157: sys_ptrace(request: 4204, pid: 1006b9, addr: 1, data: c000a2fc70)
             exe-1050232 [003] ..... 1635136.684177: sys_ptrace -> 0x0
             exe-1050232 [003] ..... 1635136.684179: sys_ptrace(request: 4204, pid: 1006b9, addr: 202, data: c000a2fc70)
             exe-1050232 [003] ..... 1635136.684181: sys_ptrace -> 0x0
             exe-1050232 [003] ..... 1635136.684185: sys_ptrace(request: 4205, pid: 1006b9, addr: 1, data: c000a2fc70)
             exe-1050232 [003] ..... 1635136.684188: sys_ptrace -> 0x0
             exe-1050232 [003] ..... 1635136.684189: sys_ptrace(request: 4205, pid: 1006b9, addr: 202, data: c000a2fc70)
             exe-1049567 [002] ..... 1635136.684190: sys_nanosleep -> 0x0
             exe-1050232 [003] ..... 1635136.684195: sys_ptrace -> 0x0
             exe-1049567 [002] ..... 1635136.684196: sys_nanosleep(rqtp: c000069f10, rmtp: 0)
             exe-1050232 [003] ..... 1635136.684197: sys_ptrace(request: 1f, pid: 1006b9, addr: 0, data: 0)
             exe-1050232 [003] ..... 1635136.684199: sys_ptrace -> 0x0
             exe-1050232 [003] ..... 1635136.684201: sys_wait4(upid: 1006b9, stat_addr: c000a2fbf4, options: 40000002, ru: 0)
             exe-1050297 [001] ..... 1635136.684213: sys_linkat -> 0xffffffffffffffea
             exe-1050232 [003] ..... 1635136.684235: sys_wait4 -> 0x1006b9
             exe-1050232 [003] ..... 1635136.684238: sys_ptrace(request: 4204, pid: 1006b9, addr: 1, data: c000a2fc70)
             exe-1050232 [003] ..... 1635136.684240: sys_ptrace -> 0x0
             exe-1050232 [003] ..... 1635136.684241: sys_ptrace(request: 4204, pid: 1006b9, addr: 202, data: c000a2fc70)
             exe-1050232 [003] ..... 1635136.684243: sys_ptrace -> 0x0
             exe-1050232 [003] ..... 1635136.684249: sys_pwrite64(fd: 63, buf: 7fd66e282f20, count: a4, pos: a6)
             exe-1050232 [003] ..... 1635136.684250: tracing_mark_write: linkat(olddfd=299, oldname="/victims/proc/self/root/usr/share/X11/locale/iscii-dev", newdfd=277, newname="/victims/usr/share/man/nl/man8", flags=0x386e616d2f6c) end
             exe-1050232 [003] ..... 1635136.759009: tracing_mark_write: linkat(olddfd=17, oldname="/victims/proc/self/root/usr/share/man/ru/man8", newdfd=277, newname="/victims/proc/self/root/usr/share/icons/locolor/16x16/apps", flags=0x386e616d2f6c) start
             exe-1050232 [003] ..... 1635136.759011: sys_pwrite64 -> 0xb8
             exe-1050232 [003] ..... 1635136.759017: sys_ptrace(request: 4205, pid: 1006b9, addr: 1, data: c000a2fc70)
             exe-1049673 [001] ..... 1635136.759021: sys_nanosleep -> 0x0
             exe-1050232 [003] ..... 1635136.759021: sys_ptrace -> 0x0
             exe-1050232 [003] ..... 1635136.759023: sys_ptrace(request: 4205, pid: 1006b9, addr: 202, data: c000a2fc70)
             exe-1049567 [002] ..... 1635136.759024: sys_nanosleep -> 0x0
             exe-1049567 [002] ..... 1635136.759026: sys_nanosleep(rqtp: c000069f10, rmtp: 0)
             exe-1049673 [001] ..... 1635136.759026: sys_nanosleep(rqtp: c000069f10, rmtp: 0)
             exe-1050232 [003] ..... 1635136.759031: sys_ptrace -> 0x0
             exe-1050232 [003] ..... 1635136.759033: sys_ptrace(request: 1f, pid: 1006b9, addr: 0, data: 0)
             exe-1050232 [003] ..... 1635136.759040: sys_ptrace -> 0x0
             exe-1050232 [003] ..... 1635136.759042: sys_wait4(upid: 1006b9, stat_addr: c000a2fbf4, options: 40000002, ru: 0)
             exe-1050297 [001] ..... 1635136.759057: sys_write -> 0xb8
             exe-1050232 [003] ..... 1635136.759075: sys_wait4 -> 0x1006b9
             exe-1050232 [003] ..... 1635136.759078: sys_ptrace(request: 4204, pid: 1006b9, addr: 1, data: c000a2fc70)
             exe-1050232 [003] ..... 1635136.759080: sys_ptrace -> 0x0
             exe-1050232 [003] ..... 1635136.759082: sys_ptrace(request: 4204, pid: 1006b9, addr: 202, data: c000a2fc70)
             exe-1050232 [003] ..... 1635136.759084: sys_ptrace -> 0x0
             exe-1050232 [003] ..... 1635136.759090: sys_ptrace(request: 4205, pid: 1006b9, addr: 1, data: c000a2fc70)
             exe-1050232 [003] ..... 1635136.759092: sys_ptrace -> 0x0
             exe-1050232 [003] ..... 1635136.759094: sys_ptrace(request: 4205, pid: 1006b9, addr: 202, data: c000a2fc70)
             exe-1050232 [003] ..... 1635136.759118: sys_ptrace -> 0x0
             exe-1050232 [003] ..... 1635136.759120: sys_ptrace(request: 1f, pid: 1006b9, addr: 0, data: 0)
             exe-1050232 [003] ..... 1635136.759126: sys_ptrace -> 0x0
             exe-1050232 [003] ..... 1635136.759128: sys_wait4(upid: 1006b9, stat_addr: c000a2fbf4, options: 40000002, ru: 0)
             exe-1049567 [002] ..... 1635136.759133: sys_nanosleep -> 0x0
             exe-1049567 [002] ..... 1635136.759136: sys_nanosleep(rqtp: c000069f10, rmtp: 0)
             exe-1050297 [001] ..... 1635136.759150: sys_linkat -> 0xffffffffffffffea
             exe-1050232 [003] ..... 1635136.759165: sys_wait4 -> 0x1006b9
             exe-1050232 [003] ..... 1635136.759167: sys_ptrace(request: 4204, pid: 1006b9, addr: 1, data: c000a2fc70)
             exe-1049673 [001] ..... 1635136.759169: sys_nanosleep -> 0x0
             exe-1050232 [003] ..... 1635136.759170: sys_ptrace -> 0x0
             exe-1050232 [003] ..... 1635136.759171: sys_ptrace(request: 4204, pid: 1006b9, addr: 202, data: c000a2fc70)
             exe-1050232 [003] ..... 1635136.759173: sys_ptrace -> 0x0
             exe-1049673 [001] ..... 1635136.759174: sys_nanosleep(rqtp: c000069f10, rmtp: 0)
             exe-1050232 [003] ..... 1635136.759194: sys_pwrite64(fd: 63, buf: 7fd66e282f20, count: b6, pos: b8)
             exe-1050232 [003] ..... 1635136.759196: tracing_mark_write: linkat(olddfd=17, oldname="/victims/proc/self/root/usr/share/man/ru/man8", newdfd=277, newname="/victims/proc/self/root/usr/share/icons/locolor/16x16/apps", flags=0x386e616d2f6c) end
             exe-1050232 [003] ..... 1635136.826276: tracing_mark_write: linkat(olddfd=17, oldname="/victims/proc/self/root/usr/share/man/fr/man8/", newdfd=283, newname="/victims/proc/self/root/usr/share/man/es", flags=0x386e616d2f6c) start
             exe-1050232 [003] ..... 1635136.826278: sys_pwrite64 -> 0xa7
             exe-1049673 [001] ..... 1635136.826278: sys_nanosleep(rqtp: c000069f10, rmtp: 0)
             exe-1050232 [003] ..... 1635136.826284: sys_ptrace(request: 4205, pid: 1006b9, addr: 1, data: c000a2fc70)
             exe-1050232 [003] ..... 1635136.826287: sys_ptrace -> 0x0
             exe-1050232 [003] ..... 1635136.826288: sys_ptrace(request: 4205, pid: 1006b9, addr: 202, data: c000a2fc70)
             exe-1050232 [003] ..... 1635136.826314: sys_ptrace -> 0x0
             exe-1050232 [003] ..... 1635136.826316: sys_ptrace(request: 1f, pid: 1006b9, addr: 0, data: 0)
             exe-1050232 [003] .N... 1635136.826324: sys_ptrace -> 0x0
             exe-1050297 [003] ..... 1635136.826334: sys_write -> 0xa7
             exe-1050232 [003] ..... 1635136.826354: sys_wait4(upid: 1006b9, stat_addr: c000a2fbf4, options: 40000002, ru: 0)
             exe-1050232 [003] ..... 1635136.826357: sys_wait4 -> 0x1006b9
             exe-1050232 [003] ..... 1635136.826359: sys_ptrace(request: 4204, pid: 1006b9, addr: 1, data: c000a2fc70)
             exe-1049567 [001] ..... 1635136.826360: sys_nanosleep -> 0x0
             exe-1050232 [003] ..... 1635136.826363: sys_ptrace -> 0x0
             exe-1050232 [003] ..... 1635136.826364: sys_ptrace(request: 4204, pid: 1006b9, addr: 202, data: c000a2fc70)
             exe-1049567 [001] ..... 1635136.826366: sys_nanosleep(rqtp: c000069f10, rmtp: 0)
             exe-1050232 [003] ..... 1635136.826367: sys_ptrace -> 0x0
             exe-1050232 [003] ..... 1635136.826373: sys_ptrace(request: 4205, pid: 1006b9, addr: 1, data: c000a2fc70)
             exe-1050232 [003] ..... 1635136.826375: sys_ptrace -> 0x0
             exe-1050232 [003] ..... 1635136.826377: sys_ptrace(request: 4205, pid: 1006b9, addr: 202, data: c000a2fc70)
             exe-1050232 [003] ..... 1635136.826386: sys_ptrace -> 0x0
             exe-1050232 [003] ..... 1635136.826388: sys_ptrace(request: 1f, pid: 1006b9, addr: 0, data: 0)
             exe-1049673 [001] ..... 1635136.826389: sys_nanosleep -> 0x0
             exe-1049673 [001] ..... 1635136.826394: sys_nanosleep(rqtp: c000069f10, rmtp: 0)
             exe-1050232 [003] .N... 1635136.826395: sys_ptrace -> 0x0
             exe-1050297 [003] ..... 1635136.826405: sys_linkat -> 0xffffffffffffffea
             exe-1049673 [001] ..... 1635136.826463: sys_nanosleep -> 0x0
             exe-1049673 [001] ..... 1635136.826466: sys_nanosleep(rqtp: c000069f10, rmtp: 0)
             exe-1049567 [001] ..... 1635136.826482: sys_nanosleep -> 0x0
             exe-1049567 [001] ..... 1635136.826487: sys_nanosleep(rqtp: c000069f10, rmtp: 0)
             exe-1049673 [001] ..... 1635136.826569: sys_nanosleep -> 0x0
             exe-1049673 [001] ..... 1635136.826575: sys_nanosleep(rqtp: c000069f10, rmtp: 0)
             exe-1049567 [001] ..... 1635136.826597: sys_nanosleep -> 0x0
             exe-1049567 [001] ..... 1635136.826602: sys_nanosleep(rqtp: c000069f10, rmtp: 0)
             exe-1049567 [001] ..... 1635136.826672: sys_nanosleep -> 0x0
             exe-1049567 [001] ..... 1635136.826675: sys_nanosleep(rqtp: c000069f10, rmtp: 0)
             exe-1049673 [001] ..... 1635136.826691: sys_nanosleep -> 0x0
             exe-1049673 [001] ..... 1635136.826696: sys_nanosleep(rqtp: c000069f10, rmtp: 0)
             exe-1050232 [003] ..... 1635136.826722: sys_wait4(upid: 1006b9, stat_addr: c000a2fbf4, options: 40000002, ru: 0)
             exe-1050232 [003] ..... 1635136.826726: sys_wait4 -> 0x1006b9
             exe-1050232 [003] ..... 1635136.826729: sys_ptrace(request: 4204, pid: 1006b9, addr: 1, data: c000a2fc70)
             exe-1050232 [003] ..... 1635136.826734: sys_ptrace -> 0x0
             exe-1050232 [003] ..... 1635136.826736: sys_ptrace(request: 4204, pid: 1006b9, addr: 202, data: c000a2fc70)
             exe-1050232 [003] ..... 1635136.826739: sys_ptrace -> 0x0
             exe-1050232 [003] ..... 1635136.826753: sys_pwrite64(fd: 63, buf: 7fd66e282f20, count: a5, pos: a7)
             exe-1050232 [003] ..... 1635136.826756: tracing_mark_write: linkat(olddfd=17, oldname="/victims/proc/self/root/usr/share/man/fr/man8/", newdfd=283, newname="/victims/proc/self/root/usr/share/man/es", flags=0x386e616d2f6c) end
             exe-1050232 [003] ..... 1635136.905380: tracing_mark_write: linkat(olddfd=-100, oldname="/victims/proc/self/root/usr/share/locale/hu/LC_MESSAGES", newdfd=287, newname="/victims/proc/self/root/trinity_t/trinity", flags=0x386e616d2f6c) start
             exe-1050232 [003] ..... 1635136.905383: sys_pwrite64 -> 0xb3
             exe-1049673 [001] ..... 1635136.905393: sys_nanosleep -> 0x0
             exe-1050232 [003] ..... 1635136.905399: sys_ptrace(request: 4205, pid: 1006b9, addr: 1, data: c000a2fc70)
             exe-1049673 [001] ..... 1635136.905401: sys_nanosleep(rqtp: c000069f10, rmtp: 0)
             exe-1050232 [003] ..... 1635136.905405: sys_ptrace -> 0x0
             exe-1050232 [003] ..... 1635136.905407: sys_ptrace(request: 4205, pid: 1006b9, addr: 202, data: c000a2fc70)
             exe-1050232 [003] ..... 1635136.905432: sys_ptrace -> 0x0
             exe-1049567 [001] ..... 1635136.905432: sys_nanosleep -> 0x0
             exe-1050232 [003] ..... 1635136.905436: sys_ptrace(request: 1f, pid: 1006b9, addr: 0, data: 0)
             exe-1049567 [001] ..... 1635136.905439: sys_nanosleep(rqtp: c000069f10, rmtp: 0)
             exe-1050232 [003] .N... 1635136.905447: sys_ptrace -> 0x0
             exe-1050297 [003] ..... 1635136.905460: sys_write -> 0xb3
             exe-1050232 [003] ..... 1635136.905485: sys_wait4(upid: 1006b9, stat_addr: c000a2fbf4, options: 40000002, ru: 0)
             exe-1050232 [003] ..... 1635136.905491: sys_wait4 -> 0x1006b9
             exe-1050232 [003] ..... 1635136.905495: sys_ptrace(request: 4204, pid: 1006b9, addr: 1, data: c000a2fc70)
             exe-1050232 [003] ..... 1635136.905500: sys_ptrace -> 0x0
             exe-1050232 [003] ..... 1635136.905503: sys_ptrace(request: 4204, pid: 1006b9, addr: 202, data: c000a2fc70)
             exe-1050232 [003] ..... 1635136.905506: sys_ptrace -> 0x0
             exe-1050232 [003] ..... 1635136.905515: sys_ptrace(request: 4205, pid: 1006b9, addr: 1, data: c000a2fc70)
             exe-1049673 [001] ..... 1635136.905524: sys_nanosleep -> 0x0
             exe-1050232 [003] ..... 1635136.905525: sys_ptrace -> 0x0
             exe-1050232 [003] ..... 1635136.905528: sys_ptrace(request: 4205, pid: 1006b9, addr: 202, data: c000a2fc70)
             exe-1049673 [001] ..... 1635136.905533: sys_nanosleep(rqtp: c000069f10, rmtp: 0)
             exe-1050232 [003] ..... 1635136.905545: sys_ptrace -> 0x0
             exe-1050232 [003] ..... 1635136.905548: sys_ptrace(request: 1f, pid: 1006b9, addr: 0, data: 0)
             exe-1049567 [001] ..... 1635136.905562: sys_nanosleep -> 0x0
             exe-1050232 [003] .N... 1635136.905562: sys_ptrace -> 0x0
             exe-1049567 [001] ..... 1635136.905574: sys_nanosleep(rqtp: c000069f10, rmtp: 0)
             exe-1050297 [003] ..... 1635136.905576: sys_linkat -> 0xffffffffffffffea
             exe-1050232 [003] ..... 1635136.905600: sys_wait4(upid: 1006b9, stat_addr: c000a2fbf4, options: 40000002, ru: 0)
             exe-1050232 [003] ..... 1635136.905604: sys_wait4 -> 0x1006b9
             exe-1050232 [003] ..... 1635136.905607: sys_ptrace(request: 4204, pid: 1006b9, addr: 1, data: c000a2fc70)
             exe-1050232 [003] ..... 1635136.905612: sys_ptrace -> 0x0
             exe-1050232 [003] ..... 1635136.905616: sys_ptrace(request: 4204, pid: 1006b9, addr: 202, data: c000a2fc70)
             exe-1050232 [003] ..... 1635136.905621: sys_ptrace -> 0x0
             exe-1050232 [003] ..... 1635136.905634: sys_pwrite64(fd: 63, buf: 7fd66e282f20, count: b1, pos: b3)
             exe-1050232 [003] ..... 1635136.905637: tracing_mark_write: linkat(olddfd=-100, oldname="/victims/proc/self/root/usr/share/locale/hu/LC_MESSAGES", newdfd=287, newname="/victims/proc/self/root/trinity_t/trinity", flags=0x386e616d2f6c) end
             exe-1050008 [002] ..... 1635137.033770: tracing_mark_write: linkat(olddfd=375, oldname="/victims/usr/share/perl/5.34.0/unicore/lib/IdType", newdfd=375, newname="/victims/proc/self/root/etc/vim", flags=0x6d69762f637465) start
             exe-1050008 [002] ..... 1635137.033772: sys_pwrite64 -> 0xa4
             exe-1050008 [002] ..... 1635137.033776: sys_ptrace(request: 4205, pid: 10059f, addr: 1, data: c0005d3c70)
             exe-1050008 [002] ..... 1635137.033777: sys_ptrace -> 0x0
             exe-1050008 [002] ..... 1635137.033778: sys_ptrace(request: 4205, pid: 10059f, addr: 202, data: c0005d3c70)
             exe-1049673 [001] ..... 1635137.033828: sys_nanosleep -> 0x0
             exe-1049673 [001] ..... 1635137.033834: sys_nanosleep(rqtp: c000069f10, rmtp: 0)
             exe-1050008 [002] ..... 1635137.033834: sys_ptrace -> 0x0
             exe-1050008 [002] ..... 1635137.033838: sys_ptrace(request: 1f, pid: 10059f, addr: 0, data: 0)
             exe-1050008 [002] ..... 1635137.033846: sys_ptrace -> 0x0
             exe-1050008 [002] ..... 1635137.033848: sys_wait4(upid: 10059f, stat_addr: c0005d3bf4, options: 40000002, ru: 0)
             exe-1050015 [001] ..... 1635137.033855: sys_write -> 0xa4
             exe-1050008 [002] ..... 1635137.033873: sys_wait4 -> 0x10059f
             exe-1050008 [002] ..... 1635137.033875: sys_ptrace(request: 4204, pid: 10059f, addr: 1, data: c0005d3c70)
             exe-1050008 [002] ..... 1635137.033878: sys_ptrace -> 0x0
             exe-1050008 [002] ..... 1635137.033879: sys_ptrace(request: 4204, pid: 10059f, addr: 202, data: c0005d3c70)
             exe-1050008 [002] ..... 1635137.033881: sys_ptrace -> 0x0
             exe-1050008 [002] ..... 1635137.033888: sys_ptrace(request: 4205, pid: 10059f, addr: 1, data: c0005d3c70)
             exe-1050008 [002] ..... 1635137.033890: sys_ptrace -> 0x0
             exe-1050008 [002] ..... 1635137.033891: sys_ptrace(request: 4205, pid: 10059f, addr: 202, data: c0005d3c70)
             exe-1050008 [002] ..... 1635137.033896: sys_ptrace -> 0x0
             exe-1050008 [002] ..... 1635137.033898: sys_ptrace(request: 1f, pid: 10059f, addr: 0, data: 0)
             exe-1050008 [002] ..... 1635137.033907: sys_ptrace -> 0x0
             exe-1050008 [002] ..... 1635137.033908: sys_wait4(upid: 10059f, stat_addr: c0005d3bf4, options: 40000002, ru: 0)
             exe-1050015 [001] ..... 1635137.033921: sys_linkat -> 0xffffffffffffffea
             exe-1050008 [002] ..... 1635137.033933: sys_wait4 -> 0x10059f
             exe-1050008 [002] ..... 1635137.033935: sys_ptrace(request: 4204, pid: 10059f, addr: 1, data: c0005d3c70)
             exe-1050008 [002] ..... 1635137.033937: sys_ptrace -> 0x0
             exe-1050008 [002] ..... 1635137.033938: sys_ptrace(request: 4204, pid: 10059f, addr: 202, data: c0005d3c70)
             exe-1050008 [002] ..... 1635137.033939: sys_ptrace -> 0x0
             exe-1050008 [002] ..... 1635137.033950: sys_pwrite64(fd: 63, buf: 7fd66e27bf20, count: a2, pos: a4)
             exe-1050008 [002] ..... 1635137.033951: tracing_mark_write: linkat(olddfd=375, oldname="/victims/usr/share/perl/5.34.0/unicore/lib/IdType", newdfd=375, newname="/victims/proc/self/root/etc/vim", flags=0x6d69762f637465) end
             exe-1050008 [002] ..... 1635137.135208: tracing_mark_write: linkat(olddfd=375, oldname="/victims/proc/self/root/usr/lib/x86_64-linux-gnu/security", newdfd=347, newname="/victims/usr/share/doc/libcbor0.8/", flags=0x6d69762f637465) start
             exe-1050008 [002] ..... 1635137.135209: sys_pwrite64 -> 0xaf
             exe-1049673 [001] ..... 1635137.135211: sys_nanosleep(rqtp: c000069f10, rmtp: 0)
             exe-1050008 [002] ..... 1635137.135213: sys_ptrace(request: 4205, pid: 10059f, addr: 1, data: c0005d3c70)
             exe-1050008 [002] ..... 1635137.135215: sys_ptrace -> 0x0
             exe-1050008 [002] ..... 1635137.135216: sys_ptrace(request: 4205, pid: 10059f, addr: 202, data: c0005d3c70)
             exe-1050008 [002] ..... 1635137.135224: sys_ptrace -> 0x0
             exe-1050008 [002] ..... 1635137.135225: sys_ptrace(request: 1f, pid: 10059f, addr: 0, data: 0)
             exe-1050008 [002] ..... 1635137.135231: sys_ptrace -> 0x0
             exe-1050008 [002] ..... 1635137.135233: sys_wait4(upid: 10059f, stat_addr: c0005d3bf4, options: 40000002, ru: 0)
             exe-1050015 [001] ..... 1635137.135243: sys_write -> 0xaf
             exe-1050008 [002] ..... 1635137.135261: sys_wait4 -> 0x10059f
             exe-1050008 [002] ..... 1635137.135263: sys_ptrace(request: 4204, pid: 10059f, addr: 1, data: c0005d3c70)
             exe-1050008 [002] ..... 1635137.135265: sys_ptrace -> 0x0
             exe-1050008 [002] ..... 1635137.135266: sys_ptrace(request: 4204, pid: 10059f, addr: 202, data: c0005d3c70)
             exe-1050008 [002] ..... 1635137.135268: sys_ptrace -> 0x0
             exe-1050008 [002] ..... 1635137.135272: sys_ptrace(request: 4205, pid: 10059f, addr: 1, data: c0005d3c70)
             exe-1050008 [002] ..... 1635137.135273: sys_ptrace -> 0x0
             exe-1050008 [002] ..... 1635137.135275: sys_ptrace(request: 4205, pid: 10059f, addr: 202, data: c0005d3c70)
             exe-1050008 [002] ..... 1635137.135280: sys_ptrace -> 0x0
             exe-1050008 [002] ..... 1635137.135281: sys_ptrace(request: 1f, pid: 10059f, addr: 0, data: 0)
             exe-1050008 [002] ..... 1635137.135286: sys_ptrace -> 0x0
             exe-1050008 [002] ..... 1635137.135287: sys_wait4(upid: 10059f, stat_addr: c0005d3bf4, options: 40000002, ru: 0)
             exe-1049673 [001] ..... 1635137.135310: sys_nanosleep -> 0x0
             exe-1049673 [001] ..... 1635137.135314: sys_nanosleep(rqtp: c000069f10, rmtp: 0)
             exe-1049567 [000] ..... 1635137.135318: sys_nanosleep -> 0x0
             exe-1049567 [000] ..... 1635137.135320: sys_nanosleep(rqtp: c000069f10, rmtp: 0)
             exe-1050015 [001] ..... 1635137.135331: sys_linkat -> 0xffffffffffffffea
             exe-1050008 [002] ..... 1635137.135363: sys_wait4 -> 0x10059f
             exe-1050008 [002] ..... 1635137.135365: sys_ptrace(request: 4204, pid: 10059f, addr: 1, data: c0005d3c70)
             exe-1050008 [002] ..... 1635137.135367: sys_ptrace -> 0x0
             exe-1050008 [002] ..... 1635137.135369: sys_ptrace(request: 4204, pid: 10059f, addr: 202, data: c0005d3c70)
             exe-1050008 [002] ..... 1635137.135370: sys_ptrace -> 0x0
             exe-1050008 [002] ..... 1635137.135376: sys_pwrite64(fd: 63, buf: 7fd66e27bf20, count: ad, pos: af)
             exe-1050008 [002] ..... 1635137.135377: tracing_mark_write: linkat(olddfd=375, oldname="/victims/proc/self/root/usr/lib/x86_64-linux-gnu/security", newdfd=347, newname="/victims/usr/share/doc/libcbor0.8/", flags=0x6d69762f637465) end
             exe-1050008 [002] ..... 1635137.199000: tracing_mark_write: linkat(olddfd=375, oldname="/victims/proc/self/root/usr/share/X11/locale/iso8859-13", newdfd=358, newname="/victims/usr/share/perl5/Debian/DebConf/Client", flags=0x0) start
             exe-1050008 [002] ..... 1635137.199002: sys_pwrite64 -> 0xac
             exe-1050008 [002] ..... 1635137.199007: sys_ptrace(request: 4205, pid: 10059f, addr: 1, data: c0005d3c70)
             exe-1050008 [002] ..... 1635137.199010: sys_ptrace -> 0x0
             exe-1050008 [002] ..... 1635137.199012: sys_ptrace(request: 4205, pid: 10059f, addr: 202, data: c0005d3c70)
             exe-1050008 [002] ..... 1635137.199020: sys_ptrace -> 0x0
             exe-1049567 [000] ..... 1635137.199021: sys_nanosleep -> 0x0
             exe-1050008 [002] ..... 1635137.199022: sys_ptrace(request: 1f, pid: 10059f, addr: 0, data: 0)
             exe-1049567 [000] ..... 1635137.199027: sys_nanosleep(rqtp: c000069f10, rmtp: 0)
             exe-1049673 [001] ..... 1635137.199030: sys_nanosleep -> 0x0
             exe-1050008 [002] ..... 1635137.199034: sys_ptrace -> 0x0
             exe-1050008 [002] ..... 1635137.199037: sys_wait4(upid: 10059f, stat_addr: c0005d3bf4, options: 40000002, ru: 0)
             exe-1049673 [001] ..... 1635137.199045: sys_nanosleep(rqtp: c000069f10, rmtp: 0)
             exe-1050015 [001] ..... 1635137.199067: sys_write -> 0xac
             exe-1050008 [002] ..... 1635137.199105: sys_wait4 -> 0x10059f
             exe-1050008 [002] ..... 1635137.199108: sys_ptrace(request: 4204, pid: 10059f, addr: 1, data: c0005d3c70)
             exe-1050008 [002] ..... 1635137.199111: sys_ptrace -> 0x0
             exe-1050008 [002] ..... 1635137.199112: sys_ptrace(request: 4204, pid: 10059f, addr: 202, data: c0005d3c70)
             exe-1050008 [002] ..... 1635137.199114: sys_ptrace -> 0x0
             exe-1049567 [000] ..... 1635137.199130: sys_nanosleep -> 0x0
             exe-1049567 [000] ..... 1635137.199136: sys_nanosleep(rqtp: c000069f10, rmtp: 0)
             exe-1049673 [001] ..... 1635137.199152: sys_nanosleep -> 0x0
             exe-1049673 [001] ..... 1635137.199158: sys_nanosleep(rqtp: c000069f10, rmtp: 0)
             exe-1049567 [000] ..... 1635137.199239: sys_nanosleep -> 0x0
             exe-1049567 [000] ..... 1635137.199245: sys_nanosleep(rqtp: c000069f10, rmtp: 0)
             exe-1049673 [001] ..... 1635137.199257: sys_nanosleep -> 0x0
             exe-1050008 [002] ..... 1635137.199258: sys_ptrace(request: 4205, pid: 10059f, addr: 1, data: c0005d3c70)
             exe-1049673 [001] ..... 1635137.199260: sys_nanosleep(rqtp: c000069f10, rmtp: 0)
             exe-1050008 [002] ..... 1635137.199261: sys_ptrace -> 0x0
             exe-1050008 [002] ..... 1635137.199263: sys_ptrace(request: 4205, pid: 10059f, addr: 202, data: c0005d3c70)
             exe-1050008 [002] ..... 1635137.199275: sys_ptrace -> 0x0
             exe-1050008 [002] ..... 1635137.199276: sys_ptrace(request: 1f, pid: 10059f, addr: 0, data: 0)
             exe-1050008 [002] ..... 1635137.199284: sys_ptrace -> 0x0
             exe-1050008 [002] ..... 1635137.199287: sys_wait4(upid: 10059f, stat_addr: c0005d3bf4, options: 40000002, ru: 0)
             exe-1050015 [001] ..... 1635137.199297: sys_linkat -> 0xffffffffffffffef
             exe-1050008 [002] ..... 1635137.199322: sys_wait4 -> 0x10059f
             exe-1050008 [002] ..... 1635137.199325: sys_ptrace(request: 4204, pid: 10059f, addr: 1, data: c0005d3c70)
             exe-1050008 [002] ..... 1635137.199328: sys_ptrace -> 0x0
             exe-1050008 [002] ..... 1635137.199329: sys_ptrace(request: 4204, pid: 10059f, addr: 202, data: c0005d3c70)
             exe-1050008 [002] ..... 1635137.199332: sys_ptrace -> 0x0
             exe-1050008 [002] ..... 1635137.199341: sys_pwrite64(fd: 63, buf: 7fd66e27bf20, count: aa, pos: ac)
             exe-1050008 [002] ..... 1635137.199343: tracing_mark_write: linkat(olddfd=375, oldname="/victims/proc/self/root/usr/share/X11/locale/iso8859-13", newdfd=358, newname="/victims/usr/share/perl5/Debian/DebConf/Client", flags=0x0) end
