             exe-1049981 [000] ..... 1635190.506072: sys_ptrace(request: 4205, pid: 1005aa, addr: 202, data: c000a2fc70)
             exe-1049981 [000] ..... 1635190.506092: sys_ptrace -> 0x0
             exe-1049981 [000] ..... 1635190.506094: sys_ptrace(request: 1f, pid: 1005aa, addr: 0, data: 0)
             exe-1049567 [002] ..... 1635190.506101: sys_nanosleep -> 0x0
             exe-1049981 [000] .N... 1635190.506102: sys_ptrace -> 0x0
             exe-1049567 [002] ..... 1635190.506111: sys_nanosleep(rqtp: c000069f10, rmtp: 0)
             exe-1050026 [000] ..... 1635190.506117: sys_write -> 0xab
             exe-1050008 [003] ..... 1635190.506129: sys_epoll_pwait -> 0x0
             exe-1049981 [000] ..... 1635190.506143: sys_wait4(upid: 1005aa, stat_addr: c000a2fbf4, options: 40000002, ru: 0)
             exe-1049981 [000] ..... 1635190.506146: sys_wait4 -> 0x1005aa
             exe-1049981 [000] ..... 1635190.506149: sys_ptrace(request: 4204, pid: 1005aa, addr: 1, data: c000a2fc70)
             exe-1050008 [003] ..... 1635190.506149: sys_futex(uaddr: c0049c7148, op: 81, val: 1, utime: 0, uaddr2: 0, val3: 0)
             exe-1049981 [000] ..... 1635190.506153: sys_ptrace -> 0x0
             exe-1049981 [000] ..... 1635190.506155: sys_ptrace(request: 4204, pid: 1005aa, addr: 202, data: c000a2fc70)
             exe-1049981 [000] ..... 1635190.506158: sys_ptrace -> 0x0
             exe-1050008 [003] ..... 1635190.506161: sys_futex -> 0x1
             exe-1049981 [000] ..... 1635190.506166: sys_ptrace(request: 4205, pid: 1005aa, addr: 1, data: c000a2fc70)
             exe-1049981 [000] ..... 1635190.506168: sys_ptrace -> 0x0
             exe-1050282 [002] ..... 1635190.506169: sys_futex -> 0x0
             exe-1049981 [000] ..... 1635190.506170: sys_ptrace(request: 4205, pid: 1005aa, addr: 202, data: c000a2fc70)
             exe-1050282 [002] ..... 1635190.506179: sys_epoll_pwait(epfd: 11, events: c000695840, maxevents: 80, timeout: 9, sigmask: 0, sigsetsize: 0)
             exe-1049981 [000] ..... 1635190.506180: sys_ptrace -> 0x0
             exe-1050008 [003] ..... 1635190.506181: sys_futex(uaddr: c000435948, op: 80, val: 0, utime: 0, uaddr2: 0, val3: 0)
             exe-1049981 [000] ..... 1635190.506182: sys_ptrace(request: 1f, pid: 1005aa, addr: 0, data: 0)
             exe-1049981 [000] .N... 1635190.506189: sys_ptrace -> 0x0
             exe-1050026 [000] ..... 1635190.506200: sys_lsetxattr -> 0xffffffffffffffea
             exe-1049673 [003] ..... 1635190.506202: sys_nanosleep -> 0x0
             exe-1049673 [003] ..... 1635190.506209: sys_nanosleep(rqtp: c000069f10, rmtp: 0)
             exe-1049567 [002] ..... 1635190.506209: sys_nanosleep -> 0x0
             exe-1049567 [002] ..... 1635190.506212: sys_nanosleep(rqtp: c000069f10, rmtp: 0)
             exe-1049981 [000] ..... 1635190.506221: sys_wait4(upid: 1005aa, stat_addr: c000a2fbf4, options: 40000002, ru: 0)
             exe-1049981 [000] ..... 1635190.506224: sys_wait4 -> 0x1005aa
             exe-1049981 [000] ..... 1635190.506226: sys_ptrace(request: 4204, pid: 1005aa, addr: 1, data: c000a2fc70)
             exe-1049981 [000] ..... 1635190.506230: sys_ptrace -> 0x0
             exe-1049981 [000] ..... 1635190.506232: sys_ptrace(request: 4204, pid: 1005aa, addr: 202, data: c000a2fc70)
             exe-1049981 [000] ..... 1635190.506234: sys_ptrace -> 0x0
             exe-1049981 [000] ..... 1635190.506245: sys_pwrite64(fd: 63, buf: 7fd66c2cb080, count: a9, pos: ab)
             exe-1049981 [000] ..... 1635190.506247: tracing_mark_write: lsetxattr(pathname="/victims/proc/self/root/usr/lib/x86_64-linux-gnu/perl/5.34.0/auto/Digest/MD5", name=0x8, value=0x7f8970a00000, size=0x46b3, flags=0x55f64234d672) end
             exe-1049981 [000] ..... 1635190.567474: tracing_mark_write: lsetxattr(pathname="/victims/proc/self/root/usr/share/vim/vim82", name=0x1, value=0x9, size=0, flags=0x55f64234d672) start
             exe-1049981 [000] .N... 1635190.567509: sys_pwrite64 -> 0x7a
             exe-1050282 [000] ..... 1635190.567514: sys_epoll_pwait -> 0x0
             exe-1049673 [001] ..... 1635190.567528: sys_nanosleep -> 0x0
             exe-1050282 [000] ..... 1635190.567529: sys_futex(uaddr: c0049c7548, op: 81, val: 1, utime: 0, uaddr2: 0, val3: 0)
             exe-1049673 [001] ..... 1635190.567531: sys_nanosleep(rqtp: c000069f10, rmtp: 0)
             exe-1050282 [000] ..... 1635190.567538: sys_futex -> 0x1
             exe-1049567 [002] ..... 1635190.567542: sys_nanosleep -> 0x0
             exe-1049567 [002] ..... 1635190.567549: sys_getpid()
             exe-1049567 [002] ..... 1635190.567550: sys_getpid -> 0x1003ce
             exe-1049567 [002] ..... 1635190.567553: sys_tgkill(tgid: 1003ce, pid: 1006aa, sig: 17)
             exe-1050289 [001] ..... 1635190.567558: sys_futex -> 0x0
             exe-1050282 [000] ..... 1635190.567562: sys_epoll_pwait(epfd: 11, events: c000695840, maxevents: 80, timeout: 9, sigmask: 0, sigsetsize: 0)
             exe-1049567 [002] ..... 1635190.567566: sys_tgkill -> 0x0
             exe-1050282 [000] ..... 1635190.567567: sys_epoll_pwait -> 0xfffffffffffffffc
             exe-1049567 [002] ..... 1635190.567568: sys_nanosleep(rqtp: c000069f10, rmtp: 0)
             exe-1050289 [001] ..... 1635190.567573: sys_futex(uaddr: c0049c7548, op: 80, val: 0, utime: 0, uaddr2: 0, val3: 0)
             exe-1050282 [000] ..... 1635190.567578: sys_rt_sigreturn()
             exe-1050282 [000] ..... 1635190.567585: sys_epoll_pwait(epfd: 11, events: c000695840, maxevents: 80, timeout: 9, sigmask: 0, sigsetsize: 0)
             exe-1049981 [000] ..... 1635190.567598: sys_futex(uaddr: c0049c7548, op: 81, val: 1, utime: 0, uaddr2: 0, val3: 0)
             exe-1049981 [000] ..... 1635190.567607: sys_futex -> 0x1
             exe-1049981 [000] ..... 1635190.567617: sys_ptrace(request: 4205, pid: 1005aa, addr: 1, data: c000a2fc70)
             exe-1049981 [000] ..... 1635190.567621: sys_ptrace -> 0x0
             exe-1049981 [000] ..... 1635190.567622: sys_ptrace(request: 4205, pid: 1005aa, addr: 202, data: c000a2fc70)
             exe-1050289 [001] ..... 1635190.567634: sys_futex -> 0x0
             exe-1049981 [000] ..... 1635190.567636: sys_ptrace -> 0x0
             exe-1049981 [000] ..... 1635190.567638: sys_ptrace(request: 1f, pid: 1005aa, addr: 0, data: 0)
             exe-1050289 [001] ..... 1635190.567639: sys_nanosleep(rqtp: c0022e5d60, rmtp: 0)
             exe-1049981 [000] .N... 1635190.567643: sys_ptrace -> 0x0
             exe-1050026 [000] ..... 1635190.567654: sys_write -> 0x7a
             exe-1049567 [002] ..... 1635190.567655: sys_nanosleep -> 0x0
             exe-1049673 [001] ..... 1635190.567656: sys_nanosleep -> 0x0
             exe-1049567 [002] ..... 1635190.567657: sys_nanosleep(rqtp: c000069f10, rmtp: 0)
             exe-1049673 [001] ..... 1635190.567662: sys_nanosleep(rqtp: c000069f10, rmtp: 0)
             exe-1049981 [000] ..... 1635190.567677: sys_wait4(upid: 1005aa, stat_addr: c000a2fbf4, options: 40000002, ru: 0)
             exe-1049981 [000] ..... 1635190.567680: sys_wait4 -> 0x1005aa
             exe-1049981 [000] ..... 1635190.567683: sys_ptrace(request: 4204, pid: 1005aa, addr: 1, data: c000a2fc70)
             exe-1049981 [000] ..... 1635190.567687: sys_ptrace -> 0x0
             exe-1049981 [000] ..... 1635190.567688: sys_ptrace(request: 4204, pid: 1005aa, addr: 202, data: c000a2fc70)
             exe-1049981 [000] ..... 1635190.567691: sys_ptrace -> 0x0
             exe-1049981 [000] ..... 1635190.567699: sys_ptrace(request: 4205, pid: 1005aa, addr: 1, data: c000a2fc70)
             exe-1049981 [000] ..... 1635190.567702: sys_ptrace -> 0x0
             exe-1049981 [000] ..... 1635190.567703: sys_ptrace(request: 4205, pid: 1005aa, addr: 202, data: c000a2fc70)
             exe-1049981 [000] ..... 1635190.567713: sys_ptrace -> 0x0
             exe-1049981 [000] ..... 1635190.567715: sys_ptrace(request: 1f, pid: 1005aa, addr: 0, data: 0)
             exe-1049981 [000] .N... 1635190.567722: sys_ptrace -> 0x0
             exe-1050289 [001] ..... 1635190.567728: sys_nanosleep -> 0x0
             exe-1050026 [000] ..... 1635190.567733: sys_lsetxattr -> 0xffffffffffffffea
             exe-1050289 [001] ..... 1635190.567736: sys_futex(uaddr: c000435948, op: 81, val: 1, utime: 0, uaddr2: 0, val3: 0)
             exe-1050289 [001] ..... 1635190.567747: sys_futex -> 0x1
             exe-1049981 [000] ..... 1635190.567753: sys_wait4(upid: 1005aa, stat_addr: c000a2fbf4, options: 40000002, ru: 0)
             exe-1049981 [000] ..... 1635190.567756: sys_wait4 -> 0x1005aa
             exe-1049981 [000] ..... 1635190.567758: sys_ptrace(request: 4204, pid: 1005aa, addr: 1, data: c000a2fc70)
             exe-1050289 [001] ..... 1635190.567759: sys_futex(uaddr: c0049c7548, op: 80, val: 0, utime: 0, uaddr2: 0, val3: 0)
             exe-1049981 [000] ..... 1635190.567762: sys_ptrace -> 0x0
             exe-1049981 [000] ..... 1635190.567764: sys_ptrace(request: 4204, pid: 1005aa, addr: 202, data: c000a2fc70)
             exe-1049981 [000] ..... 1635190.567766: sys_ptrace -> 0x0
             exe-1050008 [002] ..... 1635190.567766: sys_futex -> 0x0
             exe-1049673 [001] ..... 1635190.567774: sys_nanosleep -> 0x0
             exe-1050008 [002] ..... 1635190.567775: sys_futex(uaddr: c000435948, op: 80, val: 0, utime: 0, uaddr2: 0, val3: 0)
             exe-1049981 [000] ..... 1635190.567777: sys_pwrite64(fd: 63, buf: 7fd66c2cb080, count: 78, pos: 7a)
             exe-1049981 [000] ..... 1635190.567779: tracing_mark_write: lsetxattr(pathname="/victims/proc/self/root/usr/share/vim/vim82", name=0x1, value=0x9, size=0, flags=0x55f64234d672) end
             exe-1049981 [000] ..... 1635190.631403: tracing_mark_write: lsetxattr(pathname="/victims/proc/self/root/usr/lib/x86_64-linux-gnu/perl/5.34.0/auto/Compress/Raw/Zlib", name=0x0, value=0x4, size=0xffffffffffff0000, flags=0x55f64234d672) start
             exe-1049981 [000] ..... 1635190.631405: sys_pwrite64 -> 0xb3
             exe-1049981 [000] ..... 1635190.631412: sys_ptrace(request: 4205, pid: 1005aa, addr: 1, data: c000a2fc70)
             exe-1049981 [000] ..... 1635190.631415: sys_ptrace -> 0x0
             exe-1049981 [000] ..... 1635190.631416: sys_ptrace(request: 4205, pid: 1005aa, addr: 202, data: c000a2fc70)
             exe-1049567 [002] ..... 1635190.631424: sys_nanosleep -> 0x0
             exe-1049567 [002] ..... 1635190.631426: sys_nanosleep(rqtp: c000069f10, rmtp: 0)
             exe-1049981 [000] ..... 1635190.631428: sys_ptrace -> 0x0
             exe-1049981 [000] ..... 1635190.631430: sys_ptrace(request: 1f, pid: 1005aa, addr: 0, data: 0)
             exe-1049981 [000] .N... 1635190.631438: sys_ptrace -> 0x0
             exe-1050026 [000] ..... 1635190.631450: sys_write -> 0xb3
             exe-1049981 [000] ..... 1635190.631471: sys_wait4(upid: 1005aa, stat_addr: c000a2fbf4, options: 40000002, ru: 0)
             exe-1049981 [000] ..... 1635190.631474: sys_wait4 -> 0x1005aa
             exe-1049981 [000] ..... 1635190.631476: sys_ptrace(request: 4204, pid: 1005aa, addr: 1, data: c000a2fc70)
             exe-1049981 [000] ..... 1635190.631480: sys_ptrace -> 0x0
             exe-1049981 [000] ..... 1635190.631482: sys_ptrace(request: 4204, pid: 1005aa, addr: 202, data: c000a2fc70)
             exe-1049981 [000] ..... 1635190.631484: sys_ptrace -> 0x0
             exe-1049981 [000] ..... 1635190.631491: sys_ptrace(request: 4205, pid: 1005aa, addr: 1, data: c000a2fc70)
             exe-1049981 [000] ..... 1635190.631493: sys_ptrace -> 0x0
             exe-1049981 [000] ..... 1635190.631495: sys_ptrace(request: 4205, pid: 1005aa, addr: 202, data: c000a2fc70)
             exe-1049673 [001] ..... 1635190.631496: sys_nanosleep -> 0x0
             exe-1049673 [001] ..... 1635190.631502: sys_nanosleep(rqtp: c000069f10, rmtp: 0)
             exe-1049981 [000] ..... 1635190.631505: sys_ptrace -> 0x0
             exe-1049981 [000] ..... 1635190.631506: sys_ptrace(request: 1f, pid: 1005aa, addr: 0, data: 0)
             exe-1049567 [002] ..... 1635190.631511: sys_nanosleep -> 0x0
             exe-1049981 [000] .N... 1635190.631513: sys_ptrace -> 0x0
             exe-1049567 [002] ..... 1635190.631514: sys_nanosleep(rqtp: c000069f10, rmtp: 0)
             exe-1050026 [000] ..... 1635190.631524: sys_lsetxattr -> 0xffffffffffffffea
             exe-1049981 [000] ..... 1635190.631544: sys_wait4(upid: 1005aa, stat_addr: c000a2fbf4, options: 40000002, ru: 0)
             exe-1049981 [000] ..... 1635190.631547: sys_wait4 -> 0x1005aa
             exe-1049981 [000] ..... 1635190.631550: sys_ptrace(request: 4204, pid: 1005aa, addr: 1, data: c000a2fc70)
             exe-1049981 [000] ..... 1635190.631554: sys_ptrace -> 0x0
             exe-1049981 [000] ..... 1635190.631555: sys_ptrace(request: 4204, pid: 1005aa, addr: 202, data: c000a2fc70)
             exe-1049981 [000] ..... 1635190.631558: sys_ptrace -> 0x0
             exe-1049981 [000] ..... 1635190.631568: sys_pwrite64(fd: 63, buf: 7fd66c2cb080, count: b1, pos: b3)
             exe-1049981 [000] ..... 1635190.631569: tracing_mark_write: lsetxattr(pathname="/victims/proc/self/root/usr/lib/x86_64-linux-gnu/perl/5.34.0/auto/Compress/Raw/Zlib", name=0x0, value=0x4, size=0xffffffffffff0000, flags=0x55f64234d672) end
             exe-1049981 [000] ..... 1635190.688433: tracing_mark_write: lsetxattr(pathname="/victims/usr/lib/x86_64-linux-gnu/perl/5.34.0/auto/Storable", name=0x4, value=0x7f8970e00000, size=4, flags=0x55f31d023063) start
             exe-1049981 [000] ..... 1635190.688434: sys_pwrite64 -> 0x95
             exe-1049981 [000] ..... 1635190.688441: sys_ptrace(request: 4205, pid: 1005aa, addr: 1, data: c000a2fc70)
             exe-1049981 [000] ..... 1635190.688445: sys_ptrace -> 0x0
             exe-1049673 [001] ..... 1635190.688446: sys_nanosleep -> 0x0
             exe-1049981 [000] ..... 1635190.688447: sys_ptrace(request: 4205, pid: 1005aa, addr: 202, data: c000a2fc70)
             exe-1049673 [001] ..... 1635190.688451: sys_nanosleep(rqtp: c000069f10, rmtp: 0)
             exe-1049981 [000] ..... 1635190.688463: sys_ptrace -> 0x0
             exe-1049981 [000] ..... 1635190.688465: sys_ptrace(request: 1f, pid: 1005aa, addr: 0, data: 0)
             exe-1049981 [000] .N... 1635190.688478: sys_ptrace -> 0x0
             exe-1050026 [000] ..... 1635190.688492: sys_write -> 0x95
             exe-1049567 [002] ..... 1635190.688496: sys_nanosleep -> 0x0
             exe-1049567 [002] ..... 1635190.688502: sys_nanosleep(rqtp: c000069f10, rmtp: 0)
             exe-1049981 [000] ..... 1635190.688520: sys_wait4(upid: 1005aa, stat_addr: c000a2fbf4, options: 40000002, ru: 0)
             exe-1049981 [000] ..... 1635190.688524: sys_wait4 -> 0x1005aa
             exe-1049981 [000] ..... 1635190.688527: sys_ptrace(request: 4204, pid: 1005aa, addr: 1, data: c000a2fc70)
             exe-1049981 [000] ..... 1635190.688533: sys_ptrace -> 0x0
             exe-1049981 [000] ..... 1635190.688536: sys_ptrace(request: 4204, pid: 1005aa, addr: 202, data: c000a2fc70)
             exe-1049981 [000] ..... 1635190.688540: sys_ptrace -> 0x0
             exe-1049981 [000] ..... 1635190.688551: sys_ptrace(request: 4205, pid: 1005aa, addr: 1, data: c000a2fc70)
             exe-1049981 [000] ..... 1635190.688555: sys_ptrace -> 0x0
             exe-1049981 [000] ..... 1635190.688558: sys_ptrace(request: 4205, pid: 1005aa, addr: 202, data: c000a2fc70)
             exe-1049981 [000] ..... 1635190.688574: sys_ptrace -> 0x0
             exe-1049981 [000] ..... 1635190.688577: sys_ptrace(request: 1f, pid: 1005aa, addr: 0, data: 0)
             exe-1049981 [000] .N... 1635190.688588: sys_ptrace -> 0x0
             exe-1050026 [000] ..... 1635190.688600: sys_lsetxattr -> 0xffffffffffffffea
             exe-1049981 [000] ..... 1635190.688631: sys_wait4(upid: 1005aa, stat_addr: c000a2fbf4, options: 40000002, ru: 0)
             exe-1049981 [000] ..... 1635190.688635: sys_wait4 -> 0x1005aa
             exe-1049981 [000] ..... 1635190.688638: sys_ptrace(request: 4204, pid: 1005aa, addr: 1, data: c000a2fc70)
             exe-1049981 [000] ..... 1635190.688644: sys_ptrace -> 0x0
             exe-1049981 [000] ..... 1635190.688646: sys_ptrace(request: 4204, pid: 1005aa, addr: 202, data: c000a2fc70)
             exe-1049981 [000] ..... 1635190.688649: sys_ptrace -> 0x0
             exe-1049673 [001] ..... 1635190.688666: sys_nanosleep -> 0x0
             exe-1049981 [000] ..... 1635190.688667: sys_pwrite64(fd: 63, buf: 7fd66c2cb080, count: 93, pos: 95)
             exe-1049981 [000] ..... 1635190.688670: tracing_mark_write: lsetxattr(pathname="/victims/usr/lib/x86_64-linux-gnu/perl/5.34.0/auto/Storable", name=0x4, value=0x7f8970e00000, size=4, flags=0x55f31d023063) end
             exe-1049981 [000] ..... 1635190.755181: tracing_mark_write: lsetxattr(pathname="/victims/proc/self/root/usr/share/perl/5.34.0/HTTP", name=0x7f8972700000, value=0x7f8972700000, size=8, flags=0x55f31d023063) start
             exe-1049673 [001] ..... 1635190.755182: sys_nanosleep -> 0x0
             exe-1049981 [000] ..... 1635190.755183: sys_pwrite64 -> 0x97
             exe-1049673 [001] ..... 1635190.755186: sys_futex(uaddr: 1f09dc0, op: 80, val: 0, utime: c000069eb0, uaddr2: 0, val3: 0)
             exe-1049567 [002] ..... 1635190.755188: sys_nanosleep -> 0x0
             exe-1049567 [002] ..... 1635190.755190: sys_nanosleep(rqtp: c000069f10, rmtp: 0)
             exe-1049981 [000] ..... 1635190.755192: sys_ptrace(request: 4205, pid: 1005aa, addr: 1, data: c000a2fc70)
             exe-1049981 [000] ..... 1635190.755196: sys_ptrace -> 0x0
             exe-1049981 [000] ..... 1635190.755198: sys_ptrace(request: 4205, pid: 1005aa, addr: 202, data: c000a2fc70)
             exe-1049981 [000] ..... 1635190.755214: sys_ptrace -> 0x0
             exe-1049981 [000] ..... 1635190.755216: sys_ptrace(request: 1f, pid: 1005aa, addr: 0, data: 0)
             exe-1049981 [000] .N... 1635190.755226: sys_ptrace -> 0x0
             exe-1050026 [000] ..... 1635190.755239: sys_write -> 0x97
             exe-1049981 [000] ..... 1635190.755263: sys_wait4(upid: 1005aa, stat_addr: c000a2fbf4, options: 40000002, ru: 0)
             exe-1049981 [000] ..... 1635190.755266: sys_wait4 -> 0x1005aa
             exe-1049981 [000] ..... 1635190.755269: sys_ptrace(request: 4204, pid: 1005aa, addr: 1, data: c000a2fc70)
             exe-1049981 [000] ..... 1635190.755274: sys_ptrace -> 0x0
             exe-1049567 [002] ..... 1635190.755275: sys_nanosleep -> 0x0
             exe-1049981 [000] ..... 1635190.755276: sys_ptrace(request: 4204, pid: 1005aa, addr: 202, data: c000a2fc70)
             exe-1049567 [002] ..... 1635190.755278: sys_nanosleep(rqtp: c000069f10, rmtp: 0)
             exe-1049981 [000] ..... 1635190.755280: sys_ptrace -> 0x0
             exe-1049981 [000] ..... 1635190.755288: sys_ptrace(request: 4205, pid: 1005aa, addr: 1, data: c000a2fc70)
             exe-1049981 [000] ..... 1635190.755291: sys_ptrace -> 0x0
             exe-1049981 [000] ..... 1635190.755293: sys_ptrace(request: 4205, pid: 1005aa, addr: 202, data: c000a2fc70)
             exe-1049981 [000] ..... 1635190.755306: sys_ptrace -> 0x0
             exe-1049981 [000] ..... 1635190.755309: sys_ptrace(request: 1f, pid: 1005aa, addr: 0, data: 0)
             exe-1049981 [000] .N... 1635190.755318: sys_ptrace -> 0x0
             exe-1050026 [000] ..... 1635190.755330: sys_lsetxattr -> 0xffffffffffffffea
             exe-1049981 [000] ..... 1635190.755354: sys_wait4(upid: 1005aa, stat_addr: c000a2fbf4, options: 40000002, ru: 0)
             exe-1049981 [000] ..... 1635190.755357: sys_wait4 -> 0x1005aa
             exe-1049981 [000] ..... 1635190.755360: sys_ptrace(request: 4204, pid: 1005aa, addr: 1, data: c000a2fc70)
             exe-1049567 [002] ..... 1635190.755363: sys_nanosleep -> 0x0
             exe-1049981 [000] ..... 1635190.755365: sys_ptrace -> 0x0
             exe-1049567 [002] ..... 1635190.755365: sys_nanosleep(rqtp: c000069f10, rmtp: 0)
             exe-1049981 [000] ..... 1635190.755367: sys_ptrace(request: 4204, pid: 1005aa, addr: 202, data: c000a2fc70)
             exe-1049981 [000] ..... 1635190.755371: sys_ptrace -> 0x0
             exe-1049981 [000] ..... 1635190.755384: sys_pwrite64(fd: 63, buf: 7fd66c2cb080, count: 95, pos: 97)
             exe-1049981 [000] ..... 1635190.755386: tracing_mark_write: lsetxattr(pathname="/victims/proc/self/root/usr/share/perl/5.34.0/HTTP", name=0x7f8972700000, value=0x7f8972700000, size=8, flags=0x55f31d023063) end
             exe-1049981 [000] ..... 1635190.827302: tracing_mark_write: lsetxattr(pathname="/victims/usr/share/perl/5.34.0/JSON", name=0x1, value=0x7f8972c03000, size=0, flags=0x55f31d023063) start
             exe-1049981 [000] ..... 1635190.827304: sys_pwrite64 -> 0x7d
             exe-1049981 [000] ..... 1635190.827310: sys_ptrace(request: 4205, pid: 1005aa, addr: 1, data: c000a2fc70)
             exe-1049981 [000] ..... 1635190.827313: sys_ptrace -> 0x0
             exe-1049981 [000] ..... 1635190.827314: sys_ptrace(request: 4205, pid: 1005aa, addr: 202, data: c000a2fc70)
             exe-1049981 [000] ..... 1635190.827325: sys_ptrace -> 0x0
             exe-1049981 [000] ..... 1635190.827327: sys_ptrace(request: 1f, pid: 1005aa, addr: 0, data: 0)
             exe-1049981 [000] .N... 1635190.827334: sys_ptrace -> 0x0
             exe-1050026 [000] ..... 1635190.827345: sys_write -> 0x7d
             exe-1049981 [000] ..... 1635190.827363: sys_wait4(upid: 1005aa, stat_addr: c000a2fbf4, options: 40000002, ru: 0)
             exe-1049981 [000] ..... 1635190.827366: sys_wait4 -> 0x1005aa
             exe-1049981 [000] ..... 1635190.827368: sys_ptrace(request: 4204, pid: 1005aa, addr: 1, data: c000a2fc70)
             exe-1049981 [000] ..... 1635190.827372: sys_ptrace -> 0x0
             exe-1049981 [000] ..... 1635190.827373: sys_ptrace(request: 4204, pid: 1005aa, addr: 202, data: c000a2fc70)
             exe-1049981 [000] ..... 1635190.827375: sys_ptrace -> 0x0
             exe-1049567 [002] ..... 1635190.827378: sys_nanosleep -> 0x0
             exe-1049567 [002] ..... 1635190.827380: sys_nanosleep(rqtp: c000069f10, rmtp: 0)
             exe-1049981 [000] ..... 1635190.827381: sys_ptrace(request: 4205, pid: 1005aa, addr: 1, data: c000a2fc70)
             exe-1049981 [000] ..... 1635190.827383: sys_ptrace -> 0x0
             exe-1049981 [000] ..... 1635190.827385: sys_ptrace(request: 4205, pid: 1005aa, addr: 202, data: c000a2fc70)
             exe-1049673 [001] ..... 1635190.827393: sys_nanosleep -> 0x0
             exe-1049981 [000] ..... 1635190.827394: sys_ptrace -> 0x0
             exe-1049673 [001] ..... 1635190.827395: sys_nanosleep(rqtp: c000069f10, rmtp: 0)
             exe-1049981 [000] ..... 1635190.827396: sys_ptrace(request: 1f, pid: 1005aa, addr: 0, data: 0)
             exe-1049981 [000] .N... 1635190.827402: sys_ptrace -> 0x0
             exe-1050026 [000] ..... 1635190.827412: sys_lsetxattr -> 0xffffffffffffffea
             exe-1049981 [000] ..... 1635190.827430: sys_wait4(upid: 1005aa, stat_addr: c000a2fbf4, options: 40000002, ru: 0)
             exe-1049981 [000] ..... 1635190.827432: sys_wait4 -> 0x1005aa
             exe-1049981 [000] ..... 1635190.827434: sys_ptrace(request: 4204, pid: 1005aa, addr: 1, data: c000a2fc70)
             exe-1049981 [000] ..... 1635190.827438: sys_ptrace -> 0x0
             exe-1049981 [000] ..... 1635190.827440: sys_ptrace(request: 4204, pid: 1005aa, addr: 202, data: c000a2fc70)
             exe-1049981 [000] ..... 1635190.827442: sys_ptrace -> 0x0
             exe-1049981 [000] ..... 1635190.827451: sys_pwrite64(fd: 63, buf: 7fd66c2cb080, count: 7b, pos: 7d)
             exe-1049981 [000] ..... 1635190.827453: tracing_mark_write: lsetxattr(pathname="/victims/usr/share/perl/5.34.0/JSON", name=0x1, value=0x7f8972c03000, size=0, flags=0x55f31d023063) end
             exe-1049981 [000] ..... 1635190.924811: tracing_mark_write: lsetxattr(pathname="/victims/proc/self/root/usr/lib/x86_64-linux-gnu/perl/5.34.0/Time", name=0x4, value=0x7f8970a00000, size=137, flags=0x55f31d023063) start
             exe-1049981 [000] ..... 1635190.924812: sys_pwrite64 -> 0x9d
             exe-1049981 [000] ..... 1635190.924819: sys_ptrace(request: 4205, pid: 1005aa, addr: 1, data: c000a2fc70)
             exe-1049673 [001] ..... 1635190.924821: sys_nanosleep -> 0x0
             exe-1049981 [000] ..... 1635190.924822: sys_ptrace -> 0x0
             exe-1049981 [000] ..... 1635190.924823: sys_ptrace(request: 4205, pid: 1005aa, addr: 202, data: c000a2fc70)
             exe-1049673 [001] ..... 1635190.924827: sys_nanosleep(rqtp: c000069f10, rmtp: 0)
             exe-1049981 [000] ..... 1635190.924836: sys_ptrace -> 0x0
             exe-1049981 [000] ..... 1635190.924837: sys_ptrace(request: 1f, pid: 1005aa, addr: 0, data: 0)
             exe-1049981 [000] .N... 1635190.924845: sys_ptrace -> 0x0
             exe-1049567 [001] ..... 1635190.924850: sys_nanosleep -> 0x0
             exe-1049567 [001] ..... 1635190.924855: sys_nanosleep(rqtp: c000069f10, rmtp: 0)
             exe-1050026 [000] ..... 1635190.924857: sys_write -> 0x9d
             exe-1049981 [000] ..... 1635190.924876: sys_wait4(upid: 1005aa, stat_addr: c000a2fbf4, options: 40000002, ru: 0)
             exe-1049981 [000] ..... 1635190.924879: sys_wait4 -> 0x1005aa
             exe-1049981 [000] ..... 1635190.924882: sys_ptrace(request: 4204, pid: 1005aa, addr: 1, data: c000a2fc70)
             exe-1049981 [000] ..... 1635190.924885: sys_ptrace -> 0x0
             exe-1049981 [000] ..... 1635190.924887: sys_ptrace(request: 4204, pid: 1005aa, addr: 202, data: c000a2fc70)
             exe-1049981 [000] ..... 1635190.924889: sys_ptrace -> 0x0
             exe-1049981 [000] ..... 1635190.924896: sys_ptrace(request: 4205, pid: 1005aa, addr: 1, data: c000a2fc70)
             exe-1049981 [000] ..... 1635190.924898: sys_ptrace -> 0x0
             exe-1049981 [000] ..... 1635190.924900: sys_ptrace(request: 4205, pid: 1005aa, addr: 202, data: c000a2fc70)
             exe-1049981 [000] ..... 1635190.924909: sys_ptrace -> 0x0
             exe-1049981 [000] ..... 1635190.924911: sys_ptrace(request: 1f, pid: 1005aa, addr: 0, data: 0)
             exe-1049981 [000] .N... 1635190.924918: sys_ptrace -> 0x0
             exe-1050026 [000] ..... 1635190.924929: sys_lsetxattr -> 0xffffffffffffffea
             exe-1049567 [001] ..... 1635190.924931: sys_nanosleep -> 0x0
             exe-1049567 [001] ..... 1635190.924934: sys_nanosleep(rqtp: c000069f10, rmtp: 0)
             exe-1049981 [000] ..... 1635190.924948: sys_wait4(upid: 1005aa, stat_addr: c000a2fbf4, options: 40000002, ru: 0)
             exe-1049673 [001] ..... 1635190.924950: sys_nanosleep -> 0x0
             exe-1049981 [000] ..... 1635190.924951: sys_wait4 -> 0x1005aa
             exe-1049981 [000] ..... 1635190.924954: sys_ptrace(request: 4204, pid: 1005aa, addr: 1, data: c000a2fc70)
             exe-1049673 [001] ..... 1635190.924955: sys_nanosleep(rqtp: c000069f10, rmtp: 0)
             exe-1049981 [000] ..... 1635190.924957: sys_ptrace -> 0x0
             exe-1049981 [000] ..... 1635190.924959: sys_ptrace(request: 4204, pid: 1005aa, addr: 202, data: c000a2fc70)
             exe-1049981 [000] ..... 1635190.924961: sys_ptrace -> 0x0
             exe-1049981 [000] ..... 1635190.924970: sys_pwrite64(fd: 63, buf: 7fd66c2cb080, count: 9b, pos: 9d)
             exe-1049981 [000] ..... 1635190.924972: tracing_mark_write: lsetxattr(pathname="/victims/proc/self/root/usr/lib/x86_64-linux-gnu/perl/5.34.0/Time", name=0x4, value=0x7f8970a00000, size=137, flags=0x55f31d023063) end
             exe-1049981 [000] ..... 1635190.981285: tracing_mark_write: lsetxattr(pathname="/victims/proc/self/root/usr/share/locale/uk/LC_TIME", name=0x7f8970c00000, value=0x7f8970c00000, size=4096, flags=0x55f31d023063) start
             exe-1049981 [000] ..... 1635190.981286: sys_pwrite64 -> 0x9b
             exe-1049981 [000] ..... 1635190.981293: sys_ptrace(request: 4205, pid: 1005aa, addr: 1, data: c000a2fc70)
             exe-1049981 [000] ..... 1635190.981295: sys_ptrace -> 0x0
             exe-1049981 [000] ..... 1635190.981297: sys_ptrace(request: 4205, pid: 1005aa, addr: 202, data: c000a2fc70)
             exe-1049981 [000] ..... 1635190.981309: sys_ptrace -> 0x0
             exe-1049981 [000] ..... 1635190.981311: sys_ptrace(request: 1f, pid: 1005aa, addr: 0, data: 0)
             exe-1049567 [001] ..... 1635190.981317: sys_nanosleep -> 0x0
             exe-1049981 [000] .N... 1635190.981318: sys_ptrace -> 0x0
             exe-1049567 [001] ..... 1635190.981323: sys_nanosleep(rqtp: c000069f10, rmtp: 0)
             exe-1050026 [000] ..... 1635190.981328: sys_write -> 0x9b
             exe-1049981 [000] ..... 1635190.981347: sys_wait4(upid: 1005aa, stat_addr: c000a2fbf4, options: 40000002, ru: 0)
             exe-1049981 [000] ..... 1635190.981349: sys_wait4 -> 0x1005aa
             exe-1049981 [000] ..... 1635190.981351: sys_ptrace(request: 4204, pid: 1005aa, addr: 1, data: c000a2fc70)
             exe-1049673 [001] ..... 1635190.981352: sys_futex -> 0x0
             exe-1049981 [000] ..... 1635190.981355: sys_ptrace -> 0x0
             exe-1049981 [000] ..... 1635190.981356: sys_ptrace(request: 4204, pid: 1005aa, addr: 202, data: c000a2fc70)
             exe-1049981 [000] ..... 1635190.981358: sys_ptrace -> 0x0
             exe-1049673 [001] ..... 1635190.981360: sys_futex(uaddr: c000466948, op: 81, val: 1, utime: 0, uaddr2: 0, val3: 0)
             exe-1049981 [000] ..... 1635190.981364: sys_ptrace(request: 4205, pid: 1005aa, addr: 1, data: c000a2fc70)
             exe-1049981 [000] ..... 1635190.981366: sys_ptrace -> 0x0
             exe-1049981 [000] ..... 1635190.981368: sys_ptrace(request: 4205, pid: 1005aa, addr: 202, data: c000a2fc70)
             exe-1049673 [001] .N... 1635190.981368: sys_futex -> 0x1
             exe-1050526 [001] ..... 1635190.981372: sys_futex -> 0x0
             exe-1049981 [000] ..... 1635190.981377: sys_ptrace -> 0x0
             exe-1050526 [001] ..... 1635190.981378: sys_futex(uaddr: c000466948, op: 80, val: 0, utime: 0, uaddr2: 0, val3: 0)
             exe-1049981 [000] ..... 1635190.981379: sys_ptrace(request: 1f, pid: 1005aa, addr: 0, data: 0)
             exe-1049981 [000] .N... 1635190.981385: sys_ptrace -> 0x0
             exe-1049673 [001] ..... 1635190.981385: sys_nanosleep(rqtp: c000069f10, rmtp: 0)
             exe-1050026 [000] ..... 1635190.981394: sys_lsetxattr -> 0xffffffffffffffea
             exe-1049981 [000] ..... 1635190.981413: sys_wait4(upid: 1005aa, stat_addr: c000a2fbf4, options: 40000002, ru: 0)
             exe-1049981 [000] ..... 1635190.981428: sys_wait4 -> 0x1005aa
             exe-1049981 [000] ..... 1635190.981431: sys_ptrace(request: 4204, pid: 1005aa, addr: 1, data: c000a2fc70)
             exe-1049981 [000] ..... 1635190.981435: sys_ptrace -> 0x0
             exe-1049981 [000] ..... 1635190.981436: sys_ptrace(request: 4204, pid: 1005aa, addr: 202, data: c000a2fc70)
             exe-1049981 [000] ..... 1635190.981439: sys_ptrace -> 0x0
             exe-1049981 [000] ..... 1635190.981448: sys_pwrite64(fd: 63, buf: 7fd66c2cb080, count: 99, pos: 9b)
             exe-1049981 [000] ..... 1635190.981449: tracing_mark_write: lsetxattr(pathname="/victims/proc/self/root/usr/share/locale/uk/LC_TIME", name=0x7f8970c00000, value=0x7f8970c00000, size=4096, flags=0x55f31d023063) end
             exe-1049981 [000] ..... 1635191.038570: tracing_mark_write: lsetxattr(pathname="/victims/proc/self/root/usr/share/man/ko/man1", name=0x7f8972c03000, value=0x7f8972af1000, size=0xd000, flags=0x55f31d023063) start
             exe-1049981 [000] ..... 1635191.038571: sys_pwrite64 -> 0x97
             exe-1049981 [000] ..... 1635191.038578: sys_ptrace(request: 4205, pid: 1005aa, addr: 1, data: c000a2fc70)
             exe-1049981 [000] ..... 1635191.038580: sys_ptrace -> 0x0
             exe-1049981 [000] ..... 1635191.038582: sys_ptrace(request: 4205, pid: 1005aa, addr: 202, data: c000a2fc70)
             exe-1049673 [001] ..... 1635191.038587: sys_nanosleep -> 0x0
             exe-1049981 [000] ..... 1635191.038592: sys_ptrace -> 0x0
             exe-1049673 [001] ..... 1635191.038593: sys_nanosleep(rqtp: c000069f10, rmtp: 0)
             exe-1049981 [000] ..... 1635191.038594: sys_ptrace(request: 1f, pid: 1005aa, addr: 0, data: 0)
             exe-1049981 [000] .N... 1635191.038600: sys_ptrace -> 0x0
             exe-1050026 [000] ..... 1635191.038611: sys_write -> 0x97
             exe-1049981 [000] ..... 1635191.038630: sys_wait4(upid: 1005aa, stat_addr: c000a2fbf4, options: 40000002, ru: 0)
             exe-1049981 [000] ..... 1635191.038632: sys_wait4 -> 0x1005aa
             exe-1049981 [000] ..... 1635191.038634: sys_ptrace(request: 4204, pid: 1005aa, addr: 1, data: c000a2fc70)
             exe-1049981 [000] ..... 1635191.038638: sys_ptrace -> 0x0
             exe-1049981 [000] ..... 1635191.038639: sys_ptrace(request: 4204, pid: 1005aa, addr: 202, data: c000a2fc70)
             exe-1049981 [000] ..... 1635191.038641: sys_ptrace -> 0x0
             exe-1049981 [000] ..... 1635191.038648: sys_ptrace(request: 4205, pid: 1005aa, addr: 1, data: c000a2fc70)
             exe-1049981 [000] ..... 1635191.038650: sys_ptrace -> 0x0
             exe-1049981 [000] ..... 1635191.038652: sys_ptrace(request: 4205, pid: 1005aa, addr: 202, data: c000a2fc70)
             exe-1049981 [000] ..... 1635191.038661: sys_ptrace -> 0x0
             exe-1049981 [000] ..... 1635191.038662: sys_ptrace(request: 1f, pid: 1005aa, addr: 0, data: 0)
             exe-1049981 [000] .N... 1635191.038668: sys_ptrace -> 0x0
             exe-1049567 [001] ..... 1635191.038672: sys_nanosleep -> 0x0
             exe-1049567 [001] ..... 1635191.038677: sys_nanosleep(rqtp: c000069f10, rmtp: 0)
             exe-1050026 [000] ..... 1635191.038678: sys_lsetxattr -> 0xffffffffffffffea
             exe-1049981 [000] ..... 1635191.038696: sys_wait4(upid: 1005aa, stat_addr: c000a2fbf4, options: 40000002, ru: 0)
             exe-1049981 [000] ..... 1635191.038699: sys_wait4 -> 0x1005aa
             exe-1049673 [001] ..... 1635191.038699: sys_nanosleep -> 0x0
             exe-1049981 [000] ..... 1635191.038701: sys_ptrace(request: 4204, pid: 1005aa, addr: 1, data: c000a2fc70)
             exe-1049673 [001] ..... 1635191.038704: sys_nanosleep(rqtp: c000069f10, rmtp: 0)
             exe-1049981 [000] ..... 1635191.038704: sys_ptrace -> 0x0
             exe-1049981 [000] ..... 1635191.038706: sys_ptrace(request: 4204, pid: 1005aa, addr: 202, data: c000a2fc70)
             exe-1049981 [000] ..... 1635191.038708: sys_ptrace -> 0x0
             exe-1049981 [000] ..... 1635191.038716: sys_pwrite64(fd: 63, buf: 7fd66c2cb080, count: 95, pos: 97)
             exe-1049981 [000] ..... 1635191.038718: tracing_mark_write: lsetxattr(pathname="/victims/proc/self/root/usr/share/man/ko/man1", name=0x7f8972c03000, value=0x7f8972af1000, size=0xd000, flags=0x55f31d023063) end
             exe-1049981 [000] ..... 1635191.099141: tracing_mark_write: lsetxattr(pathname="/victims/usr/share/perl/5.34.0/unicore/lib/XIDC", name=0x7f8972af4000, value=0x7f8972700000, size=0, flags=0x55f31d023063) start
             exe-1049981 [000] ..... 1635191.099142: sys_pwrite64 -> 0x94
             exe-1049981 [000] ..... 1635191.099149: sys_ptrace(request: 4205, pid: 1005aa, addr: 1, data: c000a2fc70)
             exe-1049981 [000] ..... 1635191.099151: sys_ptrace -> 0x0
             exe-1049981 [000] ..... 1635191.099153: sys_ptrace(request: 4205, pid: 1005aa, addr: 202, data: c000a2fc70)
             exe-1049981 [000] ..... 1635191.099164: sys_ptrace -> 0x0
             exe-1049981 [000] ..... 1635191.099165: sys_ptrace(request: 1f, pid: 1005aa, addr: 0, data: 0)
             exe-1049567 [001] ..... 1635191.099172: sys_nanosleep -> 0x0
             exe-1049981 [000] .N... 1635191.099172: sys_ptrace -> 0x0
             exe-1049567 [001] ..... 1635191.099176: sys_nanosleep(rqtp: c000069f10, rmtp: 0)
             exe-1050026 [000] ..... 1635191.099183: sys_write -> 0x94
             exe-1049673 [001] ..... 1635191.099189: sys_nanosleep -> 0x0
             exe-1049673 [001] ..... 1635191.099193: sys_nanosleep(rqtp: c000069f10, rmtp: 0)
             exe-1049981 [000] ..... 1635191.099201: sys_wait4(upid: 1005aa, stat_addr: c000a2fbf4, options: 40000002, ru: 0)
             exe-1049981 [000] ..... 1635191.099203: sys_wait4 -> 0x1005aa
             exe-1049981 [000] ..... 1635191.099206: sys_ptrace(request: 4204, pid: 1005aa, addr: 1, data: c000a2fc70)
             exe-1049981 [000] ..... 1635191.099209: sys_ptrace -> 0x0
             exe-1049981 [000] ..... 1635191.099210: sys_ptrace(request: 4204, pid: 1005aa, addr: 202, data: c000a2fc70)
             exe-1049981 [000] ..... 1635191.099213: sys_ptrace -> 0x0
             exe-1049981 [000] ..... 1635191.099219: sys_ptrace(request: 4205, pid: 1005aa, addr: 1, data: c000a2fc70)
             exe-1049981 [000] ..... 1635191.099221: sys_ptrace -> 0x0
             exe-1049981 [000] ..... 1635191.099222: sys_ptrace(request: 4205, pid: 1005aa, addr: 202, data: c000a2fc70)
             exe-1049981 [000] ..... 1635191.099231: sys_ptrace -> 0x0
             exe-1049981 [000] ..... 1635191.099233: sys_ptrace(request: 1f, pid: 1005aa, addr: 0, data: 0)
             exe-1049981 [000] .N... 1635191.099240: sys_ptrace -> 0x0
             exe-1050026 [000] ..... 1635191.099249: sys_lsetxattr -> 0xffffffffffffffea
             exe-1049981 [000] ..... 1635191.099268: sys_wait4(upid: 1005aa, stat_addr: c000a2fbf4, options: 40000002, ru: 0)
             exe-1049981 [000] ..... 1635191.099270: sys_wait4 -> 0x1005aa
             exe-1049981 [000] ..... 1635191.099272: sys_ptrace(request: 4204, pid: 1005aa, addr: 1, data: c000a2fc70)
             exe-1049981 [000] ..... 1635191.099275: sys_ptrace -> 0x0
             exe-1049981 [000] ..... 1635191.099277: sys_ptrace(request: 4204, pid: 1005aa, addr: 202, data: c000a2fc70)
             exe-1049981 [000] ..... 1635191.099279: sys_ptrace -> 0x0
             exe-1049981 [000] ..... 1635191.099288: sys_pwrite64(fd: 63, buf: 7fd66c2cb080, count: 92, pos: 94)
             exe-1049981 [000] ..... 1635191.099290: tracing_mark_write: lsetxattr(pathname="/victims/usr/share/perl/5.34.0/unicore/lib/XIDC", name=0x7f8972af4000, value=0x7f8972700000, size=0, flags=0x55f31d023063) end
             exe-1049981 [000] ..... 1635191.163273: tracing_mark_write: lsetxattr(pathname="/victims/usr/lib/x86_64-linux-gnu", name=0x7f8972c02000, value=0x7f8970c00000, size=1, flags=0x55f31d023063) start
             exe-1049981 [000] ..... 1635191.163274: sys_pwrite64 -> 0x86
             exe-1049567 [001] ..... 1635191.163275: sys_nanosleep(rqtp: c000069f10, rmtp: 0)
             exe-1049981 [000] ..... 1635191.163280: sys_ptrace(request: 4205, pid: 1005aa, addr: 1, data: c000a2fc70)
             exe-1049981 [000] ..... 1635191.163283: sys_ptrace -> 0x0
             exe-1049981 [000] ..... 1635191.163284: sys_ptrace(request: 4205, pid: 1005aa, addr: 202, data: c000a2fc70)
             exe-1049981 [000] ..... 1635191.163294: sys_ptrace -> 0x0
             exe-1049981 [000] ..... 1635191.163296: sys_ptrace(request: 1f, pid: 1005aa, addr: 0, data: 0)
             exe-1049673 [001] ..... 1635191.163297: sys_nanosleep -> 0x0
             exe-1049673 [001] ..... 1635191.163302: sys_nanosleep(rqtp: c000069f10, rmtp: 0)
             exe-1049981 [000] .N... 1635191.163302: sys_ptrace -> 0x0
             exe-1050026 [000] ..... 1635191.163313: sys_write -> 0x86
             exe-1049981 [000] ..... 1635191.163331: sys_wait4(upid: 1005aa, stat_addr: c000a2fbf4, options: 40000002, ru: 0)
             exe-1049981 [000] ..... 1635191.163333: sys_wait4 -> 0x1005aa
             exe-1049981 [000] ..... 1635191.163336: sys_ptrace(request: 4204, pid: 1005aa, addr: 1, data: c000a2fc70)
             exe-1049981 [000] ..... 1635191.163339: sys_ptrace -> 0x0
             exe-1049981 [000] ..... 1635191.163341: sys_ptrace(request: 4204, pid: 1005aa, addr: 202, data: c000a2fc70)
             exe-1049981 [000] ..... 1635191.163343: sys_ptrace -> 0x0
             exe-1049981 [000] ..... 1635191.163349: sys_ptrace(request: 4205, pid: 1005aa, addr: 1, data: c000a2fc70)
             exe-1049981 [000] ..... 1635191.163351: sys_ptrace -> 0x0
             exe-1049981 [000] ..... 1635191.163352: sys_ptrace(request: 4205, pid: 1005aa, addr: 202, data: c000a2fc70)
             exe-1049981 [000] ..... 1635191.163361: sys_ptrace -> 0x0
             exe-1049981 [000] ..... 1635191.163363: sys_ptrace(request: 1f, pid: 1005aa, addr: 0, data: 0)
             exe-1049981 [000] .N... 1635191.163368: sys_ptrace -> 0x0
             exe-1049567 [001] ..... 1635191.163384: sys_nanosleep -> 0x0
             exe-1049567 [001] ..... 1635191.163389: sys_nanosleep(rqtp: c000069f10, rmtp: 0)
             exe-1050026 [000] ..... 1635191.163392: sys_lsetxattr -> 0xffffffffffffffea
             exe-1049673 [001] ..... 1635191.163411: sys_nanosleep -> 0x0
             exe-1049981 [000] ..... 1635191.163413: sys_wait4(upid: 1005aa, stat_addr: c000a2fbf4, options: 40000002, ru: 0)
             exe-1049981 [000] ..... 1635191.163416: sys_wait4 -> 0x1005aa
             exe-1049673 [001] ..... 1635191.163417: sys_nanosleep(rqtp: c000069f10, rmtp: 0)
             exe-1049981 [000] ..... 1635191.163418: sys_ptrace(request: 4204, pid: 1005aa, addr: 1, data: c000a2fc70)
             exe-1049981 [000] ..... 1635191.163422: sys_ptrace -> 0x0
             exe-1049981 [000] ..... 1635191.163424: sys_ptrace(request: 4204, pid: 1005aa, addr: 202, data: c000a2fc70)
             exe-1049981 [000] ..... 1635191.163427: sys_ptrace -> 0x0
             exe-1049981 [000] ..... 1635191.163440: sys_pwrite64(fd: 63, buf: 7fd66c2cb080, count: 84, pos: 86)
             exe-1049981 [000] ..... 1635191.163442: tracing_mark_write: lsetxattr(pathname="/victims/usr/lib/x86_64-linux-gnu", name=0x7f8972c02000, value=0x7f8970c00000, size=1, flags=0x55f31d023063) end
             exe-1049981 [000] ..... 1635191.242552: tracing_mark_write: lsetxattr(pathname="/victims/proc/self/root/usr/include/linux/sched", name=0x7f8972af3000, value=0x7f8972af3008, size=1, flags=0x55f31d023063) start
             exe-1049981 [000] ..... 1635191.242554: sys_pwrite64 -> 0x94
             exe-1049981 [000] ..... 1635191.242560: sys_ptrace(request: 4205, pid: 1005aa, addr: 1, data: c000a2fc70)
             exe-1049981 [000] ..... 1635191.242563: sys_ptrace -> 0x0
             exe-1049981 [000] ..... 1635191.242564: sys_ptrace(request: 4205, pid: 1005aa, addr: 202, data: c000a2fc70)
             exe-1049981 [000] ..... 1635191.242576: sys_ptrace -> 0x0
             exe-1049981 [000] ..... 1635191.242577: sys_ptrace(request: 1f, pid: 1005aa, addr: 0, data: 0)
             exe-1049981 [000] .N... 1635191.242585: sys_ptrace -> 0x0
             exe-1050026 [000] ..... 1635191.242596: sys_write -> 0x94
             exe-1049567 [001] ..... 1635191.242611: sys_nanosleep -> 0x0
             exe-1049567 [001] ..... 1635191.242616: sys_nanosleep(rqtp: c000069f10, rmtp: 0)
             exe-1049981 [000] ..... 1635191.242616: sys_wait4(upid: 1005aa, stat_addr: c000a2fbf4, options: 40000002, ru: 0)
             exe-1049981 [000] ..... 1635191.242619: sys_wait4 -> 0x1005aa
             exe-1049981 [000] ..... 1635191.242621: sys_ptrace(request: 4204, pid: 1005aa, addr: 1, data: c000a2fc70)
             exe-1049981 [000] ..... 1635191.242625: sys_ptrace -> 0x0
             exe-1049981 [000] ..... 1635191.242626: sys_ptrace(request: 4204, pid: 1005aa, addr: 202, data: c000a2fc70)
             exe-1049981 [000] ..... 1635191.242629: sys_ptrace -> 0x0
             exe-1049981 [000] ..... 1635191.242635: sys_ptrace(request: 4205, pid: 1005aa, addr: 1, data: c000a2fc70)
             exe-1049673 [001] ..... 1635191.242636: sys_nanosleep -> 0x0
             exe-1049981 [000] ..... 1635191.242638: sys_ptrace -> 0x0
             exe-1049981 [000] ..... 1635191.242639: sys_ptrace(request: 4205, pid: 1005aa, addr: 202, data: c000a2fc70)
             exe-1049673 [001] ..... 1635191.242641: sys_nanosleep(rqtp: c000069f10, rmtp: 0)
             exe-1049981 [000] ..... 1635191.242649: sys_ptrace -> 0x0
             exe-1049981 [000] ..... 1635191.242651: sys_ptrace(request: 1f, pid: 1005aa, addr: 0, data: 0)
             exe-1049981 [000] .N... 1635191.242657: sys_ptrace -> 0x0
             exe-1050026 [000] ..... 1635191.242668: sys_lsetxattr -> 0xffffffffffffffea
             exe-1049981 [000] ..... 1635191.242687: sys_wait4(upid: 1005aa, stat_addr: c000a2fbf4, options: 40000002, ru: 0)
             exe-1049981 [000] ..... 1635191.242690: sys_wait4 -> 0x1005aa
             exe-1049981 [000] ..... 1635191.242692: sys_ptrace(request: 4204, pid: 1005aa, addr: 1, data: c000a2fc70)
             exe-1049981 [000] ..... 1635191.242696: sys_ptrace -> 0x0
             exe-1049981 [000] ..... 1635191.242697: sys_ptrace(request: 4204, pid: 1005aa, addr: 202, data: c000a2fc70)
             exe-1049981 [000] ..... 1635191.242700: sys_ptrace -> 0x0
             exe-1049981 [000] ..... 1635191.242709: sys_pwrite64(fd: 63, buf: 7fd66c2cb080, count: 92, pos: 94)
             exe-1049981 [000] ..... 1635191.242711: tracing_mark_write: lsetxattr(pathname="/victims/proc/self/root/usr/include/linux/sched", name=0x7f8972af3000, value=0x7f8972af3008, size=1, flags=0x55f31d023063) end
             exe-1049981 [000] ..... 1635191.311019: tracing_mark_write: lsetxattr(pathname="/victims/usr/share/perl/5.34.0/Test2", name=0x0, value=0x7f8971b00000, size=0xfff7, flags=0x55f31d023063) start
             exe-1049981 [000] ..... 1635191.311020: sys_pwrite64 -> 0x83
             exe-1049673 [001] ..... 1635191.311021: sys_nanosleep -> 0x0
             exe-1049673 [001] ..... 1635191.311024: sys_nanosleep(rqtp: c000069f10, rmtp: 0)
             exe-1049981 [000] ..... 1635191.311026: sys_ptrace(request: 4205, pid: 1005aa, addr: 1, data: c000a2fc70)
             exe-1049981 [000] ..... 1635191.311029: sys_ptrace -> 0x0
             exe-1049981 [000] ..... 1635191.311030: sys_ptrace(request: 4205, pid: 1005aa, addr: 202, data: c000a2fc70)
             exe-1049981 [000] ..... 1635191.311040: sys_ptrace -> 0x0
             exe-1049981 [000] ..... 1635191.311042: sys_ptrace(request: 1f, pid: 1005aa, addr: 0, data: 0)
             exe-1049981 [000] .N... 1635191.311049: sys_ptrace -> 0x0
             exe-1050026 [000] ..... 1635191.311059: sys_write -> 0x83
             exe-1049981 [000] ..... 1635191.311077: sys_wait4(upid: 1005aa, stat_addr: c000a2fbf4, options: 40000002, ru: 0)
             exe-1049981 [000] ..... 1635191.311080: sys_wait4 -> 0x1005aa
             exe-1049981 [000] ..... 1635191.311082: sys_ptrace(request: 4204, pid: 1005aa, addr: 1, data: c000a2fc70)
             exe-1049981 [000] ..... 1635191.311085: sys_ptrace -> 0x0
             exe-1049981 [000] ..... 1635191.311087: sys_ptrace(request: 4204, pid: 1005aa, addr: 202, data: c000a2fc70)
             exe-1049981 [000] ..... 1635191.311089: sys_ptrace -> 0x0
             exe-1049981 [000] ..... 1635191.311095: sys_ptrace(request: 4205, pid: 1005aa, addr: 1, data: c000a2fc70)
             exe-1049981 [000] ..... 1635191.311097: sys_ptrace -> 0x0
             exe-1049981 [000] ..... 1635191.311099: sys_ptrace(request: 4205, pid: 1005aa, addr: 202, data: c000a2fc70)
             exe-1049981 [000] ..... 1635191.311107: sys_ptrace -> 0x0
             exe-1049981 [000] ..... 1635191.311108: sys_ptrace(request: 1f, pid: 1005aa, addr: 0, data: 0)
             exe-1049673 [001] ..... 1635191.311109: sys_nanosleep -> 0x0
             exe-1049673 [001] ..... 1635191.311111: sys_nanosleep(rqtp: c000069f10, rmtp: 0)
             exe-1049981 [000] .N... 1635191.311114: sys_ptrace -> 0x0
             exe-1050026 [000] ..... 1635191.311124: sys_lsetxattr -> 0xffffffffffffffea
             exe-1049981 [000] ..... 1635191.311142: sys_wait4(upid: 1005aa, stat_addr: c000a2fbf4, options: 40000002, ru: 0)
             exe-1049981 [000] ..... 1635191.311144: sys_wait4 -> 0x1005aa
             exe-1049981 [000] ..... 1635191.311146: sys_ptrace(request: 4204, pid: 1005aa, addr: 1, data: c000a2fc70)
             exe-1049981 [000] ..... 1635191.311150: sys_ptrace -> 0x0
             exe-1049981 [000] ..... 1635191.311151: sys_ptrace(request: 4204, pid: 1005aa, addr: 202, data: c000a2fc70)
             exe-1049981 [000] ..... 1635191.311153: sys_ptrace -> 0x0
             exe-1049981 [000] ..... 1635191.311161: sys_pwrite64(fd: 63, buf: 7fd66c2cb080, count: 81, pos: 83)
             exe-1049981 [000] ..... 1635191.311163: tracing_mark_write: lsetxattr(pathname="/victims/usr/share/perl/5.34.0/Test2", name=0x0, value=0x7f8971b00000, size=0xfff7, flags=0x55f31d023063) end
             exe-1049981 [000] ..... 1635191.382719: tracing_mark_write: lsetxattr(pathname="/victims/usr/share/doc/libbrotli1", name=0x1, value=0x1, size=8, flags=0x55f31d023063) start
             exe-1049981 [000] ..... 1635191.382721: sys_pwrite64 -> 0x70
             exe-1049981 [000] ..... 1635191.382727: sys_ptrace(request: 4205, pid: 1005aa, addr: 1, data: c000a2fc70)
             exe-1049981 [000] ..... 1635191.382730: sys_ptrace -> 0x0
             exe-1049981 [000] ..... 1635191.382731: sys_ptrace(request: 4205, pid: 1005aa, addr: 202, data: c000a2fc70)
             exe-1049981 [000] ..... 1635191.382741: sys_ptrace -> 0x0
             exe-1049981 [000] ..... 1635191.382743: sys_ptrace(request: 1f, pid: 1005aa, addr: 0, data: 0)
             exe-1049673 [001] ..... 1635191.382748: sys_nanosleep -> 0x0
             exe-1049981 [000] .N... 1635191.382751: sys_ptrace -> 0x0
