             exe-1049722 [002] ..... 1635221.853115: sys_ptrace(request: 4205, pid: 1005f3, addr: 202, data: c000697c70)
             exe-1049722 [002] ..... 1635221.853120: sys_ptrace -> 0x0
             exe-1049722 [002] ..... 1635221.853122: sys_ptrace(request: 1f, pid: 1005f3, addr: 0, data: 0)
             exe-1049722 [002] ..... 1635221.853128: sys_ptrace -> 0x0
             exe-1049722 [002] ..... 1635221.853129: sys_wait4(upid: 1005f3, stat_addr: c000697bf4, options: 40000002, ru: 0)
             exe-1050099 [003] ..... 1635221.853132: sys_mbind -> 0xffffffffffffffea
             exe-1049722 [002] ..... 1635221.853149: sys_wait4 -> 0x1005f3
             exe-1049722 [002] ..... 1635221.853151: sys_ptrace(request: 4204, pid: 1005f3, addr: 1, data: c000697c70)
             exe-1049722 [002] ..... 1635221.853154: sys_ptrace -> 0x0
             exe-1049722 [002] ..... 1635221.853155: sys_ptrace(request: 4204, pid: 1005f3, addr: 202, data: c000697c70)
             exe-1049722 [002] ..... 1635221.853157: sys_ptrace -> 0x0
             exe-1049722 [002] ..... 1635221.853163: sys_pwrite64(fd: 63, buf: 7fd66c2cb080, count: 6c, pos: 6e)
             exe-1049722 [002] ..... 1635221.853165: tracing_mark_write: mbind(start=0x7f5e70ef8000, len=0, mode=0x3, nmask=0x7f5e6ec00000, maxnode=0x8000, flags=0x7f5e70e19ce0) end
             exe-1049722 [002] ..... 1635221.914390: tracing_mark_write: mbind(start=0x7f5e70f09000, len=0, mode=0x3, nmask=0x0, maxnode=0x8000, flags=0x7f5e70e19ce0) start
             exe-1049722 [002] ..... 1635221.914391: sys_pwrite64 -> 0x63
             exe-1049722 [002] ..... 1635221.914399: sys_ptrace(request: 4205, pid: 1005f3, addr: 1, data: c000697c70)
             exe-1049722 [002] ..... 1635221.914401: sys_ptrace -> 0x0
             exe-1049722 [002] ..... 1635221.914403: sys_ptrace(request: 4205, pid: 1005f3, addr: 202, data: c000697c70)
             exe-1049722 [002] ..... 1635221.914415: sys_ptrace -> 0x0
             exe-1049722 [002] ..... 1635221.914417: sys_ptrace(request: 1f, pid: 1005f3, addr: 0, data: 0)
             exe-1049722 [002] .N... 1635221.914425: sys_ptrace -> 0x0
             exe-1049567 [000] ..... 1635221.914431: sys_nanosleep -> 0x0
             exe-1049567 [000] ..... 1635221.914436: sys_nanosleep(rqtp: c000069f10, rmtp: 0)
             exe-1050099 [002] ..... 1635221.914437: sys_write -> 0x63
             exe-1049673 [000] ..... 1635221.914458: sys_nanosleep -> 0x0
             exe-1049722 [002] ..... 1635221.914459: sys_wait4(upid: 1005f3, stat_addr: c000697bf4, options: 40000002, ru: 0)
             exe-1049722 [002] ..... 1635221.914462: sys_wait4 -> 0x1005f3
             exe-1049673 [000] ..... 1635221.914463: sys_nanosleep(rqtp: c000069f10, rmtp: 0)
             exe-1049722 [002] ..... 1635221.914464: sys_ptrace(request: 4204, pid: 1005f3, addr: 1, data: c000697c70)
             exe-1049722 [002] ..... 1635221.914468: sys_ptrace -> 0x0
             exe-1049722 [002] ..... 1635221.914469: sys_ptrace(request: 4204, pid: 1005f3, addr: 202, data: c000697c70)
             exe-1049722 [002] ..... 1635221.914472: sys_ptrace -> 0x0
             exe-1049722 [002] ..... 1635221.914478: sys_ptrace(request: 4205, pid: 1005f3, addr: 1, data: c000697c70)
             exe-1049722 [002] ..... 1635221.914481: sys_ptrace -> 0x0
             exe-1049722 [002] ..... 1635221.914482: sys_ptrace(request: 4205, pid: 1005f3, addr: 202, data: c000697c70)
             exe-1049722 [002] ..... 1635221.914492: sys_ptrace -> 0x0
             exe-1049722 [002] ..... 1635221.914493: sys_ptrace(request: 1f, pid: 1005f3, addr: 0, data: 0)
             exe-1049722 [002] .N... 1635221.914500: sys_ptrace -> 0x0
             exe-1050099 [002] ..... 1635221.914511: sys_mbind -> 0xffffffffffffffea
             exe-1049722 [002] ..... 1635221.914531: sys_wait4(upid: 1005f3, stat_addr: c000697bf4, options: 40000002, ru: 0)
             exe-1049722 [002] ..... 1635221.914534: sys_wait4 -> 0x1005f3
             exe-1049722 [002] ..... 1635221.914536: sys_ptrace(request: 4204, pid: 1005f3, addr: 1, data: c000697c70)
             exe-1049722 [002] ..... 1635221.914539: sys_ptrace -> 0x0
             exe-1049722 [002] ..... 1635221.914542: sys_ptrace(request: 4204, pid: 1005f3, addr: 202, data: c000697c70)
             exe-1049722 [002] ..... 1635221.914544: sys_ptrace -> 0x0
             exe-1049567 [000] ..... 1635221.914546: sys_nanosleep -> 0x0
             exe-1049567 [000] ..... 1635221.914551: sys_nanosleep(rqtp: c000069f10, rmtp: 0)
             exe-1049722 [002] ..... 1635221.914554: sys_pwrite64(fd: 63, buf: 7fd66c2cb080, count: 61, pos: 63)
             exe-1049722 [002] ..... 1635221.914555: tracing_mark_write: mbind(start=0x7f5e70f09000, len=0, mode=0x3, nmask=0x0, maxnode=0x8000, flags=0x7f5e70e19ce0) end
             exe-1049722 [002] ..... 1635221.985850: tracing_mark_write: mbind(start=0x7f5e6ff00000, len=0xb7000, mode=0x3, nmask=0x0, maxnode=0x8000, flags=0x7f5e70e19ce0) start
             exe-1049722 [002] ..... 1635221.985851: sys_pwrite64 -> 0x69
             exe-1049722 [002] ..... 1635221.985858: sys_ptrace(request: 4205, pid: 1005f3, addr: 1, data: c000697c70)
             exe-1049722 [002] ..... 1635221.985861: sys_ptrace -> 0x0
             exe-1049722 [002] ..... 1635221.985862: sys_ptrace(request: 4205, pid: 1005f3, addr: 202, data: c000697c70)
             exe-1049722 [002] ..... 1635221.985874: sys_ptrace -> 0x0
             exe-1049722 [002] ..... 1635221.985876: sys_ptrace(request: 1f, pid: 1005f3, addr: 0, data: 0)
             exe-1049567 [000] ..... 1635221.985880: sys_nanosleep -> 0x0
             exe-1049722 [002] .N... 1635221.985883: sys_ptrace -> 0x0
             exe-1049673 [000] ..... 1635221.996450: sys_nanosleep -> 0x0
             exe-1049673 [000] ..... 1635221.996456: sys_epoll_pwait(epfd: 10, events: c000069920, maxevents: 80, timeout: 0, sigmask: 0, sigsetsize: 0)
             exe-1049673 [000] ..... 1635221.996458: sys_epoll_pwait -> 0x0
             exe-1049896 [002] ..... 1635221.996466: sys_epoll_pwait -> 0x0
             exe-1049673 [000] ..... 1635221.996472: sys_futex(uaddr: c000466948, op: 81, val: 1, utime: 0, uaddr2: 0, val3: 0)
             exe-1049673 [000] .N... 1635221.996481: sys_futex -> 0x1
             exe-1050526 [000] ..... 1635221.996485: sys_futex -> 0x0
             exe-1050526 [000] ..... 1635221.996491: sys_futex(uaddr: c000466948, op: 80, val: 0, utime: 0, uaddr2: 0, val3: 0)
             exe-1049673 [000] ..... 1635221.996498: sys_nanosleep(rqtp: c000069f10, rmtp: 0)
             exe-1049896 [002] ..... 1635221.996503: sys_futex(uaddr: c000435948, op: 81, val: 1, utime: 0, uaddr2: 0, val3: 0)
             exe-1049896 [002] ..... 1635221.996512: sys_futex -> 0x1
             exe-1049567 [000] ..... 1635221.996521: sys_epoll_pwait(epfd: 11, events: c000069920, maxevents: 80, timeout: 0, sigmask: 0, sigsetsize: 0)
             exe-1049567 [000] ..... 1635221.996524: sys_epoll_pwait -> 0x0
             exe-1049567 [000] ..... 1635221.996526: sys_getpid()
             exe-1049567 [000] ..... 1635221.996527: sys_getpid -> 0x1003ce
             exe-1049567 [000] ..... 1635221.996529: sys_tgkill(tgid: 1003ce, pid: 10047a, sig: 17)
             exe-1049896 [002] ..... 1635221.996529: sys_epoll_pwait(epfd: 11, events: c000599840, maxevents: 80, timeout: 9, sigmask: 0, sigsetsize: 0)
             exe-1049722 [002] ..... 1635221.996550: sys_futex(uaddr: c0049c7548, op: 81, val: 1, utime: 0, uaddr2: 0, val3: 0)
             exe-1049722 [002] ..... 1635221.996557: sys_futex -> 0x1
             exe-1049722 [002] ..... 1635221.996559: sys_futex(uaddr: c0002d0548, op: 80, val: 0, utime: 0, uaddr2: 0, val3: 0)
             exe-1050099 [002] ..... 1635221.996572: sys_write -> 0x69
             exe-1049722 [002] ..... 1635221.996594: sys_futex -> 0xfffffffffffffe00
             exe-1049567 [000] .N... 1635221.996596: sys_tgkill -> 0x0
             exe-1050289 [000] ..... 1635221.996600: sys_futex -> 0x0
             exe-1049722 [002] ..... 1635221.996606: sys_rt_sigreturn()
             exe-1050289 [000] ..... 1635221.996606: sys_futex(uaddr: c0002d0548, op: 81, val: 1, utime: 0, uaddr2: 0, val3: 0)
             exe-1050289 [000] ..... 1635221.996607: sys_futex -> 0x0
             exe-1050289 [000] ..... 1635221.996609: sys_futex(uaddr: c0049c7548, op: 80, val: 0, utime: 0, uaddr2: 0, val3: 0)
             exe-1049722 [002] ..... 1635221.996610: sys_futex(uaddr: c0002d0548, op: 80, val: 0, utime: 0, uaddr2: 0, val3: 0)
             exe-1049722 [002] ..... 1635221.996611: sys_futex -> 0xfffffffffffffff5
             exe-1049722 [002] ..... 1635221.996615: sys_wait4(upid: 1005f3, stat_addr: c000697bf4, options: 40000002, ru: 0)
             exe-1049673 [000] ..... 1635221.996620: sys_nanosleep -> 0x0
             exe-1049673 [000] ..... 1635221.996626: sys_futex(uaddr: 1f09dc0, op: 80, val: 0, utime: c000069eb0, uaddr2: 0, val3: 0)
             exe-1049567 [000] ..... 1635221.996642: sys_nanosleep(rqtp: c000069f10, rmtp: 0)
             exe-1049722 [002] ..... 1635221.996653: sys_wait4 -> 0x1005f3
             exe-1049722 [002] ..... 1635221.996658: sys_ptrace(request: 4204, pid: 1005f3, addr: 1, data: c000697c70)
             exe-1049722 [002] ..... 1635221.996680: sys_ptrace -> 0x0
             exe-1049722 [002] ..... 1635221.996682: sys_ptrace(request: 4204, pid: 1005f3, addr: 202, data: c000697c70)
             exe-1049722 [002] ..... 1635221.996692: sys_ptrace -> 0x0
             exe-1050008 [001] ..... 1635221.996703: sys_futex -> 0x0
             exe-1049722 [002] ..... 1635221.996708: sys_ptrace(request: 4205, pid: 1005f3, addr: 1, data: c000697c70)
             exe-1049722 [002] ..... 1635221.996711: sys_ptrace -> 0x0
             exe-1049722 [002] ..... 1635221.996712: sys_ptrace(request: 4205, pid: 1005f3, addr: 202, data: c000697c70)
             exe-1050008 [001] ..... 1635221.996717: sys_futex(uaddr: c000435948, op: 80, val: 0, utime: 0, uaddr2: 0, val3: 0)
             exe-1049567 [000] ..... 1635221.996738: sys_nanosleep -> 0x0
             exe-1049567 [000] ..... 1635221.996742: sys_nanosleep(rqtp: c000069f10, rmtp: 0)
             exe-1049722 [002] ..... 1635221.996753: sys_ptrace -> 0x0
             exe-1049722 [002] ..... 1635221.996755: sys_ptrace(request: 1f, pid: 1005f3, addr: 0, data: 0)
             exe-1049722 [002] ..... 1635221.996763: sys_ptrace -> 0x0
             exe-1049722 [002] ..... 1635221.996766: sys_wait4(upid: 1005f3, stat_addr: c000697bf4, options: 40000002, ru: 0)
             exe-1050099 [002] ..... 1635221.996780: sys_mbind -> 0xffffffffffffffea
             exe-1049722 [002] ..... 1635221.996804: sys_wait4 -> 0x1005f3
             exe-1049722 [002] ..... 1635221.996808: sys_ptrace(request: 4204, pid: 1005f3, addr: 1, data: c000697c70)
             exe-1049722 [002] ..... 1635221.996812: sys_ptrace -> 0x0
             exe-1049722 [002] ..... 1635221.996814: sys_ptrace(request: 4204, pid: 1005f3, addr: 202, data: c000697c70)
             exe-1049722 [002] ..... 1635221.996817: sys_ptrace -> 0x0
             exe-1049567 [000] ..... 1635221.996829: sys_nanosleep -> 0x0
             exe-1049722 [002] ..... 1635221.996830: sys_pwrite64(fd: 63, buf: 7fd66c2cb080, count: 67, pos: 69)
             exe-1049567 [000] ..... 1635221.996831: sys_nanosleep(rqtp: c000069f10, rmtp: 0)
             exe-1049722 [002] ..... 1635221.996833: tracing_mark_write: mbind(start=0x7f5e6ff00000, len=0xb7000, mode=0x3, nmask=0x0, maxnode=0x8000, flags=0x7f5e70e19ce0) end
             exe-1049722 [002] ..... 1635222.058754: tracing_mark_write: mbind(start=0x7f5e70f0a000, len=0, mode=0x3, nmask=0x7f5e6f000000, maxnode=0x8000, flags=0x7f5e70e19ce0) start
             exe-1049722 [002] ..... 1635222.058756: sys_pwrite64 -> 0x6e
             exe-1049722 [002] ..... 1635222.058763: sys_ptrace(request: 4205, pid: 1005f3, addr: 1, data: c000697c70)
             exe-1049722 [002] ..... 1635222.058765: sys_ptrace -> 0x0
             exe-1049722 [002] ..... 1635222.058767: sys_ptrace(request: 4205, pid: 1005f3, addr: 202, data: c000697c70)
             exe-1049722 [002] ..... 1635222.058778: sys_ptrace -> 0x0
             exe-1049722 [002] ..... 1635222.058780: sys_ptrace(request: 1f, pid: 1005f3, addr: 0, data: 0)
             exe-1049673 [000] ..... 1635222.058786: sys_nanosleep -> 0x0
             exe-1049722 [002] ..... 1635222.058787: sys_ptrace -> 0x0
             exe-1049722 [002] ..... 1635222.058789: sys_wait4(upid: 1005f3, stat_addr: c000697bf4, options: 40000002, ru: 0)
             exe-1049673 [000] ..... 1635222.058792: sys_nanosleep(rqtp: c000069f10, rmtp: 0)
             exe-1050099 [002] ..... 1635222.058803: sys_write -> 0x6e
             exe-1049567 [000] ..... 1635222.058814: sys_nanosleep -> 0x0
             exe-1049567 [000] ..... 1635222.058819: sys_nanosleep(rqtp: c000069f10, rmtp: 0)
             exe-1049722 [002] ..... 1635222.058825: sys_wait4 -> 0x1005f3
             exe-1049722 [002] ..... 1635222.058829: sys_ptrace(request: 4204, pid: 1005f3, addr: 1, data: c000697c70)
             exe-1049722 [002] ..... 1635222.058840: sys_ptrace -> 0x0
             exe-1049722 [002] ..... 1635222.058841: sys_ptrace(request: 4204, pid: 1005f3, addr: 202, data: c000697c70)
             exe-1049722 [002] ..... 1635222.058844: sys_ptrace -> 0x0
             exe-1049722 [002] ..... 1635222.058850: sys_ptrace(request: 4205, pid: 1005f3, addr: 1, data: c000697c70)
             exe-1049722 [002] ..... 1635222.058852: sys_ptrace -> 0x0
             exe-1049722 [002] ..... 1635222.058854: sys_ptrace(request: 4205, pid: 1005f3, addr: 202, data: c000697c70)
             exe-1049722 [002] ..... 1635222.058883: sys_ptrace -> 0x0
             exe-1049722 [002] ..... 1635222.058885: sys_ptrace(request: 1f, pid: 1005f3, addr: 0, data: 0)
             exe-1049722 [002] ..... 1635222.058894: sys_ptrace -> 0x0
             exe-1049722 [002] ..... 1635222.058897: sys_wait4(upid: 1005f3, stat_addr: c000697bf4, options: 40000002, ru: 0)
             exe-1049673 [000] ..... 1635222.058899: sys_nanosleep -> 0x0
             exe-1049673 [000] ..... 1635222.058905: sys_nanosleep(rqtp: c000069f10, rmtp: 0)
             exe-1050099 [002] ..... 1635222.058911: sys_mbind -> 0xffffffffffffffea
             exe-1049567 [000] ..... 1635222.058927: sys_nanosleep -> 0x0
             exe-1049567 [000] ..... 1635222.058932: sys_nanosleep(rqtp: c000069f10, rmtp: 0)
             exe-1049722 [002] ..... 1635222.058934: sys_wait4 -> 0x1005f3
             exe-1049722 [002] ..... 1635222.058938: sys_ptrace(request: 4204, pid: 1005f3, addr: 1, data: c000697c70)
             exe-1049722 [002] ..... 1635222.058943: sys_ptrace -> 0x0
             exe-1049722 [002] ..... 1635222.058945: sys_ptrace(request: 4204, pid: 1005f3, addr: 202, data: c000697c70)
             exe-1049722 [002] ..... 1635222.058948: sys_ptrace -> 0x0
             exe-1049722 [002] ..... 1635222.058959: sys_pwrite64(fd: 63, buf: 7fd66c2cb080, count: 6c, pos: 6e)
             exe-1049722 [002] ..... 1635222.058960: tracing_mark_write: mbind(start=0x7f5e70f0a000, len=0, mode=0x3, nmask=0x7f5e6f000000, maxnode=0x8000, flags=0x7f5e70e19ce0) end
             exe-1049722 [002] ..... 1635222.118038: tracing_mark_write: mbind(start=0x7f5e70ef7000, len=0, mode=0x3, nmask=0x0, maxnode=0x8000, flags=0x7f5e70e19ce0) start
             exe-1049722 [002] ..... 1635222.118040: sys_pwrite64 -> 0x63
             exe-1049722 [002] ..... 1635222.118047: sys_ptrace(request: 4205, pid: 1005f3, addr: 1, data: c000697c70)
             exe-1049722 [002] ..... 1635222.118050: sys_ptrace -> 0x0
             exe-1049722 [002] ..... 1635222.118051: sys_ptrace(request: 4205, pid: 1005f3, addr: 202, data: c000697c70)
             exe-1049722 [002] ..... 1635222.118062: sys_ptrace -> 0x0
             exe-1049722 [002] ..... 1635222.118063: sys_ptrace(request: 1f, pid: 1005f3, addr: 0, data: 0)
             exe-1049722 [002] .N... 1635222.118070: sys_ptrace -> 0x0
             exe-1049673 [001] ..... 1635222.118072: sys_nanosleep -> 0x0
             exe-1049673 [001] ..... 1635222.118075: sys_nanosleep(rqtp: c000069f10, rmtp: 0)
             exe-1050099 [002] ..... 1635222.118080: sys_write -> 0x63
             exe-1049567 [001] ..... 1635222.118089: sys_nanosleep -> 0x0
             exe-1049567 [001] ..... 1635222.118093: sys_nanosleep(rqtp: c000069f10, rmtp: 0)
             exe-1049722 [002] ..... 1635222.118098: sys_wait4(upid: 1005f3, stat_addr: c000697bf4, options: 40000002, ru: 0)
             exe-1049722 [002] ..... 1635222.118101: sys_wait4 -> 0x1005f3
             exe-1049722 [002] ..... 1635222.118103: sys_ptrace(request: 4204, pid: 1005f3, addr: 1, data: c000697c70)
             exe-1049722 [002] ..... 1635222.118106: sys_ptrace -> 0x0
             exe-1049722 [002] ..... 1635222.118107: sys_ptrace(request: 4204, pid: 1005f3, addr: 202, data: c000697c70)
             exe-1049722 [002] ..... 1635222.118110: sys_ptrace -> 0x0
             exe-1049722 [002] ..... 1635222.118116: sys_ptrace(request: 4205, pid: 1005f3, addr: 1, data: c000697c70)
             exe-1049722 [002] ..... 1635222.118118: sys_ptrace -> 0x0
             exe-1049722 [002] ..... 1635222.118119: sys_ptrace(request: 4205, pid: 1005f3, addr: 202, data: c000697c70)
             exe-1049722 [002] ..... 1635222.118127: sys_ptrace -> 0x0
             exe-1049722 [002] ..... 1635222.118129: sys_ptrace(request: 1f, pid: 1005f3, addr: 0, data: 0)
             exe-1049722 [002] .N... 1635222.118135: sys_ptrace -> 0x0
             exe-1050099 [002] ..... 1635222.118144: sys_mbind -> 0xffffffffffffffea
             exe-1049722 [002] ..... 1635222.118161: sys_wait4(upid: 1005f3, stat_addr: c000697bf4, options: 40000002, ru: 0)
             exe-1049722 [002] ..... 1635222.118164: sys_wait4 -> 0x1005f3
             exe-1049722 [002] ..... 1635222.118166: sys_ptrace(request: 4204, pid: 1005f3, addr: 1, data: c000697c70)
             exe-1049722 [002] ..... 1635222.118169: sys_ptrace -> 0x0
             exe-1049673 [001] ..... 1635222.118169: sys_nanosleep -> 0x0
             exe-1049722 [002] ..... 1635222.118171: sys_ptrace(request: 4204, pid: 1005f3, addr: 202, data: c000697c70)
             exe-1049722 [002] ..... 1635222.118173: sys_ptrace -> 0x0
             exe-1049673 [001] ..... 1635222.118173: sys_nanosleep(rqtp: c000069f10, rmtp: 0)
             exe-1049722 [002] ..... 1635222.118182: sys_pwrite64(fd: 63, buf: 7fd66c2cb080, count: 61, pos: 63)
             exe-1049722 [002] ..... 1635222.118183: tracing_mark_write: mbind(start=0x7f5e70ef7000, len=0, mode=0x3, nmask=0x0, maxnode=0x8000, flags=0x7f5e70e19ce0) end
             exe-1049722 [002] ..... 1635222.181489: tracing_mark_write: mbind(start=0x7f5e6f300000, len=0x14000, mode=0x3, nmask=0x1, maxnode=0x8000, flags=0x7f5e70e19ce0) start
             exe-1049722 [002] ..... 1635222.181491: sys_pwrite64 -> 0x69
             exe-1049722 [002] ..... 1635222.181497: sys_ptrace(request: 4205, pid: 1005f3, addr: 1, data: c000697c70)
             exe-1049722 [002] ..... 1635222.181499: sys_ptrace -> 0x0
             exe-1049722 [002] ..... 1635222.181500: sys_ptrace(request: 4205, pid: 1005f3, addr: 202, data: c000697c70)
             exe-1049722 [002] ..... 1635222.181511: sys_ptrace -> 0x0
             exe-1049722 [002] ..... 1635222.181512: sys_ptrace(request: 1f, pid: 1005f3, addr: 0, data: 0)
             exe-1049722 [002] .N... 1635222.181520: sys_ptrace -> 0x0
             exe-1050099 [002] ..... 1635222.181530: sys_write -> 0x69
             exe-1049722 [002] ..... 1635222.181547: sys_wait4(upid: 1005f3, stat_addr: c000697bf4, options: 40000002, ru: 0)
             exe-1049722 [002] ..... 1635222.181550: sys_wait4 -> 0x1005f3
             exe-1049722 [002] ..... 1635222.181552: sys_ptrace(request: 4204, pid: 1005f3, addr: 1, data: c000697c70)
             exe-1049722 [002] ..... 1635222.181555: sys_ptrace -> 0x0
             exe-1049722 [002] ..... 1635222.181557: sys_ptrace(request: 4204, pid: 1005f3, addr: 202, data: c000697c70)
             exe-1049722 [002] ..... 1635222.181559: sys_ptrace -> 0x0
             exe-1049673 [002] ..... 1635222.181597: sys_nanosleep -> 0x0
             exe-1049673 [002] ..... 1635222.181604: sys_nanosleep(rqtp: c000069f10, rmtp: 0)
             exe-1049722 [002] ..... 1635222.181631: sys_ptrace(request: 4205, pid: 1005f3, addr: 1, data: c000697c70)
             exe-1049722 [002] ..... 1635222.181635: sys_ptrace -> 0x0
             exe-1049722 [002] ..... 1635222.181637: sys_ptrace(request: 4205, pid: 1005f3, addr: 202, data: c000697c70)
             exe-1049722 [002] ..... 1635222.181666: sys_ptrace -> 0x0
             exe-1049722 [002] ..... 1635222.181668: sys_ptrace(request: 1f, pid: 1005f3, addr: 0, data: 0)
             exe-1049722 [002] .N... 1635222.181676: sys_ptrace -> 0x0
             exe-1050099 [002] ..... 1635222.181688: sys_mbind -> 0xffffffffffffffea
             exe-1049722 [002] ..... 1635222.181719: sys_wait4(upid: 1005f3, stat_addr: c000697bf4, options: 40000002, ru: 0)
             exe-1049722 [002] ..... 1635222.181721: sys_wait4 -> 0x1005f3
             exe-1049722 [002] ..... 1635222.181724: sys_ptrace(request: 4204, pid: 1005f3, addr: 1, data: c000697c70)
             exe-1049722 [002] ..... 1635222.181727: sys_ptrace -> 0x0
             exe-1049722 [002] ..... 1635222.181729: sys_ptrace(request: 4204, pid: 1005f3, addr: 202, data: c000697c70)
             exe-1049722 [002] ..... 1635222.181731: sys_ptrace -> 0x0
             exe-1049722 [002] ..... 1635222.181747: sys_pwrite64(fd: 63, buf: 7fd66c2cb080, count: 67, pos: 69)
             exe-1049722 [002] ..... 1635222.181749: tracing_mark_write: mbind(start=0x7f5e6f300000, len=0x14000, mode=0x3, nmask=0x1, maxnode=0x8000, flags=0x7f5e70e19ce0) end
             exe-1049722 [002] ..... 1635222.243652: tracing_mark_write: mbind(start=0x7f5e6ee00000, len=0x165000, mode=0x3, nmask=0x7f5e70ef7000, maxnode=0x8000, flags=0x7f5e70e19ce0) start
             exe-1049722 [002] ..... 1635222.243653: sys_pwrite64 -> 0x75
             exe-1049722 [002] ..... 1635222.243660: sys_ptrace(request: 4205, pid: 1005f3, addr: 1, data: c000697c70)
             exe-1049722 [002] ..... 1635222.243662: sys_ptrace -> 0x0
             exe-1049722 [002] ..... 1635222.243663: sys_ptrace(request: 4205, pid: 1005f3, addr: 202, data: c000697c70)
             exe-1049722 [002] ..... 1635222.243679: sys_ptrace -> 0x0
             exe-1049722 [002] ..... 1635222.243681: sys_ptrace(request: 1f, pid: 1005f3, addr: 0, data: 0)
             exe-1049722 [002] .N... 1635222.243689: sys_ptrace -> 0x0
             exe-1050099 [002] ..... 1635222.243700: sys_write -> 0x75
             exe-1049722 [002] ..... 1635222.243718: sys_wait4(upid: 1005f3, stat_addr: c000697bf4, options: 40000002, ru: 0)
             exe-1049722 [002] ..... 1635222.243720: sys_wait4 -> 0x1005f3
             exe-1049722 [002] ..... 1635222.243722: sys_ptrace(request: 4204, pid: 1005f3, addr: 1, data: c000697c70)
             exe-1049722 [002] ..... 1635222.243725: sys_ptrace -> 0x0
             exe-1049722 [002] ..... 1635222.243726: sys_ptrace(request: 4204, pid: 1005f3, addr: 202, data: c000697c70)
             exe-1049722 [002] ..... 1635222.243728: sys_ptrace -> 0x0
             exe-1049722 [002] ..... 1635222.243733: sys_ptrace(request: 4205, pid: 1005f3, addr: 1, data: c000697c70)
             exe-1049722 [002] ..... 1635222.243735: sys_ptrace -> 0x0
             exe-1049722 [002] ..... 1635222.243736: sys_ptrace(request: 4205, pid: 1005f3, addr: 202, data: c000697c70)
             exe-1049722 [002] ..... 1635222.243744: sys_ptrace -> 0x0
             exe-1049722 [002] ..... 1635222.243745: sys_ptrace(request: 1f, pid: 1005f3, addr: 0, data: 0)
             exe-1049722 [002] .N... 1635222.243751: sys_ptrace -> 0x0
             exe-1050099 [002] ..... 1635222.243759: sys_mbind -> 0xffffffffffffffea
             exe-1049722 [002] ..... 1635222.243774: sys_wait4(upid: 1005f3, stat_addr: c000697bf4, options: 40000002, ru: 0)
             exe-1049722 [002] ..... 1635222.243777: sys_wait4 -> 0x1005f3
             exe-1049722 [002] ..... 1635222.243778: sys_ptrace(request: 4204, pid: 1005f3, addr: 1, data: c000697c70)
             exe-1049722 [002] ..... 1635222.243781: sys_ptrace -> 0x0
             exe-1049567 [001] ..... 1635222.243782: sys_nanosleep -> 0x0
             exe-1049722 [002] ..... 1635222.243782: sys_ptrace(request: 4204, pid: 1005f3, addr: 202, data: c000697c70)
             exe-1049722 [002] ..... 1635222.243784: sys_ptrace -> 0x0
             exe-1049567 [001] ..... 1635222.243784: sys_nanosleep(rqtp: c000069f10, rmtp: 0)
             exe-1049722 [002] ..... 1635222.243793: sys_pwrite64(fd: 63, buf: 7fd66c2cb080, count: 73, pos: 75)
             exe-1049722 [002] ..... 1635222.243794: tracing_mark_write: mbind(start=0x7f5e6ee00000, len=0x165000, mode=0x3, nmask=0x7f5e70ef7000, maxnode=0x8000, flags=0x7f5e70e19ce0) end
             exe-1049722 [002] ..... 1635222.307241: tracing_mark_write: mbind(start=0x7f5e6f300000, len=0x9d000, mode=0x3, nmask=0x7f5e70ef9000, maxnode=0x8000, flags=0x7f5e70e19ce0) start
             exe-1049722 [002] ..... 1635222.307243: sys_pwrite64 -> 0x74
             exe-1049722 [002] ..... 1635222.307249: sys_ptrace(request: 4205, pid: 1005f3, addr: 1, data: c000697c70)
             exe-1049722 [002] ..... 1635222.307251: sys_ptrace -> 0x0
             exe-1049722 [002] ..... 1635222.307252: sys_ptrace(request: 4205, pid: 1005f3, addr: 202, data: c000697c70)
             exe-1049722 [002] ..... 1635222.307262: sys_ptrace -> 0x0
             exe-1049722 [002] ..... 1635222.307263: sys_ptrace(request: 1f, pid: 1005f3, addr: 0, data: 0)
             exe-1049722 [002] .N... 1635222.307269: sys_ptrace -> 0x0
             exe-1050099 [002] ..... 1635222.307278: sys_write -> 0x74
             exe-1049722 [002] ..... 1635222.307294: sys_wait4(upid: 1005f3, stat_addr: c000697bf4, options: 40000002, ru: 0)
             exe-1049722 [002] ..... 1635222.307296: sys_wait4 -> 0x1005f3
             exe-1049722 [002] ..... 1635222.307298: sys_ptrace(request: 4204, pid: 1005f3, addr: 1, data: c000697c70)
             exe-1049722 [002] ..... 1635222.307301: sys_ptrace -> 0x0
             exe-1049722 [002] ..... 1635222.307302: sys_ptrace(request: 4204, pid: 1005f3, addr: 202, data: c000697c70)
             exe-1049722 [002] ..... 1635222.307304: sys_ptrace -> 0x0
             exe-1049722 [002] ..... 1635222.307309: sys_ptrace(request: 4205, pid: 1005f3, addr: 1, data: c000697c70)
             exe-1049722 [002] ..... 1635222.307311: sys_ptrace -> 0x0
             exe-1049722 [002] ..... 1635222.307312: sys_ptrace(request: 4205, pid: 1005f3, addr: 202, data: c000697c70)
             exe-1049722 [002] ..... 1635222.307320: sys_ptrace -> 0x0
             exe-1049722 [002] ..... 1635222.307321: sys_ptrace(request: 1f, pid: 1005f3, addr: 0, data: 0)
             exe-1049722 [002] .N... 1635222.307327: sys_ptrace -> 0x0
             exe-1050099 [002] ..... 1635222.307335: sys_mbind -> 0xffffffffffffffea
             exe-1049722 [002] ..... 1635222.307351: sys_wait4(upid: 1005f3, stat_addr: c000697bf4, options: 40000002, ru: 0)
             exe-1049722 [002] ..... 1635222.307353: sys_wait4 -> 0x1005f3
             exe-1049722 [002] ..... 1635222.307355: sys_ptrace(request: 4204, pid: 1005f3, addr: 1, data: c000697c70)
             exe-1049722 [002] ..... 1635222.307358: sys_ptrace -> 0x0
             exe-1049722 [002] ..... 1635222.307359: sys_ptrace(request: 4204, pid: 1005f3, addr: 202, data: c000697c70)
             exe-1049722 [002] ..... 1635222.307361: sys_ptrace -> 0x0
             exe-1049722 [002] ..... 1635222.307369: sys_pwrite64(fd: 63, buf: 7fd66c2cb080, count: 72, pos: 74)
             exe-1049722 [002] ..... 1635222.307371: tracing_mark_write: mbind(start=0x7f5e6f300000, len=0x9d000, mode=0x3, nmask=0x7f5e70ef9000, maxnode=0x8000, flags=0x7f5e70e19ce0) end
             exe-1049722 [002] ..... 1635222.386844: tracing_mark_write: mbind(start=0x7f5e70ef9000, len=0, mode=0x3, nmask=0x7f5e6ee00000, maxnode=0x8000, flags=0x7f5e70e19ce0) start
             exe-1049722 [002] ..... 1635222.386846: sys_pwrite64 -> 0x6e
             exe-1049722 [002] ..... 1635222.386852: sys_ptrace(request: 4205, pid: 1005f3, addr: 1, data: c000697c70)
             exe-1049722 [002] ..... 1635222.386854: sys_ptrace -> 0x0
             exe-1049722 [002] ..... 1635222.386856: sys_ptrace(request: 4205, pid: 1005f3, addr: 202, data: c000697c70)
             exe-1049722 [002] ..... 1635222.386867: sys_ptrace -> 0x0
             exe-1049722 [002] ..... 1635222.386868: sys_ptrace(request: 1f, pid: 1005f3, addr: 0, data: 0)
             exe-1049722 [002] .N... 1635222.386875: sys_ptrace -> 0x0
             exe-1050099 [002] ..... 1635222.386885: sys_write -> 0x6e
             exe-1049722 [002] ..... 1635222.386904: sys_wait4(upid: 1005f3, stat_addr: c000697bf4, options: 40000002, ru: 0)
             exe-1049722 [002] ..... 1635222.386906: sys_wait4 -> 0x1005f3
             exe-1049722 [002] ..... 1635222.386909: sys_ptrace(request: 4204, pid: 1005f3, addr: 1, data: c000697c70)
             exe-1049722 [002] ..... 1635222.386912: sys_ptrace -> 0x0
             exe-1049722 [002] ..... 1635222.386914: sys_ptrace(request: 4204, pid: 1005f3, addr: 202, data: c000697c70)
             exe-1049722 [002] ..... 1635222.386916: sys_ptrace -> 0x0
             exe-1049722 [002] ..... 1635222.386921: sys_ptrace(request: 4205, pid: 1005f3, addr: 1, data: c000697c70)
             exe-1049722 [002] ..... 1635222.386924: sys_ptrace -> 0x0
             exe-1049722 [002] ..... 1635222.386925: sys_ptrace(request: 4205, pid: 1005f3, addr: 202, data: c000697c70)
             exe-1049722 [002] ..... 1635222.386934: sys_ptrace -> 0x0
             exe-1049722 [002] ..... 1635222.386936: sys_ptrace(request: 1f, pid: 1005f3, addr: 0, data: 0)
             exe-1049722 [002] .N... 1635222.386942: sys_ptrace -> 0x0
             exe-1050099 [002] ..... 1635222.386952: sys_mbind -> 0xffffffffffffffea
           <...>-531629  [001] ..... 1635222.386962: sys_epoll_wait(epfd: d, events: 7ffeaf2026f0, maxevents: 400, timeout: 0)
           <...>-531629  [001] ..... 1635222.386967: sys_epoll_wait -> 0x0
             exe-1049722 [002] ..... 1635222.386970: sys_wait4(upid: 1005f3, stat_addr: c000697bf4, options: 40000002, ru: 0)
           <...>-531629  [001] ..... 1635222.386972: sys_epoll_wait(epfd: d, events: 7ffeaf2026f0, maxevents: 400, timeout: 1)
             exe-1049722 [002] ..... 1635222.386972: sys_wait4 -> 0x1005f3
             exe-1049722 [002] ..... 1635222.386975: sys_ptrace(request: 4204, pid: 1005f3, addr: 1, data: c000697c70)
             exe-1049722 [002] ..... 1635222.386978: sys_ptrace -> 0x0
             exe-1049722 [002] ..... 1635222.386979: sys_ptrace(request: 4204, pid: 1005f3, addr: 202, data: c000697c70)
             exe-1049722 [002] ..... 1635222.386982: sys_ptrace -> 0x0
             exe-1049722 [002] ..... 1635222.386990: sys_pwrite64(fd: 63, buf: 7fd66c2cb080, count: 6c, pos: 6e)
             exe-1049722 [002] ..... 1635222.386992: tracing_mark_write: mbind(start=0x7f5e70ef9000, len=0, mode=0x3, nmask=0x7f5e6ee00000, maxnode=0x8000, flags=0x7f5e70e19ce0) end
             exe-1049722 [002] ..... 1635222.452610: tracing_mark_write: mbind(start=0x7f5e70b00000, len=0x21000, mode=0x3, nmask=0x7f5e6ee00000, maxnode=0x8000, flags=0x7f5e70e19ce0) start
             exe-1049722 [002] ..... 1635222.452612: sys_pwrite64 -> 0x74
             exe-1049722 [002] ..... 1635222.452618: sys_ptrace(request: 4205, pid: 1005f3, addr: 1, data: c000697c70)
             exe-1049722 [002] ..... 1635222.452621: sys_ptrace -> 0x0
             exe-1049722 [002] ..... 1635222.452623: sys_ptrace(request: 4205, pid: 1005f3, addr: 202, data: c000697c70)
             exe-1049722 [002] ..... 1635222.452634: sys_ptrace -> 0x0
             exe-1049722 [002] ..... 1635222.452636: sys_ptrace(request: 1f, pid: 1005f3, addr: 0, data: 0)
             exe-1049722 [002] .N... 1635222.452644: sys_ptrace -> 0x0
             exe-1050099 [002] ..... 1635222.452655: sys_write -> 0x74
             exe-1049722 [002] ..... 1635222.452675: sys_wait4(upid: 1005f3, stat_addr: c000697bf4, options: 40000002, ru: 0)
             exe-1049722 [002] ..... 1635222.452678: sys_wait4 -> 0x1005f3
             exe-1049722 [002] ..... 1635222.452680: sys_ptrace(request: 4204, pid: 1005f3, addr: 1, data: c000697c70)
             exe-1049722 [002] ..... 1635222.452684: sys_ptrace -> 0x0
             exe-1049673 [003] ..... 1635222.452685: sys_nanosleep -> 0x0
             exe-1049722 [002] ..... 1635222.452686: sys_ptrace(request: 4204, pid: 1005f3, addr: 202, data: c000697c70)
             exe-1049722 [002] ..... 1635222.452688: sys_ptrace -> 0x0
             exe-1049673 [003] ..... 1635222.452691: sys_nanosleep(rqtp: c000069f10, rmtp: 0)
             exe-1049722 [002] ..... 1635222.452694: sys_ptrace(request: 4205, pid: 1005f3, addr: 1, data: c000697c70)
             exe-1049722 [002] ..... 1635222.452698: sys_ptrace -> 0x0
             exe-1049722 [002] ..... 1635222.452700: sys_ptrace(request: 4205, pid: 1005f3, addr: 202, data: c000697c70)
             exe-1049722 [002] ..... 1635222.452713: sys_ptrace -> 0x0
             exe-1049567 [003] ..... 1635222.452714: sys_nanosleep -> 0x0
             exe-1049722 [002] ..... 1635222.452715: sys_ptrace(request: 1f, pid: 1005f3, addr: 0, data: 0)
             exe-1049567 [003] ..... 1635222.452719: sys_nanosleep(rqtp: c000069f10, rmtp: 0)
             exe-1049722 [002] .N... 1635222.452725: sys_ptrace -> 0x0
             exe-1050099 [002] ..... 1635222.452740: sys_mbind -> 0xffffffffffffffea
             exe-1049722 [002] ..... 1635222.452765: sys_wait4(upid: 1005f3, stat_addr: c000697bf4, options: 40000002, ru: 0)
             exe-1049722 [002] ..... 1635222.452770: sys_wait4 -> 0x1005f3
             exe-1049722 [002] ..... 1635222.452773: sys_ptrace(request: 4204, pid: 1005f3, addr: 1, data: c000697c70)
             exe-1049722 [002] ..... 1635222.452779: sys_ptrace -> 0x0
             exe-1049722 [002] ..... 1635222.452781: sys_ptrace(request: 4204, pid: 1005f3, addr: 202, data: c000697c70)
             exe-1049722 [002] ..... 1635222.452785: sys_ptrace -> 0x0
             exe-1049673 [003] ..... 1635222.452801: sys_nanosleep -> 0x0
             exe-1049722 [002] ..... 1635222.452805: sys_pwrite64(fd: 63, buf: 7fd66c2cb080, count: 72, pos: 74)
             exe-1049673 [003] ..... 1635222.452807: sys_nanosleep(rqtp: c000069f10, rmtp: 0)
             exe-1049722 [002] ..... 1635222.452809: tracing_mark_write: mbind(start=0x7f5e70b00000, len=0x21000, mode=0x3, nmask=0x7f5e6ee00000, maxnode=0x8000, flags=0x7f5e70e19ce0) end
             exe-1049722 [002] ..... 1635222.516562: tracing_mark_write: mbind(start=0x7f5e70f08000, len=0, mode=0x3, nmask=0x7f5e70b00000, maxnode=0x8000, flags=0x7f5e70e19ce0) start
             exe-1049722 [002] ..... 1635222.516564: sys_pwrite64 -> 0x6e
             exe-1049722 [002] ..... 1635222.516570: sys_ptrace(request: 4205, pid: 1005f3, addr: 1, data: c000697c70)
             exe-1049722 [002] ..... 1635222.516573: sys_ptrace -> 0x0
             exe-1049722 [002] ..... 1635222.516574: sys_ptrace(request: 4205, pid: 1005f3, addr: 202, data: c000697c70)
             exe-1049722 [002] ..... 1635222.516607: sys_ptrace -> 0x0
             exe-1049722 [002] ..... 1635222.516609: sys_ptrace(request: 1f, pid: 1005f3, addr: 0, data: 0)
             exe-1049722 [002] .N... 1635222.516616: sys_ptrace -> 0x0
             exe-1050099 [002] ..... 1635222.516627: sys_write -> 0x6e
             exe-1049722 [002] ..... 1635222.516648: sys_wait4(upid: 1005f3, stat_addr: c000697bf4, options: 40000002, ru: 0)
             exe-1049722 [002] ..... 1635222.516651: sys_wait4 -> 0x1005f3
             exe-1049722 [002] ..... 1635222.516653: sys_ptrace(request: 4204, pid: 1005f3, addr: 1, data: c000697c70)
             exe-1049722 [002] ..... 1635222.516656: sys_ptrace -> 0x0
             exe-1049722 [002] ..... 1635222.516658: sys_ptrace(request: 4204, pid: 1005f3, addr: 202, data: c000697c70)
             exe-1049722 [002] ..... 1635222.516660: sys_ptrace -> 0x0
             exe-1049722 [002] ..... 1635222.516666: sys_ptrace(request: 4205, pid: 1005f3, addr: 1, data: c000697c70)
             exe-1049722 [002] ..... 1635222.516668: sys_ptrace -> 0x0
             exe-1049722 [002] ..... 1635222.516670: sys_ptrace(request: 4205, pid: 1005f3, addr: 202, data: c000697c70)
             exe-1049673 [003] ..... 1635222.516672: sys_nanosleep -> 0x0
             exe-1049673 [003] ..... 1635222.516679: sys_nanosleep(rqtp: c000069f10, rmtp: 0)
             exe-1049722 [002] ..... 1635222.516681: sys_ptrace -> 0x0
             exe-1049722 [002] ..... 1635222.516682: sys_ptrace(request: 1f, pid: 1005f3, addr: 0, data: 0)
             exe-1049722 [002] .N... 1635222.516689: sys_ptrace -> 0x0
             exe-1050099 [002] ..... 1635222.516699: sys_mbind -> 0xffffffffffffffea
             exe-1049567 [003] ..... 1635222.516703: sys_nanosleep -> 0x0
             exe-1049567 [003] ..... 1635222.516709: sys_nanosleep(rqtp: c000069f10, rmtp: 0)
             exe-1049722 [002] ..... 1635222.516718: sys_wait4(upid: 1005f3, stat_addr: c000697bf4, options: 40000002, ru: 0)
             exe-1049722 [002] ..... 1635222.516720: sys_wait4 -> 0x1005f3
             exe-1049722 [002] ..... 1635222.516722: sys_ptrace(request: 4204, pid: 1005f3, addr: 1, data: c000697c70)
             exe-1049722 [002] ..... 1635222.516726: sys_ptrace -> 0x0
             exe-1049722 [002] ..... 1635222.516727: sys_ptrace(request: 4204, pid: 1005f3, addr: 202, data: c000697c70)
             exe-1049722 [002] ..... 1635222.516729: sys_ptrace -> 0x0
             exe-1049722 [002] ..... 1635222.516739: sys_pwrite64(fd: 63, buf: 7fd66c2cb080, count: 6c, pos: 6e)
             exe-1049722 [002] ..... 1635222.516741: tracing_mark_write: mbind(start=0x7f5e70f08000, len=0, mode=0x3, nmask=0x7f5e70b00000, maxnode=0x8000, flags=0x7f5e70e19ce0) end
             exe-1049722 [002] ..... 1635222.580737: tracing_mark_write: mbind(start=0x7f5e70f09000, len=0, mode=0x3, nmask=0x7f5e70ef8000, maxnode=0x8000, flags=0x7f5e70e19ce0) start
             exe-1049722 [002] ..... 1635222.580738: sys_pwrite64 -> 0x6e
             exe-1049722 [002] ..... 1635222.580745: sys_ptrace(request: 4205, pid: 1005f3, addr: 1, data: c000697c70)
             exe-1049722 [002] ..... 1635222.580748: sys_ptrace -> 0x0
             exe-1049722 [002] ..... 1635222.580750: sys_ptrace(request: 4205, pid: 1005f3, addr: 202, data: c000697c70)
             exe-1049722 [002] ..... 1635222.580761: sys_ptrace -> 0x0
             exe-1049722 [002] ..... 1635222.580763: sys_ptrace(request: 1f, pid: 1005f3, addr: 0, data: 0)
             exe-1049722 [002] .N... 1635222.580771: sys_ptrace -> 0x0
             exe-1050099 [002] ..... 1635222.580782: sys_write -> 0x6e
             exe-1049722 [002] ..... 1635222.580802: sys_wait4(upid: 1005f3, stat_addr: c000697bf4, options: 40000002, ru: 0)
             exe-1049722 [002] ..... 1635222.580805: sys_wait4 -> 0x1005f3
             exe-1049722 [002] ..... 1635222.580808: sys_ptrace(request: 4204, pid: 1005f3, addr: 1, data: c000697c70)
             exe-1049722 [002] ..... 1635222.580811: sys_ptrace -> 0x0
             exe-1049722 [002] ..... 1635222.580813: sys_ptrace(request: 4204, pid: 1005f3, addr: 202, data: c000697c70)
             exe-1049722 [002] ..... 1635222.580815: sys_ptrace -> 0x0
             exe-1049567 [001] ..... 1635222.580817: sys_nanosleep -> 0x0
             exe-1049567 [001] ..... 1635222.580820: sys_nanosleep(rqtp: c000069f10, rmtp: 0)
             exe-1049673 [003] ..... 1635222.580820: sys_nanosleep -> 0x0
             exe-1049722 [002] ..... 1635222.580822: sys_ptrace(request: 4205, pid: 1005f3, addr: 1, data: c000697c70)
             exe-1049673 [003] ..... 1635222.580824: sys_nanosleep(rqtp: c000069f10, rmtp: 0)
             exe-1049722 [002] ..... 1635222.580824: sys_ptrace -> 0x0
             exe-1049722 [002] ..... 1635222.580826: sys_ptrace(request: 4205, pid: 1005f3, addr: 202, data: c000697c70)
             exe-1049722 [002] ..... 1635222.580836: sys_ptrace -> 0x0
             exe-1049722 [002] ..... 1635222.580838: sys_ptrace(request: 1f, pid: 1005f3, addr: 0, data: 0)
             exe-1049722 [002] .N... 1635222.580845: sys_ptrace -> 0x0
             exe-1050099 [002] ..... 1635222.580855: sys_mbind -> 0xffffffffffffffea
             exe-1049722 [002] ..... 1635222.580876: sys_wait4(upid: 1005f3, stat_addr: c000697bf4, options: 40000002, ru: 0)
             exe-1049722 [002] ..... 1635222.580878: sys_wait4 -> 0x1005f3
             exe-1049722 [002] ..... 1635222.580880: sys_ptrace(request: 4204, pid: 1005f3, addr: 1, data: c000697c70)
             exe-1049722 [002] ..... 1635222.580884: sys_ptrace -> 0x0
             exe-1049722 [002] ..... 1635222.580886: sys_ptrace(request: 4204, pid: 1005f3, addr: 202, data: c000697c70)
             exe-1049722 [002] ..... 1635222.580888: sys_ptrace -> 0x0
             exe-1049722 [002] ..... 1635222.580898: sys_pwrite64(fd: 63, buf: 7fd66c2cb080, count: 6c, pos: 6e)
             exe-1049722 [002] ..... 1635222.580900: tracing_mark_write: mbind(start=0x7f5e70f09000, len=0, mode=0x3, nmask=0x7f5e70ef8000, maxnode=0x8000, flags=0x7f5e70e19ce0) end
             exe-1049722 [002] ..... 1635222.648437: tracing_mark_write: mbind(start=0x7f5e70ef7000, len=0, mode=0x3, nmask=0x7f5e6f000000, maxnode=0x8000, flags=0x7f5e70e19ce0) start
             exe-1049722 [002] ..... 1635222.648438: sys_pwrite64 -> 0x6e
             exe-1049722 [002] ..... 1635222.648445: sys_ptrace(request: 4205, pid: 1005f3, addr: 1, data: c000697c70)
             exe-1049722 [002] ..... 1635222.648448: sys_ptrace -> 0x0
             exe-1049722 [002] ..... 1635222.648449: sys_ptrace(request: 4205, pid: 1005f3, addr: 202, data: c000697c70)
             exe-1049722 [002] ..... 1635222.648462: sys_ptrace -> 0x0
             exe-1049722 [002] ..... 1635222.648464: sys_ptrace(request: 1f, pid: 1005f3, addr: 0, data: 0)
             exe-1049722 [002] .N... 1635222.648472: sys_ptrace -> 0x0
             exe-1050099 [002] ..... 1635222.648483: sys_write -> 0x6e
             exe-1049722 [002] ..... 1635222.648503: sys_wait4(upid: 1005f3, stat_addr: c000697bf4, options: 40000002, ru: 0)
             exe-1049722 [002] ..... 1635222.648506: sys_wait4 -> 0x1005f3
             exe-1049567 [003] ..... 1635222.648507: sys_nanosleep -> 0x0
             exe-1049722 [002] ..... 1635222.648508: sys_ptrace(request: 4204, pid: 1005f3, addr: 1, data: c000697c70)
             exe-1049722 [002] ..... 1635222.648512: sys_ptrace -> 0x0
             exe-1049567 [003] ..... 1635222.648513: sys_nanosleep(rqtp: c000069f10, rmtp: 0)
             exe-1049722 [002] ..... 1635222.648514: sys_ptrace(request: 4204, pid: 1005f3, addr: 202, data: c000697c70)
             exe-1049722 [002] ..... 1635222.648516: sys_ptrace -> 0x0
             exe-1049722 [002] ..... 1635222.648523: sys_ptrace(request: 4205, pid: 1005f3, addr: 1, data: c000697c70)
             exe-1049722 [002] ..... 1635222.648525: sys_ptrace -> 0x0
             exe-1049722 [002] ..... 1635222.648527: sys_ptrace(request: 4205, pid: 1005f3, addr: 202, data: c000697c70)
             exe-1049722 [002] ..... 1635222.648536: sys_ptrace -> 0x0
             exe-1049722 [002] ..... 1635222.648538: sys_ptrace(request: 1f, pid: 1005f3, addr: 0, data: 0)
             exe-1049722 [002] .N... 1635222.648545: sys_ptrace -> 0x0
             exe-1049673 [003] ..... 1635222.648548: sys_nanosleep(rqtp: c000069f10, rmtp: 0)
             exe-1050099 [002] ..... 1635222.648555: sys_mbind -> 0xffffffffffffffea
             exe-1049722 [002] ..... 1635222.648575: sys_wait4(upid: 1005f3, stat_addr: c000697bf4, options: 40000002, ru: 0)
             exe-1049722 [002] ..... 1635222.648577: sys_wait4 -> 0x1005f3
             exe-1049722 [002] ..... 1635222.648580: sys_ptrace(request: 4204, pid: 1005f3, addr: 1, data: c000697c70)
             exe-1049722 [002] ..... 1635222.648583: sys_ptrace -> 0x0
             exe-1049722 [002] ..... 1635222.648585: sys_ptrace(request: 4204, pid: 1005f3, addr: 202, data: c000697c70)
             exe-1049722 [002] ..... 1635222.648587: sys_ptrace -> 0x0
             exe-1049722 [002] ..... 1635222.648597: sys_pwrite64(fd: 63, buf: 7fd66c2cb080, count: 6c, pos: 6e)
             exe-1049722 [002] ..... 1635222.648598: tracing_mark_write: mbind(start=0x7f5e70ef7000, len=0, mode=0x3, nmask=0x7f5e6f000000, maxnode=0x8000, flags=0x7f5e70e19ce0) end
             exe-1049722 [002] ..... 1635222.722878: tracing_mark_write: mbind(start=0x7f5e70f09000, len=0, mode=0x3, nmask=0x8, maxnode=0x8000, flags=0x7f5e70e19ce0) start
             exe-1049722 [002] ..... 1635222.722880: sys_pwrite64 -> 0x63
             exe-1049722 [002] ..... 1635222.722886: sys_ptrace(request: 4205, pid: 1005f3, addr: 1, data: c000697c70)
             exe-1049722 [002] ..... 1635222.722889: sys_ptrace -> 0x0
             exe-1049722 [002] ..... 1635222.722891: sys_ptrace(request: 4205, pid: 1005f3, addr: 202, data: c000697c70)
             exe-1049722 [002] ..... 1635222.722902: sys_ptrace -> 0x0
             exe-1049722 [002] ..... 1635222.722904: sys_ptrace(request: 1f, pid: 1005f3, addr: 0, data: 0)
             exe-1049722 [002] .N... 1635222.722911: sys_ptrace -> 0x0
             exe-1050099 [002] ..... 1635222.722922: sys_write -> 0x63
             exe-1049673 [003] ..... 1635222.722923: sys_nanosleep -> 0x0
             exe-1049673 [003] ..... 1635222.722928: sys_futex(uaddr: 1f09dc0, op: 80, val: 0, utime: c000069eb0, uaddr2: 0, val3: 0)
             exe-1049722 [002] ..... 1635222.722942: sys_wait4(upid: 1005f3, stat_addr: c000697bf4, options: 40000002, ru: 0)
             exe-1049567 [003] ..... 1635222.722942: sys_nanosleep -> 0x0
             exe-1049722 [002] ..... 1635222.722945: sys_wait4 -> 0x1005f3
             exe-1049567 [003] ..... 1635222.722947: sys_nanosleep(rqtp: c000069f10, rmtp: 0)
             exe-1049722 [002] ..... 1635222.722947: sys_ptrace(request: 4204, pid: 1005f3, addr: 1, data: c000697c70)
             exe-1049722 [002] ..... 1635222.722951: sys_ptrace -> 0x0
             exe-1049722 [002] ..... 1635222.722953: sys_ptrace(request: 4204, pid: 1005f3, addr: 202, data: c000697c70)
             exe-1049722 [002] ..... 1635222.722955: sys_ptrace -> 0x0
             exe-1049722 [002] ..... 1635222.722961: sys_ptrace(request: 4205, pid: 1005f3, addr: 1, data: c000697c70)
             exe-1049722 [002] ..... 1635222.722964: sys_ptrace -> 0x0
             exe-1049722 [002] ..... 1635222.722965: sys_ptrace(request: 4205, pid: 1005f3, addr: 202, data: c000697c70)
             exe-1049722 [002] ..... 1635222.722976: sys_ptrace -> 0x0
             exe-1049722 [002] ..... 1635222.722978: sys_ptrace(request: 1f, pid: 1005f3, addr: 0, data: 0)
             exe-1049722 [002] .N... 1635222.722984: sys_ptrace -> 0x0
             exe-1050099 [002] ..... 1635222.722995: sys_mbind -> 0xffffffffffffffea
             exe-1049722 [002] ..... 1635222.723014: sys_wait4(upid: 1005f3, stat_addr: c000697bf4, options: 40000002, ru: 0)
             exe-1049722 [002] ..... 1635222.723017: sys_wait4 -> 0x1005f3
             exe-1049722 [002] ..... 1635222.723019: sys_ptrace(request: 4204, pid: 1005f3, addr: 1, data: c000697c70)
             exe-1049722 [002] ..... 1635222.723023: sys_ptrace -> 0x0
             exe-1049722 [002] ..... 1635222.723024: sys_ptrace(request: 4204, pid: 1005f3, addr: 202, data: c000697c70)
             exe-1049722 [002] ..... 1635222.723026: sys_ptrace -> 0x0
             exe-1049722 [002] ..... 1635222.723036: sys_pwrite64(fd: 63, buf: 7fd66c2cb080, count: 61, pos: 63)
             exe-1049722 [002] ..... 1635222.723037: tracing_mark_write: mbind(start=0x7f5e70f09000, len=0, mode=0x3, nmask=0x8, maxnode=0x8000, flags=0x7f5e70e19ce0) end
             exe-1049981 [001] ..... 1635222.792261: tracing_mark_write: mbind(start=0x7f5e70ef9000, len=0, mode=0x3, nmask=0x1, maxnode=0x8000, flags=0x7f5e70e19ce0) start
             exe-1049981 [001] ..... 1635222.792263: sys_pwrite64 -> 0x63
             exe-1049981 [001] ..... 1635222.792269: sys_ptrace(request: 4205, pid: 1005aa, addr: 1, data: c000697c70)
             exe-1049981 [001] ..... 1635222.792273: sys_ptrace -> 0x0
             exe-1049981 [001] ..... 1635222.792275: sys_ptrace(request: 4205, pid: 1005aa, addr: 202, data: c000697c70)
             exe-1049981 [001] ..... 1635222.792285: sys_ptrace -> 0x0
             exe-1049981 [001] ..... 1635222.792292: sys_ptrace(request: 1f, pid: 1005aa, addr: 0, data: 0)
             exe-1049673 [003] ..... 1635222.792304: sys_nanosleep -> 0x0
             exe-1049981 [001] ..... 1635222.792305: sys_ptrace -> 0x0
             exe-1049673 [003] ..... 1635222.792306: sys_nanosleep(rqtp: c000069f10, rmtp: 0)
             exe-1049981 [001] ..... 1635222.792309: sys_wait4(upid: 1005aa, stat_addr: c000697bf4, options: 40000002, ru: 0)
             exe-1050026 [000] ..... 1635222.792320: sys_write -> 0x63
             exe-1049567 [003] ..... 1635222.792322: sys_nanosleep -> 0x0
             exe-1049567 [003] ..... 1635222.792328: sys_nanosleep(rqtp: c000069f10, rmtp: 0)
             exe-1049981 [001] ..... 1635222.792350: sys_wait4 -> 0x1005aa
             exe-1049981 [001] ..... 1635222.792354: sys_ptrace(request: 4204, pid: 1005aa, addr: 1, data: c000697c70)
             exe-1049981 [001] ..... 1635222.792359: sys_ptrace -> 0x0
             exe-1049981 [001] ..... 1635222.792361: sys_ptrace(request: 4204, pid: 1005aa, addr: 202, data: c000697c70)
             exe-1049981 [001] ..... 1635222.792365: sys_ptrace -> 0x0
