             exe-1050008 [001] ..... 1635215.818482: sys_ptrace(request: 4204, pid: 10059f, addr: 1, data: c000697c70)
             exe-1050008 [001] ..... 1635215.818486: sys_ptrace -> 0x0
             exe-1050008 [001] ..... 1635215.818487: sys_ptrace(request: 4204, pid: 10059f, addr: 202, data: c000697c70)
             exe-1050008 [001] ..... 1635215.818490: sys_ptrace -> 0x0
             exe-1050008 [001] ..... 1635215.818496: sys_ptrace(request: 4205, pid: 10059f, addr: 1, data: c000697c70)
             exe-1050008 [001] ..... 1635215.818498: sys_ptrace -> 0x0
             exe-1050008 [001] ..... 1635215.818500: sys_ptrace(request: 4205, pid: 10059f, addr: 202, data: c000697c70)
             exe-1050008 [001] ..... 1635215.818510: sys_ptrace -> 0x0
             exe-1050008 [001] ..... 1635215.818511: sys_ptrace(request: 1f, pid: 10059f, addr: 0, data: 0)
             exe-1050008 [001] .N... 1635215.818518: sys_ptrace -> 0x0
             exe-1049567 [003] ..... 1635215.818520: sys_nanosleep -> 0x0
             exe-1049567 [003] ..... 1635215.818526: sys_nanosleep(rqtp: c000069f10, rmtp: 0)
             exe-1050015 [001] ..... 1635215.818528: sys_mbind -> 0xffffffffffffffea
             exe-1050008 [001] ..... 1635215.818547: sys_wait4(upid: 10059f, stat_addr: c000697bf4, options: 40000002, ru: 0)
             exe-1050008 [001] ..... 1635215.818550: sys_wait4 -> 0x10059f
             exe-1050008 [001] ..... 1635215.818553: sys_ptrace(request: 4204, pid: 10059f, addr: 1, data: c000697c70)
             exe-1050008 [001] ..... 1635215.818556: sys_ptrace -> 0x0
             exe-1050008 [001] ..... 1635215.818558: sys_ptrace(request: 4204, pid: 10059f, addr: 202, data: c000697c70)
             exe-1050008 [001] ..... 1635215.818560: sys_ptrace -> 0x0
             exe-1050008 [001] ..... 1635215.818569: sys_pwrite64(fd: 63, buf: 7fd66c2cb080, count: 6c, pos: 6e)
             exe-1050008 [001] ..... 1635215.818571: tracing_mark_write: mbind(start=0x7f5e70f09000, len=0, mode=0x2, nmask=0x7f5e70ef8000, maxnode=0x8000, flags=0x7f5e70e19ce0) end
             exe-1050008 [001] ..... 1635215.895705: tracing_mark_write: mbind(start=0x7f5e70ef9000, len=0, mode=0x2, nmask=0x7f5e6ee00000, maxnode=0x8000, flags=0x7f5e70e19ce0) start
             exe-1050008 [001] ..... 1635215.895707: sys_pwrite64 -> 0x6e
             exe-1050008 [001] ..... 1635215.895714: sys_ptrace(request: 4205, pid: 10059f, addr: 1, data: c000697c70)
             exe-1050008 [001] ..... 1635215.895717: sys_ptrace -> 0x0
             exe-1050008 [001] ..... 1635215.895718: sys_ptrace(request: 4205, pid: 10059f, addr: 202, data: c000697c70)
             exe-1050008 [001] ..... 1635215.895730: sys_ptrace -> 0x0
             exe-1050008 [001] ..... 1635215.895731: sys_ptrace(request: 1f, pid: 10059f, addr: 0, data: 0)
             exe-1050008 [001] .N... 1635215.895739: sys_ptrace -> 0x0
             exe-1050015 [001] ..... 1635215.895750: sys_write -> 0x6e
             exe-1050008 [001] ..... 1635215.895770: sys_wait4(upid: 10059f, stat_addr: c000697bf4, options: 40000002, ru: 0)
             exe-1050008 [001] ..... 1635215.895773: sys_wait4 -> 0x10059f
             exe-1050008 [001] ..... 1635215.895775: sys_ptrace(request: 4204, pid: 10059f, addr: 1, data: c000697c70)
             exe-1050008 [001] ..... 1635215.895779: sys_ptrace -> 0x0
             exe-1050008 [001] ..... 1635215.895781: sys_ptrace(request: 4204, pid: 10059f, addr: 202, data: c000697c70)
             exe-1050008 [001] ..... 1635215.895783: sys_ptrace -> 0x0
             exe-1050008 [001] ..... 1635215.895790: sys_ptrace(request: 4205, pid: 10059f, addr: 1, data: c000697c70)
             exe-1050008 [001] ..... 1635215.895792: sys_ptrace -> 0x0
             exe-1050008 [001] ..... 1635215.895794: sys_ptrace(request: 4205, pid: 10059f, addr: 202, data: c000697c70)
             exe-1050008 [001] ..... 1635215.895803: sys_ptrace -> 0x0
             exe-1050008 [001] ..... 1635215.895805: sys_ptrace(request: 1f, pid: 10059f, addr: 0, data: 0)
             exe-1050008 [001] .N... 1635215.895812: sys_ptrace -> 0x0
             exe-1050015 [001] ..... 1635215.895822: sys_mbind -> 0xffffffffffffffea
             exe-1050008 [001] ..... 1635215.895841: sys_wait4(upid: 10059f, stat_addr: c000697bf4, options: 40000002, ru: 0)
             exe-1050008 [001] ..... 1635215.895844: sys_wait4 -> 0x10059f
             exe-1050008 [001] ..... 1635215.895846: sys_ptrace(request: 4204, pid: 10059f, addr: 1, data: c000697c70)
             exe-1050008 [001] ..... 1635215.895850: sys_ptrace -> 0x0
             exe-1050008 [001] ..... 1635215.895851: sys_ptrace(request: 4204, pid: 10059f, addr: 202, data: c000697c70)
             exe-1050008 [001] ..... 1635215.895853: sys_ptrace -> 0x0
             exe-1050008 [001] ..... 1635215.895862: sys_pwrite64(fd: 63, buf: 7fd66c2cb080, count: 6c, pos: 6e)
             exe-1050008 [001] ..... 1635215.895864: tracing_mark_write: mbind(start=0x7f5e70ef9000, len=0, mode=0x2, nmask=0x7f5e6ee00000, maxnode=0x8000, flags=0x7f5e70e19ce0) end
             exe-1050008 [001] ..... 1635215.982779: tracing_mark_write: mbind(start=0x7f5e70ef9000, len=0, mode=0x2, nmask=0x7f5e6ff00000, maxnode=0x8000, flags=0x7f5e70e19ce0) start
             exe-1050008 [001] ..... 1635215.982781: sys_pwrite64 -> 0x6e
             exe-1050008 [001] ..... 1635215.982787: sys_ptrace(request: 4205, pid: 10059f, addr: 1, data: c000697c70)
             exe-1050008 [001] ..... 1635215.982789: sys_ptrace -> 0x0
             exe-1050008 [001] ..... 1635215.982791: sys_ptrace(request: 4205, pid: 10059f, addr: 202, data: c000697c70)
             exe-1050008 [001] ..... 1635215.982800: sys_ptrace -> 0x0
             exe-1050008 [001] ..... 1635215.982802: sys_ptrace(request: 1f, pid: 10059f, addr: 0, data: 0)
             exe-1050008 [001] .N... 1635215.982809: sys_ptrace -> 0x0
             exe-1050015 [001] ..... 1635215.982819: sys_write -> 0x6e
             exe-1050008 [001] ..... 1635215.982837: sys_wait4(upid: 10059f, stat_addr: c000697bf4, options: 40000002, ru: 0)
             exe-1050008 [001] ..... 1635215.982840: sys_wait4 -> 0x10059f
             exe-1050008 [001] ..... 1635215.982842: sys_ptrace(request: 4204, pid: 10059f, addr: 1, data: c000697c70)
             exe-1050008 [001] ..... 1635215.982845: sys_ptrace -> 0x0
             exe-1050008 [001] ..... 1635215.982847: sys_ptrace(request: 4204, pid: 10059f, addr: 202, data: c000697c70)
             exe-1050008 [001] ..... 1635215.982849: sys_ptrace -> 0x0
             exe-1050008 [001] ..... 1635215.982855: sys_ptrace(request: 4205, pid: 10059f, addr: 1, data: c000697c70)
             exe-1050008 [001] ..... 1635215.982857: sys_ptrace -> 0x0
             exe-1050008 [001] ..... 1635215.982858: sys_ptrace(request: 4205, pid: 10059f, addr: 202, data: c000697c70)
             exe-1050008 [001] ..... 1635215.982867: sys_ptrace -> 0x0
             exe-1050008 [001] ..... 1635215.982868: sys_ptrace(request: 1f, pid: 10059f, addr: 0, data: 0)
             exe-1050008 [001] .N... 1635215.982874: sys_ptrace -> 0x0
             exe-1050015 [001] ..... 1635215.982884: sys_mbind -> 0xffffffffffffffea
             exe-1050008 [001] ..... 1635215.982902: sys_wait4(upid: 10059f, stat_addr: c000697bf4, options: 40000002, ru: 0)
             exe-1050008 [001] ..... 1635215.982904: sys_wait4 -> 0x10059f
             exe-1050008 [001] ..... 1635215.982906: sys_ptrace(request: 4204, pid: 10059f, addr: 1, data: c000697c70)
             exe-1050008 [001] ..... 1635215.982909: sys_ptrace -> 0x0
             exe-1050008 [001] ..... 1635215.982910: sys_ptrace(request: 4204, pid: 10059f, addr: 202, data: c000697c70)
             exe-1050008 [001] ..... 1635215.982913: sys_ptrace -> 0x0
             exe-1050008 [001] ..... 1635215.982921: sys_pwrite64(fd: 63, buf: 7fd66c2cb080, count: 6c, pos: 6e)
             exe-1050008 [001] ..... 1635215.982922: tracing_mark_write: mbind(start=0x7f5e70ef9000, len=0, mode=0x2, nmask=0x7f5e6ff00000, maxnode=0x8000, flags=0x7f5e70e19ce0) end
             exe-1050008 [001] ..... 1635216.051587: tracing_mark_write: mbind(start=0x7f5e6ee00000, len=0x6e000, mode=0x2, nmask=0x7f5e6f000000, maxnode=0x8000, flags=0x7f5e70e19ce0) start
             exe-1050008 [001] ..... 1635216.051589: sys_pwrite64 -> 0x74
             exe-1050008 [001] ..... 1635216.051596: sys_ptrace(request: 4205, pid: 10059f, addr: 1, data: c000697c70)
             exe-1050008 [001] .N... 1635216.051626: sys_ptrace -> 0x0
             exe-1049673 [001] ..... 1635216.051637: sys_nanosleep -> 0x0
             exe-1049673 [001] ..... 1635216.051642: sys_nanosleep(rqtp: c000069f10, rmtp: 0)
             exe-1049567 [003] ..... 1635216.051657: sys_nanosleep -> 0x0
             exe-1049567 [003] ..... 1635216.051659: sys_nanosleep(rqtp: c000069f10, rmtp: 0)
             exe-1050008 [001] ..... 1635216.051666: sys_ptrace(request: 4205, pid: 10059f, addr: 202, data: c000697c70)
             exe-1050008 [001] ..... 1635216.051684: sys_ptrace -> 0x0
             exe-1050008 [001] ..... 1635216.051686: sys_ptrace(request: 1f, pid: 10059f, addr: 0, data: 0)
             exe-1050008 [001] .N... 1635216.051692: sys_ptrace -> 0x0
             exe-1050015 [001] ..... 1635216.051704: sys_write -> 0x74
             exe-1049567 [003] ..... 1635216.051742: sys_nanosleep -> 0x0
             exe-1049567 [003] ..... 1635216.051744: sys_nanosleep(rqtp: c000069f10, rmtp: 0)
             exe-1049673 [001] ..... 1635216.051759: sys_nanosleep -> 0x0
             exe-1049673 [001] ..... 1635216.051764: sys_nanosleep(rqtp: c000069f10, rmtp: 0)
             exe-1050008 [001] ..... 1635216.051791: sys_wait4(upid: 10059f, stat_addr: c000697bf4, options: 40000002, ru: 0)
             exe-1050008 [001] ..... 1635216.051794: sys_wait4 -> 0x10059f
             exe-1050008 [001] ..... 1635216.051796: sys_ptrace(request: 4204, pid: 10059f, addr: 1, data: c000697c70)
             exe-1050008 [001] ..... 1635216.051800: sys_ptrace -> 0x0
             exe-1050008 [001] ..... 1635216.051801: sys_ptrace(request: 4204, pid: 10059f, addr: 202, data: c000697c70)
             exe-1050008 [001] ..... 1635216.051804: sys_ptrace -> 0x0
             exe-1050008 [001] ..... 1635216.051812: sys_ptrace(request: 4205, pid: 10059f, addr: 1, data: c000697c70)
             exe-1050008 [001] ..... 1635216.051815: sys_ptrace -> 0x0
             exe-1050008 [001] ..... 1635216.051816: sys_ptrace(request: 4205, pid: 10059f, addr: 202, data: c000697c70)
             exe-1050008 [001] ..... 1635216.051826: sys_ptrace -> 0x0
             exe-1049567 [003] ..... 1635216.051827: sys_nanosleep -> 0x0
             exe-1050008 [001] ..... 1635216.051828: sys_ptrace(request: 1f, pid: 10059f, addr: 0, data: 0)
             exe-1049567 [003] ..... 1635216.051829: sys_nanosleep(rqtp: c000069f10, rmtp: 0)
             exe-1050008 [001] .N... 1635216.051835: sys_ptrace -> 0x0
             exe-1050015 [001] ..... 1635216.051875: sys_mbind -> 0xffffffffffffffea
             exe-1049673 [001] ..... 1635216.051893: sys_nanosleep -> 0x0
             exe-1049673 [001] ..... 1635216.051899: sys_nanosleep(rqtp: c000069f10, rmtp: 0)
             exe-1049567 [003] ..... 1635216.051913: sys_nanosleep -> 0x0
             exe-1049567 [003] ..... 1635216.051915: sys_nanosleep(rqtp: c000069f10, rmtp: 0)
             exe-1050008 [001] ..... 1635216.051929: sys_wait4(upid: 10059f, stat_addr: c000697bf4, options: 40000002, ru: 0)
             exe-1050008 [001] ..... 1635216.051932: sys_wait4 -> 0x10059f
             exe-1050008 [001] ..... 1635216.051935: sys_ptrace(request: 4204, pid: 10059f, addr: 1, data: c000697c70)
             exe-1050008 [001] ..... 1635216.051940: sys_ptrace -> 0x0
             exe-1050008 [001] ..... 1635216.051941: sys_ptrace(request: 4204, pid: 10059f, addr: 202, data: c000697c70)
             exe-1050008 [001] ..... 1635216.051944: sys_ptrace -> 0x0
             exe-1050008 [001] ..... 1635216.051958: sys_pwrite64(fd: 63, buf: 7fd66c2cb080, count: 72, pos: 74)
             exe-1050008 [001] ..... 1635216.051961: tracing_mark_write: mbind(start=0x7f5e6ee00000, len=0x6e000, mode=0x2, nmask=0x7f5e6f000000, maxnode=0x8000, flags=0x7f5e70e19ce0) end
             exe-1050008 [001] ..... 1635216.127640: tracing_mark_write: mbind(start=0x7f5e70f09000, len=0, mode=0x2, nmask=0x4, maxnode=0x8000, flags=0x7f5e70e19ce0) start
             exe-1050008 [001] ..... 1635216.127642: sys_pwrite64 -> 0x63
             exe-1049567 [003] ..... 1635216.127646: sys_nanosleep(rqtp: c000069f10, rmtp: 0)
             exe-1050008 [001] ..... 1635216.127649: sys_ptrace(request: 4205, pid: 10059f, addr: 1, data: c000697c70)
             exe-1050008 [001] ..... 1635216.127652: sys_ptrace -> 0x0
             exe-1050008 [001] ..... 1635216.127653: sys_ptrace(request: 4205, pid: 10059f, addr: 202, data: c000697c70)
             exe-1050008 [001] ..... 1635216.127664: sys_ptrace -> 0x0
             exe-1050008 [001] ..... 1635216.127666: sys_ptrace(request: 1f, pid: 10059f, addr: 0, data: 0)
             exe-1050008 [001] .N... 1635216.127674: sys_ptrace -> 0x0
             exe-1050015 [001] ..... 1635216.127685: sys_write -> 0x63
             exe-1050008 [001] ..... 1635216.127705: sys_wait4(upid: 10059f, stat_addr: c000697bf4, options: 40000002, ru: 0)
             exe-1050008 [001] ..... 1635216.127708: sys_wait4 -> 0x10059f
             exe-1050008 [001] ..... 1635216.127710: sys_ptrace(request: 4204, pid: 10059f, addr: 1, data: c000697c70)
             exe-1050008 [001] ..... 1635216.127714: sys_ptrace -> 0x0
             exe-1050008 [001] ..... 1635216.127716: sys_ptrace(request: 4204, pid: 10059f, addr: 202, data: c000697c70)
             exe-1050008 [001] ..... 1635216.127718: sys_ptrace -> 0x0
             exe-1050008 [001] ..... 1635216.127725: sys_ptrace(request: 4205, pid: 10059f, addr: 1, data: c000697c70)
             exe-1050008 [001] ..... 1635216.127727: sys_ptrace -> 0x0
             exe-1050008 [001] ..... 1635216.127735: sys_ptrace(request: 4205, pid: 10059f, addr: 202, data: c000697c70)
             exe-1050008 [001] ..... 1635216.127745: sys_ptrace -> 0x0
             exe-1050008 [001] ..... 1635216.127747: sys_ptrace(request: 1f, pid: 10059f, addr: 0, data: 0)
             exe-1049567 [003] ..... 1635216.127748: sys_nanosleep -> 0x0
             exe-1049567 [003] ..... 1635216.127751: sys_nanosleep(rqtp: c000069f10, rmtp: 0)
             exe-1049673 [000] ..... 1635216.127752: sys_nanosleep -> 0x0
             exe-1050008 [001] .N... 1635216.127753: sys_ptrace -> 0x0
             exe-1049673 [000] ..... 1635216.127761: sys_nanosleep(rqtp: c000069f10, rmtp: 0)
             exe-1050015 [001] ..... 1635216.127764: sys_mbind -> 0xffffffffffffffea
             exe-1050008 [001] ..... 1635216.127784: sys_wait4(upid: 10059f, stat_addr: c000697bf4, options: 40000002, ru: 0)
             exe-1050008 [001] ..... 1635216.127786: sys_wait4 -> 0x10059f
             exe-1050008 [001] ..... 1635216.127789: sys_ptrace(request: 4204, pid: 10059f, addr: 1, data: c000697c70)
             exe-1050008 [001] ..... 1635216.127792: sys_ptrace -> 0x0
             exe-1050008 [001] ..... 1635216.127794: sys_ptrace(request: 4204, pid: 10059f, addr: 202, data: c000697c70)
             exe-1050008 [001] ..... 1635216.127796: sys_ptrace -> 0x0
             exe-1050008 [001] ..... 1635216.127806: sys_pwrite64(fd: 63, buf: 7fd66c2cb080, count: 61, pos: 63)
             exe-1050008 [001] ..... 1635216.127808: tracing_mark_write: mbind(start=0x7f5e70f09000, len=0, mode=0x2, nmask=0x4, maxnode=0x8000, flags=0x7f5e70e19ce0) end
             exe-1050008 [001] ..... 1635216.186123: tracing_mark_write: mbind(start=0x7f5e70ef9000, len=0, mode=0x2, nmask=0x4, maxnode=0x8000, flags=0x7f5e70e19ce0) start
             exe-1050008 [001] ..... 1635216.186124: sys_pwrite64 -> 0x63
             exe-1050008 [001] ..... 1635216.186131: sys_ptrace(request: 4205, pid: 10059f, addr: 1, data: c000697c70)
             exe-1050008 [001] ..... 1635216.186134: sys_ptrace -> 0x0
             exe-1050008 [001] ..... 1635216.186135: sys_ptrace(request: 4205, pid: 10059f, addr: 202, data: c000697c70)
             exe-1050008 [001] ..... 1635216.186146: sys_ptrace -> 0x0
             exe-1050008 [001] ..... 1635216.186148: sys_ptrace(request: 1f, pid: 10059f, addr: 0, data: 0)
             exe-1050008 [001] .N... 1635216.186156: sys_ptrace -> 0x0
             exe-1050015 [001] ..... 1635216.186167: sys_write -> 0x63
             exe-1050008 [001] ..... 1635216.186187: sys_wait4(upid: 10059f, stat_addr: c000697bf4, options: 40000002, ru: 0)
             exe-1050008 [001] ..... 1635216.186190: sys_wait4 -> 0x10059f
             exe-1050008 [001] ..... 1635216.186192: sys_ptrace(request: 4204, pid: 10059f, addr: 1, data: c000697c70)
             exe-1050008 [001] ..... 1635216.186196: sys_ptrace -> 0x0
             exe-1050008 [001] ..... 1635216.186197: sys_ptrace(request: 4204, pid: 10059f, addr: 202, data: c000697c70)
             exe-1050008 [001] ..... 1635216.186200: sys_ptrace -> 0x0
             exe-1050008 [001] ..... 1635216.186206: sys_ptrace(request: 4205, pid: 10059f, addr: 1, data: c000697c70)
             exe-1050008 [001] ..... 1635216.186209: sys_ptrace -> 0x0
             exe-1050008 [001] ..... 1635216.186210: sys_ptrace(request: 4205, pid: 10059f, addr: 202, data: c000697c70)
             exe-1049673 [000] ..... 1635216.186218: sys_nanosleep -> 0x0
             exe-1050008 [001] ..... 1635216.186219: sys_ptrace -> 0x0
             exe-1050008 [001] ..... 1635216.186222: sys_ptrace(request: 1f, pid: 10059f, addr: 0, data: 0)
             exe-1050008 [001] .N... 1635216.186229: sys_ptrace -> 0x0
             exe-1050015 [001] ..... 1635216.186239: sys_mbind -> 0xffffffffffffffea
             exe-1050008 [001] ..... 1635216.186258: sys_wait4(upid: 10059f, stat_addr: c000697bf4, options: 40000002, ru: 0)
             exe-1050008 [001] ..... 1635216.186261: sys_wait4 -> 0x10059f
             exe-1050008 [001] ..... 1635216.186263: sys_ptrace(request: 4204, pid: 10059f, addr: 1, data: c000697c70)
             exe-1050008 [001] ..... 1635216.186267: sys_ptrace -> 0x0
             exe-1050008 [001] ..... 1635216.186268: sys_ptrace(request: 4204, pid: 10059f, addr: 202, data: c000697c70)
             exe-1050008 [001] ..... 1635216.186271: sys_ptrace -> 0x0
             exe-1050008 [001] ..... 1635216.186280: sys_pwrite64(fd: 63, buf: 7fd66c2cb080, count: 61, pos: 63)
             exe-1050008 [001] ..... 1635216.186282: tracing_mark_write: mbind(start=0x7f5e70ef9000, len=0, mode=0x2, nmask=0x4, maxnode=0x8000, flags=0x7f5e70e19ce0) end
             exe-1050008 [001] ..... 1635216.255073: tracing_mark_write: mbind(start=0x7f5e70ef9000, len=0, mode=0x2, nmask=0x7f5e6ee00000, maxnode=0x8000, flags=0x7f5e70e19ce0) start
             exe-1050008 [001] ..... 1635216.255075: sys_pwrite64 -> 0x6e
             exe-1050008 [001] ..... 1635216.255082: sys_ptrace(request: 4205, pid: 10059f, addr: 1, data: c000697c70)
             exe-1050008 [001] ..... 1635216.255084: sys_ptrace -> 0x0
             exe-1050008 [001] ..... 1635216.255086: sys_ptrace(request: 4205, pid: 10059f, addr: 202, data: c000697c70)
             exe-1049567 [000] ..... 1635216.255090: sys_nanosleep -> 0x0
             exe-1049567 [000] ..... 1635216.255095: sys_nanosleep(rqtp: c000069f10, rmtp: 0)
             exe-1050008 [001] ..... 1635216.255097: sys_ptrace -> 0x0
             exe-1050008 [001] ..... 1635216.255099: sys_ptrace(request: 1f, pid: 10059f, addr: 0, data: 0)
             exe-1050008 [001] .N... 1635216.255107: sys_ptrace -> 0x0
             exe-1050015 [001] ..... 1635216.255118: sys_write -> 0x6e
             exe-1050008 [001] ..... 1635216.255138: sys_wait4(upid: 10059f, stat_addr: c000697bf4, options: 40000002, ru: 0)
             exe-1050008 [001] ..... 1635216.255141: sys_wait4 -> 0x10059f
             exe-1050008 [001] ..... 1635216.255143: sys_ptrace(request: 4204, pid: 10059f, addr: 1, data: c000697c70)
             exe-1050008 [001] ..... 1635216.255147: sys_ptrace -> 0x0
             exe-1050008 [001] ..... 1635216.255148: sys_ptrace(request: 4204, pid: 10059f, addr: 202, data: c000697c70)
             exe-1050008 [001] ..... 1635216.255151: sys_ptrace -> 0x0
             exe-1050008 [001] ..... 1635216.255157: sys_ptrace(request: 4205, pid: 10059f, addr: 1, data: c000697c70)
             exe-1050008 [001] ..... 1635216.255159: sys_ptrace -> 0x0
             exe-1050008 [001] ..... 1635216.255161: sys_ptrace(request: 4205, pid: 10059f, addr: 202, data: c000697c70)
             exe-1050008 [001] ..... 1635216.255170: sys_ptrace -> 0x0
             exe-1049673 [000] ..... 1635216.255171: sys_nanosleep -> 0x0
             exe-1050008 [001] ..... 1635216.255172: sys_ptrace(request: 1f, pid: 10059f, addr: 0, data: 0)
             exe-1049673 [000] ..... 1635216.255177: sys_nanosleep(rqtp: c000069f10, rmtp: 0)
             exe-1050008 [001] .N... 1635216.255179: sys_ptrace -> 0x0
             exe-1050015 [001] ..... 1635216.255189: sys_mbind -> 0xffffffffffffffea
             exe-1049567 [000] ..... 1635216.255200: sys_nanosleep -> 0x0
             exe-1049567 [000] ..... 1635216.255205: sys_nanosleep(rqtp: c000069f10, rmtp: 0)
             exe-1050008 [001] ..... 1635216.255208: sys_wait4(upid: 10059f, stat_addr: c000697bf4, options: 40000002, ru: 0)
             exe-1050008 [001] ..... 1635216.255211: sys_wait4 -> 0x10059f
             exe-1050008 [001] ..... 1635216.255213: sys_ptrace(request: 4204, pid: 10059f, addr: 1, data: c000697c70)
             exe-1050008 [001] ..... 1635216.255217: sys_ptrace -> 0x0
             exe-1050008 [001] ..... 1635216.255219: sys_ptrace(request: 4204, pid: 10059f, addr: 202, data: c000697c70)
             exe-1050008 [001] ..... 1635216.255221: sys_ptrace -> 0x0
             exe-1050008 [001] ..... 1635216.255231: sys_pwrite64(fd: 63, buf: 7fd66c2cb080, count: 6c, pos: 6e)
             exe-1050008 [001] ..... 1635216.255232: tracing_mark_write: mbind(start=0x7f5e70ef9000, len=0, mode=0x2, nmask=0x7f5e6ee00000, maxnode=0x8000, flags=0x7f5e70e19ce0) end
             exe-1050008 [003] ..... 1635216.327121: tracing_mark_write: mbind(start=0x7f5e70ef7000, len=0, mode=0x2, nmask=0x8, maxnode=0x8000, flags=0x7f5e70e19ce0) start
             exe-1050008 [003] ..... 1635216.327123: sys_pwrite64 -> 0x63
             exe-1050008 [003] ..... 1635216.327128: sys_ptrace(request: 4205, pid: 10059f, addr: 1, data: c000697c70)
             exe-1050008 [003] ..... 1635216.327130: sys_ptrace -> 0x0
             exe-1050008 [003] ..... 1635216.327132: sys_ptrace(request: 4205, pid: 10059f, addr: 202, data: c000697c70)
             exe-1050008 [003] ..... 1635216.327139: sys_ptrace -> 0x0
             exe-1050008 [003] ..... 1635216.327141: sys_ptrace(request: 1f, pid: 10059f, addr: 0, data: 0)
             exe-1050008 [003] ..... 1635216.327149: sys_ptrace -> 0x0
             exe-1050008 [003] ..... 1635216.327151: sys_wait4(upid: 10059f, stat_addr: c000697bf4, options: 40000002, ru: 0)
             exe-1050015 [001] ..... 1635216.327157: sys_write -> 0x63
             exe-1049673 [001] ..... 1635216.327172: sys_nanosleep -> 0x0
             exe-1050008 [003] ..... 1635216.327173: sys_wait4 -> 0x10059f
             exe-1050008 [003] ..... 1635216.327175: sys_ptrace(request: 4204, pid: 10059f, addr: 1, data: c000697c70)
             exe-1050008 [003] ..... 1635216.327178: sys_ptrace -> 0x0
             exe-1050008 [003] ..... 1635216.327179: sys_ptrace(request: 4204, pid: 10059f, addr: 202, data: c000697c70)
             exe-1049673 [001] ..... 1635216.327179: sys_futex(uaddr: 1f09dc0, op: 80, val: 0, utime: c000069eb0, uaddr2: 0, val3: 0)
             exe-1050008 [003] ..... 1635216.327181: sys_ptrace -> 0x0
             exe-1050008 [003] ..... 1635216.327186: sys_ptrace(request: 4205, pid: 10059f, addr: 1, data: c000697c70)
             exe-1050008 [003] ..... 1635216.327191: sys_ptrace -> 0x0
             exe-1050008 [003] ..... 1635216.327192: sys_ptrace(request: 4205, pid: 10059f, addr: 202, data: c000697c70)
             exe-1050008 [003] ..... 1635216.327199: sys_ptrace -> 0x0
             exe-1050008 [003] ..... 1635216.327200: sys_ptrace(request: 1f, pid: 10059f, addr: 0, data: 0)
             exe-1050008 [003] ..... 1635216.327206: sys_ptrace -> 0x0
             exe-1050008 [003] ..... 1635216.327208: sys_wait4(upid: 10059f, stat_addr: c000697bf4, options: 40000002, ru: 0)
             exe-1050015 [001] ..... 1635216.327223: sys_mbind -> 0xffffffffffffffea
             exe-1050008 [003] ..... 1635216.327247: sys_wait4 -> 0x10059f
             exe-1050008 [003] ..... 1635216.327249: sys_ptrace(request: 4204, pid: 10059f, addr: 1, data: c000697c70)
             exe-1050008 [003] ..... 1635216.327251: sys_ptrace -> 0x0
             exe-1050008 [003] ..... 1635216.327253: sys_ptrace(request: 4204, pid: 10059f, addr: 202, data: c000697c70)
             exe-1050008 [003] ..... 1635216.327255: sys_ptrace -> 0x0
             exe-1050008 [003] ..... 1635216.327260: sys_pwrite64(fd: 63, buf: 7fd66c2cb080, count: 61, pos: 63)
             exe-1050008 [003] ..... 1635216.327261: tracing_mark_write: mbind(start=0x7f5e70ef7000, len=0, mode=0x2, nmask=0x8, maxnode=0x8000, flags=0x7f5e70e19ce0) end
             exe-1050008 [003] ..... 1635216.414991: tracing_mark_write: mbind(start=0x7f5e70ef8000, len=0, mode=0x2, nmask=0x7f5e6f300000, maxnode=0x8000, flags=0x7f5e70e19ce0) start
             exe-1050008 [003] ..... 1635216.414993: sys_pwrite64 -> 0x6e
             exe-1050008 [003] ..... 1635216.415000: sys_ptrace(request: 4205, pid: 10059f, addr: 1, data: c000697c70)
             exe-1050008 [003] ..... 1635216.415003: sys_ptrace -> 0x0
             exe-1050008 [003] ..... 1635216.415005: sys_ptrace(request: 4205, pid: 10059f, addr: 202, data: c000697c70)
             exe-1050008 [003] ..... 1635216.415080: sys_ptrace -> 0x0
             exe-1050008 [003] ..... 1635216.415084: sys_ptrace(request: 1f, pid: 10059f, addr: 0, data: 0)
             exe-1050008 [003] ..... 1635216.415099: sys_ptrace -> 0x0
             exe-1050008 [003] ..... 1635216.415102: sys_wait4(upid: 10059f, stat_addr: c000697bf4, options: 40000002, ru: 0)
             exe-1050015 [001] ..... 1635216.415131: sys_write -> 0x6e
             exe-1049673 [001] ..... 1635216.415152: sys_nanosleep -> 0x0
             exe-1049673 [001] ..... 1635216.415157: sys_nanosleep(rqtp: c000069f10, rmtp: 0)
             exe-1050008 [003] ..... 1635216.415184: sys_wait4 -> 0x10059f
             exe-1050008 [003] ..... 1635216.415190: sys_ptrace(request: 4204, pid: 10059f, addr: 1, data: c000697c70)
             exe-1050008 [003] ..... 1635216.415194: sys_ptrace -> 0x0
             exe-1050008 [003] ..... 1635216.415196: sys_ptrace(request: 4204, pid: 10059f, addr: 202, data: c000697c70)
             exe-1050008 [003] ..... 1635216.415199: sys_ptrace -> 0x0
             exe-1050008 [003] ..... 1635216.415206: sys_ptrace(request: 4205, pid: 10059f, addr: 1, data: c000697c70)
             exe-1050008 [003] ..... 1635216.415209: sys_ptrace -> 0x0
             exe-1050008 [003] ..... 1635216.415210: sys_ptrace(request: 4205, pid: 10059f, addr: 202, data: c000697c70)
             exe-1050008 [003] ..... 1635216.415221: sys_ptrace -> 0x0
             exe-1050008 [003] ..... 1635216.415223: sys_ptrace(request: 1f, pid: 10059f, addr: 0, data: 0)
             exe-1050008 [003] ..... 1635216.415232: sys_ptrace -> 0x0
             exe-1050008 [003] ..... 1635216.415234: sys_wait4(upid: 10059f, stat_addr: c000697bf4, options: 40000002, ru: 0)
             exe-1050015 [001] ..... 1635216.415242: sys_mbind -> 0xffffffffffffffea
             exe-1050008 [003] .N... 1635216.415257: sys_wait4 -> 0x10059f
             exe-1050008 [003] ..... 1635216.415299: sys_ptrace(request: 4204, pid: 10059f, addr: 1, data: c000697c70)
             exe-1050008 [003] ..... 1635216.415304: sys_ptrace -> 0x0
             exe-1050008 [003] ..... 1635216.415305: sys_ptrace(request: 4204, pid: 10059f, addr: 202, data: c000697c70)
             exe-1050008 [003] ..... 1635216.415308: sys_ptrace -> 0x0
             exe-1050008 [003] ..... 1635216.415322: sys_pwrite64(fd: 63, buf: 7fd66c2cb080, count: 6c, pos: 6e)
             exe-1050008 [003] ..... 1635216.415324: tracing_mark_write: mbind(start=0x7f5e70ef8000, len=0, mode=0x2, nmask=0x7f5e6f300000, maxnode=0x8000, flags=0x7f5e70e19ce0) end
             exe-1050008 [002] ..... 1635216.502787: tracing_mark_write: mbind(start=0x7f5e70ef7000, len=0, mode=0x2, nmask=0x7f5e6ec00000, maxnode=0x8000, flags=0x7f5e70e19ce0) start
             exe-1050008 [002] ..... 1635216.502788: sys_pwrite64 -> 0x6e
             exe-1049567 [001] ..... 1635216.502835: sys_nanosleep -> 0x0
             exe-1049567 [001] ..... 1635216.502842: sys_getpid()
             exe-1049567 [001] ..... 1635216.502843: sys_getpid -> 0x1003ce
             exe-1049567 [001] ..... 1635216.502846: sys_tgkill(tgid: 1003ce, pid: 100598, sig: 17)
             exe-1049567 [001] ..... 1635216.502857: sys_tgkill -> 0x0
             exe-1049567 [001] ..... 1635216.502859: sys_nanosleep(rqtp: c000069f10, rmtp: 0)
             exe-1050008 [002] ..... 1635216.503068: sys_rt_sigreturn()
             exe-1050008 [002] ..... 1635216.503074: sys_futex(uaddr: c001f2d948, op: 81, val: 1, utime: 0, uaddr2: 0, val3: 0)
             exe-1050008 [002] ..... 1635216.503082: sys_futex -> 0x1
             exe-1050008 [002] ..... 1635216.503084: sys_futex(uaddr: c000435948, op: 80, val: 0, utime: 0, uaddr2: 0, val3: 0)
             exe-1050232 [000] ..... 1635216.503099: sys_futex -> 0x0
             exe-1050232 [000] ..... 1635216.503139: sys_futex(uaddr: c000435948, op: 81, val: 1, utime: 0, uaddr2: 0, val3: 0)
             exe-1050232 [000] ..... 1635216.503151: sys_futex -> 0x1
             exe-1050232 [000] ..... 1635216.503154: sys_futex(uaddr: c001f2d948, op: 80, val: 0, utime: 0, uaddr2: 0, val3: 0)
             exe-1050008 [002] ..... 1635216.503169: sys_futex -> 0x0
             exe-1050008 [002] ..... 1635216.503173: sys_ptrace(request: 4205, pid: 10059f, addr: 1, data: c000697c70)
             exe-1050008 [002] ..... 1635216.503176: sys_ptrace -> 0x0
             exe-1050008 [002] ..... 1635216.503178: sys_ptrace(request: 4205, pid: 10059f, addr: 202, data: c000697c70)
             exe-1050008 [002] ..... 1635216.503188: sys_ptrace -> 0x0
             exe-1050008 [002] ..... 1635216.503189: sys_ptrace(request: 1f, pid: 10059f, addr: 0, data: 0)
             exe-1050008 [002] .N... 1635216.503192: sys_ptrace -> 0x0
             exe-1050015 [002] ..... 1635216.503200: sys_write -> 0x6e
             exe-1050008 [002] ..... 1635216.503246: sys_wait4(upid: 10059f, stat_addr: c000697bf4, options: 40000002, ru: 0)
             exe-1050008 [002] ..... 1635216.503248: sys_wait4 -> 0x10059f
             exe-1050008 [002] ..... 1635216.503250: sys_ptrace(request: 4204, pid: 10059f, addr: 1, data: c000697c70)
             exe-1050008 [002] ..... 1635216.503253: sys_ptrace -> 0x0
             exe-1050008 [002] ..... 1635216.503254: sys_ptrace(request: 4204, pid: 10059f, addr: 202, data: c000697c70)
             exe-1050008 [002] ..... 1635216.503256: sys_ptrace -> 0x0
             exe-1050008 [002] ..... 1635216.503262: sys_ptrace(request: 4205, pid: 10059f, addr: 1, data: c000697c70)
             exe-1050008 [002] ..... 1635216.503264: sys_ptrace -> 0x0
             exe-1050008 [002] ..... 1635216.503265: sys_ptrace(request: 4205, pid: 10059f, addr: 202, data: c000697c70)
             exe-1050008 [002] ..... 1635216.503274: sys_ptrace -> 0x0
             exe-1050008 [002] ..... 1635216.503275: sys_ptrace(request: 1f, pid: 10059f, addr: 0, data: 0)
             exe-1050008 [002] .N... 1635216.503281: sys_ptrace -> 0x0
             exe-1050015 [002] ..... 1635216.503289: sys_mbind -> 0xffffffffffffffea
             exe-1050008 [002] ..... 1635216.503302: sys_wait4(upid: 10059f, stat_addr: c000697bf4, options: 40000002, ru: 0)
             exe-1050008 [002] ..... 1635216.503304: sys_wait4 -> 0x10059f
             exe-1050008 [002] ..... 1635216.503305: sys_ptrace(request: 4204, pid: 10059f, addr: 1, data: c000697c70)
             exe-1050008 [002] ..... 1635216.503307: sys_ptrace -> 0x0
             exe-1050008 [002] ..... 1635216.503308: sys_ptrace(request: 4204, pid: 10059f, addr: 202, data: c000697c70)
             exe-1050008 [002] ..... 1635216.503310: sys_ptrace -> 0x0
             exe-1050008 [002] ..... 1635216.503320: sys_pwrite64(fd: 63, buf: 7fd66c2cb080, count: 6c, pos: 6e)
             exe-1050008 [002] ..... 1635216.503322: tracing_mark_write: mbind(start=0x7f5e70ef7000, len=0, mode=0x2, nmask=0x7f5e6ec00000, maxnode=0x8000, flags=0x7f5e70e19ce0) end
             exe-1050008 [000] ..... 1635216.572201: tracing_mark_write: mbind(start=0x7f5e6ff00000, len=0x10000, mode=0x2, nmask=0x4, maxnode=0x8000, flags=0x7f5e70e19ce0) start
             exe-1050008 [000] ..... 1635216.572203: sys_pwrite64 -> 0x69
             exe-1050008 [000] ..... 1635216.572209: sys_ptrace(request: 4205, pid: 10059f, addr: 1, data: c000697c70)
             exe-1050008 [000] ..... 1635216.572211: sys_ptrace -> 0x0
             exe-1050008 [000] ..... 1635216.572212: sys_ptrace(request: 4205, pid: 10059f, addr: 202, data: c000697c70)
             exe-1050008 [000] ..... 1635216.572222: sys_ptrace -> 0x0
             exe-1050008 [000] ..... 1635216.572223: sys_ptrace(request: 1f, pid: 10059f, addr: 0, data: 0)
             exe-1050008 [000] .N... 1635216.572248: sys_ptrace -> 0x0
             exe-1050015 [001] ..... 1635216.572250: sys_write -> 0x69
             exe-1049567 [001] ..... 1635216.572264: sys_nanosleep -> 0x0
             exe-1049567 [001] ..... 1635216.572268: sys_nanosleep(rqtp: c000069f10, rmtp: 0)
             exe-1050008 [000] ..... 1635216.572283: sys_wait4(upid: 10059f, stat_addr: c000697bf4, options: 40000002, ru: 0)
             exe-1050008 [000] ..... 1635216.572285: sys_wait4 -> 0x10059f
             exe-1050008 [000] ..... 1635216.572287: sys_ptrace(request: 4204, pid: 10059f, addr: 1, data: c000697c70)
             exe-1050008 [000] ..... 1635216.572291: sys_ptrace -> 0x0
             exe-1050008 [000] ..... 1635216.572292: sys_ptrace(request: 4204, pid: 10059f, addr: 202, data: c000697c70)
             exe-1050008 [000] ..... 1635216.572294: sys_ptrace -> 0x0
             exe-1050008 [000] ..... 1635216.572301: sys_ptrace(request: 4205, pid: 10059f, addr: 1, data: c000697c70)
             exe-1050008 [000] ..... 1635216.572303: sys_ptrace -> 0x0
             exe-1050008 [000] ..... 1635216.572304: sys_ptrace(request: 4205, pid: 10059f, addr: 202, data: c000697c70)
             exe-1050008 [000] ..... 1635216.572312: sys_ptrace -> 0x0
             exe-1050008 [000] ..... 1635216.572314: sys_ptrace(request: 1f, pid: 10059f, addr: 0, data: 0)
             exe-1050008 [000] ..... 1635216.572321: sys_ptrace -> 0x0
             exe-1050008 [000] ..... 1635216.572323: sys_wait4(upid: 10059f, stat_addr: c000697bf4, options: 40000002, ru: 0)
             exe-1050015 [001] ..... 1635216.572332: sys_mbind -> 0xffffffffffffffea
             exe-1050008 [000] ..... 1635216.572383: sys_wait4 -> 0x10059f
             exe-1050008 [000] ..... 1635216.572388: sys_ptrace(request: 4204, pid: 10059f, addr: 1, data: c000697c70)
             exe-1050008 [000] ..... 1635216.572392: sys_ptrace -> 0x0
             exe-1050008 [000] ..... 1635216.572393: sys_ptrace(request: 4204, pid: 10059f, addr: 202, data: c000697c70)
             exe-1050008 [000] ..... 1635216.572395: sys_ptrace -> 0x0
             exe-1050008 [000] ..... 1635216.572408: sys_pwrite64(fd: 63, buf: 7fd66c2cb080, count: 67, pos: 69)
             exe-1050008 [000] ..... 1635216.572410: tracing_mark_write: mbind(start=0x7f5e6ff00000, len=0x10000, mode=0x2, nmask=0x4, maxnode=0x8000, flags=0x7f5e70e19ce0) end
             exe-1050008 [000] ..... 1635216.629253: tracing_mark_write: mbind(start=0x7f5e70f08000, len=0, mode=0x2, nmask=0x7f5e70f09000, maxnode=0x8000, flags=0x7f5e70e19ce0) start
             exe-1050008 [000] ..... 1635216.629255: sys_pwrite64 -> 0x6e
             exe-1050008 [000] ..... 1635216.629263: sys_ptrace(request: 4205, pid: 10059f, addr: 1, data: c000697c70)
             exe-1050008 [000] .N... 1635216.629294: sys_ptrace -> 0x0
             exe-1050008 [000] ..... 1635216.629339: sys_ptrace(request: 4205, pid: 10059f, addr: 202, data: c000697c70)
             exe-1050008 [000] ..... 1635216.629353: sys_ptrace -> 0x0
             exe-1050008 [000] ..... 1635216.629355: sys_ptrace(request: 1f, pid: 10059f, addr: 0, data: 0)
             exe-1050008 [000] ..... 1635216.629371: sys_ptrace -> 0x0
             exe-1050008 [000] ..... 1635216.629375: sys_wait4(upid: 10059f, stat_addr: c000697bf4, options: 40000002, ru: 0)
             exe-1050015 [001] ..... 1635216.629399: sys_write -> 0x6e
             exe-1050008 [000] ..... 1635216.629453: sys_wait4 -> 0x10059f
             exe-1050008 [000] ..... 1635216.629459: sys_ptrace(request: 4204, pid: 10059f, addr: 1, data: c000697c70)
             exe-1050008 [000] ..... 1635216.629464: sys_ptrace -> 0x0
             exe-1050008 [000] ..... 1635216.629466: sys_ptrace(request: 4204, pid: 10059f, addr: 202, data: c000697c70)
             exe-1050008 [000] ..... 1635216.629468: sys_ptrace -> 0x0
             exe-1050008 [000] ..... 1635216.629477: sys_ptrace(request: 4205, pid: 10059f, addr: 1, data: c000697c70)
             exe-1050008 [000] ..... 1635216.629480: sys_ptrace -> 0x0
             exe-1050008 [000] ..... 1635216.629481: sys_ptrace(request: 4205, pid: 10059f, addr: 202, data: c000697c70)
             exe-1050008 [000] ..... 1635216.629493: sys_ptrace -> 0x0
             exe-1050008 [000] ..... 1635216.629494: sys_ptrace(request: 1f, pid: 10059f, addr: 0, data: 0)
             exe-1050015 [001] ..... 1635216.629529: sys_mbind -> 0xffffffffffffffea
             exe-1050008 [000] .N... 1635216.629531: sys_ptrace -> 0x0
             exe-1049567 [001] ..... 1635216.629588: sys_nanosleep -> 0x0
             exe-1050008 [000] ..... 1635216.629590: sys_wait4(upid: 10059f, stat_addr: c000697bf4, options: 40000002, ru: 0)
             exe-1050008 [000] ..... 1635216.629594: sys_wait4 -> 0x10059f
             exe-1049567 [001] ..... 1635216.629595: sys_nanosleep(rqtp: c000069f10, rmtp: 0)
             exe-1050008 [000] ..... 1635216.629597: sys_ptrace(request: 4204, pid: 10059f, addr: 1, data: c000697c70)
             exe-1050008 [000] ..... 1635216.629607: sys_ptrace -> 0x0
             exe-1050008 [000] ..... 1635216.629609: sys_ptrace(request: 4204, pid: 10059f, addr: 202, data: c000697c70)
             exe-1050008 [000] ..... 1635216.629611: sys_ptrace -> 0x0
             exe-1049673 [002] ..... 1635216.629618: sys_nanosleep -> 0x0
             exe-1049673 [002] ..... 1635216.629620: sys_nanosleep(rqtp: c000069f10, rmtp: 0)
             exe-1050008 [000] ..... 1635216.629699: sys_pwrite64(fd: 63, buf: 7fd66c2cb080, count: 6c, pos: 6e)
             exe-1050008 [000] ..... 1635216.629701: tracing_mark_write: mbind(start=0x7f5e70f08000, len=0, mode=0x2, nmask=0x7f5e70f09000, maxnode=0x8000, flags=0x7f5e70e19ce0) end
             exe-1050008 [000] ..... 1635216.703694: tracing_mark_write: mbind(start=0x7f5e70f08000, len=0, mode=0x2, nmask=0x7f5e70f09000, maxnode=0x8000, flags=0x7f5e70e19ce0) start
             exe-1050008 [000] ..... 1635216.703696: sys_pwrite64 -> 0x6e
             exe-1050008 [000] ..... 1635216.703704: sys_ptrace(request: 4205, pid: 10059f, addr: 1, data: c000697c70)
             exe-1049673 [002] ..... 1635216.703718: sys_nanosleep -> 0x0
             exe-1049673 [002] ..... 1635216.703723: sys_nanosleep(rqtp: c000069f10, rmtp: 0)
             exe-1050008 [000] .N... 1635216.703736: sys_ptrace -> 0x0
             exe-1049567 [002] ..... 1635216.703742: sys_nanosleep -> 0x0
             exe-1049567 [002] ..... 1635216.703747: sys_nanosleep(rqtp: c000069f10, rmtp: 0)
             exe-1050008 [000] ..... 1635216.703784: sys_ptrace(request: 4205, pid: 10059f, addr: 202, data: c000697c70)
             exe-1050008 [000] ..... 1635216.703797: sys_ptrace -> 0x0
             exe-1050008 [000] ..... 1635216.703800: sys_ptrace(request: 1f, pid: 10059f, addr: 0, data: 0)
             exe-1050008 [000] ..... 1635216.703814: sys_ptrace -> 0x0
             exe-1050008 [000] ..... 1635216.703818: sys_wait4(upid: 10059f, stat_addr: c000697bf4, options: 40000002, ru: 0)
             exe-1049673 [002] ..... 1635216.703826: sys_nanosleep -> 0x0
             exe-1050015 [001] ..... 1635216.703829: sys_write -> 0x6e
             exe-1049673 [002] ..... 1635216.703831: sys_nanosleep(rqtp: c000069f10, rmtp: 0)
             exe-1049567 [002] ..... 1635216.703850: sys_nanosleep -> 0x0
             exe-1049567 [002] ..... 1635216.703854: sys_nanosleep(rqtp: c000069f10, rmtp: 0)
             exe-1050008 [000] ..... 1635216.703890: sys_wait4 -> 0x10059f
             exe-1050008 [000] ..... 1635216.703896: sys_ptrace(request: 4204, pid: 10059f, addr: 1, data: c000697c70)
             exe-1050008 [000] ..... 1635216.703901: sys_ptrace -> 0x0
             exe-1050008 [000] ..... 1635216.703903: sys_ptrace(request: 4204, pid: 10059f, addr: 202, data: c000697c70)
             exe-1050008 [000] ..... 1635216.703905: sys_ptrace -> 0x0
             exe-1050008 [000] ..... 1635216.703913: sys_ptrace(request: 4205, pid: 10059f, addr: 1, data: c000697c70)
             exe-1050008 [000] ..... 1635216.703916: sys_ptrace -> 0x0
             exe-1050008 [000] ..... 1635216.703917: sys_ptrace(request: 4205, pid: 10059f, addr: 202, data: c000697c70)
             exe-1050008 [000] ..... 1635216.703929: sys_ptrace -> 0x0
             exe-1050008 [000] ..... 1635216.703931: sys_ptrace(request: 1f, pid: 10059f, addr: 0, data: 0)
             exe-1049673 [002] ..... 1635216.703933: sys_nanosleep -> 0x0
             exe-1049673 [002] ..... 1635216.703938: sys_nanosleep(rqtp: c000069f10, rmtp: 0)
             exe-1049567 [002] ..... 1635216.703957: sys_nanosleep -> 0x0
             exe-1050015 [001] ..... 1635216.703960: sys_mbind -> 0xffffffffffffffea
             exe-1049567 [002] ..... 1635216.703961: sys_nanosleep(rqtp: c000069f10, rmtp: 0)
             exe-1050008 [000] .N... 1635216.703967: sys_ptrace -> 0x0
             exe-1050008 [000] ..... 1635216.704011: sys_wait4(upid: 10059f, stat_addr: c000697bf4, options: 40000002, ru: 0)
             exe-1050008 [000] ..... 1635216.704015: sys_wait4 -> 0x10059f
             exe-1050008 [000] ..... 1635216.704017: sys_ptrace(request: 4204, pid: 10059f, addr: 1, data: c000697c70)
             exe-1050008 [000] ..... 1635216.704021: sys_ptrace -> 0x0
             exe-1050008 [000] ..... 1635216.704023: sys_ptrace(request: 4204, pid: 10059f, addr: 202, data: c000697c70)
             exe-1050008 [000] ..... 1635216.704026: sys_ptrace -> 0x0
             exe-1049673 [002] ..... 1635216.704040: sys_nanosleep -> 0x0
             exe-1050008 [000] ..... 1635216.704042: sys_pwrite64(fd: 63, buf: 7fd66c2cb080, count: 6c, pos: 6e)
             exe-1050008 [000] ..... 1635216.704044: tracing_mark_write: mbind(start=0x7f5e70f08000, len=0, mode=0x2, nmask=0x7f5e70f09000, maxnode=0x8000, flags=0x7f5e70e19ce0) end
             exe-1050008 [000] ..... 1635216.770936: tracing_mark_write: mbind(start=0x7f5e6ec00000, len=0x160000, mode=0x2, nmask=0x8, maxnode=0x8000, flags=0x7f5e70e19ce0) start
             exe-1050008 [000] ..... 1635216.770938: sys_pwrite64 -> 0x6a
             exe-1050008 [000] ..... 1635216.770944: sys_ptrace(request: 4205, pid: 10059f, addr: 1, data: c000697c70)
             exe-1049673 [001] ..... 1635216.770950: sys_nanosleep -> 0x0
             exe-1050008 [000] ..... 1635216.770955: sys_ptrace -> 0x0
             exe-1049567 [002] ..... 1635216.770955: sys_nanosleep -> 0x0
             exe-1049673 [001] ..... 1635216.770956: sys_nanosleep(rqtp: c000069f10, rmtp: 0)
             exe-1050008 [000] ..... 1635216.770957: sys_ptrace(request: 4205, pid: 10059f, addr: 202, data: c000697c70)
             exe-1049567 [002] ..... 1635216.770957: sys_nanosleep(rqtp: c000069f10, rmtp: 0)
             exe-1050008 [000] ..... 1635216.770964: sys_ptrace -> 0x0
             exe-1050008 [000] ..... 1635216.770966: sys_ptrace(request: 1f, pid: 10059f, addr: 0, data: 0)
             exe-1050008 [000] ..... 1635216.770975: sys_ptrace -> 0x0
             exe-1050008 [000] ..... 1635216.770977: sys_wait4(upid: 10059f, stat_addr: c000697bf4, options: 40000002, ru: 0)
             exe-1050015 [001] ..... 1635216.770989: sys_write -> 0x6a
             exe-1050008 [000] ..... 1635216.771008: sys_wait4 -> 0x10059f
             exe-1050008 [000] ..... 1635216.771011: sys_ptrace(request: 4204, pid: 10059f, addr: 1, data: c000697c70)
             exe-1050008 [000] ..... 1635216.771013: sys_ptrace -> 0x0
             exe-1050008 [000] ..... 1635216.771014: sys_ptrace(request: 4204, pid: 10059f, addr: 202, data: c000697c70)
             exe-1050008 [000] ..... 1635216.771017: sys_ptrace -> 0x0
             exe-1050008 [000] ..... 1635216.771021: sys_ptrace(request: 4205, pid: 10059f, addr: 1, data: c000697c70)
             exe-1050008 [000] ..... 1635216.771024: sys_ptrace -> 0x0
             exe-1050008 [000] ..... 1635216.771025: sys_ptrace(request: 4205, pid: 10059f, addr: 202, data: c000697c70)
             exe-1050008 [000] ..... 1635216.771032: sys_ptrace -> 0x0
             exe-1050008 [000] ..... 1635216.771034: sys_ptrace(request: 1f, pid: 10059f, addr: 0, data: 0)
             exe-1050008 [000] ..... 1635216.771040: sys_ptrace -> 0x0
             exe-1050008 [000] ..... 1635216.771042: sys_wait4(upid: 10059f, stat_addr: c000697bf4, options: 40000002, ru: 0)
             exe-1049567 [002] ..... 1635216.771046: sys_nanosleep -> 0x0
             exe-1049567 [002] ..... 1635216.771048: sys_nanosleep(rqtp: c000069f10, rmtp: 0)
             exe-1050015 [001] ..... 1635216.771058: sys_mbind -> 0xffffffffffffffea
             exe-1050008 [000] ..... 1635216.771072: sys_wait4 -> 0x10059f
             exe-1050008 [000] ..... 1635216.771075: sys_ptrace(request: 4204, pid: 10059f, addr: 1, data: c000697c70)
             exe-1049673 [001] ..... 1635216.771082: sys_nanosleep -> 0x0
             exe-1050008 [000] ..... 1635216.771084: sys_ptrace -> 0x0
             exe-1050008 [000] ..... 1635216.771085: sys_ptrace(request: 4204, pid: 10059f, addr: 202, data: c000697c70)
             exe-1050008 [000] ..... 1635216.771088: sys_ptrace -> 0x0
             exe-1049673 [001] ..... 1635216.771088: sys_nanosleep(rqtp: c000069f10, rmtp: 0)
             exe-1050008 [000] ..... 1635216.771093: sys_pwrite64(fd: 63, buf: 7fd66c2cb080, count: 68, pos: 6a)
             exe-1050008 [000] ..... 1635216.771094: tracing_mark_write: mbind(start=0x7f5e6ec00000, len=0x160000, mode=0x2, nmask=0x8, maxnode=0x8000, flags=0x7f5e70e19ce0) end
             exe-1050008 [000] ..... 1635216.840946: tracing_mark_write: mbind(start=0x7f5e70f08000, len=0, mode=0x2, nmask=0x7f5e6ec00000, maxnode=0x8000, flags=0x7f5e70e19ce0) start
             exe-1050008 [000] ..... 1635216.840948: sys_pwrite64 -> 0x6e
             exe-1050008 [000] ..... 1635216.840953: sys_ptrace(request: 4205, pid: 10059f, addr: 1, data: c000697c70)
             exe-1049673 [001] ..... 1635216.840959: sys_nanosleep -> 0x0
             exe-1050008 [000] ..... 1635216.840962: sys_ptrace -> 0x0
             exe-1050008 [000] ..... 1635216.840963: sys_ptrace(request: 4205, pid: 10059f, addr: 202, data: c000697c70)
             exe-1049673 [001] ..... 1635216.840966: sys_futex(uaddr: 1f09dc0, op: 80, val: 0, utime: c000069eb0, uaddr2: 0, val3: 0)
             exe-1050008 [000] ..... 1635216.840972: sys_ptrace -> 0x0
             exe-1050008 [000] ..... 1635216.840974: sys_ptrace(request: 1f, pid: 10059f, addr: 0, data: 0)
             exe-1050008 [000] ..... 1635216.840981: sys_ptrace -> 0x0
             exe-1050008 [000] ..... 1635216.840983: sys_wait4(upid: 10059f, stat_addr: c000697bf4, options: 40000002, ru: 0)
             exe-1050015 [001] ..... 1635216.840996: sys_write -> 0x6e
             exe-1050008 [000] ..... 1635216.841015: sys_wait4 -> 0x10059f
             exe-1050008 [000] ..... 1635216.841017: sys_ptrace(request: 4204, pid: 10059f, addr: 1, data: c000697c70)
             exe-1050008 [000] ..... 1635216.841020: sys_ptrace -> 0x0
             exe-1050008 [000] ..... 1635216.841021: sys_ptrace(request: 4204, pid: 10059f, addr: 202, data: c000697c70)
             exe-1050008 [000] ..... 1635216.841023: sys_ptrace -> 0x0
             exe-1050008 [000] ..... 1635216.841027: sys_ptrace(request: 4205, pid: 10059f, addr: 1, data: c000697c70)
             exe-1050008 [000] ..... 1635216.841030: sys_ptrace -> 0x0
             exe-1050008 [000] ..... 1635216.841031: sys_ptrace(request: 4205, pid: 10059f, addr: 202, data: c000697c70)
             exe-1050008 [000] ..... 1635216.841037: sys_ptrace -> 0x0
             exe-1050008 [000] ..... 1635216.841038: sys_ptrace(request: 1f, pid: 10059f, addr: 0, data: 0)
             exe-1050008 [000] ..... 1635216.841044: sys_ptrace -> 0x0
             exe-1050008 [000] ..... 1635216.841046: sys_wait4(upid: 10059f, stat_addr: c000697bf4, options: 40000002, ru: 0)
             exe-1050015 [001] ..... 1635216.841053: sys_mbind -> 0xffffffffffffffea
             exe-1050008 [000] ..... 1635216.841066: sys_wait4 -> 0x10059f
             exe-1050008 [000] ..... 1635216.841069: sys_ptrace(request: 4204, pid: 10059f, addr: 1, data: c000697c70)
             exe-1050008 [000] ..... 1635216.841071: sys_ptrace -> 0x0
             exe-1050008 [000] ..... 1635216.841072: sys_ptrace(request: 4204, pid: 10059f, addr: 202, data: c000697c70)
