             exe-1050008 [002] ..... 1635220.902497: sys_pwrite64(fd: 63, buf: 7fd66c2cb080, count: 61, pos: 63)
             exe-1050008 [002] ..... 1635220.902498: tracing_mark_write: mbind(start=0x7f5e70f0a000, len=0, mode=0x1, nmask=0x0, maxnode=0x8000, flags=0x7f5e70e19ce0) end
             exe-1050008 [002] ..... 1635220.966676: tracing_mark_write: mbind(start=0x7f5e6ec00000, len=0xb4000, mode=0x1, nmask=0x1, maxnode=0x8000, flags=0x7f5e70e19ce0) start
             exe-1050008 [002] ..... 1635220.966678: sys_pwrite64 -> 0x69
             exe-1050008 [002] ..... 1635220.966684: sys_ptrace(request: 4205, pid: 10059f, addr: 1, data: c000697c70)
             exe-1050008 [002] ..... 1635220.966687: sys_ptrace -> 0x0
             exe-1050008 [002] ..... 1635220.966688: sys_ptrace(request: 4205, pid: 10059f, addr: 202, data: c000697c70)
             exe-1050008 [002] ..... 1635220.966698: sys_ptrace -> 0x0
             exe-1050008 [002] ..... 1635220.966700: sys_ptrace(request: 1f, pid: 10059f, addr: 0, data: 0)
             exe-1050008 [002] .N... 1635220.966707: sys_ptrace -> 0x0
             exe-1050015 [002] ..... 1635220.966717: sys_write -> 0x69
             exe-1050008 [002] ..... 1635220.966735: sys_wait4(upid: 10059f, stat_addr: c000697bf4, options: 40000002, ru: 0)
             exe-1050008 [002] ..... 1635220.966738: sys_wait4 -> 0x10059f
             exe-1050008 [002] ..... 1635220.966740: sys_ptrace(request: 4204, pid: 10059f, addr: 1, data: c000697c70)
             exe-1050008 [002] ..... 1635220.966743: sys_ptrace -> 0x0
             exe-1050008 [002] ..... 1635220.966745: sys_ptrace(request: 4204, pid: 10059f, addr: 202, data: c000697c70)
             exe-1050008 [002] ..... 1635220.966747: sys_ptrace -> 0x0
             exe-1050008 [002] ..... 1635220.966753: sys_ptrace(request: 4205, pid: 10059f, addr: 1, data: c000697c70)
             exe-1050008 [002] ..... 1635220.966755: sys_ptrace -> 0x0
             exe-1050008 [002] ..... 1635220.966756: sys_ptrace(request: 4205, pid: 10059f, addr: 202, data: c000697c70)
             exe-1049673 [000] ..... 1635220.966759: sys_nanosleep -> 0x0
             exe-1049673 [000] ..... 1635220.966765: sys_nanosleep(rqtp: c000069f10, rmtp: 0)
             exe-1050008 [002] ..... 1635220.966767: sys_ptrace -> 0x0
             exe-1050008 [002] ..... 1635220.966768: sys_ptrace(request: 1f, pid: 10059f, addr: 0, data: 0)
             exe-1050008 [002] .N... 1635220.966774: sys_ptrace -> 0x0
             exe-1050015 [002] ..... 1635220.966784: sys_mbind -> 0xffffffffffffffea
             exe-1049567 [000] ..... 1635220.966785: sys_nanosleep -> 0x0
             exe-1049567 [000] ..... 1635220.966790: sys_nanosleep(rqtp: c000069f10, rmtp: 0)
             exe-1050008 [002] ..... 1635220.966802: sys_wait4(upid: 10059f, stat_addr: c000697bf4, options: 40000002, ru: 0)
             exe-1050008 [002] ..... 1635220.966804: sys_wait4 -> 0x10059f
             exe-1050008 [002] ..... 1635220.966806: sys_ptrace(request: 4204, pid: 10059f, addr: 1, data: c000697c70)
             exe-1050008 [002] ..... 1635220.966810: sys_ptrace -> 0x0
             exe-1050008 [002] ..... 1635220.966812: sys_ptrace(request: 4204, pid: 10059f, addr: 202, data: c000697c70)
             exe-1050008 [002] ..... 1635220.966814: sys_ptrace -> 0x0
             exe-1050008 [002] ..... 1635220.966823: sys_pwrite64(fd: 63, buf: 7fd66c2cb080, count: 67, pos: 69)
             exe-1050008 [002] ..... 1635220.966824: tracing_mark_write: mbind(start=0x7f5e6ec00000, len=0xb4000, mode=0x1, nmask=0x1, maxnode=0x8000, flags=0x7f5e70e19ce0) end
             exe-1050008 [002] ..... 1635221.023030: tracing_mark_write: mbind(start=0x7f5e70ef7000, len=0, mode=0x1, nmask=0x1, maxnode=0x8000, flags=0x7f5e70e19ce0) start
             exe-1050008 [002] ..... 1635221.023031: sys_pwrite64 -> 0x63
             exe-1050008 [002] ..... 1635221.023038: sys_ptrace(request: 4205, pid: 10059f, addr: 1, data: c000697c70)
             exe-1050008 [002] ..... 1635221.023041: sys_ptrace -> 0x0
             exe-1050008 [002] ..... 1635221.023042: sys_ptrace(request: 4205, pid: 10059f, addr: 202, data: c000697c70)
             exe-1050008 [002] ..... 1635221.023054: sys_ptrace -> 0x0
             exe-1050008 [002] ..... 1635221.023056: sys_ptrace(request: 1f, pid: 10059f, addr: 0, data: 0)
             exe-1050008 [002] .N... 1635221.023063: sys_ptrace -> 0x0
             exe-1050015 [002] ..... 1635221.023075: sys_write -> 0x63
             exe-1050008 [002] ..... 1635221.023095: sys_wait4(upid: 10059f, stat_addr: c000697bf4, options: 40000002, ru: 0)
             exe-1050008 [002] ..... 1635221.023097: sys_wait4 -> 0x10059f
             exe-1050008 [002] ..... 1635221.023100: sys_ptrace(request: 4204, pid: 10059f, addr: 1, data: c000697c70)
             exe-1049567 [000] ..... 1635221.023100: sys_nanosleep -> 0x0
             exe-1050008 [002] ..... 1635221.023103: sys_ptrace -> 0x0
             exe-1050008 [002] ..... 1635221.023105: sys_ptrace(request: 4204, pid: 10059f, addr: 202, data: c000697c70)
             exe-1049567 [000] ..... 1635221.023105: sys_nanosleep(rqtp: c000069f10, rmtp: 0)
             exe-1050008 [002] ..... 1635221.023107: sys_ptrace -> 0x0
             exe-1050008 [002] ..... 1635221.023114: sys_ptrace(request: 4205, pid: 10059f, addr: 1, data: c000697c70)
             exe-1050008 [002] ..... 1635221.023116: sys_ptrace -> 0x0
             exe-1050008 [002] ..... 1635221.023118: sys_ptrace(request: 4205, pid: 10059f, addr: 202, data: c000697c70)
             exe-1050008 [002] ..... 1635221.023127: sys_ptrace -> 0x0
             exe-1049673 [000] ..... 1635221.023128: sys_nanosleep -> 0x0
             exe-1050008 [002] ..... 1635221.023129: sys_ptrace(request: 1f, pid: 10059f, addr: 0, data: 0)
             exe-1049673 [000] ..... 1635221.023133: sys_nanosleep(rqtp: c000069f10, rmtp: 0)
             exe-1050008 [002] .N... 1635221.023135: sys_ptrace -> 0x0
             exe-1050015 [002] ..... 1635221.023145: sys_mbind -> 0xffffffffffffffea
             exe-1050008 [002] ..... 1635221.023165: sys_wait4(upid: 10059f, stat_addr: c000697bf4, options: 40000002, ru: 0)
             exe-1050008 [002] ..... 1635221.023167: sys_wait4 -> 0x10059f
             exe-1050008 [002] ..... 1635221.023170: sys_ptrace(request: 4204, pid: 10059f, addr: 1, data: c000697c70)
             exe-1050008 [002] ..... 1635221.023173: sys_ptrace -> 0x0
             exe-1050008 [002] ..... 1635221.023175: sys_ptrace(request: 4204, pid: 10059f, addr: 202, data: c000697c70)
             exe-1050008 [002] ..... 1635221.023178: sys_ptrace -> 0x0
             exe-1050008 [002] ..... 1635221.023186: sys_pwrite64(fd: 63, buf: 7fd66c2cb080, count: 61, pos: 63)
             exe-1050008 [002] ..... 1635221.023188: tracing_mark_write: mbind(start=0x7f5e70ef7000, len=0, mode=0x1, nmask=0x1, maxnode=0x8000, flags=0x7f5e70e19ce0) end
             exe-1050008 [002] ..... 1635221.084995: tracing_mark_write: mbind(start=0x7f5e6ff00000, len=0x42000, mode=0x1, nmask=0x7f5e6f000000, maxnode=0x8000, flags=0x7f5e70e19ce0) start
             exe-1050008 [002] ..... 1635221.084997: sys_pwrite64 -> 0x74
             exe-1050008 [002] ..... 1635221.085003: sys_ptrace(request: 4205, pid: 10059f, addr: 1, data: c000697c70)
             exe-1050008 [002] ..... 1635221.085006: sys_ptrace -> 0x0
             exe-1050008 [002] ..... 1635221.085007: sys_ptrace(request: 4205, pid: 10059f, addr: 202, data: c000697c70)
             exe-1050008 [002] ..... 1635221.085018: sys_ptrace -> 0x0
             exe-1050008 [002] ..... 1635221.085019: sys_ptrace(request: 1f, pid: 10059f, addr: 0, data: 0)
             exe-1049567 [001] ..... 1635221.085020: sys_nanosleep -> 0x0
             exe-1049567 [001] ..... 1635221.085025: sys_nanosleep(rqtp: c000069f10, rmtp: 0)
             exe-1050008 [002] .N... 1635221.085026: sys_ptrace -> 0x0
             exe-1050015 [002] ..... 1635221.085036: sys_write -> 0x74
             exe-1050008 [002] ..... 1635221.085055: sys_wait4(upid: 10059f, stat_addr: c000697bf4, options: 40000002, ru: 0)
             exe-1050008 [002] ..... 1635221.085057: sys_wait4 -> 0x10059f
             exe-1050008 [002] ..... 1635221.085059: sys_ptrace(request: 4204, pid: 10059f, addr: 1, data: c000697c70)
             exe-1050008 [002] ..... 1635221.085063: sys_ptrace -> 0x0
             exe-1050008 [002] ..... 1635221.085064: sys_ptrace(request: 4204, pid: 10059f, addr: 202, data: c000697c70)
             exe-1050008 [002] ..... 1635221.085067: sys_ptrace -> 0x0
             exe-1050008 [002] ..... 1635221.085072: sys_ptrace(request: 4205, pid: 10059f, addr: 1, data: c000697c70)
             exe-1050008 [002] ..... 1635221.085074: sys_ptrace -> 0x0
             exe-1050008 [002] ..... 1635221.085076: sys_ptrace(request: 4205, pid: 10059f, addr: 202, data: c000697c70)
             exe-1050008 [002] ..... 1635221.085085: sys_ptrace -> 0x0
             exe-1050008 [002] ..... 1635221.085086: sys_ptrace(request: 1f, pid: 10059f, addr: 0, data: 0)
             exe-1050008 [002] .N... 1635221.085092: sys_ptrace -> 0x0
             exe-1050015 [002] ..... 1635221.085102: sys_mbind -> 0xffffffffffffffea
             exe-1050008 [002] ..... 1635221.085120: sys_wait4(upid: 10059f, stat_addr: c000697bf4, options: 40000002, ru: 0)
             exe-1050008 [002] ..... 1635221.085123: sys_wait4 -> 0x10059f
             exe-1050008 [002] ..... 1635221.085125: sys_ptrace(request: 4204, pid: 10059f, addr: 1, data: c000697c70)
             exe-1050008 [002] ..... 1635221.085128: sys_ptrace -> 0x0
             exe-1050008 [002] ..... 1635221.085130: sys_ptrace(request: 4204, pid: 10059f, addr: 202, data: c000697c70)
             exe-1049567 [001] ..... 1635221.085130: sys_nanosleep -> 0x0
             exe-1050008 [002] ..... 1635221.085133: sys_ptrace -> 0x0
             exe-1049567 [001] ..... 1635221.085135: sys_nanosleep(rqtp: c000069f10, rmtp: 0)
             exe-1050008 [002] ..... 1635221.085142: sys_pwrite64(fd: 63, buf: 7fd66c2cb080, count: 72, pos: 74)
             exe-1050008 [002] ..... 1635221.085143: tracing_mark_write: mbind(start=0x7f5e6ff00000, len=0x42000, mode=0x1, nmask=0x7f5e6f000000, maxnode=0x8000, flags=0x7f5e70e19ce0) end
             exe-1049722 [003] ..... 1635221.152071: tracing_mark_write: mbind(start=0x7f5e6f000000, len=0x19000, mode=0x1, nmask=0x1, maxnode=0x8000, flags=0x7f5e70e19ce0) start
             exe-1049722 [003] ..... 1635221.152073: sys_pwrite64 -> 0x69
             exe-1049722 [003] ..... 1635221.152077: sys_ptrace(request: 4205, pid: 1005f3, addr: 1, data: c000697c70)
             exe-1049722 [003] ..... 1635221.152080: sys_ptrace -> 0x0
             exe-1049722 [003] ..... 1635221.152081: sys_ptrace(request: 4205, pid: 1005f3, addr: 202, data: c000697c70)
             exe-1049722 [003] ..... 1635221.152091: sys_ptrace -> 0x0
             exe-1049722 [003] ..... 1635221.152093: sys_ptrace(request: 1f, pid: 1005f3, addr: 0, data: 0)
             exe-1049722 [003] ..... 1635221.152099: sys_ptrace -> 0x0
             exe-1049722 [003] ..... 1635221.152101: sys_wait4(upid: 1005f3, stat_addr: c000697bf4, options: 40000002, ru: 0)
             exe-1050099 [002] ..... 1635221.152108: sys_write -> 0x69
             exe-1049722 [003] ..... 1635221.152123: sys_wait4 -> 0x1005f3
             exe-1049567 [001] ..... 1635221.152124: sys_nanosleep -> 0x0
             exe-1049722 [003] ..... 1635221.152126: sys_ptrace(request: 4204, pid: 1005f3, addr: 1, data: c000697c70)
             exe-1049722 [003] ..... 1635221.152128: sys_ptrace -> 0x0
             exe-1049722 [003] ..... 1635221.152130: sys_ptrace(request: 4204, pid: 1005f3, addr: 202, data: c000697c70)
             exe-1049567 [001] ..... 1635221.152130: sys_nanosleep(rqtp: c000069f10, rmtp: 0)
             exe-1049722 [003] ..... 1635221.152132: sys_ptrace -> 0x0
             exe-1049722 [003] ..... 1635221.152136: sys_ptrace(request: 4205, pid: 1005f3, addr: 1, data: c000697c70)
             exe-1049722 [003] ..... 1635221.152139: sys_ptrace -> 0x0
             exe-1049722 [003] ..... 1635221.152140: sys_ptrace(request: 4205, pid: 1005f3, addr: 202, data: c000697c70)
             exe-1049722 [003] ..... 1635221.152146: sys_ptrace -> 0x0
             exe-1049722 [003] ..... 1635221.152148: sys_ptrace(request: 1f, pid: 1005f3, addr: 0, data: 0)
             exe-1049722 [003] ..... 1635221.152154: sys_ptrace -> 0x0
             exe-1049722 [003] ..... 1635221.152156: sys_wait4(upid: 1005f3, stat_addr: c000697bf4, options: 40000002, ru: 0)
             exe-1050099 [002] ..... 1635221.152160: sys_mbind -> 0xffffffffffffffea
             exe-1049722 [003] ..... 1635221.152174: sys_wait4 -> 0x1005f3
             exe-1049722 [003] ..... 1635221.152176: sys_ptrace(request: 4204, pid: 1005f3, addr: 1, data: c000697c70)
             exe-1049722 [003] ..... 1635221.152178: sys_ptrace -> 0x0
             exe-1049722 [003] ..... 1635221.152180: sys_ptrace(request: 4204, pid: 1005f3, addr: 202, data: c000697c70)
             exe-1049722 [003] ..... 1635221.152182: sys_ptrace -> 0x0
             exe-1049673 [000] ..... 1635221.152187: sys_nanosleep -> 0x0
             exe-1049722 [003] ..... 1635221.152187: sys_pwrite64(fd: 63, buf: 7fd66c2cb080, count: 67, pos: 69)
             exe-1049722 [003] ..... 1635221.152188: tracing_mark_write: mbind(start=0x7f5e6f000000, len=0x19000, mode=0x1, nmask=0x1, maxnode=0x8000, flags=0x7f5e70e19ce0) end
             exe-1049722 [003] ..... 1635221.220422: tracing_mark_write: mbind(start=0x7f5e70f09000, len=0, mode=0x1, nmask=0x7f5e6f000000, maxnode=0x8000, flags=0x7f5e70e19ce0) start
             exe-1049722 [003] ..... 1635221.220424: sys_pwrite64 -> 0x6e
             exe-1049722 [003] ..... 1635221.220428: sys_ptrace(request: 4205, pid: 1005f3, addr: 1, data: c000697c70)
             exe-1049722 [003] ..... 1635221.220430: sys_ptrace -> 0x0
             exe-1049722 [003] ..... 1635221.220432: sys_ptrace(request: 4205, pid: 1005f3, addr: 202, data: c000697c70)
             exe-1049722 [003] ..... 1635221.220440: sys_ptrace -> 0x0
             exe-1049722 [003] ..... 1635221.220442: sys_ptrace(request: 1f, pid: 1005f3, addr: 0, data: 0)
             exe-1049673 [000] ..... 1635221.220442: sys_nanosleep -> 0x0
             exe-1049673 [000] ..... 1635221.220451: sys_nanosleep(rqtp: c000069f10, rmtp: 0)
             exe-1049722 [003] ..... 1635221.220452: sys_ptrace -> 0x0
             exe-1049722 [003] ..... 1635221.220453: sys_wait4(upid: 1005f3, stat_addr: c000697bf4, options: 40000002, ru: 0)
             exe-1050099 [002] ..... 1635221.220474: sys_write -> 0x6e
             exe-1049722 [003] ..... 1635221.220494: sys_wait4 -> 0x1005f3
             exe-1049722 [003] ..... 1635221.220496: sys_ptrace(request: 4204, pid: 1005f3, addr: 1, data: c000697c70)
             exe-1049722 [003] ..... 1635221.220499: sys_ptrace -> 0x0
             exe-1049722 [003] ..... 1635221.220500: sys_ptrace(request: 4204, pid: 1005f3, addr: 202, data: c000697c70)
             exe-1049722 [003] ..... 1635221.220502: sys_ptrace -> 0x0
             exe-1049722 [003] ..... 1635221.220506: sys_ptrace(request: 4205, pid: 1005f3, addr: 1, data: c000697c70)
             exe-1049722 [003] ..... 1635221.220508: sys_ptrace -> 0x0
             exe-1049722 [003] ..... 1635221.220509: sys_ptrace(request: 4205, pid: 1005f3, addr: 202, data: c000697c70)
             exe-1049722 [003] ..... 1635221.220516: sys_ptrace -> 0x0
             exe-1049722 [003] ..... 1635221.220517: sys_ptrace(request: 1f, pid: 1005f3, addr: 0, data: 0)
             exe-1049722 [003] ..... 1635221.220526: sys_ptrace -> 0x0
             exe-1049722 [003] ..... 1635221.220528: sys_wait4(upid: 1005f3, stat_addr: c000697bf4, options: 40000002, ru: 0)
             exe-1050099 [002] ..... 1635221.220541: sys_mbind -> 0xffffffffffffffea
             exe-1049722 [003] ..... 1635221.220555: sys_wait4 -> 0x1005f3
             exe-1049722 [003] ..... 1635221.220557: sys_ptrace(request: 4204, pid: 1005f3, addr: 1, data: c000697c70)
             exe-1049722 [003] ..... 1635221.220559: sys_ptrace -> 0x0
             exe-1049722 [003] ..... 1635221.220561: sys_ptrace(request: 4204, pid: 1005f3, addr: 202, data: c000697c70)
             exe-1049722 [003] ..... 1635221.220563: sys_ptrace -> 0x0
             exe-1049722 [003] ..... 1635221.220567: sys_pwrite64(fd: 63, buf: 7fd66c2cb080, count: 6c, pos: 6e)
             exe-1049722 [003] ..... 1635221.220568: tracing_mark_write: mbind(start=0x7f5e70f09000, len=0, mode=0x1, nmask=0x7f5e6f000000, maxnode=0x8000, flags=0x7f5e70e19ce0) end
             exe-1049722 [003] ..... 1635221.277987: tracing_mark_write: mbind(start=0x7f5e70b00000, len=0x9b000, mode=0x1, nmask=0x1, maxnode=0x8000, flags=0x7f5e70e19ce0) start
             exe-1049722 [003] ..... 1635221.277989: sys_pwrite64 -> 0x69
             exe-1049722 [003] ..... 1635221.277995: sys_ptrace(request: 4205, pid: 1005f3, addr: 1, data: c000697c70)
             exe-1049722 [003] ..... 1635221.277997: sys_ptrace -> 0x0
             exe-1049722 [003] ..... 1635221.277999: sys_ptrace(request: 4205, pid: 1005f3, addr: 202, data: c000697c70)
             exe-1049722 [003] ..... 1635221.278008: sys_ptrace -> 0x0
             exe-1049673 [000] ..... 1635221.278008: sys_nanosleep -> 0x0
             exe-1049722 [003] ..... 1635221.278009: sys_ptrace(request: 1f, pid: 1005f3, addr: 0, data: 0)
             exe-1049673 [000] ..... 1635221.278012: sys_futex(uaddr: 1f09dc0, op: 80, val: 0, utime: c000069eb0, uaddr2: 0, val3: 0)
             exe-1049722 [003] ..... 1635221.278022: sys_ptrace -> 0x0
             exe-1049722 [003] ..... 1635221.278024: sys_wait4(upid: 1005f3, stat_addr: c000697bf4, options: 40000002, ru: 0)
             exe-1050099 [002] ..... 1635221.278042: sys_write -> 0x69
             exe-1049722 [003] ..... 1635221.278059: sys_wait4 -> 0x1005f3
             exe-1049722 [003] ..... 1635221.278061: sys_ptrace(request: 4204, pid: 1005f3, addr: 1, data: c000697c70)
             exe-1049722 [003] ..... 1635221.278064: sys_ptrace -> 0x0
             exe-1049722 [003] ..... 1635221.278065: sys_ptrace(request: 4204, pid: 1005f3, addr: 202, data: c000697c70)
             exe-1049722 [003] ..... 1635221.278067: sys_ptrace -> 0x0
             exe-1049722 [003] ..... 1635221.278072: sys_ptrace(request: 4205, pid: 1005f3, addr: 1, data: c000697c70)
             exe-1049722 [003] ..... 1635221.278074: sys_ptrace -> 0x0
             exe-1049722 [003] ..... 1635221.278076: sys_ptrace(request: 4205, pid: 1005f3, addr: 202, data: c000697c70)
             exe-1049722 [003] ..... 1635221.278082: sys_ptrace -> 0x0
             exe-1049722 [003] ..... 1635221.278084: sys_ptrace(request: 1f, pid: 1005f3, addr: 0, data: 0)
             exe-1049722 [003] ..... 1635221.278090: sys_ptrace -> 0x0
             exe-1049722 [003] ..... 1635221.278092: sys_wait4(upid: 1005f3, stat_addr: c000697bf4, options: 40000002, ru: 0)
             exe-1050099 [002] ..... 1635221.278096: sys_mbind -> 0xffffffffffffffea
             exe-1049722 [003] ..... 1635221.278110: sys_wait4 -> 0x1005f3
             exe-1049722 [003] ..... 1635221.278112: sys_ptrace(request: 4204, pid: 1005f3, addr: 1, data: c000697c70)
             exe-1049722 [003] ..... 1635221.278114: sys_ptrace -> 0x0
             exe-1049722 [003] ..... 1635221.278116: sys_ptrace(request: 4204, pid: 1005f3, addr: 202, data: c000697c70)
             exe-1049722 [003] ..... 1635221.278118: sys_ptrace -> 0x0
             exe-1049722 [003] ..... 1635221.278123: sys_pwrite64(fd: 63, buf: 7fd66c2cb080, count: 67, pos: 69)
             exe-1049722 [003] ..... 1635221.278124: tracing_mark_write: mbind(start=0x7f5e70b00000, len=0x9b000, mode=0x1, nmask=0x1, maxnode=0x8000, flags=0x7f5e70e19ce0) end
             exe-1049722 [002] ..... 1635221.339752: tracing_mark_write: mbind(start=0x7f5e6ff00000, len=0xe8000, mode=0x1, nmask=0x7f5e70b00000, maxnode=0x8000, flags=0x7f5e70e19ce0) start
             exe-1049722 [002] ..... 1635221.339754: sys_pwrite64 -> 0x74
             exe-1049722 [002] ..... 1635221.339761: sys_ptrace(request: 4205, pid: 1005f3, addr: 1, data: c000697c70)
             exe-1049722 [002] ..... 1635221.339764: sys_ptrace -> 0x0
             exe-1049722 [002] ..... 1635221.339766: sys_ptrace(request: 4205, pid: 1005f3, addr: 202, data: c000697c70)
             exe-1049722 [002] ..... 1635221.339779: sys_ptrace -> 0x0
             exe-1049722 [002] ..... 1635221.339781: sys_ptrace(request: 1f, pid: 1005f3, addr: 0, data: 0)
             exe-1049722 [002] .N... 1635221.339788: sys_ptrace -> 0x0
             exe-1050099 [002] ..... 1635221.339800: sys_write -> 0x74
             exe-1049722 [002] ..... 1635221.339820: sys_wait4(upid: 1005f3, stat_addr: c000697bf4, options: 40000002, ru: 0)
             exe-1049722 [002] ..... 1635221.339823: sys_wait4 -> 0x1005f3
             exe-1049722 [002] ..... 1635221.339826: sys_ptrace(request: 4204, pid: 1005f3, addr: 1, data: c000697c70)
             exe-1049567 [000] ..... 1635221.339828: sys_nanosleep -> 0x0
             exe-1049722 [002] ..... 1635221.339830: sys_ptrace -> 0x0
             exe-1049722 [002] ..... 1635221.339831: sys_ptrace(request: 4204, pid: 1005f3, addr: 202, data: c000697c70)
             exe-1049722 [002] ..... 1635221.339834: sys_ptrace -> 0x0
             exe-1049567 [000] ..... 1635221.339834: sys_nanosleep(rqtp: c000069f10, rmtp: 0)
             exe-1049722 [002] ..... 1635221.339841: sys_ptrace(request: 4205, pid: 1005f3, addr: 1, data: c000697c70)
             exe-1049722 [002] ..... 1635221.339843: sys_ptrace -> 0x0
             exe-1049722 [002] ..... 1635221.339845: sys_ptrace(request: 4205, pid: 1005f3, addr: 202, data: c000697c70)
             exe-1049722 [002] ..... 1635221.339855: sys_ptrace -> 0x0
             exe-1049673 [000] ..... 1635221.339857: sys_nanosleep -> 0x0
             exe-1049722 [002] ..... 1635221.339857: sys_ptrace(request: 1f, pid: 1005f3, addr: 0, data: 0)
             exe-1049673 [000] ..... 1635221.339862: sys_nanosleep(rqtp: c000069f10, rmtp: 0)
             exe-1049722 [002] .N... 1635221.339863: sys_ptrace -> 0x0
             exe-1050099 [002] ..... 1635221.339874: sys_mbind -> 0xffffffffffffffea
             exe-1049722 [002] ..... 1635221.339894: sys_wait4(upid: 1005f3, stat_addr: c000697bf4, options: 40000002, ru: 0)
             exe-1049722 [002] ..... 1635221.339897: sys_wait4 -> 0x1005f3
             exe-1049722 [002] ..... 1635221.339899: sys_ptrace(request: 4204, pid: 1005f3, addr: 1, data: c000697c70)
             exe-1049722 [002] ..... 1635221.339903: sys_ptrace -> 0x0
             exe-1049722 [002] ..... 1635221.339905: sys_ptrace(request: 4204, pid: 1005f3, addr: 202, data: c000697c70)
             exe-1049722 [002] ..... 1635221.339908: sys_ptrace -> 0x0
             exe-1049722 [002] ..... 1635221.339918: sys_pwrite64(fd: 63, buf: 7fd66c2cb080, count: 72, pos: 74)
             exe-1049722 [002] ..... 1635221.339920: tracing_mark_write: mbind(start=0x7f5e6ff00000, len=0xe8000, mode=0x1, nmask=0x7f5e70b00000, maxnode=0x8000, flags=0x7f5e70e19ce0) end
             exe-1049722 [002] ..... 1635221.395091: tracing_mark_write: mbind(start=0x7f5e70ef9000, len=0, mode=0x1, nmask=0x7f5e6ee00000, maxnode=0x8000, flags=0x7f5e70e19ce0) start
             exe-1049722 [002] ..... 1635221.395093: sys_pwrite64 -> 0x6e
             exe-1049722 [002] ..... 1635221.395099: sys_ptrace(request: 4205, pid: 1005f3, addr: 1, data: c000697c70)
             exe-1049722 [002] ..... 1635221.395102: sys_ptrace -> 0x0
             exe-1049722 [002] ..... 1635221.395104: sys_ptrace(request: 4205, pid: 1005f3, addr: 202, data: c000697c70)
             exe-1049722 [002] ..... 1635221.395115: sys_ptrace -> 0x0
             exe-1049722 [002] ..... 1635221.395117: sys_ptrace(request: 1f, pid: 1005f3, addr: 0, data: 0)
             exe-1049722 [002] .N... 1635221.395125: sys_ptrace -> 0x0
             exe-1050099 [002] ..... 1635221.395137: sys_write -> 0x6e
             exe-1049673 [000] ..... 1635221.395154: sys_nanosleep -> 0x0
             exe-1049722 [002] ..... 1635221.395157: sys_wait4(upid: 1005f3, stat_addr: c000697bf4, options: 40000002, ru: 0)
             exe-1049722 [002] ..... 1635221.395160: sys_wait4 -> 0x1005f3
             exe-1049722 [002] ..... 1635221.395162: sys_ptrace(request: 4204, pid: 1005f3, addr: 1, data: c000697c70)
             exe-1049673 [000] ..... 1635221.395163: sys_nanosleep(rqtp: c000069f10, rmtp: 0)
             exe-1049722 [002] ..... 1635221.395166: sys_ptrace -> 0x0
             exe-1049722 [002] ..... 1635221.395168: sys_ptrace(request: 4204, pid: 1005f3, addr: 202, data: c000697c70)
             exe-1049722 [002] ..... 1635221.395170: sys_ptrace -> 0x0
             exe-1049722 [002] ..... 1635221.395176: sys_ptrace(request: 4205, pid: 1005f3, addr: 1, data: c000697c70)
             exe-1049722 [002] ..... 1635221.395179: sys_ptrace -> 0x0
             exe-1049722 [002] ..... 1635221.395180: sys_ptrace(request: 4205, pid: 1005f3, addr: 202, data: c000697c70)
             exe-1049722 [002] ..... 1635221.395190: sys_ptrace -> 0x0
             exe-1049722 [002] ..... 1635221.395191: sys_ptrace(request: 1f, pid: 1005f3, addr: 0, data: 0)
             exe-1049567 [000] ..... 1635221.395198: sys_nanosleep -> 0x0
             exe-1049722 [002] .N... 1635221.395198: sys_ptrace -> 0x0
             exe-1049567 [000] ..... 1635221.395205: sys_nanosleep(rqtp: c000069f10, rmtp: 0)
             exe-1050099 [002] ..... 1635221.395209: sys_mbind -> 0xffffffffffffffea
             exe-1049722 [002] ..... 1635221.395228: sys_wait4(upid: 1005f3, stat_addr: c000697bf4, options: 40000002, ru: 0)
             exe-1049722 [002] ..... 1635221.395231: sys_wait4 -> 0x1005f3
             exe-1049722 [002] ..... 1635221.395233: sys_ptrace(request: 4204, pid: 1005f3, addr: 1, data: c000697c70)
             exe-1049722 [002] ..... 1635221.395237: sys_ptrace -> 0x0
             exe-1049722 [002] ..... 1635221.395239: sys_ptrace(request: 4204, pid: 1005f3, addr: 202, data: c000697c70)
             exe-1049722 [002] ..... 1635221.395242: sys_ptrace -> 0x0
             exe-1049722 [002] ..... 1635221.395251: sys_pwrite64(fd: 63, buf: 7fd66c2cb080, count: 6c, pos: 6e)
             exe-1049722 [002] ..... 1635221.395252: tracing_mark_write: mbind(start=0x7f5e70ef9000, len=0, mode=0x1, nmask=0x7f5e6ee00000, maxnode=0x8000, flags=0x7f5e70e19ce0) end
             exe-1049722 [002] ..... 1635221.454604: tracing_mark_write: mbind(start=0x7f5e70f0a000, len=0, mode=0x3, nmask=0x8, maxnode=0x8000, flags=0x7f5e70e19ce0) start
             exe-1049722 [002] ..... 1635221.454606: sys_pwrite64 -> 0x63
             exe-1049722 [002] ..... 1635221.454612: sys_ptrace(request: 4205, pid: 1005f3, addr: 1, data: c000697c70)
             exe-1049722 [002] ..... 1635221.454615: sys_ptrace -> 0x0
             exe-1049673 [001] ..... 1635221.454616: sys_nanosleep -> 0x0
             exe-1049722 [002] ..... 1635221.454617: sys_ptrace(request: 4205, pid: 1005f3, addr: 202, data: c000697c70)
             exe-1049673 [001] ..... 1635221.454619: sys_futex(uaddr: 1f09dc0, op: 80, val: 0, utime: c000069eb0, uaddr2: 0, val3: 0)
             exe-1049722 [002] ..... 1635221.454629: sys_ptrace -> 0x0
             exe-1049722 [002] ..... 1635221.454631: sys_ptrace(request: 1f, pid: 1005f3, addr: 0, data: 0)
             exe-1049722 [002] .N... 1635221.454638: sys_ptrace -> 0x0
             exe-1050099 [002] ..... 1635221.454650: sys_write -> 0x63
             exe-1049567 [000] ..... 1635221.454667: sys_nanosleep -> 0x0
             exe-1049567 [000] ..... 1635221.454670: sys_nanosleep(rqtp: c000069f10, rmtp: 0)
             exe-1049722 [002] ..... 1635221.454670: sys_wait4(upid: 1005f3, stat_addr: c000697bf4, options: 40000002, ru: 0)
             exe-1049722 [002] ..... 1635221.454673: sys_wait4 -> 0x1005f3
             exe-1049722 [002] ..... 1635221.454676: sys_ptrace(request: 4204, pid: 1005f3, addr: 1, data: c000697c70)
             exe-1049722 [002] ..... 1635221.454679: sys_ptrace -> 0x0
             exe-1049722 [002] ..... 1635221.454681: sys_ptrace(request: 4204, pid: 1005f3, addr: 202, data: c000697c70)
             exe-1049722 [002] ..... 1635221.454683: sys_ptrace -> 0x0
             exe-1049722 [002] ..... 1635221.454690: sys_ptrace(request: 4205, pid: 1005f3, addr: 1, data: c000697c70)
             exe-1049722 [002] ..... 1635221.454692: sys_ptrace -> 0x0
             exe-1049722 [002] ..... 1635221.454694: sys_ptrace(request: 4205, pid: 1005f3, addr: 202, data: c000697c70)
             exe-1049722 [002] ..... 1635221.454703: sys_ptrace -> 0x0
             exe-1049722 [002] ..... 1635221.454705: sys_ptrace(request: 1f, pid: 1005f3, addr: 0, data: 0)
             exe-1049722 [002] .N... 1635221.454712: sys_ptrace -> 0x0
             exe-1050099 [002] ..... 1635221.454722: sys_mbind -> 0xffffffffffffffea
             exe-1049722 [002] ..... 1635221.454743: sys_wait4(upid: 1005f3, stat_addr: c000697bf4, options: 40000002, ru: 0)
             exe-1049722 [002] ..... 1635221.454745: sys_wait4 -> 0x1005f3
             exe-1049722 [002] ..... 1635221.454748: sys_ptrace(request: 4204, pid: 1005f3, addr: 1, data: c000697c70)
             exe-1049722 [002] ..... 1635221.454752: sys_ptrace -> 0x0
             exe-1049722 [002] ..... 1635221.454753: sys_ptrace(request: 4204, pid: 1005f3, addr: 202, data: c000697c70)
             exe-1049722 [002] ..... 1635221.454756: sys_ptrace -> 0x0
             exe-1049567 [000] ..... 1635221.454758: sys_nanosleep -> 0x0
             exe-1049567 [000] ..... 1635221.454761: sys_nanosleep(rqtp: c000069f10, rmtp: 0)
             exe-1049722 [002] ..... 1635221.454765: sys_pwrite64(fd: 63, buf: 7fd66c2cb080, count: 61, pos: 63)
             exe-1049722 [002] ..... 1635221.454767: tracing_mark_write: mbind(start=0x7f5e70f0a000, len=0, mode=0x3, nmask=0x8, maxnode=0x8000, flags=0x7f5e70e19ce0) end
             exe-1049722 [002] ..... 1635221.523259: tracing_mark_write: mbind(start=0x7f5e70f08000, len=0, mode=0x3, nmask=0x4, maxnode=0x8000, flags=0x7f5e70e19ce0) start
             exe-1049722 [002] ..... 1635221.523261: sys_pwrite64 -> 0x63
             exe-1049722 [002] ..... 1635221.523267: sys_ptrace(request: 4205, pid: 1005f3, addr: 1, data: c000697c70)
             exe-1049722 [002] ..... 1635221.523270: sys_ptrace -> 0x0
             exe-1049722 [002] ..... 1635221.523272: sys_ptrace(request: 4205, pid: 1005f3, addr: 202, data: c000697c70)
             exe-1049722 [002] ..... 1635221.523284: sys_ptrace -> 0x0
             exe-1049567 [000] ..... 1635221.523285: sys_nanosleep -> 0x0
             exe-1049722 [002] ..... 1635221.523285: sys_ptrace(request: 1f, pid: 1005f3, addr: 0, data: 0)
             exe-1049567 [000] ..... 1635221.523288: sys_nanosleep(rqtp: c000069f10, rmtp: 0)
             exe-1049722 [002] .N... 1635221.523293: sys_ptrace -> 0x0
             exe-1050099 [002] ..... 1635221.523305: sys_write -> 0x63
             exe-1049673 [001] ..... 1635221.523323: sys_nanosleep -> 0x0
             exe-1049722 [002] ..... 1635221.523325: sys_wait4(upid: 1005f3, stat_addr: c000697bf4, options: 40000002, ru: 0)
             exe-1049722 [002] ..... 1635221.523328: sys_wait4 -> 0x1005f3
             exe-1049673 [001] ..... 1635221.523328: sys_nanosleep(rqtp: c000069f10, rmtp: 0)
             exe-1049722 [002] ..... 1635221.523331: sys_ptrace(request: 4204, pid: 1005f3, addr: 1, data: c000697c70)
             exe-1049722 [002] ..... 1635221.523334: sys_ptrace -> 0x0
             exe-1049722 [002] ..... 1635221.523336: sys_ptrace(request: 4204, pid: 1005f3, addr: 202, data: c000697c70)
             exe-1049722 [002] ..... 1635221.523339: sys_ptrace -> 0x0
             exe-1049722 [002] ..... 1635221.523346: sys_ptrace(request: 4205, pid: 1005f3, addr: 1, data: c000697c70)
             exe-1049722 [002] ..... 1635221.523348: sys_ptrace -> 0x0
             exe-1049722 [002] ..... 1635221.523350: sys_ptrace(request: 4205, pid: 1005f3, addr: 202, data: c000697c70)
             exe-1049722 [002] ..... 1635221.523359: sys_ptrace -> 0x0
             exe-1049722 [002] ..... 1635221.523361: sys_ptrace(request: 1f, pid: 1005f3, addr: 0, data: 0)
             exe-1049722 [002] .N... 1635221.523368: sys_ptrace -> 0x0
             exe-1049567 [000] ..... 1635221.523373: sys_nanosleep -> 0x0
             exe-1049567 [000] ..... 1635221.523375: sys_nanosleep(rqtp: c000069f10, rmtp: 0)
             exe-1050099 [002] ..... 1635221.523379: sys_mbind -> 0xffffffffffffffea
             exe-1049722 [002] ..... 1635221.523399: sys_wait4(upid: 1005f3, stat_addr: c000697bf4, options: 40000002, ru: 0)
             exe-1049722 [002] ..... 1635221.523402: sys_wait4 -> 0x1005f3
             exe-1049722 [002] ..... 1635221.523404: sys_ptrace(request: 4204, pid: 1005f3, addr: 1, data: c000697c70)
             exe-1049722 [002] ..... 1635221.523408: sys_ptrace -> 0x0
             exe-1049722 [002] ..... 1635221.523410: sys_ptrace(request: 4204, pid: 1005f3, addr: 202, data: c000697c70)
             exe-1049722 [002] ..... 1635221.523413: sys_ptrace -> 0x0
             exe-1049722 [002] ..... 1635221.523423: sys_pwrite64(fd: 63, buf: 7fd66c2cb080, count: 61, pos: 63)
             exe-1049722 [002] ..... 1635221.523424: tracing_mark_write: mbind(start=0x7f5e70f08000, len=0, mode=0x3, nmask=0x4, maxnode=0x8000, flags=0x7f5e70e19ce0) end
             exe-1049722 [002] ..... 1635221.579060: tracing_mark_write: mbind(start=0x7f5e6f300000, len=0x88000, mode=0x3, nmask=0x7f5e6ec00000, maxnode=0x8000, flags=0x7f5e70e19ce0) start
             exe-1049722 [002] ..... 1635221.579061: sys_pwrite64 -> 0x74
             exe-1049722 [002] ..... 1635221.579068: sys_ptrace(request: 4205, pid: 1005f3, addr: 1, data: c000697c70)
             exe-1049722 [002] ..... 1635221.579071: sys_ptrace -> 0x0
             exe-1049722 [002] ..... 1635221.579073: sys_ptrace(request: 4205, pid: 1005f3, addr: 202, data: c000697c70)
             exe-1049722 [002] ..... 1635221.579085: sys_ptrace -> 0x0
             exe-1049722 [002] ..... 1635221.579087: sys_ptrace(request: 1f, pid: 1005f3, addr: 0, data: 0)
             exe-1049722 [002] .N... 1635221.579094: sys_ptrace -> 0x0
             exe-1050099 [002] ..... 1635221.579105: sys_write -> 0x74
             exe-1049567 [000] ..... 1635221.579106: sys_nanosleep -> 0x0
             exe-1049567 [000] ..... 1635221.579109: sys_nanosleep(rqtp: c000069f10, rmtp: 0)
             exe-1049722 [002] ..... 1635221.579125: sys_wait4(upid: 1005f3, stat_addr: c000697bf4, options: 40000002, ru: 0)
             exe-1049722 [002] ..... 1635221.579127: sys_wait4 -> 0x1005f3
             exe-1049722 [002] ..... 1635221.579130: sys_ptrace(request: 4204, pid: 1005f3, addr: 1, data: c000697c70)
             exe-1049722 [002] ..... 1635221.579133: sys_ptrace -> 0x0
             exe-1049722 [002] ..... 1635221.579134: sys_ptrace(request: 4204, pid: 1005f3, addr: 202, data: c000697c70)
             exe-1049722 [002] ..... 1635221.579137: sys_ptrace -> 0x0
             exe-1049673 [001] ..... 1635221.579141: sys_nanosleep -> 0x0
             exe-1049722 [002] ..... 1635221.579143: sys_ptrace(request: 4205, pid: 1005f3, addr: 1, data: c000697c70)
             exe-1049673 [001] ..... 1635221.579144: sys_nanosleep(rqtp: c000069f10, rmtp: 0)
             exe-1049722 [002] ..... 1635221.579145: sys_ptrace -> 0x0
             exe-1049722 [002] ..... 1635221.579146: sys_ptrace(request: 4205, pid: 1005f3, addr: 202, data: c000697c70)
             exe-1049722 [002] ..... 1635221.579156: sys_ptrace -> 0x0
             exe-1049722 [002] ..... 1635221.579157: sys_ptrace(request: 1f, pid: 1005f3, addr: 0, data: 0)
             exe-1049722 [002] .N... 1635221.579164: sys_ptrace -> 0x0
             exe-1050099 [002] ..... 1635221.579174: sys_mbind -> 0xffffffffffffffea
             exe-1049722 [002] ..... 1635221.579192: sys_wait4(upid: 1005f3, stat_addr: c000697bf4, options: 40000002, ru: 0)
             exe-1049722 [002] ..... 1635221.579194: sys_wait4 -> 0x1005f3
             exe-1049722 [002] ..... 1635221.579196: sys_ptrace(request: 4204, pid: 1005f3, addr: 1, data: c000697c70)
             exe-1049567 [000] ..... 1635221.579200: sys_nanosleep -> 0x0
             exe-1049722 [002] ..... 1635221.579200: sys_ptrace -> 0x0
             exe-1049722 [002] ..... 1635221.579202: sys_ptrace(request: 4204, pid: 1005f3, addr: 202, data: c000697c70)
             exe-1049567 [000] ..... 1635221.579202: sys_nanosleep(rqtp: c000069f10, rmtp: 0)
             exe-1049722 [002] ..... 1635221.579204: sys_ptrace -> 0x0
             exe-1049722 [002] ..... 1635221.579213: sys_pwrite64(fd: 63, buf: 7fd66c2cb080, count: 72, pos: 74)
             exe-1049722 [002] ..... 1635221.579215: tracing_mark_write: mbind(start=0x7f5e6f300000, len=0x88000, mode=0x3, nmask=0x7f5e6ec00000, maxnode=0x8000, flags=0x7f5e70e19ce0) end
             exe-1049722 [002] ..... 1635221.652828: tracing_mark_write: mbind(start=0x7f5e70f0a000, len=0, mode=0x3, nmask=0x7f5e70ef7000, maxnode=0x8000, flags=0x7f5e70e19ce0) start
             exe-1049722 [002] ..... 1635221.652830: sys_pwrite64 -> 0x6e
             exe-1049722 [002] ..... 1635221.652836: sys_ptrace(request: 4205, pid: 1005f3, addr: 1, data: c000697c70)
             exe-1049722 [002] ..... 1635221.652838: sys_ptrace -> 0x0
             exe-1049722 [002] ..... 1635221.652840: sys_ptrace(request: 4205, pid: 1005f3, addr: 202, data: c000697c70)
             exe-1049722 [002] ..... 1635221.652848: sys_ptrace -> 0x0
             exe-1049722 [002] ..... 1635221.652850: sys_ptrace(request: 1f, pid: 1005f3, addr: 0, data: 0)
             exe-1049673 [001] ..... 1635221.652856: sys_nanosleep -> 0x0
             exe-1049722 [002] ..... 1635221.652861: sys_ptrace -> 0x0
             exe-1049722 [002] ..... 1635221.652863: sys_wait4(upid: 1005f3, stat_addr: c000697bf4, options: 40000002, ru: 0)
             exe-1050099 [001] ..... 1635221.652879: sys_write -> 0x6e
             exe-1049722 [002] ..... 1635221.652900: sys_wait4 -> 0x1005f3
             exe-1049722 [002] ..... 1635221.652902: sys_ptrace(request: 4204, pid: 1005f3, addr: 1, data: c000697c70)
             exe-1049722 [002] ..... 1635221.652917: sys_ptrace -> 0x0
             exe-1049722 [002] ..... 1635221.652918: sys_ptrace(request: 4204, pid: 1005f3, addr: 202, data: c000697c70)
             exe-1049722 [002] ..... 1635221.652924: sys_ptrace -> 0x0
             exe-1049722 [002] ..... 1635221.652928: sys_ptrace(request: 4205, pid: 1005f3, addr: 1, data: c000697c70)
             exe-1049722 [002] ..... 1635221.652939: sys_ptrace -> 0x0
             exe-1049722 [002] ..... 1635221.652940: sys_ptrace(request: 4205, pid: 1005f3, addr: 202, data: c000697c70)
             exe-1049722 [002] ..... 1635221.652946: sys_ptrace -> 0x0
             exe-1049722 [002] ..... 1635221.652948: sys_ptrace(request: 1f, pid: 1005f3, addr: 0, data: 0)
             exe-1049722 [002] ..... 1635221.652954: sys_ptrace -> 0x0
             exe-1049722 [002] ..... 1635221.652955: sys_wait4(upid: 1005f3, stat_addr: c000697bf4, options: 40000002, ru: 0)
             exe-1049673 [001] ..... 1635221.652972: sys_nanosleep(rqtp: c000069f10, rmtp: 0)
             exe-1050099 [001] ..... 1635221.653005: sys_mbind -> 0xffffffffffffffea
             exe-1049722 [002] ..... 1635221.653048: sys_wait4 -> 0x1005f3
             exe-1049722 [002] ..... 1635221.653052: sys_ptrace(request: 4204, pid: 1005f3, addr: 1, data: c000697c70)
             exe-1049722 [002] ..... 1635221.653064: sys_ptrace -> 0x0
             exe-1049722 [002] ..... 1635221.653065: sys_ptrace(request: 4204, pid: 1005f3, addr: 202, data: c000697c70)
             exe-1049722 [002] ..... 1635221.653068: sys_ptrace -> 0x0
             exe-1049722 [002] ..... 1635221.653075: sys_pwrite64(fd: 63, buf: 7fd66c2cb080, count: 6c, pos: 6e)
             exe-1049722 [002] ..... 1635221.653077: tracing_mark_write: mbind(start=0x7f5e70f0a000, len=0, mode=0x3, nmask=0x7f5e70ef7000, maxnode=0x8000, flags=0x7f5e70e19ce0) end
             exe-1049722 [002] ..... 1635221.716642: tracing_mark_write: mbind(start=0x7f5e6f000000, len=0x16b000, mode=0x3, nmask=0x7f5e6f300000, maxnode=0x8000, flags=0x7f5e70e19ce0) start
             exe-1049722 [002] ..... 1635221.716643: sys_pwrite64 -> 0x75
             exe-1049567 [000] ..... 1635221.716644: sys_nanosleep -> 0x0
             exe-1049722 [002] ..... 1635221.716649: sys_ptrace(request: 4205, pid: 1005f3, addr: 1, data: c000697c70)
             exe-1049567 [000] ..... 1635221.716649: sys_nanosleep(rqtp: c000069f10, rmtp: 0)
             exe-1049722 [002] ..... 1635221.716651: sys_ptrace -> 0x0
             exe-1049722 [002] ..... 1635221.716653: sys_ptrace(request: 4205, pid: 1005f3, addr: 202, data: c000697c70)
             exe-1049722 [002] ..... 1635221.716662: sys_ptrace -> 0x0
             exe-1049722 [002] ..... 1635221.716664: sys_ptrace(request: 1f, pid: 1005f3, addr: 0, data: 0)
             exe-1049722 [002] ..... 1635221.716677: sys_ptrace -> 0x0
             exe-1049722 [002] ..... 1635221.716680: sys_wait4(upid: 1005f3, stat_addr: c000697bf4, options: 40000002, ru: 0)
             exe-1050099 [003] ..... 1635221.716704: sys_write -> 0x75
             exe-1049673 [000] ..... 1635221.716737: sys_nanosleep -> 0x0
             exe-1049673 [000] ..... 1635221.716743: sys_nanosleep(rqtp: c000069f10, rmtp: 0)
             exe-1049896 [002] ..... 1635221.716760: sys_epoll_pwait -> 0x0
             exe-1049567 [000] ..... 1635221.716765: sys_nanosleep -> 0x0
             exe-1049567 [000] ..... 1635221.716770: sys_nanosleep(rqtp: c000069f10, rmtp: 0)
             exe-1049896 [002] ..... 1635221.716774: sys_futex(uaddr: c000435948, op: 81, val: 1, utime: 0, uaddr2: 0, val3: 0)
             exe-1049896 [002] ..... 1635221.716786: sys_futex -> 0x1
             exe-1049896 [002] ..... 1635221.716803: sys_epoll_pwait(epfd: 11, events: c000599840, maxevents: 80, timeout: 9, sigmask: 0, sigsetsize: 0)
             exe-1049722 [002] ..... 1635221.716814: sys_wait4 -> 0x1005f3
             exe-1049722 [002] ..... 1635221.716818: sys_ptrace(request: 4204, pid: 1005f3, addr: 1, data: c000697c70)
             exe-1050008 [003] ..... 1635221.716818: sys_futex -> 0x0
             exe-1049722 [002] ..... 1635221.716821: sys_ptrace -> 0x0
             exe-1049722 [002] ..... 1635221.716823: sys_ptrace(request: 4204, pid: 1005f3, addr: 202, data: c000697c70)
             exe-1049722 [002] ..... 1635221.716826: sys_ptrace -> 0x0
             exe-1049722 [002] ..... 1635221.716832: sys_ptrace(request: 4205, pid: 1005f3, addr: 1, data: c000697c70)
             exe-1050008 [003] ..... 1635221.716833: sys_futex(uaddr: c000435948, op: 80, val: 0, utime: 0, uaddr2: 0, val3: 0)
             exe-1049722 [002] ..... 1635221.716834: sys_ptrace -> 0x0
             exe-1049722 [002] ..... 1635221.716836: sys_ptrace(request: 4205, pid: 1005f3, addr: 202, data: c000697c70)
             exe-1049567 [000] ..... 1635221.716846: sys_nanosleep -> 0x0
             exe-1049567 [000] ..... 1635221.716849: sys_nanosleep(rqtp: c000069f10, rmtp: 0)
             exe-1049722 [002] ..... 1635221.716858: sys_ptrace -> 0x0
             exe-1049722 [002] ..... 1635221.716860: sys_ptrace(request: 1f, pid: 1005f3, addr: 0, data: 0)
             exe-1049673 [000] ..... 1635221.716865: sys_nanosleep -> 0x0
             exe-1049722 [002] ..... 1635221.716866: sys_ptrace -> 0x0
             exe-1049722 [002] ..... 1635221.716868: sys_wait4(upid: 1005f3, stat_addr: c000697bf4, options: 40000002, ru: 0)
             exe-1049673 [000] ..... 1635221.716870: sys_nanosleep(rqtp: c000069f10, rmtp: 0)
             exe-1050099 [003] ..... 1635221.716889: sys_mbind -> 0xffffffffffffffea
             exe-1049722 [002] ..... 1635221.716917: sys_wait4 -> 0x1005f3
             exe-1049722 [002] ..... 1635221.716920: sys_ptrace(request: 4204, pid: 1005f3, addr: 1, data: c000697c70)
             exe-1049722 [002] ..... 1635221.716922: sys_ptrace -> 0x0
             exe-1049722 [002] ..... 1635221.716924: sys_ptrace(request: 4204, pid: 1005f3, addr: 202, data: c000697c70)
             exe-1049722 [002] ..... 1635221.716926: sys_ptrace -> 0x0
             exe-1049722 [002] ..... 1635221.716934: sys_pwrite64(fd: 63, buf: 7fd66c2cb080, count: 73, pos: 75)
             exe-1049722 [002] ..... 1635221.716935: tracing_mark_write: mbind(start=0x7f5e6f000000, len=0x16b000, mode=0x3, nmask=0x7f5e6f300000, maxnode=0x8000, flags=0x7f5e70e19ce0) end
             exe-1049722 [002] ..... 1635221.795694: tracing_mark_write: mbind(start=0x7f5e70ef7000, len=0, mode=0x3, nmask=0x1, maxnode=0x8000, flags=0x7f5e70e19ce0) start
             exe-1049722 [002] ..... 1635221.795695: sys_pwrite64 -> 0x63
             exe-1049722 [002] ..... 1635221.795701: sys_ptrace(request: 4205, pid: 1005f3, addr: 1, data: c000697c70)
             exe-1049722 [002] ..... 1635221.795703: sys_ptrace -> 0x0
             exe-1049722 [002] ..... 1635221.795705: sys_ptrace(request: 4205, pid: 1005f3, addr: 202, data: c000697c70)
             exe-1049722 [002] ..... 1635221.795713: sys_ptrace -> 0x0
             exe-1049722 [002] ..... 1635221.795714: sys_ptrace(request: 1f, pid: 1005f3, addr: 0, data: 0)
             exe-1049722 [002] ..... 1635221.795721: sys_ptrace -> 0x0
             exe-1049722 [002] ..... 1635221.795723: sys_wait4(upid: 1005f3, stat_addr: c000697bf4, options: 40000002, ru: 0)
             exe-1049673 [000] ..... 1635221.795726: sys_nanosleep -> 0x0
             exe-1049673 [000] ..... 1635221.795733: sys_futex(uaddr: 1f09dc0, op: 80, val: 0, utime: c000069eb0, uaddr2: 0, val3: 0)
             exe-1049567 [000] ..... 1635221.795749: sys_nanosleep -> 0x0
             exe-1050099 [001] ..... 1635221.795753: sys_write -> 0x63
             exe-1049567 [000] ..... 1635221.795754: sys_nanosleep(rqtp: c000069f10, rmtp: 0)
             exe-1049722 [002] ..... 1635221.795773: sys_wait4 -> 0x1005f3
             exe-1049722 [002] ..... 1635221.795776: sys_ptrace(request: 4204, pid: 1005f3, addr: 1, data: c000697c70)
             exe-1049722 [002] ..... 1635221.795778: sys_ptrace -> 0x0
             exe-1049722 [002] ..... 1635221.795780: sys_ptrace(request: 4204, pid: 1005f3, addr: 202, data: c000697c70)
             exe-1049722 [002] ..... 1635221.795782: sys_ptrace -> 0x0
             exe-1049722 [002] ..... 1635221.795786: sys_ptrace(request: 4205, pid: 1005f3, addr: 1, data: c000697c70)
             exe-1049722 [002] ..... 1635221.795789: sys_ptrace -> 0x0
             exe-1049722 [002] ..... 1635221.795790: sys_ptrace(request: 4205, pid: 1005f3, addr: 202, data: c000697c70)
             exe-1049722 [002] ..... 1635221.795796: sys_ptrace -> 0x0
             exe-1049722 [002] ..... 1635221.795797: sys_ptrace(request: 1f, pid: 1005f3, addr: 0, data: 0)
             exe-1049722 [002] ..... 1635221.795803: sys_ptrace -> 0x0
             exe-1049722 [002] ..... 1635221.795805: sys_wait4(upid: 1005f3, stat_addr: c000697bf4, options: 40000002, ru: 0)
             exe-1050099 [001] ..... 1635221.795822: sys_mbind -> 0xffffffffffffffea
             exe-1049722 [002] ..... 1635221.795840: sys_wait4 -> 0x1005f3
             exe-1049722 [002] ..... 1635221.795843: sys_ptrace(request: 4204, pid: 1005f3, addr: 1, data: c000697c70)
             exe-1049722 [002] ..... 1635221.795845: sys_ptrace -> 0x0
             exe-1049722 [002] ..... 1635221.795846: sys_ptrace(request: 4204, pid: 1005f3, addr: 202, data: c000697c70)
             exe-1049722 [002] ..... 1635221.795849: sys_ptrace -> 0x0
             exe-1049567 [000] ..... 1635221.795854: sys_nanosleep -> 0x0
             exe-1049722 [002] ..... 1635221.795854: sys_pwrite64(fd: 63, buf: 7fd66c2cb080, count: 61, pos: 63)
             exe-1049722 [002] ..... 1635221.795856: tracing_mark_write: mbind(start=0x7f5e70ef7000, len=0, mode=0x3, nmask=0x1, maxnode=0x8000, flags=0x7f5e70e19ce0) end
             exe-1049722 [002] ..... 1635221.853057: tracing_mark_write: mbind(start=0x7f5e70ef8000, len=0, mode=0x3, nmask=0x7f5e6ec00000, maxnode=0x8000, flags=0x7f5e70e19ce0) start
             exe-1049722 [002] ..... 1635221.853059: sys_pwrite64 -> 0x6e
             exe-1049722 [002] ..... 1635221.853064: sys_ptrace(request: 4205, pid: 1005f3, addr: 1, data: c000697c70)
             exe-1049722 [002] ..... 1635221.853067: sys_ptrace -> 0x0
             exe-1049722 [002] ..... 1635221.853068: sys_ptrace(request: 4205, pid: 1005f3, addr: 202, data: c000697c70)
             exe-1049722 [002] ..... 1635221.853076: sys_ptrace -> 0x0
             exe-1049722 [002] ..... 1635221.853078: sys_ptrace(request: 1f, pid: 1005f3, addr: 0, data: 0)
             exe-1049722 [002] ..... 1635221.853085: sys_ptrace -> 0x0
             exe-1049673 [000] ..... 1635221.853085: sys_nanosleep -> 0x0
             exe-1049722 [002] ..... 1635221.853087: sys_wait4(upid: 1005f3, stat_addr: c000697bf4, options: 40000002, ru: 0)
             exe-1049673 [000] ..... 1635221.853088: sys_nanosleep(rqtp: c000069f10, rmtp: 0)
             exe-1050099 [003] ..... 1635221.853089: sys_write -> 0x6e
             exe-1049722 [002] ..... 1635221.853098: sys_wait4 -> 0x1005f3
             exe-1049722 [002] ..... 1635221.853101: sys_ptrace(request: 4204, pid: 1005f3, addr: 1, data: c000697c70)
             exe-1049722 [002] ..... 1635221.853103: sys_ptrace -> 0x0
             exe-1049722 [002] ..... 1635221.853105: sys_ptrace(request: 4204, pid: 1005f3, addr: 202, data: c000697c70)
             exe-1049722 [002] ..... 1635221.853107: sys_ptrace -> 0x0
             exe-1049722 [002] ..... 1635221.853111: sys_ptrace(request: 4205, pid: 1005f3, addr: 1, data: c000697c70)
             exe-1049722 [002] ..... 1635221.853113: sys_ptrace -> 0x0
