             exe-1050008 [002] ..... 1635213.646990: tracing_mark_write: mbind(start=0x7f5e70ef7000, len=0, mode=0x7f5e70e19ce0, nmask=0x7f5e6ff00000, maxnode=0x8000, flags=0x7f5e70e19ce0) start
             exe-1050008 [002] ..... 1635213.646995: sys_pwrite64 -> 0x79
             exe-1050008 [002] ..... 1635213.646999: sys_ptrace(request: 4205, pid: 10059f, addr: 1, data: c000697c70)
             exe-1050008 [002] ..... 1635213.647000: sys_ptrace -> 0x0
             exe-1050008 [002] ..... 1635213.647001: sys_ptrace(request: 4205, pid: 10059f, addr: 202, data: c000697c70)
             exe-1049673 [003] ..... 1635213.647004: sys_nanosleep -> 0x0
             exe-1050008 [002] ..... 1635213.647007: sys_ptrace -> 0x0
             exe-1050008 [002] ..... 1635213.647008: sys_ptrace(request: 1f, pid: 10059f, addr: 0, data: 0)
             exe-1049673 [003] ..... 1635213.647009: sys_nanosleep(rqtp: c000069f10, rmtp: 0)
             exe-1050008 [002] ..... 1635213.647015: sys_ptrace -> 0x0
             exe-1050008 [002] ..... 1635213.647016: sys_wait4(upid: 10059f, stat_addr: c000697bf4, options: 40000002, ru: 0)
             exe-1050015 [000] ..... 1635213.647026: sys_write -> 0x79
             exe-1050008 [002] ..... 1635213.647036: sys_wait4 -> 0x10059f
             exe-1050008 [002] ..... 1635213.647038: sys_ptrace(request: 4204, pid: 10059f, addr: 1, data: c000697c70)
             exe-1050008 [002] ..... 1635213.647040: sys_ptrace -> 0x0
             exe-1050008 [002] ..... 1635213.647041: sys_ptrace(request: 4204, pid: 10059f, addr: 202, data: c000697c70)
             exe-1050008 [002] ..... 1635213.647042: sys_ptrace -> 0x0
             exe-1050008 [002] ..... 1635213.647045: sys_ptrace(request: 4205, pid: 10059f, addr: 1, data: c000697c70)
             exe-1050008 [002] ..... 1635213.647046: sys_ptrace -> 0x0
             exe-1050008 [002] ..... 1635213.647047: sys_ptrace(request: 4205, pid: 10059f, addr: 202, data: c000697c70)
             exe-1050008 [002] ..... 1635213.647051: sys_ptrace -> 0x0
             exe-1050008 [002] ..... 1635213.647052: sys_ptrace(request: 1f, pid: 10059f, addr: 0, data: 0)
             exe-1050008 [002] ..... 1635213.647058: sys_ptrace -> 0x0
             exe-1050008 [002] ..... 1635213.647060: sys_wait4(upid: 10059f, stat_addr: c000697bf4, options: 40000002, ru: 0)
             exe-1050015 [000] ..... 1635213.647070: sys_mbind -> 0xffffffffffffffea
             exe-1050008 [002] ..... 1635213.647079: sys_wait4 -> 0x10059f
             exe-1050008 [002] ..... 1635213.647081: sys_ptrace(request: 4204, pid: 10059f, addr: 1, data: c000697c70)
             exe-1050008 [002] ..... 1635213.647082: sys_ptrace -> 0x0
             exe-1050008 [002] ..... 1635213.647083: sys_ptrace(request: 4204, pid: 10059f, addr: 202, data: c000697c70)
             exe-1050008 [002] ..... 1635213.647084: sys_ptrace -> 0x0
             exe-1050008 [002] ..... 1635213.647088: sys_pwrite64(fd: 63, buf: 7fd66c2cb080, count: 77, pos: 79)
             exe-1050008 [002] ..... 1635213.647094: tracing_mark_write: mbind(start=0x7f5e70ef7000, len=0, mode=0x7f5e70e19ce0, nmask=0x7f5e6ff00000, maxnode=0x8000, flags=0x7f5e70e19ce0) end
             exe-1050008 [002] ..... 1635213.703398: tracing_mark_write: mbind(start=0x7f5e70ef7000, len=0, mode=0x7f5e70e19ce0, nmask=0x0, maxnode=0x8000, flags=0x7f5e70e19ce0) start
             exe-1050008 [002] ..... 1635213.703399: sys_pwrite64 -> 0x6e
             exe-1049673 [001] ..... 1635213.703416: sys_nanosleep -> 0x0
             exe-1049673 [001] ..... 1635213.703418: sys_nanosleep(rqtp: c000069f10, rmtp: 0)
             exe-1049567 [003] ..... 1635213.703436: sys_nanosleep -> 0x0
             exe-1049567 [003] ..... 1635213.703438: sys_nanosleep(rqtp: c000069f10, rmtp: 0)
             exe-1050008 [002] ..... 1635213.703475: sys_ptrace(request: 4205, pid: 10059f, addr: 1, data: c000697c70)
             exe-1050008 [002] ..... 1635213.703480: sys_ptrace -> 0x0
             exe-1050008 [002] ..... 1635213.703482: sys_ptrace(request: 4205, pid: 10059f, addr: 202, data: c000697c70)
             exe-1050008 [002] ..... 1635213.703494: sys_ptrace -> 0x0
             exe-1050008 [002] ..... 1635213.703497: sys_ptrace(request: 1f, pid: 10059f, addr: 0, data: 0)
             exe-1049673 [001] ..... 1635213.703507: sys_nanosleep -> 0x0
             exe-1049673 [001] ..... 1635213.703510: sys_nanosleep(rqtp: c000069f10, rmtp: 0)
             exe-1050008 [002] ..... 1635213.703511: sys_ptrace -> 0x0
             exe-1050008 [002] ..... 1635213.703514: sys_wait4(upid: 10059f, stat_addr: c000697bf4, options: 40000002, ru: 0)
             exe-1049567 [003] ..... 1635213.703523: sys_nanosleep -> 0x0
             exe-1049567 [003] ..... 1635213.703525: sys_nanosleep(rqtp: c000069f10, rmtp: 0)
             exe-1050015 [000] ..... 1635213.703531: sys_write -> 0x6e
             exe-1050008 [002] ..... 1635213.703585: sys_wait4 -> 0x10059f
             exe-1050008 [002] ..... 1635213.703591: sys_ptrace(request: 4204, pid: 10059f, addr: 1, data: c000697c70)
             exe-1050008 [002] ..... 1635213.703595: sys_ptrace -> 0x0
             exe-1050008 [002] ..... 1635213.703597: sys_ptrace(request: 4204, pid: 10059f, addr: 202, data: c000697c70)
             exe-1049673 [001] ..... 1635213.703598: sys_nanosleep -> 0x0
             exe-1050008 [002] ..... 1635213.703600: sys_ptrace -> 0x0
             exe-1049673 [001] ..... 1635213.703600: sys_nanosleep(rqtp: c000069f10, rmtp: 0)
             exe-1050008 [002] ..... 1635213.703607: sys_ptrace(request: 4205, pid: 10059f, addr: 1, data: c000697c70)
             exe-1050008 [002] ..... 1635213.703610: sys_ptrace -> 0x0
             exe-1050008 [002] ..... 1635213.703611: sys_ptrace(request: 4205, pid: 10059f, addr: 202, data: c000697c70)
             exe-1049567 [003] ..... 1635213.703620: sys_nanosleep -> 0x0
             exe-1050008 [002] ..... 1635213.703622: sys_ptrace -> 0x0
             exe-1049567 [003] ..... 1635213.703623: sys_nanosleep(rqtp: c000069f10, rmtp: 0)
             exe-1050008 [002] ..... 1635213.703624: sys_ptrace(request: 1f, pid: 10059f, addr: 0, data: 0)
             exe-1050015 [000] ..... 1635213.703658: sys_mbind -> 0xffffffffffffffea
             exe-1050008 [002] .N... 1635213.703658: sys_ptrace -> 0x0
             exe-1049673 [001] ..... 1635213.703689: sys_nanosleep -> 0x0
             exe-1049673 [001] ..... 1635213.703691: sys_nanosleep(rqtp: c000069f10, rmtp: 0)
             exe-1050008 [002] ..... 1635213.703701: sys_wait4(upid: 10059f, stat_addr: c000697bf4, options: 40000002, ru: 0)
             exe-1050008 [002] ..... 1635213.703704: sys_wait4 -> 0x10059f
             exe-1050008 [002] ..... 1635213.703707: sys_ptrace(request: 4204, pid: 10059f, addr: 1, data: c000697c70)
             exe-1050008 [002] ..... 1635213.703711: sys_ptrace -> 0x0
             exe-1050008 [002] ..... 1635213.703712: sys_ptrace(request: 4204, pid: 10059f, addr: 202, data: c000697c70)
             exe-1049567 [003] ..... 1635213.703714: sys_nanosleep -> 0x0
             exe-1050008 [002] ..... 1635213.703715: sys_ptrace -> 0x0
             exe-1049567 [003] ..... 1635213.703717: sys_nanosleep(rqtp: c000069f10, rmtp: 0)
             exe-1050008 [002] ..... 1635213.703730: sys_pwrite64(fd: 63, buf: 7fd66c2cb080, count: 6c, pos: 6e)
             exe-1050008 [002] ..... 1635213.703732: tracing_mark_write: mbind(start=0x7f5e70ef7000, len=0, mode=0x7f5e70e19ce0, nmask=0x0, maxnode=0x8000, flags=0x7f5e70e19ce0) end
             exe-1050008 [003] ..... 1635213.781990: tracing_mark_write: mbind(start=0x7f5e6ec00000, len=0x12f000, mode=0x7f5e70e19ce0, nmask=0x4, maxnode=0x8000, flags=0x7f5e70e19ce0) start
             exe-1050008 [003] ..... 1635213.782007: sys_pwrite64 -> 0x75
             exe-1050008 [003] ..... 1635213.782014: sys_ptrace(request: 4205, pid: 10059f, addr: 1, data: c000697c70)
             exe-1050008 [003] ..... 1635213.782017: sys_ptrace -> 0x0
             exe-1050008 [003] ..... 1635213.782019: sys_ptrace(request: 4205, pid: 10059f, addr: 202, data: c000697c70)
             exe-1050008 [003] ..... 1635213.782028: sys_ptrace -> 0x0
             exe-1050008 [003] ..... 1635213.782030: sys_ptrace(request: 1f, pid: 10059f, addr: 0, data: 0)
             exe-1050008 [003] ..... 1635213.782041: sys_ptrace -> 0x0
             exe-1050008 [003] ..... 1635213.782043: sys_wait4(upid: 10059f, stat_addr: c000697bf4, options: 40000002, ru: 0)
             exe-1050015 [000] ..... 1635213.782065: sys_write -> 0x75
             exe-1049567 [003] ..... 1635213.782070: sys_nanosleep -> 0x0
             exe-1049567 [003] ..... 1635213.782082: sys_nanosleep(rqtp: c000069f10, rmtp: 0)
             exe-1050008 [003] ..... 1635213.782093: sys_wait4 -> 0x10059f
             exe-1050008 [003] ..... 1635213.782096: sys_ptrace(request: 4204, pid: 10059f, addr: 1, data: c000697c70)
             exe-1050008 [003] ..... 1635213.782099: sys_ptrace -> 0x0
             exe-1050008 [003] ..... 1635213.782101: sys_ptrace(request: 4204, pid: 10059f, addr: 202, data: c000697c70)
             exe-1050008 [003] ..... 1635213.782104: sys_ptrace -> 0x0
             exe-1050008 [003] ..... 1635213.782110: sys_ptrace(request: 4205, pid: 10059f, addr: 1, data: c000697c70)
             exe-1050008 [003] ..... 1635213.782112: sys_ptrace -> 0x0
             exe-1050008 [003] ..... 1635213.782114: sys_ptrace(request: 4205, pid: 10059f, addr: 202, data: c000697c70)
             exe-1050008 [003] ..... 1635213.782121: sys_ptrace -> 0x0
             exe-1050008 [003] ..... 1635213.782123: sys_ptrace(request: 1f, pid: 10059f, addr: 0, data: 0)
             exe-1050008 [003] ..... 1635213.782133: sys_ptrace -> 0x0
             exe-1050008 [003] ..... 1635213.782135: sys_wait4(upid: 10059f, stat_addr: c000697bf4, options: 40000002, ru: 0)
             exe-1050015 [000] ..... 1635213.782156: sys_mbind -> 0xffffffffffffffea
             exe-1049673 [002] ..... 1635213.782158: sys_nanosleep -> 0x0
             exe-1049673 [002] ..... 1635213.782164: sys_nanosleep(rqtp: c000069f10, rmtp: 0)
             exe-1050008 [003] ..... 1635213.782174: sys_wait4 -> 0x10059f
             exe-1050008 [003] ..... 1635213.782177: sys_ptrace(request: 4204, pid: 10059f, addr: 1, data: c000697c70)
             exe-1050008 [003] ..... 1635213.782179: sys_ptrace -> 0x0
             exe-1050008 [003] ..... 1635213.782181: sys_ptrace(request: 4204, pid: 10059f, addr: 202, data: c000697c70)
             exe-1050008 [003] ..... 1635213.782183: sys_ptrace -> 0x0
             exe-1050008 [003] ..... 1635213.782189: sys_pwrite64(fd: 63, buf: 7fd66c2cb080, count: 73, pos: 75)
             exe-1050008 [003] ..... 1635213.782191: tracing_mark_write: mbind(start=0x7f5e6ec00000, len=0x12f000, mode=0x7f5e70e19ce0, nmask=0x4, maxnode=0x8000, flags=0x7f5e70e19ce0) end
             exe-1050008 [003] ..... 1635213.858635: tracing_mark_write: mbind(start=0x7f5e70ef8000, len=0, mode=0x7f5e70e19ce0, nmask=0x0, maxnode=0x8000, flags=0x7f5e70e19ce0) start
             exe-1050008 [003] ..... 1635213.858637: sys_pwrite64 -> 0x6e
             exe-1050008 [003] ..... 1635213.858642: sys_ptrace(request: 4205, pid: 10059f, addr: 1, data: c000697c70)
             exe-1050008 [003] ..... 1635213.858645: sys_ptrace -> 0x0
             exe-1050008 [003] ..... 1635213.858646: sys_ptrace(request: 4205, pid: 10059f, addr: 202, data: c000697c70)
             exe-1050008 [003] ..... 1635213.858654: sys_ptrace -> 0x0
             exe-1050008 [003] ..... 1635213.858655: sys_ptrace(request: 1f, pid: 10059f, addr: 0, data: 0)
             exe-1050008 [003] ..... 1635213.858667: sys_ptrace -> 0x0
             exe-1050008 [003] ..... 1635213.858668: sys_wait4(upid: 10059f, stat_addr: c000697bf4, options: 40000002, ru: 0)
             exe-1049673 [002] ..... 1635213.858688: sys_nanosleep -> 0x0
             exe-1050015 [000] ..... 1635213.858693: sys_write -> 0x6e
             exe-1049673 [002] ..... 1635213.858695: sys_futex(uaddr: 1f09dc0, op: 80, val: 0, utime: c000069eb0, uaddr2: 0, val3: 0)
             exe-1050008 [003] ..... 1635213.858712: sys_wait4 -> 0x10059f
             exe-1050008 [003] ..... 1635213.858715: sys_ptrace(request: 4204, pid: 10059f, addr: 1, data: c000697c70)
             exe-1050008 [003] ..... 1635213.858717: sys_ptrace -> 0x0
             exe-1050008 [003] ..... 1635213.858719: sys_ptrace(request: 4204, pid: 10059f, addr: 202, data: c000697c70)
             exe-1050008 [003] ..... 1635213.858721: sys_ptrace -> 0x0
             exe-1050008 [003] ..... 1635213.858726: sys_ptrace(request: 4205, pid: 10059f, addr: 1, data: c000697c70)
             exe-1050008 [003] ..... 1635213.858729: sys_ptrace -> 0x0
             exe-1050008 [003] ..... 1635213.858730: sys_ptrace(request: 4205, pid: 10059f, addr: 202, data: c000697c70)
             exe-1050008 [003] ..... 1635213.858736: sys_ptrace -> 0x0
             exe-1050008 [003] ..... 1635213.858737: sys_ptrace(request: 1f, pid: 10059f, addr: 0, data: 0)
             exe-1050008 [003] ..... 1635213.858747: sys_ptrace -> 0x0
             exe-1050008 [003] ..... 1635213.858749: sys_wait4(upid: 10059f, stat_addr: c000697bf4, options: 40000002, ru: 0)
             exe-1050015 [000] ..... 1635213.858772: sys_mbind -> 0xffffffffffffffea
             exe-1050008 [003] ..... 1635213.858790: sys_wait4 -> 0x10059f
             exe-1050008 [003] ..... 1635213.858792: sys_ptrace(request: 4204, pid: 10059f, addr: 1, data: c000697c70)
             exe-1050008 [003] ..... 1635213.858795: sys_ptrace -> 0x0
             exe-1050008 [003] ..... 1635213.858796: sys_ptrace(request: 4204, pid: 10059f, addr: 202, data: c000697c70)
             exe-1050008 [003] ..... 1635213.858798: sys_ptrace -> 0x0
             exe-1050008 [003] ..... 1635213.858803: sys_pwrite64(fd: 63, buf: 7fd66c2cb080, count: 6c, pos: 6e)
             exe-1050008 [003] ..... 1635213.858805: tracing_mark_write: mbind(start=0x7f5e70ef8000, len=0, mode=0x7f5e70e19ce0, nmask=0x0, maxnode=0x8000, flags=0x7f5e70e19ce0) end
             exe-1050008 [003] ..... 1635213.948192: tracing_mark_write: mbind(start=0x7f5e70b00000, len=0x60000, mode=0x7f5e70e19ce0, nmask=0x7f5e6f300000, maxnode=0x8000, flags=0x7f5e70e19ce0) start
             exe-1050008 [003] ..... 1635213.948193: sys_pwrite64 -> 0x7f
             exe-1050526 [001] ..... 1635213.948196: sys_futex -> 0x0
             exe-1050008 [003] ..... 1635213.948198: sys_ptrace(request: 4205, pid: 10059f, addr: 1, data: c000697c70)
             exe-1050008 [003] ..... 1635213.948201: sys_ptrace -> 0x0
             exe-1050008 [003] ..... 1635213.948202: sys_ptrace(request: 4205, pid: 10059f, addr: 202, data: c000697c70)
             exe-1050526 [001] ..... 1635213.948210: sys_futex(uaddr: c000466948, op: 80, val: 0, utime: 0, uaddr2: 0, val3: 0)
             exe-1050008 [003] ..... 1635213.948211: sys_ptrace -> 0x0
             exe-1050008 [003] ..... 1635213.948213: sys_ptrace(request: 1f, pid: 10059f, addr: 0, data: 0)
             exe-1050008 [003] ..... 1635213.948224: sys_ptrace -> 0x0
             exe-1049673 [002] ..... 1635213.948224: sys_nanosleep -> 0x0
             exe-1050008 [003] ..... 1635213.948226: sys_wait4(upid: 10059f, stat_addr: c000697bf4, options: 40000002, ru: 0)
             exe-1049673 [002] ..... 1635213.948231: sys_futex(uaddr: 1f09dc0, op: 80, val: 0, utime: c000069eb0, uaddr2: 0, val3: 0)
             exe-1049567 [001] ..... 1635213.948232: sys_nanosleep -> 0x0
             exe-1049567 [001] ..... 1635213.948239: sys_nanosleep(rqtp: c000069f10, rmtp: 0)
             exe-1050015 [000] ..... 1635213.948244: sys_write -> 0x7f
             exe-1050008 [003] ..... 1635213.948261: sys_wait4 -> 0x10059f
             exe-1050008 [003] ..... 1635213.948264: sys_ptrace(request: 4204, pid: 10059f, addr: 1, data: c000697c70)
             exe-1050008 [003] ..... 1635213.948266: sys_ptrace -> 0x0
             exe-1050008 [003] ..... 1635213.948268: sys_ptrace(request: 4204, pid: 10059f, addr: 202, data: c000697c70)
             exe-1050008 [003] ..... 1635213.948270: sys_ptrace -> 0x0
             exe-1050008 [003] ..... 1635213.948275: sys_ptrace(request: 4205, pid: 10059f, addr: 1, data: c000697c70)
             exe-1050008 [003] ..... 1635213.948278: sys_ptrace -> 0x0
             exe-1050008 [003] ..... 1635213.948279: sys_ptrace(request: 4205, pid: 10059f, addr: 202, data: c000697c70)
             exe-1050008 [003] ..... 1635213.948287: sys_ptrace -> 0x0
             exe-1050008 [003] ..... 1635213.948288: sys_ptrace(request: 1f, pid: 10059f, addr: 0, data: 0)
             exe-1050008 [003] ..... 1635213.948299: sys_ptrace -> 0x0
             exe-1050008 [003] ..... 1635213.948301: sys_wait4(upid: 10059f, stat_addr: c000697bf4, options: 40000002, ru: 0)
             exe-1050015 [000] ..... 1635213.948318: sys_mbind -> 0xffffffffffffffea
             exe-1049567 [001] ..... 1635213.948346: sys_nanosleep -> 0x0
             exe-1049567 [001] ..... 1635213.948351: sys_nanosleep(rqtp: c000069f10, rmtp: 0)
             exe-1049981 [003] ..... 1635213.948362: sys_epoll_pwait -> 0x0
             exe-1049981 [003] ..... 1635213.948377: sys_futex(uaddr: c0049c7548, op: 81, val: 1, utime: 0, uaddr2: 0, val3: 0)
             exe-1049981 [003] ..... 1635213.948385: sys_futex -> 0x1
             exe-1049981 [003] ..... 1635213.948401: sys_epoll_pwait(epfd: 11, events: c00063b840, maxevents: 80, timeout: 9, sigmask: 0, sigsetsize: 0)
             exe-1050008 [003] ..... 1635213.948413: sys_wait4 -> 0x10059f
             exe-1050008 [003] ..... 1635213.948416: sys_ptrace(request: 4204, pid: 10059f, addr: 1, data: c000697c70)
             exe-1050008 [003] ..... 1635213.948420: sys_ptrace -> 0x0
             exe-1050008 [003] ..... 1635213.948422: sys_ptrace(request: 4204, pid: 10059f, addr: 202, data: c000697c70)
             exe-1050008 [003] ..... 1635213.948425: sys_ptrace -> 0x0
             exe-1050008 [003] ..... 1635213.948433: sys_pwrite64(fd: 63, buf: 7fd66c2cb080, count: 7d, pos: 7f)
             exe-1050008 [003] ..... 1635213.948434: tracing_mark_write: mbind(start=0x7f5e70b00000, len=0x60000, mode=0x7f5e70e19ce0, nmask=0x7f5e6f300000, maxnode=0x8000, flags=0x7f5e70e19ce0) end
             exe-1050008 [003] ..... 1635214.028863: tracing_mark_write: mbind(start=0x7f5e70ef7000, len=0, mode=0x7f5e70e19ce0, nmask=0x7f5e6f000000, maxnode=0x8000, flags=0x7f5e70e19ce0) start
             exe-1050008 [003] ..... 1635214.028865: sys_pwrite64 -> 0x79
             exe-1050008 [003] ..... 1635214.028873: sys_ptrace(request: 4205, pid: 10059f, addr: 1, data: c000697c70)
             exe-1050008 [003] ..... 1635214.028875: sys_ptrace -> 0x0
             exe-1049673 [002] ..... 1635214.028877: sys_nanosleep -> 0x0
             exe-1050008 [003] ..... 1635214.028877: sys_ptrace(request: 4205, pid: 10059f, addr: 202, data: c000697c70)
             exe-1049673 [002] ..... 1635214.028883: sys_futex(uaddr: 1f09dc0, op: 80, val: 0, utime: c000069eb0, uaddr2: 0, val3: 0)
             exe-1050008 [003] ..... 1635214.028889: sys_ptrace -> 0x0
             exe-1050008 [003] ..... 1635214.028890: sys_ptrace(request: 1f, pid: 10059f, addr: 0, data: 0)
             exe-1050008 [003] ..... 1635214.028909: sys_ptrace -> 0x0
             exe-1050008 [003] ..... 1635214.028911: sys_wait4(upid: 10059f, stat_addr: c000697bf4, options: 40000002, ru: 0)
             exe-1050015 [000] ..... 1635214.028925: sys_write -> 0x79
             exe-1050008 [003] ..... 1635214.028943: sys_wait4 -> 0x10059f
             exe-1050008 [003] ..... 1635214.028945: sys_ptrace(request: 4204, pid: 10059f, addr: 1, data: c000697c70)
             exe-1050008 [003] ..... 1635214.028948: sys_ptrace -> 0x0
             exe-1050008 [003] ..... 1635214.028949: sys_ptrace(request: 4204, pid: 10059f, addr: 202, data: c000697c70)
             exe-1050008 [003] ..... 1635214.028951: sys_ptrace -> 0x0
             exe-1050008 [003] ..... 1635214.028957: sys_ptrace(request: 4205, pid: 10059f, addr: 1, data: c000697c70)
             exe-1050008 [003] ..... 1635214.028959: sys_ptrace -> 0x0
             exe-1050008 [003] ..... 1635214.028961: sys_ptrace(request: 4205, pid: 10059f, addr: 202, data: c000697c70)
             exe-1050008 [003] ..... 1635214.028967: sys_ptrace -> 0x0
             exe-1050008 [003] ..... 1635214.028969: sys_ptrace(request: 1f, pid: 10059f, addr: 0, data: 0)
             exe-1050008 [003] ..... 1635214.028979: sys_ptrace -> 0x0
             exe-1050008 [003] ..... 1635214.028981: sys_wait4(upid: 10059f, stat_addr: c000697bf4, options: 40000002, ru: 0)
             exe-1050015 [000] ..... 1635214.028998: sys_mbind -> 0xffffffffffffffea
             exe-1050008 [003] ..... 1635214.029013: sys_wait4 -> 0x10059f
             exe-1050008 [003] ..... 1635214.029015: sys_ptrace(request: 4204, pid: 10059f, addr: 1, data: c000697c70)
             exe-1050008 [003] ..... 1635214.029017: sys_ptrace -> 0x0
             exe-1050008 [003] ..... 1635214.029019: sys_ptrace(request: 4204, pid: 10059f, addr: 202, data: c000697c70)
             exe-1050008 [003] ..... 1635214.029021: sys_ptrace -> 0x0
             exe-1050008 [003] ..... 1635214.029035: sys_pwrite64(fd: 63, buf: 7fd66c2cb080, count: 77, pos: 79)
             exe-1050008 [003] ..... 1635214.029037: tracing_mark_write: mbind(start=0x7f5e70ef7000, len=0, mode=0x7f5e70e19ce0, nmask=0x7f5e6f000000, maxnode=0x8000, flags=0x7f5e70e19ce0) end
             exe-1050008 [003] ..... 1635214.097899: tracing_mark_write: mbind(start=0x7f5e6f000000, len=0x161000, mode=0x7f5e70e19ce0, nmask=0x7f5e70ef9000, maxnode=0x8000, flags=0x7f5e70e19ce0) start
             exe-1050008 [003] ..... 1635214.097901: sys_pwrite64 -> 0x80
             exe-1049981 [000] ..... 1635214.097903: sys_futex -> 0x1
             exe-1049722 [003] ..... 1635214.097913: sys_futex -> 0x0
             exe-1049981 [000] ..... 1635214.097921: sys_epoll_pwait(epfd: 11, events: c00063b840, maxevents: 80, timeout: 9, sigmask: 0, sigsetsize: 0)
             exe-1049722 [003] ..... 1635214.097924: sys_futex(uaddr: c0002d0548, op: 80, val: 0, utime: 0, uaddr2: 0, val3: 0)
             exe-1050008 [003] ..... 1635214.097936: sys_futex(uaddr: c0002d0548, op: 81, val: 1, utime: 0, uaddr2: 0, val3: 0)
             exe-1050008 [003] .N... 1635214.097940: sys_futex -> 0x1
             exe-1049722 [003] ..... 1635214.097942: sys_futex -> 0x0
             exe-1049722 [003] ..... 1635214.097946: sys_nanosleep(rqtp: c000409d60, rmtp: 0)
             exe-1050008 [003] ..... 1635214.097966: sys_ptrace(request: 4205, pid: 10059f, addr: 1, data: c000697c70)
             exe-1050008 [003] ..... 1635214.097970: sys_ptrace -> 0x0
             exe-1050008 [003] ..... 1635214.097972: sys_ptrace(request: 4205, pid: 10059f, addr: 202, data: c000697c70)
             exe-1050008 [003] ..... 1635214.097983: sys_ptrace -> 0x0
             exe-1050008 [003] ..... 1635214.097985: sys_ptrace(request: 1f, pid: 10059f, addr: 0, data: 0)
             exe-1050008 [003] ..... 1635214.097996: sys_ptrace -> 0x0
             exe-1050008 [003] ..... 1635214.097999: sys_wait4(upid: 10059f, stat_addr: c000697bf4, options: 40000002, ru: 0)
             exe-1050015 [001] ..... 1635214.098018: sys_write -> 0x80
             exe-1049722 [003] ..... 1635214.098031: sys_nanosleep -> 0x0
             exe-1049722 [003] ..... 1635214.098035: sys_futex(uaddr: c0049c7548, op: 81, val: 1, utime: 0, uaddr2: 0, val3: 0)
             exe-1049722 [003] ..... 1635214.098043: sys_futex -> 0x1
             exe-1049722 [003] ..... 1635214.098053: sys_futex(uaddr: c0002d0548, op: 80, val: 0, utime: 0, uaddr2: 0, val3: 0)
             exe-1050008 [003] ..... 1635214.098060: sys_wait4 -> 0x10059f
             exe-1050008 [003] ..... 1635214.098063: sys_ptrace(request: 4204, pid: 10059f, addr: 1, data: c000697c70)
             exe-1050008 [003] ..... 1635214.098067: sys_ptrace -> 0x0
             exe-1050008 [003] ..... 1635214.098068: sys_ptrace(request: 4204, pid: 10059f, addr: 202, data: c000697c70)
             exe-1050008 [003] ..... 1635214.098071: sys_ptrace -> 0x0
             exe-1050008 [003] ..... 1635214.098076: sys_ptrace(request: 4205, pid: 10059f, addr: 1, data: c000697c70)
             exe-1050008 [003] ..... 1635214.098079: sys_ptrace -> 0x0
             exe-1050289 [002] ..... 1635214.098080: sys_futex -> 0x0
             exe-1050008 [003] ..... 1635214.098080: sys_ptrace(request: 4205, pid: 10059f, addr: 202, data: c000697c70)
             exe-1050008 [003] ..... 1635214.098089: sys_ptrace -> 0x0
             exe-1050008 [003] ..... 1635214.098091: sys_ptrace(request: 1f, pid: 10059f, addr: 0, data: 0)
             exe-1050289 [002] ..... 1635214.098095: sys_futex(uaddr: c0049c7548, op: 80, val: 0, utime: 0, uaddr2: 0, val3: 0)
             exe-1050008 [003] ..... 1635214.098102: sys_ptrace -> 0x0
             exe-1050008 [003] ..... 1635214.098105: sys_wait4(upid: 10059f, stat_addr: c000697bf4, options: 40000002, ru: 0)
             exe-1050015 [001] ..... 1635214.098120: sys_mbind -> 0xffffffffffffffea
             exe-1050008 [003] ..... 1635214.098137: sys_wait4 -> 0x10059f
             exe-1050008 [003] ..... 1635214.098140: sys_ptrace(request: 4204, pid: 10059f, addr: 1, data: c000697c70)
             exe-1050008 [003] ..... 1635214.098142: sys_ptrace -> 0x0
             exe-1050008 [003] ..... 1635214.098144: sys_ptrace(request: 4204, pid: 10059f, addr: 202, data: c000697c70)
             exe-1050008 [003] ..... 1635214.098146: sys_ptrace -> 0x0
             exe-1050008 [003] ..... 1635214.098155: sys_pwrite64(fd: 63, buf: 7fd66c2cb080, count: 7e, pos: 80)
             exe-1050008 [003] ..... 1635214.098156: tracing_mark_write: mbind(start=0x7f5e6f000000, len=0x161000, mode=0x7f5e70e19ce0, nmask=0x7f5e70ef9000, maxnode=0x8000, flags=0x7f5e70e19ce0) end
             exe-1050008 [000] ..... 1635214.175567: tracing_mark_write: mbind(start=0x7f5e6f000000, len=0x8c000, mode=0x7f5e70e19ce0, nmask=0x1, maxnode=0x8000, flags=0x7f5e70e19ce0) start
             exe-1050008 [000] ..... 1635214.175569: sys_pwrite64 -> 0x74
             exe-1050008 [000] ..... 1635214.175574: sys_ptrace(request: 4205, pid: 10059f, addr: 1, data: c000697c70)
             exe-1050008 [000] ..... 1635214.175576: sys_ptrace -> 0x0
             exe-1050008 [000] ..... 1635214.175577: sys_ptrace(request: 4205, pid: 10059f, addr: 202, data: c000697c70)
             exe-1050008 [000] ..... 1635214.175585: sys_ptrace -> 0x0
             exe-1050008 [000] ..... 1635214.175587: sys_ptrace(request: 1f, pid: 10059f, addr: 0, data: 0)
             exe-1050008 [000] ..... 1635214.175597: sys_ptrace -> 0x0
             exe-1050008 [000] ..... 1635214.175599: sys_wait4(upid: 10059f, stat_addr: c000697bf4, options: 40000002, ru: 0)
             exe-1050015 [001] ..... 1635214.175646: sys_write -> 0x74
             exe-1050008 [000] ..... 1635214.175671: sys_wait4 -> 0x10059f
             exe-1050008 [000] ..... 1635214.175673: sys_ptrace(request: 4204, pid: 10059f, addr: 1, data: c000697c70)
             exe-1050008 [000] ..... 1635214.175676: sys_ptrace -> 0x0
             exe-1050008 [000] ..... 1635214.175677: sys_ptrace(request: 4204, pid: 10059f, addr: 202, data: c000697c70)
             exe-1050008 [000] ..... 1635214.175680: sys_ptrace -> 0x0
             exe-1050008 [000] ..... 1635214.175684: sys_ptrace(request: 4205, pid: 10059f, addr: 1, data: c000697c70)
             exe-1050008 [000] ..... 1635214.175687: sys_ptrace -> 0x0
             exe-1050008 [000] ..... 1635214.175688: sys_ptrace(request: 4205, pid: 10059f, addr: 202, data: c000697c70)
             exe-1050008 [000] ..... 1635214.175695: sys_ptrace -> 0x0
             exe-1050008 [000] ..... 1635214.175696: sys_ptrace(request: 1f, pid: 10059f, addr: 0, data: 0)
             exe-1050008 [000] ..... 1635214.175702: sys_ptrace -> 0x0
             exe-1050008 [000] ..... 1635214.175703: sys_wait4(upid: 10059f, stat_addr: c000697bf4, options: 40000002, ru: 0)
             exe-1050015 [001] ..... 1635214.175771: sys_mbind -> 0xffffffffffffffea
             exe-1050008 [000] ..... 1635214.175791: sys_wait4 -> 0x10059f
             exe-1050008 [000] ..... 1635214.175793: sys_ptrace(request: 4204, pid: 10059f, addr: 1, data: c000697c70)
             exe-1050008 [000] ..... 1635214.175796: sys_ptrace -> 0x0
             exe-1050008 [000] ..... 1635214.175797: sys_ptrace(request: 4204, pid: 10059f, addr: 202, data: c000697c70)
             exe-1050008 [000] ..... 1635214.175799: sys_ptrace -> 0x0
             exe-1050008 [000] ..... 1635214.175805: sys_pwrite64(fd: 63, buf: 7fd66c2cb080, count: 72, pos: 74)
             exe-1050008 [000] ..... 1635214.175806: tracing_mark_write: mbind(start=0x7f5e6f000000, len=0x8c000, mode=0x7f5e70e19ce0, nmask=0x1, maxnode=0x8000, flags=0x7f5e70e19ce0) end
             exe-1050008 [000] ..... 1635214.266413: tracing_mark_write: mbind(start=0x7f5e6f300000, len=0x4e000, mode=0x7f5e70e19ce0, nmask=0x7f5e6ee00000, maxnode=0x8000, flags=0x7f5e70e19ce0) start
             exe-1050008 [000] ..... 1635214.266415: sys_pwrite64 -> 0x7f
             exe-1050008 [000] ..... 1635214.266420: sys_ptrace(request: 4205, pid: 10059f, addr: 1, data: c000697c70)
             exe-1050008 [000] ..... 1635214.266423: sys_ptrace -> 0x0
             exe-1050008 [000] ..... 1635214.266424: sys_ptrace(request: 4205, pid: 10059f, addr: 202, data: c000697c70)
             exe-1050008 [000] ..... 1635214.266433: sys_ptrace -> 0x0
             exe-1050008 [000] ..... 1635214.266434: sys_ptrace(request: 1f, pid: 10059f, addr: 0, data: 0)
             exe-1050008 [000] ..... 1635214.266446: sys_ptrace -> 0x0
             exe-1050008 [000] ..... 1635214.266448: sys_wait4(upid: 10059f, stat_addr: c000697bf4, options: 40000002, ru: 0)
             exe-1050015 [001] ..... 1635214.266470: sys_write -> 0x7f
             exe-1050008 [000] ..... 1635214.266488: sys_wait4 -> 0x10059f
             exe-1050008 [000] ..... 1635214.266490: sys_ptrace(request: 4204, pid: 10059f, addr: 1, data: c000697c70)
             exe-1050008 [000] ..... 1635214.266493: sys_ptrace -> 0x0
             exe-1050008 [000] ..... 1635214.266494: sys_ptrace(request: 4204, pid: 10059f, addr: 202, data: c000697c70)
             exe-1050008 [000] ..... 1635214.266497: sys_ptrace -> 0x0
             exe-1050008 [000] ..... 1635214.266502: sys_ptrace(request: 4205, pid: 10059f, addr: 1, data: c000697c70)
             exe-1050008 [000] ..... 1635214.266504: sys_ptrace -> 0x0
             exe-1050008 [000] ..... 1635214.266506: sys_ptrace(request: 4205, pid: 10059f, addr: 202, data: c000697c70)
             exe-1050008 [000] ..... 1635214.266511: sys_ptrace -> 0x0
             exe-1050008 [000] ..... 1635214.266513: sys_ptrace(request: 1f, pid: 10059f, addr: 0, data: 0)
             exe-1050008 [000] ..... 1635214.266523: sys_ptrace -> 0x0
             exe-1050008 [000] ..... 1635214.266524: sys_wait4(upid: 10059f, stat_addr: c000697bf4, options: 40000002, ru: 0)
             exe-1050015 [001] ..... 1635214.266538: sys_mbind -> 0xffffffffffffffea
             exe-1050008 [000] ..... 1635214.266553: sys_wait4 -> 0x10059f
             exe-1050008 [000] ..... 1635214.266555: sys_ptrace(request: 4204, pid: 10059f, addr: 1, data: c000697c70)
             exe-1050008 [000] ..... 1635214.266558: sys_ptrace -> 0x0
             exe-1050008 [000] ..... 1635214.266560: sys_ptrace(request: 4204, pid: 10059f, addr: 202, data: c000697c70)
             exe-1050008 [000] ..... 1635214.266562: sys_ptrace -> 0x0
             exe-1050008 [000] ..... 1635214.266567: sys_pwrite64(fd: 63, buf: 7fd66c2cb080, count: 7d, pos: 7f)
             exe-1050008 [000] ..... 1635214.266568: tracing_mark_write: mbind(start=0x7f5e6f300000, len=0x4e000, mode=0x7f5e70e19ce0, nmask=0x7f5e6ee00000, maxnode=0x8000, flags=0x7f5e70e19ce0) end
             exe-1050008 [002] ..... 1635214.348015: tracing_mark_write: mbind(start=0x7f5e70ef8000, len=0, mode=0x7f5e70e19ce0, nmask=0x7f5e70f08000, maxnode=0x8000, flags=0x7f5e70e19ce0) start
             exe-1050008 [002] ..... 1635214.348017: sys_pwrite64 -> 0x79
             exe-1050008 [002] ..... 1635214.348023: sys_ptrace(request: 4205, pid: 10059f, addr: 1, data: c000697c70)
             exe-1049673 [000] ..... 1635214.348028: sys_nanosleep -> 0x0
             exe-1049673 [000] ..... 1635214.348034: sys_nanosleep(rqtp: c000069f10, rmtp: 0)
             exe-1050008 [002] .N... 1635214.348052: sys_ptrace -> 0x0
             exe-1050008 [002] ..... 1635214.348102: sys_ptrace(request: 4205, pid: 10059f, addr: 202, data: c000697c70)
             exe-1050008 [002] ..... 1635214.348118: sys_ptrace -> 0x0
             exe-1050008 [002] ..... 1635214.348120: sys_ptrace(request: 1f, pid: 10059f, addr: 0, data: 0)
             exe-1050008 [002] ..... 1635214.348129: sys_ptrace -> 0x0
             exe-1050008 [002] ..... 1635214.348133: sys_wait4(upid: 10059f, stat_addr: c000697bf4, options: 40000002, ru: 0)
             exe-1050015 [000] ..... 1635214.348145: sys_write -> 0x79
             exe-1050008 [002] ..... 1635214.348167: sys_wait4 -> 0x10059f
             exe-1050008 [002] ..... 1635214.348171: sys_ptrace(request: 4204, pid: 10059f, addr: 1, data: c000697c70)
             exe-1050008 [002] ..... 1635214.348174: sys_ptrace -> 0x0
             exe-1050008 [002] ..... 1635214.348175: sys_ptrace(request: 4204, pid: 10059f, addr: 202, data: c000697c70)
             exe-1050008 [002] ..... 1635214.348178: sys_ptrace -> 0x0
             exe-1050008 [002] ..... 1635214.348187: sys_ptrace(request: 4205, pid: 10059f, addr: 1, data: c000697c70)
             exe-1050008 [002] ..... 1635214.348190: sys_ptrace -> 0x0
             exe-1050008 [002] ..... 1635214.348191: sys_ptrace(request: 4205, pid: 10059f, addr: 202, data: c000697c70)
             exe-1050008 [002] ..... 1635214.348199: sys_ptrace -> 0x0
             exe-1050008 [002] ..... 1635214.348200: sys_ptrace(request: 1f, pid: 10059f, addr: 0, data: 0)
             exe-1050008 [002] ..... 1635214.348207: sys_ptrace -> 0x0
             exe-1050008 [002] ..... 1635214.348209: sys_wait4(upid: 10059f, stat_addr: c000697bf4, options: 40000002, ru: 0)
             exe-1050015 [000] ..... 1635214.348217: sys_mbind -> 0xffffffffffffffea
             exe-1050008 [002] ..... 1635214.348232: sys_wait4 -> 0x10059f
             exe-1050008 [002] ..... 1635214.348236: sys_ptrace(request: 4204, pid: 10059f, addr: 1, data: c000697c70)
             exe-1050008 [002] ..... 1635214.348238: sys_ptrace -> 0x0
             exe-1050008 [002] ..... 1635214.348239: sys_ptrace(request: 4204, pid: 10059f, addr: 202, data: c000697c70)
             exe-1050008 [002] ..... 1635214.348242: sys_ptrace -> 0x0
             exe-1050008 [002] ..... 1635214.348255: sys_pwrite64(fd: 63, buf: 7fd66c2cb080, count: 77, pos: 79)
             exe-1050008 [002] ..... 1635214.348257: tracing_mark_write: mbind(start=0x7f5e70ef8000, len=0, mode=0x7f5e70e19ce0, nmask=0x7f5e70f08000, maxnode=0x8000, flags=0x7f5e70e19ce0) end
             exe-1050008 [002] ..... 1635214.437182: tracing_mark_write: mbind(start=0x7f5e6f300000, len=0x6e000, mode=0x7f5e70e19ce0, nmask=0x7f5e70b00000, maxnode=0x8000, flags=0x7f5e70e19ce0) start
             exe-1050008 [002] ..... 1635214.437184: sys_pwrite64 -> 0x7f
             exe-1050008 [002] ..... 1635214.437189: sys_ptrace(request: 4205, pid: 10059f, addr: 1, data: c000697c70)
             exe-1050008 [002] ..... 1635214.437191: sys_ptrace -> 0x0
             exe-1050008 [002] ..... 1635214.437192: sys_ptrace(request: 4205, pid: 10059f, addr: 202, data: c000697c70)
             exe-1049673 [000] ..... 1635214.437197: sys_nanosleep -> 0x0
             exe-1049673 [000] ..... 1635214.437201: sys_nanosleep(rqtp: c000069f10, rmtp: 0)
             exe-1050008 [002] ..... 1635214.437209: sys_ptrace -> 0x0
             exe-1050008 [002] ..... 1635214.437210: sys_ptrace(request: 1f, pid: 10059f, addr: 0, data: 0)
             exe-1050008 [002] ..... 1635214.437213: sys_ptrace -> 0x0
             exe-1050008 [002] ..... 1635214.437215: sys_wait4(upid: 10059f, stat_addr: c000697bf4, options: 40000002, ru: 0)
             exe-1050015 [000] ..... 1635214.437224: sys_write -> 0x7f
             exe-1050008 [002] ..... 1635214.437241: sys_wait4 -> 0x10059f
             exe-1050008 [002] ..... 1635214.437243: sys_ptrace(request: 4204, pid: 10059f, addr: 1, data: c000697c70)
             exe-1050008 [002] ..... 1635214.437246: sys_ptrace -> 0x0
             exe-1050008 [002] ..... 1635214.437247: sys_ptrace(request: 4204, pid: 10059f, addr: 202, data: c000697c70)
             exe-1050008 [002] ..... 1635214.437249: sys_ptrace -> 0x0
             exe-1050008 [002] ..... 1635214.437254: sys_ptrace(request: 4205, pid: 10059f, addr: 1, data: c000697c70)
             exe-1050008 [002] ..... 1635214.437256: sys_ptrace -> 0x0
             exe-1050008 [002] ..... 1635214.437258: sys_ptrace(request: 4205, pid: 10059f, addr: 202, data: c000697c70)
             exe-1050008 [002] ..... 1635214.437265: sys_ptrace -> 0x0
             exe-1050008 [002] ..... 1635214.437267: sys_ptrace(request: 1f, pid: 10059f, addr: 0, data: 0)
             exe-1050008 [002] ..... 1635214.437273: sys_ptrace -> 0x0
             exe-1050008 [002] ..... 1635214.437275: sys_wait4(upid: 10059f, stat_addr: c000697bf4, options: 40000002, ru: 0)
             exe-1049673 [000] ..... 1635214.437299: sys_nanosleep -> 0x0
             exe-1049673 [000] ..... 1635214.437303: sys_nanosleep(rqtp: c000069f10, rmtp: 0)
             exe-1050015 [000] ..... 1635214.437320: sys_mbind -> 0xffffffffffffffea
             exe-1050008 [002] ..... 1635214.437336: sys_wait4 -> 0x10059f
             exe-1050008 [002] ..... 1635214.437338: sys_ptrace(request: 4204, pid: 10059f, addr: 1, data: c000697c70)
             exe-1050008 [002] ..... 1635214.437340: sys_ptrace -> 0x0
             exe-1050008 [002] ..... 1635214.437342: sys_ptrace(request: 4204, pid: 10059f, addr: 202, data: c000697c70)
             exe-1050008 [002] ..... 1635214.437344: sys_ptrace -> 0x0
             exe-1050008 [002] ..... 1635214.437349: sys_pwrite64(fd: 63, buf: 7fd66c2cb080, count: 7d, pos: 7f)
             exe-1050008 [002] ..... 1635214.437350: tracing_mark_write: mbind(start=0x7f5e6f300000, len=0x6e000, mode=0x7f5e70e19ce0, nmask=0x7f5e70b00000, maxnode=0x8000, flags=0x7f5e70e19ce0) end
             exe-1050008 [002] ..... 1635214.517346: tracing_mark_write: mbind(start=0x7f5e70ef7000, len=0, mode=0x7f5e70e19ce0, nmask=0x8, maxnode=0x8000, flags=0x7f5e70e19ce0) start
             exe-1050008 [002] ..... 1635214.517348: sys_pwrite64 -> 0x6e
             exe-1050008 [002] ..... 1635214.517355: sys_ptrace(request: 4205, pid: 10059f, addr: 1, data: c000697c70)
             exe-1050008 [002] ..... 1635214.517357: sys_ptrace -> 0x0
             exe-1050008 [002] ..... 1635214.517359: sys_ptrace(request: 4205, pid: 10059f, addr: 202, data: c000697c70)
             exe-1049567 [001] ..... 1635214.517393: sys_nanosleep -> 0x0
             exe-1049567 [001] ..... 1635214.517399: sys_nanosleep(rqtp: c000069f10, rmtp: 0)
             exe-1050008 [002] ..... 1635214.517431: sys_ptrace -> 0x0
             exe-1050008 [002] ..... 1635214.517435: sys_ptrace(request: 1f, pid: 10059f, addr: 0, data: 0)
             exe-1050008 [002] ..... 1635214.517449: sys_ptrace -> 0x0
             exe-1050008 [002] ..... 1635214.517452: sys_wait4(upid: 10059f, stat_addr: c000697bf4, options: 40000002, ru: 0)
             exe-1050015 [000] ..... 1635214.517477: sys_write -> 0x6e
             exe-1049722 [001] ..... 1635214.517497: sys_epoll_pwait -> 0x0
             exe-1049722 [001] ..... 1635214.517517: sys_futex(uaddr: c00097a548, op: 81, val: 1, utime: 0, uaddr2: 0, val3: 0)
             exe-1050008 [002] ..... 1635214.517545: sys_wait4 -> 0x10059f
             exe-1050008 [002] ..... 1635214.517552: sys_ptrace(request: 4204, pid: 10059f, addr: 1, data: c000697c70)
             exe-1050008 [002] ..... 1635214.517556: sys_ptrace -> 0x0
             exe-1050008 [002] ..... 1635214.517558: sys_ptrace(request: 4204, pid: 10059f, addr: 202, data: c000697c70)
             exe-1050008 [002] ..... 1635214.517560: sys_ptrace -> 0x0
             exe-1050008 [002] ..... 1635214.517568: sys_ptrace(request: 4205, pid: 10059f, addr: 1, data: c000697c70)
             exe-1050008 [002] ..... 1635214.517570: sys_ptrace -> 0x0
             exe-1050008 [002] ..... 1635214.517571: sys_ptrace(request: 4205, pid: 10059f, addr: 202, data: c000697c70)
             exe-1049722 [001] ..... 1635214.517573: sys_futex -> 0x1
             exe-1049981 [000] ..... 1635214.517586: sys_futex -> 0x0
             exe-1049722 [001] ..... 1635214.517596: sys_epoll_pwait(epfd: 11, events: c000409840, maxevents: 80, timeout: 9, sigmask: 0, sigsetsize: 0)
             exe-1049981 [000] ..... 1635214.517599: sys_futex(uaddr: c00097a548, op: 80, val: 0, utime: 0, uaddr2: 0, val3: 0)
             exe-1049567 [001] ..... 1635214.517610: sys_nanosleep -> 0x0
             exe-1049567 [001] ..... 1635214.517615: sys_nanosleep(rqtp: c000069f10, rmtp: 0)
             exe-1050008 [002] ..... 1635214.517644: sys_ptrace -> 0x0
             exe-1050008 [002] ..... 1635214.517648: sys_ptrace(request: 1f, pid: 10059f, addr: 0, data: 0)
             exe-1050008 [002] ..... 1635214.517657: sys_ptrace -> 0x0
             exe-1050008 [002] ..... 1635214.517660: sys_wait4(upid: 10059f, stat_addr: c000697bf4, options: 40000002, ru: 0)
             exe-1050015 [000] ..... 1635214.517671: sys_mbind -> 0xffffffffffffffea
             exe-1050008 [002] ..... 1635214.517693: sys_wait4 -> 0x10059f
             exe-1050008 [002] ..... 1635214.517696: sys_ptrace(request: 4204, pid: 10059f, addr: 1, data: c000697c70)
             exe-1050008 [002] ..... 1635214.517747: sys_ptrace -> 0x0
             exe-1050008 [002] ..... 1635214.517751: sys_ptrace(request: 4204, pid: 10059f, addr: 202, data: c000697c70)
             exe-1050008 [002] ..... 1635214.517755: sys_ptrace -> 0x0
             exe-1050008 [002] ..... 1635214.517771: sys_pwrite64(fd: 63, buf: 7fd66c2cb080, count: 6c, pos: 6e)
             exe-1050008 [002] ..... 1635214.517773: tracing_mark_write: mbind(start=0x7f5e70ef7000, len=0, mode=0x7f5e70e19ce0, nmask=0x8, maxnode=0x8000, flags=0x7f5e70e19ce0) end
             exe-1050008 [002] ..... 1635214.592708: tracing_mark_write: mbind(start=0x7f5e6f000000, len=8192, mode=0x7f5e70e19ce0, nmask=0x7f5e6ec00000, maxnode=0x8000, flags=0x7f5e70e19ce0) start
             exe-1050008 [002] ..... 1635214.592710: sys_pwrite64 -> 0x7c
             exe-1050008 [002] ..... 1635214.592718: sys_ptrace(request: 4205, pid: 10059f, addr: 1, data: c000697c70)
             exe-1050008 [002] .N... 1635214.592751: sys_ptrace -> 0x0
             exe-1050008 [002] ..... 1635214.592795: sys_ptrace(request: 4205, pid: 10059f, addr: 202, data: c000697c70)
             exe-1050008 [002] ..... 1635214.592811: sys_ptrace -> 0x0
             exe-1050008 [002] ..... 1635214.592813: sys_ptrace(request: 1f, pid: 10059f, addr: 0, data: 0)
             exe-1050008 [002] ..... 1635214.592822: sys_ptrace -> 0x0
             exe-1050008 [002] ..... 1635214.592826: sys_wait4(upid: 10059f, stat_addr: c000697bf4, options: 40000002, ru: 0)
             exe-1050015 [003] ..... 1635214.592831: sys_write -> 0x7c
             exe-1050008 [002] ..... 1635214.592904: sys_wait4 -> 0x10059f
             exe-1050008 [002] ..... 1635214.592910: sys_ptrace(request: 4204, pid: 10059f, addr: 1, data: c000697c70)
             exe-1050008 [002] ..... 1635214.592915: sys_ptrace -> 0x0
             exe-1050008 [002] ..... 1635214.592917: sys_ptrace(request: 4204, pid: 10059f, addr: 202, data: c000697c70)
             exe-1050008 [002] ..... 1635214.592920: sys_ptrace -> 0x0
             exe-1050008 [002] ..... 1635214.592929: sys_ptrace(request: 4205, pid: 10059f, addr: 1, data: c000697c70)
             exe-1050008 [002] ..... 1635214.592931: sys_ptrace -> 0x0
             exe-1050008 [002] ..... 1635214.592933: sys_ptrace(request: 4205, pid: 10059f, addr: 202, data: c000697c70)
             exe-1050008 [002] ..... 1635214.592945: sys_ptrace -> 0x0
             exe-1050008 [002] ..... 1635214.592947: sys_ptrace(request: 1f, pid: 10059f, addr: 0, data: 0)
             exe-1050015 [003] ..... 1635214.592964: sys_mbind -> 0xffffffffffffffea
             exe-1050008 [002] .N... 1635214.592980: sys_ptrace -> 0x0
             exe-1050008 [002] ..... 1635214.593027: sys_wait4(upid: 10059f, stat_addr: c000697bf4, options: 40000002, ru: 0)
             exe-1050008 [002] ..... 1635214.593030: sys_wait4 -> 0x10059f
             exe-1050008 [002] ..... 1635214.593034: sys_ptrace(request: 4204, pid: 10059f, addr: 1, data: c000697c70)
             exe-1050008 [002] ..... 1635214.593038: sys_ptrace -> 0x0
             exe-1050008 [002] ..... 1635214.593040: sys_ptrace(request: 4204, pid: 10059f, addr: 202, data: c000697c70)
             exe-1050008 [002] ..... 1635214.593042: sys_ptrace -> 0x0
             exe-1050008 [002] ..... 1635214.593059: sys_pwrite64(fd: 63, buf: 7fd66c2cb080, count: 7a, pos: 7c)
             exe-1050008 [002] ..... 1635214.593061: tracing_mark_write: mbind(start=0x7f5e6f000000, len=8192, mode=0x7f5e70e19ce0, nmask=0x7f5e6ec00000, maxnode=0x8000, flags=0x7f5e70e19ce0) end
             exe-1050008 [002] ..... 1635214.682185: tracing_mark_write: mbind(start=0x7f5e70f0a000, len=0, mode=0x7f5e70e19ce0, nmask=0x4, maxnode=0x8000, flags=0x7f5e70e19ce0) start
             exe-1050008 [002] ..... 1635214.682187: sys_pwrite64 -> 0x6e
             exe-1050008 [002] ..... 1635214.682195: sys_ptrace(request: 4205, pid: 10059f, addr: 1, data: c000697c70)
             exe-1050008 [002] ..... 1635214.682198: sys_ptrace -> 0x0
             exe-1050008 [002] ..... 1635214.682199: sys_ptrace(request: 4205, pid: 10059f, addr: 202, data: c000697c70)
             exe-1049673 [000] ..... 1635214.682243: sys_nanosleep -> 0x0
             exe-1049673 [000] ..... 1635214.682246: sys_nanosleep(rqtp: c000069f10, rmtp: 0)
             exe-1050008 [002] ..... 1635214.682281: sys_ptrace -> 0x0
             exe-1050008 [002] ..... 1635214.682285: sys_ptrace(request: 1f, pid: 10059f, addr: 0, data: 0)
             exe-1050008 [002] ..... 1635214.682295: sys_ptrace -> 0x0
             exe-1050008 [002] ..... 1635214.682298: sys_wait4(upid: 10059f, stat_addr: c000697bf4, options: 40000002, ru: 0)
             exe-1050015 [000] ..... 1635214.682308: sys_write -> 0x6e
             exe-1049673 [000] ..... 1635214.682351: sys_nanosleep -> 0x0
             exe-1049673 [000] ..... 1635214.682357: sys_nanosleep(rqtp: c000069f10, rmtp: 0)
             exe-1050008 [002] ..... 1635214.682383: sys_wait4 -> 0x10059f
             exe-1050008 [002] ..... 1635214.682389: sys_ptrace(request: 4204, pid: 10059f, addr: 1, data: c000697c70)
             exe-1050008 [002] ..... 1635214.682393: sys_ptrace -> 0x0
             exe-1050008 [002] ..... 1635214.682395: sys_ptrace(request: 4204, pid: 10059f, addr: 202, data: c000697c70)
             exe-1050008 [002] ..... 1635214.682398: sys_ptrace -> 0x0
             exe-1050008 [002] ..... 1635214.682406: sys_ptrace(request: 4205, pid: 10059f, addr: 1, data: c000697c70)
             exe-1050008 [002] ..... 1635214.682408: sys_ptrace -> 0x0
             exe-1050008 [002] ..... 1635214.682410: sys_ptrace(request: 4205, pid: 10059f, addr: 202, data: c000697c70)
             exe-1050008 [002] ..... 1635214.682422: sys_ptrace -> 0x0
             exe-1050008 [002] ..... 1635214.682424: sys_ptrace(request: 1f, pid: 10059f, addr: 0, data: 0)
             exe-1050008 [002] .N... 1635214.682455: sys_ptrace -> 0x0
             exe-1049567 [003] ..... 1635214.682458: sys_nanosleep -> 0x0
             exe-1049673 [000] ..... 1635214.682459: sys_nanosleep -> 0x0
             exe-1049567 [003] ..... 1635214.682461: sys_nanosleep(rqtp: c000069f10, rmtp: 0)
             exe-1049673 [000] ..... 1635214.682462: sys_nanosleep(rqtp: c000069f10, rmtp: 0)
             exe-1050015 [000] ..... 1635214.682478: sys_mbind -> 0xffffffffffffffea
             exe-1050008 [002] ..... 1635214.682499: sys_wait4(upid: 10059f, stat_addr: c000697bf4, options: 40000002, ru: 0)
             exe-1050008 [002] ..... 1635214.682502: sys_wait4 -> 0x10059f
             exe-1050008 [002] ..... 1635214.682505: sys_ptrace(request: 4204, pid: 10059f, addr: 1, data: c000697c70)
             exe-1050008 [002] ..... 1635214.682509: sys_ptrace -> 0x0
             exe-1050008 [002] ..... 1635214.682511: sys_ptrace(request: 4204, pid: 10059f, addr: 202, data: c000697c70)
             exe-1050008 [002] ..... 1635214.682513: sys_ptrace -> 0x0
             exe-1050008 [002] ..... 1635214.682528: sys_pwrite64(fd: 63, buf: 7fd66c2cb080, count: 6c, pos: 6e)
             exe-1050008 [002] ..... 1635214.682530: tracing_mark_write: mbind(start=0x7f5e70f0a000, len=0, mode=0x7f5e70e19ce0, nmask=0x4, maxnode=0x8000, flags=0x7f5e70e19ce0) end
             exe-1050008 [002] ..... 1635214.765275: tracing_mark_write: mbind(start=0x7f5e70f09000, len=0, mode=0x7f5e70e19ce0, nmask=0x7f5e6ff00000, maxnode=0x8000, flags=0x7f5e70e19ce0) start
             exe-1050008 [002] ..... 1635214.765277: sys_pwrite64 -> 0x79
             exe-1050008 [002] ..... 1635214.765281: sys_ptrace(request: 4205, pid: 10059f, addr: 1, data: c000697c70)
             exe-1050008 [002] ..... 1635214.765284: sys_ptrace -> 0x0
             exe-1050008 [002] ..... 1635214.765285: sys_ptrace(request: 4205, pid: 10059f, addr: 202, data: c000697c70)
             exe-1049567 [003] ..... 1635214.765292: sys_nanosleep -> 0x0
             exe-1050008 [002] ..... 1635214.765297: sys_ptrace -> 0x0
             exe-1049567 [003] ..... 1635214.765298: sys_nanosleep(rqtp: c000069f10, rmtp: 0)
