             exe-1050282 [000] ..... 1635344.121148: sys_wait4 -> 0x1006c5
             exe-1050282 [000] ..... 1635344.121150: sys_ptrace(request: 4204, pid: 1006c5, addr: 1, data: c0005d3c70)
             exe-1050282 [000] ..... 1635344.121153: sys_ptrace -> 0x0
             exe-1050282 [000] ..... 1635344.121154: sys_ptrace(request: 4204, pid: 1006c5, addr: 202, data: c0005d3c70)
             exe-1050282 [000] ..... 1635344.121156: sys_ptrace -> 0x0
             exe-1050282 [000] ..... 1635344.121164: sys_pwrite64(fd: 63, buf: 7fd66f767080, count: 17, pos: 19)
             exe-1050282 [000] ..... 1635344.121165: tracing_mark_write: mlockall(flags=0x1) end
             exe-1050282 [000] ..... 1635344.204388: tracing_mark_write: mlockall(flags=0x1) start
             exe-1050282 [000] ..... 1635344.204390: sys_pwrite64 -> 0x19
             exe-1050282 [000] ..... 1635344.204396: sys_ptrace(request: 4205, pid: 1006c5, addr: 1, data: c0005d3c70)
             exe-1050282 [000] ..... 1635344.204398: sys_ptrace -> 0x0
             exe-1050282 [000] ..... 1635344.204400: sys_ptrace(request: 4205, pid: 1006c5, addr: 202, data: c0005d3c70)
             exe-1050282 [000] ..... 1635344.204412: sys_ptrace -> 0x0
             exe-1050282 [000] ..... 1635344.204414: sys_ptrace(request: 1f, pid: 1006c5, addr: 0, data: 0)
             exe-1050282 [000] .N... 1635344.204421: sys_ptrace -> 0x0
             exe-1050309 [000] ..... 1635344.204431: sys_write -> 0x19
             exe-1049673 [001] ..... 1635344.204434: sys_nanosleep -> 0x0
             exe-1049673 [001] ..... 1635344.204436: sys_nanosleep(rqtp: c000069f10, rmtp: 0)
             exe-1049567 [003] ..... 1635344.204442: sys_nanosleep -> 0x0
             exe-1049567 [003] ..... 1635344.204449: sys_nanosleep(rqtp: c000069f10, rmtp: 0)
             exe-1050282 [000] ..... 1635344.204449: sys_wait4(upid: 1006c5, stat_addr: c0005d3bf4, options: 40000002, ru: 0)
             exe-1050282 [000] ..... 1635344.204452: sys_wait4 -> 0x1006c5
             exe-1050282 [000] ..... 1635344.204454: sys_ptrace(request: 4204, pid: 1006c5, addr: 1, data: c0005d3c70)
             exe-1050282 [000] ..... 1635344.204457: sys_ptrace -> 0x0
             exe-1050282 [000] ..... 1635344.204459: sys_ptrace(request: 4204, pid: 1006c5, addr: 202, data: c0005d3c70)
             exe-1050282 [000] ..... 1635344.204462: sys_ptrace -> 0x0
             exe-1050282 [000] ..... 1635344.204509: sys_ptrace(request: 4205, pid: 1006c5, addr: 1, data: c0005d3c70)
             exe-1050282 [000] ..... 1635344.204512: sys_ptrace -> 0x0
             exe-1050282 [000] ..... 1635344.204513: sys_ptrace(request: 4205, pid: 1006c5, addr: 202, data: c0005d3c70)
             exe-1050282 [000] ..... 1635344.204524: sys_ptrace -> 0x0
             exe-1050282 [000] ..... 1635344.204526: sys_ptrace(request: 1f, pid: 1006c5, addr: 0, data: 0)
             exe-1049673 [001] ..... 1635344.204527: sys_nanosleep -> 0x0
             exe-1049673 [001] ..... 1635344.204530: sys_nanosleep(rqtp: c000069f10, rmtp: 0)
             exe-1050282 [000] .N... 1635344.204533: sys_ptrace -> 0x0
             exe-1050309 [000] ..... 1635344.204546: sys_mlockall -> 0xfffffffffffffff4
             exe-1049567 [003] ..... 1635344.204558: sys_nanosleep -> 0x0
             exe-1049567 [003] ..... 1635344.204565: sys_nanosleep(rqtp: c000069f10, rmtp: 0)
             exe-1050282 [000] ..... 1635344.204567: sys_wait4(upid: 1006c5, stat_addr: c0005d3bf4, options: 40000002, ru: 0)
             exe-1050282 [000] ..... 1635344.204570: sys_wait4 -> 0x1006c5
             exe-1050282 [000] ..... 1635344.204572: sys_ptrace(request: 4204, pid: 1006c5, addr: 1, data: c0005d3c70)
             exe-1050282 [000] ..... 1635344.204576: sys_ptrace -> 0x0
             exe-1050282 [000] ..... 1635344.204577: sys_ptrace(request: 4204, pid: 1006c5, addr: 202, data: c0005d3c70)
             exe-1050282 [000] ..... 1635344.204580: sys_ptrace -> 0x0
             exe-1050282 [000] ..... 1635344.204589: sys_pwrite64(fd: 63, buf: 7fd66f767080, count: 17, pos: 19)
             exe-1050282 [000] ..... 1635344.204591: tracing_mark_write: mlockall(flags=0x1) end
             exe-1050282 [000] ..... 1635344.265600: tracing_mark_write: mlockall(flags=0x1) start
             exe-1049567 [002] ..... 1635344.265600: sys_nanosleep(rqtp: c000069f10, rmtp: 0)
             exe-1050282 [000] ..... 1635344.265601: sys_pwrite64 -> 0x19
             exe-1050282 [000] ..... 1635344.265608: sys_ptrace(request: 4205, pid: 1006c5, addr: 1, data: c0005d3c70)
             exe-1050282 [000] ..... 1635344.265610: sys_ptrace -> 0x0
             exe-1050282 [000] ..... 1635344.265612: sys_ptrace(request: 4205, pid: 1006c5, addr: 202, data: c0005d3c70)
             exe-1050282 [000] ..... 1635344.265623: sys_ptrace -> 0x0
             exe-1050282 [000] ..... 1635344.265625: sys_ptrace(request: 1f, pid: 1006c5, addr: 0, data: 0)
             exe-1050282 [000] .N... 1635344.265631: sys_ptrace -> 0x0
             exe-1050309 [000] ..... 1635344.265642: sys_write -> 0x19
             exe-1050282 [000] ..... 1635344.265660: sys_wait4(upid: 1006c5, stat_addr: c0005d3bf4, options: 40000002, ru: 0)
             exe-1050282 [000] ..... 1635344.265662: sys_wait4 -> 0x1006c5
             exe-1050282 [000] ..... 1635344.265664: sys_ptrace(request: 4204, pid: 1006c5, addr: 1, data: c0005d3c70)
             exe-1050282 [000] ..... 1635344.265668: sys_ptrace -> 0x0
             exe-1050282 [000] ..... 1635344.265669: sys_ptrace(request: 4204, pid: 1006c5, addr: 202, data: c0005d3c70)
             exe-1050282 [000] ..... 1635344.265671: sys_ptrace -> 0x0
             exe-1049673 [001] ..... 1635344.265672: sys_nanosleep -> 0x0
             exe-1049673 [001] ..... 1635344.265674: sys_nanosleep(rqtp: c000069f10, rmtp: 0)
             exe-1049567 [002] ..... 1635344.265686: sys_nanosleep -> 0x0
             exe-1049567 [002] ..... 1635344.265688: sys_nanosleep(rqtp: c000069f10, rmtp: 0)
             exe-1050282 [000] ..... 1635344.265695: sys_ptrace(request: 4205, pid: 1006c5, addr: 1, data: c0005d3c70)
             exe-1050282 [000] ..... 1635344.265698: sys_ptrace -> 0x0
             exe-1050282 [000] ..... 1635344.265699: sys_ptrace(request: 4205, pid: 1006c5, addr: 202, data: c0005d3c70)
             exe-1050282 [000] ..... 1635344.265709: sys_ptrace -> 0x0
             exe-1050282 [000] ..... 1635344.265711: sys_ptrace(request: 1f, pid: 1006c5, addr: 0, data: 0)
             exe-1050282 [000] .N... 1635344.265717: sys_ptrace -> 0x0
             exe-1050309 [000] ..... 1635344.265727: sys_mlockall -> 0xfffffffffffffff4
             exe-1050282 [000] ..... 1635344.265746: sys_wait4(upid: 1006c5, stat_addr: c0005d3bf4, options: 40000002, ru: 0)
             exe-1050282 [000] ..... 1635344.265748: sys_wait4 -> 0x1006c5
             exe-1050282 [000] ..... 1635344.265750: sys_ptrace(request: 4204, pid: 1006c5, addr: 1, data: c0005d3c70)
             exe-1050282 [000] ..... 1635344.265754: sys_ptrace -> 0x0
             exe-1050282 [000] ..... 1635344.265755: sys_ptrace(request: 4204, pid: 1006c5, addr: 202, data: c0005d3c70)
             exe-1050282 [000] ..... 1635344.265758: sys_ptrace -> 0x0
             exe-1050282 [000] ..... 1635344.265767: sys_pwrite64(fd: 63, buf: 7fd66f767080, count: 17, pos: 19)
             exe-1050282 [000] ..... 1635344.265769: tracing_mark_write: mlockall(flags=0x1) end
             exe-1050282 [000] ..... 1635344.324683: tracing_mark_write: mlockall(flags=0x1) start
             exe-1050282 [000] ..... 1635344.324685: sys_pwrite64 -> 0x19
             exe-1050282 [000] ..... 1635344.324694: sys_ptrace(request: 4205, pid: 1006c5, addr: 1, data: c0005d3c70)
             exe-1050282 [000] ..... 1635344.324698: sys_ptrace -> 0x0
             exe-1050282 [000] ..... 1635344.324700: sys_ptrace(request: 4205, pid: 1006c5, addr: 202, data: c0005d3c70)
             exe-1050282 [000] ..... 1635344.324716: sys_ptrace -> 0x0
             exe-1050282 [000] ..... 1635344.324718: sys_ptrace(request: 1f, pid: 1006c5, addr: 0, data: 0)
             exe-1049567 [003] ..... 1635344.324729: sys_nanosleep -> 0x0
             exe-1050282 [000] .N... 1635344.324730: sys_ptrace -> 0x0
             exe-1049567 [003] ..... 1635344.324731: sys_nanosleep(rqtp: c000069f10, rmtp: 0)
             exe-1050309 [000] ..... 1635344.324743: sys_write -> 0x19
             exe-1050282 [000] ..... 1635344.324768: sys_wait4(upid: 1006c5, stat_addr: c0005d3bf4, options: 40000002, ru: 0)
             exe-1049673 [001] ..... 1635344.324770: sys_nanosleep -> 0x0
             exe-1049673 [001] ..... 1635344.324772: sys_nanosleep(rqtp: c000069f10, rmtp: 0)
             exe-1050282 [000] ..... 1635344.324772: sys_wait4 -> 0x1006c5
             exe-1050282 [000] ..... 1635344.324775: sys_ptrace(request: 4204, pid: 1006c5, addr: 1, data: c0005d3c70)
             exe-1050282 [000] ..... 1635344.324780: sys_ptrace -> 0x0
             exe-1050282 [000] ..... 1635344.324782: sys_ptrace(request: 4204, pid: 1006c5, addr: 202, data: c0005d3c70)
             exe-1050282 [000] ..... 1635344.324787: sys_ptrace -> 0x0
             exe-1050282 [000] ..... 1635344.324815: sys_ptrace(request: 4205, pid: 1006c5, addr: 1, data: c0005d3c70)
             exe-1049567 [003] ..... 1635344.324817: sys_nanosleep -> 0x0
             exe-1049567 [003] ..... 1635344.324819: sys_nanosleep(rqtp: c000069f10, rmtp: 0)
             exe-1050282 [000] ..... 1635344.324819: sys_ptrace -> 0x0
             exe-1050282 [000] ..... 1635344.324821: sys_ptrace(request: 4205, pid: 1006c5, addr: 202, data: c0005d3c70)
             exe-1050282 [000] ..... 1635344.324836: sys_ptrace -> 0x0
             exe-1050282 [000] ..... 1635344.324838: sys_ptrace(request: 1f, pid: 1006c5, addr: 0, data: 0)
             exe-1050282 [000] .N... 1635344.324849: sys_ptrace -> 0x0
             exe-1049673 [001] ..... 1635344.324862: sys_nanosleep -> 0x0
             exe-1050309 [000] ..... 1635344.324862: sys_mlockall -> 0xfffffffffffffff4
             exe-1049673 [001] ..... 1635344.324864: sys_nanosleep(rqtp: c000069f10, rmtp: 0)
             exe-1050282 [000] ..... 1635344.324888: sys_wait4(upid: 1006c5, stat_addr: c0005d3bf4, options: 40000002, ru: 0)
             exe-1050282 [000] ..... 1635344.324892: sys_wait4 -> 0x1006c5
             exe-1050282 [000] ..... 1635344.324895: sys_ptrace(request: 4204, pid: 1006c5, addr: 1, data: c0005d3c70)
             exe-1050282 [000] ..... 1635344.324901: sys_ptrace -> 0x0
             exe-1050282 [000] ..... 1635344.324903: sys_ptrace(request: 4204, pid: 1006c5, addr: 202, data: c0005d3c70)
             exe-1049567 [003] ..... 1635344.324906: sys_nanosleep -> 0x0
             exe-1050282 [000] ..... 1635344.324906: sys_ptrace -> 0x0
             exe-1049567 [003] ..... 1635344.324908: sys_nanosleep(rqtp: c000069f10, rmtp: 0)
             exe-1050282 [000] ..... 1635344.324920: sys_pwrite64(fd: 63, buf: 7fd66f767080, count: 17, pos: 19)
             exe-1050282 [000] ..... 1635344.324922: tracing_mark_write: mlockall(flags=0x1) end
             exe-1050282 [000] ..... 1635344.392683: tracing_mark_write: mlockall(flags=0x1) start
             exe-1050282 [000] ..... 1635344.392685: sys_pwrite64 -> 0x19
             exe-1050282 [000] ..... 1635344.392691: sys_ptrace(request: 4205, pid: 1006c5, addr: 1, data: c0005d3c70)
             exe-1050282 [000] ..... 1635344.392694: sys_ptrace -> 0x0
             exe-1050282 [000] ..... 1635344.392695: sys_ptrace(request: 4205, pid: 1006c5, addr: 202, data: c0005d3c70)
             exe-1050282 [000] ..... 1635344.392706: sys_ptrace -> 0x0
             exe-1050282 [000] ..... 1635344.392708: sys_ptrace(request: 1f, pid: 1006c5, addr: 0, data: 0)
             exe-1050282 [000] .N... 1635344.392715: sys_ptrace -> 0x0
             exe-1050309 [000] ..... 1635344.392726: sys_write -> 0x19
             exe-1050282 [000] ..... 1635344.392746: sys_wait4(upid: 1006c5, stat_addr: c0005d3bf4, options: 40000002, ru: 0)
             exe-1050282 [000] ..... 1635344.392749: sys_wait4 -> 0x1006c5
             exe-1049673 [002] ..... 1635344.392751: sys_nanosleep -> 0x0
             exe-1050282 [000] ..... 1635344.392751: sys_ptrace(request: 4204, pid: 1006c5, addr: 1, data: c0005d3c70)
             exe-1049673 [002] ..... 1635344.392752: sys_nanosleep(rqtp: c000069f10, rmtp: 0)
             exe-1050282 [000] ..... 1635344.392755: sys_ptrace -> 0x0
             exe-1050282 [000] ..... 1635344.392756: sys_ptrace(request: 4204, pid: 1006c5, addr: 202, data: c0005d3c70)
             exe-1050282 [000] ..... 1635344.392759: sys_ptrace -> 0x0
             exe-1050282 [000] ..... 1635344.392783: sys_ptrace(request: 4205, pid: 1006c5, addr: 1, data: c0005d3c70)
             exe-1050282 [000] ..... 1635344.392785: sys_ptrace -> 0x0
             exe-1050282 [000] ..... 1635344.392787: sys_ptrace(request: 4205, pid: 1006c5, addr: 202, data: c0005d3c70)
             exe-1050282 [000] ..... 1635344.392796: sys_ptrace -> 0x0
             exe-1050282 [000] ..... 1635344.392798: sys_ptrace(request: 1f, pid: 1006c5, addr: 0, data: 0)
             exe-1050282 [000] .N... 1635344.392805: sys_ptrace -> 0x0
             exe-1050309 [000] ..... 1635344.392816: sys_mlockall -> 0xfffffffffffffff4
             exe-1050282 [000] ..... 1635344.392836: sys_wait4(upid: 1006c5, stat_addr: c0005d3bf4, options: 40000002, ru: 0)
             exe-1049673 [002] ..... 1635344.392836: sys_nanosleep -> 0x0
             exe-1049673 [002] ..... 1635344.392838: sys_nanosleep(rqtp: c000069f10, rmtp: 0)
             exe-1050282 [000] ..... 1635344.392838: sys_wait4 -> 0x1006c5
             exe-1050282 [000] ..... 1635344.392841: sys_ptrace(request: 4204, pid: 1006c5, addr: 1, data: c0005d3c70)
             exe-1050282 [000] ..... 1635344.392844: sys_ptrace -> 0x0
             exe-1050282 [000] ..... 1635344.392846: sys_ptrace(request: 4204, pid: 1006c5, addr: 202, data: c0005d3c70)
             exe-1050282 [000] ..... 1635344.392848: sys_ptrace -> 0x0
             exe-1050282 [000] ..... 1635344.392857: sys_pwrite64(fd: 63, buf: 7fd66f767080, count: 17, pos: 19)
             exe-1050282 [000] ..... 1635344.392859: tracing_mark_write: mlockall(flags=0x1) end
             exe-1050282 [000] ..... 1635344.456409: tracing_mark_write: mlockall(flags=0x1) start
             exe-1050282 [000] ..... 1635344.456411: sys_pwrite64 -> 0x19
             exe-1049567 [003] ..... 1635344.456418: sys_nanosleep -> 0x0
             exe-1050282 [000] ..... 1635344.456419: sys_ptrace(request: 4205, pid: 1006c5, addr: 1, data: c0005d3c70)
             exe-1050282 [000] ..... 1635344.456423: sys_ptrace -> 0x0
             exe-1049567 [003] ..... 1635344.456425: sys_nanosleep(rqtp: c000069f10, rmtp: 0)
             exe-1050282 [000] ..... 1635344.456425: sys_ptrace(request: 4205, pid: 1006c5, addr: 202, data: c0005d3c70)
             exe-1049673 [002] ..... 1635344.456435: sys_nanosleep -> 0x0
             exe-1049673 [002] ..... 1635344.456438: sys_nanosleep(rqtp: c000069f10, rmtp: 0)
             exe-1050282 [000] ..... 1635344.456441: sys_ptrace -> 0x0
             exe-1050282 [000] ..... 1635344.456443: sys_ptrace(request: 1f, pid: 1006c5, addr: 0, data: 0)
             exe-1050282 [000] .N... 1635344.456453: sys_ptrace -> 0x0
             exe-1050309 [000] ..... 1635344.456466: sys_write -> 0x19
             exe-1050282 [000] ..... 1635344.456490: sys_wait4(upid: 1006c5, stat_addr: c0005d3bf4, options: 40000002, ru: 0)
             exe-1050282 [000] ..... 1635344.456493: sys_wait4 -> 0x1006c5
             exe-1050282 [000] ..... 1635344.456496: sys_ptrace(request: 4204, pid: 1006c5, addr: 1, data: c0005d3c70)
             exe-1050282 [000] ..... 1635344.456502: sys_ptrace -> 0x0
             exe-1050282 [000] ..... 1635344.456504: sys_ptrace(request: 4204, pid: 1006c5, addr: 202, data: c0005d3c70)
             exe-1050282 [000] ..... 1635344.456508: sys_ptrace -> 0x0
             exe-1049673 [002] ..... 1635344.456526: sys_nanosleep -> 0x0
             exe-1049673 [002] ..... 1635344.456529: sys_nanosleep(rqtp: c000069f10, rmtp: 0)
             exe-1049567 [003] ..... 1635344.456532: sys_nanosleep -> 0x0
             exe-1050282 [000] ..... 1635344.456536: sys_ptrace(request: 4205, pid: 1006c5, addr: 1, data: c0005d3c70)
             exe-1049567 [003] ..... 1635344.456537: sys_nanosleep(rqtp: c000069f10, rmtp: 0)
             exe-1050282 [000] ..... 1635344.456540: sys_ptrace -> 0x0
             exe-1050282 [000] ..... 1635344.456542: sys_ptrace(request: 4205, pid: 1006c5, addr: 202, data: c0005d3c70)
             exe-1050282 [000] ..... 1635344.456557: sys_ptrace -> 0x0
             exe-1050282 [000] ..... 1635344.456559: sys_ptrace(request: 1f, pid: 1006c5, addr: 0, data: 0)
             exe-1050282 [000] .N... 1635344.456568: sys_ptrace -> 0x0
             exe-1050309 [000] ..... 1635344.456581: sys_mlockall -> 0xfffffffffffffff4
             exe-1050282 [000] ..... 1635344.456606: sys_wait4(upid: 1006c5, stat_addr: c0005d3bf4, options: 40000002, ru: 0)
             exe-1050282 [000] ..... 1635344.456609: sys_wait4 -> 0x1006c5
             exe-1050282 [000] ..... 1635344.456612: sys_ptrace(request: 4204, pid: 1006c5, addr: 1, data: c0005d3c70)
             exe-1049673 [002] ..... 1635344.456617: sys_nanosleep -> 0x0
             exe-1050282 [000] ..... 1635344.456618: sys_ptrace -> 0x0
             exe-1049673 [002] ..... 1635344.456619: sys_nanosleep(rqtp: c000069f10, rmtp: 0)
             exe-1050282 [000] ..... 1635344.456619: sys_ptrace(request: 4204, pid: 1006c5, addr: 202, data: c0005d3c70)
             exe-1050282 [000] ..... 1635344.456624: sys_ptrace -> 0x0
             exe-1050282 [000] ..... 1635344.456637: sys_pwrite64(fd: 63, buf: 7fd66f767080, count: 17, pos: 19)
             exe-1050282 [000] ..... 1635344.456639: tracing_mark_write: mlockall(flags=0x1) end
             exe-1050282 [000] ..... 1635344.516410: tracing_mark_write: mlockall(flags=0x1) start
             exe-1049673 [002] ..... 1635344.516411: sys_nanosleep(rqtp: c000069f10, rmtp: 0)
             exe-1050282 [000] ..... 1635344.516412: sys_pwrite64 -> 0x19
             exe-1050282 [000] ..... 1635344.516418: sys_ptrace(request: 4205, pid: 1006c5, addr: 1, data: c0005d3c70)
             exe-1049567 [001] ..... 1635344.516420: sys_nanosleep -> 0x0
             exe-1050282 [000] ..... 1635344.516421: sys_ptrace -> 0x0
             exe-1050282 [000] ..... 1635344.516422: sys_ptrace(request: 4205, pid: 1006c5, addr: 202, data: c0005d3c70)
             exe-1049567 [001] ..... 1635344.516422: sys_nanosleep(rqtp: c000069f10, rmtp: 0)
             exe-1050282 [000] ..... 1635344.516433: sys_ptrace -> 0x0
             exe-1050282 [000] ..... 1635344.516434: sys_ptrace(request: 1f, pid: 1006c5, addr: 0, data: 0)
             exe-1050282 [000] .N... 1635344.516441: sys_ptrace -> 0x0
             exe-1050309 [000] ..... 1635344.516452: sys_write -> 0x19
             exe-1050282 [000] ..... 1635344.516470: sys_wait4(upid: 1006c5, stat_addr: c0005d3bf4, options: 40000002, ru: 0)
             exe-1050282 [000] ..... 1635344.516472: sys_wait4 -> 0x1006c5
             exe-1050282 [000] ..... 1635344.516474: sys_ptrace(request: 4204, pid: 1006c5, addr: 1, data: c0005d3c70)
             exe-1050282 [000] ..... 1635344.516478: sys_ptrace -> 0x0
             exe-1050282 [000] ..... 1635344.516479: sys_ptrace(request: 4204, pid: 1006c5, addr: 202, data: c0005d3c70)
             exe-1050282 [000] ..... 1635344.516481: sys_ptrace -> 0x0
             exe-1050282 [000] ..... 1635344.516504: sys_ptrace(request: 4205, pid: 1006c5, addr: 1, data: c0005d3c70)
             exe-1050282 [000] ..... 1635344.516507: sys_ptrace -> 0x0
             exe-1049567 [001] ..... 1635344.516507: sys_nanosleep -> 0x0
             exe-1050282 [000] ..... 1635344.516508: sys_ptrace(request: 4205, pid: 1006c5, addr: 202, data: c0005d3c70)
             exe-1049567 [001] ..... 1635344.516509: sys_nanosleep(rqtp: c000069f10, rmtp: 0)
             exe-1049673 [002] ..... 1635344.516520: sys_nanosleep -> 0x0
             exe-1050282 [000] ..... 1635344.516521: sys_ptrace -> 0x0
             exe-1050282 [000] ..... 1635344.516523: sys_ptrace(request: 1f, pid: 1006c5, addr: 0, data: 0)
             exe-1049673 [002] ..... 1635344.516527: sys_nanosleep(rqtp: c000069f10, rmtp: 0)
             exe-1050282 [000] .N... 1635344.516534: sys_ptrace -> 0x0
             exe-1050309 [000] ..... 1635344.516546: sys_mlockall -> 0xfffffffffffffff4
             exe-1050282 [000] ..... 1635344.516570: sys_wait4(upid: 1006c5, stat_addr: c0005d3bf4, options: 40000002, ru: 0)
             exe-1050282 [000] ..... 1635344.516573: sys_wait4 -> 0x1006c5
             exe-1050282 [000] ..... 1635344.516576: sys_ptrace(request: 4204, pid: 1006c5, addr: 1, data: c0005d3c70)
             exe-1050282 [000] ..... 1635344.516581: sys_ptrace -> 0x0
             exe-1050282 [000] ..... 1635344.516583: sys_ptrace(request: 4204, pid: 1006c5, addr: 202, data: c0005d3c70)
             exe-1050282 [000] ..... 1635344.516587: sys_ptrace -> 0x0
             exe-1049567 [001] ..... 1635344.516594: sys_nanosleep -> 0x0
             exe-1049567 [001] ..... 1635344.516596: sys_nanosleep(rqtp: c000069f10, rmtp: 0)
             exe-1050282 [000] ..... 1635344.516610: sys_pwrite64(fd: 63, buf: 7fd66f767080, count: 17, pos: 19)
             exe-1050282 [000] ..... 1635344.516613: tracing_mark_write: mlockall(flags=0x1) end
             exe-1050282 [000] ..... 1635344.576474: tracing_mark_write: mlockall(flags=0x1) start
             exe-1049567 [001] ..... 1635344.576475: sys_nanosleep(rqtp: c000069f10, rmtp: 0)
             exe-1050282 [000] ..... 1635344.576476: sys_pwrite64 -> 0x19
             exe-1049673 [002] ..... 1635344.576481: sys_nanosleep -> 0x0
             exe-1050282 [000] ..... 1635344.576483: sys_ptrace(request: 4205, pid: 1006c5, addr: 1, data: c0005d3c70)
             exe-1049673 [002] ..... 1635344.576484: sys_nanosleep(rqtp: c000069f10, rmtp: 0)
             exe-1050282 [000] ..... 1635344.576486: sys_ptrace -> 0x0
             exe-1050282 [000] ..... 1635344.576487: sys_ptrace(request: 4205, pid: 1006c5, addr: 202, data: c0005d3c70)
             exe-1050282 [000] ..... 1635344.576501: sys_ptrace -> 0x0
             exe-1050282 [000] ..... 1635344.576503: sys_ptrace(request: 1f, pid: 1006c5, addr: 0, data: 0)
             exe-1050282 [000] .N... 1635344.576509: sys_ptrace -> 0x0
             exe-1050309 [000] ..... 1635344.576518: sys_write -> 0x19
             exe-1050282 [000] ..... 1635344.576534: sys_wait4(upid: 1006c5, stat_addr: c0005d3bf4, options: 40000002, ru: 0)
             exe-1050282 [000] ..... 1635344.576536: sys_wait4 -> 0x1006c5
             exe-1050282 [000] ..... 1635344.576538: sys_ptrace(request: 4204, pid: 1006c5, addr: 1, data: c0005d3c70)
             exe-1050282 [000] ..... 1635344.576541: sys_ptrace -> 0x0
             exe-1050282 [000] ..... 1635344.576542: sys_ptrace(request: 4204, pid: 1006c5, addr: 202, data: c0005d3c70)
             exe-1050282 [000] ..... 1635344.576546: sys_ptrace -> 0x0
             exe-1049567 [001] ..... 1635344.576561: sys_nanosleep -> 0x0
             exe-1049567 [001] ..... 1635344.576563: sys_nanosleep(rqtp: c000069f10, rmtp: 0)
             exe-1049673 [002] ..... 1635344.576572: sys_nanosleep -> 0x0
             exe-1049673 [002] ..... 1635344.576574: sys_nanosleep(rqtp: c000069f10, rmtp: 0)
             exe-1050282 [000] ..... 1635344.576575: sys_ptrace(request: 4205, pid: 1006c5, addr: 1, data: c0005d3c70)
             exe-1050282 [000] ..... 1635344.576578: sys_ptrace -> 0x0
             exe-1050282 [000] ..... 1635344.576580: sys_ptrace(request: 4205, pid: 1006c5, addr: 202, data: c0005d3c70)
             exe-1050282 [000] ..... 1635344.576594: sys_ptrace -> 0x0
             exe-1050282 [000] ..... 1635344.576596: sys_ptrace(request: 1f, pid: 1006c5, addr: 0, data: 0)
             exe-1050282 [000] .N... 1635344.576606: sys_ptrace -> 0x0
             exe-1050309 [000] ..... 1635344.576617: sys_mlockall -> 0xfffffffffffffff4
             exe-1050282 [000] ..... 1635344.576637: sys_wait4(upid: 1006c5, stat_addr: c0005d3bf4, options: 40000002, ru: 0)
             exe-1050282 [000] ..... 1635344.576639: sys_wait4 -> 0x1006c5
             exe-1050282 [000] ..... 1635344.576642: sys_ptrace(request: 4204, pid: 1006c5, addr: 1, data: c0005d3c70)
             exe-1050282 [000] ..... 1635344.576646: sys_ptrace -> 0x0
             exe-1050282 [000] ..... 1635344.576647: sys_ptrace(request: 4204, pid: 1006c5, addr: 202, data: c0005d3c70)
             exe-1049567 [001] ..... 1635344.576648: sys_nanosleep -> 0x0
             exe-1049567 [001] ..... 1635344.576650: sys_nanosleep(rqtp: c000069f10, rmtp: 0)
             exe-1050282 [000] ..... 1635344.576650: sys_ptrace -> 0x0
             exe-1049673 [002] ..... 1635344.576660: sys_nanosleep -> 0x0
             exe-1049673 [002] ..... 1635344.576662: sys_nanosleep(rqtp: c000069f10, rmtp: 0)
             exe-1050282 [000] ..... 1635344.576664: sys_pwrite64(fd: 63, buf: 7fd66f767080, count: 17, pos: 19)
             exe-1050282 [000] ..... 1635344.576666: tracing_mark_write: mlockall(flags=0x1) end
             exe-1050282 [000] ..... 1635344.645371: tracing_mark_write: mlockall(flags=0x1) start
             exe-1050282 [000] ..... 1635344.645373: sys_pwrite64 -> 0x19
             exe-1050282 [000] ..... 1635344.645381: sys_ptrace(request: 4205, pid: 1006c5, addr: 1, data: c0005d3c70)
             exe-1050282 [000] ..... 1635344.645383: sys_ptrace -> 0x0
             exe-1050282 [000] ..... 1635344.645384: sys_ptrace(request: 4205, pid: 1006c5, addr: 202, data: c0005d3c70)
             exe-1050282 [000] ..... 1635344.645395: sys_ptrace -> 0x0
             exe-1050282 [000] ..... 1635344.645397: sys_ptrace(request: 1f, pid: 1006c5, addr: 0, data: 0)
             exe-1050282 [000] .N... 1635344.645404: sys_ptrace -> 0x0
             exe-1050309 [000] ..... 1635344.645412: sys_write -> 0x19
             exe-1050282 [000] ..... 1635344.645428: sys_wait4(upid: 1006c5, stat_addr: c0005d3bf4, options: 40000002, ru: 0)
             exe-1050282 [000] ..... 1635344.645431: sys_wait4 -> 0x1006c5
             exe-1050282 [000] ..... 1635344.645432: sys_ptrace(request: 4204, pid: 1006c5, addr: 1, data: c0005d3c70)
             exe-1050282 [000] ..... 1635344.645435: sys_ptrace -> 0x0
             exe-1050282 [000] ..... 1635344.645436: sys_ptrace(request: 4204, pid: 1006c5, addr: 202, data: c0005d3c70)
             exe-1050282 [000] ..... 1635344.645439: sys_ptrace -> 0x0
             exe-1049673 [002] ..... 1635344.645450: sys_nanosleep -> 0x0
             exe-1049673 [002] ..... 1635344.645453: sys_nanosleep(rqtp: c000069f10, rmtp: 0)
             exe-1050282 [000] ..... 1635344.645462: sys_ptrace(request: 4205, pid: 1006c5, addr: 1, data: c0005d3c70)
             exe-1049567 [001] ..... 1635344.645463: sys_nanosleep -> 0x0
             exe-1050282 [000] ..... 1635344.645464: sys_ptrace -> 0x0
             exe-1050282 [000] ..... 1635344.645465: sys_ptrace(request: 4205, pid: 1006c5, addr: 202, data: c0005d3c70)
             exe-1049567 [001] ..... 1635344.645468: sys_nanosleep(rqtp: c000069f10, rmtp: 0)
             exe-1050282 [000] ..... 1635344.645474: sys_ptrace -> 0x0
             exe-1050282 [000] ..... 1635344.645476: sys_ptrace(request: 1f, pid: 1006c5, addr: 0, data: 0)
             exe-1050282 [000] .N... 1635344.645481: sys_ptrace -> 0x0
             exe-1050309 [000] ..... 1635344.645490: sys_mlockall -> 0xfffffffffffffff4
             exe-1049673 [002] ..... 1635344.645538: sys_nanosleep -> 0x0
             exe-1049673 [002] ..... 1635344.645540: sys_nanosleep(rqtp: c000069f10, rmtp: 0)
             exe-1050282 [000] ..... 1635344.645556: sys_wait4(upid: 1006c5, stat_addr: c0005d3bf4, options: 40000002, ru: 0)
             exe-1050282 [000] ..... 1635344.645559: sys_wait4 -> 0x1006c5
             exe-1050282 [000] ..... 1635344.645561: sys_ptrace(request: 4204, pid: 1006c5, addr: 1, data: c0005d3c70)
             exe-1050282 [000] ..... 1635344.645564: sys_ptrace -> 0x0
             exe-1050282 [000] ..... 1635344.645566: sys_ptrace(request: 4204, pid: 1006c5, addr: 202, data: c0005d3c70)
             exe-1049567 [001] ..... 1635344.645568: sys_nanosleep -> 0x0
             exe-1050282 [000] ..... 1635344.645568: sys_ptrace -> 0x0
             exe-1049567 [001] ..... 1635344.645573: sys_nanosleep(rqtp: c000069f10, rmtp: 0)
             exe-1050282 [000] ..... 1635344.645581: sys_pwrite64(fd: 63, buf: 7fd66f767080, count: 17, pos: 19)
             exe-1050282 [000] ..... 1635344.645583: tracing_mark_write: mlockall(flags=0x1) end
             exe-1050282 [003] ..... 1635344.722324: tracing_mark_write: mlockall(flags=0x36) start
             exe-1050282 [003] ..... 1635344.722325: sys_pwrite64 -> 0x1a
             exe-1050282 [003] ..... 1635344.722332: sys_ptrace(request: 4205, pid: 1006c5, addr: 1, data: c0005d3c70)
             exe-1050282 [003] ..... 1635344.722335: sys_ptrace -> 0x0
             exe-1050282 [003] ..... 1635344.722337: sys_ptrace(request: 4205, pid: 1006c5, addr: 202, data: c0005d3c70)
             exe-1050282 [003] ..... 1635344.722368: sys_ptrace -> 0x0
             exe-1050282 [003] ..... 1635344.722370: sys_ptrace(request: 1f, pid: 1006c5, addr: 0, data: 0)
             exe-1050282 [003] .N... 1635344.722380: sys_ptrace -> 0x0
             exe-1050309 [003] ..... 1635344.722391: sys_write -> 0x1a
             exe-1050282 [003] ..... 1635344.722412: sys_wait4(upid: 1006c5, stat_addr: c0005d3bf4, options: 40000002, ru: 0)
             exe-1050282 [003] ..... 1635344.722414: sys_wait4 -> 0x1006c5
             exe-1050282 [003] ..... 1635344.722416: sys_ptrace(request: 4204, pid: 1006c5, addr: 1, data: c0005d3c70)
             exe-1050282 [003] ..... 1635344.722420: sys_ptrace -> 0x0
             exe-1050282 [003] ..... 1635344.722421: sys_ptrace(request: 4204, pid: 1006c5, addr: 202, data: c0005d3c70)
             exe-1050282 [003] ..... 1635344.722424: sys_ptrace -> 0x0
             exe-1050282 [003] ..... 1635344.722443: sys_ptrace(request: 4205, pid: 1006c5, addr: 1, data: c0005d3c70)
             exe-1050282 [003] ..... 1635344.722446: sys_ptrace -> 0x0
             exe-1050282 [003] ..... 1635344.722447: sys_ptrace(request: 4205, pid: 1006c5, addr: 202, data: c0005d3c70)
             exe-1050282 [003] ..... 1635344.722458: sys_ptrace -> 0x0
             exe-1050282 [003] ..... 1635344.722459: sys_ptrace(request: 1f, pid: 1006c5, addr: 0, data: 0)
             exe-1050282 [003] .N... 1635344.722466: sys_ptrace -> 0x0
             exe-1050309 [003] ..... 1635344.722476: sys_mlockall -> 0xffffffffffffffea
             exe-1050282 [003] ..... 1635344.722496: sys_wait4(upid: 1006c5, stat_addr: c0005d3bf4, options: 40000002, ru: 0)
             exe-1050282 [003] ..... 1635344.722499: sys_wait4 -> 0x1006c5
             exe-1050282 [003] ..... 1635344.722501: sys_ptrace(request: 4204, pid: 1006c5, addr: 1, data: c0005d3c70)
             exe-1050282 [003] ..... 1635344.722504: sys_ptrace -> 0x0
             exe-1050282 [003] ..... 1635344.722505: sys_ptrace(request: 4204, pid: 1006c5, addr: 202, data: c0005d3c70)
             exe-1050282 [003] ..... 1635344.722508: sys_ptrace -> 0x0
             exe-1050282 [003] ..... 1635344.722517: sys_pwrite64(fd: 63, buf: 7fd66f767080, count: 18, pos: 1a)
             exe-1050282 [003] ..... 1635344.722519: tracing_mark_write: mlockall(flags=0x36) end
             exe-1050282 [002] ..... 1635344.796802: tracing_mark_write: mlockall(flags=0x36) start
             exe-1050282 [002] ..... 1635344.796805: sys_pwrite64 -> 0x1a
             exe-1050282 [002] ..... 1635344.796813: sys_ptrace(request: 4205, pid: 1006c5, addr: 1, data: c0005d3c70)
             exe-1050282 [002] ..... 1635344.796846: sys_ptrace -> 0x0
             exe-1050282 [002] ..... 1635344.796848: sys_ptrace(request: 4205, pid: 1006c5, addr: 202, data: c0005d3c70)
             exe-1050282 [002] ..... 1635344.796861: sys_ptrace -> 0x0
             exe-1050282 [002] ..... 1635344.796863: sys_ptrace(request: 1f, pid: 1006c5, addr: 0, data: 0)
             exe-1050282 [002] ..... 1635344.796878: sys_ptrace -> 0x0
             exe-1050282 [002] ..... 1635344.796880: sys_wait4(upid: 1006c5, stat_addr: c0005d3bf4, options: 40000002, ru: 0)
             exe-1049673 [002] ..... 1635344.796895: sys_nanosleep -> 0x0
             exe-1049673 [002] ..... 1635344.796902: sys_nanosleep(rqtp: c000069f10, rmtp: 0)
             exe-1050309 [003] ..... 1635344.796927: sys_write -> 0x1a
             exe-1050282 [002] ..... 1635344.796957: sys_wait4 -> 0x1006c5
             exe-1050282 [002] ..... 1635344.796964: sys_ptrace(request: 4204, pid: 1006c5, addr: 1, data: c0005d3c70)
             exe-1050282 [002] ..... 1635344.796969: sys_ptrace -> 0x0
             exe-1050282 [002] ..... 1635344.796970: sys_ptrace(request: 4204, pid: 1006c5, addr: 202, data: c0005d3c70)
             exe-1050282 [002] ..... 1635344.796973: sys_ptrace -> 0x0
             exe-1050282 [002] ..... 1635344.797011: sys_ptrace(request: 4205, pid: 1006c5, addr: 1, data: c0005d3c70)
             exe-1050282 [002] ..... 1635344.797014: sys_ptrace -> 0x0
             exe-1050282 [002] ..... 1635344.797016: sys_ptrace(request: 4205, pid: 1006c5, addr: 202, data: c0005d3c70)
             exe-1050282 [002] ..... 1635344.797028: sys_ptrace -> 0x0
             exe-1050282 [002] ..... 1635344.797030: sys_ptrace(request: 1f, pid: 1006c5, addr: 0, data: 0)
             exe-1050282 [002] ..... 1635344.797037: sys_ptrace -> 0x0
             exe-1050282 [002] ..... 1635344.797040: sys_wait4(upid: 1006c5, stat_addr: c0005d3bf4, options: 40000002, ru: 0)
             exe-1050309 [003] ..... 1635344.797052: sys_mlockall -> 0xffffffffffffffea
             exe-1049673 [002] ..... 1635344.797055: sys_nanosleep -> 0x0
             exe-1049673 [002] ..... 1635344.797061: sys_nanosleep(rqtp: c000069f10, rmtp: 0)
             exe-1050282 [002] ..... 1635344.797094: sys_wait4 -> 0x1006c5
             exe-1050282 [002] ..... 1635344.797100: sys_ptrace(request: 4204, pid: 1006c5, addr: 1, data: c0005d3c70)
             exe-1050282 [002] ..... 1635344.797104: sys_ptrace -> 0x0
             exe-1050282 [002] ..... 1635344.797106: sys_ptrace(request: 4204, pid: 1006c5, addr: 202, data: c0005d3c70)
             exe-1050282 [002] ..... 1635344.797118: sys_ptrace -> 0x0
             exe-1050282 [002] ..... 1635344.797161: sys_pwrite64(fd: 63, buf: 7fd66f767080, count: 18, pos: 1a)
             exe-1050282 [002] ..... 1635344.797163: tracing_mark_write: mlockall(flags=0x36) end
             exe-1050282 [002] ..... 1635344.858658: tracing_mark_write: mlockall(flags=0x36) start
             exe-1050282 [002] ..... 1635344.858660: sys_pwrite64 -> 0x1a
             exe-1050282 [002] ..... 1635344.858665: sys_ptrace(request: 4205, pid: 1006c5, addr: 1, data: c0005d3c70)
             exe-1050282 [002] ..... 1635344.858668: sys_ptrace -> 0x0
             exe-1050282 [002] ..... 1635344.858669: sys_ptrace(request: 4205, pid: 1006c5, addr: 202, data: c0005d3c70)
             exe-1050282 [002] ..... 1635344.858685: sys_ptrace -> 0x0
             exe-1050282 [002] ..... 1635344.858687: sys_ptrace(request: 1f, pid: 1006c5, addr: 0, data: 0)
             exe-1050282 [002] ..... 1635344.858690: sys_ptrace -> 0x0
             exe-1050282 [002] ..... 1635344.858692: sys_wait4(upid: 1006c5, stat_addr: c0005d3bf4, options: 40000002, ru: 0)
             exe-1050309 [003] ..... 1635344.858705: sys_write -> 0x1a
             exe-1050282 [002] ..... 1635344.858734: sys_wait4 -> 0x1006c5
             exe-1050282 [002] ..... 1635344.858736: sys_ptrace(request: 4204, pid: 1006c5, addr: 1, data: c0005d3c70)
             exe-1049673 [000] ..... 1635344.858748: sys_nanosleep -> 0x0
             exe-1049673 [000] ..... 1635344.858751: sys_nanosleep(rqtp: c000069f10, rmtp: 0)
             exe-1050282 [002] ..... 1635344.858753: sys_ptrace -> 0x0
             exe-1050282 [002] ..... 1635344.858754: sys_ptrace(request: 4204, pid: 1006c5, addr: 202, data: c0005d3c70)
             exe-1050282 [002] ..... 1635344.858756: sys_ptrace -> 0x0
             exe-1050282 [002] ..... 1635344.858760: sys_ptrace(request: 4205, pid: 1006c5, addr: 1, data: c0005d3c70)
             exe-1050282 [002] ..... 1635344.858763: sys_ptrace -> 0x0
             exe-1050282 [002] ..... 1635344.858764: sys_ptrace(request: 4205, pid: 1006c5, addr: 202, data: c0005d3c70)
             exe-1049567 [003] ..... 1635344.858776: sys_nanosleep -> 0x0
             exe-1049567 [003] ..... 1635344.858781: sys_nanosleep(rqtp: c000069f10, rmtp: 0)
             exe-1050282 [002] ..... 1635344.858782: sys_ptrace -> 0x0
             exe-1050282 [002] ..... 1635344.858784: sys_ptrace(request: 1f, pid: 1006c5, addr: 0, data: 0)
             exe-1050282 [002] ..... 1635344.858791: sys_ptrace -> 0x0
             exe-1050282 [002] ..... 1635344.858793: sys_wait4(upid: 1006c5, stat_addr: c0005d3bf4, options: 40000002, ru: 0)
             exe-1050309 [003] ..... 1635344.858803: sys_mlockall -> 0xffffffffffffffea
             exe-1050282 [002] ..... 1635344.858823: sys_wait4 -> 0x1006c5
             exe-1050282 [002] ..... 1635344.858826: sys_ptrace(request: 4204, pid: 1006c5, addr: 1, data: c0005d3c70)
             exe-1050282 [002] ..... 1635344.858828: sys_ptrace -> 0x0
             exe-1050282 [002] ..... 1635344.858829: sys_ptrace(request: 4204, pid: 1006c5, addr: 202, data: c0005d3c70)
             exe-1050282 [002] ..... 1635344.858831: sys_ptrace -> 0x0
             exe-1050282 [002] ..... 1635344.858837: sys_pwrite64(fd: 63, buf: 7fd66f767080, count: 18, pos: 1a)
             exe-1050282 [002] ..... 1635344.858838: tracing_mark_write: mlockall(flags=0x36) end
             exe-1050282 [002] ..... 1635344.946390: tracing_mark_write: mlockall(flags=0x36) start
             exe-1050282 [002] ..... 1635344.946392: sys_pwrite64 -> 0x1a
             exe-1050282 [002] ..... 1635344.946398: sys_ptrace(request: 4205, pid: 1006c5, addr: 1, data: c0005d3c70)
             exe-1050282 [002] ..... 1635344.946401: sys_ptrace -> 0x0
             exe-1050282 [002] ..... 1635344.946402: sys_ptrace(request: 4205, pid: 1006c5, addr: 202, data: c0005d3c70)
             exe-1050282 [002] ..... 1635344.946413: sys_ptrace -> 0x0
             exe-1050282 [002] ..... 1635344.946414: sys_ptrace(request: 1f, pid: 1006c5, addr: 0, data: 0)
             exe-1050282 [002] .N... 1635344.946421: sys_ptrace -> 0x0
             exe-1050309 [002] ..... 1635344.946432: sys_write -> 0x1a
             exe-1050282 [002] ..... 1635344.946450: sys_wait4(upid: 1006c5, stat_addr: c0005d3bf4, options: 40000002, ru: 0)
             exe-1049673 [000] ..... 1635344.946451: sys_nanosleep -> 0x0
             exe-1050282 [002] ..... 1635344.946452: sys_wait4 -> 0x1006c5
             exe-1050282 [002] ..... 1635344.946454: sys_ptrace(request: 4204, pid: 1006c5, addr: 1, data: c0005d3c70)
             exe-1050282 [002] ..... 1635344.946458: sys_ptrace -> 0x0
             exe-1049673 [000] ..... 1635344.946459: sys_futex(uaddr: 1f09dc0, op: 80, val: 0, utime: c000069eb0, uaddr2: 0, val3: 0)
             exe-1050282 [002] ..... 1635344.946459: sys_ptrace(request: 4204, pid: 1006c5, addr: 202, data: c0005d3c70)
             exe-1050282 [002] ..... 1635344.946462: sys_ptrace -> 0x0
             exe-1050282 [002] ..... 1635344.946467: sys_ptrace(request: 4205, pid: 1006c5, addr: 1, data: c0005d3c70)
             exe-1050282 [002] ..... 1635344.946470: sys_ptrace -> 0x0
             exe-1050282 [002] ..... 1635344.946471: sys_ptrace(request: 4205, pid: 1006c5, addr: 202, data: c0005d3c70)
             exe-1050282 [002] ..... 1635344.946480: sys_ptrace -> 0x0
             exe-1050282 [002] ..... 1635344.946482: sys_ptrace(request: 1f, pid: 1006c5, addr: 0, data: 0)
             exe-1050282 [002] .N... 1635344.946488: sys_ptrace -> 0x0
             exe-1050309 [002] ..... 1635344.946498: sys_mlockall -> 0xffffffffffffffea
             exe-1050282 [002] ..... 1635344.946516: sys_wait4(upid: 1006c5, stat_addr: c0005d3bf4, options: 40000002, ru: 0)
             exe-1050282 [002] ..... 1635344.946518: sys_wait4 -> 0x1006c5
             exe-1050282 [002] ..... 1635344.946520: sys_ptrace(request: 4204, pid: 1006c5, addr: 1, data: c0005d3c70)
             exe-1050282 [002] ..... 1635344.946524: sys_ptrace -> 0x0
             exe-1050282 [002] ..... 1635344.946526: sys_ptrace(request: 4204, pid: 1006c5, addr: 202, data: c0005d3c70)
             exe-1050282 [002] ..... 1635344.946528: sys_ptrace -> 0x0
             exe-1050282 [002] ..... 1635344.946537: sys_pwrite64(fd: 63, buf: 7fd66f767080, count: 18, pos: 1a)
             exe-1050282 [002] ..... 1635344.946539: tracing_mark_write: mlockall(flags=0x36) end
             exe-1050282 [002] ..... 1635344.999702: tracing_mark_write: mlockall(flags=0x36) start
             exe-1050282 [002] ..... 1635344.999703: sys_pwrite64 -> 0x1a
             exe-1050282 [002] ..... 1635344.999710: sys_ptrace(request: 4205, pid: 1006c5, addr: 1, data: c0005d3c70)
             exe-1050282 [002] ..... 1635344.999712: sys_ptrace -> 0x0
             exe-1050282 [002] ..... 1635344.999713: sys_ptrace(request: 4205, pid: 1006c5, addr: 202, data: c0005d3c70)
             exe-1049673 [000] ..... 1635344.999723: sys_nanosleep -> 0x0
             exe-1050282 [002] ..... 1635344.999724: sys_ptrace -> 0x0
             exe-1050282 [002] ..... 1635344.999725: sys_ptrace(request: 1f, pid: 1006c5, addr: 0, data: 0)
             exe-1049673 [000] ..... 1635344.999728: sys_nanosleep(rqtp: c000069f10, rmtp: 0)
             exe-1050282 [002] .N... 1635344.999732: sys_ptrace -> 0x0
             exe-1050309 [002] ..... 1635344.999742: sys_write -> 0x1a
             exe-1050282 [002] ..... 1635344.999760: sys_wait4(upid: 1006c5, stat_addr: c0005d3bf4, options: 40000002, ru: 0)
             exe-1050282 [002] ..... 1635344.999763: sys_wait4 -> 0x1006c5
             exe-1050282 [002] ..... 1635344.999765: sys_ptrace(request: 4204, pid: 1006c5, addr: 1, data: c0005d3c70)
             exe-1050282 [002] ..... 1635344.999768: sys_ptrace -> 0x0
             exe-1050282 [002] ..... 1635344.999770: sys_ptrace(request: 4204, pid: 1006c5, addr: 202, data: c0005d3c70)
             exe-1050282 [002] ..... 1635344.999772: sys_ptrace -> 0x0
             exe-1050282 [002] ..... 1635344.999777: sys_ptrace(request: 4205, pid: 1006c5, addr: 1, data: c0005d3c70)
             exe-1050282 [002] ..... 1635344.999780: sys_ptrace -> 0x0
             exe-1050282 [002] ..... 1635344.999781: sys_ptrace(request: 4205, pid: 1006c5, addr: 202, data: c0005d3c70)
             exe-1050282 [002] ..... 1635344.999790: sys_ptrace -> 0x0
             exe-1050282 [002] ..... 1635344.999791: sys_ptrace(request: 1f, pid: 1006c5, addr: 0, data: 0)
             exe-1050282 [002] .N... 1635344.999797: sys_ptrace -> 0x0
             exe-1050309 [002] ..... 1635344.999806: sys_mlockall -> 0xffffffffffffffea
             exe-1050282 [002] ..... 1635344.999823: sys_wait4(upid: 1006c5, stat_addr: c0005d3bf4, options: 40000002, ru: 0)
             exe-1050282 [002] ..... 1635344.999825: sys_wait4 -> 0x1006c5
             exe-1050282 [002] ..... 1635344.999827: sys_ptrace(request: 4204, pid: 1006c5, addr: 1, data: c0005d3c70)
             exe-1050282 [002] ..... 1635344.999830: sys_ptrace -> 0x0
             exe-1050282 [002] ..... 1635344.999832: sys_ptrace(request: 4204, pid: 1006c5, addr: 202, data: c0005d3c70)
             exe-1050282 [002] ..... 1635344.999834: sys_ptrace -> 0x0
             exe-1049673 [000] ..... 1635344.999835: sys_nanosleep -> 0x0
             exe-1049673 [000] ..... 1635344.999839: sys_nanosleep(rqtp: c000069f10, rmtp: 0)
             exe-1050282 [002] ..... 1635344.999843: sys_pwrite64(fd: 63, buf: 7fd66f767080, count: 18, pos: 1a)
             exe-1050282 [002] ..... 1635344.999844: tracing_mark_write: mlockall(flags=0x36) end
             exe-1050282 [001] ..... 1635345.073818: tracing_mark_write: mlockall(flags=0x36) start
             exe-1050282 [001] ..... 1635345.073820: sys_pwrite64 -> 0x1a
             exe-1049673 [000] ..... 1635345.073825: sys_nanosleep -> 0x0
             exe-1050282 [001] ..... 1635345.073826: sys_ptrace(request: 4205, pid: 1006c5, addr: 1, data: c0005d3c70)
             exe-1049673 [000] ..... 1635345.073828: sys_futex(uaddr: 1f09dc0, op: 80, val: 0, utime: c000069eb0, uaddr2: 0, val3: 0)
             exe-1050282 [001] ..... 1635345.073828: sys_ptrace -> 0x0
             exe-1050282 [001] ..... 1635345.073830: sys_ptrace(request: 4205, pid: 1006c5, addr: 202, data: c0005d3c70)
             exe-1050282 [001] ..... 1635345.073840: sys_ptrace -> 0x0
             exe-1050282 [001] ..... 1635345.073842: sys_ptrace(request: 1f, pid: 1006c5, addr: 0, data: 0)
             exe-1050282 [001] .N... 1635345.073849: sys_ptrace -> 0x0
             exe-1049567 [003] ..... 1635345.073849: sys_nanosleep(rqtp: c000069f10, rmtp: 0)
             exe-1050309 [001] ..... 1635345.073859: sys_write -> 0x1a
             exe-1050282 [001] ..... 1635345.073876: sys_wait4(upid: 1006c5, stat_addr: c0005d3bf4, options: 40000002, ru: 0)
             exe-1050282 [001] ..... 1635345.073879: sys_wait4 -> 0x1006c5
             exe-1050282 [001] ..... 1635345.073880: sys_ptrace(request: 4204, pid: 1006c5, addr: 1, data: c0005d3c70)
             exe-1050282 [001] ..... 1635345.073884: sys_ptrace -> 0x0
             exe-1050282 [001] ..... 1635345.073885: sys_ptrace(request: 4204, pid: 1006c5, addr: 202, data: c0005d3c70)
             exe-1050282 [001] ..... 1635345.073887: sys_ptrace -> 0x0
             exe-1050282 [001] ..... 1635345.073893: sys_ptrace(request: 4205, pid: 1006c5, addr: 1, data: c0005d3c70)
             exe-1050282 [001] ..... 1635345.073895: sys_ptrace -> 0x0
             exe-1050282 [001] ..... 1635345.073897: sys_ptrace(request: 4205, pid: 1006c5, addr: 202, data: c0005d3c70)
             exe-1050282 [001] ..... 1635345.073905: sys_ptrace -> 0x0
             exe-1050282 [001] ..... 1635345.073907: sys_ptrace(request: 1f, pid: 1006c5, addr: 0, data: 0)
             exe-1050282 [001] .N... 1635345.073912: sys_ptrace -> 0x0
             exe-1050309 [001] ..... 1635345.073921: sys_mlockall -> 0xffffffffffffffea
             exe-1050282 [001] ..... 1635345.073938: sys_wait4(upid: 1006c5, stat_addr: c0005d3bf4, options: 40000002, ru: 0)
             exe-1050282 [001] ..... 1635345.073941: sys_wait4 -> 0x1006c5
             exe-1050282 [001] ..... 1635345.073943: sys_ptrace(request: 4204, pid: 1006c5, addr: 1, data: c0005d3c70)
             exe-1050282 [001] ..... 1635345.073946: sys_ptrace -> 0x0
             exe-1050282 [001] ..... 1635345.073947: sys_ptrace(request: 4204, pid: 1006c5, addr: 202, data: c0005d3c70)
             exe-1050282 [001] ..... 1635345.073949: sys_ptrace -> 0x0
             exe-1049567 [003] ..... 1635345.073956: sys_nanosleep -> 0x0
             exe-1050282 [001] ..... 1635345.073958: sys_pwrite64(fd: 63, buf: 7fd66f767080, count: 18, pos: 1a)
             exe-1050282 [001] ..... 1635345.073959: tracing_mark_write: mlockall(flags=0x36) end
             exe-1050282 [001] ..... 1635345.140985: tracing_mark_write: mlockall(flags=0x36) start
             exe-1050282 [001] ..... 1635345.140986: sys_pwrite64 -> 0x1a
             exe-1049567 [003] ..... 1635345.140989: sys_nanosleep(rqtp: c000069f10, rmtp: 0)
             exe-1050282 [001] ..... 1635345.140992: sys_ptrace(request: 4205, pid: 1006c5, addr: 1, data: c0005d3c70)
             exe-1050282 [001] ..... 1635345.140995: sys_ptrace -> 0x0
             exe-1050282 [001] ..... 1635345.140996: sys_ptrace(request: 4205, pid: 1006c5, addr: 202, data: c0005d3c70)
             exe-1050282 [001] ..... 1635345.141007: sys_ptrace -> 0x0
             exe-1050282 [001] ..... 1635345.141009: sys_ptrace(request: 1f, pid: 1006c5, addr: 0, data: 0)
             exe-1050282 [001] .N... 1635345.141016: sys_ptrace -> 0x0
             exe-1050309 [001] ..... 1635345.141026: sys_write -> 0x1a
             exe-1049673 [000] ..... 1635345.141038: sys_nanosleep -> 0x0
             exe-1049673 [000] ..... 1635345.141044: sys_futex(uaddr: 1f09dc0, op: 80, val: 0, utime: c000069eb0, uaddr2: 0, val3: 0)
             exe-1050282 [001] ..... 1635345.141044: sys_wait4(upid: 1006c5, stat_addr: c0005d3bf4, options: 40000002, ru: 0)
             exe-1050282 [001] ..... 1635345.141047: sys_wait4 -> 0x1006c5
             exe-1050282 [001] ..... 1635345.141049: sys_ptrace(request: 4204, pid: 1006c5, addr: 1, data: c0005d3c70)
             exe-1050282 [001] ..... 1635345.141053: sys_ptrace -> 0x0
             exe-1050282 [001] ..... 1635345.141054: sys_ptrace(request: 4204, pid: 1006c5, addr: 202, data: c0005d3c70)
             exe-1050282 [001] ..... 1635345.141057: sys_ptrace -> 0x0
             exe-1050282 [001] ..... 1635345.141062: sys_ptrace(request: 4205, pid: 1006c5, addr: 1, data: c0005d3c70)
             exe-1050282 [001] ..... 1635345.141064: sys_ptrace -> 0x0
             exe-1050282 [001] ..... 1635345.141066: sys_ptrace(request: 4205, pid: 1006c5, addr: 202, data: c0005d3c70)
             exe-1049567 [003] ..... 1635345.141072: sys_nanosleep -> 0x0
             exe-1050282 [001] ..... 1635345.141074: sys_ptrace -> 0x0
             exe-1050282 [001] ..... 1635345.141076: sys_ptrace(request: 1f, pid: 1006c5, addr: 0, data: 0)
             exe-1049567 [003] ..... 1635345.141077: sys_nanosleep(rqtp: c000069f10, rmtp: 0)
             exe-1050282 [001] .N... 1635345.141082: sys_ptrace -> 0x0
             exe-1050309 [001] ..... 1635345.141092: sys_mlockall -> 0xffffffffffffffea
