             exe-1050289 [003] ..... 1635346.182019: sys_ptrace(request: 4204, pid: 1006f2, addr: 1, data: c0005d3c70)
             exe-1050289 [003] ..... 1635346.182037: sys_ptrace -> 0x0
             exe-1050289 [003] ..... 1635346.182039: sys_ptrace(request: 4204, pid: 1006f2, addr: 202, data: c0005d3c70)
             exe-1050289 [003] ..... 1635346.182041: sys_ptrace -> 0x0
             exe-1050289 [003] ..... 1635346.182069: sys_ptrace(request: 4205, pid: 1006f2, addr: 1, data: c0005d3c70)
             exe-1050289 [003] ..... 1635346.182072: sys_ptrace -> 0x0
             exe-1050289 [003] ..... 1635346.182073: sys_ptrace(request: 4205, pid: 1006f2, addr: 202, data: c0005d3c70)
             exe-1050289 [003] ..... 1635346.182080: sys_ptrace -> 0x0
             exe-1050289 [003] ..... 1635346.182082: sys_ptrace(request: 1f, pid: 1006f2, addr: 0, data: 0)
             exe-1050289 [003] ..... 1635346.182087: sys_ptrace -> 0x0
             exe-1050289 [003] ..... 1635346.182089: sys_wait4(upid: 1006f2, stat_addr: c0005d3bf4, options: 40000002, ru: 0)
             exe-1049673 [002] ..... 1635346.182094: sys_nanosleep -> 0x0
             exe-1049673 [002] ..... 1635346.182100: sys_nanosleep(rqtp: c000069f10, rmtp: 0)
             exe-1050354 [001] ..... 1635346.182104: sys_mlockall -> 0xfffffffffffffff4
             exe-1050289 [003] ..... 1635346.182125: sys_wait4 -> 0x1006f2
             exe-1050289 [003] ..... 1635346.182128: sys_ptrace(request: 4204, pid: 1006f2, addr: 1, data: c0005d3c70)
             exe-1050289 [003] ..... 1635346.182149: sys_ptrace -> 0x0
             exe-1050289 [003] ..... 1635346.182150: sys_ptrace(request: 4204, pid: 1006f2, addr: 202, data: c0005d3c70)
             exe-1050289 [003] ..... 1635346.182152: sys_ptrace -> 0x0
             exe-1050289 [003] ..... 1635346.182157: sys_pwrite64(fd: 63, buf: 7fd66f767080, count: 17, pos: 19)
             exe-1050289 [003] ..... 1635346.182158: tracing_mark_write: mlockall(flags=0x3) end
             exe-1050289 [003] ..... 1635346.245385: tracing_mark_write: mlockall(flags=0x4) start
             exe-1050289 [003] ..... 1635346.245386: sys_pwrite64 -> 0x19
             exe-1050289 [003] ..... 1635346.245390: sys_ptrace(request: 4205, pid: 1006f2, addr: 1, data: c0005d3c70)
             exe-1050289 [003] ..... 1635346.245393: sys_ptrace -> 0x0
             exe-1050289 [003] ..... 1635346.245394: sys_ptrace(request: 4205, pid: 1006f2, addr: 202, data: c0005d3c70)
             exe-1050289 [003] ..... 1635346.245407: sys_ptrace -> 0x0
             exe-1050289 [003] ..... 1635346.245409: sys_ptrace(request: 1f, pid: 1006f2, addr: 0, data: 0)
             exe-1050289 [003] ..... 1635346.245413: sys_ptrace -> 0x0
             exe-1050289 [003] ..... 1635346.245415: sys_wait4(upid: 1006f2, stat_addr: c0005d3bf4, options: 40000002, ru: 0)
             exe-1050354 [001] ..... 1635346.245436: sys_write -> 0x19
             exe-1050289 [003] ..... 1635346.245453: sys_wait4 -> 0x1006f2
             exe-1050289 [003] ..... 1635346.245455: sys_ptrace(request: 4204, pid: 1006f2, addr: 1, data: c0005d3c70)
             exe-1049567 [002] ..... 1635346.245457: sys_nanosleep -> 0x0
             exe-1050289 [003] ..... 1635346.245457: sys_ptrace -> 0x0
             exe-1050289 [003] ..... 1635346.245458: sys_ptrace(request: 4204, pid: 1006f2, addr: 202, data: c0005d3c70)
             exe-1050289 [003] ..... 1635346.245460: sys_ptrace -> 0x0
             exe-1049567 [002] ..... 1635346.245462: sys_nanosleep(rqtp: c000069f10, rmtp: 0)
             exe-1050289 [003] ..... 1635346.245464: sys_ptrace(request: 4205, pid: 1006f2, addr: 1, data: c0005d3c70)
             exe-1050289 [003] ..... 1635346.245466: sys_ptrace -> 0x0
             exe-1050289 [003] ..... 1635346.245467: sys_ptrace(request: 4205, pid: 1006f2, addr: 202, data: c0005d3c70)
             exe-1050289 [003] ..... 1635346.245472: sys_ptrace -> 0x0
             exe-1050289 [003] ..... 1635346.245473: sys_ptrace(request: 1f, pid: 1006f2, addr: 0, data: 0)
             exe-1050289 [003] ..... 1635346.245478: sys_ptrace -> 0x0
             exe-1050289 [003] ..... 1635346.245479: sys_wait4(upid: 1006f2, stat_addr: c0005d3bf4, options: 40000002, ru: 0)
             exe-1049673 [002] ..... 1635346.245481: sys_nanosleep -> 0x0
             exe-1049673 [002] ..... 1635346.245486: sys_nanosleep(rqtp: c000069f10, rmtp: 0)
             exe-1050354 [001] ..... 1635346.245544: sys_mlockall -> 0xffffffffffffffea
             exe-1049567 [002] ..... 1635346.245560: sys_nanosleep -> 0x0
             exe-1050289 [003] ..... 1635346.245561: sys_wait4 -> 0x1006f2
             exe-1050289 [003] ..... 1635346.245562: sys_ptrace(request: 4204, pid: 1006f2, addr: 1, data: c0005d3c70)
             exe-1050289 [003] ..... 1635346.245564: sys_ptrace -> 0x0
             exe-1049567 [002] ..... 1635346.245565: sys_nanosleep(rqtp: c000069f10, rmtp: 0)
             exe-1050289 [003] ..... 1635346.245566: sys_ptrace(request: 4204, pid: 1006f2, addr: 202, data: c0005d3c70)
             exe-1050289 [003] ..... 1635346.245567: sys_ptrace -> 0x0
             exe-1050289 [003] ..... 1635346.245572: sys_pwrite64(fd: 63, buf: 7fd66f767080, count: 17, pos: 19)
             exe-1050289 [003] ..... 1635346.245573: tracing_mark_write: mlockall(flags=0x4) end
             exe-1050289 [003] ..... 1635346.305079: tracing_mark_write: mlockall(flags=0x4) start
             exe-1050289 [003] ..... 1635346.305081: sys_pwrite64 -> 0x19
             exe-1050289 [003] ..... 1635346.305085: sys_ptrace(request: 4205, pid: 1006f2, addr: 1, data: c0005d3c70)
             exe-1050289 [003] ..... 1635346.305087: sys_ptrace -> 0x0
             exe-1049673 [002] ..... 1635346.305088: sys_nanosleep -> 0x0
             exe-1050289 [003] ..... 1635346.305088: sys_ptrace(request: 4205, pid: 1006f2, addr: 202, data: c0005d3c70)
             exe-1049673 [002] ..... 1635346.305093: sys_nanosleep(rqtp: c000069f10, rmtp: 0)
             exe-1050289 [003] ..... 1635346.305094: sys_ptrace -> 0x0
             exe-1050289 [003] ..... 1635346.305096: sys_ptrace(request: 1f, pid: 1006f2, addr: 0, data: 0)
             exe-1050289 [003] ..... 1635346.305104: sys_ptrace -> 0x0
             exe-1050289 [003] ..... 1635346.305106: sys_wait4(upid: 1006f2, stat_addr: c0005d3bf4, options: 40000002, ru: 0)
             exe-1050354 [001] ..... 1635346.305150: sys_write -> 0x19
             exe-1050289 [003] ..... 1635346.305167: sys_wait4 -> 0x1006f2
             exe-1050289 [003] ..... 1635346.305169: sys_ptrace(request: 4204, pid: 1006f2, addr: 1, data: c0005d3c70)
             exe-1050289 [003] ..... 1635346.305171: sys_ptrace -> 0x0
             exe-1050289 [003] ..... 1635346.305172: sys_ptrace(request: 4204, pid: 1006f2, addr: 202, data: c0005d3c70)
             exe-1050289 [003] ..... 1635346.305174: sys_ptrace -> 0x0
             exe-1049567 [002] ..... 1635346.305175: sys_nanosleep -> 0x0
             exe-1050289 [003] ..... 1635346.305178: sys_ptrace(request: 4205, pid: 1006f2, addr: 1, data: c0005d3c70)
             exe-1049567 [002] ..... 1635346.305180: sys_nanosleep(rqtp: c000069f10, rmtp: 0)
             exe-1050289 [003] ..... 1635346.305180: sys_ptrace -> 0x0
             exe-1050289 [003] ..... 1635346.305181: sys_ptrace(request: 4205, pid: 1006f2, addr: 202, data: c0005d3c70)
             exe-1050289 [003] ..... 1635346.305186: sys_ptrace -> 0x0
             exe-1050289 [003] ..... 1635346.305187: sys_ptrace(request: 1f, pid: 1006f2, addr: 0, data: 0)
             exe-1050289 [003] ..... 1635346.305192: sys_ptrace -> 0x0
             exe-1050289 [003] ..... 1635346.305194: sys_wait4(upid: 1006f2, stat_addr: c0005d3bf4, options: 40000002, ru: 0)
             exe-1049673 [002] ..... 1635346.305203: sys_nanosleep -> 0x0
             exe-1049673 [002] ..... 1635346.305208: sys_nanosleep(rqtp: c000069f10, rmtp: 0)
             exe-1050354 [001] ..... 1635346.305252: sys_mlockall -> 0xffffffffffffffea
             exe-1050289 [003] ..... 1635346.305268: sys_wait4 -> 0x1006f2
             exe-1050289 [003] ..... 1635346.305270: sys_ptrace(request: 4204, pid: 1006f2, addr: 1, data: c0005d3c70)
             exe-1050289 [003] ..... 1635346.305272: sys_ptrace -> 0x0
             exe-1050289 [003] ..... 1635346.305273: sys_ptrace(request: 4204, pid: 1006f2, addr: 202, data: c0005d3c70)
             exe-1050289 [003] ..... 1635346.305275: sys_ptrace -> 0x0
             exe-1049673 [002] ..... 1635346.305277: sys_nanosleep -> 0x0
             exe-1050289 [003] ..... 1635346.305279: sys_pwrite64(fd: 63, buf: 7fd66f767080, count: 17, pos: 19)
             exe-1050289 [003] ..... 1635346.305280: tracing_mark_write: mlockall(flags=0x4) end
             exe-1050289 [003] ..... 1635346.361144: tracing_mark_write: mlockall(flags=0x4) start
             exe-1050289 [003] ..... 1635346.361145: sys_pwrite64 -> 0x19
             exe-1049673 [002] ..... 1635346.361147: sys_nanosleep -> 0x0
             exe-1050289 [003] ..... 1635346.361150: sys_ptrace(request: 4205, pid: 1006f2, addr: 1, data: c0005d3c70)
             exe-1049673 [002] ..... 1635346.361150: sys_nanosleep(rqtp: c000069f10, rmtp: 0)
             exe-1050289 [003] ..... 1635346.361156: sys_ptrace -> 0x0
             exe-1049716 [001] ..... 1635346.361156: sys_futex -> 0x0
             exe-1050289 [003] ..... 1635346.361157: sys_ptrace(request: 4205, pid: 1006f2, addr: 202, data: c0005d3c70)
             exe-1050289 [003] ..... 1635346.361165: sys_ptrace -> 0x0
             exe-1049716 [001] ..... 1635346.361166: sys_futex(uaddr: c000482148, op: 80, val: 0, utime: 0, uaddr2: 0, val3: 0)
             exe-1050289 [003] ..... 1635346.361167: sys_ptrace(request: 1f, pid: 1006f2, addr: 0, data: 0)
             exe-1049567 [002] ..... 1635346.361168: sys_nanosleep -> 0x0
             exe-1050289 [003] ..... 1635346.361174: sys_ptrace -> 0x0
             exe-1049567 [002] ..... 1635346.361174: sys_nanosleep(rqtp: c000069f10, rmtp: 0)
             exe-1050289 [003] ..... 1635346.361176: sys_wait4(upid: 1006f2, stat_addr: c0005d3bf4, options: 40000002, ru: 0)
             exe-1050354 [001] ..... 1635346.361193: sys_write -> 0x19
             exe-1050289 [003] ..... 1635346.361228: sys_wait4 -> 0x1006f2
             exe-1050289 [003] ..... 1635346.361230: sys_ptrace(request: 4204, pid: 1006f2, addr: 1, data: c0005d3c70)
             exe-1050289 [003] ..... 1635346.361250: sys_ptrace -> 0x0
             exe-1050289 [003] ..... 1635346.361252: sys_ptrace(request: 4204, pid: 1006f2, addr: 202, data: c0005d3c70)
             exe-1050289 [003] ..... 1635346.361254: sys_ptrace -> 0x0
             exe-1049673 [002] ..... 1635346.361255: sys_nanosleep -> 0x0
             exe-1050289 [003] ..... 1635346.361259: sys_ptrace(request: 4205, pid: 1006f2, addr: 1, data: c0005d3c70)
             exe-1050289 [003] ..... 1635346.361261: sys_ptrace -> 0x0
             exe-1049673 [002] ..... 1635346.361261: sys_futex(uaddr: 1f09dc0, op: 80, val: 0, utime: c000069eb0, uaddr2: 0, val3: 0)
             exe-1050289 [003] ..... 1635346.361262: sys_ptrace(request: 4205, pid: 1006f2, addr: 202, data: c0005d3c70)
             exe-1050289 [003] ..... 1635346.361268: sys_ptrace -> 0x0
             exe-1050289 [003] ..... 1635346.361269: sys_ptrace(request: 1f, pid: 1006f2, addr: 0, data: 0)
             exe-1050289 [003] ..... 1635346.361274: sys_ptrace -> 0x0
             exe-1050289 [003] ..... 1635346.361276: sys_wait4(upid: 1006f2, stat_addr: c0005d3bf4, options: 40000002, ru: 0)
             exe-1050354 [001] ..... 1635346.361288: sys_mlockall -> 0xffffffffffffffea
             exe-1050289 [003] ..... 1635346.361307: sys_wait4 -> 0x1006f2
             exe-1050289 [003] ..... 1635346.361309: sys_ptrace(request: 4204, pid: 1006f2, addr: 1, data: c0005d3c70)
             exe-1050289 [003] ..... 1635346.361311: sys_ptrace -> 0x0
             exe-1050289 [003] ..... 1635346.361312: sys_ptrace(request: 4204, pid: 1006f2, addr: 202, data: c0005d3c70)
             exe-1050289 [003] ..... 1635346.361314: sys_ptrace -> 0x0
             exe-1050289 [003] ..... 1635346.361320: sys_pwrite64(fd: 63, buf: 7fd66f767080, count: 17, pos: 19)
             exe-1050289 [003] ..... 1635346.361322: tracing_mark_write: mlockall(flags=0x4) end
             exe-1050289 [003] ..... 1635346.423814: tracing_mark_write: mlockall(flags=0x4) start
             exe-1050289 [003] ..... 1635346.423816: sys_pwrite64 -> 0x19
             exe-1050289 [003] ..... 1635346.423821: sys_ptrace(request: 4205, pid: 1006f2, addr: 1, data: c0005d3c70)
             exe-1050289 [003] ..... 1635346.423824: sys_ptrace -> 0x0
             exe-1050289 [003] ..... 1635346.423825: sys_ptrace(request: 4205, pid: 1006f2, addr: 202, data: c0005d3c70)
             exe-1050289 [003] ..... 1635346.423835: sys_ptrace -> 0x0
             exe-1050289 [003] ..... 1635346.423836: sys_ptrace(request: 1f, pid: 1006f2, addr: 0, data: 0)
             exe-1050289 [003] ..... 1635346.423848: sys_ptrace -> 0x0
             exe-1050289 [003] ..... 1635346.423851: sys_wait4(upid: 1006f2, stat_addr: c0005d3bf4, options: 40000002, ru: 0)
             exe-1050354 [001] ..... 1635346.423872: sys_write -> 0x19
             exe-1049673 [002] ..... 1635346.423872: sys_nanosleep -> 0x0
             exe-1049673 [002] ..... 1635346.423875: sys_nanosleep(rqtp: c000069f10, rmtp: 0)
             exe-1050289 [003] ..... 1635346.423895: sys_wait4 -> 0x1006f2
             exe-1050289 [003] ..... 1635346.423899: sys_ptrace(request: 4204, pid: 1006f2, addr: 1, data: c0005d3c70)
             exe-1050289 [003] ..... 1635346.423903: sys_ptrace -> 0x0
             exe-1050289 [003] ..... 1635346.423906: sys_ptrace(request: 4204, pid: 1006f2, addr: 202, data: c0005d3c70)
             exe-1050289 [003] ..... 1635346.423909: sys_ptrace -> 0x0
             exe-1050289 [003] ..... 1635346.423916: sys_ptrace(request: 4205, pid: 1006f2, addr: 1, data: c0005d3c70)
             exe-1050289 [003] ..... 1635346.423919: sys_ptrace -> 0x0
             exe-1050289 [003] ..... 1635346.423921: sys_ptrace(request: 4205, pid: 1006f2, addr: 202, data: c0005d3c70)
             exe-1050289 [003] ..... 1635346.423939: sys_ptrace -> 0x0
             exe-1050289 [003] ..... 1635346.423943: sys_ptrace(request: 1f, pid: 1006f2, addr: 0, data: 0)
             exe-1049673 [002] ..... 1635346.423960: sys_nanosleep -> 0x0
             exe-1049673 [002] ..... 1635346.423962: sys_nanosleep(rqtp: c000069f10, rmtp: 0)
             exe-1050289 [003] ..... 1635346.423963: sys_ptrace -> 0x0
             exe-1050289 [003] ..... 1635346.423967: sys_wait4(upid: 1006f2, stat_addr: c0005d3bf4, options: 40000002, ru: 0)
             exe-1050354 [001] ..... 1635346.423981: sys_mlockall -> 0xffffffffffffffea
             exe-1050289 [003] ..... 1635346.424004: sys_wait4 -> 0x1006f2
             exe-1050289 [003] ..... 1635346.424007: sys_ptrace(request: 4204, pid: 1006f2, addr: 1, data: c0005d3c70)
             exe-1050289 [003] ..... 1635346.424012: sys_ptrace -> 0x0
             exe-1050289 [003] ..... 1635346.424013: sys_ptrace(request: 4204, pid: 1006f2, addr: 202, data: c0005d3c70)
             exe-1050289 [003] ..... 1635346.424016: sys_ptrace -> 0x0
             exe-1050289 [003] ..... 1635346.424030: sys_pwrite64(fd: 63, buf: 7fd66f767080, count: 17, pos: 19)
             exe-1050289 [003] ..... 1635346.424034: tracing_mark_write: mlockall(flags=0x4) end
             exe-1050289 [003] ..... 1635346.489501: tracing_mark_write: mlockall(flags=0x4) start
             exe-1050289 [003] ..... 1635346.489502: sys_pwrite64 -> 0x19
             exe-1050289 [003] ..... 1635346.489507: sys_ptrace(request: 4205, pid: 1006f2, addr: 1, data: c0005d3c70)
             exe-1050289 [003] ..... 1635346.489509: sys_ptrace -> 0x0
             exe-1050289 [003] ..... 1635346.489511: sys_ptrace(request: 4205, pid: 1006f2, addr: 202, data: c0005d3c70)
             exe-1050289 [003] ..... 1635346.489520: sys_ptrace -> 0x0
             exe-1050289 [003] ..... 1635346.489521: sys_ptrace(request: 1f, pid: 1006f2, addr: 0, data: 0)
             exe-1050289 [003] ..... 1635346.489532: sys_ptrace -> 0x0
             exe-1050289 [003] ..... 1635346.489534: sys_wait4(upid: 1006f2, stat_addr: c0005d3bf4, options: 40000002, ru: 0)
             exe-1050354 [001] ..... 1635346.489560: sys_write -> 0x19
             exe-1050289 [003] ..... 1635346.489576: sys_wait4 -> 0x1006f2
             exe-1050289 [003] ..... 1635346.489578: sys_ptrace(request: 4204, pid: 1006f2, addr: 1, data: c0005d3c70)
             exe-1050289 [003] ..... 1635346.489581: sys_ptrace -> 0x0
             exe-1050289 [003] ..... 1635346.489582: sys_ptrace(request: 4204, pid: 1006f2, addr: 202, data: c0005d3c70)
             exe-1050289 [003] ..... 1635346.489584: sys_ptrace -> 0x0
             exe-1050289 [003] ..... 1635346.489588: sys_ptrace(request: 4205, pid: 1006f2, addr: 1, data: c0005d3c70)
             exe-1050289 [003] ..... 1635346.489590: sys_ptrace -> 0x0
             exe-1050289 [003] ..... 1635346.489592: sys_ptrace(request: 4205, pid: 1006f2, addr: 202, data: c0005d3c70)
             exe-1049567 [002] ..... 1635346.489592: sys_nanosleep -> 0x0
             exe-1050289 [003] ..... 1635346.489597: sys_ptrace -> 0x0
             exe-1049567 [002] ..... 1635346.489598: sys_nanosleep(rqtp: c000069f10, rmtp: 0)
             exe-1050289 [003] ..... 1635346.489599: sys_ptrace(request: 1f, pid: 1006f2, addr: 0, data: 0)
             exe-1050289 [003] ..... 1635346.489609: sys_ptrace -> 0x0
             exe-1050289 [003] ..... 1635346.489611: sys_wait4(upid: 1006f2, stat_addr: c0005d3bf4, options: 40000002, ru: 0)
             exe-1050354 [001] ..... 1635346.489630: sys_mlockall -> 0xffffffffffffffea
             exe-1050289 [003] ..... 1635346.489645: sys_wait4 -> 0x1006f2
             exe-1050289 [003] ..... 1635346.489647: sys_ptrace(request: 4204, pid: 1006f2, addr: 1, data: c0005d3c70)
             exe-1050289 [003] ..... 1635346.489649: sys_ptrace -> 0x0
             exe-1050289 [003] ..... 1635346.489650: sys_ptrace(request: 4204, pid: 1006f2, addr: 202, data: c0005d3c70)
             exe-1050289 [003] ..... 1635346.489652: sys_ptrace -> 0x0
             exe-1050289 [003] ..... 1635346.489657: sys_pwrite64(fd: 63, buf: 7fd66f767080, count: 17, pos: 19)
             exe-1050289 [003] ..... 1635346.489658: tracing_mark_write: mlockall(flags=0x4) end
             exe-1050289 [003] ..... 1635346.561164: tracing_mark_write: mlockall(flags=0x4) start
             exe-1050289 [003] ..... 1635346.561166: sys_pwrite64 -> 0x19
             exe-1050289 [003] ..... 1635346.561172: sys_ptrace(request: 4205, pid: 1006f2, addr: 1, data: c0005d3c70)
             exe-1050289 [003] ..... 1635346.561175: sys_ptrace -> 0x0
             exe-1050289 [003] ..... 1635346.561176: sys_ptrace(request: 4205, pid: 1006f2, addr: 202, data: c0005d3c70)
             exe-1049716 [001] ..... 1635346.561185: sys_futex -> 0x0
             exe-1050289 [003] ..... 1635346.561187: sys_ptrace -> 0x0
             exe-1050289 [003] ..... 1635346.561188: sys_ptrace(request: 1f, pid: 1006f2, addr: 0, data: 0)
             exe-1049716 [001] ..... 1635346.561193: sys_futex(uaddr: c000482148, op: 80, val: 0, utime: 0, uaddr2: 0, val3: 0)
             exe-1050289 [003] ..... 1635346.561194: sys_ptrace -> 0x0
             exe-1050289 [003] ..... 1635346.561196: sys_wait4(upid: 1006f2, stat_addr: c0005d3bf4, options: 40000002, ru: 0)
             exe-1050354 [003] ..... 1635346.561210: sys_write -> 0x19
             exe-1050289 [003] ..... 1635346.561229: sys_wait4 -> 0x1006f2
             exe-1050289 [003] ..... 1635346.561233: sys_ptrace(request: 4204, pid: 1006f2, addr: 1, data: c0005d3c70)
             exe-1050289 [003] ..... 1635346.561237: sys_ptrace -> 0x0
             exe-1050289 [003] ..... 1635346.561238: sys_ptrace(request: 4204, pid: 1006f2, addr: 202, data: c0005d3c70)
             exe-1049567 [002] ..... 1635346.561239: sys_nanosleep -> 0x0
             exe-1050289 [003] ..... 1635346.561240: sys_ptrace -> 0x0
             exe-1050289 [003] ..... 1635346.561246: sys_ptrace(request: 4205, pid: 1006f2, addr: 1, data: c0005d3c70)
             exe-1049567 [002] ..... 1635346.561248: sys_nanosleep(rqtp: c000069f10, rmtp: 0)
             exe-1050289 [003] ..... 1635346.561248: sys_ptrace -> 0x0
             exe-1050289 [003] ..... 1635346.561250: sys_ptrace(request: 4205, pid: 1006f2, addr: 202, data: c0005d3c70)
             exe-1050289 [003] ..... 1635346.561259: sys_ptrace -> 0x0
             exe-1050289 [003] ..... 1635346.561261: sys_ptrace(request: 1f, pid: 1006f2, addr: 0, data: 0)
             exe-1050289 [003] ..... 1635346.561266: sys_ptrace -> 0x0
             exe-1050289 [003] ..... 1635346.561269: sys_wait4(upid: 1006f2, stat_addr: c0005d3bf4, options: 40000002, ru: 0)
             exe-1049673 [002] ..... 1635346.561278: sys_nanosleep -> 0x0
             exe-1050354 [003] ..... 1635346.561281: sys_mlockall -> 0xffffffffffffffea
             exe-1049673 [002] ..... 1635346.561285: sys_futex(uaddr: 1f09dc0, op: 80, val: 0, utime: c000069eb0, uaddr2: 0, val3: 0)
             exe-1050289 [003] ..... 1635346.561300: sys_wait4 -> 0x1006f2
             exe-1050289 [003] ..... 1635346.561303: sys_ptrace(request: 4204, pid: 1006f2, addr: 1, data: c0005d3c70)
             exe-1050289 [003] ..... 1635346.561307: sys_ptrace -> 0x0
             exe-1050289 [003] ..... 1635346.561309: sys_ptrace(request: 4204, pid: 1006f2, addr: 202, data: c0005d3c70)
             exe-1050289 [003] ..... 1635346.561311: sys_ptrace -> 0x0
             exe-1050289 [003] ..... 1635346.561320: sys_pwrite64(fd: 63, buf: 7fd66f767080, count: 17, pos: 19)
             exe-1050289 [003] ..... 1635346.561322: tracing_mark_write: mlockall(flags=0x4) end
             exe-1050289 [001] ..... 1635346.630684: tracing_mark_write: mlockall(flags=0x4) start
             exe-1050289 [001] ..... 1635346.630699: sys_pwrite64 -> 0x19
             exe-1050289 [001] ..... 1635346.630707: sys_ptrace(request: 4205, pid: 1006f2, addr: 1, data: c0005d3c70)
             exe-1050289 [001] ..... 1635346.630711: sys_ptrace -> 0x0
             exe-1050289 [001] ..... 1635346.630712: sys_ptrace(request: 4205, pid: 1006f2, addr: 202, data: c0005d3c70)
             exe-1049673 [003] ..... 1635346.630747: sys_nanosleep -> 0x0
             exe-1049673 [003] ..... 1635346.630749: sys_nanosleep(rqtp: c000069f10, rmtp: 0)
             exe-1050289 [001] ..... 1635346.630779: sys_ptrace -> 0x0
             exe-1050289 [001] ..... 1635346.630783: sys_ptrace(request: 1f, pid: 1006f2, addr: 0, data: 0)
             exe-1050289 [001] ..... 1635346.630791: sys_ptrace -> 0x0
             exe-1050289 [001] ..... 1635346.630794: sys_wait4(upid: 1006f2, stat_addr: c0005d3bf4, options: 40000002, ru: 0)
             exe-1050354 [003] ..... 1635346.630802: sys_write -> 0x19
             exe-1050289 [001] ..... 1635346.630822: sys_wait4 -> 0x1006f2
             exe-1050289 [001] ..... 1635346.630825: sys_ptrace(request: 4204, pid: 1006f2, addr: 1, data: c0005d3c70)
             exe-1050289 [001] ..... 1635346.630830: sys_ptrace -> 0x0
             exe-1049673 [003] ..... 1635346.630847: sys_nanosleep -> 0x0
             exe-1049673 [003] ..... 1635346.630852: sys_nanosleep(rqtp: c000069f10, rmtp: 0)
             exe-1050289 [001] ..... 1635346.630880: sys_ptrace(request: 4204, pid: 1006f2, addr: 202, data: c0005d3c70)
             exe-1050289 [001] ..... 1635346.630885: sys_ptrace -> 0x0
             exe-1050289 [001] ..... 1635346.630892: sys_ptrace(request: 4205, pid: 1006f2, addr: 1, data: c0005d3c70)
             exe-1050289 [001] ..... 1635346.630894: sys_ptrace -> 0x0
             exe-1050289 [001] ..... 1635346.630896: sys_ptrace(request: 4205, pid: 1006f2, addr: 202, data: c0005d3c70)
             exe-1050289 [001] ..... 1635346.630906: sys_ptrace -> 0x0
             exe-1050289 [001] ..... 1635346.630907: sys_ptrace(request: 1f, pid: 1006f2, addr: 0, data: 0)
             exe-1050289 [001] ..... 1635346.630915: sys_ptrace -> 0x0
             exe-1050289 [001] ..... 1635346.630918: sys_wait4(upid: 1006f2, stat_addr: c0005d3bf4, options: 40000002, ru: 0)
             exe-1050354 [003] ..... 1635346.630950: sys_mlockall -> 0xffffffffffffffea
             exe-1049673 [003] ..... 1635346.630972: sys_nanosleep -> 0x0
             exe-1049673 [003] ..... 1635346.630977: sys_nanosleep(rqtp: c000069f10, rmtp: 0)
             exe-1050289 [001] ..... 1635346.630988: sys_wait4 -> 0x1006f2
             exe-1050289 [001] ..... 1635346.630993: sys_ptrace(request: 4204, pid: 1006f2, addr: 1, data: c0005d3c70)
             exe-1050289 [001] ..... 1635346.630997: sys_ptrace -> 0x0
             exe-1050289 [001] ..... 1635346.630999: sys_ptrace(request: 4204, pid: 1006f2, addr: 202, data: c0005d3c70)
             exe-1050289 [001] ..... 1635346.631001: sys_ptrace -> 0x0
             exe-1050289 [001] ..... 1635346.631014: sys_pwrite64(fd: 63, buf: 7fd66f767080, count: 17, pos: 19)
             exe-1050289 [001] ..... 1635346.631016: tracing_mark_write: mlockall(flags=0x4) end
             exe-1050289 [001] ..... 1635346.695662: tracing_mark_write: mlockall(flags=0x4) start
             exe-1050289 [001] ..... 1635346.695664: sys_pwrite64 -> 0x19
             exe-1050289 [001] ..... 1635346.695670: sys_ptrace(request: 4205, pid: 1006f2, addr: 1, data: c0005d3c70)
             exe-1050289 [001] ..... 1635346.695672: sys_ptrace -> 0x0
             exe-1050289 [001] ..... 1635346.695674: sys_ptrace(request: 4205, pid: 1006f2, addr: 202, data: c0005d3c70)
             exe-1049567 [002] ..... 1635346.695682: sys_nanosleep -> 0x0
             exe-1050289 [001] ..... 1635346.695685: sys_ptrace -> 0x0
             exe-1050289 [001] ..... 1635346.695686: sys_ptrace(request: 1f, pid: 1006f2, addr: 0, data: 0)
             exe-1049567 [002] ..... 1635346.695687: sys_nanosleep(rqtp: c000069f10, rmtp: 0)
             exe-1050289 [001] ..... 1635346.695696: sys_ptrace -> 0x0
             exe-1050289 [001] ..... 1635346.695698: sys_wait4(upid: 1006f2, stat_addr: c0005d3bf4, options: 40000002, ru: 0)
             exe-1050354 [003] ..... 1635346.695705: sys_write -> 0x19
             exe-1050289 [001] ..... 1635346.695728: sys_wait4 -> 0x1006f2
             exe-1050289 [001] ..... 1635346.695730: sys_ptrace(request: 4204, pid: 1006f2, addr: 1, data: c0005d3c70)
             exe-1049673 [003] ..... 1635346.695732: sys_nanosleep -> 0x0
             exe-1050289 [001] ..... 1635346.695733: sys_ptrace -> 0x0
             exe-1050289 [001] ..... 1635346.695734: sys_ptrace(request: 4204, pid: 1006f2, addr: 202, data: c0005d3c70)
             exe-1050289 [001] ..... 1635346.695736: sys_ptrace -> 0x0
             exe-1049673 [003] ..... 1635346.695737: sys_nanosleep(rqtp: c000069f10, rmtp: 0)
             exe-1050289 [001] ..... 1635346.695740: sys_ptrace(request: 4205, pid: 1006f2, addr: 1, data: c0005d3c70)
             exe-1050289 [001] ..... 1635346.695742: sys_ptrace -> 0x0
             exe-1050289 [001] ..... 1635346.695743: sys_ptrace(request: 4205, pid: 1006f2, addr: 202, data: c0005d3c70)
             exe-1050289 [001] ..... 1635346.695749: sys_ptrace -> 0x0
             exe-1050289 [001] ..... 1635346.695751: sys_ptrace(request: 1f, pid: 1006f2, addr: 0, data: 0)
             exe-1050289 [001] ..... 1635346.695753: sys_ptrace -> 0x0
             exe-1050289 [001] ..... 1635346.695755: sys_wait4(upid: 1006f2, stat_addr: c0005d3bf4, options: 40000002, ru: 0)
             exe-1050354 [003] ..... 1635346.695766: sys_mlockall -> 0xffffffffffffffea
             exe-1050289 [001] ..... 1635346.695784: sys_wait4 -> 0x1006f2
             exe-1050289 [001] ..... 1635346.695786: sys_ptrace(request: 4204, pid: 1006f2, addr: 1, data: c0005d3c70)
             exe-1050289 [001] ..... 1635346.695788: sys_ptrace -> 0x0
             exe-1050289 [001] ..... 1635346.695789: sys_ptrace(request: 4204, pid: 1006f2, addr: 202, data: c0005d3c70)
             exe-1050289 [001] ..... 1635346.695791: sys_ptrace -> 0x0
             exe-1050289 [001] ..... 1635346.695796: sys_pwrite64(fd: 63, buf: 7fd66f767080, count: 17, pos: 19)
             exe-1050289 [001] ..... 1635346.695797: tracing_mark_write: mlockall(flags=0x4) end
             exe-1050289 [001] ..... 1635346.755214: tracing_mark_write: mlockall(flags=0x4) start
             exe-1050289 [001] ..... 1635346.755216: sys_pwrite64 -> 0x19
             exe-1050289 [001] ..... 1635346.755223: sys_ptrace(request: 4205, pid: 1006f2, addr: 1, data: c0005d3c70)
             exe-1050289 [001] ..... 1635346.755226: sys_ptrace -> 0x0
             exe-1050289 [001] ..... 1635346.755228: sys_ptrace(request: 4205, pid: 1006f2, addr: 202, data: c0005d3c70)
             exe-1049673 [003] ..... 1635346.755241: sys_nanosleep -> 0x0
             exe-1049673 [003] ..... 1635346.755244: sys_nanosleep(rqtp: c000069f10, rmtp: 0)
             exe-1050289 [001] ..... 1635346.755308: sys_ptrace -> 0x0
             exe-1050289 [001] ..... 1635346.755312: sys_ptrace(request: 1f, pid: 1006f2, addr: 0, data: 0)
             exe-1050289 [001] ..... 1635346.755322: sys_ptrace -> 0x0
             exe-1050289 [001] ..... 1635346.755326: sys_wait4(upid: 1006f2, stat_addr: c0005d3bf4, options: 40000002, ru: 0)
             exe-1050354 [003] ..... 1635346.755339: sys_write -> 0x19
             exe-1049673 [003] ..... 1635346.755363: sys_nanosleep -> 0x0
             exe-1049673 [003] ..... 1635346.755368: sys_nanosleep(rqtp: c000069f10, rmtp: 0)
             exe-1049673 [003] ..... 1635346.755415: sys_nanosleep -> 0x0
             exe-1049673 [003] ..... 1635346.755418: sys_nanosleep(rqtp: c000069f10, rmtp: 0)
             exe-1050289 [001] ..... 1635346.755458: sys_wait4 -> 0x1006f2
             exe-1050289 [001] ..... 1635346.755464: sys_ptrace(request: 4204, pid: 1006f2, addr: 1, data: c0005d3c70)
             exe-1050289 [001] ..... 1635346.755469: sys_ptrace -> 0x0
             exe-1050289 [001] ..... 1635346.755471: sys_ptrace(request: 4204, pid: 1006f2, addr: 202, data: c0005d3c70)
             exe-1050289 [001] ..... 1635346.755474: sys_ptrace -> 0x0
             exe-1050289 [001] ..... 1635346.755482: sys_ptrace(request: 4205, pid: 1006f2, addr: 1, data: c0005d3c70)
             exe-1050289 [001] ..... 1635346.755484: sys_ptrace -> 0x0
             exe-1050289 [001] ..... 1635346.755486: sys_ptrace(request: 4205, pid: 1006f2, addr: 202, data: c0005d3c70)
             exe-1050289 [001] ..... 1635346.755498: sys_ptrace -> 0x0
             exe-1050289 [001] ..... 1635346.755500: sys_ptrace(request: 1f, pid: 1006f2, addr: 0, data: 0)
             exe-1049673 [003] ..... 1635346.755504: sys_nanosleep -> 0x0
             exe-1049673 [003] ..... 1635346.755506: sys_nanosleep(rqtp: c000069f10, rmtp: 0)
             exe-1050354 [003] ..... 1635346.755530: sys_mlockall -> 0xffffffffffffffea
             exe-1050289 [001] .N... 1635346.755533: sys_ptrace -> 0x0
             exe-1050289 [001] ..... 1635346.755578: sys_wait4(upid: 1006f2, stat_addr: c0005d3bf4, options: 40000002, ru: 0)
             exe-1050289 [001] ..... 1635346.755601: sys_wait4 -> 0x1006f2
             exe-1050289 [001] ..... 1635346.755604: sys_ptrace(request: 4204, pid: 1006f2, addr: 1, data: c0005d3c70)
             exe-1050289 [001] ..... 1635346.755608: sys_ptrace -> 0x0
             exe-1050289 [001] ..... 1635346.755610: sys_ptrace(request: 4204, pid: 1006f2, addr: 202, data: c0005d3c70)
             exe-1049673 [003] ..... 1635346.755614: sys_nanosleep -> 0x0
             exe-1050289 [001] ..... 1635346.755615: sys_ptrace -> 0x0
             exe-1049673 [003] ..... 1635346.755619: sys_nanosleep(rqtp: c000069f10, rmtp: 0)
             exe-1050289 [001] ..... 1635346.755698: sys_pwrite64(fd: 63, buf: 7fd66f767080, count: 17, pos: 19)
             exe-1050289 [001] ..... 1635346.755701: tracing_mark_write: mlockall(flags=0x4) end
             exe-1050289 [003] ..... 1635346.827281: tracing_mark_write: mlockall(flags=0x4) start
             exe-1050289 [003] ..... 1635346.827324: sys_pwrite64 -> 0x19
             exe-1050289 [003] ..... 1635346.827334: sys_ptrace(request: 4205, pid: 1006f2, addr: 1, data: c0005d3c70)
             exe-1050289 [003] ..... 1635346.827338: sys_ptrace -> 0x0
             exe-1050289 [003] ..... 1635346.827339: sys_ptrace(request: 4205, pid: 1006f2, addr: 202, data: c0005d3c70)
             exe-1050289 [003] ..... 1635346.827358: sys_ptrace -> 0x0
             exe-1050289 [003] ..... 1635346.827360: sys_ptrace(request: 1f, pid: 1006f2, addr: 0, data: 0)
             exe-1050289 [003] .N... 1635346.827364: sys_ptrace -> 0x0
             exe-1050354 [003] ..... 1635346.827378: sys_write -> 0x19
             exe-1049673 [003] ..... 1635346.827442: sys_nanosleep -> 0x0
             exe-1049673 [003] ..... 1635346.827449: sys_nanosleep(rqtp: c000069f10, rmtp: 0)
             exe-1050289 [003] ..... 1635346.827479: sys_wait4(upid: 1006f2, stat_addr: c0005d3bf4, options: 40000002, ru: 0)
             exe-1050289 [003] ..... 1635346.827483: sys_wait4 -> 0x1006f2
             exe-1050289 [003] ..... 1635346.827486: sys_ptrace(request: 4204, pid: 1006f2, addr: 1, data: c0005d3c70)
             exe-1050289 [003] ..... 1635346.827491: sys_ptrace -> 0x0
             exe-1050289 [003] ..... 1635346.827492: sys_ptrace(request: 4204, pid: 1006f2, addr: 202, data: c0005d3c70)
             exe-1050289 [003] ..... 1635346.827496: sys_ptrace -> 0x0
             exe-1050289 [003] ..... 1635346.827504: sys_ptrace(request: 4205, pid: 1006f2, addr: 1, data: c0005d3c70)
             exe-1050289 [003] ..... 1635346.827506: sys_ptrace -> 0x0
             exe-1050289 [003] ..... 1635346.827508: sys_ptrace(request: 4205, pid: 1006f2, addr: 202, data: c0005d3c70)
             exe-1050289 [003] ..... 1635346.827557: sys_ptrace -> 0x0
             exe-1050289 [003] ..... 1635346.827559: sys_ptrace(request: 1f, pid: 1006f2, addr: 0, data: 0)
             exe-1050289 [003] .N... 1635346.827563: sys_ptrace -> 0x0
             exe-1050354 [003] ..... 1635346.827576: sys_mlockall -> 0xffffffffffffffea
             exe-1049673 [003] ..... 1635346.827616: sys_nanosleep -> 0x0
             exe-1049673 [003] ..... 1635346.827623: sys_nanosleep(rqtp: c000069f10, rmtp: 0)
             exe-1050289 [003] ..... 1635346.827654: sys_wait4(upid: 1006f2, stat_addr: c0005d3bf4, options: 40000002, ru: 0)
             exe-1050289 [003] ..... 1635346.827658: sys_wait4 -> 0x1006f2
             exe-1050289 [003] ..... 1635346.827660: sys_ptrace(request: 4204, pid: 1006f2, addr: 1, data: c0005d3c70)
             exe-1050289 [003] ..... 1635346.827665: sys_ptrace -> 0x0
             exe-1050289 [003] ..... 1635346.827667: sys_ptrace(request: 4204, pid: 1006f2, addr: 202, data: c0005d3c70)
             exe-1050289 [003] ..... 1635346.827670: sys_ptrace -> 0x0
             exe-1050289 [003] ..... 1635346.827687: sys_pwrite64(fd: 63, buf: 7fd66f767080, count: 17, pos: 19)
             exe-1050289 [003] ..... 1635346.827690: tracing_mark_write: mlockall(flags=0x4) end
             exe-1050289 [003] ..... 1635346.890848: tracing_mark_write: mlockall(flags=0x4) start
             exe-1050289 [003] ..... 1635346.890850: sys_pwrite64 -> 0x19
             exe-1050289 [003] ..... 1635346.890858: sys_ptrace(request: 4205, pid: 1006f2, addr: 1, data: c0005d3c70)
             exe-1050289 [003] ..... 1635346.890861: sys_ptrace -> 0x0
             exe-1050289 [003] ..... 1635346.890862: sys_ptrace(request: 4205, pid: 1006f2, addr: 202, data: c0005d3c70)
             exe-1050289 [003] ..... 1635346.890874: sys_ptrace -> 0x0
             exe-1050289 [003] ..... 1635346.890876: sys_ptrace(request: 1f, pid: 1006f2, addr: 0, data: 0)
             exe-1050289 [003] .N... 1635346.890883: sys_ptrace -> 0x0
             exe-1050354 [003] ..... 1635346.890894: sys_write -> 0x19
             exe-1050289 [003] ..... 1635346.890912: sys_wait4(upid: 1006f2, stat_addr: c0005d3bf4, options: 40000002, ru: 0)
             exe-1050289 [003] ..... 1635346.890914: sys_wait4 -> 0x1006f2
             exe-1050289 [003] ..... 1635346.890917: sys_ptrace(request: 4204, pid: 1006f2, addr: 1, data: c0005d3c70)
             exe-1050289 [003] ..... 1635346.890920: sys_ptrace -> 0x0
             exe-1050289 [003] ..... 1635346.890921: sys_ptrace(request: 4204, pid: 1006f2, addr: 202, data: c0005d3c70)
             exe-1050289 [003] ..... 1635346.890924: sys_ptrace -> 0x0
             exe-1050289 [003] ..... 1635346.890930: sys_ptrace(request: 4205, pid: 1006f2, addr: 1, data: c0005d3c70)
             exe-1050289 [003] ..... 1635346.890932: sys_ptrace -> 0x0
             exe-1050289 [003] ..... 1635346.890934: sys_ptrace(request: 4205, pid: 1006f2, addr: 202, data: c0005d3c70)
             exe-1050289 [003] ..... 1635346.890942: sys_ptrace -> 0x0
             exe-1050289 [003] ..... 1635346.890944: sys_ptrace(request: 1f, pid: 1006f2, addr: 0, data: 0)
             exe-1050289 [003] .N... 1635346.890950: sys_ptrace -> 0x0
             exe-1050354 [003] ..... 1635346.890960: sys_mlockall -> 0xffffffffffffffea
             exe-1050289 [003] ..... 1635346.890978: sys_wait4(upid: 1006f2, stat_addr: c0005d3bf4, options: 40000002, ru: 0)
             exe-1050289 [003] ..... 1635346.890980: sys_wait4 -> 0x1006f2
             exe-1050289 [003] ..... 1635346.890982: sys_ptrace(request: 4204, pid: 1006f2, addr: 1, data: c0005d3c70)
             exe-1050289 [003] ..... 1635346.890985: sys_ptrace -> 0x0
             exe-1050289 [003] ..... 1635346.890987: sys_ptrace(request: 4204, pid: 1006f2, addr: 202, data: c0005d3c70)
             exe-1050289 [003] ..... 1635346.890989: sys_ptrace -> 0x0
             exe-1050289 [003] ..... 1635346.890998: sys_pwrite64(fd: 63, buf: 7fd66f767080, count: 17, pos: 19)
             exe-1050289 [003] ..... 1635346.891000: tracing_mark_write: mlockall(flags=0x4) end
             exe-1050289 [002] ..... 1635346.951761: tracing_mark_write: mlockall(flags=0x5) start
             exe-1050289 [002] ..... 1635346.951762: sys_pwrite64 -> 0x19
             exe-1050289 [002] ..... 1635346.951766: sys_ptrace(request: 4205, pid: 1006f2, addr: 1, data: c0005d3c70)
             exe-1050289 [002] ..... 1635346.951768: sys_ptrace -> 0x0
             exe-1050289 [002] ..... 1635346.951770: sys_ptrace(request: 4205, pid: 1006f2, addr: 202, data: c0005d3c70)
             exe-1050289 [002] ..... 1635346.951776: sys_ptrace -> 0x0
             exe-1050289 [002] ..... 1635346.951777: sys_ptrace(request: 1f, pid: 1006f2, addr: 0, data: 0)
             exe-1050289 [002] ..... 1635346.951783: sys_ptrace -> 0x0
             exe-1050289 [002] ..... 1635346.951785: sys_wait4(upid: 1006f2, stat_addr: c0005d3bf4, options: 40000002, ru: 0)
             exe-1049567 [001] ..... 1635346.951806: sys_nanosleep -> 0x0
             exe-1049673 [003] ..... 1635346.951808: sys_nanosleep -> 0x0
             exe-1049567 [001] ..... 1635346.951811: sys_nanosleep(rqtp: c000069f10, rmtp: 0)
             exe-1049673 [003] ..... 1635346.951814: sys_futex(uaddr: 1f09dc0, op: 80, val: 0, utime: c000069eb0, uaddr2: 0, val3: 0)
             exe-1050354 [003] ..... 1635346.951830: sys_write -> 0x19
             exe-1050289 [002] ..... 1635346.951863: sys_wait4 -> 0x1006f2
             exe-1050289 [002] ..... 1635346.951866: sys_ptrace(request: 4204, pid: 1006f2, addr: 1, data: c0005d3c70)
             exe-1050289 [002] ..... 1635346.951869: sys_ptrace -> 0x0
             exe-1050289 [002] ..... 1635346.951870: sys_ptrace(request: 4204, pid: 1006f2, addr: 202, data: c0005d3c70)
             exe-1050289 [002] ..... 1635346.951872: sys_ptrace -> 0x0
             exe-1050289 [002] ..... 1635346.951902: sys_ptrace(request: 4205, pid: 1006f2, addr: 1, data: c0005d3c70)
             exe-1050289 [002] ..... 1635346.951905: sys_ptrace -> 0x0
             exe-1050289 [002] ..... 1635346.951906: sys_ptrace(request: 4205, pid: 1006f2, addr: 202, data: c0005d3c70)
             exe-1049567 [001] ..... 1635346.951912: sys_nanosleep -> 0x0
             exe-1050289 [002] ..... 1635346.951914: sys_ptrace -> 0x0
             exe-1050289 [002] ..... 1635346.951915: sys_ptrace(request: 1f, pid: 1006f2, addr: 0, data: 0)
             exe-1049567 [001] ..... 1635346.951917: sys_nanosleep(rqtp: c000069f10, rmtp: 0)
             exe-1050289 [002] ..... 1635346.951921: sys_ptrace -> 0x0
             exe-1050289 [002] ..... 1635346.951924: sys_wait4(upid: 1006f2, stat_addr: c0005d3bf4, options: 40000002, ru: 0)
             exe-1050354 [003] ..... 1635346.951931: sys_mlockall -> 0xfffffffffffffff4
             exe-1050289 [002] ..... 1635346.951945: sys_wait4 -> 0x1006f2
             exe-1050289 [002] ..... 1635346.951947: sys_ptrace(request: 4204, pid: 1006f2, addr: 1, data: c0005d3c70)
             exe-1050289 [002] ..... 1635346.951949: sys_ptrace -> 0x0
             exe-1050289 [002] ..... 1635346.951950: sys_ptrace(request: 4204, pid: 1006f2, addr: 202, data: c0005d3c70)
             exe-1050289 [002] ..... 1635346.951952: sys_ptrace -> 0x0
             exe-1050289 [002] ..... 1635346.951958: sys_pwrite64(fd: 63, buf: 7fd66f767080, count: 17, pos: 19)
             exe-1050289 [002] ..... 1635346.951959: tracing_mark_write: mlockall(flags=0x5) end
             exe-1050289 [002] ..... 1635347.009549: tracing_mark_write: mlockall(flags=0x5) start
             exe-1050289 [002] ..... 1635347.009551: sys_pwrite64 -> 0x19
             exe-1050289 [002] ..... 1635347.009556: sys_ptrace(request: 4205, pid: 1006f2, addr: 1, data: c0005d3c70)
             exe-1050289 [002] ..... 1635347.009558: sys_ptrace -> 0x0
             exe-1050289 [002] ..... 1635347.009560: sys_ptrace(request: 4205, pid: 1006f2, addr: 202, data: c0005d3c70)
             exe-1050289 [002] ..... 1635347.009567: sys_ptrace -> 0x0
             exe-1050289 [002] ..... 1635347.009569: sys_ptrace(request: 1f, pid: 1006f2, addr: 0, data: 0)
             exe-1050289 [002] ..... 1635347.009576: sys_ptrace -> 0x0
             exe-1050289 [002] ..... 1635347.009578: sys_wait4(upid: 1006f2, stat_addr: c0005d3bf4, options: 40000002, ru: 0)
             exe-1049567 [001] ..... 1635347.009586: sys_nanosleep -> 0x0
             exe-1050354 [003] ..... 1635347.009590: sys_write -> 0x19
             exe-1049567 [001] ..... 1635347.009591: sys_nanosleep(rqtp: c000069f10, rmtp: 0)
             exe-1050289 [002] ..... 1635347.009609: sys_wait4 -> 0x1006f2
             exe-1050289 [002] ..... 1635347.009611: sys_ptrace(request: 4204, pid: 1006f2, addr: 1, data: c0005d3c70)
             exe-1050289 [002] ..... 1635347.009614: sys_ptrace -> 0x0
             exe-1050289 [002] ..... 1635347.009615: sys_ptrace(request: 4204, pid: 1006f2, addr: 202, data: c0005d3c70)
             exe-1050289 [002] ..... 1635347.009617: sys_ptrace -> 0x0
             exe-1050289 [002] ..... 1635347.009635: sys_ptrace(request: 4205, pid: 1006f2, addr: 1, data: c0005d3c70)
             exe-1049673 [003] ..... 1635347.009639: sys_nanosleep -> 0x0
             exe-1050289 [002] ..... 1635347.009640: sys_ptrace -> 0x0
             exe-1050289 [002] ..... 1635347.009641: sys_ptrace(request: 4205, pid: 1006f2, addr: 202, data: c0005d3c70)
             exe-1049673 [003] ..... 1635347.009645: sys_nanosleep(rqtp: c000069f10, rmtp: 0)
             exe-1050289 [002] ..... 1635347.009648: sys_ptrace -> 0x0
             exe-1050289 [002] ..... 1635347.009649: sys_ptrace(request: 1f, pid: 1006f2, addr: 0, data: 0)
             exe-1050289 [002] ..... 1635347.009656: sys_ptrace -> 0x0
             exe-1050289 [002] ..... 1635347.009658: sys_wait4(upid: 1006f2, stat_addr: c0005d3bf4, options: 40000002, ru: 0)
             exe-1050354 [003] ..... 1635347.009673: sys_mlockall -> 0xfffffffffffffff4
             exe-1050289 [002] ..... 1635347.009692: sys_wait4 -> 0x1006f2
             exe-1050289 [002] ..... 1635347.009694: sys_ptrace(request: 4204, pid: 1006f2, addr: 1, data: c0005d3c70)
             exe-1050289 [002] ..... 1635347.009696: sys_ptrace -> 0x0
             exe-1049567 [001] ..... 1635347.009698: sys_nanosleep -> 0x0
             exe-1050289 [002] ..... 1635347.009698: sys_ptrace(request: 4204, pid: 1006f2, addr: 202, data: c0005d3c70)
             exe-1050289 [002] ..... 1635347.009700: sys_ptrace -> 0x0
             exe-1049567 [001] ..... 1635347.009703: sys_nanosleep(rqtp: c000069f10, rmtp: 0)
             exe-1050289 [002] ..... 1635347.009705: sys_pwrite64(fd: 63, buf: 7fd66f767080, count: 17, pos: 19)
             exe-1050289 [002] ..... 1635347.009706: tracing_mark_write: mlockall(flags=0x5) end
             exe-1050289 [002] ..... 1635347.077977: tracing_mark_write: mlockall(flags=0x5) start
             exe-1050289 [002] ..... 1635347.077979: sys_pwrite64 -> 0x19
             exe-1050289 [002] ..... 1635347.077983: sys_ptrace(request: 4205, pid: 1006f2, addr: 1, data: c0005d3c70)
             exe-1049567 [001] ..... 1635347.077987: sys_nanosleep -> 0x0
             exe-1050289 [002] ..... 1635347.077987: sys_ptrace -> 0x0
             exe-1050289 [002] ..... 1635347.077989: sys_ptrace(request: 4205, pid: 1006f2, addr: 202, data: c0005d3c70)
             exe-1049567 [001] ..... 1635347.077992: sys_nanosleep(rqtp: c000069f10, rmtp: 0)
             exe-1050289 [002] ..... 1635347.077996: sys_ptrace -> 0x0
             exe-1050289 [002] ..... 1635347.077998: sys_ptrace(request: 1f, pid: 1006f2, addr: 0, data: 0)
             exe-1049722 [003] ..... 1635347.078006: sys_epoll_pwait -> 0x0
             exe-1050289 [002] ..... 1635347.078010: sys_ptrace -> 0x0
             exe-1050289 [002] ..... 1635347.078013: sys_wait4(upid: 1006f2, stat_addr: c0005d3bf4, options: 40000002, ru: 0)
             exe-1049722 [003] ..... 1635347.078030: sys_epoll_pwait(epfd: 11, events: c000409840, maxevents: 80, timeout: 1, sigmask: 0, sigsetsize: 0)
             exe-1050354 [003] ..... 1635347.078054: sys_write -> 0x19
             exe-1049673 [003] ..... 1635347.078091: sys_nanosleep -> 0x0
             exe-1050289 [002] ..... 1635347.078094: sys_wait4 -> 0x1006f2
             exe-1049673 [003] ..... 1635347.078097: sys_nanosleep(rqtp: c000069f10, rmtp: 0)
             exe-1050289 [002] ..... 1635347.078098: sys_ptrace(request: 4204, pid: 1006f2, addr: 1, data: c0005d3c70)
             exe-1049567 [001] ..... 1635347.078098: sys_nanosleep -> 0x0
             exe-1050289 [002] ..... 1635347.078100: sys_ptrace -> 0x0
             exe-1050289 [002] ..... 1635347.078102: sys_ptrace(request: 4204, pid: 1006f2, addr: 202, data: c0005d3c70)
             exe-1049567 [001] ..... 1635347.078103: sys_nanosleep(rqtp: c000069f10, rmtp: 0)
             exe-1050289 [002] ..... 1635347.078104: sys_ptrace -> 0x0
             exe-1050289 [002] ..... 1635347.078121: sys_ptrace(request: 4205, pid: 1006f2, addr: 1, data: c0005d3c70)
             exe-1050289 [002] ..... 1635347.078124: sys_ptrace -> 0x0
             exe-1050289 [002] ..... 1635347.078125: sys_ptrace(request: 4205, pid: 1006f2, addr: 202, data: c0005d3c70)
             exe-1050289 [002] ..... 1635347.078133: sys_ptrace -> 0x0
             exe-1050289 [002] ..... 1635347.078135: sys_ptrace(request: 1f, pid: 1006f2, addr: 0, data: 0)
             exe-1050289 [002] ..... 1635347.078142: sys_ptrace -> 0x0
             exe-1050289 [002] ..... 1635347.078145: sys_wait4(upid: 1006f2, stat_addr: c0005d3bf4, options: 40000002, ru: 0)
             exe-1050354 [003] ..... 1635347.078158: sys_mlockall -> 0xfffffffffffffff4
             exe-1050289 [002] ..... 1635347.078181: sys_wait4 -> 0x1006f2
             exe-1050289 [002] ..... 1635347.078183: sys_ptrace(request: 4204, pid: 1006f2, addr: 1, data: c0005d3c70)
             exe-1049673 [003] ..... 1635347.078202: sys_nanosleep -> 0x0
             exe-1050289 [002] ..... 1635347.078203: sys_ptrace -> 0x0
             exe-1050289 [002] ..... 1635347.078204: sys_ptrace(request: 4204, pid: 1006f2, addr: 202, data: c0005d3c70)
             exe-1050289 [002] ..... 1635347.078206: sys_ptrace -> 0x0
             exe-1049673 [003] ..... 1635347.078208: sys_nanosleep(rqtp: c000069f10, rmtp: 0)
             exe-1049567 [001] ..... 1635347.078209: sys_nanosleep -> 0x0
             exe-1049567 [001] ..... 1635347.078214: sys_nanosleep(rqtp: c000069f10, rmtp: 0)
             exe-1050289 [002] ..... 1635347.078214: sys_pwrite64(fd: 63, buf: 7fd66f767080, count: 17, pos: 19)
             exe-1050289 [002] ..... 1635347.078216: tracing_mark_write: mlockall(flags=0x5) end
             exe-1050289 [002] ..... 1635347.143152: tracing_mark_write: mlockall(flags=0x5) start
             exe-1050289 [002] ..... 1635347.143153: sys_pwrite64 -> 0x19
             exe-1050289 [002] ..... 1635347.143159: sys_ptrace(request: 4205, pid: 1006f2, addr: 1, data: c0005d3c70)
             exe-1050289 [002] ..... 1635347.143162: sys_ptrace -> 0x0
             exe-1050289 [002] ..... 1635347.143163: sys_ptrace(request: 4205, pid: 1006f2, addr: 202, data: c0005d3c70)
             exe-1050289 [002] ..... 1635347.143173: sys_ptrace -> 0x0
             exe-1050289 [002] ..... 1635347.143174: sys_ptrace(request: 1f, pid: 1006f2, addr: 0, data: 0)
             exe-1050289 [002] .N... 1635347.143180: sys_ptrace -> 0x0
             exe-1050354 [002] ..... 1635347.143190: sys_write -> 0x19
             exe-1050289 [002] ..... 1635347.143207: sys_wait4(upid: 1006f2, stat_addr: c0005d3bf4, options: 40000002, ru: 0)
             exe-1050289 [002] ..... 1635347.143209: sys_wait4 -> 0x1006f2
             exe-1050289 [002] ..... 1635347.143211: sys_ptrace(request: 4204, pid: 1006f2, addr: 1, data: c0005d3c70)
             exe-1050289 [002] ..... 1635347.143214: sys_ptrace -> 0x0
             exe-1050289 [002] ..... 1635347.143215: sys_ptrace(request: 4204, pid: 1006f2, addr: 202, data: c0005d3c70)
