             exe-1050282 [001] ..... 1635345.141109: sys_wait4(upid: 1006c5, stat_addr: c0005d3bf4, options: 40000002, ru: 0)
             exe-1050282 [001] ..... 1635345.141112: sys_wait4 -> 0x1006c5
             exe-1050282 [001] ..... 1635345.141114: sys_ptrace(request: 4204, pid: 1006c5, addr: 1, data: c0005d3c70)
             exe-1050282 [001] ..... 1635345.141118: sys_ptrace -> 0x0
             exe-1050282 [001] ..... 1635345.141119: sys_ptrace(request: 4204, pid: 1006c5, addr: 202, data: c0005d3c70)
             exe-1050282 [001] ..... 1635345.141122: sys_ptrace -> 0x0
             exe-1050282 [001] ..... 1635345.141131: sys_pwrite64(fd: 63, buf: 7fd66f767080, count: 18, pos: 1a)
             exe-1050282 [001] ..... 1635345.141132: tracing_mark_write: mlockall(flags=0x36) end
             exe-1050282 [001] ..... 1635345.215754: tracing_mark_write: mlockall(flags=0x36) start
             exe-1050282 [001] ..... 1635345.215756: sys_pwrite64 -> 0x1a
             exe-1050282 [001] ..... 1635345.215761: sys_ptrace(request: 4205, pid: 1006c5, addr: 1, data: c0005d3c70)
             exe-1050282 [001] ..... 1635345.215768: sys_ptrace -> 0x0
             exe-1050282 [001] ..... 1635345.215770: sys_ptrace(request: 4205, pid: 1006c5, addr: 202, data: c0005d3c70)
             exe-1050282 [001] ..... 1635345.215780: sys_ptrace -> 0x0
             exe-1050282 [001] ..... 1635345.215781: sys_ptrace(request: 1f, pid: 1006c5, addr: 0, data: 0)
             exe-1049567 [003] ..... 1635345.215787: sys_nanosleep -> 0x0
             exe-1050282 [001] .N... 1635345.215787: sys_ptrace -> 0x0
             exe-1049567 [003] ..... 1635345.215791: sys_nanosleep(rqtp: c000069f10, rmtp: 0)
             exe-1050309 [001] ..... 1635345.215797: sys_write -> 0x1a
             exe-1049673 [000] ..... 1635345.215809: sys_nanosleep -> 0x0
             exe-1049673 [000] ..... 1635345.215811: sys_nanosleep(rqtp: c000069f10, rmtp: 0)
             exe-1050282 [001] ..... 1635345.215813: sys_wait4(upid: 1006c5, stat_addr: c0005d3bf4, options: 40000002, ru: 0)
             exe-1050282 [001] ..... 1635345.215815: sys_wait4 -> 0x1006c5
             exe-1050282 [001] ..... 1635345.215817: sys_ptrace(request: 4204, pid: 1006c5, addr: 1, data: c0005d3c70)
             exe-1050282 [001] ..... 1635345.215820: sys_ptrace -> 0x0
             exe-1050282 [001] ..... 1635345.215822: sys_ptrace(request: 4204, pid: 1006c5, addr: 202, data: c0005d3c70)
             exe-1050282 [001] ..... 1635345.215824: sys_ptrace -> 0x0
             exe-1050282 [001] ..... 1635345.215830: sys_ptrace(request: 4205, pid: 1006c5, addr: 1, data: c0005d3c70)
             exe-1050282 [001] ..... 1635345.215832: sys_ptrace -> 0x0
             exe-1050282 [001] ..... 1635345.215833: sys_ptrace(request: 4205, pid: 1006c5, addr: 202, data: c0005d3c70)
             exe-1050282 [001] ..... 1635345.215841: sys_ptrace -> 0x0
             exe-1050282 [001] ..... 1635345.215843: sys_ptrace(request: 1f, pid: 1006c5, addr: 0, data: 0)
             exe-1050282 [001] .N... 1635345.215848: sys_ptrace -> 0x0
             exe-1050309 [001] ..... 1635345.215857: sys_mlockall -> 0xffffffffffffffea
             exe-1050282 [001] ..... 1635345.215872: sys_wait4(upid: 1006c5, stat_addr: c0005d3bf4, options: 40000002, ru: 0)
             exe-1050282 [001] ..... 1635345.215874: sys_wait4 -> 0x1006c5
             exe-1050282 [001] ..... 1635345.215876: sys_ptrace(request: 4204, pid: 1006c5, addr: 1, data: c0005d3c70)
             exe-1050282 [001] ..... 1635345.215879: sys_ptrace -> 0x0
             exe-1050282 [001] ..... 1635345.215880: sys_ptrace(request: 4204, pid: 1006c5, addr: 202, data: c0005d3c70)
             exe-1049567 [003] ..... 1635345.215881: sys_nanosleep -> 0x0
             exe-1050282 [001] ..... 1635345.215882: sys_ptrace -> 0x0
             exe-1049567 [003] ..... 1635345.215884: sys_nanosleep(rqtp: c000069f10, rmtp: 0)
             exe-1050282 [001] ..... 1635345.215891: sys_pwrite64(fd: 63, buf: 7fd66f767080, count: 18, pos: 1a)
             exe-1050282 [001] ..... 1635345.215892: tracing_mark_write: mlockall(flags=0x36) end
             exe-1050282 [001] ..... 1635345.276338: tracing_mark_write: mlockall(flags=0x36) start
             exe-1050282 [001] ..... 1635345.276340: sys_pwrite64 -> 0x1a
             exe-1049716 [003] ..... 1635345.276345: sys_futex(uaddr: c000482148, op: 80, val: 0, utime: 0, uaddr2: 0, val3: 0)
             exe-1050282 [001] ..... 1635345.276346: sys_ptrace(request: 4205, pid: 1006c5, addr: 1, data: c0005d3c70)
             exe-1049673 [002] ..... 1635345.276346: sys_nanosleep -> 0x0
             exe-1050282 [001] ..... 1635345.276349: sys_ptrace -> 0x0
             exe-1050282 [001] ..... 1635345.276350: sys_ptrace(request: 4205, pid: 1006c5, addr: 202, data: c0005d3c70)
             exe-1049673 [002] ..... 1635345.276351: sys_futex(uaddr: 1f09dc0, op: 80, val: 0, utime: c000069eb0, uaddr2: 0, val3: 0)
             exe-1050282 [001] ..... 1635345.276361: sys_ptrace -> 0x0
             exe-1050282 [001] ..... 1635345.276363: sys_ptrace(request: 1f, pid: 1006c5, addr: 0, data: 0)
             exe-1049567 [003] ..... 1635345.276367: sys_nanosleep(rqtp: c000069f10, rmtp: 0)
             exe-1050282 [001] .N... 1635345.276369: sys_ptrace -> 0x0
             exe-1050309 [001] ..... 1635345.276380: sys_write -> 0x1a
             exe-1050282 [001] ..... 1635345.276398: sys_wait4(upid: 1006c5, stat_addr: c0005d3bf4, options: 40000002, ru: 0)
             exe-1050282 [001] ..... 1635345.276400: sys_wait4 -> 0x1006c5
             exe-1050282 [001] ..... 1635345.276403: sys_ptrace(request: 4204, pid: 1006c5, addr: 1, data: c0005d3c70)
             exe-1050282 [001] ..... 1635345.276406: sys_ptrace -> 0x0
             exe-1050282 [001] ..... 1635345.276408: sys_ptrace(request: 4204, pid: 1006c5, addr: 202, data: c0005d3c70)
             exe-1050282 [001] ..... 1635345.276410: sys_ptrace -> 0x0
             exe-1050282 [001] ..... 1635345.276416: sys_ptrace(request: 4205, pid: 1006c5, addr: 1, data: c0005d3c70)
             exe-1050282 [001] ..... 1635345.276418: sys_ptrace -> 0x0
             exe-1050282 [001] ..... 1635345.276419: sys_ptrace(request: 4205, pid: 1006c5, addr: 202, data: c0005d3c70)
             exe-1050282 [001] ..... 1635345.276430: sys_ptrace -> 0x0
             exe-1050282 [001] ..... 1635345.276431: sys_ptrace(request: 1f, pid: 1006c5, addr: 0, data: 0)
             exe-1050282 [001] .N... 1635345.276437: sys_ptrace -> 0x0
             exe-1049567 [003] ..... 1635345.276442: sys_nanosleep -> 0x0
             exe-1050309 [001] ..... 1635345.276447: sys_mlockall -> 0xffffffffffffffea
             exe-1049567 [003] ..... 1635345.276447: sys_nanosleep(rqtp: c000069f10, rmtp: 0)
             exe-1050282 [001] ..... 1635345.276465: sys_wait4(upid: 1006c5, stat_addr: c0005d3bf4, options: 40000002, ru: 0)
             exe-1050282 [001] ..... 1635345.276467: sys_wait4 -> 0x1006c5
             exe-1050282 [001] ..... 1635345.276469: sys_ptrace(request: 4204, pid: 1006c5, addr: 1, data: c0005d3c70)
             exe-1050282 [001] ..... 1635345.276473: sys_ptrace -> 0x0
             exe-1050282 [001] ..... 1635345.276475: sys_ptrace(request: 4204, pid: 1006c5, addr: 202, data: c0005d3c70)
             exe-1050282 [001] ..... 1635345.276477: sys_ptrace -> 0x0
             exe-1050282 [001] ..... 1635345.276487: sys_pwrite64(fd: 63, buf: 7fd66f767080, count: 18, pos: 1a)
             exe-1050282 [001] ..... 1635345.276488: tracing_mark_write: mlockall(flags=0x36) end
             exe-1050282 [001] ..... 1635345.366211: tracing_mark_write: mlockall(flags=0x36) start
             exe-1050282 [001] ..... 1635345.366212: sys_pwrite64 -> 0x1a
             exe-1049716 [003] ..... 1635345.366217: sys_futex(uaddr: c000482148, op: 80, val: 0, utime: 0, uaddr2: 0, val3: 0)
             exe-1050282 [001] ..... 1635345.366218: sys_ptrace(request: 4205, pid: 1006c5, addr: 1, data: c0005d3c70)
             exe-1050282 [001] ..... 1635345.366221: sys_ptrace -> 0x0
             exe-1050282 [001] ..... 1635345.366222: sys_ptrace(request: 4205, pid: 1006c5, addr: 202, data: c0005d3c70)
             exe-1050282 [001] ..... 1635345.366232: sys_ptrace -> 0x0
             exe-1049673 [002] ..... 1635345.366234: sys_nanosleep -> 0x0
             exe-1050282 [001] ..... 1635345.366234: sys_ptrace(request: 1f, pid: 1006c5, addr: 0, data: 0)
             exe-1049673 [002] ..... 1635345.366237: sys_futex(uaddr: 1f09dc0, op: 80, val: 0, utime: c000069eb0, uaddr2: 0, val3: 0)
             exe-1050282 [001] .N... 1635345.366240: sys_ptrace -> 0x0
             exe-1050309 [001] ..... 1635345.366250: sys_write -> 0x1a
             exe-1050282 [001] ..... 1635345.366268: sys_wait4(upid: 1006c5, stat_addr: c0005d3bf4, options: 40000002, ru: 0)
             exe-1050282 [001] ..... 1635345.366270: sys_wait4 -> 0x1006c5
             exe-1050282 [001] ..... 1635345.366272: sys_ptrace(request: 4204, pid: 1006c5, addr: 1, data: c0005d3c70)
             exe-1050282 [001] ..... 1635345.366275: sys_ptrace -> 0x0
             exe-1050282 [001] ..... 1635345.366277: sys_ptrace(request: 4204, pid: 1006c5, addr: 202, data: c0005d3c70)
             exe-1050282 [001] ..... 1635345.366279: sys_ptrace -> 0x0
             exe-1050282 [001] ..... 1635345.366284: sys_ptrace(request: 4205, pid: 1006c5, addr: 1, data: c0005d3c70)
             exe-1050282 [001] ..... 1635345.366287: sys_ptrace -> 0x0
             exe-1050282 [001] ..... 1635345.366288: sys_ptrace(request: 4205, pid: 1006c5, addr: 202, data: c0005d3c70)
             exe-1050282 [001] ..... 1635345.366296: sys_ptrace -> 0x0
             exe-1050282 [001] ..... 1635345.366298: sys_ptrace(request: 1f, pid: 1006c5, addr: 0, data: 0)
             exe-1050282 [001] .N... 1635345.366303: sys_ptrace -> 0x0
             exe-1050309 [001] ..... 1635345.366312: sys_mlockall -> 0xffffffffffffffea
             exe-1050282 [001] ..... 1635345.366329: sys_wait4(upid: 1006c5, stat_addr: c0005d3bf4, options: 40000002, ru: 0)
             exe-1050282 [001] ..... 1635345.366331: sys_wait4 -> 0x1006c5
             exe-1050282 [001] ..... 1635345.366333: sys_ptrace(request: 4204, pid: 1006c5, addr: 1, data: c0005d3c70)
             exe-1050282 [001] ..... 1635345.366337: sys_ptrace -> 0x0
             exe-1050282 [001] ..... 1635345.366339: sys_ptrace(request: 4204, pid: 1006c5, addr: 202, data: c0005d3c70)
             exe-1050282 [001] ..... 1635345.366341: sys_ptrace -> 0x0
             exe-1050282 [001] ..... 1635345.366349: sys_pwrite64(fd: 63, buf: 7fd66f767080, count: 18, pos: 1a)
             exe-1050282 [001] ..... 1635345.366351: tracing_mark_write: mlockall(flags=0x36) end
             exe-1050282 [001] ..... 1635345.440646: tracing_mark_write: mlockall(flags=0x36) start
             exe-1050282 [001] ..... 1635345.440648: sys_pwrite64 -> 0x1a
             exe-1050282 [001] ..... 1635345.440654: sys_ptrace(request: 4205, pid: 1006c5, addr: 1, data: c0005d3c70)
             exe-1050282 [001] ..... 1635345.440657: sys_ptrace -> 0x0
             exe-1050282 [001] ..... 1635345.440658: sys_ptrace(request: 4205, pid: 1006c5, addr: 202, data: c0005d3c70)
             exe-1050282 [001] ..... 1635345.440669: sys_ptrace -> 0x0
             exe-1050282 [001] ..... 1635345.440671: sys_ptrace(request: 1f, pid: 1006c5, addr: 0, data: 0)
             exe-1050282 [001] .N... 1635345.440678: sys_ptrace -> 0x0
             exe-1050309 [001] ..... 1635345.440689: sys_write -> 0x1a
             exe-1050282 [001] ..... 1635345.440708: sys_wait4(upid: 1006c5, stat_addr: c0005d3bf4, options: 40000002, ru: 0)
             exe-1050282 [001] ..... 1635345.440710: sys_wait4 -> 0x1006c5
             exe-1050282 [001] ..... 1635345.440712: sys_ptrace(request: 4204, pid: 1006c5, addr: 1, data: c0005d3c70)
             exe-1050282 [001] ..... 1635345.440716: sys_ptrace -> 0x0
             exe-1050282 [001] ..... 1635345.440717: sys_ptrace(request: 4204, pid: 1006c5, addr: 202, data: c0005d3c70)
             exe-1050282 [001] ..... 1635345.440720: sys_ptrace -> 0x0
             exe-1050282 [001] ..... 1635345.440725: sys_ptrace(request: 4205, pid: 1006c5, addr: 1, data: c0005d3c70)
             exe-1050282 [001] ..... 1635345.440728: sys_ptrace -> 0x0
             exe-1050282 [001] ..... 1635345.440729: sys_ptrace(request: 4205, pid: 1006c5, addr: 202, data: c0005d3c70)
             exe-1050282 [001] ..... 1635345.440738: sys_ptrace -> 0x0
             exe-1050282 [001] ..... 1635345.440740: sys_ptrace(request: 1f, pid: 1006c5, addr: 0, data: 0)
             exe-1050282 [001] .N... 1635345.440746: sys_ptrace -> 0x0
             exe-1050309 [001] ..... 1635345.440756: sys_mlockall -> 0xffffffffffffffea
             exe-1050282 [001] ..... 1635345.440774: sys_wait4(upid: 1006c5, stat_addr: c0005d3bf4, options: 40000002, ru: 0)
             exe-1050282 [001] ..... 1635345.440776: sys_wait4 -> 0x1006c5
             exe-1050282 [001] ..... 1635345.440778: sys_ptrace(request: 4204, pid: 1006c5, addr: 1, data: c0005d3c70)
             exe-1050282 [001] ..... 1635345.440781: sys_ptrace -> 0x0
             exe-1050282 [001] ..... 1635345.440783: sys_ptrace(request: 4204, pid: 1006c5, addr: 202, data: c0005d3c70)
             exe-1050282 [001] ..... 1635345.440785: sys_ptrace -> 0x0
             exe-1050282 [001] ..... 1635345.440795: sys_pwrite64(fd: 63, buf: 7fd66f767080, count: 18, pos: 1a)
             exe-1050282 [001] ..... 1635345.440796: tracing_mark_write: mlockall(flags=0x36) end
             exe-1050289 [002] ..... 1635345.504186: tracing_mark_write: mlockall(flags=0x3) start
             exe-1050289 [002] ..... 1635345.504188: sys_pwrite64 -> 0x19
             exe-1050289 [002] ..... 1635345.504195: sys_ptrace(request: 4205, pid: 1006f2, addr: 1, data: c0005d3c70)
             exe-1050289 [002] ..... 1635345.504197: sys_ptrace -> 0x0
             exe-1050289 [002] ..... 1635345.504199: sys_ptrace(request: 4205, pid: 1006f2, addr: 202, data: c0005d3c70)
             exe-1049673 [001] ..... 1635345.504211: sys_nanosleep -> 0x0
             exe-1049673 [001] ..... 1635345.504213: sys_nanosleep(rqtp: c000069f10, rmtp: 0)
             exe-1049567 [003] ..... 1635345.504227: sys_nanosleep -> 0x0
             exe-1049567 [003] ..... 1635345.504230: sys_nanosleep(rqtp: c000069f10, rmtp: 0)
             exe-1050289 [002] ..... 1635345.504274: sys_ptrace -> 0x0
             exe-1050289 [002] ..... 1635345.504278: sys_ptrace(request: 1f, pid: 1006f2, addr: 0, data: 0)
             exe-1050289 [002] ..... 1635345.504287: sys_ptrace -> 0x0
             exe-1050289 [002] ..... 1635345.504290: sys_wait4(upid: 1006f2, stat_addr: c0005d3bf4, options: 40000002, ru: 0)
             exe-1049896 [001] ..... 1635345.504291: sys_epoll_pwait -> 0x0
             exe-1050354 [003] ..... 1635345.504298: sys_write -> 0x19
             exe-1049896 [001] ..... 1635345.504305: sys_epoll_pwait(epfd: 11, events: c000599840, maxevents: 80, timeout: 1, sigmask: 0, sigsetsize: 0)
             exe-1049673 [001] ..... 1635345.504336: sys_nanosleep -> 0x0
             exe-1049673 [001] ..... 1635345.504342: sys_nanosleep(rqtp: c000069f10, rmtp: 0)
             exe-1049567 [003] ..... 1635345.504342: sys_nanosleep -> 0x0
             exe-1049567 [003] ..... 1635345.504348: sys_nanosleep(rqtp: c000069f10, rmtp: 0)
             exe-1050289 [002] ..... 1635345.504380: sys_wait4 -> 0x1006f2
             exe-1050289 [002] ..... 1635345.504385: sys_ptrace(request: 4204, pid: 1006f2, addr: 1, data: c0005d3c70)
             exe-1050289 [002] ..... 1635345.504390: sys_ptrace -> 0x0
             exe-1050289 [002] ..... 1635345.504391: sys_ptrace(request: 4204, pid: 1006f2, addr: 202, data: c0005d3c70)
             exe-1050289 [002] ..... 1635345.504394: sys_ptrace -> 0x0
             exe-1049673 [001] ..... 1635345.504437: sys_nanosleep -> 0x0
             exe-1049567 [003] ..... 1635345.504439: sys_nanosleep -> 0x0
             exe-1049673 [001] ..... 1635345.504440: sys_nanosleep(rqtp: c000069f10, rmtp: 0)
             exe-1049567 [003] ..... 1635345.504442: sys_nanosleep(rqtp: c000069f10, rmtp: 0)
             exe-1049673 [001] ..... 1635345.504527: sys_nanosleep -> 0x0
             exe-1049673 [001] ..... 1635345.504529: sys_nanosleep(rqtp: c000069f10, rmtp: 0)
             exe-1049567 [003] ..... 1635345.504562: sys_nanosleep -> 0x0
             exe-1049567 [003] ..... 1635345.504565: sys_nanosleep(rqtp: c000069f10, rmtp: 0)
             exe-1050289 [002] ..... 1635345.504607: sys_ptrace(request: 4205, pid: 1006f2, addr: 1, data: c0005d3c70)
             exe-1050289 [002] ..... 1635345.504611: sys_ptrace -> 0x0
             exe-1050289 [002] ..... 1635345.504613: sys_ptrace(request: 4205, pid: 1006f2, addr: 202, data: c0005d3c70)
             exe-1049673 [001] ..... 1635345.504616: sys_nanosleep -> 0x0
             exe-1049673 [001] ..... 1635345.504618: sys_nanosleep(rqtp: c000069f10, rmtp: 0)
             exe-1050289 [002] ..... 1635345.504625: sys_ptrace -> 0x0
             exe-1050289 [002] ..... 1635345.504627: sys_ptrace(request: 1f, pid: 1006f2, addr: 0, data: 0)
             exe-1050289 [002] ..... 1635345.504635: sys_ptrace -> 0x0
             exe-1050289 [002] ..... 1635345.504639: sys_wait4(upid: 1006f2, stat_addr: c0005d3bf4, options: 40000002, ru: 0)
             exe-1050354 [003] ..... 1635345.504647: sys_mlockall -> 0xfffffffffffffff4
             exe-1049673 [001] ..... 1635345.504704: sys_nanosleep -> 0x0
             exe-1049673 [001] ..... 1635345.504706: sys_nanosleep(rqtp: c000069f10, rmtp: 0)
             exe-1050289 [002] ..... 1635345.504709: sys_wait4 -> 0x1006f2
             exe-1050289 [002] ..... 1635345.504714: sys_ptrace(request: 4204, pid: 1006f2, addr: 1, data: c0005d3c70)
             exe-1050289 [002] ..... 1635345.504719: sys_ptrace -> 0x0
             exe-1050289 [002] ..... 1635345.504720: sys_ptrace(request: 4204, pid: 1006f2, addr: 202, data: c0005d3c70)
             exe-1049567 [003] ..... 1635345.504730: sys_nanosleep -> 0x0
             exe-1050289 [002] ..... 1635345.504732: sys_ptrace -> 0x0
             exe-1049567 [003] ..... 1635345.504738: sys_nanosleep(rqtp: c000069f10, rmtp: 0)
             exe-1050289 [002] ..... 1635345.504746: sys_pwrite64(fd: 63, buf: 7fd66f767080, count: 17, pos: 19)
             exe-1050289 [002] ..... 1635345.504748: tracing_mark_write: mlockall(flags=0x3) end
             exe-1050289 [002] ..... 1635345.578706: tracing_mark_write: mlockall(flags=0x3) start
             exe-1050289 [002] ..... 1635345.578708: sys_pwrite64 -> 0x19
             exe-1050289 [002] ..... 1635345.578715: sys_ptrace(request: 4205, pid: 1006f2, addr: 1, data: c0005d3c70)
             exe-1050289 [002] ..... 1635345.578718: sys_ptrace -> 0x0
             exe-1050289 [002] ..... 1635345.578719: sys_ptrace(request: 4205, pid: 1006f2, addr: 202, data: c0005d3c70)
             exe-1050289 [002] ..... 1635345.578731: sys_ptrace -> 0x0
             exe-1050289 [002] ..... 1635345.578733: sys_ptrace(request: 1f, pid: 1006f2, addr: 0, data: 0)
             exe-1050289 [002] .N... 1635345.578740: sys_ptrace -> 0x0
             exe-1049673 [001] ..... 1635345.578741: sys_nanosleep -> 0x0
             exe-1049673 [001] ..... 1635345.578743: sys_nanosleep(rqtp: c000069f10, rmtp: 0)
             exe-1050354 [002] ..... 1635345.578751: sys_write -> 0x19
             exe-1050289 [002] ..... 1635345.578770: sys_wait4(upid: 1006f2, stat_addr: c0005d3bf4, options: 40000002, ru: 0)
             exe-1049567 [003] ..... 1635345.578772: sys_nanosleep -> 0x0
             exe-1050289 [002] ..... 1635345.578773: sys_wait4 -> 0x1006f2
             exe-1049567 [003] ..... 1635345.578775: sys_nanosleep(rqtp: c000069f10, rmtp: 0)
             exe-1050289 [002] ..... 1635345.578775: sys_ptrace(request: 4204, pid: 1006f2, addr: 1, data: c0005d3c70)
             exe-1050289 [002] ..... 1635345.578779: sys_ptrace -> 0x0
             exe-1050289 [002] ..... 1635345.578780: sys_ptrace(request: 4204, pid: 1006f2, addr: 202, data: c0005d3c70)
             exe-1050289 [002] ..... 1635345.578783: sys_ptrace -> 0x0
             exe-1050289 [002] ..... 1635345.578807: sys_ptrace(request: 4205, pid: 1006f2, addr: 1, data: c0005d3c70)
             exe-1050289 [002] ..... 1635345.578809: sys_ptrace -> 0x0
             exe-1050289 [002] ..... 1635345.578811: sys_ptrace(request: 4205, pid: 1006f2, addr: 202, data: c0005d3c70)
             exe-1050289 [002] ..... 1635345.578821: sys_ptrace -> 0x0
             exe-1050289 [002] ..... 1635345.578822: sys_ptrace(request: 1f, pid: 1006f2, addr: 0, data: 0)
             exe-1050289 [002] .N... 1635345.578829: sys_ptrace -> 0x0
             exe-1049673 [001] ..... 1635345.578829: sys_nanosleep -> 0x0
             exe-1049673 [001] ..... 1635345.578831: sys_nanosleep(rqtp: c000069f10, rmtp: 0)
             exe-1050354 [002] ..... 1635345.578840: sys_mlockall -> 0xfffffffffffffff4
             exe-1050289 [002] ..... 1635345.578859: sys_wait4(upid: 1006f2, stat_addr: c0005d3bf4, options: 40000002, ru: 0)
             exe-1050289 [002] ..... 1635345.578862: sys_wait4 -> 0x1006f2
             exe-1050289 [002] ..... 1635345.578864: sys_ptrace(request: 4204, pid: 1006f2, addr: 1, data: c0005d3c70)
             exe-1050289 [002] ..... 1635345.578868: sys_ptrace -> 0x0
             exe-1050289 [002] ..... 1635345.578870: sys_ptrace(request: 4204, pid: 1006f2, addr: 202, data: c0005d3c70)
             exe-1050289 [002] ..... 1635345.578872: sys_ptrace -> 0x0
             exe-1050289 [002] ..... 1635345.578882: sys_pwrite64(fd: 63, buf: 7fd66f767080, count: 17, pos: 19)
             exe-1050289 [002] ..... 1635345.578883: tracing_mark_write: mlockall(flags=0x3) end
             exe-1050289 [002] ..... 1635345.642479: tracing_mark_write: mlockall(flags=0x3) start
             exe-1050289 [002] ..... 1635345.642481: sys_pwrite64 -> 0x19
             exe-1049673 [001] ..... 1635345.642553: sys_nanosleep -> 0x0
             exe-1049673 [001] ..... 1635345.642555: sys_nanosleep(rqtp: c000069f10, rmtp: 0)
             exe-1050289 [002] ..... 1635345.642559: sys_ptrace(request: 4205, pid: 1006f2, addr: 1, data: c0005d3c70)
             exe-1050289 [002] ..... 1635345.642563: sys_ptrace -> 0x0
             exe-1050289 [002] ..... 1635345.642565: sys_ptrace(request: 4205, pid: 1006f2, addr: 202, data: c0005d3c70)
             exe-1049567 [003] ..... 1635345.642576: sys_nanosleep -> 0x0
             exe-1050289 [002] ..... 1635345.642578: sys_ptrace -> 0x0
             exe-1050289 [002] ..... 1635345.642580: sys_ptrace(request: 1f, pid: 1006f2, addr: 0, data: 0)
             exe-1049567 [003] ..... 1635345.642580: sys_nanosleep(rqtp: c000069f10, rmtp: 0)
             exe-1050289 [002] .N... 1635345.642587: sys_ptrace -> 0x0
             exe-1050354 [002] ..... 1635345.642600: sys_write -> 0x19
             exe-1049673 [001] ..... 1635345.642644: sys_nanosleep -> 0x0
             exe-1049673 [001] ..... 1635345.642646: sys_nanosleep(rqtp: c000069f10, rmtp: 0)
             exe-1050289 [002] ..... 1635345.642686: sys_wait4(upid: 1006f2, stat_addr: c0005d3bf4, options: 40000002, ru: 0)
             exe-1050289 [002] ..... 1635345.642690: sys_wait4 -> 0x1006f2
             exe-1050289 [002] ..... 1635345.642692: sys_ptrace(request: 4204, pid: 1006f2, addr: 1, data: c0005d3c70)
             exe-1050289 [002] ..... 1635345.642697: sys_ptrace -> 0x0
             exe-1050289 [002] ..... 1635345.642699: sys_ptrace(request: 4204, pid: 1006f2, addr: 202, data: c0005d3c70)
             exe-1050289 [002] ..... 1635345.642702: sys_ptrace -> 0x0
             exe-1050289 [002] ..... 1635345.642721: sys_ptrace(request: 4205, pid: 1006f2, addr: 1, data: c0005d3c70)
             exe-1050289 [002] ..... 1635345.642723: sys_ptrace -> 0x0
             exe-1050289 [002] ..... 1635345.642725: sys_ptrace(request: 4205, pid: 1006f2, addr: 202, data: c0005d3c70)
             exe-1049673 [001] ..... 1635345.642735: sys_nanosleep -> 0x0
             exe-1049673 [001] ..... 1635345.642737: sys_nanosleep(rqtp: c000069f10, rmtp: 0)
             exe-1050289 [002] ..... 1635345.642812: sys_ptrace -> 0x0
             exe-1050289 [002] ..... 1635345.642817: sys_ptrace(request: 1f, pid: 1006f2, addr: 0, data: 0)
             exe-1050289 [002] .N... 1635345.642825: sys_ptrace -> 0x0
             exe-1049673 [001] ..... 1635345.642826: sys_nanosleep -> 0x0
             exe-1049673 [001] ..... 1635345.642828: sys_nanosleep(rqtp: c000069f10, rmtp: 0)
             exe-1050354 [002] ..... 1635345.642838: sys_mlockall -> 0xfffffffffffffff4
             exe-1049673 [001] ..... 1635345.642917: sys_nanosleep -> 0x0
             exe-1049673 [001] ..... 1635345.642919: sys_nanosleep(rqtp: c000069f10, rmtp: 0)
             exe-1050289 [002] ..... 1635345.642932: sys_wait4(upid: 1006f2, stat_addr: c0005d3bf4, options: 40000002, ru: 0)
             exe-1050289 [002] ..... 1635345.642935: sys_wait4 -> 0x1006f2
             exe-1050289 [002] ..... 1635345.642938: sys_ptrace(request: 4204, pid: 1006f2, addr: 1, data: c0005d3c70)
             exe-1050289 [002] ..... 1635345.642942: sys_ptrace -> 0x0
             exe-1050289 [002] ..... 1635345.642944: sys_ptrace(request: 4204, pid: 1006f2, addr: 202, data: c0005d3c70)
             exe-1050289 [002] ..... 1635345.642946: sys_ptrace -> 0x0
             exe-1050289 [002] ..... 1635345.642961: sys_pwrite64(fd: 63, buf: 7fd66f767080, count: 17, pos: 19)
             exe-1050289 [002] ..... 1635345.642964: tracing_mark_write: mlockall(flags=0x3) end
             exe-1050289 [002] ..... 1635345.704095: tracing_mark_write: mlockall(flags=0x3) start
             exe-1050289 [002] ..... 1635345.704096: sys_pwrite64 -> 0x19
             exe-1050289 [002] ..... 1635345.704103: sys_ptrace(request: 4205, pid: 1006f2, addr: 1, data: c0005d3c70)
             exe-1050289 [002] ..... 1635345.704105: sys_ptrace -> 0x0
             exe-1050289 [002] ..... 1635345.704107: sys_ptrace(request: 4205, pid: 1006f2, addr: 202, data: c0005d3c70)
             exe-1050289 [002] ..... 1635345.704118: sys_ptrace -> 0x0
             exe-1050289 [002] ..... 1635345.704119: sys_ptrace(request: 1f, pid: 1006f2, addr: 0, data: 0)
             exe-1050289 [002] .N... 1635345.704126: sys_ptrace -> 0x0
             exe-1050354 [002] ..... 1635345.704137: sys_write -> 0x19
             exe-1050289 [002] ..... 1635345.704155: sys_wait4(upid: 1006f2, stat_addr: c0005d3bf4, options: 40000002, ru: 0)
             exe-1050289 [002] ..... 1635345.704157: sys_wait4 -> 0x1006f2
             exe-1050289 [002] ..... 1635345.704159: sys_ptrace(request: 4204, pid: 1006f2, addr: 1, data: c0005d3c70)
             exe-1050289 [002] ..... 1635345.704163: sys_ptrace -> 0x0
             exe-1050289 [002] ..... 1635345.704164: sys_ptrace(request: 4204, pid: 1006f2, addr: 202, data: c0005d3c70)
             exe-1050289 [002] ..... 1635345.704166: sys_ptrace -> 0x0
             exe-1049567 [003] ..... 1635345.704177: sys_nanosleep -> 0x0
             exe-1049567 [003] ..... 1635345.704179: sys_nanosleep(rqtp: c000069f10, rmtp: 0)
             exe-1050289 [002] ..... 1635345.704185: sys_ptrace(request: 4205, pid: 1006f2, addr: 1, data: c0005d3c70)
             exe-1050289 [002] ..... 1635345.704187: sys_ptrace -> 0x0
             exe-1050289 [002] ..... 1635345.704188: sys_ptrace(request: 4205, pid: 1006f2, addr: 202, data: c0005d3c70)
             exe-1050289 [002] ..... 1635345.704198: sys_ptrace -> 0x0
             exe-1050289 [002] ..... 1635345.704200: sys_ptrace(request: 1f, pid: 1006f2, addr: 0, data: 0)
             exe-1050289 [002] .N... 1635345.704207: sys_ptrace -> 0x0
             exe-1050354 [002] ..... 1635345.704216: sys_mlockall -> 0xfffffffffffffff4
             exe-1050289 [002] ..... 1635345.704235: sys_wait4(upid: 1006f2, stat_addr: c0005d3bf4, options: 40000002, ru: 0)
             exe-1050289 [002] ..... 1635345.704237: sys_wait4 -> 0x1006f2
             exe-1050289 [002] ..... 1635345.704239: sys_ptrace(request: 4204, pid: 1006f2, addr: 1, data: c0005d3c70)
             exe-1050289 [002] ..... 1635345.704242: sys_ptrace -> 0x0
             exe-1050289 [002] ..... 1635345.704244: sys_ptrace(request: 4204, pid: 1006f2, addr: 202, data: c0005d3c70)
             exe-1050289 [002] ..... 1635345.704247: sys_ptrace -> 0x0
             exe-1050289 [002] ..... 1635345.704256: sys_pwrite64(fd: 63, buf: 7fd66f767080, count: 17, pos: 19)
             exe-1050289 [002] ..... 1635345.704257: tracing_mark_write: mlockall(flags=0x3) end
             exe-1050289 [002] ..... 1635345.774403: tracing_mark_write: mlockall(flags=0x3) start
             exe-1050289 [002] ..... 1635345.774405: sys_pwrite64 -> 0x19
             exe-1050289 [002] ..... 1635345.774414: sys_ptrace(request: 4205, pid: 1006f2, addr: 1, data: c0005d3c70)
             exe-1050289 [002] ..... 1635345.774418: sys_ptrace -> 0x0
             exe-1050289 [002] ..... 1635345.774420: sys_ptrace(request: 4205, pid: 1006f2, addr: 202, data: c0005d3c70)
             exe-1049673 [001] ..... 1635345.774484: sys_nanosleep -> 0x0
             exe-1049673 [001] ..... 1635345.774486: sys_nanosleep(rqtp: c000069f10, rmtp: 0)
             exe-1050289 [002] ..... 1635345.774505: sys_ptrace -> 0x0
             exe-1050289 [002] ..... 1635345.774510: sys_ptrace(request: 1f, pid: 1006f2, addr: 0, data: 0)
             exe-1050289 [002] .N... 1635345.774518: sys_ptrace -> 0x0
             exe-1050354 [002] ..... 1635345.774530: sys_write -> 0x19
             exe-1049673 [001] ..... 1635345.774573: sys_nanosleep -> 0x0
             exe-1049673 [001] ..... 1635345.774575: sys_nanosleep(rqtp: c000069f10, rmtp: 0)
             exe-1049567 [003] ..... 1635345.774576: sys_nanosleep -> 0x0
             exe-1049567 [003] ..... 1635345.774580: sys_nanosleep(rqtp: c000069f10, rmtp: 0)
             exe-1050289 [002] ..... 1635345.774619: sys_wait4(upid: 1006f2, stat_addr: c0005d3bf4, options: 40000002, ru: 0)
             exe-1050289 [002] ..... 1635345.774621: sys_wait4 -> 0x1006f2
             exe-1050289 [002] ..... 1635345.774624: sys_ptrace(request: 4204, pid: 1006f2, addr: 1, data: c0005d3c70)
             exe-1050289 [002] ..... 1635345.774628: sys_ptrace -> 0x0
             exe-1050289 [002] ..... 1635345.774629: sys_ptrace(request: 4204, pid: 1006f2, addr: 202, data: c0005d3c70)
             exe-1050289 [002] ..... 1635345.774632: sys_ptrace -> 0x0
             exe-1050289 [002] ..... 1635345.774651: sys_ptrace(request: 4205, pid: 1006f2, addr: 1, data: c0005d3c70)
             exe-1050289 [002] ..... 1635345.774653: sys_ptrace -> 0x0
             exe-1050289 [002] ..... 1635345.774655: sys_ptrace(request: 4205, pid: 1006f2, addr: 202, data: c0005d3c70)
             exe-1049673 [001] ..... 1635345.774662: sys_nanosleep -> 0x0
             exe-1049673 [001] ..... 1635345.774664: sys_nanosleep(rqtp: c000069f10, rmtp: 0)
             exe-1050289 [002] ..... 1635345.774731: sys_ptrace -> 0x0
             exe-1050289 [002] ..... 1635345.774736: sys_ptrace(request: 1f, pid: 1006f2, addr: 0, data: 0)
             exe-1050289 [002] .N... 1635345.774743: sys_ptrace -> 0x0
             exe-1049673 [001] ..... 1635345.774751: sys_nanosleep -> 0x0
             exe-1049673 [001] ..... 1635345.774753: sys_nanosleep(rqtp: c000069f10, rmtp: 0)
             exe-1050354 [002] ..... 1635345.774755: sys_mlockall -> 0xfffffffffffffff4
             exe-1049673 [001] ..... 1635345.774846: sys_nanosleep -> 0x0
             exe-1049673 [001] ..... 1635345.774848: sys_nanosleep(rqtp: c000069f10, rmtp: 0)
             exe-1050289 [002] ..... 1635345.774852: sys_wait4(upid: 1006f2, stat_addr: c0005d3bf4, options: 40000002, ru: 0)
             exe-1050289 [002] ..... 1635345.774855: sys_wait4 -> 0x1006f2
             exe-1050289 [002] ..... 1635345.774858: sys_ptrace(request: 4204, pid: 1006f2, addr: 1, data: c0005d3c70)
             exe-1050289 [002] ..... 1635345.774862: sys_ptrace -> 0x0
             exe-1050289 [002] ..... 1635345.774864: sys_ptrace(request: 4204, pid: 1006f2, addr: 202, data: c0005d3c70)
             exe-1050289 [002] ..... 1635345.774866: sys_ptrace -> 0x0
             exe-1050289 [002] ..... 1635345.774881: sys_pwrite64(fd: 63, buf: 7fd66f767080, count: 17, pos: 19)
             exe-1050289 [002] ..... 1635345.774883: tracing_mark_write: mlockall(flags=0x3) end
             exe-1050289 [002] ..... 1635345.838808: tracing_mark_write: mlockall(flags=0x3) start
             exe-1050289 [002] ..... 1635345.838810: sys_pwrite64 -> 0x19
             exe-1050289 [002] ..... 1635345.838908: sys_ptrace(request: 4205, pid: 1006f2, addr: 1, data: c0005d3c70)
             exe-1050289 [002] ..... 1635345.838913: sys_ptrace -> 0x0
             exe-1050289 [002] ..... 1635345.838914: sys_ptrace(request: 4205, pid: 1006f2, addr: 202, data: c0005d3c70)
             exe-1050289 [002] ..... 1635345.838934: sys_ptrace -> 0x0
             exe-1050289 [002] ..... 1635345.838936: sys_ptrace(request: 1f, pid: 1006f2, addr: 0, data: 0)
             exe-1050289 [002] .N... 1635345.838943: sys_ptrace -> 0x0
             exe-1049673 [001] ..... 1635345.839011: sys_nanosleep -> 0x0
             exe-1049673 [001] ..... 1635345.839017: sys_nanosleep(rqtp: c000069f10, rmtp: 0)
             exe-1050354 [002] ..... 1635345.839022: sys_write -> 0x19
             exe-1049567 [001] ..... 1635345.839045: sys_nanosleep -> 0x0
             exe-1050289 [002] ..... 1635345.839047: sys_wait4(upid: 1006f2, stat_addr: c0005d3bf4, options: 40000002, ru: 0)
             exe-1050289 [002] ..... 1635345.839051: sys_wait4 -> 0x1006f2
             exe-1049567 [001] ..... 1635345.839051: sys_nanosleep(rqtp: c000069f10, rmtp: 0)
             exe-1050289 [002] ..... 1635345.839054: sys_ptrace(request: 4204, pid: 1006f2, addr: 1, data: c0005d3c70)
             exe-1050289 [002] ..... 1635345.839058: sys_ptrace -> 0x0
             exe-1050289 [002] ..... 1635345.839060: sys_ptrace(request: 4204, pid: 1006f2, addr: 202, data: c0005d3c70)
             exe-1050289 [002] ..... 1635345.839063: sys_ptrace -> 0x0
             exe-1050289 [002] ..... 1635345.839088: sys_ptrace(request: 4205, pid: 1006f2, addr: 1, data: c0005d3c70)
             exe-1049567 [001] ..... 1635345.839119: sys_nanosleep -> 0x0
             exe-1050289 [002] .N... 1635345.839120: sys_ptrace -> 0x0
             exe-1049567 [001] ..... 1635345.839122: sys_nanosleep(rqtp: c000069f10, rmtp: 0)
             exe-1049673 [001] ..... 1635345.839136: sys_nanosleep -> 0x0
             exe-1049673 [001] ..... 1635345.839141: sys_nanosleep(rqtp: c000069f10, rmtp: 0)
             exe-1050289 [002] ..... 1635345.839166: sys_ptrace(request: 4205, pid: 1006f2, addr: 202, data: c0005d3c70)
             exe-1050289 [002] ..... 1635345.839187: sys_ptrace -> 0x0
             exe-1050289 [002] ..... 1635345.839189: sys_ptrace(request: 1f, pid: 1006f2, addr: 0, data: 0)
             exe-1050289 [002] .N... 1635345.839196: sys_ptrace -> 0x0
             exe-1050354 [002] ..... 1635345.839208: sys_mlockall -> 0xfffffffffffffff4
             exe-1050289 [002] ..... 1635345.839231: sys_wait4(upid: 1006f2, stat_addr: c0005d3bf4, options: 40000002, ru: 0)
             exe-1050289 [002] ..... 1635345.839234: sys_wait4 -> 0x1006f2
             exe-1050289 [002] ..... 1635345.839236: sys_ptrace(request: 4204, pid: 1006f2, addr: 1, data: c0005d3c70)
             exe-1050289 [002] ..... 1635345.839240: sys_ptrace -> 0x0
             exe-1050289 [002] ..... 1635345.839241: sys_ptrace(request: 4204, pid: 1006f2, addr: 202, data: c0005d3c70)
             exe-1050289 [002] ..... 1635345.839244: sys_ptrace -> 0x0
             exe-1049567 [001] ..... 1635345.839244: sys_nanosleep -> 0x0
             exe-1049567 [001] ..... 1635345.839249: sys_nanosleep(rqtp: c000069f10, rmtp: 0)
             exe-1050289 [002] ..... 1635345.839259: sys_pwrite64(fd: 63, buf: 7fd66f767080, count: 17, pos: 19)
             exe-1050289 [002] ..... 1635345.839262: tracing_mark_write: mlockall(flags=0x3) end
             exe-1050289 [002] ..... 1635345.913369: tracing_mark_write: mlockall(flags=0x3) start
             exe-1050289 [002] ..... 1635345.913370: sys_pwrite64 -> 0x19
             exe-1050289 [002] ..... 1635345.913375: sys_ptrace(request: 4205, pid: 1006f2, addr: 1, data: c0005d3c70)
             exe-1050289 [002] ..... 1635345.913377: sys_ptrace -> 0x0
             exe-1050289 [002] ..... 1635345.913378: sys_ptrace(request: 4205, pid: 1006f2, addr: 202, data: c0005d3c70)
             exe-1050289 [002] ..... 1635345.913386: sys_ptrace -> 0x0
             exe-1050289 [002] ..... 1635345.913388: sys_ptrace(request: 1f, pid: 1006f2, addr: 0, data: 0)
             exe-1049567 [001] ..... 1635345.913391: sys_nanosleep -> 0x0
             exe-1050289 [002] ..... 1635345.913394: sys_ptrace -> 0x0
             exe-1050289 [002] ..... 1635345.913396: sys_wait4(upid: 1006f2, stat_addr: c0005d3bf4, options: 40000002, ru: 0)
             exe-1050354 [001] ..... 1635345.913430: sys_write -> 0x19
             exe-1050289 [002] ..... 1635345.913448: sys_wait4 -> 0x1006f2
             exe-1050289 [002] ..... 1635345.913450: sys_ptrace(request: 4204, pid: 1006f2, addr: 1, data: c0005d3c70)
             exe-1049673 [001] ..... 1635345.913454: sys_nanosleep -> 0x0
             exe-1050289 [002] ..... 1635345.913455: sys_ptrace -> 0x0
             exe-1050289 [002] ..... 1635345.913456: sys_ptrace(request: 4204, pid: 1006f2, addr: 202, data: c0005d3c70)
             exe-1050289 [002] ..... 1635345.913458: sys_ptrace -> 0x0
             exe-1049673 [001] ..... 1635345.913459: sys_nanosleep(rqtp: c000069f10, rmtp: 0)
             exe-1049567 [001] ..... 1635345.913477: sys_nanosleep(rqtp: c000069f10, rmtp: 0)
             exe-1050289 [002] ..... 1635345.913490: sys_ptrace(request: 4205, pid: 1006f2, addr: 1, data: c0005d3c70)
             exe-1050289 [002] ..... 1635345.913497: sys_ptrace -> 0x0
             exe-1050289 [002] ..... 1635345.913498: sys_ptrace(request: 4205, pid: 1006f2, addr: 202, data: c0005d3c70)
             exe-1050289 [002] ..... 1635345.913508: sys_ptrace -> 0x0
             exe-1050289 [002] ..... 1635345.913512: sys_ptrace(request: 1f, pid: 1006f2, addr: 0, data: 0)
             exe-1050289 [002] ..... 1635345.913522: sys_ptrace -> 0x0
             exe-1050289 [002] ..... 1635345.913524: sys_wait4(upid: 1006f2, stat_addr: c0005d3bf4, options: 40000002, ru: 0)
             exe-1050354 [001] ..... 1635345.913544: sys_mlockall -> 0xfffffffffffffff4
             exe-1050289 [002] ..... 1635345.913585: sys_wait4 -> 0x1006f2
             exe-1050289 [002] ..... 1635345.913587: sys_ptrace(request: 4204, pid: 1006f2, addr: 1, data: c0005d3c70)
             exe-1050289 [002] ..... 1635345.913589: sys_ptrace -> 0x0
             exe-1050289 [002] ..... 1635345.913590: sys_ptrace(request: 4204, pid: 1006f2, addr: 202, data: c0005d3c70)
             exe-1050289 [002] ..... 1635345.913592: sys_ptrace -> 0x0
             exe-1050289 [002] ..... 1635345.913597: sys_pwrite64(fd: 63, buf: 7fd66f767080, count: 17, pos: 19)
             exe-1050289 [002] ..... 1635345.913599: tracing_mark_write: mlockall(flags=0x3) end
             exe-1050289 [002] ..... 1635345.973466: tracing_mark_write: mlockall(flags=0x3) start
             exe-1050289 [002] ..... 1635345.973467: sys_pwrite64 -> 0x19
             exe-1050289 [002] ..... 1635345.973472: sys_ptrace(request: 4205, pid: 1006f2, addr: 1, data: c0005d3c70)
             exe-1049673 [001] ..... 1635345.973480: sys_nanosleep -> 0x0
             exe-1050289 [002] ..... 1635345.973480: sys_ptrace -> 0x0
             exe-1050289 [002] ..... 1635345.973481: sys_ptrace(request: 4205, pid: 1006f2, addr: 202, data: c0005d3c70)
             exe-1049673 [001] ..... 1635345.973486: sys_nanosleep(rqtp: c000069f10, rmtp: 0)
             exe-1050289 [002] ..... 1635345.973488: sys_ptrace -> 0x0
             exe-1050289 [002] ..... 1635345.973489: sys_ptrace(request: 1f, pid: 1006f2, addr: 0, data: 0)
             exe-1049567 [001] ..... 1635345.973504: sys_nanosleep -> 0x0
             exe-1050289 [002] ..... 1635345.973508: sys_ptrace -> 0x0
             exe-1050289 [002] ..... 1635345.973510: sys_wait4(upid: 1006f2, stat_addr: c0005d3bf4, options: 40000002, ru: 0)
             exe-1050354 [001] ..... 1635345.973597: sys_write -> 0x19
             exe-1050289 [002] ..... 1635345.973617: sys_wait4 -> 0x1006f2
             exe-1050289 [002] ..... 1635345.973619: sys_ptrace(request: 4204, pid: 1006f2, addr: 1, data: c0005d3c70)
             exe-1050289 [002] ..... 1635345.973627: sys_ptrace -> 0x0
             exe-1049673 [001] ..... 1635345.973627: sys_nanosleep -> 0x0
             exe-1050289 [002] ..... 1635345.973628: sys_ptrace(request: 4204, pid: 1006f2, addr: 202, data: c0005d3c70)
             exe-1050289 [002] ..... 1635345.973630: sys_ptrace -> 0x0
             exe-1049673 [001] ..... 1635345.973633: sys_nanosleep(rqtp: c000069f10, rmtp: 0)
             exe-1050289 [002] ..... 1635345.973643: sys_ptrace(request: 4205, pid: 1006f2, addr: 1, data: c0005d3c70)
             exe-1050289 [002] ..... 1635345.973661: sys_ptrace -> 0x0
             exe-1050289 [002] ..... 1635345.973663: sys_ptrace(request: 4205, pid: 1006f2, addr: 202, data: c0005d3c70)
             exe-1050289 [002] ..... 1635345.973669: sys_ptrace -> 0x0
             exe-1050289 [002] ..... 1635345.973670: sys_ptrace(request: 1f, pid: 1006f2, addr: 0, data: 0)
             exe-1050289 [002] ..... 1635345.973676: sys_ptrace -> 0x0
             exe-1050289 [002] ..... 1635345.973678: sys_wait4(upid: 1006f2, stat_addr: c0005d3bf4, options: 40000002, ru: 0)
             exe-1050354 [001] ..... 1635345.973725: sys_mlockall -> 0xfffffffffffffff4
             exe-1050289 [002] ..... 1635345.973743: sys_wait4 -> 0x1006f2
             exe-1050289 [002] ..... 1635345.973745: sys_ptrace(request: 4204, pid: 1006f2, addr: 1, data: c0005d3c70)
             exe-1050289 [002] ..... 1635345.973755: sys_ptrace -> 0x0
             exe-1049673 [001] ..... 1635345.973755: sys_nanosleep -> 0x0
             exe-1050289 [002] ..... 1635345.973756: sys_ptrace(request: 4204, pid: 1006f2, addr: 202, data: c0005d3c70)
             exe-1050289 [002] ..... 1635345.973757: sys_ptrace -> 0x0
             exe-1049673 [001] ..... 1635345.973761: sys_nanosleep(rqtp: c000069f10, rmtp: 0)
             exe-1050289 [002] ..... 1635345.973762: sys_pwrite64(fd: 63, buf: 7fd66f767080, count: 17, pos: 19)
             exe-1050289 [002] ..... 1635345.973763: tracing_mark_write: mlockall(flags=0x3) end
             exe-1050289 [003] ..... 1635346.047693: tracing_mark_write: mlockall(flags=0x3) start
             exe-1050289 [003] ..... 1635346.047695: sys_pwrite64 -> 0x19
             exe-1050289 [003] ..... 1635346.047700: sys_ptrace(request: 4205, pid: 1006f2, addr: 1, data: c0005d3c70)
             exe-1050289 [003] ..... 1635346.047702: sys_ptrace -> 0x0
             exe-1050289 [003] ..... 1635346.047704: sys_ptrace(request: 4205, pid: 1006f2, addr: 202, data: c0005d3c70)
             exe-1050289 [003] ..... 1635346.047711: sys_ptrace -> 0x0
             exe-1050289 [003] ..... 1635346.047712: sys_ptrace(request: 1f, pid: 1006f2, addr: 0, data: 0)
             exe-1050289 [003] ..... 1635346.047724: sys_ptrace -> 0x0
             exe-1050289 [003] ..... 1635346.047726: sys_wait4(upid: 1006f2, stat_addr: c0005d3bf4, options: 40000002, ru: 0)
             exe-1050354 [001] ..... 1635346.047740: sys_write -> 0x19
             exe-1050289 [003] ..... 1635346.047762: sys_wait4 -> 0x1006f2
             exe-1050289 [003] ..... 1635346.047764: sys_ptrace(request: 4204, pid: 1006f2, addr: 1, data: c0005d3c70)
             exe-1050289 [003] ..... 1635346.047767: sys_ptrace -> 0x0
             exe-1050289 [003] ..... 1635346.047768: sys_ptrace(request: 4204, pid: 1006f2, addr: 202, data: c0005d3c70)
             exe-1050289 [003] ..... 1635346.047770: sys_ptrace -> 0x0
             exe-1050289 [003] ..... 1635346.047788: sys_ptrace(request: 4205, pid: 1006f2, addr: 1, data: c0005d3c70)
             exe-1050289 [003] ..... 1635346.047790: sys_ptrace -> 0x0
             exe-1050289 [003] ..... 1635346.047792: sys_ptrace(request: 4205, pid: 1006f2, addr: 202, data: c0005d3c70)
             exe-1050289 [003] ..... 1635346.047806: sys_ptrace -> 0x0
             exe-1050289 [003] ..... 1635346.047808: sys_ptrace(request: 1f, pid: 1006f2, addr: 0, data: 0)
             exe-1050289 [003] ..... 1635346.047813: sys_ptrace -> 0x0
             exe-1050289 [003] ..... 1635346.047815: sys_wait4(upid: 1006f2, stat_addr: c0005d3bf4, options: 40000002, ru: 0)
             exe-1050354 [001] ..... 1635346.047838: sys_mlockall -> 0xfffffffffffffff4
             exe-1050289 [003] ..... 1635346.047858: sys_wait4 -> 0x1006f2
             exe-1050289 [003] ..... 1635346.047861: sys_ptrace(request: 4204, pid: 1006f2, addr: 1, data: c0005d3c70)
             exe-1050289 [003] ..... 1635346.047863: sys_ptrace -> 0x0
             exe-1050289 [003] ..... 1635346.047865: sys_ptrace(request: 4204, pid: 1006f2, addr: 202, data: c0005d3c70)
             exe-1050289 [003] ..... 1635346.047867: sys_ptrace -> 0x0
             exe-1050289 [003] ..... 1635346.047872: sys_pwrite64(fd: 63, buf: 7fd66f767080, count: 17, pos: 19)
             exe-1050289 [003] ..... 1635346.047873: tracing_mark_write: mlockall(flags=0x3) end
             exe-1050289 [003] ..... 1635346.110261: tracing_mark_write: mlockall(flags=0x3) start
             exe-1050289 [003] ..... 1635346.110263: sys_pwrite64 -> 0x19
             exe-1050289 [003] ..... 1635346.110267: sys_ptrace(request: 4205, pid: 1006f2, addr: 1, data: c0005d3c70)
             exe-1050289 [003] ..... 1635346.110269: sys_ptrace -> 0x0
             exe-1050289 [003] ..... 1635346.110271: sys_ptrace(request: 4205, pid: 1006f2, addr: 202, data: c0005d3c70)
             exe-1050289 [003] ..... 1635346.110280: sys_ptrace -> 0x0
             exe-1050289 [003] ..... 1635346.110282: sys_ptrace(request: 1f, pid: 1006f2, addr: 0, data: 0)
             exe-1050289 [003] ..... 1635346.110289: sys_ptrace -> 0x0
             exe-1050289 [003] ..... 1635346.110291: sys_wait4(upid: 1006f2, stat_addr: c0005d3bf4, options: 40000002, ru: 0)
             exe-1050354 [001] ..... 1635346.110307: sys_write -> 0x19
             exe-1050289 [003] ..... 1635346.110332: sys_wait4 -> 0x1006f2
             exe-1050289 [003] ..... 1635346.110335: sys_ptrace(request: 4204, pid: 1006f2, addr: 1, data: c0005d3c70)
             exe-1049567 [001] ..... 1635346.110353: sys_nanosleep -> 0x0
             exe-1050289 [003] ..... 1635346.110354: sys_ptrace -> 0x0
             exe-1050289 [003] ..... 1635346.110355: sys_ptrace(request: 4204, pid: 1006f2, addr: 202, data: c0005d3c70)
             exe-1050289 [003] ..... 1635346.110358: sys_ptrace -> 0x0
             exe-1049567 [001] ..... 1635346.110358: sys_nanosleep(rqtp: c000069f10, rmtp: 0)
             exe-1050289 [003] ..... 1635346.110373: sys_ptrace(request: 4205, pid: 1006f2, addr: 1, data: c0005d3c70)
             exe-1050289 [003] ..... 1635346.110376: sys_ptrace -> 0x0
             exe-1050289 [003] ..... 1635346.110377: sys_ptrace(request: 4205, pid: 1006f2, addr: 202, data: c0005d3c70)
             exe-1050289 [003] ..... 1635346.110385: sys_ptrace -> 0x0
             exe-1050289 [003] ..... 1635346.110387: sys_ptrace(request: 1f, pid: 1006f2, addr: 0, data: 0)
             exe-1050289 [003] ..... 1635346.110393: sys_ptrace -> 0x0
             exe-1050289 [003] ..... 1635346.110395: sys_wait4(upid: 1006f2, stat_addr: c0005d3bf4, options: 40000002, ru: 0)
             exe-1050354 [001] ..... 1635346.110409: sys_mlockall -> 0xfffffffffffffff4
             exe-1050289 [003] ..... 1635346.110434: sys_wait4 -> 0x1006f2
             exe-1050289 [003] ..... 1635346.110436: sys_ptrace(request: 4204, pid: 1006f2, addr: 1, data: c0005d3c70)
             exe-1050289 [003] ..... 1635346.110439: sys_ptrace -> 0x0
             exe-1050289 [003] ..... 1635346.110440: sys_ptrace(request: 4204, pid: 1006f2, addr: 202, data: c0005d3c70)
             exe-1050289 [003] ..... 1635346.110443: sys_ptrace -> 0x0
             exe-1050289 [003] ..... 1635346.110448: sys_pwrite64(fd: 63, buf: 7fd66f767080, count: 17, pos: 19)
             exe-1050289 [003] ..... 1635346.110449: tracing_mark_write: mlockall(flags=0x3) end
             exe-1050289 [003] ..... 1635346.181938: tracing_mark_write: mlockall(flags=0x3) start
             exe-1050289 [003] ..... 1635346.181939: sys_pwrite64 -> 0x19
             exe-1050289 [003] ..... 1635346.181943: sys_ptrace(request: 4205, pid: 1006f2, addr: 1, data: c0005d3c70)
             exe-1050289 [003] ..... 1635346.181946: sys_ptrace -> 0x0
             exe-1050289 [003] ..... 1635346.181947: sys_ptrace(request: 4205, pid: 1006f2, addr: 202, data: c0005d3c70)
             exe-1050289 [003] ..... 1635346.181954: sys_ptrace -> 0x0
             exe-1050289 [003] ..... 1635346.181955: sys_ptrace(request: 1f, pid: 1006f2, addr: 0, data: 0)
             exe-1050289 [003] ..... 1635346.181961: sys_ptrace -> 0x0
             exe-1050289 [003] ..... 1635346.181963: sys_wait4(upid: 1006f2, stat_addr: c0005d3bf4, options: 40000002, ru: 0)
             exe-1050354 [001] ..... 1635346.181978: sys_write -> 0x19
             exe-1049673 [002] ..... 1635346.181991: sys_nanosleep -> 0x0
             exe-1049673 [002] ..... 1635346.181993: sys_nanosleep(rqtp: c000069f10, rmtp: 0)
             exe-1049567 [002] ..... 1635346.182009: sys_nanosleep -> 0x0
             exe-1049567 [002] ..... 1635346.182015: sys_nanosleep(rqtp: c000069f10, rmtp: 0)
             exe-1050289 [003] ..... 1635346.182016: sys_wait4 -> 0x1006f2
