             exe-1050289 [002] ..... 1635347.143217: sys_ptrace -> 0x0
             exe-1050289 [002] ..... 1635347.143234: sys_ptrace(request: 4205, pid: 1006f2, addr: 1, data: c0005d3c70)
             exe-1050289 [002] ..... 1635347.143236: sys_ptrace -> 0x0
             exe-1050289 [002] ..... 1635347.143237: sys_ptrace(request: 4205, pid: 1006f2, addr: 202, data: c0005d3c70)
             exe-1050289 [002] ..... 1635347.143246: sys_ptrace -> 0x0
             exe-1050289 [002] ..... 1635347.143247: sys_ptrace(request: 1f, pid: 1006f2, addr: 0, data: 0)
             exe-1050289 [002] .N... 1635347.143253: sys_ptrace -> 0x0
             exe-1050354 [002] ..... 1635347.143263: sys_mlockall -> 0xfffffffffffffff4
             exe-1050289 [002] ..... 1635347.143279: sys_wait4(upid: 1006f2, stat_addr: c0005d3bf4, options: 40000002, ru: 0)
             exe-1050289 [002] ..... 1635347.143281: sys_wait4 -> 0x1006f2
             exe-1050289 [002] ..... 1635347.143283: sys_ptrace(request: 4204, pid: 1006f2, addr: 1, data: c0005d3c70)
             exe-1050289 [002] ..... 1635347.143286: sys_ptrace -> 0x0
             exe-1050289 [002] ..... 1635347.143288: sys_ptrace(request: 4204, pid: 1006f2, addr: 202, data: c0005d3c70)
             exe-1050289 [002] ..... 1635347.143290: sys_ptrace -> 0x0
             exe-1050289 [002] ..... 1635347.143298: sys_pwrite64(fd: 63, buf: 7fd66f767080, count: 17, pos: 19)
             exe-1050289 [002] ..... 1635347.143300: tracing_mark_write: mlockall(flags=0x5) end
             exe-1050289 [002] ..... 1635347.206339: tracing_mark_write: mlockall(flags=0x5) start
             exe-1050289 [002] ..... 1635347.206341: sys_pwrite64 -> 0x19
             exe-1049673 [001] .N... 1635347.206342: sys_futex -> 0x1
             exe-1050289 [002] ..... 1635347.206345: sys_ptrace(request: 4205, pid: 1006f2, addr: 1, data: c0005d3c70)
             exe-1049716 [001] ..... 1635347.206345: sys_futex -> 0x0
             exe-1050289 [002] ..... 1635347.206347: sys_ptrace -> 0x0
             exe-1050289 [002] ..... 1635347.206348: sys_ptrace(request: 4205, pid: 1006f2, addr: 202, data: c0005d3c70)
             exe-1049716 [001] ..... 1635347.206350: sys_futex(uaddr: c000482148, op: 80, val: 0, utime: 0, uaddr2: 0, val3: 0)
             exe-1049673 [001] ..... 1635347.206356: sys_nanosleep(rqtp: c000069f10, rmtp: 0)
             exe-1050289 [002] ..... 1635347.206356: sys_ptrace -> 0x0
             exe-1050289 [002] ..... 1635347.206358: sys_ptrace(request: 1f, pid: 1006f2, addr: 0, data: 0)
             exe-1050289 [002] .N... 1635347.206363: sys_ptrace -> 0x0
             exe-1049567 [001] ..... 1635347.206367: sys_nanosleep -> 0x0
             exe-1050354 [002] ..... 1635347.206370: sys_write -> 0x19
             exe-1049567 [001] ..... 1635347.206372: sys_nanosleep(rqtp: c000069f10, rmtp: 0)
             exe-1050289 [002] ..... 1635347.206383: sys_wait4(upid: 1006f2, stat_addr: c0005d3bf4, options: 40000002, ru: 0)
             exe-1050289 [002] ..... 1635347.206385: sys_wait4 -> 0x1006f2
             exe-1050289 [002] ..... 1635347.206387: sys_ptrace(request: 4204, pid: 1006f2, addr: 1, data: c0005d3c70)
             exe-1050289 [002] ..... 1635347.206389: sys_ptrace -> 0x0
             exe-1050289 [002] ..... 1635347.206390: sys_ptrace(request: 4204, pid: 1006f2, addr: 202, data: c0005d3c70)
             exe-1050289 [002] ..... 1635347.206392: sys_ptrace -> 0x0
             exe-1050289 [002] ..... 1635347.206407: sys_ptrace(request: 4205, pid: 1006f2, addr: 1, data: c0005d3c70)
             exe-1050289 [002] ..... 1635347.206409: sys_ptrace -> 0x0
             exe-1050289 [002] ..... 1635347.206410: sys_ptrace(request: 4205, pid: 1006f2, addr: 202, data: c0005d3c70)
             exe-1050289 [002] ..... 1635347.206417: sys_ptrace -> 0x0
             exe-1050289 [002] ..... 1635347.206419: sys_ptrace(request: 1f, pid: 1006f2, addr: 0, data: 0)
             exe-1050289 [002] .N... 1635347.206423: sys_ptrace -> 0x0
             exe-1050354 [002] ..... 1635347.206430: sys_mlockall -> 0xfffffffffffffff4
             exe-1049673 [001] ..... 1635347.206432: sys_nanosleep -> 0x0
             exe-1049673 [001] ..... 1635347.206438: sys_futex(uaddr: 1f09dc0, op: 80, val: 0, utime: c000069eb0, uaddr2: 0, val3: 0)
             exe-1050289 [002] ..... 1635347.206443: sys_wait4(upid: 1006f2, stat_addr: c0005d3bf4, options: 40000002, ru: 0)
             exe-1050289 [002] ..... 1635347.206444: sys_wait4 -> 0x1006f2
             exe-1050289 [002] ..... 1635347.206446: sys_ptrace(request: 4204, pid: 1006f2, addr: 1, data: c0005d3c70)
             exe-1050289 [002] ..... 1635347.206449: sys_ptrace -> 0x0
             exe-1050289 [002] ..... 1635347.206450: sys_ptrace(request: 4204, pid: 1006f2, addr: 202, data: c0005d3c70)
             exe-1050289 [002] ..... 1635347.206452: sys_ptrace -> 0x0
             exe-1050289 [002] ..... 1635347.206459: sys_pwrite64(fd: 63, buf: 7fd66f767080, count: 17, pos: 19)
             exe-1050289 [002] ..... 1635347.206460: tracing_mark_write: mlockall(flags=0x5) end
             exe-1050289 [002] ..... 1635347.270918: tracing_mark_write: mlockall(flags=0x5) start
             exe-1050289 [002] ..... 1635347.270920: sys_pwrite64 -> 0x19
             exe-1050289 [002] ..... 1635347.270925: sys_ptrace(request: 4205, pid: 1006f2, addr: 1, data: c0005d3c70)
             exe-1050289 [002] ..... 1635347.270928: sys_ptrace -> 0x0
             exe-1050289 [002] ..... 1635347.270929: sys_ptrace(request: 4205, pid: 1006f2, addr: 202, data: c0005d3c70)
             exe-1050289 [002] ..... 1635347.270938: sys_ptrace -> 0x0
             exe-1050289 [002] ..... 1635347.270940: sys_ptrace(request: 1f, pid: 1006f2, addr: 0, data: 0)
             exe-1050289 [002] .N... 1635347.270946: sys_ptrace -> 0x0
             exe-1050354 [002] ..... 1635347.270955: sys_write -> 0x19
             exe-1050289 [002] ..... 1635347.270972: sys_wait4(upid: 1006f2, stat_addr: c0005d3bf4, options: 40000002, ru: 0)
             exe-1050289 [002] ..... 1635347.270974: sys_wait4 -> 0x1006f2
             exe-1050289 [002] ..... 1635347.270976: sys_ptrace(request: 4204, pid: 1006f2, addr: 1, data: c0005d3c70)
             exe-1050289 [002] ..... 1635347.270979: sys_ptrace -> 0x0
             exe-1050289 [002] ..... 1635347.270980: sys_ptrace(request: 4204, pid: 1006f2, addr: 202, data: c0005d3c70)
             exe-1050289 [002] ..... 1635347.270983: sys_ptrace -> 0x0
             exe-1049673 [001] ..... 1635347.270986: sys_nanosleep -> 0x0
             exe-1049673 [001] ..... 1635347.270991: sys_nanosleep(rqtp: c000069f10, rmtp: 0)
             exe-1050289 [002] ..... 1635347.271008: sys_ptrace(request: 4205, pid: 1006f2, addr: 1, data: c0005d3c70)
             exe-1050289 [002] ..... 1635347.271010: sys_ptrace -> 0x0
             exe-1050289 [002] ..... 1635347.271011: sys_ptrace(request: 4205, pid: 1006f2, addr: 202, data: c0005d3c70)
             exe-1050289 [002] ..... 1635347.271020: sys_ptrace -> 0x0
             exe-1050289 [002] ..... 1635347.271021: sys_ptrace(request: 1f, pid: 1006f2, addr: 0, data: 0)
             exe-1050289 [002] .N... 1635347.271027: sys_ptrace -> 0x0
             exe-1050354 [002] ..... 1635347.271036: sys_mlockall -> 0xfffffffffffffff4
             exe-1050289 [002] ..... 1635347.271052: sys_wait4(upid: 1006f2, stat_addr: c0005d3bf4, options: 40000002, ru: 0)
             exe-1050289 [002] ..... 1635347.271054: sys_wait4 -> 0x1006f2
             exe-1050289 [002] ..... 1635347.271056: sys_ptrace(request: 4204, pid: 1006f2, addr: 1, data: c0005d3c70)
             exe-1050289 [002] ..... 1635347.271059: sys_ptrace -> 0x0
             exe-1050289 [002] ..... 1635347.271060: sys_ptrace(request: 4204, pid: 1006f2, addr: 202, data: c0005d3c70)
             exe-1050289 [002] ..... 1635347.271062: sys_ptrace -> 0x0
             exe-1050289 [002] ..... 1635347.271072: sys_pwrite64(fd: 63, buf: 7fd66f767080, count: 17, pos: 19)
             exe-1049567 [003] ..... 1635347.271073: sys_nanosleep -> 0x0
             exe-1050289 [002] ..... 1635347.271073: tracing_mark_write: mlockall(flags=0x5) end
             exe-1050289 [002] ..... 1635347.338694: tracing_mark_write: mlockall(flags=0x5) start
             exe-1050289 [002] ..... 1635347.338695: sys_pwrite64 -> 0x19
             exe-1049673 [001] ..... 1635347.338697: sys_nanosleep -> 0x0
             exe-1050289 [002] ..... 1635347.338700: sys_ptrace(request: 4205, pid: 1006f2, addr: 1, data: c0005d3c70)
             exe-1050289 [002] ..... 1635347.338702: sys_ptrace -> 0x0
             exe-1050289 [002] ..... 1635347.338703: sys_ptrace(request: 4205, pid: 1006f2, addr: 202, data: c0005d3c70)
             exe-1049673 [001] ..... 1635347.338703: sys_futex(uaddr: c000482148, op: 81, val: 1, utime: 0, uaddr2: 0, val3: 0)
             exe-1050289 [002] ..... 1635347.338710: sys_ptrace -> 0x0
             exe-1050289 [002] ..... 1635347.338711: sys_ptrace(request: 1f, pid: 1006f2, addr: 0, data: 0)
             exe-1049673 [001] .N... 1635347.338712: sys_futex -> 0x1
             exe-1049716 [001] ..... 1635347.338715: sys_futex -> 0x0
             exe-1050289 [002] .N... 1635347.338716: sys_ptrace -> 0x0
             exe-1049716 [001] ..... 1635347.338720: sys_futex(uaddr: c000482148, op: 80, val: 0, utime: 0, uaddr2: 0, val3: 0)
             exe-1050354 [002] ..... 1635347.338723: sys_write -> 0x19
             exe-1049673 [001] ..... 1635347.338727: sys_nanosleep(rqtp: c000069f10, rmtp: 0)
             exe-1050289 [002] ..... 1635347.338736: sys_wait4(upid: 1006f2, stat_addr: c0005d3bf4, options: 40000002, ru: 0)
             exe-1050289 [002] ..... 1635347.338738: sys_wait4 -> 0x1006f2
             exe-1050289 [002] ..... 1635347.338739: sys_ptrace(request: 4204, pid: 1006f2, addr: 1, data: c0005d3c70)
             exe-1050289 [002] ..... 1635347.338742: sys_ptrace -> 0x0
             exe-1050289 [002] ..... 1635347.338743: sys_ptrace(request: 4204, pid: 1006f2, addr: 202, data: c0005d3c70)
             exe-1050289 [002] ..... 1635347.338745: sys_ptrace -> 0x0
             exe-1049567 [003] ..... 1635347.338756: sys_nanosleep -> 0x0
             exe-1049567 [003] ..... 1635347.338762: sys_nanosleep(rqtp: c000069f10, rmtp: 0)
             exe-1050289 [002] ..... 1635347.338765: sys_ptrace(request: 4205, pid: 1006f2, addr: 1, data: c0005d3c70)
             exe-1050289 [002] ..... 1635347.338767: sys_ptrace -> 0x0
             exe-1050289 [002] ..... 1635347.338768: sys_ptrace(request: 4205, pid: 1006f2, addr: 202, data: c0005d3c70)
             exe-1050289 [002] ..... 1635347.338775: sys_ptrace -> 0x0
             exe-1050289 [002] ..... 1635347.338776: sys_ptrace(request: 1f, pid: 1006f2, addr: 0, data: 0)
             exe-1050289 [002] .N... 1635347.338781: sys_ptrace -> 0x0
             exe-1050354 [002] ..... 1635347.338788: sys_mlockall -> 0xfffffffffffffff4
             exe-1050289 [002] ..... 1635347.338800: sys_wait4(upid: 1006f2, stat_addr: c0005d3bf4, options: 40000002, ru: 0)
             exe-1050289 [002] ..... 1635347.338802: sys_wait4 -> 0x1006f2
             exe-1050289 [002] ..... 1635347.338804: sys_ptrace(request: 4204, pid: 1006f2, addr: 1, data: c0005d3c70)
             exe-1050289 [002] ..... 1635347.338806: sys_ptrace -> 0x0
             exe-1050289 [002] ..... 1635347.338808: sys_ptrace(request: 4204, pid: 1006f2, addr: 202, data: c0005d3c70)
             exe-1050289 [002] ..... 1635347.338809: sys_ptrace -> 0x0
             exe-1050289 [002] ..... 1635347.338816: sys_pwrite64(fd: 63, buf: 7fd66f767080, count: 17, pos: 19)
             exe-1050289 [002] ..... 1635347.338817: tracing_mark_write: mlockall(flags=0x5) end
             exe-1050289 [002] ..... 1635347.406985: tracing_mark_write: mlockall(flags=0x5) start
             exe-1050289 [002] ..... 1635347.406987: sys_pwrite64 -> 0x19
             exe-1050289 [002] ..... 1635347.406991: sys_ptrace(request: 4205, pid: 1006f2, addr: 1, data: c0005d3c70)
             exe-1050289 [002] ..... 1635347.406993: sys_ptrace -> 0x0
             exe-1050289 [002] ..... 1635347.406994: sys_ptrace(request: 4205, pid: 1006f2, addr: 202, data: c0005d3c70)
             exe-1050289 [002] ..... 1635347.407003: sys_ptrace -> 0x0
             exe-1050289 [002] ..... 1635347.407005: sys_ptrace(request: 1f, pid: 1006f2, addr: 0, data: 0)
             exe-1050289 [002] .N... 1635347.407010: sys_ptrace -> 0x0
             exe-1050354 [002] ..... 1635347.407018: sys_write -> 0x19
           <...>-1049643 [001] ..... 1635347.407031: sys_epoll_wait -> 0x1
             exe-1050289 [002] ..... 1635347.407032: sys_wait4(upid: 1006f2, stat_addr: c0005d3bf4, options: 40000002, ru: 0)
             exe-1050289 [002] ..... 1635347.407033: sys_wait4 -> 0x1006f2
             exe-1050289 [002] ..... 1635347.407035: sys_ptrace(request: 4204, pid: 1006f2, addr: 1, data: c0005d3c70)
             exe-1050289 [002] ..... 1635347.407038: sys_ptrace -> 0x0
             exe-1050289 [002] ..... 1635347.407039: sys_ptrace(request: 4204, pid: 1006f2, addr: 202, data: c0005d3c70)
             exe-1050289 [002] ..... 1635347.407040: sys_ptrace -> 0x0
           <...>-1049643 [001] ..... 1635347.407042: sys_futex(uaddr: c00008a548, op: 81, val: 1, utime: 0, uaddr2: 0, val3: 0)
           <...>-1049643 [001] ..... 1635347.407051: sys_futex -> 0x1
           <...>-1049643 [001] ..... 1635347.407054: sys_epoll_wait(epfd: 8, events: c0001049b0, maxevents: 80, timeout: ffffffffffffffff)
             exe-1050289 [002] ..... 1635347.407058: sys_ptrace(request: 4205, pid: 1006f2, addr: 1, data: c0005d3c70)
             exe-1050289 [002] ..... 1635347.407060: sys_ptrace -> 0x0
             exe-1050289 [002] ..... 1635347.407061: sys_ptrace(request: 4205, pid: 1006f2, addr: 202, data: c0005d3c70)
             exe-1050289 [002] ..... 1635347.407069: sys_ptrace -> 0x0
             exe-1050289 [002] ..... 1635347.407070: sys_ptrace(request: 1f, pid: 1006f2, addr: 0, data: 0)
             exe-1050289 [002] .N... 1635347.407075: sys_ptrace -> 0x0
             exe-1050354 [002] ..... 1635347.407082: sys_mlockall -> 0xfffffffffffffff4
             exe-1050289 [002] ..... 1635347.407096: sys_wait4(upid: 1006f2, stat_addr: c0005d3bf4, options: 40000002, ru: 0)
             exe-1050289 [002] ..... 1635347.407098: sys_wait4 -> 0x1006f2
             exe-1050289 [002] ..... 1635347.407099: sys_ptrace(request: 4204, pid: 1006f2, addr: 1, data: c0005d3c70)
             exe-1050289 [002] ..... 1635347.407102: sys_ptrace -> 0x0
             exe-1050289 [002] ..... 1635347.407103: sys_ptrace(request: 4204, pid: 1006f2, addr: 202, data: c0005d3c70)
             exe-1050289 [002] ..... 1635347.407105: sys_ptrace -> 0x0
             exe-1050289 [002] ..... 1635347.407112: sys_pwrite64(fd: 63, buf: 7fd66f767080, count: 17, pos: 19)
             exe-1050289 [002] ..... 1635347.407113: tracing_mark_write: mlockall(flags=0x5) end
             exe-1050289 [002] ..... 1635347.462104: tracing_mark_write: mlockall(flags=0x5) start
             exe-1050289 [002] ..... 1635347.462105: sys_pwrite64 -> 0x19
             exe-1049673 [001] ..... 1635347.462106: sys_nanosleep(rqtp: c000069f10, rmtp: 0)
             exe-1050289 [002] ..... 1635347.462109: sys_ptrace(request: 4205, pid: 1006f2, addr: 1, data: c0005d3c70)
             exe-1050289 [002] ..... 1635347.462111: sys_ptrace -> 0x0
             exe-1050289 [002] ..... 1635347.462112: sys_ptrace(request: 4205, pid: 1006f2, addr: 202, data: c0005d3c70)
             exe-1050289 [002] ..... 1635347.462119: sys_ptrace -> 0x0
             exe-1050289 [002] ..... 1635347.462120: sys_ptrace(request: 1f, pid: 1006f2, addr: 0, data: 0)
             exe-1050289 [002] .N... 1635347.462125: sys_ptrace -> 0x0
             exe-1050354 [002] ..... 1635347.462132: sys_write -> 0x19
             exe-1050289 [002] ..... 1635347.462143: sys_wait4(upid: 1006f2, stat_addr: c0005d3bf4, options: 40000002, ru: 0)
             exe-1050289 [002] ..... 1635347.462145: sys_wait4 -> 0x1006f2
             exe-1050289 [002] ..... 1635347.462146: sys_ptrace(request: 4204, pid: 1006f2, addr: 1, data: c0005d3c70)
             exe-1050289 [002] ..... 1635347.462149: sys_ptrace -> 0x0
             exe-1050289 [002] ..... 1635347.462149: sys_ptrace(request: 4204, pid: 1006f2, addr: 202, data: c0005d3c70)
             exe-1050289 [002] ..... 1635347.462151: sys_ptrace -> 0x0
             exe-1050289 [002] ..... 1635347.462163: sys_ptrace(request: 4205, pid: 1006f2, addr: 1, data: c0005d3c70)
             exe-1050289 [002] ..... 1635347.462164: sys_ptrace -> 0x0
             exe-1050289 [002] ..... 1635347.462165: sys_ptrace(request: 4205, pid: 1006f2, addr: 202, data: c0005d3c70)
             exe-1050289 [002] ..... 1635347.462172: sys_ptrace -> 0x0
             exe-1050289 [002] ..... 1635347.462173: sys_ptrace(request: 1f, pid: 1006f2, addr: 0, data: 0)
             exe-1050289 [002] .N... 1635347.462178: sys_ptrace -> 0x0
             exe-1050354 [002] ..... 1635347.462184: sys_mlockall -> 0xfffffffffffffff4
             exe-1050289 [002] ..... 1635347.462195: sys_wait4(upid: 1006f2, stat_addr: c0005d3bf4, options: 40000002, ru: 0)
             exe-1050289 [002] ..... 1635347.462196: sys_wait4 -> 0x1006f2
             exe-1050289 [002] ..... 1635347.462198: sys_ptrace(request: 4204, pid: 1006f2, addr: 1, data: c0005d3c70)
             exe-1049567 [001] ..... 1635347.462199: sys_nanosleep -> 0x0
             exe-1050289 [002] ..... 1635347.462200: sys_ptrace -> 0x0
             exe-1050289 [002] ..... 1635347.462201: sys_ptrace(request: 4204, pid: 1006f2, addr: 202, data: c0005d3c70)
             exe-1050289 [002] ..... 1635347.462202: sys_ptrace -> 0x0
             exe-1049567 [001] ..... 1635347.462205: sys_nanosleep(rqtp: c000069f10, rmtp: 0)
             exe-1050289 [002] ..... 1635347.462210: sys_pwrite64(fd: 63, buf: 7fd66f767080, count: 17, pos: 19)
             exe-1050289 [002] ..... 1635347.462211: tracing_mark_write: mlockall(flags=0x5) end
             exe-1050289 [002] ..... 1635347.523209: tracing_mark_write: mlockall(flags=0x5) start
             exe-1050289 [002] ..... 1635347.523211: sys_pwrite64 -> 0x19
             exe-1050289 [002] ..... 1635347.523216: sys_ptrace(request: 4205, pid: 1006f2, addr: 1, data: c0005d3c70)
             exe-1050289 [002] ..... 1635347.523219: sys_ptrace -> 0x0
             exe-1050289 [002] ..... 1635347.523220: sys_ptrace(request: 4205, pid: 1006f2, addr: 202, data: c0005d3c70)
             exe-1050289 [002] ..... 1635347.523230: sys_ptrace -> 0x0
             exe-1050289 [002] ..... 1635347.523232: sys_ptrace(request: 1f, pid: 1006f2, addr: 0, data: 0)
             exe-1050289 [002] .N... 1635347.523239: sys_ptrace -> 0x0
             exe-1050354 [002] ..... 1635347.523249: sys_write -> 0x19
             exe-1049567 [001] ..... 1635347.523255: sys_nanosleep -> 0x0
             exe-1049567 [001] ..... 1635347.523261: sys_nanosleep(rqtp: c000069f10, rmtp: 0)
             exe-1050289 [002] ..... 1635347.523267: sys_wait4(upid: 1006f2, stat_addr: c0005d3bf4, options: 40000002, ru: 0)
             exe-1050289 [002] ..... 1635347.523270: sys_wait4 -> 0x1006f2
             exe-1050289 [002] ..... 1635347.523272: sys_ptrace(request: 4204, pid: 1006f2, addr: 1, data: c0005d3c70)
             exe-1050289 [002] ..... 1635347.523275: sys_ptrace -> 0x0
             exe-1050289 [002] ..... 1635347.523277: sys_ptrace(request: 4204, pid: 1006f2, addr: 202, data: c0005d3c70)
             exe-1050289 [002] ..... 1635347.523279: sys_ptrace -> 0x0
             exe-1050289 [002] ..... 1635347.523296: sys_ptrace(request: 4205, pid: 1006f2, addr: 1, data: c0005d3c70)
             exe-1050289 [002] ..... 1635347.523299: sys_ptrace -> 0x0
             exe-1050289 [002] ..... 1635347.523300: sys_ptrace(request: 4205, pid: 1006f2, addr: 202, data: c0005d3c70)
             exe-1050289 [002] ..... 1635347.523309: sys_ptrace -> 0x0
             exe-1050289 [002] ..... 1635347.523311: sys_ptrace(request: 1f, pid: 1006f2, addr: 0, data: 0)
             exe-1050289 [002] .N... 1635347.523318: sys_ptrace -> 0x0
             exe-1050354 [002] ..... 1635347.523327: sys_mlockall -> 0xfffffffffffffff4
             exe-1050289 [002] ..... 1635347.523346: sys_wait4(upid: 1006f2, stat_addr: c0005d3bf4, options: 40000002, ru: 0)
             exe-1050289 [002] ..... 1635347.523348: sys_wait4 -> 0x1006f2
             exe-1050289 [002] ..... 1635347.523350: sys_ptrace(request: 4204, pid: 1006f2, addr: 1, data: c0005d3c70)
             exe-1050289 [002] ..... 1635347.523354: sys_ptrace -> 0x0
             exe-1050289 [002] ..... 1635347.523355: sys_ptrace(request: 4204, pid: 1006f2, addr: 202, data: c0005d3c70)
             exe-1050289 [002] ..... 1635347.523357: sys_ptrace -> 0x0
             exe-1050289 [002] ..... 1635347.523367: sys_pwrite64(fd: 63, buf: 7fd66f767080, count: 17, pos: 19)
             exe-1049567 [001] ..... 1635347.523367: sys_nanosleep -> 0x0
             exe-1050289 [002] ..... 1635347.523368: tracing_mark_write: mlockall(flags=0x5) end
             exe-1050289 [002] ..... 1635347.591954: tracing_mark_write: mlockall(flags=0x5) start
             exe-1050289 [002] ..... 1635347.591956: sys_pwrite64 -> 0x19
             exe-1050289 [002] ..... 1635347.591962: sys_ptrace(request: 4205, pid: 1006f2, addr: 1, data: c0005d3c70)
             exe-1050289 [002] ..... 1635347.591965: sys_ptrace -> 0x0
             exe-1050289 [002] ..... 1635347.591966: sys_ptrace(request: 4205, pid: 1006f2, addr: 202, data: c0005d3c70)
             exe-1050289 [002] ..... 1635347.591977: sys_ptrace -> 0x0
             exe-1050289 [002] ..... 1635347.591979: sys_ptrace(request: 1f, pid: 1006f2, addr: 0, data: 0)
             exe-1050289 [002] .N... 1635347.591986: sys_ptrace -> 0x0
             exe-1050354 [002] ..... 1635347.591997: sys_write -> 0x19
             exe-1050289 [002] ..... 1635347.592015: sys_wait4(upid: 1006f2, stat_addr: c0005d3bf4, options: 40000002, ru: 0)
             exe-1050289 [002] ..... 1635347.592018: sys_wait4 -> 0x1006f2
             exe-1050289 [002] ..... 1635347.592020: sys_ptrace(request: 4204, pid: 1006f2, addr: 1, data: c0005d3c70)
             exe-1050289 [002] ..... 1635347.592023: sys_ptrace -> 0x0
             exe-1050289 [002] ..... 1635347.592025: sys_ptrace(request: 4204, pid: 1006f2, addr: 202, data: c0005d3c70)
             exe-1050289 [002] ..... 1635347.592032: sys_ptrace -> 0x0
             exe-1049673 [003] ..... 1635347.592033: sys_nanosleep -> 0x0
             exe-1049673 [003] ..... 1635347.592039: sys_nanosleep(rqtp: c000069f10, rmtp: 0)
             exe-1050289 [002] ..... 1635347.592048: sys_ptrace(request: 4205, pid: 1006f2, addr: 1, data: c0005d3c70)
             exe-1050289 [002] ..... 1635347.592050: sys_ptrace -> 0x0
             exe-1050289 [002] ..... 1635347.592052: sys_ptrace(request: 4205, pid: 1006f2, addr: 202, data: c0005d3c70)
             exe-1050289 [002] ..... 1635347.592061: sys_ptrace -> 0x0
             exe-1049567 [003] ..... 1635347.592062: sys_nanosleep -> 0x0
             exe-1050289 [002] ..... 1635347.592063: sys_ptrace(request: 1f, pid: 1006f2, addr: 0, data: 0)
             exe-1049567 [003] ..... 1635347.592067: sys_nanosleep(rqtp: c000069f10, rmtp: 0)
             exe-1050289 [002] .N... 1635347.592070: sys_ptrace -> 0x0
             exe-1050354 [002] ..... 1635347.592080: sys_mlockall -> 0xfffffffffffffff4
             exe-1050289 [002] ..... 1635347.592098: sys_wait4(upid: 1006f2, stat_addr: c0005d3bf4, options: 40000002, ru: 0)
             exe-1050289 [002] ..... 1635347.592101: sys_wait4 -> 0x1006f2
             exe-1050289 [002] ..... 1635347.592103: sys_ptrace(request: 4204, pid: 1006f2, addr: 1, data: c0005d3c70)
             exe-1050289 [002] ..... 1635347.592106: sys_ptrace -> 0x0
             exe-1050289 [002] ..... 1635347.592108: sys_ptrace(request: 4204, pid: 1006f2, addr: 202, data: c0005d3c70)
             exe-1050289 [002] ..... 1635347.592110: sys_ptrace -> 0x0
             exe-1050289 [002] ..... 1635347.592120: sys_pwrite64(fd: 63, buf: 7fd66f767080, count: 17, pos: 19)
             exe-1050289 [002] ..... 1635347.592122: tracing_mark_write: mlockall(flags=0x5) end
             exe-1050289 [002] ..... 1635347.656168: tracing_mark_write: mlockall(flags=0x6) start
             exe-1050289 [002] ..... 1635347.656169: sys_pwrite64 -> 0x19
             exe-1050289 [002] ..... 1635347.656176: sys_ptrace(request: 4205, pid: 1006f2, addr: 1, data: c0005d3c70)
             exe-1050289 [002] ..... 1635347.656178: sys_ptrace -> 0x0
             exe-1050289 [002] ..... 1635347.656180: sys_ptrace(request: 4205, pid: 1006f2, addr: 202, data: c0005d3c70)
             exe-1050289 [002] ..... 1635347.656190: sys_ptrace -> 0x0
             exe-1050289 [002] ..... 1635347.656192: sys_ptrace(request: 1f, pid: 1006f2, addr: 0, data: 0)
             exe-1050289 [002] .N... 1635347.656199: sys_ptrace -> 0x0
             exe-1050354 [002] ..... 1635347.656209: sys_write -> 0x19
             exe-1050289 [002] ..... 1635347.656229: sys_wait4(upid: 1006f2, stat_addr: c0005d3bf4, options: 40000002, ru: 0)
             exe-1050289 [002] ..... 1635347.656232: sys_wait4 -> 0x1006f2
             exe-1050289 [002] ..... 1635347.656234: sys_ptrace(request: 4204, pid: 1006f2, addr: 1, data: c0005d3c70)
             exe-1050289 [002] ..... 1635347.656238: sys_ptrace -> 0x0
             exe-1050289 [002] ..... 1635347.656239: sys_ptrace(request: 4204, pid: 1006f2, addr: 202, data: c0005d3c70)
             exe-1050289 [002] ..... 1635347.656242: sys_ptrace -> 0x0
             exe-1050289 [002] ..... 1635347.656247: sys_ptrace(request: 4205, pid: 1006f2, addr: 1, data: c0005d3c70)
             exe-1050289 [002] ..... 1635347.656249: sys_ptrace -> 0x0
             exe-1050289 [002] ..... 1635347.656251: sys_ptrace(request: 4205, pid: 1006f2, addr: 202, data: c0005d3c70)
             exe-1050289 [002] ..... 1635347.656260: sys_ptrace -> 0x0
             exe-1050289 [002] ..... 1635347.656262: sys_ptrace(request: 1f, pid: 1006f2, addr: 0, data: 0)
             exe-1050289 [002] .N... 1635347.656268: sys_ptrace -> 0x0
             exe-1050354 [002] ..... 1635347.656278: sys_mlockall -> 0x0
             exe-1050289 [002] ..... 1635347.656296: sys_wait4(upid: 1006f2, stat_addr: c0005d3bf4, options: 40000002, ru: 0)
             exe-1050289 [002] ..... 1635347.656298: sys_wait4 -> 0x1006f2
             exe-1050289 [002] ..... 1635347.656300: sys_ptrace(request: 4204, pid: 1006f2, addr: 1, data: c0005d3c70)
             exe-1050289 [002] ..... 1635347.656303: sys_ptrace -> 0x0
             exe-1050289 [002] ..... 1635347.656305: sys_ptrace(request: 4204, pid: 1006f2, addr: 202, data: c0005d3c70)
             exe-1050289 [002] ..... 1635347.656307: sys_ptrace -> 0x0
             exe-1050289 [002] ..... 1635347.656317: sys_pwrite64(fd: 63, buf: 7fd66f767080, count: 17, pos: 19)
             exe-1050289 [002] ..... 1635347.656318: tracing_mark_write: mlockall(flags=0x6) end
             exe-1050289 [002] ..... 1635347.722790: tracing_mark_write: mlockall(flags=0x7) start
             exe-1050289 [002] ..... 1635347.722791: sys_pwrite64 -> 0x19
             exe-1050289 [002] ..... 1635347.722797: sys_ptrace(request: 4205, pid: 1006f2, addr: 1, data: c0005d3c70)
             exe-1050289 [002] ..... 1635347.722800: sys_ptrace -> 0x0
             exe-1050289 [002] ..... 1635347.722801: sys_ptrace(request: 4205, pid: 1006f2, addr: 202, data: c0005d3c70)
             exe-1050289 [002] ..... 1635347.722812: sys_ptrace -> 0x0
             exe-1050289 [002] ..... 1635347.722813: sys_ptrace(request: 1f, pid: 1006f2, addr: 0, data: 0)
             exe-1050289 [002] .N... 1635347.722820: sys_ptrace -> 0x0
             exe-1050354 [002] ..... 1635347.722831: sys_write -> 0x19
             exe-1050289 [002] ..... 1635347.722849: sys_wait4(upid: 1006f2, stat_addr: c0005d3bf4, options: 40000002, ru: 0)
             exe-1050289 [002] ..... 1635347.722851: sys_wait4 -> 0x1006f2
             exe-1050289 [002] ..... 1635347.722853: sys_ptrace(request: 4204, pid: 1006f2, addr: 1, data: c0005d3c70)
             exe-1050289 [002] ..... 1635347.722857: sys_ptrace -> 0x0
             exe-1050289 [002] ..... 1635347.722858: sys_ptrace(request: 4204, pid: 1006f2, addr: 202, data: c0005d3c70)
             exe-1050289 [002] ..... 1635347.722860: sys_ptrace -> 0x0
             exe-1050289 [002] ..... 1635347.722878: sys_ptrace(request: 4205, pid: 1006f2, addr: 1, data: c0005d3c70)
             exe-1050289 [002] ..... 1635347.722881: sys_ptrace -> 0x0
             exe-1050289 [002] ..... 1635347.722882: sys_ptrace(request: 4205, pid: 1006f2, addr: 202, data: c0005d3c70)
             exe-1050289 [002] ..... 1635347.722911: sys_ptrace -> 0x0
             exe-1050289 [002] ..... 1635347.722913: sys_ptrace(request: 1f, pid: 1006f2, addr: 0, data: 0)
             exe-1050289 [002] .N... 1635347.722920: sys_ptrace -> 0x0
             exe-1050354 [002] ..... 1635347.722931: sys_mlockall -> 0xfffffffffffffff4
             exe-1050289 [002] ..... 1635347.722951: sys_wait4(upid: 1006f2, stat_addr: c0005d3bf4, options: 40000002, ru: 0)
             exe-1050289 [002] ..... 1635347.722953: sys_wait4 -> 0x1006f2
             exe-1050289 [002] ..... 1635347.722956: sys_ptrace(request: 4204, pid: 1006f2, addr: 1, data: c0005d3c70)
             exe-1050289 [002] ..... 1635347.722959: sys_ptrace -> 0x0
             exe-1050289 [002] ..... 1635347.722960: sys_ptrace(request: 4204, pid: 1006f2, addr: 202, data: c0005d3c70)
             exe-1050289 [002] ..... 1635347.722963: sys_ptrace -> 0x0
             exe-1050289 [002] ..... 1635347.722973: sys_pwrite64(fd: 63, buf: 7fd66f767080, count: 17, pos: 19)
             exe-1050289 [002] ..... 1635347.722974: tracing_mark_write: mlockall(flags=0x7) end
             exe-1050289 [002] ..... 1635347.783040: tracing_mark_write: mlockall(flags=0x7) start
             exe-1050289 [002] ..... 1635347.783041: sys_pwrite64 -> 0x19
             exe-1050289 [002] ..... 1635347.783047: sys_ptrace(request: 4205, pid: 1006f2, addr: 1, data: c0005d3c70)
             exe-1049673 [000] ..... 1635347.783048: sys_futex -> 0x1
             exe-1050289 [002] ..... 1635347.783050: sys_ptrace -> 0x0
             exe-1049673 [000] ..... 1635347.783050: sys_nanosleep(rqtp: c000069f10, rmtp: 0)
             exe-1050289 [002] ..... 1635347.783051: sys_ptrace(request: 4205, pid: 1006f2, addr: 202, data: c0005d3c70)
             exe-1050289 [002] ..... 1635347.783062: sys_ptrace -> 0x0
             exe-1050289 [002] ..... 1635347.783064: sys_ptrace(request: 1f, pid: 1006f2, addr: 0, data: 0)
             exe-1050289 [002] .N... 1635347.783071: sys_ptrace -> 0x0
             exe-1049716 [001] ..... 1635347.783080: sys_futex -> 0x0
             exe-1050354 [002] ..... 1635347.783081: sys_write -> 0x19
             exe-1049716 [001] ..... 1635347.783088: sys_futex(uaddr: c000482148, op: 80, val: 0, utime: 0, uaddr2: 0, val3: 0)
             exe-1050289 [002] ..... 1635347.783099: sys_wait4(upid: 1006f2, stat_addr: c0005d3bf4, options: 40000002, ru: 0)
             exe-1050289 [002] ..... 1635347.783101: sys_wait4 -> 0x1006f2
             exe-1050289 [002] ..... 1635347.783103: sys_ptrace(request: 4204, pid: 1006f2, addr: 1, data: c0005d3c70)
             exe-1050289 [002] ..... 1635347.783107: sys_ptrace -> 0x0
             exe-1050289 [002] ..... 1635347.783108: sys_ptrace(request: 4204, pid: 1006f2, addr: 202, data: c0005d3c70)
             exe-1050289 [002] ..... 1635347.783110: sys_ptrace -> 0x0
             exe-1050289 [002] ..... 1635347.783125: sys_ptrace(request: 4205, pid: 1006f2, addr: 1, data: c0005d3c70)
             exe-1049567 [000] ..... 1635347.783125: sys_nanosleep -> 0x0
             exe-1050289 [002] ..... 1635347.783127: sys_ptrace -> 0x0
             exe-1050289 [002] ..... 1635347.783129: sys_ptrace(request: 4205, pid: 1006f2, addr: 202, data: c0005d3c70)
             exe-1049567 [000] ..... 1635347.783131: sys_nanosleep(rqtp: c000069f10, rmtp: 0)
             exe-1050289 [002] ..... 1635347.783138: sys_ptrace -> 0x0
             exe-1050289 [002] ..... 1635347.783140: sys_ptrace(request: 1f, pid: 1006f2, addr: 0, data: 0)
             exe-1050289 [002] .N... 1635347.783146: sys_ptrace -> 0x0
             exe-1049673 [000] ..... 1635347.783154: sys_nanosleep -> 0x0
             exe-1050354 [002] ..... 1635347.783156: sys_mlockall -> 0xfffffffffffffff4
             exe-1049673 [000] ..... 1635347.783160: sys_futex(uaddr: 1f09dc0, op: 80, val: 0, utime: c000069eb0, uaddr2: 0, val3: 0)
             exe-1050289 [002] ..... 1635347.783173: sys_wait4(upid: 1006f2, stat_addr: c0005d3bf4, options: 40000002, ru: 0)
             exe-1050289 [002] ..... 1635347.783175: sys_wait4 -> 0x1006f2
             exe-1050289 [002] ..... 1635347.783177: sys_ptrace(request: 4204, pid: 1006f2, addr: 1, data: c0005d3c70)
             exe-1050289 [002] ..... 1635347.783180: sys_ptrace -> 0x0
             exe-1050289 [002] ..... 1635347.783182: sys_ptrace(request: 4204, pid: 1006f2, addr: 202, data: c0005d3c70)
             exe-1050289 [002] ..... 1635347.783184: sys_ptrace -> 0x0
             exe-1050289 [002] ..... 1635347.783193: sys_pwrite64(fd: 63, buf: 7fd66f767080, count: 17, pos: 19)
             exe-1050289 [002] ..... 1635347.783194: tracing_mark_write: mlockall(flags=0x7) end
             exe-1050289 [002] ..... 1635347.843899: tracing_mark_write: mlockall(flags=0x7) start
             exe-1050289 [002] ..... 1635347.843901: sys_pwrite64 -> 0x19
             exe-1049567 [000] ..... 1635347.843903: sys_nanosleep -> 0x0
             exe-1049567 [000] ..... 1635347.843906: sys_nanosleep(rqtp: c000069f10, rmtp: 0)
             exe-1049716 [001] ..... 1635347.843907: sys_futex(uaddr: c000482148, op: 80, val: 0, utime: 0, uaddr2: 0, val3: 0)
             exe-1050289 [002] ..... 1635347.843907: sys_ptrace(request: 4205, pid: 1006f2, addr: 1, data: c0005d3c70)
             exe-1050289 [002] ..... 1635347.843910: sys_ptrace -> 0x0
             exe-1050289 [002] ..... 1635347.843911: sys_ptrace(request: 4205, pid: 1006f2, addr: 202, data: c0005d3c70)
             exe-1050289 [002] ..... 1635347.843924: sys_ptrace -> 0x0
             exe-1050289 [002] ..... 1635347.843925: sys_ptrace(request: 1f, pid: 1006f2, addr: 0, data: 0)
             exe-1050289 [002] .N... 1635347.843934: sys_ptrace -> 0x0
             exe-1050354 [002] ..... 1635347.843945: sys_write -> 0x19
             exe-1050289 [002] ..... 1635347.843963: sys_wait4(upid: 1006f2, stat_addr: c0005d3bf4, options: 40000002, ru: 0)
             exe-1050289 [002] ..... 1635347.843966: sys_wait4 -> 0x1006f2
             exe-1050289 [002] ..... 1635347.843968: sys_ptrace(request: 4204, pid: 1006f2, addr: 1, data: c0005d3c70)
             exe-1050289 [002] ..... 1635347.843972: sys_ptrace -> 0x0
             exe-1050289 [002] ..... 1635347.843973: sys_ptrace(request: 4204, pid: 1006f2, addr: 202, data: c0005d3c70)
             exe-1050289 [002] ..... 1635347.843975: sys_ptrace -> 0x0
             exe-1049673 [003] ..... 1635347.843985: sys_nanosleep -> 0x0
             exe-1049673 [003] ..... 1635347.843988: sys_futex(uaddr: 1f09dc0, op: 80, val: 0, utime: c000069eb0, uaddr2: 0, val3: 0)
             exe-1050289 [002] ..... 1635347.843994: sys_ptrace(request: 4205, pid: 1006f2, addr: 1, data: c0005d3c70)
             exe-1050289 [002] ..... 1635347.843997: sys_ptrace -> 0x0
             exe-1049567 [000] ..... 1635347.843998: sys_nanosleep -> 0x0
             exe-1050289 [002] ..... 1635347.843998: sys_ptrace(request: 4205, pid: 1006f2, addr: 202, data: c0005d3c70)
             exe-1049567 [000] ..... 1635347.844000: sys_nanosleep(rqtp: c000069f10, rmtp: 0)
             exe-1050289 [002] ..... 1635347.844009: sys_ptrace -> 0x0
             exe-1050289 [002] ..... 1635347.844011: sys_ptrace(request: 1f, pid: 1006f2, addr: 0, data: 0)
             exe-1050289 [002] .N... 1635347.844017: sys_ptrace -> 0x0
             exe-1050354 [002] ..... 1635347.844028: sys_mlockall -> 0xfffffffffffffff4
             exe-1050289 [002] ..... 1635347.844049: sys_wait4(upid: 1006f2, stat_addr: c0005d3bf4, options: 40000002, ru: 0)
             exe-1050289 [002] ..... 1635347.844052: sys_wait4 -> 0x1006f2
             exe-1050289 [002] ..... 1635347.844054: sys_ptrace(request: 4204, pid: 1006f2, addr: 1, data: c0005d3c70)
             exe-1050289 [002] ..... 1635347.844057: sys_ptrace -> 0x0
             exe-1050289 [002] ..... 1635347.844060: sys_ptrace(request: 4204, pid: 1006f2, addr: 202, data: c0005d3c70)
             exe-1050289 [002] ..... 1635347.844062: sys_ptrace -> 0x0
             exe-1050289 [002] ..... 1635347.844072: sys_pwrite64(fd: 63, buf: 7fd66f767080, count: 17, pos: 19)
             exe-1050289 [002] ..... 1635347.844073: tracing_mark_write: mlockall(flags=0x7) end
             exe-1050289 [002] ..... 1635347.909983: tracing_mark_write: mlockall(flags=0x7) start
             exe-1050289 [002] ..... 1635347.909984: sys_pwrite64 -> 0x19
             exe-1050289 [002] ..... 1635347.909991: sys_ptrace(request: 4205, pid: 1006f2, addr: 1, data: c0005d3c70)
             exe-1050289 [002] ..... 1635347.909994: sys_ptrace -> 0x0
             exe-1050289 [002] ..... 1635347.909995: sys_ptrace(request: 4205, pid: 1006f2, addr: 202, data: c0005d3c70)
             exe-1049567 [000] ..... 1635347.910007: sys_nanosleep -> 0x0
             exe-1049567 [000] ..... 1635347.910009: sys_nanosleep(rqtp: c000069f10, rmtp: 0)
             exe-1050289 [002] ..... 1635347.910012: sys_ptrace -> 0x0
             exe-1050289 [002] ..... 1635347.910014: sys_ptrace(request: 1f, pid: 1006f2, addr: 0, data: 0)
             exe-1050289 [002] .N... 1635347.910024: sys_ptrace -> 0x0
             exe-1050354 [002] ..... 1635347.910035: sys_write -> 0x19
             exe-1050289 [002] ..... 1635347.910056: sys_wait4(upid: 1006f2, stat_addr: c0005d3bf4, options: 40000002, ru: 0)
             exe-1050289 [002] ..... 1635347.910058: sys_wait4 -> 0x1006f2
             exe-1050289 [002] ..... 1635347.910060: sys_ptrace(request: 4204, pid: 1006f2, addr: 1, data: c0005d3c70)
             exe-1050289 [002] ..... 1635347.910064: sys_ptrace -> 0x0
             exe-1050289 [002] ..... 1635347.910065: sys_ptrace(request: 4204, pid: 1006f2, addr: 202, data: c0005d3c70)
             exe-1050289 [002] ..... 1635347.910067: sys_ptrace -> 0x0
             exe-1050289 [002] ..... 1635347.910082: sys_ptrace(request: 4205, pid: 1006f2, addr: 1, data: c0005d3c70)
             exe-1050289 [002] ..... 1635347.910085: sys_ptrace -> 0x0
             exe-1050289 [002] ..... 1635347.910086: sys_ptrace(request: 4205, pid: 1006f2, addr: 202, data: c0005d3c70)
             exe-1050289 [002] ..... 1635347.910096: sys_ptrace -> 0x0
             exe-1050289 [002] ..... 1635347.910097: sys_ptrace(request: 1f, pid: 1006f2, addr: 0, data: 0)
             exe-1049567 [000] ..... 1635347.910099: sys_nanosleep -> 0x0
             exe-1049567 [000] ..... 1635347.910101: sys_nanosleep(rqtp: c000069f10, rmtp: 0)
             exe-1050289 [002] .N... 1635347.910104: sys_ptrace -> 0x0
             exe-1050354 [002] ..... 1635347.910113: sys_mlockall -> 0xfffffffffffffff4
             exe-1050289 [002] ..... 1635347.910130: sys_wait4(upid: 1006f2, stat_addr: c0005d3bf4, options: 40000002, ru: 0)
             exe-1050289 [002] ..... 1635347.910132: sys_wait4 -> 0x1006f2
             exe-1050289 [002] ..... 1635347.910134: sys_ptrace(request: 4204, pid: 1006f2, addr: 1, data: c0005d3c70)
             exe-1050289 [002] ..... 1635347.910137: sys_ptrace -> 0x0
             exe-1050289 [002] ..... 1635347.910139: sys_ptrace(request: 4204, pid: 1006f2, addr: 202, data: c0005d3c70)
             exe-1050289 [002] ..... 1635347.910141: sys_ptrace -> 0x0
             exe-1050289 [002] ..... 1635347.910150: sys_pwrite64(fd: 63, buf: 7fd66f767080, count: 17, pos: 19)
             exe-1050289 [002] ..... 1635347.910151: tracing_mark_write: mlockall(flags=0x7) end
             exe-1050289 [002] ..... 1635347.979875: tracing_mark_write: mlockall(flags=0x7) start
             exe-1050289 [002] ..... 1635347.979876: sys_pwrite64 -> 0x19
             exe-1050289 [002] ..... 1635347.979882: sys_ptrace(request: 4205, pid: 1006f2, addr: 1, data: c0005d3c70)
             exe-1050289 [002] ..... 1635347.979885: sys_ptrace -> 0x0
             exe-1050289 [002] ..... 1635347.979886: sys_ptrace(request: 4205, pid: 1006f2, addr: 202, data: c0005d3c70)
             exe-1050289 [002] ..... 1635347.979896: sys_ptrace -> 0x0
             exe-1050289 [002] ..... 1635347.979898: sys_ptrace(request: 1f, pid: 1006f2, addr: 0, data: 0)
             exe-1050289 [002] .N... 1635347.979904: sys_ptrace -> 0x0
             exe-1050354 [002] ..... 1635347.979914: sys_write -> 0x19
             exe-1049567 [000] ..... 1635347.979926: sys_nanosleep -> 0x0
             exe-1049567 [000] ..... 1635347.979928: sys_nanosleep(rqtp: c000069f10, rmtp: 0)
             exe-1050289 [002] ..... 1635347.979931: sys_wait4(upid: 1006f2, stat_addr: c0005d3bf4, options: 40000002, ru: 0)
             exe-1050289 [002] ..... 1635347.979933: sys_wait4 -> 0x1006f2
             exe-1050289 [002] ..... 1635347.979935: sys_ptrace(request: 4204, pid: 1006f2, addr: 1, data: c0005d3c70)
             exe-1050289 [002] ..... 1635347.979938: sys_ptrace -> 0x0
             exe-1050289 [002] ..... 1635347.979940: sys_ptrace(request: 4204, pid: 1006f2, addr: 202, data: c0005d3c70)
             exe-1050289 [002] ..... 1635347.979942: sys_ptrace -> 0x0
             exe-1049673 [003] ..... 1635347.979945: sys_nanosleep -> 0x0
             exe-1049673 [003] ..... 1635347.979949: sys_futex(uaddr: 1f09dc0, op: 80, val: 0, utime: c000069eb0, uaddr2: 0, val3: 0)
             exe-1050289 [002] ..... 1635347.979956: sys_ptrace(request: 4205, pid: 1006f2, addr: 1, data: c0005d3c70)
             exe-1050289 [002] ..... 1635347.979958: sys_ptrace -> 0x0
             exe-1050289 [002] ..... 1635347.979960: sys_ptrace(request: 4205, pid: 1006f2, addr: 202, data: c0005d3c70)
             exe-1050289 [002] ..... 1635347.979969: sys_ptrace -> 0x0
             exe-1050289 [002] ..... 1635347.979970: sys_ptrace(request: 1f, pid: 1006f2, addr: 0, data: 0)
             exe-1050289 [002] .N... 1635347.979976: sys_ptrace -> 0x0
             exe-1050354 [002] ..... 1635347.979985: sys_mlockall -> 0xfffffffffffffff4
             exe-1050289 [002] ..... 1635347.980002: sys_wait4(upid: 1006f2, stat_addr: c0005d3bf4, options: 40000002, ru: 0)
             exe-1050289 [002] ..... 1635347.980004: sys_wait4 -> 0x1006f2
             exe-1050289 [002] ..... 1635347.980006: sys_ptrace(request: 4204, pid: 1006f2, addr: 1, data: c0005d3c70)
             exe-1050289 [002] ..... 1635347.980010: sys_ptrace -> 0x0
             exe-1050289 [002] ..... 1635347.980011: sys_ptrace(request: 4204, pid: 1006f2, addr: 202, data: c0005d3c70)
             exe-1050289 [002] ..... 1635347.980013: sys_ptrace -> 0x0
             exe-1049567 [000] ..... 1635347.980016: sys_nanosleep -> 0x0
             exe-1049567 [000] ..... 1635347.980018: sys_nanosleep(rqtp: c000069f10, rmtp: 0)
             exe-1050289 [002] ..... 1635347.980022: sys_pwrite64(fd: 63, buf: 7fd66f767080, count: 17, pos: 19)
             exe-1050289 [002] ..... 1635347.980024: tracing_mark_write: mlockall(flags=0x7) end
             exe-1050289 [002] ..... 1635348.053936: tracing_mark_write: mlockall(flags=0x7) start
             exe-1050289 [002] ..... 1635348.053939: sys_pwrite64 -> 0x19
             exe-1050289 [002] ..... 1635348.053955: sys_ptrace(request: 4205, pid: 1006f2, addr: 1, data: c0005d3c70)
             exe-1050289 [002] ..... 1635348.053958: sys_ptrace -> 0x0
             exe-1050289 [002] ..... 1635348.053960: sys_ptrace(request: 4205, pid: 1006f2, addr: 202, data: c0005d3c70)
             exe-1049673 [003] ..... 1635348.053977: sys_nanosleep -> 0x0
             exe-1049673 [003] ..... 1635348.053980: sys_futex(uaddr: 1f09dc0, op: 80, val: 0, utime: c000069eb0, uaddr2: 0, val3: 0)
             exe-1049567 [000] ..... 1635348.053991: sys_nanosleep -> 0x0
             exe-1049567 [000] ..... 1635348.053993: sys_nanosleep(rqtp: c000069f10, rmtp: 0)
             exe-1050289 [002] ..... 1635348.054003: sys_ptrace -> 0x0
             exe-1050289 [002] ..... 1635348.054005: sys_ptrace(request: 1f, pid: 1006f2, addr: 0, data: 0)
             exe-1050289 [002] .N... 1635348.054016: sys_ptrace -> 0x0
             exe-1050354 [002] ..... 1635348.054031: sys_write -> 0x19
             exe-1050289 [002] ..... 1635348.054057: sys_wait4(upid: 1006f2, stat_addr: c0005d3bf4, options: 40000002, ru: 0)
             exe-1050289 [002] ..... 1635348.054060: sys_wait4 -> 0x1006f2
             exe-1050289 [002] ..... 1635348.054061: sys_ptrace(request: 4204, pid: 1006f2, addr: 1, data: c0005d3c70)
             exe-1050289 [002] ..... 1635348.054065: sys_ptrace -> 0x0
             exe-1050289 [002] ..... 1635348.054066: sys_ptrace(request: 4204, pid: 1006f2, addr: 202, data: c0005d3c70)
             exe-1050289 [002] ..... 1635348.054069: sys_ptrace -> 0x0
             exe-1049567 [000] ..... 1635348.054084: sys_nanosleep -> 0x0
             exe-1049567 [000] ..... 1635348.054086: sys_nanosleep(rqtp: c000069f10, rmtp: 0)
             exe-1050289 [002] ..... 1635348.054097: sys_ptrace(request: 4205, pid: 1006f2, addr: 1, data: c0005d3c70)
             exe-1050289 [002] ..... 1635348.054100: sys_ptrace -> 0x0
             exe-1050289 [002] ..... 1635348.054101: sys_ptrace(request: 4205, pid: 1006f2, addr: 202, data: c0005d3c70)
             exe-1050289 [002] ..... 1635348.054112: sys_ptrace -> 0x0
             exe-1050289 [002] ..... 1635348.054113: sys_ptrace(request: 1f, pid: 1006f2, addr: 0, data: 0)
             exe-1050289 [002] .N... 1635348.054120: sys_ptrace -> 0x0
             exe-1050354 [002] ..... 1635348.054131: sys_mlockall -> 0xfffffffffffffff4
             exe-1050289 [002] ..... 1635348.054149: sys_wait4(upid: 1006f2, stat_addr: c0005d3bf4, options: 40000002, ru: 0)
             exe-1050289 [002] ..... 1635348.054152: sys_wait4 -> 0x1006f2
             exe-1050289 [002] ..... 1635348.054154: sys_ptrace(request: 4204, pid: 1006f2, addr: 1, data: c0005d3c70)
             exe-1050289 [002] ..... 1635348.054157: sys_ptrace -> 0x0
             exe-1050289 [002] ..... 1635348.054158: sys_ptrace(request: 4204, pid: 1006f2, addr: 202, data: c0005d3c70)
             exe-1050289 [002] ..... 1635348.054161: sys_ptrace -> 0x0
             exe-1050289 [002] ..... 1635348.054169: sys_pwrite64(fd: 63, buf: 7fd66f767080, count: 17, pos: 19)
             exe-1050289 [002] ..... 1635348.054171: tracing_mark_write: mlockall(flags=0x7) end
             exe-1050289 [002] ..... 1635348.113658: tracing_mark_write: mlockall(flags=0x7) start
             exe-1050289 [002] ..... 1635348.113660: sys_pwrite64 -> 0x19
             exe-1049673 [003] ..... 1635348.113666: sys_nanosleep -> 0x0
             exe-1049673 [003] ..... 1635348.113669: sys_nanosleep(rqtp: c000069f10, rmtp: 0)
             exe-1050289 [002] ..... 1635348.113669: sys_ptrace(request: 4205, pid: 1006f2, addr: 1, data: c0005d3c70)
             exe-1050289 [002] ..... 1635348.113673: sys_ptrace -> 0x0
             exe-1050289 [002] ..... 1635348.113674: sys_ptrace(request: 4205, pid: 1006f2, addr: 202, data: c0005d3c70)
             exe-1050289 [002] ..... 1635348.113691: sys_ptrace -> 0x0
             exe-1049673 [003] ..... 1635348.113758: sys_nanosleep -> 0x0
             exe-1050289 [002] ..... 1635348.113759: sys_ptrace(request: 1f, pid: 1006f2, addr: 0, data: 0)
             exe-1049673 [003] ..... 1635348.113760: sys_nanosleep(rqtp: c000069f10, rmtp: 0)
             exe-1049567 [000] ..... 1635348.113765: sys_nanosleep -> 0x0
             exe-1050289 [002] .N... 1635348.113766: sys_ptrace -> 0x0
             exe-1049567 [000] ..... 1635348.113770: sys_nanosleep(rqtp: c000069f10, rmtp: 0)
             exe-1050354 [002] ..... 1635348.113779: sys_write -> 0x19
             exe-1050289 [002] ..... 1635348.113801: sys_wait4(upid: 1006f2, stat_addr: c0005d3bf4, options: 40000002, ru: 0)
             exe-1050289 [002] ..... 1635348.113804: sys_wait4 -> 0x1006f2
             exe-1050289 [002] .N... 1635348.113830: sys_ptrace(request: 4204, pid: 1006f2, addr: 1, data: c0005d3c70)
             exe-1049673 [003] ..... 1635348.113849: sys_nanosleep -> 0x0
             exe-1049673 [003] ..... 1635348.113851: sys_nanosleep(rqtp: c000069f10, rmtp: 0)
             exe-1050289 [002] ..... 1635348.113875: sys_ptrace -> 0x0
             exe-1050289 [002] ..... 1635348.113879: sys_ptrace(request: 4204, pid: 1006f2, addr: 202, data: c0005d3c70)
             exe-1050289 [002] ..... 1635348.113883: sys_ptrace -> 0x0
             exe-1050289 [002] ..... 1635348.113906: sys_ptrace(request: 4205, pid: 1006f2, addr: 1, data: c0005d3c70)
             exe-1050289 [002] ..... 1635348.113909: sys_ptrace -> 0x0
             exe-1050289 [002] ..... 1635348.113910: sys_ptrace(request: 4205, pid: 1006f2, addr: 202, data: c0005d3c70)
             exe-1049673 [003] ..... 1635348.113940: sys_nanosleep -> 0x0
             exe-1049673 [003] ..... 1635348.113942: sys_nanosleep(rqtp: c000069f10, rmtp: 0)
             exe-1050289 [002] .N... 1635348.113947: sys_ptrace -> 0x0
             exe-1050289 [002] ..... 1635348.113988: sys_ptrace(request: 1f, pid: 1006f2, addr: 0, data: 0)
             exe-1050289 [002] .N... 1635348.113995: sys_ptrace -> 0x0
             exe-1050354 [002] ..... 1635348.114008: sys_mlockall -> 0xfffffffffffffff4
             exe-1049673 [003] ..... 1635348.114031: sys_nanosleep -> 0x0
             exe-1050289 [002] ..... 1635348.114031: sys_wait4(upid: 1006f2, stat_addr: c0005d3bf4, options: 40000002, ru: 0)
