             exe-1050232 [002] ..... 1635396.990489: tracing_mark_write: move_pages(pid=1, nr_pages=28, pages=0x555962e28d00, nodes=0x555962e96a60, status=0x555962e29d10, flags=0x7fd7af619d00) start
             exe-1050232 [002] ..... 1635396.990497: sys_pwrite64 -> 0x7d
             exe-1050232 [002] ..... 1635396.990503: sys_ptrace(request: 4205, pid: 1006d7, addr: 1, data: c0005d3c70)
             exe-1050232 [002] ..... 1635396.990505: sys_ptrace -> 0x0
             exe-1050232 [002] ..... 1635396.990505: sys_ptrace(request: 4205, pid: 1006d7, addr: 202, data: c0005d3c70)
             exe-1050232 [002] ..... 1635396.990513: sys_ptrace -> 0x0
             exe-1050232 [002] ..... 1635396.990514: sys_ptrace(request: 1f, pid: 1006d7, addr: 0, data: 0)
             exe-1050232 [002] .N... 1635396.990519: sys_ptrace -> 0x0
             exe-1050327 [002] ..... 1635396.990525: sys_write -> 0x7d
             exe-1050232 [002] ..... 1635396.990538: sys_wait4(upid: 1006d7, stat_addr: c0005d3bf4, options: 40000002, ru: 0)
             exe-1050232 [002] ..... 1635396.990539: sys_wait4 -> 0x1006d7
             exe-1050232 [002] ..... 1635396.990540: sys_ptrace(request: 4204, pid: 1006d7, addr: 1, data: c0005d3c70)
             exe-1050232 [002] ..... 1635396.990543: sys_ptrace -> 0x0
             exe-1050232 [002] ..... 1635396.990544: sys_ptrace(request: 4204, pid: 1006d7, addr: 202, data: c0005d3c70)
             exe-1050232 [002] ..... 1635396.990545: sys_ptrace -> 0x0
             exe-1050232 [002] ..... 1635396.990558: sys_ptrace(request: 4205, pid: 1006d7, addr: 1, data: c0005d3c70)
             exe-1050232 [002] ..... 1635396.990560: sys_ptrace -> 0x0
             exe-1050232 [002] ..... 1635396.990560: sys_ptrace(request: 4205, pid: 1006d7, addr: 202, data: c0005d3c70)
             exe-1050232 [002] ..... 1635396.990567: sys_ptrace -> 0x0
             exe-1050232 [002] ..... 1635396.990568: sys_ptrace(request: 1f, pid: 1006d7, addr: 0, data: 0)
             exe-1050232 [002] .N... 1635396.990572: sys_ptrace -> 0x0
             exe-1050327 [002] ..... 1635396.990586: sys_move_pages -> 0xffffffffffffffff
             exe-1050232 [002] ..... 1635396.990601: sys_wait4(upid: 1006d7, stat_addr: c0005d3bf4, options: 40000002, ru: 0)
             exe-1050232 [002] ..... 1635396.990602: sys_wait4 -> 0x1006d7
             exe-1050232 [002] ..... 1635396.990604: sys_ptrace(request: 4204, pid: 1006d7, addr: 1, data: c0005d3c70)
             exe-1050232 [002] ..... 1635396.990606: sys_ptrace -> 0x0
             exe-1050232 [002] ..... 1635396.990607: sys_ptrace(request: 4204, pid: 1006d7, addr: 202, data: c0005d3c70)
             exe-1050232 [002] ..... 1635396.990609: sys_ptrace -> 0x0
             exe-1050232 [002] ..... 1635396.990619: sys_pwrite64(fd: 63, buf: 7fd66ed52080, count: 7b, pos: 7d)
             exe-1050232 [002] ..... 1635396.990629: tracing_mark_write: move_pages(pid=1, nr_pages=28, pages=0x555962e28d00, nodes=0x555962e96a60, status=0x555962e29d10, flags=0x7fd7af619d00) end
             exe-1050232 [001] ..... 1635397.127734: tracing_mark_write: move_pages(pid=1, nr_pages=183, pages=0x555962e28d00, nodes=0x555962e30010, status=0x555962e30300, flags=0x7fd7af619d00) start
             exe-1050232 [001] ..... 1635397.127735: sys_pwrite64 -> 0x7e
             exe-1050232 [001] ..... 1635397.127742: sys_ptrace(request: 4205, pid: 1006d7, addr: 1, data: c0005d3c70)
             exe-1050232 [001] ..... 1635397.127745: sys_ptrace -> 0x0
             exe-1050232 [001] ..... 1635397.127746: sys_ptrace(request: 4205, pid: 1006d7, addr: 202, data: c0005d3c70)
             exe-1050232 [001] ..... 1635397.127756: sys_ptrace -> 0x0
             exe-1050232 [001] ..... 1635397.127758: sys_ptrace(request: 1f, pid: 1006d7, addr: 0, data: 0)
             exe-1050232 [001] .N... 1635397.127783: sys_ptrace -> 0x0
             exe-1050327 [001] ..... 1635397.127795: sys_write -> 0x7e
             exe-1049673 [001] ..... 1635397.127814: sys_nanosleep -> 0x0
             exe-1049673 [001] ..... 1635397.127819: sys_nanosleep(rqtp: c000069f10, rmtp: 0)
             exe-1050232 [001] ..... 1635397.127845: sys_wait4(upid: 1006d7, stat_addr: c0005d3bf4, options: 40000002, ru: 0)
             exe-1050232 [001] ..... 1635397.127848: sys_wait4 -> 0x1006d7
             exe-1050232 [001] ..... 1635397.127850: sys_ptrace(request: 4204, pid: 1006d7, addr: 1, data: c0005d3c70)
             exe-1050232 [001] ..... 1635397.127854: sys_ptrace -> 0x0
             exe-1050232 [001] ..... 1635397.127856: sys_ptrace(request: 4204, pid: 1006d7, addr: 202, data: c0005d3c70)
             exe-1050232 [001] ..... 1635397.127858: sys_ptrace -> 0x0
             exe-1050232 [001] ..... 1635397.127866: sys_ptrace(request: 4205, pid: 1006d7, addr: 1, data: c0005d3c70)
             exe-1050232 [001] ..... 1635397.127868: sys_ptrace -> 0x0
             exe-1050232 [001] ..... 1635397.127881: sys_ptrace(request: 4205, pid: 1006d7, addr: 202, data: c0005d3c70)
             exe-1049673 [001] ..... 1635397.127923: sys_nanosleep -> 0x0
             exe-1049673 [001] ..... 1635397.127929: sys_nanosleep(rqtp: c000069f10, rmtp: 0)
             exe-1050232 [001] ..... 1635397.127948: sys_ptrace -> 0x0
             exe-1050232 [001] ..... 1635397.127952: sys_ptrace(request: 1f, pid: 1006d7, addr: 0, data: 0)
             exe-1050232 [001] .N... 1635397.127958: sys_ptrace -> 0x0
             exe-1050327 [001] ..... 1635397.128007: sys_move_pages -> 0xffffffffffffffff
             exe-1049673 [001] ..... 1635397.128025: sys_nanosleep -> 0x0
             exe-1049673 [001] ..... 1635397.128030: sys_nanosleep(rqtp: c000069f10, rmtp: 0)
             exe-1049567 [000] ..... 1635397.128048: sys_nanosleep -> 0x0
             exe-1050232 [001] ..... 1635397.128057: sys_wait4(upid: 1006d7, stat_addr: c0005d3bf4, options: 40000002, ru: 0)
             exe-1049567 [000] ..... 1635397.128057: sys_nanosleep(rqtp: c000069f10, rmtp: 0)
             exe-1050232 [001] .N... 1635397.128066: sys_wait4 -> 0x1006d7
             exe-1050232 [001] ..... 1635397.128079: sys_ptrace(request: 4204, pid: 1006d7, addr: 1, data: c0005d3c70)
             exe-1050232 [001] ..... 1635397.128084: sys_ptrace -> 0x0
             exe-1050232 [001] ..... 1635397.128085: sys_ptrace(request: 4204, pid: 1006d7, addr: 202, data: c0005d3c70)
             exe-1050232 [001] ..... 1635397.128088: sys_ptrace -> 0x0
             exe-1050232 [001] .N... 1635397.128122: sys_pwrite64(fd: 63, buf: 7fd66ed52080, count: 7c, pos: 7e)
             exe-1049673 [001] ..... 1635397.128132: sys_nanosleep -> 0x0
             exe-1049673 [001] ..... 1635397.128137: sys_nanosleep(rqtp: c000069f10, rmtp: 0)
             exe-1050232 [001] ..... 1635397.128156: tracing_mark_write: move_pages(pid=1, nr_pages=183, pages=0x555962e28d00, nodes=0x555962e30010, status=0x555962e30300, flags=0x7fd7af619d00) end
             exe-1050232 [003] ..... 1635397.255474: tracing_mark_write: move_pages(pid=49901, nr_pages=190, pages=0x555962e28d00, nodes=0x555962e305f0, status=0x555962e308f0, flags=0x7fd7af619d00) start
             exe-1050232 [003] ..... 1635397.255476: sys_pwrite64 -> 0x82
             exe-1050232 [003] ..... 1635397.255482: sys_ptrace(request: 4205, pid: 1006d7, addr: 1, data: c0005d3c70)
             exe-1050232 [003] ..... 1635397.255485: sys_ptrace -> 0x0
             exe-1050232 [003] ..... 1635397.255486: sys_ptrace(request: 4205, pid: 1006d7, addr: 202, data: c0005d3c70)
             exe-1050232 [003] ..... 1635397.255495: sys_ptrace -> 0x0
             exe-1050232 [003] ..... 1635397.255497: sys_ptrace(request: 1f, pid: 1006d7, addr: 0, data: 0)
             exe-1050232 [003] ..... 1635397.255510: sys_ptrace -> 0x0
             exe-1050232 [003] ..... 1635397.255512: sys_wait4(upid: 1006d7, stat_addr: c0005d3bf4, options: 40000002, ru: 0)
             exe-1050327 [000] ..... 1635397.255523: sys_write -> 0x82
             exe-1050232 [003] ..... 1635397.255539: sys_wait4 -> 0x1006d7
             exe-1050232 [003] ..... 1635397.255541: sys_ptrace(request: 4204, pid: 1006d7, addr: 1, data: c0005d3c70)
             exe-1050232 [003] ..... 1635397.255544: sys_ptrace -> 0x0
             exe-1050232 [003] ..... 1635397.255545: sys_ptrace(request: 4204, pid: 1006d7, addr: 202, data: c0005d3c70)
             exe-1050232 [003] ..... 1635397.255547: sys_ptrace -> 0x0
             exe-1050232 [003] ..... 1635397.255553: sys_ptrace(request: 4205, pid: 1006d7, addr: 1, data: c0005d3c70)
             exe-1050232 [003] ..... 1635397.255555: sys_ptrace -> 0x0
             exe-1050232 [003] ..... 1635397.255568: sys_ptrace(request: 4205, pid: 1006d7, addr: 202, data: c0005d3c70)
             exe-1050232 [003] ..... 1635397.255575: sys_ptrace -> 0x0
             exe-1050232 [003] ..... 1635397.255577: sys_ptrace(request: 1f, pid: 1006d7, addr: 0, data: 0)
             exe-1050232 [003] ..... 1635397.255586: sys_ptrace -> 0x0
             exe-1050232 [003] ..... 1635397.255588: sys_wait4(upid: 1006d7, stat_addr: c0005d3bf4, options: 40000002, ru: 0)
             exe-1050327 [000] ..... 1635397.255599: sys_move_pages -> 0xffffffffffffffff
             exe-1050232 [003] ..... 1635397.255613: sys_wait4 -> 0x1006d7
             exe-1050232 [003] ..... 1635397.255615: sys_ptrace(request: 4204, pid: 1006d7, addr: 1, data: c0005d3c70)
             exe-1050232 [003] ..... 1635397.255618: sys_ptrace -> 0x0
             exe-1050232 [003] ..... 1635397.255619: sys_ptrace(request: 4204, pid: 1006d7, addr: 202, data: c0005d3c70)
             exe-1050232 [003] ..... 1635397.255621: sys_ptrace -> 0x0
             exe-1050232 [003] ..... 1635397.255628: sys_pwrite64(fd: 63, buf: 7fd66ed52080, count: 80, pos: 82)
             exe-1050232 [003] ..... 1635397.255629: tracing_mark_write: move_pages(pid=49901, nr_pages=190, pages=0x555962e28d00, nodes=0x555962e305f0, status=0x555962e308f0, flags=0x7fd7af619d00) end
             exe-1050232 [003] ..... 1635397.390197: tracing_mark_write: move_pages(pid=0, nr_pages=403, pages=0x555962e28d00, nodes=0x555962e30bf0, status=0x555962e31250, flags=0x7fd7af619d00) start
             exe-1050232 [003] ..... 1635397.390198: sys_pwrite64 -> 0x7e
             exe-1050232 [003] ..... 1635397.390202: sys_ptrace(request: 4205, pid: 1006d7, addr: 1, data: c0005d3c70)
             exe-1050232 [003] ..... 1635397.390203: sys_ptrace -> 0x0
             exe-1050232 [003] ..... 1635397.390204: sys_ptrace(request: 4205, pid: 1006d7, addr: 202, data: c0005d3c70)
             exe-1050232 [003] ..... 1635397.390211: sys_ptrace -> 0x0
             exe-1050232 [003] ..... 1635397.390212: sys_ptrace(request: 1f, pid: 1006d7, addr: 0, data: 0)
             exe-1050232 [003] ..... 1635397.390217: sys_ptrace -> 0x0
             exe-1050232 [003] ..... 1635397.390218: sys_wait4(upid: 1006d7, stat_addr: c0005d3bf4, options: 40000002, ru: 0)
             exe-1049567 [000] ..... 1635397.390239: sys_nanosleep -> 0x0
             exe-1049567 [000] ..... 1635397.390244: sys_nanosleep(rqtp: c000069f10, rmtp: 0)
             exe-1049673 [001] ..... 1635397.390254: sys_nanosleep -> 0x0
             exe-1049673 [001] ..... 1635397.390256: sys_nanosleep(rqtp: c000069f10, rmtp: 0)
             exe-1050327 [000] ..... 1635397.390259: sys_write -> 0x7e
             exe-1050232 [003] ..... 1635397.390273: sys_wait4 -> 0x1006d7
             exe-1050232 [003] ..... 1635397.390274: sys_ptrace(request: 4204, pid: 1006d7, addr: 1, data: c0005d3c70)
             exe-1050232 [003] ..... 1635397.390276: sys_ptrace -> 0x0
             exe-1050232 [003] ..... 1635397.390277: sys_ptrace(request: 4204, pid: 1006d7, addr: 202, data: c0005d3c70)
             exe-1050232 [003] ..... 1635397.390278: sys_ptrace -> 0x0
             exe-1050232 [003] ..... 1635397.390281: sys_ptrace(request: 4205, pid: 1006d7, addr: 1, data: c0005d3c70)
             exe-1050232 [003] ..... 1635397.390283: sys_ptrace -> 0x0
             exe-1050232 [003] ..... 1635397.390284: sys_ptrace(request: 4205, pid: 1006d7, addr: 202, data: c0005d3c70)
             exe-1050232 [003] ..... 1635397.390289: sys_ptrace -> 0x0
             exe-1050232 [003] ..... 1635397.390290: sys_ptrace(request: 1f, pid: 1006d7, addr: 0, data: 0)
             exe-1050232 [003] ..... 1635397.390294: sys_ptrace -> 0x0
             exe-1050232 [003] ..... 1635397.390295: sys_wait4(upid: 1006d7, stat_addr: c0005d3bf4, options: 40000002, ru: 0)
             exe-1050327 [000] ..... 1635397.390301: sys_move_pages -> 0xffffffffffffffff
             exe-1050232 [003] ..... 1635397.390311: sys_wait4 -> 0x1006d7
             exe-1050232 [003] ..... 1635397.390313: sys_ptrace(request: 4204, pid: 1006d7, addr: 1, data: c0005d3c70)
             exe-1050232 [003] ..... 1635397.390315: sys_ptrace -> 0x0
             exe-1050232 [003] ..... 1635397.390316: sys_ptrace(request: 4204, pid: 1006d7, addr: 202, data: c0005d3c70)
             exe-1050232 [003] ..... 1635397.390317: sys_ptrace -> 0x0
             exe-1050232 [003] ..... 1635397.390321: sys_pwrite64(fd: 63, buf: 7fd66ed52080, count: 7c, pos: 7e)
             exe-1050232 [003] ..... 1635397.390322: tracing_mark_write: move_pages(pid=0, nr_pages=403, pages=0x555962e28d00, nodes=0x555962e30bf0, status=0x555962e31250, flags=0x7fd7af619d00) end
             exe-1050232 [003] ..... 1635397.549864: tracing_mark_write: move_pages(pid=0, nr_pages=437, pages=0x555962e28d00, nodes=0x555962e30bf0, status=0x555962e312d0, flags=0x7fd7af619d00) start
             exe-1050232 [003] ..... 1635397.549865: sys_pwrite64 -> 0x7e
             exe-1050232 [003] ..... 1635397.549868: sys_ptrace(request: 4205, pid: 1006d7, addr: 1, data: c0005d3c70)
             exe-1050232 [003] ..... 1635397.549877: sys_ptrace -> 0x0
             exe-1067990 [001] ..... 1635397.549887: sys_futex(uaddr: c0002dd548, op: 80, val: 0, utime: 0, uaddr2: 0, val3: 0)
             exe-1049567 [001] ..... 1635397.549899: sys_nanosleep -> 0x0
             exe-1049567 [001] ..... 1635397.549904: sys_nanosleep(rqtp: c000069f10, rmtp: 0)
             exe-1049673 [002] ..... 1635397.549927: sys_nanosleep -> 0x0
             exe-1049673 [002] ..... 1635397.549930: sys_futex(uaddr: 1f09dc0, op: 80, val: 0, utime: c000069eb0, uaddr2: 0, val3: 0)
             exe-1049567 [001] ..... 1635397.549999: sys_nanosleep -> 0x0
             exe-1049567 [001] ..... 1635397.550002: sys_nanosleep(rqtp: c000069f10, rmtp: 0)
             exe-1050232 [003] ..... 1635397.550027: sys_ptrace(request: 4205, pid: 1006d7, addr: 202, data: c0005d3c70)
             exe-1050232 [003] ..... 1635397.550035: sys_ptrace -> 0x0
             exe-1050232 [003] ..... 1635397.550036: sys_ptrace(request: 1f, pid: 1006d7, addr: 0, data: 0)
             exe-1050232 [003] ..... 1635397.550041: sys_ptrace -> 0x0
             exe-1050232 [003] ..... 1635397.550043: sys_wait4(upid: 1006d7, stat_addr: c0005d3bf4, options: 40000002, ru: 0)
             exe-1050327 [000] ..... 1635397.550062: sys_write -> 0x7e
             exe-1050232 [003] ..... 1635397.550077: sys_wait4 -> 0x1006d7
             exe-1050232 [003] ..... 1635397.550078: sys_ptrace(request: 4204, pid: 1006d7, addr: 1, data: c0005d3c70)
             exe-1050232 [003] ..... 1635397.550080: sys_ptrace -> 0x0
             exe-1050232 [003] ..... 1635397.550081: sys_ptrace(request: 4204, pid: 1006d7, addr: 202, data: c0005d3c70)
             exe-1050232 [003] ..... 1635397.550083: sys_ptrace -> 0x0
             exe-1049567 [001] ..... 1635397.550090: sys_nanosleep -> 0x0
             exe-1049567 [001] ..... 1635397.550092: sys_nanosleep(rqtp: c000069f10, rmtp: 0)
             exe-1050232 [003] ..... 1635397.550097: sys_ptrace(request: 4205, pid: 1006d7, addr: 1, data: c0005d3c70)
             exe-1050232 [003] ..... 1635397.550098: sys_ptrace -> 0x0
             exe-1050232 [003] ..... 1635397.550099: sys_ptrace(request: 4205, pid: 1006d7, addr: 202, data: c0005d3c70)
             exe-1050232 [003] ..... 1635397.550104: sys_ptrace -> 0x0
             exe-1050232 [003] ..... 1635397.550106: sys_ptrace(request: 1f, pid: 1006d7, addr: 0, data: 0)
             exe-1050232 [003] ..... 1635397.550109: sys_ptrace -> 0x0
             exe-1050232 [003] ..... 1635397.550111: sys_wait4(upid: 1006d7, stat_addr: c0005d3bf4, options: 40000002, ru: 0)
             exe-1050327 [000] ..... 1635397.550117: sys_move_pages -> 0xffffffffffffffff
             exe-1050232 [003] ..... 1635397.550127: sys_wait4 -> 0x1006d7
             exe-1050232 [003] ..... 1635397.550128: sys_ptrace(request: 4204, pid: 1006d7, addr: 1, data: c0005d3c70)
             exe-1050232 [003] ..... 1635397.550131: sys_ptrace -> 0x0
             exe-1050232 [003] ..... 1635397.550132: sys_ptrace(request: 4204, pid: 1006d7, addr: 202, data: c0005d3c70)
             exe-1050232 [003] ..... 1635397.550133: sys_ptrace -> 0x0
             exe-1050232 [003] ..... 1635397.550139: sys_pwrite64(fd: 63, buf: 7fd66ed52080, count: 7c, pos: 7e)
             exe-1050232 [003] ..... 1635397.550140: tracing_mark_write: move_pages(pid=0, nr_pages=437, pages=0x555962e28d00, nodes=0x555962e30bf0, status=0x555962e312d0, flags=0x7fd7af619d00) end
             exe-1050232 [003] ..... 1635397.655051: tracing_mark_write: move_pages(pid=0, nr_pages=171, pages=0x555962e28d00, nodes=0x555962e30bf0, status=0x555962e30eb0, flags=0x7fd7af619d00) start
             exe-1050232 [003] ..... 1635397.655053: sys_pwrite64 -> 0x7e
             exe-1050232 [003] ..... 1635397.655058: sys_ptrace(request: 4205, pid: 1006d7, addr: 1, data: c0005d3c70)
             exe-1050232 [003] ..... 1635397.655060: sys_ptrace -> 0x0
             exe-1050232 [003] ..... 1635397.655061: sys_ptrace(request: 4205, pid: 1006d7, addr: 202, data: c0005d3c70)
             exe-1050232 [003] ..... 1635397.655070: sys_ptrace -> 0x0
             exe-1050232 [003] ..... 1635397.655071: sys_ptrace(request: 1f, pid: 1006d7, addr: 0, data: 0)
             exe-1050232 [003] ..... 1635397.655078: sys_ptrace -> 0x0
             exe-1050232 [003] ..... 1635397.655080: sys_wait4(upid: 1006d7, stat_addr: c0005d3bf4, options: 40000002, ru: 0)
             exe-1049673 [000] ..... 1635397.655082: sys_nanosleep -> 0x0
             exe-1049673 [000] ..... 1635397.655086: sys_nanosleep(rqtp: c000069f10, rmtp: 0)
             exe-1050327 [000] ..... 1635397.655100: sys_write -> 0x7e
             exe-1050232 [003] ..... 1635397.655122: sys_wait4 -> 0x1006d7
             exe-1050232 [003] ..... 1635397.655123: sys_ptrace(request: 4204, pid: 1006d7, addr: 1, data: c0005d3c70)
             exe-1050232 [003] ..... 1635397.655126: sys_ptrace -> 0x0
             exe-1050232 [003] ..... 1635397.655127: sys_ptrace(request: 4204, pid: 1006d7, addr: 202, data: c0005d3c70)
             exe-1050232 [003] ..... 1635397.655129: sys_ptrace -> 0x0
             exe-1050232 [003] ..... 1635397.655133: sys_ptrace(request: 4205, pid: 1006d7, addr: 1, data: c0005d3c70)
             exe-1050232 [003] ..... 1635397.655135: sys_ptrace -> 0x0
             exe-1050232 [003] ..... 1635397.655136: sys_ptrace(request: 4205, pid: 1006d7, addr: 202, data: c0005d3c70)
             exe-1050232 [003] ..... 1635397.655141: sys_ptrace -> 0x0
             exe-1050232 [003] ..... 1635397.655143: sys_ptrace(request: 1f, pid: 1006d7, addr: 0, data: 0)
             exe-1050232 [003] ..... 1635397.655148: sys_ptrace -> 0x0
             exe-1050232 [003] ..... 1635397.655149: sys_wait4(upid: 1006d7, stat_addr: c0005d3bf4, options: 40000002, ru: 0)
             exe-1050327 [000] .N... 1635397.655174: sys_move_pages -> 0xffffffffffffffff
             exe-1049673 [000] ..... 1635397.655182: sys_nanosleep -> 0x0
             exe-1049673 [000] ..... 1635397.655188: sys_nanosleep(rqtp: c000069f10, rmtp: 0)
             exe-1050232 [003] ..... 1635397.655224: sys_wait4 -> 0x1006d7
             exe-1050232 [003] ..... 1635397.655226: sys_ptrace(request: 4204, pid: 1006d7, addr: 1, data: c0005d3c70)
             exe-1050232 [003] ..... 1635397.655228: sys_ptrace -> 0x0
             exe-1050232 [003] ..... 1635397.655229: sys_ptrace(request: 4204, pid: 1006d7, addr: 202, data: c0005d3c70)
             exe-1050232 [003] ..... 1635397.655231: sys_ptrace -> 0x0
             exe-1050232 [003] ..... 1635397.655236: sys_pwrite64(fd: 63, buf: 7fd66ed52080, count: 7c, pos: 7e)
             exe-1050232 [003] ..... 1635397.655237: tracing_mark_write: move_pages(pid=0, nr_pages=171, pages=0x555962e28d00, nodes=0x555962e30bf0, status=0x555962e30eb0, flags=0x7fd7af619d00) end
             exe-1050232 [000] ..... 1635397.729491: tracing_mark_write: move_pages(pid=1, nr_pages=51, pages=0x555962e28d00, nodes=0x555962e31170, status=0x555962e31250, flags=0x7fd7af619d00) start
             exe-1050232 [000] .N... 1635397.729534: sys_pwrite64 -> 0x7d
             exe-1049673 [000] ..... 1635397.729546: sys_nanosleep -> 0x0
             exe-1049673 [000] ..... 1635397.729553: sys_epoll_pwait(epfd: 10, events: c000069920, maxevents: 80, timeout: 0, sigmask: 0, sigsetsize: 0)
             exe-1049673 [000] ..... 1635397.729556: sys_epoll_pwait -> 0x0
             exe-1049673 [000] ..... 1635397.729559: sys_nanosleep(rqtp: c000069f10, rmtp: 0)
             exe-1050232 [000] ..... 1635397.729597: sys_ptrace(request: 4205, pid: 1006d7, addr: 1, data: c0005d3c70)
             exe-1050232 [000] ..... 1635397.729603: sys_ptrace -> 0x0
             exe-1050232 [000] ..... 1635397.729604: sys_ptrace(request: 4205, pid: 1006d7, addr: 202, data: c0005d3c70)
             exe-1050232 [000] ..... 1635397.729618: sys_ptrace -> 0x0
             exe-1050232 [000] ..... 1635397.729620: sys_ptrace(request: 1f, pid: 1006d7, addr: 0, data: 0)
             exe-1050232 [000] .N... 1635397.729627: sys_ptrace -> 0x0
             exe-1050327 [000] ..... 1635397.729670: sys_write -> 0x7d
             exe-1049673 [000] ..... 1635397.729690: sys_nanosleep -> 0x0
             exe-1049673 [000] ..... 1635397.729697: sys_nanosleep(rqtp: c000069f10, rmtp: 0)
             exe-1050232 [000] ..... 1635397.729729: sys_wait4(upid: 1006d7, stat_addr: c0005d3bf4, options: 40000002, ru: 0)
             exe-1050232 [000] ..... 1635397.729738: sys_wait4 -> 0x1006d7
             exe-1050232 [000] ..... 1635397.729740: sys_ptrace(request: 4204, pid: 1006d7, addr: 1, data: c0005d3c70)
             exe-1050232 [000] ..... 1635397.729746: sys_ptrace -> 0x0
             exe-1050232 [000] ..... 1635397.729747: sys_ptrace(request: 4204, pid: 1006d7, addr: 202, data: c0005d3c70)
             exe-1050232 [000] ..... 1635397.729751: sys_ptrace -> 0x0
             exe-1050232 [000] ..... 1635397.729758: sys_ptrace(request: 4205, pid: 1006d7, addr: 1, data: c0005d3c70)
             exe-1050232 [000] ..... 1635397.729761: sys_ptrace -> 0x0
             exe-1050232 [000] ..... 1635397.729803: sys_ptrace(request: 4205, pid: 1006d7, addr: 202, data: c0005d3c70)
             exe-1049673 [000] ..... 1635397.729816: sys_nanosleep -> 0x0
             exe-1049673 [000] ..... 1635397.729822: sys_nanosleep(rqtp: c000069f10, rmtp: 0)
             exe-1050232 [000] ..... 1635397.729862: sys_ptrace -> 0x0
             exe-1050232 [000] ..... 1635397.729866: sys_ptrace(request: 1f, pid: 1006d7, addr: 0, data: 0)
             exe-1050232 [000] .N... 1635397.729874: sys_ptrace -> 0x0
             exe-1050327 [000] ..... 1635397.729887: sys_move_pages -> 0xffffffffffffffff
             exe-1049673 [000] ..... 1635397.729939: sys_nanosleep -> 0x0
             exe-1049673 [000] ..... 1635397.729945: sys_nanosleep(rqtp: c000069f10, rmtp: 0)
             exe-1050232 [000] ..... 1635397.729975: sys_wait4(upid: 1006d7, stat_addr: c0005d3bf4, options: 40000002, ru: 0)
             exe-1050232 [000] ..... 1635397.729979: sys_wait4 -> 0x1006d7
             exe-1050232 [000] ..... 1635397.729982: sys_ptrace(request: 4204, pid: 1006d7, addr: 1, data: c0005d3c70)
             exe-1050232 [000] ..... 1635397.729987: sys_ptrace -> 0x0
             exe-1050232 [000] ..... 1635397.729989: sys_ptrace(request: 4204, pid: 1006d7, addr: 202, data: c0005d3c70)
             exe-1050232 [000] ..... 1635397.729992: sys_ptrace -> 0x0
             exe-1050232 [000] ..... 1635397.730007: sys_pwrite64(fd: 63, buf: 7fd66ed52080, count: 7b, pos: 7d)
             exe-1050232 [000] ..... 1635397.730011: tracing_mark_write: move_pages(pid=1, nr_pages=51, pages=0x555962e28d00, nodes=0x555962e31170, status=0x555962e31250, flags=0x7fd7af619d00) end
             exe-1050232 [002] ..... 1635397.869709: tracing_mark_write: move_pages(pid=49901, nr_pages=341, pages=0x555962e28d00, nodes=0x555962e31330, status=0x555962e31890, flags=0x7fd7af619d00) start
             exe-1050232 [002] ..... 1635397.869710: sys_pwrite64 -> 0x82
             exe-1050232 [002] ..... 1635397.869716: sys_ptrace(request: 4205, pid: 1006d7, addr: 1, data: c0005d3c70)
             exe-1050232 [002] ..... 1635397.869718: sys_ptrace -> 0x0
             exe-1050232 [002] ..... 1635397.869719: sys_ptrace(request: 4205, pid: 1006d7, addr: 202, data: c0005d3c70)
             exe-1050232 [002] ..... 1635397.869728: sys_ptrace -> 0x0
             exe-1050232 [002] ..... 1635397.869729: sys_ptrace(request: 1f, pid: 1006d7, addr: 0, data: 0)
             exe-1050232 [002] .N... 1635397.869758: sys_ptrace -> 0x0
             exe-1050327 [000] ..... 1635397.869764: sys_write -> 0x82
             exe-1050232 [002] ..... 1635397.869791: sys_wait4(upid: 1006d7, stat_addr: c0005d3bf4, options: 40000002, ru: 0)
             exe-1050232 [002] ..... 1635397.869793: sys_wait4 -> 0x1006d7
             exe-1050232 [002] ..... 1635397.869795: sys_ptrace(request: 4204, pid: 1006d7, addr: 1, data: c0005d3c70)
             exe-1049673 [000] ..... 1635397.869798: sys_nanosleep -> 0x0
             exe-1050232 [002] ..... 1635397.869799: sys_ptrace -> 0x0
             exe-1050232 [002] ..... 1635397.869801: sys_ptrace(request: 4204, pid: 1006d7, addr: 202, data: c0005d3c70)
             exe-1049673 [000] ..... 1635397.869803: sys_nanosleep(rqtp: c000069f10, rmtp: 0)
             exe-1050232 [002] ..... 1635397.869803: sys_ptrace -> 0x0
             exe-1050232 [002] ..... 1635397.869810: sys_ptrace(request: 4205, pid: 1006d7, addr: 1, data: c0005d3c70)
             exe-1050232 [002] ..... 1635397.869816: sys_ptrace -> 0x0
             exe-1050232 [002] ..... 1635397.869817: sys_ptrace(request: 4205, pid: 1006d7, addr: 202, data: c0005d3c70)
             exe-1050232 [002] ..... 1635397.869826: sys_ptrace -> 0x0
             exe-1050232 [002] ..... 1635397.869827: sys_ptrace(request: 1f, pid: 1006d7, addr: 0, data: 0)
             exe-1050232 [002] ..... 1635397.869835: sys_ptrace -> 0x0
             exe-1050232 [002] ..... 1635397.869836: sys_wait4(upid: 1006d7, stat_addr: c0005d3bf4, options: 40000002, ru: 0)
             exe-1050327 [000] ..... 1635397.869846: sys_move_pages -> 0xffffffffffffffff
             exe-1050232 [002] ..... 1635397.869897: sys_wait4 -> 0x1006d7
             exe-1050232 [002] ..... 1635397.869901: sys_ptrace(request: 4204, pid: 1006d7, addr: 1, data: c0005d3c70)
             exe-1049673 [000] ..... 1635397.869905: sys_nanosleep -> 0x0
             exe-1050232 [002] ..... 1635397.869906: sys_ptrace -> 0x0
             exe-1050232 [002] ..... 1635397.869908: sys_ptrace(request: 4204, pid: 1006d7, addr: 202, data: c0005d3c70)
             exe-1050232 [002] ..... 1635397.869910: sys_ptrace -> 0x0
             exe-1049673 [000] ..... 1635397.869910: sys_nanosleep(rqtp: c000069f10, rmtp: 0)
             exe-1050232 [002] ..... 1635397.869922: sys_pwrite64(fd: 63, buf: 7fd66ed52080, count: 80, pos: 82)
             exe-1050232 [002] ..... 1635397.869924: tracing_mark_write: move_pages(pid=49901, nr_pages=341, pages=0x555962e28d00, nodes=0x555962e31330, status=0x555962e31890, flags=0x7fd7af619d00) end
             exe-1050232 [002] ..... 1635397.955888: tracing_mark_write: move_pages(pid=49901, nr_pages=100, pages=0x555962e28d00, nodes=0x555962e31330, status=0x555962e314d0, flags=0x7fd7af619d00) start
             exe-1050232 [002] ..... 1635397.955890: sys_pwrite64 -> 0x82
             exe-1050232 [002] ..... 1635397.955895: sys_ptrace(request: 4205, pid: 1006d7, addr: 1, data: c0005d3c70)
             exe-1050232 [002] ..... 1635397.955897: sys_ptrace -> 0x0
             exe-1050232 [002] ..... 1635397.955898: sys_ptrace(request: 4205, pid: 1006d7, addr: 202, data: c0005d3c70)
             exe-1050232 [002] ..... 1635397.955907: sys_ptrace -> 0x0
             exe-1050232 [002] ..... 1635397.955908: sys_ptrace(request: 1f, pid: 1006d7, addr: 0, data: 0)
             exe-1050232 [002] .N... 1635397.955914: sys_ptrace -> 0x0
             exe-1050327 [002] ..... 1635397.955923: sys_write -> 0x82
             exe-1049673 [000] ..... 1635397.955926: sys_nanosleep -> 0x0
             exe-1049673 [000] ..... 1635397.955929: sys_futex(uaddr: 1f09dc0, op: 80, val: 0, utime: c000069eb0, uaddr2: 0, val3: 0)
             exe-1050232 [002] ..... 1635397.955939: sys_wait4(upid: 1006d7, stat_addr: c0005d3bf4, options: 40000002, ru: 0)
             exe-1050232 [002] ..... 1635397.955941: sys_wait4 -> 0x1006d7
             exe-1050232 [002] ..... 1635397.955943: sys_ptrace(request: 4204, pid: 1006d7, addr: 1, data: c0005d3c70)
             exe-1050232 [002] ..... 1635397.955946: sys_ptrace -> 0x0
             exe-1050232 [002] ..... 1635397.955947: sys_ptrace(request: 4204, pid: 1006d7, addr: 202, data: c0005d3c70)
             exe-1050232 [002] ..... 1635397.955949: sys_ptrace -> 0x0
             exe-1050232 [002] ..... 1635397.955954: sys_ptrace(request: 4205, pid: 1006d7, addr: 1, data: c0005d3c70)
             exe-1050232 [002] ..... 1635397.955956: sys_ptrace -> 0x0
             exe-1050232 [002] ..... 1635397.955958: sys_ptrace(request: 4205, pid: 1006d7, addr: 202, data: c0005d3c70)
             exe-1050232 [002] ..... 1635397.955965: sys_ptrace -> 0x0
             exe-1050232 [002] ..... 1635397.955966: sys_ptrace(request: 1f, pid: 1006d7, addr: 0, data: 0)
             exe-1050232 [002] .N... 1635397.955972: sys_ptrace -> 0x0
             exe-1050327 [002] ..... 1635397.956021: sys_move_pages -> 0xffffffffffffffff
             exe-1050232 [002] ..... 1635397.956040: sys_wait4(upid: 1006d7, stat_addr: c0005d3bf4, options: 40000002, ru: 0)
             exe-1050232 [002] ..... 1635397.956043: sys_wait4 -> 0x1006d7
             exe-1050232 [002] ..... 1635397.956045: sys_ptrace(request: 4204, pid: 1006d7, addr: 1, data: c0005d3c70)
             exe-1050232 [002] ..... 1635397.956048: sys_ptrace -> 0x0
             exe-1050232 [002] ..... 1635397.956050: sys_ptrace(request: 4204, pid: 1006d7, addr: 202, data: c0005d3c70)
             exe-1050232 [002] ..... 1635397.956052: sys_ptrace -> 0x0
             exe-1050232 [002] ..... 1635397.956065: sys_pwrite64(fd: 63, buf: 7fd66ed52080, count: 80, pos: 82)
             exe-1050232 [002] ..... 1635397.956066: tracing_mark_write: move_pages(pid=49901, nr_pages=100, pages=0x555962e28d00, nodes=0x555962e31330, status=0x555962e314d0, flags=0x7fd7af619d00) end
             exe-1050232 [002] ..... 1635398.096299: tracing_mark_write: move_pages(pid=49901, nr_pages=471, pages=0x555962e28d00, nodes=0x555962e31670, status=0x555962e31de0, flags=0x7fd7af619d00) start
             exe-1050232 [002] ..... 1635398.096301: sys_pwrite64 -> 0x82
             exe-1050232 [002] ..... 1635398.096307: sys_ptrace(request: 4205, pid: 1006d7, addr: 1, data: c0005d3c70)
             exe-1050232 [002] ..... 1635398.096309: sys_ptrace -> 0x0
             exe-1050232 [002] ..... 1635398.096310: sys_ptrace(request: 4205, pid: 1006d7, addr: 202, data: c0005d3c70)
             exe-1050232 [002] ..... 1635398.096319: sys_ptrace -> 0x0
             exe-1050232 [002] ..... 1635398.096320: sys_ptrace(request: 1f, pid: 1006d7, addr: 0, data: 0)
             exe-1050232 [002] .N... 1635398.096324: sys_ptrace -> 0x0
             exe-1050327 [002] ..... 1635398.096333: sys_write -> 0x82
             exe-1049673 [000] ..... 1635398.096340: sys_nanosleep -> 0x0
             exe-1049673 [000] ..... 1635398.096343: sys_nanosleep(rqtp: c000069f10, rmtp: 0)
             exe-1050232 [002] ..... 1635398.096399: sys_wait4(upid: 1006d7, stat_addr: c0005d3bf4, options: 40000002, ru: 0)
             exe-1050232 [002] ..... 1635398.096401: sys_wait4 -> 0x1006d7
             exe-1050232 [002] ..... 1635398.096402: sys_ptrace(request: 4204, pid: 1006d7, addr: 1, data: c0005d3c70)
             exe-1050232 [002] ..... 1635398.096405: sys_ptrace -> 0x0
             exe-1050232 [002] ..... 1635398.096406: sys_ptrace(request: 4204, pid: 1006d7, addr: 202, data: c0005d3c70)
             exe-1050232 [002] ..... 1635398.096408: sys_ptrace -> 0x0
             exe-1050232 [002] ..... 1635398.096414: sys_ptrace(request: 4205, pid: 1006d7, addr: 1, data: c0005d3c70)
             exe-1050232 [002] ..... 1635398.096415: sys_ptrace -> 0x0
             exe-1050232 [002] ..... 1635398.096416: sys_ptrace(request: 4205, pid: 1006d7, addr: 202, data: c0005d3c70)
             exe-1050232 [002] ..... 1635398.096424: sys_ptrace -> 0x0
             exe-1050232 [002] ..... 1635398.096425: sys_ptrace(request: 1f, pid: 1006d7, addr: 0, data: 0)
             exe-1050232 [002] .N... 1635398.096429: sys_ptrace -> 0x0
             exe-1049673 [000] ..... 1635398.096437: sys_nanosleep -> 0x0
             exe-1050327 [002] ..... 1635398.096437: sys_move_pages -> 0xffffffffffffffff
             exe-1049673 [000] ..... 1635398.096440: sys_nanosleep(rqtp: c000069f10, rmtp: 0)
             exe-1050232 [002] ..... 1635398.096451: sys_wait4(upid: 1006d7, stat_addr: c0005d3bf4, options: 40000002, ru: 0)
             exe-1050232 [002] .N... 1635398.096470: sys_wait4 -> 0x1006d7
             exe-1050232 [002] ..... 1635398.096500: sys_ptrace(request: 4204, pid: 1006d7, addr: 1, data: c0005d3c70)
             exe-1050232 [002] ..... 1635398.096503: sys_ptrace -> 0x0
             exe-1050232 [002] ..... 1635398.096504: sys_ptrace(request: 4204, pid: 1006d7, addr: 202, data: c0005d3c70)
             exe-1050232 [002] ..... 1635398.096506: sys_ptrace -> 0x0
             exe-1050232 [002] ..... 1635398.096516: sys_pwrite64(fd: 63, buf: 7fd66ed52080, count: 80, pos: 82)
             exe-1050232 [002] ..... 1635398.096517: tracing_mark_write: move_pages(pid=49901, nr_pages=471, pages=0x555962e28d00, nodes=0x555962e31670, status=0x555962e31de0, flags=0x7fd7af619d00) end
             exe-1050232 [002] ..... 1635398.202565: tracing_mark_write: move_pages(pid=1, nr_pages=163, pages=0x555962e28d00, nodes=0x555962e31670, status=0x555962e31910, flags=0x7fd7af619d00) start
             exe-1050232 [002] ..... 1635398.202566: sys_pwrite64 -> 0x7e
             exe-1050232 [002] ..... 1635398.202572: sys_ptrace(request: 4205, pid: 1006d7, addr: 1, data: c0005d3c70)
             exe-1050232 [002] ..... 1635398.202574: sys_ptrace -> 0x0
             exe-1050232 [002] ..... 1635398.202575: sys_ptrace(request: 4205, pid: 1006d7, addr: 202, data: c0005d3c70)
             exe-1050232 [002] ..... 1635398.202585: sys_ptrace -> 0x0
             exe-1050232 [002] ..... 1635398.202586: sys_ptrace(request: 1f, pid: 1006d7, addr: 0, data: 0)
             exe-1050232 [002] .N... 1635398.202592: sys_ptrace -> 0x0
             exe-1050327 [002] ..... 1635398.202600: sys_write -> 0x7e
             exe-1049673 [000] ..... 1635398.202610: sys_nanosleep -> 0x0
             exe-1049673 [000] ..... 1635398.202613: sys_futex(uaddr: 1f09dc0, op: 80, val: 0, utime: c000069eb0, uaddr2: 0, val3: 0)
             exe-1050232 [002] ..... 1635398.202615: sys_wait4(upid: 1006d7, stat_addr: c0005d3bf4, options: 40000002, ru: 0)
             exe-1050232 [002] ..... 1635398.202617: sys_wait4 -> 0x1006d7
             exe-1050232 [002] ..... 1635398.202619: sys_ptrace(request: 4204, pid: 1006d7, addr: 1, data: c0005d3c70)
             exe-1050232 [002] ..... 1635398.202622: sys_ptrace -> 0x0
             exe-1050232 [002] ..... 1635398.202624: sys_ptrace(request: 4204, pid: 1006d7, addr: 202, data: c0005d3c70)
             exe-1050232 [002] ..... 1635398.202625: sys_ptrace -> 0x0
             exe-1050232 [002] ..... 1635398.202631: sys_ptrace(request: 4205, pid: 1006d7, addr: 1, data: c0005d3c70)
             exe-1050232 [002] ..... 1635398.202633: sys_ptrace -> 0x0
             exe-1050232 [002] ..... 1635398.202634: sys_ptrace(request: 4205, pid: 1006d7, addr: 202, data: c0005d3c70)
             exe-1050232 [002] ..... 1635398.202642: sys_ptrace -> 0x0
             exe-1050232 [002] ..... 1635398.202643: sys_ptrace(request: 1f, pid: 1006d7, addr: 0, data: 0)
             exe-1050232 [002] .N... 1635398.202648: sys_ptrace -> 0x0
             exe-1050327 [002] ..... 1635398.202656: sys_move_pages -> 0xffffffffffffffff
             exe-1050232 [002] ..... 1635398.202671: sys_wait4(upid: 1006d7, stat_addr: c0005d3bf4, options: 40000002, ru: 0)
             exe-1050232 [002] ..... 1635398.202673: sys_wait4 -> 0x1006d7
             exe-1050232 [002] ..... 1635398.202674: sys_ptrace(request: 4204, pid: 1006d7, addr: 1, data: c0005d3c70)
             exe-1050232 [002] ..... 1635398.202677: sys_ptrace -> 0x0
             exe-1050232 [002] ..... 1635398.202678: sys_ptrace(request: 4204, pid: 1006d7, addr: 202, data: c0005d3c70)
             exe-1050232 [002] ..... 1635398.202680: sys_ptrace -> 0x0
             exe-1050232 [002] ..... 1635398.202688: sys_pwrite64(fd: 63, buf: 7fd66ed52080, count: 7c, pos: 7e)
             exe-1050232 [002] ..... 1635398.202690: tracing_mark_write: move_pages(pid=1, nr_pages=163, pages=0x555962e28d00, nodes=0x555962e31670, status=0x555962e31910, flags=0x7fd7af619d00) end
             exe-1050232 [002] ..... 1635398.303139: tracing_mark_write: move_pages(pid=1, nr_pages=112, pages=0x555962e28d00, nodes=0x555962e31bb0, status=0x555962e31d80, flags=0x7fd7af619d02) start
             exe-1050232 [002] ..... 1635398.303140: sys_pwrite64 -> 0x7e
             exe-1050232 [002] ..... 1635398.303146: sys_ptrace(request: 4205, pid: 1006d7, addr: 1, data: c0005d3c70)
             exe-1050232 [002] ..... 1635398.303149: sys_ptrace -> 0x0
             exe-1050232 [002] ..... 1635398.303150: sys_ptrace(request: 4205, pid: 1006d7, addr: 202, data: c0005d3c70)
             exe-1050232 [002] ..... 1635398.303160: sys_ptrace -> 0x0
             exe-1050232 [002] ..... 1635398.303161: sys_ptrace(request: 1f, pid: 1006d7, addr: 0, data: 0)
             exe-1067990 [001] ..... 1635398.303165: sys_futex -> 0x0
             exe-1050232 [002] .N... 1635398.303168: sys_ptrace -> 0x0
             exe-1067990 [001] ..... 1635398.303171: sys_futex(uaddr: c0002dd548, op: 80, val: 0, utime: 0, uaddr2: 0, val3: 0)
             exe-1050327 [002] ..... 1635398.303177: sys_write -> 0x7e
             exe-1050232 [002] ..... 1635398.303193: sys_wait4(upid: 1006d7, stat_addr: c0005d3bf4, options: 40000002, ru: 0)
             exe-1050232 [002] ..... 1635398.303195: sys_wait4 -> 0x1006d7
             exe-1050232 [002] ..... 1635398.303197: sys_ptrace(request: 4204, pid: 1006d7, addr: 1, data: c0005d3c70)
             exe-1050232 [002] ..... 1635398.303201: sys_ptrace -> 0x0
             exe-1050232 [002] ..... 1635398.303202: sys_ptrace(request: 4204, pid: 1006d7, addr: 202, data: c0005d3c70)
             exe-1050232 [002] ..... 1635398.303204: sys_ptrace -> 0x0
             exe-1050232 [002] ..... 1635398.303210: sys_ptrace(request: 4205, pid: 1006d7, addr: 1, data: c0005d3c70)
             exe-1050232 [002] ..... 1635398.303212: sys_ptrace -> 0x0
             exe-1050232 [002] ..... 1635398.303213: sys_ptrace(request: 4205, pid: 1006d7, addr: 202, data: c0005d3c70)
             exe-1050232 [002] ..... 1635398.303221: sys_ptrace -> 0x0
             exe-1050232 [002] ..... 1635398.303223: sys_ptrace(request: 1f, pid: 1006d7, addr: 0, data: 0)
             exe-1050232 [002] .N... 1635398.303228: sys_ptrace -> 0x0
             exe-1049673 [000] ..... 1635398.303230: sys_nanosleep -> 0x0
             exe-1049673 [000] ..... 1635398.303234: sys_futex(uaddr: 1f09dc0, op: 80, val: 0, utime: c000069eb0, uaddr2: 0, val3: 0)
             exe-1050327 [002] ..... 1635398.303237: sys_move_pages -> 0xffffffffffffffff
             exe-1050232 [002] ..... 1635398.303252: sys_wait4(upid: 1006d7, stat_addr: c0005d3bf4, options: 40000002, ru: 0)
             exe-1050232 [002] ..... 1635398.303255: sys_wait4 -> 0x1006d7
             exe-1050232 [002] ..... 1635398.303257: sys_ptrace(request: 4204, pid: 1006d7, addr: 1, data: c0005d3c70)
             exe-1050232 [002] ..... 1635398.303260: sys_ptrace -> 0x0
             exe-1050232 [002] ..... 1635398.303262: sys_ptrace(request: 4204, pid: 1006d7, addr: 202, data: c0005d3c70)
             exe-1050232 [002] ..... 1635398.303264: sys_ptrace -> 0x0
             exe-1050232 [002] ..... 1635398.303272: sys_pwrite64(fd: 63, buf: 7fd66ed52080, count: 7c, pos: 7e)
             exe-1050232 [002] ..... 1635398.303273: tracing_mark_write: move_pages(pid=1, nr_pages=112, pages=0x555962e28d00, nodes=0x555962e31bb0, status=0x555962e31d80, flags=0x7fd7af619d02) end
             exe-1050232 [001] ..... 1635398.452253: tracing_mark_write: move_pages(pid=49901, nr_pages=377, pages=0x555962e28d00, nodes=0x555962e31f50, status=0x555962e32540, flags=0x7fd7af619d02) start
             exe-1050232 [001] ..... 1635398.452255: sys_pwrite64 -> 0x82
             exe-1050232 [001] ..... 1635398.452260: sys_ptrace(request: 4205, pid: 1006d7, addr: 1, data: c0005d3c70)
             exe-1050232 [001] ..... 1635398.452262: sys_ptrace -> 0x0
             exe-1050232 [001] ..... 1635398.452263: sys_ptrace(request: 4205, pid: 1006d7, addr: 202, data: c0005d3c70)
             exe-1050232 [001] ..... 1635398.452277: sys_ptrace -> 0x0
             exe-1050232 [001] ..... 1635398.452278: sys_ptrace(request: 1f, pid: 1006d7, addr: 0, data: 0)
             exe-1049673 [000] ..... 1635398.452280: sys_nanosleep -> 0x0
             exe-1049673 [000] ..... 1635398.452284: sys_futex(uaddr: 1f09dc0, op: 80, val: 0, utime: c000069eb0, uaddr2: 0, val3: 0)
             exe-1050232 [001] .N... 1635398.452285: sys_ptrace -> 0x0
             exe-1050327 [001] ..... 1635398.452294: sys_write -> 0x82
             exe-1050232 [001] ..... 1635398.452309: sys_wait4(upid: 1006d7, stat_addr: c0005d3bf4, options: 40000002, ru: 0)
             exe-1050232 [001] ..... 1635398.452311: sys_wait4 -> 0x1006d7
             exe-1050232 [001] ..... 1635398.452313: sys_ptrace(request: 4204, pid: 1006d7, addr: 1, data: c0005d3c70)
             exe-1050232 [001] ..... 1635398.452315: sys_ptrace -> 0x0
             exe-1050232 [001] ..... 1635398.452316: sys_ptrace(request: 4204, pid: 1006d7, addr: 202, data: c0005d3c70)
             exe-1050232 [001] ..... 1635398.452318: sys_ptrace -> 0x0
             exe-1050232 [001] ..... 1635398.452323: sys_ptrace(request: 4205, pid: 1006d7, addr: 1, data: c0005d3c70)
             exe-1050232 [001] ..... 1635398.452325: sys_ptrace -> 0x0
             exe-1050232 [001] ..... 1635398.452326: sys_ptrace(request: 4205, pid: 1006d7, addr: 202, data: c0005d3c70)
             exe-1050232 [001] ..... 1635398.452333: sys_ptrace -> 0x0
             exe-1050232 [001] ..... 1635398.452334: sys_ptrace(request: 1f, pid: 1006d7, addr: 0, data: 0)
             exe-1050232 [001] .N... 1635398.452339: sys_ptrace -> 0x0
             exe-1050327 [001] ..... 1635398.452346: sys_move_pages -> 0xffffffffffffffff
             exe-1050232 [001] ..... 1635398.452358: sys_wait4(upid: 1006d7, stat_addr: c0005d3bf4, options: 40000002, ru: 0)
             exe-1050232 [001] ..... 1635398.452360: sys_wait4 -> 0x1006d7
             exe-1050232 [001] ..... 1635398.452362: sys_ptrace(request: 4204, pid: 1006d7, addr: 1, data: c0005d3c70)
             exe-1050232 [001] ..... 1635398.452364: sys_ptrace -> 0x0
             exe-1050232 [001] ..... 1635398.452365: sys_ptrace(request: 4204, pid: 1006d7, addr: 202, data: c0005d3c70)
             exe-1050232 [001] ..... 1635398.452367: sys_ptrace -> 0x0
             exe-1050232 [001] ..... 1635398.452391: sys_pwrite64(fd: 63, buf: 7fd66ed52080, count: 80, pos: 82)
             exe-1050232 [001] ..... 1635398.452393: tracing_mark_write: move_pages(pid=49901, nr_pages=377, pages=0x555962e28d00, nodes=0x555962e31f50, status=0x555962e32540, flags=0x7fd7af619d02) end
             exe-1050232 [002] ..... 1635398.559683: tracing_mark_write: move_pages(pid=1, nr_pages=102, pages=0x555962e28d00, nodes=0x555962e31f50, status=0x555962e320f0, flags=0x7fd7af619d02) start
             exe-1050232 [002] ..... 1635398.559686: sys_pwrite64 -> 0x7e
             exe-1050232 [002] ..... 1635398.559691: sys_ptrace(request: 4205, pid: 1006d7, addr: 1, data: c0005d3c70)
             exe-1050232 [002] ..... 1635398.559694: sys_ptrace -> 0x0
             exe-1050232 [002] ..... 1635398.559695: sys_ptrace(request: 4205, pid: 1006d7, addr: 202, data: c0005d3c70)
             exe-1050232 [002] ..... 1635398.559706: sys_ptrace -> 0x0
             exe-1050232 [002] ..... 1635398.559708: sys_ptrace(request: 1f, pid: 1006d7, addr: 0, data: 0)
             exe-1050232 [002] ..... 1635398.559721: sys_ptrace -> 0x0
             exe-1050232 [002] ..... 1635398.559723: sys_wait4(upid: 1006d7, stat_addr: c0005d3bf4, options: 40000002, ru: 0)
             exe-1050327 [001] ..... 1635398.559737: sys_write -> 0x7e
             exe-1050232 [002] ..... 1635398.559753: sys_wait4 -> 0x1006d7
             exe-1050232 [002] ..... 1635398.559756: sys_ptrace(request: 4204, pid: 1006d7, addr: 1, data: c0005d3c70)
             exe-1050232 [002] ..... 1635398.559758: sys_ptrace -> 0x0
             exe-1050232 [002] ..... 1635398.559760: sys_ptrace(request: 4204, pid: 1006d7, addr: 202, data: c0005d3c70)
             exe-1050232 [002] ..... 1635398.559762: sys_ptrace -> 0x0
             exe-1050232 [002] ..... 1635398.559767: sys_ptrace(request: 4205, pid: 1006d7, addr: 1, data: c0005d3c70)
             exe-1050232 [002] ..... 1635398.559770: sys_ptrace -> 0x0
             exe-1050232 [002] ..... 1635398.559772: sys_ptrace(request: 4205, pid: 1006d7, addr: 202, data: c0005d3c70)
             exe-1050232 [002] ..... 1635398.559779: sys_ptrace -> 0x0
             exe-1050232 [002] ..... 1635398.559781: sys_ptrace(request: 1f, pid: 1006d7, addr: 0, data: 0)
             exe-1050232 [002] ..... 1635398.559787: sys_ptrace -> 0x0
             exe-1050232 [002] ..... 1635398.559789: sys_wait4(upid: 1006d7, stat_addr: c0005d3bf4, options: 40000002, ru: 0)
             exe-1050327 [001] ..... 1635398.559792: sys_move_pages -> 0xffffffffffffffff
             exe-1050232 [002] ..... 1635398.559805: sys_wait4 -> 0x1006d7
             exe-1050232 [002] ..... 1635398.559808: sys_ptrace(request: 4204, pid: 1006d7, addr: 1, data: c0005d3c70)
             exe-1050232 [002] ..... 1635398.559810: sys_ptrace -> 0x0
             exe-1050232 [002] ..... 1635398.559811: sys_ptrace(request: 4204, pid: 1006d7, addr: 202, data: c0005d3c70)
             exe-1050232 [002] ..... 1635398.559814: sys_ptrace -> 0x0
             exe-1050232 [002] ..... 1635398.559820: sys_pwrite64(fd: 63, buf: 7fd66ed52080, count: 7c, pos: 7e)
             exe-1050232 [002] ..... 1635398.559822: tracing_mark_write: move_pages(pid=1, nr_pages=102, pages=0x555962e28d00, nodes=0x555962e31f50, status=0x555962e320f0, flags=0x7fd7af619d02) end
             exe-1050232 [002] ..... 1635398.668703: tracing_mark_write: move_pages(pid=49901, nr_pages=258, pages=0x555962e28d00, nodes=0x555962e32290, status=0x555962e326a0, flags=0x7fd7af619d02) start
             exe-1050232 [002] ..... 1635398.668704: sys_pwrite64 -> 0x82
             exe-1050232 [002] ..... 1635398.668709: sys_ptrace(request: 4205, pid: 1006d7, addr: 1, data: c0005d3c70)
             exe-1050232 [002] ..... 1635398.668711: sys_ptrace -> 0x0
             exe-1050232 [002] ..... 1635398.668712: sys_ptrace(request: 4205, pid: 1006d7, addr: 202, data: c0005d3c70)
             exe-1050232 [002] ..... 1635398.668720: sys_ptrace -> 0x0
             exe-1050232 [002] ..... 1635398.668721: sys_ptrace(request: 1f, pid: 1006d7, addr: 0, data: 0)
             exe-1050232 [002] ..... 1635398.668731: sys_ptrace -> 0x0
             exe-1050232 [002] ..... 1635398.668733: sys_wait4(upid: 1006d7, stat_addr: c0005d3bf4, options: 40000002, ru: 0)
             exe-1050327 [001] ..... 1635398.668741: sys_write -> 0x82
             exe-1050232 [002] ..... 1635398.668753: sys_wait4 -> 0x1006d7
             exe-1049673 [000] ..... 1635398.668754: sys_nanosleep -> 0x0
             exe-1050232 [002] ..... 1635398.668754: sys_ptrace(request: 4204, pid: 1006d7, addr: 1, data: c0005d3c70)
             exe-1049673 [000] ..... 1635398.668756: sys_nanosleep(rqtp: c000069f10, rmtp: 0)
             exe-1050232 [002] ..... 1635398.668756: sys_ptrace -> 0x0
             exe-1050232 [002] ..... 1635398.668758: sys_ptrace(request: 4204, pid: 1006d7, addr: 202, data: c0005d3c70)
             exe-1050232 [002] ..... 1635398.668759: sys_ptrace -> 0x0
             exe-1050232 [002] ..... 1635398.668764: sys_ptrace(request: 4205, pid: 1006d7, addr: 1, data: c0005d3c70)
             exe-1050232 [002] ..... 1635398.668766: sys_ptrace -> 0x0
             exe-1050232 [002] ..... 1635398.668767: sys_ptrace(request: 4205, pid: 1006d7, addr: 202, data: c0005d3c70)
             exe-1050232 [002] ..... 1635398.668772: sys_ptrace -> 0x0
             exe-1050232 [002] ..... 1635398.668773: sys_ptrace(request: 1f, pid: 1006d7, addr: 0, data: 0)
             exe-1050232 [002] ..... 1635398.668781: sys_ptrace -> 0x0
             exe-1050232 [002] ..... 1635398.668783: sys_wait4(upid: 1006d7, stat_addr: c0005d3bf4, options: 40000002, ru: 0)
             exe-1050327 [001] ..... 1635398.668790: sys_move_pages -> 0xffffffffffffffff
             exe-1050232 [002] ..... 1635398.668801: sys_wait4 -> 0x1006d7
