             exe-1050232 [000] ..... 1635400.632492: sys_ptrace(request: 1f, pid: 1006d7, addr: 0, data: 0)
             exe-1050232 [000] ..... 1635400.632499: sys_ptrace -> 0x0
             exe-1050232 [000] ..... 1635400.632502: sys_wait4(upid: 1006d7, stat_addr: c0005d3bf4, options: 40000002, ru: 0)
             exe-1050327 [003] ..... 1635400.632513: sys_move_pages -> 0xffffffffffffffff
             exe-1050232 [000] ..... 1635400.632534: sys_wait4 -> 0x1006d7
             exe-1050232 [000] ..... 1635400.632537: sys_ptrace(request: 4204, pid: 1006d7, addr: 1, data: c0005d3c70)
             exe-1049673 [003] ..... 1635400.632578: sys_nanosleep -> 0x0
             exe-1049673 [003] ..... 1635400.632585: sys_nanosleep(rqtp: c000069f10, rmtp: 0)
             exe-1050232 [000] ..... 1635400.632585: sys_ptrace -> 0x0
             exe-1050232 [000] ..... 1635400.632589: sys_ptrace(request: 4204, pid: 1006d7, addr: 202, data: c0005d3c70)
             exe-1050232 [000] ..... 1635400.632592: sys_ptrace -> 0x0
             exe-1050232 [000] ..... 1635400.632606: sys_pwrite64(fd: 63, buf: 7fd66ed52080, count: 7c, pos: 7e)
             exe-1050232 [000] ..... 1635400.632608: tracing_mark_write: move_pages(pid=0, nr_pages=165, pages=0x555962e28d00, nodes=0x555962e33430, status=0x555962e336d0, flags=0x555c3773bb0d) end
             exe-1050232 [000] ..... 1635400.735707: tracing_mark_write: move_pages(pid=49901, nr_pages=195, pages=0x555962e28d00, nodes=0x555962e33970, status=0x555962e33c90, flags=0x555c3773bb0d) start
             exe-1050232 [000] ..... 1635400.735709: sys_pwrite64 -> 0x82
             exe-1050232 [000] ..... 1635400.735715: sys_ptrace(request: 4205, pid: 1006d7, addr: 1, data: c0005d3c70)
             exe-1050232 [000] ..... 1635400.735718: sys_ptrace -> 0x0
             exe-1050232 [000] ..... 1635400.735719: sys_ptrace(request: 4205, pid: 1006d7, addr: 202, data: c0005d3c70)
             exe-1049673 [001] ..... 1635400.735735: sys_nanosleep -> 0x0
             exe-1049673 [001] ..... 1635400.735737: sys_nanosleep(rqtp: c000069f10, rmtp: 0)
             exe-1050232 [000] ..... 1635400.735784: sys_ptrace -> 0x0
             exe-1050232 [000] ..... 1635400.735788: sys_ptrace(request: 1f, pid: 1006d7, addr: 0, data: 0)
             exe-1050232 [000] ..... 1635400.735801: sys_ptrace -> 0x0
             exe-1050232 [000] ..... 1635400.735803: sys_wait4(upid: 1006d7, stat_addr: c0005d3bf4, options: 40000002, ru: 0)
             exe-1050327 [003] ..... 1635400.735821: sys_write -> 0x82
             exe-1049673 [001] ..... 1635400.735825: sys_nanosleep -> 0x0
             exe-1049673 [001] ..... 1635400.735828: sys_nanosleep(rqtp: c000069f10, rmtp: 0)
             exe-1050232 [000] ..... 1635400.735837: sys_wait4 -> 0x1006d7
             exe-1050232 [000] ..... 1635400.735886: sys_ptrace(request: 4204, pid: 1006d7, addr: 1, data: c0005d3c70)
             exe-1050232 [000] ..... 1635400.735890: sys_ptrace -> 0x0
             exe-1050232 [000] ..... 1635400.735892: sys_ptrace(request: 4204, pid: 1006d7, addr: 202, data: c0005d3c70)
             exe-1050232 [000] ..... 1635400.735894: sys_ptrace -> 0x0
             exe-1050232 [000] ..... 1635400.735901: sys_ptrace(request: 4205, pid: 1006d7, addr: 1, data: c0005d3c70)
             exe-1050232 [000] ..... 1635400.735903: sys_ptrace -> 0x0
             exe-1050232 [000] ..... 1635400.735905: sys_ptrace(request: 4205, pid: 1006d7, addr: 202, data: c0005d3c70)
             exe-1050232 [000] ..... 1635400.735914: sys_ptrace -> 0x0
             exe-1049673 [001] ..... 1635400.735915: sys_nanosleep -> 0x0
             exe-1050232 [000] ..... 1635400.735916: sys_ptrace(request: 1f, pid: 1006d7, addr: 0, data: 0)
             exe-1049673 [001] ..... 1635400.735917: sys_nanosleep(rqtp: c000069f10, rmtp: 0)
             exe-1050232 [000] ..... 1635400.735928: sys_ptrace -> 0x0
             exe-1050232 [000] ..... 1635400.735931: sys_wait4(upid: 1006d7, stat_addr: c0005d3bf4, options: 40000002, ru: 0)
             exe-1050327 [003] ..... 1635400.735944: sys_move_pages -> 0xffffffffffffffff
             exe-1050232 [000] ..... 1635400.735982: sys_wait4 -> 0x1006d7
             exe-1050232 [000] ..... 1635400.735987: sys_ptrace(request: 4204, pid: 1006d7, addr: 1, data: c0005d3c70)
             exe-1050232 [000] ..... 1635400.735990: sys_ptrace -> 0x0
             exe-1050232 [000] ..... 1635400.735992: sys_ptrace(request: 4204, pid: 1006d7, addr: 202, data: c0005d3c70)
             exe-1050232 [000] ..... 1635400.735994: sys_ptrace -> 0x0
             exe-1049673 [001] ..... 1635400.736005: sys_nanosleep -> 0x0
             exe-1050232 [000] ..... 1635400.736007: sys_pwrite64(fd: 63, buf: 7fd66ed52080, count: 80, pos: 82)
             exe-1049673 [001] ..... 1635400.736007: sys_nanosleep(rqtp: c000069f10, rmtp: 0)
             exe-1050232 [000] ..... 1635400.736009: tracing_mark_write: move_pages(pid=49901, nr_pages=195, pages=0x555962e28d00, nodes=0x555962e33970, status=0x555962e33c90, flags=0x555c3773bb0d) end
             exe-1050232 [000] ..... 1635400.879420: tracing_mark_write: move_pages(pid=0, nr_pages=442, pages=0x555962e28d00, nodes=0x555962e33fb0, status=0x555962e346a0, flags=0x555c3773bb0d) start
             exe-1050232 [000] ..... 1635400.879422: sys_pwrite64 -> 0x7e
             exe-1050232 [000] ..... 1635400.879428: sys_ptrace(request: 4205, pid: 1006d7, addr: 1, data: c0005d3c70)
             exe-1050232 [000] ..... 1635400.879430: sys_ptrace -> 0x0
             exe-1050232 [000] ..... 1635400.879432: sys_ptrace(request: 4205, pid: 1006d7, addr: 202, data: c0005d3c70)
             exe-1049673 [001] ..... 1635400.879437: sys_nanosleep -> 0x0
             exe-1049673 [001] ..... 1635400.879441: sys_nanosleep(rqtp: c000069f10, rmtp: 0)
             exe-1050232 [000] ..... 1635400.879487: sys_ptrace -> 0x0
             exe-1050232 [000] ..... 1635400.879491: sys_ptrace(request: 1f, pid: 1006d7, addr: 0, data: 0)
             exe-1050232 [000] ..... 1635400.879502: sys_ptrace -> 0x0
             exe-1050232 [000] ..... 1635400.879504: sys_wait4(upid: 1006d7, stat_addr: c0005d3bf4, options: 40000002, ru: 0)
             exe-1050327 [003] ..... 1635400.879519: sys_write -> 0x7e
             exe-1050232 [000] ..... 1635400.879533: sys_wait4 -> 0x1006d7
             exe-1049673 [001] ..... 1635400.879541: sys_nanosleep -> 0x0
             exe-1049673 [001] ..... 1635400.879545: sys_nanosleep(rqtp: c000069f10, rmtp: 0)
             exe-1050232 [000] ..... 1635400.879577: sys_ptrace(request: 4204, pid: 1006d7, addr: 1, data: c0005d3c70)
             exe-1050232 [000] ..... 1635400.879581: sys_ptrace -> 0x0
             exe-1050232 [000] ..... 1635400.879582: sys_ptrace(request: 4204, pid: 1006d7, addr: 202, data: c0005d3c70)
             exe-1050232 [000] ..... 1635400.879584: sys_ptrace -> 0x0
             exe-1050232 [000] ..... 1635400.879590: sys_ptrace(request: 4205, pid: 1006d7, addr: 1, data: c0005d3c70)
             exe-1050232 [000] ..... 1635400.879592: sys_ptrace -> 0x0
             exe-1050232 [000] ..... 1635400.879593: sys_ptrace(request: 4205, pid: 1006d7, addr: 202, data: c0005d3c70)
             exe-1050232 [000] ..... 1635400.879602: sys_ptrace -> 0x0
             exe-1050232 [000] ..... 1635400.879603: sys_ptrace(request: 1f, pid: 1006d7, addr: 0, data: 0)
             exe-1050232 [000] ..... 1635400.879614: sys_ptrace -> 0x0
             exe-1050232 [000] ..... 1635400.879616: sys_wait4(upid: 1006d7, stat_addr: c0005d3bf4, options: 40000002, ru: 0)
             exe-1050327 [003] ..... 1635400.879627: sys_move_pages -> 0xffffffffffffffff
             exe-1049673 [001] ..... 1635400.879632: sys_nanosleep -> 0x0
             exe-1049673 [001] ..... 1635400.879634: sys_nanosleep(rqtp: c000069f10, rmtp: 0)
             exe-1050232 [000] ..... 1635400.879673: sys_wait4 -> 0x1006d7
             exe-1050232 [000] ..... 1635400.879678: sys_ptrace(request: 4204, pid: 1006d7, addr: 1, data: c0005d3c70)
             exe-1050232 [000] ..... 1635400.879681: sys_ptrace -> 0x0
             exe-1050232 [000] ..... 1635400.879683: sys_ptrace(request: 4204, pid: 1006d7, addr: 202, data: c0005d3c70)
             exe-1050232 [000] ..... 1635400.879684: sys_ptrace -> 0x0
             exe-1050232 [000] ..... 1635400.879696: sys_pwrite64(fd: 63, buf: 7fd66ed52080, count: 7c, pos: 7e)
             exe-1050232 [000] ..... 1635400.879697: tracing_mark_write: move_pages(pid=0, nr_pages=442, pages=0x555962e28d00, nodes=0x555962e33fb0, status=0x555962e346a0, flags=0x555c3773bb0d) end
             exe-1050232 [000] ..... 1635400.987997: tracing_mark_write: move_pages(pid=0, nr_pages=206, pages=0x555962e28d00, nodes=0x555962e33fb0, status=0x555962e342f0, flags=0x555c3773bb0d) start
             exe-1050232 [000] ..... 1635400.987998: sys_pwrite64 -> 0x7e
             exe-1050232 [000] ..... 1635400.988002: sys_ptrace(request: 4205, pid: 1006d7, addr: 1, data: c0005d3c70)
             exe-1050232 [000] ..... 1635400.988004: sys_ptrace -> 0x0
             exe-1050232 [000] ..... 1635400.988005: sys_ptrace(request: 4205, pid: 1006d7, addr: 202, data: c0005d3c70)
             exe-1050232 [000] ..... 1635400.988012: sys_ptrace -> 0x0
             exe-1049673 [002] ..... 1635400.988027: sys_nanosleep -> 0x0
             exe-1049673 [002] ..... 1635400.988031: sys_futex(uaddr: 1f09dc0, op: 80, val: 0, utime: c000069eb0, uaddr2: 0, val3: 0)
             exe-1050232 [000] ..... 1635400.988043: sys_ptrace(request: 1f, pid: 1006d7, addr: 0, data: 0)
             exe-1050232 [000] ..... 1635400.988045: sys_ptrace -> 0x0
             exe-1050232 [000] ..... 1635400.988047: sys_wait4(upid: 1006d7, stat_addr: c0005d3bf4, options: 40000002, ru: 0)
             exe-1050327 [003] ..... 1635400.988056: sys_write -> 0x7e
             exe-1050232 [000] ..... 1635400.988069: sys_wait4 -> 0x1006d7
             exe-1050232 [000] ..... 1635400.988071: sys_ptrace(request: 4204, pid: 1006d7, addr: 1, data: c0005d3c70)
             exe-1050232 [000] ..... 1635400.988073: sys_ptrace -> 0x0
             exe-1050232 [000] ..... 1635400.988074: sys_ptrace(request: 4204, pid: 1006d7, addr: 202, data: c0005d3c70)
             exe-1050232 [000] ..... 1635400.988076: sys_ptrace -> 0x0
             exe-1050232 [000] ..... 1635400.988080: sys_ptrace(request: 4205, pid: 1006d7, addr: 1, data: c0005d3c70)
             exe-1050232 [000] ..... 1635400.988082: sys_ptrace -> 0x0
             exe-1050232 [000] ..... 1635400.988083: sys_ptrace(request: 4205, pid: 1006d7, addr: 202, data: c0005d3c70)
             exe-1050232 [000] ..... 1635400.988090: sys_ptrace -> 0x0
             exe-1050232 [000] ..... 1635400.988091: sys_ptrace(request: 1f, pid: 1006d7, addr: 0, data: 0)
             exe-1050232 [000] ..... 1635400.988095: sys_ptrace -> 0x0
             exe-1050232 [000] ..... 1635400.988097: sys_wait4(upid: 1006d7, stat_addr: c0005d3bf4, options: 40000002, ru: 0)
             exe-1050327 [003] ..... 1635400.988104: sys_move_pages -> 0xffffffffffffffff
             exe-1050232 [000] ..... 1635400.988115: sys_wait4 -> 0x1006d7
             exe-1050232 [000] ..... 1635400.988116: sys_ptrace(request: 4204, pid: 1006d7, addr: 1, data: c0005d3c70)
             exe-1050232 [000] ..... 1635400.988118: sys_ptrace -> 0x0
             exe-1050232 [000] ..... 1635400.988119: sys_ptrace(request: 4204, pid: 1006d7, addr: 202, data: c0005d3c70)
             exe-1050232 [000] ..... 1635400.988121: sys_ptrace -> 0x0
             exe-1050232 [000] ..... 1635400.988126: sys_pwrite64(fd: 63, buf: 7fd66ed52080, count: 7c, pos: 7e)
             exe-1050232 [000] ..... 1635400.988127: tracing_mark_write: move_pages(pid=0, nr_pages=206, pages=0x555962e28d00, nodes=0x555962e33fb0, status=0x555962e342f0, flags=0x555c3773bb0d) end
             exe-1050232 [003] ..... 1635401.148587: tracing_mark_write: move_pages(pid=49901, nr_pages=508, pages=0x555962e28d00, nodes=0x555962e34630, status=0x555962e34e30, flags=0x555962e21066) start
             exe-1050008 [002] ..... 1635401.148587: sys_futex -> 0x0
             exe-1050008 [002] ..... 1635401.148599: sys_futex(uaddr: c000435948, op: 80, val: 0, utime: 0, uaddr2: 0, val3: 0)
             exe-1050232 [003] ..... 1635401.148600: sys_pwrite64 -> 0x82
             exe-1050232 [003] ..... 1635401.148607: sys_ptrace(request: 4205, pid: 1006d7, addr: 1, data: c0005d3c70)
             exe-1050232 [003] ..... 1635401.148609: sys_ptrace -> 0x0
             exe-1050232 [003] ..... 1635401.148610: sys_ptrace(request: 4205, pid: 1006d7, addr: 202, data: c0005d3c70)
             exe-1050232 [003] ..... 1635401.148619: sys_ptrace -> 0x0
             exe-1050232 [003] ..... 1635401.148620: sys_ptrace(request: 1f, pid: 1006d7, addr: 0, data: 0)
             exe-1050232 [003] .N... 1635401.148625: sys_ptrace -> 0x0
             exe-1050327 [003] ..... 1635401.148633: sys_write -> 0x82
             exe-1050232 [003] ..... 1635401.148646: sys_wait4(upid: 1006d7, stat_addr: c0005d3bf4, options: 40000002, ru: 0)
             exe-1050232 [003] ..... 1635401.148648: sys_wait4 -> 0x1006d7
             exe-1050232 [003] ..... 1635401.148650: sys_ptrace(request: 4204, pid: 1006d7, addr: 1, data: c0005d3c70)
             exe-1050232 [003] ..... 1635401.148652: sys_ptrace -> 0x0
             exe-1050232 [003] ..... 1635401.148653: sys_ptrace(request: 4204, pid: 1006d7, addr: 202, data: c0005d3c70)
             exe-1050232 [003] ..... 1635401.148655: sys_ptrace -> 0x0
             exe-1050232 [003] ..... 1635401.148660: sys_ptrace(request: 4205, pid: 1006d7, addr: 1, data: c0005d3c70)
             exe-1050232 [003] ..... 1635401.148661: sys_ptrace -> 0x0
             exe-1050232 [003] ..... 1635401.148662: sys_ptrace(request: 4205, pid: 1006d7, addr: 202, data: c0005d3c70)
             exe-1050232 [003] ..... 1635401.148669: sys_ptrace -> 0x0
             exe-1050232 [003] ..... 1635401.148670: sys_ptrace(request: 1f, pid: 1006d7, addr: 0, data: 0)
             exe-1050232 [003] .N... 1635401.148675: sys_ptrace -> 0x0
             exe-1050327 [003] ..... 1635401.148681: sys_move_pages -> 0xffffffffffffffff
             exe-1050232 [003] ..... 1635401.148693: sys_wait4(upid: 1006d7, stat_addr: c0005d3bf4, options: 40000002, ru: 0)
             exe-1050232 [003] ..... 1635401.148695: sys_wait4 -> 0x1006d7
             exe-1050232 [003] ..... 1635401.148696: sys_ptrace(request: 4204, pid: 1006d7, addr: 1, data: c0005d3c70)
             exe-1050232 [003] ..... 1635401.148699: sys_ptrace -> 0x0
             exe-1050232 [003] ..... 1635401.148699: sys_ptrace(request: 4204, pid: 1006d7, addr: 202, data: c0005d3c70)
             exe-1050232 [003] ..... 1635401.148701: sys_ptrace -> 0x0
             exe-1050232 [003] ..... 1635401.148708: sys_pwrite64(fd: 63, buf: 7fd66ed52080, count: 80, pos: 82)
             exe-1050232 [003] ..... 1635401.148709: tracing_mark_write: move_pages(pid=49901, nr_pages=508, pages=0x555962e28d00, nodes=0x555962e34630, status=0x555962e34e30, flags=0x555962e21066) end
             exe-1050232 [000] ..... 1635401.252982: tracing_mark_write: move_pages(pid=1, nr_pages=186, pages=0x555962e28d00, nodes=0x555962e34630, status=0x555962e34920, flags=0x555962e21066) start
             exe-1050232 [000] ..... 1635401.252984: sys_pwrite64 -> 0x7e
             exe-1050232 [000] ..... 1635401.252992: sys_ptrace(request: 4205, pid: 1006d7, addr: 1, data: c0005d3c70)
             exe-1050232 [000] ..... 1635401.252994: sys_ptrace -> 0x0
             exe-1050232 [000] ..... 1635401.252995: sys_ptrace(request: 4205, pid: 1006d7, addr: 202, data: c0005d3c70)
             exe-1050232 [000] ..... 1635401.253012: sys_ptrace -> 0x0
             exe-1050232 [000] ..... 1635401.253013: sys_ptrace(request: 1f, pid: 1006d7, addr: 0, data: 0)
             exe-1050232 [000] ..... 1635401.253025: sys_ptrace -> 0x0
             exe-1050232 [000] ..... 1635401.253027: sys_wait4(upid: 1006d7, stat_addr: c0005d3bf4, options: 40000002, ru: 0)
             exe-1050327 [003] ..... 1635401.253053: sys_write -> 0x7e
             exe-1050232 [000] ..... 1635401.253084: sys_wait4 -> 0x1006d7
             exe-1050232 [000] ..... 1635401.253086: sys_ptrace(request: 4204, pid: 1006d7, addr: 1, data: c0005d3c70)
             exe-1050232 [000] ..... 1635401.253089: sys_ptrace -> 0x0
             exe-1050232 [000] ..... 1635401.253091: sys_ptrace(request: 4204, pid: 1006d7, addr: 202, data: c0005d3c70)
             exe-1050232 [000] ..... 1635401.253093: sys_ptrace -> 0x0
             exe-1050232 [000] ..... 1635401.253098: sys_ptrace(request: 4205, pid: 1006d7, addr: 1, data: c0005d3c70)
             exe-1050232 [000] ..... 1635401.253100: sys_ptrace -> 0x0
             exe-1050232 [000] ..... 1635401.253101: sys_ptrace(request: 4205, pid: 1006d7, addr: 202, data: c0005d3c70)
             exe-1050232 [000] ..... 1635401.253108: sys_ptrace -> 0x0
             exe-1050232 [000] ..... 1635401.253109: sys_ptrace(request: 1f, pid: 1006d7, addr: 0, data: 0)
             exe-1050232 [000] ..... 1635401.253115: sys_ptrace -> 0x0
             exe-1050232 [000] ..... 1635401.253117: sys_wait4(upid: 1006d7, stat_addr: c0005d3bf4, options: 40000002, ru: 0)
             exe-1050327 [003] ..... 1635401.253123: sys_move_pages -> 0xffffffffffffffff
             exe-1050232 [000] ..... 1635401.253137: sys_wait4 -> 0x1006d7
             exe-1050232 [000] ..... 1635401.253139: sys_ptrace(request: 4204, pid: 1006d7, addr: 1, data: c0005d3c70)
             exe-1050232 [000] ..... 1635401.253140: sys_ptrace -> 0x0
             exe-1050232 [000] ..... 1635401.253142: sys_ptrace(request: 4204, pid: 1006d7, addr: 202, data: c0005d3c70)
             exe-1050232 [000] ..... 1635401.253144: sys_ptrace -> 0x0
             exe-1050232 [000] ..... 1635401.253149: sys_pwrite64(fd: 63, buf: 7fd66ed52080, count: 7c, pos: 7e)
             exe-1050232 [000] ..... 1635401.253151: tracing_mark_write: move_pages(pid=1, nr_pages=186, pages=0x555962e28d00, nodes=0x555962e34630, status=0x555962e34920, flags=0x555962e21066) end
             exe-1050232 [000] ..... 1635401.382131: tracing_mark_write: move_pages(pid=1, nr_pages=389, pages=0x555962e28d00, nodes=0x555962e34c10, status=0x555962e35230, flags=0x555962e21066) start
             exe-1050232 [000] ..... 1635401.382132: sys_pwrite64 -> 0x7e
             exe-1050232 [000] ..... 1635401.382137: sys_ptrace(request: 4205, pid: 1006d7, addr: 1, data: c0005d3c70)
             exe-1050232 [000] ..... 1635401.382139: sys_ptrace -> 0x0
             exe-1050232 [000] ..... 1635401.382140: sys_ptrace(request: 4205, pid: 1006d7, addr: 202, data: c0005d3c70)
             exe-1050232 [000] ..... 1635401.382149: sys_ptrace -> 0x0
             exe-1050232 [000] ..... 1635401.382150: sys_ptrace(request: 1f, pid: 1006d7, addr: 0, data: 0)
             exe-1050232 [000] .N... 1635401.382175: sys_ptrace -> 0x0
             exe-1050327 [003] ..... 1635401.382178: sys_write -> 0x7e
             exe-1050232 [000] ..... 1635401.382203: sys_wait4(upid: 1006d7, stat_addr: c0005d3bf4, options: 40000002, ru: 0)
             exe-1050232 [000] ..... 1635401.382205: sys_wait4 -> 0x1006d7
             exe-1050232 [000] ..... 1635401.382207: sys_ptrace(request: 4204, pid: 1006d7, addr: 1, data: c0005d3c70)
             exe-1049673 [002] ..... 1635401.382208: sys_nanosleep -> 0x0
             exe-1050232 [000] ..... 1635401.382209: sys_ptrace -> 0x0
             exe-1049673 [002] ..... 1635401.382210: sys_nanosleep(rqtp: c000069f10, rmtp: 0)
             exe-1050232 [000] ..... 1635401.382210: sys_ptrace(request: 4204, pid: 1006d7, addr: 202, data: c0005d3c70)
             exe-1050232 [000] ..... 1635401.382212: sys_ptrace -> 0x0
             exe-1050232 [000] ..... 1635401.382218: sys_ptrace(request: 4205, pid: 1006d7, addr: 1, data: c0005d3c70)
             exe-1050232 [000] ..... 1635401.382219: sys_ptrace -> 0x0
             exe-1050232 [000] ..... 1635401.382220: sys_ptrace(request: 4205, pid: 1006d7, addr: 202, data: c0005d3c70)
             exe-1050232 [000] ..... 1635401.382228: sys_ptrace -> 0x0
             exe-1050232 [000] ..... 1635401.382229: sys_ptrace(request: 1f, pid: 1006d7, addr: 0, data: 0)
             exe-1050232 [000] ..... 1635401.382238: sys_ptrace -> 0x0
             exe-1050232 [000] ..... 1635401.382240: sys_wait4(upid: 1006d7, stat_addr: c0005d3bf4, options: 40000002, ru: 0)
             exe-1050327 [003] ..... 1635401.382253: sys_move_pages -> 0xffffffffffffffff
             exe-1050232 [000] ..... 1635401.382295: sys_wait4 -> 0x1006d7
             exe-1049673 [002] ..... 1635401.382295: sys_nanosleep -> 0x0
             exe-1049673 [002] ..... 1635401.382297: sys_nanosleep(rqtp: c000069f10, rmtp: 0)
             exe-1050232 [000] ..... 1635401.382299: sys_ptrace(request: 4204, pid: 1006d7, addr: 1, data: c0005d3c70)
             exe-1050232 [000] ..... 1635401.382302: sys_ptrace -> 0x0
             exe-1050232 [000] ..... 1635401.382303: sys_ptrace(request: 4204, pid: 1006d7, addr: 202, data: c0005d3c70)
             exe-1050232 [000] ..... 1635401.382304: sys_ptrace -> 0x0
             exe-1050232 [000] ..... 1635401.382315: sys_pwrite64(fd: 63, buf: 7fd66ed52080, count: 7c, pos: 7e)
             exe-1050232 [000] ..... 1635401.382316: tracing_mark_write: move_pages(pid=1, nr_pages=389, pages=0x555962e28d00, nodes=0x555962e34c10, status=0x555962e35230, flags=0x555962e21066) end
             exe-1050232 [000] ..... 1635401.495158: tracing_mark_write: move_pages(pid=0, nr_pages=282, pages=0x555962e28d00, nodes=0x555962e34c10, status=0x555962e35080, flags=0x555962e21066) start
             exe-1050232 [000] ..... 1635401.495160: sys_pwrite64 -> 0x7e
             exe-1049673 [002] ..... 1635401.495160: sys_futex(uaddr: 1f09dc0, op: 80, val: 0, utime: c000069eb0, uaddr2: 0, val3: 0)
             exe-1050232 [000] ..... 1635401.495167: sys_ptrace(request: 4205, pid: 1006d7, addr: 1, data: c0005d3c70)
             exe-1050232 [000] ..... 1635401.495171: sys_ptrace -> 0x0
             exe-1050232 [000] ..... 1635401.495173: sys_ptrace(request: 4205, pid: 1006d7, addr: 202, data: c0005d3c70)
             exe-1050232 [000] ..... 1635401.495184: sys_ptrace -> 0x0
             exe-1050232 [000] ..... 1635401.495186: sys_ptrace(request: 1f, pid: 1006d7, addr: 0, data: 0)
             exe-1050232 [000] ..... 1635401.495193: sys_ptrace -> 0x0
             exe-1050232 [000] ..... 1635401.495195: sys_wait4(upid: 1006d7, stat_addr: c0005d3bf4, options: 40000002, ru: 0)
             exe-1050327 [002] ..... 1635401.495209: sys_write -> 0x7e
             exe-1050232 [000] ..... 1635401.495227: sys_wait4 -> 0x1006d7
             exe-1050232 [000] ..... 1635401.495229: sys_ptrace(request: 4204, pid: 1006d7, addr: 1, data: c0005d3c70)
             exe-1050232 [000] ..... 1635401.495232: sys_ptrace -> 0x0
             exe-1050232 [000] ..... 1635401.495233: sys_ptrace(request: 4204, pid: 1006d7, addr: 202, data: c0005d3c70)
             exe-1050232 [000] ..... 1635401.495235: sys_ptrace -> 0x0
             exe-1050232 [000] ..... 1635401.495239: sys_ptrace(request: 4205, pid: 1006d7, addr: 1, data: c0005d3c70)
             exe-1050232 [000] ..... 1635401.495240: sys_ptrace -> 0x0
             exe-1050232 [000] ..... 1635401.495241: sys_ptrace(request: 4205, pid: 1006d7, addr: 202, data: c0005d3c70)
             exe-1050232 [000] ..... 1635401.495247: sys_ptrace -> 0x0
             exe-1050232 [000] ..... 1635401.495249: sys_ptrace(request: 1f, pid: 1006d7, addr: 0, data: 0)
             exe-1050232 [000] ..... 1635401.495255: sys_ptrace -> 0x0
             exe-1050232 [000] ..... 1635401.495257: sys_wait4(upid: 1006d7, stat_addr: c0005d3bf4, options: 40000002, ru: 0)
             exe-1050327 [002] ..... 1635401.495264: sys_move_pages -> 0xffffffffffffffff
             exe-1050232 [000] ..... 1635401.495279: sys_wait4 -> 0x1006d7
             exe-1050232 [000] ..... 1635401.495282: sys_ptrace(request: 4204, pid: 1006d7, addr: 1, data: c0005d3c70)
             exe-1050232 [000] ..... 1635401.495285: sys_ptrace -> 0x0
             exe-1050232 [000] ..... 1635401.495287: sys_ptrace(request: 4204, pid: 1006d7, addr: 202, data: c0005d3c70)
             exe-1050232 [000] ..... 1635401.495290: sys_ptrace -> 0x0
             exe-1050232 [000] ..... 1635401.495298: sys_pwrite64(fd: 63, buf: 7fd66ed52080, count: 7c, pos: 7e)
             exe-1050232 [000] ..... 1635401.495300: tracing_mark_write: move_pages(pid=0, nr_pages=282, pages=0x555962e28d00, nodes=0x555962e34c10, status=0x555962e35080, flags=0x555962e21066) end
             exe-1050232 [000] ..... 1635401.562176: tracing_mark_write: move_pages(pid=49901, nr_pages=16, pages=0x555962e28d00, nodes=0x555962e34c10, status=0x555962e34c60, flags=0x555962e21066) start
             exe-1050232 [000] ..... 1635401.562178: sys_pwrite64 -> 0x81
             exe-1050232 [000] ..... 1635401.562188: sys_ptrace(request: 4205, pid: 1006d7, addr: 1, data: c0005d3c70)
             exe-1050232 [000] ..... 1635401.562192: sys_ptrace -> 0x0
             exe-1050232 [000] ..... 1635401.562194: sys_ptrace(request: 4205, pid: 1006d7, addr: 202, data: c0005d3c70)
             exe-1050232 [000] ..... 1635401.562211: sys_ptrace -> 0x0
             exe-1050232 [000] ..... 1635401.562212: sys_ptrace(request: 1f, pid: 1006d7, addr: 0, data: 0)
             exe-1050232 [000] ..... 1635401.562228: sys_ptrace -> 0x0
             exe-1050232 [000] ..... 1635401.562231: sys_wait4(upid: 1006d7, stat_addr: c0005d3bf4, options: 40000002, ru: 0)
             exe-1049673 [001] ..... 1635401.562250: sys_nanosleep -> 0x0
             exe-1049673 [001] ..... 1635401.562252: sys_nanosleep(rqtp: c000069f10, rmtp: 0)
             exe-1050327 [003] ..... 1635401.562269: sys_write -> 0x81
             exe-1050232 [000] ..... 1635401.562294: sys_wait4 -> 0x1006d7
             exe-1050232 [000] ..... 1635401.562296: sys_ptrace(request: 4204, pid: 1006d7, addr: 1, data: c0005d3c70)
             exe-1050232 [000] ..... 1635401.562299: sys_ptrace -> 0x0
             exe-1050232 [000] ..... 1635401.562301: sys_ptrace(request: 4204, pid: 1006d7, addr: 202, data: c0005d3c70)
             exe-1050232 [000] ..... 1635401.562303: sys_ptrace -> 0x0
             exe-1050232 [000] ..... 1635401.562308: sys_ptrace(request: 4205, pid: 1006d7, addr: 1, data: c0005d3c70)
             exe-1050232 [000] ..... 1635401.562311: sys_ptrace -> 0x0
             exe-1050232 [000] ..... 1635401.562312: sys_ptrace(request: 4205, pid: 1006d7, addr: 202, data: c0005d3c70)
             exe-1050232 [000] ..... 1635401.562319: sys_ptrace -> 0x0
             exe-1050232 [000] ..... 1635401.562321: sys_ptrace(request: 1f, pid: 1006d7, addr: 0, data: 0)
             exe-1049673 [001] ..... 1635401.562344: sys_nanosleep -> 0x0
             exe-1049673 [001] ..... 1635401.562346: sys_nanosleep(rqtp: c000069f10, rmtp: 0)
             exe-1050232 [000] .N... 1635401.562349: sys_ptrace -> 0x0
             exe-1049567 [000] ..... 1635401.562353: sys_nanosleep -> 0x0
             exe-1049567 [000] ..... 1635401.562358: sys_getpid()
             exe-1049567 [000] ..... 1635401.562359: sys_getpid -> 0x1003ce
             exe-1049567 [000] ..... 1635401.562362: sys_tgkill(tgid: 1003ce, pid: 100678, sig: 17)
             exe-1050327 [003] ..... 1635401.562363: sys_move_pages -> 0xffffffffffffffff
             exe-1049567 [000] ..... 1635401.562369: sys_tgkill -> 0x0
             exe-1049567 [000] ..... 1635401.562371: sys_nanosleep(rqtp: c000069f10, rmtp: 0)
             exe-1050232 [000] ..... 1635401.562386: sys_rt_sigreturn()
             exe-1050232 [000] ..... 1635401.562392: sys_futex(uaddr: c0049c7148, op: 81, val: 1, utime: 0, uaddr2: 0, val3: 0)
             exe-1050232 [000] ..... 1635401.562400: sys_futex -> 0x1
             exe-1050232 [000] ..... 1635401.562402: sys_futex(uaddr: c001f2d948, op: 80, val: 0, utime: 0, uaddr2: 0, val3: 0)
             exe-1050282 [003] ..... 1635401.562418: sys_futex -> 0x0
             exe-1050282 [003] ..... 1635401.562429: sys_futex(uaddr: c001f2d948, op: 81, val: 1, utime: 0, uaddr2: 0, val3: 0)
             exe-1049673 [001] ..... 1635401.562437: sys_nanosleep -> 0x0
             exe-1050282 [003] ..... 1635401.562438: sys_futex -> 0x1
             exe-1049673 [001] ..... 1635401.562440: sys_nanosleep(rqtp: c000069f10, rmtp: 0)
             exe-1050282 [003] ..... 1635401.562440: sys_futex(uaddr: c0049c7148, op: 80, val: 0, utime: 0, uaddr2: 0, val3: 0)
             exe-1050232 [000] ..... 1635401.562444: sys_futex -> 0x0
             exe-1050232 [000] ..... 1635401.562448: sys_wait4(upid: 1006d7, stat_addr: c0005d3bf4, options: 40000002, ru: 0)
             exe-1050232 [000] ..... 1635401.562449: sys_wait4 -> 0x1006d7
             exe-1050232 [000] ..... 1635401.562451: sys_ptrace(request: 4204, pid: 1006d7, addr: 1, data: c0005d3c70)
             exe-1050232 [000] ..... 1635401.562454: sys_ptrace -> 0x0
             exe-1050232 [000] ..... 1635401.562455: sys_ptrace(request: 4204, pid: 1006d7, addr: 202, data: c0005d3c70)
             exe-1050232 [000] ..... 1635401.562457: sys_ptrace -> 0x0
             exe-1050232 [000] ..... 1635401.562465: sys_pwrite64(fd: 63, buf: 7fd66ed52080, count: 7f, pos: 81)
             exe-1050232 [000] ..... 1635401.562467: tracing_mark_write: move_pages(pid=49901, nr_pages=16, pages=0x555962e28d00, nodes=0x555962e34c10, status=0x555962e34c60, flags=0x555962e21066) end
             exe-1050232 [000] ..... 1635401.729726: tracing_mark_write: move_pages(pid=1, nr_pages=471, pages=0x555962e28d00, nodes=0x555962e34cb0, status=0x555962e35420, flags=0x555962e21066) start
             exe-1050232 [000] ..... 1635401.729728: sys_pwrite64 -> 0x7e
             exe-1050232 [000] ..... 1635401.729735: sys_ptrace(request: 4205, pid: 1006d7, addr: 1, data: c0005d3c70)
             exe-1050232 [000] ..... 1635401.729739: sys_ptrace -> 0x0
             exe-1050232 [000] ..... 1635401.729740: sys_ptrace(request: 4205, pid: 1006d7, addr: 202, data: c0005d3c70)
             exe-1049673 [001] ..... 1635401.729793: sys_nanosleep -> 0x0
             exe-1049673 [001] ..... 1635401.729796: sys_nanosleep(rqtp: c000069f10, rmtp: 0)
             exe-1050232 [000] ..... 1635401.729811: sys_ptrace -> 0x0
             exe-1050232 [000] ..... 1635401.729815: sys_ptrace(request: 1f, pid: 1006d7, addr: 0, data: 0)
             exe-1050232 [000] ..... 1635401.729827: sys_ptrace -> 0x0
             exe-1050232 [000] ..... 1635401.729830: sys_wait4(upid: 1006d7, stat_addr: c0005d3bf4, options: 40000002, ru: 0)
             exe-1050327 [003] ..... 1635401.729847: sys_write -> 0x7e
             exe-1049673 [001] ..... 1635401.729884: sys_nanosleep -> 0x0
             exe-1049673 [001] ..... 1635401.729887: sys_nanosleep(rqtp: c000069f10, rmtp: 0)
             exe-1050232 [000] ..... 1635401.729897: sys_wait4 -> 0x1006d7
             exe-1050232 [000] ..... 1635401.729901: sys_ptrace(request: 4204, pid: 1006d7, addr: 1, data: c0005d3c70)
             exe-1050232 [000] ..... 1635401.729905: sys_ptrace -> 0x0
             exe-1050232 [000] ..... 1635401.729906: sys_ptrace(request: 4204, pid: 1006d7, addr: 202, data: c0005d3c70)
             exe-1050232 [000] ..... 1635401.729908: sys_ptrace -> 0x0
             exe-1050232 [000] ..... 1635401.729915: sys_ptrace(request: 4205, pid: 1006d7, addr: 1, data: c0005d3c70)
             exe-1050232 [000] ..... 1635401.729917: sys_ptrace -> 0x0
             exe-1050232 [000] ..... 1635401.729918: sys_ptrace(request: 4205, pid: 1006d7, addr: 202, data: c0005d3c70)
             exe-1050232 [000] ..... 1635401.729926: sys_ptrace -> 0x0
             exe-1050232 [000] ..... 1635401.729928: sys_ptrace(request: 1f, pid: 1006d7, addr: 0, data: 0)
             exe-1050232 [000] ..... 1635401.729941: sys_ptrace -> 0x0
             exe-1050232 [000] ..... 1635401.729943: sys_wait4(upid: 1006d7, stat_addr: c0005d3bf4, options: 40000002, ru: 0)
             exe-1050327 [003] ..... 1635401.729955: sys_move_pages -> 0xffffffffffffffff
             exe-1049673 [001] ..... 1635401.729976: sys_nanosleep -> 0x0
             exe-1049673 [001] ..... 1635401.729978: sys_nanosleep(rqtp: c000069f10, rmtp: 0)
             exe-1050232 [000] ..... 1635401.729996: sys_wait4 -> 0x1006d7
             exe-1050232 [000] ..... 1635401.730000: sys_ptrace(request: 4204, pid: 1006d7, addr: 1, data: c0005d3c70)
             exe-1050232 [000] ..... 1635401.730003: sys_ptrace -> 0x0
             exe-1050232 [000] ..... 1635401.730005: sys_ptrace(request: 4204, pid: 1006d7, addr: 202, data: c0005d3c70)
             exe-1050232 [000] ..... 1635401.730006: sys_ptrace -> 0x0
             exe-1050232 [000] ..... 1635401.730018: sys_pwrite64(fd: 63, buf: 7fd66ed52080, count: 7c, pos: 7e)
             exe-1050232 [000] ..... 1635401.730020: tracing_mark_write: move_pages(pid=1, nr_pages=471, pages=0x555962e28d00, nodes=0x555962e34cb0, status=0x555962e35420, flags=0x555962e21066) end
             exe-1050232 [000] ..... 1635401.806942: tracing_mark_write: move_pages(pid=0, nr_pages=9, pages=0x555962e28d00, nodes=0x555962e34cb0, status=0x555962e34ce0, flags=0x555962e21066) start
             exe-1050232 [000] ..... 1635401.806945: sys_pwrite64 -> 0x7c
             exe-1050232 [000] ..... 1635401.806956: sys_ptrace(request: 4205, pid: 1006d7, addr: 1, data: c0005d3c70)
             exe-1050232 [000] ..... 1635401.806965: sys_ptrace -> 0x0
             exe-1050232 [000] ..... 1635401.806967: sys_ptrace(request: 4205, pid: 1006d7, addr: 202, data: c0005d3c70)
             exe-1050232 [000] ..... 1635401.807051: sys_ptrace -> 0x0
             exe-1050232 [000] ..... 1635401.807056: sys_ptrace(request: 1f, pid: 1006d7, addr: 0, data: 0)
             exe-1050232 [000] ..... 1635401.807072: sys_ptrace -> 0x0
             exe-1050232 [000] ..... 1635401.807075: sys_wait4(upid: 1006d7, stat_addr: c0005d3bf4, options: 40000002, ru: 0)
             exe-1050327 [002] ..... 1635401.807145: sys_write -> 0x7c
             exe-1050232 [000] ..... 1635401.807184: sys_wait4 -> 0x1006d7
             exe-1050232 [000] ..... 1635401.807194: sys_ptrace(request: 4204, pid: 1006d7, addr: 1, data: c0005d3c70)
             exe-1050232 [000] ..... 1635401.807201: sys_ptrace -> 0x0
             exe-1050232 [000] ..... 1635401.807297: sys_ptrace(request: 4204, pid: 1006d7, addr: 202, data: c0005d3c70)
             exe-1050232 [000] ..... 1635401.807305: sys_ptrace -> 0x0
             exe-1050232 [000] ..... 1635401.807318: sys_ptrace(request: 4205, pid: 1006d7, addr: 1, data: c0005d3c70)
             exe-1050232 [000] ..... 1635401.807322: sys_ptrace -> 0x0
             exe-1050232 [000] ..... 1635401.807324: sys_ptrace(request: 4205, pid: 1006d7, addr: 202, data: c0005d3c70)
             exe-1050232 [000] ..... 1635401.807409: sys_ptrace -> 0x0
             exe-1050232 [000] ..... 1635401.807414: sys_ptrace(request: 1f, pid: 1006d7, addr: 0, data: 0)
             exe-1050232 [000] ..... 1635401.807430: sys_ptrace -> 0x0
             exe-1050232 [000] ..... 1635401.807434: sys_wait4(upid: 1006d7, stat_addr: c0005d3bf4, options: 40000002, ru: 0)
             exe-1050327 [002] ..... 1635401.807502: sys_move_pages -> 0xffffffffffffffff
             exe-1050232 [000] ..... 1635401.807536: sys_wait4 -> 0x1006d7
             exe-1050232 [000] ..... 1635401.807543: sys_ptrace(request: 4204, pid: 1006d7, addr: 1, data: c0005d3c70)
             exe-1050232 [000] ..... 1635401.807549: sys_ptrace -> 0x0
             exe-1050232 [000] ..... 1635401.807550: sys_ptrace(request: 4204, pid: 1006d7, addr: 202, data: c0005d3c70)
             exe-1050232 [000] ..... 1635401.807553: sys_ptrace -> 0x0
             exe-1050232 [000] ..... 1635401.807635: sys_pwrite64(fd: 63, buf: 7fd66ed52080, count: 7a, pos: 7c)
             exe-1049567 [000] ..... 1635401.807709: sys_nanosleep -> 0x0
             exe-1049567 [000] ..... 1635401.807716: sys_nanosleep(rqtp: c000069f10, rmtp: 0)
             exe-1050232 [000] ..... 1635401.807724: tracing_mark_write: move_pages(pid=0, nr_pages=9, pages=0x555962e28d00, nodes=0x555962e34cb0, status=0x555962e34ce0, flags=0x555962e21066) end
             exe-1049981 [001] ..... 1635401.917512: tracing_mark_write: move_pages(pid=1, nr_pages=178, pages=0x555962e28d00, nodes=0x555962e34d10, status=0x555962e34fe0, flags=0x555962e21066) start
             exe-1067990 [003] ..... 1635401.917516: sys_futex(uaddr: c0002dd548, op: 80, val: 0, utime: 0, uaddr2: 0, val3: 0)
             exe-1049981 [001] ..... 1635401.917528: sys_pwrite64 -> 0x7e
             exe-1049981 [001] ..... 1635401.917535: sys_ptrace(request: 4205, pid: 1005d8, addr: 1, data: c0005d3c70)
             exe-1049981 [001] ..... 1635401.917537: sys_ptrace -> 0x0
             exe-1049981 [001] ..... 1635401.917538: sys_ptrace(request: 4205, pid: 1005d8, addr: 202, data: c0005d3c70)
             exe-1049981 [001] ..... 1635401.917549: sys_ptrace -> 0x0
             exe-1049981 [001] ..... 1635401.917550: sys_ptrace(request: 1f, pid: 1005d8, addr: 0, data: 0)
             exe-1049981 [001] .N... 1635401.917556: sys_ptrace -> 0x0
             exe-1050072 [001] ..... 1635401.917566: sys_write -> 0x7e
             exe-1049981 [001] ..... 1635401.917582: sys_wait4(upid: 1005d8, stat_addr: c0005d3bf4, options: 40000002, ru: 0)
             exe-1049981 [001] ..... 1635401.917585: sys_wait4 -> 0x1005d8
             exe-1049981 [001] ..... 1635401.917587: sys_ptrace(request: 4204, pid: 1005d8, addr: 1, data: c0005d3c70)
             exe-1049673 [002] ..... 1635401.917588: sys_nanosleep -> 0x0
             exe-1049981 [001] ..... 1635401.917590: sys_ptrace -> 0x0
             exe-1049673 [002] ..... 1635401.917591: sys_nanosleep(rqtp: c000069f10, rmtp: 0)
             exe-1049981 [001] ..... 1635401.917591: sys_ptrace(request: 4204, pid: 1005d8, addr: 202, data: c0005d3c70)
             exe-1049981 [001] ..... 1635401.917593: sys_ptrace -> 0x0
             exe-1049981 [001] ..... 1635401.917598: sys_ptrace(request: 4205, pid: 1005d8, addr: 1, data: c0005d3c70)
             exe-1049981 [001] ..... 1635401.917600: sys_ptrace -> 0x0
             exe-1049981 [001] ..... 1635401.917601: sys_ptrace(request: 4205, pid: 1005d8, addr: 202, data: c0005d3c70)
             exe-1049981 [001] ..... 1635401.917609: sys_ptrace -> 0x0
             exe-1049981 [001] ..... 1635401.917610: sys_ptrace(request: 1f, pid: 1005d8, addr: 0, data: 0)
             exe-1049981 [001] .N... 1635401.917616: sys_ptrace -> 0x0
             exe-1050072 [001] ..... 1635401.917624: sys_move_pages -> 0xffffffffffffffff
             exe-1049981 [001] ..... 1635401.917638: sys_wait4(upid: 1005d8, stat_addr: c0005d3bf4, options: 40000002, ru: 0)
             exe-1049981 [001] ..... 1635401.917640: sys_wait4 -> 0x1005d8
             exe-1049981 [001] ..... 1635401.917642: sys_ptrace(request: 4204, pid: 1005d8, addr: 1, data: c0005d3c70)
             exe-1049981 [001] ..... 1635401.917645: sys_ptrace -> 0x0
             exe-1049981 [001] ..... 1635401.917646: sys_ptrace(request: 4204, pid: 1005d8, addr: 202, data: c0005d3c70)
             exe-1049981 [001] ..... 1635401.917648: sys_ptrace -> 0x0
             exe-1049981 [001] ..... 1635401.917656: sys_pwrite64(fd: 63, buf: 7fd66ed52080, count: 7c, pos: 7e)
             exe-1049981 [001] ..... 1635401.917657: tracing_mark_write: move_pages(pid=1, nr_pages=178, pages=0x555962e28d00, nodes=0x555962e34d10, status=0x555962e34fe0, flags=0x555962e21066) end
             exe-1049981 [001] ..... 1635402.033923: tracing_mark_write: move_pages(pid=1, nr_pages=228, pages=0x555962e28d00, nodes=0x555962e352b0, status=0x555962e35650, flags=0x555962e21066) start
             exe-1049981 [001] ..... 1635402.033924: sys_pwrite64 -> 0x7e
             exe-1067990 [003] ..... 1635402.033930: sys_futex -> 0x0
             exe-1049981 [001] ..... 1635402.033930: sys_ptrace(request: 4205, pid: 1005d8, addr: 1, data: c0005d3c70)
             exe-1049981 [001] ..... 1635402.033932: sys_ptrace -> 0x0
             exe-1049981 [001] ..... 1635402.033933: sys_ptrace(request: 4205, pid: 1005d8, addr: 202, data: c0005d3c70)
             exe-1067990 [003] ..... 1635402.033945: sys_futex(uaddr: c0002dd548, op: 80, val: 0, utime: 0, uaddr2: 0, val3: 0)
             exe-1049673 [001] ..... 1635402.033973: sys_nanosleep -> 0x0
             exe-1049673 [001] ..... 1635402.033978: sys_nanosleep(rqtp: c000069f10, rmtp: 0)
             exe-1049981 [001] ..... 1635402.034003: sys_ptrace -> 0x0
             exe-1049981 [001] ..... 1635402.034007: sys_ptrace(request: 1f, pid: 1005d8, addr: 0, data: 0)
             exe-1049981 [001] .N... 1635402.034013: sys_ptrace -> 0x0
             exe-1050072 [001] ..... 1635402.034023: sys_write -> 0x7e
             exe-1049981 [001] ..... 1635402.034041: sys_wait4(upid: 1005d8, stat_addr: c0005d3bf4, options: 40000002, ru: 0)
             exe-1049981 [001] ..... 1635402.034043: sys_wait4 -> 0x1005d8
             exe-1049981 [001] ..... 1635402.034045: sys_ptrace(request: 4204, pid: 1005d8, addr: 1, data: c0005d3c70)
             exe-1049981 [001] ..... 1635402.034048: sys_ptrace -> 0x0
             exe-1049981 [001] ..... 1635402.034049: sys_ptrace(request: 4204, pid: 1005d8, addr: 202, data: c0005d3c70)
             exe-1049673 [001] ..... 1635402.034079: sys_nanosleep -> 0x0
             exe-1049673 [001] ..... 1635402.034084: sys_nanosleep(rqtp: c000069f10, rmtp: 0)
             exe-1049981 [001] ..... 1635402.034104: sys_ptrace -> 0x0
             exe-1049981 [001] ..... 1635402.034114: sys_ptrace(request: 4205, pid: 1005d8, addr: 1, data: c0005d3c70)
             exe-1049981 [001] ..... 1635402.034117: sys_ptrace -> 0x0
             exe-1049981 [001] ..... 1635402.034118: sys_ptrace(request: 4205, pid: 1005d8, addr: 202, data: c0005d3c70)
             exe-1049981 [001] ..... 1635402.034127: sys_ptrace -> 0x0
             exe-1049981 [001] ..... 1635402.034128: sys_ptrace(request: 1f, pid: 1005d8, addr: 0, data: 0)
             exe-1049981 [001] .N... 1635402.034134: sys_ptrace -> 0x0
             exe-1050072 [001] ..... 1635402.034144: sys_move_pages -> 0xffffffffffffffff
             exe-1049673 [001] ..... 1635402.034188: sys_nanosleep -> 0x0
             exe-1049673 [001] ..... 1635402.034193: sys_nanosleep(rqtp: c000069f10, rmtp: 0)
             exe-1049981 [001] ..... 1635402.034215: sys_wait4(upid: 1005d8, stat_addr: c0005d3bf4, options: 40000002, ru: 0)
             exe-1049981 [001] ..... 1635402.034218: sys_wait4 -> 0x1005d8
             exe-1049981 [001] ..... 1635402.034220: sys_ptrace(request: 4204, pid: 1005d8, addr: 1, data: c0005d3c70)
             exe-1049981 [001] ..... 1635402.034223: sys_ptrace -> 0x0
             exe-1049981 [001] ..... 1635402.034224: sys_ptrace(request: 4204, pid: 1005d8, addr: 202, data: c0005d3c70)
             exe-1049981 [001] ..... 1635402.034226: sys_ptrace -> 0x0
             exe-1049981 [001] ..... 1635402.034239: sys_pwrite64(fd: 63, buf: 7fd66ed52080, count: 7c, pos: 7e)
             exe-1049981 [001] ..... 1635402.034241: tracing_mark_write: move_pages(pid=1, nr_pages=228, pages=0x555962e28d00, nodes=0x555962e352b0, status=0x555962e35650, flags=0x555962e21066) end
             exe-1049981 [001] ..... 1635402.145409: tracing_mark_write: move_pages(pid=1, nr_pages=205, pages=0x555962e28d00, nodes=0x555962e359f0, status=0x555962e35d30, flags=0x555962e21066) start
             exe-1049981 [001] ..... 1635402.145410: sys_pwrite64 -> 0x7e
             exe-1049981 [001] ..... 1635402.145417: sys_ptrace(request: 4205, pid: 1005d8, addr: 1, data: c0005d3c70)
             exe-1049981 [001] ..... 1635402.145420: sys_ptrace -> 0x0
             exe-1049981 [001] ..... 1635402.145422: sys_ptrace(request: 4205, pid: 1005d8, addr: 202, data: c0005d3c70)
             exe-1049981 [001] ..... 1635402.145432: sys_ptrace -> 0x0
             exe-1049981 [001] ..... 1635402.145433: sys_ptrace(request: 1f, pid: 1005d8, addr: 0, data: 0)
             exe-1049981 [001] .N... 1635402.145439: sys_ptrace -> 0x0
             exe-1050072 [001] ..... 1635402.145474: sys_write -> 0x7e
             exe-1049673 [001] ..... 1635402.145490: sys_nanosleep -> 0x0
             exe-1049673 [001] ..... 1635402.145495: sys_nanosleep(rqtp: c000069f10, rmtp: 0)
             exe-1049981 [001] ..... 1635402.145519: sys_wait4(upid: 1005d8, stat_addr: c0005d3bf4, options: 40000002, ru: 0)
             exe-1049981 [001] ..... 1635402.145522: sys_wait4 -> 0x1005d8
             exe-1049981 [001] ..... 1635402.145524: sys_ptrace(request: 4204, pid: 1005d8, addr: 1, data: c0005d3c70)
             exe-1049981 [001] ..... 1635402.145529: sys_ptrace -> 0x0
             exe-1049981 [001] ..... 1635402.145530: sys_ptrace(request: 4204, pid: 1005d8, addr: 202, data: c0005d3c70)
             exe-1049981 [001] ..... 1635402.145532: sys_ptrace -> 0x0
             exe-1049981 [001] ..... 1635402.145539: sys_ptrace(request: 4205, pid: 1005d8, addr: 1, data: c0005d3c70)
             exe-1049981 [001] ..... 1635402.145541: sys_ptrace -> 0x0
             exe-1049981 [001] ..... 1635402.145542: sys_ptrace(request: 4205, pid: 1005d8, addr: 202, data: c0005d3c70)
             exe-1049981 [001] ..... 1635402.145556: sys_ptrace -> 0x0
             exe-1049981 [001] ..... 1635402.145558: sys_ptrace(request: 1f, pid: 1005d8, addr: 0, data: 0)
             exe-1049981 [001] .N... 1635402.145565: sys_ptrace -> 0x0
             exe-1050072 [001] ..... 1635402.145598: sys_move_pages -> 0xffffffffffffffff
             exe-1049673 [001] ..... 1635402.145614: sys_nanosleep -> 0x0
             exe-1049673 [001] ..... 1635402.145619: sys_nanosleep(rqtp: c000069f10, rmtp: 0)
             exe-1049981 [001] ..... 1635402.145643: sys_wait4(upid: 1005d8, stat_addr: c0005d3bf4, options: 40000002, ru: 0)
             exe-1049981 [001] ..... 1635402.145645: sys_wait4 -> 0x1005d8
             exe-1049981 [001] ..... 1635402.145647: sys_ptrace(request: 4204, pid: 1005d8, addr: 1, data: c0005d3c70)
             exe-1049981 [001] ..... 1635402.145651: sys_ptrace -> 0x0
             exe-1049981 [001] ..... 1635402.145653: sys_ptrace(request: 4204, pid: 1005d8, addr: 202, data: c0005d3c70)
             exe-1049981 [001] ..... 1635402.145655: sys_ptrace -> 0x0
             exe-1049981 [001] ..... 1635402.145668: sys_pwrite64(fd: 63, buf: 7fd66ed52080, count: 7c, pos: 7e)
             exe-1049981 [001] ..... 1635402.145670: tracing_mark_write: move_pages(pid=1, nr_pages=205, pages=0x555962e28d00, nodes=0x555962e359f0, status=0x555962e35d30, flags=0x555962e21066) end
             exe-1049981 [001] ..... 1635402.215145: tracing_mark_write: move_pages(pid=49901, nr_pages=13, pages=0x555962e28d00, nodes=0x555962e585a0, status=0x555962e58490, flags=0x555962e21066) start
             exe-1049981 [001] ..... 1635402.215146: sys_pwrite64 -> 0x81
             exe-1049981 [001] ..... 1635402.215153: sys_ptrace(request: 4205, pid: 1005d8, addr: 1, data: c0005d3c70)
             exe-1049981 [001] ..... 1635402.215155: sys_ptrace -> 0x0
             exe-1049981 [001] ..... 1635402.215157: sys_ptrace(request: 4205, pid: 1005d8, addr: 202, data: c0005d3c70)
             exe-1049981 [001] ..... 1635402.215168: sys_ptrace -> 0x0
             exe-1049981 [001] ..... 1635402.215170: sys_ptrace(request: 1f, pid: 1005d8, addr: 0, data: 0)
             exe-1049981 [001] .N... 1635402.215177: sys_ptrace -> 0x0
             exe-1050072 [001] ..... 1635402.215187: sys_write -> 0x81
             exe-1049981 [001] ..... 1635402.215205: sys_wait4(upid: 1005d8, stat_addr: c0005d3bf4, options: 40000002, ru: 0)
             exe-1049981 [001] ..... 1635402.215208: sys_wait4 -> 0x1005d8
             exe-1049981 [001] ..... 1635402.215211: sys_ptrace(request: 4204, pid: 1005d8, addr: 1, data: c0005d3c70)
             exe-1049981 [001] ..... 1635402.215214: sys_ptrace -> 0x0
             exe-1049981 [001] ..... 1635402.215216: sys_ptrace(request: 4204, pid: 1005d8, addr: 202, data: c0005d3c70)
             exe-1049981 [001] ..... 1635402.215218: sys_ptrace -> 0x0
             exe-1049981 [001] ..... 1635402.215224: sys_ptrace(request: 4205, pid: 1005d8, addr: 1, data: c0005d3c70)
             exe-1049981 [001] ..... 1635402.215226: sys_ptrace -> 0x0
             exe-1049981 [001] ..... 1635402.215228: sys_ptrace(request: 4205, pid: 1005d8, addr: 202, data: c0005d3c70)
             exe-1049981 [001] ..... 1635402.215237: sys_ptrace -> 0x0
             exe-1049981 [001] ..... 1635402.215238: sys_ptrace(request: 1f, pid: 1005d8, addr: 0, data: 0)
             exe-1049981 [001] .N... 1635402.215245: sys_ptrace -> 0x0
             exe-1050072 [001] ..... 1635402.215254: sys_move_pages -> 0xffffffffffffffff
             exe-1049981 [001] ..... 1635402.215272: sys_wait4(upid: 1005d8, stat_addr: c0005d3bf4, options: 40000002, ru: 0)
             exe-1049981 [001] ..... 1635402.215274: sys_wait4 -> 0x1005d8
             exe-1049981 [001] ..... 1635402.215276: sys_ptrace(request: 4204, pid: 1005d8, addr: 1, data: c0005d3c70)
             exe-1049981 [001] ..... 1635402.215280: sys_ptrace -> 0x0
             exe-1049981 [001] ..... 1635402.215281: sys_ptrace(request: 4204, pid: 1005d8, addr: 202, data: c0005d3c70)
             exe-1049981 [001] ..... 1635402.215284: sys_ptrace -> 0x0
             exe-1049981 [001] ..... 1635402.215292: sys_pwrite64(fd: 63, buf: 7fd66ed52080, count: 7f, pos: 81)
             exe-1049981 [001] ..... 1635402.215294: tracing_mark_write: move_pages(pid=49901, nr_pages=13, pages=0x555962e28d00, nodes=0x555962e585a0, status=0x555962e58490, flags=0x555962e21066) end
             exe-1049981 [001] ..... 1635402.348802: tracing_mark_write: move_pages(pid=0, nr_pages=304, pages=0x555962e28d00, nodes=0x555962e36070, status=0x555962e36540, flags=0x0) start
