             exe-1050232 [002] ..... 1635398.668804: sys_ptrace(request: 4204, pid: 1006d7, addr: 1, data: c0005d3c70)
             exe-1050232 [002] ..... 1635398.668806: sys_ptrace -> 0x0
             exe-1050232 [002] ..... 1635398.668807: sys_ptrace(request: 4204, pid: 1006d7, addr: 202, data: c0005d3c70)
             exe-1050232 [002] ..... 1635398.668808: sys_ptrace -> 0x0
             exe-1050232 [002] ..... 1635398.668813: sys_pwrite64(fd: 63, buf: 7fd66ed52080, count: 80, pos: 82)
             exe-1050232 [002] ..... 1635398.668814: tracing_mark_write: move_pages(pid=49901, nr_pages=258, pages=0x555962e28d00, nodes=0x555962e32290, status=0x555962e326a0, flags=0x7fd7af619d02) end
             exe-1050232 [002] ..... 1635398.797067: tracing_mark_write: move_pages(pid=0, nr_pages=442, pages=0x555962e28d00, nodes=0x555962e32ab0, status=0x555962e331a0, flags=0x7fd7af619d02) start
             exe-1050232 [002] ..... 1635398.797069: sys_pwrite64 -> 0x7e
             exe-1050232 [002] ..... 1635398.797074: sys_ptrace(request: 4205, pid: 1006d7, addr: 1, data: c0005d3c70)
             exe-1050232 [002] ..... 1635398.797076: sys_ptrace -> 0x0
             exe-1050232 [002] ..... 1635398.797077: sys_ptrace(request: 4205, pid: 1006d7, addr: 202, data: c0005d3c70)
             exe-1050232 [002] ..... 1635398.797086: sys_ptrace -> 0x0
             exe-1050232 [002] ..... 1635398.797087: sys_ptrace(request: 1f, pid: 1006d7, addr: 0, data: 0)
             exe-1050232 [002] ..... 1635398.797093: sys_ptrace -> 0x0
             exe-1050232 [002] ..... 1635398.797094: sys_wait4(upid: 1006d7, stat_addr: c0005d3bf4, options: 40000002, ru: 0)
             exe-1050327 [001] ..... 1635398.797103: sys_write -> 0x7e
             exe-1050232 [002] ..... 1635398.797119: sys_wait4 -> 0x1006d7
             exe-1050232 [002] ..... 1635398.797121: sys_ptrace(request: 4204, pid: 1006d7, addr: 1, data: c0005d3c70)
             exe-1050232 [002] ..... 1635398.797125: sys_ptrace -> 0x0
             exe-1050232 [002] ..... 1635398.797126: sys_ptrace(request: 4204, pid: 1006d7, addr: 202, data: c0005d3c70)
             exe-1050232 [002] ..... 1635398.797128: sys_ptrace -> 0x0
             exe-1050232 [002] ..... 1635398.797133: sys_ptrace(request: 4205, pid: 1006d7, addr: 1, data: c0005d3c70)
             exe-1050232 [002] ..... 1635398.797135: sys_ptrace -> 0x0
             exe-1050232 [002] ..... 1635398.797136: sys_ptrace(request: 4205, pid: 1006d7, addr: 202, data: c0005d3c70)
             exe-1049673 [000] ..... 1635398.797136: sys_nanosleep -> 0x0
             exe-1050232 [002] ..... 1635398.797142: sys_ptrace -> 0x0
             exe-1049673 [000] ..... 1635398.797142: sys_futex(uaddr: 1f09dc0, op: 80, val: 0, utime: c000069eb0, uaddr2: 0, val3: 0)
             exe-1050232 [002] ..... 1635398.797144: sys_ptrace(request: 1f, pid: 1006d7, addr: 0, data: 0)
             exe-1050232 [002] ..... 1635398.797149: sys_ptrace -> 0x0
             exe-1050232 [002] ..... 1635398.797151: sys_wait4(upid: 1006d7, stat_addr: c0005d3bf4, options: 40000002, ru: 0)
             exe-1050327 [001] ..... 1635398.797156: sys_move_pages -> 0xffffffffffffffff
             exe-1050232 [002] ..... 1635398.797168: sys_wait4 -> 0x1006d7
             exe-1050232 [002] ..... 1635398.797169: sys_ptrace(request: 4204, pid: 1006d7, addr: 1, data: c0005d3c70)
             exe-1050232 [002] ..... 1635398.797171: sys_ptrace -> 0x0
             exe-1050232 [002] ..... 1635398.797173: sys_ptrace(request: 4204, pid: 1006d7, addr: 202, data: c0005d3c70)
             exe-1050232 [002] ..... 1635398.797175: sys_ptrace -> 0x0
             exe-1050232 [002] ..... 1635398.797181: sys_pwrite64(fd: 63, buf: 7fd66ed52080, count: 7c, pos: 7e)
             exe-1050232 [002] ..... 1635398.797182: tracing_mark_write: move_pages(pid=0, nr_pages=442, pages=0x555962e28d00, nodes=0x555962e32ab0, status=0x555962e331a0, flags=0x7fd7af619d02) end
           <...>-1050232 [000] ..... 1635398.944315: tracing_mark_write: move_pages(pid=1, nr_pages=389, pages=0x555962e28d00, nodes=0x555962e32ab0, status=0x555962e330d0, flags=0x7fd7af619d02) start
           <...>-1050232 [000] ..... 1635398.944317: sys_pwrite64 -> 0x7e
           <...>-1050232 [000] ..... 1635398.944323: sys_ptrace(request: 4205, pid: 1006d7, addr: 1, data: c0005d3c70)
           <...>-1050232 [000] ..... 1635398.944326: sys_ptrace -> 0x0
           <...>-1050232 [000] ..... 1635398.944327: sys_ptrace(request: 4205, pid: 1006d7, addr: 202, data: c0005d3c70)
           <...>-1050232 [000] ..... 1635398.944338: sys_ptrace -> 0x0
           <...>-1050232 [000] ..... 1635398.944339: sys_ptrace(request: 1f, pid: 1006d7, addr: 0, data: 0)
           <...>-1050232 [000] .N... 1635398.944364: sys_ptrace -> 0x0
             exe-1050327 [000] ..... 1635398.944375: sys_write -> 0x7e
             exe-1049673 [000] ..... 1635398.944409: sys_nanosleep -> 0x0
             exe-1049673 [000] ..... 1635398.944414: sys_nanosleep(rqtp: c000069f10, rmtp: 0)
           <...>-1050232 [000] ..... 1635398.944440: sys_wait4(upid: 1006d7, stat_addr: c0005d3bf4, options: 40000002, ru: 0)
           <...>-1050232 [000] ..... 1635398.944442: sys_wait4 -> 0x1006d7
           <...>-1050232 [000] ..... 1635398.944444: sys_ptrace(request: 4204, pid: 1006d7, addr: 1, data: c0005d3c70)
           <...>-1050232 [000] ..... 1635398.944449: sys_ptrace -> 0x0
           <...>-1050232 [000] ..... 1635398.944450: sys_ptrace(request: 4204, pid: 1006d7, addr: 202, data: c0005d3c70)
           <...>-1050232 [000] ..... 1635398.944453: sys_ptrace -> 0x0
           <...>-1050232 [000] ..... 1635398.944471: sys_ptrace(request: 4205, pid: 1006d7, addr: 1, data: c0005d3c70)
           <...>-1050232 [000] ..... 1635398.944474: sys_ptrace -> 0x0
           <...>-1050232 [000] ..... 1635398.944475: sys_ptrace(request: 4205, pid: 1006d7, addr: 202, data: c0005d3c70)
             exe-1049673 [000] ..... 1635398.944516: sys_nanosleep -> 0x0
             exe-1049673 [000] ..... 1635398.944522: sys_nanosleep(rqtp: c000069f10, rmtp: 0)
           <...>-1050232 [000] ..... 1635398.944544: sys_ptrace -> 0x0
           <...>-1050232 [000] ..... 1635398.944548: sys_ptrace(request: 1f, pid: 1006d7, addr: 0, data: 0)
           <...>-1050232 [000] .N... 1635398.944555: sys_ptrace -> 0x0
             exe-1050327 [000] ..... 1635398.944565: sys_move_pages -> 0xffffffffffffffff
           <...>-1050232 [000] ..... 1635398.944583: sys_wait4(upid: 1006d7, stat_addr: c0005d3bf4, options: 40000002, ru: 0)
           <...>-1050232 [000] ..... 1635398.944585: sys_wait4 -> 0x1006d7
           <...>-1050232 [000] ..... 1635398.944588: sys_ptrace(request: 4204, pid: 1006d7, addr: 1, data: c0005d3c70)
           <...>-1050232 [000] ..... 1635398.944591: sys_ptrace -> 0x0
           <...>-1050232 [000] ..... 1635398.944592: sys_ptrace(request: 4204, pid: 1006d7, addr: 202, data: c0005d3c70)
           <...>-1050232 [000] .N... 1635398.944616: sys_ptrace -> 0x0
             exe-1049673 [000] ..... 1635398.944625: sys_nanosleep -> 0x0
             exe-1049673 [000] ..... 1635398.944630: sys_nanosleep(rqtp: c000069f10, rmtp: 0)
           <...>-1050232 [000] ..... 1635398.944664: sys_pwrite64(fd: 63, buf: 7fd66ed52080, count: 7c, pos: 7e)
           <...>-1050232 [000] ..... 1635398.944666: tracing_mark_write: move_pages(pid=1, nr_pages=389, pages=0x555962e28d00, nodes=0x555962e32ab0, status=0x555962e330d0, flags=0x7fd7af619d02) end
             exe-1050232 [000] ..... 1635399.072753: tracing_mark_write: move_pages(pid=0, nr_pages=310, pages=0x555962e28d00, nodes=0x555962e32ab0, status=0x555962e32f90, flags=0x7fd7af619d02) start
             exe-1050232 [000] ..... 1635399.072754: sys_pwrite64 -> 0x7e
             exe-1050232 [000] ..... 1635399.072760: sys_ptrace(request: 4205, pid: 1006d7, addr: 1, data: c0005d3c70)
             exe-1050232 [000] ..... 1635399.072763: sys_ptrace -> 0x0
             exe-1050232 [000] ..... 1635399.072764: sys_ptrace(request: 4205, pid: 1006d7, addr: 202, data: c0005d3c70)
             exe-1050232 [000] ..... 1635399.072771: sys_ptrace -> 0x0
             exe-1050232 [000] ..... 1635399.072772: sys_ptrace(request: 1f, pid: 1006d7, addr: 0, data: 0)
             exe-1050232 [000] .N... 1635399.072777: sys_ptrace -> 0x0
             exe-1050327 [000] ..... 1635399.072786: sys_write -> 0x7e
             exe-1049673 [000] ..... 1635399.072824: sys_nanosleep -> 0x0
             exe-1049673 [000] ..... 1635399.072829: sys_nanosleep(rqtp: c000069f10, rmtp: 0)
             exe-1050232 [000] ..... 1635399.072847: sys_wait4(upid: 1006d7, stat_addr: c0005d3bf4, options: 40000002, ru: 0)
             exe-1050232 [000] ..... 1635399.072849: sys_wait4 -> 0x1006d7
             exe-1050232 [000] ..... 1635399.072851: sys_ptrace(request: 4204, pid: 1006d7, addr: 1, data: c0005d3c70)
             exe-1050232 [000] ..... 1635399.072854: sys_ptrace -> 0x0
             exe-1050232 [000] ..... 1635399.072855: sys_ptrace(request: 4204, pid: 1006d7, addr: 202, data: c0005d3c70)
             exe-1050232 [000] ..... 1635399.072857: sys_ptrace -> 0x0
             exe-1050232 [000] ..... 1635399.072863: sys_ptrace(request: 4205, pid: 1006d7, addr: 1, data: c0005d3c70)
             exe-1050232 [000] ..... 1635399.072864: sys_ptrace -> 0x0
             exe-1050232 [000] ..... 1635399.072865: sys_ptrace(request: 4205, pid: 1006d7, addr: 202, data: c0005d3c70)
             exe-1050232 [000] ..... 1635399.072872: sys_ptrace -> 0x0
             exe-1050232 [000] ..... 1635399.072874: sys_ptrace(request: 1f, pid: 1006d7, addr: 0, data: 0)
             exe-1050232 [000] .N... 1635399.072878: sys_ptrace -> 0x0
             exe-1050327 [000] ..... 1635399.072887: sys_move_pages -> 0xffffffffffffffff
             exe-1049673 [000] ..... 1635399.072925: sys_nanosleep -> 0x0
             exe-1049673 [000] ..... 1635399.072929: sys_nanosleep(rqtp: c000069f10, rmtp: 0)
             exe-1050232 [000] ..... 1635399.072949: sys_wait4(upid: 1006d7, stat_addr: c0005d3bf4, options: 40000002, ru: 0)
             exe-1050232 [000] ..... 1635399.072951: sys_wait4 -> 0x1006d7
             exe-1050232 [000] ..... 1635399.072952: sys_ptrace(request: 4204, pid: 1006d7, addr: 1, data: c0005d3c70)
             exe-1050232 [000] ..... 1635399.072955: sys_ptrace -> 0x0
             exe-1050232 [000] ..... 1635399.072956: sys_ptrace(request: 4204, pid: 1006d7, addr: 202, data: c0005d3c70)
             exe-1050232 [000] ..... 1635399.072958: sys_ptrace -> 0x0
             exe-1050232 [000] ..... 1635399.072969: sys_pwrite64(fd: 63, buf: 7fd66ed52080, count: 7c, pos: 7e)
             exe-1050232 [000] ..... 1635399.072971: tracing_mark_write: move_pages(pid=0, nr_pages=310, pages=0x555962e28d00, nodes=0x555962e32ab0, status=0x555962e32f90, flags=0x7fd7af619d02) end
             exe-1050232 [001] ..... 1635399.235976: tracing_mark_write: move_pages(pid=1, nr_pages=361, pages=0x555962e28d00, nodes=0x555962e32ab0, status=0x555962e33060, flags=0x7fd7af619d02) start
             exe-1050232 [001] ..... 1635399.235978: sys_pwrite64 -> 0x7e
             exe-1050232 [001] ..... 1635399.235983: sys_ptrace(request: 4205, pid: 1006d7, addr: 1, data: c0005d3c70)
             exe-1050232 [001] ..... 1635399.235985: sys_ptrace -> 0x0
             exe-1050232 [001] ..... 1635399.235986: sys_ptrace(request: 4205, pid: 1006d7, addr: 202, data: c0005d3c70)
             exe-1050232 [001] ..... 1635399.236022: sys_ptrace -> 0x0
             exe-1050232 [001] ..... 1635399.236024: sys_ptrace(request: 1f, pid: 1006d7, addr: 0, data: 0)
             exe-1050232 [001] ..... 1635399.236031: sys_ptrace -> 0x0
             exe-1050232 [001] ..... 1635399.236033: sys_wait4(upid: 1006d7, stat_addr: c0005d3bf4, options: 40000002, ru: 0)
             exe-1050327 [000] ..... 1635399.236056: sys_write -> 0x7e
             exe-1050232 [001] ..... 1635399.236071: sys_wait4 -> 0x1006d7
             exe-1050232 [001] ..... 1635399.236073: sys_ptrace(request: 4204, pid: 1006d7, addr: 1, data: c0005d3c70)
             exe-1050232 [001] ..... 1635399.236075: sys_ptrace -> 0x0
             exe-1050232 [001] ..... 1635399.236076: sys_ptrace(request: 4204, pid: 1006d7, addr: 202, data: c0005d3c70)
             exe-1050232 [001] ..... 1635399.236078: sys_ptrace -> 0x0
             exe-1050232 [001] ..... 1635399.236083: sys_ptrace(request: 4205, pid: 1006d7, addr: 1, data: c0005d3c70)
             exe-1050232 [001] ..... 1635399.236085: sys_ptrace -> 0x0
             exe-1050232 [001] ..... 1635399.236086: sys_ptrace(request: 4205, pid: 1006d7, addr: 202, data: c0005d3c70)
             exe-1050232 [001] ..... 1635399.236093: sys_ptrace -> 0x0
             exe-1050232 [001] ..... 1635399.236095: sys_ptrace(request: 1f, pid: 1006d7, addr: 0, data: 0)
             exe-1050232 [001] ..... 1635399.236102: sys_ptrace -> 0x0
             exe-1050232 [001] ..... 1635399.236104: sys_wait4(upid: 1006d7, stat_addr: c0005d3bf4, options: 40000002, ru: 0)
             exe-1050327 [000] ..... 1635399.236123: sys_move_pages -> 0xffffffffffffffff
             exe-1050232 [001] ..... 1635399.236135: sys_wait4 -> 0x1006d7
             exe-1050232 [001] ..... 1635399.236137: sys_ptrace(request: 4204, pid: 1006d7, addr: 1, data: c0005d3c70)
             exe-1050232 [001] ..... 1635399.236139: sys_ptrace -> 0x0
             exe-1050232 [001] ..... 1635399.236140: sys_ptrace(request: 4204, pid: 1006d7, addr: 202, data: c0005d3c70)
             exe-1050232 [001] ..... 1635399.236142: sys_ptrace -> 0x0
             exe-1050232 [001] ..... 1635399.236148: sys_pwrite64(fd: 63, buf: 7fd66ed52080, count: 7c, pos: 7e)
             exe-1050232 [001] ..... 1635399.236149: tracing_mark_write: move_pages(pid=1, nr_pages=361, pages=0x555962e28d00, nodes=0x555962e32ab0, status=0x555962e33060, flags=0x7fd7af619d02) end
             exe-1050232 [000] ..... 1635399.323918: tracing_mark_write: move_pages(pid=1, nr_pages=22, pages=0x555962e28d00, nodes=0x555962e591c0, status=0x555962e58690, flags=0x7fd7af619d02) start
             exe-1050232 [000] ..... 1635399.323920: sys_pwrite64 -> 0x7d
             exe-1050232 [000] ..... 1635399.323928: sys_ptrace(request: 4205, pid: 1006d7, addr: 1, data: c0005d3c70)
             exe-1050232 [000] ..... 1635399.323931: sys_ptrace -> 0x0
             exe-1050232 [000] ..... 1635399.323932: sys_ptrace(request: 4205, pid: 1006d7, addr: 202, data: c0005d3c70)
             exe-1050232 [000] ..... 1635399.323944: sys_ptrace -> 0x0
             exe-1050232 [000] ..... 1635399.323946: sys_ptrace(request: 1f, pid: 1006d7, addr: 0, data: 0)
             exe-1050232 [000] ..... 1635399.323953: sys_ptrace -> 0x0
             exe-1050232 [000] ..... 1635399.323955: sys_wait4(upid: 1006d7, stat_addr: c0005d3bf4, options: 40000002, ru: 0)
             exe-1050327 [000] ..... 1635399.323969: sys_write -> 0x7d
             exe-1050232 [000] ..... 1635399.323992: sys_wait4 -> 0x1006d7
             exe-1050232 [000] ..... 1635399.324035: sys_ptrace(request: 4204, pid: 1006d7, addr: 1, data: c0005d3c70)
             exe-1050232 [000] ..... 1635399.324040: sys_ptrace -> 0x0
             exe-1050232 [000] ..... 1635399.324042: sys_ptrace(request: 4204, pid: 1006d7, addr: 202, data: c0005d3c70)
             exe-1050232 [000] ..... 1635399.324045: sys_ptrace -> 0x0
             exe-1050232 [000] ..... 1635399.324053: sys_ptrace(request: 4205, pid: 1006d7, addr: 1, data: c0005d3c70)
             exe-1050232 [000] ..... 1635399.324056: sys_ptrace -> 0x0
             exe-1050232 [000] ..... 1635399.324057: sys_ptrace(request: 4205, pid: 1006d7, addr: 202, data: c0005d3c70)
             exe-1050232 [000] ..... 1635399.324068: sys_ptrace -> 0x0
             exe-1050232 [000] ..... 1635399.324070: sys_ptrace(request: 1f, pid: 1006d7, addr: 0, data: 0)
             exe-1050232 [000] ..... 1635399.324077: sys_ptrace -> 0x0
             exe-1050232 [000] ..... 1635399.324080: sys_wait4(upid: 1006d7, stat_addr: c0005d3bf4, options: 40000002, ru: 0)
             exe-1050327 [000] ..... 1635399.324097: sys_move_pages -> 0xffffffffffffffff
             exe-1050232 [000] ..... 1635399.324120: sys_wait4 -> 0x1006d7
             exe-1050232 [000] ..... 1635399.324124: sys_ptrace(request: 4204, pid: 1006d7, addr: 1, data: c0005d3c70)
             exe-1050232 [000] ..... 1635399.324128: sys_ptrace -> 0x0
             exe-1050232 [000] ..... 1635399.324129: sys_ptrace(request: 4204, pid: 1006d7, addr: 202, data: c0005d3c70)
             exe-1050232 [000] ..... 1635399.324132: sys_ptrace -> 0x0
             exe-1050232 [000] ..... 1635399.324146: sys_pwrite64(fd: 63, buf: 7fd66ed52080, count: 7b, pos: 7d)
             exe-1050232 [000] ..... 1635399.324148: tracing_mark_write: move_pages(pid=1, nr_pages=22, pages=0x555962e28d00, nodes=0x555962e591c0, status=0x555962e58690, flags=0x7fd7af619d02) end
             exe-1050232 [000] ..... 1635399.445677: tracing_mark_write: move_pages(pid=0, nr_pages=272, pages=0x555962e28d00, nodes=0x555962e32ab0, status=0x555962e32f00, flags=0x7fd7af619d02) start
             exe-1050232 [000] ..... 1635399.445678: sys_pwrite64 -> 0x7e
             exe-1050232 [000] ..... 1635399.445682: sys_ptrace(request: 4205, pid: 1006d7, addr: 1, data: c0005d3c70)
             exe-1050232 [000] ..... 1635399.445684: sys_ptrace -> 0x0
             exe-1050232 [000] ..... 1635399.445685: sys_ptrace(request: 4205, pid: 1006d7, addr: 202, data: c0005d3c70)
             exe-1050232 [000] ..... 1635399.445694: sys_ptrace -> 0x0
             exe-1050232 [000] ..... 1635399.445695: sys_ptrace(request: 1f, pid: 1006d7, addr: 0, data: 0)
             exe-1050232 [000] .N... 1635399.445701: sys_ptrace -> 0x0
             exe-1050327 [000] ..... 1635399.445709: sys_write -> 0x7e
             exe-1050232 [000] ..... 1635399.445722: sys_wait4(upid: 1006d7, stat_addr: c0005d3bf4, options: 40000002, ru: 0)
             exe-1050232 [000] ..... 1635399.445724: sys_wait4 -> 0x1006d7
             exe-1050232 [000] ..... 1635399.445726: sys_ptrace(request: 4204, pid: 1006d7, addr: 1, data: c0005d3c70)
             exe-1050232 [000] ..... 1635399.445729: sys_ptrace -> 0x0
             exe-1050232 [000] ..... 1635399.445730: sys_ptrace(request: 4204, pid: 1006d7, addr: 202, data: c0005d3c70)
             exe-1050232 [000] ..... 1635399.445732: sys_ptrace -> 0x0
             exe-1050232 [000] ..... 1635399.445736: sys_ptrace(request: 4205, pid: 1006d7, addr: 1, data: c0005d3c70)
             exe-1050232 [000] ..... 1635399.445738: sys_ptrace -> 0x0
             exe-1050232 [000] ..... 1635399.445739: sys_ptrace(request: 4205, pid: 1006d7, addr: 202, data: c0005d3c70)
             exe-1050232 [000] ..... 1635399.445746: sys_ptrace -> 0x0
             exe-1050232 [000] ..... 1635399.445747: sys_ptrace(request: 1f, pid: 1006d7, addr: 0, data: 0)
             exe-1049673 [002] ..... 1635399.445749: sys_nanosleep -> 0x0
             exe-1050232 [000] .N... 1635399.445752: sys_ptrace -> 0x0
             exe-1049673 [002] ..... 1635399.445753: sys_futex(uaddr: 1f09dc0, op: 80, val: 0, utime: c000069eb0, uaddr2: 0, val3: 0)
             exe-1050327 [000] ..... 1635399.445759: sys_move_pages -> 0xffffffffffffffff
             exe-1050232 [000] ..... 1635399.445772: sys_wait4(upid: 1006d7, stat_addr: c0005d3bf4, options: 40000002, ru: 0)
             exe-1050232 [000] ..... 1635399.445774: sys_wait4 -> 0x1006d7
             exe-1050232 [000] ..... 1635399.445776: sys_ptrace(request: 4204, pid: 1006d7, addr: 1, data: c0005d3c70)
             exe-1050232 [000] ..... 1635399.445779: sys_ptrace -> 0x0
             exe-1050232 [000] ..... 1635399.445780: sys_ptrace(request: 4204, pid: 1006d7, addr: 202, data: c0005d3c70)
             exe-1050232 [000] ..... 1635399.445781: sys_ptrace -> 0x0
             exe-1050232 [000] ..... 1635399.445789: sys_pwrite64(fd: 63, buf: 7fd66ed52080, count: 7c, pos: 7e)
             exe-1050232 [000] ..... 1635399.445790: tracing_mark_write: move_pages(pid=0, nr_pages=272, pages=0x555962e28d00, nodes=0x555962e32ab0, status=0x555962e32f00, flags=0x7fd7af619d02) end
             exe-1050232 [000] ..... 1635399.582454: tracing_mark_write: move_pages(pid=0, nr_pages=441, pages=0x555962e28d00, nodes=0x555962e32ab0, status=0x555962e331a0, flags=0x7fd7af619d02) start
             exe-1050232 [000] ..... 1635399.582455: sys_pwrite64 -> 0x7e
             exe-1050232 [000] ..... 1635399.582459: sys_ptrace(request: 4205, pid: 1006d7, addr: 1, data: c0005d3c70)
             exe-1050232 [000] ..... 1635399.582461: sys_ptrace -> 0x0
             exe-1050232 [000] ..... 1635399.582462: sys_ptrace(request: 4205, pid: 1006d7, addr: 202, data: c0005d3c70)
             exe-1050232 [000] ..... 1635399.582469: sys_ptrace -> 0x0
             exe-1050232 [000] ..... 1635399.582470: sys_ptrace(request: 1f, pid: 1006d7, addr: 0, data: 0)
             exe-1050232 [000] .N... 1635399.582475: sys_ptrace -> 0x0
             exe-1050327 [000] ..... 1635399.582483: sys_write -> 0x7e
             exe-1049673 [001] ..... 1635399.582483: sys_nanosleep -> 0x0
             exe-1049673 [001] ..... 1635399.582485: sys_nanosleep(rqtp: c000069f10, rmtp: 0)
             exe-1050232 [000] ..... 1635399.582538: sys_wait4(upid: 1006d7, stat_addr: c0005d3bf4, options: 40000002, ru: 0)
             exe-1050232 [000] ..... 1635399.582540: sys_wait4 -> 0x1006d7
             exe-1050232 [000] ..... 1635399.582541: sys_ptrace(request: 4204, pid: 1006d7, addr: 1, data: c0005d3c70)
             exe-1050232 [000] ..... 1635399.582544: sys_ptrace -> 0x0
             exe-1050232 [000] ..... 1635399.582545: sys_ptrace(request: 4204, pid: 1006d7, addr: 202, data: c0005d3c70)
             exe-1050232 [000] ..... 1635399.582546: sys_ptrace -> 0x0
             exe-1050232 [000] ..... 1635399.582552: sys_ptrace(request: 4205, pid: 1006d7, addr: 1, data: c0005d3c70)
             exe-1050232 [000] ..... 1635399.582553: sys_ptrace -> 0x0
             exe-1050232 [000] ..... 1635399.582554: sys_ptrace(request: 4205, pid: 1006d7, addr: 202, data: c0005d3c70)
             exe-1050232 [000] ..... 1635399.582561: sys_ptrace -> 0x0
             exe-1050232 [000] ..... 1635399.582562: sys_ptrace(request: 1f, pid: 1006d7, addr: 0, data: 0)
             exe-1050232 [000] .N... 1635399.582566: sys_ptrace -> 0x0
             exe-1050327 [000] ..... 1635399.582573: sys_move_pages -> 0xffffffffffffffff
             exe-1049673 [001] ..... 1635399.582579: sys_nanosleep -> 0x0
             exe-1049673 [001] ..... 1635399.582581: sys_nanosleep(rqtp: c000069f10, rmtp: 0)
             exe-1050232 [000] ..... 1635399.582588: sys_wait4(upid: 1006d7, stat_addr: c0005d3bf4, options: 40000002, ru: 0)
             exe-1050232 [000] ..... 1635399.582589: sys_wait4 -> 0x1006d7
             exe-1050232 [000] ..... 1635399.582591: sys_ptrace(request: 4204, pid: 1006d7, addr: 1, data: c0005d3c70)
             exe-1050232 [000] ..... 1635399.582593: sys_ptrace -> 0x0
             exe-1050232 [000] ..... 1635399.582648: sys_ptrace(request: 4204, pid: 1006d7, addr: 202, data: c0005d3c70)
             exe-1050232 [000] ..... 1635399.582651: sys_ptrace -> 0x0
             exe-1050232 [000] ..... 1635399.582661: sys_pwrite64(fd: 63, buf: 7fd66ed52080, count: 7c, pos: 7e)
             exe-1050232 [000] ..... 1635399.582663: tracing_mark_write: move_pages(pid=0, nr_pages=441, pages=0x555962e28d00, nodes=0x555962e32ab0, status=0x555962e331a0, flags=0x7fd7af619d02) end
             exe-1050232 [000] ..... 1635399.740188: tracing_mark_write: move_pages(pid=49901, nr_pages=509, pages=0x555962e28d00, nodes=0x555962e32ab0, status=0x555962e332b0, flags=0x555c3773bb0d) start
             exe-1050232 [000] ..... 1635399.740189: sys_pwrite64 -> 0x82
             exe-1050232 [000] ..... 1635399.740194: sys_ptrace(request: 4205, pid: 1006d7, addr: 1, data: c0005d3c70)
             exe-1049673 [001] ..... 1635399.740195: sys_nanosleep -> 0x0
             exe-1050232 [000] ..... 1635399.740196: sys_ptrace -> 0x0
             exe-1050232 [000] ..... 1635399.740197: sys_ptrace(request: 4205, pid: 1006d7, addr: 202, data: c0005d3c70)
             exe-1049673 [001] ..... 1635399.740197: sys_nanosleep(rqtp: c000069f10, rmtp: 0)
             exe-1050232 [000] ..... 1635399.740258: sys_ptrace -> 0x0
             exe-1050232 [000] ..... 1635399.740261: sys_ptrace(request: 1f, pid: 1006d7, addr: 0, data: 0)
             exe-1050232 [000] .N... 1635399.740266: sys_ptrace -> 0x0
             exe-1050327 [000] ..... 1635399.740274: sys_write -> 0x82
             exe-1049673 [001] ..... 1635399.740280: sys_nanosleep -> 0x0
             exe-1049673 [001] ..... 1635399.740282: sys_nanosleep(rqtp: c000069f10, rmtp: 0)
             exe-1050232 [000] ..... 1635399.740289: sys_wait4(upid: 1006d7, stat_addr: c0005d3bf4, options: 40000002, ru: 0)
             exe-1050232 [000] ..... 1635399.740291: sys_wait4 -> 0x1006d7
             exe-1050232 [000] ..... 1635399.740293: sys_ptrace(request: 4204, pid: 1006d7, addr: 1, data: c0005d3c70)
             exe-1050232 [000] ..... 1635399.740295: sys_ptrace -> 0x0
             exe-1050232 [000] ..... 1635399.740296: sys_ptrace(request: 4204, pid: 1006d7, addr: 202, data: c0005d3c70)
             exe-1050232 [000] ..... 1635399.740298: sys_ptrace -> 0x0
             exe-1050232 [000] ..... 1635399.740304: sys_ptrace(request: 4205, pid: 1006d7, addr: 1, data: c0005d3c70)
             exe-1050232 [000] ..... 1635399.740306: sys_ptrace -> 0x0
             exe-1050232 [000] .N... 1635399.740325: sys_ptrace(request: 4205, pid: 1006d7, addr: 202, data: c0005d3c70)
             exe-1050232 [000] ..... 1635399.740361: sys_ptrace -> 0x0
             exe-1050232 [000] ..... 1635399.740364: sys_ptrace(request: 1f, pid: 1006d7, addr: 0, data: 0)
             exe-1049673 [001] ..... 1635399.740365: sys_nanosleep -> 0x0
             exe-1049673 [001] ..... 1635399.740367: sys_nanosleep(rqtp: c000069f10, rmtp: 0)
             exe-1050232 [000] .N... 1635399.740369: sys_ptrace -> 0x0
             exe-1050327 [000] ..... 1635399.740377: sys_move_pages -> 0xffffffffffffffff
             exe-1050232 [000] ..... 1635399.740406: sys_wait4(upid: 1006d7, stat_addr: c0005d3bf4, options: 40000002, ru: 0)
             exe-1050232 [000] ..... 1635399.740408: sys_wait4 -> 0x1006d7
             exe-1050232 [000] .N... 1635399.740424: sys_ptrace(request: 4204, pid: 1006d7, addr: 1, data: c0005d3c70)
             exe-1049673 [001] ..... 1635399.740451: sys_nanosleep -> 0x0
             exe-1049673 [001] ..... 1635399.740453: sys_nanosleep(rqtp: c000069f10, rmtp: 0)
             exe-1050232 [000] ..... 1635399.740454: sys_ptrace -> 0x0
             exe-1050232 [000] ..... 1635399.740457: sys_ptrace(request: 4204, pid: 1006d7, addr: 202, data: c0005d3c70)
             exe-1050232 [000] ..... 1635399.740459: sys_ptrace -> 0x0
             exe-1050232 [000] ..... 1635399.740470: sys_pwrite64(fd: 63, buf: 7fd66ed52080, count: 80, pos: 82)
             exe-1050232 [000] ..... 1635399.740472: tracing_mark_write: move_pages(pid=49901, nr_pages=509, pages=0x555962e28d00, nodes=0x555962e32ab0, status=0x555962e332b0, flags=0x555c3773bb0d) end
             exe-1050232 [000] ..... 1635399.813560: tracing_mark_write: move_pages(pid=49901, nr_pages=32, pages=0x555962e28d00, nodes=0x555962e32ab0, status=0x555962e32b40, flags=0x555c3773bb0d) start
             exe-1050232 [000] ..... 1635399.813562: sys_pwrite64 -> 0x81
             exe-1067990 [002] ..... 1635399.813567: sys_futex(uaddr: c0002dd548, op: 80, val: 0, utime: 0, uaddr2: 0, val3: 0)
             exe-1050232 [000] ..... 1635399.813568: sys_ptrace(request: 4205, pid: 1006d7, addr: 1, data: c0005d3c70)
             exe-1050232 [000] ..... 1635399.813570: sys_ptrace -> 0x0
             exe-1050232 [000] ..... 1635399.813572: sys_ptrace(request: 4205, pid: 1006d7, addr: 202, data: c0005d3c70)
             exe-1050232 [000] ..... 1635399.813583: sys_ptrace -> 0x0
             exe-1050232 [000] ..... 1635399.813585: sys_ptrace(request: 1f, pid: 1006d7, addr: 0, data: 0)
             exe-1050232 [000] .N... 1635399.813592: sys_ptrace -> 0x0
             exe-1050327 [000] ..... 1635399.813601: sys_write -> 0x81
             exe-1050232 [000] ..... 1635399.813617: sys_wait4(upid: 1006d7, stat_addr: c0005d3bf4, options: 40000002, ru: 0)
             exe-1050232 [000] ..... 1635399.813620: sys_wait4 -> 0x1006d7
             exe-1050232 [000] ..... 1635399.813622: sys_ptrace(request: 4204, pid: 1006d7, addr: 1, data: c0005d3c70)
             exe-1050232 [000] ..... 1635399.813625: sys_ptrace -> 0x0
             exe-1050232 [000] ..... 1635399.813626: sys_ptrace(request: 4204, pid: 1006d7, addr: 202, data: c0005d3c70)
             exe-1050232 [000] ..... 1635399.813628: sys_ptrace -> 0x0
             exe-1050232 [000] ..... 1635399.813634: sys_ptrace(request: 4205, pid: 1006d7, addr: 1, data: c0005d3c70)
             exe-1050232 [000] ..... 1635399.813636: sys_ptrace -> 0x0
             exe-1050232 [000] ..... 1635399.813637: sys_ptrace(request: 4205, pid: 1006d7, addr: 202, data: c0005d3c70)
             exe-1049673 [001] ..... 1635399.813643: sys_nanosleep -> 0x0
             exe-1050232 [000] ..... 1635399.813646: sys_ptrace -> 0x0
             exe-1049673 [001] ..... 1635399.813646: sys_futex(uaddr: 1f09dc0, op: 80, val: 0, utime: c000069eb0, uaddr2: 0, val3: 0)
             exe-1050232 [000] ..... 1635399.813647: sys_ptrace(request: 1f, pid: 1006d7, addr: 0, data: 0)
             exe-1050232 [000] .N... 1635399.813653: sys_ptrace -> 0x0
             exe-1050327 [000] ..... 1635399.813662: sys_move_pages -> 0xffffffffffffffff
             exe-1050232 [000] ..... 1635399.813679: sys_wait4(upid: 1006d7, stat_addr: c0005d3bf4, options: 40000002, ru: 0)
             exe-1050232 [000] ..... 1635399.813681: sys_wait4 -> 0x1006d7
             exe-1050232 [000] ..... 1635399.813684: sys_ptrace(request: 4204, pid: 1006d7, addr: 1, data: c0005d3c70)
             exe-1050232 [000] ..... 1635399.813688: sys_ptrace -> 0x0
             exe-1050232 [000] ..... 1635399.813690: sys_ptrace(request: 4204, pid: 1006d7, addr: 202, data: c0005d3c70)
             exe-1050232 [000] ..... 1635399.813693: sys_ptrace -> 0x0
             exe-1050232 [000] ..... 1635399.813704: sys_pwrite64(fd: 63, buf: 7fd66ed52080, count: 7f, pos: 81)
             exe-1050232 [000] ..... 1635399.813706: tracing_mark_write: move_pages(pid=49901, nr_pages=32, pages=0x555962e28d00, nodes=0x555962e32ab0, status=0x555962e32b40, flags=0x555c3773bb0d) end
             exe-1050232 [001] ..... 1635399.959063: tracing_mark_write: move_pages(pid=49901, nr_pages=309, pages=0x555962e28d00, nodes=0x555962e32bd0, status=0x555962e330b0, flags=0x555c3773bb0d) start
             exe-1050232 [001] ..... 1635399.959064: sys_pwrite64 -> 0x82
             exe-1050232 [001] ..... 1635399.959069: sys_ptrace(request: 4205, pid: 1006d7, addr: 1, data: c0005d3c70)
             exe-1050232 [001] ..... 1635399.959071: sys_ptrace -> 0x0
             exe-1050232 [001] ..... 1635399.959072: sys_ptrace(request: 4205, pid: 1006d7, addr: 202, data: c0005d3c70)
             exe-1050232 [001] ..... 1635399.959080: sys_ptrace -> 0x0
             exe-1050232 [001] ..... 1635399.959081: sys_ptrace(request: 1f, pid: 1006d7, addr: 0, data: 0)
             exe-1050232 [001] .N... 1635399.959086: sys_ptrace -> 0x0
             exe-1050327 [001] ..... 1635399.959093: sys_write -> 0x82
             exe-1050232 [001] ..... 1635399.959106: sys_wait4(upid: 1006d7, stat_addr: c0005d3bf4, options: 40000002, ru: 0)
             exe-1049673 [000] ..... 1635399.959106: sys_nanosleep -> 0x0
             exe-1050232 [001] ..... 1635399.959107: sys_wait4 -> 0x1006d7
             exe-1050232 [001] ..... 1635399.959109: sys_ptrace(request: 4204, pid: 1006d7, addr: 1, data: c0005d3c70)
             exe-1049673 [000] ..... 1635399.959110: sys_futex(uaddr: 1f09dc0, op: 80, val: 0, utime: c000069eb0, uaddr2: 0, val3: 0)
             exe-1050232 [001] ..... 1635399.959111: sys_ptrace -> 0x0
             exe-1050232 [001] ..... 1635399.959112: sys_ptrace(request: 4204, pid: 1006d7, addr: 202, data: c0005d3c70)
             exe-1050232 [001] ..... 1635399.959115: sys_ptrace -> 0x0
             exe-1050232 [001] ..... 1635399.959120: sys_ptrace(request: 4205, pid: 1006d7, addr: 1, data: c0005d3c70)
             exe-1050232 [001] ..... 1635399.959122: sys_ptrace -> 0x0
             exe-1050232 [001] ..... 1635399.959123: sys_ptrace(request: 4205, pid: 1006d7, addr: 202, data: c0005d3c70)
             exe-1050232 [001] ..... 1635399.959129: sys_ptrace -> 0x0
             exe-1050232 [001] ..... 1635399.959130: sys_ptrace(request: 1f, pid: 1006d7, addr: 0, data: 0)
             exe-1050232 [001] .N... 1635399.959135: sys_ptrace -> 0x0
             exe-1050327 [001] ..... 1635399.959142: sys_move_pages -> 0xffffffffffffffff
             exe-1050232 [001] ..... 1635399.959154: sys_wait4(upid: 1006d7, stat_addr: c0005d3bf4, options: 40000002, ru: 0)
             exe-1050232 [001] ..... 1635399.959156: sys_wait4 -> 0x1006d7
             exe-1050232 [001] ..... 1635399.959157: sys_ptrace(request: 4204, pid: 1006d7, addr: 1, data: c0005d3c70)
             exe-1050232 [001] ..... 1635399.959160: sys_ptrace -> 0x0
             exe-1050232 [001] ..... 1635399.959161: sys_ptrace(request: 4204, pid: 1006d7, addr: 202, data: c0005d3c70)
             exe-1050232 [001] ..... 1635399.959163: sys_ptrace -> 0x0
             exe-1050232 [001] ..... 1635399.959169: sys_pwrite64(fd: 63, buf: 7fd66ed52080, count: 80, pos: 82)
             exe-1050232 [001] ..... 1635399.959170: tracing_mark_write: move_pages(pid=49901, nr_pages=309, pages=0x555962e28d00, nodes=0x555962e32bd0, status=0x555962e330b0, flags=0x555c3773bb0d) end
             exe-1050232 [003] ..... 1635400.162229: tracing_mark_write: move_pages(pid=0, nr_pages=410, pages=0x555962e28d00, nodes=0x555962e32bd0, status=0x555962e33240, flags=0x555c3773bb0d) start
             exe-1050232 [003] ..... 1635400.162231: sys_pwrite64 -> 0x7e
             exe-1050232 [003] ..... 1635400.162238: sys_ptrace(request: 4205, pid: 1006d7, addr: 1, data: c0005d3c70)
             exe-1050232 [003] ..... 1635400.162240: sys_ptrace -> 0x0
             exe-1050232 [003] ..... 1635400.162242: sys_ptrace(request: 4205, pid: 1006d7, addr: 202, data: c0005d3c70)
             exe-1050232 [003] ..... 1635400.162258: sys_ptrace -> 0x0
             exe-1050232 [003] ..... 1635400.162260: sys_ptrace(request: 1f, pid: 1006d7, addr: 0, data: 0)
             exe-1050232 [003] .N... 1635400.162268: sys_ptrace -> 0x0
             exe-1050327 [003] ..... 1635400.162279: sys_write -> 0x7e
             exe-1050232 [003] ..... 1635400.162297: sys_wait4(upid: 1006d7, stat_addr: c0005d3bf4, options: 40000002, ru: 0)
             exe-1050232 [003] ..... 1635400.162299: sys_wait4 -> 0x1006d7
             exe-1050232 [003] ..... 1635400.162302: sys_ptrace(request: 4204, pid: 1006d7, addr: 1, data: c0005d3c70)
             exe-1050232 [003] ..... 1635400.162305: sys_ptrace -> 0x0
             exe-1050232 [003] ..... 1635400.162306: sys_ptrace(request: 4204, pid: 1006d7, addr: 202, data: c0005d3c70)
             exe-1050232 [003] ..... 1635400.162309: sys_ptrace -> 0x0
             exe-1050232 [003] ..... 1635400.162315: sys_ptrace(request: 4205, pid: 1006d7, addr: 1, data: c0005d3c70)
             exe-1050232 [003] ..... 1635400.162317: sys_ptrace -> 0x0
             exe-1050232 [003] ..... 1635400.162319: sys_ptrace(request: 4205, pid: 1006d7, addr: 202, data: c0005d3c70)
             exe-1050232 [003] ..... 1635400.162328: sys_ptrace -> 0x0
             exe-1050232 [003] ..... 1635400.162330: sys_ptrace(request: 1f, pid: 1006d7, addr: 0, data: 0)
             exe-1050232 [003] .N... 1635400.162336: sys_ptrace -> 0x0
             exe-1050327 [003] ..... 1635400.162346: sys_move_pages -> 0xffffffffffffffff
             exe-1050232 [003] ..... 1635400.162363: sys_wait4(upid: 1006d7, stat_addr: c0005d3bf4, options: 40000002, ru: 0)
             exe-1050232 [003] ..... 1635400.162366: sys_wait4 -> 0x1006d7
             exe-1050232 [003] ..... 1635400.162368: sys_ptrace(request: 4204, pid: 1006d7, addr: 1, data: c0005d3c70)
             exe-1050232 [003] ..... 1635400.162371: sys_ptrace -> 0x0
             exe-1050232 [003] ..... 1635400.162372: sys_ptrace(request: 4204, pid: 1006d7, addr: 202, data: c0005d3c70)
             exe-1050232 [003] ..... 1635400.162375: sys_ptrace -> 0x0
             exe-1050232 [003] ..... 1635400.162383: sys_pwrite64(fd: 63, buf: 7fd66ed52080, count: 7c, pos: 7e)
             exe-1050232 [003] ..... 1635400.162385: tracing_mark_write: move_pages(pid=0, nr_pages=410, pages=0x555962e28d00, nodes=0x555962e32bd0, status=0x555962e33240, flags=0x555c3773bb0d) end
             exe-1050232 [000] ..... 1635400.329103: tracing_mark_write: move_pages(pid=49901, nr_pages=211, pages=0x555962e28d00, nodes=0x555962e32bd0, status=0x555962e32f30, flags=0x555c3773bb0d) start
             exe-1050232 [000] ..... 1635400.329105: sys_pwrite64 -> 0x82
             exe-1050232 [000] ..... 1635400.329109: sys_ptrace(request: 4205, pid: 1006d7, addr: 1, data: c0005d3c70)
             exe-1050232 [000] ..... 1635400.329111: sys_ptrace -> 0x0
             exe-1050232 [000] ..... 1635400.329113: sys_ptrace(request: 4205, pid: 1006d7, addr: 202, data: c0005d3c70)
             exe-1050232 [000] ..... 1635400.329120: sys_ptrace -> 0x0
             exe-1050232 [000] ..... 1635400.329121: sys_ptrace(request: 1f, pid: 1006d7, addr: 0, data: 0)
             exe-1050232 [000] ..... 1635400.329131: sys_ptrace -> 0x0
             exe-1050232 [000] ..... 1635400.329132: sys_wait4(upid: 1006d7, stat_addr: c0005d3bf4, options: 40000002, ru: 0)
             exe-1050327 [002] ..... 1635400.329150: sys_write -> 0x82
             exe-1049673 [003] ..... 1635400.329154: sys_nanosleep -> 0x0
             exe-1049673 [003] ..... 1635400.329159: sys_futex(uaddr: c0002dd548, op: 81, val: 1, utime: 0, uaddr2: 0, val3: 0)
             exe-1049673 [003] ..... 1635400.329164: sys_futex -> 0x1
             exe-1049673 [003] ..... 1635400.329166: sys_nanosleep(rqtp: c000069f10, rmtp: 0)
             exe-1067990 [003] ..... 1635400.329177: sys_futex -> 0x0
             exe-1050232 [000] ..... 1635400.329178: sys_wait4 -> 0x1006d7
             exe-1050232 [000] ..... 1635400.329180: sys_ptrace(request: 4204, pid: 1006d7, addr: 1, data: c0005d3c70)
             exe-1067990 [003] ..... 1635400.329181: sys_futex(uaddr: c0002dd548, op: 80, val: 0, utime: 0, uaddr2: 0, val3: 0)
             exe-1050232 [000] ..... 1635400.329183: sys_ptrace -> 0x0
             exe-1050232 [000] ..... 1635400.329184: sys_ptrace(request: 4204, pid: 1006d7, addr: 202, data: c0005d3c70)
             exe-1050232 [000] ..... 1635400.329185: sys_ptrace -> 0x0
             exe-1050232 [000] ..... 1635400.329190: sys_ptrace(request: 4205, pid: 1006d7, addr: 1, data: c0005d3c70)
             exe-1050232 [000] ..... 1635400.329192: sys_ptrace -> 0x0
             exe-1050232 [000] ..... 1635400.329193: sys_ptrace(request: 4205, pid: 1006d7, addr: 202, data: c0005d3c70)
             exe-1050232 [000] ..... 1635400.329198: sys_ptrace -> 0x0
             exe-1050232 [000] ..... 1635400.329200: sys_ptrace(request: 1f, pid: 1006d7, addr: 0, data: 0)
             exe-1050232 [000] ..... 1635400.329207: sys_ptrace -> 0x0
             exe-1050232 [000] ..... 1635400.329209: sys_wait4(upid: 1006d7, stat_addr: c0005d3bf4, options: 40000002, ru: 0)
             exe-1050327 [002] ..... 1635400.329224: sys_move_pages -> 0xffffffffffffffff
             exe-1050232 [000] ..... 1635400.329238: sys_wait4 -> 0x1006d7
             exe-1050232 [000] ..... 1635400.329240: sys_ptrace(request: 4204, pid: 1006d7, addr: 1, data: c0005d3c70)
             exe-1050232 [000] ..... 1635400.329241: sys_ptrace -> 0x0
             exe-1050232 [000] ..... 1635400.329242: sys_ptrace(request: 4204, pid: 1006d7, addr: 202, data: c0005d3c70)
             exe-1050232 [000] ..... 1635400.329245: sys_ptrace -> 0x0
             exe-1050232 [000] ..... 1635400.329259: sys_pwrite64(fd: 63, buf: 7fd66ed52080, count: 80, pos: 82)
             exe-1050232 [000] ..... 1635400.329260: tracing_mark_write: move_pages(pid=49901, nr_pages=211, pages=0x555962e28d00, nodes=0x555962e32bd0, status=0x555962e32f30, flags=0x555c3773bb0d) end
             exe-1050232 [000] ..... 1635400.407442: tracing_mark_write: move_pages(pid=49901, nr_pages=48, pages=0x555962e28d00, nodes=0x555962e33290, status=0x555962e33360, flags=0x555c3773bb0d) start
             exe-1050232 [000] ..... 1635400.407444: sys_pwrite64 -> 0x81
             exe-1050232 [000] ..... 1635400.407450: sys_ptrace(request: 4205, pid: 1006d7, addr: 1, data: c0005d3c70)
             exe-1050232 [000] ..... 1635400.407452: sys_ptrace -> 0x0
             exe-1050232 [000] ..... 1635400.407453: sys_ptrace(request: 4205, pid: 1006d7, addr: 202, data: c0005d3c70)
             exe-1050232 [000] ..... 1635400.407465: sys_ptrace -> 0x0
             exe-1050232 [000] ..... 1635400.407467: sys_ptrace(request: 1f, pid: 1006d7, addr: 0, data: 0)
             exe-1050232 [000] .N... 1635400.407474: sys_ptrace -> 0x0
             exe-1050327 [000] ..... 1635400.407483: sys_write -> 0x81
             exe-1049673 [003] ..... 1635400.407493: sys_nanosleep -> 0x0
             exe-1049673 [003] ..... 1635400.407497: sys_futex(uaddr: 1f09dc0, op: 80, val: 0, utime: c000069eb0, uaddr2: 0, val3: 0)
             exe-1050232 [000] ..... 1635400.407499: sys_wait4(upid: 1006d7, stat_addr: c0005d3bf4, options: 40000002, ru: 0)
             exe-1050232 [000] ..... 1635400.407502: sys_wait4 -> 0x1006d7
             exe-1050232 [000] ..... 1635400.407504: sys_ptrace(request: 4204, pid: 1006d7, addr: 1, data: c0005d3c70)
             exe-1050232 [000] ..... 1635400.407507: sys_ptrace -> 0x0
             exe-1050232 [000] ..... 1635400.407508: sys_ptrace(request: 4204, pid: 1006d7, addr: 202, data: c0005d3c70)
             exe-1050232 [000] ..... 1635400.407510: sys_ptrace -> 0x0
             exe-1050232 [000] ..... 1635400.407516: sys_ptrace(request: 4205, pid: 1006d7, addr: 1, data: c0005d3c70)
             exe-1050232 [000] ..... 1635400.407518: sys_ptrace -> 0x0
             exe-1050232 [000] ..... 1635400.407520: sys_ptrace(request: 4205, pid: 1006d7, addr: 202, data: c0005d3c70)
             exe-1050232 [000] ..... 1635400.407528: sys_ptrace -> 0x0
             exe-1050232 [000] ..... 1635400.407529: sys_ptrace(request: 1f, pid: 1006d7, addr: 0, data: 0)
             exe-1050232 [000] .N... 1635400.407535: sys_ptrace -> 0x0
             exe-1050327 [000] ..... 1635400.407544: sys_move_pages -> 0xffffffffffffffff
             exe-1050232 [000] ..... 1635400.407560: sys_wait4(upid: 1006d7, stat_addr: c0005d3bf4, options: 40000002, ru: 0)
             exe-1050232 [000] ..... 1635400.407562: sys_wait4 -> 0x1006d7
             exe-1050232 [000] ..... 1635400.407565: sys_ptrace(request: 4204, pid: 1006d7, addr: 1, data: c0005d3c70)
             exe-1050232 [000] ..... 1635400.407568: sys_ptrace -> 0x0
             exe-1050232 [000] ..... 1635400.407569: sys_ptrace(request: 4204, pid: 1006d7, addr: 202, data: c0005d3c70)
             exe-1050232 [000] ..... 1635400.407571: sys_ptrace -> 0x0
             exe-1050232 [000] ..... 1635400.407579: sys_pwrite64(fd: 63, buf: 7fd66ed52080, count: 7f, pos: 81)
             exe-1050232 [000] ..... 1635400.407581: tracing_mark_write: move_pages(pid=49901, nr_pages=48, pages=0x555962e28d00, nodes=0x555962e33290, status=0x555962e33360, flags=0x555c3773bb0d) end
             exe-1050232 [000] ..... 1635400.525493: tracing_mark_write: move_pages(pid=0, nr_pages=323, pages=0x555962e28d00, nodes=0x555962e33430, status=0x555962e33950, flags=0x555c3773bb0d) start
             exe-1050232 [000] ..... 1635400.525494: sys_pwrite64 -> 0x7e
             exe-1050232 [000] ..... 1635400.525500: sys_ptrace(request: 4205, pid: 1006d7, addr: 1, data: c0005d3c70)
             exe-1050232 [000] .N... 1635400.525525: sys_ptrace -> 0x0
             exe-1049673 [003] ..... 1635400.525538: sys_nanosleep -> 0x0
             exe-1049673 [003] ..... 1635400.525544: sys_futex(uaddr: c0002dd548, op: 81, val: 1, utime: 0, uaddr2: 0, val3: 0)
             exe-1049673 [003] .N... 1635400.525552: sys_futex -> 0x1
             exe-1067990 [003] ..... 1635400.525555: sys_futex -> 0x0
             exe-1050232 [000] ..... 1635400.525559: sys_ptrace(request: 4205, pid: 1006d7, addr: 202, data: c0005d3c70)
             exe-1067990 [003] ..... 1635400.525560: sys_futex(uaddr: c0002dd548, op: 80, val: 0, utime: 0, uaddr2: 0, val3: 0)
             exe-1049673 [003] ..... 1635400.525567: sys_nanosleep(rqtp: c000069f10, rmtp: 0)
             exe-1050232 [000] ..... 1635400.525573: sys_ptrace -> 0x0
             exe-1050232 [000] ..... 1635400.525575: sys_ptrace(request: 1f, pid: 1006d7, addr: 0, data: 0)
             exe-1050232 [000] .N... 1635400.525580: sys_ptrace -> 0x0
             exe-1050327 [000] ..... 1635400.525589: sys_write -> 0x7e
             exe-1050232 [000] ..... 1635400.525606: sys_wait4(upid: 1006d7, stat_addr: c0005d3bf4, options: 40000002, ru: 0)
             exe-1050232 [000] ..... 1635400.525608: sys_wait4 -> 0x1006d7
             exe-1050232 [000] ..... 1635400.525610: sys_ptrace(request: 4204, pid: 1006d7, addr: 1, data: c0005d3c70)
             exe-1050232 [000] ..... 1635400.525662: sys_ptrace -> 0x0
             exe-1050232 [000] ..... 1635400.525665: sys_ptrace(request: 4204, pid: 1006d7, addr: 202, data: c0005d3c70)
             exe-1050232 [000] ..... 1635400.525668: sys_ptrace -> 0x0
             exe-1049673 [003] ..... 1635400.525670: sys_nanosleep -> 0x0
             exe-1049673 [003] ..... 1635400.525673: sys_futex(uaddr: 1f09dc0, op: 80, val: 0, utime: c000069eb0, uaddr2: 0, val3: 0)
             exe-1050232 [000] ..... 1635400.525675: sys_ptrace(request: 4205, pid: 1006d7, addr: 1, data: c0005d3c70)
             exe-1050232 [000] ..... 1635400.525677: sys_ptrace -> 0x0
             exe-1050232 [000] ..... 1635400.525678: sys_ptrace(request: 4205, pid: 1006d7, addr: 202, data: c0005d3c70)
             exe-1050232 [000] ..... 1635400.525686: sys_ptrace -> 0x0
             exe-1050232 [000] ..... 1635400.525687: sys_ptrace(request: 1f, pid: 1006d7, addr: 0, data: 0)
             exe-1050232 [000] .N... 1635400.525693: sys_ptrace -> 0x0
             exe-1050327 [000] ..... 1635400.525702: sys_move_pages -> 0xffffffffffffffff
             exe-1050232 [000] ..... 1635400.525768: sys_wait4(upid: 1006d7, stat_addr: c0005d3bf4, options: 40000002, ru: 0)
             exe-1050232 [000] ..... 1635400.525770: sys_wait4 -> 0x1006d7
             exe-1050232 [000] ..... 1635400.525772: sys_ptrace(request: 4204, pid: 1006d7, addr: 1, data: c0005d3c70)
             exe-1050232 [000] ..... 1635400.525775: sys_ptrace -> 0x0
             exe-1050232 [000] ..... 1635400.525776: sys_ptrace(request: 4204, pid: 1006d7, addr: 202, data: c0005d3c70)
             exe-1050232 [000] ..... 1635400.525778: sys_ptrace -> 0x0
             exe-1050232 [000] ..... 1635400.525790: sys_pwrite64(fd: 63, buf: 7fd66ed52080, count: 7c, pos: 7e)
             exe-1050232 [000] ..... 1635400.525792: tracing_mark_write: move_pages(pid=0, nr_pages=323, pages=0x555962e28d00, nodes=0x555962e33430, status=0x555962e33950, flags=0x555c3773bb0d) end
             exe-1050232 [000] ..... 1635400.632201: tracing_mark_write: move_pages(pid=0, nr_pages=165, pages=0x555962e28d00, nodes=0x555962e33430, status=0x555962e336d0, flags=0x555c3773bb0d) start
             exe-1050232 [000] ..... 1635400.632215: sys_pwrite64 -> 0x7e
             exe-1050232 [000] ..... 1635400.632222: sys_ptrace(request: 4205, pid: 1006d7, addr: 1, data: c0005d3c70)
             exe-1050232 [000] ..... 1635400.632225: sys_ptrace -> 0x0
             exe-1050232 [000] .N... 1635400.632246: sys_ptrace(request: 4205, pid: 1006d7, addr: 202, data: c0005d3c70)
             exe-1049673 [003] ..... 1635400.632269: sys_nanosleep -> 0x0
             exe-1049673 [003] ..... 1635400.632272: sys_nanosleep(rqtp: c000069f10, rmtp: 0)
             exe-1050232 [000] ..... 1635400.632290: sys_ptrace -> 0x0
             exe-1050232 [000] ..... 1635400.632294: sys_ptrace(request: 1f, pid: 1006d7, addr: 0, data: 0)
             exe-1050232 [000] ..... 1635400.632303: sys_ptrace -> 0x0
             exe-1050232 [000] ..... 1635400.632305: sys_wait4(upid: 1006d7, stat_addr: c0005d3bf4, options: 40000002, ru: 0)
             exe-1050327 [003] ..... 1635400.632317: sys_write -> 0x7e
             exe-1049673 [003] ..... 1635400.632374: sys_nanosleep -> 0x0
             exe-1049673 [003] ..... 1635400.632379: sys_nanosleep(rqtp: c000069f10, rmtp: 0)
             exe-1050232 [000] ..... 1635400.632380: sys_wait4 -> 0x1006d7
             exe-1050232 [000] ..... 1635400.632385: sys_ptrace(request: 4204, pid: 1006d7, addr: 1, data: c0005d3c70)
             exe-1050232 [000] ..... 1635400.632389: sys_ptrace -> 0x0
             exe-1050232 [000] ..... 1635400.632391: sys_ptrace(request: 4204, pid: 1006d7, addr: 202, data: c0005d3c70)
             exe-1050232 [000] ..... 1635400.632402: sys_ptrace -> 0x0
             exe-1050232 [000] ..... 1635400.632423: sys_ptrace(request: 4205, pid: 1006d7, addr: 1, data: c0005d3c70)
             exe-1050232 [000] ..... 1635400.632426: sys_ptrace -> 0x0
             exe-1050232 [000] ..... 1635400.632427: sys_ptrace(request: 4205, pid: 1006d7, addr: 202, data: c0005d3c70)
             exe-1049673 [003] ..... 1635400.632474: sys_nanosleep -> 0x0
             exe-1049673 [003] ..... 1635400.632477: sys_nanosleep(rqtp: c000069f10, rmtp: 0)
             exe-1050232 [000] ..... 1635400.632488: sys_ptrace -> 0x0
