             exe-1049981 [001] ..... 1635475.403187: sys_ptrace(request: 4204, pid: 10058a, addr: 202, data: c0022e1c70)
             exe-1049981 [001] ..... 1635475.403191: sys_ptrace -> 0x0
             exe-1049981 [001] ..... 1635475.403201: sys_ptrace(request: 4205, pid: 10058a, addr: 1, data: c0022e1c70)
             exe-1049673 [000] ..... 1635475.403201: sys_nanosleep -> 0x0
             exe-1049673 [000] ..... 1635475.403203: sys_epoll_pwait(epfd: 10, events: c000069920, maxevents: 80, timeout: 0, sigmask: 0, sigsetsize: 0)
             exe-1049673 [000] ..... 1635475.403205: sys_epoll_pwait -> 0x0
             exe-1049981 [001] ..... 1635475.403205: sys_ptrace -> 0x0
             exe-1049673 [000] ..... 1635475.403206: sys_nanosleep(rqtp: c000069f10, rmtp: 0)
             exe-1049981 [001] ..... 1635475.403207: sys_ptrace(request: 4205, pid: 10058a, addr: 202, data: c0022e1c70)
             exe-1049981 [001] ..... 1635475.403227: sys_ptrace -> 0x0
             exe-1049981 [001] ..... 1635475.403230: sys_ptrace(request: 1f, pid: 10058a, addr: 0, data: 0)
             exe-1049981 [001] .N... 1635475.403245: sys_ptrace -> 0x0
             exe-1049994 [001] ..... 1635475.403259: sys_mremap -> 0xffffffffffffffea
             exe-1049673 [000] ..... 1635475.403284: sys_nanosleep -> 0x0
             exe-1049673 [000] ..... 1635475.403286: sys_nanosleep(rqtp: c000069f10, rmtp: 0)
             exe-1049981 [001] ..... 1635475.403286: sys_wait4(upid: 10058a, stat_addr: c0022e1bf4, options: 40000002, ru: 0)
             exe-1049981 [001] ..... 1635475.403289: sys_wait4 -> 0x10058a
             exe-1049981 [001] ..... 1635475.403292: sys_ptrace(request: 4204, pid: 10058a, addr: 1, data: c0022e1c70)
             exe-1049981 [001] ..... 1635475.403297: sys_ptrace -> 0x0
             exe-1049981 [001] ..... 1635475.403299: sys_ptrace(request: 4204, pid: 10058a, addr: 202, data: c0022e1c70)
             exe-1049981 [001] ..... 1635475.403301: sys_ptrace -> 0x0
             exe-1049981 [001] ..... 1635475.403315: sys_pwrite64(fd: 63, buf: 7fd66e18e080, count: 56, pos: 58)
             exe-1049981 [001] ..... 1635475.403318: tracing_mark_write: mremap(addr=0x7fca257fb000, old_len=0, new_len=4096, flags=0x7, new_addr=0x600000) end
             exe-1049981 [003] ..... 1635475.484031: tracing_mark_write: mremap(addr=0x7fca25300000, old_len=0xb4000, new_len=0x100000, flags=0x7, new_addr=0x400000) start
             exe-1049981 [003] ..... 1635475.484033: sys_pwrite64 -> 0x62
             exe-1049981 [003] ..... 1635475.484037: sys_ptrace(request: 4205, pid: 10058a, addr: 1, data: c0022e1c70)
             exe-1049981 [003] ..... 1635475.484040: sys_ptrace -> 0x0
             exe-1049981 [003] ..... 1635475.484041: sys_ptrace(request: 4205, pid: 10058a, addr: 202, data: c0022e1c70)
             exe-1049981 [003] ..... 1635475.484048: sys_ptrace -> 0x0
             exe-1049981 [003] ..... 1635475.484050: sys_ptrace(request: 1f, pid: 10058a, addr: 0, data: 0)
             exe-1049981 [003] ..... 1635475.484061: sys_ptrace -> 0x0
             exe-1049981 [003] ..... 1635475.484063: sys_wait4(upid: 10058a, stat_addr: c0022e1bf4, options: 40000002, ru: 0)
             exe-1049994 [001] ..... 1635475.484084: sys_write -> 0x62
             exe-1049981 [003] ..... 1635475.484100: sys_wait4 -> 0x10058a
             exe-1049981 [003] ..... 1635475.484103: sys_ptrace(request: 4204, pid: 10058a, addr: 1, data: c0022e1c70)
             exe-1049981 [003] ..... 1635475.484106: sys_ptrace -> 0x0
             exe-1049981 [003] ..... 1635475.484107: sys_ptrace(request: 4204, pid: 10058a, addr: 202, data: c0022e1c70)
             exe-1049981 [003] ..... 1635475.484109: sys_ptrace -> 0x0
             exe-1049981 [003] ..... 1635475.484113: sys_ptrace(request: 4205, pid: 10058a, addr: 1, data: c0022e1c70)
             exe-1049981 [003] ..... 1635475.484116: sys_ptrace -> 0x0
             exe-1049981 [003] ..... 1635475.484117: sys_ptrace(request: 4205, pid: 10058a, addr: 202, data: c0022e1c70)
             exe-1049981 [003] ..... 1635475.484123: sys_ptrace -> 0x0
             exe-1049981 [003] ..... 1635475.484125: sys_ptrace(request: 1f, pid: 10058a, addr: 0, data: 0)
             exe-1049981 [003] ..... 1635475.484134: sys_ptrace -> 0x0
             exe-1049981 [003] ..... 1635475.484137: sys_wait4(upid: 10058a, stat_addr: c0022e1bf4, options: 40000002, ru: 0)
             exe-1049994 [001] ..... 1635475.484158: sys_mremap -> 0xffffffffffffffea
             exe-1049981 [003] ..... 1635475.484173: sys_wait4 -> 0x10058a
             exe-1049981 [003] ..... 1635475.484175: sys_ptrace(request: 4204, pid: 10058a, addr: 1, data: c0022e1c70)
             exe-1049981 [003] ..... 1635475.484178: sys_ptrace -> 0x0
             exe-1049981 [003] ..... 1635475.484179: sys_ptrace(request: 4204, pid: 10058a, addr: 202, data: c0022e1c70)
             exe-1049981 [003] ..... 1635475.484181: sys_ptrace -> 0x0
             exe-1049981 [003] ..... 1635475.484186: sys_pwrite64(fd: 63, buf: 7fd66e18e080, count: 60, pos: 62)
             exe-1049981 [003] ..... 1635475.484187: tracing_mark_write: mremap(addr=0x7fca25300000, old_len=0xb4000, new_len=0x100000, flags=0x7, new_addr=0x400000) end
             exe-1049981 [003] ..... 1635475.553131: tracing_mark_write: mremap(addr=0x7fca23800000, old_len=0x106000, new_len=0x200000, flags=0x7, new_addr=0x80000000) start
             exe-1049981 [003] ..... 1635475.553133: sys_pwrite64 -> 0x65
             exe-1049981 [003] ..... 1635475.553141: sys_ptrace(request: 4205, pid: 10058a, addr: 1, data: c0022e1c70)
             exe-1049981 [003] ..... 1635475.553144: sys_ptrace -> 0x0
             exe-1049981 [003] ..... 1635475.553146: sys_ptrace(request: 4205, pid: 10058a, addr: 202, data: c0022e1c70)
             exe-1049981 [003] ..... 1635475.553168: sys_ptrace -> 0x0
             exe-1049981 [003] ..... 1635475.553171: sys_ptrace(request: 1f, pid: 10058a, addr: 0, data: 0)
             exe-1049673 [000] ..... 1635475.553185: sys_nanosleep -> 0x0
             exe-1049981 [003] ..... 1635475.553186: sys_ptrace -> 0x0
             exe-1049673 [000] ..... 1635475.553187: sys_nanosleep(rqtp: c000069f10, rmtp: 0)
             exe-1049981 [003] ..... 1635475.553189: sys_wait4(upid: 10058a, stat_addr: c0022e1bf4, options: 40000002, ru: 0)
             exe-1049994 [001] ..... 1635475.553208: sys_write -> 0x65
             exe-1049981 [003] ..... 1635475.553234: sys_wait4 -> 0x10058a
             exe-1049981 [003] ..... 1635475.553239: sys_ptrace(request: 4204, pid: 10058a, addr: 1, data: c0022e1c70)
             exe-1049981 [003] ..... 1635475.553244: sys_ptrace -> 0x0
             exe-1049981 [003] ..... 1635475.553246: sys_ptrace(request: 4204, pid: 10058a, addr: 202, data: c0022e1c70)
             exe-1049981 [003] ..... 1635475.553250: sys_ptrace -> 0x0
             exe-1049981 [003] ..... 1635475.553258: sys_ptrace(request: 4205, pid: 10058a, addr: 1, data: c0022e1c70)
             exe-1049981 [003] ..... 1635475.553261: sys_ptrace -> 0x0
             exe-1049981 [003] ..... 1635475.553263: sys_ptrace(request: 4205, pid: 10058a, addr: 202, data: c0022e1c70)
             exe-1049673 [000] ..... 1635475.553273: sys_nanosleep -> 0x0
             exe-1049673 [000] ..... 1635475.553275: sys_nanosleep(rqtp: c000069f10, rmtp: 0)
             exe-1049981 [003] ..... 1635475.553277: sys_ptrace -> 0x0
             exe-1049981 [003] ..... 1635475.553279: sys_ptrace(request: 1f, pid: 10058a, addr: 0, data: 0)
             exe-1049981 [003] ..... 1635475.553293: sys_ptrace -> 0x0
             exe-1049981 [003] ..... 1635475.553296: sys_wait4(upid: 10058a, stat_addr: c0022e1bf4, options: 40000002, ru: 0)
             exe-1049567 [002] ..... 1635475.553301: sys_nanosleep -> 0x0
             exe-1049567 [002] ..... 1635475.553308: sys_nanosleep(rqtp: c000069f10, rmtp: 0)
             exe-1049994 [001] ..... 1635475.553309: sys_mremap -> 0xffffffffffffffea
             exe-1049981 [003] ..... 1635475.553334: sys_wait4 -> 0x10058a
             exe-1049981 [003] ..... 1635475.553337: sys_ptrace(request: 4204, pid: 10058a, addr: 1, data: c0022e1c70)
             exe-1049981 [003] ..... 1635475.553342: sys_ptrace -> 0x0
             exe-1049981 [003] ..... 1635475.553344: sys_ptrace(request: 4204, pid: 10058a, addr: 202, data: c0022e1c70)
             exe-1049981 [003] ..... 1635475.553348: sys_ptrace -> 0x0
             exe-1049981 [003] ..... 1635475.553360: sys_pwrite64(fd: 63, buf: 7fd66e18e080, count: 63, pos: 65)
             exe-1049673 [000] ..... 1635475.553361: sys_nanosleep -> 0x0
             exe-1049673 [000] ..... 1635475.553363: sys_nanosleep(rqtp: c000069f10, rmtp: 0)
             exe-1049981 [003] ..... 1635475.553364: tracing_mark_write: mremap(addr=0x7fca23800000, old_len=0x106000, new_len=0x200000, flags=0x7, new_addr=0x80000000) end
             exe-1049981 [000] ..... 1635475.631414: tracing_mark_write: mremap(addr=0x7fca24700000, old_len=0x2f000, new_len=0x100000, flags=0x7, new_addr=0x400000) start
             exe-1049981 [000] ..... 1635475.631416: sys_pwrite64 -> 0x62
             exe-1049981 [000] ..... 1635475.631422: sys_ptrace(request: 4205, pid: 10058a, addr: 1, data: c0022e1c70)
             exe-1049981 [000] ..... 1635475.631425: sys_ptrace -> 0x0
             exe-1049981 [000] ..... 1635475.631426: sys_ptrace(request: 4205, pid: 10058a, addr: 202, data: c0022e1c70)
             exe-1049567 [001] ..... 1635475.631455: sys_nanosleep -> 0x0
             exe-1049567 [001] ..... 1635475.631457: sys_nanosleep(rqtp: c000069f10, rmtp: 0)
             exe-1049673 [000] ..... 1635475.631474: sys_nanosleep -> 0x0
             exe-1049673 [000] ..... 1635475.631480: sys_nanosleep(rqtp: c000069f10, rmtp: 0)
             exe-1049981 [000] ..... 1635475.631508: sys_ptrace -> 0x0
             exe-1049981 [000] ..... 1635475.631512: sys_ptrace(request: 1f, pid: 10058a, addr: 0, data: 0)
             exe-1049981 [000] ..... 1635475.631527: sys_ptrace -> 0x0
             exe-1049981 [000] ..... 1635475.631530: sys_wait4(upid: 10058a, stat_addr: c0022e1bf4, options: 40000002, ru: 0)
             exe-1049994 [002] ..... 1635475.631549: sys_write -> 0x62
             exe-1049567 [001] ..... 1635475.631550: sys_nanosleep -> 0x0
             exe-1049567 [001] ..... 1635475.631553: sys_nanosleep(rqtp: c000069f10, rmtp: 0)
             exe-1049673 [000] ..... 1635475.631585: sys_nanosleep -> 0x0
             exe-1049673 [000] ..... 1635475.631594: sys_nanosleep(rqtp: c000069f10, rmtp: 0)
             exe-1049981 [000] ..... 1635475.631620: sys_wait4 -> 0x10058a
             exe-1049981 [000] ..... 1635475.631626: sys_ptrace(request: 4204, pid: 10058a, addr: 1, data: c0022e1c70)
             exe-1049981 [000] ..... 1635475.631632: sys_ptrace -> 0x0
             exe-1049981 [000] ..... 1635475.631635: sys_ptrace(request: 4204, pid: 10058a, addr: 202, data: c0022e1c70)
             exe-1049981 [000] ..... 1635475.631638: sys_ptrace -> 0x0
             exe-1049567 [001] ..... 1635475.631646: sys_nanosleep -> 0x0
             exe-1049981 [000] ..... 1635475.631649: sys_ptrace(request: 4205, pid: 10058a, addr: 1, data: c0022e1c70)
             exe-1049567 [001] ..... 1635475.631650: sys_nanosleep(rqtp: c000069f10, rmtp: 0)
             exe-1049981 [000] ..... 1635475.631652: sys_ptrace -> 0x0
             exe-1049981 [000] ..... 1635475.631654: sys_ptrace(request: 4205, pid: 10058a, addr: 202, data: c0022e1c70)
             exe-1049673 [000] ..... 1635475.631700: sys_nanosleep -> 0x0
             exe-1049673 [000] ..... 1635475.631706: sys_nanosleep(rqtp: c000069f10, rmtp: 0)
             exe-1049981 [000] ..... 1635475.631726: sys_ptrace -> 0x0
             exe-1049981 [000] ..... 1635475.631730: sys_ptrace(request: 1f, pid: 10058a, addr: 0, data: 0)
             exe-1049567 [001] ..... 1635475.631735: sys_nanosleep -> 0x0
             exe-1049567 [001] ..... 1635475.631737: sys_nanosleep(rqtp: c000069f10, rmtp: 0)
             exe-1049981 [000] ..... 1635475.631738: sys_ptrace -> 0x0
             exe-1049981 [000] ..... 1635475.631741: sys_wait4(upid: 10058a, stat_addr: c0022e1bf4, options: 40000002, ru: 0)
             exe-1049994 [002] ..... 1635475.631744: sys_mremap -> 0xffffffffffffffea
             exe-1049981 [000] ..... 1635475.631762: sys_wait4 -> 0x10058a
             exe-1049981 [000] ..... 1635475.631764: sys_ptrace(request: 4204, pid: 10058a, addr: 1, data: c0022e1c70)
             exe-1049981 [000] ..... 1635475.631767: sys_ptrace -> 0x0
             exe-1049981 [000] ..... 1635475.631769: sys_ptrace(request: 4204, pid: 10058a, addr: 202, data: c0022e1c70)
             exe-1049981 [000] ..... 1635475.631771: sys_ptrace -> 0x0
             exe-1049673 [000] ..... 1635475.631805: sys_nanosleep -> 0x0
             exe-1049673 [000] ..... 1635475.631810: sys_nanosleep(rqtp: c000069f10, rmtp: 0)
             exe-1049567 [001] ..... 1635475.631823: sys_nanosleep -> 0x0
             exe-1049567 [001] ..... 1635475.631825: sys_nanosleep(rqtp: c000069f10, rmtp: 0)
             exe-1049981 [000] ..... 1635475.631842: sys_pwrite64(fd: 63, buf: 7fd66e18e080, count: 60, pos: 62)
             exe-1049981 [000] ..... 1635475.631845: tracing_mark_write: mremap(addr=0x7fca24700000, old_len=0x2f000, new_len=0x100000, flags=0x7, new_addr=0x400000) end
             exe-1049981 [000] ..... 1635475.706851: tracing_mark_write: mremap(addr=0x7fca25300000, old_len=0x9e000, new_len=0x100000, flags=0x7, new_addr=0x400000) start
             exe-1049981 [000] ..... 1635475.706853: sys_pwrite64 -> 0x62
             exe-1049981 [000] ..... 1635475.706861: sys_ptrace(request: 4205, pid: 10058a, addr: 1, data: c0022e1c70)
             exe-1049981 [000] .N... 1635475.706895: sys_ptrace -> 0x0
             exe-1049981 [000] ..... 1635475.706942: sys_ptrace(request: 4205, pid: 10058a, addr: 202, data: c0022e1c70)
             exe-1049981 [000] ..... 1635475.706958: sys_ptrace -> 0x0
             exe-1049981 [000] ..... 1635475.706960: sys_ptrace(request: 1f, pid: 10058a, addr: 0, data: 0)
             exe-1049981 [000] ..... 1635475.706969: sys_ptrace -> 0x0
             exe-1049981 [000] ..... 1635475.706973: sys_wait4(upid: 10058a, stat_addr: c0022e1bf4, options: 40000002, ru: 0)
             exe-1049994 [002] ..... 1635475.706994: sys_write -> 0x62
             exe-1049673 [001] ..... 1635475.706994: sys_nanosleep -> 0x0
             exe-1049673 [001] ..... 1635475.707001: sys_nanosleep(rqtp: c000069f10, rmtp: 0)
             exe-1049567 [001] ..... 1635475.707030: sys_nanosleep -> 0x0
             exe-1049567 [001] ..... 1635475.707037: sys_nanosleep(rqtp: c000069f10, rmtp: 0)
             exe-1049981 [000] ..... 1635475.707093: sys_wait4 -> 0x10058a
             exe-1049981 [000] ..... 1635475.707100: sys_ptrace(request: 4204, pid: 10058a, addr: 1, data: c0022e1c70)
             exe-1049981 [000] ..... 1635475.707105: sys_ptrace -> 0x0
             exe-1049981 [000] ..... 1635475.707107: sys_ptrace(request: 4204, pid: 10058a, addr: 202, data: c0022e1c70)
             exe-1049673 [001] ..... 1635475.707109: sys_nanosleep -> 0x0
             exe-1049981 [000] ..... 1635475.707109: sys_ptrace -> 0x0
             exe-1049673 [001] ..... 1635475.707115: sys_nanosleep(rqtp: c000069f10, rmtp: 0)
             exe-1049981 [000] ..... 1635475.707118: sys_ptrace(request: 4205, pid: 10058a, addr: 1, data: c0022e1c70)
             exe-1049981 [000] ..... 1635475.707120: sys_ptrace -> 0x0
             exe-1049981 [000] ..... 1635475.707122: sys_ptrace(request: 4205, pid: 10058a, addr: 202, data: c0022e1c70)
             exe-1049981 [000] ..... 1635475.707135: sys_ptrace -> 0x0
             exe-1049981 [000] ..... 1635475.707136: sys_ptrace(request: 1f, pid: 10058a, addr: 0, data: 0)
             exe-1049567 [001] ..... 1635475.707138: sys_nanosleep -> 0x0
             exe-1049567 [001] ..... 1635475.707143: sys_nanosleep(rqtp: c000069f10, rmtp: 0)
             exe-1049981 [000] ..... 1635475.707154: sys_ptrace -> 0x0
             exe-1049981 [000] ..... 1635475.707157: sys_wait4(upid: 10058a, stat_addr: c0022e1bf4, options: 40000002, ru: 0)
             exe-1049994 [002] ..... 1635475.707182: sys_mremap -> 0xffffffffffffffea
             exe-1049981 [000] ..... 1635475.707206: sys_wait4 -> 0x10058a
             exe-1049981 [000] ..... 1635475.707208: sys_ptrace(request: 4204, pid: 10058a, addr: 1, data: c0022e1c70)
             exe-1049981 [000] ..... 1635475.707212: sys_ptrace -> 0x0
             exe-1049981 [000] ..... 1635475.707213: sys_ptrace(request: 4204, pid: 10058a, addr: 202, data: c0022e1c70)
             exe-1049981 [000] ..... 1635475.707215: sys_ptrace -> 0x0
             exe-1049673 [001] ..... 1635475.707220: sys_nanosleep -> 0x0
             exe-1049673 [001] ..... 1635475.707226: sys_nanosleep(rqtp: c000069f10, rmtp: 0)
             exe-1049981 [000] ..... 1635475.707229: sys_pwrite64(fd: 63, buf: 7fd66e18e080, count: 60, pos: 62)
             exe-1049981 [000] ..... 1635475.707231: tracing_mark_write: mremap(addr=0x7fca25300000, old_len=0x9e000, new_len=0x100000, flags=0x7, new_addr=0x400000) end
             exe-1049981 [002] ..... 1635475.771642: tracing_mark_write: mremap(addr=0x7fca23a00000, old_len=0x73000, new_len=0x200000, flags=0x7, new_addr=0x100000000) start
             exe-1049981 [002] ..... 1635475.771644: sys_pwrite64 -> 0x65
             exe-1049981 [002] ..... 1635475.771651: sys_ptrace(request: 4205, pid: 10058a, addr: 1, data: c0022e1c70)
             exe-1049981 [002] ..... 1635475.771654: sys_ptrace -> 0x0
             exe-1049673 [003] ..... 1635475.771654: sys_nanosleep -> 0x0
             exe-1049981 [002] ..... 1635475.771655: sys_ptrace(request: 4205, pid: 10058a, addr: 202, data: c0022e1c70)
             exe-1049673 [003] ..... 1635475.771660: sys_nanosleep(rqtp: c000069f10, rmtp: 0)
             exe-1049981 [002] ..... 1635475.771668: sys_ptrace -> 0x0
             exe-1049981 [002] ..... 1635475.771670: sys_ptrace(request: 1f, pid: 10058a, addr: 0, data: 0)
             exe-1049981 [002] ..... 1635475.771675: sys_ptrace -> 0x0
             exe-1049981 [002] ..... 1635475.771677: sys_wait4(upid: 10058a, stat_addr: c0022e1bf4, options: 40000002, ru: 0)
             exe-1049567 [003] ..... 1635475.771684: sys_nanosleep -> 0x0
             exe-1049994 [002] ..... 1635475.771689: sys_write -> 0x65
             exe-1049567 [003] ..... 1635475.771689: sys_nanosleep(rqtp: c000069f10, rmtp: 0)
             exe-1049981 [002] ..... 1635475.771711: sys_wait4 -> 0x10058a
             exe-1049981 [002] ..... 1635475.771715: sys_ptrace(request: 4204, pid: 10058a, addr: 1, data: c0022e1c70)
             exe-1049981 [002] ..... 1635475.771719: sys_ptrace -> 0x0
             exe-1049981 [002] ..... 1635475.771720: sys_ptrace(request: 4204, pid: 10058a, addr: 202, data: c0022e1c70)
             exe-1049981 [002] ..... 1635475.771723: sys_ptrace -> 0x0
             exe-1049981 [002] ..... 1635475.771728: sys_ptrace(request: 4205, pid: 10058a, addr: 1, data: c0022e1c70)
             exe-1049981 [002] ..... 1635475.771731: sys_ptrace -> 0x0
             exe-1049981 [002] ..... 1635475.771732: sys_ptrace(request: 4205, pid: 10058a, addr: 202, data: c0022e1c70)
             exe-1049981 [002] ..... 1635475.771742: sys_ptrace -> 0x0
             exe-1049981 [002] ..... 1635475.771743: sys_ptrace(request: 1f, pid: 10058a, addr: 0, data: 0)
             exe-1049981 [002] ..... 1635475.771750: sys_ptrace -> 0x0
             exe-1049981 [002] ..... 1635475.771753: sys_wait4(upid: 10058a, stat_addr: c0022e1bf4, options: 40000002, ru: 0)
             exe-1049994 [002] ..... 1635475.771765: sys_mremap -> 0xffffffffffffffea
             exe-1049981 [002] ..... 1635475.771785: sys_wait4 -> 0x10058a
             exe-1049981 [002] ..... 1635475.771788: sys_ptrace(request: 4204, pid: 10058a, addr: 1, data: c0022e1c70)
             exe-1049981 [002] ..... 1635475.771792: sys_ptrace -> 0x0
             exe-1049981 [002] ..... 1635475.771793: sys_ptrace(request: 4204, pid: 10058a, addr: 202, data: c0022e1c70)
             exe-1049981 [002] ..... 1635475.771796: sys_ptrace -> 0x0
             exe-1049981 [002] ..... 1635475.771805: sys_pwrite64(fd: 63, buf: 7fd66e18e080, count: 63, pos: 65)
             exe-1049981 [002] ..... 1635475.771806: tracing_mark_write: mremap(addr=0x7fca23a00000, old_len=0x73000, new_len=0x200000, flags=0x7, new_addr=0x100000000) end
             exe-1049981 [002] ..... 1635475.837527: tracing_mark_write: mremap(addr=0x7fca256ea000, old_len=0, new_len=4096, flags=0x7, new_addr=0x400000) start
             exe-1049981 [002] ..... 1635475.837529: sys_pwrite64 -> 0x58
             exe-1049981 [002] ..... 1635475.837536: sys_ptrace(request: 4205, pid: 10058a, addr: 1, data: c0022e1c70)
             exe-1049981 [002] ..... 1635475.837538: sys_ptrace -> 0x0
             exe-1049981 [002] ..... 1635475.837540: sys_ptrace(request: 4205, pid: 10058a, addr: 202, data: c0022e1c70)
             exe-1049567 [001] ..... 1635475.837540: sys_nanosleep -> 0x0
             exe-1049567 [001] ..... 1635475.837573: sys_nanosleep(rqtp: c000069f10, rmtp: 0)
             exe-1049981 [002] ..... 1635475.837579: sys_ptrace -> 0x0
             exe-1049981 [002] ..... 1635475.837582: sys_ptrace(request: 1f, pid: 10058a, addr: 0, data: 0)
             exe-1049981 [002] .N... 1635475.837590: sys_ptrace -> 0x0
             exe-1049994 [002] ..... 1635475.837601: sys_write -> 0x58
             exe-1049673 [001] ..... 1635475.837620: sys_nanosleep -> 0x0
             exe-1049981 [002] ..... 1635475.837621: sys_wait4(upid: 10058a, stat_addr: c0022e1bf4, options: 40000002, ru: 0)
             exe-1049981 [002] ..... 1635475.837624: sys_wait4 -> 0x10058a
             exe-1049673 [001] ..... 1635475.837625: sys_nanosleep(rqtp: c000069f10, rmtp: 0)
             exe-1049981 [002] ..... 1635475.837626: sys_ptrace(request: 4204, pid: 10058a, addr: 1, data: c0022e1c70)
             exe-1049981 [002] ..... 1635475.837630: sys_ptrace -> 0x0
             exe-1049981 [002] ..... 1635475.837632: sys_ptrace(request: 4204, pid: 10058a, addr: 202, data: c0022e1c70)
             exe-1049981 [002] ..... 1635475.837634: sys_ptrace -> 0x0
             exe-1049981 [002] ..... 1635475.837640: sys_ptrace(request: 4205, pid: 10058a, addr: 1, data: c0022e1c70)
             exe-1049981 [002] ..... 1635475.837643: sys_ptrace -> 0x0
             exe-1049981 [002] ..... 1635475.837644: sys_ptrace(request: 4205, pid: 10058a, addr: 202, data: c0022e1c70)
             exe-1049567 [001] ..... 1635475.837650: sys_nanosleep -> 0x0
             exe-1049981 [002] ..... 1635475.837654: sys_ptrace -> 0x0
             exe-1049567 [001] ..... 1635475.837656: sys_nanosleep(rqtp: c000069f10, rmtp: 0)
             exe-1049981 [002] ..... 1635475.837656: sys_ptrace(request: 1f, pid: 10058a, addr: 0, data: 0)
             exe-1049981 [002] .N... 1635475.837662: sys_ptrace -> 0x0
             exe-1049994 [002] ..... 1635475.837672: sys_mremap -> 0xffffffffffffffea
             exe-1049981 [002] ..... 1635475.837690: sys_wait4(upid: 10058a, stat_addr: c0022e1bf4, options: 40000002, ru: 0)
             exe-1049981 [002] ..... 1635475.837693: sys_wait4 -> 0x10058a
             exe-1049981 [002] ..... 1635475.837695: sys_ptrace(request: 4204, pid: 10058a, addr: 1, data: c0022e1c70)
             exe-1049981 [002] ..... 1635475.837698: sys_ptrace -> 0x0
             exe-1049981 [002] ..... 1635475.837700: sys_ptrace(request: 4204, pid: 10058a, addr: 202, data: c0022e1c70)
             exe-1049981 [002] ..... 1635475.837703: sys_ptrace -> 0x0
             exe-1049981 [002] ..... 1635475.837713: sys_pwrite64(fd: 63, buf: 7fd66e18e080, count: 56, pos: 58)
             exe-1049981 [002] ..... 1635475.837715: tracing_mark_write: mremap(addr=0x7fca256ea000, old_len=0, new_len=4096, flags=0x7, new_addr=0x400000) end
             exe-1049981 [002] ..... 1635475.907936: tracing_mark_write: mremap(addr=0x7fca23a00000, old_len=0x101000, new_len=0x200000, flags=0x7, new_addr=0x400000) start
             exe-1049981 [002] ..... 1635475.907938: sys_pwrite64 -> 0x63
             exe-1049716 [000] ..... 1635475.907978: sys_futex -> 0x0
             exe-1049673 [002] ..... 1635475.907981: sys_nanosleep -> 0x0
             exe-1049673 [002] ..... 1635475.907987: sys_nanosleep(rqtp: c000069f10, rmtp: 0)
             exe-1049716 [000] ..... 1635475.907989: sys_futex(uaddr: c000482148, op: 80, val: 0, utime: 0, uaddr2: 0, val3: 0)
             exe-1049981 [002] ..... 1635475.908013: sys_ptrace(request: 4205, pid: 10058a, addr: 1, data: c0022e1c70)
             exe-1049981 [002] ..... 1635475.908017: sys_ptrace -> 0x0
             exe-1049981 [002] ..... 1635475.908019: sys_ptrace(request: 4205, pid: 10058a, addr: 202, data: c0022e1c70)
             exe-1049981 [002] ..... 1635475.908038: sys_ptrace -> 0x0
             exe-1049981 [002] ..... 1635475.908040: sys_ptrace(request: 1f, pid: 10058a, addr: 0, data: 0)
             exe-1049981 [002] .N... 1635475.908047: sys_ptrace -> 0x0
             exe-1049994 [002] ..... 1635475.908158: sys_write -> 0x63
             exe-1049673 [002] ..... 1635475.908178: sys_nanosleep -> 0x0
             exe-1049673 [002] ..... 1635475.908185: sys_futex(uaddr: 1f09dc0, op: 80, val: 0, utime: c000069eb0, uaddr2: 0, val3: 0)
             exe-1049981 [002] .N... 1635475.908234: sys_wait4(upid: 10058a, stat_addr: c0022e1bf4, options: 40000002, ru: 0)
             exe-1049981 [002] .N... 1635475.908238: sys_wait4 -> 0x10058a
             exe-1049981 [002] ..... 1635475.908284: sys_ptrace(request: 4204, pid: 10058a, addr: 1, data: c0022e1c70)
             exe-1049981 [002] ..... 1635475.908290: sys_ptrace -> 0x0
             exe-1049981 [002] ..... 1635475.908292: sys_ptrace(request: 4204, pid: 10058a, addr: 202, data: c0022e1c70)
             exe-1049981 [002] ..... 1635475.908295: sys_ptrace -> 0x0
             exe-1049981 [002] ..... 1635475.908303: sys_ptrace(request: 4205, pid: 10058a, addr: 1, data: c0022e1c70)
             exe-1049981 [002] ..... 1635475.908305: sys_ptrace -> 0x0
             exe-1049981 [002] ..... 1635475.908307: sys_ptrace(request: 4205, pid: 10058a, addr: 202, data: c0022e1c70)
             exe-1049981 [002] ..... 1635475.908326: sys_ptrace -> 0x0
             exe-1049981 [002] ..... 1635475.908328: sys_ptrace(request: 1f, pid: 10058a, addr: 0, data: 0)
             exe-1049981 [002] .N... 1635475.908357: sys_ptrace -> 0x0
             exe-1049994 [002] ..... 1635475.908393: sys_mremap -> 0xffffffffffffffea
             exe-1049981 [002] ..... 1635475.908418: sys_wait4(upid: 10058a, stat_addr: c0022e1bf4, options: 40000002, ru: 0)
             exe-1049981 [002] ..... 1635475.908421: sys_wait4 -> 0x10058a
             exe-1049981 [002] ..... 1635475.908424: sys_ptrace(request: 4204, pid: 10058a, addr: 1, data: c0022e1c70)
             exe-1049981 [002] ..... 1635475.908428: sys_ptrace -> 0x0
             exe-1049981 [002] ..... 1635475.908430: sys_ptrace(request: 4204, pid: 10058a, addr: 202, data: c0022e1c70)
             exe-1049981 [002] ..... 1635475.908433: sys_ptrace -> 0x0
             exe-1049981 [002] ..... 1635475.908447: sys_pwrite64(fd: 63, buf: 7fd66e18e080, count: 61, pos: 63)
             exe-1049981 [002] ..... 1635475.908450: tracing_mark_write: mremap(addr=0x7fca23a00000, old_len=0x101000, new_len=0x200000, flags=0x7, new_addr=0x400000) end
             exe-1049981 [003] ..... 1635475.974493: tracing_mark_write: mremap(addr=0x7fca256e9000, old_len=0, new_len=4096, flags=0x7, new_addr=0x40000000) start
             exe-1049981 [003] ..... 1635475.974495: sys_pwrite64 -> 0x5a
             exe-1049981 [003] ..... 1635475.974499: sys_ptrace(request: 4205, pid: 10058a, addr: 1, data: c0022e1c70)
             exe-1049981 [003] ..... 1635475.974504: sys_ptrace -> 0x0
             exe-1049981 [003] ..... 1635475.974505: sys_ptrace(request: 4205, pid: 10058a, addr: 202, data: c0022e1c70)
             exe-1049981 [003] ..... 1635475.974511: sys_ptrace -> 0x0
             exe-1049981 [003] ..... 1635475.974513: sys_ptrace(request: 1f, pid: 10058a, addr: 0, data: 0)
             exe-1049673 [002] ..... 1635475.974518: sys_nanosleep -> 0x0
             exe-1049981 [003] ..... 1635475.974522: sys_ptrace -> 0x0
             exe-1049981 [003] ..... 1635475.974524: sys_wait4(upid: 10058a, stat_addr: c0022e1bf4, options: 40000002, ru: 0)
             exe-1049673 [002] ..... 1635475.974534: sys_nanosleep(rqtp: c000069f10, rmtp: 0)
             exe-1049994 [002] ..... 1635475.974556: sys_write -> 0x5a
             exe-1049981 [003] ..... 1635475.974579: sys_wait4 -> 0x10058a
             exe-1049981 [003] ..... 1635475.974581: sys_ptrace(request: 4204, pid: 10058a, addr: 1, data: c0022e1c70)
             exe-1049981 [003] ..... 1635475.974583: sys_ptrace -> 0x0
             exe-1049981 [003] ..... 1635475.974584: sys_ptrace(request: 4204, pid: 10058a, addr: 202, data: c0022e1c70)
             exe-1049981 [003] ..... 1635475.974586: sys_ptrace -> 0x0
             exe-1049981 [003] ..... 1635475.974590: sys_ptrace(request: 4205, pid: 10058a, addr: 1, data: c0022e1c70)
             exe-1049981 [003] ..... 1635475.974592: sys_ptrace -> 0x0
             exe-1049981 [003] ..... 1635475.974593: sys_ptrace(request: 4205, pid: 10058a, addr: 202, data: c0022e1c70)
             exe-1049981 [003] ..... 1635475.974600: sys_ptrace -> 0x0
             exe-1049981 [003] ..... 1635475.974601: sys_ptrace(request: 1f, pid: 10058a, addr: 0, data: 0)
             exe-1049981 [003] ..... 1635475.974614: sys_ptrace -> 0x0
             exe-1049981 [003] ..... 1635475.974615: sys_wait4(upid: 10058a, stat_addr: c0022e1bf4, options: 40000002, ru: 0)
             exe-1049716 [000] ..... 1635475.974634: sys_futex -> 0x0
             exe-1049716 [000] ..... 1635475.974646: sys_futex(uaddr: c000482148, op: 80, val: 0, utime: 0, uaddr2: 0, val3: 0)
             exe-1049994 [002] ..... 1635475.974646: sys_mremap -> 0xffffffffffffffea
             exe-1049981 [003] ..... 1635475.974666: sys_wait4 -> 0x10058a
             exe-1049567 [000] ..... 1635475.974667: sys_nanosleep -> 0x0
             exe-1049673 [002] ..... 1635475.974668: sys_nanosleep -> 0x0
             exe-1049981 [003] ..... 1635475.974668: sys_ptrace(request: 4204, pid: 10058a, addr: 1, data: c0022e1c70)
             exe-1049981 [003] ..... 1635475.974670: sys_ptrace -> 0x0
             exe-1049981 [003] ..... 1635475.974671: sys_ptrace(request: 4204, pid: 10058a, addr: 202, data: c0022e1c70)
             exe-1049981 [003] ..... 1635475.974673: sys_ptrace -> 0x0
             exe-1049567 [000] ..... 1635475.974674: sys_nanosleep(rqtp: c000069f10, rmtp: 0)
             exe-1049673 [002] ..... 1635475.974675: sys_futex(uaddr: 1f09dc0, op: 80, val: 0, utime: c000069eb0, uaddr2: 0, val3: 0)
             exe-1049981 [003] ..... 1635475.974678: sys_pwrite64(fd: 63, buf: 7fd66e18e080, count: 58, pos: 5a)
             exe-1049981 [003] ..... 1635475.974679: tracing_mark_write: mremap(addr=0x7fca256e9000, old_len=0, new_len=4096, flags=0x7, new_addr=0x40000000) end
             exe-1049981 [003] ..... 1635476.031393: tracing_mark_write: mremap(addr=0x7fca256eb000, old_len=0x13000, new_len=0x100000, flags=0x7, new_addr=0x40000000) start
             exe-1049981 [003] ..... 1635476.031395: sys_pwrite64 -> 0x64
             exe-1049981 [003] ..... 1635476.031400: sys_ptrace(request: 4205, pid: 10058a, addr: 1, data: c0022e1c70)
             exe-1049981 [003] ..... 1635476.031402: sys_ptrace -> 0x0
             exe-1049981 [003] ..... 1635476.031403: sys_ptrace(request: 4205, pid: 10058a, addr: 202, data: c0022e1c70)
             exe-1049981 [003] ..... 1635476.031413: sys_ptrace -> 0x0
             exe-1049981 [003] ..... 1635476.031415: sys_ptrace(request: 1f, pid: 10058a, addr: 0, data: 0)
             exe-1049981 [003] .N... 1635476.031421: sys_ptrace -> 0x0
             exe-1049994 [003] ..... 1635476.031430: sys_write -> 0x64
             exe-1049567 [000] ..... 1635476.031432: sys_nanosleep -> 0x0
             exe-1049567 [000] ..... 1635476.031434: sys_nanosleep(rqtp: c000069f10, rmtp: 0)
             exe-1049981 [003] ..... 1635476.031445: sys_wait4(upid: 10058a, stat_addr: c0022e1bf4, options: 40000002, ru: 0)
             exe-1049981 [003] ..... 1635476.031447: sys_wait4 -> 0x10058a
             exe-1049981 [003] ..... 1635476.031449: sys_ptrace(request: 4204, pid: 10058a, addr: 1, data: c0022e1c70)
             exe-1049673 [002] ..... 1635476.031452: sys_nanosleep -> 0x0
             exe-1049981 [003] ..... 1635476.031452: sys_ptrace -> 0x0
             exe-1049981 [003] ..... 1635476.031453: sys_ptrace(request: 4204, pid: 10058a, addr: 202, data: c0022e1c70)
             exe-1049981 [003] ..... 1635476.031455: sys_ptrace -> 0x0
             exe-1049673 [002] ..... 1635476.031457: sys_nanosleep(rqtp: c000069f10, rmtp: 0)
             exe-1049981 [003] ..... 1635476.031460: sys_ptrace(request: 4205, pid: 10058a, addr: 1, data: c0022e1c70)
             exe-1049981 [003] ..... 1635476.031462: sys_ptrace -> 0x0
             exe-1049981 [003] ..... 1635476.031463: sys_ptrace(request: 4205, pid: 10058a, addr: 202, data: c0022e1c70)
             exe-1049981 [003] ..... 1635476.031471: sys_ptrace -> 0x0
             exe-1049981 [003] ..... 1635476.031473: sys_ptrace(request: 1f, pid: 10058a, addr: 0, data: 0)
             exe-1049981 [003] .N... 1635476.031478: sys_ptrace -> 0x0
             exe-1049994 [003] ..... 1635476.031487: sys_mremap -> 0xffffffffffffffea
             exe-1049981 [003] ..... 1635476.031502: sys_wait4(upid: 10058a, stat_addr: c0022e1bf4, options: 40000002, ru: 0)
             exe-1049981 [003] ..... 1635476.031504: sys_wait4 -> 0x10058a
             exe-1049981 [003] ..... 1635476.031506: sys_ptrace(request: 4204, pid: 10058a, addr: 1, data: c0022e1c70)
             exe-1049981 [003] ..... 1635476.031508: sys_ptrace -> 0x0
             exe-1049981 [003] ..... 1635476.031510: sys_ptrace(request: 4204, pid: 10058a, addr: 202, data: c0022e1c70)
             exe-1049981 [003] ..... 1635476.031512: sys_ptrace -> 0x0
             exe-1049981 [003] ..... 1635476.031519: sys_pwrite64(fd: 63, buf: 7fd66e18e080, count: 62, pos: 64)
             exe-1049981 [003] ..... 1635476.031521: tracing_mark_write: mremap(addr=0x7fca256eb000, old_len=0x13000, new_len=0x100000, flags=0x7, new_addr=0x40000000) end
             exe-1049981 [003] ..... 1635476.104765: tracing_mark_write: mremap(addr=0x7fca21858000, old_len=0, new_len=4096, flags=0x7, new_addr=0x200000) start
             exe-1049981 [003] ..... 1635476.104768: sys_pwrite64 -> 0x58
             exe-1049981 [003] ..... 1635476.104775: sys_ptrace(request: 4205, pid: 10058a, addr: 1, data: c0022e1c70)
             exe-1049981 [003] ..... 1635476.104777: sys_ptrace -> 0x0
             exe-1049981 [003] ..... 1635476.104779: sys_ptrace(request: 4205, pid: 10058a, addr: 202, data: c0022e1c70)
             exe-1049981 [003] ..... 1635476.104819: sys_ptrace -> 0x0
             exe-1049981 [003] ..... 1635476.104821: sys_ptrace(request: 1f, pid: 10058a, addr: 0, data: 0)
             exe-1049673 [002] ..... 1635476.104825: sys_nanosleep -> 0x0
             exe-1049673 [002] ..... 1635476.104827: sys_nanosleep(rqtp: c000069f10, rmtp: 0)
             exe-1049981 [003] .N... 1635476.104829: sys_ptrace -> 0x0
             exe-1049567 [000] ..... 1635476.104829: sys_nanosleep -> 0x0
             exe-1049567 [000] ..... 1635476.104831: sys_nanosleep(rqtp: c000069f10, rmtp: 0)
             exe-1049994 [003] ..... 1635476.104840: sys_write -> 0x58
             exe-1049981 [003] ..... 1635476.104861: sys_wait4(upid: 10058a, stat_addr: c0022e1bf4, options: 40000002, ru: 0)
             exe-1049981 [003] ..... 1635476.104864: sys_wait4 -> 0x10058a
             exe-1049981 [003] ..... 1635476.104866: sys_ptrace(request: 4204, pid: 10058a, addr: 1, data: c0022e1c70)
             exe-1049981 [003] ..... 1635476.104870: sys_ptrace -> 0x0
             exe-1049981 [003] ..... 1635476.104871: sys_ptrace(request: 4204, pid: 10058a, addr: 202, data: c0022e1c70)
             exe-1049981 [003] ..... 1635476.104874: sys_ptrace -> 0x0
             exe-1049981 [003] ..... 1635476.104882: sys_ptrace(request: 4205, pid: 10058a, addr: 1, data: c0022e1c70)
             exe-1049981 [003] ..... 1635476.104884: sys_ptrace -> 0x0
             exe-1049981 [003] ..... 1635476.104885: sys_ptrace(request: 4205, pid: 10058a, addr: 202, data: c0022e1c70)
             exe-1049981 [003] ..... 1635476.104941: sys_ptrace -> 0x0
             exe-1049981 [003] ..... 1635476.104943: sys_ptrace(request: 1f, pid: 10058a, addr: 0, data: 0)
             exe-1049981 [003] .N... 1635476.104950: sys_ptrace -> 0x0
             exe-1049994 [003] ..... 1635476.104961: sys_mremap -> 0xffffffffffffffea
             exe-1049673 [002] ..... 1635476.104974: sys_nanosleep -> 0x0
             exe-1049673 [002] ..... 1635476.104977: sys_nanosleep(rqtp: c000069f10, rmtp: 0)
             exe-1049981 [003] ..... 1635476.104983: sys_wait4(upid: 10058a, stat_addr: c0022e1bf4, options: 40000002, ru: 0)
             exe-1049981 [003] ..... 1635476.104985: sys_wait4 -> 0x10058a
             exe-1049981 [003] ..... 1635476.104988: sys_ptrace(request: 4204, pid: 10058a, addr: 1, data: c0022e1c70)
             exe-1049981 [003] ..... 1635476.104991: sys_ptrace -> 0x0
             exe-1049981 [003] ..... 1635476.104993: sys_ptrace(request: 4204, pid: 10058a, addr: 202, data: c0022e1c70)
             exe-1049981 [003] ..... 1635476.104995: sys_ptrace -> 0x0
             exe-1049981 [003] ..... 1635476.105006: sys_pwrite64(fd: 63, buf: 7fd66e18e080, count: 56, pos: 58)
             exe-1049981 [003] ..... 1635476.105008: tracing_mark_write: mremap(addr=0x7fca21858000, old_len=0, new_len=4096, flags=0x7, new_addr=0x200000) end
             exe-1049981 [003] ..... 1635476.179008: tracing_mark_write: mremap(addr=0x7fca256eb000, old_len=0xd6000, new_len=0x100000, flags=0x0, new_addr=0) start
             exe-1049981 [003] ..... 1635476.179010: sys_pwrite64 -> 0x5b
             exe-1049981 [003] ..... 1635476.179016: sys_ptrace(request: 4205, pid: 10058a, addr: 1, data: c0022e1c70)
             exe-1049673 [001] ..... 1635476.179017: sys_nanosleep -> 0x0
             exe-1049981 [003] ..... 1635476.179018: sys_ptrace -> 0x0
             exe-1049981 [003] ..... 1635476.179019: sys_ptrace(request: 4205, pid: 10058a, addr: 202, data: c0022e1c70)
             exe-1049673 [001] ..... 1635476.179024: sys_nanosleep(rqtp: c000069f10, rmtp: 0)
             exe-1049981 [003] ..... 1635476.179029: sys_ptrace -> 0x0
             exe-1049981 [003] ..... 1635476.179030: sys_ptrace(request: 1f, pid: 10058a, addr: 0, data: 0)
             exe-1049981 [003] .N... 1635476.179037: sys_ptrace -> 0x0
             exe-1049567 [001] ..... 1635476.179045: sys_nanosleep -> 0x0
             exe-1049994 [003] ..... 1635476.179045: sys_write -> 0x5b
             exe-1049567 [001] ..... 1635476.179050: sys_nanosleep(rqtp: c000069f10, rmtp: 0)
             exe-1049567 [001] ..... 1635476.179119: sys_nanosleep -> 0x0
             exe-1049567 [001] ..... 1635476.179122: sys_nanosleep(rqtp: c000069f10, rmtp: 0)
             exe-1049673 [001] ..... 1635476.179139: sys_nanosleep -> 0x0
             exe-1049673 [001] ..... 1635476.179144: sys_nanosleep(rqtp: c000069f10, rmtp: 0)
             exe-1049567 [001] ..... 1635476.179223: sys_nanosleep -> 0x0
             exe-1049567 [001] ..... 1635476.179228: sys_nanosleep(rqtp: c000069f10, rmtp: 0)
             exe-1049673 [001] ..... 1635476.179249: sys_nanosleep -> 0x0
             exe-1049673 [001] ..... 1635476.179254: sys_nanosleep(rqtp: c000069f10, rmtp: 0)
             exe-1049981 [003] ..... 1635476.179261: sys_wait4(upid: 10058a, stat_addr: c0022e1bf4, options: 40000002, ru: 0)
             exe-1049981 [003] ..... 1635476.179264: sys_wait4 -> 0x10058a
             exe-1049981 [003] ..... 1635476.179266: sys_ptrace(request: 4204, pid: 10058a, addr: 1, data: c0022e1c70)
             exe-1049981 [003] ..... 1635476.179271: sys_ptrace -> 0x0
             exe-1049981 [003] ..... 1635476.179272: sys_ptrace(request: 4204, pid: 10058a, addr: 202, data: c0022e1c70)
             exe-1049981 [003] ..... 1635476.179275: sys_ptrace -> 0x0
             exe-1049981 [003] ..... 1635476.179287: sys_ptrace(request: 4205, pid: 10058a, addr: 1, data: c0022e1c70)
             exe-1049981 [003] ..... 1635476.179289: sys_ptrace -> 0x0
             exe-1049981 [003] ..... 1635476.179290: sys_ptrace(request: 4205, pid: 10058a, addr: 202, data: c0022e1c70)
             exe-1049981 [003] ..... 1635476.179302: sys_ptrace -> 0x0
             exe-1049981 [003] ..... 1635476.179304: sys_ptrace(request: 1f, pid: 10058a, addr: 0, data: 0)
             exe-1049981 [003] .N... 1635476.179313: sys_ptrace -> 0x0
             exe-1049673 [001] ..... 1635476.179324: sys_nanosleep -> 0x0
             exe-1049994 [003] ..... 1635476.179325: sys_mremap -> 0xfffffffffffffff4
             exe-1049673 [001] ..... 1635476.179327: sys_nanosleep(rqtp: c000069f10, rmtp: 0)
             exe-1049567 [001] ..... 1635476.179342: sys_nanosleep -> 0x0
             exe-1049981 [003] ..... 1635476.179345: sys_wait4(upid: 10058a, stat_addr: c0022e1bf4, options: 40000002, ru: 0)
             exe-1049567 [001] ..... 1635476.179347: sys_nanosleep(rqtp: c000069f10, rmtp: 0)
             exe-1049981 [003] ..... 1635476.179347: sys_wait4 -> 0x10058a
             exe-1049981 [003] ..... 1635476.179349: sys_ptrace(request: 4204, pid: 10058a, addr: 1, data: c0022e1c70)
             exe-1049981 [003] ..... 1635476.179353: sys_ptrace -> 0x0
             exe-1049981 [003] ..... 1635476.179355: sys_ptrace(request: 4204, pid: 10058a, addr: 202, data: c0022e1c70)
             exe-1049981 [003] ..... 1635476.179357: sys_ptrace -> 0x0
             exe-1049981 [003] ..... 1635476.179367: sys_pwrite64(fd: 63, buf: 7fd66e18e080, count: 59, pos: 5b)
             exe-1049981 [003] ..... 1635476.179370: tracing_mark_write: mremap(addr=0x7fca256eb000, old_len=0xd6000, new_len=0x100000, flags=0x0, new_addr=0) end
