             exe-1049567 [002] ..... 1635474.384998: sys_nanosleep(rqtp: c000069f10, rmtp: 0)
             exe-1050289 [000] ..... 1635474.385004: sys_ptrace(request: 4205, pid: 10072d, addr: 1, data: c0022e1c70)
             exe-1050289 [000] ..... 1635474.385007: sys_ptrace -> 0x0
             exe-1050289 [000] ..... 1635474.385008: sys_ptrace(request: 4205, pid: 10072d, addr: 202, data: c0022e1c70)
             exe-1050289 [000] ..... 1635474.385021: sys_ptrace -> 0x0
             exe-1050289 [000] ..... 1635474.385023: sys_ptrace(request: 1f, pid: 10072d, addr: 0, data: 0)
             exe-1050289 [000] .N... 1635474.385033: sys_ptrace -> 0x0
             exe-1050413 [000] ..... 1635474.385044: sys_write -> 0x5b
             exe-1050289 [000] ..... 1635474.385065: sys_wait4(upid: 10072d, stat_addr: c0022e1bf4, options: 40000002, ru: 0)
             exe-1050289 [000] ..... 1635474.385067: sys_wait4 -> 0x10072d
             exe-1050289 [000] ..... 1635474.385070: sys_ptrace(request: 4204, pid: 10072d, addr: 1, data: c0022e1c70)
             exe-1050289 [000] ..... 1635474.385074: sys_ptrace -> 0x0
             exe-1050289 [000] ..... 1635474.385075: sys_ptrace(request: 4204, pid: 10072d, addr: 202, data: c0022e1c70)
             exe-1050289 [000] ..... 1635474.385078: sys_ptrace -> 0x0
             exe-1049567 [002] ..... 1635474.385084: sys_nanosleep -> 0x0
             exe-1050289 [000] ..... 1635474.385084: sys_ptrace(request: 4205, pid: 10072d, addr: 1, data: c0022e1c70)
             exe-1049567 [002] ..... 1635474.385086: sys_nanosleep(rqtp: c000069f10, rmtp: 0)
             exe-1050289 [000] ..... 1635474.385087: sys_ptrace -> 0x0
             exe-1050289 [000] ..... 1635474.385088: sys_ptrace(request: 4205, pid: 10072d, addr: 202, data: c0022e1c70)
             exe-1050289 [000] ..... 1635474.385098: sys_ptrace -> 0x0
             exe-1050289 [000] ..... 1635474.385100: sys_ptrace(request: 1f, pid: 10072d, addr: 0, data: 0)
             exe-1050289 [000] .N... 1635474.385107: sys_ptrace -> 0x0
             exe-1050413 [000] ..... 1635474.385117: sys_mremap -> 0xffffffffffffffea
             exe-1050289 [000] ..... 1635474.385137: sys_wait4(upid: 10072d, stat_addr: c0022e1bf4, options: 40000002, ru: 0)
             exe-1050289 [000] ..... 1635474.385140: sys_wait4 -> 0x10072d
             exe-1050289 [000] ..... 1635474.385142: sys_ptrace(request: 4204, pid: 10072d, addr: 1, data: c0022e1c70)
             exe-1050289 [000] ..... 1635474.385146: sys_ptrace -> 0x0
             exe-1050289 [000] ..... 1635474.385148: sys_ptrace(request: 4204, pid: 10072d, addr: 202, data: c0022e1c70)
             exe-1050289 [000] ..... 1635474.385150: sys_ptrace -> 0x0
             exe-1050289 [000] ..... 1635474.385160: sys_pwrite64(fd: 63, buf: 7fd66e18e080, count: 59, pos: 5b)
             exe-1050289 [000] ..... 1635474.385161: tracing_mark_write: mremap(addr=0x7fca24700000, old_len=0xb3000, new_len=0x100000, flags=0x5, new_addr=0) end
             exe-1049981 [000] ..... 1635474.458544: tracing_mark_write: mremap(addr=0x7fca25300000, old_len=0x8a000, new_len=0x100000, flags=0x5, new_addr=0) start
             exe-1049567 [002] ..... 1635474.458549: sys_nanosleep(rqtp: c000069f10, rmtp: 0)
             exe-1049981 [000] ..... 1635474.458558: sys_pwrite64 -> 0x5b
             exe-1049981 [000] ..... 1635474.458565: sys_ptrace(request: 4205, pid: 10058a, addr: 1, data: c0022e1c70)
             exe-1049981 [000] ..... 1635474.458567: sys_ptrace -> 0x0
             exe-1049981 [000] ..... 1635474.458569: sys_ptrace(request: 4205, pid: 10058a, addr: 202, data: c0022e1c70)
             exe-1049981 [000] ..... 1635474.458577: sys_ptrace -> 0x0
             exe-1049981 [000] ..... 1635474.458579: sys_ptrace(request: 1f, pid: 10058a, addr: 0, data: 0)
             exe-1049981 [000] ..... 1635474.458589: sys_ptrace -> 0x0
             exe-1049981 [000] ..... 1635474.458591: sys_wait4(upid: 10058a, stat_addr: c0022e1bf4, options: 40000002, ru: 0)
             exe-1049994 [003] ..... 1635474.458610: sys_write -> 0x5b
             exe-1049981 [000] ..... 1635474.458625: sys_wait4 -> 0x10058a
             exe-1049981 [000] ..... 1635474.458628: sys_ptrace(request: 4204, pid: 10058a, addr: 1, data: c0022e1c70)
             exe-1049981 [000] ..... 1635474.458630: sys_ptrace -> 0x0
             exe-1049981 [000] ..... 1635474.458632: sys_ptrace(request: 4204, pid: 10058a, addr: 202, data: c0022e1c70)
             exe-1049981 [000] ..... 1635474.458634: sys_ptrace -> 0x0
             exe-1049981 [000] ..... 1635474.458638: sys_ptrace(request: 4205, pid: 10058a, addr: 1, data: c0022e1c70)
             exe-1049981 [000] ..... 1635474.458640: sys_ptrace -> 0x0
             exe-1049981 [000] ..... 1635474.458642: sys_ptrace(request: 4205, pid: 10058a, addr: 202, data: c0022e1c70)
             exe-1049981 [000] ..... 1635474.458656: sys_ptrace -> 0x0
             exe-1049981 [000] ..... 1635474.458657: sys_ptrace(request: 1f, pid: 10058a, addr: 0, data: 0)
             exe-1049981 [000] ..... 1635474.458662: sys_ptrace -> 0x0
             exe-1049981 [000] ..... 1635474.458664: sys_wait4(upid: 10058a, stat_addr: c0022e1bf4, options: 40000002, ru: 0)
             exe-1049673 [001] ..... 1635474.458720: sys_nanosleep -> 0x0
             exe-1049673 [001] ..... 1635474.458727: sys_nanosleep(rqtp: c000069f10, rmtp: 0)
             exe-1049994 [003] ..... 1635474.458771: sys_mremap -> 0xffffffffffffffea
             exe-1049981 [000] ..... 1635474.458786: sys_wait4 -> 0x10058a
             exe-1049981 [000] ..... 1635474.458789: sys_ptrace(request: 4204, pid: 10058a, addr: 1, data: c0022e1c70)
             exe-1049981 [000] ..... 1635474.458791: sys_ptrace -> 0x0
             exe-1049981 [000] ..... 1635474.458792: sys_ptrace(request: 4204, pid: 10058a, addr: 202, data: c0022e1c70)
             exe-1049981 [000] ..... 1635474.458794: sys_ptrace -> 0x0
             exe-1049981 [000] ..... 1635474.458799: sys_pwrite64(fd: 63, buf: 7fd66e18e080, count: 59, pos: 5b)
             exe-1049981 [000] ..... 1635474.458800: tracing_mark_write: mremap(addr=0x7fca25300000, old_len=0x8a000, new_len=0x100000, flags=0x5, new_addr=0) end
             exe-1049981 [000] ..... 1635474.553960: tracing_mark_write: mremap(addr=0x7fca256ea000, old_len=0, new_len=4096, flags=0x5, new_addr=0) start
             exe-1049981 [000] ..... 1635474.553962: sys_pwrite64 -> 0x51
             exe-1049981 [000] ..... 1635474.553968: sys_ptrace(request: 4205, pid: 10058a, addr: 1, data: c0022e1c70)
             exe-1049981 [000] ..... 1635474.553971: sys_ptrace -> 0x0
             exe-1049981 [000] ..... 1635474.553972: sys_ptrace(request: 4205, pid: 10058a, addr: 202, data: c0022e1c70)
             exe-1049981 [000] ..... 1635474.553981: sys_ptrace -> 0x0
             exe-1049981 [000] ..... 1635474.553983: sys_ptrace(request: 1f, pid: 10058a, addr: 0, data: 0)
             exe-1049981 [000] ..... 1635474.553994: sys_ptrace -> 0x0
             exe-1049981 [000] ..... 1635474.553997: sys_wait4(upid: 10058a, stat_addr: c0022e1bf4, options: 40000002, ru: 0)
             exe-1049673 [001] ..... 1635474.554000: sys_nanosleep -> 0x0
             exe-1049567 [002] ..... 1635474.554004: sys_nanosleep -> 0x0
             exe-1049567 [002] ..... 1635474.554009: sys_nanosleep(rqtp: c000069f10, rmtp: 0)
             exe-1049673 [001] ..... 1635474.554010: sys_nanosleep(rqtp: c000069f10, rmtp: 0)
             exe-1049994 [003] ..... 1635474.554012: sys_write -> 0x51
             exe-1049981 [000] ..... 1635474.554029: sys_wait4 -> 0x10058a
             exe-1049981 [000] ..... 1635474.554031: sys_ptrace(request: 4204, pid: 10058a, addr: 1, data: c0022e1c70)
             exe-1049981 [000] ..... 1635474.554034: sys_ptrace -> 0x0
             exe-1049981 [000] ..... 1635474.554036: sys_ptrace(request: 4204, pid: 10058a, addr: 202, data: c0022e1c70)
             exe-1049981 [000] ..... 1635474.554038: sys_ptrace -> 0x0
             exe-1049981 [000] ..... 1635474.554043: sys_ptrace(request: 4205, pid: 10058a, addr: 1, data: c0022e1c70)
             exe-1049981 [000] ..... 1635474.554045: sys_ptrace -> 0x0
             exe-1049981 [000] ..... 1635474.554047: sys_ptrace(request: 4205, pid: 10058a, addr: 202, data: c0022e1c70)
             exe-1049981 [000] ..... 1635474.554053: sys_ptrace -> 0x0
             exe-1049981 [000] ..... 1635474.554055: sys_ptrace(request: 1f, pid: 10058a, addr: 0, data: 0)
             exe-1049981 [000] ..... 1635474.554061: sys_ptrace -> 0x0
             exe-1049981 [000] ..... 1635474.554063: sys_wait4(upid: 10058a, stat_addr: c0022e1bf4, options: 40000002, ru: 0)
             exe-1049994 [003] ..... 1635474.554068: sys_mremap -> 0xffffffffffffffea
             exe-1049981 [000] ..... 1635474.554083: sys_wait4 -> 0x10058a
             exe-1049981 [000] ..... 1635474.554085: sys_ptrace(request: 4204, pid: 10058a, addr: 1, data: c0022e1c70)
             exe-1049981 [000] ..... 1635474.554088: sys_ptrace -> 0x0
             exe-1049981 [000] ..... 1635474.554089: sys_ptrace(request: 4204, pid: 10058a, addr: 202, data: c0022e1c70)
             exe-1049981 [000] ..... 1635474.554092: sys_ptrace -> 0x0
             exe-1049981 [000] ..... 1635474.554097: sys_pwrite64(fd: 63, buf: 7fd66e18e080, count: 4f, pos: 51)
             exe-1049981 [000] ..... 1635474.554098: tracing_mark_write: mremap(addr=0x7fca256ea000, old_len=0, new_len=4096, flags=0x5, new_addr=0) end
             exe-1049981 [000] ..... 1635474.619576: tracing_mark_write: mremap(addr=0x7fca256eb000, old_len=0x1f000, new_len=0x100000, flags=0x6, new_addr=0x400000) start
             exe-1049981 [000] ..... 1635474.619578: sys_pwrite64 -> 0x62
             exe-1049981 [000] ..... 1635474.619663: sys_ptrace(request: 4205, pid: 10058a, addr: 1, data: c0022e1c70)
             exe-1049981 [000] ..... 1635474.619668: sys_ptrace -> 0x0
             exe-1049981 [000] ..... 1635474.619670: sys_ptrace(request: 4205, pid: 10058a, addr: 202, data: c0022e1c70)
             exe-1049981 [000] ..... 1635474.619685: sys_ptrace -> 0x0
             exe-1049981 [000] ..... 1635474.619687: sys_ptrace(request: 1f, pid: 10058a, addr: 0, data: 0)
             exe-1049981 [000] .N... 1635474.619694: sys_ptrace -> 0x0
             exe-1049994 [000] ..... 1635474.619780: sys_write -> 0x62
             exe-1049673 [001] ..... 1635474.619789: sys_nanosleep -> 0x0
             exe-1049673 [001] ..... 1635474.619797: sys_epoll_pwait(epfd: 10, events: c000069920, maxevents: 80, timeout: 0, sigmask: 0, sigsetsize: 0)
             exe-1049673 [001] ..... 1635474.619800: sys_epoll_pwait -> 0x0
             exe-1049673 [001] ..... 1635474.619803: sys_nanosleep(rqtp: c000069f10, rmtp: 0)
             exe-1049981 [000] ..... 1635474.619806: sys_wait4(upid: 10058a, stat_addr: c0022e1bf4, options: 40000002, ru: 0)
             exe-1049981 [000] ..... 1635474.619810: sys_wait4 -> 0x10058a
             exe-1049981 [000] ..... 1635474.619813: sys_ptrace(request: 4204, pid: 10058a, addr: 1, data: c0022e1c70)
             exe-1049981 [000] ..... 1635474.619818: sys_ptrace -> 0x0
             exe-1049981 [000] ..... 1635474.619820: sys_ptrace(request: 4204, pid: 10058a, addr: 202, data: c0022e1c70)
             exe-1049981 [000] ..... 1635474.619824: sys_ptrace -> 0x0
             exe-1049981 [000] ..... 1635474.619913: sys_ptrace(request: 4205, pid: 10058a, addr: 1, data: c0022e1c70)
             exe-1049981 [000] ..... 1635474.619917: sys_ptrace -> 0x0
             exe-1049981 [000] ..... 1635474.619919: sys_ptrace(request: 4205, pid: 10058a, addr: 202, data: c0022e1c70)
             exe-1049981 [000] ..... 1635474.619940: sys_ptrace -> 0x0
             exe-1049981 [000] ..... 1635474.619942: sys_ptrace(request: 1f, pid: 10058a, addr: 0, data: 0)
             exe-1049981 [000] .N... 1635474.619973: sys_ptrace -> 0x0
             exe-1049994 [000] ..... 1635474.620017: sys_mremap -> 0xffffffffffffffea
             exe-1049981 [000] ..... 1635474.620046: sys_wait4(upid: 10058a, stat_addr: c0022e1bf4, options: 40000002, ru: 0)
             exe-1049981 [000] ..... 1635474.620049: sys_wait4 -> 0x10058a
             exe-1049981 [000] ..... 1635474.620052: sys_ptrace(request: 4204, pid: 10058a, addr: 1, data: c0022e1c70)
             exe-1049981 [000] ..... 1635474.620058: sys_ptrace -> 0x0
             exe-1049981 [000] ..... 1635474.620059: sys_ptrace(request: 4204, pid: 10058a, addr: 202, data: c0022e1c70)
             exe-1049981 [000] ..... 1635474.620063: sys_ptrace -> 0x0
             exe-1049981 [000] ..... 1635474.620158: sys_pwrite64(fd: 63, buf: 7fd66e18e080, count: 60, pos: 62)
             exe-1049981 [000] ..... 1635474.620161: tracing_mark_write: mremap(addr=0x7fca256eb000, old_len=0x1f000, new_len=0x100000, flags=0x6, new_addr=0x400000) end
             exe-1049981 [002] ..... 1635474.693920: tracing_mark_write: mremap(addr=0x7fca23600000, old_len=0x15a000, new_len=0x200000, flags=0x6, new_addr=0x500000) start
             exe-1049981 [002] ..... 1635474.693922: sys_pwrite64 -> 0x63
             exe-1049981 [002] ..... 1635474.693952: sys_ptrace(request: 4205, pid: 10058a, addr: 1, data: c0022e1c70)
             exe-1049981 [002] ..... 1635474.693956: sys_ptrace -> 0x0
             exe-1049981 [002] ..... 1635474.693958: sys_ptrace(request: 4205, pid: 10058a, addr: 202, data: c0022e1c70)
             exe-1049981 [002] ..... 1635474.693972: sys_ptrace -> 0x0
             exe-1049981 [002] ..... 1635474.693973: sys_ptrace(request: 1f, pid: 10058a, addr: 0, data: 0)
             exe-1049981 [002] ..... 1635474.693981: sys_ptrace -> 0x0
             exe-1049981 [002] ..... 1635474.693983: sys_wait4(upid: 10058a, stat_addr: c0022e1bf4, options: 40000002, ru: 0)
             exe-1049567 [002] ..... 1635474.693990: sys_nanosleep -> 0x0
             exe-1049994 [000] ..... 1635474.693993: sys_write -> 0x63
             exe-1049567 [002] ..... 1635474.693993: sys_nanosleep(rqtp: c000069f10, rmtp: 0)
             exe-1049981 [002] ..... 1635474.694013: sys_wait4 -> 0x10058a
             exe-1049981 [002] ..... 1635474.694019: sys_ptrace(request: 4204, pid: 10058a, addr: 1, data: c0022e1c70)
             exe-1049981 [002] ..... 1635474.694022: sys_ptrace -> 0x0
             exe-1049981 [002] ..... 1635474.694024: sys_ptrace(request: 4204, pid: 10058a, addr: 202, data: c0022e1c70)
             exe-1049981 [002] ..... 1635474.694027: sys_ptrace -> 0x0
             exe-1049981 [002] ..... 1635474.694032: sys_ptrace(request: 4205, pid: 10058a, addr: 1, data: c0022e1c70)
             exe-1049981 [002] ..... 1635474.694035: sys_ptrace -> 0x0
             exe-1049981 [002] ..... 1635474.694036: sys_ptrace(request: 4205, pid: 10058a, addr: 202, data: c0022e1c70)
             exe-1049981 [002] ..... 1635474.694056: sys_ptrace -> 0x0
             exe-1049981 [002] ..... 1635474.694058: sys_ptrace(request: 1f, pid: 10058a, addr: 0, data: 0)
             exe-1049994 [000] ..... 1635474.694084: sys_mremap -> 0xffffffffffffffea
             exe-1049981 [002] ..... 1635474.694084: sys_ptrace -> 0x0
             exe-1049981 [002] ..... 1635474.694086: sys_wait4(upid: 10058a, stat_addr: c0022e1bf4, options: 40000002, ru: 0)
             exe-1049567 [002] ..... 1635474.694093: sys_nanosleep -> 0x0
             exe-1049567 [002] ..... 1635474.694103: sys_nanosleep(rqtp: c000069f10, rmtp: 0)
             exe-1049981 [002] ..... 1635474.694115: sys_wait4 -> 0x10058a
             exe-1049981 [002] ..... 1635474.694118: sys_ptrace(request: 4204, pid: 10058a, addr: 1, data: c0022e1c70)
             exe-1049981 [002] ..... 1635474.694122: sys_ptrace -> 0x0
             exe-1049981 [002] ..... 1635474.694124: sys_ptrace(request: 4204, pid: 10058a, addr: 202, data: c0022e1c70)
             exe-1049981 [002] ..... 1635474.694126: sys_ptrace -> 0x0
             exe-1049981 [002] ..... 1635474.694144: sys_pwrite64(fd: 63, buf: 7fd66e18e080, count: 61, pos: 63)
             exe-1049981 [002] ..... 1635474.694146: tracing_mark_write: mremap(addr=0x7fca23600000, old_len=0x15a000, new_len=0x200000, flags=0x6, new_addr=0x500000) end
             exe-1049981 [002] ..... 1635474.761223: tracing_mark_write: mremap(addr=0x7fca257fb000, old_len=0, new_len=4096, flags=0x6, new_addr=0x200000) start
             exe-1049981 [002] ..... 1635474.761226: sys_pwrite64 -> 0x58
             exe-1049981 [002] ..... 1635474.761242: sys_ptrace(request: 4205, pid: 10058a, addr: 1, data: c0022e1c70)
             exe-1049981 [002] ..... 1635474.761246: sys_ptrace -> 0x0
             exe-1049981 [002] ..... 1635474.761248: sys_ptrace(request: 4205, pid: 10058a, addr: 202, data: c0022e1c70)
             exe-1049981 [002] ..... 1635474.761262: sys_ptrace -> 0x0
             exe-1049981 [002] ..... 1635474.761264: sys_ptrace(request: 1f, pid: 10058a, addr: 0, data: 0)
             exe-1049981 [002] .N... 1635474.761298: sys_ptrace -> 0x0
             exe-1049673 [002] ..... 1635474.761309: sys_nanosleep -> 0x0
             exe-1049673 [002] ..... 1635474.761316: sys_nanosleep(rqtp: c000069f10, rmtp: 0)
             exe-1049994 [000] ..... 1635474.761333: sys_write -> 0x58
             exe-1049981 [002] ..... 1635474.761344: sys_wait4(upid: 10058a, stat_addr: c0022e1bf4, options: 40000002, ru: 0)
             exe-1049981 [002] ..... 1635474.761347: sys_wait4 -> 0x10058a
             exe-1049981 [002] ..... 1635474.761350: sys_ptrace(request: 4204, pid: 10058a, addr: 1, data: c0022e1c70)
             exe-1049981 [002] ..... 1635474.761359: sys_ptrace -> 0x0
             exe-1049981 [002] ..... 1635474.761360: sys_ptrace(request: 4204, pid: 10058a, addr: 202, data: c0022e1c70)
             exe-1049981 [002] ..... 1635474.761363: sys_ptrace -> 0x0
             exe-1049981 [002] ..... 1635474.761372: sys_ptrace(request: 4205, pid: 10058a, addr: 1, data: c0022e1c70)
             exe-1049981 [002] ..... 1635474.761374: sys_ptrace -> 0x0
             exe-1049981 [002] ..... 1635474.761376: sys_ptrace(request: 4205, pid: 10058a, addr: 202, data: c0022e1c70)
             exe-1049981 [002] .N... 1635474.761416: sys_ptrace -> 0x0
             exe-1049673 [002] ..... 1635474.761427: sys_nanosleep -> 0x0
             exe-1049673 [002] ..... 1635474.761434: sys_nanosleep(rqtp: c000069f10, rmtp: 0)
             exe-1049981 [002] ..... 1635474.761462: sys_ptrace(request: 1f, pid: 10058a, addr: 0, data: 0)
             exe-1049981 [002] ..... 1635474.761472: sys_ptrace -> 0x0
             exe-1049981 [002] ..... 1635474.761476: sys_wait4(upid: 10058a, stat_addr: c0022e1bf4, options: 40000002, ru: 0)
             exe-1049673 [002] ..... 1635474.761556: sys_nanosleep -> 0x0
             exe-1049673 [002] ..... 1635474.761564: sys_nanosleep(rqtp: c000069f10, rmtp: 0)
             exe-1049994 [000] ..... 1635474.761581: sys_mremap -> 0xffffffffffffffea
             exe-1049981 [002] ..... 1635474.761615: sys_wait4 -> 0x10058a
             exe-1049981 [002] ..... 1635474.761622: sys_ptrace(request: 4204, pid: 10058a, addr: 1, data: c0022e1c70)
             exe-1049981 [002] ..... 1635474.761628: sys_ptrace -> 0x0
             exe-1049981 [002] ..... 1635474.761629: sys_ptrace(request: 4204, pid: 10058a, addr: 202, data: c0022e1c70)
             exe-1049981 [002] ..... 1635474.761632: sys_ptrace -> 0x0
             exe-1049673 [002] ..... 1635474.761673: sys_nanosleep -> 0x0
             exe-1049673 [002] ..... 1635474.761680: sys_nanosleep(rqtp: c000069f10, rmtp: 0)
             exe-1049981 [002] ..... 1635474.761722: sys_pwrite64(fd: 63, buf: 7fd66e18e080, count: 56, pos: 58)
             exe-1049981 [002] ..... 1635474.761725: tracing_mark_write: mremap(addr=0x7fca257fb000, old_len=0, new_len=4096, flags=0x6, new_addr=0x200000) end
             exe-1049981 [002] ..... 1635474.839499: tracing_mark_write: mremap(addr=0x7fca23a00000, old_len=0xbb000, new_len=0x200000, flags=0x6, new_addr=0x400000) start
             exe-1049981 [002] ..... 1635474.839500: sys_pwrite64 -> 0x62
             exe-1049981 [002] ..... 1635474.839506: sys_ptrace(request: 4205, pid: 10058a, addr: 1, data: c0022e1c70)
             exe-1049981 [002] ..... 1635474.839509: sys_ptrace -> 0x0
             exe-1049981 [002] ..... 1635474.839510: sys_ptrace(request: 4205, pid: 10058a, addr: 202, data: c0022e1c70)
             exe-1049981 [002] ..... 1635474.839521: sys_ptrace -> 0x0
             exe-1049981 [002] ..... 1635474.839522: sys_ptrace(request: 1f, pid: 10058a, addr: 0, data: 0)
             exe-1049981 [002] .N... 1635474.839529: sys_ptrace -> 0x0
             exe-1049994 [002] ..... 1635474.839538: sys_write -> 0x62
             exe-1049567 [001] ..... 1635474.839548: sys_nanosleep -> 0x0
             exe-1049981 [002] ..... 1635474.839555: sys_wait4(upid: 10058a, stat_addr: c0022e1bf4, options: 40000002, ru: 0)
             exe-1049567 [001] ..... 1635474.839555: sys_nanosleep(rqtp: c000069f10, rmtp: 0)
             exe-1049981 [002] ..... 1635474.839558: sys_wait4 -> 0x10058a
             exe-1049981 [002] ..... 1635474.839560: sys_ptrace(request: 4204, pid: 10058a, addr: 1, data: c0022e1c70)
             exe-1049981 [002] ..... 1635474.839563: sys_ptrace -> 0x0
             exe-1049981 [002] ..... 1635474.839564: sys_ptrace(request: 4204, pid: 10058a, addr: 202, data: c0022e1c70)
             exe-1049981 [002] ..... 1635474.839566: sys_ptrace -> 0x0
             exe-1049981 [002] ..... 1635474.839588: sys_ptrace(request: 4205, pid: 10058a, addr: 1, data: c0022e1c70)
             exe-1049981 [002] ..... 1635474.839590: sys_ptrace -> 0x0
             exe-1049981 [002] ..... 1635474.839592: sys_ptrace(request: 4205, pid: 10058a, addr: 202, data: c0022e1c70)
             exe-1049981 [002] ..... 1635474.839635: sys_ptrace -> 0x0
             exe-1049981 [002] ..... 1635474.839636: sys_ptrace(request: 1f, pid: 10058a, addr: 0, data: 0)
             exe-1049673 [003] ..... 1635474.839642: sys_nanosleep -> 0x0
             exe-1049981 [002] .N... 1635474.839643: sys_ptrace -> 0x0
             exe-1049673 [003] ..... 1635474.839646: sys_nanosleep(rqtp: c000069f10, rmtp: 0)
             exe-1049994 [002] ..... 1635474.839655: sys_mremap -> 0xffffffffffffffea
             exe-1049981 [002] ..... 1635474.839678: sys_wait4(upid: 10058a, stat_addr: c0022e1bf4, options: 40000002, ru: 0)
             exe-1049981 [002] ..... 1635474.839680: sys_wait4 -> 0x10058a
             exe-1049981 [002] ..... 1635474.839682: sys_ptrace(request: 4204, pid: 10058a, addr: 1, data: c0022e1c70)
             exe-1049981 [002] ..... 1635474.839685: sys_ptrace -> 0x0
             exe-1049981 [002] ..... 1635474.839687: sys_ptrace(request: 4204, pid: 10058a, addr: 202, data: c0022e1c70)
             exe-1049981 [002] ..... 1635474.839689: sys_ptrace -> 0x0
             exe-1049981 [002] ..... 1635474.839700: sys_pwrite64(fd: 63, buf: 7fd66e18e080, count: 60, pos: 62)
             exe-1049981 [002] ..... 1635474.839702: tracing_mark_write: mremap(addr=0x7fca23a00000, old_len=0xbb000, new_len=0x200000, flags=0x6, new_addr=0x400000) end
             exe-1049981 [002] ..... 1635474.908221: tracing_mark_write: mremap(addr=0x7fca256e9000, old_len=0, new_len=4096, flags=0x6, new_addr=0x80000000) start
             exe-1049981 [002] ..... 1635474.908222: sys_pwrite64 -> 0x5a
             exe-1049981 [002] ..... 1635474.908228: sys_ptrace(request: 4205, pid: 10058a, addr: 1, data: c0022e1c70)
             exe-1049981 [002] ..... 1635474.908230: sys_ptrace -> 0x0
             exe-1049981 [002] ..... 1635474.908231: sys_ptrace(request: 4205, pid: 10058a, addr: 202, data: c0022e1c70)
             exe-1049981 [002] ..... 1635474.908242: sys_ptrace -> 0x0
             exe-1049673 [003] ..... 1635474.908263: sys_nanosleep -> 0x0
             exe-1049673 [003] ..... 1635474.908266: sys_nanosleep(rqtp: c000069f10, rmtp: 0)
             exe-1049981 [002] ..... 1635474.908299: sys_ptrace(request: 1f, pid: 10058a, addr: 0, data: 0)
             exe-1049981 [002] .N... 1635474.908309: sys_ptrace -> 0x0
             exe-1049994 [002] ..... 1635474.908319: sys_write -> 0x5a
             exe-1049981 [002] ..... 1635474.908337: sys_wait4(upid: 10058a, stat_addr: c0022e1bf4, options: 40000002, ru: 0)
             exe-1049981 [002] ..... 1635474.908339: sys_wait4 -> 0x10058a
             exe-1049981 [002] ..... 1635474.908341: sys_ptrace(request: 4204, pid: 10058a, addr: 1, data: c0022e1c70)
             exe-1049981 [002] ..... 1635474.908344: sys_ptrace -> 0x0
             exe-1049981 [002] ..... 1635474.908345: sys_ptrace(request: 4204, pid: 10058a, addr: 202, data: c0022e1c70)
             exe-1049981 [002] ..... 1635474.908347: sys_ptrace -> 0x0
             exe-1049673 [003] ..... 1635474.908357: sys_nanosleep -> 0x0
             exe-1049673 [003] ..... 1635474.908360: sys_nanosleep(rqtp: c000069f10, rmtp: 0)
             exe-1049567 [002] ..... 1635474.908407: sys_nanosleep -> 0x0
             exe-1049567 [002] ..... 1635474.908412: sys_nanosleep(rqtp: c000069f10, rmtp: 0)
             exe-1049981 [002] ..... 1635474.908423: sys_ptrace(request: 4205, pid: 10058a, addr: 1, data: c0022e1c70)
             exe-1049981 [002] ..... 1635474.908426: sys_ptrace -> 0x0
             exe-1049981 [002] ..... 1635474.908427: sys_ptrace(request: 4205, pid: 10058a, addr: 202, data: c0022e1c70)
             exe-1049981 [002] ..... 1635474.908437: sys_ptrace -> 0x0
             exe-1049981 [002] ..... 1635474.908439: sys_ptrace(request: 1f, pid: 10058a, addr: 0, data: 0)
             exe-1049981 [002] .N... 1635474.908443: sys_ptrace -> 0x0
             exe-1049673 [003] ..... 1635474.908452: sys_nanosleep -> 0x0
             exe-1049994 [002] ..... 1635474.908452: sys_mremap -> 0xffffffffffffffea
             exe-1049673 [003] ..... 1635474.908454: sys_nanosleep(rqtp: c000069f10, rmtp: 0)
             exe-1049981 [002] ..... 1635474.908524: sys_wait4(upid: 10058a, stat_addr: c0022e1bf4, options: 40000002, ru: 0)
             exe-1049981 [002] ..... 1635474.908526: sys_wait4 -> 0x10058a
             exe-1049981 [002] ..... 1635474.908528: sys_ptrace(request: 4204, pid: 10058a, addr: 1, data: c0022e1c70)
             exe-1049981 [002] ..... 1635474.908531: sys_ptrace -> 0x0
             exe-1049981 [002] ..... 1635474.908532: sys_ptrace(request: 4204, pid: 10058a, addr: 202, data: c0022e1c70)
             exe-1049981 [002] ..... 1635474.908534: sys_ptrace -> 0x0
             exe-1049673 [003] ..... 1635474.908546: sys_nanosleep -> 0x0
             exe-1049981 [002] ..... 1635474.908548: sys_pwrite64(fd: 63, buf: 7fd66e18e080, count: 58, pos: 5a)
             exe-1049673 [003] ..... 1635474.908548: sys_nanosleep(rqtp: c000069f10, rmtp: 0)
             exe-1049981 [002] ..... 1635474.908550: tracing_mark_write: mremap(addr=0x7fca256e9000, old_len=0, new_len=4096, flags=0x6, new_addr=0x80000000) end
             exe-1049981 [002] ..... 1635474.983365: tracing_mark_write: mremap(addr=0x7fca23a00000, old_len=0x1b000, new_len=0x200000, flags=0x6, new_addr=0x500000) start
             exe-1049981 [002] ..... 1635474.983367: sys_pwrite64 -> 0x62
             exe-1049981 [002] ..... 1635474.983374: sys_ptrace(request: 4205, pid: 10058a, addr: 1, data: c0022e1c70)
             exe-1049981 [002] ..... 1635474.983377: sys_ptrace -> 0x0
             exe-1049981 [002] ..... 1635474.983378: sys_ptrace(request: 4205, pid: 10058a, addr: 202, data: c0022e1c70)
             exe-1049673 [000] ..... 1635474.983379: sys_nanosleep -> 0x0
             exe-1049673 [000] ..... 1635474.983384: sys_nanosleep(rqtp: c000069f10, rmtp: 0)
             exe-1049981 [002] ..... 1635474.983391: sys_ptrace -> 0x0
             exe-1049981 [002] ..... 1635474.983392: sys_ptrace(request: 1f, pid: 10058a, addr: 0, data: 0)
             exe-1049981 [002] .N... 1635474.983401: sys_ptrace -> 0x0
             exe-1049994 [002] ..... 1635474.983411: sys_write -> 0x62
             exe-1049981 [002] ..... 1635474.983430: sys_wait4(upid: 10058a, stat_addr: c0022e1bf4, options: 40000002, ru: 0)
             exe-1049981 [002] ..... 1635474.983433: sys_wait4 -> 0x10058a
             exe-1049981 [002] ..... 1635474.983435: sys_ptrace(request: 4204, pid: 10058a, addr: 1, data: c0022e1c70)
             exe-1049981 [002] ..... 1635474.983439: sys_ptrace -> 0x0
             exe-1049981 [002] ..... 1635474.983441: sys_ptrace(request: 4204, pid: 10058a, addr: 202, data: c0022e1c70)
             exe-1049981 [002] ..... 1635474.983443: sys_ptrace -> 0x0
             exe-1049981 [002] ..... 1635474.983449: sys_ptrace(request: 4205, pid: 10058a, addr: 1, data: c0022e1c70)
             exe-1049981 [002] ..... 1635474.983452: sys_ptrace -> 0x0
             exe-1049981 [002] ..... 1635474.983453: sys_ptrace(request: 4205, pid: 10058a, addr: 202, data: c0022e1c70)
             exe-1049981 [002] ..... 1635474.983463: sys_ptrace -> 0x0
             exe-1049981 [002] ..... 1635474.983465: sys_ptrace(request: 1f, pid: 10058a, addr: 0, data: 0)
             exe-1049981 [002] .N... 1635474.983471: sys_ptrace -> 0x0
             exe-1049994 [002] ..... 1635474.983480: sys_mremap -> 0xffffffffffffffea
             exe-1049981 [002] ..... 1635474.983498: sys_wait4(upid: 10058a, stat_addr: c0022e1bf4, options: 40000002, ru: 0)
             exe-1049981 [002] ..... 1635474.983501: sys_wait4 -> 0x10058a
             exe-1049981 [002] ..... 1635474.983503: sys_ptrace(request: 4204, pid: 10058a, addr: 1, data: c0022e1c70)
             exe-1049981 [002] ..... 1635474.983506: sys_ptrace -> 0x0
             exe-1049981 [002] ..... 1635474.983508: sys_ptrace(request: 4204, pid: 10058a, addr: 202, data: c0022e1c70)
             exe-1049981 [002] ..... 1635474.983510: sys_ptrace -> 0x0
             exe-1049981 [002] ..... 1635474.983519: sys_pwrite64(fd: 63, buf: 7fd66e18e080, count: 60, pos: 62)
             exe-1049981 [002] ..... 1635474.983520: tracing_mark_write: mremap(addr=0x7fca23a00000, old_len=0x1b000, new_len=0x200000, flags=0x6, new_addr=0x500000) end
             exe-1049981 [002] ..... 1635475.057348: tracing_mark_write: mremap(addr=0x7fca23800000, old_len=0x1ed000, new_len=0x200000, flags=0x6, new_addr=0x400000) start
             exe-1049567 [000] ..... 1635475.057348: sys_nanosleep(rqtp: c000069f10, rmtp: 0)
             exe-1049981 [002] ..... 1635475.057349: sys_pwrite64 -> 0x63
             exe-1049981 [002] ..... 1635475.057358: sys_ptrace(request: 4205, pid: 10058a, addr: 1, data: c0022e1c70)
             exe-1049981 [002] ..... 1635475.057361: sys_ptrace -> 0x0
             exe-1049673 [000] ..... 1635475.057371: sys_nanosleep -> 0x0
             exe-1049673 [000] ..... 1635475.057376: sys_nanosleep(rqtp: c000069f10, rmtp: 0)
             exe-1049981 [002] ..... 1635475.057435: sys_ptrace(request: 4205, pid: 10058a, addr: 202, data: c0022e1c70)
             exe-1049981 [002] ..... 1635475.057457: sys_ptrace -> 0x0
             exe-1049981 [002] ..... 1635475.057460: sys_ptrace(request: 1f, pid: 10058a, addr: 0, data: 0)
             exe-1049981 [002] .N... 1635475.057467: sys_ptrace -> 0x0
             exe-1049673 [000] ..... 1635475.057470: sys_nanosleep -> 0x0
             exe-1049673 [000] ..... 1635475.057473: sys_nanosleep(rqtp: c000069f10, rmtp: 0)
             exe-1049994 [002] ..... 1635475.057510: sys_write -> 0x63
             exe-1049673 [000] ..... 1635475.057560: sys_nanosleep -> 0x0
             exe-1049673 [000] ..... 1635475.057563: sys_nanosleep(rqtp: c000069f10, rmtp: 0)
             exe-1049981 [002] ..... 1635475.057597: sys_wait4(upid: 10058a, stat_addr: c0022e1bf4, options: 40000002, ru: 0)
             exe-1049981 [002] ..... 1635475.057601: sys_wait4 -> 0x10058a
             exe-1049981 [002] ..... 1635475.057604: sys_ptrace(request: 4204, pid: 10058a, addr: 1, data: c0022e1c70)
             exe-1049981 [002] ..... 1635475.057609: sys_ptrace -> 0x0
             exe-1049981 [002] ..... 1635475.057611: sys_ptrace(request: 4204, pid: 10058a, addr: 202, data: c0022e1c70)
             exe-1049981 [002] ..... 1635475.057614: sys_ptrace -> 0x0
             exe-1049673 [000] ..... 1635475.057649: sys_nanosleep -> 0x0
             exe-1049673 [000] ..... 1635475.057651: sys_nanosleep(rqtp: c000069f10, rmtp: 0)
             exe-1049981 [002] ..... 1635475.057707: sys_ptrace(request: 4205, pid: 10058a, addr: 1, data: c0022e1c70)
             exe-1049981 [002] ..... 1635475.057712: sys_ptrace -> 0x0
             exe-1049981 [002] ..... 1635475.057713: sys_ptrace(request: 4205, pid: 10058a, addr: 202, data: c0022e1c70)
             exe-1049981 [002] ..... 1635475.057734: sys_ptrace -> 0x0
             exe-1049981 [002] ..... 1635475.057736: sys_ptrace(request: 1f, pid: 10058a, addr: 0, data: 0)
             exe-1049673 [000] ..... 1635475.057737: sys_nanosleep -> 0x0
             exe-1049673 [000] ..... 1635475.057739: sys_nanosleep(rqtp: c000069f10, rmtp: 0)
             exe-1049981 [002] .N... 1635475.057743: sys_ptrace -> 0x0
             exe-1049673 [000] ..... 1635475.057824: sys_nanosleep -> 0x0
             exe-1049673 [000] ..... 1635475.057827: sys_nanosleep(rqtp: c000069f10, rmtp: 0)
             exe-1049994 [002] ..... 1635475.057830: sys_mremap -> 0xffffffffffffffea
             exe-1049981 [002] ..... 1635475.057859: sys_wait4(upid: 10058a, stat_addr: c0022e1bf4, options: 40000002, ru: 0)
             exe-1049981 [002] ..... 1635475.057863: sys_wait4 -> 0x10058a
             exe-1049981 [002] ..... 1635475.057866: sys_ptrace(request: 4204, pid: 10058a, addr: 1, data: c0022e1c70)
             exe-1049981 [002] ..... 1635475.057871: sys_ptrace -> 0x0
             exe-1049981 [002] ..... 1635475.057873: sys_ptrace(request: 4204, pid: 10058a, addr: 202, data: c0022e1c70)
             exe-1049981 [002] ..... 1635475.057876: sys_ptrace -> 0x0
             exe-1049673 [000] ..... 1635475.057912: sys_nanosleep -> 0x0
             exe-1049673 [000] ..... 1635475.057915: sys_nanosleep(rqtp: c000069f10, rmtp: 0)
             exe-1049981 [002] ..... 1635475.057973: sys_pwrite64(fd: 63, buf: 7fd66e18e080, count: 61, pos: 63)
             exe-1049981 [002] ..... 1635475.057977: tracing_mark_write: mremap(addr=0x7fca23800000, old_len=0x1ed000, new_len=0x200000, flags=0x6, new_addr=0x400000) end
             exe-1049981 [002] ..... 1635475.121504: tracing_mark_write: mremap(addr=0x400000, old_len=0, new_len=4096, flags=0x6, new_addr=0x600000) start
             exe-1049981 [002] ..... 1635475.121506: sys_pwrite64 -> 0x52
             exe-1049981 [002] ..... 1635475.121513: sys_ptrace(request: 4205, pid: 10058a, addr: 1, data: c0022e1c70)
             exe-1049981 [002] ..... 1635475.121516: sys_ptrace -> 0x0
             exe-1049981 [002] ..... 1635475.121518: sys_ptrace(request: 4205, pid: 10058a, addr: 202, data: c0022e1c70)
             exe-1049981 [002] ..... 1635475.121573: sys_ptrace -> 0x0
             exe-1049981 [002] ..... 1635475.121576: sys_ptrace(request: 1f, pid: 10058a, addr: 0, data: 0)
             exe-1050232 [003] ..... 1635475.121578: sys_epoll_pwait -> 0x0
             exe-1049981 [002] .N... 1635475.121585: sys_ptrace -> 0x0
             exe-1049673 [000] ..... 1635475.121589: sys_nanosleep -> 0x0
             exe-1050232 [003] ..... 1635475.121590: sys_epoll_pwait(epfd: 11, events: c000693840, maxevents: 80, timeout: 1, sigmask: 0, sigsetsize: 0)
             exe-1049673 [000] ..... 1635475.121594: sys_nanosleep(rqtp: c000069f10, rmtp: 0)
             exe-1049994 [002] ..... 1635475.121597: sys_write -> 0x52
             exe-1049981 [002] ..... 1635475.121619: sys_wait4(upid: 10058a, stat_addr: c0022e1bf4, options: 40000002, ru: 0)
             exe-1049981 [002] ..... 1635475.121622: sys_wait4 -> 0x10058a
             exe-1049981 [002] ..... 1635475.121625: sys_ptrace(request: 4204, pid: 10058a, addr: 1, data: c0022e1c70)
             exe-1049981 [002] ..... 1635475.121630: sys_ptrace -> 0x0
             exe-1049981 [002] ..... 1635475.121632: sys_ptrace(request: 4204, pid: 10058a, addr: 202, data: c0022e1c70)
             exe-1049981 [002] ..... 1635475.121634: sys_ptrace -> 0x0
             exe-1049981 [002] ..... 1635475.121641: sys_ptrace(request: 4205, pid: 10058a, addr: 1, data: c0022e1c70)
             exe-1049981 [002] ..... 1635475.121644: sys_ptrace -> 0x0
             exe-1049981 [002] ..... 1635475.121645: sys_ptrace(request: 4205, pid: 10058a, addr: 202, data: c0022e1c70)
             exe-1049981 [002] ..... 1635475.121656: sys_ptrace -> 0x0
             exe-1049981 [002] ..... 1635475.121658: sys_ptrace(request: 1f, pid: 10058a, addr: 0, data: 0)
             exe-1049981 [002] .N... 1635475.121665: sys_ptrace -> 0x0
             exe-1049994 [002] ..... 1635475.121676: sys_mremap -> 0xffffffffffffffea
             exe-1049673 [000] ..... 1635475.121693: sys_nanosleep -> 0x0
             exe-1049981 [002] ..... 1635475.121696: sys_wait4(upid: 10058a, stat_addr: c0022e1bf4, options: 40000002, ru: 0)
             exe-1049981 [002] ..... 1635475.121698: sys_wait4 -> 0x10058a
             exe-1049673 [000] ..... 1635475.121698: sys_nanosleep(rqtp: c000069f10, rmtp: 0)
             exe-1049981 [002] ..... 1635475.121700: sys_ptrace(request: 4204, pid: 10058a, addr: 1, data: c0022e1c70)
             exe-1049981 [002] ..... 1635475.121704: sys_ptrace -> 0x0
             exe-1049981 [002] ..... 1635475.121706: sys_ptrace(request: 4204, pid: 10058a, addr: 202, data: c0022e1c70)
             exe-1049981 [002] ..... 1635475.121708: sys_ptrace -> 0x0
             exe-1049981 [002] ..... 1635475.121719: sys_pwrite64(fd: 63, buf: 7fd66e18e080, count: 50, pos: 52)
             exe-1049981 [002] ..... 1635475.121721: tracing_mark_write: mremap(addr=0x400000, old_len=0, new_len=4096, flags=0x6, new_addr=0x600000) end
             exe-1049981 [000] ..... 1635475.187765: tracing_mark_write: mremap(addr=0x7fca256eb000, old_len=0xe7000, new_len=0x100000, flags=0x6, new_addr=0x400000) start
             exe-1049981 [000] ..... 1635475.187767: sys_pwrite64 -> 0x62
             exe-1049981 [000] ..... 1635475.187775: sys_ptrace(request: 4205, pid: 10058a, addr: 1, data: c0022e1c70)
             exe-1049981 [000] ..... 1635475.187779: sys_ptrace -> 0x0
             exe-1049981 [000] ..... 1635475.187780: sys_ptrace(request: 4205, pid: 10058a, addr: 202, data: c0022e1c70)
             exe-1049981 [000] ..... 1635475.187801: sys_ptrace -> 0x0
             exe-1049981 [000] ..... 1635475.187803: sys_ptrace(request: 1f, pid: 10058a, addr: 0, data: 0)
             exe-1049981 [000] ..... 1635475.187817: sys_ptrace -> 0x0
             exe-1049981 [000] ..... 1635475.187819: sys_wait4(upid: 10058a, stat_addr: c0022e1bf4, options: 40000002, ru: 0)
             exe-1049994 [002] ..... 1635475.187831: sys_write -> 0x62
             exe-1049981 [000] ..... 1635475.187857: sys_wait4 -> 0x10058a
             exe-1049981 [000] ..... 1635475.187860: sys_ptrace(request: 4204, pid: 10058a, addr: 1, data: c0022e1c70)
             exe-1049981 [000] ..... 1635475.187862: sys_ptrace -> 0x0
             exe-1049981 [000] ..... 1635475.187864: sys_ptrace(request: 4204, pid: 10058a, addr: 202, data: c0022e1c70)
             exe-1049981 [000] ..... 1635475.187866: sys_ptrace -> 0x0
             exe-1049981 [000] ..... 1635475.187872: sys_ptrace(request: 4205, pid: 10058a, addr: 1, data: c0022e1c70)
             exe-1049981 [000] ..... 1635475.187877: sys_ptrace -> 0x0
             exe-1049981 [000] ..... 1635475.187878: sys_ptrace(request: 4205, pid: 10058a, addr: 202, data: c0022e1c70)
             exe-1049981 [000] ..... 1635475.187887: sys_ptrace -> 0x0
             exe-1049981 [000] ..... 1635475.187889: sys_ptrace(request: 1f, pid: 10058a, addr: 0, data: 0)
             exe-1049981 [000] ..... 1635475.187896: sys_ptrace -> 0x0
             exe-1049981 [000] ..... 1635475.187898: sys_wait4(upid: 10058a, stat_addr: c0022e1bf4, options: 40000002, ru: 0)
             exe-1049994 [002] ..... 1635475.187933: sys_mremap -> 0xffffffffffffffea
             exe-1049981 [000] ..... 1635475.187953: sys_wait4 -> 0x10058a
             exe-1049981 [000] ..... 1635475.187955: sys_ptrace(request: 4204, pid: 10058a, addr: 1, data: c0022e1c70)
             exe-1049981 [000] ..... 1635475.187958: sys_ptrace -> 0x0
             exe-1049981 [000] ..... 1635475.187960: sys_ptrace(request: 4204, pid: 10058a, addr: 202, data: c0022e1c70)
             exe-1049981 [000] ..... 1635475.187962: sys_ptrace -> 0x0
             exe-1049981 [000] ..... 1635475.187968: sys_pwrite64(fd: 63, buf: 7fd66e18e080, count: 60, pos: 62)
             exe-1049981 [000] ..... 1635475.187970: tracing_mark_write: mremap(addr=0x7fca256eb000, old_len=0xe7000, new_len=0x100000, flags=0x6, new_addr=0x400000) end
             exe-1049981 [000] ..... 1635475.256178: tracing_mark_write: mremap(addr=0x7fca257fa000, old_len=0, new_len=4096, flags=0x6, new_addr=0x400000) start
             exe-1049981 [000] ..... 1635475.256180: sys_pwrite64 -> 0x58
             exe-1049981 [000] ..... 1635475.256189: sys_ptrace(request: 4205, pid: 10058a, addr: 1, data: c0022e1c70)
             exe-1049981 [000] .N... 1635475.256223: sys_ptrace -> 0x0
             exe-1049567 [000] ..... 1635475.256227: sys_nanosleep -> 0x0
             exe-1049567 [000] ..... 1635475.256232: sys_nanosleep(rqtp: c000069f10, rmtp: 0)
             exe-1049673 [000] ..... 1635475.256248: sys_nanosleep -> 0x0
             exe-1049673 [000] ..... 1635475.256254: sys_nanosleep(rqtp: c000069f10, rmtp: 0)
             exe-1049981 [000] ..... 1635475.256271: sys_ptrace(request: 4205, pid: 10058a, addr: 202, data: c0022e1c70)
             exe-1049981 [000] ..... 1635475.256291: sys_ptrace -> 0x0
             exe-1049981 [000] ..... 1635475.256293: sys_ptrace(request: 1f, pid: 10058a, addr: 0, data: 0)
             exe-1049981 [000] .N... 1635475.256331: sys_ptrace -> 0x0
             exe-1049567 [000] ..... 1635475.256335: sys_nanosleep -> 0x0
             exe-1049567 [000] ..... 1635475.256340: sys_nanosleep(rqtp: c000069f10, rmtp: 0)
             exe-1049673 [000] ..... 1635475.256356: sys_nanosleep -> 0x0
             exe-1049673 [000] ..... 1635475.256362: sys_nanosleep(rqtp: c000069f10, rmtp: 0)
             exe-1049994 [001] ..... 1635475.256377: sys_write -> 0x58
             exe-1049981 [000] ..... 1635475.256380: sys_wait4(upid: 10058a, stat_addr: c0022e1bf4, options: 40000002, ru: 0)
             exe-1049981 [000] ..... 1635475.256409: sys_wait4 -> 0x10058a
             exe-1049981 [000] .N... 1635475.256433: sys_ptrace(request: 4204, pid: 10058a, addr: 1, data: c0022e1c70)
             exe-1049567 [000] ..... 1635475.256438: sys_nanosleep -> 0x0
             exe-1049567 [000] ..... 1635475.256442: sys_nanosleep(rqtp: c000069f10, rmtp: 0)
             exe-1049673 [000] ..... 1635475.256457: sys_nanosleep -> 0x0
             exe-1049673 [000] ..... 1635475.256463: sys_nanosleep(rqtp: c000069f10, rmtp: 0)
             exe-1049981 [000] ..... 1635475.256479: sys_ptrace -> 0x0
             exe-1049981 [000] ..... 1635475.256483: sys_ptrace(request: 4204, pid: 10058a, addr: 202, data: c0022e1c70)
             exe-1049981 [000] ..... 1635475.256487: sys_ptrace -> 0x0
             exe-1049981 [000] ..... 1635475.256511: sys_ptrace(request: 4205, pid: 10058a, addr: 1, data: c0022e1c70)
             exe-1049981 [000] .N... 1635475.256540: sys_ptrace -> 0x0
             exe-1049567 [000] ..... 1635475.256544: sys_nanosleep -> 0x0
             exe-1049567 [000] ..... 1635475.256549: sys_nanosleep(rqtp: c000069f10, rmtp: 0)
             exe-1049673 [000] ..... 1635475.256566: sys_nanosleep -> 0x0
             exe-1049673 [000] ..... 1635475.256571: sys_nanosleep(rqtp: c000069f10, rmtp: 0)
             exe-1049981 [000] ..... 1635475.256588: sys_ptrace(request: 4205, pid: 10058a, addr: 202, data: c0022e1c70)
             exe-1049981 [000] ..... 1635475.256603: sys_ptrace -> 0x0
             exe-1049981 [000] ..... 1635475.256605: sys_ptrace(request: 1f, pid: 10058a, addr: 0, data: 0)
             exe-1049981 [000] ..... 1635475.256621: sys_ptrace -> 0x0
             exe-1049981 [000] ..... 1635475.256625: sys_wait4(upid: 10058a, stat_addr: c0022e1bf4, options: 40000002, ru: 0)
             exe-1049994 [001] ..... 1635475.256636: sys_mremap -> 0xffffffffffffffea
             exe-1049567 [000] ..... 1635475.256669: sys_nanosleep -> 0x0
             exe-1049567 [000] ..... 1635475.256673: sys_nanosleep(rqtp: c000069f10, rmtp: 0)
             exe-1049673 [000] ..... 1635475.256689: sys_nanosleep -> 0x0
             exe-1049673 [000] ..... 1635475.256695: sys_nanosleep(rqtp: c000069f10, rmtp: 0)
             exe-1049981 [000] ..... 1635475.256717: sys_wait4 -> 0x10058a
             exe-1049981 [000] ..... 1635475.256723: sys_ptrace(request: 4204, pid: 10058a, addr: 1, data: c0022e1c70)
             exe-1049981 [000] ..... 1635475.256728: sys_ptrace -> 0x0
             exe-1049981 [000] ..... 1635475.256730: sys_ptrace(request: 4204, pid: 10058a, addr: 202, data: c0022e1c70)
             exe-1049981 [000] ..... 1635475.256732: sys_ptrace -> 0x0
             exe-1049981 [000] ..... 1635475.256750: sys_pwrite64(fd: 63, buf: 7fd66e18e080, count: 56, pos: 58)
             exe-1049981 [000] ..... 1635475.256752: tracing_mark_write: mremap(addr=0x7fca257fa000, old_len=0, new_len=4096, flags=0x6, new_addr=0x400000) end
             exe-1049981 [002] ..... 1635475.333242: tracing_mark_write: mremap(addr=0x400000, old_len=0, new_len=4096, flags=0x6, new_addr=0x100000000) start
             exe-1049981 [002] ..... 1635475.333244: sys_pwrite64 -> 0x55
             exe-1049981 [002] ..... 1635475.333253: sys_ptrace(request: 4205, pid: 10058a, addr: 1, data: c0022e1c70)
             exe-1049981 [002] ..... 1635475.333257: sys_ptrace -> 0x0
             exe-1049981 [002] ..... 1635475.333259: sys_ptrace(request: 4205, pid: 10058a, addr: 202, data: c0022e1c70)
             exe-1049673 [000] ..... 1635475.333338: sys_nanosleep -> 0x0
             exe-1049673 [000] ..... 1635475.333342: sys_nanosleep(rqtp: c000069f10, rmtp: 0)
             exe-1049981 [002] ..... 1635475.333343: sys_ptrace -> 0x0
             exe-1049981 [002] ..... 1635475.333348: sys_ptrace(request: 1f, pid: 10058a, addr: 0, data: 0)
             exe-1049981 [002] ..... 1635475.333365: sys_ptrace -> 0x0
             exe-1049981 [002] ..... 1635475.333369: sys_wait4(upid: 10058a, stat_addr: c0022e1bf4, options: 40000002, ru: 0)
             exe-1049994 [001] ..... 1635475.333387: sys_write -> 0x55
             exe-1049981 [002] ..... 1635475.333448: sys_wait4 -> 0x10058a
             exe-1049981 [002] ..... 1635475.333454: sys_ptrace(request: 4204, pid: 10058a, addr: 1, data: c0022e1c70)
             exe-1049981 [002] ..... 1635475.333460: sys_ptrace -> 0x0
             exe-1049981 [002] ..... 1635475.333461: sys_ptrace(request: 4204, pid: 10058a, addr: 202, data: c0022e1c70)
             exe-1049981 [002] ..... 1635475.333464: sys_ptrace -> 0x0
             exe-1049981 [002] ..... 1635475.333473: sys_ptrace(request: 4205, pid: 10058a, addr: 1, data: c0022e1c70)
             exe-1049981 [002] ..... 1635475.333476: sys_ptrace -> 0x0
             exe-1049981 [002] ..... 1635475.333478: sys_ptrace(request: 4205, pid: 10058a, addr: 202, data: c0022e1c70)
             exe-1049981 [002] ..... 1635475.333587: sys_ptrace -> 0x0
             exe-1049981 [002] ..... 1635475.333592: sys_ptrace(request: 1f, pid: 10058a, addr: 0, data: 0)
             exe-1049981 [002] ..... 1635475.333608: sys_ptrace -> 0x0
             exe-1049981 [002] ..... 1635475.333611: sys_wait4(upid: 10058a, stat_addr: c0022e1bf4, options: 40000002, ru: 0)
             exe-1049994 [001] ..... 1635475.333625: sys_mremap -> 0xffffffffffffffea
             exe-1049981 [002] ..... 1635475.333696: sys_wait4 -> 0x10058a
             exe-1049981 [002] ..... 1635475.333702: sys_ptrace(request: 4204, pid: 10058a, addr: 1, data: c0022e1c70)
             exe-1049981 [002] ..... 1635475.333708: sys_ptrace -> 0x0
             exe-1049981 [002] ..... 1635475.333709: sys_ptrace(request: 4204, pid: 10058a, addr: 202, data: c0022e1c70)
             exe-1049981 [002] ..... 1635475.333712: sys_ptrace -> 0x0
             exe-1049981 [002] ..... 1635475.333730: sys_pwrite64(fd: 63, buf: 7fd66e18e080, count: 53, pos: 55)
             exe-1049981 [002] ..... 1635475.333732: tracing_mark_write: mremap(addr=0x400000, old_len=0, new_len=4096, flags=0x6, new_addr=0x100000000) end
             exe-1049981 [001] ..... 1635475.403072: tracing_mark_write: mremap(addr=0x7fca257fb000, old_len=0, new_len=4096, flags=0x7, new_addr=0x600000) start
             exe-1049981 [001] ..... 1635475.403074: sys_pwrite64 -> 0x58
             exe-1049981 [001] ..... 1635475.403087: sys_ptrace(request: 4205, pid: 10058a, addr: 1, data: c0022e1c70)
             exe-1049981 [001] ..... 1635475.403092: sys_ptrace -> 0x0
             exe-1049981 [001] ..... 1635475.403094: sys_ptrace(request: 4205, pid: 10058a, addr: 202, data: c0022e1c70)
             exe-1049981 [001] ..... 1635475.403114: sys_ptrace -> 0x0
             exe-1049981 [001] ..... 1635475.403117: sys_ptrace(request: 1f, pid: 10058a, addr: 0, data: 0)
             exe-1049673 [000] ..... 1635475.403121: sys_nanosleep -> 0x0
             exe-1049673 [000] ..... 1635475.403122: sys_nanosleep(rqtp: c000069f10, rmtp: 0)
             exe-1049981 [001] .N... 1635475.403129: sys_ptrace -> 0x0
             exe-1049994 [001] ..... 1635475.403145: sys_write -> 0x58
             exe-1049981 [001] ..... 1635475.403172: sys_wait4(upid: 10058a, stat_addr: c0022e1bf4, options: 40000002, ru: 0)
             exe-1049981 [001] ..... 1635475.403176: sys_wait4 -> 0x10058a
             exe-1049981 [001] ..... 1635475.403179: sys_ptrace(request: 4204, pid: 10058a, addr: 1, data: c0022e1c70)
             exe-1049981 [001] ..... 1635475.403186: sys_ptrace -> 0x0
