             exe-1049896 [000] ..... 1635491.039663: sys_wait4(upid: 10074e, stat_addr: c000699bf4, options: 40000002, ru: 0)
             exe-1050446 [001] ..... 1635491.039685: sys_write -> 0x37
             exe-1049896 [000] ..... 1635491.039701: sys_wait4 -> 0x10074e
             exe-1049896 [000] ..... 1635491.039703: sys_ptrace(request: 4204, pid: 10074e, addr: 1, data: c000699c70)
             exe-1049896 [000] ..... 1635491.039706: sys_ptrace -> 0x0
             exe-1049896 [000] ..... 1635491.039707: sys_ptrace(request: 4204, pid: 10074e, addr: 202, data: c000699c70)
             exe-1049896 [000] ..... 1635491.039710: sys_ptrace -> 0x0
             exe-1049896 [000] ..... 1635491.039717: sys_ptrace(request: 4205, pid: 10074e, addr: 1, data: c000699c70)
             exe-1049896 [000] ..... 1635491.039719: sys_ptrace -> 0x0
             exe-1049896 [000] ..... 1635491.039721: sys_ptrace(request: 4205, pid: 10074e, addr: 202, data: c000699c70)
             exe-1049567 [003] ..... 1635491.039728: sys_nanosleep -> 0x0
             exe-1049896 [000] ..... 1635491.039730: sys_ptrace -> 0x0
             exe-1049896 [000] ..... 1635491.039732: sys_ptrace(request: 1f, pid: 10074e, addr: 0, data: 0)
             exe-1049567 [003] ..... 1635491.039734: sys_nanosleep(rqtp: c000069f10, rmtp: 0)
             exe-1049896 [000] ..... 1635491.039741: sys_ptrace -> 0x0
             exe-1049896 [000] ..... 1635491.039743: sys_wait4(upid: 10074e, stat_addr: c000699bf4, options: 40000002, ru: 0)
             exe-1049673 [003] ..... 1635491.039756: sys_nanosleep -> 0x0
             exe-1050446 [001] ..... 1635491.039761: sys_msgctl -> 0xffffffffffffffea
             exe-1049673 [003] ..... 1635491.039761: sys_nanosleep(rqtp: c000069f10, rmtp: 0)
             exe-1049896 [000] ..... 1635491.039776: sys_wait4 -> 0x10074e
             exe-1049896 [000] ..... 1635491.039778: sys_ptrace(request: 4204, pid: 10074e, addr: 1, data: c000699c70)
             exe-1049896 [000] ..... 1635491.039781: sys_ptrace -> 0x0
             exe-1049896 [000] ..... 1635491.039782: sys_ptrace(request: 4204, pid: 10074e, addr: 202, data: c000699c70)
             exe-1049896 [000] ..... 1635491.039784: sys_ptrace -> 0x0
             exe-1049896 [000] ..... 1635491.039790: sys_pwrite64(fd: 63, buf: 7fd66edd4080, count: 35, pos: 37)
             exe-1049896 [000] ..... 1635491.039791: tracing_mark_write: msgctl(msqid=0xff21, cmd=0xb, buf=0x7fcbd9d77000) end
             exe-1049896 [000] ..... 1635491.116090: tracing_mark_write: msgctl(msqid=147, cmd=0xb, buf=0x7fcbd7e00000) start
             exe-1049673 [003] ..... 1635491.116091: sys_nanosleep -> 0x0
             exe-1049673 [003] ..... 1635491.116093: sys_nanosleep(rqtp: c000069f10, rmtp: 0)
             exe-1049896 [000] ..... 1635491.116103: sys_pwrite64 -> 0x34
             exe-1049896 [000] ..... 1635491.116109: sys_ptrace(request: 4205, pid: 10074e, addr: 1, data: c000699c70)
             exe-1049896 [000] ..... 1635491.116111: sys_ptrace -> 0x0
             exe-1049896 [000] ..... 1635491.116113: sys_ptrace(request: 4205, pid: 10074e, addr: 202, data: c000699c70)
             exe-1049896 [000] ..... 1635491.116121: sys_ptrace -> 0x0
             exe-1049896 [000] ..... 1635491.116122: sys_ptrace(request: 1f, pid: 10074e, addr: 0, data: 0)
             exe-1049896 [000] ..... 1635491.116131: sys_ptrace -> 0x0
             exe-1049896 [000] ..... 1635491.116133: sys_wait4(upid: 10074e, stat_addr: c000699bf4, options: 40000002, ru: 0)
             exe-1050446 [001] ..... 1635491.116148: sys_write -> 0x34
             exe-1049896 [000] ..... 1635491.116161: sys_wait4 -> 0x10074e
             exe-1049896 [000] ..... 1635491.116170: sys_ptrace(request: 4204, pid: 10074e, addr: 1, data: c000699c70)
             exe-1049896 [000] ..... 1635491.116173: sys_ptrace -> 0x0
             exe-1049896 [000] ..... 1635491.116175: sys_ptrace(request: 4204, pid: 10074e, addr: 202, data: c000699c70)
             exe-1049673 [003] ..... 1635491.116177: sys_nanosleep -> 0x0
             exe-1049896 [000] ..... 1635491.116177: sys_ptrace -> 0x0
             exe-1049673 [003] ..... 1635491.116179: sys_nanosleep(rqtp: c000069f10, rmtp: 0)
             exe-1049896 [000] ..... 1635491.116184: sys_ptrace(request: 4205, pid: 10074e, addr: 1, data: c000699c70)
             exe-1049896 [000] ..... 1635491.116187: sys_ptrace -> 0x0
             exe-1049896 [000] ..... 1635491.116188: sys_ptrace(request: 4205, pid: 10074e, addr: 202, data: c000699c70)
             exe-1049896 [000] ..... 1635491.116195: sys_ptrace -> 0x0
             exe-1049896 [000] ..... 1635491.116197: sys_ptrace(request: 1f, pid: 10074e, addr: 0, data: 0)
             exe-1049896 [000] ..... 1635491.116205: sys_ptrace -> 0x0
             exe-1049896 [000] ..... 1635491.116207: sys_wait4(upid: 10074e, stat_addr: c000699bf4, options: 40000002, ru: 0)
             exe-1050446 [001] ..... 1635491.116225: sys_msgctl -> 0xffffffffffffffea
             exe-1049896 [000] ..... 1635491.116237: sys_wait4 -> 0x10074e
             exe-1049896 [000] ..... 1635491.116239: sys_ptrace(request: 4204, pid: 10074e, addr: 1, data: c000699c70)
             exe-1049896 [000] ..... 1635491.116242: sys_ptrace -> 0x0
             exe-1049896 [000] ..... 1635491.116243: sys_ptrace(request: 4204, pid: 10074e, addr: 202, data: c000699c70)
             exe-1049896 [000] ..... 1635491.116245: sys_ptrace -> 0x0
             exe-1049896 [000] ..... 1635491.116250: sys_pwrite64(fd: 63, buf: 7fd66edd4080, count: 32, pos: 34)
             exe-1049896 [000] ..... 1635491.116251: tracing_mark_write: msgctl(msqid=147, cmd=0xb, buf=0x7fcbd7e00000) end
             exe-1049896 [000] ..... 1635491.180100: tracing_mark_write: msgctl(msqid=0x71402f1a08, cmd=0xb, buf=0x1) start
             exe-1049896 [000] ..... 1635491.180102: sys_pwrite64 -> 0x32
             exe-1049673 [003] ..... 1635491.180105: sys_nanosleep(rqtp: c000069f10, rmtp: 0)
             exe-1049896 [000] ..... 1635491.180111: sys_ptrace(request: 4205, pid: 10074e, addr: 1, data: c000699c70)
             exe-1049896 [000] ..... 1635491.180115: sys_ptrace -> 0x0
             exe-1049896 [000] ..... 1635491.180117: sys_ptrace(request: 4205, pid: 10074e, addr: 202, data: c000699c70)
             exe-1049567 [003] ..... 1635491.180127: sys_nanosleep -> 0x0
             exe-1049567 [003] ..... 1635491.180132: sys_nanosleep(rqtp: c000069f10, rmtp: 0)
             exe-1049896 [000] ..... 1635491.180134: sys_ptrace -> 0x0
             exe-1049896 [000] ..... 1635491.180136: sys_ptrace(request: 1f, pid: 10074e, addr: 0, data: 0)
             exe-1049896 [000] ..... 1635491.180149: sys_ptrace -> 0x0
             exe-1049896 [000] ..... 1635491.180151: sys_wait4(upid: 10074e, stat_addr: c000699bf4, options: 40000002, ru: 0)
             exe-1050446 [001] ..... 1635491.180170: sys_write -> 0x32
             exe-1049896 [000] ..... 1635491.180188: sys_wait4 -> 0x10074e
             exe-1049896 [000] ..... 1635491.180191: sys_ptrace(request: 4204, pid: 10074e, addr: 1, data: c000699c70)
             exe-1049896 [000] ..... 1635491.180194: sys_ptrace -> 0x0
             exe-1049896 [000] ..... 1635491.180195: sys_ptrace(request: 4204, pid: 10074e, addr: 202, data: c000699c70)
             exe-1049896 [000] ..... 1635491.180198: sys_ptrace -> 0x0
             exe-1049896 [000] ..... 1635491.180206: sys_ptrace(request: 4205, pid: 10074e, addr: 1, data: c000699c70)
             exe-1049896 [000] ..... 1635491.180209: sys_ptrace -> 0x0
             exe-1049896 [000] ..... 1635491.180210: sys_ptrace(request: 4205, pid: 10074e, addr: 202, data: c000699c70)
             exe-1049673 [003] ..... 1635491.180213: sys_nanosleep -> 0x0
             exe-1049896 [000] ..... 1635491.180218: sys_ptrace -> 0x0
             exe-1049673 [003] ..... 1635491.180219: sys_nanosleep(rqtp: c000069f10, rmtp: 0)
             exe-1049896 [000] ..... 1635491.180220: sys_ptrace(request: 1f, pid: 10074e, addr: 0, data: 0)
             exe-1049896 [000] ..... 1635491.180230: sys_ptrace -> 0x0
             exe-1049896 [000] ..... 1635491.180232: sys_wait4(upid: 10074e, stat_addr: c000699bf4, options: 40000002, ru: 0)
             exe-1049567 [003] ..... 1635491.180240: sys_nanosleep -> 0x0
             exe-1049567 [003] ..... 1635491.180245: sys_nanosleep(rqtp: c000069f10, rmtp: 0)
             exe-1050446 [001] ..... 1635491.180250: sys_msgctl -> 0xffffffffffffffea
             exe-1049896 [000] ..... 1635491.180265: sys_wait4 -> 0x10074e
             exe-1049896 [000] ..... 1635491.180268: sys_ptrace(request: 4204, pid: 10074e, addr: 1, data: c000699c70)
             exe-1049896 [000] ..... 1635491.180271: sys_ptrace -> 0x0
             exe-1049896 [000] ..... 1635491.180273: sys_ptrace(request: 4204, pid: 10074e, addr: 202, data: c000699c70)
             exe-1049896 [000] ..... 1635491.180275: sys_ptrace -> 0x0
             exe-1049896 [000] ..... 1635491.180282: sys_pwrite64(fd: 63, buf: 7fd66edd4080, count: 30, pos: 32)
             exe-1049896 [000] ..... 1635491.180283: tracing_mark_write: msgctl(msqid=0x71402f1a08, cmd=0xb, buf=0x1) end
             exe-1049896 [002] .N... 1635491.252820: tracing_mark_write: msgctl(msqid=0xffffffff, cmd=0xb, buf=0x7fcbd8000000) start
             exe-1049896 [002] .N... 1635491.252823: sys_pwrite64 -> 0x3b
             exe-1049673 [002] ..... 1635491.252867: sys_nanosleep -> 0x0
             exe-1049673 [002] ..... 1635491.252874: sys_nanosleep(rqtp: c000069f10, rmtp: 0)
             exe-1049896 [002] ..... 1635491.252907: sys_ptrace(request: 4205, pid: 10074e, addr: 1, data: c000699c70)
             exe-1049896 [002] ..... 1635491.252913: sys_ptrace -> 0x0
             exe-1049673 [002] ..... 1635491.252991: sys_nanosleep -> 0x0
             exe-1049673 [002] ..... 1635491.252998: sys_nanosleep(rqtp: c000069f10, rmtp: 0)
             exe-1049896 [002] ..... 1635491.253020: sys_ptrace(request: 4205, pid: 10074e, addr: 202, data: c000699c70)
             exe-1049673 [002] ..... 1635491.253172: sys_nanosleep -> 0x0
             exe-1049673 [002] ..... 1635491.253181: sys_nanosleep(rqtp: c000069f10, rmtp: 0)
             exe-1049896 [002] ..... 1635491.253242: sys_ptrace -> 0x0
             exe-1049673 [002] ..... 1635491.253287: sys_nanosleep -> 0x0
             exe-1049673 [002] ..... 1635491.253294: sys_nanosleep(rqtp: c000069f10, rmtp: 0)
             exe-1049896 [002] ..... 1635491.253315: sys_ptrace(request: 1f, pid: 10074e, addr: 0, data: 0)
             exe-1049567 [000] ..... 1635491.253322: sys_nanosleep -> 0x0
             exe-1049567 [000] ..... 1635491.253326: sys_nanosleep(rqtp: c000069f10, rmtp: 0)
             exe-1049896 [002] .N... 1635491.253378: sys_ptrace -> 0x0
             exe-1050446 [001] ..... 1635491.253378: sys_write -> 0x3b
             exe-1049673 [002] ..... 1635491.253433: sys_nanosleep -> 0x0
             exe-1049673 [002] ..... 1635491.253441: sys_nanosleep(rqtp: c000069f10, rmtp: 0)
             exe-1049896 [002] ..... 1635491.253467: sys_wait4(upid: 10074e, stat_addr: c000699bf4, options: 40000002, ru: 0)
             exe-1049896 [002] ..... 1635491.253471: sys_wait4 -> 0x10074e
             exe-1049896 [002] ..... 1635491.253474: sys_ptrace(request: 4204, pid: 10074e, addr: 1, data: c000699c70)
             exe-1049673 [002] ..... 1635491.253552: sys_nanosleep -> 0x0
             exe-1049673 [002] ..... 1635491.253559: sys_nanosleep(rqtp: c000069f10, rmtp: 0)
             exe-1049896 [002] ..... 1635491.253580: sys_ptrace -> 0x0
             exe-1049896 [002] ..... 1635491.253585: sys_ptrace(request: 4204, pid: 10074e, addr: 202, data: c000699c70)
             exe-1049896 [002] ..... 1635491.253590: sys_ptrace -> 0x0
             exe-1049673 [002] ..... 1635491.253675: sys_nanosleep -> 0x0
             exe-1049673 [002] ..... 1635491.253681: sys_nanosleep(rqtp: c000069f10, rmtp: 0)
             exe-1049896 [002] ..... 1635491.253708: sys_ptrace(request: 4205, pid: 10074e, addr: 1, data: c000699c70)
             exe-1049896 [002] ..... 1635491.253714: sys_ptrace -> 0x0
             exe-1049896 [002] ..... 1635491.253716: sys_ptrace(request: 4205, pid: 10074e, addr: 202, data: c000699c70)
             exe-1049673 [002] ..... 1635491.253821: sys_nanosleep -> 0x0
             exe-1049673 [002] ..... 1635491.253828: sys_nanosleep(rqtp: c000069f10, rmtp: 0)
             exe-1049896 [002] ..... 1635491.253860: sys_ptrace -> 0x0
             exe-1049896 [002] ..... 1635491.253865: sys_ptrace(request: 1f, pid: 10074e, addr: 0, data: 0)
             exe-1049896 [002] .N... 1635491.253909: sys_ptrace -> 0x0
             exe-1050446 [001] ..... 1635491.253959: sys_msgctl -> 0xffffffffffffffea
             exe-1049673 [002] ..... 1635491.254055: sys_nanosleep -> 0x0
             exe-1050282 [000] ..... 1635491.254059: sys_epoll_pwait -> 0x0
             exe-1049673 [002] ..... 1635491.254062: sys_nanosleep(rqtp: c000069f10, rmtp: 0)
             exe-1050282 [000] ..... 1635491.254073: sys_epoll_pwait(epfd: 11, events: c000695840, maxevents: 80, timeout: 1, sigmask: 0, sigsetsize: 0)
             exe-1049896 [002] ..... 1635491.254087: sys_wait4(upid: 10074e, stat_addr: c000699bf4, options: 40000002, ru: 0)
             exe-1049896 [002] ..... 1635491.254092: sys_wait4 -> 0x10074e
             exe-1049896 [002] ..... 1635491.254095: sys_ptrace(request: 4204, pid: 10074e, addr: 1, data: c000699c70)
             exe-1049896 [002] ..... 1635491.254100: sys_ptrace -> 0x0
             exe-1049896 [002] ..... 1635491.254132: sys_ptrace(request: 4204, pid: 10074e, addr: 202, data: c000699c70)
             exe-1049896 [002] ..... 1635491.254193: sys_ptrace -> 0x0
             exe-1049896 [002] ..... 1635491.254213: sys_pwrite64(fd: 63, buf: 7fd66edd4080, count: 39, pos: 3b)
             exe-1049896 [002] ..... 1635491.254216: tracing_mark_write: msgctl(msqid=0xffffffff, cmd=0xb, buf=0x7fcbd8000000) end
             exe-1049896 [002] ..... 1635491.334228: tracing_mark_write: msgctl(msqid=0x9000aa080610, cmd=0xb, buf=0x7fcbd7e00000) start
             exe-1049896 [002] ..... 1635491.334230: sys_pwrite64 -> 0x3f
             exe-1049896 [002] ..... 1635491.334236: sys_ptrace(request: 4205, pid: 10074e, addr: 1, data: c000699c70)
             exe-1049896 [002] ..... 1635491.334238: sys_ptrace -> 0x0
             exe-1049896 [002] ..... 1635491.334239: sys_ptrace(request: 4205, pid: 10074e, addr: 202, data: c000699c70)
             exe-1049896 [002] ..... 1635491.334249: sys_ptrace -> 0x0
             exe-1049896 [002] ..... 1635491.334250: sys_ptrace(request: 1f, pid: 10074e, addr: 0, data: 0)
             exe-1049896 [002] .N... 1635491.334282: sys_ptrace -> 0x0
             exe-1050446 [001] ..... 1635491.334290: sys_write -> 0x3f
             exe-1049673 [002] ..... 1635491.334291: sys_nanosleep -> 0x0
             exe-1049673 [002] ..... 1635491.334296: sys_nanosleep(rqtp: c000069f10, rmtp: 0)
             exe-1049896 [002] ..... 1635491.334318: sys_wait4(upid: 10074e, stat_addr: c000699bf4, options: 40000002, ru: 0)
             exe-1049896 [002] ..... 1635491.334320: sys_wait4 -> 0x10074e
             exe-1049896 [002] ..... 1635491.334322: sys_ptrace(request: 4204, pid: 10074e, addr: 1, data: c000699c70)
             exe-1049896 [002] ..... 1635491.334325: sys_ptrace -> 0x0
             exe-1049896 [002] ..... 1635491.334327: sys_ptrace(request: 4204, pid: 10074e, addr: 202, data: c000699c70)
             exe-1049896 [002] ..... 1635491.334329: sys_ptrace -> 0x0
             exe-1049896 [002] ..... 1635491.334337: sys_ptrace(request: 4205, pid: 10074e, addr: 1, data: c000699c70)
             exe-1049896 [002] ..... 1635491.334339: sys_ptrace -> 0x0
             exe-1049896 [002] ..... 1635491.334341: sys_ptrace(request: 4205, pid: 10074e, addr: 202, data: c000699c70)
             exe-1049896 [002] ..... 1635491.334350: sys_ptrace -> 0x0
             exe-1049896 [002] ..... 1635491.334352: sys_ptrace(request: 1f, pid: 10074e, addr: 0, data: 0)
             exe-1049896 [002] ..... 1635491.334364: sys_ptrace -> 0x0
             exe-1049896 [002] ..... 1635491.334365: sys_wait4(upid: 10074e, stat_addr: c000699bf4, options: 40000002, ru: 0)
             exe-1050446 [001] ..... 1635491.334381: sys_msgctl -> 0xffffffffffffffea
             exe-1049673 [002] ..... 1635491.334399: sys_nanosleep -> 0x0
             exe-1049673 [002] ..... 1635491.334405: sys_nanosleep(rqtp: c000069f10, rmtp: 0)
             exe-1049896 [002] ..... 1635491.334423: sys_wait4 -> 0x10074e
             exe-1049896 [002] ..... 1635491.334428: sys_ptrace(request: 4204, pid: 10074e, addr: 1, data: c000699c70)
             exe-1049896 [002] ..... 1635491.334431: sys_ptrace -> 0x0
             exe-1049896 [002] ..... 1635491.334433: sys_ptrace(request: 4204, pid: 10074e, addr: 202, data: c000699c70)
             exe-1049896 [002] ..... 1635491.334435: sys_ptrace -> 0x0
             exe-1049896 [002] ..... 1635491.334448: sys_pwrite64(fd: 63, buf: 7fd66edd4080, count: 3d, pos: 3f)
             exe-1049896 [002] ..... 1635491.334450: tracing_mark_write: msgctl(msqid=0x9000aa080610, cmd=0xb, buf=0x7fcbd7e00000) end
             exe-1049896 [000] ..... 1635491.402389: tracing_mark_write: msgctl(msqid=-10, cmd=0xb, buf=0x4) start
             exe-1049896 [000] ..... 1635491.402391: sys_pwrite64 -> 0x29
             exe-1049896 [000] ..... 1635491.402397: sys_ptrace(request: 4205, pid: 10074e, addr: 1, data: c000699c70)
             exe-1049896 [000] ..... 1635491.402399: sys_ptrace -> 0x0
             exe-1049896 [000] ..... 1635491.402401: sys_ptrace(request: 4205, pid: 10074e, addr: 202, data: c000699c70)
             exe-1049896 [000] ..... 1635491.402418: sys_ptrace -> 0x0
             exe-1049896 [000] ..... 1635491.402420: sys_ptrace(request: 1f, pid: 10074e, addr: 0, data: 0)
             exe-1049896 [000] ..... 1635491.402432: sys_ptrace -> 0x0
             exe-1049896 [000] ..... 1635491.402434: sys_wait4(upid: 10074e, stat_addr: c000699bf4, options: 40000002, ru: 0)
             exe-1050446 [001] ..... 1635491.402445: sys_write -> 0x29
             exe-1049896 [000] ..... 1635491.402460: sys_wait4 -> 0x10074e
             exe-1049673 [002] ..... 1635491.402460: sys_nanosleep -> 0x0
             exe-1049896 [000] ..... 1635491.402462: sys_ptrace(request: 4204, pid: 10074e, addr: 1, data: c000699c70)
             exe-1049896 [000] ..... 1635491.402465: sys_ptrace -> 0x0
             exe-1049673 [002] ..... 1635491.402466: sys_nanosleep(rqtp: c000069f10, rmtp: 0)
             exe-1049896 [000] ..... 1635491.402466: sys_ptrace(request: 4204, pid: 10074e, addr: 202, data: c000699c70)
             exe-1049896 [000] ..... 1635491.402469: sys_ptrace -> 0x0
             exe-1049896 [000] ..... 1635491.402475: sys_ptrace(request: 4205, pid: 10074e, addr: 1, data: c000699c70)
             exe-1049896 [000] ..... 1635491.402478: sys_ptrace -> 0x0
             exe-1049896 [000] ..... 1635491.402479: sys_ptrace(request: 4205, pid: 10074e, addr: 202, data: c000699c70)
             exe-1049896 [000] ..... 1635491.402486: sys_ptrace -> 0x0
             exe-1049896 [000] ..... 1635491.402488: sys_ptrace(request: 1f, pid: 10074e, addr: 0, data: 0)
             exe-1049567 [002] ..... 1635491.402488: sys_nanosleep -> 0x0
             exe-1049567 [002] ..... 1635491.402494: sys_nanosleep(rqtp: c000069f10, rmtp: 0)
             exe-1049896 [000] ..... 1635491.402497: sys_ptrace -> 0x0
             exe-1049896 [000] ..... 1635491.402499: sys_wait4(upid: 10074e, stat_addr: c000699bf4, options: 40000002, ru: 0)
             exe-1050446 [001] ..... 1635491.402510: sys_msgctl -> 0xffffffffffffffea
             exe-1049896 [000] ..... 1635491.402525: sys_wait4 -> 0x10074e
             exe-1049896 [000] ..... 1635491.402527: sys_ptrace(request: 4204, pid: 10074e, addr: 1, data: c000699c70)
             exe-1049896 [000] ..... 1635491.402530: sys_ptrace -> 0x0
             exe-1049896 [000] ..... 1635491.402531: sys_ptrace(request: 4204, pid: 10074e, addr: 202, data: c000699c70)
             exe-1049896 [000] ..... 1635491.402533: sys_ptrace -> 0x0
             exe-1049896 [000] ..... 1635491.402538: sys_pwrite64(fd: 63, buf: 7fd66edd4080, count: 27, pos: 29)
             exe-1049896 [000] ..... 1635491.402539: tracing_mark_write: msgctl(msqid=-10, cmd=0xb, buf=0x4) end
             exe-1049896 [002] ..... 1635491.472982: tracing_mark_write: msgctl(msqid=0x951a606f7f, cmd=0xb, buf=0x7fcbd9c65000) start
             exe-1049896 [002] ..... 1635491.472984: sys_pwrite64 -> 0x3d
             exe-1049896 [002] ..... 1635491.472989: sys_ptrace(request: 4205, pid: 10074e, addr: 1, data: c000699c70)
             exe-1049896 [002] ..... 1635491.472992: sys_ptrace -> 0x0
             exe-1049896 [002] ..... 1635491.472993: sys_ptrace(request: 4205, pid: 10074e, addr: 202, data: c000699c70)
             exe-1049896 [002] ..... 1635491.473002: sys_ptrace -> 0x0
             exe-1049896 [002] ..... 1635491.473004: sys_ptrace(request: 1f, pid: 10074e, addr: 0, data: 0)
             exe-1049673 [001] ..... 1635491.473004: sys_nanosleep -> 0x0
             exe-1049673 [001] ..... 1635491.473009: sys_nanosleep(rqtp: c000069f10, rmtp: 0)
             exe-1049896 [002] ..... 1635491.473011: sys_ptrace -> 0x0
             exe-1049896 [002] ..... 1635491.473013: sys_wait4(upid: 10074e, stat_addr: c000699bf4, options: 40000002, ru: 0)
             exe-1050446 [003] ..... 1635491.473020: sys_write -> 0x3d
             exe-1049567 [001] ..... 1635491.473022: sys_nanosleep -> 0x0
             exe-1049567 [001] ..... 1635491.473027: sys_nanosleep(rqtp: c000069f10, rmtp: 0)
             exe-1049896 [002] ..... 1635491.473047: sys_wait4 -> 0x10074e
             exe-1049896 [002] ..... 1635491.473050: sys_ptrace(request: 4204, pid: 10074e, addr: 1, data: c000699c70)
             exe-1049896 [002] ..... 1635491.473053: sys_ptrace -> 0x0
             exe-1049896 [002] ..... 1635491.473055: sys_ptrace(request: 4204, pid: 10074e, addr: 202, data: c000699c70)
             exe-1049896 [002] ..... 1635491.473057: sys_ptrace -> 0x0
             exe-1049896 [002] ..... 1635491.473064: sys_ptrace(request: 4205, pid: 10074e, addr: 1, data: c000699c70)
             exe-1049896 [002] ..... 1635491.473067: sys_ptrace -> 0x0
             exe-1049896 [002] ..... 1635491.473068: sys_ptrace(request: 4205, pid: 10074e, addr: 202, data: c000699c70)
             exe-1049896 [002] ..... 1635491.473108: sys_ptrace -> 0x0
             exe-1049896 [002] ..... 1635491.473111: sys_ptrace(request: 1f, pid: 10074e, addr: 0, data: 0)
             exe-1049673 [001] ..... 1635491.473112: sys_nanosleep -> 0x0
             exe-1049896 [002] ..... 1635491.473117: sys_ptrace -> 0x0
             exe-1049673 [001] ..... 1635491.473117: sys_nanosleep(rqtp: c000069f10, rmtp: 0)
             exe-1049896 [002] ..... 1635491.473119: sys_wait4(upid: 10074e, stat_addr: c000699bf4, options: 40000002, ru: 0)
             exe-1050446 [003] ..... 1635491.473123: sys_msgctl -> 0xffffffffffffffea
             exe-1049567 [001] ..... 1635491.473136: sys_nanosleep -> 0x0
             exe-1049896 [002] ..... 1635491.473137: sys_wait4 -> 0x10074e
             exe-1049896 [002] ..... 1635491.473139: sys_ptrace(request: 4204, pid: 10074e, addr: 1, data: c000699c70)
             exe-1049567 [001] ..... 1635491.473140: sys_nanosleep(rqtp: c000069f10, rmtp: 0)
             exe-1049896 [002] ..... 1635491.473142: sys_ptrace -> 0x0
             exe-1049896 [002] ..... 1635491.473143: sys_ptrace(request: 4204, pid: 10074e, addr: 202, data: c000699c70)
             exe-1049896 [002] ..... 1635491.473145: sys_ptrace -> 0x0
             exe-1049896 [002] ..... 1635491.473153: sys_pwrite64(fd: 63, buf: 7fd66edd4080, count: 3b, pos: 3d)
             exe-1049896 [002] ..... 1635491.473154: tracing_mark_write: msgctl(msqid=0x951a606f7f, cmd=0xb, buf=0x7fcbd9c65000) end
             exe-1049896 [003] ..... 1635491.562610: tracing_mark_write: msgctl(msqid=0x4da5, cmd=0xb, buf=0x4) start
             exe-1049896 [003] ..... 1635491.562611: sys_pwrite64 -> 0x2c
             exe-1049896 [003] ..... 1635491.562618: sys_ptrace(request: 4205, pid: 10074e, addr: 1, data: c000699c70)
             exe-1049896 [003] ..... 1635491.562621: sys_ptrace -> 0x0
             exe-1049896 [003] ..... 1635491.562622: sys_ptrace(request: 4205, pid: 10074e, addr: 202, data: c000699c70)
             exe-1049567 [001] ..... 1635491.562627: sys_nanosleep -> 0x0
             exe-1049567 [001] ..... 1635491.562632: sys_nanosleep(rqtp: c000069f10, rmtp: 0)
             exe-1049896 [003] ..... 1635491.562633: sys_ptrace -> 0x0
             exe-1049896 [003] ..... 1635491.562635: sys_ptrace(request: 1f, pid: 10074e, addr: 0, data: 0)
             exe-1049896 [003] ..... 1635491.562642: sys_ptrace -> 0x0
             exe-1049896 [003] ..... 1635491.562644: sys_wait4(upid: 10074e, stat_addr: c000699bf4, options: 40000002, ru: 0)
             exe-1050446 [003] ..... 1635491.562658: sys_write -> 0x2c
             exe-1049896 [003] ..... 1635491.562679: sys_wait4 -> 0x10074e
             exe-1049896 [003] ..... 1635491.562683: sys_ptrace(request: 4204, pid: 10074e, addr: 1, data: c000699c70)
             exe-1049896 [003] ..... 1635491.562687: sys_ptrace -> 0x0
             exe-1049896 [003] ..... 1635491.562688: sys_ptrace(request: 4204, pid: 10074e, addr: 202, data: c000699c70)
             exe-1049896 [003] ..... 1635491.562691: sys_ptrace -> 0x0
             exe-1049896 [003] ..... 1635491.562700: sys_ptrace(request: 4205, pid: 10074e, addr: 1, data: c000699c70)
             exe-1049896 [003] ..... 1635491.562702: sys_ptrace -> 0x0
             exe-1049896 [003] ..... 1635491.562704: sys_ptrace(request: 4205, pid: 10074e, addr: 202, data: c000699c70)
             exe-1049673 [001] ..... 1635491.562711: sys_nanosleep -> 0x0
             exe-1049896 [003] ..... 1635491.562714: sys_ptrace -> 0x0
             exe-1049896 [003] ..... 1635491.562716: sys_ptrace(request: 1f, pid: 10074e, addr: 0, data: 0)
             exe-1049673 [001] ..... 1635491.562716: sys_nanosleep(rqtp: c000069f10, rmtp: 0)
             exe-1049896 [003] ..... 1635491.562722: sys_ptrace -> 0x0
             exe-1049896 [003] ..... 1635491.562724: sys_wait4(upid: 10074e, stat_addr: c000699bf4, options: 40000002, ru: 0)
             exe-1049567 [001] ..... 1635491.562736: sys_nanosleep -> 0x0
             exe-1050446 [003] ..... 1635491.562738: sys_msgctl -> 0xffffffffffffffea
             exe-1049567 [001] ..... 1635491.562741: sys_nanosleep(rqtp: c000069f10, rmtp: 0)
             exe-1049896 [003] ..... 1635491.562759: sys_wait4 -> 0x10074e
             exe-1049896 [003] ..... 1635491.562762: sys_ptrace(request: 4204, pid: 10074e, addr: 1, data: c000699c70)
             exe-1049896 [003] ..... 1635491.562766: sys_ptrace -> 0x0
             exe-1049896 [003] ..... 1635491.562768: sys_ptrace(request: 4204, pid: 10074e, addr: 202, data: c000699c70)
             exe-1049896 [003] ..... 1635491.562770: sys_ptrace -> 0x0
             exe-1049896 [003] ..... 1635491.562796: sys_pwrite64(fd: 63, buf: 7fd66edd4080, count: 2a, pos: 2c)
             exe-1049896 [003] ..... 1635491.562798: tracing_mark_write: msgctl(msqid=0x4da5, cmd=0xb, buf=0x4) end
             exe-1050008 [002] ..... 1635491.619555: tracing_mark_write: msgctl(msqid=255, cmd=0xb, buf=0x4) start
             exe-1050008 [002] ..... 1635491.619556: sys_pwrite64 -> 0x29
             exe-1050008 [002] ..... 1635491.619564: sys_ptrace(request: 4205, pid: 1005a8, addr: 1, data: c000699c70)
             exe-1049567 [001] ..... 1635491.619565: sys_nanosleep -> 0x0
             exe-1050008 [002] ..... 1635491.619567: sys_ptrace -> 0x0
             exe-1050008 [002] ..... 1635491.619569: sys_ptrace(request: 4205, pid: 1005a8, addr: 202, data: c000699c70)
             exe-1049567 [001] ..... 1635491.619569: sys_nanosleep(rqtp: c000069f10, rmtp: 0)
             exe-1050008 [002] ..... 1635491.619580: sys_ptrace -> 0x0
             exe-1050008 [002] ..... 1635491.619582: sys_ptrace(request: 1f, pid: 1005a8, addr: 0, data: 0)
             exe-1050008 [002] ..... 1635491.619600: sys_ptrace -> 0x0
             exe-1050008 [002] ..... 1635491.619602: sys_wait4(upid: 1005a8, stat_addr: c000699bf4, options: 40000002, ru: 0)
             exe-1050024 [000] ..... 1635491.619621: sys_write -> 0x29
             exe-1050008 [002] ..... 1635491.619644: sys_wait4 -> 0x1005a8
             exe-1050008 [002] ..... 1635491.619647: sys_ptrace(request: 4204, pid: 1005a8, addr: 1, data: c000699c70)
             exe-1050008 [002] ..... 1635491.619649: sys_ptrace -> 0x0
             exe-1050008 [002] ..... 1635491.619651: sys_ptrace(request: 4204, pid: 1005a8, addr: 202, data: c000699c70)
             exe-1050008 [002] ..... 1635491.619653: sys_ptrace -> 0x0
             exe-1050008 [002] ..... 1635491.619660: sys_ptrace(request: 4205, pid: 1005a8, addr: 1, data: c000699c70)
             exe-1049567 [001] ..... 1635491.619662: sys_nanosleep -> 0x0
             exe-1050008 [002] ..... 1635491.619662: sys_ptrace -> 0x0
             exe-1050008 [002] ..... 1635491.619664: sys_ptrace(request: 4205, pid: 1005a8, addr: 202, data: c000699c70)
             exe-1049567 [001] ..... 1635491.619664: sys_nanosleep(rqtp: c000069f10, rmtp: 0)
             exe-1050008 [002] ..... 1635491.619671: sys_ptrace -> 0x0
             exe-1050008 [002] ..... 1635491.619673: sys_ptrace(request: 1f, pid: 1005a8, addr: 0, data: 0)
             exe-1050008 [002] ..... 1635491.619683: sys_ptrace -> 0x0
             exe-1050008 [002] ..... 1635491.619685: sys_wait4(upid: 1005a8, stat_addr: c000699bf4, options: 40000002, ru: 0)
             exe-1050024 [000] ..... 1635491.619697: sys_msgctl -> 0xffffffffffffffea
             exe-1050008 [002] ..... 1635491.619714: sys_wait4 -> 0x1005a8
             exe-1050008 [002] ..... 1635491.619716: sys_ptrace(request: 4204, pid: 1005a8, addr: 1, data: c000699c70)
             exe-1050008 [002] ..... 1635491.619719: sys_ptrace -> 0x0
             exe-1050008 [002] ..... 1635491.619720: sys_ptrace(request: 4204, pid: 1005a8, addr: 202, data: c000699c70)
             exe-1050008 [002] ..... 1635491.619722: sys_ptrace -> 0x0
             exe-1050008 [002] ..... 1635491.619729: sys_pwrite64(fd: 63, buf: 7fd66edd4080, count: 27, pos: 29)
             exe-1050008 [002] ..... 1635491.619730: tracing_mark_write: msgctl(msqid=255, cmd=0xb, buf=0x4) end
             exe-1050008 [001] ..... 1635491.705750: tracing_mark_write: msgctl(msqid=0x2110324640948804, cmd=0xb, buf=0x1) start
             exe-1050008 [001] ..... 1635491.705753: sys_pwrite64 -> 0x38
             exe-1050008 [001] ..... 1635491.705761: sys_ptrace(request: 4205, pid: 1005a8, addr: 1, data: c000699c70)
             exe-1049567 [000] ..... 1635491.705766: sys_nanosleep -> 0x0
             exe-1050008 [001] ..... 1635491.705768: sys_ptrace -> 0x0
             exe-1050008 [001] ..... 1635491.705769: sys_ptrace(request: 4205, pid: 1005a8, addr: 202, data: c000699c70)
             exe-1049567 [000] ..... 1635491.705772: sys_nanosleep(rqtp: c000069f10, rmtp: 0)
             exe-1050008 [001] ..... 1635491.705805: sys_ptrace -> 0x0
             exe-1050008 [001] ..... 1635491.705808: sys_ptrace(request: 1f, pid: 1005a8, addr: 0, data: 0)
             exe-1050008 [001] ..... 1635491.705818: sys_ptrace -> 0x0
             exe-1050024 [000] ..... 1635491.705840: sys_write -> 0x38
             exe-1049673 [001] ..... 1635491.705863: sys_nanosleep -> 0x0
             exe-1049673 [001] ..... 1635491.705871: sys_nanosleep(rqtp: c000069f10, rmtp: 0)
             exe-1049567 [000] ..... 1635491.705893: sys_nanosleep -> 0x0
             exe-1049567 [000] ..... 1635491.705900: sys_nanosleep(rqtp: c000069f10, rmtp: 0)
             exe-1050008 [001] ..... 1635491.705904: sys_wait4(upid: 1005a8, stat_addr: c000699bf4, options: 40000002, ru: 0)
             exe-1050008 [001] ..... 1635491.705908: sys_wait4 -> 0x1005a8
             exe-1050008 [001] ..... 1635491.705911: sys_ptrace(request: 4204, pid: 1005a8, addr: 1, data: c000699c70)
             exe-1050008 [001] ..... 1635491.705921: sys_ptrace -> 0x0
             exe-1050008 [001] ..... 1635491.705923: sys_ptrace(request: 4204, pid: 1005a8, addr: 202, data: c000699c70)
             exe-1050008 [001] ..... 1635491.705926: sys_ptrace -> 0x0
             exe-1050008 [001] ..... 1635491.705936: sys_ptrace(request: 4205, pid: 1005a8, addr: 1, data: c000699c70)
             exe-1050008 [001] ..... 1635491.705939: sys_ptrace -> 0x0
             exe-1050008 [001] ..... 1635491.705941: sys_ptrace(request: 4205, pid: 1005a8, addr: 202, data: c000699c70)
             exe-1050008 [001] ..... 1635491.705954: sys_ptrace -> 0x0
             exe-1050008 [001] ..... 1635491.705956: sys_ptrace(request: 1f, pid: 1005a8, addr: 0, data: 0)
             exe-1050008 [001] ..... 1635491.705967: sys_ptrace -> 0x0
             exe-1050008 [001] ..... 1635491.705969: sys_wait4(upid: 1005a8, stat_addr: c000699bf4, options: 40000002, ru: 0)
             exe-1050024 [000] ..... 1635491.705982: sys_msgctl -> 0xffffffffffffffea
             exe-1050008 [001] ..... 1635491.706010: sys_wait4 -> 0x1005a8
             exe-1050008 [001] ..... 1635491.706013: sys_ptrace(request: 4204, pid: 1005a8, addr: 1, data: c000699c70)
             exe-1049567 [000] ..... 1635491.706039: sys_nanosleep -> 0x0
             exe-1050008 [001] ..... 1635491.706040: sys_ptrace -> 0x0
             exe-1050008 [001] ..... 1635491.706041: sys_ptrace(request: 4204, pid: 1005a8, addr: 202, data: c000699c70)
             exe-1050008 [001] ..... 1635491.706043: sys_ptrace -> 0x0
             exe-1049567 [000] ..... 1635491.706047: sys_nanosleep(rqtp: c000069f10, rmtp: 0)
             exe-1050008 [001] ..... 1635491.706057: sys_pwrite64(fd: 63, buf: 7fd66edd4080, count: 36, pos: 38)
             exe-1050008 [001] ..... 1635491.706059: tracing_mark_write: msgctl(msqid=0x2110324640948804, cmd=0xb, buf=0x1) end
             exe-1050008 [001] ..... 1635491.769722: tracing_mark_write: msgctl(msqid=0x32080608ac000910, cmd=0xb, buf=0x7fcbd9d75000) start
             exe-1050008 [001] ..... 1635491.769724: sys_pwrite64 -> 0x43
             exe-1050008 [001] ..... 1635491.769731: sys_ptrace(request: 4205, pid: 1005a8, addr: 1, data: c000699c70)
             exe-1050008 [001] ..... 1635491.769734: sys_ptrace -> 0x0
             exe-1050008 [001] ..... 1635491.769735: sys_ptrace(request: 4205, pid: 1005a8, addr: 202, data: c000699c70)
             exe-1050008 [001] ..... 1635491.769746: sys_ptrace -> 0x0
             exe-1050008 [001] ..... 1635491.769748: sys_ptrace(request: 1f, pid: 1005a8, addr: 0, data: 0)
             exe-1050008 [001] ..... 1635491.769762: sys_ptrace -> 0x0
             exe-1050008 [001] ..... 1635491.769765: sys_wait4(upid: 1005a8, stat_addr: c000699bf4, options: 40000002, ru: 0)
             exe-1050024 [000] ..... 1635491.769806: sys_write -> 0x43
             exe-1050008 [001] ..... 1635491.769831: sys_wait4 -> 0x1005a8
             exe-1050008 [001] ..... 1635491.769835: sys_ptrace(request: 4204, pid: 1005a8, addr: 1, data: c000699c70)
             exe-1050008 [001] ..... 1635491.769838: sys_ptrace -> 0x0
             exe-1050008 [001] ..... 1635491.769840: sys_ptrace(request: 4204, pid: 1005a8, addr: 202, data: c000699c70)
             exe-1050008 [001] ..... 1635491.769843: sys_ptrace -> 0x0
             exe-1050008 [001] ..... 1635491.769853: sys_ptrace(request: 4205, pid: 1005a8, addr: 1, data: c000699c70)
             exe-1050008 [001] ..... 1635491.769856: sys_ptrace -> 0x0
             exe-1050008 [001] ..... 1635491.769858: sys_ptrace(request: 4205, pid: 1005a8, addr: 202, data: c000699c70)
             exe-1050008 [001] ..... 1635491.769868: sys_ptrace -> 0x0
             exe-1050008 [001] ..... 1635491.769871: sys_ptrace(request: 1f, pid: 1005a8, addr: 0, data: 0)
             exe-1050008 [001] ..... 1635491.769883: sys_ptrace -> 0x0
             exe-1050008 [001] ..... 1635491.769886: sys_wait4(upid: 1005a8, stat_addr: c000699bf4, options: 40000002, ru: 0)
             exe-1050024 [000] ..... 1635491.769912: sys_msgctl -> 0xffffffffffffffea
             exe-1049567 [002] ..... 1635491.769922: sys_nanosleep -> 0x0
             exe-1049567 [002] ..... 1635491.769928: sys_nanosleep(rqtp: c000069f10, rmtp: 0)
             exe-1050008 [001] ..... 1635491.769937: sys_wait4 -> 0x1005a8
             exe-1050008 [001] ..... 1635491.769942: sys_ptrace(request: 4204, pid: 1005a8, addr: 1, data: c000699c70)
             exe-1050008 [001] ..... 1635491.769946: sys_ptrace -> 0x0
             exe-1050008 [001] ..... 1635491.769948: sys_ptrace(request: 4204, pid: 1005a8, addr: 202, data: c000699c70)
             exe-1050008 [001] ..... 1635491.769951: sys_ptrace -> 0x0
             exe-1050008 [001] ..... 1635491.769965: sys_pwrite64(fd: 63, buf: 7fd66edd4080, count: 41, pos: 43)
             exe-1050008 [001] ..... 1635491.769968: tracing_mark_write: msgctl(msqid=0x32080608ac000910, cmd=0xb, buf=0x7fcbd9d75000) end
             exe-1050008 [001] ..... 1635491.844374: tracing_mark_write: msgctl(msqid=-2, cmd=0xb, buf=0x8) start
             exe-1050008 [001] ..... 1635491.844375: sys_pwrite64 -> 0x28
             exe-1050008 [001] ..... 1635491.844380: sys_ptrace(request: 4205, pid: 1005a8, addr: 1, data: c000699c70)
             exe-1050008 [001] ..... 1635491.844382: sys_ptrace -> 0x0
             exe-1050008 [001] ..... 1635491.844383: sys_ptrace(request: 4205, pid: 1005a8, addr: 202, data: c000699c70)
             exe-1049567 [003] ..... 1635491.844386: sys_nanosleep -> 0x0
             exe-1049567 [003] ..... 1635491.844388: sys_nanosleep(rqtp: c000069f10, rmtp: 0)
             exe-1050008 [001] ..... 1635491.844391: sys_ptrace -> 0x0
             exe-1050008 [001] ..... 1635491.844392: sys_ptrace(request: 1f, pid: 1005a8, addr: 0, data: 0)
             exe-1050008 [001] .N... 1635491.844398: sys_ptrace -> 0x0
             exe-1049673 [001] ..... 1635491.844436: sys_nanosleep -> 0x0
             exe-1049673 [001] ..... 1635491.844441: sys_nanosleep(rqtp: c000069f10, rmtp: 0)
             exe-1050024 [001] ..... 1635491.844455: sys_write -> 0x28
             exe-1050008 [001] ..... 1635491.844473: sys_wait4(upid: 1005a8, stat_addr: c000699bf4, options: 40000002, ru: 0)
             exe-1050008 [001] ..... 1635491.844476: sys_wait4 -> 0x1005a8
             exe-1049567 [003] ..... 1635491.844478: sys_nanosleep -> 0x0
             exe-1050008 [001] ..... 1635491.844478: sys_ptrace(request: 4204, pid: 1005a8, addr: 1, data: c000699c70)
             exe-1049567 [003] ..... 1635491.844480: sys_nanosleep(rqtp: c000069f10, rmtp: 0)
             exe-1050008 [001] ..... 1635491.844482: sys_ptrace -> 0x0
             exe-1050008 [001] ..... 1635491.844483: sys_ptrace(request: 4204, pid: 1005a8, addr: 202, data: c000699c70)
             exe-1050008 [001] ..... 1635491.844486: sys_ptrace -> 0x0
             exe-1050008 [001] ..... 1635491.844494: sys_ptrace(request: 4205, pid: 1005a8, addr: 1, data: c000699c70)
             exe-1050008 [001] ..... 1635491.844495: sys_ptrace -> 0x0
             exe-1050008 [001] ..... 1635491.844497: sys_ptrace(request: 4205, pid: 1005a8, addr: 202, data: c000699c70)
             exe-1050008 [001] ..... 1635491.844511: sys_ptrace -> 0x0
             exe-1050008 [001] ..... 1635491.844512: sys_ptrace(request: 1f, pid: 1005a8, addr: 0, data: 0)
             exe-1050008 [001] .N... 1635491.844520: sys_ptrace -> 0x0
             exe-1050024 [001] ..... 1635491.844528: sys_msgctl -> 0xffffffffffffffea
             exe-1050008 [001] ..... 1635491.844542: sys_wait4(upid: 1005a8, stat_addr: c000699bf4, options: 40000002, ru: 0)
             exe-1050008 [001] ..... 1635491.844544: sys_wait4 -> 0x1005a8
             exe-1050008 [001] ..... 1635491.844546: sys_ptrace(request: 4204, pid: 1005a8, addr: 1, data: c000699c70)
             exe-1050008 [001] ..... 1635491.844548: sys_ptrace -> 0x0
             exe-1050008 [001] ..... 1635491.844550: sys_ptrace(request: 4204, pid: 1005a8, addr: 202, data: c000699c70)
             exe-1050008 [001] ..... 1635491.844551: sys_ptrace -> 0x0
             exe-1050008 [001] ..... 1635491.844562: sys_pwrite64(fd: 63, buf: 7fd66edd4080, count: 26, pos: 28)
             exe-1050008 [001] ..... 1635491.844564: tracing_mark_write: msgctl(msqid=-2, cmd=0xb, buf=0x8) end
             exe-1050008 [001] ..... 1635491.902870: tracing_mark_write: msgctl(msqid=0xf000, cmd=0xb, buf=0x7fcbd9c65000) start
             exe-1050008 [001] ..... 1635491.902872: sys_pwrite64 -> 0x37
             exe-1050008 [001] ..... 1635491.902879: sys_ptrace(request: 4205, pid: 1005a8, addr: 1, data: c000699c70)
             exe-1050008 [001] ..... 1635491.902882: sys_ptrace -> 0x0
             exe-1050008 [001] ..... 1635491.902883: sys_ptrace(request: 4205, pid: 1005a8, addr: 202, data: c000699c70)
             exe-1050008 [001] ..... 1635491.902896: sys_ptrace -> 0x0
             exe-1050008 [001] ..... 1635491.902897: sys_ptrace(request: 1f, pid: 1005a8, addr: 0, data: 0)
             exe-1050008 [001] .N... 1635491.902905: sys_ptrace -> 0x0
             exe-1050024 [001] ..... 1635491.902917: sys_write -> 0x37
             exe-1050008 [001] ..... 1635491.902936: sys_wait4(upid: 1005a8, stat_addr: c000699bf4, options: 40000002, ru: 0)
             exe-1050008 [001] ..... 1635491.902939: sys_wait4 -> 0x1005a8
             exe-1050008 [001] ..... 1635491.902942: sys_ptrace(request: 4204, pid: 1005a8, addr: 1, data: c000699c70)
             exe-1050008 [001] ..... 1635491.902945: sys_ptrace -> 0x0
             exe-1050008 [001] ..... 1635491.902947: sys_ptrace(request: 4204, pid: 1005a8, addr: 202, data: c000699c70)
             exe-1050008 [001] ..... 1635491.902950: sys_ptrace -> 0x0
             exe-1050008 [001] ..... 1635491.902958: sys_ptrace(request: 4205, pid: 1005a8, addr: 1, data: c000699c70)
             exe-1050008 [001] .N... 1635491.902994: sys_ptrace -> 0x0
             exe-1049673 [001] ..... 1635491.903008: sys_nanosleep -> 0x0
             exe-1049673 [001] ..... 1635491.903016: sys_nanosleep(rqtp: c000069f10, rmtp: 0)
             exe-1050008 [001] ..... 1635491.903046: sys_ptrace(request: 4205, pid: 1005a8, addr: 202, data: c000699c70)
             exe-1050008 [001] ..... 1635491.903061: sys_ptrace -> 0x0
             exe-1050008 [001] ..... 1635491.903063: sys_ptrace(request: 1f, pid: 1005a8, addr: 0, data: 0)
             exe-1050008 [001] .N... 1635491.903070: sys_ptrace -> 0x0
             exe-1050024 [001] ..... 1635491.903083: sys_msgctl -> 0xffffffffffffffea
             exe-1050008 [001] ..... 1635491.903108: sys_wait4(upid: 1005a8, stat_addr: c000699bf4, options: 40000002, ru: 0)
             exe-1050008 [001] ..... 1635491.903111: sys_wait4 -> 0x1005a8
             exe-1050008 [001] ..... 1635491.903114: sys_ptrace(request: 4204, pid: 1005a8, addr: 1, data: c000699c70)
             exe-1050008 [001] ..... 1635491.903118: sys_ptrace -> 0x0
             exe-1050008 [001] ..... 1635491.903120: sys_ptrace(request: 4204, pid: 1005a8, addr: 202, data: c000699c70)
             exe-1050008 [001] ..... 1635491.903123: sys_ptrace -> 0x0
             exe-1050008 [001] ..... 1635491.903139: sys_pwrite64(fd: 63, buf: 7fd66edd4080, count: 35, pos: 37)
             exe-1050008 [001] ..... 1635491.903140: tracing_mark_write: msgctl(msqid=0xf000, cmd=0xb, buf=0x7fcbd9c65000) end
             exe-1050008 [001] ..... 1635491.964331: tracing_mark_write: msgctl(msqid=0x17e0ace05, cmd=0xb, buf=0x7fcbd9900000) start
             exe-1050008 [001] ..... 1635491.964333: sys_pwrite64 -> 0x3c
             exe-1050008 [001] ..... 1635491.964343: sys_ptrace(request: 4205, pid: 1005a8, addr: 1, data: c000699c70)
             exe-1050008 [001] ..... 1635491.964348: sys_ptrace -> 0x0
             exe-1050008 [001] ..... 1635491.964350: sys_ptrace(request: 4205, pid: 1005a8, addr: 202, data: c000699c70)
             exe-1050008 [001] ..... 1635491.964366: sys_ptrace -> 0x0
             exe-1050008 [001] ..... 1635491.964368: sys_ptrace(request: 1f, pid: 1005a8, addr: 0, data: 0)
             exe-1050008 [001] .N... 1635491.964377: sys_ptrace -> 0x0
             exe-1050024 [001] ..... 1635491.964390: sys_write -> 0x3c
             exe-1049567 [003] ..... 1635491.964410: sys_nanosleep -> 0x0
             exe-1049567 [003] ..... 1635491.964412: sys_nanosleep(rqtp: c000069f10, rmtp: 0)
             exe-1050008 [001] ..... 1635491.964419: sys_wait4(upid: 1005a8, stat_addr: c000699bf4, options: 40000002, ru: 0)
             exe-1050008 [001] ..... 1635491.964423: sys_wait4 -> 0x1005a8
             exe-1050008 [001] ..... 1635491.964426: sys_ptrace(request: 4204, pid: 1005a8, addr: 1, data: c000699c70)
             exe-1050008 [001] ..... 1635491.964431: sys_ptrace -> 0x0
             exe-1050008 [001] ..... 1635491.964433: sys_ptrace(request: 4204, pid: 1005a8, addr: 202, data: c000699c70)
             exe-1050008 [001] ..... 1635491.964437: sys_ptrace -> 0x0
             exe-1050008 [001] ..... 1635491.964449: sys_ptrace(request: 4205, pid: 1005a8, addr: 1, data: c000699c70)
             exe-1050008 [001] ..... 1635491.964453: sys_ptrace -> 0x0
             exe-1050008 [001] ..... 1635491.964455: sys_ptrace(request: 4205, pid: 1005a8, addr: 202, data: c000699c70)
             exe-1050008 [001] ..... 1635491.964469: sys_ptrace -> 0x0
             exe-1050008 [001] ..... 1635491.964471: sys_ptrace(request: 1f, pid: 1005a8, addr: 0, data: 0)
             exe-1050008 [001] .N... 1635491.964481: sys_ptrace -> 0x0
             exe-1050024 [001] ..... 1635491.964493: sys_msgctl -> 0xffffffffffffffea
             exe-1049567 [003] ..... 1635491.964501: sys_nanosleep -> 0x0
             exe-1049567 [003] ..... 1635491.964503: sys_nanosleep(rqtp: c000069f10, rmtp: 0)
             exe-1050008 [001] ..... 1635491.964517: sys_wait4(upid: 1005a8, stat_addr: c000699bf4, options: 40000002, ru: 0)
             exe-1050008 [001] ..... 1635491.964520: sys_wait4 -> 0x1005a8
             exe-1050008 [001] ..... 1635491.964523: sys_ptrace(request: 4204, pid: 1005a8, addr: 1, data: c000699c70)
             exe-1050008 [001] ..... 1635491.964531: sys_ptrace -> 0x0
             exe-1050008 [001] ..... 1635491.964533: sys_ptrace(request: 4204, pid: 1005a8, addr: 202, data: c000699c70)
             exe-1050008 [001] ..... 1635491.964536: sys_ptrace -> 0x0
             exe-1050008 [001] ..... 1635491.964549: sys_pwrite64(fd: 63, buf: 7fd66edd4080, count: 3a, pos: 3c)
             exe-1050008 [001] ..... 1635491.964551: tracing_mark_write: msgctl(msqid=0x17e0ace05, cmd=0xb, buf=0x7fcbd9900000) end
             exe-1050008 [001] ..... 1635492.050876: tracing_mark_write: msgctl(msqid=0x80000000, cmd=0xb, buf=0x7fcbd8000000) start
             exe-1050008 [001] ..... 1635492.050877: sys_pwrite64 -> 0x3b
             exe-1050008 [001] ..... 1635492.050885: sys_ptrace(request: 4205, pid: 1005a8, addr: 1, data: c000699c70)
             exe-1050008 [001] ..... 1635492.050887: sys_ptrace -> 0x0
             exe-1050008 [001] ..... 1635492.050889: sys_ptrace(request: 4205, pid: 1005a8, addr: 202, data: c000699c70)
             exe-1050008 [001] ..... 1635492.050906: sys_ptrace -> 0x0
             exe-1050008 [001] ..... 1635492.050908: sys_ptrace(request: 1f, pid: 1005a8, addr: 0, data: 0)
             exe-1050008 [001] .N... 1635492.050917: sys_ptrace -> 0x0
             exe-1050024 [001] ..... 1635492.050927: sys_write -> 0x3b
             exe-1050008 [001] ..... 1635492.050945: sys_wait4(upid: 1005a8, stat_addr: c000699bf4, options: 40000002, ru: 0)
             exe-1050008 [001] ..... 1635492.050948: sys_wait4 -> 0x1005a8
             exe-1050008 [001] ..... 1635492.050950: sys_ptrace(request: 4204, pid: 1005a8, addr: 1, data: c000699c70)
             exe-1050008 [001] ..... 1635492.050954: sys_ptrace -> 0x0
             exe-1050008 [001] ..... 1635492.050955: sys_ptrace(request: 4204, pid: 1005a8, addr: 202, data: c000699c70)
             exe-1050008 [001] ..... 1635492.050958: sys_ptrace -> 0x0
             exe-1050008 [001] ..... 1635492.050966: sys_ptrace(request: 4205, pid: 1005a8, addr: 1, data: c000699c70)
             exe-1050008 [001] ..... 1635492.050969: sys_ptrace -> 0x0
             exe-1050008 [001] ..... 1635492.050970: sys_ptrace(request: 4205, pid: 1005a8, addr: 202, data: c000699c70)
             exe-1050008 [001] ..... 1635492.050979: sys_ptrace -> 0x0
             exe-1050008 [001] ..... 1635492.050981: sys_ptrace(request: 1f, pid: 1005a8, addr: 0, data: 0)
             exe-1050008 [001] .N... 1635492.050987: sys_ptrace -> 0x0
             exe-1049567 [003] ..... 1635492.050996: sys_nanosleep -> 0x0
             exe-1050024 [001] ..... 1635492.050997: sys_msgctl -> 0xffffffffffffffea
             exe-1049567 [003] ..... 1635492.050998: sys_nanosleep(rqtp: c000069f10, rmtp: 0)
             exe-1050008 [001] ..... 1635492.051015: sys_wait4(upid: 1005a8, stat_addr: c000699bf4, options: 40000002, ru: 0)
             exe-1050008 [001] ..... 1635492.051018: sys_wait4 -> 0x1005a8
             exe-1050008 [001] ..... 1635492.051020: sys_ptrace(request: 4204, pid: 1005a8, addr: 1, data: c000699c70)
             exe-1050008 [001] ..... 1635492.051024: sys_ptrace -> 0x0
             exe-1050008 [001] ..... 1635492.051025: sys_ptrace(request: 4204, pid: 1005a8, addr: 202, data: c000699c70)
             exe-1050008 [001] ..... 1635492.051027: sys_ptrace -> 0x0
             exe-1050008 [001] ..... 1635492.051036: sys_pwrite64(fd: 63, buf: 7fd66edd4080, count: 39, pos: 3b)
             exe-1050008 [001] ..... 1635492.051037: tracing_mark_write: msgctl(msqid=0x80000000, cmd=0xb, buf=0x7fcbd8000000) end
