             exe-1049567 [002] ..... 1635486.059184: sys_nanosleep -> 0x0
             exe-1049896 [001] ..... 1635486.059189: sys_ptrace -> 0x0
             exe-1049896 [001] ..... 1635486.059191: sys_wait4(upid: 10074e, stat_addr: c000699bf4, options: 40000002, ru: 0)
             exe-1049567 [002] ..... 1635486.059201: sys_nanosleep(rqtp: c000069f10, rmtp: 0)
             exe-1049673 [002] ..... 1635486.059303: sys_nanosleep -> 0x0
             exe-1049673 [002] ..... 1635486.059309: sys_nanosleep(rqtp: c000069f10, rmtp: 0)
             exe-1050446 [002] ..... 1635486.059327: sys_write -> 0x35
             exe-1049896 [001] ..... 1635486.059364: sys_wait4 -> 0x10074e
             exe-1049896 [001] ..... 1635486.059367: sys_ptrace(request: 4204, pid: 10074e, addr: 1, data: c000699c70)
             exe-1049896 [001] ..... 1635486.059389: sys_ptrace -> 0x0
             exe-1049896 [001] ..... 1635486.059390: sys_ptrace(request: 4204, pid: 10074e, addr: 202, data: c000699c70)
             exe-1049896 [001] ..... 1635486.059393: sys_ptrace -> 0x0
             exe-1049896 [001] ..... 1635486.059399: sys_ptrace(request: 4205, pid: 10074e, addr: 1, data: c000699c70)
             exe-1049673 [002] ..... 1635486.059415: sys_nanosleep -> 0x0
             exe-1049896 [001] ..... 1635486.059415: sys_ptrace -> 0x0
             exe-1049896 [001] ..... 1635486.059417: sys_ptrace(request: 4205, pid: 10074e, addr: 202, data: c000699c70)
             exe-1049673 [002] ..... 1635486.059421: sys_nanosleep(rqtp: c000069f10, rmtp: 0)
             exe-1049896 [001] ..... 1635486.059424: sys_ptrace -> 0x0
             exe-1049896 [001] ..... 1635486.059426: sys_ptrace(request: 1f, pid: 10074e, addr: 0, data: 0)
             exe-1049896 [001] ..... 1635486.059431: sys_ptrace -> 0x0
             exe-1049896 [001] ..... 1635486.059433: sys_wait4(upid: 10074e, stat_addr: c000699bf4, options: 40000002, ru: 0)
             exe-1050446 [002] ..... 1635486.059456: sys_msgctl -> 0xffffffffffffffea
             exe-1049896 [001] ..... 1635486.059491: sys_wait4 -> 0x10074e
             exe-1049896 [001] ..... 1635486.059493: sys_ptrace(request: 4204, pid: 10074e, addr: 1, data: c000699c70)
             exe-1049896 [001] ..... 1635486.059496: sys_ptrace -> 0x0
             exe-1049896 [001] ..... 1635486.059497: sys_ptrace(request: 4204, pid: 10074e, addr: 202, data: c000699c70)
             exe-1049896 [001] ..... 1635486.059499: sys_ptrace -> 0x0
             exe-1049896 [001] ..... 1635486.059505: sys_pwrite64(fd: 63, buf: 7fd66edd4080, count: 33, pos: 35)
             exe-1049896 [001] ..... 1635486.059506: tracing_mark_write: msgctl(msqid=8192, cmd=0x2, buf=0x7fcbd7c00000) end
             exe-1049896 [001] ..... 1635486.131408: tracing_mark_write: msgctl(msqid=128, cmd=0x2, buf=0x1) start
             exe-1049896 [001] ..... 1635486.131410: sys_pwrite64 -> 0x29
             exe-1049896 [001] ..... 1635486.131415: sys_ptrace(request: 4205, pid: 10074e, addr: 1, data: c000699c70)
             exe-1049673 [002] ..... 1635486.131415: sys_nanosleep -> 0x0
             exe-1049896 [001] ..... 1635486.131417: sys_ptrace -> 0x0
             exe-1049896 [001] ..... 1635486.131419: sys_ptrace(request: 4205, pid: 10074e, addr: 202, data: c000699c70)
             exe-1049673 [002] ..... 1635486.131422: sys_nanosleep(rqtp: c000069f10, rmtp: 0)
             exe-1049896 [001] ..... 1635486.131425: sys_ptrace -> 0x0
             exe-1049896 [001] ..... 1635486.131427: sys_ptrace(request: 1f, pid: 10074e, addr: 0, data: 0)
             exe-1049896 [001] ..... 1635486.131434: sys_ptrace -> 0x0
             exe-1049896 [001] ..... 1635486.131436: sys_wait4(upid: 10074e, stat_addr: c000699bf4, options: 40000002, ru: 0)
             exe-1049567 [002] ..... 1635486.131454: sys_nanosleep -> 0x0
             exe-1049567 [002] ..... 1635486.131460: sys_nanosleep(rqtp: c000069f10, rmtp: 0)
             exe-1050446 [002] ..... 1635486.131478: sys_write -> 0x29
             exe-1049896 [001] ..... 1635486.131503: sys_wait4 -> 0x10074e
             exe-1049896 [001] ..... 1635486.131506: sys_ptrace(request: 4204, pid: 10074e, addr: 1, data: c000699c70)
             exe-1049673 [002] ..... 1635486.131532: sys_nanosleep -> 0x0
             exe-1049896 [001] ..... 1635486.131532: sys_ptrace -> 0x0
             exe-1049896 [001] ..... 1635486.131534: sys_ptrace(request: 4204, pid: 10074e, addr: 202, data: c000699c70)
             exe-1049896 [001] ..... 1635486.131536: sys_ptrace -> 0x0
             exe-1049673 [002] ..... 1635486.131538: sys_nanosleep(rqtp: c000069f10, rmtp: 0)
             exe-1049896 [001] ..... 1635486.131543: sys_ptrace(request: 4205, pid: 10074e, addr: 1, data: c000699c70)
             exe-1049896 [001] ..... 1635486.131545: sys_ptrace -> 0x0
             exe-1049896 [001] ..... 1635486.131546: sys_ptrace(request: 4205, pid: 10074e, addr: 202, data: c000699c70)
             exe-1049896 [001] ..... 1635486.131554: sys_ptrace -> 0x0
             exe-1049896 [001] ..... 1635486.131556: sys_ptrace(request: 1f, pid: 10074e, addr: 0, data: 0)
             exe-1049567 [002] ..... 1635486.131564: sys_nanosleep -> 0x0
             exe-1049896 [001] ..... 1635486.131568: sys_ptrace -> 0x0
             exe-1049896 [001] ..... 1635486.131570: sys_wait4(upid: 10074e, stat_addr: c000699bf4, options: 40000002, ru: 0)
             exe-1049567 [002] ..... 1635486.131580: sys_nanosleep(rqtp: c000069f10, rmtp: 0)
             exe-1050446 [002] ..... 1635486.131596: sys_msgctl -> 0xffffffffffffffea
             exe-1049896 [001] ..... 1635486.131620: sys_wait4 -> 0x10074e
             exe-1049896 [001] ..... 1635486.131623: sys_ptrace(request: 4204, pid: 10074e, addr: 1, data: c000699c70)
             exe-1049673 [002] ..... 1635486.131648: sys_nanosleep -> 0x0
             exe-1049896 [001] ..... 1635486.131648: sys_ptrace -> 0x0
             exe-1049896 [001] ..... 1635486.131650: sys_ptrace(request: 4204, pid: 10074e, addr: 202, data: c000699c70)
             exe-1049896 [001] ..... 1635486.131652: sys_ptrace -> 0x0
             exe-1049673 [002] ..... 1635486.131654: sys_nanosleep(rqtp: c000069f10, rmtp: 0)
             exe-1049896 [001] ..... 1635486.131657: sys_pwrite64(fd: 63, buf: 7fd66edd4080, count: 27, pos: 29)
             exe-1049896 [001] ..... 1635486.131658: tracing_mark_write: msgctl(msqid=128, cmd=0x2, buf=0x1) end
             exe-1049896 [001] ..... 1635486.205248: tracing_mark_write: msgctl(msqid=0x3e7a49a7f2aa, cmd=0x2, buf=0x7fcbd8d00000) start
             exe-1049896 [001] ..... 1635486.205249: sys_pwrite64 -> 0x3f
             exe-1049896 [001] ..... 1635486.205254: sys_ptrace(request: 4205, pid: 10074e, addr: 1, data: c000699c70)
             exe-1049673 [002] ..... 1635486.205264: sys_nanosleep -> 0x0
             exe-1049896 [001] ..... 1635486.205264: sys_ptrace -> 0x0
             exe-1049896 [001] ..... 1635486.205266: sys_ptrace(request: 4205, pid: 10074e, addr: 202, data: c000699c70)
             exe-1049673 [002] ..... 1635486.205270: sys_nanosleep(rqtp: c000069f10, rmtp: 0)
             exe-1049896 [001] ..... 1635486.205273: sys_ptrace -> 0x0
             exe-1049896 [001] ..... 1635486.205275: sys_ptrace(request: 1f, pid: 10074e, addr: 0, data: 0)
             exe-1049896 [001] ..... 1635486.205281: sys_ptrace -> 0x0
             exe-1049896 [001] ..... 1635486.205282: sys_wait4(upid: 10074e, stat_addr: c000699bf4, options: 40000002, ru: 0)
             exe-1050446 [002] ..... 1635486.205301: sys_write -> 0x3f
             exe-1049896 [001] ..... 1635486.205322: sys_wait4 -> 0x10074e
             exe-1049896 [001] ..... 1635486.205324: sys_ptrace(request: 4204, pid: 10074e, addr: 1, data: c000699c70)
             exe-1049896 [001] ..... 1635486.205327: sys_ptrace -> 0x0
             exe-1049896 [001] ..... 1635486.205328: sys_ptrace(request: 4204, pid: 10074e, addr: 202, data: c000699c70)
             exe-1049896 [001] ..... 1635486.205330: sys_ptrace -> 0x0
             exe-1049896 [001] ..... 1635486.205337: sys_ptrace(request: 4205, pid: 10074e, addr: 1, data: c000699c70)
             exe-1049896 [001] ..... 1635486.205339: sys_ptrace -> 0x0
             exe-1049896 [001] ..... 1635486.205341: sys_ptrace(request: 4205, pid: 10074e, addr: 202, data: c000699c70)
             exe-1049896 [001] ..... 1635486.205347: sys_ptrace -> 0x0
             exe-1049896 [001] ..... 1635486.205348: sys_ptrace(request: 1f, pid: 10074e, addr: 0, data: 0)
             exe-1049896 [001] ..... 1635486.205354: sys_ptrace -> 0x0
             exe-1049896 [001] ..... 1635486.205356: sys_wait4(upid: 10074e, stat_addr: c000699bf4, options: 40000002, ru: 0)
             exe-1049673 [002] ..... 1635486.205373: sys_nanosleep -> 0x0
             exe-1049673 [002] ..... 1635486.205379: sys_nanosleep(rqtp: c000069f10, rmtp: 0)
             exe-1050446 [002] ..... 1635486.205400: sys_msgctl -> 0xffffffffffffffea
             exe-1049896 [001] ..... 1635486.205421: sys_wait4 -> 0x10074e
             exe-1049896 [001] ..... 1635486.205423: sys_ptrace(request: 4204, pid: 10074e, addr: 1, data: c000699c70)
             exe-1049896 [001] ..... 1635486.205426: sys_ptrace -> 0x0
             exe-1049896 [001] ..... 1635486.205427: sys_ptrace(request: 4204, pid: 10074e, addr: 202, data: c000699c70)
             exe-1049896 [001] ..... 1635486.205429: sys_ptrace -> 0x0
             exe-1049896 [001] ..... 1635486.205434: sys_pwrite64(fd: 63, buf: 7fd66edd4080, count: 3d, pos: 3f)
             exe-1049896 [001] ..... 1635486.205435: tracing_mark_write: msgctl(msqid=0x3e7a49a7f2aa, cmd=0x2, buf=0x7fcbd8d00000) end
             exe-1049896 [000] ..... 1635486.275605: tracing_mark_write: msgctl(msqid=0, cmd=0x2, buf=0x4) start
             exe-1049673 [002] ..... 1635486.275606: sys_nanosleep -> 0x0
             exe-1049896 [000] ..... 1635486.275607: sys_pwrite64 -> 0x27
             exe-1049673 [002] ..... 1635486.275612: sys_nanosleep(rqtp: c000069f10, rmtp: 0)
             exe-1049896 [000] ..... 1635486.275613: sys_ptrace(request: 4205, pid: 10074e, addr: 1, data: c000699c70)
             exe-1049896 [000] ..... 1635486.275615: sys_ptrace -> 0x0
             exe-1049896 [000] ..... 1635486.275617: sys_ptrace(request: 4205, pid: 10074e, addr: 202, data: c000699c70)
             exe-1049896 [000] ..... 1635486.275625: sys_ptrace -> 0x0
             exe-1049896 [000] ..... 1635486.275627: sys_ptrace(request: 1f, pid: 10074e, addr: 0, data: 0)
             exe-1049567 [002] ..... 1635486.275637: sys_nanosleep -> 0x0
             exe-1049896 [000] ..... 1635486.275642: sys_ptrace -> 0x0
             exe-1049896 [000] ..... 1635486.275644: sys_wait4(upid: 10074e, stat_addr: c000699bf4, options: 40000002, ru: 0)
             exe-1049567 [002] ..... 1635486.275652: sys_nanosleep(rqtp: c000069f10, rmtp: 0)
             exe-1050446 [002] ..... 1635486.275667: sys_write -> 0x27
             exe-1049896 [000] ..... 1635486.275688: sys_wait4 -> 0x10074e
             exe-1049896 [000] ..... 1635486.275690: sys_ptrace(request: 4204, pid: 10074e, addr: 1, data: c000699c70)
             exe-1049896 [000] ..... 1635486.275699: sys_ptrace -> 0x0
             exe-1049896 [000] ..... 1635486.275700: sys_ptrace(request: 4204, pid: 10074e, addr: 202, data: c000699c70)
             exe-1049896 [000] ..... 1635486.275704: sys_ptrace -> 0x0
             exe-1049896 [000] ..... 1635486.275712: sys_ptrace(request: 4205, pid: 10074e, addr: 1, data: c000699c70)
             exe-1049673 [002] ..... 1635486.275719: sys_nanosleep -> 0x0
             exe-1049896 [000] ..... 1635486.275720: sys_ptrace -> 0x0
             exe-1049896 [000] ..... 1635486.275721: sys_ptrace(request: 4205, pid: 10074e, addr: 202, data: c000699c70)
             exe-1049673 [002] ..... 1635486.275725: sys_nanosleep(rqtp: c000069f10, rmtp: 0)
             exe-1049896 [000] ..... 1635486.275727: sys_ptrace -> 0x0
             exe-1049896 [000] ..... 1635486.275729: sys_ptrace(request: 1f, pid: 10074e, addr: 0, data: 0)
             exe-1049896 [000] ..... 1635486.275735: sys_ptrace -> 0x0
             exe-1049896 [000] ..... 1635486.275737: sys_wait4(upid: 10074e, stat_addr: c000699bf4, options: 40000002, ru: 0)
             exe-1049567 [002] ..... 1635486.275750: sys_nanosleep -> 0x0
             exe-1049567 [002] ..... 1635486.275755: sys_nanosleep(rqtp: c000069f10, rmtp: 0)
             exe-1050446 [002] ..... 1635486.275788: sys_msgctl -> 0xffffffffffffffea
             exe-1049896 [000] ..... 1635486.275810: sys_wait4 -> 0x10074e
             exe-1049896 [000] ..... 1635486.275813: sys_ptrace(request: 4204, pid: 10074e, addr: 1, data: c000699c70)
             exe-1049673 [002] ..... 1635486.275836: sys_nanosleep -> 0x0
             exe-1049896 [000] ..... 1635486.275837: sys_ptrace -> 0x0
             exe-1049896 [000] ..... 1635486.275838: sys_ptrace(request: 4204, pid: 10074e, addr: 202, data: c000699c70)
             exe-1049896 [000] ..... 1635486.275840: sys_ptrace -> 0x0
             exe-1049673 [002] ..... 1635486.275842: sys_nanosleep(rqtp: c000069f10, rmtp: 0)
             exe-1049896 [000] ..... 1635486.275846: sys_pwrite64(fd: 63, buf: 7fd66edd4080, count: 25, pos: 27)
             exe-1049896 [000] ..... 1635486.275847: tracing_mark_write: msgctl(msqid=0, cmd=0x2, buf=0x4) end
             exe-1049896 [000] ..... 1635486.346793: tracing_mark_write: msgctl(msqid=-9, cmd=0x2, buf=0x7fcbd7e00000) start
             exe-1049896 [000] ..... 1635486.346795: sys_pwrite64 -> 0x33
             exe-1049896 [000] ..... 1635486.346802: sys_ptrace(request: 4205, pid: 10074e, addr: 1, data: c000699c70)
             exe-1049896 [000] ..... 1635486.346805: sys_ptrace -> 0x0
             exe-1049567 [001] ..... 1635486.346805: sys_nanosleep -> 0x0
             exe-1049896 [000] ..... 1635486.346806: sys_ptrace(request: 4205, pid: 10074e, addr: 202, data: c000699c70)
             exe-1049567 [001] ..... 1635486.346811: sys_nanosleep(rqtp: c000069f10, rmtp: 0)
             exe-1049896 [000] ..... 1635486.346818: sys_ptrace -> 0x0
             exe-1049896 [000] ..... 1635486.346820: sys_ptrace(request: 1f, pid: 10074e, addr: 0, data: 0)
             exe-1049896 [000] .N... 1635486.346827: sys_ptrace -> 0x0
             exe-1050446 [000] ..... 1635486.346839: sys_write -> 0x33
             exe-1049896 [000] ..... 1635486.346858: sys_wait4(upid: 10074e, stat_addr: c000699bf4, options: 40000002, ru: 0)
             exe-1049896 [000] ..... 1635486.346860: sys_wait4 -> 0x10074e
             exe-1049896 [000] ..... 1635486.346863: sys_ptrace(request: 4204, pid: 10074e, addr: 1, data: c000699c70)
             exe-1049896 [000] ..... 1635486.346867: sys_ptrace -> 0x0
             exe-1049896 [000] ..... 1635486.346869: sys_ptrace(request: 4204, pid: 10074e, addr: 202, data: c000699c70)
             exe-1049896 [000] ..... 1635486.346872: sys_ptrace -> 0x0
             exe-1049896 [000] ..... 1635486.346880: sys_ptrace(request: 4205, pid: 10074e, addr: 1, data: c000699c70)
             exe-1049896 [000] ..... 1635486.346883: sys_ptrace -> 0x0
             exe-1049896 [000] ..... 1635486.346884: sys_ptrace(request: 4205, pid: 10074e, addr: 202, data: c000699c70)
             exe-1049896 [000] ..... 1635486.346895: sys_ptrace -> 0x0
             exe-1049896 [000] ..... 1635486.346897: sys_ptrace(request: 1f, pid: 10074e, addr: 0, data: 0)
             exe-1049673 [001] ..... 1635486.346901: sys_nanosleep -> 0x0
             exe-1049896 [000] .N... 1635486.346904: sys_ptrace -> 0x0
             exe-1049673 [001] ..... 1635486.346907: sys_nanosleep(rqtp: c000069f10, rmtp: 0)
             exe-1050446 [000] ..... 1635486.346914: sys_msgctl -> 0xffffffffffffffea
             exe-1049567 [001] ..... 1635486.346925: sys_nanosleep -> 0x0
             exe-1049567 [001] ..... 1635486.346930: sys_nanosleep(rqtp: c000069f10, rmtp: 0)
             exe-1049896 [000] ..... 1635486.346934: sys_wait4(upid: 10074e, stat_addr: c000699bf4, options: 40000002, ru: 0)
             exe-1049896 [000] ..... 1635486.346936: sys_wait4 -> 0x10074e
             exe-1049896 [000] ..... 1635486.346939: sys_ptrace(request: 4204, pid: 10074e, addr: 1, data: c000699c70)
             exe-1049896 [000] ..... 1635486.346942: sys_ptrace -> 0x0
             exe-1049896 [000] ..... 1635486.346944: sys_ptrace(request: 4204, pid: 10074e, addr: 202, data: c000699c70)
             exe-1049896 [000] ..... 1635486.346946: sys_ptrace -> 0x0
             exe-1049896 [000] ..... 1635486.346956: sys_pwrite64(fd: 63, buf: 7fd66edd4080, count: 31, pos: 33)
             exe-1049896 [000] ..... 1635486.346957: tracing_mark_write: msgctl(msqid=-9, cmd=0x2, buf=0x7fcbd7e00000) end
             exe-1049896 [001] ..... 1635486.431192: tracing_mark_write: msgctl(msqid=-1, cmd=0x2, buf=0x4) start
             exe-1049896 [001] ..... 1635486.431194: sys_pwrite64 -> 0x28
             exe-1049896 [001] ..... 1635486.431202: sys_ptrace(request: 4205, pid: 10074e, addr: 1, data: c000699c70)
             exe-1049896 [001] .N... 1635486.431234: sys_ptrace -> 0x0
             exe-1049673 [001] ..... 1635486.431245: sys_nanosleep -> 0x0
             exe-1049673 [001] ..... 1635486.431252: sys_nanosleep(rqtp: c000069f10, rmtp: 0)
             exe-1049896 [001] ..... 1635486.431278: sys_ptrace(request: 4205, pid: 10074e, addr: 202, data: c000699c70)
             exe-1049896 [001] ..... 1635486.431293: sys_ptrace -> 0x0
             exe-1049896 [001] ..... 1635486.431295: sys_ptrace(request: 1f, pid: 10074e, addr: 0, data: 0)
             exe-1049896 [001] ..... 1635486.431310: sys_ptrace -> 0x0
             exe-1049896 [001] ..... 1635486.431314: sys_wait4(upid: 10074e, stat_addr: c000699bf4, options: 40000002, ru: 0)
             exe-1050446 [000] ..... 1635486.431332: sys_write -> 0x28
             exe-1049673 [001] ..... 1635486.431357: sys_nanosleep -> 0x0
             exe-1049673 [001] ..... 1635486.431365: sys_epoll_pwait(epfd: 10, events: c000069920, maxevents: 80, timeout: 0, sigmask: 0, sigsetsize: 0)
             exe-1049673 [001] ..... 1635486.431367: sys_epoll_pwait -> 0x0
             exe-1049673 [001] ..... 1635486.431371: sys_nanosleep(rqtp: c000069f10, rmtp: 0)
             exe-1049896 [001] ..... 1635486.431395: sys_wait4 -> 0x10074e
             exe-1049896 [001] ..... 1635486.431401: sys_ptrace(request: 4204, pid: 10074e, addr: 1, data: c000699c70)
             exe-1049896 [001] ..... 1635486.431406: sys_ptrace -> 0x0
             exe-1049896 [001] ..... 1635486.431408: sys_ptrace(request: 4204, pid: 10074e, addr: 202, data: c000699c70)
             exe-1049896 [001] ..... 1635486.431411: sys_ptrace -> 0x0
             exe-1049896 [001] ..... 1635486.431422: sys_ptrace(request: 4205, pid: 10074e, addr: 1, data: c000699c70)
             exe-1049896 [001] ..... 1635486.431426: sys_ptrace -> 0x0
             exe-1049896 [001] ..... 1635486.431427: sys_ptrace(request: 4205, pid: 10074e, addr: 202, data: c000699c70)
             exe-1049896 [001] ..... 1635486.431440: sys_ptrace -> 0x0
             exe-1049896 [001] ..... 1635486.431442: sys_ptrace(request: 1f, pid: 10074e, addr: 0, data: 0)
             exe-1049896 [001] .N... 1635486.431481: sys_ptrace -> 0x0
             exe-1049673 [001] ..... 1635486.431492: sys_nanosleep -> 0x0
             exe-1050446 [000] ..... 1635486.431497: sys_msgctl -> 0xffffffffffffffea
             exe-1049673 [001] ..... 1635486.431499: sys_nanosleep(rqtp: c000069f10, rmtp: 0)
             exe-1049896 [001] ..... 1635486.431528: sys_wait4(upid: 10074e, stat_addr: c000699bf4, options: 40000002, ru: 0)
             exe-1049896 [001] ..... 1635486.431531: sys_wait4 -> 0x10074e
             exe-1049896 [001] ..... 1635486.431534: sys_ptrace(request: 4204, pid: 10074e, addr: 1, data: c000699c70)
             exe-1049896 [001] ..... 1635486.431538: sys_ptrace -> 0x0
             exe-1049896 [001] ..... 1635486.431540: sys_ptrace(request: 4204, pid: 10074e, addr: 202, data: c000699c70)
             exe-1049896 [001] ..... 1635486.431542: sys_ptrace -> 0x0
             exe-1049896 [001] ..... 1635486.431559: sys_pwrite64(fd: 63, buf: 7fd66edd4080, count: 26, pos: 28)
             exe-1049896 [001] ..... 1635486.431561: tracing_mark_write: msgctl(msqid=-1, cmd=0x2, buf=0x4) end
             exe-1049896 [001] ..... 1635486.512272: tracing_mark_write: msgctl(msqid=0x6b6b6b6b, cmd=0x2, buf=0x7fcbd9d75000) start
             exe-1049896 [001] ..... 1635486.512273: sys_pwrite64 -> 0x3b
             exe-1049896 [001] ..... 1635486.512278: sys_ptrace(request: 4205, pid: 10074e, addr: 1, data: c000699c70)
             exe-1049896 [001] ..... 1635486.512280: sys_ptrace -> 0x0
             exe-1049896 [001] ..... 1635486.512282: sys_ptrace(request: 4205, pid: 10074e, addr: 202, data: c000699c70)
             exe-1049896 [001] ..... 1635486.512287: sys_ptrace -> 0x0
             exe-1049896 [001] ..... 1635486.512289: sys_ptrace(request: 1f, pid: 10074e, addr: 0, data: 0)
             exe-1049896 [001] ..... 1635486.512296: sys_ptrace -> 0x0
             exe-1049896 [001] ..... 1635486.512297: sys_wait4(upid: 10074e, stat_addr: c000699bf4, options: 40000002, ru: 0)
             exe-1050446 [000] ..... 1635486.512305: sys_write -> 0x3b
             exe-1049896 [001] ..... 1635486.512319: sys_wait4 -> 0x10074e
             exe-1049896 [001] ..... 1635486.512321: sys_ptrace(request: 4204, pid: 10074e, addr: 1, data: c000699c70)
             exe-1049896 [001] ..... 1635486.512323: sys_ptrace -> 0x0
             exe-1049896 [001] ..... 1635486.512325: sys_ptrace(request: 4204, pid: 10074e, addr: 202, data: c000699c70)
             exe-1049896 [001] ..... 1635486.512327: sys_ptrace -> 0x0
             exe-1049896 [001] ..... 1635486.512333: sys_ptrace(request: 4205, pid: 10074e, addr: 1, data: c000699c70)
             exe-1049896 [001] ..... 1635486.512335: sys_ptrace -> 0x0
             exe-1049896 [001] ..... 1635486.512337: sys_ptrace(request: 4205, pid: 10074e, addr: 202, data: c000699c70)
             exe-1049896 [001] ..... 1635486.512342: sys_ptrace -> 0x0
             exe-1049896 [001] ..... 1635486.512344: sys_ptrace(request: 1f, pid: 10074e, addr: 0, data: 0)
             exe-1049896 [001] ..... 1635486.512349: sys_ptrace -> 0x0
             exe-1049896 [001] ..... 1635486.512351: sys_wait4(upid: 10074e, stat_addr: c000699bf4, options: 40000002, ru: 0)
             exe-1050446 [000] ..... 1635486.512355: sys_msgctl -> 0xffffffffffffffea
             exe-1049896 [001] ..... 1635486.512369: sys_wait4 -> 0x10074e
             exe-1049896 [001] ..... 1635486.512371: sys_ptrace(request: 4204, pid: 10074e, addr: 1, data: c000699c70)
             exe-1049896 [001] ..... 1635486.512373: sys_ptrace -> 0x0
             exe-1049896 [001] ..... 1635486.512374: sys_ptrace(request: 4204, pid: 10074e, addr: 202, data: c000699c70)
             exe-1049896 [001] ..... 1635486.512376: sys_ptrace -> 0x0
             exe-1049896 [001] ..... 1635486.512381: sys_pwrite64(fd: 63, buf: 7fd66edd4080, count: 39, pos: 3b)
             exe-1049896 [001] ..... 1635486.512382: tracing_mark_write: msgctl(msqid=0x6b6b6b6b, cmd=0x2, buf=0x7fcbd9d75000) end
             exe-1049896 [001] ..... 1635486.591177: tracing_mark_write: msgctl(msqid=2, cmd=0x2, buf=0x1) start
             exe-1049896 [001] ..... 1635486.591178: sys_pwrite64 -> 0x27
             exe-1049567 [001] ..... 1635486.591198: sys_nanosleep -> 0x0
             exe-1049567 [001] ..... 1635486.591201: sys_nanosleep(rqtp: c000069f10, rmtp: 0)
             exe-1049896 [001] ..... 1635486.591215: sys_ptrace(request: 4205, pid: 10074e, addr: 1, data: c000699c70)
             exe-1049896 [001] ..... 1635486.591217: sys_ptrace -> 0x0
             exe-1049896 [001] ..... 1635486.591219: sys_ptrace(request: 4205, pid: 10074e, addr: 202, data: c000699c70)
             exe-1049896 [001] ..... 1635486.591227: sys_ptrace -> 0x0
             exe-1049896 [001] ..... 1635486.591228: sys_ptrace(request: 1f, pid: 10074e, addr: 0, data: 0)
             exe-1049896 [001] ..... 1635486.591234: sys_ptrace -> 0x0
             exe-1049896 [001] ..... 1635486.591236: sys_wait4(upid: 10074e, stat_addr: c000699bf4, options: 40000002, ru: 0)
             exe-1050446 [000] ..... 1635486.591243: sys_write -> 0x27
             exe-1049896 [001] ..... 1635486.591258: sys_wait4 -> 0x10074e
             exe-1049896 [001] ..... 1635486.591260: sys_ptrace(request: 4204, pid: 10074e, addr: 1, data: c000699c70)
             exe-1049896 [001] ..... 1635486.591263: sys_ptrace -> 0x0
             exe-1049896 [001] ..... 1635486.591264: sys_ptrace(request: 4204, pid: 10074e, addr: 202, data: c000699c70)
             exe-1049896 [001] ..... 1635486.591266: sys_ptrace -> 0x0
           <...>-44358   [003] ..... 1635486.591289: sys_write(fd: 6, buf: 7f1f1effccfb, count: 1)
             exe-1049567 [001] ..... 1635486.591302: sys_nanosleep -> 0x0
             exe-1049567 [001] ..... 1635486.591305: sys_nanosleep(rqtp: c000069f10, rmtp: 0)
           <...>-44358   [003] ..... 1635486.591310: sys_write -> 0x1
           <...>-44358   [003] ..... 1635486.591314: sys_futex(uaddr: c000e07948, op: 80, val: 0, utime: 0, uaddr2: 0, val3: 0)
             exe-1049896 [001] ..... 1635486.591326: sys_ptrace(request: 4205, pid: 10074e, addr: 1, data: c000699c70)
             exe-1049896 [001] ..... 1635486.591330: sys_ptrace -> 0x0
             exe-1049896 [001] ..... 1635486.591331: sys_ptrace(request: 4205, pid: 10074e, addr: 202, data: c000699c70)
             exe-1049896 [001] ..... 1635486.591339: sys_ptrace -> 0x0
             exe-1049896 [001] ..... 1635486.591341: sys_ptrace(request: 1f, pid: 10074e, addr: 0, data: 0)
             exe-1049896 [001] ..... 1635486.591347: sys_ptrace -> 0x0
             exe-1049896 [001] ..... 1635486.591350: sys_wait4(upid: 10074e, stat_addr: c000699bf4, options: 40000002, ru: 0)
             exe-1050446 [000] ..... 1635486.591369: sys_msgctl -> 0xfffffffffffffff3
             exe-1049567 [001] ..... 1635486.591397: sys_nanosleep -> 0x0
             exe-1049567 [001] ..... 1635486.591400: sys_nanosleep(rqtp: c000069f10, rmtp: 0)
             exe-1049896 [001] ..... 1635486.591409: sys_wait4 -> 0x10074e
             exe-1049896 [001] ..... 1635486.591412: sys_ptrace(request: 4204, pid: 10074e, addr: 1, data: c000699c70)
             exe-1049896 [001] ..... 1635486.591415: sys_ptrace -> 0x0
             exe-1049896 [001] ..... 1635486.591416: sys_ptrace(request: 4204, pid: 10074e, addr: 202, data: c000699c70)
             exe-1049896 [001] ..... 1635486.591419: sys_ptrace -> 0x0
             exe-1049896 [001] ..... 1635486.591425: sys_pwrite64(fd: 63, buf: 7fd66edd4080, count: 25, pos: 27)
             exe-1049896 [001] ..... 1635486.591427: tracing_mark_write: msgctl(msqid=2, cmd=0x2, buf=0x1) end
             exe-1049896 [001] ..... 1635486.664589: tracing_mark_write: msgctl(msqid=0xffffffd7ffdffdfc, cmd=0x2, buf=0x7fcbd8000000) start
             exe-1049896 [001] ..... 1635486.664591: sys_pwrite64 -> 0x43
             exe-1049896 [001] ..... 1635486.664671: sys_ptrace(request: 4205, pid: 10074e, addr: 1, data: c000699c70)
             exe-1049896 [001] ..... 1635486.664676: sys_ptrace -> 0x0
             exe-1049896 [001] ..... 1635486.664678: sys_ptrace(request: 4205, pid: 10074e, addr: 202, data: c000699c70)
             exe-1049896 [001] ..... 1635486.664691: sys_ptrace -> 0x0
             exe-1049896 [001] ..... 1635486.664693: sys_ptrace(request: 1f, pid: 10074e, addr: 0, data: 0)
             exe-1049896 [001] ..... 1635486.664708: sys_ptrace -> 0x0
             exe-1049896 [001] ..... 1635486.664711: sys_wait4(upid: 10074e, stat_addr: c000699bf4, options: 40000002, ru: 0)
             exe-1050446 [003] ..... 1635486.664722: sys_write -> 0x43
             exe-1049896 [001] ..... 1635486.664784: sys_wait4 -> 0x10074e
             exe-1049896 [001] ..... 1635486.664790: sys_ptrace(request: 4204, pid: 10074e, addr: 1, data: c000699c70)
             exe-1049896 [001] ..... 1635486.664795: sys_ptrace -> 0x0
             exe-1049896 [001] ..... 1635486.664798: sys_ptrace(request: 4204, pid: 10074e, addr: 202, data: c000699c70)
             exe-1049896 [001] ..... 1635486.664801: sys_ptrace -> 0x0
             exe-1049896 [001] ..... 1635486.664811: sys_ptrace(request: 4205, pid: 10074e, addr: 1, data: c000699c70)
             exe-1049896 [001] ..... 1635486.664814: sys_ptrace -> 0x0
             exe-1049896 [001] ..... 1635486.664815: sys_ptrace(request: 4205, pid: 10074e, addr: 202, data: c000699c70)
             exe-1049896 [001] ..... 1635486.664827: sys_ptrace -> 0x0
             exe-1049896 [001] ..... 1635486.664829: sys_ptrace(request: 1f, pid: 10074e, addr: 0, data: 0)
             exe-1050446 [003] ..... 1635486.664861: sys_msgctl -> 0xffffffffffffffea
             exe-1049896 [001] .N... 1635486.664865: sys_ptrace -> 0x0
             exe-1049896 [001] ..... 1635486.664905: sys_wait4(upid: 10074e, stat_addr: c000699bf4, options: 40000002, ru: 0)
             exe-1049896 [001] ..... 1635486.664908: sys_wait4 -> 0x10074e
             exe-1049896 [001] ..... 1635486.664910: sys_ptrace(request: 4204, pid: 10074e, addr: 1, data: c000699c70)
             exe-1049896 [001] ..... 1635486.664915: sys_ptrace -> 0x0
             exe-1049896 [001] ..... 1635486.664916: sys_ptrace(request: 4204, pid: 10074e, addr: 202, data: c000699c70)
             exe-1049896 [001] ..... 1635486.664919: sys_ptrace -> 0x0
             exe-1049896 [001] ..... 1635486.664936: sys_pwrite64(fd: 63, buf: 7fd66edd4080, count: 41, pos: 43)
             exe-1049567 [001] ..... 1635486.665003: sys_nanosleep -> 0x0
             exe-1049567 [001] ..... 1635486.665010: sys_nanosleep(rqtp: c000069f10, rmtp: 0)
             exe-1050282 [001] ..... 1635486.665089: sys_epoll_pwait -> 0x0
             exe-1050282 [001] ..... 1635486.665102: sys_futex(uaddr: c001f2d948, op: 81, val: 1, utime: 0, uaddr2: 0, val3: 0)
             exe-1050282 [001] ..... 1635486.665118: sys_futex -> 0x1
             exe-1050282 [001] ..... 1635486.665134: sys_epoll_pwait(epfd: 11, events: c000695840, maxevents: 80, timeout: 9, sigmask: 0, sigsetsize: 0)
             exe-1049896 [001] ..... 1635486.665202: tracing_mark_write: msgctl(msqid=0xffffffd7ffdffdfc, cmd=0x2, buf=0x7fcbd8000000) end
             exe-1049896 [001] ..... 1635486.736765: tracing_mark_write: msgctl(msqid=212, cmd=0x2, buf=0x7fcbd7e00000) start
             exe-1049896 [001] ..... 1635486.736767: sys_pwrite64 -> 0x34
             exe-1049673 [001] ..... 1635486.736814: sys_nanosleep -> 0x0
             exe-1049673 [001] ..... 1635486.736821: sys_nanosleep(rqtp: c000069f10, rmtp: 0)
             exe-1050282 [001] ..... 1635486.736845: sys_epoll_pwait -> 0x0
             exe-1050282 [001] ..... 1635486.736859: sys_futex(uaddr: c001f2d948, op: 81, val: 1, utime: 0, uaddr2: 0, val3: 0)
             exe-1050282 [001] ..... 1635486.736874: sys_futex -> 0x1
             exe-1050282 [001] ..... 1635486.736891: sys_epoll_pwait(epfd: 11, events: c000695840, maxevents: 80, timeout: 9, sigmask: 0, sigsetsize: 0)
             exe-1050232 [002] ..... 1635486.736921: sys_futex -> 0x0
             exe-1049673 [001] ..... 1635486.736930: sys_nanosleep -> 0x0
             exe-1050232 [002] ..... 1635486.736935: sys_futex(uaddr: c001f2d948, op: 80, val: 0, utime: 0, uaddr2: 0, val3: 0)
             exe-1049673 [001] ..... 1635486.736936: sys_nanosleep(rqtp: c000069f10, rmtp: 0)
             exe-1049896 [001] ..... 1635486.736965: sys_ptrace(request: 4205, pid: 10074e, addr: 1, data: c000699c70)
             exe-1049896 [001] ..... 1635486.736970: sys_ptrace -> 0x0
             exe-1049896 [001] ..... 1635486.736972: sys_ptrace(request: 4205, pid: 10074e, addr: 202, data: c000699c70)
             exe-1049896 [001] ..... 1635486.736986: sys_ptrace -> 0x0
             exe-1049896 [001] ..... 1635486.736988: sys_ptrace(request: 1f, pid: 10074e, addr: 0, data: 0)
             exe-1049896 [001] .N... 1635486.736995: sys_ptrace -> 0x0
             exe-1050446 [001] ..... 1635486.737008: sys_write -> 0x34
             exe-1049673 [001] ..... 1635486.737082: sys_nanosleep -> 0x0
             exe-1049673 [001] ..... 1635486.737089: sys_nanosleep(rqtp: c000069f10, rmtp: 0)
             exe-1049896 [001] ..... 1635486.737122: sys_wait4(upid: 10074e, stat_addr: c000699bf4, options: 40000002, ru: 0)
             exe-1049896 [001] ..... 1635486.737126: sys_wait4 -> 0x10074e
             exe-1049896 [001] ..... 1635486.737129: sys_ptrace(request: 4204, pid: 10074e, addr: 1, data: c000699c70)
             exe-1049896 [001] ..... 1635486.737134: sys_ptrace -> 0x0
             exe-1049896 [001] ..... 1635486.737136: sys_ptrace(request: 4204, pid: 10074e, addr: 202, data: c000699c70)
             exe-1049896 [001] ..... 1635486.737139: sys_ptrace -> 0x0
             exe-1049896 [001] ..... 1635486.737150: sys_ptrace(request: 4205, pid: 10074e, addr: 1, data: c000699c70)
             exe-1049896 [001] ..... 1635486.737152: sys_ptrace -> 0x0
             exe-1049896 [001] ..... 1635486.737154: sys_ptrace(request: 4205, pid: 10074e, addr: 202, data: c000699c70)
             exe-1049673 [001] ..... 1635486.737203: sys_nanosleep -> 0x0
             exe-1049673 [001] ..... 1635486.737209: sys_nanosleep(rqtp: c000069f10, rmtp: 0)
             exe-1049896 [001] ..... 1635486.737243: sys_ptrace -> 0x0
             exe-1049896 [001] ..... 1635486.737248: sys_ptrace(request: 1f, pid: 10074e, addr: 0, data: 0)
             exe-1049896 [001] .N... 1635486.737257: sys_ptrace -> 0x0
             exe-1050446 [001] ..... 1635486.737270: sys_msgctl -> 0xffffffffffffffea
             exe-1049673 [001] ..... 1635486.737329: sys_nanosleep -> 0x0
             exe-1049673 [001] ..... 1635486.737336: sys_nanosleep(rqtp: c000069f10, rmtp: 0)
             exe-1049896 [001] ..... 1635486.737365: sys_wait4(upid: 10074e, stat_addr: c000699bf4, options: 40000002, ru: 0)
             exe-1049896 [001] ..... 1635486.737368: sys_wait4 -> 0x10074e
             exe-1049896 [001] ..... 1635486.737371: sys_ptrace(request: 4204, pid: 10074e, addr: 1, data: c000699c70)
             exe-1049896 [001] ..... 1635486.737375: sys_ptrace -> 0x0
             exe-1049896 [001] ..... 1635486.737377: sys_ptrace(request: 4204, pid: 10074e, addr: 202, data: c000699c70)
             exe-1049896 [001] ..... 1635486.737379: sys_ptrace -> 0x0
             exe-1049896 [001] ..... 1635486.737396: sys_pwrite64(fd: 63, buf: 7fd66edd4080, count: 32, pos: 34)
             exe-1049896 [001] ..... 1635486.737399: tracing_mark_write: msgctl(msqid=212, cmd=0x2, buf=0x7fcbd7e00000) end
             exe-1049896 [001] ..... 1635486.816109: tracing_mark_write: msgctl(msqid=4096, cmd=0x2, buf=0x0) start
             exe-1049896 [001] ..... 1635486.816111: sys_pwrite64 -> 0x2a
             exe-1049896 [001] ..... 1635486.816121: sys_ptrace(request: 4205, pid: 10074e, addr: 1, data: c000699c70)
             exe-1049896 [001] ..... 1635486.816125: sys_ptrace -> 0x0
             exe-1049896 [001] ..... 1635486.816126: sys_ptrace(request: 4205, pid: 10074e, addr: 202, data: c000699c70)
             exe-1049896 [001] ..... 1635486.816215: sys_ptrace -> 0x0
             exe-1049896 [001] ..... 1635486.816220: sys_ptrace(request: 1f, pid: 10074e, addr: 0, data: 0)
             exe-1049896 [001] .N... 1635486.816228: sys_ptrace -> 0x0
             exe-1050446 [001] ..... 1635486.816241: sys_write -> 0x2a
             exe-1049896 [001] ..... 1635486.816339: sys_wait4(upid: 10074e, stat_addr: c000699bf4, options: 40000002, ru: 0)
             exe-1049896 [001] ..... 1635486.816342: sys_wait4 -> 0x10074e
             exe-1049896 [001] ..... 1635486.816345: sys_ptrace(request: 4204, pid: 10074e, addr: 1, data: c000699c70)
             exe-1049896 [001] ..... 1635486.816349: sys_ptrace -> 0x0
             exe-1049896 [001] ..... 1635486.816351: sys_ptrace(request: 4204, pid: 10074e, addr: 202, data: c000699c70)
             exe-1049896 [001] ..... 1635486.816354: sys_ptrace -> 0x0
             exe-1049896 [001] ..... 1635486.816365: sys_ptrace(request: 4205, pid: 10074e, addr: 1, data: c000699c70)
             exe-1049896 [001] ..... 1635486.816368: sys_ptrace -> 0x0
             exe-1049896 [001] ..... 1635486.816370: sys_ptrace(request: 4205, pid: 10074e, addr: 202, data: c000699c70)
             exe-1049896 [001] .N... 1635486.816409: sys_ptrace -> 0x0
             exe-1049896 [001] ..... 1635486.816454: sys_ptrace(request: 1f, pid: 10074e, addr: 0, data: 0)
             exe-1049896 [001] .N... 1635486.816462: sys_ptrace -> 0x0
             exe-1050446 [001] ..... 1635486.816475: sys_msgctl -> 0xffffffffffffffea
             exe-1049896 [001] .N... 1635486.816526: sys_wait4(upid: 10074e, stat_addr: c000699bf4, options: 40000002, ru: 0)
             exe-1049896 [001] .N... 1635486.816529: sys_wait4 -> 0x10074e
             exe-1049896 [001] ..... 1635486.816578: sys_ptrace(request: 4204, pid: 10074e, addr: 1, data: c000699c70)
             exe-1049896 [001] ..... 1635486.816583: sys_ptrace -> 0x0
             exe-1049896 [001] ..... 1635486.816585: sys_ptrace(request: 4204, pid: 10074e, addr: 202, data: c000699c70)
             exe-1049896 [001] ..... 1635486.816588: sys_ptrace -> 0x0
             exe-1049896 [001] ..... 1635486.816605: sys_pwrite64(fd: 63, buf: 7fd66edd4080, count: 28, pos: 2a)
             exe-1049896 [001] ..... 1635486.816607: tracing_mark_write: msgctl(msqid=4096, cmd=0x2, buf=0x0) end
             exe-1049896 [001] ..... 1635486.877771: tracing_mark_write: msgctl(msqid=0x77777777, cmd=0x2, buf=0x8) start
             exe-1049896 [001] ..... 1635486.877773: sys_pwrite64 -> 0x30
             exe-1049896 [001] ..... 1635486.877780: sys_ptrace(request: 4205, pid: 10074e, addr: 1, data: c000699c70)
             exe-1049896 [001] ..... 1635486.877784: sys_ptrace -> 0x0
             exe-1049896 [001] ..... 1635486.877785: sys_ptrace(request: 4205, pid: 10074e, addr: 202, data: c000699c70)
             exe-1049896 [001] ..... 1635486.877794: sys_ptrace -> 0x0
             exe-1049896 [001] ..... 1635486.877795: sys_ptrace(request: 1f, pid: 10074e, addr: 0, data: 0)
             exe-1049567 [002] ..... 1635486.877797: sys_nanosleep -> 0x0
             exe-1049896 [001] ..... 1635486.877803: sys_ptrace -> 0x0
             exe-1049896 [001] ..... 1635486.877805: sys_wait4(upid: 10074e, stat_addr: c000699bf4, options: 40000002, ru: 0)
             exe-1049567 [002] ..... 1635486.877813: sys_nanosleep(rqtp: c000069f10, rmtp: 0)
             exe-1050446 [002] ..... 1635486.877836: sys_write -> 0x30
             exe-1049896 [001] ..... 1635486.877856: sys_wait4 -> 0x10074e
             exe-1049896 [001] ..... 1635486.877858: sys_ptrace(request: 4204, pid: 10074e, addr: 1, data: c000699c70)
             exe-1049896 [001] ..... 1635486.877861: sys_ptrace -> 0x0
             exe-1049896 [001] ..... 1635486.877863: sys_ptrace(request: 4204, pid: 10074e, addr: 202, data: c000699c70)
             exe-1049896 [001] ..... 1635486.877865: sys_ptrace -> 0x0
             exe-1049896 [001] ..... 1635486.877871: sys_ptrace(request: 4205, pid: 10074e, addr: 1, data: c000699c70)
             exe-1049896 [001] ..... 1635486.877873: sys_ptrace -> 0x0
             exe-1049896 [001] ..... 1635486.877875: sys_ptrace(request: 4205, pid: 10074e, addr: 202, data: c000699c70)
             exe-1049896 [001] ..... 1635486.877881: sys_ptrace -> 0x0
             exe-1049896 [001] ..... 1635486.877883: sys_ptrace(request: 1f, pid: 10074e, addr: 0, data: 0)
             exe-1049896 [001] ..... 1635486.877889: sys_ptrace -> 0x0
             exe-1049896 [001] ..... 1635486.877891: sys_wait4(upid: 10074e, stat_addr: c000699bf4, options: 40000002, ru: 0)
             exe-1050446 [002] ..... 1635486.877899: sys_msgctl -> 0xffffffffffffffea
             exe-1049896 [001] ..... 1635486.877913: sys_wait4 -> 0x10074e
             exe-1049896 [001] ..... 1635486.877916: sys_ptrace(request: 4204, pid: 10074e, addr: 1, data: c000699c70)
             exe-1049896 [001] ..... 1635486.877918: sys_ptrace -> 0x0
             exe-1049896 [001] ..... 1635486.877919: sys_ptrace(request: 4204, pid: 10074e, addr: 202, data: c000699c70)
             exe-1049896 [001] ..... 1635486.877921: sys_ptrace -> 0x0
             exe-1049896 [001] ..... 1635486.877926: sys_pwrite64(fd: 63, buf: 7fd66edd4080, count: 2e, pos: 30)
             exe-1049896 [001] ..... 1635486.877927: tracing_mark_write: msgctl(msqid=0x77777777, cmd=0x2, buf=0x8) end
             exe-1049896 [001] ..... 1635486.941233: tracing_mark_write: msgctl(msqid=0, cmd=0x2, buf=0x1) start
             exe-1049896 [001] ..... 1635486.941235: sys_pwrite64 -> 0x27
             exe-1049896 [001] ..... 1635486.941242: sys_ptrace(request: 4205, pid: 10074e, addr: 1, data: c000699c70)
             exe-1049896 [001] ..... 1635486.941245: sys_ptrace -> 0x0
             exe-1049896 [001] ..... 1635486.941246: sys_ptrace(request: 4205, pid: 10074e, addr: 202, data: c000699c70)
             exe-1049896 [001] ..... 1635486.941322: sys_ptrace -> 0x0
             exe-1049896 [001] ..... 1635486.941327: sys_ptrace(request: 1f, pid: 10074e, addr: 0, data: 0)
             exe-1049896 [001] ..... 1635486.941341: sys_ptrace -> 0x0
             exe-1049896 [001] ..... 1635486.941344: sys_wait4(upid: 10074e, stat_addr: c000699bf4, options: 40000002, ru: 0)
             exe-1050446 [002] ..... 1635486.941364: sys_write -> 0x27
             exe-1049896 [001] ..... 1635486.941424: sys_wait4 -> 0x10074e
             exe-1049896 [001] ..... 1635486.941430: sys_ptrace(request: 4204, pid: 10074e, addr: 1, data: c000699c70)
             exe-1049896 [001] ..... 1635486.941434: sys_ptrace -> 0x0
             exe-1049896 [001] ..... 1635486.941436: sys_ptrace(request: 4204, pid: 10074e, addr: 202, data: c000699c70)
             exe-1049896 [001] ..... 1635486.941439: sys_ptrace -> 0x0
             exe-1049896 [001] ..... 1635486.941449: sys_ptrace(request: 4205, pid: 10074e, addr: 1, data: c000699c70)
             exe-1049896 [001] ..... 1635486.941451: sys_ptrace -> 0x0
             exe-1049896 [001] ..... 1635486.941452: sys_ptrace(request: 4205, pid: 10074e, addr: 202, data: c000699c70)
             exe-1049896 [001] ..... 1635486.941464: sys_ptrace -> 0x0
             exe-1049896 [001] ..... 1635486.941465: sys_ptrace(request: 1f, pid: 10074e, addr: 0, data: 0)
             exe-1050446 [002] ..... 1635486.941479: sys_msgctl -> 0xffffffffffffffea
             exe-1049896 [001] .N... 1635486.941497: sys_ptrace -> 0x0
             exe-1049673 [001] ..... 1635486.941537: sys_nanosleep -> 0x0
             exe-1049673 [001] ..... 1635486.941543: sys_nanosleep(rqtp: c000069f10, rmtp: 0)
             exe-1049896 [001] ..... 1635486.941566: sys_wait4(upid: 10074e, stat_addr: c000699bf4, options: 40000002, ru: 0)
             exe-1049896 [001] ..... 1635486.941570: sys_wait4 -> 0x10074e
             exe-1049896 [001] ..... 1635486.941572: sys_ptrace(request: 4204, pid: 10074e, addr: 1, data: c000699c70)
             exe-1049896 [001] ..... 1635486.941577: sys_ptrace -> 0x0
             exe-1049896 [001] ..... 1635486.941579: sys_ptrace(request: 4204, pid: 10074e, addr: 202, data: c000699c70)
             exe-1049896 [001] ..... 1635486.941582: sys_ptrace -> 0x0
             exe-1049896 [001] ..... 1635486.941668: sys_pwrite64(fd: 63, buf: 7fd66edd4080, count: 25, pos: 27)
             exe-1049896 [001] ..... 1635486.941671: tracing_mark_write: msgctl(msqid=0, cmd=0x2, buf=0x1) end
             exe-1049896 [001] ..... 1635487.003892: tracing_mark_write: msgctl(msqid=8192, cmd=0x2, buf=0x1) start
             exe-1049896 [001] ..... 1635487.003894: sys_pwrite64 -> 0x2a
             exe-1049896 [001] ..... 1635487.003900: sys_ptrace(request: 4205, pid: 10074e, addr: 1, data: c000699c70)
             exe-1049896 [001] ..... 1635487.003903: sys_ptrace -> 0x0
             exe-1049896 [001] ..... 1635487.003904: sys_ptrace(request: 4205, pid: 10074e, addr: 202, data: c000699c70)
             exe-1049567 [002] ..... 1635487.003916: sys_nanosleep -> 0x0
             exe-1049567 [002] ..... 1635487.003922: sys_nanosleep(rqtp: c000069f10, rmtp: 0)
             exe-1049896 [001] ..... 1635487.003928: sys_ptrace -> 0x0
             exe-1049896 [001] ..... 1635487.003930: sys_ptrace(request: 1f, pid: 10074e, addr: 0, data: 0)
             exe-1049896 [001] ..... 1635487.003936: sys_ptrace -> 0x0
             exe-1049896 [001] ..... 1635487.003939: sys_wait4(upid: 10074e, stat_addr: c000699bf4, options: 40000002, ru: 0)
             exe-1050446 [002] ..... 1635487.003956: sys_write -> 0x2a
             exe-1049673 [001] ..... 1635487.004004: sys_nanosleep -> 0x0
             exe-1049673 [001] ..... 1635487.004010: sys_nanosleep(rqtp: c000069f10, rmtp: 0)
             exe-1049896 [001] ..... 1635487.004032: sys_wait4 -> 0x10074e
             exe-1049896 [001] ..... 1635487.004038: sys_ptrace(request: 4204, pid: 10074e, addr: 1, data: c000699c70)
             exe-1049896 [001] ..... 1635487.004042: sys_ptrace -> 0x0
             exe-1049896 [001] ..... 1635487.004044: sys_ptrace(request: 4204, pid: 10074e, addr: 202, data: c000699c70)
             exe-1049896 [001] ..... 1635487.004046: sys_ptrace -> 0x0
             exe-1049896 [001] ..... 1635487.004056: sys_ptrace(request: 4205, pid: 10074e, addr: 1, data: c000699c70)
             exe-1049896 [001] ..... 1635487.004058: sys_ptrace -> 0x0
             exe-1049896 [001] ..... 1635487.004060: sys_ptrace(request: 4205, pid: 10074e, addr: 202, data: c000699c70)
             exe-1049896 [001] ..... 1635487.004071: sys_ptrace -> 0x0
             exe-1049896 [001] ..... 1635487.004073: sys_ptrace(request: 1f, pid: 10074e, addr: 0, data: 0)
             exe-1049896 [001] ..... 1635487.004088: sys_ptrace -> 0x0
             exe-1049896 [001] ..... 1635487.004090: sys_wait4(upid: 10074e, stat_addr: c000699bf4, options: 40000002, ru: 0)
             exe-1050446 [002] ..... 1635487.004107: sys_msgctl -> 0xffffffffffffffea
             exe-1049896 [001] ..... 1635487.004127: sys_wait4 -> 0x10074e
             exe-1049896 [001] ..... 1635487.004129: sys_ptrace(request: 4204, pid: 10074e, addr: 1, data: c000699c70)
             exe-1049896 [001] ..... 1635487.004132: sys_ptrace -> 0x0
             exe-1049896 [001] ..... 1635487.004133: sys_ptrace(request: 4204, pid: 10074e, addr: 202, data: c000699c70)
             exe-1049896 [001] ..... 1635487.004135: sys_ptrace -> 0x0
             exe-1049896 [001] ..... 1635487.004148: sys_pwrite64(fd: 63, buf: 7fd66edd4080, count: 28, pos: 2a)
             exe-1049896 [001] ..... 1635487.004150: tracing_mark_write: msgctl(msqid=8192, cmd=0x2, buf=0x1) end
             exe-1049896 [001] ..... 1635487.068770: tracing_mark_write: msgctl(msqid=0xfffffff9, cmd=0x2, buf=0x7fcbd9c64000) start
             exe-1049896 [001] ..... 1635487.068772: sys_pwrite64 -> 0x3b
             exe-1049896 [001] ..... 1635487.068780: sys_ptrace(request: 4205, pid: 10074e, addr: 1, data: c000699c70)
             exe-1049896 [001] ..... 1635487.068783: sys_ptrace -> 0x0
             exe-1049673 [001] ..... 1635487.068821: sys_nanosleep -> 0x0
             exe-1049673 [001] ..... 1635487.068827: sys_nanosleep(rqtp: c000069f10, rmtp: 0)
             exe-1049896 [001] ..... 1635487.068853: sys_ptrace(request: 4205, pid: 10074e, addr: 202, data: c000699c70)
             exe-1049896 [001] ..... 1635487.068867: sys_ptrace -> 0x0
             exe-1049896 [001] ..... 1635487.068869: sys_ptrace(request: 1f, pid: 10074e, addr: 0, data: 0)
             exe-1049567 [002] ..... 1635487.068879: sys_nanosleep -> 0x0
             exe-1049896 [001] ..... 1635487.068885: sys_ptrace -> 0x0
             exe-1049567 [002] ..... 1635487.068886: sys_nanosleep(rqtp: c000069f10, rmtp: 0)
             exe-1049896 [001] ..... 1635487.068888: sys_wait4(upid: 10074e, stat_addr: c000699bf4, options: 40000002, ru: 0)
             exe-1049673 [001] ..... 1635487.068941: sys_nanosleep -> 0x0
             exe-1049673 [001] ..... 1635487.068948: sys_nanosleep(rqtp: c000069f10, rmtp: 0)
             exe-1050446 [000] ..... 1635487.068976: sys_write -> 0x3b
             exe-1049896 [001] ..... 1635487.069009: sys_wait4 -> 0x10074e
             exe-1049896 [001] ..... 1635487.069015: sys_ptrace(request: 4204, pid: 10074e, addr: 1, data: c000699c70)
             exe-1049896 [001] .N... 1635487.069069: sys_ptrace -> 0x0
             exe-1049673 [001] ..... 1635487.069080: sys_nanosleep -> 0x0
             exe-1049673 [001] ..... 1635487.069087: sys_nanosleep(rqtp: c000069f10, rmtp: 0)
             exe-1049673 [001] ..... 1635487.069187: sys_nanosleep -> 0x0
             exe-1049673 [001] ..... 1635487.069190: sys_nanosleep(rqtp: c000069f10, rmtp: 0)
             exe-1049673 [001] ..... 1635487.069281: sys_nanosleep -> 0x0
             exe-1049896 [003] ..... 1635487.069282: sys_ptrace(request: 4204, pid: 10074e, addr: 202, data: c000699c70)
             exe-1049673 [001] ..... 1635487.069284: sys_nanosleep(rqtp: c000069f10, rmtp: 0)
             exe-1049896 [003] ..... 1635487.069307: sys_ptrace -> 0x0
             exe-1049896 [003] ..... 1635487.069323: sys_ptrace(request: 4205, pid: 10074e, addr: 1, data: c000699c70)
             exe-1049896 [003] ..... 1635487.069327: sys_ptrace -> 0x0
             exe-1049896 [003] ..... 1635487.069329: sys_ptrace(request: 4205, pid: 10074e, addr: 202, data: c000699c70)
             exe-1049896 [003] ..... 1635487.069357: sys_ptrace -> 0x0
             exe-1049896 [003] ..... 1635487.069359: sys_ptrace(request: 1f, pid: 10074e, addr: 0, data: 0)
             exe-1049673 [001] ..... 1635487.069375: sys_nanosleep -> 0x0
             exe-1049896 [003] ..... 1635487.069377: sys_ptrace -> 0x0
             exe-1049673 [001] ..... 1635487.069377: sys_nanosleep(rqtp: c000069f10, rmtp: 0)
