             exe-1049896 [003] ..... 1635487.069383: sys_wait4(upid: 10074e, stat_addr: c000699bf4, options: 40000002, ru: 0)
             exe-1050446 [000] ..... 1635487.069457: sys_msgctl -> 0xffffffffffffffea
             exe-1049673 [001] ..... 1635487.069469: sys_nanosleep -> 0x0
             exe-1049673 [001] ..... 1635487.069471: sys_nanosleep(rqtp: c000069f10, rmtp: 0)
             exe-1049896 [003] ..... 1635487.069501: sys_wait4 -> 0x10074e
             exe-1049896 [003] ..... 1635487.069505: sys_ptrace(request: 4204, pid: 10074e, addr: 1, data: c000699c70)
             exe-1049896 [003] ..... 1635487.069510: sys_ptrace -> 0x0
             exe-1049896 [003] ..... 1635487.069512: sys_ptrace(request: 4204, pid: 10074e, addr: 202, data: c000699c70)
             exe-1049896 [003] ..... 1635487.069514: sys_ptrace -> 0x0
             exe-1049896 [003] ..... 1635487.069532: sys_pwrite64(fd: 63, buf: 7fd66edd4080, count: 39, pos: 3b)
             exe-1049896 [003] ..... 1635487.069536: tracing_mark_write: msgctl(msqid=0xfffffff9, cmd=0x2, buf=0x7fcbd9c64000) end
             exe-1049896 [003] ..... 1635487.137482: tracing_mark_write: msgctl(msqid=0xfff8, cmd=0x2, buf=0x7fcbd9d77000) start
             exe-1049896 [003] ..... 1635487.137483: sys_pwrite64 -> 0x37
             exe-1049896 [003] ..... 1635487.137490: sys_ptrace(request: 4205, pid: 10074e, addr: 1, data: c000699c70)
             exe-1049896 [003] ..... 1635487.137493: sys_ptrace -> 0x0
             exe-1049896 [003] ..... 1635487.137494: sys_ptrace(request: 4205, pid: 10074e, addr: 202, data: c000699c70)
             exe-1049896 [003] ..... 1635487.137507: sys_ptrace -> 0x0
             exe-1049896 [003] ..... 1635487.137509: sys_ptrace(request: 1f, pid: 10074e, addr: 0, data: 0)
             exe-1049896 [003] .N... 1635487.137517: sys_ptrace -> 0x0
             exe-1050446 [003] ..... 1635487.137528: sys_write -> 0x37
             exe-1049896 [003] ..... 1635487.137548: sys_wait4(upid: 10074e, stat_addr: c000699bf4, options: 40000002, ru: 0)
             exe-1049896 [003] ..... 1635487.137551: sys_wait4 -> 0x10074e
             exe-1049896 [003] ..... 1635487.137553: sys_ptrace(request: 4204, pid: 10074e, addr: 1, data: c000699c70)
             exe-1049896 [003] ..... 1635487.137557: sys_ptrace -> 0x0
             exe-1049896 [003] ..... 1635487.137558: sys_ptrace(request: 4204, pid: 10074e, addr: 202, data: c000699c70)
             exe-1049896 [003] ..... 1635487.137561: sys_ptrace -> 0x0
             exe-1049896 [003] ..... 1635487.137569: sys_ptrace(request: 4205, pid: 10074e, addr: 1, data: c000699c70)
             exe-1049896 [003] ..... 1635487.137572: sys_ptrace -> 0x0
             exe-1049896 [003] ..... 1635487.137573: sys_ptrace(request: 4205, pid: 10074e, addr: 202, data: c000699c70)
             exe-1049896 [003] ..... 1635487.137584: sys_ptrace -> 0x0
             exe-1049896 [003] ..... 1635487.137585: sys_ptrace(request: 1f, pid: 10074e, addr: 0, data: 0)
             exe-1049896 [003] .N... 1635487.137593: sys_ptrace -> 0x0
             exe-1050446 [003] ..... 1635487.137603: sys_msgctl -> 0xffffffffffffffea
             exe-1049896 [003] ..... 1635487.137623: sys_wait4(upid: 10074e, stat_addr: c000699bf4, options: 40000002, ru: 0)
             exe-1049896 [003] ..... 1635487.137626: sys_wait4 -> 0x10074e
             exe-1049896 [003] ..... 1635487.137628: sys_ptrace(request: 4204, pid: 10074e, addr: 1, data: c000699c70)
             exe-1049896 [003] ..... 1635487.137632: sys_ptrace -> 0x0
             exe-1049567 [002] ..... 1635487.137633: sys_nanosleep -> 0x0
             exe-1049896 [003] ..... 1635487.137633: sys_ptrace(request: 4204, pid: 10074e, addr: 202, data: c000699c70)
             exe-1049896 [003] ..... 1635487.137636: sys_ptrace -> 0x0
             exe-1049567 [002] ..... 1635487.137643: sys_nanosleep(rqtp: c000069f10, rmtp: 0)
             exe-1049896 [003] ..... 1635487.137645: sys_pwrite64(fd: 63, buf: 7fd66edd4080, count: 35, pos: 37)
             exe-1049896 [003] ..... 1635487.137647: tracing_mark_write: msgctl(msqid=0xfff8, cmd=0x2, buf=0x7fcbd9d77000) end
             exe-1049896 [003] ..... 1635487.200368: tracing_mark_write: msgctl(msqid=0x80000, cmd=0x2, buf=0x7fcbd9c65000) start
             exe-1049896 [003] ..... 1635487.200370: sys_pwrite64 -> 0x38
             exe-1049896 [003] ..... 1635487.200374: sys_ptrace(request: 4205, pid: 10074e, addr: 1, data: c000699c70)
             exe-1049896 [003] ..... 1635487.200377: sys_ptrace -> 0x0
             exe-1049896 [003] ..... 1635487.200378: sys_ptrace(request: 4205, pid: 10074e, addr: 202, data: c000699c70)
             exe-1049896 [003] ..... 1635487.200386: sys_ptrace -> 0x0
             exe-1049896 [003] ..... 1635487.200387: sys_ptrace(request: 1f, pid: 10074e, addr: 0, data: 0)
             exe-1049896 [003] ..... 1635487.200398: sys_ptrace -> 0x0
             exe-1049896 [003] ..... 1635487.200400: sys_wait4(upid: 10074e, stat_addr: c000699bf4, options: 40000002, ru: 0)
             exe-1050446 [000] ..... 1635487.200418: sys_write -> 0x38
             exe-1049896 [003] ..... 1635487.200434: sys_wait4 -> 0x10074e
             exe-1049896 [003] ..... 1635487.200436: sys_ptrace(request: 4204, pid: 10074e, addr: 1, data: c000699c70)
             exe-1049896 [003] ..... 1635487.200439: sys_ptrace -> 0x0
             exe-1049896 [003] ..... 1635487.200440: sys_ptrace(request: 4204, pid: 10074e, addr: 202, data: c000699c70)
             exe-1049896 [003] ..... 1635487.200442: sys_ptrace -> 0x0
             exe-1049896 [003] ..... 1635487.200450: sys_ptrace(request: 4205, pid: 10074e, addr: 1, data: c000699c70)
             exe-1049896 [003] ..... 1635487.200452: sys_ptrace -> 0x0
             exe-1049896 [003] ..... 1635487.200453: sys_ptrace(request: 4205, pid: 10074e, addr: 202, data: c000699c70)
             exe-1049673 [001] ..... 1635487.200453: sys_nanosleep -> 0x0
             exe-1049673 [001] ..... 1635487.200459: sys_nanosleep(rqtp: c000069f10, rmtp: 0)
             exe-1049896 [003] ..... 1635487.200460: sys_ptrace -> 0x0
             exe-1049896 [003] ..... 1635487.200461: sys_ptrace(request: 1f, pid: 10074e, addr: 0, data: 0)
             exe-1049896 [003] ..... 1635487.200471: sys_ptrace -> 0x0
             exe-1049896 [003] ..... 1635487.200473: sys_wait4(upid: 10074e, stat_addr: c000699bf4, options: 40000002, ru: 0)
             exe-1050446 [000] ..... 1635487.200490: sys_msgctl -> 0xffffffffffffffea
             exe-1049896 [003] ..... 1635487.200504: sys_wait4 -> 0x10074e
             exe-1049896 [003] ..... 1635487.200507: sys_ptrace(request: 4204, pid: 10074e, addr: 1, data: c000699c70)
             exe-1049896 [003] ..... 1635487.200509: sys_ptrace -> 0x0
             exe-1049896 [003] ..... 1635487.200510: sys_ptrace(request: 4204, pid: 10074e, addr: 202, data: c000699c70)
             exe-1049896 [003] ..... 1635487.200512: sys_ptrace -> 0x0
             exe-1049896 [003] ..... 1635487.200517: sys_pwrite64(fd: 63, buf: 7fd66edd4080, count: 36, pos: 38)
             exe-1049896 [003] ..... 1635487.200518: tracing_mark_write: msgctl(msqid=0x80000, cmd=0x2, buf=0x7fcbd9c65000) end
             exe-1049896 [003] ..... 1635487.268793: tracing_mark_write: msgctl(msqid=21, cmd=0x2, buf=0x7fcbd8d00000) start
             exe-1049896 [003] ..... 1635487.268794: sys_pwrite64 -> 0x33
             exe-1049896 [003] ..... 1635487.268799: sys_ptrace(request: 4205, pid: 10074e, addr: 1, data: c000699c70)
             exe-1049896 [003] ..... 1635487.268802: sys_ptrace -> 0x0
             exe-1049896 [003] ..... 1635487.268803: sys_ptrace(request: 4205, pid: 10074e, addr: 202, data: c000699c70)
             exe-1049896 [003] ..... 1635487.268810: sys_ptrace -> 0x0
             exe-1049896 [003] ..... 1635487.268812: sys_ptrace(request: 1f, pid: 10074e, addr: 0, data: 0)
             exe-1049896 [003] ..... 1635487.268822: sys_ptrace -> 0x0
             exe-1049896 [003] ..... 1635487.268823: sys_wait4(upid: 10074e, stat_addr: c000699bf4, options: 40000002, ru: 0)
             exe-1050446 [000] ..... 1635487.268844: sys_write -> 0x33
             exe-1049896 [003] ..... 1635487.268859: sys_wait4 -> 0x10074e
             exe-1049896 [003] ..... 1635487.268861: sys_ptrace(request: 4204, pid: 10074e, addr: 1, data: c000699c70)
             exe-1049896 [003] ..... 1635487.268864: sys_ptrace -> 0x0
             exe-1049896 [003] ..... 1635487.268865: sys_ptrace(request: 4204, pid: 10074e, addr: 202, data: c000699c70)
             exe-1049896 [003] ..... 1635487.268867: sys_ptrace -> 0x0
             exe-1049896 [003] ..... 1635487.268873: sys_ptrace(request: 4205, pid: 10074e, addr: 1, data: c000699c70)
             exe-1049896 [003] ..... 1635487.268876: sys_ptrace -> 0x0
             exe-1049896 [003] ..... 1635487.268877: sys_ptrace(request: 4205, pid: 10074e, addr: 202, data: c000699c70)
             exe-1049896 [003] ..... 1635487.268883: sys_ptrace -> 0x0
             exe-1049896 [003] ..... 1635487.268885: sys_ptrace(request: 1f, pid: 10074e, addr: 0, data: 0)
             exe-1049896 [003] ..... 1635487.268894: sys_ptrace -> 0x0
             exe-1049896 [003] ..... 1635487.268895: sys_wait4(upid: 10074e, stat_addr: c000699bf4, options: 40000002, ru: 0)
             exe-1050446 [000] ..... 1635487.268915: sys_msgctl -> 0xffffffffffffffea
             exe-1049896 [003] ..... 1635487.268929: sys_wait4 -> 0x10074e
             exe-1049896 [003] ..... 1635487.268931: sys_ptrace(request: 4204, pid: 10074e, addr: 1, data: c000699c70)
             exe-1049896 [003] ..... 1635487.268933: sys_ptrace -> 0x0
             exe-1049896 [003] ..... 1635487.268935: sys_ptrace(request: 4204, pid: 10074e, addr: 202, data: c000699c70)
             exe-1049896 [003] ..... 1635487.268937: sys_ptrace -> 0x0
             exe-1049896 [003] ..... 1635487.268941: sys_pwrite64(fd: 63, buf: 7fd66edd4080, count: 31, pos: 33)
             exe-1049896 [003] ..... 1635487.268942: tracing_mark_write: msgctl(msqid=21, cmd=0x2, buf=0x7fcbd8d00000) end
             exe-1049896 [003] ..... 1635487.337023: tracing_mark_write: msgctl(msqid=0xffff, cmd=0x2, buf=0x0) start
             exe-1049673 [001] ..... 1635487.337051: sys_nanosleep -> 0x0
             exe-1049673 [001] ..... 1635487.337053: sys_nanosleep(rqtp: c000069f10, rmtp: 0)
             exe-1049896 [003] ..... 1635487.337062: sys_pwrite64 -> 0x2c
             exe-1049896 [003] ..... 1635487.337069: sys_ptrace(request: 4205, pid: 10074e, addr: 1, data: c000699c70)
             exe-1049896 [003] ..... 1635487.337071: sys_ptrace -> 0x0
             exe-1049896 [003] ..... 1635487.337073: sys_ptrace(request: 4205, pid: 10074e, addr: 202, data: c000699c70)
             exe-1049896 [003] ..... 1635487.337080: sys_ptrace -> 0x0
             exe-1049896 [003] ..... 1635487.337082: sys_ptrace(request: 1f, pid: 10074e, addr: 0, data: 0)
             exe-1049896 [003] ..... 1635487.337092: sys_ptrace -> 0x0
             exe-1049896 [003] ..... 1635487.337094: sys_wait4(upid: 10074e, stat_addr: c000699bf4, options: 40000002, ru: 0)
             exe-1050446 [000] ..... 1635487.337113: sys_write -> 0x2c
             exe-1049896 [003] ..... 1635487.337132: sys_wait4 -> 0x10074e
             exe-1049896 [003] ..... 1635487.337135: sys_ptrace(request: 4204, pid: 10074e, addr: 1, data: c000699c70)
             exe-1049896 [003] ..... 1635487.337138: sys_ptrace -> 0x0
             exe-1049896 [003] ..... 1635487.337139: sys_ptrace(request: 4204, pid: 10074e, addr: 202, data: c000699c70)
             exe-1049673 [001] ..... 1635487.337139: sys_nanosleep -> 0x0
             exe-1049896 [003] ..... 1635487.337141: sys_ptrace -> 0x0
             exe-1049673 [001] ..... 1635487.337142: sys_nanosleep(rqtp: c000069f10, rmtp: 0)
             exe-1049896 [003] ..... 1635487.337148: sys_ptrace(request: 4205, pid: 10074e, addr: 1, data: c000699c70)
             exe-1049896 [003] ..... 1635487.337150: sys_ptrace -> 0x0
             exe-1049896 [003] ..... 1635487.337152: sys_ptrace(request: 4205, pid: 10074e, addr: 202, data: c000699c70)
             exe-1049896 [003] ..... 1635487.337158: sys_ptrace -> 0x0
             exe-1049896 [003] ..... 1635487.337159: sys_ptrace(request: 1f, pid: 10074e, addr: 0, data: 0)
             exe-1049896 [003] ..... 1635487.337168: sys_ptrace -> 0x0
             exe-1049896 [003] ..... 1635487.337170: sys_wait4(upid: 10074e, stat_addr: c000699bf4, options: 40000002, ru: 0)
             exe-1050446 [000] ..... 1635487.337189: sys_msgctl -> 0xffffffffffffffea
             exe-1049896 [003] ..... 1635487.337205: sys_wait4 -> 0x10074e
             exe-1049896 [003] ..... 1635487.337208: sys_ptrace(request: 4204, pid: 10074e, addr: 1, data: c000699c70)
             exe-1049896 [003] ..... 1635487.337210: sys_ptrace -> 0x0
             exe-1049896 [003] ..... 1635487.337212: sys_ptrace(request: 4204, pid: 10074e, addr: 202, data: c000699c70)
             exe-1049896 [003] ..... 1635487.337214: sys_ptrace -> 0x0
             exe-1049896 [003] ..... 1635487.337220: sys_pwrite64(fd: 63, buf: 7fd66edd4080, count: 2a, pos: 2c)
             exe-1049896 [003] ..... 1635487.337221: tracing_mark_write: msgctl(msqid=0xffff, cmd=0x2, buf=0x0) end
             exe-1049896 [002] ..... 1635487.407256: tracing_mark_write: msgctl(msqid=12399, cmd=0x2, buf=0x1) start
             exe-1049896 [002] ..... 1635487.407266: sys_pwrite64 -> 0x2b
             exe-1049567 [001] ..... 1635487.407272: sys_nanosleep -> 0x0
             exe-1049896 [002] ..... 1635487.407273: sys_ptrace(request: 4205, pid: 10074e, addr: 1, data: c000699c70)
             exe-1049896 [002] ..... 1635487.407276: sys_ptrace -> 0x0
             exe-1049567 [001] ..... 1635487.407277: sys_nanosleep(rqtp: c000069f10, rmtp: 0)
             exe-1049896 [002] ..... 1635487.407277: sys_ptrace(request: 4205, pid: 10074e, addr: 202, data: c000699c70)
             exe-1049896 [002] ..... 1635487.407290: sys_ptrace -> 0x0
             exe-1049896 [002] ..... 1635487.407291: sys_ptrace(request: 1f, pid: 10074e, addr: 0, data: 0)
             exe-1049896 [002] ..... 1635487.407299: sys_ptrace -> 0x0
             exe-1049896 [002] ..... 1635487.407301: sys_wait4(upid: 10074e, stat_addr: c000699bf4, options: 40000002, ru: 0)
             exe-1050446 [003] ..... 1635487.407309: sys_write -> 0x2b
             exe-1049896 [002] ..... 1635487.407326: sys_wait4 -> 0x10074e
             exe-1049896 [002] ..... 1635487.407328: sys_ptrace(request: 4204, pid: 10074e, addr: 1, data: c000699c70)
             exe-1049896 [002] ..... 1635487.407331: sys_ptrace -> 0x0
             exe-1049896 [002] ..... 1635487.407332: sys_ptrace(request: 4204, pid: 10074e, addr: 202, data: c000699c70)
             exe-1049896 [002] ..... 1635487.407335: sys_ptrace -> 0x0
             exe-1049896 [002] ..... 1635487.407341: sys_ptrace(request: 4205, pid: 10074e, addr: 1, data: c000699c70)
             exe-1049896 [002] ..... 1635487.407343: sys_ptrace -> 0x0
             exe-1049896 [002] ..... 1635487.407345: sys_ptrace(request: 4205, pid: 10074e, addr: 202, data: c000699c70)
             exe-1049896 [002] ..... 1635487.407351: sys_ptrace -> 0x0
             exe-1049896 [002] ..... 1635487.407353: sys_ptrace(request: 1f, pid: 10074e, addr: 0, data: 0)
             exe-1049896 [002] ..... 1635487.407359: sys_ptrace -> 0x0
             exe-1049896 [002] ..... 1635487.407361: sys_wait4(upid: 10074e, stat_addr: c000699bf4, options: 40000002, ru: 0)
             exe-1050446 [003] ..... 1635487.407365: sys_msgctl -> 0xffffffffffffffea
             exe-1049896 [002] ..... 1635487.407379: sys_wait4 -> 0x10074e
             exe-1049896 [002] ..... 1635487.407381: sys_ptrace(request: 4204, pid: 10074e, addr: 1, data: c000699c70)
             exe-1049896 [002] ..... 1635487.407383: sys_ptrace -> 0x0
             exe-1049896 [002] ..... 1635487.407385: sys_ptrace(request: 4204, pid: 10074e, addr: 202, data: c000699c70)
             exe-1049896 [002] ..... 1635487.407387: sys_ptrace -> 0x0
             exe-1049896 [002] ..... 1635487.407392: sys_pwrite64(fd: 63, buf: 7fd66edd4080, count: 29, pos: 2b)
             exe-1049896 [002] ..... 1635487.407393: tracing_mark_write: msgctl(msqid=12399, cmd=0x2, buf=0x1) end
             exe-1049896 [002] ..... 1635487.471848: tracing_mark_write: msgctl(msqid=0x81a0a40a8189, cmd=0x2, buf=0x7fcbd9c66000) start
             exe-1049896 [002] ..... 1635487.471850: sys_pwrite64 -> 0x3f
             exe-1049896 [002] ..... 1635487.471854: sys_ptrace(request: 4205, pid: 10074e, addr: 1, data: c000699c70)
             exe-1049896 [002] ..... 1635487.471857: sys_ptrace -> 0x0
             exe-1049896 [002] ..... 1635487.471858: sys_ptrace(request: 4205, pid: 10074e, addr: 202, data: c000699c70)
             exe-1049896 [002] ..... 1635487.471865: sys_ptrace -> 0x0
             exe-1049896 [002] ..... 1635487.471867: sys_ptrace(request: 1f, pid: 10074e, addr: 0, data: 0)
             exe-1049896 [002] ..... 1635487.471874: sys_ptrace -> 0x0
             exe-1049896 [002] ..... 1635487.471876: sys_wait4(upid: 10074e, stat_addr: c000699bf4, options: 40000002, ru: 0)
             exe-1050446 [003] ..... 1635487.471883: sys_write -> 0x3f
             exe-1049896 [002] ..... 1635487.471899: sys_wait4 -> 0x10074e
             exe-1049896 [002] ..... 1635487.471902: sys_ptrace(request: 4204, pid: 10074e, addr: 1, data: c000699c70)
             exe-1049896 [002] ..... 1635487.471904: sys_ptrace -> 0x0
             exe-1049896 [002] ..... 1635487.471906: sys_ptrace(request: 4204, pid: 10074e, addr: 202, data: c000699c70)
             exe-1049896 [002] ..... 1635487.471908: sys_ptrace -> 0x0
             exe-1049896 [002] ..... 1635487.471915: sys_ptrace(request: 4205, pid: 10074e, addr: 1, data: c000699c70)
             exe-1049896 [002] ..... 1635487.471917: sys_ptrace -> 0x0
             exe-1049896 [002] ..... 1635487.471919: sys_ptrace(request: 4205, pid: 10074e, addr: 202, data: c000699c70)
             exe-1049896 [002] ..... 1635487.471925: sys_ptrace -> 0x0
             exe-1049896 [002] ..... 1635487.471927: sys_ptrace(request: 1f, pid: 10074e, addr: 0, data: 0)
             exe-1049896 [002] ..... 1635487.471932: sys_ptrace -> 0x0
             exe-1049896 [002] ..... 1635487.471934: sys_wait4(upid: 10074e, stat_addr: c000699bf4, options: 40000002, ru: 0)
             exe-1050446 [003] ..... 1635487.471939: sys_msgctl -> 0xffffffffffffffea
             exe-1049567 [001] ..... 1635487.471942: sys_nanosleep -> 0x0
             exe-1049567 [001] ..... 1635487.471948: sys_nanosleep(rqtp: c000069f10, rmtp: 0)
             exe-1049896 [002] ..... 1635487.471955: sys_wait4 -> 0x10074e
             exe-1049896 [002] ..... 1635487.471958: sys_ptrace(request: 4204, pid: 10074e, addr: 1, data: c000699c70)
             exe-1049896 [002] ..... 1635487.471961: sys_ptrace -> 0x0
             exe-1049896 [002] ..... 1635487.471962: sys_ptrace(request: 4204, pid: 10074e, addr: 202, data: c000699c70)
             exe-1049896 [002] ..... 1635487.471964: sys_ptrace -> 0x0
             exe-1049896 [002] ..... 1635487.471969: sys_pwrite64(fd: 63, buf: 7fd66edd4080, count: 3d, pos: 3f)
             exe-1049673 [001] ..... 1635487.471970: sys_nanosleep -> 0x0
             exe-1049896 [002] ..... 1635487.471970: tracing_mark_write: msgctl(msqid=0x81a0a40a8189, cmd=0x2, buf=0x7fcbd9c66000) end
             exe-1049896 [000] ..... 1635487.551827: tracing_mark_write: msgctl(msqid=4096, cmd=0x2, buf=0x7fcbd9d76000) start
             exe-1049896 [000] ..... 1635487.551829: sys_pwrite64 -> 0x35
             exe-1049896 [000] ..... 1635487.551836: sys_ptrace(request: 4205, pid: 10074e, addr: 1, data: c000699c70)
             exe-1049896 [000] .N... 1635487.551866: sys_ptrace -> 0x0
             exe-1049567 [003] ..... 1635487.551866: sys_nanosleep -> 0x0
             exe-1049567 [003] ..... 1635487.551869: sys_nanosleep(rqtp: c000069f10, rmtp: 0)
             exe-1049896 [000] ..... 1635487.551909: sys_ptrace(request: 4205, pid: 10074e, addr: 202, data: c000699c70)
             exe-1049896 [000] ..... 1635487.551924: sys_ptrace -> 0x0
             exe-1049896 [000] ..... 1635487.551926: sys_ptrace(request: 1f, pid: 10074e, addr: 0, data: 0)
             exe-1049896 [000] ..... 1635487.551940: sys_ptrace -> 0x0
             exe-1049896 [000] ..... 1635487.551943: sys_wait4(upid: 10074e, stat_addr: c000699bf4, options: 40000002, ru: 0)
             exe-1049567 [003] ..... 1635487.551955: sys_nanosleep -> 0x0
             exe-1049567 [003] ..... 1635487.551958: sys_nanosleep(rqtp: c000069f10, rmtp: 0)
             exe-1050446 [001] ..... 1635487.551959: sys_write -> 0x35
             exe-1049896 [000] ..... 1635487.552019: sys_wait4 -> 0x10074e
             exe-1049896 [000] ..... 1635487.552025: sys_ptrace(request: 4204, pid: 10074e, addr: 1, data: c000699c70)
             exe-1049896 [000] ..... 1635487.552030: sys_ptrace -> 0x0
             exe-1049896 [000] ..... 1635487.552031: sys_ptrace(request: 4204, pid: 10074e, addr: 202, data: c000699c70)
             exe-1049896 [000] ..... 1635487.552034: sys_ptrace -> 0x0
             exe-1049896 [000] ..... 1635487.552045: sys_ptrace(request: 4205, pid: 10074e, addr: 1, data: c000699c70)
             exe-1049567 [003] ..... 1635487.552046: sys_nanosleep -> 0x0
             exe-1049896 [000] ..... 1635487.552048: sys_ptrace -> 0x0
             exe-1049567 [003] ..... 1635487.552048: sys_nanosleep(rqtp: c000069f10, rmtp: 0)
             exe-1049896 [000] ..... 1635487.552049: sys_ptrace(request: 4205, pid: 10074e, addr: 202, data: c000699c70)
             exe-1049896 [000] ..... 1635487.552061: sys_ptrace -> 0x0
             exe-1049896 [000] ..... 1635487.552063: sys_ptrace(request: 1f, pid: 10074e, addr: 0, data: 0)
             exe-1050446 [001] ..... 1635487.552081: sys_msgctl -> 0xffffffffffffffea
             exe-1049896 [000] .N... 1635487.552092: sys_ptrace -> 0x0
             exe-1049567 [003] ..... 1635487.552134: sys_nanosleep -> 0x0
             exe-1049896 [000] ..... 1635487.552136: sys_wait4(upid: 10074e, stat_addr: c000699bf4, options: 40000002, ru: 0)
             exe-1049567 [003] ..... 1635487.552137: sys_nanosleep(rqtp: c000069f10, rmtp: 0)
             exe-1049896 [000] ..... 1635487.552139: sys_wait4 -> 0x10074e
             exe-1049896 [000] ..... 1635487.552142: sys_ptrace(request: 4204, pid: 10074e, addr: 1, data: c000699c70)
             exe-1049896 [000] ..... 1635487.552146: sys_ptrace -> 0x0
             exe-1049896 [000] ..... 1635487.552147: sys_ptrace(request: 4204, pid: 10074e, addr: 202, data: c000699c70)
             exe-1049896 [000] ..... 1635487.552150: sys_ptrace -> 0x0
             exe-1049896 [000] ..... 1635487.552165: sys_pwrite64(fd: 63, buf: 7fd66edd4080, count: 33, pos: 35)
             exe-1049896 [000] ..... 1635487.552168: tracing_mark_write: msgctl(msqid=4096, cmd=0x2, buf=0x7fcbd9d76000) end
             exe-1049896 [000] ..... 1635487.622571: tracing_mark_write: msgctl(msqid=257, cmd=0x2, buf=0x7fcbd7c00000) start
             exe-1049896 [000] ..... 1635487.622573: sys_pwrite64 -> 0x34
             exe-1049896 [000] ..... 1635487.622578: sys_ptrace(request: 4205, pid: 10074e, addr: 1, data: c000699c70)
             exe-1049896 [000] ..... 1635487.622581: sys_ptrace -> 0x0
             exe-1049896 [000] ..... 1635487.622582: sys_ptrace(request: 4205, pid: 10074e, addr: 202, data: c000699c70)
             exe-1049673 [002] ..... 1635487.622583: sys_nanosleep -> 0x0
             exe-1049673 [002] ..... 1635487.622585: sys_nanosleep(rqtp: c000069f10, rmtp: 0)
             exe-1049896 [000] ..... 1635487.622590: sys_ptrace -> 0x0
             exe-1049896 [000] ..... 1635487.622592: sys_ptrace(request: 1f, pid: 10074e, addr: 0, data: 0)
             exe-1049896 [000] ..... 1635487.622602: sys_ptrace -> 0x0
             exe-1049896 [000] ..... 1635487.622604: sys_wait4(upid: 10074e, stat_addr: c000699bf4, options: 40000002, ru: 0)
             exe-1050446 [001] ..... 1635487.622619: sys_write -> 0x34
             exe-1049896 [000] ..... 1635487.622634: sys_wait4 -> 0x10074e
             exe-1049896 [000] ..... 1635487.622637: sys_ptrace(request: 4204, pid: 10074e, addr: 1, data: c000699c70)
             exe-1049896 [000] ..... 1635487.622639: sys_ptrace -> 0x0
             exe-1049896 [000] ..... 1635487.622641: sys_ptrace(request: 4204, pid: 10074e, addr: 202, data: c000699c70)
             exe-1049896 [000] ..... 1635487.622643: sys_ptrace -> 0x0
             exe-1049896 [000] ..... 1635487.622651: sys_ptrace(request: 4205, pid: 10074e, addr: 1, data: c000699c70)
             exe-1049896 [000] ..... 1635487.622653: sys_ptrace -> 0x0
             exe-1049896 [000] ..... 1635487.622655: sys_ptrace(request: 4205, pid: 10074e, addr: 202, data: c000699c70)
             exe-1049896 [000] ..... 1635487.622661: sys_ptrace -> 0x0
             exe-1049896 [000] ..... 1635487.622663: sys_ptrace(request: 1f, pid: 10074e, addr: 0, data: 0)
             exe-1049896 [000] ..... 1635487.622672: sys_ptrace -> 0x0
             exe-1049896 [000] ..... 1635487.622674: sys_wait4(upid: 10074e, stat_addr: c000699bf4, options: 40000002, ru: 0)
             exe-1049673 [002] ..... 1635487.622677: sys_nanosleep -> 0x0
             exe-1049673 [002] ..... 1635487.622679: sys_nanosleep(rqtp: c000069f10, rmtp: 0)
             exe-1050446 [001] ..... 1635487.622695: sys_msgctl -> 0xffffffffffffffea
             exe-1049896 [000] ..... 1635487.622709: sys_wait4 -> 0x10074e
             exe-1049896 [000] ..... 1635487.622712: sys_ptrace(request: 4204, pid: 10074e, addr: 1, data: c000699c70)
             exe-1049896 [000] ..... 1635487.622714: sys_ptrace -> 0x0
             exe-1049896 [000] ..... 1635487.622716: sys_ptrace(request: 4204, pid: 10074e, addr: 202, data: c000699c70)
             exe-1049896 [000] ..... 1635487.622718: sys_ptrace -> 0x0
             exe-1049896 [000] ..... 1635487.622723: sys_pwrite64(fd: 63, buf: 7fd66edd4080, count: 32, pos: 34)
             exe-1049896 [000] ..... 1635487.622724: tracing_mark_write: msgctl(msqid=257, cmd=0x2, buf=0x7fcbd7c00000) end
             exe-1049896 [000] ..... 1635487.682874: tracing_mark_write: msgctl(msqid=-5, cmd=0x2, buf=0x7fcbd7e00000) start
             exe-1049896 [000] ..... 1635487.682876: sys_pwrite64 -> 0x33
             exe-1049673 [002] ..... 1635487.682877: sys_nanosleep -> 0x0
             exe-1049567 [003] ..... 1635487.682877: sys_nanosleep(rqtp: c000069f10, rmtp: 0)
             exe-1049673 [002] ..... 1635487.682880: sys_nanosleep(rqtp: c000069f10, rmtp: 0)
             exe-1049896 [000] ..... 1635487.682881: sys_ptrace(request: 4205, pid: 10074e, addr: 1, data: c000699c70)
             exe-1049896 [000] ..... 1635487.682883: sys_ptrace -> 0x0
             exe-1049896 [000] ..... 1635487.682885: sys_ptrace(request: 4205, pid: 10074e, addr: 202, data: c000699c70)
             exe-1049896 [000] ..... 1635487.682893: sys_ptrace -> 0x0
             exe-1049896 [000] ..... 1635487.682895: sys_ptrace(request: 1f, pid: 10074e, addr: 0, data: 0)
             exe-1049896 [000] ..... 1635487.682906: sys_ptrace -> 0x0
             exe-1049896 [000] ..... 1635487.682908: sys_wait4(upid: 10074e, stat_addr: c000699bf4, options: 40000002, ru: 0)
             exe-1050446 [001] ..... 1635487.682927: sys_write -> 0x33
             exe-1049896 [000] ..... 1635487.682943: sys_wait4 -> 0x10074e
             exe-1049896 [000] ..... 1635487.682946: sys_ptrace(request: 4204, pid: 10074e, addr: 1, data: c000699c70)
             exe-1049896 [000] ..... 1635487.682948: sys_ptrace -> 0x0
             exe-1049896 [000] ..... 1635487.682950: sys_ptrace(request: 4204, pid: 10074e, addr: 202, data: c000699c70)
             exe-1049896 [000] ..... 1635487.682952: sys_ptrace -> 0x0
             exe-1049896 [000] ..... 1635487.682958: sys_ptrace(request: 4205, pid: 10074e, addr: 1, data: c000699c70)
             exe-1049896 [000] ..... 1635487.682960: sys_ptrace -> 0x0
             exe-1049896 [000] ..... 1635487.682962: sys_ptrace(request: 4205, pid: 10074e, addr: 202, data: c000699c70)
             exe-1049567 [003] ..... 1635487.682964: sys_nanosleep -> 0x0
             exe-1049567 [003] ..... 1635487.682966: sys_nanosleep(rqtp: c000069f10, rmtp: 0)
             exe-1049896 [000] ..... 1635487.682969: sys_ptrace -> 0x0
             exe-1049896 [000] ..... 1635487.682971: sys_ptrace(request: 1f, pid: 10074e, addr: 0, data: 0)
             exe-1049673 [002] ..... 1635487.682971: sys_nanosleep -> 0x0
             exe-1049673 [002] ..... 1635487.682974: sys_nanosleep(rqtp: c000069f10, rmtp: 0)
             exe-1049896 [000] ..... 1635487.682981: sys_ptrace -> 0x0
             exe-1049896 [000] ..... 1635487.682983: sys_wait4(upid: 10074e, stat_addr: c000699bf4, options: 40000002, ru: 0)
             exe-1050446 [001] ..... 1635487.683000: sys_msgctl -> 0xffffffffffffffea
             exe-1049896 [000] ..... 1635487.683015: sys_wait4 -> 0x10074e
             exe-1049896 [000] ..... 1635487.683017: sys_ptrace(request: 4204, pid: 10074e, addr: 1, data: c000699c70)
             exe-1049896 [000] ..... 1635487.683020: sys_ptrace -> 0x0
             exe-1049896 [000] ..... 1635487.683021: sys_ptrace(request: 4204, pid: 10074e, addr: 202, data: c000699c70)
             exe-1049896 [000] ..... 1635487.683023: sys_ptrace -> 0x0
             exe-1049896 [000] ..... 1635487.683028: sys_pwrite64(fd: 63, buf: 7fd66edd4080, count: 31, pos: 33)
             exe-1049896 [000] ..... 1635487.683030: tracing_mark_write: msgctl(msqid=-5, cmd=0x2, buf=0x7fcbd7e00000) end
             exe-1049896 [000] ..... 1635487.775567: tracing_mark_write: msgctl(msqid=4883, cmd=0x2, buf=0x7fcbd7c00000) start
             exe-1049896 [000] ..... 1635487.775569: sys_pwrite64 -> 0x35
             exe-1049567 [003] ..... 1635487.775585: sys_nanosleep -> 0x0
             exe-1049567 [003] ..... 1635487.775591: sys_nanosleep(rqtp: c000069f10, rmtp: 0)
             exe-1049673 [002] ..... 1635487.775604: sys_nanosleep -> 0x0
             exe-1049673 [002] ..... 1635487.775610: sys_nanosleep(rqtp: c000069f10, rmtp: 0)
             exe-1049673 [002] ..... 1635487.775713: sys_nanosleep -> 0x0
             exe-1049673 [002] ..... 1635487.775716: sys_nanosleep(rqtp: c000069f10, rmtp: 0)
             exe-1049567 [003] ..... 1635487.775720: sys_nanosleep -> 0x0
             exe-1049567 [003] ..... 1635487.775725: sys_nanosleep(rqtp: c000069f10, rmtp: 0)
             exe-1049673 [002] ..... 1635487.775808: sys_nanosleep -> 0x0
             exe-1049673 [002] ..... 1635487.775810: sys_nanosleep(rqtp: c000069f10, rmtp: 0)
             exe-1049567 [003] ..... 1635487.775824: sys_nanosleep -> 0x0
             exe-1049567 [003] ..... 1635487.775829: sys_nanosleep(rqtp: c000069f10, rmtp: 0)
             exe-1049673 [002] ..... 1635487.775902: sys_nanosleep -> 0x0
             exe-1049673 [002] ..... 1635487.775904: sys_nanosleep(rqtp: c000069f10, rmtp: 0)
             exe-1049567 [003] ..... 1635487.775929: sys_nanosleep -> 0x0
             exe-1049567 [003] ..... 1635487.775934: sys_nanosleep(rqtp: c000069f10, rmtp: 0)
             exe-1049673 [002] ..... 1635487.775995: sys_nanosleep -> 0x0
             exe-1049673 [002] ..... 1635487.775998: sys_nanosleep(rqtp: c000069f10, rmtp: 0)
             exe-1049567 [003] ..... 1635487.776034: sys_nanosleep -> 0x0
             exe-1049567 [003] ..... 1635487.776038: sys_nanosleep(rqtp: c000069f10, rmtp: 0)
             exe-1049673 [002] ..... 1635487.776089: sys_nanosleep -> 0x0
             exe-1049673 [002] ..... 1635487.776091: sys_nanosleep(rqtp: c000069f10, rmtp: 0)
             exe-1049673 [002] ..... 1635487.776183: sys_nanosleep -> 0x0
             exe-1049673 [002] ..... 1635487.776185: sys_nanosleep(rqtp: c000069f10, rmtp: 0)
             exe-1049567 [003] ..... 1635487.776211: sys_nanosleep -> 0x0
             exe-1049567 [003] ..... 1635487.776215: sys_nanosleep(rqtp: c000069f10, rmtp: 0)
             exe-1049673 [002] ..... 1635487.776357: sys_nanosleep -> 0x0
             exe-1049673 [002] ..... 1635487.776364: sys_nanosleep(rqtp: c000069f10, rmtp: 0)
             exe-1049567 [003] ..... 1635487.776416: sys_nanosleep -> 0x0
             exe-1049567 [003] ..... 1635487.776421: sys_nanosleep(rqtp: c000069f10, rmtp: 0)
             exe-1049673 [002] ..... 1635487.776465: sys_nanosleep -> 0x0
             exe-1049673 [002] ..... 1635487.776469: sys_nanosleep(rqtp: c000069f10, rmtp: 0)
           <...>-44358   [000] ..... 1635487.776531: sys_futex -> 0x0
           <...>-44358   [000] ..... 1635487.776538: sys_epoll_pwait(epfd: 4, events: 7f1f1effc700, maxevents: 80, timeout: 0, sigmask: 0, sigsetsize: 18f48b)
           <...>-44358   [000] ..... 1635487.776539: sys_epoll_pwait -> 0x0
           <...>-44358   [000] ..... 1635487.776543: sys_epoll_pwait(epfd: 4, events: 7f1f1effc700, maxevents: 80, timeout: 7, sigmask: 0, sigsetsize: 18f48b)
             exe-1049673 [002] ..... 1635487.776581: sys_nanosleep -> 0x0
             exe-1049673 [002] ..... 1635487.776583: sys_nanosleep(rqtp: c000069f10, rmtp: 0)
             exe-1049896 [000] ..... 1635487.776632: sys_ptrace(request: 4205, pid: 10074e, addr: 1, data: c000699c70)
             exe-1049896 [000] .N... 1635487.776648: sys_ptrace -> 0x0
           <...>-44358   [000] ..... 1635487.776704: sys_epoll_pwait -> 0x1
           <...>-44358   [000] ..... 1635487.776711: sys_epoll_pwait(epfd: 4, events: 7f1f1effc700, maxevents: 80, timeout: 0, sigmask: 0, sigsetsize: 18f48b)
           <...>-44358   [000] ..... 1635487.776712: sys_epoll_pwait -> 0x0
           <...>-44358   [000] ..... 1635487.776716: sys_epoll_pwait(epfd: 4, events: 7f1f1effc700, maxevents: 80, timeout: 7, sigmask: 0, sigsetsize: 18f48b)
             exe-1049896 [000] ..... 1635487.776736: sys_ptrace(request: 4205, pid: 10074e, addr: 202, data: c000699c70)
             exe-1049673 [002] ..... 1635487.776750: sys_nanosleep -> 0x0
             exe-1049673 [002] ..... 1635487.776752: sys_nanosleep(rqtp: c000069f10, rmtp: 0)
             exe-1049896 [000] ..... 1635487.776825: sys_ptrace -> 0x0
             exe-1049896 [000] ..... 1635487.776829: sys_ptrace(request: 1f, pid: 10074e, addr: 0, data: 0)
             exe-1049567 [003] ..... 1635487.776834: sys_nanosleep -> 0x0
             exe-1049567 [003] ..... 1635487.776840: sys_nanosleep(rqtp: c000069f10, rmtp: 0)
             exe-1049896 [000] ..... 1635487.776841: sys_ptrace -> 0x0
             exe-1049896 [000] ..... 1635487.776845: sys_wait4(upid: 10074e, stat_addr: c000699bf4, options: 40000002, ru: 0)
             exe-1050446 [001] ..... 1635487.776852: sys_write -> 0x35
             exe-1049896 [000] ..... 1635487.776888: sys_wait4 -> 0x10074e
             exe-1049896 [000] ..... 1635487.776892: sys_ptrace(request: 4204, pid: 10074e, addr: 1, data: c000699c70)
             exe-1049896 [000] ..... 1635487.776898: sys_ptrace -> 0x0
             exe-1049896 [000] ..... 1635487.776900: sys_ptrace(request: 4204, pid: 10074e, addr: 202, data: c000699c70)
             exe-1049896 [000] ..... 1635487.776903: sys_ptrace -> 0x0
             exe-1049896 [000] ..... 1635487.776915: sys_ptrace(request: 4205, pid: 10074e, addr: 1, data: c000699c70)
             exe-1049896 [000] ..... 1635487.776917: sys_ptrace -> 0x0
             exe-1049896 [000] ..... 1635487.776919: sys_ptrace(request: 4205, pid: 10074e, addr: 202, data: c000699c70)
             exe-1049896 [000] ..... 1635487.776930: sys_ptrace -> 0x0
             exe-1049896 [000] ..... 1635487.776932: sys_ptrace(request: 1f, pid: 10074e, addr: 0, data: 0)
             exe-1049896 [000] ..... 1635487.776939: sys_ptrace -> 0x0
             exe-1049896 [000] ..... 1635487.776941: sys_wait4(upid: 10074e, stat_addr: c000699bf4, options: 40000002, ru: 0)
             exe-1050446 [001] ..... 1635487.776954: sys_msgctl -> 0xffffffffffffffea
             exe-1049896 [000] ..... 1635487.776976: sys_wait4 -> 0x10074e
             exe-1049896 [000] ..... 1635487.776979: sys_ptrace(request: 4204, pid: 10074e, addr: 1, data: c000699c70)
             exe-1049896 [000] ..... 1635487.776982: sys_ptrace -> 0x0
             exe-1049896 [000] ..... 1635487.776984: sys_ptrace(request: 4204, pid: 10074e, addr: 202, data: c000699c70)
             exe-1049896 [000] ..... 1635487.776987: sys_ptrace -> 0x0
             exe-1049673 [002] ..... 1635487.776992: sys_nanosleep -> 0x0
             exe-1049673 [002] ..... 1635487.776994: sys_nanosleep(rqtp: c000069f10, rmtp: 0)
             exe-1049896 [000] ..... 1635487.777001: sys_pwrite64(fd: 63, buf: 7fd66edd4080, count: 33, pos: 35)
             exe-1049896 [000] ..... 1635487.777005: tracing_mark_write: msgctl(msqid=4883, cmd=0x2, buf=0x7fcbd7c00000) end
             exe-1049896 [000] ..... 1635487.871061: tracing_mark_write: msgctl(msqid=8192, cmd=0x2, buf=0x7fcbd7e00000) start
             exe-1049896 [000] ..... 1635487.871063: sys_pwrite64 -> 0x35
             exe-1049896 [000] ..... 1635487.871068: sys_ptrace(request: 4205, pid: 10074e, addr: 1, data: c000699c70)
             exe-1049896 [000] ..... 1635487.871071: sys_ptrace -> 0x0
             exe-1049896 [000] ..... 1635487.871072: sys_ptrace(request: 4205, pid: 10074e, addr: 202, data: c000699c70)
             exe-1049896 [000] ..... 1635487.871082: sys_ptrace -> 0x0
             exe-1049896 [000] ..... 1635487.871083: sys_ptrace(request: 1f, pid: 10074e, addr: 0, data: 0)
             exe-1049896 [000] ..... 1635487.871095: sys_ptrace -> 0x0
             exe-1049896 [000] ..... 1635487.871097: sys_wait4(upid: 10074e, stat_addr: c000699bf4, options: 40000002, ru: 0)
             exe-1049567 [003] ..... 1635487.871101: sys_nanosleep -> 0x0
             exe-1049567 [003] ..... 1635487.871104: sys_nanosleep(rqtp: c000069f10, rmtp: 0)
             exe-1050446 [001] ..... 1635487.871122: sys_write -> 0x35
             exe-1049896 [000] ..... 1635487.871142: sys_wait4 -> 0x10074e
             exe-1049896 [000] ..... 1635487.871145: sys_ptrace(request: 4204, pid: 10074e, addr: 1, data: c000699c70)
             exe-1049896 [000] ..... 1635487.871148: sys_ptrace -> 0x0
             exe-1049896 [000] ..... 1635487.871149: sys_ptrace(request: 4204, pid: 10074e, addr: 202, data: c000699c70)
             exe-1049896 [000] ..... 1635487.871151: sys_ptrace -> 0x0
             exe-1049896 [000] ..... 1635487.871160: sys_ptrace(request: 4205, pid: 10074e, addr: 1, data: c000699c70)
             exe-1049896 [000] ..... 1635487.871163: sys_ptrace -> 0x0
             exe-1049896 [000] ..... 1635487.871164: sys_ptrace(request: 4205, pid: 10074e, addr: 202, data: c000699c70)
             exe-1049896 [000] ..... 1635487.871171: sys_ptrace -> 0x0
             exe-1049896 [000] ..... 1635487.871173: sys_ptrace(request: 1f, pid: 10074e, addr: 0, data: 0)
             exe-1049896 [000] ..... 1635487.871183: sys_ptrace -> 0x0
             exe-1049896 [000] ..... 1635487.871185: sys_wait4(upid: 10074e, stat_addr: c000699bf4, options: 40000002, ru: 0)
             exe-1050446 [001] ..... 1635487.871205: sys_msgctl -> 0xffffffffffffffea
             exe-1049896 [000] ..... 1635487.871224: sys_wait4 -> 0x10074e
             exe-1049896 [000] ..... 1635487.871226: sys_ptrace(request: 4204, pid: 10074e, addr: 1, data: c000699c70)
             exe-1049896 [000] ..... 1635487.871229: sys_ptrace -> 0x0
             exe-1049896 [000] ..... 1635487.871230: sys_ptrace(request: 4204, pid: 10074e, addr: 202, data: c000699c70)
             exe-1049896 [000] ..... 1635487.871232: sys_ptrace -> 0x0
             exe-1049896 [000] ..... 1635487.871238: sys_pwrite64(fd: 63, buf: 7fd66edd4080, count: 33, pos: 35)
             exe-1049896 [000] ..... 1635487.871240: tracing_mark_write: msgctl(msqid=8192, cmd=0x2, buf=0x7fcbd7e00000) end
             exe-1049896 [003] ..... 1635487.935263: tracing_mark_write: msgctl(msqid=0xffaf, cmd=0x2, buf=0x8) start
             exe-1049896 [003] ..... 1635487.935265: sys_pwrite64 -> 0x2c
             exe-1049896 [003] ..... 1635487.935272: sys_ptrace(request: 4205, pid: 10074e, addr: 1, data: c000699c70)
             exe-1049896 [003] ..... 1635487.935275: sys_ptrace -> 0x0
             exe-1049896 [003] ..... 1635487.935277: sys_ptrace(request: 4205, pid: 10074e, addr: 202, data: c000699c70)
             exe-1049896 [003] ..... 1635487.935289: sys_ptrace -> 0x0
             exe-1049896 [003] ..... 1635487.935291: sys_ptrace(request: 1f, pid: 10074e, addr: 0, data: 0)
             exe-1049896 [003] ..... 1635487.935299: sys_ptrace -> 0x0
             exe-1049896 [003] ..... 1635487.935300: sys_wait4(upid: 10074e, stat_addr: c000699bf4, options: 40000002, ru: 0)
             exe-1050446 [003] ..... 1635487.935315: sys_write -> 0x2c
             exe-1049896 [003] ..... 1635487.935337: sys_wait4 -> 0x10074e
             exe-1049896 [003] ..... 1635487.935341: sys_ptrace(request: 4204, pid: 10074e, addr: 1, data: c000699c70)
             exe-1049673 [002] ..... 1635487.935343: sys_nanosleep -> 0x0
             exe-1049896 [003] ..... 1635487.935345: sys_ptrace -> 0x0
             exe-1049896 [003] ..... 1635487.935346: sys_ptrace(request: 4204, pid: 10074e, addr: 202, data: c000699c70)
             exe-1049673 [002] ..... 1635487.935348: sys_nanosleep(rqtp: c000069f10, rmtp: 0)
             exe-1049896 [003] ..... 1635487.935349: sys_ptrace -> 0x0
             exe-1049896 [003] ..... 1635487.935358: sys_ptrace(request: 4205, pid: 10074e, addr: 1, data: c000699c70)
             exe-1049896 [003] ..... 1635487.935361: sys_ptrace -> 0x0
             exe-1049896 [003] ..... 1635487.935363: sys_ptrace(request: 4205, pid: 10074e, addr: 202, data: c000699c70)
             exe-1049567 [002] ..... 1635487.935370: sys_nanosleep -> 0x0
             exe-1049567 [002] ..... 1635487.935375: sys_nanosleep(rqtp: c000069f10, rmtp: 0)
             exe-1049896 [003] ..... 1635487.935375: sys_ptrace -> 0x0
             exe-1049896 [003] ..... 1635487.935377: sys_ptrace(request: 1f, pid: 10074e, addr: 0, data: 0)
             exe-1049896 [003] ..... 1635487.935384: sys_ptrace -> 0x0
             exe-1049896 [003] ..... 1635487.935386: sys_wait4(upid: 10074e, stat_addr: c000699bf4, options: 40000002, ru: 0)
             exe-1050446 [003] ..... 1635487.935399: sys_msgctl -> 0xffffffffffffffea
             exe-1049896 [003] ..... 1635487.935420: sys_wait4 -> 0x10074e
             exe-1049896 [003] ..... 1635487.935424: sys_ptrace(request: 4204, pid: 10074e, addr: 1, data: c000699c70)
             exe-1049896 [003] ..... 1635487.935428: sys_ptrace -> 0x0
             exe-1049896 [003] ..... 1635487.935430: sys_ptrace(request: 4204, pid: 10074e, addr: 202, data: c000699c70)
             exe-1049896 [003] ..... 1635487.935432: sys_ptrace -> 0x0
             exe-1049896 [003] ..... 1635487.935442: sys_pwrite64(fd: 63, buf: 7fd66edd4080, count: 2a, pos: 2c)
             exe-1049896 [003] ..... 1635487.935444: tracing_mark_write: msgctl(msqid=0xffaf, cmd=0x2, buf=0x8) end
             exe-1049896 [003] ..... 1635487.998292: tracing_mark_write: msgctl(msqid=12, cmd=0x2, buf=0x1) start
             exe-1049896 [003] ..... 1635487.998293: sys_pwrite64 -> 0x28
             exe-1049896 [003] ..... 1635487.998299: sys_ptrace(request: 4205, pid: 10074e, addr: 1, data: c000699c70)
             exe-1049896 [003] ..... 1635487.998302: sys_ptrace -> 0x0
             exe-1049896 [003] ..... 1635487.998303: sys_ptrace(request: 4205, pid: 10074e, addr: 202, data: c000699c70)
             exe-1049896 [003] ..... 1635487.998313: sys_ptrace -> 0x0
             exe-1049896 [003] ..... 1635487.998315: sys_ptrace(request: 1f, pid: 10074e, addr: 0, data: 0)
             exe-1049896 [003] .N... 1635487.998322: sys_ptrace -> 0x0
             exe-1050446 [003] ..... 1635487.998332: sys_write -> 0x28
             exe-1049567 [002] ..... 1635487.998341: sys_nanosleep -> 0x0
             exe-1049567 [002] ..... 1635487.998346: sys_nanosleep(rqtp: c000069f10, rmtp: 0)
             exe-1049896 [003] ..... 1635487.998350: sys_wait4(upid: 10074e, stat_addr: c000699bf4, options: 40000002, ru: 0)
             exe-1049896 [003] ..... 1635487.998352: sys_wait4 -> 0x10074e
             exe-1049896 [003] ..... 1635487.998354: sys_ptrace(request: 4204, pid: 10074e, addr: 1, data: c000699c70)
             exe-1049896 [003] ..... 1635487.998358: sys_ptrace -> 0x0
             exe-1049896 [003] ..... 1635487.998359: sys_ptrace(request: 4204, pid: 10074e, addr: 202, data: c000699c70)
             exe-1049896 [003] ..... 1635487.998362: sys_ptrace -> 0x0
             exe-1049673 [002] ..... 1635487.998368: sys_nanosleep -> 0x0
             exe-1049896 [003] ..... 1635487.998370: sys_ptrace(request: 4205, pid: 10074e, addr: 1, data: c000699c70)
             exe-1049896 [003] ..... 1635487.998372: sys_ptrace -> 0x0
             exe-1049673 [002] ..... 1635487.998373: sys_nanosleep(rqtp: c000069f10, rmtp: 0)
             exe-1049896 [003] ..... 1635487.998374: sys_ptrace(request: 4205, pid: 10074e, addr: 202, data: c000699c70)
             exe-1049896 [003] ..... 1635487.998383: sys_ptrace -> 0x0
             exe-1049896 [003] ..... 1635487.998384: sys_ptrace(request: 1f, pid: 10074e, addr: 0, data: 0)
             exe-1049896 [003] .N... 1635487.998391: sys_ptrace -> 0x0
             exe-1050446 [003] ..... 1635487.998400: sys_msgctl -> 0xffffffffffffffea
             exe-1049896 [003] ..... 1635487.998418: sys_wait4(upid: 10074e, stat_addr: c000699bf4, options: 40000002, ru: 0)
             exe-1049896 [003] ..... 1635487.998420: sys_wait4 -> 0x10074e
             exe-1049896 [003] ..... 1635487.998423: sys_ptrace(request: 4204, pid: 10074e, addr: 1, data: c000699c70)
             exe-1049896 [003] ..... 1635487.998426: sys_ptrace -> 0x0
             exe-1049896 [003] ..... 1635487.998428: sys_ptrace(request: 4204, pid: 10074e, addr: 202, data: c000699c70)
             exe-1049896 [003] ..... 1635487.998430: sys_ptrace -> 0x0
             exe-1049896 [003] ..... 1635487.998439: sys_pwrite64(fd: 63, buf: 7fd66edd4080, count: 26, pos: 28)
             exe-1049896 [003] ..... 1635487.998440: tracing_mark_write: msgctl(msqid=12, cmd=0x2, buf=0x1) end
             exe-1049896 [003] ..... 1635488.067612: tracing_mark_write: msgctl(msqid=0x38383838, cmd=0x2, buf=0x7fcbd9900000) start
             exe-1049896 [003] ..... 1635488.067613: sys_pwrite64 -> 0x3b
             exe-1049896 [003] ..... 1635488.067620: sys_ptrace(request: 4205, pid: 10074e, addr: 1, data: c000699c70)
             exe-1049896 [003] ..... 1635488.067623: sys_ptrace -> 0x0
             exe-1049896 [003] ..... 1635488.067625: sys_ptrace(request: 4205, pid: 10074e, addr: 202, data: c000699c70)
             exe-1049673 [002] ..... 1635488.067643: sys_nanosleep -> 0x0
             exe-1049673 [002] ..... 1635488.067646: sys_nanosleep(rqtp: c000069f10, rmtp: 0)
             exe-1049567 [002] ..... 1635488.067745: sys_nanosleep -> 0x0
             exe-1049567 [002] ..... 1635488.067751: sys_nanosleep(rqtp: c000069f10, rmtp: 0)
             exe-1049673 [002] ..... 1635488.067772: sys_nanosleep -> 0x0
             exe-1049673 [002] ..... 1635488.067777: sys_nanosleep(rqtp: c000069f10, rmtp: 0)
             exe-1049673 [002] ..... 1635488.067870: sys_nanosleep -> 0x0
             exe-1049673 [002] ..... 1635488.067873: sys_nanosleep(rqtp: c000069f10, rmtp: 0)
             exe-1049896 [003] ..... 1635488.067873: sys_ptrace -> 0x0
             exe-1049896 [003] ..... 1635488.067877: sys_ptrace(request: 1f, pid: 10074e, addr: 0, data: 0)
             exe-1049896 [003] .N... 1635488.067888: sys_ptrace -> 0x0
             exe-1050446 [003] ..... 1635488.067902: sys_write -> 0x3b
             exe-1049896 [003] ..... 1635488.067926: sys_wait4(upid: 10074e, stat_addr: c000699bf4, options: 40000002, ru: 0)
             exe-1049896 [003] ..... 1635488.067929: sys_wait4 -> 0x10074e
             exe-1049896 [003] ..... 1635488.067932: sys_ptrace(request: 4204, pid: 10074e, addr: 1, data: c000699c70)
             exe-1049896 [003] ..... 1635488.067936: sys_ptrace -> 0x0
             exe-1049896 [003] ..... 1635488.067938: sys_ptrace(request: 4204, pid: 10074e, addr: 202, data: c000699c70)
             exe-1049896 [003] ..... 1635488.067940: sys_ptrace -> 0x0
             exe-1049896 [003] ..... 1635488.067950: sys_ptrace(request: 4205, pid: 10074e, addr: 1, data: c000699c70)
             exe-1049896 [003] ..... 1635488.067953: sys_ptrace -> 0x0
             exe-1049896 [003] ..... 1635488.067955: sys_ptrace(request: 4205, pid: 10074e, addr: 202, data: c000699c70)
             exe-1049673 [002] ..... 1635488.067959: sys_nanosleep -> 0x0
             exe-1049673 [002] ..... 1635488.067961: sys_nanosleep(rqtp: c000069f10, rmtp: 0)
             exe-1049896 [003] ..... 1635488.067965: sys_ptrace -> 0x0
             exe-1049896 [003] ..... 1635488.067967: sys_ptrace(request: 1f, pid: 10074e, addr: 0, data: 0)
             exe-1049896 [003] .N... 1635488.067974: sys_ptrace -> 0x0
             exe-1050446 [003] ..... 1635488.067985: sys_msgctl -> 0xffffffffffffffea
             exe-1049896 [003] ..... 1635488.068004: sys_wait4(upid: 10074e, stat_addr: c000699bf4, options: 40000002, ru: 0)
             exe-1049896 [003] ..... 1635488.068007: sys_wait4 -> 0x10074e
             exe-1049896 [003] ..... 1635488.068009: sys_ptrace(request: 4204, pid: 10074e, addr: 1, data: c000699c70)
             exe-1049896 [003] ..... 1635488.068014: sys_ptrace -> 0x0
             exe-1049896 [003] ..... 1635488.068016: sys_ptrace(request: 4204, pid: 10074e, addr: 202, data: c000699c70)
             exe-1049896 [003] ..... 1635488.068020: sys_ptrace -> 0x0
             exe-1049896 [003] ..... 1635488.068037: sys_pwrite64(fd: 63, buf: 7fd66edd4080, count: 39, pos: 3b)
