             exe-1049567 [001] ..... 1635489.928285: sys_nanosleep(rqtp: c000069f10, rmtp: 0)
             exe-1049896 [001] ..... 1635489.928305: sys_wait4(upid: 10074e, stat_addr: c000699bf4, options: 40000002, ru: 0)
             exe-1049896 [001] ..... 1635489.928308: sys_wait4 -> 0x10074e
             exe-1049896 [001] ..... 1635489.928310: sys_ptrace(request: 4204, pid: 10074e, addr: 1, data: c000699c70)
             exe-1049896 [001] ..... 1635489.928314: sys_ptrace -> 0x0
             exe-1049896 [001] ..... 1635489.928316: sys_ptrace(request: 4204, pid: 10074e, addr: 202, data: c000699c70)
             exe-1049896 [001] ..... 1635489.928318: sys_ptrace -> 0x0
             exe-1049896 [001] ..... 1635489.928335: sys_pwrite64(fd: 63, buf: 7fd66edd4080, count: 25, pos: 27)
             exe-1049896 [001] ..... 1635489.928337: tracing_mark_write: msgctl(msqid=1, cmd=0x3, buf=0x1) end
             exe-1049896 [002] ..... 1635490.016451: tracing_mark_write: msgctl(msqid=8192, cmd=0x3, buf=0x8) start
             exe-1049896 [002] ..... 1635490.016452: sys_pwrite64 -> 0x2a
             exe-1049673 [002] ..... 1635490.016495: sys_nanosleep -> 0x0
             exe-1049673 [002] ..... 1635490.016501: sys_nanosleep(rqtp: c000069f10, rmtp: 0)
             exe-1049896 [002] ..... 1635490.016536: sys_ptrace(request: 4205, pid: 10074e, addr: 1, data: c000699c70)
             exe-1049896 [002] ..... 1635490.016540: sys_ptrace -> 0x0
             exe-1049896 [002] ..... 1635490.016542: sys_ptrace(request: 4205, pid: 10074e, addr: 202, data: c000699c70)
             exe-1049896 [002] ..... 1635490.016560: sys_ptrace -> 0x0
             exe-1049896 [002] ..... 1635490.016562: sys_ptrace(request: 1f, pid: 10074e, addr: 0, data: 0)
             exe-1049896 [002] .N... 1635490.016569: sys_ptrace -> 0x0
             exe-1050446 [002] ..... 1635490.016611: sys_write -> 0x2a
             exe-1049673 [002] ..... 1635490.016632: sys_nanosleep -> 0x0
             exe-1049673 [002] ..... 1635490.016638: sys_nanosleep(rqtp: c000069f10, rmtp: 0)
             exe-1049896 [002] ..... 1635490.016671: sys_wait4(upid: 10074e, stat_addr: c000699bf4, options: 40000002, ru: 0)
             exe-1049896 [002] ..... 1635490.016674: sys_wait4 -> 0x10074e
             exe-1049896 [002] ..... 1635490.016677: sys_ptrace(request: 4204, pid: 10074e, addr: 1, data: c000699c70)
             exe-1049896 [002] ..... 1635490.016682: sys_ptrace -> 0x0
             exe-1049896 [002] ..... 1635490.016684: sys_ptrace(request: 4204, pid: 10074e, addr: 202, data: c000699c70)
             exe-1049896 [002] ..... 1635490.016687: sys_ptrace -> 0x0
             exe-1049896 [002] ..... 1635490.016701: sys_ptrace(request: 4205, pid: 10074e, addr: 1, data: c000699c70)
             exe-1049896 [002] ..... 1635490.016703: sys_ptrace -> 0x0
             exe-1049896 [002] ..... 1635490.016705: sys_ptrace(request: 4205, pid: 10074e, addr: 202, data: c000699c70)
             exe-1049673 [002] ..... 1635490.016753: sys_nanosleep -> 0x0
             exe-1049673 [002] ..... 1635490.016759: sys_nanosleep(rqtp: c000069f10, rmtp: 0)
             exe-1049896 [002] ..... 1635490.016793: sys_ptrace -> 0x0
             exe-1049896 [002] ..... 1635490.016798: sys_ptrace(request: 1f, pid: 10074e, addr: 0, data: 0)
             exe-1049896 [002] .N... 1635490.016806: sys_ptrace -> 0x0
             exe-1050446 [002] ..... 1635490.016819: sys_msgctl -> 0xfffffffffffffff2
             exe-1049673 [002] ..... 1635490.016884: sys_nanosleep -> 0x0
             exe-1049673 [002] ..... 1635490.016891: sys_nanosleep(rqtp: c000069f10, rmtp: 0)
             exe-1049896 [002] ..... 1635490.016920: sys_wait4(upid: 10074e, stat_addr: c000699bf4, options: 40000002, ru: 0)
             exe-1049896 [002] ..... 1635490.016923: sys_wait4 -> 0x10074e
             exe-1049896 [002] ..... 1635490.016926: sys_ptrace(request: 4204, pid: 10074e, addr: 1, data: c000699c70)
             exe-1049896 [002] ..... 1635490.016930: sys_ptrace -> 0x0
             exe-1049896 [002] ..... 1635490.016932: sys_ptrace(request: 4204, pid: 10074e, addr: 202, data: c000699c70)
             exe-1049896 [002] ..... 1635490.016935: sys_ptrace -> 0x0
             exe-1049896 [002] ..... 1635490.016950: sys_pwrite64(fd: 63, buf: 7fd66edd4080, count: 28, pos: 2a)
             exe-1049896 [002] ..... 1635490.016953: tracing_mark_write: msgctl(msqid=8192, cmd=0x3, buf=0x8) end
             exe-1049896 [002] ..... 1635490.097175: tracing_mark_write: msgctl(msqid=119, cmd=0x3, buf=0x8) start
             exe-1049896 [002] ..... 1635490.097176: sys_pwrite64 -> 0x29
             exe-1049896 [002] ..... 1635490.097184: sys_ptrace(request: 4205, pid: 10074e, addr: 1, data: c000699c70)
             exe-1049896 [002] .N... 1635490.097215: sys_ptrace -> 0x0
             exe-1049673 [002] ..... 1635490.097226: sys_nanosleep -> 0x0
             exe-1049673 [002] ..... 1635490.097232: sys_nanosleep(rqtp: c000069f10, rmtp: 0)
             exe-1049896 [002] ..... 1635490.097259: sys_ptrace(request: 4205, pid: 10074e, addr: 202, data: c000699c70)
             exe-1049896 [002] ..... 1635490.097273: sys_ptrace -> 0x0
             exe-1049896 [002] ..... 1635490.097275: sys_ptrace(request: 1f, pid: 10074e, addr: 0, data: 0)
             exe-1049896 [002] .N... 1635490.097282: sys_ptrace -> 0x0
             exe-1050446 [002] ..... 1635490.097295: sys_write -> 0x29
             exe-1049567 [002] ..... 1635490.097349: sys_nanosleep -> 0x0
             exe-1049567 [002] ..... 1635490.097355: sys_nanosleep(rqtp: c000069f10, rmtp: 0)
             exe-1049673 [002] ..... 1635490.097375: sys_nanosleep -> 0x0
             exe-1049673 [002] ..... 1635490.097381: sys_nanosleep(rqtp: c000069f10, rmtp: 0)
             exe-1049896 [002] ..... 1635490.097410: sys_wait4(upid: 10074e, stat_addr: c000699bf4, options: 40000002, ru: 0)
             exe-1049896 [002] ..... 1635490.097413: sys_wait4 -> 0x10074e
             exe-1049896 [002] ..... 1635490.097415: sys_ptrace(request: 4204, pid: 10074e, addr: 1, data: c000699c70)
             exe-1049896 [002] ..... 1635490.097419: sys_ptrace -> 0x0
             exe-1049896 [002] ..... 1635490.097421: sys_ptrace(request: 4204, pid: 10074e, addr: 202, data: c000699c70)
             exe-1049896 [002] ..... 1635490.097424: sys_ptrace -> 0x0
             exe-1049896 [002] ..... 1635490.097439: sys_ptrace(request: 4205, pid: 10074e, addr: 1, data: c000699c70)
             exe-1049896 [002] ..... 1635490.097442: sys_ptrace -> 0x0
             exe-1049896 [002] ..... 1635490.097444: sys_ptrace(request: 4205, pid: 10074e, addr: 202, data: c000699c70)
             exe-1049673 [002] ..... 1635490.097491: sys_nanosleep -> 0x0
             exe-1049673 [002] ..... 1635490.097497: sys_nanosleep(rqtp: c000069f10, rmtp: 0)
             exe-1049896 [002] ..... 1635490.097525: sys_ptrace -> 0x0
             exe-1049896 [002] ..... 1635490.097529: sys_ptrace(request: 1f, pid: 10074e, addr: 0, data: 0)
             exe-1049896 [002] .N... 1635490.097537: sys_ptrace -> 0x0
             exe-1050446 [002] ..... 1635490.097550: sys_msgctl -> 0xfffffffffffffff2
             exe-1049673 [002] ..... 1635490.097607: sys_nanosleep -> 0x0
             exe-1049673 [002] ..... 1635490.097613: sys_nanosleep(rqtp: c000069f10, rmtp: 0)
             exe-1049896 [002] ..... 1635490.097642: sys_wait4(upid: 10074e, stat_addr: c000699bf4, options: 40000002, ru: 0)
             exe-1049896 [002] ..... 1635490.097645: sys_wait4 -> 0x10074e
             exe-1049896 [002] ..... 1635490.097647: sys_ptrace(request: 4204, pid: 10074e, addr: 1, data: c000699c70)
             exe-1049896 [002] ..... 1635490.097651: sys_ptrace -> 0x0
             exe-1049896 [002] ..... 1635490.097653: sys_ptrace(request: 4204, pid: 10074e, addr: 202, data: c000699c70)
             exe-1049896 [002] ..... 1635490.097656: sys_ptrace -> 0x0
             exe-1049896 [002] ..... 1635490.097671: sys_pwrite64(fd: 63, buf: 7fd66edd4080, count: 27, pos: 29)
             exe-1049896 [002] ..... 1635490.097673: tracing_mark_write: msgctl(msqid=119, cmd=0x3, buf=0x8) end
             exe-1049896 [002] ..... 1635490.176120: tracing_mark_write: msgctl(msqid=0x801080000002, cmd=0x3, buf=0x4) start
             exe-1049896 [002] ..... 1635490.176122: sys_pwrite64 -> 0x34
             exe-1049673 [003] ..... 1635490.176125: sys_nanosleep -> 0x0
             exe-1049673 [003] ..... 1635490.176127: sys_nanosleep(rqtp: c000069f10, rmtp: 0)
             exe-1049896 [002] ..... 1635490.176129: sys_ptrace(request: 4205, pid: 10074e, addr: 1, data: c000699c70)
             exe-1049896 [002] ..... 1635490.176132: sys_ptrace -> 0x0
             exe-1049896 [002] ..... 1635490.176133: sys_ptrace(request: 4205, pid: 10074e, addr: 202, data: c000699c70)
             exe-1049896 [002] ..... 1635490.176145: sys_ptrace -> 0x0
             exe-1049896 [002] ..... 1635490.176146: sys_ptrace(request: 1f, pid: 10074e, addr: 0, data: 0)
             exe-1049896 [002] .N... 1635490.176151: sys_ptrace -> 0x0
             exe-1050446 [002] ..... 1635490.176161: sys_write -> 0x34
             exe-1049896 [002] ..... 1635490.176182: sys_wait4(upid: 10074e, stat_addr: c000699bf4, options: 40000002, ru: 0)
             exe-1049896 [002] ..... 1635490.176185: sys_wait4 -> 0x10074e
             exe-1049896 [002] ..... 1635490.176187: sys_ptrace(request: 4204, pid: 10074e, addr: 1, data: c000699c70)
             exe-1049896 [002] ..... 1635490.176191: sys_ptrace -> 0x0
             exe-1049896 [002] ..... 1635490.176193: sys_ptrace(request: 4204, pid: 10074e, addr: 202, data: c000699c70)
             exe-1049896 [002] ..... 1635490.176195: sys_ptrace -> 0x0
             exe-1049896 [002] ..... 1635490.176207: sys_ptrace(request: 4205, pid: 10074e, addr: 1, data: c000699c70)
             exe-1049896 [002] ..... 1635490.176210: sys_ptrace -> 0x0
             exe-1049896 [002] ..... 1635490.176211: sys_ptrace(request: 4205, pid: 10074e, addr: 202, data: c000699c70)
             exe-1049673 [003] ..... 1635490.176211: sys_nanosleep -> 0x0
             exe-1049673 [003] ..... 1635490.176214: sys_nanosleep(rqtp: c000069f10, rmtp: 0)
             exe-1049896 [002] ..... 1635490.176221: sys_ptrace -> 0x0
             exe-1049896 [002] ..... 1635490.176223: sys_ptrace(request: 1f, pid: 10074e, addr: 0, data: 0)
             exe-1049896 [002] .N... 1635490.176230: sys_ptrace -> 0x0
             exe-1050446 [002] ..... 1635490.176240: sys_msgctl -> 0xfffffffffffffff2
             exe-1049896 [002] ..... 1635490.176260: sys_wait4(upid: 10074e, stat_addr: c000699bf4, options: 40000002, ru: 0)
             exe-1049896 [002] ..... 1635490.176263: sys_wait4 -> 0x10074e
             exe-1049896 [002] ..... 1635490.176265: sys_ptrace(request: 4204, pid: 10074e, addr: 1, data: c000699c70)
             exe-1049896 [002] ..... 1635490.176268: sys_ptrace -> 0x0
             exe-1049896 [002] ..... 1635490.176270: sys_ptrace(request: 4204, pid: 10074e, addr: 202, data: c000699c70)
             exe-1049896 [002] ..... 1635490.176272: sys_ptrace -> 0x0
             exe-1049896 [002] ..... 1635490.176281: sys_pwrite64(fd: 63, buf: 7fd66edd4080, count: 32, pos: 34)
             exe-1049896 [002] ..... 1635490.176283: tracing_mark_write: msgctl(msqid=0x801080000002, cmd=0x3, buf=0x4) end
             exe-1049896 [002] ..... 1635490.241730: tracing_mark_write: msgctl(msqid=0x2001180008000000, cmd=0x3, buf=0x7fcbd9900000) start
             exe-1049896 [002] ..... 1635490.241731: sys_pwrite64 -> 0x43
             exe-1049896 [002] ..... 1635490.241738: sys_ptrace(request: 4205, pid: 10074e, addr: 1, data: c000699c70)
             exe-1049896 [002] ..... 1635490.241741: sys_ptrace -> 0x0
             exe-1049896 [002] ..... 1635490.241742: sys_ptrace(request: 4205, pid: 10074e, addr: 202, data: c000699c70)
             exe-1049896 [002] ..... 1635490.241752: sys_ptrace -> 0x0
             exe-1049673 [002] ..... 1635490.241797: sys_nanosleep -> 0x0
             exe-1049673 [002] ..... 1635490.241803: sys_nanosleep(rqtp: c000069f10, rmtp: 0)
             exe-1049896 [002] ..... 1635490.241826: sys_ptrace(request: 1f, pid: 10074e, addr: 0, data: 0)
             exe-1049896 [002] .N... 1635490.241833: sys_ptrace -> 0x0
             exe-1050446 [002] ..... 1635490.241844: sys_write -> 0x43
             exe-1049896 [002] ..... 1635490.241865: sys_wait4(upid: 10074e, stat_addr: c000699bf4, options: 40000002, ru: 0)
             exe-1049896 [002] ..... 1635490.241868: sys_wait4 -> 0x10074e
             exe-1049896 [002] ..... 1635490.241870: sys_ptrace(request: 4204, pid: 10074e, addr: 1, data: c000699c70)
             exe-1049896 [002] ..... 1635490.241874: sys_ptrace -> 0x0
             exe-1049673 [002] ..... 1635490.241909: sys_nanosleep -> 0x0
             exe-1049673 [002] ..... 1635490.241914: sys_nanosleep(rqtp: c000069f10, rmtp: 0)
             exe-1049896 [002] ..... 1635490.241939: sys_ptrace(request: 4204, pid: 10074e, addr: 202, data: c000699c70)
             exe-1049896 [002] ..... 1635490.241944: sys_ptrace -> 0x0
             exe-1049673 [002] ..... 1635490.242019: sys_nanosleep -> 0x0
             exe-1049673 [002] ..... 1635490.242025: sys_nanosleep(rqtp: c000069f10, rmtp: 0)
             exe-1049673 [002] ..... 1635490.242128: sys_nanosleep -> 0x0
             exe-1049673 [002] ..... 1635490.242134: sys_nanosleep(rqtp: c000069f10, rmtp: 0)
             exe-1049896 [002] ..... 1635490.242158: sys_ptrace(request: 4205, pid: 10074e, addr: 1, data: c000699c70)
             exe-1049896 [002] ..... 1635490.242163: sys_ptrace -> 0x0
             exe-1049896 [002] ..... 1635490.242164: sys_ptrace(request: 4205, pid: 10074e, addr: 202, data: c000699c70)
             exe-1049896 [002] ..... 1635490.242176: sys_ptrace -> 0x0
             exe-1049896 [002] ..... 1635490.242177: sys_ptrace(request: 1f, pid: 10074e, addr: 0, data: 0)
             exe-1049896 [002] .N... 1635490.242183: sys_ptrace -> 0x0
             exe-1050446 [002] ..... 1635490.242195: sys_msgctl -> 0x0
             exe-1049673 [002] ..... 1635490.242250: sys_nanosleep -> 0x0
             exe-1049673 [002] ..... 1635490.242256: sys_nanosleep(rqtp: c000069f10, rmtp: 0)
             exe-1049567 [002] ..... 1635490.242278: sys_nanosleep -> 0x0
             exe-1049567 [002] ..... 1635490.242283: sys_nanosleep(rqtp: c000069f10, rmtp: 0)
             exe-1049896 [002] ..... 1635490.242293: sys_wait4(upid: 10074e, stat_addr: c000699bf4, options: 40000002, ru: 0)
             exe-1049896 [002] ..... 1635490.242295: sys_wait4 -> 0x10074e
             exe-1049896 [002] ..... 1635490.242298: sys_ptrace(request: 4204, pid: 10074e, addr: 1, data: c000699c70)
             exe-1049896 [002] ..... 1635490.242301: sys_ptrace -> 0x0
             exe-1049896 [002] ..... 1635490.242303: sys_ptrace(request: 4204, pid: 10074e, addr: 202, data: c000699c70)
             exe-1049896 [002] ..... 1635490.242305: sys_ptrace -> 0x0
             exe-1049896 [002] ..... 1635490.242318: sys_pwrite64(fd: 63, buf: 7fd66edd4080, count: 41, pos: 43)
             exe-1049896 [002] ..... 1635490.242320: tracing_mark_write: msgctl(msqid=0x2001180008000000, cmd=0x3, buf=0x7fcbd9900000) end
             exe-1049896 [002] ..... 1635490.314741: tracing_mark_write: msgctl(msqid=0x2000000, cmd=0xc, buf=0x1) start
             exe-1049896 [002] ..... 1635490.314743: sys_pwrite64 -> 0x2f
             exe-1049896 [002] ..... 1635490.314750: sys_ptrace(request: 4205, pid: 10074e, addr: 1, data: c000699c70)
             exe-1049896 [002] ..... 1635490.314752: sys_ptrace -> 0x0
             exe-1049896 [002] ..... 1635490.314754: sys_ptrace(request: 4205, pid: 10074e, addr: 202, data: c000699c70)
             exe-1049896 [002] ..... 1635490.314766: sys_ptrace -> 0x0
             exe-1049896 [002] ..... 1635490.314768: sys_ptrace(request: 1f, pid: 10074e, addr: 0, data: 0)
             exe-1049896 [002] .N... 1635490.314775: sys_ptrace -> 0x0
             exe-1050446 [002] ..... 1635490.314787: sys_write -> 0x2f
             exe-1049896 [002] ..... 1635490.314807: sys_wait4(upid: 10074e, stat_addr: c000699bf4, options: 40000002, ru: 0)
             exe-1049896 [002] ..... 1635490.314810: sys_wait4 -> 0x10074e
             exe-1049896 [002] ..... 1635490.314812: sys_ptrace(request: 4204, pid: 10074e, addr: 1, data: c000699c70)
             exe-1049896 [002] ..... 1635490.314816: sys_ptrace -> 0x0
             exe-1049896 [002] ..... 1635490.314817: sys_ptrace(request: 4204, pid: 10074e, addr: 202, data: c000699c70)
             exe-1049896 [002] ..... 1635490.314820: sys_ptrace -> 0x0
             exe-1049896 [002] ..... 1635490.314859: sys_ptrace(request: 4205, pid: 10074e, addr: 1, data: c000699c70)
             exe-1049896 [002] ..... 1635490.314862: sys_ptrace -> 0x0
             exe-1049896 [002] ..... 1635490.314864: sys_ptrace(request: 4205, pid: 10074e, addr: 202, data: c000699c70)
             exe-1049896 [002] ..... 1635490.314875: sys_ptrace -> 0x0
             exe-1049896 [002] ..... 1635490.314877: sys_ptrace(request: 1f, pid: 10074e, addr: 0, data: 0)
             exe-1049896 [002] .N... 1635490.314885: sys_ptrace -> 0x0
             exe-1050446 [002] ..... 1635490.314897: sys_msgctl -> 0xfffffffffffffff2
             exe-1049896 [002] ..... 1635490.314919: sys_wait4(upid: 10074e, stat_addr: c000699bf4, options: 40000002, ru: 0)
             exe-1049896 [002] ..... 1635490.314921: sys_wait4 -> 0x10074e
             exe-1049896 [002] ..... 1635490.314924: sys_ptrace(request: 4204, pid: 10074e, addr: 1, data: c000699c70)
             exe-1049896 [002] ..... 1635490.314928: sys_ptrace -> 0x0
             exe-1049896 [002] ..... 1635490.314929: sys_ptrace(request: 4204, pid: 10074e, addr: 202, data: c000699c70)
             exe-1049896 [002] ..... 1635490.314932: sys_ptrace -> 0x0
             exe-1049896 [002] ..... 1635490.314942: sys_pwrite64(fd: 63, buf: 7fd66edd4080, count: 2d, pos: 2f)
             exe-1049896 [002] ..... 1635490.314944: tracing_mark_write: msgctl(msqid=0x2000000, cmd=0xc, buf=0x1) end
             exe-1049896 [002] ..... 1635490.387196: tracing_mark_write: msgctl(msqid=0x4cb6ac5bcadcc2, cmd=0xc, buf=0x0) start
             exe-1049896 [002] ..... 1635490.387198: sys_pwrite64 -> 0x36
             exe-1049896 [002] .N... 1635490.387233: sys_ptrace(request: 4205, pid: 10074e, addr: 1, data: c000699c70)
             exe-1049896 [002] .N... 1635490.387235: sys_ptrace -> 0x0
             exe-1049567 [001] ..... 1635490.387243: sys_nanosleep -> 0x0
             exe-1049567 [001] ..... 1635490.387245: sys_nanosleep(rqtp: c000069f10, rmtp: 0)
             exe-1049673 [002] ..... 1635490.387246: sys_nanosleep -> 0x0
             exe-1049673 [002] ..... 1635490.387253: sys_futex(uaddr: 1f09dc0, op: 80, val: 0, utime: c000069eb0, uaddr2: 0, val3: 0)
             exe-1049896 [002] ..... 1635490.387271: sys_ptrace(request: 4205, pid: 10074e, addr: 202, data: c000699c70)
             exe-1049896 [002] ..... 1635490.387290: sys_ptrace -> 0x0
             exe-1049896 [002] ..... 1635490.387292: sys_ptrace(request: 1f, pid: 10074e, addr: 0, data: 0)
             exe-1049896 [002] .N... 1635490.387298: sys_ptrace -> 0x0
             exe-1050446 [002] ..... 1635490.387310: sys_write -> 0x36
             exe-1049896 [002] ..... 1635490.387332: sys_wait4(upid: 10074e, stat_addr: c000699bf4, options: 40000002, ru: 0)
             exe-1049896 [002] ..... 1635490.387335: sys_wait4 -> 0x10074e
             exe-1049896 [002] ..... 1635490.387337: sys_ptrace(request: 4204, pid: 10074e, addr: 1, data: c000699c70)
             exe-1049896 [002] ..... 1635490.387341: sys_ptrace -> 0x0
             exe-1049896 [002] ..... 1635490.387342: sys_ptrace(request: 4204, pid: 10074e, addr: 202, data: c000699c70)
             exe-1049896 [002] ..... 1635490.387344: sys_ptrace -> 0x0
             exe-1049896 [002] ..... 1635490.387360: sys_ptrace(request: 4205, pid: 10074e, addr: 1, data: c000699c70)
             exe-1049896 [002] ..... 1635490.387363: sys_ptrace -> 0x0
             exe-1049896 [002] ..... 1635490.387364: sys_ptrace(request: 4205, pid: 10074e, addr: 202, data: c000699c70)
             exe-1049896 [002] ..... 1635490.387374: sys_ptrace -> 0x0
             exe-1049896 [002] ..... 1635490.387375: sys_ptrace(request: 1f, pid: 10074e, addr: 0, data: 0)
             exe-1049896 [002] .N... 1635490.387383: sys_ptrace -> 0x0
             exe-1050446 [002] ..... 1635490.387393: sys_msgctl -> 0xfffffffffffffff2
             exe-1049896 [002] ..... 1635490.387412: sys_wait4(upid: 10074e, stat_addr: c000699bf4, options: 40000002, ru: 0)
             exe-1049896 [002] ..... 1635490.387414: sys_wait4 -> 0x10074e
             exe-1049896 [002] ..... 1635490.387416: sys_ptrace(request: 4204, pid: 10074e, addr: 1, data: c000699c70)
             exe-1049896 [002] ..... 1635490.387420: sys_ptrace -> 0x0
             exe-1049896 [002] ..... 1635490.387421: sys_ptrace(request: 4204, pid: 10074e, addr: 202, data: c000699c70)
             exe-1049896 [002] ..... 1635490.387424: sys_ptrace -> 0x0
             exe-1049896 [002] ..... 1635490.387436: sys_pwrite64(fd: 63, buf: 7fd66edd4080, count: 34, pos: 36)
             exe-1049896 [002] ..... 1635490.387437: tracing_mark_write: msgctl(msqid=0x4cb6ac5bcadcc2, cmd=0xc, buf=0x0) end
             exe-1049896 [002] ..... 1635490.463855: tracing_mark_write: msgctl(msqid=148, cmd=0xc, buf=0x1) start
             exe-1049896 [002] ..... 1635490.463856: sys_pwrite64 -> 0x29
             exe-1049896 [002] ..... 1635490.463863: sys_ptrace(request: 4205, pid: 10074e, addr: 1, data: c000699c70)
             exe-1049896 [002] ..... 1635490.463865: sys_ptrace -> 0x0
             exe-1049896 [002] ..... 1635490.463867: sys_ptrace(request: 4205, pid: 10074e, addr: 202, data: c000699c70)
             exe-1049673 [002] ..... 1635490.463909: sys_nanosleep -> 0x0
             exe-1049673 [002] ..... 1635490.463915: sys_nanosleep(rqtp: c000069f10, rmtp: 0)
             exe-1049896 [002] ..... 1635490.463942: sys_ptrace -> 0x0
             exe-1049896 [002] ..... 1635490.463946: sys_ptrace(request: 1f, pid: 10074e, addr: 0, data: 0)
             exe-1049896 [002] ..... 1635490.463955: sys_ptrace -> 0x0
             exe-1049896 [002] ..... 1635490.463958: sys_wait4(upid: 10074e, stat_addr: c000699bf4, options: 40000002, ru: 0)
             exe-1050446 [000] ..... 1635490.463973: sys_write -> 0x29
             exe-1049567 [000] ..... 1635490.463994: sys_nanosleep -> 0x0
             exe-1049567 [000] ..... 1635490.463998: sys_nanosleep(rqtp: c000069f10, rmtp: 0)
             exe-1049673 [002] ..... 1635490.464013: sys_nanosleep -> 0x0
             exe-1049673 [002] ..... 1635490.464018: sys_nanosleep(rqtp: c000069f10, rmtp: 0)
             exe-1049896 [002] ..... 1635490.464039: sys_wait4 -> 0x10074e
             exe-1049896 [002] ..... 1635490.464044: sys_ptrace(request: 4204, pid: 10074e, addr: 1, data: c000699c70)
             exe-1049896 [002] ..... 1635490.464048: sys_ptrace -> 0x0
             exe-1049896 [002] ..... 1635490.464050: sys_ptrace(request: 4204, pid: 10074e, addr: 202, data: c000699c70)
             exe-1049896 [002] ..... 1635490.464052: sys_ptrace -> 0x0
             exe-1049896 [002] ..... 1635490.464069: sys_ptrace(request: 4205, pid: 10074e, addr: 1, data: c000699c70)
             exe-1049896 [002] ..... 1635490.464071: sys_ptrace -> 0x0
             exe-1049896 [002] ..... 1635490.464073: sys_ptrace(request: 4205, pid: 10074e, addr: 202, data: c000699c70)
             exe-1049896 [002] ..... 1635490.464085: sys_ptrace -> 0x0
             exe-1049896 [002] ..... 1635490.464086: sys_ptrace(request: 1f, pid: 10074e, addr: 0, data: 0)
             exe-1050446 [000] ..... 1635490.464108: sys_msgctl -> 0xfffffffffffffff2
             exe-1049896 [002] .N... 1635490.464114: sys_ptrace -> 0x0
             exe-1049673 [002] ..... 1635490.464124: sys_nanosleep -> 0x0
             exe-1049673 [002] ..... 1635490.464130: sys_nanosleep(rqtp: c000069f10, rmtp: 0)
             exe-1049896 [002] ..... 1635490.464154: sys_wait4(upid: 10074e, stat_addr: c000699bf4, options: 40000002, ru: 0)
             exe-1049896 [002] ..... 1635490.464157: sys_wait4 -> 0x10074e
             exe-1049896 [002] ..... 1635490.464165: sys_ptrace(request: 4204, pid: 10074e, addr: 1, data: c000699c70)
             exe-1049896 [002] ..... 1635490.464169: sys_ptrace -> 0x0
             exe-1049896 [002] ..... 1635490.464171: sys_ptrace(request: 4204, pid: 10074e, addr: 202, data: c000699c70)
             exe-1049896 [002] ..... 1635490.464173: sys_ptrace -> 0x0
             exe-1049896 [002] ..... 1635490.464187: sys_pwrite64(fd: 63, buf: 7fd66edd4080, count: 27, pos: 29)
             exe-1049896 [002] ..... 1635490.464189: tracing_mark_write: msgctl(msqid=148, cmd=0xc, buf=0x1) end
             exe-1049896 [002] ..... 1635490.553247: tracing_mark_write: msgctl(msqid=-5, cmd=0xc, buf=0x7fcbd7c00000) start
             exe-1049896 [002] ..... 1635490.553249: sys_pwrite64 -> 0x33
             exe-1049567 [003] ..... 1635490.553250: sys_nanosleep -> 0x0
             exe-1049896 [002] ..... 1635490.553255: sys_ptrace(request: 4205, pid: 10074e, addr: 1, data: c000699c70)
             exe-1049567 [003] ..... 1635490.553256: sys_nanosleep(rqtp: c000069f10, rmtp: 0)
             exe-1049896 [002] ..... 1635490.553257: sys_ptrace -> 0x0
             exe-1049896 [002] ..... 1635490.553259: sys_ptrace(request: 4205, pid: 10074e, addr: 202, data: c000699c70)
             exe-1049896 [002] ..... 1635490.553268: sys_ptrace -> 0x0
             exe-1049896 [002] ..... 1635490.553269: sys_ptrace(request: 1f, pid: 10074e, addr: 0, data: 0)
             exe-1049896 [002] ..... 1635490.553279: sys_ptrace -> 0x0
             exe-1049896 [002] ..... 1635490.553282: sys_wait4(upid: 10074e, stat_addr: c000699bf4, options: 40000002, ru: 0)
             exe-1050446 [000] ..... 1635490.553303: sys_write -> 0x33
             exe-1049896 [002] ..... 1635490.553320: sys_wait4 -> 0x10074e
             exe-1049896 [002] ..... 1635490.553323: sys_ptrace(request: 4204, pid: 10074e, addr: 1, data: c000699c70)
             exe-1049896 [002] ..... 1635490.553326: sys_ptrace -> 0x0
             exe-1049896 [002] ..... 1635490.553327: sys_ptrace(request: 4204, pid: 10074e, addr: 202, data: c000699c70)
             exe-1049896 [002] ..... 1635490.553329: sys_ptrace -> 0x0
             exe-1049673 [003] ..... 1635490.553339: sys_nanosleep -> 0x0
             exe-1049673 [003] ..... 1635490.553345: sys_nanosleep(rqtp: c000069f10, rmtp: 0)
             exe-1049567 [003] ..... 1635490.553370: sys_nanosleep -> 0x0
             exe-1049567 [003] ..... 1635490.553375: sys_nanosleep(rqtp: c000069f10, rmtp: 0)
             exe-1049896 [002] ..... 1635490.553432: sys_ptrace(request: 4205, pid: 10074e, addr: 1, data: c000699c70)
             exe-1049896 [002] ..... 1635490.553435: sys_ptrace -> 0x0
             exe-1049896 [002] ..... 1635490.553437: sys_ptrace(request: 4205, pid: 10074e, addr: 202, data: c000699c70)
             exe-1049896 [002] ..... 1635490.553447: sys_ptrace -> 0x0
             exe-1049896 [002] ..... 1635490.553449: sys_ptrace(request: 1f, pid: 10074e, addr: 0, data: 0)
             exe-1049673 [003] ..... 1635490.553453: sys_nanosleep -> 0x0
             exe-1049673 [003] ..... 1635490.553459: sys_nanosleep(rqtp: c000069f10, rmtp: 0)
             exe-1049896 [002] ..... 1635490.553460: sys_ptrace -> 0x0
             exe-1049896 [002] ..... 1635490.553462: sys_wait4(upid: 10074e, stat_addr: c000699bf4, options: 40000002, ru: 0)
             exe-1050446 [000] ..... 1635490.553484: sys_msgctl -> 0x0
             exe-1049567 [003] ..... 1635490.553484: sys_nanosleep -> 0x0
             exe-1049567 [003] ..... 1635490.553489: sys_nanosleep(rqtp: c000069f10, rmtp: 0)
             exe-1049896 [002] ..... 1635490.553502: sys_wait4 -> 0x10074e
             exe-1049896 [002] ..... 1635490.553505: sys_ptrace(request: 4204, pid: 10074e, addr: 1, data: c000699c70)
             exe-1049896 [002] ..... 1635490.553508: sys_ptrace -> 0x0
             exe-1049896 [002] ..... 1635490.553510: sys_ptrace(request: 4204, pid: 10074e, addr: 202, data: c000699c70)
             exe-1049896 [002] ..... 1635490.553512: sys_ptrace -> 0x0
             exe-1049896 [002] ..... 1635490.553521: sys_pwrite64(fd: 63, buf: 7fd66edd4080, count: 31, pos: 33)
             exe-1049896 [002] ..... 1635490.553523: tracing_mark_write: msgctl(msqid=-5, cmd=0xc, buf=0x7fcbd7c00000) end
             exe-1049896 [002] ..... 1635490.622812: tracing_mark_write: msgctl(msqid=-5, cmd=0xb, buf=0x4) start
             exe-1049896 [002] ..... 1635490.622814: sys_pwrite64 -> 0x28
             exe-1049896 [002] ..... 1635490.622820: sys_ptrace(request: 4205, pid: 10074e, addr: 1, data: c000699c70)
             exe-1049896 [002] ..... 1635490.622823: sys_ptrace -> 0x0
             exe-1049567 [003] ..... 1635490.622824: sys_nanosleep -> 0x0
             exe-1049896 [002] ..... 1635490.622825: sys_ptrace(request: 4205, pid: 10074e, addr: 202, data: c000699c70)
             exe-1049567 [003] ..... 1635490.622827: sys_nanosleep(rqtp: c000069f10, rmtp: 0)
             exe-1049896 [002] ..... 1635490.622837: sys_ptrace -> 0x0
             exe-1049896 [002] ..... 1635490.622839: sys_ptrace(request: 1f, pid: 10074e, addr: 0, data: 0)
             exe-1049896 [002] .N... 1635490.622846: sys_ptrace -> 0x0
             exe-1050446 [002] ..... 1635490.622857: sys_write -> 0x28
             exe-1049896 [002] ..... 1635490.622877: sys_wait4(upid: 10074e, stat_addr: c000699bf4, options: 40000002, ru: 0)
             exe-1049896 [002] ..... 1635490.622880: sys_wait4 -> 0x10074e
             exe-1049896 [002] ..... 1635490.622882: sys_ptrace(request: 4204, pid: 10074e, addr: 1, data: c000699c70)
             exe-1049896 [002] ..... 1635490.622886: sys_ptrace -> 0x0
             exe-1049896 [002] ..... 1635490.622888: sys_ptrace(request: 4204, pid: 10074e, addr: 202, data: c000699c70)
             exe-1049896 [002] ..... 1635490.622890: sys_ptrace -> 0x0
             exe-1049896 [002] ..... 1635490.622900: sys_ptrace(request: 4205, pid: 10074e, addr: 1, data: c000699c70)
             exe-1049896 [002] ..... 1635490.622902: sys_ptrace -> 0x0
             exe-1049896 [002] ..... 1635490.622904: sys_ptrace(request: 4205, pid: 10074e, addr: 202, data: c000699c70)
             exe-1049567 [003] ..... 1635490.622914: sys_nanosleep -> 0x0
             exe-1049896 [002] ..... 1635490.622914: sys_ptrace -> 0x0
             exe-1049896 [002] ..... 1635490.622916: sys_ptrace(request: 1f, pid: 10074e, addr: 0, data: 0)
             exe-1049567 [003] ..... 1635490.622916: sys_nanosleep(rqtp: c000069f10, rmtp: 0)
             exe-1049896 [002] .N... 1635490.622922: sys_ptrace -> 0x0
             exe-1050446 [002] ..... 1635490.622933: sys_msgctl -> 0xffffffffffffffea
             exe-1049896 [002] ..... 1635490.622952: sys_wait4(upid: 10074e, stat_addr: c000699bf4, options: 40000002, ru: 0)
             exe-1049896 [002] ..... 1635490.622956: sys_wait4 -> 0x10074e
             exe-1049896 [002] ..... 1635490.622958: sys_ptrace(request: 4204, pid: 10074e, addr: 1, data: c000699c70)
             exe-1049896 [002] ..... 1635490.622962: sys_ptrace -> 0x0
             exe-1049896 [002] ..... 1635490.622963: sys_ptrace(request: 4204, pid: 10074e, addr: 202, data: c000699c70)
             exe-1049896 [002] ..... 1635490.622966: sys_ptrace -> 0x0
             exe-1049896 [002] ..... 1635490.622975: sys_pwrite64(fd: 63, buf: 7fd66edd4080, count: 26, pos: 28)
             exe-1049896 [002] ..... 1635490.622977: tracing_mark_write: msgctl(msqid=-5, cmd=0xb, buf=0x4) end
             exe-1049896 [002] ..... 1635490.712103: tracing_mark_write: msgctl(msqid=-7, cmd=0xb, buf=0x7fcbd9c67000) start
             exe-1049896 [002] ..... 1635490.712105: sys_pwrite64 -> 0x33
             exe-1049896 [002] ..... 1635490.712112: sys_ptrace(request: 4205, pid: 10074e, addr: 1, data: c000699c70)
             exe-1049896 [002] ..... 1635490.712114: sys_ptrace -> 0x0
             exe-1049896 [002] ..... 1635490.712116: sys_ptrace(request: 4205, pid: 10074e, addr: 202, data: c000699c70)
             exe-1049896 [002] ..... 1635490.712128: sys_ptrace -> 0x0
             exe-1049896 [002] ..... 1635490.712130: sys_ptrace(request: 1f, pid: 10074e, addr: 0, data: 0)
             exe-1049896 [002] .N... 1635490.712138: sys_ptrace -> 0x0
             exe-1050446 [002] ..... 1635490.712149: sys_write -> 0x33
             exe-1049673 [003] ..... 1635490.712155: sys_nanosleep -> 0x0
             exe-1049673 [003] ..... 1635490.712160: sys_nanosleep(rqtp: c000069f10, rmtp: 0)
             exe-1049896 [002] ..... 1635490.712169: sys_wait4(upid: 10074e, stat_addr: c000699bf4, options: 40000002, ru: 0)
             exe-1049896 [002] ..... 1635490.712171: sys_wait4 -> 0x10074e
             exe-1049896 [002] ..... 1635490.712174: sys_ptrace(request: 4204, pid: 10074e, addr: 1, data: c000699c70)
             exe-1049896 [002] ..... 1635490.712178: sys_ptrace -> 0x0
             exe-1049896 [002] ..... 1635490.712179: sys_ptrace(request: 4204, pid: 10074e, addr: 202, data: c000699c70)
             exe-1049567 [003] ..... 1635490.712180: sys_nanosleep -> 0x0
             exe-1049896 [002] ..... 1635490.712182: sys_ptrace -> 0x0
             exe-1049567 [003] ..... 1635490.712185: sys_nanosleep(rqtp: c000069f10, rmtp: 0)
             exe-1049896 [002] ..... 1635490.712191: sys_ptrace(request: 4205, pid: 10074e, addr: 1, data: c000699c70)
             exe-1049896 [002] ..... 1635490.712194: sys_ptrace -> 0x0
             exe-1049896 [002] ..... 1635490.712195: sys_ptrace(request: 4205, pid: 10074e, addr: 202, data: c000699c70)
             exe-1049896 [002] ..... 1635490.712205: sys_ptrace -> 0x0
             exe-1049896 [002] ..... 1635490.712207: sys_ptrace(request: 1f, pid: 10074e, addr: 0, data: 0)
             exe-1049896 [002] .N... 1635490.712214: sys_ptrace -> 0x0
             exe-1050446 [002] ..... 1635490.712225: sys_msgctl -> 0xffffffffffffffea
             exe-1049896 [002] ..... 1635490.712244: sys_wait4(upid: 10074e, stat_addr: c000699bf4, options: 40000002, ru: 0)
             exe-1049896 [002] ..... 1635490.712247: sys_wait4 -> 0x10074e
             exe-1049896 [002] ..... 1635490.712249: sys_ptrace(request: 4204, pid: 10074e, addr: 1, data: c000699c70)
             exe-1049896 [002] ..... 1635490.712253: sys_ptrace -> 0x0
             exe-1049896 [002] ..... 1635490.712255: sys_ptrace(request: 4204, pid: 10074e, addr: 202, data: c000699c70)
             exe-1049896 [002] ..... 1635490.712257: sys_ptrace -> 0x0
             exe-1049673 [003] ..... 1635490.712261: sys_nanosleep -> 0x0
             exe-1049673 [003] ..... 1635490.712266: sys_nanosleep(rqtp: c000069f10, rmtp: 0)
             exe-1049896 [002] ..... 1635490.712266: sys_pwrite64(fd: 63, buf: 7fd66edd4080, count: 31, pos: 33)
             exe-1049896 [002] ..... 1635490.712268: tracing_mark_write: msgctl(msqid=-7, cmd=0xb, buf=0x7fcbd9c67000) end
             exe-1049896 [001] ..... 1635490.779519: tracing_mark_write: msgctl(msqid=151, cmd=0xb, buf=0x7fcbd7c00000) start
             exe-1049896 [001] ..... 1635490.779521: sys_pwrite64 -> 0x34
             exe-1049673 [003] ..... 1635490.779524: sys_nanosleep -> 0x0
             exe-1049673 [003] ..... 1635490.779530: sys_futex(uaddr: 1f09dc0, op: 80, val: 0, utime: c000069eb0, uaddr2: 0, val3: 0)
             exe-1049896 [001] ..... 1635490.779531: sys_ptrace(request: 4205, pid: 10074e, addr: 1, data: c000699c70)
             exe-1049896 [001] ..... 1635490.779535: sys_ptrace -> 0x0
             exe-1049896 [001] ..... 1635490.779537: sys_ptrace(request: 4205, pid: 10074e, addr: 202, data: c000699c70)
             exe-1049567 [003] ..... 1635490.779547: sys_nanosleep -> 0x0
             exe-1049567 [003] ..... 1635490.779552: sys_nanosleep(rqtp: c000069f10, rmtp: 0)
             exe-1049896 [001] ..... 1635490.779554: sys_ptrace -> 0x0
             exe-1049896 [001] ..... 1635490.779555: sys_ptrace(request: 1f, pid: 10074e, addr: 0, data: 0)
             exe-1049896 [001] .N... 1635490.779566: sys_ptrace -> 0x0
             exe-1050446 [001] ..... 1635490.779577: sys_write -> 0x34
             exe-1049896 [001] ..... 1635490.779598: sys_wait4(upid: 10074e, stat_addr: c000699bf4, options: 40000002, ru: 0)
             exe-1049896 [001] ..... 1635490.779601: sys_wait4 -> 0x10074e
             exe-1049896 [001] ..... 1635490.779603: sys_ptrace(request: 4204, pid: 10074e, addr: 1, data: c000699c70)
             exe-1049896 [001] ..... 1635490.779607: sys_ptrace -> 0x0
             exe-1049896 [001] ..... 1635490.779608: sys_ptrace(request: 4204, pid: 10074e, addr: 202, data: c000699c70)
             exe-1049896 [001] ..... 1635490.779611: sys_ptrace -> 0x0
             exe-1049896 [001] ..... 1635490.779621: sys_ptrace(request: 4205, pid: 10074e, addr: 1, data: c000699c70)
             exe-1049896 [001] ..... 1635490.779623: sys_ptrace -> 0x0
             exe-1049896 [001] ..... 1635490.779625: sys_ptrace(request: 4205, pid: 10074e, addr: 202, data: c000699c70)
             exe-1049896 [001] ..... 1635490.779635: sys_ptrace -> 0x0
             exe-1049896 [001] ..... 1635490.779637: sys_ptrace(request: 1f, pid: 10074e, addr: 0, data: 0)
             exe-1049896 [001] .N... 1635490.779644: sys_ptrace -> 0x0
             exe-1049567 [003] ..... 1635490.779652: sys_nanosleep -> 0x0
             exe-1050446 [001] ..... 1635490.779655: sys_msgctl -> 0xffffffffffffffea
             exe-1049567 [003] ..... 1635490.779656: sys_nanosleep(rqtp: c000069f10, rmtp: 0)
             exe-1049896 [001] ..... 1635490.779674: sys_wait4(upid: 10074e, stat_addr: c000699bf4, options: 40000002, ru: 0)
             exe-1049896 [001] ..... 1635490.779677: sys_wait4 -> 0x10074e
             exe-1049896 [001] ..... 1635490.779679: sys_ptrace(request: 4204, pid: 10074e, addr: 1, data: c000699c70)
             exe-1049896 [001] ..... 1635490.779683: sys_ptrace -> 0x0
             exe-1050008 [002] ..... 1635490.779683: sys_epoll_pwait -> 0x0
             exe-1049896 [001] ..... 1635490.779684: sys_ptrace(request: 4204, pid: 10074e, addr: 202, data: c000699c70)
             exe-1049896 [001] ..... 1635490.779687: sys_ptrace -> 0x0
             exe-1049896 [001] ..... 1635490.779696: sys_pwrite64(fd: 63, buf: 7fd66edd4080, count: 32, pos: 34)
             exe-1049896 [001] ..... 1635490.779698: tracing_mark_write: msgctl(msqid=151, cmd=0xb, buf=0x7fcbd7c00000) end
             exe-1049896 [000] ..... 1635490.838197: tracing_mark_write: msgctl(msqid=1301, cmd=0xb, buf=0x0) start
             exe-1049896 [000] ..... 1635490.838198: sys_pwrite64 -> 0x2a
             exe-1049896 [000] ..... 1635490.838202: sys_ptrace(request: 4205, pid: 10074e, addr: 1, data: c000699c70)
             exe-1049896 [000] ..... 1635490.838205: sys_ptrace -> 0x0
             exe-1049896 [000] ..... 1635490.838206: sys_ptrace(request: 4205, pid: 10074e, addr: 202, data: c000699c70)
             exe-1049896 [000] ..... 1635490.838214: sys_ptrace -> 0x0
             exe-1049896 [000] ..... 1635490.838216: sys_ptrace(request: 1f, pid: 10074e, addr: 0, data: 0)
             exe-1049896 [000] ..... 1635490.838225: sys_ptrace -> 0x0
             exe-1049896 [000] ..... 1635490.838227: sys_wait4(upid: 10074e, stat_addr: c000699bf4, options: 40000002, ru: 0)
             exe-1050446 [001] ..... 1635490.838245: sys_write -> 0x2a
             exe-1049673 [003] ..... 1635490.838250: sys_nanosleep -> 0x0
             exe-1049673 [003] ..... 1635490.838255: sys_nanosleep(rqtp: c000069f10, rmtp: 0)
             exe-1049896 [000] ..... 1635490.838265: sys_wait4 -> 0x10074e
             exe-1049896 [000] ..... 1635490.838267: sys_ptrace(request: 4204, pid: 10074e, addr: 1, data: c000699c70)
             exe-1049896 [000] ..... 1635490.838269: sys_ptrace -> 0x0
             exe-1049896 [000] ..... 1635490.838270: sys_ptrace(request: 4204, pid: 10074e, addr: 202, data: c000699c70)
             exe-1049896 [000] ..... 1635490.838273: sys_ptrace -> 0x0
             exe-1049567 [003] ..... 1635490.838276: sys_nanosleep -> 0x0
             exe-1049896 [000] ..... 1635490.838280: sys_ptrace(request: 4205, pid: 10074e, addr: 1, data: c000699c70)
             exe-1049567 [003] ..... 1635490.838280: sys_nanosleep(rqtp: c000069f10, rmtp: 0)
             exe-1049896 [000] ..... 1635490.838282: sys_ptrace -> 0x0
             exe-1049896 [000] ..... 1635490.838284: sys_ptrace(request: 4205, pid: 10074e, addr: 202, data: c000699c70)
             exe-1049896 [000] ..... 1635490.838291: sys_ptrace -> 0x0
             exe-1049896 [000] ..... 1635490.838292: sys_ptrace(request: 1f, pid: 10074e, addr: 0, data: 0)
             exe-1049896 [000] ..... 1635490.838301: sys_ptrace -> 0x0
             exe-1049896 [000] ..... 1635490.838303: sys_wait4(upid: 10074e, stat_addr: c000699bf4, options: 40000002, ru: 0)
             exe-1050446 [001] ..... 1635490.838320: sys_msgctl -> 0xffffffffffffffea
             exe-1049896 [000] ..... 1635490.838338: sys_wait4 -> 0x10074e
             exe-1049896 [000] ..... 1635490.838340: sys_ptrace(request: 4204, pid: 10074e, addr: 1, data: c000699c70)
             exe-1049896 [000] ..... 1635490.838342: sys_ptrace -> 0x0
             exe-1049896 [000] ..... 1635490.838344: sys_ptrace(request: 4204, pid: 10074e, addr: 202, data: c000699c70)
             exe-1049896 [000] ..... 1635490.838346: sys_ptrace -> 0x0
             exe-1049896 [000] ..... 1635490.838351: sys_pwrite64(fd: 63, buf: 7fd66edd4080, count: 28, pos: 2a)
             exe-1049896 [000] ..... 1635490.838352: tracing_mark_write: msgctl(msqid=1301, cmd=0xb, buf=0x0) end
             exe-1049896 [000] ..... 1635490.898456: tracing_mark_write: msgctl(msqid=0, cmd=0xb, buf=0x7fcbd9d75000) start
             exe-1049896 [000] ..... 1635490.898458: sys_pwrite64 -> 0x32
             exe-1049896 [000] ..... 1635490.898462: sys_ptrace(request: 4205, pid: 10074e, addr: 1, data: c000699c70)
             exe-1049896 [000] ..... 1635490.898464: sys_ptrace -> 0x0
             exe-1049896 [000] ..... 1635490.898465: sys_ptrace(request: 4205, pid: 10074e, addr: 202, data: c000699c70)
             exe-1049896 [000] ..... 1635490.898471: sys_ptrace -> 0x0
             exe-1049896 [000] ..... 1635490.898473: sys_ptrace(request: 1f, pid: 10074e, addr: 0, data: 0)
             exe-1049896 [000] ..... 1635490.898481: sys_ptrace -> 0x0
             exe-1049896 [000] ..... 1635490.898483: sys_wait4(upid: 10074e, stat_addr: c000699bf4, options: 40000002, ru: 0)
             exe-1049567 [003] ..... 1635490.898491: sys_nanosleep -> 0x0
             exe-1049567 [003] ..... 1635490.898496: sys_nanosleep(rqtp: c000069f10, rmtp: 0)
             exe-1050446 [001] ..... 1635490.898511: sys_write -> 0x32
             exe-1049673 [003] ..... 1635490.898519: sys_nanosleep -> 0x0
             exe-1049673 [003] ..... 1635490.898524: sys_nanosleep(rqtp: c000069f10, rmtp: 0)
             exe-1049896 [000] ..... 1635490.898531: sys_wait4 -> 0x10074e
             exe-1049896 [000] ..... 1635490.898534: sys_ptrace(request: 4204, pid: 10074e, addr: 1, data: c000699c70)
             exe-1049896 [000] ..... 1635490.898536: sys_ptrace -> 0x0
             exe-1049896 [000] ..... 1635490.898537: sys_ptrace(request: 4204, pid: 10074e, addr: 202, data: c000699c70)
             exe-1049896 [000] ..... 1635490.898539: sys_ptrace -> 0x0
             exe-1049896 [000] ..... 1635490.898546: sys_ptrace(request: 4205, pid: 10074e, addr: 1, data: c000699c70)
             exe-1049896 [000] ..... 1635490.898548: sys_ptrace -> 0x0
             exe-1049896 [000] ..... 1635490.898549: sys_ptrace(request: 4205, pid: 10074e, addr: 202, data: c000699c70)
             exe-1049896 [000] ..... 1635490.898555: sys_ptrace -> 0x0
             exe-1049896 [000] ..... 1635490.898556: sys_ptrace(request: 1f, pid: 10074e, addr: 0, data: 0)
             exe-1049896 [000] ..... 1635490.898565: sys_ptrace -> 0x0
             exe-1049896 [000] ..... 1635490.898567: sys_wait4(upid: 10074e, stat_addr: c000699bf4, options: 40000002, ru: 0)
             exe-1050446 [001] ..... 1635490.898596: sys_msgctl -> 0xffffffffffffffea
             exe-1049567 [003] ..... 1635490.898607: sys_nanosleep -> 0x0
             exe-1049567 [003] ..... 1635490.898612: sys_nanosleep(rqtp: c000069f10, rmtp: 0)
             exe-1049896 [000] ..... 1635490.898616: sys_wait4 -> 0x10074e
             exe-1049896 [000] ..... 1635490.898618: sys_ptrace(request: 4204, pid: 10074e, addr: 1, data: c000699c70)
             exe-1049896 [000] ..... 1635490.898620: sys_ptrace -> 0x0
             exe-1049896 [000] ..... 1635490.898621: sys_ptrace(request: 4204, pid: 10074e, addr: 202, data: c000699c70)
             exe-1049896 [000] ..... 1635490.898624: sys_ptrace -> 0x0
             exe-1049896 [000] ..... 1635490.898628: sys_pwrite64(fd: 63, buf: 7fd66edd4080, count: 30, pos: 32)
             exe-1049896 [000] ..... 1635490.898629: tracing_mark_write: msgctl(msqid=0, cmd=0xb, buf=0x7fcbd9d75000) end
             exe-1049896 [000] ..... 1635490.970554: tracing_mark_write: msgctl(msqid=0xf0f0f0f0, cmd=0xb, buf=0x7fcbd7c00000) start
             exe-1049896 [000] ..... 1635490.970555: sys_pwrite64 -> 0x3b
             exe-1049896 [000] ..... 1635490.970568: sys_ptrace(request: 4205, pid: 10074e, addr: 1, data: c000699c70)
             exe-1049896 [000] ..... 1635490.970571: sys_ptrace -> 0x0
             exe-1049896 [000] ..... 1635490.970572: sys_ptrace(request: 4205, pid: 10074e, addr: 202, data: c000699c70)
             exe-1049567 [003] ..... 1635490.970580: sys_nanosleep -> 0x0
             exe-1049896 [000] ..... 1635490.970584: sys_ptrace -> 0x0
             exe-1049896 [000] ..... 1635490.970585: sys_ptrace(request: 1f, pid: 10074e, addr: 0, data: 0)
             exe-1049567 [003] ..... 1635490.970587: sys_nanosleep(rqtp: c000069f10, rmtp: 0)
             exe-1049896 [000] ..... 1635490.970597: sys_ptrace -> 0x0
             exe-1049896 [000] ..... 1635490.970599: sys_wait4(upid: 10074e, stat_addr: c000699bf4, options: 40000002, ru: 0)
             exe-1049673 [003] ..... 1635490.970615: sys_nanosleep -> 0x0
             exe-1049673 [003] ..... 1635490.970621: sys_nanosleep(rqtp: c000069f10, rmtp: 0)
             exe-1050446 [001] ..... 1635490.970629: sys_write -> 0x3b
             exe-1049896 [000] ..... 1635490.970662: sys_wait4 -> 0x10074e
             exe-1049896 [000] ..... 1635490.970665: sys_ptrace(request: 4204, pid: 10074e, addr: 1, data: c000699c70)
             exe-1049896 [000] ..... 1635490.970668: sys_ptrace -> 0x0
             exe-1049896 [000] ..... 1635490.970669: sys_ptrace(request: 4204, pid: 10074e, addr: 202, data: c000699c70)
             exe-1049896 [000] ..... 1635490.970672: sys_ptrace -> 0x0
             exe-1049567 [003] ..... 1635490.970689: sys_nanosleep -> 0x0
             exe-1049567 [003] ..... 1635490.970695: sys_nanosleep(rqtp: c000069f10, rmtp: 0)
             exe-1049896 [000] ..... 1635490.970702: sys_ptrace(request: 4205, pid: 10074e, addr: 1, data: c000699c70)
             exe-1049896 [000] ..... 1635490.970704: sys_ptrace -> 0x0
             exe-1049896 [000] ..... 1635490.970706: sys_ptrace(request: 4205, pid: 10074e, addr: 202, data: c000699c70)
             exe-1049896 [000] ..... 1635490.970715: sys_ptrace -> 0x0
             exe-1049896 [000] ..... 1635490.970716: sys_ptrace(request: 1f, pid: 10074e, addr: 0, data: 0)
             exe-1049896 [000] ..... 1635490.970726: sys_ptrace -> 0x0
             exe-1049896 [000] ..... 1635490.970728: sys_wait4(upid: 10074e, stat_addr: c000699bf4, options: 40000002, ru: 0)
             exe-1050446 [001] ..... 1635490.970754: sys_msgctl -> 0xffffffffffffffea
             exe-1049567 [003] ..... 1635490.970777: sys_nanosleep -> 0x0
             exe-1049567 [003] ..... 1635490.970780: sys_nanosleep(rqtp: c000069f10, rmtp: 0)
             exe-1049896 [000] ..... 1635490.970786: sys_wait4 -> 0x10074e
             exe-1049896 [000] ..... 1635490.970788: sys_ptrace(request: 4204, pid: 10074e, addr: 1, data: c000699c70)
             exe-1049896 [000] ..... 1635490.970791: sys_ptrace -> 0x0
             exe-1049896 [000] ..... 1635490.970793: sys_ptrace(request: 4204, pid: 10074e, addr: 202, data: c000699c70)
             exe-1049896 [000] ..... 1635490.970795: sys_ptrace -> 0x0
             exe-1049673 [003] ..... 1635490.970795: sys_nanosleep -> 0x0
             exe-1049673 [003] ..... 1635490.970800: sys_nanosleep(rqtp: c000069f10, rmtp: 0)
             exe-1049896 [000] ..... 1635490.970803: sys_pwrite64(fd: 63, buf: 7fd66edd4080, count: 39, pos: 3b)
             exe-1049896 [000] ..... 1635490.970804: tracing_mark_write: msgctl(msqid=0xf0f0f0f0, cmd=0xb, buf=0x7fcbd7c00000) end
             exe-1049896 [000] ..... 1635491.039629: tracing_mark_write: msgctl(msqid=0xff21, cmd=0xb, buf=0x7fcbd9d77000) start
             exe-1049896 [000] ..... 1635491.039630: sys_pwrite64 -> 0x37
             exe-1049896 [000] ..... 1635491.039636: sys_ptrace(request: 4205, pid: 10074e, addr: 1, data: c000699c70)
             exe-1049896 [000] ..... 1635491.039639: sys_ptrace -> 0x0
             exe-1049673 [003] ..... 1635491.039639: sys_nanosleep -> 0x0
             exe-1049896 [000] ..... 1635491.039640: sys_ptrace(request: 4205, pid: 10074e, addr: 202, data: c000699c70)
             exe-1049673 [003] ..... 1635491.039644: sys_nanosleep(rqtp: c000069f10, rmtp: 0)
             exe-1049896 [000] ..... 1635491.039649: sys_ptrace -> 0x0
             exe-1049896 [000] ..... 1635491.039651: sys_ptrace(request: 1f, pid: 10074e, addr: 0, data: 0)
             exe-1049896 [000] ..... 1635491.039661: sys_ptrace -> 0x0
