             exe-1050008 [000] ..... 1635551.875605: sys_pwrite64 -> 0x70
             exe-1050008 [000] ..... 1635551.875610: sys_ptrace(request: 4205, pid: 1005a8, addr: 1, data: c000a2fc70)
             exe-1050008 [000] ..... 1635551.875612: sys_ptrace -> 0x0
             exe-1050008 [000] ..... 1635551.875614: sys_ptrace(request: 4205, pid: 1005a8, addr: 202, data: c000a2fc70)
             exe-1050008 [000] ..... 1635551.875621: sys_ptrace -> 0x0
             exe-1050008 [000] ..... 1635551.875623: sys_ptrace(request: 1f, pid: 1005a8, addr: 0, data: 0)
             exe-1050008 [000] ..... 1635551.875630: sys_ptrace -> 0x0
             exe-1050008 [000] ..... 1635551.875632: sys_wait4(upid: 1005a8, stat_addr: c000a2fbf4, options: 40000002, ru: 0)
             exe-1050024 [001] ..... 1635551.875645: sys_write -> 0x70
             exe-1050008 [000] ..... 1635551.875664: sys_wait4 -> 0x1005a8
             exe-1050008 [000] ..... 1635551.875666: sys_ptrace(request: 4204, pid: 1005a8, addr: 1, data: c000a2fc70)
             exe-1050008 [000] ..... 1635551.875674: sys_ptrace -> 0x0
             exe-1050008 [000] ..... 1635551.875676: sys_ptrace(request: 4204, pid: 1005a8, addr: 202, data: c000a2fc70)
             exe-1050008 [000] ..... 1635551.875680: sys_ptrace -> 0x0
             exe-1050008 [000] ..... 1635551.875685: sys_ptrace(request: 4205, pid: 1005a8, addr: 1, data: c000a2fc70)
             exe-1049567 [001] ..... 1635551.875692: sys_nanosleep -> 0x0
             exe-1050008 [000] ..... 1635551.875693: sys_ptrace -> 0x0
             exe-1050008 [000] ..... 1635551.875694: sys_ptrace(request: 4205, pid: 1005a8, addr: 202, data: c000a2fc70)
             exe-1049567 [001] ..... 1635551.875698: sys_nanosleep(rqtp: c000069f10, rmtp: 0)
             exe-1050008 [000] ..... 1635551.875700: sys_ptrace -> 0x0
             exe-1050008 [000] ..... 1635551.875702: sys_ptrace(request: 1f, pid: 1005a8, addr: 0, data: 0)
             exe-1050008 [000] ..... 1635551.875707: sys_ptrace -> 0x0
             exe-1050008 [000] ..... 1635551.875709: sys_wait4(upid: 1005a8, stat_addr: c000a2fbf4, options: 40000002, ru: 0)
             exe-1050024 [001] ..... 1635551.875725: sys_name_to_handle_at -> 0xffffffffffffffa1
             exe-1050008 [000] ..... 1635551.875743: sys_wait4 -> 0x1005a8
             exe-1050008 [000] ..... 1635551.875745: sys_ptrace(request: 4204, pid: 1005a8, addr: 1, data: c000a2fc70)
             exe-1050008 [000] ..... 1635551.875748: sys_ptrace -> 0x0
             exe-1050008 [000] ..... 1635551.875749: sys_ptrace(request: 4204, pid: 1005a8, addr: 202, data: c000a2fc70)
             exe-1050008 [000] ..... 1635551.875751: sys_ptrace -> 0x0
             exe-1050008 [000] ..... 1635551.875772: sys_pwrite64(fd: 63, buf: 7fd66f97a080, count: 6e, pos: 70)
             exe-1050008 [000] ..... 1635551.875773: tracing_mark_write: name_to_handle_at(fd=336, name=0x1, handle=0x7f4c93700000, mnt_id=0x7f4c93700000, flag=0xffffffffffffff9c) end
             exe-1050008 [000] ..... 1635551.933359: tracing_mark_write: name_to_handle_at(fd=352, name=0x7f4c93a2e000, handle=0x7f4c93a2e001, mnt_id=0x7f4c91a00000, flag=0xffffffffffffff9c) start
             exe-1050008 [000] ..... 1635551.933361: sys_pwrite64 -> 0x7b
             exe-1050008 [000] ..... 1635551.933365: sys_ptrace(request: 4205, pid: 1005a8, addr: 1, data: c000a2fc70)
             exe-1050008 [000] ..... 1635551.933368: sys_ptrace -> 0x0
             exe-1050008 [000] ..... 1635551.933369: sys_ptrace(request: 4205, pid: 1005a8, addr: 202, data: c000a2fc70)
             exe-1050008 [000] ..... 1635551.933377: sys_ptrace -> 0x0
             exe-1050008 [000] ..... 1635551.933379: sys_ptrace(request: 1f, pid: 1005a8, addr: 0, data: 0)
             exe-1050008 [000] ..... 1635551.933390: sys_ptrace -> 0x0
             exe-1050008 [000] ..... 1635551.933392: sys_wait4(upid: 1005a8, stat_addr: c000a2fbf4, options: 40000002, ru: 0)
             exe-1049673 [003] ..... 1635551.933400: sys_nanosleep -> 0x0
             exe-1049673 [003] ..... 1635551.933402: sys_nanosleep(rqtp: c000069f10, rmtp: 0)
             exe-1050024 [002] ..... 1635551.933412: sys_write -> 0x7b
             exe-1050008 [000] ..... 1635551.933428: sys_wait4 -> 0x1005a8
             exe-1050008 [000] ..... 1635551.933430: sys_ptrace(request: 4204, pid: 1005a8, addr: 1, data: c000a2fc70)
             exe-1050008 [000] ..... 1635551.933433: sys_ptrace -> 0x0
             exe-1050008 [000] ..... 1635551.933434: sys_ptrace(request: 4204, pid: 1005a8, addr: 202, data: c000a2fc70)
             exe-1050008 [000] ..... 1635551.933436: sys_ptrace -> 0x0
             exe-1050008 [000] ..... 1635551.933441: sys_ptrace(request: 4205, pid: 1005a8, addr: 1, data: c000a2fc70)
             exe-1050008 [000] ..... 1635551.933443: sys_ptrace -> 0x0
             exe-1050008 [000] ..... 1635551.933445: sys_ptrace(request: 4205, pid: 1005a8, addr: 202, data: c000a2fc70)
             exe-1050008 [000] ..... 1635551.933451: sys_ptrace -> 0x0
             exe-1050008 [000] ..... 1635551.933453: sys_ptrace(request: 1f, pid: 1005a8, addr: 0, data: 0)
             exe-1050008 [000] ..... 1635551.933463: sys_ptrace -> 0x0
             exe-1050008 [000] ..... 1635551.933464: sys_wait4(upid: 1005a8, stat_addr: c000a2fbf4, options: 40000002, ru: 0)
             exe-1050024 [002] ..... 1635551.933483: sys_name_to_handle_at -> 0xffffffffffffffa1
             exe-1050008 [000] ..... 1635551.933499: sys_wait4 -> 0x1005a8
             exe-1050008 [000] ..... 1635551.933502: sys_ptrace(request: 4204, pid: 1005a8, addr: 1, data: c000a2fc70)
             exe-1050008 [000] ..... 1635551.933504: sys_ptrace -> 0x0
             exe-1050008 [000] ..... 1635551.933505: sys_ptrace(request: 4204, pid: 1005a8, addr: 202, data: c000a2fc70)
             exe-1050008 [000] ..... 1635551.933507: sys_ptrace -> 0x0
             exe-1050008 [000] ..... 1635551.933512: sys_pwrite64(fd: 63, buf: 7fd66f97a080, count: 79, pos: 7b)
             exe-1050008 [000] ..... 1635551.933513: tracing_mark_write: name_to_handle_at(fd=352, name=0x7f4c93a2e000, handle=0x7f4c93a2e001, mnt_id=0x7f4c91a00000, flag=0xffffffffffffff9c) end
             exe-1050008 [000] ..... 1635552.012109: tracing_mark_write: name_to_handle_at(fd=352, name=0x7f4c93a2d000, handle=0x7f4c93a2d004, mnt_id=0x7f4c93a2d00c, flag=0xffffffffffffff9c) start
             exe-1050008 [000] ..... 1635552.012111: sys_pwrite64 -> 0x7b
             exe-1050008 [000] ..... 1635552.012116: sys_ptrace(request: 4205, pid: 1005a8, addr: 1, data: c000a2fc70)
             exe-1050008 [000] ..... 1635552.012118: sys_ptrace -> 0x0
             exe-1050008 [000] ..... 1635552.012119: sys_ptrace(request: 4205, pid: 1005a8, addr: 202, data: c000a2fc70)
             exe-1049673 [001] ..... 1635552.012128: sys_nanosleep -> 0x0
             exe-1050008 [000] ..... 1635552.012129: sys_ptrace -> 0x0
             exe-1049673 [001] ..... 1635552.012130: sys_nanosleep(rqtp: c000069f10, rmtp: 0)
             exe-1050008 [000] ..... 1635552.012130: sys_ptrace(request: 1f, pid: 1005a8, addr: 0, data: 0)
             exe-1050008 [000] .N... 1635552.012137: sys_ptrace -> 0x0
             exe-1050024 [000] ..... 1635552.012145: sys_write -> 0x7b
             exe-1050008 [000] ..... 1635552.012161: sys_wait4(upid: 1005a8, stat_addr: c000a2fbf4, options: 40000002, ru: 0)
             exe-1050008 [000] ..... 1635552.012163: sys_wait4 -> 0x1005a8
             exe-1050008 [000] ..... 1635552.012165: sys_ptrace(request: 4204, pid: 1005a8, addr: 1, data: c000a2fc70)
             exe-1050008 [000] ..... 1635552.012168: sys_ptrace -> 0x0
             exe-1050008 [000] ..... 1635552.012169: sys_ptrace(request: 4204, pid: 1005a8, addr: 202, data: c000a2fc70)
             exe-1050008 [000] ..... 1635552.012171: sys_ptrace -> 0x0
             exe-1050008 [000] ..... 1635552.012177: sys_ptrace(request: 4205, pid: 1005a8, addr: 1, data: c000a2fc70)
             exe-1050008 [000] ..... 1635552.012179: sys_ptrace -> 0x0
             exe-1050008 [000] ..... 1635552.012180: sys_ptrace(request: 4205, pid: 1005a8, addr: 202, data: c000a2fc70)
             exe-1050008 [000] ..... 1635552.012187: sys_ptrace -> 0x0
             exe-1049567 [003] ..... 1635552.012187: sys_nanosleep -> 0x0
             exe-1050008 [000] ..... 1635552.012189: sys_ptrace(request: 1f, pid: 1005a8, addr: 0, data: 0)
             exe-1049567 [003] ..... 1635552.012190: sys_nanosleep(rqtp: c000069f10, rmtp: 0)
             exe-1050008 [000] .N... 1635552.012194: sys_ptrace -> 0x0
             exe-1050024 [000] ..... 1635552.012202: sys_name_to_handle_at -> 0xffffffffffffffa1
             exe-1050008 [000] ..... 1635552.012217: sys_wait4(upid: 1005a8, stat_addr: c000a2fbf4, options: 40000002, ru: 0)
             exe-1050008 [000] ..... 1635552.012218: sys_wait4 -> 0x1005a8
             exe-1050008 [000] ..... 1635552.012220: sys_ptrace(request: 4204, pid: 1005a8, addr: 1, data: c000a2fc70)
             exe-1050008 [000] ..... 1635552.012223: sys_ptrace -> 0x0
             exe-1050008 [000] ..... 1635552.012224: sys_ptrace(request: 4204, pid: 1005a8, addr: 202, data: c000a2fc70)
             exe-1050008 [000] ..... 1635552.012226: sys_ptrace -> 0x0
             exe-1050008 [000] ..... 1635552.012234: sys_pwrite64(fd: 63, buf: 7fd66f97a080, count: 79, pos: 7b)
             exe-1050008 [000] ..... 1635552.012235: tracing_mark_write: name_to_handle_at(fd=352, name=0x7f4c93a2d000, handle=0x7f4c93a2d004, mnt_id=0x7f4c93a2d00c, flag=0xffffffffffffff9c) end
             exe-1050008 [000] ..... 1635552.065250: tracing_mark_write: name_to_handle_at(fd=352, name=0x4, handle=0xc, mnt_id=0xc, flag=0xffffffffffffff9c) start
             exe-1050008 [000] ..... 1635552.065251: sys_pwrite64 -> 0x5a
             exe-1050008 [000] ..... 1635552.065256: sys_ptrace(request: 4205, pid: 1005a8, addr: 1, data: c000a2fc70)
             exe-1050008 [000] ..... 1635552.065259: sys_ptrace -> 0x0
             exe-1050008 [000] ..... 1635552.065260: sys_ptrace(request: 4205, pid: 1005a8, addr: 202, data: c000a2fc70)
             exe-1050008 [000] ..... 1635552.065270: sys_ptrace -> 0x0
             exe-1050008 [000] ..... 1635552.065271: sys_ptrace(request: 1f, pid: 1005a8, addr: 0, data: 0)
             exe-1050008 [000] .N... 1635552.065277: sys_ptrace -> 0x0
             exe-1050024 [000] ..... 1635552.065285: sys_write -> 0x5a
             exe-1049673 [001] ..... 1635552.065292: sys_nanosleep -> 0x0
             exe-1049673 [001] ..... 1635552.065297: sys_nanosleep(rqtp: c000069f10, rmtp: 0)
             exe-1050008 [000] ..... 1635552.065300: sys_wait4(upid: 1005a8, stat_addr: c000a2fbf4, options: 40000002, ru: 0)
             exe-1050008 [000] ..... 1635552.065303: sys_wait4 -> 0x1005a8
             exe-1050008 [000] ..... 1635552.065304: sys_ptrace(request: 4204, pid: 1005a8, addr: 1, data: c000a2fc70)
             exe-1050008 [000] ..... 1635552.065307: sys_ptrace -> 0x0
             exe-1050008 [000] ..... 1635552.065309: sys_ptrace(request: 4204, pid: 1005a8, addr: 202, data: c000a2fc70)
             exe-1050008 [000] ..... 1635552.065311: sys_ptrace -> 0x0
             exe-1050008 [000] ..... 1635552.065317: sys_ptrace(request: 4205, pid: 1005a8, addr: 1, data: c000a2fc70)
             exe-1050008 [000] ..... 1635552.065319: sys_ptrace -> 0x0
             exe-1050008 [000] ..... 1635552.065320: sys_ptrace(request: 4205, pid: 1005a8, addr: 202, data: c000a2fc70)
             exe-1050008 [000] ..... 1635552.065327: sys_ptrace -> 0x0
             exe-1050008 [000] ..... 1635552.065329: sys_ptrace(request: 1f, pid: 1005a8, addr: 0, data: 0)
             exe-1050008 [000] .N... 1635552.065334: sys_ptrace -> 0x0
             exe-1050024 [000] ..... 1635552.065342: sys_name_to_handle_at -> 0xffffffffffffffa1
             exe-1050008 [000] ..... 1635552.065356: sys_wait4(upid: 1005a8, stat_addr: c000a2fbf4, options: 40000002, ru: 0)
             exe-1050008 [000] ..... 1635552.065358: sys_wait4 -> 0x1005a8
             exe-1050008 [000] ..... 1635552.065360: sys_ptrace(request: 4204, pid: 1005a8, addr: 1, data: c000a2fc70)
             exe-1050008 [000] ..... 1635552.065363: sys_ptrace -> 0x0
             exe-1050008 [000] ..... 1635552.065364: sys_ptrace(request: 4204, pid: 1005a8, addr: 202, data: c000a2fc70)
             exe-1050008 [000] ..... 1635552.065366: sys_ptrace -> 0x0
             exe-1050008 [000] ..... 1635552.065439: sys_pwrite64(fd: 63, buf: 7fd66f97a080, count: 58, pos: 5a)
             exe-1050008 [000] ..... 1635552.065443: tracing_mark_write: name_to_handle_at(fd=352, name=0x4, handle=0xc, mnt_id=0xc, flag=0xffffffffffffff9c) end
             exe-1050008 [000] ..... 1635552.129002: tracing_mark_write: name_to_handle_at(fd=19, name=0x7f4c91e00000, handle=0x7f4c91c00000, mnt_id=0x7f4c93700000, flag=0xffffffffffffff9c) start
             exe-1050008 [000] ..... 1635552.129004: sys_pwrite64 -> 0x7a
             exe-1050008 [000] ..... 1635552.129011: sys_ptrace(request: 4205, pid: 1005a8, addr: 1, data: c000a2fc70)
             exe-1050008 [000] ..... 1635552.129014: sys_ptrace -> 0x0
             exe-1050008 [000] ..... 1635552.129016: sys_ptrace(request: 4205, pid: 1005a8, addr: 202, data: c000a2fc70)
             exe-1050008 [000] ..... 1635552.129038: sys_ptrace -> 0x0
             exe-1050008 [000] ..... 1635552.129040: sys_ptrace(request: 1f, pid: 1005a8, addr: 0, data: 0)
             exe-1050008 [000] .N... 1635552.129049: sys_ptrace -> 0x0
             exe-1050024 [000] ..... 1635552.129060: sys_write -> 0x7a
             exe-1050008 [000] ..... 1635552.129079: sys_wait4(upid: 1005a8, stat_addr: c000a2fbf4, options: 40000002, ru: 0)
             exe-1050008 [000] ..... 1635552.129082: sys_wait4 -> 0x1005a8
             exe-1050008 [000] ..... 1635552.129084: sys_ptrace(request: 4204, pid: 1005a8, addr: 1, data: c000a2fc70)
             exe-1050008 [000] ..... 1635552.129088: sys_ptrace -> 0x0
             exe-1050008 [000] ..... 1635552.129090: sys_ptrace(request: 4204, pid: 1005a8, addr: 202, data: c000a2fc70)
             exe-1050008 [000] ..... 1635552.129092: sys_ptrace -> 0x0
             exe-1050008 [000] ..... 1635552.129100: sys_ptrace(request: 4205, pid: 1005a8, addr: 1, data: c000a2fc70)
             exe-1050008 [000] ..... 1635552.129102: sys_ptrace -> 0x0
             exe-1050008 [000] ..... 1635552.129103: sys_ptrace(request: 4205, pid: 1005a8, addr: 202, data: c000a2fc70)
             exe-1050008 [000] ..... 1635552.129113: sys_ptrace -> 0x0
             exe-1050008 [000] ..... 1635552.129114: sys_ptrace(request: 1f, pid: 1005a8, addr: 0, data: 0)
             exe-1050008 [000] .N... 1635552.129121: sys_ptrace -> 0x0
             exe-1050024 [000] ..... 1635552.129131: sys_name_to_handle_at -> 0xffffffffffffffa1
             exe-1049673 [000] ..... 1635552.129193: sys_nanosleep -> 0x0
             exe-1049673 [000] ..... 1635552.129201: sys_epoll_pwait(epfd: 10, events: c000069920, maxevents: 80, timeout: 0, sigmask: 0, sigsetsize: 0)
             exe-1049673 [000] ..... 1635552.129204: sys_epoll_pwait -> 0x0
             exe-1049673 [000] ..... 1635552.129207: sys_nanosleep(rqtp: c000069f10, rmtp: 0)
             exe-1050008 [000] ..... 1635552.129229: sys_wait4(upid: 1005a8, stat_addr: c000a2fbf4, options: 40000002, ru: 0)
             exe-1050008 [000] ..... 1635552.129233: sys_wait4 -> 0x1005a8
             exe-1050008 [000] ..... 1635552.129236: sys_ptrace(request: 4204, pid: 1005a8, addr: 1, data: c000a2fc70)
             exe-1050008 [000] ..... 1635552.129241: sys_ptrace -> 0x0
             exe-1050008 [000] ..... 1635552.129243: sys_ptrace(request: 4204, pid: 1005a8, addr: 202, data: c000a2fc70)
             exe-1050008 [000] ..... 1635552.129246: sys_ptrace -> 0x0
             exe-1050008 [000] ..... 1635552.129263: sys_pwrite64(fd: 63, buf: 7fd66f97a080, count: 78, pos: 7a)
             exe-1050008 [000] ..... 1635552.129266: tracing_mark_write: name_to_handle_at(fd=19, name=0x7f4c91e00000, handle=0x7f4c91c00000, mnt_id=0x7f4c93700000, flag=0xffffffffffffff9c) end
             exe-1050008 [001] ..... 1635552.190757: tracing_mark_write: name_to_handle_at(fd=19, name=0x4, handle=0x7f4c91c00000, mnt_id=0x7f4c91c00008, flag=0xffffffffffffff9c) start
             exe-1050008 [001] ..... 1635552.190759: sys_pwrite64 -> 0x6f
             exe-1050008 [001] ..... 1635552.190767: sys_ptrace(request: 4205, pid: 1005a8, addr: 1, data: c000a2fc70)
             exe-1050008 [001] ..... 1635552.190769: sys_ptrace -> 0x0
             exe-1050008 [001] ..... 1635552.190771: sys_ptrace(request: 4205, pid: 1005a8, addr: 202, data: c000a2fc70)
             exe-1050008 [001] ..... 1635552.190783: sys_ptrace -> 0x0
             exe-1050008 [001] ..... 1635552.190784: sys_ptrace(request: 1f, pid: 1005a8, addr: 0, data: 0)
             exe-1050008 [001] .N... 1635552.190793: sys_ptrace -> 0x0
             exe-1050024 [001] ..... 1635552.190806: sys_write -> 0x6f
             exe-1050008 [001] ..... 1635552.190830: sys_wait4(upid: 1005a8, stat_addr: c000a2fbf4, options: 40000002, ru: 0)
             exe-1050008 [001] ..... 1635552.190832: sys_wait4 -> 0x1005a8
             exe-1050008 [001] ..... 1635552.190835: sys_ptrace(request: 4204, pid: 1005a8, addr: 1, data: c000a2fc70)
             exe-1050008 [001] ..... 1635552.190839: sys_ptrace -> 0x0
             exe-1050008 [001] ..... 1635552.190840: sys_ptrace(request: 4204, pid: 1005a8, addr: 202, data: c000a2fc70)
             exe-1050008 [001] ..... 1635552.190843: sys_ptrace -> 0x0
             exe-1050008 [001] ..... 1635552.190850: sys_ptrace(request: 4205, pid: 1005a8, addr: 1, data: c000a2fc70)
             exe-1050008 [001] ..... 1635552.190852: sys_ptrace -> 0x0
             exe-1050008 [001] ..... 1635552.190854: sys_ptrace(request: 4205, pid: 1005a8, addr: 202, data: c000a2fc70)
             exe-1050008 [001] ..... 1635552.190891: sys_ptrace -> 0x0
             exe-1050008 [001] ..... 1635552.190894: sys_ptrace(request: 1f, pid: 1005a8, addr: 0, data: 0)
             exe-1050008 [001] .N... 1635552.190902: sys_ptrace -> 0x0
             exe-1050024 [001] ..... 1635552.190913: sys_name_to_handle_at -> 0xffffffffffffffa1
             exe-1050008 [001] ..... 1635552.190934: sys_wait4(upid: 1005a8, stat_addr: c000a2fbf4, options: 40000002, ru: 0)
             exe-1050008 [001] ..... 1635552.190937: sys_wait4 -> 0x1005a8
             exe-1050008 [001] ..... 1635552.190939: sys_ptrace(request: 4204, pid: 1005a8, addr: 1, data: c000a2fc70)
             exe-1050008 [001] ..... 1635552.190943: sys_ptrace -> 0x0
             exe-1050008 [001] ..... 1635552.190944: sys_ptrace(request: 4204, pid: 1005a8, addr: 202, data: c000a2fc70)
             exe-1050008 [001] ..... 1635552.190947: sys_ptrace -> 0x0
             exe-1050008 [001] ..... 1635552.190958: sys_pwrite64(fd: 63, buf: 7fd66f97a080, count: 6d, pos: 6f)
             exe-1050008 [001] ..... 1635552.190960: tracing_mark_write: name_to_handle_at(fd=19, name=0x4, handle=0x7f4c91c00000, mnt_id=0x7f4c91c00008, flag=0xffffffffffffff9c) end
             exe-1050008 [001] ..... 1635552.267552: tracing_mark_write: name_to_handle_at(fd=19, name=0x4, handle=0x7f4c93a2d000, mnt_id=0x7f4c91a00000, flag=0xffffffffffffff9c) start
             exe-1050008 [001] ..... 1635552.267554: sys_pwrite64 -> 0x6f
             exe-1050008 [001] ..... 1635552.267560: sys_ptrace(request: 4205, pid: 1005a8, addr: 1, data: c000a2fc70)
             exe-1050008 [001] ..... 1635552.267563: sys_ptrace -> 0x0
             exe-1050008 [001] ..... 1635552.267565: sys_ptrace(request: 4205, pid: 1005a8, addr: 202, data: c000a2fc70)
             exe-1050008 [001] ..... 1635552.267577: sys_ptrace -> 0x0
             exe-1050008 [001] ..... 1635552.267579: sys_ptrace(request: 1f, pid: 1005a8, addr: 0, data: 0)
             exe-1049673 [000] ..... 1635552.267584: sys_nanosleep -> 0x0
             exe-1049567 [003] ..... 1635552.267585: sys_nanosleep -> 0x0
             exe-1050008 [001] .N... 1635552.267587: sys_ptrace -> 0x0
             exe-1049567 [003] ..... 1635552.267588: sys_nanosleep(rqtp: c000069f10, rmtp: 0)
             exe-1049673 [000] ..... 1635552.267588: sys_futex(uaddr: 1f09dc0, op: 80, val: 0, utime: c000069eb0, uaddr2: 0, val3: 0)
             exe-1050024 [001] ..... 1635552.267598: sys_write -> 0x6f
             exe-1050008 [001] ..... 1635552.267619: sys_wait4(upid: 1005a8, stat_addr: c000a2fbf4, options: 40000002, ru: 0)
             exe-1050008 [001] ..... 1635552.267622: sys_wait4 -> 0x1005a8
             exe-1050008 [001] ..... 1635552.267625: sys_ptrace(request: 4204, pid: 1005a8, addr: 1, data: c000a2fc70)
             exe-1050008 [001] ..... 1635552.267629: sys_ptrace -> 0x0
             exe-1050008 [001] ..... 1635552.267630: sys_ptrace(request: 4204, pid: 1005a8, addr: 202, data: c000a2fc70)
             exe-1050008 [001] ..... 1635552.267633: sys_ptrace -> 0x0
             exe-1050008 [001] ..... 1635552.267640: sys_ptrace(request: 4205, pid: 1005a8, addr: 1, data: c000a2fc70)
             exe-1050008 [001] ..... 1635552.267642: sys_ptrace -> 0x0
             exe-1050008 [001] ..... 1635552.267644: sys_ptrace(request: 4205, pid: 1005a8, addr: 202, data: c000a2fc70)
             exe-1050008 [001] ..... 1635552.267655: sys_ptrace -> 0x0
             exe-1050008 [001] ..... 1635552.267656: sys_ptrace(request: 1f, pid: 1005a8, addr: 0, data: 0)
             exe-1050008 [001] .N... 1635552.267663: sys_ptrace -> 0x0
             exe-1050024 [001] ..... 1635552.267674: sys_name_to_handle_at -> 0xffffffffffffffa1
             exe-1049567 [003] ..... 1635552.267677: sys_nanosleep -> 0x0
             exe-1049567 [003] ..... 1635552.267679: sys_nanosleep(rqtp: c000069f10, rmtp: 0)
             exe-1050008 [001] ..... 1635552.267694: sys_wait4(upid: 1005a8, stat_addr: c000a2fbf4, options: 40000002, ru: 0)
             exe-1050008 [001] ..... 1635552.267696: sys_wait4 -> 0x1005a8
             exe-1050008 [001] ..... 1635552.267699: sys_ptrace(request: 4204, pid: 1005a8, addr: 1, data: c000a2fc70)
             exe-1050008 [001] ..... 1635552.267703: sys_ptrace -> 0x0
             exe-1050008 [001] ..... 1635552.267704: sys_ptrace(request: 4204, pid: 1005a8, addr: 202, data: c000a2fc70)
             exe-1050008 [001] ..... 1635552.267707: sys_ptrace -> 0x0
             exe-1050008 [001] ..... 1635552.267717: sys_pwrite64(fd: 63, buf: 7fd66f97a080, count: 6d, pos: 6f)
             exe-1050008 [001] ..... 1635552.267718: tracing_mark_write: name_to_handle_at(fd=19, name=0x4, handle=0x7f4c93a2d000, mnt_id=0x7f4c91a00000, flag=0xffffffffffffff9c) end
             exe-1050008 [001] ..... 1635552.330216: tracing_mark_write: name_to_handle_at(fd=19, name=0x7f4c91a00000, handle=0x7f4c91e00000, mnt_id=0x7f4c91e00004, flag=0xffffffffffffff9c) start
             exe-1050008 [001] ..... 1635552.330218: sys_pwrite64 -> 0x7a
             exe-1050008 [001] ..... 1635552.330224: sys_ptrace(request: 4205, pid: 1005a8, addr: 1, data: c000a2fc70)
             exe-1050008 [001] ..... 1635552.330227: sys_ptrace -> 0x0
             exe-1050008 [001] ..... 1635552.330229: sys_ptrace(request: 4205, pid: 1005a8, addr: 202, data: c000a2fc70)
             exe-1050008 [001] ..... 1635552.330241: sys_ptrace -> 0x0
             exe-1050008 [001] ..... 1635552.330243: sys_ptrace(request: 1f, pid: 1005a8, addr: 0, data: 0)
             exe-1050008 [001] .N... 1635552.330250: sys_ptrace -> 0x0
             exe-1050024 [001] ..... 1635552.330262: sys_write -> 0x7a
             exe-1049567 [003] ..... 1635552.330278: sys_nanosleep -> 0x0
             exe-1049673 [000] ..... 1635552.330279: sys_nanosleep -> 0x0
             exe-1049567 [003] ..... 1635552.330280: sys_nanosleep(rqtp: c000069f10, rmtp: 0)
             exe-1050008 [001] ..... 1635552.330282: sys_wait4(upid: 1005a8, stat_addr: c000a2fbf4, options: 40000002, ru: 0)
             exe-1049673 [000] ..... 1635552.330282: sys_nanosleep(rqtp: c000069f10, rmtp: 0)
             exe-1050008 [001] ..... 1635552.330284: sys_wait4 -> 0x1005a8
             exe-1050008 [001] ..... 1635552.330287: sys_ptrace(request: 4204, pid: 1005a8, addr: 1, data: c000a2fc70)
             exe-1050008 [001] ..... 1635552.330291: sys_ptrace -> 0x0
             exe-1050008 [001] ..... 1635552.330293: sys_ptrace(request: 4204, pid: 1005a8, addr: 202, data: c000a2fc70)
             exe-1050008 [001] ..... 1635552.330296: sys_ptrace -> 0x0
             exe-1050008 [001] ..... 1635552.330303: sys_ptrace(request: 4205, pid: 1005a8, addr: 1, data: c000a2fc70)
             exe-1050008 [001] ..... 1635552.330305: sys_ptrace -> 0x0
             exe-1050008 [001] ..... 1635552.330307: sys_ptrace(request: 4205, pid: 1005a8, addr: 202, data: c000a2fc70)
             exe-1050008 [001] ..... 1635552.330317: sys_ptrace -> 0x0
             exe-1050008 [001] ..... 1635552.330318: sys_ptrace(request: 1f, pid: 1005a8, addr: 0, data: 0)
             exe-1050008 [001] .N... 1635552.330325: sys_ptrace -> 0x0
             exe-1050024 [001] ..... 1635552.330336: sys_name_to_handle_at -> 0xffffffffffffffa1
             exe-1050008 [001] ..... 1635552.330356: sys_wait4(upid: 1005a8, stat_addr: c000a2fbf4, options: 40000002, ru: 0)
             exe-1050008 [001] ..... 1635552.330358: sys_wait4 -> 0x1005a8
             exe-1050008 [001] ..... 1635552.330361: sys_ptrace(request: 4204, pid: 1005a8, addr: 1, data: c000a2fc70)
             exe-1050008 [001] ..... 1635552.330364: sys_ptrace -> 0x0
             exe-1050008 [001] ..... 1635552.330366: sys_ptrace(request: 4204, pid: 1005a8, addr: 202, data: c000a2fc70)
             exe-1049673 [000] ..... 1635552.330367: sys_nanosleep -> 0x0
             exe-1050008 [001] ..... 1635552.330368: sys_ptrace -> 0x0
             exe-1049673 [000] ..... 1635552.330370: sys_nanosleep(rqtp: c000069f10, rmtp: 0)
             exe-1050008 [001] ..... 1635552.330378: sys_pwrite64(fd: 63, buf: 7fd66f97a080, count: 78, pos: 7a)
             exe-1050008 [001] ..... 1635552.330380: tracing_mark_write: name_to_handle_at(fd=19, name=0x7f4c91a00000, handle=0x7f4c91e00000, mnt_id=0x7f4c91e00004, flag=0xffffffffffffff9c) end
             exe-1050008 [001] ..... 1635552.390972: tracing_mark_write: name_to_handle_at(fd=19, name=0x7f4c91a00000, handle=0x7f4c91a00000, mnt_id=0x7f4c93a2e000, flag=0x300) start
             exe-1050008 [001] ..... 1635552.390974: sys_pwrite64 -> 0x6d
             exe-1050008 [001] ..... 1635552.390981: sys_ptrace(request: 4205, pid: 1005a8, addr: 1, data: c000a2fc70)
             exe-1050008 [001] ..... 1635552.390983: sys_ptrace -> 0x0
             exe-1050008 [001] ..... 1635552.390985: sys_ptrace(request: 4205, pid: 1005a8, addr: 202, data: c000a2fc70)
             exe-1050008 [001] ..... 1635552.390996: sys_ptrace -> 0x0
             exe-1050008 [001] ..... 1635552.390998: sys_ptrace(request: 1f, pid: 1005a8, addr: 0, data: 0)
             exe-1049673 [000] ..... 1635552.391002: sys_nanosleep -> 0x0
             exe-1050008 [001] .N... 1635552.391006: sys_ptrace -> 0x0
             exe-1049673 [000] ..... 1635552.391008: sys_nanosleep(rqtp: c000069f10, rmtp: 0)
             exe-1050024 [001] ..... 1635552.391018: sys_write -> 0x6d
             exe-1049567 [000] ..... 1635552.391031: sys_nanosleep -> 0x0
             exe-1049567 [000] ..... 1635552.391036: sys_nanosleep(rqtp: c000069f10, rmtp: 0)
             exe-1050008 [001] ..... 1635552.391038: sys_wait4(upid: 1005a8, stat_addr: c000a2fbf4, options: 40000002, ru: 0)
             exe-1050008 [001] ..... 1635552.391040: sys_wait4 -> 0x1005a8
             exe-1050008 [001] ..... 1635552.391043: sys_ptrace(request: 4204, pid: 1005a8, addr: 1, data: c000a2fc70)
             exe-1050008 [001] ..... 1635552.391047: sys_ptrace -> 0x0
             exe-1050008 [001] ..... 1635552.391049: sys_ptrace(request: 4204, pid: 1005a8, addr: 202, data: c000a2fc70)
             exe-1050008 [001] ..... 1635552.391052: sys_ptrace -> 0x0
             exe-1050008 [001] ..... 1635552.391059: sys_ptrace(request: 4205, pid: 1005a8, addr: 1, data: c000a2fc70)
             exe-1050008 [001] ..... 1635552.391061: sys_ptrace -> 0x0
             exe-1050008 [001] ..... 1635552.391063: sys_ptrace(request: 4205, pid: 1005a8, addr: 202, data: c000a2fc70)
             exe-1050008 [001] ..... 1635552.391073: sys_ptrace -> 0x0
             exe-1050008 [001] ..... 1635552.391075: sys_ptrace(request: 1f, pid: 1005a8, addr: 0, data: 0)
             exe-1050008 [001] .N... 1635552.391082: sys_ptrace -> 0x0
             exe-1050024 [001] ..... 1635552.391093: sys_name_to_handle_at -> 0xffffffffffffffa1
             exe-1050008 [001] ..... 1635552.391113: sys_wait4(upid: 1005a8, stat_addr: c000a2fbf4, options: 40000002, ru: 0)
             exe-1049673 [000] ..... 1635552.391115: sys_nanosleep -> 0x0
             exe-1050008 [001] ..... 1635552.391116: sys_wait4 -> 0x1005a8
             exe-1050008 [001] ..... 1635552.391118: sys_ptrace(request: 4204, pid: 1005a8, addr: 1, data: c000a2fc70)
             exe-1049673 [000] ..... 1635552.391121: sys_nanosleep(rqtp: c000069f10, rmtp: 0)
             exe-1050008 [001] ..... 1635552.391122: sys_ptrace -> 0x0
             exe-1050008 [001] ..... 1635552.391124: sys_ptrace(request: 4204, pid: 1005a8, addr: 202, data: c000a2fc70)
             exe-1050008 [001] ..... 1635552.391126: sys_ptrace -> 0x0
             exe-1050008 [001] ..... 1635552.391135: sys_pwrite64(fd: 63, buf: 7fd66f97a080, count: 6b, pos: 6d)
             exe-1050008 [001] ..... 1635552.391137: tracing_mark_write: name_to_handle_at(fd=19, name=0x7f4c91a00000, handle=0x7f4c91a00000, mnt_id=0x7f4c93a2e000, flag=0x300) end
             exe-1050008 [001] ..... 1635552.474882: tracing_mark_write: name_to_handle_at(fd=19, name=0x1, handle=0x7f4c93b3e000, mnt_id=0x7f4c93b3e000, flag=0x300) start
             exe-1050008 [001] ..... 1635552.474884: sys_pwrite64 -> 0x62
             exe-1050008 [001] ..... 1635552.474891: sys_ptrace(request: 4205, pid: 1005a8, addr: 1, data: c000a2fc70)
             exe-1050008 [001] ..... 1635552.474894: sys_ptrace -> 0x0
             exe-1050008 [001] ..... 1635552.474895: sys_ptrace(request: 4205, pid: 1005a8, addr: 202, data: c000a2fc70)
             exe-1050008 [001] ..... 1635552.474907: sys_ptrace -> 0x0
             exe-1050008 [001] ..... 1635552.474909: sys_ptrace(request: 1f, pid: 1005a8, addr: 0, data: 0)
             exe-1050008 [001] .N... 1635552.474917: sys_ptrace -> 0x0
             exe-1050024 [001] ..... 1635552.474928: sys_write -> 0x62
             exe-1049567 [002] ..... 1635552.474937: sys_nanosleep -> 0x0
             exe-1049567 [002] ..... 1635552.474940: sys_nanosleep(rqtp: c000069f10, rmtp: 0)
             exe-1050008 [001] ..... 1635552.474948: sys_wait4(upid: 1005a8, stat_addr: c000a2fbf4, options: 40000002, ru: 0)
             exe-1050008 [001] ..... 1635552.474951: sys_wait4 -> 0x1005a8
             exe-1050008 [001] ..... 1635552.474954: sys_ptrace(request: 4204, pid: 1005a8, addr: 1, data: c000a2fc70)
             exe-1050008 [001] ..... 1635552.474957: sys_ptrace -> 0x0
             exe-1050008 [001] ..... 1635552.474960: sys_ptrace(request: 4204, pid: 1005a8, addr: 202, data: c000a2fc70)
             exe-1050008 [001] ..... 1635552.474962: sys_ptrace -> 0x0
             exe-1050008 [001] ..... 1635552.474971: sys_ptrace(request: 4205, pid: 1005a8, addr: 1, data: c000a2fc70)
             exe-1050008 [001] ..... 1635552.474973: sys_ptrace -> 0x0
             exe-1050008 [001] ..... 1635552.474975: sys_ptrace(request: 4205, pid: 1005a8, addr: 202, data: c000a2fc70)
             exe-1050008 [001] ..... 1635552.474985: sys_ptrace -> 0x0
             exe-1050008 [001] ..... 1635552.474987: sys_ptrace(request: 1f, pid: 1005a8, addr: 0, data: 0)
             exe-1050008 [001] .N... 1635552.474994: sys_ptrace -> 0x0
             exe-1050024 [001] ..... 1635552.475005: sys_name_to_handle_at -> 0xffffffffffffffa1
             exe-1050008 [001] ..... 1635552.475024: sys_wait4(upid: 1005a8, stat_addr: c000a2fbf4, options: 40000002, ru: 0)
             exe-1050008 [001] ..... 1635552.475027: sys_wait4 -> 0x1005a8
             exe-1049567 [002] ..... 1635552.475028: sys_nanosleep -> 0x0
             exe-1050008 [001] ..... 1635552.475029: sys_ptrace(request: 4204, pid: 1005a8, addr: 1, data: c000a2fc70)
             exe-1049567 [002] ..... 1635552.475031: sys_nanosleep(rqtp: c000069f10, rmtp: 0)
             exe-1050008 [001] ..... 1635552.475033: sys_ptrace -> 0x0
             exe-1050008 [001] ..... 1635552.475035: sys_ptrace(request: 4204, pid: 1005a8, addr: 202, data: c000a2fc70)
             exe-1050008 [001] ..... 1635552.475037: sys_ptrace -> 0x0
             exe-1050008 [001] ..... 1635552.475047: sys_pwrite64(fd: 63, buf: 7fd66f97a080, count: 60, pos: 62)
             exe-1050008 [001] ..... 1635552.475048: tracing_mark_write: name_to_handle_at(fd=19, name=0x1, handle=0x7f4c93b3e000, mnt_id=0x7f4c93b3e000, flag=0x300) end
             exe-1050008 [001] ..... 1635552.575537: tracing_mark_write: name_to_handle_at(fd=342, name=0x7f4c91e00000, handle=0x7f4c91e00000, mnt_id=0x7f4c91e00008, flag=0x300) start
             exe-1049567 [002] ..... 1635552.575537: sys_nanosleep(rqtp: c000069f10, rmtp: 0)
             exe-1050008 [001] ..... 1635552.575539: sys_pwrite64 -> 0x6e
             exe-1050008 [001] ..... 1635552.575547: sys_ptrace(request: 4205, pid: 1005a8, addr: 1, data: c000a2fc70)
             exe-1050008 [001] ..... 1635552.575550: sys_ptrace -> 0x0
             exe-1050008 [001] ..... 1635552.575552: sys_ptrace(request: 4205, pid: 1005a8, addr: 202, data: c000a2fc70)
             exe-1050008 [001] ..... 1635552.575564: sys_ptrace -> 0x0
             exe-1050008 [001] ..... 1635552.575566: sys_ptrace(request: 1f, pid: 1005a8, addr: 0, data: 0)
             exe-1049673 [003] ..... 1635552.575569: sys_nanosleep -> 0x0
             exe-1050008 [001] .N... 1635552.575574: sys_ptrace -> 0x0
             exe-1049673 [003] ..... 1635552.575575: sys_nanosleep(rqtp: c000069f10, rmtp: 0)
             exe-1050024 [001] ..... 1635552.575585: sys_write -> 0x6e
             exe-1050008 [001] ..... 1635552.575605: sys_wait4(upid: 1005a8, stat_addr: c000a2fbf4, options: 40000002, ru: 0)
             exe-1050008 [001] ..... 1635552.575608: sys_wait4 -> 0x1005a8
             exe-1050008 [001] ..... 1635552.575611: sys_ptrace(request: 4204, pid: 1005a8, addr: 1, data: c000a2fc70)
             exe-1050008 [001] ..... 1635552.575615: sys_ptrace -> 0x0
             exe-1050008 [001] ..... 1635552.575617: sys_ptrace(request: 4204, pid: 1005a8, addr: 202, data: c000a2fc70)
             exe-1050008 [001] ..... 1635552.575620: sys_ptrace -> 0x0
             exe-1049567 [002] ..... 1635552.575624: sys_nanosleep -> 0x0
             exe-1049567 [002] ..... 1635552.575626: sys_nanosleep(rqtp: c000069f10, rmtp: 0)
             exe-1050008 [001] ..... 1635552.575628: sys_ptrace(request: 4205, pid: 1005a8, addr: 1, data: c000a2fc70)
             exe-1050008 [001] ..... 1635552.575631: sys_ptrace -> 0x0
             exe-1050008 [001] ..... 1635552.575633: sys_ptrace(request: 4205, pid: 1005a8, addr: 202, data: c000a2fc70)
             exe-1050008 [001] ..... 1635552.575644: sys_ptrace -> 0x0
             exe-1050008 [001] ..... 1635552.575646: sys_ptrace(request: 1f, pid: 1005a8, addr: 0, data: 0)
             exe-1050008 [001] .N... 1635552.575653: sys_ptrace -> 0x0
             exe-1050024 [001] ..... 1635552.575664: sys_name_to_handle_at -> 0xffffffffffffffa1
             exe-1049673 [003] ..... 1635552.575679: sys_nanosleep -> 0x0
             exe-1050008 [001] ..... 1635552.575683: sys_wait4(upid: 1005a8, stat_addr: c000a2fbf4, options: 40000002, ru: 0)
             exe-1049673 [003] ..... 1635552.575684: sys_nanosleep(rqtp: c000069f10, rmtp: 0)
             exe-1050008 [001] ..... 1635552.575686: sys_wait4 -> 0x1005a8
             exe-1050008 [001] ..... 1635552.575688: sys_ptrace(request: 4204, pid: 1005a8, addr: 1, data: c000a2fc70)
             exe-1050008 [001] ..... 1635552.575692: sys_ptrace -> 0x0
             exe-1050008 [001] ..... 1635552.575694: sys_ptrace(request: 4204, pid: 1005a8, addr: 202, data: c000a2fc70)
             exe-1050008 [001] ..... 1635552.575696: sys_ptrace -> 0x0
             exe-1050008 [001] ..... 1635552.575706: sys_pwrite64(fd: 63, buf: 7fd66f97a080, count: 6c, pos: 6e)
             exe-1050008 [001] ..... 1635552.575707: tracing_mark_write: name_to_handle_at(fd=342, name=0x7f4c91e00000, handle=0x7f4c91e00000, mnt_id=0x7f4c91e00008, flag=0x300) end
             exe-1050008 [001] ..... 1635552.646136: tracing_mark_write: name_to_handle_at(fd=342, name=0x7f4c93a2e000, handle=0x7f4c91a00000, mnt_id=0x7f4c91a00008, flag=0x300) start
             exe-1050008 [001] ..... 1635552.646137: sys_pwrite64 -> 0x6e
             exe-1050008 [001] ..... 1635552.646144: sys_ptrace(request: 4205, pid: 1005a8, addr: 1, data: c000a2fc70)
             exe-1050008 [001] ..... 1635552.646147: sys_ptrace -> 0x0
             exe-1050008 [001] ..... 1635552.646148: sys_ptrace(request: 4205, pid: 1005a8, addr: 202, data: c000a2fc70)
             exe-1050008 [001] ..... 1635552.646159: sys_ptrace -> 0x0
             exe-1050008 [001] ..... 1635552.646161: sys_ptrace(request: 1f, pid: 1005a8, addr: 0, data: 0)
             exe-1050008 [001] .N... 1635552.646168: sys_ptrace -> 0x0
             exe-1049567 [003] ..... 1635552.646174: sys_nanosleep -> 0x0
             exe-1050024 [001] ..... 1635552.646179: sys_write -> 0x6e
             exe-1049567 [003] ..... 1635552.646181: sys_nanosleep(rqtp: c000069f10, rmtp: 0)
             exe-1050008 [001] ..... 1635552.646197: sys_wait4(upid: 1005a8, stat_addr: c000a2fbf4, options: 40000002, ru: 0)
             exe-1049673 [003] ..... 1635552.646199: sys_nanosleep -> 0x0
             exe-1050008 [001] ..... 1635552.646200: sys_wait4 -> 0x1005a8
             exe-1050008 [001] ..... 1635552.646202: sys_ptrace(request: 4204, pid: 1005a8, addr: 1, data: c000a2fc70)
             exe-1049673 [003] ..... 1635552.646205: sys_nanosleep(rqtp: c000069f10, rmtp: 0)
             exe-1050008 [001] ..... 1635552.646206: sys_ptrace -> 0x0
             exe-1050008 [001] ..... 1635552.646208: sys_ptrace(request: 4204, pid: 1005a8, addr: 202, data: c000a2fc70)
             exe-1050008 [001] ..... 1635552.646210: sys_ptrace -> 0x0
             exe-1050008 [001] ..... 1635552.646217: sys_ptrace(request: 4205, pid: 1005a8, addr: 1, data: c000a2fc70)
             exe-1050008 [001] ..... 1635552.646219: sys_ptrace -> 0x0
             exe-1050008 [001] ..... 1635552.646221: sys_ptrace(request: 4205, pid: 1005a8, addr: 202, data: c000a2fc70)
             exe-1050008 [001] ..... 1635552.646252: sys_ptrace -> 0x0
             exe-1050008 [001] ..... 1635552.646254: sys_ptrace(request: 1f, pid: 1005a8, addr: 0, data: 0)
             exe-1050008 [001] .N... 1635552.646262: sys_ptrace -> 0x0
             exe-1050024 [001] ..... 1635552.646276: sys_name_to_handle_at -> 0xffffffffffffffa1
             exe-1049567 [003] ..... 1635552.646296: sys_nanosleep -> 0x0
             exe-1050008 [001] ..... 1635552.646298: sys_wait4(upid: 1005a8, stat_addr: c000a2fbf4, options: 40000002, ru: 0)
             exe-1050008 [001] ..... 1635552.646301: sys_wait4 -> 0x1005a8
             exe-1049567 [003] ..... 1635552.646302: sys_nanosleep(rqtp: c000069f10, rmtp: 0)
             exe-1050008 [001] ..... 1635552.646304: sys_ptrace(request: 4204, pid: 1005a8, addr: 1, data: c000a2fc70)
             exe-1050008 [001] ..... 1635552.646307: sys_ptrace -> 0x0
             exe-1050008 [001] ..... 1635552.646309: sys_ptrace(request: 4204, pid: 1005a8, addr: 202, data: c000a2fc70)
             exe-1050008 [001] ..... 1635552.646311: sys_ptrace -> 0x0
             exe-1049673 [003] ..... 1635552.646319: sys_nanosleep -> 0x0
             exe-1050008 [001] ..... 1635552.646321: sys_pwrite64(fd: 63, buf: 7fd66f97a080, count: 6c, pos: 6e)
             exe-1050008 [001] ..... 1635552.646323: tracing_mark_write: name_to_handle_at(fd=342, name=0x7f4c93a2e000, handle=0x7f4c91a00000, mnt_id=0x7f4c91a00008, flag=0x300) end
             exe-1050008 [001] ..... 1635552.714305: tracing_mark_write: name_to_handle_at(fd=373, name=0x7f4c93a2e000, handle=0x7f4c93700000, mnt_id=0x7f4c93a2b000, flag=0x300) start
             exe-1050008 [001] ..... 1635552.714306: sys_pwrite64 -> 0x6e
             exe-1050008 [001] ..... 1635552.714313: sys_ptrace(request: 4205, pid: 1005a8, addr: 1, data: c000a2fc70)
             exe-1050008 [001] ..... 1635552.714316: sys_ptrace -> 0x0
             exe-1050008 [001] ..... 1635552.714317: sys_ptrace(request: 4205, pid: 1005a8, addr: 202, data: c000a2fc70)
             exe-1050008 [001] ..... 1635552.714329: sys_ptrace -> 0x0
             exe-1050008 [001] ..... 1635552.714330: sys_ptrace(request: 1f, pid: 1005a8, addr: 0, data: 0)
             exe-1050008 [001] .N... 1635552.714338: sys_ptrace -> 0x0
             exe-1050024 [001] ..... 1635552.714349: sys_write -> 0x6e
             exe-1050008 [001] ..... 1635552.714369: sys_wait4(upid: 1005a8, stat_addr: c000a2fbf4, options: 40000002, ru: 0)
             exe-1050008 [001] ..... 1635552.714372: sys_wait4 -> 0x1005a8
             exe-1050008 [001] ..... 1635552.714374: sys_ptrace(request: 4204, pid: 1005a8, addr: 1, data: c000a2fc70)
             exe-1050008 [001] ..... 1635552.714378: sys_ptrace -> 0x0
             exe-1050008 [001] ..... 1635552.714380: sys_ptrace(request: 4204, pid: 1005a8, addr: 202, data: c000a2fc70)
             exe-1050008 [001] ..... 1635552.714383: sys_ptrace -> 0x0
             exe-1050008 [001] ..... 1635552.714390: sys_ptrace(request: 4205, pid: 1005a8, addr: 1, data: c000a2fc70)
             exe-1050008 [001] ..... 1635552.714393: sys_ptrace -> 0x0
             exe-1050008 [001] ..... 1635552.714395: sys_ptrace(request: 4205, pid: 1005a8, addr: 202, data: c000a2fc70)
             exe-1050008 [001] ..... 1635552.714405: sys_ptrace -> 0x0
             exe-1050008 [001] ..... 1635552.714407: sys_ptrace(request: 1f, pid: 1005a8, addr: 0, data: 0)
             exe-1050008 [001] .N... 1635552.714414: sys_ptrace -> 0x0
             exe-1050024 [001] ..... 1635552.714424: sys_name_to_handle_at -> 0xffffffffffffffa1
             exe-1050008 [001] ..... 1635552.714444: sys_wait4(upid: 1005a8, stat_addr: c000a2fbf4, options: 40000002, ru: 0)
             exe-1050008 [001] ..... 1635552.714446: sys_wait4 -> 0x1005a8
             exe-1050008 [001] ..... 1635552.714449: sys_ptrace(request: 4204, pid: 1005a8, addr: 1, data: c000a2fc70)
             exe-1050008 [001] ..... 1635552.714452: sys_ptrace -> 0x0
             exe-1050008 [001] ..... 1635552.714454: sys_ptrace(request: 4204, pid: 1005a8, addr: 202, data: c000a2fc70)
             exe-1050008 [001] ..... 1635552.714457: sys_ptrace -> 0x0
             exe-1050008 [001] ..... 1635552.714466: sys_pwrite64(fd: 63, buf: 7fd66f97a080, count: 6c, pos: 6e)
             exe-1050008 [001] ..... 1635552.714467: tracing_mark_write: name_to_handle_at(fd=373, name=0x7f4c93a2e000, handle=0x7f4c93700000, mnt_id=0x7f4c93a2b000, flag=0x300) end
             exe-1050008 [001] ..... 1635552.778276: tracing_mark_write: name_to_handle_at(fd=373, name=0x4, handle=0x8, mnt_id=0x7f4c91c00000, flag=0x300) start
             exe-1050008 [001] ..... 1635552.778278: sys_pwrite64 -> 0x58
             exe-1050008 [001] ..... 1635552.778284: sys_ptrace(request: 4205, pid: 1005a8, addr: 1, data: c000a2fc70)
             exe-1050008 [001] ..... 1635552.778287: sys_ptrace -> 0x0
             exe-1050008 [001] ..... 1635552.778289: sys_ptrace(request: 4205, pid: 1005a8, addr: 202, data: c000a2fc70)
             exe-1050008 [001] ..... 1635552.778301: sys_ptrace -> 0x0
             exe-1050008 [001] ..... 1635552.778303: sys_ptrace(request: 1f, pid: 1005a8, addr: 0, data: 0)
             exe-1050008 [001] .N... 1635552.778311: sys_ptrace -> 0x0
             exe-1050024 [001] ..... 1635552.778322: sys_write -> 0x58
             exe-1050008 [001] ..... 1635552.778342: sys_wait4(upid: 1005a8, stat_addr: c000a2fbf4, options: 40000002, ru: 0)
             exe-1050008 [001] ..... 1635552.778345: sys_wait4 -> 0x1005a8
             exe-1050008 [001] ..... 1635552.778347: sys_ptrace(request: 4204, pid: 1005a8, addr: 1, data: c000a2fc70)
             exe-1050008 [001] ..... 1635552.778351: sys_ptrace -> 0x0
             exe-1050008 [001] ..... 1635552.778353: sys_ptrace(request: 4204, pid: 1005a8, addr: 202, data: c000a2fc70)
             exe-1050008 [001] ..... 1635552.778356: sys_ptrace -> 0x0
             exe-1050008 [001] ..... 1635552.778363: sys_ptrace(request: 4205, pid: 1005a8, addr: 1, data: c000a2fc70)
             exe-1050008 [001] ..... 1635552.778366: sys_ptrace -> 0x0
             exe-1050008 [001] ..... 1635552.778368: sys_ptrace(request: 4205, pid: 1005a8, addr: 202, data: c000a2fc70)
             exe-1050008 [001] ..... 1635552.778378: sys_ptrace -> 0x0
             exe-1050008 [001] ..... 1635552.778380: sys_ptrace(request: 1f, pid: 1005a8, addr: 0, data: 0)
             exe-1050008 [001] .N... 1635552.778386: sys_ptrace -> 0x0
             exe-1050024 [001] ..... 1635552.778397: sys_name_to_handle_at -> 0xffffffffffffffa1
             exe-1050008 [001] ..... 1635552.778417: sys_wait4(upid: 1005a8, stat_addr: c000a2fbf4, options: 40000002, ru: 0)
             exe-1050008 [001] ..... 1635552.778419: sys_wait4 -> 0x1005a8
             exe-1050008 [001] ..... 1635552.778422: sys_ptrace(request: 4204, pid: 1005a8, addr: 1, data: c000a2fc70)
             exe-1050008 [001] ..... 1635552.778425: sys_ptrace -> 0x0
             exe-1050008 [001] ..... 1635552.778427: sys_ptrace(request: 4204, pid: 1005a8, addr: 202, data: c000a2fc70)
             exe-1050008 [001] ..... 1635552.778429: sys_ptrace -> 0x0
             exe-1050008 [001] ..... 1635552.778439: sys_pwrite64(fd: 63, buf: 7fd66f97a080, count: 56, pos: 58)
             exe-1050008 [001] ..... 1635552.778440: tracing_mark_write: name_to_handle_at(fd=373, name=0x4, handle=0x8, mnt_id=0x7f4c91c00000, flag=0x300) end
             exe-1050289 [000] ..... 1635552.846156: tracing_mark_write: name_to_handle_at(fd=373, name=0x7f4c93a2b000, handle=0x7f4c93a2d000, mnt_id=0x7f4c93b3d000, flag=0x300) start
             exe-1050289 [000] ..... 1635552.846157: sys_pwrite64 -> 0x6e
             exe-1050289 [000] ..... 1635552.846165: sys_ptrace(request: 4205, pid: 10072d, addr: 1, data: c000a2fc70)
             exe-1050289 [000] ..... 1635552.846168: sys_ptrace -> 0x0
             exe-1050289 [000] ..... 1635552.846169: sys_ptrace(request: 4205, pid: 10072d, addr: 202, data: c000a2fc70)
             exe-1050289 [000] ..... 1635552.846183: sys_ptrace -> 0x0
             exe-1050289 [000] ..... 1635552.846184: sys_ptrace(request: 1f, pid: 10072d, addr: 0, data: 0)
             exe-1050289 [000] .N... 1635552.846193: sys_ptrace -> 0x0
             exe-1050413 [000] ..... 1635552.846204: sys_write -> 0x6e
             exe-1050289 [000] ..... 1635552.846224: sys_wait4(upid: 10072d, stat_addr: c000a2fbf4, options: 40000002, ru: 0)
             exe-1050289 [000] ..... 1635552.846227: sys_wait4 -> 0x10072d
             exe-1050289 [000] ..... 1635552.846229: sys_ptrace(request: 4204, pid: 10072d, addr: 1, data: c000a2fc70)
             exe-1050289 [000] ..... 1635552.846234: sys_ptrace -> 0x0
             exe-1050289 [000] ..... 1635552.846235: sys_ptrace(request: 4204, pid: 10072d, addr: 202, data: c000a2fc70)
             exe-1050289 [000] ..... 1635552.846238: sys_ptrace -> 0x0
             exe-1050289 [000] ..... 1635552.846245: sys_ptrace(request: 4205, pid: 10072d, addr: 1, data: c000a2fc70)
             exe-1050289 [000] ..... 1635552.846248: sys_ptrace -> 0x0
             exe-1050289 [000] ..... 1635552.846250: sys_ptrace(request: 4205, pid: 10072d, addr: 202, data: c000a2fc70)
             exe-1050289 [000] ..... 1635552.846261: sys_ptrace -> 0x0
             exe-1050289 [000] ..... 1635552.846263: sys_ptrace(request: 1f, pid: 10072d, addr: 0, data: 0)
             exe-1050289 [000] .N... 1635552.846270: sys_ptrace -> 0x0
             exe-1050413 [000] ..... 1635552.846280: sys_name_to_handle_at -> 0xffffffffffffffa1
             exe-1050289 [000] ..... 1635552.846301: sys_wait4(upid: 10072d, stat_addr: c000a2fbf4, options: 40000002, ru: 0)
             exe-1050289 [000] ..... 1635552.846304: sys_wait4 -> 0x10072d
             exe-1050289 [000] ..... 1635552.846306: sys_ptrace(request: 4204, pid: 10072d, addr: 1, data: c000a2fc70)
             exe-1050289 [000] ..... 1635552.846310: sys_ptrace -> 0x0
             exe-1050289 [000] ..... 1635552.846312: sys_ptrace(request: 4204, pid: 10072d, addr: 202, data: c000a2fc70)
             exe-1050289 [000] ..... 1635552.846314: sys_ptrace -> 0x0
             exe-1050289 [000] ..... 1635552.846324: sys_pwrite64(fd: 63, buf: 7fd66f97a080, count: 6c, pos: 6e)
             exe-1050289 [000] ..... 1635552.846326: tracing_mark_write: name_to_handle_at(fd=373, name=0x7f4c93a2b000, handle=0x7f4c93a2d000, mnt_id=0x7f4c93b3d000, flag=0x300) end
             exe-1050289 [002] ..... 1635552.931137: tracing_mark_write: name_to_handle_at(fd=373, name=0x7f4c91c00000, handle=0x7f4c93700000, mnt_id=0x7f4c93700008, flag=0x300) start
             exe-1050289 [002] ..... 1635552.931139: sys_pwrite64 -> 0x6e
             exe-1050289 [002] ..... 1635552.931145: sys_ptrace(request: 4205, pid: 10072d, addr: 1, data: c000a2fc70)
             exe-1050289 [002] ..... 1635552.931148: sys_ptrace -> 0x0
             exe-1050289 [002] ..... 1635552.931150: sys_ptrace(request: 4205, pid: 10072d, addr: 202, data: c000a2fc70)
             exe-1050289 [002] ..... 1635552.931161: sys_ptrace -> 0x0
             exe-1050289 [002] ..... 1635552.931163: sys_ptrace(request: 1f, pid: 10072d, addr: 0, data: 0)
