             exe-1050232 [001] ..... 1635548.898301: sys_ptrace(request: 4204, pid: 100716, addr: 1, data: c000a2fc70)
             exe-1050232 [001] ..... 1635548.898304: sys_ptrace -> 0x0
             exe-1050232 [001] ..... 1635548.898306: sys_ptrace(request: 4204, pid: 100716, addr: 202, data: c000a2fc70)
             exe-1050232 [001] ..... 1635548.898308: sys_ptrace -> 0x0
             exe-1050232 [001] ..... 1635548.898317: sys_pwrite64(fd: 63, buf: 7fd66f97a080, count: 79, pos: 7b)
             exe-1050232 [001] ..... 1635548.898319: tracing_mark_write: name_to_handle_at(fd=357, name=0x7f4c93b3c000, handle=0x7f4c93b3c000, mnt_id=0x7f4c93b3c000, flag=0xfffffffffffffffc) end
             exe-1050232 [001] ..... 1635548.979351: tracing_mark_write: name_to_handle_at(fd=333, name=0x7f4c91e00000, handle=0x7f4c91a00000, mnt_id=0x7f4c91a00008, flag=0xfffffffffffffffc) start
             exe-1050232 [001] ..... 1635548.979352: sys_pwrite64 -> 0x7b
             exe-1050232 [001] ..... 1635548.979359: sys_ptrace(request: 4205, pid: 100716, addr: 1, data: c000a2fc70)
             exe-1050232 [001] ..... 1635548.979361: sys_ptrace -> 0x0
             exe-1050232 [001] ..... 1635548.979363: sys_ptrace(request: 4205, pid: 100716, addr: 202, data: c000a2fc70)
             exe-1049567 [002] ..... 1635548.979371: sys_nanosleep -> 0x0
             exe-1050232 [001] ..... 1635548.979375: sys_ptrace -> 0x0
             exe-1049567 [002] ..... 1635548.979375: sys_nanosleep(rqtp: c000069f10, rmtp: 0)
             exe-1050232 [001] ..... 1635548.979377: sys_ptrace(request: 1f, pid: 100716, addr: 0, data: 0)
             exe-1050232 [001] .N... 1635548.979384: sys_ptrace -> 0x0
             exe-1050390 [001] ..... 1635548.979395: sys_write -> 0x7b
             exe-1050232 [001] ..... 1635548.979414: sys_wait4(upid: 100716, stat_addr: c000a2fbf4, options: 40000002, ru: 0)
             exe-1050232 [001] ..... 1635548.979417: sys_wait4 -> 0x100716
             exe-1050232 [001] ..... 1635548.979420: sys_ptrace(request: 4204, pid: 100716, addr: 1, data: c000a2fc70)
             exe-1050232 [001] ..... 1635548.979423: sys_ptrace -> 0x0
             exe-1050232 [001] ..... 1635548.979425: sys_ptrace(request: 4204, pid: 100716, addr: 202, data: c000a2fc70)
             exe-1050232 [001] ..... 1635548.979428: sys_ptrace -> 0x0
             exe-1049673 [002] ..... 1635548.979451: sys_nanosleep -> 0x0
             exe-1050232 [001] ..... 1635548.979452: sys_ptrace(request: 4205, pid: 100716, addr: 1, data: c000a2fc70)
             exe-1050232 [001] ..... 1635548.979455: sys_ptrace -> 0x0
             exe-1049673 [002] ..... 1635548.979456: sys_nanosleep(rqtp: c000069f10, rmtp: 0)
             exe-1050232 [001] ..... 1635548.979457: sys_ptrace(request: 4205, pid: 100716, addr: 202, data: c000a2fc70)
             exe-1050232 [001] ..... 1635548.979469: sys_ptrace -> 0x0
             exe-1050232 [001] ..... 1635548.979471: sys_ptrace(request: 1f, pid: 100716, addr: 0, data: 0)
             exe-1049567 [002] ..... 1635548.979476: sys_nanosleep -> 0x0
             exe-1050232 [001] .N... 1635548.979482: sys_ptrace -> 0x0
             exe-1049567 [002] ..... 1635548.979485: sys_nanosleep(rqtp: c000069f10, rmtp: 0)
             exe-1050390 [001] ..... 1635548.979493: sys_name_to_handle_at -> 0xffffffffffffffa1
             exe-1050232 [001] ..... 1635548.979515: sys_wait4(upid: 100716, stat_addr: c000a2fbf4, options: 40000002, ru: 0)
             exe-1050232 [001] ..... 1635548.979518: sys_wait4 -> 0x100716
             exe-1050232 [001] ..... 1635548.979521: sys_ptrace(request: 4204, pid: 100716, addr: 1, data: c000a2fc70)
             exe-1050232 [001] ..... 1635548.979524: sys_ptrace -> 0x0
             exe-1050232 [001] ..... 1635548.979526: sys_ptrace(request: 4204, pid: 100716, addr: 202, data: c000a2fc70)
             exe-1050232 [001] ..... 1635548.979528: sys_ptrace -> 0x0
             exe-1050232 [001] ..... 1635548.979539: sys_pwrite64(fd: 63, buf: 7fd66f97a080, count: 79, pos: 7b)
             exe-1050232 [001] ..... 1635548.979541: tracing_mark_write: name_to_handle_at(fd=333, name=0x7f4c91e00000, handle=0x7f4c91a00000, mnt_id=0x7f4c91a00008, flag=0xfffffffffffffffc) end
             exe-1050232 [001] ..... 1635549.051049: tracing_mark_write: name_to_handle_at(fd=333, name=0x7f4c91a00000, handle=0x7f4c91a00000, mnt_id=0x7f4c91a00001, flag=0xfffffffffffffffc) start
             exe-1050232 [001] ..... 1635549.051051: sys_pwrite64 -> 0x7b
             exe-1050232 [001] ..... 1635549.051057: sys_ptrace(request: 4205, pid: 100716, addr: 1, data: c000a2fc70)
             exe-1050232 [001] ..... 1635549.051060: sys_ptrace -> 0x0
             exe-1050232 [001] ..... 1635549.051061: sys_ptrace(request: 4205, pid: 100716, addr: 202, data: c000a2fc70)
             exe-1049673 [002] ..... 1635549.051062: sys_nanosleep -> 0x0
             exe-1049673 [002] ..... 1635549.051064: sys_nanosleep(rqtp: c000069f10, rmtp: 0)
             exe-1050232 [001] ..... 1635549.051074: sys_ptrace -> 0x0
             exe-1050232 [001] ..... 1635549.051075: sys_ptrace(request: 1f, pid: 100716, addr: 0, data: 0)
             exe-1050232 [001] .N... 1635549.051083: sys_ptrace -> 0x0
             exe-1050390 [001] ..... 1635549.051093: sys_write -> 0x7b
             exe-1050232 [001] ..... 1635549.051113: sys_wait4(upid: 100716, stat_addr: c000a2fbf4, options: 40000002, ru: 0)
             exe-1050232 [001] ..... 1635549.051116: sys_wait4 -> 0x100716
             exe-1050232 [001] ..... 1635549.051118: sys_ptrace(request: 4204, pid: 100716, addr: 1, data: c000a2fc70)
             exe-1050232 [001] ..... 1635549.051127: sys_ptrace -> 0x0
             exe-1050232 [001] ..... 1635549.051129: sys_ptrace(request: 4204, pid: 100716, addr: 202, data: c000a2fc70)
             exe-1050232 [001] ..... 1635549.051131: sys_ptrace -> 0x0
             exe-1050232 [001] ..... 1635549.051138: sys_ptrace(request: 4205, pid: 100716, addr: 1, data: c000a2fc70)
             exe-1050232 [001] ..... 1635549.051141: sys_ptrace -> 0x0
             exe-1050232 [001] ..... 1635549.051142: sys_ptrace(request: 4205, pid: 100716, addr: 202, data: c000a2fc70)
             exe-1050232 [001] ..... 1635549.051152: sys_ptrace -> 0x0
             exe-1050232 [001] ..... 1635549.051154: sys_ptrace(request: 1f, pid: 100716, addr: 0, data: 0)
             exe-1050232 [001] .N... 1635549.051160: sys_ptrace -> 0x0
             exe-1049673 [002] ..... 1635549.051162: sys_nanosleep -> 0x0
             exe-1049673 [002] ..... 1635549.051164: sys_nanosleep(rqtp: c000069f10, rmtp: 0)
             exe-1050390 [001] ..... 1635549.051171: sys_name_to_handle_at -> 0xffffffffffffffa1
             exe-1049567 [002] ..... 1635549.051185: sys_nanosleep -> 0x0
             exe-1050232 [001] ..... 1635549.051189: sys_wait4(upid: 100716, stat_addr: c000a2fbf4, options: 40000002, ru: 0)
             exe-1050232 [001] ..... 1635549.051191: sys_wait4 -> 0x100716
             exe-1049567 [002] ..... 1635549.051192: sys_nanosleep(rqtp: c000069f10, rmtp: 0)
             exe-1050232 [001] ..... 1635549.051193: sys_ptrace(request: 4204, pid: 100716, addr: 1, data: c000a2fc70)
             exe-1050232 [001] ..... 1635549.051197: sys_ptrace -> 0x0
             exe-1050232 [001] ..... 1635549.051198: sys_ptrace(request: 4204, pid: 100716, addr: 202, data: c000a2fc70)
             exe-1050232 [001] ..... 1635549.051201: sys_ptrace -> 0x0
             exe-1050232 [001] ..... 1635549.051210: sys_pwrite64(fd: 63, buf: 7fd66f97a080, count: 79, pos: 7b)
             exe-1050232 [001] ..... 1635549.051212: tracing_mark_write: name_to_handle_at(fd=333, name=0x7f4c91a00000, handle=0x7f4c91a00000, mnt_id=0x7f4c91a00001, flag=0xfffffffffffffffc) end
             exe-1050232 [001] ..... 1635549.115829: tracing_mark_write: name_to_handle_at(fd=333, name=0x7f4c93a2e000, handle=0x7f4c93a2d000, mnt_id=0x7f4c93a2d008, flag=0xfffffffffffffffc) start
             exe-1050232 [001] ..... 1635549.115831: sys_pwrite64 -> 0x7b
             exe-1050232 [001] ..... 1635549.115837: sys_ptrace(request: 4205, pid: 100716, addr: 1, data: c000a2fc70)
             exe-1050232 [001] ..... 1635549.115840: sys_ptrace -> 0x0
             exe-1050232 [001] ..... 1635549.115842: sys_ptrace(request: 4205, pid: 100716, addr: 202, data: c000a2fc70)
             exe-1049567 [002] ..... 1635549.115851: sys_nanosleep -> 0x0
             exe-1050232 [001] ..... 1635549.115853: sys_ptrace -> 0x0
             exe-1050232 [001] ..... 1635549.115855: sys_ptrace(request: 1f, pid: 100716, addr: 0, data: 0)
             exe-1049567 [002] ..... 1635549.115856: sys_nanosleep(rqtp: c000069f10, rmtp: 0)
             exe-1050232 [001] .N... 1635549.115862: sys_ptrace -> 0x0
             exe-1050390 [001] ..... 1635549.115873: sys_write -> 0x7b
             exe-1050232 [001] ..... 1635549.115891: sys_wait4(upid: 100716, stat_addr: c000a2fbf4, options: 40000002, ru: 0)
             exe-1050232 [001] ..... 1635549.115894: sys_wait4 -> 0x100716
             exe-1050232 [001] ..... 1635549.115896: sys_ptrace(request: 4204, pid: 100716, addr: 1, data: c000a2fc70)
             exe-1050232 [001] ..... 1635549.115900: sys_ptrace -> 0x0
             exe-1050232 [001] ..... 1635549.115901: sys_ptrace(request: 4204, pid: 100716, addr: 202, data: c000a2fc70)
             exe-1050232 [001] ..... 1635549.115904: sys_ptrace -> 0x0
             exe-1050232 [001] ..... 1635549.115911: sys_ptrace(request: 4205, pid: 100716, addr: 1, data: c000a2fc70)
             exe-1050232 [001] ..... 1635549.115913: sys_ptrace -> 0x0
             exe-1050232 [001] ..... 1635549.115915: sys_ptrace(request: 4205, pid: 100716, addr: 202, data: c000a2fc70)
             exe-1050232 [001] ..... 1635549.115925: sys_ptrace -> 0x0
             exe-1050232 [001] ..... 1635549.115927: sys_ptrace(request: 1f, pid: 100716, addr: 0, data: 0)
             exe-1049673 [002] ..... 1635549.115932: sys_nanosleep -> 0x0
             exe-1050232 [001] .N... 1635549.115933: sys_ptrace -> 0x0
             exe-1049673 [002] ..... 1635549.115938: sys_nanosleep(rqtp: c000069f10, rmtp: 0)
             exe-1050390 [001] ..... 1635549.115943: sys_name_to_handle_at -> 0xffffffffffffffa1
             exe-1049567 [002] ..... 1635549.115960: sys_nanosleep -> 0x0
             exe-1050232 [001] ..... 1635549.115961: sys_wait4(upid: 100716, stat_addr: c000a2fbf4, options: 40000002, ru: 0)
             exe-1050232 [001] ..... 1635549.115964: sys_wait4 -> 0x100716
             exe-1049567 [002] ..... 1635549.115965: sys_nanosleep(rqtp: c000069f10, rmtp: 0)
             exe-1050232 [001] ..... 1635549.115966: sys_ptrace(request: 4204, pid: 100716, addr: 1, data: c000a2fc70)
             exe-1050232 [001] ..... 1635549.115969: sys_ptrace -> 0x0
             exe-1050232 [001] ..... 1635549.115971: sys_ptrace(request: 4204, pid: 100716, addr: 202, data: c000a2fc70)
             exe-1050232 [001] ..... 1635549.115973: sys_ptrace -> 0x0
             exe-1050232 [001] ..... 1635549.115983: sys_pwrite64(fd: 63, buf: 7fd66f97a080, count: 79, pos: 7b)
             exe-1050232 [001] ..... 1635549.115985: tracing_mark_write: name_to_handle_at(fd=333, name=0x7f4c93a2e000, handle=0x7f4c93a2d000, mnt_id=0x7f4c93a2d008, flag=0xfffffffffffffffc) end
             exe-1050008 [003] ..... 1635549.187227: tracing_mark_write: name_to_handle_at(fd=333, name=0x7f4c91a00000, handle=0x7f4c93a2c000, mnt_id=0x7f4c93700000, flag=0xfffffffffffffffc) start
             exe-1050008 [003] ..... 1635549.187228: sys_pwrite64 -> 0x7b
             exe-1050008 [003] ..... 1635549.187236: sys_ptrace(request: 4205, pid: 1005a8, addr: 1, data: c000a2fc70)
             exe-1050008 [003] ..... 1635549.187239: sys_ptrace -> 0x0
             exe-1050008 [003] .N... 1635549.187266: sys_ptrace(request: 4205, pid: 1005a8, addr: 202, data: c000a2fc70)
             exe-1050008 [003] ..... 1635549.187318: sys_ptrace -> 0x0
             exe-1050008 [003] ..... 1635549.187323: sys_ptrace(request: 1f, pid: 1005a8, addr: 0, data: 0)
             exe-1050008 [003] ..... 1635549.187339: sys_ptrace -> 0x0
             exe-1050008 [003] ..... 1635549.187342: sys_wait4(upid: 1005a8, stat_addr: c000a2fbf4, options: 40000002, ru: 0)
             exe-1050024 [000] ..... 1635549.187362: sys_write -> 0x7b
             exe-1050008 [003] ..... 1635549.187421: sys_wait4 -> 0x1005a8
             exe-1050008 [003] ..... 1635549.187427: sys_ptrace(request: 4204, pid: 1005a8, addr: 1, data: c000a2fc70)
             exe-1050008 [003] ..... 1635549.187431: sys_ptrace -> 0x0
             exe-1050008 [003] ..... 1635549.187433: sys_ptrace(request: 4204, pid: 1005a8, addr: 202, data: c000a2fc70)
             exe-1050008 [003] ..... 1635549.187436: sys_ptrace -> 0x0
             exe-1050008 [003] ..... 1635549.187445: sys_ptrace(request: 4205, pid: 1005a8, addr: 1, data: c000a2fc70)
             exe-1050008 [003] ..... 1635549.187447: sys_ptrace -> 0x0
             exe-1050008 [003] ..... 1635549.187449: sys_ptrace(request: 4205, pid: 1005a8, addr: 202, data: c000a2fc70)
             exe-1050008 [003] ..... 1635549.187460: sys_ptrace -> 0x0
             exe-1050008 [003] ..... 1635549.187462: sys_ptrace(request: 1f, pid: 1005a8, addr: 0, data: 0)
             exe-1050024 [000] ..... 1635549.187491: sys_name_to_handle_at -> 0xffffffffffffffa1
             exe-1050008 [003] .N... 1635549.187496: sys_ptrace -> 0x0
             exe-1050008 [003] ..... 1635549.187538: sys_wait4(upid: 1005a8, stat_addr: c000a2fbf4, options: 40000002, ru: 0)
             exe-1050008 [003] ..... 1635549.187541: sys_wait4 -> 0x1005a8
             exe-1050008 [003] ..... 1635549.187544: sys_ptrace(request: 4204, pid: 1005a8, addr: 1, data: c000a2fc70)
             exe-1050008 [003] ..... 1635549.187548: sys_ptrace -> 0x0
             exe-1050008 [003] ..... 1635549.187550: sys_ptrace(request: 4204, pid: 1005a8, addr: 202, data: c000a2fc70)
             exe-1050008 [003] ..... 1635549.187552: sys_ptrace -> 0x0
             exe-1050008 [003] ..... 1635549.187568: sys_pwrite64(fd: 63, buf: 7fd66f97a080, count: 79, pos: 7b)
             exe-1050008 [003] ..... 1635549.187570: tracing_mark_write: name_to_handle_at(fd=333, name=0x7f4c91a00000, handle=0x7f4c93a2c000, mnt_id=0x7f4c93700000, flag=0xfffffffffffffffc) end
             exe-1050008 [003] ..... 1635549.250445: tracing_mark_write: name_to_handle_at(fd=333, name=0x8, handle=0xc, mnt_id=0x14, flag=0xfffffffffffffffc) start
             exe-1050008 [003] ..... 1635549.250447: sys_pwrite64 -> 0x5b
             exe-1050008 [003] ..... 1635549.250456: sys_ptrace(request: 4205, pid: 1005a8, addr: 1, data: c000a2fc70)
             exe-1050008 [003] ..... 1635549.250460: sys_ptrace -> 0x0
             exe-1050008 [003] ..... 1635549.250462: sys_ptrace(request: 4205, pid: 1005a8, addr: 202, data: c000a2fc70)
             exe-1050008 [003] ..... 1635549.250549: sys_ptrace -> 0x0
             exe-1050008 [003] ..... 1635549.250554: sys_ptrace(request: 1f, pid: 1005a8, addr: 0, data: 0)
             exe-1050232 [001] ..... 1635549.250554: sys_epoll_pwait -> 0x0
             exe-1050008 [003] .N... 1635549.250562: sys_ptrace -> 0x0
             exe-1050232 [001] ..... 1635549.250569: sys_futex(uaddr: c0049c7548, op: 81, val: 1, utime: 0, uaddr2: 0, val3: 0)
             exe-1050024 [003] ..... 1635549.250574: sys_write -> 0x5b
             exe-1050232 [001] ..... 1635549.250584: sys_futex -> 0x1
             exe-1050232 [001] ..... 1635549.250601: sys_epoll_pwait(epfd: 11, events: c000693840, maxevents: 80, timeout: 9, sigmask: 0, sigsetsize: 0)
             exe-1050289 [002] ..... 1635549.250674: sys_futex -> 0x0
             exe-1050008 [003] ..... 1635549.250682: sys_wait4(upid: 1005a8, stat_addr: c000a2fbf4, options: 40000002, ru: 0)
             exe-1050008 [003] ..... 1635549.250685: sys_wait4 -> 0x1005a8
             exe-1050289 [002] ..... 1635549.250686: sys_futex(uaddr: c0049c7548, op: 80, val: 0, utime: 0, uaddr2: 0, val3: 0)
             exe-1050008 [003] ..... 1635549.250687: sys_ptrace(request: 4204, pid: 1005a8, addr: 1, data: c000a2fc70)
             exe-1050008 [003] ..... 1635549.250692: sys_ptrace -> 0x0
             exe-1050008 [003] ..... 1635549.250694: sys_ptrace(request: 4204, pid: 1005a8, addr: 202, data: c000a2fc70)
             exe-1050008 [003] ..... 1635549.250696: sys_ptrace -> 0x0
             exe-1050008 [003] ..... 1635549.250706: sys_ptrace(request: 4205, pid: 1005a8, addr: 1, data: c000a2fc70)
             exe-1050008 [003] ..... 1635549.250708: sys_ptrace -> 0x0
             exe-1050008 [003] .N... 1635549.250735: sys_ptrace(request: 4205, pid: 1005a8, addr: 202, data: c000a2fc70)
             exe-1050008 [003] ..... 1635549.250788: sys_ptrace -> 0x0
             exe-1050008 [003] ..... 1635549.250793: sys_ptrace(request: 1f, pid: 1005a8, addr: 0, data: 0)
             exe-1050008 [003] .N... 1635549.250801: sys_ptrace -> 0x0
             exe-1050024 [003] ..... 1635549.250814: sys_name_to_handle_at -> 0xffffffffffffffa1
             exe-1050008 [003] ..... 1635549.250910: sys_wait4(upid: 1005a8, stat_addr: c000a2fbf4, options: 40000002, ru: 0)
             exe-1050008 [003] ..... 1635549.250913: sys_wait4 -> 0x1005a8
             exe-1050008 [003] ..... 1635549.250915: sys_ptrace(request: 4204, pid: 1005a8, addr: 1, data: c000a2fc70)
             exe-1050008 [003] ..... 1635549.250919: sys_ptrace -> 0x0
             exe-1050008 [003] ..... 1635549.250921: sys_ptrace(request: 4204, pid: 1005a8, addr: 202, data: c000a2fc70)
             exe-1050008 [003] ..... 1635549.250924: sys_ptrace -> 0x0
             exe-1050008 [003] ..... 1635549.250939: sys_pwrite64(fd: 63, buf: 7fd66f97a080, count: 59, pos: 5b)
             exe-1050008 [003] ..... 1635549.250942: tracing_mark_write: name_to_handle_at(fd=333, name=0x8, handle=0xc, mnt_id=0x14, flag=0xfffffffffffffffc) end
             exe-1050008 [003] ..... 1635549.312832: tracing_mark_write: name_to_handle_at(fd=283, name=0x7f4c91c00000, handle=0x7f4c91c00000, mnt_id=0x7f4c91c00004, flag=0xfffffffffffffffc) start
             exe-1050008 [003] ..... 1635549.312833: sys_pwrite64 -> 0x7b
             exe-1050008 [003] ..... 1635549.312839: sys_ptrace(request: 4205, pid: 1005a8, addr: 1, data: c000a2fc70)
             exe-1050008 [003] ..... 1635549.312842: sys_ptrace -> 0x0
             exe-1050008 [003] ..... 1635549.312843: sys_ptrace(request: 4205, pid: 1005a8, addr: 202, data: c000a2fc70)
             exe-1050008 [003] ..... 1635549.312854: sys_ptrace -> 0x0
             exe-1050008 [003] ..... 1635549.312855: sys_ptrace(request: 1f, pid: 1005a8, addr: 0, data: 0)
             exe-1050008 [003] .N... 1635549.312862: sys_ptrace -> 0x0
             exe-1050024 [003] ..... 1635549.312872: sys_write -> 0x7b
             exe-1050008 [003] ..... 1635549.312890: sys_wait4(upid: 1005a8, stat_addr: c000a2fbf4, options: 40000002, ru: 0)
             exe-1050008 [003] ..... 1635549.312892: sys_wait4 -> 0x1005a8
             exe-1050008 [003] ..... 1635549.312894: sys_ptrace(request: 4204, pid: 1005a8, addr: 1, data: c000a2fc70)
             exe-1050008 [003] ..... 1635549.312897: sys_ptrace -> 0x0
             exe-1050008 [003] ..... 1635549.312899: sys_ptrace(request: 4204, pid: 1005a8, addr: 202, data: c000a2fc70)
             exe-1050008 [003] ..... 1635549.312901: sys_ptrace -> 0x0
             exe-1049567 [000] ..... 1635549.312904: sys_nanosleep -> 0x0
             exe-1050008 [003] ..... 1635549.312908: sys_ptrace(request: 4205, pid: 1005a8, addr: 1, data: c000a2fc70)
             exe-1050008 [003] ..... 1635549.312910: sys_ptrace -> 0x0
             exe-1049567 [000] ..... 1635549.312911: sys_nanosleep(rqtp: c000069f10, rmtp: 0)
             exe-1050008 [003] ..... 1635549.312912: sys_ptrace(request: 4205, pid: 1005a8, addr: 202, data: c000a2fc70)
             exe-1050008 [003] ..... 1635549.312921: sys_ptrace -> 0x0
             exe-1050008 [003] ..... 1635549.312922: sys_ptrace(request: 1f, pid: 1005a8, addr: 0, data: 0)
             exe-1050008 [003] .N... 1635549.312929: sys_ptrace -> 0x0
             exe-1050024 [003] ..... 1635549.312938: sys_name_to_handle_at -> 0xffffffffffffffa1
             exe-1050008 [003] ..... 1635549.312956: sys_wait4(upid: 1005a8, stat_addr: c000a2fbf4, options: 40000002, ru: 0)
             exe-1050008 [003] ..... 1635549.312958: sys_wait4 -> 0x1005a8
             exe-1050008 [003] ..... 1635549.312961: sys_ptrace(request: 4204, pid: 1005a8, addr: 1, data: c000a2fc70)
             exe-1050008 [003] ..... 1635549.312964: sys_ptrace -> 0x0
             exe-1050008 [003] ..... 1635549.312966: sys_ptrace(request: 4204, pid: 1005a8, addr: 202, data: c000a2fc70)
             exe-1050008 [003] ..... 1635549.312968: sys_ptrace -> 0x0
             exe-1050008 [003] ..... 1635549.312976: sys_pwrite64(fd: 63, buf: 7fd66f97a080, count: 79, pos: 7b)
             exe-1050008 [003] ..... 1635549.312978: tracing_mark_write: name_to_handle_at(fd=283, name=0x7f4c91c00000, handle=0x7f4c91c00000, mnt_id=0x7f4c91c00004, flag=0xfffffffffffffffc) end
             exe-1050008 [001] ..... 1635549.388495: tracing_mark_write: name_to_handle_at(fd=283, name=0x1, handle=0x7f4c91a00000, mnt_id=0x7f4c91a00004, flag=0xfffffffffffffffc) start
             exe-1050008 [001] ..... 1635549.388496: sys_pwrite64 -> 0x70
             exe-1050008 [001] ..... 1635549.388501: sys_ptrace(request: 4205, pid: 1005a8, addr: 1, data: c000a2fc70)
             exe-1050008 [001] ..... 1635549.388503: sys_ptrace -> 0x0
             exe-1050008 [001] ..... 1635549.388504: sys_ptrace(request: 4205, pid: 1005a8, addr: 202, data: c000a2fc70)
             exe-1050008 [001] ..... 1635549.388512: sys_ptrace -> 0x0
             exe-1050008 [001] ..... 1635549.388513: sys_ptrace(request: 1f, pid: 1005a8, addr: 0, data: 0)
             exe-1050008 [001] ..... 1635549.388524: sys_ptrace -> 0x0
             exe-1050008 [001] ..... 1635549.388525: sys_wait4(upid: 1005a8, stat_addr: c000a2fbf4, options: 40000002, ru: 0)
             exe-1049567 [000] ..... 1635549.388532: sys_nanosleep -> 0x0
             exe-1049567 [000] ..... 1635549.388537: sys_nanosleep(rqtp: c000069f10, rmtp: 0)
             exe-1050024 [003] ..... 1635549.388542: sys_write -> 0x70
             exe-1049673 [000] ..... 1635549.388553: sys_nanosleep -> 0x0
             exe-1049673 [000] ..... 1635549.388558: sys_nanosleep(rqtp: c000069f10, rmtp: 0)
             exe-1050008 [001] ..... 1635549.388567: sys_wait4 -> 0x1005a8
             exe-1050008 [001] ..... 1635549.388570: sys_ptrace(request: 4204, pid: 1005a8, addr: 1, data: c000a2fc70)
             exe-1050008 [001] ..... 1635549.388572: sys_ptrace -> 0x0
             exe-1050008 [001] ..... 1635549.388574: sys_ptrace(request: 4204, pid: 1005a8, addr: 202, data: c000a2fc70)
             exe-1050008 [001] ..... 1635549.388576: sys_ptrace -> 0x0
             exe-1050008 [001] ..... 1635549.388581: sys_ptrace(request: 4205, pid: 1005a8, addr: 1, data: c000a2fc70)
             exe-1050008 [001] ..... 1635549.388583: sys_ptrace -> 0x0
             exe-1050008 [001] ..... 1635549.388585: sys_ptrace(request: 4205, pid: 1005a8, addr: 202, data: c000a2fc70)
             exe-1050008 [001] ..... 1635549.388591: sys_ptrace -> 0x0
             exe-1050008 [001] ..... 1635549.388593: sys_ptrace(request: 1f, pid: 1005a8, addr: 0, data: 0)
             exe-1050008 [001] ..... 1635549.388602: sys_ptrace -> 0x0
             exe-1050008 [001] ..... 1635549.388603: sys_wait4(upid: 1005a8, stat_addr: c000a2fbf4, options: 40000002, ru: 0)
             exe-1050024 [003] ..... 1635549.388620: sys_name_to_handle_at -> 0xffffffffffffffa1
             exe-1050008 [001] ..... 1635549.388634: sys_wait4 -> 0x1005a8
             exe-1050008 [001] ..... 1635549.388636: sys_ptrace(request: 4204, pid: 1005a8, addr: 1, data: c000a2fc70)
             exe-1050008 [001] ..... 1635549.388638: sys_ptrace -> 0x0
             exe-1050008 [001] ..... 1635549.388639: sys_ptrace(request: 4204, pid: 1005a8, addr: 202, data: c000a2fc70)
             exe-1050008 [001] ..... 1635549.388641: sys_ptrace -> 0x0
             exe-1050008 [001] ..... 1635549.388646: sys_pwrite64(fd: 63, buf: 7fd66f97a080, count: 6e, pos: 70)
             exe-1049567 [000] ..... 1635549.388647: sys_nanosleep -> 0x0
             exe-1050008 [001] ..... 1635549.388647: tracing_mark_write: name_to_handle_at(fd=283, name=0x1, handle=0x7f4c91a00000, mnt_id=0x7f4c91a00004, flag=0xfffffffffffffffc) end
             exe-1050008 [001] ..... 1635549.463333: tracing_mark_write: name_to_handle_at(fd=283, name=0x8, handle=0x7f4c93a2d000, mnt_id=0x7f4c93a2d008, flag=0x100) start
             exe-1050008 [001] ..... 1635549.463335: sys_pwrite64 -> 0x63
             exe-1049567 [000] ..... 1635549.463340: sys_nanosleep -> 0x0
             exe-1050008 [001] ..... 1635549.463341: sys_ptrace(request: 4205, pid: 1005a8, addr: 1, data: c000a2fc70)
             exe-1050008 [001] ..... 1635549.463344: sys_ptrace -> 0x0
             exe-1049567 [000] ..... 1635549.463345: sys_nanosleep(rqtp: c000069f10, rmtp: 0)
             exe-1050008 [001] ..... 1635549.463346: sys_ptrace(request: 4205, pid: 1005a8, addr: 202, data: c000a2fc70)
             exe-1050008 [001] ..... 1635549.463354: sys_ptrace -> 0x0
             exe-1050008 [001] ..... 1635549.463355: sys_ptrace(request: 1f, pid: 1005a8, addr: 0, data: 0)
             exe-1050008 [001] ..... 1635549.463357: sys_ptrace -> 0x0
             exe-1050008 [001] ..... 1635549.463359: sys_wait4(upid: 1005a8, stat_addr: c000a2fbf4, options: 40000002, ru: 0)
             exe-1050024 [000] ..... 1635549.463405: sys_write -> 0x63
             exe-1050008 [001] ..... 1635549.463426: sys_wait4 -> 0x1005a8
             exe-1050008 [001] ..... 1635549.463429: sys_ptrace(request: 4204, pid: 1005a8, addr: 1, data: c000a2fc70)
             exe-1050008 [001] ..... 1635549.463432: sys_ptrace -> 0x0
             exe-1050232 [000] ..... 1635549.463432: sys_epoll_pwait -> 0x0
             exe-1050008 [001] ..... 1635549.463434: sys_ptrace(request: 4204, pid: 1005a8, addr: 202, data: c000a2fc70)
             exe-1050008 [001] ..... 1635549.463436: sys_ptrace -> 0x0
             exe-1050008 [001] ..... 1635549.463442: sys_ptrace(request: 4205, pid: 1005a8, addr: 1, data: c000a2fc70)
             exe-1050008 [001] ..... 1635549.463445: sys_ptrace -> 0x0
             exe-1050008 [001] ..... 1635549.463446: sys_ptrace(request: 4205, pid: 1005a8, addr: 202, data: c000a2fc70)
             exe-1050232 [000] ..... 1635549.463448: sys_futex(uaddr: c0049c7548, op: 81, val: 1, utime: 0, uaddr2: 0, val3: 0)
             exe-1050008 [001] ..... 1635549.463452: sys_ptrace -> 0x0
             exe-1050008 [001] ..... 1635549.463453: sys_ptrace(request: 1f, pid: 1005a8, addr: 0, data: 0)
             exe-1050008 [001] ..... 1635549.463460: sys_ptrace -> 0x0
             exe-1050008 [001] ..... 1635549.463461: sys_wait4(upid: 1005a8, stat_addr: c000a2fbf4, options: 40000002, ru: 0)
             exe-1050232 [000] ..... 1635549.463475: sys_futex -> 0x1
             exe-1050232 [000] ..... 1635549.463493: sys_epoll_pwait(epfd: 11, events: c000693840, maxevents: 80, timeout: 9, sigmask: 0, sigsetsize: 0)
             exe-1050024 [000] ..... 1635549.463512: sys_name_to_handle_at -> 0xffffffffffffffa1
             exe-1050289 [002] ..... 1635549.463524: sys_futex -> 0x0
             exe-1050289 [002] ..... 1635549.463539: sys_futex(uaddr: c0049c7548, op: 80, val: 0, utime: 0, uaddr2: 0, val3: 0)
             exe-1049567 [000] ..... 1635549.463542: sys_nanosleep -> 0x0
             exe-1049567 [000] ..... 1635549.463547: sys_nanosleep(rqtp: c000069f10, rmtp: 0)
             exe-1050008 [001] ..... 1635549.463548: sys_wait4 -> 0x1005a8
             exe-1050008 [001] ..... 1635549.463554: sys_ptrace(request: 4204, pid: 1005a8, addr: 1, data: c000a2fc70)
             exe-1050008 [001] ..... 1635549.463560: sys_ptrace -> 0x0
             exe-1050008 [001] ..... 1635549.463563: sys_ptrace(request: 4204, pid: 1005a8, addr: 202, data: c000a2fc70)
             exe-1050008 [001] ..... 1635549.463567: sys_ptrace -> 0x0
             exe-1050008 [001] ..... 1635549.463583: sys_pwrite64(fd: 63, buf: 7fd66f97a080, count: 61, pos: 63)
             exe-1050008 [001] ..... 1635549.463586: tracing_mark_write: name_to_handle_at(fd=283, name=0x8, handle=0x7f4c93a2d000, mnt_id=0x7f4c93a2d008, flag=0x100) end
             exe-1050008 [001] ..... 1635549.538705: tracing_mark_write: name_to_handle_at(fd=283, name=0x7f4c91e00000, handle=0x7f4c93a2d000, mnt_id=0x7f4c93a2d008, flag=0x100) start
             exe-1050008 [001] ..... 1635549.538706: sys_pwrite64 -> 0x6e
             exe-1050008 [001] ..... 1635549.538713: sys_ptrace(request: 4205, pid: 1005a8, addr: 1, data: c000a2fc70)
             exe-1049567 [002] ..... 1635549.538715: sys_nanosleep -> 0x0
             exe-1050008 [001] ..... 1635549.538715: sys_ptrace -> 0x0
             exe-1050008 [001] ..... 1635549.538717: sys_ptrace(request: 4205, pid: 1005a8, addr: 202, data: c000a2fc70)
             exe-1049567 [002] ..... 1635549.538717: sys_nanosleep(rqtp: c000069f10, rmtp: 0)
             exe-1049673 [000] ..... 1635549.538719: sys_nanosleep -> 0x0
             exe-1049673 [000] ..... 1635549.538725: sys_nanosleep(rqtp: c000069f10, rmtp: 0)
             exe-1050008 [001] ..... 1635549.538727: sys_ptrace -> 0x0
             exe-1050008 [001] ..... 1635549.538729: sys_ptrace(request: 1f, pid: 1005a8, addr: 0, data: 0)
             exe-1050008 [001] .N... 1635549.538736: sys_ptrace -> 0x0
             exe-1050024 [001] ..... 1635549.538746: sys_write -> 0x6e
             exe-1050008 [001] ..... 1635549.538771: sys_wait4(upid: 1005a8, stat_addr: c000a2fbf4, options: 40000002, ru: 0)
             exe-1050008 [001] ..... 1635549.538774: sys_wait4 -> 0x1005a8
             exe-1050008 [001] ..... 1635549.538776: sys_ptrace(request: 4204, pid: 1005a8, addr: 1, data: c000a2fc70)
             exe-1050008 [001] ..... 1635549.538779: sys_ptrace -> 0x0
             exe-1050008 [001] ..... 1635549.538781: sys_ptrace(request: 4204, pid: 1005a8, addr: 202, data: c000a2fc70)
             exe-1050008 [001] ..... 1635549.538783: sys_ptrace -> 0x0
             exe-1050008 [001] ..... 1635549.538791: sys_ptrace(request: 4205, pid: 1005a8, addr: 1, data: c000a2fc70)
             exe-1050008 [001] ..... 1635549.538793: sys_ptrace -> 0x0
             exe-1050008 [001] ..... 1635549.538794: sys_ptrace(request: 4205, pid: 1005a8, addr: 202, data: c000a2fc70)
             exe-1050008 [001] ..... 1635549.538803: sys_ptrace -> 0x0
             exe-1050008 [001] ..... 1635549.538805: sys_ptrace(request: 1f, pid: 1005a8, addr: 0, data: 0)
             exe-1050008 [001] .N... 1635549.538811: sys_ptrace -> 0x0
             exe-1050024 [001] ..... 1635549.538820: sys_name_to_handle_at -> 0xffffffffffffffa1
             exe-1049673 [000] ..... 1635549.538824: sys_nanosleep -> 0x0
             exe-1049673 [000] ..... 1635549.538829: sys_nanosleep(rqtp: c000069f10, rmtp: 0)
             exe-1049567 [002] ..... 1635549.538832: sys_nanosleep -> 0x0
             exe-1049567 [002] ..... 1635549.538835: sys_nanosleep(rqtp: c000069f10, rmtp: 0)
             exe-1050008 [001] ..... 1635549.538837: sys_wait4(upid: 1005a8, stat_addr: c000a2fbf4, options: 40000002, ru: 0)
             exe-1050008 [001] ..... 1635549.538839: sys_wait4 -> 0x1005a8
             exe-1050008 [001] ..... 1635549.538841: sys_ptrace(request: 4204, pid: 1005a8, addr: 1, data: c000a2fc70)
             exe-1050008 [001] ..... 1635549.538844: sys_ptrace -> 0x0
             exe-1050008 [001] ..... 1635549.538845: sys_ptrace(request: 4204, pid: 1005a8, addr: 202, data: c000a2fc70)
             exe-1050008 [001] ..... 1635549.538847: sys_ptrace -> 0x0
             exe-1050008 [001] ..... 1635549.538856: sys_pwrite64(fd: 63, buf: 7fd66f97a080, count: 6c, pos: 6e)
             exe-1050008 [001] ..... 1635549.538857: tracing_mark_write: name_to_handle_at(fd=283, name=0x7f4c91e00000, handle=0x7f4c93a2d000, mnt_id=0x7f4c93a2d008, flag=0x100) end
             exe-1050008 [001] ..... 1635549.606432: tracing_mark_write: name_to_handle_at(fd=283, name=0x1, handle=0x7f4c91c00000, mnt_id=0x7f4c91c00000, flag=0x100) start
             exe-1049673 [000] ..... 1635549.606433: sys_nanosleep(rqtp: c000069f10, rmtp: 0)
             exe-1050008 [001] ..... 1635549.606434: sys_pwrite64 -> 0x63
             exe-1049567 [002] ..... 1635549.606438: sys_nanosleep -> 0x0
             exe-1050008 [001] ..... 1635549.606440: sys_ptrace(request: 4205, pid: 1005a8, addr: 1, data: c000a2fc70)
             exe-1049567 [002] ..... 1635549.606440: sys_nanosleep(rqtp: c000069f10, rmtp: 0)
             exe-1050008 [001] ..... 1635549.606443: sys_ptrace -> 0x0
             exe-1050008 [001] ..... 1635549.606444: sys_ptrace(request: 4205, pid: 1005a8, addr: 202, data: c000a2fc70)
             exe-1050008 [001] ..... 1635549.606455: sys_ptrace -> 0x0
             exe-1050008 [001] ..... 1635549.606457: sys_ptrace(request: 1f, pid: 1005a8, addr: 0, data: 0)
             exe-1050008 [001] .N... 1635549.606464: sys_ptrace -> 0x0
             exe-1050024 [001] ..... 1635549.606475: sys_write -> 0x63
             exe-1050008 [001] ..... 1635549.606494: sys_wait4(upid: 1005a8, stat_addr: c000a2fbf4, options: 40000002, ru: 0)
             exe-1050008 [001] ..... 1635549.606497: sys_wait4 -> 0x1005a8
             exe-1050008 [001] ..... 1635549.606499: sys_ptrace(request: 4204, pid: 1005a8, addr: 1, data: c000a2fc70)
             exe-1050008 [001] ..... 1635549.606503: sys_ptrace -> 0x0
             exe-1050008 [001] ..... 1635549.606505: sys_ptrace(request: 4204, pid: 1005a8, addr: 202, data: c000a2fc70)
             exe-1050008 [001] ..... 1635549.606508: sys_ptrace -> 0x0
             exe-1050008 [001] ..... 1635549.606514: sys_ptrace(request: 4205, pid: 1005a8, addr: 1, data: c000a2fc70)
             exe-1050008 [001] ..... 1635549.606517: sys_ptrace -> 0x0
             exe-1050008 [001] ..... 1635549.606518: sys_ptrace(request: 4205, pid: 1005a8, addr: 202, data: c000a2fc70)
             exe-1049673 [000] ..... 1635549.606522: sys_nanosleep -> 0x0
             exe-1049673 [000] ..... 1635549.606525: sys_nanosleep(rqtp: c000069f10, rmtp: 0)
             exe-1050008 [001] ..... 1635549.606528: sys_ptrace -> 0x0
             exe-1050008 [001] ..... 1635549.606530: sys_ptrace(request: 1f, pid: 1005a8, addr: 0, data: 0)
             exe-1050008 [001] .N... 1635549.606536: sys_ptrace -> 0x0
             exe-1050024 [001] ..... 1635549.606547: sys_name_to_handle_at -> 0xffffffffffffffa1
             exe-1049567 [002] ..... 1635549.606565: sys_nanosleep -> 0x0
             exe-1050008 [001] ..... 1635549.606566: sys_wait4(upid: 1005a8, stat_addr: c000a2fbf4, options: 40000002, ru: 0)
             exe-1049567 [002] ..... 1635549.606568: sys_nanosleep(rqtp: c000069f10, rmtp: 0)
             exe-1050008 [001] ..... 1635549.606568: sys_wait4 -> 0x1005a8
             exe-1050008 [001] ..... 1635549.606570: sys_ptrace(request: 4204, pid: 1005a8, addr: 1, data: c000a2fc70)
             exe-1050008 [001] ..... 1635549.606574: sys_ptrace -> 0x0
             exe-1050008 [001] ..... 1635549.606576: sys_ptrace(request: 4204, pid: 1005a8, addr: 202, data: c000a2fc70)
             exe-1050008 [001] ..... 1635549.606578: sys_ptrace -> 0x0
             exe-1050008 [001] ..... 1635549.606587: sys_pwrite64(fd: 63, buf: 7fd66f97a080, count: 61, pos: 63)
             exe-1050008 [001] ..... 1635549.606588: tracing_mark_write: name_to_handle_at(fd=283, name=0x1, handle=0x7f4c91c00000, mnt_id=0x7f4c91c00000, flag=0x100) end
             exe-1050008 [001] ..... 1635549.684225: tracing_mark_write: name_to_handle_at(fd=283, name=0x7f4c91c00000, handle=0x7f4c91c00000, mnt_id=0x7f4c91c00008, flag=0x100) start
             exe-1050008 [001] ..... 1635549.684227: sys_pwrite64 -> 0x6e
             exe-1050008 [001] ..... 1635549.684233: sys_ptrace(request: 4205, pid: 1005a8, addr: 1, data: c000a2fc70)
             exe-1050008 [001] ..... 1635549.684236: sys_ptrace -> 0x0
             exe-1050008 [001] ..... 1635549.684237: sys_ptrace(request: 4205, pid: 1005a8, addr: 202, data: c000a2fc70)
             exe-1050008 [001] ..... 1635549.684248: sys_ptrace -> 0x0
             exe-1050008 [001] ..... 1635549.684250: sys_ptrace(request: 1f, pid: 1005a8, addr: 0, data: 0)
             exe-1050008 [001] .N... 1635549.684257: sys_ptrace -> 0x0
             exe-1050024 [001] ..... 1635549.684269: sys_write -> 0x6e
             exe-1050008 [001] ..... 1635549.684288: sys_wait4(upid: 1005a8, stat_addr: c000a2fbf4, options: 40000002, ru: 0)
             exe-1050008 [001] ..... 1635549.684291: sys_wait4 -> 0x1005a8
             exe-1050008 [001] ..... 1635549.684293: sys_ptrace(request: 4204, pid: 1005a8, addr: 1, data: c000a2fc70)
             exe-1050008 [001] ..... 1635549.684297: sys_ptrace -> 0x0
             exe-1050008 [001] ..... 1635549.684299: sys_ptrace(request: 4204, pid: 1005a8, addr: 202, data: c000a2fc70)
             exe-1050008 [001] ..... 1635549.684302: sys_ptrace -> 0x0
             exe-1049673 [000] ..... 1635549.684303: sys_nanosleep -> 0x0
             exe-1049673 [000] ..... 1635549.684308: sys_nanosleep(rqtp: c000069f10, rmtp: 0)
             exe-1050008 [001] ..... 1635549.684309: sys_ptrace(request: 4205, pid: 1005a8, addr: 1, data: c000a2fc70)
             exe-1050008 [001] ..... 1635549.684312: sys_ptrace -> 0x0
             exe-1050008 [001] ..... 1635549.684314: sys_ptrace(request: 4205, pid: 1005a8, addr: 202, data: c000a2fc70)
             exe-1050008 [001] ..... 1635549.684323: sys_ptrace -> 0x0
             exe-1050008 [001] ..... 1635549.684325: sys_ptrace(request: 1f, pid: 1005a8, addr: 0, data: 0)
             exe-1050008 [001] .N... 1635549.684332: sys_ptrace -> 0x0
             exe-1050024 [001] ..... 1635549.684343: sys_name_to_handle_at -> 0xffffffffffffffa1
             exe-1050008 [001] ..... 1635549.684362: sys_wait4(upid: 1005a8, stat_addr: c000a2fbf4, options: 40000002, ru: 0)
             exe-1050008 [001] ..... 1635549.684365: sys_wait4 -> 0x1005a8
             exe-1050008 [001] ..... 1635549.684367: sys_ptrace(request: 4204, pid: 1005a8, addr: 1, data: c000a2fc70)
             exe-1050008 [001] ..... 1635549.684371: sys_ptrace -> 0x0
             exe-1050008 [001] ..... 1635549.684372: sys_ptrace(request: 4204, pid: 1005a8, addr: 202, data: c000a2fc70)
             exe-1050008 [001] ..... 1635549.684375: sys_ptrace -> 0x0
             exe-1050008 [001] ..... 1635549.684384: sys_pwrite64(fd: 63, buf: 7fd66f97a080, count: 6c, pos: 6e)
             exe-1050008 [001] ..... 1635549.684386: tracing_mark_write: name_to_handle_at(fd=283, name=0x7f4c91c00000, handle=0x7f4c91c00000, mnt_id=0x7f4c91c00008, flag=0x100) end
             exe-1050008 [001] ..... 1635549.746220: tracing_mark_write: name_to_handle_at(fd=20, name=0x4, handle=0xc, mnt_id=0x7f4c93a2c000, flag=0x100) start
             exe-1050008 [001] ..... 1635549.746222: sys_pwrite64 -> 0x57
             exe-1050008 [001] ..... 1635549.746235: sys_ptrace(request: 4205, pid: 1005a8, addr: 1, data: c000a2fc70)
             exe-1050008 [001] ..... 1635549.746238: sys_ptrace -> 0x0
             exe-1050008 [001] ..... 1635549.746240: sys_ptrace(request: 4205, pid: 1005a8, addr: 202, data: c000a2fc70)
             exe-1049567 [002] ..... 1635549.746246: sys_nanosleep -> 0x0
             exe-1049567 [002] ..... 1635549.746248: sys_nanosleep(rqtp: c000069f10, rmtp: 0)
             exe-1049673 [000] ..... 1635549.746251: sys_nanosleep -> 0x0
             exe-1050008 [001] ..... 1635549.746252: sys_ptrace -> 0x0
             exe-1050008 [001] ..... 1635549.746254: sys_ptrace(request: 1f, pid: 1005a8, addr: 0, data: 0)
             exe-1049673 [000] ..... 1635549.746257: sys_nanosleep(rqtp: c000069f10, rmtp: 0)
             exe-1050008 [001] .N... 1635549.746261: sys_ptrace -> 0x0
             exe-1050024 [001] ..... 1635549.746272: sys_write -> 0x57
             exe-1050008 [001] ..... 1635549.746294: sys_wait4(upid: 1005a8, stat_addr: c000a2fbf4, options: 40000002, ru: 0)
             exe-1050008 [001] ..... 1635549.746297: sys_wait4 -> 0x1005a8
             exe-1050008 [001] ..... 1635549.746299: sys_ptrace(request: 4204, pid: 1005a8, addr: 1, data: c000a2fc70)
             exe-1050008 [001] ..... 1635549.746303: sys_ptrace -> 0x0
             exe-1050008 [001] ..... 1635549.746304: sys_ptrace(request: 4204, pid: 1005a8, addr: 202, data: c000a2fc70)
             exe-1050008 [001] ..... 1635549.746307: sys_ptrace -> 0x0
             exe-1050008 [001] ..... 1635549.746314: sys_ptrace(request: 4205, pid: 1005a8, addr: 1, data: c000a2fc70)
             exe-1050008 [001] ..... 1635549.746317: sys_ptrace -> 0x0
             exe-1050008 [001] ..... 1635549.746318: sys_ptrace(request: 4205, pid: 1005a8, addr: 202, data: c000a2fc70)
             exe-1050008 [001] ..... 1635549.746328: sys_ptrace -> 0x0
             exe-1050008 [001] ..... 1635549.746330: sys_ptrace(request: 1f, pid: 1005a8, addr: 0, data: 0)
             exe-1049567 [002] ..... 1635549.746333: sys_nanosleep -> 0x0
             exe-1049567 [002] ..... 1635549.746336: sys_nanosleep(rqtp: c000069f10, rmtp: 0)
             exe-1050008 [001] .N... 1635549.746337: sys_ptrace -> 0x0
             exe-1050024 [001] ..... 1635549.746347: sys_name_to_handle_at -> 0xffffffffffffffa1
             exe-1050008 [001] ..... 1635549.746367: sys_wait4(upid: 1005a8, stat_addr: c000a2fbf4, options: 40000002, ru: 0)
             exe-1050008 [001] ..... 1635549.746369: sys_wait4 -> 0x1005a8
             exe-1050008 [001] ..... 1635549.746371: sys_ptrace(request: 4204, pid: 1005a8, addr: 1, data: c000a2fc70)
             exe-1049673 [000] ..... 1635549.746375: sys_nanosleep -> 0x0
             exe-1050008 [001] ..... 1635549.746375: sys_ptrace -> 0x0
             exe-1050008 [001] ..... 1635549.746377: sys_ptrace(request: 4204, pid: 1005a8, addr: 202, data: c000a2fc70)
             exe-1050008 [001] ..... 1635549.746379: sys_ptrace -> 0x0
             exe-1049673 [000] ..... 1635549.746381: sys_nanosleep(rqtp: c000069f10, rmtp: 0)
             exe-1050008 [001] ..... 1635549.746388: sys_pwrite64(fd: 63, buf: 7fd66f97a080, count: 55, pos: 57)
             exe-1050008 [001] ..... 1635549.746390: tracing_mark_write: name_to_handle_at(fd=20, name=0x4, handle=0xc, mnt_id=0x7f4c93a2c000, flag=0x100) end
             exe-1050008 [001] ..... 1635549.805379: tracing_mark_write: name_to_handle_at(fd=20, name=0x0, handle=0x8, mnt_id=0x7f4c93a2d000, flag=0x100) start
             exe-1050008 [001] ..... 1635549.805381: sys_pwrite64 -> 0x57
             exe-1050008 [001] ..... 1635549.805387: sys_ptrace(request: 4205, pid: 1005a8, addr: 1, data: c000a2fc70)
             exe-1050008 [001] ..... 1635549.805390: sys_ptrace -> 0x0
             exe-1050008 [001] ..... 1635549.805392: sys_ptrace(request: 4205, pid: 1005a8, addr: 202, data: c000a2fc70)
             exe-1050008 [001] ..... 1635549.805402: sys_ptrace -> 0x0
             exe-1050008 [001] ..... 1635549.805404: sys_ptrace(request: 1f, pid: 1005a8, addr: 0, data: 0)
             exe-1050008 [001] .N... 1635549.805411: sys_ptrace -> 0x0
             exe-1050024 [001] ..... 1635549.805422: sys_write -> 0x57
             exe-1050008 [001] ..... 1635549.805441: sys_wait4(upid: 1005a8, stat_addr: c000a2fbf4, options: 40000002, ru: 0)
             exe-1050008 [001] ..... 1635549.805444: sys_wait4 -> 0x1005a8
             exe-1050008 [001] ..... 1635549.805446: sys_ptrace(request: 4204, pid: 1005a8, addr: 1, data: c000a2fc70)
             exe-1050008 [001] ..... 1635549.805450: sys_ptrace -> 0x0
             exe-1050008 [001] ..... 1635549.805452: sys_ptrace(request: 4204, pid: 1005a8, addr: 202, data: c000a2fc70)
             exe-1050008 [001] ..... 1635549.805455: sys_ptrace -> 0x0
             exe-1050008 [001] ..... 1635549.805462: sys_ptrace(request: 4205, pid: 1005a8, addr: 1, data: c000a2fc70)
             exe-1050008 [001] ..... 1635549.805465: sys_ptrace -> 0x0
             exe-1050008 [001] ..... 1635549.805466: sys_ptrace(request: 4205, pid: 1005a8, addr: 202, data: c000a2fc70)
             exe-1050008 [001] ..... 1635549.805476: sys_ptrace -> 0x0
             exe-1050008 [001] ..... 1635549.805478: sys_ptrace(request: 1f, pid: 1005a8, addr: 0, data: 0)
             exe-1050008 [001] .N... 1635549.805485: sys_ptrace -> 0x0
             exe-1050024 [001] ..... 1635549.805495: sys_name_to_handle_at -> 0xffffffffffffffa1
             exe-1049567 [002] ..... 1635549.805497: sys_nanosleep -> 0x0
             exe-1049567 [002] ..... 1635549.805503: sys_nanosleep(rqtp: c000069f10, rmtp: 0)
             exe-1050008 [001] ..... 1635549.805514: sys_wait4(upid: 1005a8, stat_addr: c000a2fbf4, options: 40000002, ru: 0)
             exe-1050008 [001] ..... 1635549.805517: sys_wait4 -> 0x1005a8
             exe-1050008 [001] ..... 1635549.805519: sys_ptrace(request: 4204, pid: 1005a8, addr: 1, data: c000a2fc70)
             exe-1050008 [001] ..... 1635549.805523: sys_ptrace -> 0x0
             exe-1050008 [001] ..... 1635549.805524: sys_ptrace(request: 4204, pid: 1005a8, addr: 202, data: c000a2fc70)
             exe-1050008 [001] ..... 1635549.805527: sys_ptrace -> 0x0
             exe-1050008 [001] ..... 1635549.805535: sys_pwrite64(fd: 63, buf: 7fd66f97a080, count: 55, pos: 57)
             exe-1050008 [001] ..... 1635549.805537: tracing_mark_write: name_to_handle_at(fd=20, name=0x0, handle=0x8, mnt_id=0x7f4c93a2d000, flag=0x100) end
             exe-1050008 [001] ..... 1635549.874294: tracing_mark_write: name_to_handle_at(fd=20, name=0x7f4c93a2c000, handle=0x7f4c93a2c004, mnt_id=0x7f4c93a2c008, flag=0x100) start
             exe-1050008 [001] ..... 1635549.874296: sys_pwrite64 -> 0x6d
             exe-1049567 [002] ..... 1635549.874302: sys_nanosleep -> 0x0
             exe-1050008 [001] ..... 1635549.874302: sys_ptrace(request: 4205, pid: 1005a8, addr: 1, data: c000a2fc70)
             exe-1050008 [001] ..... 1635549.874305: sys_ptrace -> 0x0
             exe-1050008 [001] ..... 1635549.874307: sys_ptrace(request: 4205, pid: 1005a8, addr: 202, data: c000a2fc70)
             exe-1049567 [002] ..... 1635549.874307: sys_nanosleep(rqtp: c000069f10, rmtp: 0)
             exe-1050008 [001] ..... 1635549.874318: sys_ptrace -> 0x0
             exe-1050008 [001] ..... 1635549.874320: sys_ptrace(request: 1f, pid: 1005a8, addr: 0, data: 0)
             exe-1050008 [001] .N... 1635549.874327: sys_ptrace -> 0x0
             exe-1050024 [001] ..... 1635549.874339: sys_write -> 0x6d
             exe-1050008 [001] ..... 1635549.874358: sys_wait4(upid: 1005a8, stat_addr: c000a2fbf4, options: 40000002, ru: 0)
             exe-1050008 [001] ..... 1635549.874361: sys_wait4 -> 0x1005a8
             exe-1050008 [001] ..... 1635549.874364: sys_ptrace(request: 4204, pid: 1005a8, addr: 1, data: c000a2fc70)
             exe-1050008 [001] ..... 1635549.874367: sys_ptrace -> 0x0
             exe-1050008 [001] ..... 1635549.874370: sys_ptrace(request: 4204, pid: 1005a8, addr: 202, data: c000a2fc70)
             exe-1050008 [001] ..... 1635549.874373: sys_ptrace -> 0x0
             exe-1050008 [001] ..... 1635549.874381: sys_ptrace(request: 4205, pid: 1005a8, addr: 1, data: c000a2fc70)
             exe-1050008 [001] ..... 1635549.874383: sys_ptrace -> 0x0
             exe-1050008 [001] ..... 1635549.874385: sys_ptrace(request: 4205, pid: 1005a8, addr: 202, data: c000a2fc70)
             exe-1050008 [001] ..... 1635549.874394: sys_ptrace -> 0x0
             exe-1050008 [001] ..... 1635549.874397: sys_ptrace(request: 1f, pid: 1005a8, addr: 0, data: 0)
             exe-1050008 [001] .N... 1635549.874403: sys_ptrace -> 0x0
             exe-1049567 [002] ..... 1635549.874411: sys_nanosleep -> 0x0
             exe-1050024 [001] ..... 1635549.874415: sys_name_to_handle_at -> 0xffffffffffffffa1
             exe-1049567 [002] ..... 1635549.874415: sys_nanosleep(rqtp: c000069f10, rmtp: 0)
             exe-1050008 [001] ..... 1635549.874434: sys_wait4(upid: 1005a8, stat_addr: c000a2fbf4, options: 40000002, ru: 0)
             exe-1050008 [001] ..... 1635549.874437: sys_wait4 -> 0x1005a8
             exe-1050008 [001] ..... 1635549.874439: sys_ptrace(request: 4204, pid: 1005a8, addr: 1, data: c000a2fc70)
             exe-1050008 [001] ..... 1635549.874443: sys_ptrace -> 0x0
             exe-1050008 [001] ..... 1635549.874445: sys_ptrace(request: 4204, pid: 1005a8, addr: 202, data: c000a2fc70)
             exe-1050008 [001] ..... 1635549.874447: sys_ptrace -> 0x0
             exe-1050008 [001] ..... 1635549.874457: sys_pwrite64(fd: 63, buf: 7fd66f97a080, count: 6b, pos: 6d)
             exe-1050008 [001] ..... 1635549.874458: tracing_mark_write: name_to_handle_at(fd=20, name=0x7f4c93a2c000, handle=0x7f4c93a2c004, mnt_id=0x7f4c93a2c008, flag=0x100) end
             exe-1050008 [001] ..... 1635549.930706: tracing_mark_write: name_to_handle_at(fd=278, name=0x7f4c93a2e000, handle=0x7f4c93700000, mnt_id=0x7f4c93700008, flag=0x100) start
             exe-1050008 [001] ..... 1635549.930708: sys_pwrite64 -> 0x6e
             exe-1050008 [001] ..... 1635549.930715: sys_ptrace(request: 4205, pid: 1005a8, addr: 1, data: c000a2fc70)
             exe-1050008 [001] ..... 1635549.930718: sys_ptrace -> 0x0
             exe-1050008 [001] ..... 1635549.930719: sys_ptrace(request: 4205, pid: 1005a8, addr: 202, data: c000a2fc70)
             exe-1049567 [000] ..... 1635549.930721: sys_nanosleep -> 0x0
             exe-1049567 [000] ..... 1635549.930728: sys_nanosleep(rqtp: c000069f10, rmtp: 0)
             exe-1050008 [001] ..... 1635549.930732: sys_ptrace -> 0x0
             exe-1050008 [001] ..... 1635549.930734: sys_ptrace(request: 1f, pid: 1005a8, addr: 0, data: 0)
