             exe-1050289 [003] ..... 1635554.988018: sys_wait4 -> 0x10072d
             exe-1050289 [003] ..... 1635554.988020: sys_ptrace(request: 4204, pid: 10072d, addr: 1, data: c000a2fc70)
             exe-1050289 [003] ..... 1635554.988023: sys_ptrace -> 0x0
             exe-1050289 [003] ..... 1635554.988024: sys_ptrace(request: 4204, pid: 10072d, addr: 202, data: c000a2fc70)
             exe-1050289 [003] ..... 1635554.988027: sys_ptrace -> 0x0
             exe-1050289 [003] ..... 1635554.988033: sys_ptrace(request: 4205, pid: 10072d, addr: 1, data: c000a2fc70)
             exe-1050289 [003] ..... 1635554.988035: sys_ptrace -> 0x0
             exe-1050289 [003] ..... 1635554.988036: sys_ptrace(request: 4205, pid: 10072d, addr: 202, data: c000a2fc70)
             exe-1050289 [003] ..... 1635554.988045: sys_ptrace -> 0x0
             exe-1050289 [003] ..... 1635554.988046: sys_ptrace(request: 1f, pid: 10072d, addr: 0, data: 0)
             exe-1050289 [003] .N... 1635554.988052: sys_ptrace -> 0x0
             exe-1049673 [000] ..... 1635554.988053: sys_nanosleep -> 0x0
             exe-1049673 [000] ..... 1635554.988056: sys_nanosleep(rqtp: c000069f10, rmtp: 0)
             exe-1050413 [003] ..... 1635554.988061: sys_name_to_handle_at -> 0xffffffffffffffa1
             exe-1050289 [003] ..... 1635554.988077: sys_wait4(upid: 10072d, stat_addr: c000a2fbf4, options: 40000002, ru: 0)
             exe-1050289 [003] ..... 1635554.988079: sys_wait4 -> 0x10072d
             exe-1050289 [003] ..... 1635554.988081: sys_ptrace(request: 4204, pid: 10072d, addr: 1, data: c000a2fc70)
             exe-1049567 [002] ..... 1635554.988082: sys_nanosleep -> 0x0
             exe-1050289 [003] ..... 1635554.988084: sys_ptrace -> 0x0
             exe-1049567 [002] ..... 1635554.988085: sys_nanosleep(rqtp: c000069f10, rmtp: 0)
             exe-1050289 [003] ..... 1635554.988085: sys_ptrace(request: 4204, pid: 10072d, addr: 202, data: c000a2fc70)
             exe-1050289 [003] ..... 1635554.988087: sys_ptrace -> 0x0
             exe-1050289 [003] ..... 1635554.988096: sys_pwrite64(fd: 63, buf: 7fd66f97a080, count: 79, pos: 7b)
             exe-1050289 [003] ..... 1635554.988098: tracing_mark_write: name_to_handle_at(fd=327, name=0x7f4c91a00000, handle=0x7f4c91a00000, mnt_id=0x7f4c91a00004, flag=0xffffffffffffff9c) end
             exe-1050289 [003] ..... 1635555.043106: tracing_mark_write: name_to_handle_at(fd=327, name=0x1, handle=0x5, mnt_id=0x7f4c93a2e000, flag=0xffffffffffffff9c) start
             exe-1050289 [003] ..... 1635555.043108: sys_pwrite64 -> 0x65
             exe-1049567 [002] ..... 1635555.043113: sys_nanosleep -> 0x0
             exe-1050289 [003] ..... 1635555.043115: sys_ptrace(request: 4205, pid: 10072d, addr: 1, data: c000a2fc70)
             exe-1049567 [002] ..... 1635555.043115: sys_nanosleep(rqtp: c000069f10, rmtp: 0)
             exe-1050289 [003] ..... 1635555.043117: sys_ptrace -> 0x0
             exe-1050289 [003] ..... 1635555.043119: sys_ptrace(request: 4205, pid: 10072d, addr: 202, data: c000a2fc70)
             exe-1049673 [000] ..... 1635555.043131: sys_nanosleep -> 0x0
             exe-1050289 [003] ..... 1635555.043131: sys_ptrace -> 0x0
             exe-1050289 [003] ..... 1635555.043133: sys_ptrace(request: 1f, pid: 10072d, addr: 0, data: 0)
             exe-1049673 [000] ..... 1635555.043133: sys_nanosleep(rqtp: c000069f10, rmtp: 0)
             exe-1050289 [003] .N... 1635555.043141: sys_ptrace -> 0x0
             exe-1050413 [003] ..... 1635555.043151: sys_write -> 0x65
             exe-1050289 [003] ..... 1635555.043170: sys_wait4(upid: 10072d, stat_addr: c000a2fbf4, options: 40000002, ru: 0)
             exe-1050289 [003] ..... 1635555.043173: sys_wait4 -> 0x10072d
             exe-1050289 [003] ..... 1635555.043175: sys_ptrace(request: 4204, pid: 10072d, addr: 1, data: c000a2fc70)
             exe-1050289 [003] ..... 1635555.043179: sys_ptrace -> 0x0
             exe-1050289 [003] ..... 1635555.043181: sys_ptrace(request: 4204, pid: 10072d, addr: 202, data: c000a2fc70)
             exe-1050289 [003] ..... 1635555.043184: sys_ptrace -> 0x0
             exe-1050289 [003] ..... 1635555.043191: sys_ptrace(request: 4205, pid: 10072d, addr: 1, data: c000a2fc70)
             exe-1050289 [003] ..... 1635555.043193: sys_ptrace -> 0x0
             exe-1050289 [003] ..... 1635555.043195: sys_ptrace(request: 4205, pid: 10072d, addr: 202, data: c000a2fc70)
             exe-1049567 [002] ..... 1635555.043200: sys_nanosleep -> 0x0
             exe-1049567 [002] ..... 1635555.043202: sys_nanosleep(rqtp: c000069f10, rmtp: 0)
             exe-1050289 [003] ..... 1635555.043205: sys_ptrace -> 0x0
             exe-1050289 [003] ..... 1635555.043207: sys_ptrace(request: 1f, pid: 10072d, addr: 0, data: 0)
             exe-1050289 [003] .N... 1635555.043216: sys_ptrace -> 0x0
             exe-1049673 [000] ..... 1635555.043221: sys_nanosleep -> 0x0
             exe-1049673 [000] ..... 1635555.043223: sys_nanosleep(rqtp: c000069f10, rmtp: 0)
             exe-1050413 [003] ..... 1635555.043228: sys_name_to_handle_at -> 0xffffffffffffffa1
             exe-1050289 [003] ..... 1635555.043253: sys_wait4(upid: 10072d, stat_addr: c000a2fbf4, options: 40000002, ru: 0)
             exe-1050289 [003] ..... 1635555.043256: sys_wait4 -> 0x10072d
             exe-1050289 [003] ..... 1635555.043259: sys_ptrace(request: 4204, pid: 10072d, addr: 1, data: c000a2fc70)
             exe-1050289 [003] ..... 1635555.043265: sys_ptrace -> 0x0
             exe-1050289 [003] ..... 1635555.043267: sys_ptrace(request: 4204, pid: 10072d, addr: 202, data: c000a2fc70)
             exe-1050289 [003] ..... 1635555.043270: sys_ptrace -> 0x0
             exe-1050289 [003] ..... 1635555.043286: sys_pwrite64(fd: 63, buf: 7fd66f97a080, count: 63, pos: 65)
             exe-1049567 [002] ..... 1635555.043287: sys_nanosleep -> 0x0
             exe-1049567 [002] ..... 1635555.043290: sys_nanosleep(rqtp: c000069f10, rmtp: 0)
             exe-1050289 [003] ..... 1635555.043293: tracing_mark_write: name_to_handle_at(fd=327, name=0x1, handle=0x5, mnt_id=0x7f4c93a2e000, flag=0xffffffffffffff9c) end
             exe-1050289 [003] ..... 1635555.118499: tracing_mark_write: name_to_handle_at(fd=327, name=0x8, handle=0x7f4c93a2e000, mnt_id=0x7f4c91a00000, flag=0xffffffffffffff9c) start
             exe-1050289 [003] ..... 1635555.118502: sys_pwrite64 -> 0x70
             exe-1050289 [003] ..... 1635555.118511: sys_ptrace(request: 4205, pid: 10072d, addr: 1, data: c000a2fc70)
             exe-1050289 [003] ..... 1635555.118515: sys_ptrace -> 0x0
             exe-1050289 [003] ..... 1635555.118517: sys_ptrace(request: 4205, pid: 10072d, addr: 202, data: c000a2fc70)
             exe-1050289 [003] ..... 1635555.118530: sys_ptrace -> 0x0
             exe-1050289 [003] ..... 1635555.118532: sys_ptrace(request: 1f, pid: 10072d, addr: 0, data: 0)
             exe-1050289 [003] .N... 1635555.118540: sys_ptrace -> 0x0
             exe-1050413 [003] ..... 1635555.118554: sys_write -> 0x70
             exe-1050289 [003] ..... 1635555.118580: sys_wait4(upid: 10072d, stat_addr: c000a2fbf4, options: 40000002, ru: 0)
             exe-1050289 [003] ..... 1635555.118583: sys_wait4 -> 0x10072d
             exe-1050289 [003] ..... 1635555.118585: sys_ptrace(request: 4204, pid: 10072d, addr: 1, data: c000a2fc70)
             exe-1050289 [003] ..... 1635555.118589: sys_ptrace -> 0x0
             exe-1050289 [003] ..... 1635555.118591: sys_ptrace(request: 4204, pid: 10072d, addr: 202, data: c000a2fc70)
             exe-1050289 [003] ..... 1635555.118594: sys_ptrace -> 0x0
             exe-1050289 [003] ..... 1635555.118601: sys_ptrace(request: 4205, pid: 10072d, addr: 1, data: c000a2fc70)
             exe-1050289 [003] ..... 1635555.118604: sys_ptrace -> 0x0
             exe-1050289 [003] ..... 1635555.118605: sys_ptrace(request: 4205, pid: 10072d, addr: 202, data: c000a2fc70)
             exe-1050289 [003] ..... 1635555.118616: sys_ptrace -> 0x0
             exe-1050289 [003] ..... 1635555.118618: sys_ptrace(request: 1f, pid: 10072d, addr: 0, data: 0)
             exe-1050289 [003] .N... 1635555.118625: sys_ptrace -> 0x0
             exe-1050413 [003] ..... 1635555.118635: sys_name_to_handle_at -> 0xffffffffffffffa1
             exe-1050289 [003] ..... 1635555.118655: sys_wait4(upid: 10072d, stat_addr: c000a2fbf4, options: 40000002, ru: 0)
             exe-1050289 [003] ..... 1635555.118658: sys_wait4 -> 0x10072d
             exe-1050289 [003] ..... 1635555.118661: sys_ptrace(request: 4204, pid: 10072d, addr: 1, data: c000a2fc70)
             exe-1050289 [003] ..... 1635555.118664: sys_ptrace -> 0x0
             exe-1050289 [003] ..... 1635555.118666: sys_ptrace(request: 4204, pid: 10072d, addr: 202, data: c000a2fc70)
             exe-1050289 [003] ..... 1635555.118668: sys_ptrace -> 0x0
             exe-1050289 [003] ..... 1635555.118679: sys_pwrite64(fd: 63, buf: 7fd66f97a080, count: 6e, pos: 70)
             exe-1050289 [003] ..... 1635555.118681: tracing_mark_write: name_to_handle_at(fd=327, name=0x8, handle=0x7f4c93a2e000, mnt_id=0x7f4c91a00000, flag=0xffffffffffffff9c) end
             exe-1050289 [001] ..... 1635555.185390: tracing_mark_write: name_to_handle_at(fd=280, name=0x7f4c92b00000, handle=0x7f4c91e00000, mnt_id=0x7f4c91e00000, flag=0xffffffffffffff9c) start
             exe-1050289 [001] ..... 1635555.185392: sys_pwrite64 -> 0x7b
             exe-1050289 [001] ..... 1635555.185397: sys_ptrace(request: 4205, pid: 10072d, addr: 1, data: c000a2fc70)
             exe-1050289 [001] ..... 1635555.185399: sys_ptrace -> 0x0
             exe-1050289 [001] ..... 1635555.185401: sys_ptrace(request: 4205, pid: 10072d, addr: 202, data: c000a2fc70)
             exe-1050289 [001] ..... 1635555.185411: sys_ptrace -> 0x0
             exe-1050289 [001] ..... 1635555.185412: sys_ptrace(request: 1f, pid: 10072d, addr: 0, data: 0)
             exe-1050289 [001] ..... 1635555.185420: sys_ptrace -> 0x0
             exe-1050289 [001] ..... 1635555.185422: sys_wait4(upid: 10072d, stat_addr: c000a2fbf4, options: 40000002, ru: 0)
             exe-1050413 [003] ..... 1635555.185437: sys_write -> 0x7b
             exe-1049673 [000] ..... 1635555.185443: sys_nanosleep -> 0x0
             exe-1049673 [000] ..... 1635555.185446: sys_nanosleep(rqtp: c000069f10, rmtp: 0)
             exe-1050289 [001] ..... 1635555.185478: sys_wait4 -> 0x10072d
             exe-1050289 [001] ..... 1635555.185481: sys_ptrace(request: 4204, pid: 10072d, addr: 1, data: c000a2fc70)
             exe-1050289 [001] ..... 1635555.185490: sys_ptrace -> 0x0
             exe-1050289 [001] ..... 1635555.185492: sys_ptrace(request: 4204, pid: 10072d, addr: 202, data: c000a2fc70)
             exe-1050289 [001] ..... 1635555.185494: sys_ptrace -> 0x0
             exe-1050289 [001] ..... 1635555.185500: sys_ptrace(request: 4205, pid: 10072d, addr: 1, data: c000a2fc70)
             exe-1050289 [001] ..... 1635555.185502: sys_ptrace -> 0x0
             exe-1050289 [001] ..... 1635555.185504: sys_ptrace(request: 4205, pid: 10072d, addr: 202, data: c000a2fc70)
             exe-1050289 [001] ..... 1635555.185516: sys_ptrace -> 0x0
             exe-1050289 [001] ..... 1635555.185517: sys_ptrace(request: 1f, pid: 10072d, addr: 0, data: 0)
             exe-1050289 [001] ..... 1635555.185523: sys_ptrace -> 0x0
             exe-1050289 [001] ..... 1635555.185526: sys_wait4(upid: 10072d, stat_addr: c000a2fbf4, options: 40000002, ru: 0)
             exe-1050413 [003] ..... 1635555.185540: sys_name_to_handle_at -> 0xffffffffffffffa1
             exe-1049673 [000] ..... 1635555.185556: sys_nanosleep -> 0x0
             exe-1049673 [000] ..... 1635555.185559: sys_nanosleep(rqtp: c000069f10, rmtp: 0)
             exe-1050289 [001] ..... 1635555.185580: sys_wait4 -> 0x10072d
             exe-1050289 [001] ..... 1635555.185583: sys_ptrace(request: 4204, pid: 10072d, addr: 1, data: c000a2fc70)
             exe-1050289 [001] ..... 1635555.185586: sys_ptrace -> 0x0
             exe-1050289 [001] ..... 1635555.185587: sys_ptrace(request: 4204, pid: 10072d, addr: 202, data: c000a2fc70)
             exe-1050289 [001] ..... 1635555.185597: sys_ptrace -> 0x0
             exe-1050289 [001] ..... 1635555.185604: sys_pwrite64(fd: 63, buf: 7fd66f97a080, count: 79, pos: 7b)
             exe-1050289 [001] ..... 1635555.185606: tracing_mark_write: name_to_handle_at(fd=280, name=0x7f4c92b00000, handle=0x7f4c91e00000, mnt_id=0x7f4c91e00000, flag=0xffffffffffffff9c) end
             exe-1050289 [001] ..... 1635555.257722: tracing_mark_write: name_to_handle_at(fd=280, name=0x7f4c93a2d000, handle=0x7f4c91e00000, mnt_id=0x7f4c93a2b000, flag=0xffffffffffffff9c) start
             exe-1050289 [001] ..... 1635555.257724: sys_pwrite64 -> 0x7b
             exe-1050289 [001] ..... 1635555.257729: sys_ptrace(request: 4205, pid: 10072d, addr: 1, data: c000a2fc70)
             exe-1050289 [001] ..... 1635555.257731: sys_ptrace -> 0x0
             exe-1050289 [001] ..... 1635555.257733: sys_ptrace(request: 4205, pid: 10072d, addr: 202, data: c000a2fc70)
             exe-1050289 [001] ..... 1635555.257740: sys_ptrace -> 0x0
             exe-1050289 [001] ..... 1635555.257742: sys_ptrace(request: 1f, pid: 10072d, addr: 0, data: 0)
             exe-1050289 [001] ..... 1635555.257749: sys_ptrace -> 0x0
             exe-1050289 [001] ..... 1635555.257751: sys_wait4(upid: 10072d, stat_addr: c000a2fbf4, options: 40000002, ru: 0)
             exe-1050413 [003] ..... 1635555.257758: sys_write -> 0x7b
             exe-1050289 [001] ..... 1635555.257778: sys_wait4 -> 0x10072d
             exe-1050289 [001] ..... 1635555.257781: sys_ptrace(request: 4204, pid: 10072d, addr: 1, data: c000a2fc70)
             exe-1050289 [001] ..... 1635555.257783: sys_ptrace -> 0x0
             exe-1049673 [000] ..... 1635555.257784: sys_nanosleep -> 0x0
             exe-1050289 [001] ..... 1635555.257785: sys_ptrace(request: 4204, pid: 10072d, addr: 202, data: c000a2fc70)
             exe-1049673 [000] ..... 1635555.257786: sys_nanosleep(rqtp: c000069f10, rmtp: 0)
             exe-1050289 [001] ..... 1635555.257787: sys_ptrace -> 0x0
             exe-1050289 [001] ..... 1635555.257792: sys_ptrace(request: 4205, pid: 10072d, addr: 1, data: c000a2fc70)
             exe-1050289 [001] ..... 1635555.257795: sys_ptrace -> 0x0
             exe-1050289 [001] ..... 1635555.257796: sys_ptrace(request: 4205, pid: 10072d, addr: 202, data: c000a2fc70)
             exe-1050289 [001] ..... 1635555.257804: sys_ptrace -> 0x0
             exe-1050289 [001] ..... 1635555.257805: sys_ptrace(request: 1f, pid: 10072d, addr: 0, data: 0)
             exe-1050289 [001] ..... 1635555.257811: sys_ptrace -> 0x0
             exe-1050289 [001] ..... 1635555.257813: sys_wait4(upid: 10072d, stat_addr: c000a2fbf4, options: 40000002, ru: 0)
             exe-1050413 [003] ..... 1635555.257818: sys_name_to_handle_at -> 0xffffffffffffffa1
             exe-1050289 [001] ..... 1635555.257833: sys_wait4 -> 0x10072d
             exe-1050289 [001] ..... 1635555.257835: sys_ptrace(request: 4204, pid: 10072d, addr: 1, data: c000a2fc70)
             exe-1050289 [001] ..... 1635555.257838: sys_ptrace -> 0x0
             exe-1050289 [001] ..... 1635555.257839: sys_ptrace(request: 4204, pid: 10072d, addr: 202, data: c000a2fc70)
             exe-1050289 [001] ..... 1635555.257841: sys_ptrace -> 0x0
             exe-1050289 [001] ..... 1635555.257847: sys_pwrite64(fd: 63, buf: 7fd66f97a080, count: 79, pos: 7b)
             exe-1050289 [001] ..... 1635555.257849: tracing_mark_write: name_to_handle_at(fd=280, name=0x7f4c93a2d000, handle=0x7f4c91e00000, mnt_id=0x7f4c93a2b000, flag=0xffffffffffffff9c) end
             exe-1050289 [003] ..... 1635555.342875: tracing_mark_write: name_to_handle_at(fd=277, name=0x7f4c91a00000, handle=0x7f4c91a00001, mnt_id=0x7f4c91c00000, flag=0xffffffffffffff9c) start
             exe-1050289 [003] ..... 1635555.342878: sys_pwrite64 -> 0x7b
             exe-1049673 [003] ..... 1635555.342960: sys_nanosleep -> 0x0
             exe-1049673 [003] ..... 1635555.342966: sys_nanosleep(rqtp: c000069f10, rmtp: 0)
             exe-1050289 [003] ..... 1635555.342988: sys_ptrace(request: 4205, pid: 10072d, addr: 1, data: c000a2fc70)
             exe-1050289 [003] ..... 1635555.342993: sys_ptrace -> 0x0
             exe-1050289 [003] ..... 1635555.342995: sys_ptrace(request: 4205, pid: 10072d, addr: 202, data: c000a2fc70)
             exe-1049673 [003] ..... 1635555.343092: sys_nanosleep -> 0x0
             exe-1049673 [003] ..... 1635555.343098: sys_nanosleep(rqtp: c000069f10, rmtp: 0)
             exe-1050289 [003] ..... 1635555.343121: sys_ptrace -> 0x0
             exe-1050289 [003] ..... 1635555.343126: sys_ptrace(request: 1f, pid: 10072d, addr: 0, data: 0)
             exe-1050289 [003] .N... 1635555.343157: sys_ptrace -> 0x0
             exe-1050413 [003] ..... 1635555.343197: sys_write -> 0x7b
             exe-1049673 [003] ..... 1635555.343217: sys_nanosleep -> 0x0
             exe-1049673 [003] ..... 1635555.343222: sys_nanosleep(rqtp: c000069f10, rmtp: 0)
             exe-1050289 [003] ..... 1635555.343242: sys_wait4(upid: 10072d, stat_addr: c000a2fbf4, options: 40000002, ru: 0)
             exe-1050289 [003] .N... 1635555.343273: sys_wait4 -> 0x10072d
             exe-1049673 [003] ..... 1635555.343310: sys_nanosleep -> 0x0
             exe-1049673 [003] ..... 1635555.343316: sys_nanosleep(rqtp: c000069f10, rmtp: 0)
             exe-1050289 [003] ..... 1635555.343335: sys_ptrace(request: 4204, pid: 10072d, addr: 1, data: c000a2fc70)
             exe-1050289 [003] ..... 1635555.343342: sys_ptrace -> 0x0
             exe-1050289 [003] ..... 1635555.343343: sys_ptrace(request: 4204, pid: 10072d, addr: 202, data: c000a2fc70)
             exe-1050289 [003] ..... 1635555.343346: sys_ptrace -> 0x0
             exe-1050289 [003] ..... 1635555.343355: sys_ptrace(request: 4205, pid: 10072d, addr: 1, data: c000a2fc70)
             exe-1050289 [003] ..... 1635555.343357: sys_ptrace -> 0x0
             exe-1050289 [003] ..... 1635555.343359: sys_ptrace(request: 4205, pid: 10072d, addr: 202, data: c000a2fc70)
             exe-1049673 [003] ..... 1635555.343428: sys_nanosleep -> 0x0
             exe-1049673 [003] ..... 1635555.343434: sys_nanosleep(rqtp: c000069f10, rmtp: 0)
             exe-1050289 [003] ..... 1635555.343466: sys_ptrace -> 0x0
             exe-1050289 [003] ..... 1635555.343470: sys_ptrace(request: 1f, pid: 10072d, addr: 0, data: 0)
             exe-1050289 [003] .N... 1635555.343504: sys_ptrace -> 0x0
             exe-1050413 [003] ..... 1635555.343545: sys_name_to_handle_at -> 0xffffffffffffffa1
             exe-1049673 [003] ..... 1635555.343564: sys_nanosleep -> 0x0
             exe-1049673 [003] ..... 1635555.343570: sys_nanosleep(rqtp: c000069f10, rmtp: 0)
             exe-1050289 [003] ..... 1635555.343590: sys_wait4(upid: 10072d, stat_addr: c000a2fbf4, options: 40000002, ru: 0)
             exe-1050289 [003] ..... 1635555.343593: sys_wait4 -> 0x10072d
             exe-1049896 [002] ..... 1635555.343615: sys_epoll_pwait -> 0x0
             exe-1049896 [002] ..... 1635555.343627: sys_epoll_pwait(epfd: 11, events: c000599840, maxevents: 80, timeout: 1, sigmask: 0, sigsetsize: 0)
             exe-1049673 [003] ..... 1635555.343658: sys_nanosleep -> 0x0
             exe-1049673 [003] ..... 1635555.343663: sys_nanosleep(rqtp: c000069f10, rmtp: 0)
             exe-1050289 [003] ..... 1635555.343683: sys_ptrace(request: 4204, pid: 10072d, addr: 1, data: c000a2fc70)
             exe-1050289 [003] ..... 1635555.343689: sys_ptrace -> 0x0
             exe-1050289 [003] ..... 1635555.343691: sys_ptrace(request: 4204, pid: 10072d, addr: 202, data: c000a2fc70)
             exe-1050289 [003] ..... 1635555.343694: sys_ptrace -> 0x0
             exe-1049673 [003] ..... 1635555.343777: sys_nanosleep -> 0x0
             exe-1049673 [003] ..... 1635555.343783: sys_nanosleep(rqtp: c000069f10, rmtp: 0)
             exe-1050289 [003] ..... 1635555.343803: sys_pwrite64(fd: 63, buf: 7fd66f97a080, count: 79, pos: 7b)
             exe-1050289 [003] ..... 1635555.343807: tracing_mark_write: name_to_handle_at(fd=277, name=0x7f4c91a00000, handle=0x7f4c91a00001, mnt_id=0x7f4c91c00000, flag=0xffffffffffffff9c) end
             exe-1050289 [001] ..... 1635555.428614: tracing_mark_write: name_to_handle_at(fd=277, name=0x7f4c91e00000, handle=0x7f4c93a2d000, mnt_id=0x7f4c91e00000, flag=0xffffffffffffff9c) start
             exe-1050289 [001] ..... 1635555.428616: sys_pwrite64 -> 0x7b
             exe-1050289 [001] ..... 1635555.428620: sys_ptrace(request: 4205, pid: 10072d, addr: 1, data: c000a2fc70)
             exe-1050289 [001] ..... 1635555.428623: sys_ptrace -> 0x0
             exe-1050289 [001] ..... 1635555.428624: sys_ptrace(request: 4205, pid: 10072d, addr: 202, data: c000a2fc70)
             exe-1050289 [001] ..... 1635555.428631: sys_ptrace -> 0x0
             exe-1050289 [001] ..... 1635555.428632: sys_ptrace(request: 1f, pid: 10072d, addr: 0, data: 0)
             exe-1050289 [001] ..... 1635555.428641: sys_ptrace -> 0x0
             exe-1050289 [001] ..... 1635555.428643: sys_wait4(upid: 10072d, stat_addr: c000a2fbf4, options: 40000002, ru: 0)
             exe-1050413 [000] ..... 1635555.428660: sys_write -> 0x7b
             exe-1049567 [002] ..... 1635555.428674: sys_nanosleep -> 0x0
             exe-1050289 [001] ..... 1635555.428675: sys_wait4 -> 0x10072d
             exe-1050289 [001] ..... 1635555.428676: sys_ptrace(request: 4204, pid: 10072d, addr: 1, data: c000a2fc70)
             exe-1049567 [002] ..... 1635555.428677: sys_nanosleep(rqtp: c000069f10, rmtp: 0)
             exe-1050289 [001] ..... 1635555.428678: sys_ptrace -> 0x0
             exe-1050289 [001] ..... 1635555.428680: sys_ptrace(request: 4204, pid: 10072d, addr: 202, data: c000a2fc70)
             exe-1050289 [001] ..... 1635555.428681: sys_ptrace -> 0x0
             exe-1050289 [001] ..... 1635555.428687: sys_ptrace(request: 4205, pid: 10072d, addr: 1, data: c000a2fc70)
             exe-1050289 [001] ..... 1635555.428688: sys_ptrace -> 0x0
             exe-1050289 [001] ..... 1635555.428690: sys_ptrace(request: 4205, pid: 10072d, addr: 202, data: c000a2fc70)
             exe-1050289 [001] ..... 1635555.428695: sys_ptrace -> 0x0
             exe-1050289 [001] ..... 1635555.428696: sys_ptrace(request: 1f, pid: 10072d, addr: 0, data: 0)
             exe-1050289 [001] ..... 1635555.428704: sys_ptrace -> 0x0
             exe-1050289 [001] ..... 1635555.428705: sys_wait4(upid: 10072d, stat_addr: c000a2fbf4, options: 40000002, ru: 0)
             exe-1050413 [000] ..... 1635555.428716: sys_name_to_handle_at -> 0xffffffffffffffa1
             exe-1050289 [001] ..... 1635555.428728: sys_wait4 -> 0x10072d
             exe-1050289 [001] ..... 1635555.428730: sys_ptrace(request: 4204, pid: 10072d, addr: 1, data: c000a2fc70)
             exe-1050289 [001] ..... 1635555.428732: sys_ptrace -> 0x0
             exe-1050289 [001] ..... 1635555.428733: sys_ptrace(request: 4204, pid: 10072d, addr: 202, data: c000a2fc70)
             exe-1050289 [001] ..... 1635555.428734: sys_ptrace -> 0x0
             exe-1050289 [001] ..... 1635555.428740: sys_pwrite64(fd: 63, buf: 7fd66f97a080, count: 79, pos: 7b)
             exe-1050289 [001] ..... 1635555.428741: tracing_mark_write: name_to_handle_at(fd=277, name=0x7f4c91e00000, handle=0x7f4c93a2d000, mnt_id=0x7f4c91e00000, flag=0xffffffffffffff9c) end
             exe-1050289 [001] ..... 1635555.489252: tracing_mark_write: name_to_handle_at(fd=277, name=0x7f4c93700000, handle=0x7f4c93b3d000, mnt_id=0x7f4c93b3d008, flag=0xffffffffffffff9c) start
             exe-1050289 [001] ..... 1635555.489254: sys_pwrite64 -> 0x7b
             exe-1050289 [001] ..... 1635555.489259: sys_ptrace(request: 4205, pid: 10072d, addr: 1, data: c000a2fc70)
             exe-1050289 [001] ..... 1635555.489268: sys_ptrace -> 0x0
             exe-1050289 [001] ..... 1635555.489270: sys_ptrace(request: 4205, pid: 10072d, addr: 202, data: c000a2fc70)
             exe-1050289 [001] ..... 1635555.489278: sys_ptrace -> 0x0
             exe-1050289 [001] ..... 1635555.489279: sys_ptrace(request: 1f, pid: 10072d, addr: 0, data: 0)
             exe-1050289 [001] ..... 1635555.489285: sys_ptrace -> 0x0
             exe-1050289 [001] ..... 1635555.489287: sys_wait4(upid: 10072d, stat_addr: c000a2fbf4, options: 40000002, ru: 0)
             exe-1050413 [002] ..... 1635555.489306: sys_write -> 0x7b
             exe-1049673 [003] ..... 1635555.489330: sys_nanosleep -> 0x0
             exe-1050289 [001] ..... 1635555.489332: sys_wait4 -> 0x10072d
             exe-1050289 [001] ..... 1635555.489334: sys_ptrace(request: 4204, pid: 10072d, addr: 1, data: c000a2fc70)
             exe-1049673 [003] ..... 1635555.489334: sys_nanosleep(rqtp: c000069f10, rmtp: 0)
             exe-1050289 [001] ..... 1635555.489352: sys_ptrace -> 0x0
             exe-1050289 [001] ..... 1635555.489354: sys_ptrace(request: 4204, pid: 10072d, addr: 202, data: c000a2fc70)
             exe-1050289 [001] ..... 1635555.489356: sys_ptrace -> 0x0
             exe-1050289 [001] ..... 1635555.489362: sys_ptrace(request: 4205, pid: 10072d, addr: 1, data: c000a2fc70)
             exe-1050289 [001] ..... 1635555.489368: sys_ptrace -> 0x0
             exe-1050289 [001] ..... 1635555.489370: sys_ptrace(request: 4205, pid: 10072d, addr: 202, data: c000a2fc70)
             exe-1050289 [001] ..... 1635555.489376: sys_ptrace -> 0x0
             exe-1050289 [001] ..... 1635555.489378: sys_ptrace(request: 1f, pid: 10072d, addr: 0, data: 0)
             exe-1050289 [001] ..... 1635555.489384: sys_ptrace -> 0x0
             exe-1050289 [001] ..... 1635555.489386: sys_wait4(upid: 10072d, stat_addr: c000a2fbf4, options: 40000002, ru: 0)
             exe-1050413 [002] ..... 1635555.489397: sys_name_to_handle_at -> 0xffffffffffffffa1
             exe-1050289 [001] ..... 1635555.489414: sys_wait4 -> 0x10072d
             exe-1050289 [001] ..... 1635555.489416: sys_ptrace(request: 4204, pid: 10072d, addr: 1, data: c000a2fc70)
             exe-1050289 [001] ..... 1635555.489418: sys_ptrace -> 0x0
             exe-1050289 [001] ..... 1635555.489420: sys_ptrace(request: 4204, pid: 10072d, addr: 202, data: c000a2fc70)
             exe-1050289 [001] ..... 1635555.489422: sys_ptrace -> 0x0
             exe-1050289 [001] ..... 1635555.489428: sys_pwrite64(fd: 63, buf: 7fd66f97a080, count: 79, pos: 7b)
             exe-1050289 [001] ..... 1635555.489429: tracing_mark_write: name_to_handle_at(fd=277, name=0x7f4c93700000, handle=0x7f4c93b3d000, mnt_id=0x7f4c93b3d008, flag=0xffffffffffffff9c) end
             exe-1050289 [001] ..... 1635555.557898: tracing_mark_write: name_to_handle_at(fd=277, name=0x7f4c91a00000, handle=0x7f4c93a2d000, mnt_id=0x7f4c93a2d008, flag=0x500) start
             exe-1050289 [001] ..... 1635555.557900: sys_pwrite64 -> 0x6e
             exe-977603  [003] ..... 1635555.557904: sys_ptrace(request: 4205, pid: eeae8, addr: 1, data: c0000d5c70)
             exe-1050289 [001] ..... 1635555.557906: sys_ptrace(request: 4205, pid: 10072d, addr: 1, data: c000a2fc70)
             exe-977603  [003] ..... 1635555.557907: sys_ptrace -> 0x0
             exe-977603  [003] ..... 1635555.557908: sys_ptrace(request: 4205, pid: eeae8, addr: 202, data: c0000d5c70)
             exe-1050289 [001] ..... 1635555.557909: sys_ptrace -> 0x0
             exe-1050289 [001] ..... 1635555.557911: sys_ptrace(request: 4205, pid: 10072d, addr: 202, data: c000a2fc70)
             exe-977603  [003] ..... 1635555.557920: sys_ptrace -> 0x0
             exe-1050289 [001] ..... 1635555.557922: sys_ptrace -> 0x0
             exe-977603  [003] ..... 1635555.557922: sys_ptrace(request: 1f, pid: eeae8, addr: 0, data: 0)
             exe-1050289 [001] ..... 1635555.557923: sys_ptrace(request: 1f, pid: 10072d, addr: 0, data: 0)
             exe-977603  [003] .N... 1635555.557928: sys_ptrace -> 0x0
             exe-1050289 [001] ..... 1635555.557930: sys_ptrace -> 0x0
             exe-1050289 [001] ..... 1635555.557932: sys_wait4(upid: 10072d, stat_addr: c000a2fbf4, options: 40000002, ru: 0)
             exe-977640  [003] ..... 1635555.557941: sys_pread64 -> 0x310
             exe-1050413 [002] ..... 1635555.557942: sys_write -> 0x6e
             exe-977603  [003] ..... 1635555.557961: sys_wait4(upid: eeae8, stat_addr: c0000d5bf4, options: 40000002, ru: 0)
             exe-977603  [003] ..... 1635555.557964: sys_wait4 -> 0xeeae8
             exe-977603  [003] ..... 1635555.557966: sys_ptrace(request: 4204, pid: eeae8, addr: 1, data: c0000d5c70)
             exe-977603  [003] ..... 1635555.557970: sys_ptrace -> 0x0
             exe-977603  [003] ..... 1635555.557971: sys_ptrace(request: 4204, pid: eeae8, addr: 202, data: c0000d5c70)
             exe-977603  [003] ..... 1635555.557974: sys_ptrace -> 0x0
             exe-977603  [003] ..... 1635555.557982: sys_pread64(fd: 26, buf: 7f8d72071a30, count: 30, pos: 350)
             exe-1050289 [001] ..... 1635555.557982: sys_wait4 -> 0x10072d
             exe-1050289 [001] ..... 1635555.557984: sys_ptrace(request: 4204, pid: 10072d, addr: 1, data: c000a2fc70)
             exe-977603  [003] ..... 1635555.557987: sys_pread64 -> 0x30
             exe-1050289 [001] ..... 1635555.557987: sys_ptrace -> 0x0
             exe-1050289 [001] ..... 1635555.557988: sys_ptrace(request: 4204, pid: 10072d, addr: 202, data: c000a2fc70)
             exe-1050289 [001] ..... 1635555.557990: sys_ptrace -> 0x0
             exe-977603  [003] ..... 1635555.557993: sys_ptrace(request: 4205, pid: eeae8, addr: 1, data: c0000d5c70)
             exe-977603  [003] ..... 1635555.557996: sys_ptrace -> 0x0
             exe-1050289 [001] ..... 1635555.557996: sys_ptrace(request: 4205, pid: 10072d, addr: 1, data: c000a2fc70)
             exe-977603  [003] ..... 1635555.557997: sys_ptrace(request: 4205, pid: eeae8, addr: 202, data: c0000d5c70)
             exe-1050289 [001] ..... 1635555.557999: sys_ptrace -> 0x0
             exe-1050289 [001] ..... 1635555.558001: sys_ptrace(request: 4205, pid: 10072d, addr: 202, data: c000a2fc70)
             exe-977603  [003] ..... 1635555.558009: sys_ptrace -> 0x0
             exe-1050289 [001] ..... 1635555.558010: sys_ptrace -> 0x0
             exe-977603  [003] ..... 1635555.558010: sys_ptrace(request: 1f, pid: eeae8, addr: 0, data: 0)
             exe-1050289 [001] ..... 1635555.558011: sys_ptrace(request: 1f, pid: 10072d, addr: 0, data: 0)
             exe-1050289 [001] ..... 1635555.558017: sys_ptrace -> 0x0
             exe-977603  [003] .N... 1635555.558017: sys_ptrace -> 0x0
             exe-1050289 [001] ..... 1635555.558018: sys_wait4(upid: 10072d, stat_addr: c000a2fbf4, options: 40000002, ru: 0)
             exe-977640  [003] ..... 1635555.558028: sys_pread64 -> 0x30
             exe-1050413 [002] ..... 1635555.558032: sys_name_to_handle_at -> 0xffffffffffffffa1
             exe-977603  [003] ..... 1635555.558045: sys_wait4(upid: eeae8, stat_addr: c0000d5bf4, options: 40000002, ru: 0)
             exe-977603  [003] ..... 1635555.558048: sys_wait4 -> 0xeeae8
             exe-1050289 [001] ..... 1635555.558049: sys_wait4 -> 0x10072d
             exe-977603  [003] ..... 1635555.558050: sys_ptrace(request: 4204, pid: eeae8, addr: 1, data: c0000d5c70)
             exe-1050289 [001] ..... 1635555.558051: sys_ptrace(request: 4204, pid: 10072d, addr: 1, data: c000a2fc70)
             exe-1050289 [001] ..... 1635555.558053: sys_ptrace -> 0x0
             exe-977603  [003] ..... 1635555.558053: sys_ptrace -> 0x0
             exe-1050289 [001] ..... 1635555.558054: sys_ptrace(request: 4204, pid: 10072d, addr: 202, data: c000a2fc70)
             exe-977603  [003] ..... 1635555.558055: sys_ptrace(request: 4204, pid: eeae8, addr: 202, data: c0000d5c70)
             exe-1050289 [001] ..... 1635555.558056: sys_ptrace -> 0x0
             exe-977603  [003] ..... 1635555.558057: sys_ptrace -> 0x0
             exe-1050289 [001] ..... 1635555.558062: sys_pwrite64(fd: 63, buf: 7fd66f97a080, count: 6c, pos: 6e)
             exe-1050289 [001] ..... 1635555.558064: tracing_mark_write: name_to_handle_at(fd=277, name=0x7f4c91a00000, handle=0x7f4c93a2d000, mnt_id=0x7f4c93a2d008, flag=0x500) end
             exe-1050289 [001] ..... 1635555.619514: tracing_mark_write: name_to_handle_at(fd=8, name=0x8, handle=0x10, mnt_id=0x7f4c91c00000, flag=0x500) start
             exe-1050289 [001] ..... 1635555.619516: sys_pwrite64 -> 0x57
             exe-1049673 [003] ..... 1635555.619519: sys_nanosleep -> 0x0
             exe-1049673 [003] ..... 1635555.619521: sys_nanosleep(rqtp: c000069f10, rmtp: 0)
             exe-1050289 [001] ..... 1635555.619523: sys_ptrace(request: 4205, pid: 10072d, addr: 1, data: c000a2fc70)
             exe-1050289 [001] ..... 1635555.619526: sys_ptrace -> 0x0
             exe-1050289 [001] ..... 1635555.619528: sys_ptrace(request: 4205, pid: 10072d, addr: 202, data: c000a2fc70)
             exe-1050289 [001] ..... 1635555.619535: sys_ptrace -> 0x0
             exe-1050289 [001] ..... 1635555.619537: sys_ptrace(request: 1f, pid: 10072d, addr: 0, data: 0)
             exe-1050289 [001] ..... 1635555.619543: sys_ptrace -> 0x0
             exe-1050289 [001] ..... 1635555.619545: sys_wait4(upid: 10072d, stat_addr: c000a2fbf4, options: 40000002, ru: 0)
             exe-1050413 [002] ..... 1635555.619557: sys_write -> 0x57
             exe-1050289 [001] ..... 1635555.619577: sys_wait4 -> 0x10072d
             exe-1050289 [001] ..... 1635555.619579: sys_ptrace(request: 4204, pid: 10072d, addr: 1, data: c000a2fc70)
             exe-1050289 [001] ..... 1635555.619600: sys_ptrace -> 0x0
             exe-1050289 [001] ..... 1635555.619602: sys_ptrace(request: 4204, pid: 10072d, addr: 202, data: c000a2fc70)
             exe-1050289 [001] ..... 1635555.619604: sys_ptrace -> 0x0
             exe-1049673 [003] ..... 1635555.619610: sys_nanosleep -> 0x0
             exe-1050289 [001] ..... 1635555.619610: sys_ptrace(request: 4205, pid: 10072d, addr: 1, data: c000a2fc70)
             exe-1050289 [001] ..... 1635555.619612: sys_ptrace -> 0x0
             exe-1049673 [003] ..... 1635555.619612: sys_nanosleep(rqtp: c000069f10, rmtp: 0)
             exe-1050289 [001] ..... 1635555.619613: sys_ptrace(request: 4205, pid: 10072d, addr: 202, data: c000a2fc70)
             exe-1050289 [001] ..... 1635555.619621: sys_ptrace -> 0x0
             exe-1050289 [001] ..... 1635555.619623: sys_ptrace(request: 1f, pid: 10072d, addr: 0, data: 0)
             exe-1050289 [001] ..... 1635555.619628: sys_ptrace -> 0x0
             exe-1050289 [001] ..... 1635555.619629: sys_wait4(upid: 10072d, stat_addr: c000a2fbf4, options: 40000002, ru: 0)
             exe-1050413 [002] ..... 1635555.619643: sys_name_to_handle_at -> 0xffffffffffffffa1
             exe-1050289 [001] ..... 1635555.619660: sys_wait4 -> 0x10072d
             exe-1050289 [001] ..... 1635555.619662: sys_ptrace(request: 4204, pid: 10072d, addr: 1, data: c000a2fc70)
             exe-1050289 [001] ..... 1635555.619664: sys_ptrace -> 0x0
             exe-1050289 [001] ..... 1635555.619665: sys_ptrace(request: 4204, pid: 10072d, addr: 202, data: c000a2fc70)
             exe-1050289 [001] ..... 1635555.619667: sys_ptrace -> 0x0
             exe-1050289 [001] ..... 1635555.619673: sys_pwrite64(fd: 63, buf: 7fd66f97a080, count: 55, pos: 57)
             exe-1050289 [001] ..... 1635555.619674: tracing_mark_write: name_to_handle_at(fd=8, name=0x8, handle=0x10, mnt_id=0x7f4c91c00000, flag=0x500) end
             exe-1050289 [001] ..... 1635555.691769: tracing_mark_write: name_to_handle_at(fd=8, name=0x4, handle=0x8, mnt_id=0x9, flag=0x500) start
             exe-1050289 [001] ..... 1635555.691771: sys_pwrite64 -> 0x4b
             exe-1050289 [001] ..... 1635555.691775: sys_ptrace(request: 4205, pid: 10072d, addr: 1, data: c000a2fc70)
             exe-1050289 [001] ..... 1635555.691778: sys_ptrace -> 0x0
             exe-1050289 [001] ..... 1635555.691780: sys_ptrace(request: 4205, pid: 10072d, addr: 202, data: c000a2fc70)
             exe-1050289 [001] ..... 1635555.691787: sys_ptrace -> 0x0
             exe-1050289 [001] ..... 1635555.691788: sys_ptrace(request: 1f, pid: 10072d, addr: 0, data: 0)
             exe-1050289 [001] ..... 1635555.691795: sys_ptrace -> 0x0
             exe-1050289 [001] ..... 1635555.691797: sys_wait4(upid: 10072d, stat_addr: c000a2fbf4, options: 40000002, ru: 0)
             exe-1049567 [001] ..... 1635555.691824: sys_nanosleep -> 0x0
             exe-1049567 [001] ..... 1635555.691827: sys_nanosleep(rqtp: c000069f10, rmtp: 0)
             exe-1050008 [003] ..... 1635555.691845: sys_futex -> 0x0
             exe-1050413 [002] ..... 1635555.691849: sys_write -> 0x4b
             exe-1050008 [003] ..... 1635555.691853: sys_futex(uaddr: c0001acd48, op: 81, val: 1, utime: 0, uaddr2: 0, val3: 0)
             exe-1050008 [003] ..... 1635555.691860: sys_futex -> 0x1
             exe-1050289 [001] ..... 1635555.691867: sys_wait4 -> 0x10072d
             exe-1050008 [003] ..... 1635555.691867: sys_futex(uaddr: c000435948, op: 80, val: 0, utime: 0, uaddr2: 0, val3: 0)
             exe-1050289 [001] ..... 1635555.691870: sys_ptrace(request: 4204, pid: 10072d, addr: 1, data: c000a2fc70)
             exe-1050289 [001] ..... 1635555.691872: sys_ptrace -> 0x0
             exe-1049896 [003] ..... 1635555.691873: sys_futex -> 0x0
             exe-1050289 [001] ..... 1635555.691874: sys_ptrace(request: 4204, pid: 10072d, addr: 202, data: c000a2fc70)
             exe-1050289 [001] ..... 1635555.691876: sys_ptrace -> 0x0
             exe-1049896 [003] ..... 1635555.691878: sys_futex(uaddr: c0001acd48, op: 80, val: 0, utime: 0, uaddr2: 0, val3: 0)
             exe-1050289 [001] ..... 1635555.691882: sys_ptrace(request: 4205, pid: 10072d, addr: 1, data: c000a2fc70)
             exe-1050289 [001] ..... 1635555.691884: sys_ptrace -> 0x0
             exe-1050289 [001] ..... 1635555.691886: sys_ptrace(request: 4205, pid: 10072d, addr: 202, data: c000a2fc70)
             exe-1049673 [003] ..... 1635555.691891: sys_nanosleep -> 0x0
             exe-1050289 [001] ..... 1635555.691892: sys_ptrace -> 0x0
             exe-1050289 [001] ..... 1635555.691893: sys_ptrace(request: 1f, pid: 10072d, addr: 0, data: 0)
             exe-1049673 [003] ..... 1635555.691898: sys_nanosleep(rqtp: c000069f10, rmtp: 0)
             exe-1050289 [001] .N... 1635555.691914: sys_ptrace -> 0x0
             exe-1049567 [001] ..... 1635555.691916: sys_nanosleep -> 0x0
             exe-1049567 [001] ..... 1635555.691919: sys_nanosleep(rqtp: c000069f10, rmtp: 0)
             exe-1050289 [001] ..... 1635555.691928: sys_wait4(upid: 10072d, stat_addr: c000a2fbf4, options: 40000002, ru: 0)
             exe-1050413 [002] ..... 1635555.691957: sys_name_to_handle_at -> 0xffffffffffffffa1
             exe-1050289 [001] ..... 1635555.691974: sys_wait4 -> 0x10072d
             exe-1050289 [001] ..... 1635555.691976: sys_ptrace(request: 4204, pid: 10072d, addr: 1, data: c000a2fc70)
             exe-1050289 [001] ..... 1635555.691978: sys_ptrace -> 0x0
             exe-1050289 [001] ..... 1635555.691980: sys_ptrace(request: 4204, pid: 10072d, addr: 202, data: c000a2fc70)
             exe-1050289 [001] ..... 1635555.691982: sys_ptrace -> 0x0
             exe-1050289 [001] ..... 1635555.691987: sys_pwrite64(fd: 63, buf: 7fd66f97a080, count: 49, pos: 4b)
             exe-1050289 [001] ..... 1635555.691988: tracing_mark_write: name_to_handle_at(fd=8, name=0x4, handle=0x8, mnt_id=0x9, flag=0x500) end
             exe-1050289 [001] ..... 1635555.751997: tracing_mark_write: name_to_handle_at(fd=8, name=0x1, handle=0x7f4c93a2e000, mnt_id=0x7f4c93a2e000, flag=0x500) start
             exe-1050289 [001] ..... 1635555.751999: sys_pwrite64 -> 0x61
             exe-1049673 [003] ..... 1635555.751999: sys_nanosleep(rqtp: c000069f10, rmtp: 0)
             exe-1050289 [001] ..... 1635555.752004: sys_ptrace(request: 4205, pid: 10072d, addr: 1, data: c000a2fc70)
             exe-1050289 [001] ..... 1635555.752007: sys_ptrace -> 0x0
             exe-1050289 [001] ..... 1635555.752008: sys_ptrace(request: 4205, pid: 10072d, addr: 202, data: c000a2fc70)
             exe-1050289 [001] ..... 1635555.752016: sys_ptrace -> 0x0
             exe-1050289 [001] ..... 1635555.752018: sys_ptrace(request: 1f, pid: 10072d, addr: 0, data: 0)
             exe-1050289 [001] ..... 1635555.752024: sys_ptrace -> 0x0
             exe-1050289 [001] ..... 1635555.752026: sys_wait4(upid: 10072d, stat_addr: c000a2fbf4, options: 40000002, ru: 0)
             exe-1050413 [002] ..... 1635555.752045: sys_write -> 0x61
             exe-1050289 [001] ..... 1635555.752065: sys_wait4 -> 0x10072d
             exe-1050289 [001] ..... 1635555.752068: sys_ptrace(request: 4204, pid: 10072d, addr: 1, data: c000a2fc70)
             exe-1049673 [003] ..... 1635555.752083: sys_nanosleep -> 0x0
             exe-1049673 [003] ..... 1635555.752085: sys_nanosleep(rqtp: c000069f10, rmtp: 0)
             exe-1050289 [001] ..... 1635555.752090: sys_ptrace -> 0x0
             exe-1050289 [001] ..... 1635555.752092: sys_ptrace(request: 4204, pid: 10072d, addr: 202, data: c000a2fc70)
             exe-1050289 [001] ..... 1635555.752094: sys_ptrace -> 0x0
             exe-1050289 [001] ..... 1635555.752101: sys_ptrace(request: 4205, pid: 10072d, addr: 1, data: c000a2fc70)
             exe-1050289 [001] ..... 1635555.752104: sys_ptrace -> 0x0
             exe-1050289 [001] ..... 1635555.752105: sys_ptrace(request: 4205, pid: 10072d, addr: 202, data: c000a2fc70)
             exe-1050289 [001] ..... 1635555.752113: sys_ptrace -> 0x0
             exe-1050289 [001] ..... 1635555.752115: sys_ptrace(request: 1f, pid: 10072d, addr: 0, data: 0)
             exe-1050289 [001] ..... 1635555.752120: sys_ptrace -> 0x0
             exe-1050289 [001] ..... 1635555.752122: sys_wait4(upid: 10072d, stat_addr: c000a2fbf4, options: 40000002, ru: 0)
             exe-1050413 [002] ..... 1635555.752136: sys_name_to_handle_at -> 0xffffffffffffffa1
             exe-1050289 [001] ..... 1635555.752153: sys_wait4 -> 0x10072d
             exe-1050289 [001] ..... 1635555.752156: sys_ptrace(request: 4204, pid: 10072d, addr: 1, data: c000a2fc70)
             exe-1050289 [001] ..... 1635555.752158: sys_ptrace -> 0x0
             exe-1050289 [001] ..... 1635555.752160: sys_ptrace(request: 4204, pid: 10072d, addr: 202, data: c000a2fc70)
             exe-1050289 [001] ..... 1635555.752161: sys_ptrace -> 0x0
             exe-1050289 [001] ..... 1635555.752167: sys_pwrite64(fd: 63, buf: 7fd66f97a080, count: 5f, pos: 61)
             exe-1050289 [001] ..... 1635555.752168: tracing_mark_write: name_to_handle_at(fd=8, name=0x1, handle=0x7f4c93a2e000, mnt_id=0x7f4c93a2e000, flag=0x500) end
             exe-1050289 [001] ..... 1635555.822316: tracing_mark_write: name_to_handle_at(fd=8, name=0x8, handle=0x9, mnt_id=0xa, flag=0x500) start
             exe-1050289 [001] ..... 1635555.822318: sys_pwrite64 -> 0x4b
             exe-1050289 [001] ..... 1635555.822323: sys_ptrace(request: 4205, pid: 10072d, addr: 1, data: c000a2fc70)
             exe-1050289 [001] ..... 1635555.822326: sys_ptrace -> 0x0
             exe-1050289 [001] ..... 1635555.822327: sys_ptrace(request: 4205, pid: 10072d, addr: 202, data: c000a2fc70)
             exe-1050289 [001] ..... 1635555.822335: sys_ptrace -> 0x0
             exe-1050289 [001] ..... 1635555.822337: sys_ptrace(request: 1f, pid: 10072d, addr: 0, data: 0)
             exe-1050289 [001] ..... 1635555.822348: sys_ptrace -> 0x0
             exe-1050289 [001] ..... 1635555.822350: sys_wait4(upid: 10072d, stat_addr: c000a2fbf4, options: 40000002, ru: 0)
             exe-1050413 [002] ..... 1635555.822361: sys_write -> 0x4b
             exe-1050289 [001] ..... 1635555.822376: sys_wait4 -> 0x10072d
             exe-1050289 [001] ..... 1635555.822378: sys_ptrace(request: 4204, pid: 10072d, addr: 1, data: c000a2fc70)
             exe-1050289 [001] ..... 1635555.822381: sys_ptrace -> 0x0
             exe-1050232 [003] ..... 1635555.822381: sys_epoll_pwait -> 0x0
             exe-1050289 [001] ..... 1635555.822382: sys_ptrace(request: 4204, pid: 10072d, addr: 202, data: c000a2fc70)
             exe-1050289 [001] ..... 1635555.822384: sys_ptrace -> 0x0
             exe-1050289 [001] ..... 1635555.822390: sys_ptrace(request: 4205, pid: 10072d, addr: 1, data: c000a2fc70)
             exe-1050289 [001] ..... 1635555.822392: sys_ptrace -> 0x0
             exe-1050232 [003] ..... 1635555.822392: sys_epoll_pwait(epfd: 11, events: c000693840, maxevents: 80, timeout: 1, sigmask: 0, sigsetsize: 0)
             exe-1050289 [001] ..... 1635555.822393: sys_ptrace(request: 4205, pid: 10072d, addr: 202, data: c000a2fc70)
             exe-1050289 [001] ..... 1635555.822400: sys_ptrace -> 0x0
             exe-1050289 [001] ..... 1635555.822401: sys_ptrace(request: 1f, pid: 10072d, addr: 0, data: 0)
             exe-1049567 [003] ..... 1635555.822405: sys_nanosleep -> 0x0
             exe-1049567 [003] ..... 1635555.822408: sys_nanosleep(rqtp: c000069f10, rmtp: 0)
             exe-1050289 [001] ..... 1635555.822410: sys_ptrace -> 0x0
             exe-1050289 [001] ..... 1635555.822412: sys_wait4(upid: 10072d, stat_addr: c000a2fbf4, options: 40000002, ru: 0)
             exe-1050413 [002] ..... 1635555.822424: sys_name_to_handle_at -> 0xffffffffffffffa1
             exe-1049673 [003] ..... 1635555.822425: sys_nanosleep -> 0x0
             exe-1049673 [003] ..... 1635555.822432: sys_nanosleep(rqtp: c000069f10, rmtp: 0)
             exe-1050289 [001] ..... 1635555.822439: sys_wait4 -> 0x10072d
             exe-1050289 [001] ..... 1635555.822441: sys_ptrace(request: 4204, pid: 10072d, addr: 1, data: c000a2fc70)
             exe-1050289 [001] ..... 1635555.822443: sys_ptrace -> 0x0
             exe-1050289 [001] ..... 1635555.822444: sys_ptrace(request: 4204, pid: 10072d, addr: 202, data: c000a2fc70)
             exe-1050289 [001] ..... 1635555.822446: sys_ptrace -> 0x0
             exe-1050289 [001] ..... 1635555.822451: sys_pwrite64(fd: 63, buf: 7fd66f97a080, count: 49, pos: 4b)
             exe-1050289 [001] ..... 1635555.822452: tracing_mark_write: name_to_handle_at(fd=8, name=0x8, handle=0x9, mnt_id=0xa, flag=0x500) end
             exe-1050289 [001] ..... 1635555.879557: tracing_mark_write: name_to_handle_at(fd=8, name=0x4, handle=0x7f4c91a00000, mnt_id=0x7f4c91a00000, flag=0x500) start
             exe-1050289 [001] ..... 1635555.879558: sys_pwrite64 -> 0x61
             exe-1050289 [001] ..... 1635555.879562: sys_ptrace(request: 4205, pid: 10072d, addr: 1, data: c000a2fc70)
             exe-1050289 [001] ..... 1635555.879564: sys_ptrace -> 0x0
             exe-1049673 [000] ..... 1635555.879565: sys_nanosleep -> 0x0
             exe-1050289 [001] ..... 1635555.879565: sys_ptrace(request: 4205, pid: 10072d, addr: 202, data: c000a2fc70)
             exe-1049673 [000] ..... 1635555.879570: sys_nanosleep(rqtp: c000069f10, rmtp: 0)
             exe-1050289 [001] ..... 1635555.879572: sys_ptrace -> 0x0
             exe-1050289 [001] ..... 1635555.879574: sys_ptrace(request: 1f, pid: 10072d, addr: 0, data: 0)
             exe-1050289 [001] ..... 1635555.879582: sys_ptrace -> 0x0
             exe-1050289 [001] ..... 1635555.879584: sys_wait4(upid: 10072d, stat_addr: c000a2fbf4, options: 40000002, ru: 0)
             exe-1050413 [002] ..... 1635555.879597: sys_write -> 0x61
             exe-1050289 [001] ..... 1635555.879611: sys_wait4 -> 0x10072d
             exe-1050289 [001] ..... 1635555.879612: sys_ptrace(request: 4204, pid: 10072d, addr: 1, data: c000a2fc70)
             exe-1050289 [001] ..... 1635555.879614: sys_ptrace -> 0x0
             exe-1050289 [001] ..... 1635555.879616: sys_ptrace(request: 4204, pid: 10072d, addr: 202, data: c000a2fc70)
             exe-1050289 [001] ..... 1635555.879617: sys_ptrace -> 0x0
             exe-1050289 [001] ..... 1635555.879622: sys_ptrace(request: 4205, pid: 10072d, addr: 1, data: c000a2fc70)
             exe-1050289 [001] ..... 1635555.879624: sys_ptrace -> 0x0
             exe-1050289 [001] ..... 1635555.879626: sys_ptrace(request: 4205, pid: 10072d, addr: 202, data: c000a2fc70)
             exe-1050289 [001] ..... 1635555.879636: sys_ptrace -> 0x0
             exe-1050289 [001] ..... 1635555.879638: sys_ptrace(request: 1f, pid: 10072d, addr: 0, data: 0)
             exe-1050289 [001] ..... 1635555.879645: sys_ptrace -> 0x0
             exe-1050289 [001] ..... 1635555.879647: sys_wait4(upid: 10072d, stat_addr: c000a2fbf4, options: 40000002, ru: 0)
             exe-1049567 [000] ..... 1635555.879654: sys_nanosleep -> 0x0
             exe-1049567 [000] ..... 1635555.879659: sys_nanosleep(rqtp: c000069f10, rmtp: 0)
             exe-1050413 [002] ..... 1635555.879660: sys_name_to_handle_at -> 0xffffffffffffffa1
             exe-1050289 [001] ..... 1635555.879674: sys_wait4 -> 0x10072d
             exe-1050289 [001] ..... 1635555.879676: sys_ptrace(request: 4204, pid: 10072d, addr: 1, data: c000a2fc70)
             exe-1050289 [001] ..... 1635555.879678: sys_ptrace -> 0x0
             exe-1050289 [001] ..... 1635555.879679: sys_ptrace(request: 4204, pid: 10072d, addr: 202, data: c000a2fc70)
             exe-1050289 [001] ..... 1635555.879681: sys_ptrace -> 0x0
             exe-1049673 [000] ..... 1635555.879681: sys_nanosleep -> 0x0
             exe-1050289 [001] ..... 1635555.879685: sys_pwrite64(fd: 63, buf: 7fd66f97a080, count: 5f, pos: 61)
             exe-1050289 [001] ..... 1635555.879686: tracing_mark_write: name_to_handle_at(fd=8, name=0x4, handle=0x7f4c91a00000, mnt_id=0x7f4c91a00000, flag=0x500) end
