             exe-1050008 [001] .N... 1635549.930744: sys_ptrace -> 0x0
             exe-1049673 [000] ..... 1635549.930751: sys_nanosleep -> 0x0
             exe-1049673 [000] ..... 1635549.930757: sys_nanosleep(rqtp: c000069f10, rmtp: 0)
             exe-1050024 [001] ..... 1635549.930757: sys_write -> 0x6e
             exe-1050008 [001] ..... 1635549.930779: sys_wait4(upid: 1005a8, stat_addr: c000a2fbf4, options: 40000002, ru: 0)
             exe-1050008 [001] ..... 1635549.930782: sys_wait4 -> 0x1005a8
             exe-1050008 [001] ..... 1635549.930785: sys_ptrace(request: 4204, pid: 1005a8, addr: 1, data: c000a2fc70)
             exe-1050008 [001] ..... 1635549.930789: sys_ptrace -> 0x0
             exe-1050008 [001] ..... 1635549.930790: sys_ptrace(request: 4204, pid: 1005a8, addr: 202, data: c000a2fc70)
             exe-1050008 [001] ..... 1635549.930793: sys_ptrace -> 0x0
             exe-1050008 [001] ..... 1635549.930800: sys_ptrace(request: 4205, pid: 1005a8, addr: 1, data: c000a2fc70)
             exe-1050008 [001] ..... 1635549.930803: sys_ptrace -> 0x0
             exe-1050008 [001] ..... 1635549.930804: sys_ptrace(request: 4205, pid: 1005a8, addr: 202, data: c000a2fc70)
             exe-1050008 [001] ..... 1635549.930815: sys_ptrace -> 0x0
             exe-1050008 [001] ..... 1635549.930816: sys_ptrace(request: 1f, pid: 1005a8, addr: 0, data: 0)
             exe-1050008 [001] .N... 1635549.930823: sys_ptrace -> 0x0
             exe-1049567 [000] ..... 1635549.930830: sys_nanosleep -> 0x0
             exe-1050024 [001] ..... 1635549.930834: sys_name_to_handle_at -> 0xffffffffffffffa1
             exe-1049567 [000] ..... 1635549.930836: sys_nanosleep(rqtp: c000069f10, rmtp: 0)
             exe-1050008 [001] ..... 1635549.930854: sys_wait4(upid: 1005a8, stat_addr: c000a2fbf4, options: 40000002, ru: 0)
             exe-1050008 [001] ..... 1635549.930856: sys_wait4 -> 0x1005a8
             exe-1049673 [000] ..... 1635549.930857: sys_nanosleep -> 0x0
             exe-1050008 [001] ..... 1635549.930859: sys_ptrace(request: 4204, pid: 1005a8, addr: 1, data: c000a2fc70)
             exe-1049673 [000] ..... 1635549.930862: sys_nanosleep(rqtp: c000069f10, rmtp: 0)
             exe-1050008 [001] ..... 1635549.930863: sys_ptrace -> 0x0
             exe-1050008 [001] ..... 1635549.930864: sys_ptrace(request: 4204, pid: 1005a8, addr: 202, data: c000a2fc70)
             exe-1050008 [001] ..... 1635549.930867: sys_ptrace -> 0x0
             exe-1050008 [001] ..... 1635549.930877: sys_pwrite64(fd: 63, buf: 7fd66f97a080, count: 6c, pos: 6e)
             exe-1050008 [001] ..... 1635549.930879: tracing_mark_write: name_to_handle_at(fd=278, name=0x7f4c93a2e000, handle=0x7f4c93700000, mnt_id=0x7f4c93700008, flag=0x100) end
             exe-1050008 [001] ..... 1635549.991035: tracing_mark_write: name_to_handle_at(fd=278, name=0x0, handle=0x7f4c93b3e000, mnt_id=0x7f4c93700000, flag=0x100) start
             exe-1050008 [001] ..... 1635549.991038: sys_pwrite64 -> 0x63
             exe-1050008 [001] ..... 1635549.991045: sys_ptrace(request: 4205, pid: 1005a8, addr: 1, data: c000a2fc70)
             exe-1050008 [001] ..... 1635549.991047: sys_ptrace -> 0x0
             exe-1050008 [001] ..... 1635549.991049: sys_ptrace(request: 4205, pid: 1005a8, addr: 202, data: c000a2fc70)
             exe-1049673 [000] ..... 1635549.991050: sys_nanosleep -> 0x0
             exe-1049673 [000] ..... 1635549.991057: sys_nanosleep(rqtp: c000069f10, rmtp: 0)
             exe-1050008 [001] ..... 1635549.991060: sys_ptrace -> 0x0
             exe-1050008 [001] ..... 1635549.991062: sys_ptrace(request: 1f, pid: 1005a8, addr: 0, data: 0)
             exe-1050008 [001] .N... 1635549.991070: sys_ptrace -> 0x0
             exe-1050024 [001] ..... 1635549.991080: sys_write -> 0x63
             exe-1050008 [001] ..... 1635549.991099: sys_wait4(upid: 1005a8, stat_addr: c000a2fbf4, options: 40000002, ru: 0)
             exe-1050008 [001] ..... 1635549.991101: sys_wait4 -> 0x1005a8
             exe-1050008 [001] ..... 1635549.991104: sys_ptrace(request: 4204, pid: 1005a8, addr: 1, data: c000a2fc70)
             exe-1050008 [001] ..... 1635549.991108: sys_ptrace -> 0x0
             exe-1050008 [001] ..... 1635549.991109: sys_ptrace(request: 4204, pid: 1005a8, addr: 202, data: c000a2fc70)
             exe-1050008 [001] ..... 1635549.991112: sys_ptrace -> 0x0
             exe-1050008 [001] ..... 1635549.991119: sys_ptrace(request: 4205, pid: 1005a8, addr: 1, data: c000a2fc70)
             exe-1050008 [001] ..... 1635549.991121: sys_ptrace -> 0x0
             exe-1050008 [001] ..... 1635549.991123: sys_ptrace(request: 4205, pid: 1005a8, addr: 202, data: c000a2fc70)
             exe-1050008 [001] ..... 1635549.991133: sys_ptrace -> 0x0
             exe-1050008 [001] ..... 1635549.991134: sys_ptrace(request: 1f, pid: 1005a8, addr: 0, data: 0)
             exe-1049567 [000] ..... 1635549.991136: sys_nanosleep -> 0x0
             exe-1050008 [001] .N... 1635549.991141: sys_ptrace -> 0x0
             exe-1049567 [000] ..... 1635549.991143: sys_nanosleep(rqtp: c000069f10, rmtp: 0)
             exe-1050024 [001] ..... 1635549.991151: sys_name_to_handle_at -> 0xffffffffffffffa1
             exe-1050008 [001] ..... 1635549.991169: sys_wait4(upid: 1005a8, stat_addr: c000a2fbf4, options: 40000002, ru: 0)
             exe-1049673 [000] ..... 1635549.991170: sys_nanosleep -> 0x0
             exe-1050008 [001] ..... 1635549.991172: sys_wait4 -> 0x1005a8
             exe-1050008 [001] ..... 1635549.991174: sys_ptrace(request: 4204, pid: 1005a8, addr: 1, data: c000a2fc70)
             exe-1049673 [000] ..... 1635549.991177: sys_nanosleep(rqtp: c000069f10, rmtp: 0)
             exe-1050008 [001] ..... 1635549.991178: sys_ptrace -> 0x0
             exe-1050008 [001] ..... 1635549.991179: sys_ptrace(request: 4204, pid: 1005a8, addr: 202, data: c000a2fc70)
             exe-1050008 [001] ..... 1635549.991181: sys_ptrace -> 0x0
             exe-1050008 [001] ..... 1635549.991190: sys_pwrite64(fd: 63, buf: 7fd66f97a080, count: 61, pos: 63)
             exe-1050008 [001] ..... 1635549.991192: tracing_mark_write: name_to_handle_at(fd=278, name=0x0, handle=0x7f4c93b3e000, mnt_id=0x7f4c93700000, flag=0x100) end
             exe-1050008 [001] ..... 1635550.057120: tracing_mark_write: name_to_handle_at(fd=278, name=0x7f4c91a00000, handle=0x7f4c91a00001, mnt_id=0x7f4c91a00005, flag=0x100) start
             exe-1050008 [001] ..... 1635550.057122: sys_pwrite64 -> 0x6e
             exe-1050008 [001] ..... 1635550.057131: sys_ptrace(request: 4205, pid: 1005a8, addr: 1, data: c000a2fc70)
             exe-1049567 [000] ..... 1635550.057132: sys_nanosleep -> 0x0
             exe-1050008 [001] ..... 1635550.057135: sys_ptrace -> 0x0
             exe-1050008 [001] ..... 1635550.057137: sys_ptrace(request: 4205, pid: 1005a8, addr: 202, data: c000a2fc70)
             exe-1049567 [000] ..... 1635550.057137: sys_nanosleep(rqtp: c000069f10, rmtp: 0)
             exe-1050008 [001] ..... 1635550.057155: sys_ptrace -> 0x0
             exe-1049673 [000] ..... 1635550.057157: sys_nanosleep -> 0x0
             exe-1050008 [001] ..... 1635550.057158: sys_ptrace(request: 1f, pid: 1005a8, addr: 0, data: 0)
             exe-1049673 [000] ..... 1635550.057161: sys_nanosleep(rqtp: c000069f10, rmtp: 0)
             exe-1050008 [001] .N... 1635550.057168: sys_ptrace -> 0x0
             exe-1050024 [001] ..... 1635550.057183: sys_write -> 0x6e
             exe-1050008 [001] ..... 1635550.057210: sys_wait4(upid: 1005a8, stat_addr: c000a2fbf4, options: 40000002, ru: 0)
             exe-1050008 [001] ..... 1635550.057213: sys_wait4 -> 0x1005a8
             exe-1050008 [001] ..... 1635550.057216: sys_ptrace(request: 4204, pid: 1005a8, addr: 1, data: c000a2fc70)
             exe-1050008 [001] ..... 1635550.057221: sys_ptrace -> 0x0
             exe-1050008 [001] ..... 1635550.057224: sys_ptrace(request: 4204, pid: 1005a8, addr: 202, data: c000a2fc70)
             exe-1050008 [001] ..... 1635550.057228: sys_ptrace -> 0x0
             exe-1049567 [000] ..... 1635550.057236: sys_nanosleep -> 0x0
             exe-1050008 [001] ..... 1635550.057237: sys_ptrace(request: 4205, pid: 1005a8, addr: 1, data: c000a2fc70)
             exe-1050008 [001] ..... 1635550.057240: sys_ptrace -> 0x0
             exe-1049567 [000] ..... 1635550.057241: sys_nanosleep(rqtp: c000069f10, rmtp: 0)
             exe-1050008 [001] ..... 1635550.057242: sys_ptrace(request: 4205, pid: 1005a8, addr: 202, data: c000a2fc70)
             exe-1050008 [001] ..... 1635550.057260: sys_ptrace -> 0x0
             exe-1049673 [000] ..... 1635550.057261: sys_nanosleep -> 0x0
             exe-1050008 [001] ..... 1635550.057262: sys_ptrace(request: 1f, pid: 1005a8, addr: 0, data: 0)
             exe-1049673 [000] ..... 1635550.057265: sys_nanosleep(rqtp: c000069f10, rmtp: 0)
             exe-1050008 [001] .N... 1635550.057273: sys_ptrace -> 0x0
             exe-1050024 [001] ..... 1635550.057286: sys_name_to_handle_at -> 0xffffffffffffffa1
             exe-1050008 [001] ..... 1635550.057310: sys_wait4(upid: 1005a8, stat_addr: c000a2fbf4, options: 40000002, ru: 0)
             exe-1050008 [001] ..... 1635550.057314: sys_wait4 -> 0x1005a8
             exe-1050008 [001] ..... 1635550.057317: sys_ptrace(request: 4204, pid: 1005a8, addr: 1, data: c000a2fc70)
             exe-1050008 [001] ..... 1635550.057322: sys_ptrace -> 0x0
             exe-1050008 [001] ..... 1635550.057324: sys_ptrace(request: 4204, pid: 1005a8, addr: 202, data: c000a2fc70)
             exe-1050008 [001] ..... 1635550.057328: sys_ptrace -> 0x0
             exe-1049567 [000] ..... 1635550.057341: sys_nanosleep -> 0x0
             exe-1050008 [001] ..... 1635550.057345: sys_pwrite64(fd: 63, buf: 7fd66f97a080, count: 6c, pos: 6e)
             exe-1049567 [000] ..... 1635550.057346: sys_nanosleep(rqtp: c000069f10, rmtp: 0)
             exe-1050008 [001] ..... 1635550.057348: tracing_mark_write: name_to_handle_at(fd=278, name=0x7f4c91a00000, handle=0x7f4c91a00001, mnt_id=0x7f4c91a00005, flag=0x100) end
             exe-1050008 [001] ..... 1635550.121595: tracing_mark_write: name_to_handle_at(fd=278, name=0x4, handle=0x4, mnt_id=0x4, flag=0x100) start
             exe-1050008 [001] ..... 1635550.121597: sys_pwrite64 -> 0x4d
             exe-1050008 [001] ..... 1635550.121604: sys_ptrace(request: 4205, pid: 1005a8, addr: 1, data: c000a2fc70)
             exe-1050008 [001] ..... 1635550.121607: sys_ptrace -> 0x0
             exe-1050008 [001] ..... 1635550.121608: sys_ptrace(request: 4205, pid: 1005a8, addr: 202, data: c000a2fc70)
             exe-1050008 [001] ..... 1635550.121621: sys_ptrace -> 0x0
             exe-1050008 [001] ..... 1635550.121622: sys_ptrace(request: 1f, pid: 1005a8, addr: 0, data: 0)
             exe-1050008 [001] .N... 1635550.121632: sys_ptrace -> 0x0
             exe-1050024 [001] ..... 1635550.121643: sys_write -> 0x4d
             exe-1049567 [000] ..... 1635550.121660: sys_nanosleep -> 0x0
             exe-1050008 [001] ..... 1635550.121664: sys_wait4(upid: 1005a8, stat_addr: c000a2fbf4, options: 40000002, ru: 0)
             exe-1049567 [000] ..... 1635550.121665: sys_nanosleep(rqtp: c000069f10, rmtp: 0)
             exe-1050008 [001] ..... 1635550.121666: sys_wait4 -> 0x1005a8
             exe-1050008 [001] ..... 1635550.121669: sys_ptrace(request: 4204, pid: 1005a8, addr: 1, data: c000a2fc70)
             exe-1050008 [001] ..... 1635550.121673: sys_ptrace -> 0x0
             exe-1050008 [001] ..... 1635550.121675: sys_ptrace(request: 4204, pid: 1005a8, addr: 202, data: c000a2fc70)
             exe-1050008 [001] ..... 1635550.121678: sys_ptrace -> 0x0
             exe-1050008 [001] ..... 1635550.121685: sys_ptrace(request: 4205, pid: 1005a8, addr: 1, data: c000a2fc70)
             exe-1050008 [001] ..... 1635550.121687: sys_ptrace -> 0x0
             exe-1050008 [001] ..... 1635550.121689: sys_ptrace(request: 4205, pid: 1005a8, addr: 202, data: c000a2fc70)
             exe-1050008 [001] ..... 1635550.121699: sys_ptrace -> 0x0
             exe-1050008 [001] ..... 1635550.121701: sys_ptrace(request: 1f, pid: 1005a8, addr: 0, data: 0)
             exe-1050008 [001] .N... 1635550.121708: sys_ptrace -> 0x0
             exe-1050024 [001] ..... 1635550.121719: sys_name_to_handle_at -> 0xffffffffffffffa1
             exe-1050008 [001] ..... 1635550.121738: sys_wait4(upid: 1005a8, stat_addr: c000a2fbf4, options: 40000002, ru: 0)
             exe-1050008 [001] ..... 1635550.121741: sys_wait4 -> 0x1005a8
             exe-1050008 [001] ..... 1635550.121743: sys_ptrace(request: 4204, pid: 1005a8, addr: 1, data: c000a2fc70)
             exe-1050008 [001] ..... 1635550.121747: sys_ptrace -> 0x0
             exe-1050008 [001] ..... 1635550.121748: sys_ptrace(request: 4204, pid: 1005a8, addr: 202, data: c000a2fc70)
             exe-1050008 [001] ..... 1635550.121751: sys_ptrace -> 0x0
             exe-1050008 [001] ..... 1635550.121760: sys_pwrite64(fd: 63, buf: 7fd66f97a080, count: 4b, pos: 4d)
             exe-1050008 [001] ..... 1635550.121762: tracing_mark_write: name_to_handle_at(fd=278, name=0x4, handle=0x4, mnt_id=0x4, flag=0x100) end
             exe-1050008 [001] ..... 1635550.185708: tracing_mark_write: name_to_handle_at(fd=376, name=0x4, handle=0x5, mnt_id=0x7f4c92b00000, flag=0xffffffffffffff9c) start
             exe-1050008 [001] ..... 1635550.185710: sys_pwrite64 -> 0x65
             exe-1050008 [001] ..... 1635550.185717: sys_ptrace(request: 4205, pid: 1005a8, addr: 1, data: c000a2fc70)
             exe-1050008 [001] ..... 1635550.185720: sys_ptrace -> 0x0
             exe-1050008 [001] ..... 1635550.185721: sys_ptrace(request: 4205, pid: 1005a8, addr: 202, data: c000a2fc70)
             exe-1049567 [000] ..... 1635550.185729: sys_nanosleep -> 0x0
             exe-1050008 [001] ..... 1635550.185733: sys_ptrace -> 0x0
             exe-1049567 [000] ..... 1635550.185735: sys_nanosleep(rqtp: c000069f10, rmtp: 0)
             exe-1050008 [001] ..... 1635550.185735: sys_ptrace(request: 1f, pid: 1005a8, addr: 0, data: 0)
             exe-1050008 [001] .N... 1635550.185743: sys_ptrace -> 0x0
             exe-1049673 [000] ..... 1635550.185750: sys_nanosleep -> 0x0
             exe-1050024 [001] ..... 1635550.185754: sys_write -> 0x65
             exe-1049673 [000] ..... 1635550.185755: sys_nanosleep(rqtp: c000069f10, rmtp: 0)
             exe-1049567 [000] ..... 1635550.185812: sys_nanosleep -> 0x0
             exe-1049567 [000] ..... 1635550.185818: sys_nanosleep(rqtp: c000069f10, rmtp: 0)
             exe-1050008 [001] ..... 1635550.185830: sys_wait4(upid: 1005a8, stat_addr: c000a2fbf4, options: 40000002, ru: 0)
             exe-1050008 [001] ..... 1635550.185833: sys_wait4 -> 0x1005a8
             exe-1050008 [001] ..... 1635550.185836: sys_ptrace(request: 4204, pid: 1005a8, addr: 1, data: c000a2fc70)
             exe-1050008 [001] ..... 1635550.185840: sys_ptrace -> 0x0
             exe-1050008 [001] ..... 1635550.185843: sys_ptrace(request: 4204, pid: 1005a8, addr: 202, data: c000a2fc70)
             exe-1050008 [001] ..... 1635550.185845: sys_ptrace -> 0x0
             exe-1050008 [001] ..... 1635550.185856: sys_ptrace(request: 4205, pid: 1005a8, addr: 1, data: c000a2fc70)
             exe-1050008 [001] ..... 1635550.185858: sys_ptrace -> 0x0
             exe-1049673 [000] ..... 1635550.185860: sys_nanosleep -> 0x0
             exe-1050008 [001] ..... 1635550.185860: sys_ptrace(request: 4205, pid: 1005a8, addr: 202, data: c000a2fc70)
             exe-1049673 [000] ..... 1635550.185866: sys_nanosleep(rqtp: c000069f10, rmtp: 0)
             exe-1050008 [001] ..... 1635550.185873: sys_ptrace -> 0x0
             exe-1050008 [001] ..... 1635550.185875: sys_ptrace(request: 1f, pid: 1005a8, addr: 0, data: 0)
             exe-1050008 [001] .N... 1635550.185881: sys_ptrace -> 0x0
             exe-1050024 [001] ..... 1635550.185893: sys_name_to_handle_at -> 0xffffffffffffffa1
             exe-1050008 [001] ..... 1635550.185916: sys_wait4(upid: 1005a8, stat_addr: c000a2fbf4, options: 40000002, ru: 0)
             exe-1050008 [001] ..... 1635550.185919: sys_wait4 -> 0x1005a8
             exe-1050008 [001] ..... 1635550.185921: sys_ptrace(request: 4204, pid: 1005a8, addr: 1, data: c000a2fc70)
             exe-1050008 [001] ..... 1635550.185925: sys_ptrace -> 0x0
             exe-1050008 [001] ..... 1635550.185926: sys_ptrace(request: 4204, pid: 1005a8, addr: 202, data: c000a2fc70)
             exe-1050008 [001] ..... 1635550.185929: sys_ptrace -> 0x0
             exe-1049567 [000] ..... 1635550.185930: sys_nanosleep -> 0x0
             exe-1049567 [000] ..... 1635550.185936: sys_nanosleep(rqtp: c000069f10, rmtp: 0)
             exe-1050008 [001] ..... 1635550.185944: sys_pwrite64(fd: 63, buf: 7fd66f97a080, count: 63, pos: 65)
             exe-1050008 [001] ..... 1635550.185946: tracing_mark_write: name_to_handle_at(fd=376, name=0x4, handle=0x5, mnt_id=0x7f4c92b00000, flag=0xffffffffffffff9c) end
             exe-1050008 [001] ..... 1635550.256779: tracing_mark_write: name_to_handle_at(fd=376, name=0x4, handle=0x7f4c92b00000, mnt_id=0x7f4c93b3c000, flag=0xffffffffffffff9c) start
             exe-1050008 [001] ..... 1635550.256781: sys_pwrite64 -> 0x70
             exe-1050008 [001] ..... 1635550.256809: sys_ptrace(request: 4205, pid: 1005a8, addr: 1, data: c000a2fc70)
             exe-1050008 [001] ..... 1635550.256812: sys_ptrace -> 0x0
             exe-1050008 [001] ..... 1635550.256814: sys_ptrace(request: 4205, pid: 1005a8, addr: 202, data: c000a2fc70)
             exe-1050008 [001] ..... 1635550.256828: sys_ptrace -> 0x0
             exe-1050008 [001] ..... 1635550.256830: sys_ptrace(request: 1f, pid: 1005a8, addr: 0, data: 0)
             exe-1050008 [001] .N... 1635550.256839: sys_ptrace -> 0x0
             exe-1050024 [001] ..... 1635550.256851: sys_write -> 0x70
             exe-1049673 [000] ..... 1635550.256865: sys_nanosleep -> 0x0
             exe-1049673 [000] ..... 1635550.256869: sys_nanosleep(rqtp: c000069f10, rmtp: 0)
             exe-1050008 [001] ..... 1635550.256872: sys_wait4(upid: 1005a8, stat_addr: c000a2fbf4, options: 40000002, ru: 0)
             exe-1050008 [001] ..... 1635550.256875: sys_wait4 -> 0x1005a8
             exe-1050008 [001] ..... 1635550.256877: sys_ptrace(request: 4204, pid: 1005a8, addr: 1, data: c000a2fc70)
             exe-1050008 [001] ..... 1635550.256881: sys_ptrace -> 0x0
             exe-1050008 [001] ..... 1635550.256882: sys_ptrace(request: 4204, pid: 1005a8, addr: 202, data: c000a2fc70)
             exe-1050008 [001] ..... 1635550.256885: sys_ptrace -> 0x0
             exe-1050008 [001] ..... 1635550.256892: sys_ptrace(request: 4205, pid: 1005a8, addr: 1, data: c000a2fc70)
             exe-1050008 [001] ..... 1635550.256894: sys_ptrace -> 0x0
             exe-1050008 [001] ..... 1635550.256896: sys_ptrace(request: 4205, pid: 1005a8, addr: 202, data: c000a2fc70)
             exe-1050008 [001] ..... 1635550.256906: sys_ptrace -> 0x0
             exe-1050008 [001] ..... 1635550.256908: sys_ptrace(request: 1f, pid: 1005a8, addr: 0, data: 0)
             exe-1050008 [001] .N... 1635550.256920: sys_ptrace -> 0x0
             exe-1050024 [001] ..... 1635550.256930: sys_name_to_handle_at -> 0xffffffffffffffa1
             exe-1050008 [001] ..... 1635550.256949: sys_wait4(upid: 1005a8, stat_addr: c000a2fbf4, options: 40000002, ru: 0)
             exe-1050008 [001] ..... 1635550.256951: sys_wait4 -> 0x1005a8
             exe-1050008 [001] ..... 1635550.256954: sys_ptrace(request: 4204, pid: 1005a8, addr: 1, data: c000a2fc70)
             exe-1049673 [000] ..... 1635550.256957: sys_nanosleep -> 0x0
             exe-1050008 [001] ..... 1635550.256957: sys_ptrace -> 0x0
             exe-1050008 [001] ..... 1635550.256959: sys_ptrace(request: 4204, pid: 1005a8, addr: 202, data: c000a2fc70)
             exe-1049673 [000] ..... 1635550.256959: sys_nanosleep(rqtp: c000069f10, rmtp: 0)
             exe-1050008 [001] ..... 1635550.256961: sys_ptrace -> 0x0
             exe-1050008 [001] ..... 1635550.256971: sys_pwrite64(fd: 63, buf: 7fd66f97a080, count: 6e, pos: 70)
             exe-1050008 [001] ..... 1635550.256973: tracing_mark_write: name_to_handle_at(fd=376, name=0x4, handle=0x7f4c92b00000, mnt_id=0x7f4c93b3c000, flag=0xffffffffffffff9c) end
             exe-1050008 [001] ..... 1635550.334725: tracing_mark_write: name_to_handle_at(fd=376, name=0x0, handle=0x7f4c93a2e000, mnt_id=0x7f4c91e00000, flag=0xffffffffffffff9c) start
             exe-1049688 [002] ..... 1635550.334725: sys_futex(uaddr: c00005b148, op: 80, val: 0, utime: 0, uaddr2: 0, val3: 0)
             exe-1050008 [001] ..... 1635550.334727: sys_pwrite64 -> 0x70
             exe-1050008 [001] ..... 1635550.334734: sys_ptrace(request: 4205, pid: 1005a8, addr: 1, data: c000a2fc70)
             exe-1050008 [001] ..... 1635550.334737: sys_ptrace -> 0x0
             exe-1050008 [001] ..... 1635550.334738: sys_ptrace(request: 4205, pid: 1005a8, addr: 202, data: c000a2fc70)
             exe-1050008 [001] ..... 1635550.334750: sys_ptrace -> 0x0
             exe-1050008 [001] ..... 1635550.334752: sys_ptrace(request: 1f, pid: 1005a8, addr: 0, data: 0)
             exe-1050008 [001] .N... 1635550.334760: sys_ptrace -> 0x0
             exe-1050024 [001] ..... 1635550.334771: sys_write -> 0x70
             exe-1049567 [000] ..... 1635550.334790: sys_nanosleep -> 0x0
             exe-1050008 [001] ..... 1635550.334792: sys_wait4(upid: 1005a8, stat_addr: c000a2fbf4, options: 40000002, ru: 0)
             exe-1050008 [001] ..... 1635550.334794: sys_wait4 -> 0x1005a8
             exe-1049567 [000] ..... 1635550.334796: sys_nanosleep(rqtp: c000069f10, rmtp: 0)
             exe-1050008 [001] ..... 1635550.334797: sys_ptrace(request: 4204, pid: 1005a8, addr: 1, data: c000a2fc70)
             exe-1050008 [001] ..... 1635550.334801: sys_ptrace -> 0x0
             exe-1050008 [001] ..... 1635550.334802: sys_ptrace(request: 4204, pid: 1005a8, addr: 202, data: c000a2fc70)
             exe-1050008 [001] ..... 1635550.334805: sys_ptrace -> 0x0
             exe-1050008 [001] ..... 1635550.334811: sys_ptrace(request: 4205, pid: 1005a8, addr: 1, data: c000a2fc70)
             exe-1050008 [001] ..... 1635550.334814: sys_ptrace -> 0x0
             exe-1050008 [001] ..... 1635550.334815: sys_ptrace(request: 4205, pid: 1005a8, addr: 202, data: c000a2fc70)
             exe-1049673 [000] ..... 1635550.334819: sys_nanosleep -> 0x0
             exe-1049673 [000] ..... 1635550.334825: sys_futex(uaddr: 1f09dc0, op: 80, val: 0, utime: c000069eb0, uaddr2: 0, val3: 0)
             exe-1050008 [001] ..... 1635550.334825: sys_ptrace -> 0x0
             exe-1050008 [001] ..... 1635550.334826: sys_ptrace(request: 1f, pid: 1005a8, addr: 0, data: 0)
             exe-1050008 [001] .N... 1635550.334833: sys_ptrace -> 0x0
             exe-1050024 [001] ..... 1635550.334843: sys_name_to_handle_at -> 0xffffffffffffffa1
             exe-1050008 [001] ..... 1635550.334862: sys_wait4(upid: 1005a8, stat_addr: c000a2fbf4, options: 40000002, ru: 0)
             exe-1050008 [001] ..... 1635550.334865: sys_wait4 -> 0x1005a8
             exe-1050008 [001] ..... 1635550.334867: sys_ptrace(request: 4204, pid: 1005a8, addr: 1, data: c000a2fc70)
             exe-1050008 [001] ..... 1635550.334870: sys_ptrace -> 0x0
             exe-1050008 [001] ..... 1635550.334872: sys_ptrace(request: 4204, pid: 1005a8, addr: 202, data: c000a2fc70)
             exe-1050008 [001] ..... 1635550.334874: sys_ptrace -> 0x0
             exe-1050008 [001] ..... 1635550.334884: sys_pwrite64(fd: 63, buf: 7fd66f97a080, count: 6e, pos: 70)
             exe-1050008 [001] ..... 1635550.334885: tracing_mark_write: name_to_handle_at(fd=376, name=0x0, handle=0x7f4c93a2e000, mnt_id=0x7f4c91e00000, flag=0xffffffffffffff9c) end
             exe-1050008 [001] ..... 1635550.417523: tracing_mark_write: name_to_handle_at(fd=376, name=0x7f4c93700000, handle=0x7f4c93700001, mnt_id=0x7f4c93700000, flag=0xffffffffffffff9c) start
             exe-1050008 [001] ..... 1635550.417525: sys_pwrite64 -> 0x7b
             exe-1050282 [000] ..... 1635550.417526: sys_epoll_pwait -> 0x0
             exe-1050008 [001] ..... 1635550.417532: sys_ptrace(request: 4205, pid: 1005a8, addr: 1, data: c000a2fc70)
             exe-1050008 [001] ..... 1635550.417535: sys_ptrace -> 0x0
             exe-1050008 [001] ..... 1635550.417536: sys_ptrace(request: 4205, pid: 1005a8, addr: 202, data: c000a2fc70)
             exe-1050008 [001] ..... 1635550.417547: sys_ptrace -> 0x0
             exe-1050008 [001] ..... 1635550.417549: sys_ptrace(request: 1f, pid: 1005a8, addr: 0, data: 0)
             exe-1049673 [002] .N... 1635550.417553: sys_futex -> 0x1
             exe-1050008 [001] .N... 1635550.417556: sys_ptrace -> 0x0
             exe-1050024 [001] ..... 1635550.417566: sys_write -> 0x7b
             exe-1050282 [000] ..... 1635550.417572: sys_futex(uaddr: c001f2d948, op: 81, val: 1, utime: 0, uaddr2: 0, val3: 0)
             exe-1050282 [000] ..... 1635550.417581: sys_futex -> 0x1
             exe-1050232 [001] ..... 1635550.417606: sys_futex -> 0x0
             exe-1050232 [001] ..... 1635550.417617: sys_epoll_pwait(epfd: 11, events: c000693840, maxevents: 80, timeout: 8, sigmask: 0, sigsetsize: 0)
             exe-1050282 [000] ..... 1635550.417621: sys_futex(uaddr: c0049c7148, op: 80, val: 0, utime: 0, uaddr2: 0, val3: 0)
             exe-1050008 [001] ..... 1635550.417630: sys_wait4(upid: 1005a8, stat_addr: c000a2fbf4, options: 40000002, ru: 0)
             exe-1049673 [002] ..... 1635550.417631: sys_nanosleep(rqtp: c000069f10, rmtp: 0)
             exe-1050008 [001] ..... 1635550.417633: sys_wait4 -> 0x1005a8
             exe-1050008 [001] ..... 1635550.417635: sys_ptrace(request: 4204, pid: 1005a8, addr: 1, data: c000a2fc70)
             exe-1049688 [000] ..... 1635550.417639: sys_futex -> 0x0
             exe-1050008 [001] ..... 1635550.417639: sys_ptrace -> 0x0
             exe-1050008 [001] ..... 1635550.417641: sys_ptrace(request: 4204, pid: 1005a8, addr: 202, data: c000a2fc70)
             exe-1050008 [001] ..... 1635550.417643: sys_ptrace -> 0x0
             exe-1049688 [000] ..... 1635550.417662: sys_futex(uaddr: c00005b148, op: 80, val: 0, utime: 0, uaddr2: 0, val3: 0)
             exe-1050008 [001] ..... 1635550.417667: sys_ptrace(request: 4205, pid: 1005a8, addr: 1, data: c000a2fc70)
             exe-1050008 [001] ..... 1635550.417669: sys_ptrace -> 0x0
             exe-1050008 [001] ..... 1635550.417670: sys_ptrace(request: 4205, pid: 1005a8, addr: 202, data: c000a2fc70)
             exe-1050008 [001] ..... 1635550.417682: sys_ptrace -> 0x0
             exe-1049567 [000] ..... 1635550.417683: sys_tgkill(tgid: 1003ce, pid: 100598, sig: 17)
             exe-1050008 [001] ..... 1635550.417684: sys_ptrace(request: 1f, pid: 1005a8, addr: 0, data: 0)
             exe-1050008 [001] .N... 1635550.417690: sys_ptrace -> 0x0
             exe-1049567 [000] ..... 1635550.417693: sys_tgkill -> 0x0
             exe-1049567 [000] ..... 1635550.417696: sys_nanosleep(rqtp: c000069f10, rmtp: 0)
             exe-1050024 [001] ..... 1635550.417699: sys_name_to_handle_at -> 0xffffffffffffffa1
             exe-1050008 [001] ..... 1635550.417728: sys_rt_sigreturn()
             exe-1050008 [001] ..... 1635550.417732: sys_wait4(upid: 1005a8, stat_addr: c000a2fbf4, options: 40000002, ru: 0)
             exe-1049673 [002] ..... 1635550.417733: sys_nanosleep -> 0x0
             exe-1050008 [001] ..... 1635550.417734: sys_wait4 -> 0x1005a8
             exe-1050008 [001] ..... 1635550.417737: sys_ptrace(request: 4204, pid: 1005a8, addr: 1, data: c000a2fc70)
             exe-1050008 [001] ..... 1635550.417740: sys_ptrace -> 0x0
             exe-1050008 [001] ..... 1635550.417741: sys_ptrace(request: 4204, pid: 1005a8, addr: 202, data: c000a2fc70)
             exe-1050008 [001] ..... 1635550.417743: sys_ptrace -> 0x0
             exe-1050008 [001] ..... 1635550.417757: sys_pwrite64(fd: 63, buf: 7fd66f97a080, count: 79, pos: 7b)
             exe-1050008 [001] ..... 1635550.417758: tracing_mark_write: name_to_handle_at(fd=376, name=0x7f4c93700000, handle=0x7f4c93700001, mnt_id=0x7f4c93700000, flag=0xffffffffffffff9c) end
             exe-1050008 [001] ..... 1635550.474966: tracing_mark_write: name_to_handle_at(fd=275, name=0x7f4c91a00000, handle=0x7f4c93a2d000, mnt_id=0x7f4c93700000, flag=0xffffffffffffff9c) start
             exe-1050008 [001] ..... 1635550.474969: sys_pwrite64 -> 0x7b
             exe-1050008 [001] ..... 1635550.474980: sys_ptrace(request: 4205, pid: 1005a8, addr: 1, data: c000a2fc70)
             exe-1050008 [001] ..... 1635550.474985: sys_ptrace -> 0x0
             exe-1050008 [001] ..... 1635550.474987: sys_ptrace(request: 4205, pid: 1005a8, addr: 202, data: c000a2fc70)
             exe-1050008 [001] ..... 1635550.475009: sys_ptrace -> 0x0
             exe-1050008 [001] ..... 1635550.475012: sys_ptrace(request: 1f, pid: 1005a8, addr: 0, data: 0)
             exe-1050008 [001] .N... 1635550.475027: sys_ptrace -> 0x0
             exe-1049567 [000] ..... 1635550.475040: sys_nanosleep -> 0x0
             exe-1049567 [000] ..... 1635550.475042: sys_nanosleep(rqtp: c000069f10, rmtp: 0)
             exe-1050024 [001] ..... 1635550.475042: sys_write -> 0x7b
             exe-1049673 [002] ..... 1635550.475063: sys_nanosleep -> 0x0
             exe-1049673 [002] ..... 1635550.475069: sys_nanosleep(rqtp: c000069f10, rmtp: 0)
             exe-1050008 [001] ..... 1635550.475072: sys_wait4(upid: 1005a8, stat_addr: c000a2fbf4, options: 40000002, ru: 0)
             exe-1050008 [001] ..... 1635550.475077: sys_wait4 -> 0x1005a8
             exe-1050008 [001] ..... 1635550.475080: sys_ptrace(request: 4204, pid: 1005a8, addr: 1, data: c000a2fc70)
             exe-1050008 [001] ..... 1635550.475086: sys_ptrace -> 0x0
             exe-1050008 [001] ..... 1635550.475089: sys_ptrace(request: 4204, pid: 1005a8, addr: 202, data: c000a2fc70)
             exe-1050008 [001] ..... 1635550.475093: sys_ptrace -> 0x0
             exe-1050008 [001] ..... 1635550.475104: sys_ptrace(request: 4205, pid: 1005a8, addr: 1, data: c000a2fc70)
             exe-1050008 [001] ..... 1635550.475107: sys_ptrace -> 0x0
             exe-1050008 [001] ..... 1635550.475109: sys_ptrace(request: 4205, pid: 1005a8, addr: 202, data: c000a2fc70)
             exe-1050008 [001] ..... 1635550.475131: sys_ptrace -> 0x0
             exe-1050008 [001] ..... 1635550.475133: sys_ptrace(request: 1f, pid: 1005a8, addr: 0, data: 0)
             exe-1049567 [000] ..... 1635550.475143: sys_nanosleep -> 0x0
             exe-1050008 [001] .N... 1635550.475145: sys_ptrace -> 0x0
             exe-1049567 [000] ..... 1635550.475147: sys_nanosleep(rqtp: c000069f10, rmtp: 0)
             exe-1050024 [001] ..... 1635550.475159: sys_name_to_handle_at -> 0xffffffffffffffa1
             exe-1049673 [002] ..... 1635550.475178: sys_nanosleep -> 0x0
             exe-1049673 [002] ..... 1635550.475184: sys_nanosleep(rqtp: c000069f10, rmtp: 0)
             exe-1050008 [001] ..... 1635550.475190: sys_wait4(upid: 1005a8, stat_addr: c000a2fbf4, options: 40000002, ru: 0)
             exe-1050008 [001] ..... 1635550.475194: sys_wait4 -> 0x1005a8
             exe-1050008 [001] ..... 1635550.475197: sys_ptrace(request: 4204, pid: 1005a8, addr: 1, data: c000a2fc70)
             exe-1050008 [001] ..... 1635550.475203: sys_ptrace -> 0x0
             exe-1050008 [001] ..... 1635550.475206: sys_ptrace(request: 4204, pid: 1005a8, addr: 202, data: c000a2fc70)
             exe-1050008 [001] ..... 1635550.475210: sys_ptrace -> 0x0
             exe-1050008 [001] ..... 1635550.475229: sys_pwrite64(fd: 63, buf: 7fd66f97a080, count: 79, pos: 7b)
             exe-1050008 [001] ..... 1635550.475233: tracing_mark_write: name_to_handle_at(fd=275, name=0x7f4c91a00000, handle=0x7f4c93a2d000, mnt_id=0x7f4c93700000, flag=0xffffffffffffff9c) end
             exe-1050008 [001] ..... 1635550.569960: tracing_mark_write: name_to_handle_at(fd=275, name=0x7f4c91c00000, handle=0x7f4c91c00000, mnt_id=0x7f4c91a00000, flag=0xffffffffffffff9c) start
             exe-1050008 [001] ..... 1635550.569962: sys_pwrite64 -> 0x7b
             exe-1050008 [001] ..... 1635550.569968: sys_ptrace(request: 4205, pid: 1005a8, addr: 1, data: c000a2fc70)
             exe-1050008 [001] ..... 1635550.569971: sys_ptrace -> 0x0
             exe-1050008 [001] ..... 1635550.569973: sys_ptrace(request: 4205, pid: 1005a8, addr: 202, data: c000a2fc70)
             exe-1050008 [001] ..... 1635550.569985: sys_ptrace -> 0x0
             exe-1050008 [001] ..... 1635550.569987: sys_ptrace(request: 1f, pid: 1005a8, addr: 0, data: 0)
             exe-1050008 [001] .N... 1635550.569994: sys_ptrace -> 0x0
             exe-1050024 [001] ..... 1635550.570006: sys_write -> 0x7b
             exe-1050008 [001] ..... 1635550.570026: sys_wait4(upid: 1005a8, stat_addr: c000a2fbf4, options: 40000002, ru: 0)
             exe-1050008 [001] ..... 1635550.570029: sys_wait4 -> 0x1005a8
             exe-1050008 [001] ..... 1635550.570032: sys_ptrace(request: 4204, pid: 1005a8, addr: 1, data: c000a2fc70)
             exe-1050008 [001] ..... 1635550.570036: sys_ptrace -> 0x0
             exe-1050008 [001] ..... 1635550.570038: sys_ptrace(request: 4204, pid: 1005a8, addr: 202, data: c000a2fc70)
             exe-1050008 [001] ..... 1635550.570040: sys_ptrace -> 0x0
             exe-1050008 [001] ..... 1635550.570047: sys_ptrace(request: 4205, pid: 1005a8, addr: 1, data: c000a2fc70)
             exe-1050008 [001] ..... 1635550.570050: sys_ptrace -> 0x0
             exe-1050008 [001] ..... 1635550.570051: sys_ptrace(request: 4205, pid: 1005a8, addr: 202, data: c000a2fc70)
             exe-1050008 [001] ..... 1635550.570062: sys_ptrace -> 0x0
             exe-1050008 [001] ..... 1635550.570063: sys_ptrace(request: 1f, pid: 1005a8, addr: 0, data: 0)
             exe-1050008 [001] .N... 1635550.570070: sys_ptrace -> 0x0
             exe-1050024 [001] ..... 1635550.570081: sys_name_to_handle_at -> 0xffffffffffffffa1
             exe-1050008 [001] ..... 1635550.570100: sys_wait4(upid: 1005a8, stat_addr: c000a2fbf4, options: 40000002, ru: 0)
             exe-1050008 [001] ..... 1635550.570103: sys_wait4 -> 0x1005a8
             exe-1050008 [001] ..... 1635550.570105: sys_ptrace(request: 4204, pid: 1005a8, addr: 1, data: c000a2fc70)
             exe-1050008 [001] ..... 1635550.570109: sys_ptrace -> 0x0
             exe-1050008 [001] ..... 1635550.570111: sys_ptrace(request: 4204, pid: 1005a8, addr: 202, data: c000a2fc70)
             exe-1050008 [001] ..... 1635550.570113: sys_ptrace -> 0x0
             exe-1050008 [001] ..... 1635550.570123: sys_pwrite64(fd: 63, buf: 7fd66f97a080, count: 79, pos: 7b)
             exe-1050008 [001] ..... 1635550.570124: tracing_mark_write: name_to_handle_at(fd=275, name=0x7f4c91c00000, handle=0x7f4c91c00000, mnt_id=0x7f4c91a00000, flag=0xffffffffffffff9c) end
             exe-1050008 [001] ..... 1635550.634049: tracing_mark_write: name_to_handle_at(fd=275, name=0x7f4c91c00000, handle=0x7f4c91c00000, mnt_id=0x7f4c91c00004, flag=0xffffffffffffff9c) start
             exe-1050008 [001] ..... 1635550.634051: sys_pwrite64 -> 0x7b
             exe-1050008 [001] ..... 1635550.634058: sys_ptrace(request: 4205, pid: 1005a8, addr: 1, data: c000a2fc70)
             exe-1050008 [001] ..... 1635550.634061: sys_ptrace -> 0x0
             exe-1050008 [001] ..... 1635550.634062: sys_ptrace(request: 4205, pid: 1005a8, addr: 202, data: c000a2fc70)
             exe-1050008 [001] ..... 1635550.634075: sys_ptrace -> 0x0
             exe-1050008 [001] ..... 1635550.634076: sys_ptrace(request: 1f, pid: 1005a8, addr: 0, data: 0)
             exe-1049567 [000] ..... 1635550.634084: sys_nanosleep -> 0x0
             exe-1050008 [001] .N... 1635550.634084: sys_ptrace -> 0x0
             exe-1049567 [000] ..... 1635550.634089: sys_nanosleep(rqtp: c000069f10, rmtp: 0)
             exe-1050024 [001] ..... 1635550.634096: sys_write -> 0x7b
             exe-1049673 [002] ..... 1635550.634107: sys_nanosleep -> 0x0
             exe-1049673 [002] ..... 1635550.634113: sys_nanosleep(rqtp: c000069f10, rmtp: 0)
             exe-1050008 [001] ..... 1635550.634116: sys_wait4(upid: 1005a8, stat_addr: c000a2fbf4, options: 40000002, ru: 0)
             exe-1050008 [001] ..... 1635550.634119: sys_wait4 -> 0x1005a8
             exe-1050008 [001] ..... 1635550.634121: sys_ptrace(request: 4204, pid: 1005a8, addr: 1, data: c000a2fc70)
             exe-1050008 [001] ..... 1635550.634125: sys_ptrace -> 0x0
             exe-1050008 [001] ..... 1635550.634127: sys_ptrace(request: 4204, pid: 1005a8, addr: 202, data: c000a2fc70)
             exe-1050008 [001] ..... 1635550.634130: sys_ptrace -> 0x0
             exe-1050008 [001] ..... 1635550.634137: sys_ptrace(request: 4205, pid: 1005a8, addr: 1, data: c000a2fc70)
             exe-1050008 [001] ..... 1635550.634140: sys_ptrace -> 0x0
             exe-1050008 [001] ..... 1635550.634141: sys_ptrace(request: 4205, pid: 1005a8, addr: 202, data: c000a2fc70)
             exe-1050008 [001] ..... 1635550.634151: sys_ptrace -> 0x0
             exe-1050008 [001] ..... 1635550.634153: sys_ptrace(request: 1f, pid: 1005a8, addr: 0, data: 0)
             exe-1050008 [001] .N... 1635550.634160: sys_ptrace -> 0x0
             exe-1050024 [001] ..... 1635550.634171: sys_name_to_handle_at -> 0xffffffffffffffa1
             exe-1050008 [001] ..... 1635550.634190: sys_wait4(upid: 1005a8, stat_addr: c000a2fbf4, options: 40000002, ru: 0)
             exe-1050008 [001] ..... 1635550.634193: sys_wait4 -> 0x1005a8
             exe-1050008 [001] ..... 1635550.634195: sys_ptrace(request: 4204, pid: 1005a8, addr: 1, data: c000a2fc70)
             exe-1049567 [000] ..... 1635550.634198: sys_nanosleep -> 0x0
             exe-1050008 [001] ..... 1635550.634199: sys_ptrace -> 0x0
             exe-1050008 [001] ..... 1635550.634200: sys_ptrace(request: 4204, pid: 1005a8, addr: 202, data: c000a2fc70)
             exe-1050008 [001] ..... 1635550.634203: sys_ptrace -> 0x0
             exe-1049567 [000] ..... 1635550.634204: sys_nanosleep(rqtp: c000069f10, rmtp: 0)
             exe-1050008 [001] ..... 1635550.634212: sys_pwrite64(fd: 63, buf: 7fd66f97a080, count: 79, pos: 7b)
             exe-1050008 [001] ..... 1635550.634214: tracing_mark_write: name_to_handle_at(fd=275, name=0x7f4c91c00000, handle=0x7f4c91c00000, mnt_id=0x7f4c91c00004, flag=0xffffffffffffff9c) end
             exe-1050008 [001] ..... 1635550.699906: tracing_mark_write: name_to_handle_at(fd=275, name=0x7f4c93a2e000, handle=0x7f4c93a2e008, mnt_id=0x7f4c93a2d000, flag=0xffffffffffffff9c) start
             exe-1050008 [001] ..... 1635550.699924: sys_pwrite64 -> 0x7b
             exe-1050008 [001] ..... 1635550.699933: sys_ptrace(request: 4205, pid: 1005a8, addr: 1, data: c000a2fc70)
             exe-1050008 [001] ..... 1635550.699936: sys_ptrace -> 0x0
             exe-1050008 [001] ..... 1635550.699937: sys_ptrace(request: 4205, pid: 1005a8, addr: 202, data: c000a2fc70)
             exe-1050008 [001] ..... 1635550.699949: sys_ptrace -> 0x0
             exe-1050008 [001] ..... 1635550.699951: sys_ptrace(request: 1f, pid: 1005a8, addr: 0, data: 0)
             exe-1050008 [001] .N... 1635550.699959: sys_ptrace -> 0x0
             exe-1050024 [001] ..... 1635550.699970: sys_write -> 0x7b
             exe-1050008 [001] ..... 1635550.699990: sys_wait4(upid: 1005a8, stat_addr: c000a2fbf4, options: 40000002, ru: 0)
             exe-1050008 [001] ..... 1635550.699993: sys_wait4 -> 0x1005a8
             exe-1050008 [001] ..... 1635550.699995: sys_ptrace(request: 4204, pid: 1005a8, addr: 1, data: c000a2fc70)
             exe-1050008 [001] ..... 1635550.699999: sys_ptrace -> 0x0
             exe-1050008 [001] ..... 1635550.700001: sys_ptrace(request: 4204, pid: 1005a8, addr: 202, data: c000a2fc70)
             exe-1050008 [001] ..... 1635550.700004: sys_ptrace -> 0x0
             exe-1050008 [001] ..... 1635550.700010: sys_ptrace(request: 4205, pid: 1005a8, addr: 1, data: c000a2fc70)
             exe-1050008 [001] ..... 1635550.700013: sys_ptrace -> 0x0
             exe-1050008 [001] ..... 1635550.700014: sys_ptrace(request: 4205, pid: 1005a8, addr: 202, data: c000a2fc70)
             exe-1050008 [001] ..... 1635550.700024: sys_ptrace -> 0x0
             exe-1050008 [001] ..... 1635550.700025: sys_ptrace(request: 1f, pid: 1005a8, addr: 0, data: 0)
             exe-1049673 [003] ..... 1635550.700026: sys_nanosleep -> 0x0
             exe-1050008 [001] .N... 1635550.700032: sys_ptrace -> 0x0
             exe-1049673 [003] ..... 1635550.700033: sys_nanosleep(rqtp: c000069f10, rmtp: 0)
             exe-1050024 [001] ..... 1635550.700042: sys_name_to_handle_at -> 0xffffffffffffffa1
             exe-1050008 [001] ..... 1635550.700060: sys_wait4(upid: 1005a8, stat_addr: c000a2fbf4, options: 40000002, ru: 0)
             exe-1050008 [001] ..... 1635550.700063: sys_wait4 -> 0x1005a8
             exe-1050008 [001] ..... 1635550.700065: sys_ptrace(request: 4204, pid: 1005a8, addr: 1, data: c000a2fc70)
             exe-1050008 [001] ..... 1635550.700068: sys_ptrace -> 0x0
             exe-1050008 [001] ..... 1635550.700070: sys_ptrace(request: 4204, pid: 1005a8, addr: 202, data: c000a2fc70)
             exe-1050008 [001] ..... 1635550.700072: sys_ptrace -> 0x0
             exe-1050008 [001] ..... 1635550.700081: sys_pwrite64(fd: 63, buf: 7fd66f97a080, count: 79, pos: 7b)
             exe-1050008 [001] ..... 1635550.700083: tracing_mark_write: name_to_handle_at(fd=275, name=0x7f4c93a2e000, handle=0x7f4c93a2e008, mnt_id=0x7f4c93a2d000, flag=0xffffffffffffff9c) end
             exe-1050008 [001] ..... 1635550.763582: tracing_mark_write: name_to_handle_at(fd=275, name=0x7f4c91c00000, handle=0x7f4c93a2d000, mnt_id=0x7f4c93a2d001, flag=0xffffffffffffff9c) start
             exe-1050008 [001] ..... 1635550.763584: sys_pwrite64 -> 0x7b
             exe-1049567 [000] ..... 1635550.763591: sys_nanosleep -> 0x0
             exe-1050008 [001] ..... 1635550.763591: sys_ptrace(request: 4205, pid: 1005a8, addr: 1, data: c000a2fc70)
             exe-1049567 [000] ..... 1635550.763593: sys_nanosleep(rqtp: c000069f10, rmtp: 0)
             exe-1050008 [001] ..... 1635550.763594: sys_ptrace -> 0x0
             exe-1050008 [001] ..... 1635550.763595: sys_ptrace(request: 4205, pid: 1005a8, addr: 202, data: c000a2fc70)
             exe-1050008 [001] ..... 1635550.763607: sys_ptrace -> 0x0
             exe-1050008 [001] ..... 1635550.763609: sys_ptrace(request: 1f, pid: 1005a8, addr: 0, data: 0)
             exe-1049673 [003] ..... 1635550.763612: sys_nanosleep -> 0x0
             exe-1049673 [003] ..... 1635550.763615: sys_futex(uaddr: 1f09dc0, op: 80, val: 0, utime: c000069eb0, uaddr2: 0, val3: 0)
             exe-1050008 [001] .N... 1635550.763617: sys_ptrace -> 0x0
             exe-1050024 [001] ..... 1635550.763628: sys_write -> 0x7b
             exe-1050008 [001] ..... 1635550.763648: sys_wait4(upid: 1005a8, stat_addr: c000a2fbf4, options: 40000002, ru: 0)
             exe-1050008 [001] ..... 1635550.763651: sys_wait4 -> 0x1005a8
             exe-1050008 [001] ..... 1635550.763654: sys_ptrace(request: 4204, pid: 1005a8, addr: 1, data: c000a2fc70)
             exe-1050008 [001] ..... 1635550.763658: sys_ptrace -> 0x0
             exe-1050008 [001] ..... 1635550.763659: sys_ptrace(request: 4204, pid: 1005a8, addr: 202, data: c000a2fc70)
             exe-1050008 [001] ..... 1635550.763662: sys_ptrace -> 0x0
             exe-1050008 [001] ..... 1635550.763669: sys_ptrace(request: 4205, pid: 1005a8, addr: 1, data: c000a2fc70)
             exe-1050008 [001] ..... 1635550.763671: sys_ptrace -> 0x0
             exe-1050008 [001] ..... 1635550.763673: sys_ptrace(request: 4205, pid: 1005a8, addr: 202, data: c000a2fc70)
             exe-1050008 [001] ..... 1635550.763683: sys_ptrace -> 0x0
             exe-1050008 [001] ..... 1635550.763684: sys_ptrace(request: 1f, pid: 1005a8, addr: 0, data: 0)
             exe-1050008 [001] .N... 1635550.763691: sys_ptrace -> 0x0
             exe-1050024 [001] ..... 1635550.763702: sys_name_to_handle_at -> 0xffffffffffffffa1
             exe-1049567 [000] ..... 1635550.763709: sys_nanosleep -> 0x0
             exe-1049567 [000] ..... 1635550.763712: sys_nanosleep(rqtp: c000069f10, rmtp: 0)
             exe-1050008 [001] ..... 1635550.763721: sys_wait4(upid: 1005a8, stat_addr: c000a2fbf4, options: 40000002, ru: 0)
             exe-1050008 [001] ..... 1635550.763724: sys_wait4 -> 0x1005a8
             exe-1050008 [001] ..... 1635550.763726: sys_ptrace(request: 4204, pid: 1005a8, addr: 1, data: c000a2fc70)
             exe-1050008 [001] ..... 1635550.763730: sys_ptrace -> 0x0
             exe-1050008 [001] ..... 1635550.763732: sys_ptrace(request: 4204, pid: 1005a8, addr: 202, data: c000a2fc70)
             exe-1050008 [001] ..... 1635550.763734: sys_ptrace -> 0x0
             exe-1050008 [001] ..... 1635550.763744: sys_pwrite64(fd: 63, buf: 7fd66f97a080, count: 79, pos: 7b)
             exe-1050008 [001] ..... 1635550.763745: tracing_mark_write: name_to_handle_at(fd=275, name=0x7f4c91c00000, handle=0x7f4c93a2d000, mnt_id=0x7f4c93a2d001, flag=0xffffffffffffff9c) end
             exe-1050008 [001] ..... 1635550.818321: tracing_mark_write: name_to_handle_at(fd=275, name=0x4, handle=0x7f4c91a00000, mnt_id=0x7f4c91c00000, flag=0xffffffffffffff9c) start
             exe-1050008 [001] ..... 1635550.818323: sys_pwrite64 -> 0x70
             exe-1050008 [001] ..... 1635550.818329: sys_ptrace(request: 4205, pid: 1005a8, addr: 1, data: c000a2fc70)
             exe-1050008 [001] ..... 1635550.818332: sys_ptrace -> 0x0
             exe-1050008 [001] ..... 1635550.818333: sys_ptrace(request: 4205, pid: 1005a8, addr: 202, data: c000a2fc70)
             exe-1050008 [001] ..... 1635550.818344: sys_ptrace -> 0x0
             exe-1050008 [001] ..... 1635550.818346: sys_ptrace(request: 1f, pid: 1005a8, addr: 0, data: 0)
             exe-1050008 [001] .N... 1635550.818353: sys_ptrace -> 0x0
             exe-1050024 [001] ..... 1635550.818363: sys_write -> 0x70
             exe-1049567 [000] ..... 1635550.818381: sys_nanosleep -> 0x0
             exe-1050008 [001] ..... 1635550.818382: sys_wait4(upid: 1005a8, stat_addr: c000a2fbf4, options: 40000002, ru: 0)
             exe-1050008 [001] ..... 1635550.818384: sys_wait4 -> 0x1005a8
             exe-1050008 [001] ..... 1635550.818386: sys_ptrace(request: 4204, pid: 1005a8, addr: 1, data: c000a2fc70)
             exe-1049567 [000] ..... 1635550.818387: sys_nanosleep(rqtp: c000069f10, rmtp: 0)
             exe-1050008 [001] ..... 1635550.818390: sys_ptrace -> 0x0
             exe-1050008 [001] ..... 1635550.818392: sys_ptrace(request: 4204, pid: 1005a8, addr: 202, data: c000a2fc70)
             exe-1050008 [001] ..... 1635550.818394: sys_ptrace -> 0x0
             exe-1050008 [001] ..... 1635550.818401: sys_ptrace(request: 4205, pid: 1005a8, addr: 1, data: c000a2fc70)
             exe-1050008 [001] ..... 1635550.818404: sys_ptrace -> 0x0
             exe-1050008 [001] ..... 1635550.818405: sys_ptrace(request: 4205, pid: 1005a8, addr: 202, data: c000a2fc70)
             exe-1050008 [001] ..... 1635550.818414: sys_ptrace -> 0x0
             exe-1050008 [001] ..... 1635550.818416: sys_ptrace(request: 1f, pid: 1005a8, addr: 0, data: 0)
             exe-1050008 [001] .N... 1635550.818422: sys_ptrace -> 0x0
             exe-1050024 [001] ..... 1635550.818433: sys_name_to_handle_at -> 0xffffffffffffffa1
             exe-1050008 [001] ..... 1635550.818450: sys_wait4(upid: 1005a8, stat_addr: c000a2fbf4, options: 40000002, ru: 0)
             exe-1050008 [001] ..... 1635550.818453: sys_wait4 -> 0x1005a8
             exe-1050008 [001] ..... 1635550.818455: sys_ptrace(request: 4204, pid: 1005a8, addr: 1, data: c000a2fc70)
             exe-1050008 [001] ..... 1635550.818459: sys_ptrace -> 0x0
             exe-1050008 [001] ..... 1635550.818460: sys_ptrace(request: 4204, pid: 1005a8, addr: 202, data: c000a2fc70)
             exe-1050008 [001] ..... 1635550.818462: sys_ptrace -> 0x0
             exe-1050008 [001] ..... 1635550.818471: sys_pwrite64(fd: 63, buf: 7fd66f97a080, count: 6e, pos: 70)
             exe-1049673 [003] ..... 1635550.818472: sys_nanosleep -> 0x0
             exe-1050008 [001] ..... 1635550.818472: tracing_mark_write: name_to_handle_at(fd=275, name=0x4, handle=0x7f4c91a00000, mnt_id=0x7f4c91c00000, flag=0xffffffffffffff9c) end
             exe-1050008 [001] ..... 1635550.874957: tracing_mark_write: name_to_handle_at(fd=325, name=0x7f4c91e00000, handle=0x7f4c91a00000, mnt_id=0x7f4c93a2b000, flag=0xffffffffffffff9c) start
             exe-1050008 [001] ..... 1635550.874959: sys_pwrite64 -> 0x7b
             exe-1050008 [001] ..... 1635550.874966: sys_ptrace(request: 4205, pid: 1005a8, addr: 1, data: c000a2fc70)
             exe-1050008 [001] ..... 1635550.874968: sys_ptrace -> 0x0
             exe-1050008 [001] ..... 1635550.874970: sys_ptrace(request: 4205, pid: 1005a8, addr: 202, data: c000a2fc70)
             exe-1049673 [003] ..... 1635550.874977: sys_nanosleep -> 0x0
             exe-1050008 [001] ..... 1635550.874981: sys_ptrace -> 0x0
             exe-1049567 [000] ..... 1635550.874982: sys_nanosleep -> 0x0
             exe-1050008 [001] ..... 1635550.874983: sys_ptrace(request: 1f, pid: 1005a8, addr: 0, data: 0)
             exe-1049673 [003] ..... 1635550.874985: sys_nanosleep(rqtp: c000069f10, rmtp: 0)
             exe-1049567 [000] ..... 1635550.874985: sys_nanosleep(rqtp: c000069f10, rmtp: 0)
             exe-1050008 [001] .N... 1635550.874990: sys_ptrace -> 0x0
             exe-1050024 [001] ..... 1635550.875002: sys_write -> 0x7b
