             exe-1049896 [002] ..... 1635655.099380: sys_ptrace(request: 4205, pid: 100784, addr: 202, data: c0022e3c70)
             exe-1049567 [003] ..... 1635655.099384: sys_nanosleep(rqtp: c000069f10, rmtp: 0)
             exe-1049896 [002] ..... 1635655.099388: sys_ptrace -> 0x0
             exe-1049896 [002] ..... 1635655.099389: sys_ptrace(request: 1f, pid: 100784, addr: 0, data: 0)
             exe-1049896 [002] ..... 1635655.099395: sys_ptrace -> 0x0
             exe-1049896 [002] ..... 1635655.099397: sys_wait4(upid: 100784, stat_addr: c0022e3bf4, options: 40000002, ru: 0)
             exe-1050500 [003] ..... 1635655.099411: sys_write -> 0x4d
             exe-1049896 [002] ..... 1635655.099435: sys_wait4 -> 0x100784
             exe-1049722 [002] ..... 1635655.099457: sys_epoll_pwait -> 0x0
             exe-1049673 [003] ..... 1635655.099464: sys_nanosleep -> 0x0
             exe-1049722 [002] ..... 1635655.099469: sys_futex(uaddr: c0049c7548, op: 81, val: 1, utime: 0, uaddr2: 0, val3: 0)
             exe-1049673 [003] ..... 1635655.099470: sys_nanosleep(rqtp: c000069f10, rmtp: 0)
             exe-1049722 [002] ..... 1635655.099478: sys_futex -> 0x1
             exe-1049722 [002] ..... 1635655.099493: sys_epoll_pwait(epfd: 11, events: c000409840, maxevents: 80, timeout: 9, sigmask: 0, sigsetsize: 0)
             exe-1049567 [003] ..... 1635655.099496: sys_nanosleep -> 0x0
             exe-1049567 [003] ..... 1635655.099502: sys_nanosleep(rqtp: c000069f10, rmtp: 0)
             exe-1049896 [002] ..... 1635655.099503: sys_ptrace(request: 4204, pid: 100784, addr: 1, data: c0022e3c70)
             exe-1049896 [002] ..... 1635655.099506: sys_ptrace -> 0x0
             exe-1049896 [002] ..... 1635655.099508: sys_ptrace(request: 4204, pid: 100784, addr: 202, data: c0022e3c70)
             exe-1049896 [002] ..... 1635655.099514: sys_ptrace -> 0x0
             exe-1049896 [002] ..... 1635655.099519: sys_ptrace(request: 4205, pid: 100784, addr: 1, data: c0022e3c70)
             exe-1049896 [002] ..... 1635655.099521: sys_ptrace -> 0x0
             exe-1049896 [002] ..... 1635655.099522: sys_ptrace(request: 4205, pid: 100784, addr: 202, data: c0022e3c70)
             exe-1049896 [002] ..... 1635655.099530: sys_ptrace -> 0x0
             exe-1049896 [002] ..... 1635655.099532: sys_ptrace(request: 1f, pid: 100784, addr: 0, data: 0)
             exe-1049896 [002] ..... 1635655.099539: sys_ptrace -> 0x0
             exe-1049896 [002] ..... 1635655.099541: sys_wait4(upid: 100784, stat_addr: c0022e3bf4, options: 40000002, ru: 0)
             exe-1050289 [000] ..... 1635655.099567: sys_futex -> 0x0
             exe-1050289 [000] ..... 1635655.099580: sys_futex(uaddr: c0049c7548, op: 80, val: 0, utime: 0, uaddr2: 0, val3: 0)
             exe-1050500 [003] ..... 1635655.099584: sys_open_by_handle_at -> 0xffffffffffffffa1
             exe-1049673 [003] ..... 1635655.099620: sys_nanosleep -> 0x0
             exe-1049896 [002] ..... 1635655.099620: sys_wait4 -> 0x100784
             exe-1049896 [002] ..... 1635655.099623: sys_ptrace(request: 4204, pid: 100784, addr: 1, data: c0022e3c70)
             exe-1049896 [002] ..... 1635655.099625: sys_ptrace -> 0x0
             exe-1049673 [003] ..... 1635655.099626: sys_nanosleep(rqtp: c000069f10, rmtp: 0)
             exe-1049896 [002] ..... 1635655.099626: sys_ptrace(request: 4204, pid: 100784, addr: 202, data: c0022e3c70)
             exe-1049896 [002] ..... 1635655.099628: sys_ptrace -> 0x0
             exe-1049896 [002] ..... 1635655.099635: sys_pwrite64(fd: 63, buf: 7fd66ec48080, count: 4b, pos: 4d)
             exe-1049896 [002] ..... 1635655.099637: tracing_mark_write: open_by_handle_at(mountdirfd=292, handle=0x7f5163d3c000, flags=0x81b00) end
             exe-1049896 [002] ..... 1635655.170304: tracing_mark_write: open_by_handle_at(mountdirfd=292, handle=0x7f5163900000, flags=0x655480) start
             exe-1049567 [003] ..... 1635655.170305: sys_nanosleep -> 0x0
             exe-1049896 [002] ..... 1635655.170306: sys_pwrite64 -> 0x4e
             exe-1049567 [003] ..... 1635655.170311: sys_nanosleep(rqtp: c000069f10, rmtp: 0)
             exe-1049896 [002] ..... 1635655.170311: sys_ptrace(request: 4205, pid: 100784, addr: 1, data: c0022e3c70)
             exe-1049896 [002] ..... 1635655.170313: sys_ptrace -> 0x0
             exe-1049896 [002] ..... 1635655.170315: sys_ptrace(request: 4205, pid: 100784, addr: 202, data: c0022e3c70)
             exe-1049896 [002] ..... 1635655.170331: sys_ptrace -> 0x0
             exe-1049896 [002] ..... 1635655.170333: sys_ptrace(request: 1f, pid: 100784, addr: 0, data: 0)
             exe-1049896 [002] ..... 1635655.170339: sys_ptrace -> 0x0
             exe-1049896 [002] ..... 1635655.170341: sys_wait4(upid: 100784, stat_addr: c0022e3bf4, options: 40000002, ru: 0)
             exe-1050500 [003] ..... 1635655.170382: sys_write -> 0x4e
             exe-1049673 [003] ..... 1635655.170410: sys_nanosleep -> 0x0
             exe-1049896 [002] ..... 1635655.170413: sys_wait4 -> 0x100784
             exe-1049896 [002] ..... 1635655.170415: sys_ptrace(request: 4204, pid: 100784, addr: 1, data: c0022e3c70)
             exe-1049673 [003] ..... 1635655.170416: sys_nanosleep(rqtp: c000069f10, rmtp: 0)
             exe-1049896 [002] ..... 1635655.170418: sys_ptrace -> 0x0
             exe-1049896 [002] ..... 1635655.170419: sys_ptrace(request: 4204, pid: 100784, addr: 202, data: c0022e3c70)
             exe-1049896 [002] ..... 1635655.170421: sys_ptrace -> 0x0
             exe-1049896 [002] ..... 1635655.170426: sys_ptrace(request: 4205, pid: 100784, addr: 1, data: c0022e3c70)
             exe-1049567 [003] ..... 1635655.170440: sys_nanosleep -> 0x0
             exe-1049896 [002] ..... 1635655.170442: sys_ptrace -> 0x0
             exe-1049896 [002] ..... 1635655.170443: sys_ptrace(request: 4205, pid: 100784, addr: 202, data: c0022e3c70)
             exe-1049567 [003] ..... 1635655.170445: sys_nanosleep(rqtp: c000069f10, rmtp: 0)
             exe-1049896 [002] ..... 1635655.170449: sys_ptrace -> 0x0
             exe-1049896 [002] ..... 1635655.170451: sys_ptrace(request: 1f, pid: 100784, addr: 0, data: 0)
             exe-1049896 [002] ..... 1635655.170455: sys_ptrace -> 0x0
             exe-1049896 [002] ..... 1635655.170457: sys_wait4(upid: 100784, stat_addr: c0022e3bf4, options: 40000002, ru: 0)
             exe-1050500 [003] ..... 1635655.170468: sys_open_by_handle_at -> 0xffffffffffffffa1
             exe-1049722 [002] ..... 1635655.170499: sys_epoll_pwait -> 0x0
             exe-1049722 [002] ..... 1635655.170509: sys_epoll_pwait(epfd: 11, events: c000409840, maxevents: 80, timeout: 1, sigmask: 0, sigsetsize: 0)
             exe-1049896 [002] ..... 1635655.170517: sys_wait4 -> 0x100784
             exe-1049673 [003] ..... 1635655.170519: sys_nanosleep -> 0x0
             exe-1049896 [002] ..... 1635655.170519: sys_ptrace(request: 4204, pid: 100784, addr: 1, data: c0022e3c70)
             exe-1049896 [002] ..... 1635655.170522: sys_ptrace -> 0x0
             exe-1049896 [002] ..... 1635655.170523: sys_ptrace(request: 4204, pid: 100784, addr: 202, data: c0022e3c70)
             exe-1049673 [003] ..... 1635655.170524: sys_nanosleep(rqtp: c000069f10, rmtp: 0)
             exe-1049896 [002] ..... 1635655.170526: sys_ptrace -> 0x0
             exe-1049896 [002] ..... 1635655.170533: sys_pwrite64(fd: 63, buf: 7fd66ec48080, count: 4c, pos: 4e)
             exe-1049896 [002] ..... 1635655.170534: tracing_mark_write: open_by_handle_at(mountdirfd=292, handle=0x7f5163900000, flags=0x655480) end
             exe-1049896 [002] ..... 1635655.238358: tracing_mark_write: open_by_handle_at(mountdirfd=130, handle=0x1, flags=0x15780) start
             exe-1049896 [002] ..... 1635655.238360: sys_pwrite64 -> 0x42
             exe-1049896 [002] ..... 1635655.238364: sys_ptrace(request: 4205, pid: 100784, addr: 1, data: c0022e3c70)
             exe-1049896 [002] ..... 1635655.238373: sys_ptrace -> 0x0
             exe-1049896 [002] ..... 1635655.238374: sys_ptrace(request: 4205, pid: 100784, addr: 202, data: c0022e3c70)
             exe-1049896 [002] ..... 1635655.238382: sys_ptrace -> 0x0
             exe-1049896 [002] ..... 1635655.238383: sys_ptrace(request: 1f, pid: 100784, addr: 0, data: 0)
             exe-1049896 [002] ..... 1635655.238390: sys_ptrace -> 0x0
             exe-1049896 [002] ..... 1635655.238391: sys_wait4(upid: 100784, stat_addr: c0022e3bf4, options: 40000002, ru: 0)
             exe-1049567 [003] ..... 1635655.238405: sys_nanosleep -> 0x0
             exe-1049567 [003] ..... 1635655.238412: sys_nanosleep(rqtp: c000069f10, rmtp: 0)
             exe-1050500 [003] ..... 1635655.238438: sys_write -> 0x42
             exe-1049896 [002] ..... 1635655.238457: sys_wait4 -> 0x100784
             exe-1049896 [002] ..... 1635655.238459: sys_ptrace(request: 4204, pid: 100784, addr: 1, data: c0022e3c70)
             exe-1049896 [002] ..... 1635655.238462: sys_ptrace -> 0x0
             exe-1049896 [002] ..... 1635655.238463: sys_ptrace(request: 4204, pid: 100784, addr: 202, data: c0022e3c70)
             exe-1049896 [002] ..... 1635655.238465: sys_ptrace -> 0x0
             exe-1049896 [002] ..... 1635655.238470: sys_ptrace(request: 4205, pid: 100784, addr: 1, data: c0022e3c70)
             exe-1049896 [002] ..... 1635655.238473: sys_ptrace -> 0x0
             exe-1049896 [002] ..... 1635655.238474: sys_ptrace(request: 4205, pid: 100784, addr: 202, data: c0022e3c70)
             exe-1049896 [002] ..... 1635655.238479: sys_ptrace -> 0x0
             exe-1049896 [002] ..... 1635655.238480: sys_ptrace(request: 1f, pid: 100784, addr: 0, data: 0)
             exe-1049896 [002] ..... 1635655.238485: sys_ptrace -> 0x0
             exe-1049896 [002] ..... 1635655.238487: sys_wait4(upid: 100784, stat_addr: c0022e3bf4, options: 40000002, ru: 0)
             exe-1050500 [003] ..... 1635655.238497: sys_open_by_handle_at -> 0xffffffffffffffa1
             exe-1049896 [002] ..... 1635655.238511: sys_wait4 -> 0x100784
             exe-1049896 [002] ..... 1635655.238513: sys_ptrace(request: 4204, pid: 100784, addr: 1, data: c0022e3c70)
             exe-1049896 [002] ..... 1635655.238514: sys_ptrace -> 0x0
             exe-1049896 [002] ..... 1635655.238516: sys_ptrace(request: 4204, pid: 100784, addr: 202, data: c0022e3c70)
             exe-1049896 [002] ..... 1635655.238517: sys_ptrace -> 0x0
             exe-1049896 [002] ..... 1635655.238522: sys_pwrite64(fd: 63, buf: 7fd66ec48080, count: 40, pos: 42)
             exe-1049896 [002] ..... 1635655.238523: tracing_mark_write: open_by_handle_at(mountdirfd=130, handle=0x1, flags=0x15780) end
             exe-1049896 [002] ..... 1635655.300641: tracing_mark_write: open_by_handle_at(mountdirfd=130, handle=0x8, flags=0x64400) start
             exe-1049896 [002] ..... 1635655.300642: sys_pwrite64 -> 0x42
             exe-1049567 [003] ..... 1635655.300644: sys_nanosleep -> 0x0
             exe-1049896 [002] ..... 1635655.300647: sys_ptrace(request: 4205, pid: 100784, addr: 1, data: c0022e3c70)
             exe-1049567 [003] ..... 1635655.300649: sys_nanosleep(rqtp: c000069f10, rmtp: 0)
             exe-1049896 [002] ..... 1635655.300649: sys_ptrace -> 0x0
             exe-1049896 [002] ..... 1635655.300650: sys_ptrace(request: 4205, pid: 100784, addr: 202, data: c0022e3c70)
             exe-1049896 [002] ..... 1635655.300658: sys_ptrace -> 0x0
             exe-1049896 [002] ..... 1635655.300659: sys_ptrace(request: 1f, pid: 100784, addr: 0, data: 0)
             exe-1049896 [002] ..... 1635655.300665: sys_ptrace -> 0x0
             exe-1049896 [002] ..... 1635655.300667: sys_wait4(upid: 100784, stat_addr: c0022e3bf4, options: 40000002, ru: 0)
             exe-1050500 [003] ..... 1635655.300679: sys_write -> 0x42
             exe-1049896 [002] ..... 1635655.300711: sys_wait4 -> 0x100784
             exe-1049896 [002] ..... 1635655.300714: sys_ptrace(request: 4204, pid: 100784, addr: 1, data: c0022e3c70)
             exe-1049896 [002] ..... 1635655.300717: sys_ptrace -> 0x0
             exe-1049896 [002] ..... 1635655.300718: sys_ptrace(request: 4204, pid: 100784, addr: 202, data: c0022e3c70)
             exe-1049896 [002] ..... 1635655.300720: sys_ptrace -> 0x0
             exe-1049567 [003] ..... 1635655.300726: sys_nanosleep -> 0x0
             exe-1049896 [002] ..... 1635655.300727: sys_ptrace(request: 4205, pid: 100784, addr: 1, data: c0022e3c70)
             exe-1049896 [002] ..... 1635655.300729: sys_ptrace -> 0x0
             exe-1049896 [002] ..... 1635655.300730: sys_ptrace(request: 4205, pid: 100784, addr: 202, data: c0022e3c70)
             exe-1049567 [003] ..... 1635655.300731: sys_nanosleep(rqtp: c000069f10, rmtp: 0)
             exe-1049896 [002] ..... 1635655.300737: sys_ptrace -> 0x0
             exe-1049896 [002] ..... 1635655.300739: sys_ptrace(request: 1f, pid: 100784, addr: 0, data: 0)
             exe-1049673 [003] ..... 1635655.300749: sys_nanosleep -> 0x0
             exe-1049896 [002] ..... 1635655.300752: sys_ptrace -> 0x0
             exe-1049896 [002] ..... 1635655.300753: sys_wait4(upid: 100784, stat_addr: c0022e3bf4, options: 40000002, ru: 0)
             exe-1049673 [003] ..... 1635655.300761: sys_nanosleep(rqtp: c000069f10, rmtp: 0)
             exe-1050500 [003] ..... 1635655.300774: sys_open_by_handle_at -> 0xffffffffffffffa1
             exe-1049896 [002] ..... 1635655.300807: sys_wait4 -> 0x100784
             exe-1049896 [002] ..... 1635655.300809: sys_ptrace(request: 4204, pid: 100784, addr: 1, data: c0022e3c70)
             exe-1049896 [002] ..... 1635655.300813: sys_ptrace -> 0x0
             exe-1049896 [002] ..... 1635655.300814: sys_ptrace(request: 4204, pid: 100784, addr: 202, data: c0022e3c70)
             exe-1049896 [002] ..... 1635655.300816: sys_ptrace -> 0x0
             exe-1049896 [002] ..... 1635655.300822: sys_pwrite64(fd: 63, buf: 7fd66ec48080, count: 40, pos: 42)
             exe-1049896 [002] ..... 1635655.300823: tracing_mark_write: open_by_handle_at(mountdirfd=130, handle=0x8, flags=0x64400) end
             exe-1049896 [002] ..... 1635655.372149: tracing_mark_write: open_by_handle_at(mountdirfd=130, handle=0x7f5163d3d000, flags=0x400) start
             exe-1049896 [002] ..... 1635655.372150: sys_pwrite64 -> 0x4b
             exe-1049896 [002] ..... 1635655.372157: sys_ptrace(request: 4205, pid: 100784, addr: 1, data: c0022e3c70)
             exe-1049896 [002] ..... 1635655.372160: sys_ptrace -> 0x0
             exe-1049896 [002] ..... 1635655.372162: sys_ptrace(request: 4205, pid: 100784, addr: 202, data: c0022e3c70)
             exe-1049673 [003] ..... 1635655.372167: sys_nanosleep(rqtp: c000069f10, rmtp: 0)
             exe-1049896 [002] ..... 1635655.372174: sys_ptrace -> 0x0
             exe-1049896 [002] ..... 1635655.372175: sys_ptrace(request: 1f, pid: 100784, addr: 0, data: 0)
             exe-1049896 [002] ..... 1635655.372183: sys_ptrace -> 0x0
             exe-1049896 [002] ..... 1635655.372185: sys_wait4(upid: 100784, stat_addr: c0022e3bf4, options: 40000002, ru: 0)
             exe-1049567 [003] ..... 1635655.372192: sys_nanosleep -> 0x0
             exe-1050500 [002] ..... 1635655.372200: sys_write -> 0x4b
             exe-1049567 [003] ..... 1635655.372200: sys_nanosleep(rqtp: c000069f10, rmtp: 0)
             exe-1049896 [002] ..... 1635655.372243: sys_wait4 -> 0x100784
             exe-1049896 [002] ..... 1635655.372250: sys_ptrace(request: 4204, pid: 100784, addr: 1, data: c0022e3c70)
             exe-1049896 [002] ..... 1635655.372254: sys_ptrace -> 0x0
             exe-1049896 [002] ..... 1635655.372256: sys_ptrace(request: 4204, pid: 100784, addr: 202, data: c0022e3c70)
             exe-1049896 [002] ..... 1635655.372259: sys_ptrace -> 0x0
             exe-1049896 [002] ..... 1635655.372268: sys_ptrace(request: 4205, pid: 100784, addr: 1, data: c0022e3c70)
             exe-1049896 [002] ..... 1635655.372271: sys_ptrace -> 0x0
             exe-1049896 [002] ..... 1635655.372272: sys_ptrace(request: 4205, pid: 100784, addr: 202, data: c0022e3c70)
             exe-1049673 [003] ..... 1635655.372279: sys_nanosleep -> 0x0
             exe-1049896 [002] ..... 1635655.372285: sys_ptrace -> 0x0
             exe-1049896 [002] ..... 1635655.372287: sys_ptrace(request: 1f, pid: 100784, addr: 0, data: 0)
             exe-1049673 [003] ..... 1635655.372287: sys_futex(uaddr: c000303548, op: 81, val: 1, utime: 0, uaddr2: 0, val3: 0)
             exe-1049673 [003] .N... 1635655.372294: sys_futex -> 0x1
             exe-1049896 [002] ..... 1635655.372295: sys_ptrace -> 0x0
             exe-1049896 [002] ..... 1635655.372297: sys_wait4(upid: 100784, stat_addr: c0022e3bf4, options: 40000002, ru: 0)
             exe-1049702 [003] ..... 1635655.372298: sys_futex -> 0x0
             exe-1049702 [003] ..... 1635655.372304: sys_futex(uaddr: c000303548, op: 80, val: 0, utime: 0, uaddr2: 0, val3: 0)
             exe-1049673 [003] ..... 1635655.372311: sys_nanosleep(rqtp: c000069f10, rmtp: 0)
             exe-1050500 [002] ..... 1635655.372311: sys_open_by_handle_at -> 0xffffffffffffffa1
             exe-1049567 [003] ..... 1635655.372332: sys_nanosleep -> 0x0
             exe-1049896 [002] ..... 1635655.372335: sys_wait4 -> 0x100784
             exe-1049567 [003] ..... 1635655.372337: sys_nanosleep(rqtp: c000069f10, rmtp: 0)
             exe-1049896 [002] ..... 1635655.372339: sys_ptrace(request: 4204, pid: 100784, addr: 1, data: c0022e3c70)
             exe-1049896 [002] ..... 1635655.372343: sys_ptrace -> 0x0
             exe-1049896 [002] ..... 1635655.372345: sys_ptrace(request: 4204, pid: 100784, addr: 202, data: c0022e3c70)
             exe-1049896 [002] ..... 1635655.372347: sys_ptrace -> 0x0
             exe-1049896 [002] ..... 1635655.372362: sys_pwrite64(fd: 63, buf: 7fd66ec48080, count: 49, pos: 4b)
             exe-1049896 [002] ..... 1635655.372363: tracing_mark_write: open_by_handle_at(mountdirfd=130, handle=0x7f5163d3d000, flags=0x400) end
             exe-1049896 [002] ..... 1635655.443690: tracing_mark_write: open_by_handle_at(mountdirfd=130, handle=0x8, flags=0xe7580) start
             exe-1049896 [002] ..... 1635655.443692: sys_pwrite64 -> 0x42
             exe-1049896 [002] ..... 1635655.443699: sys_ptrace(request: 4205, pid: 100784, addr: 1, data: c0022e3c70)
             exe-1049896 [002] ..... 1635655.443702: sys_ptrace -> 0x0
             exe-1049896 [002] ..... 1635655.443703: sys_ptrace(request: 4205, pid: 100784, addr: 202, data: c0022e3c70)
             exe-1049896 [002] ..... 1635655.443715: sys_ptrace -> 0x0
             exe-1049896 [002] ..... 1635655.443717: sys_ptrace(request: 1f, pid: 100784, addr: 0, data: 0)
             exe-1049896 [002] .N... 1635655.443726: sys_ptrace -> 0x0
             exe-1049673 [003] ..... 1635655.443736: sys_nanosleep -> 0x0
             exe-1050500 [002] ..... 1635655.443737: sys_write -> 0x42
             exe-1049673 [003] ..... 1635655.443738: sys_nanosleep(rqtp: c000069f10, rmtp: 0)
             exe-1049567 [001] ..... 1635655.443749: sys_nanosleep -> 0x0
             exe-1049567 [001] ..... 1635655.443751: sys_nanosleep(rqtp: c000069f10, rmtp: 0)
             exe-1049896 [002] ..... 1635655.443758: sys_wait4(upid: 100784, stat_addr: c0022e3bf4, options: 40000002, ru: 0)
             exe-1049896 [002] ..... 1635655.443760: sys_wait4 -> 0x100784
             exe-1049896 [002] ..... 1635655.443763: sys_ptrace(request: 4204, pid: 100784, addr: 1, data: c0022e3c70)
             exe-1049896 [002] ..... 1635655.443767: sys_ptrace -> 0x0
             exe-1049896 [002] ..... 1635655.443768: sys_ptrace(request: 4204, pid: 100784, addr: 202, data: c0022e3c70)
             exe-1049896 [002] ..... 1635655.443771: sys_ptrace -> 0x0
             exe-1049896 [002] ..... 1635655.443779: sys_ptrace(request: 4205, pid: 100784, addr: 1, data: c0022e3c70)
             exe-1049896 [002] ..... 1635655.443781: sys_ptrace -> 0x0
             exe-1049896 [002] ..... 1635655.443783: sys_ptrace(request: 4205, pid: 100784, addr: 202, data: c0022e3c70)
             exe-1049896 [002] ..... 1635655.443792: sys_ptrace -> 0x0
             exe-1049896 [002] ..... 1635655.443794: sys_ptrace(request: 1f, pid: 100784, addr: 0, data: 0)
             exe-1049896 [002] .N... 1635655.443801: sys_ptrace -> 0x0
             exe-1050500 [002] ..... 1635655.443812: sys_open_by_handle_at -> 0xffffffffffffffa1
             exe-1049673 [003] ..... 1635655.443822: sys_nanosleep -> 0x0
             exe-1049673 [003] ..... 1635655.443824: sys_nanosleep(rqtp: c000069f10, rmtp: 0)
             exe-1049896 [002] ..... 1635655.443831: sys_wait4(upid: 100784, stat_addr: c0022e3bf4, options: 40000002, ru: 0)
             exe-1049896 [002] ..... 1635655.443834: sys_wait4 -> 0x100784
             exe-1049567 [001] ..... 1635655.443836: sys_nanosleep -> 0x0
             exe-1049896 [002] ..... 1635655.443836: sys_ptrace(request: 4204, pid: 100784, addr: 1, data: c0022e3c70)
             exe-1049567 [001] ..... 1635655.443838: sys_nanosleep(rqtp: c000069f10, rmtp: 0)
             exe-1049896 [002] ..... 1635655.443840: sys_ptrace -> 0x0
             exe-1049896 [002] ..... 1635655.443842: sys_ptrace(request: 4204, pid: 100784, addr: 202, data: c0022e3c70)
             exe-1049896 [002] ..... 1635655.443844: sys_ptrace -> 0x0
             exe-1049896 [002] ..... 1635655.443854: sys_pwrite64(fd: 63, buf: 7fd66ec48080, count: 40, pos: 42)
             exe-1049896 [002] ..... 1635655.443856: tracing_mark_write: open_by_handle_at(mountdirfd=130, handle=0x8, flags=0xe7580) end
             exe-1049896 [000] ..... 1635655.501944: tracing_mark_write: open_by_handle_at(mountdirfd=130, handle=0x8, flags=0x230100) start
             exe-1049896 [000] .N... 1635655.501988: sys_pwrite64 -> 0x43
             exe-1049567 [001] ..... 1635655.502016: sys_nanosleep -> 0x0
             exe-1049567 [001] ..... 1635655.502018: sys_nanosleep(rqtp: c000069f10, rmtp: 0)
             exe-1049896 [000] ..... 1635655.502044: sys_ptrace(request: 4205, pid: 100784, addr: 1, data: c0022e3c70)
             exe-1049896 [000] ..... 1635655.502049: sys_ptrace -> 0x0
             exe-1049896 [000] ..... 1635655.502051: sys_ptrace(request: 4205, pid: 100784, addr: 202, data: c0022e3c70)
             exe-1049896 [000] ..... 1635655.502064: sys_ptrace -> 0x0
             exe-1049896 [000] ..... 1635655.502066: sys_ptrace(request: 1f, pid: 100784, addr: 0, data: 0)
             exe-1050500 [002] ..... 1635655.502101: sys_write -> 0x43
             exe-1049896 [000] .N... 1635655.502102: sys_ptrace -> 0x0
             exe-1049896 [000] ..... 1635655.502147: sys_wait4(upid: 100784, stat_addr: c0022e3bf4, options: 40000002, ru: 0)
             exe-1049896 [000] ..... 1635655.502150: sys_wait4 -> 0x100784
             exe-1049896 [000] ..... 1635655.502153: sys_ptrace(request: 4204, pid: 100784, addr: 1, data: c0022e3c70)
             exe-1049896 [000] ..... 1635655.502158: sys_ptrace -> 0x0
             exe-1049896 [000] ..... 1635655.502160: sys_ptrace(request: 4204, pid: 100784, addr: 202, data: c0022e3c70)
             exe-1049896 [000] ..... 1635655.502162: sys_ptrace -> 0x0
             exe-1049896 [000] ..... 1635655.502171: sys_ptrace(request: 4205, pid: 100784, addr: 1, data: c0022e3c70)
             exe-1049896 [000] ..... 1635655.502174: sys_ptrace -> 0x0
             exe-1049896 [000] ..... 1635655.502175: sys_ptrace(request: 4205, pid: 100784, addr: 202, data: c0022e3c70)
             exe-1049896 [000] ..... 1635655.502187: sys_ptrace -> 0x0
             exe-1049896 [000] ..... 1635655.502189: sys_ptrace(request: 1f, pid: 100784, addr: 0, data: 0)
             exe-1050500 [002] ..... 1635655.502219: sys_open_by_handle_at -> 0xffffffffffffffa1
             exe-1049896 [000] .N... 1635655.502224: sys_ptrace -> 0x0
             exe-1049896 [000] ..... 1635655.502269: sys_wait4(upid: 100784, stat_addr: c0022e3bf4, options: 40000002, ru: 0)
             exe-1049896 [000] ..... 1635655.502272: sys_wait4 -> 0x100784
             exe-1049896 [000] ..... 1635655.502275: sys_ptrace(request: 4204, pid: 100784, addr: 1, data: c0022e3c70)
             exe-1049896 [000] ..... 1635655.502279: sys_ptrace -> 0x0
             exe-1049896 [000] ..... 1635655.502281: sys_ptrace(request: 4204, pid: 100784, addr: 202, data: c0022e3c70)
             exe-1049896 [000] ..... 1635655.502283: sys_ptrace -> 0x0
             exe-1049896 [000] ..... 1635655.502299: sys_pwrite64(fd: 63, buf: 7fd66ec48080, count: 41, pos: 43)
             exe-1049896 [000] ..... 1635655.502302: tracing_mark_write: open_by_handle_at(mountdirfd=130, handle=0x8, flags=0x230100) end
             exe-1049896 [000] ..... 1635655.570483: tracing_mark_write: open_by_handle_at(mountdirfd=369, handle=0x8, flags=0x0) start
             exe-1049896 [000] ..... 1635655.570485: sys_pwrite64 -> 0x3e
             exe-1049673 [003] ..... 1635655.570533: sys_nanosleep -> 0x0
             exe-1049673 [003] ..... 1635655.570535: sys_nanosleep(rqtp: c000069f10, rmtp: 0)
             exe-1049896 [000] ..... 1635655.570568: sys_ptrace(request: 4205, pid: 100784, addr: 1, data: c0022e3c70)
             exe-1049896 [000] ..... 1635655.570573: sys_ptrace -> 0x0
             exe-1049896 [000] ..... 1635655.570575: sys_ptrace(request: 4205, pid: 100784, addr: 202, data: c0022e3c70)
             exe-1049896 [000] ..... 1635655.570590: sys_ptrace -> 0x0
             exe-1049896 [000] ..... 1635655.570592: sys_ptrace(request: 1f, pid: 100784, addr: 0, data: 0)
             exe-1049896 [000] ..... 1635655.570607: sys_ptrace -> 0x0
             exe-1049673 [003] ..... 1635655.570625: sys_nanosleep -> 0x0
             exe-1049673 [003] ..... 1635655.570627: sys_nanosleep(rqtp: c000069f10, rmtp: 0)
             exe-1050500 [002] ..... 1635655.570629: sys_write -> 0x3e
             exe-1049896 [000] ..... 1635655.570678: sys_wait4(upid: 100784, stat_addr: c0022e3bf4, options: 40000002, ru: 0)
             exe-1049896 [000] ..... 1635655.570681: sys_wait4 -> 0x100784
             exe-1049896 [000] ..... 1635655.570685: sys_ptrace(request: 4204, pid: 100784, addr: 1, data: c0022e3c70)
             exe-1049896 [000] ..... 1635655.570689: sys_ptrace -> 0x0
             exe-1049896 [000] ..... 1635655.570691: sys_ptrace(request: 4204, pid: 100784, addr: 202, data: c0022e3c70)
             exe-1049896 [000] ..... 1635655.570693: sys_ptrace -> 0x0
             exe-1049896 [000] ..... 1635655.570706: sys_ptrace(request: 4205, pid: 100784, addr: 1, data: c0022e3c70)
             exe-1049896 [000] ..... 1635655.570708: sys_ptrace -> 0x0
             exe-1049896 [000] ..... 1635655.570710: sys_ptrace(request: 4205, pid: 100784, addr: 202, data: c0022e3c70)
             exe-1049567 [001] ..... 1635655.570712: sys_nanosleep -> 0x0
             exe-1049673 [003] ..... 1635655.570717: sys_nanosleep -> 0x0
             exe-1049567 [001] ..... 1635655.570719: sys_nanosleep(rqtp: c000069f10, rmtp: 0)
             exe-1049673 [003] ..... 1635655.570719: sys_nanosleep(rqtp: c000069f10, rmtp: 0)
             exe-1049896 [000] ..... 1635655.570722: sys_ptrace -> 0x0
             exe-1049896 [000] ..... 1635655.570794: sys_ptrace(request: 1f, pid: 100784, addr: 0, data: 0)
             exe-1049673 [003] ..... 1635655.570808: sys_nanosleep -> 0x0
             exe-1049896 [000] ..... 1635655.570810: sys_ptrace -> 0x0
             exe-1049673 [003] ..... 1635655.570810: sys_nanosleep(rqtp: c000069f10, rmtp: 0)
             exe-1049896 [000] ..... 1635655.570813: sys_wait4(upid: 100784, stat_addr: c0022e3bf4, options: 40000002, ru: 0)
             exe-1050500 [002] ..... 1635655.570824: sys_open_by_handle_at -> 0xffffffffffffffa1
             exe-1049673 [003] ..... 1635655.570899: sys_nanosleep -> 0x0
             exe-1049896 [000] ..... 1635655.570900: sys_wait4 -> 0x100784
             exe-1049673 [003] ..... 1635655.570901: sys_nanosleep(rqtp: c000069f10, rmtp: 0)
             exe-1049896 [000] ..... 1635655.570906: sys_ptrace(request: 4204, pid: 100784, addr: 1, data: c0022e3c70)
             exe-1049896 [000] ..... 1635655.570912: sys_ptrace -> 0x0
             exe-1049896 [000] ..... 1635655.570914: sys_ptrace(request: 4204, pid: 100784, addr: 202, data: c0022e3c70)
             exe-1049896 [000] ..... 1635655.570916: sys_ptrace -> 0x0
             exe-1049896 [000] ..... 1635655.570933: sys_pwrite64(fd: 63, buf: 7fd66ec48080, count: 3c, pos: 3e)
             exe-1049896 [000] ..... 1635655.570942: tracing_mark_write: open_by_handle_at(mountdirfd=369, handle=0x8, flags=0x0) end
             exe-1049896 [000] ..... 1635655.642394: tracing_mark_write: open_by_handle_at(mountdirfd=369, handle=0x7f5162000000, flags=0x80100) start
             exe-1049896 [000] ..... 1635655.642396: sys_pwrite64 -> 0x4d
             exe-1049896 [000] ..... 1635655.642479: sys_ptrace(request: 4205, pid: 100784, addr: 1, data: c0022e3c70)
             exe-1049896 [000] ..... 1635655.642485: sys_ptrace -> 0x0
             exe-1049896 [000] ..... 1635655.642487: sys_ptrace(request: 4205, pid: 100784, addr: 202, data: c0022e3c70)
             exe-1049896 [000] ..... 1635655.642502: sys_ptrace -> 0x0
             exe-1049896 [000] ..... 1635655.642504: sys_ptrace(request: 1f, pid: 100784, addr: 0, data: 0)
             exe-1049896 [000] .N... 1635655.642543: sys_ptrace -> 0x0
             exe-1050500 [002] ..... 1635655.642543: sys_write -> 0x4d
             exe-1049896 [000] ..... 1635655.642589: sys_wait4(upid: 100784, stat_addr: c0022e3bf4, options: 40000002, ru: 0)
             exe-1049896 [000] ..... 1635655.642592: sys_wait4 -> 0x100784
             exe-1049896 [000] ..... 1635655.642595: sys_ptrace(request: 4204, pid: 100784, addr: 1, data: c0022e3c70)
             exe-1049896 [000] ..... 1635655.642600: sys_ptrace -> 0x0
             exe-1049896 [000] ..... 1635655.642602: sys_ptrace(request: 4204, pid: 100784, addr: 202, data: c0022e3c70)
             exe-1049896 [000] ..... 1635655.642605: sys_ptrace -> 0x0
             exe-1049896 [000] ..... 1635655.642617: sys_ptrace(request: 4205, pid: 100784, addr: 1, data: c0022e3c70)
             exe-1049896 [000] ..... 1635655.642619: sys_ptrace -> 0x0
             exe-1049896 [000] ..... 1635655.642621: sys_ptrace(request: 4205, pid: 100784, addr: 202, data: c0022e3c70)
             exe-1049896 [000] ..... 1635655.642661: sys_ptrace -> 0x0
             exe-1049896 [000] ..... 1635655.642707: sys_ptrace(request: 1f, pid: 100784, addr: 0, data: 0)
             exe-1049896 [000] ..... 1635655.642723: sys_ptrace -> 0x0
             exe-1049896 [000] ..... 1635655.642727: sys_wait4(upid: 100784, stat_addr: c0022e3bf4, options: 40000002, ru: 0)
             exe-1050500 [002] ..... 1635655.642737: sys_open_by_handle_at -> 0xffffffffffffffa1
             exe-1049896 [000] .N... 1635655.643310: sys_wait4 -> 0x100784
             exe-1049896 [000] ..... 1635655.643375: sys_ptrace(request: 4204, pid: 100784, addr: 1, data: c0022e3c70)
             exe-1049896 [000] ..... 1635655.643383: sys_ptrace -> 0x0
             exe-1049896 [000] ..... 1635655.643385: sys_ptrace(request: 4204, pid: 100784, addr: 202, data: c0022e3c70)
             exe-1049896 [000] ..... 1635655.643389: sys_ptrace -> 0x0
             exe-1049896 [000] ..... 1635655.643407: sys_pwrite64(fd: 63, buf: 7fd66ec48080, count: 4b, pos: 4d)
             exe-1049896 [000] ..... 1635655.643411: tracing_mark_write: open_by_handle_at(mountdirfd=369, handle=0x7f5162000000, flags=0x80100) end
             exe-1049896 [000] ..... 1635655.710006: tracing_mark_write: open_by_handle_at(mountdirfd=369, handle=0x0, flags=0x6b5300) start
             exe-1049896 [000] ..... 1635655.710008: sys_pwrite64 -> 0x43
             exe-1049567 [001] ..... 1635655.710011: sys_nanosleep -> 0x0
             exe-1049567 [001] ..... 1635655.710013: sys_nanosleep(rqtp: c000069f10, rmtp: 0)
             exe-1049896 [000] ..... 1635655.710016: sys_ptrace(request: 4205, pid: 100784, addr: 1, data: c0022e3c70)
             exe-1049673 [003] ..... 1635655.710026: sys_nanosleep -> 0x0
             exe-1049673 [003] ..... 1635655.710028: sys_nanosleep(rqtp: c000069f10, rmtp: 0)
             exe-1049896 [000] .N... 1635655.710048: sys_ptrace -> 0x0
             exe-1049896 [000] ..... 1635655.710094: sys_ptrace(request: 4205, pid: 100784, addr: 202, data: c0022e3c70)
             exe-1049896 [000] ..... 1635655.710110: sys_ptrace -> 0x0
             exe-1049896 [000] ..... 1635655.710112: sys_ptrace(request: 1f, pid: 100784, addr: 0, data: 0)
             exe-1049673 [003] ..... 1635655.710117: sys_nanosleep -> 0x0
             exe-1049673 [003] ..... 1635655.710119: sys_nanosleep(rqtp: c000069f10, rmtp: 0)
             exe-1049896 [000] ..... 1635655.710127: sys_ptrace -> 0x0
             exe-1049896 [000] ..... 1635655.710130: sys_wait4(upid: 100784, stat_addr: c0022e3bf4, options: 40000002, ru: 0)
             exe-1050500 [002] ..... 1635655.710147: sys_write -> 0x43
             exe-1049896 [000] ..... 1635655.710205: sys_wait4 -> 0x100784
             exe-1049673 [003] ..... 1635655.710208: sys_nanosleep -> 0x0
             exe-1049673 [003] ..... 1635655.710210: sys_nanosleep(rqtp: c000069f10, rmtp: 0)
             exe-1049896 [000] ..... 1635655.710211: sys_ptrace(request: 4204, pid: 100784, addr: 1, data: c0022e3c70)
             exe-1049896 [000] ..... 1635655.710216: sys_ptrace -> 0x0
             exe-1049896 [000] ..... 1635655.710218: sys_ptrace(request: 4204, pid: 100784, addr: 202, data: c0022e3c70)
             exe-1049896 [000] ..... 1635655.710221: sys_ptrace -> 0x0
             exe-1049896 [000] ..... 1635655.710230: sys_ptrace(request: 4205, pid: 100784, addr: 1, data: c0022e3c70)
             exe-1049896 [000] ..... 1635655.710233: sys_ptrace -> 0x0
             exe-1049896 [000] ..... 1635655.710235: sys_ptrace(request: 4205, pid: 100784, addr: 202, data: c0022e3c70)
             exe-1049896 [000] ..... 1635655.710247: sys_ptrace -> 0x0
             exe-1049896 [000] ..... 1635655.710249: sys_ptrace(request: 1f, pid: 100784, addr: 0, data: 0)
             exe-1049567 [001] ..... 1635655.710261: sys_nanosleep -> 0x0
             exe-1049567 [001] ..... 1635655.710263: sys_nanosleep(rqtp: c000069f10, rmtp: 0)
             exe-1050500 [002] ..... 1635655.710280: sys_open_by_handle_at -> 0xffffffffffffffa1
             exe-1049896 [000] .N... 1635655.710285: sys_ptrace -> 0x0
             exe-1049673 [003] ..... 1635655.710299: sys_nanosleep -> 0x0
             exe-1049673 [003] ..... 1635655.710301: sys_nanosleep(rqtp: c000069f10, rmtp: 0)
             exe-1049896 [000] ..... 1635655.710331: sys_wait4(upid: 100784, stat_addr: c0022e3bf4, options: 40000002, ru: 0)
             exe-1049896 [000] ..... 1635655.710335: sys_wait4 -> 0x100784
             exe-1049896 [000] ..... 1635655.710337: sys_ptrace(request: 4204, pid: 100784, addr: 1, data: c0022e3c70)
             exe-1049896 [000] ..... 1635655.710341: sys_ptrace -> 0x0
             exe-1049896 [000] ..... 1635655.710343: sys_ptrace(request: 4204, pid: 100784, addr: 202, data: c0022e3c70)
             exe-1049896 [000] ..... 1635655.710346: sys_ptrace -> 0x0
             exe-1049896 [000] ..... 1635655.710362: sys_pwrite64(fd: 63, buf: 7fd66ec48080, count: 41, pos: 43)
             exe-1049896 [000] ..... 1635655.710364: tracing_mark_write: open_by_handle_at(mountdirfd=369, handle=0x0, flags=0x6b5300) end
             exe-1049896 [000] ..... 1635655.777897: tracing_mark_write: open_by_handle_at(mountdirfd=369, handle=0x4, flags=0x33980) start
             exe-1049896 [000] ..... 1635655.777899: sys_pwrite64 -> 0x42
             exe-1049896 [000] ..... 1635655.777906: sys_ptrace(request: 4205, pid: 100784, addr: 1, data: c0022e3c70)
             exe-1049896 [000] ..... 1635655.777909: sys_ptrace -> 0x0
             exe-1049896 [000] ..... 1635655.777911: sys_ptrace(request: 4205, pid: 100784, addr: 202, data: c0022e3c70)
             exe-1049673 [003] ..... 1635655.777944: sys_nanosleep -> 0x0
             exe-1049673 [003] ..... 1635655.777946: sys_nanosleep(rqtp: c000069f10, rmtp: 0)
             exe-1049896 [000] ..... 1635655.777989: sys_ptrace -> 0x0
             exe-1049896 [000] ..... 1635655.777993: sys_ptrace(request: 1f, pid: 100784, addr: 0, data: 0)
             exe-1049567 [001] ..... 1635655.777995: sys_nanosleep -> 0x0
             exe-1049567 [001] ..... 1635655.777999: sys_nanosleep(rqtp: c000069f10, rmtp: 0)
             exe-1049896 [000] ..... 1635655.778008: sys_ptrace -> 0x0
             exe-1049896 [000] ..... 1635655.778011: sys_wait4(upid: 100784, stat_addr: c0022e3bf4, options: 40000002, ru: 0)
             exe-1050500 [002] ..... 1635655.778029: sys_write -> 0x42
             exe-1049673 [003] ..... 1635655.778035: sys_nanosleep -> 0x0
             exe-1049673 [003] ..... 1635655.778037: sys_nanosleep(rqtp: c000069f10, rmtp: 0)
             exe-1049896 [000] ..... 1635655.778096: sys_wait4 -> 0x100784
             exe-1049896 [000] ..... 1635655.778102: sys_ptrace(request: 4204, pid: 100784, addr: 1, data: c0022e3c70)
             exe-1049896 [000] ..... 1635655.778106: sys_ptrace -> 0x0
             exe-1049896 [000] ..... 1635655.778108: sys_ptrace(request: 4204, pid: 100784, addr: 202, data: c0022e3c70)
             exe-1049896 [000] ..... 1635655.778110: sys_ptrace -> 0x0
             exe-1049896 [000] ..... 1635655.778119: sys_ptrace(request: 4205, pid: 100784, addr: 1, data: c0022e3c70)
             exe-1049896 [000] ..... 1635655.778121: sys_ptrace -> 0x0
             exe-1049896 [000] ..... 1635655.778123: sys_ptrace(request: 4205, pid: 100784, addr: 202, data: c0022e3c70)
             exe-1049673 [003] ..... 1635655.778126: sys_nanosleep -> 0x0
             exe-1049673 [003] ..... 1635655.778129: sys_nanosleep(rqtp: c000069f10, rmtp: 0)
             exe-1049896 [000] ..... 1635655.778134: sys_ptrace -> 0x0
             exe-1049896 [000] ..... 1635655.778136: sys_ptrace(request: 1f, pid: 100784, addr: 0, data: 0)
             exe-1050500 [002] ..... 1635655.778163: sys_open_by_handle_at -> 0xffffffffffffffa1
             exe-1049896 [000] .N... 1635655.778169: sys_ptrace -> 0x0
             exe-1049896 [000] ..... 1635655.778213: sys_wait4(upid: 100784, stat_addr: c0022e3bf4, options: 40000002, ru: 0)
             exe-1049896 [000] ..... 1635655.778216: sys_wait4 -> 0x100784
             exe-1049896 [000] ..... 1635655.778218: sys_ptrace(request: 4204, pid: 100784, addr: 1, data: c0022e3c70)
             exe-1049673 [003] ..... 1635655.778219: sys_nanosleep -> 0x0
             exe-1049673 [003] ..... 1635655.778221: sys_nanosleep(rqtp: c000069f10, rmtp: 0)
             exe-1049896 [000] ..... 1635655.778222: sys_ptrace -> 0x0
             exe-1049896 [000] ..... 1635655.778224: sys_ptrace(request: 4204, pid: 100784, addr: 202, data: c0022e3c70)
             exe-1049896 [000] ..... 1635655.778226: sys_ptrace -> 0x0
             exe-1049896 [000] ..... 1635655.778241: sys_pwrite64(fd: 63, buf: 7fd66ec48080, count: 40, pos: 42)
             exe-1049896 [000] ..... 1635655.778243: tracing_mark_write: open_by_handle_at(mountdirfd=369, handle=0x4, flags=0x33980) end
             exe-1049896 [000] ..... 1635655.849572: tracing_mark_write: open_by_handle_at(mountdirfd=369, handle=0x0, flags=0x4d7580) start
             exe-1049896 [000] ..... 1635655.849574: sys_pwrite64 -> 0x43
             exe-1049673 [003] ..... 1635655.849575: sys_nanosleep -> 0x0
             exe-1049673 [003] ..... 1635655.849577: sys_nanosleep(rqtp: c000069f10, rmtp: 0)
             exe-1049896 [000] ..... 1635655.849611: sys_ptrace(request: 4205, pid: 100784, addr: 1, data: c0022e3c70)
             exe-1049896 [000] .N... 1635655.849614: sys_ptrace -> 0x0
             exe-1049896 [000] ..... 1635655.849659: sys_ptrace(request: 4205, pid: 100784, addr: 202, data: c0022e3c70)
             exe-1049673 [003] ..... 1635655.849688: sys_nanosleep -> 0x0
             exe-1049673 [003] ..... 1635655.849691: sys_nanosleep(rqtp: c000069f10, rmtp: 0)
             exe-1049896 [000] ..... 1635655.849697: sys_ptrace -> 0x0
             exe-1049896 [000] ..... 1635655.849699: sys_ptrace(request: 1f, pid: 100784, addr: 0, data: 0)
             exe-1049896 [000] .N... 1635655.849736: sys_ptrace -> 0x0
             exe-1050500 [002] ..... 1635655.849739: sys_write -> 0x43
             exe-1049673 [003] ..... 1635655.849780: sys_nanosleep -> 0x0
             exe-1049896 [000] ..... 1635655.849782: sys_wait4(upid: 100784, stat_addr: c0022e3bf4, options: 40000002, ru: 0)
             exe-1049673 [003] ..... 1635655.849782: sys_nanosleep(rqtp: c000069f10, rmtp: 0)
             exe-1049896 [000] ..... 1635655.849785: sys_wait4 -> 0x100784
             exe-1049896 [000] ..... 1635655.849788: sys_ptrace(request: 4204, pid: 100784, addr: 1, data: c0022e3c70)
             exe-1049896 [000] ..... 1635655.849793: sys_ptrace -> 0x0
             exe-1049896 [000] ..... 1635655.849795: sys_ptrace(request: 4204, pid: 100784, addr: 202, data: c0022e3c70)
             exe-1049896 [000] ..... 1635655.849798: sys_ptrace -> 0x0
             exe-1049567 [001] ..... 1635655.849804: sys_nanosleep -> 0x0
             exe-1049896 [000] ..... 1635655.849807: sys_ptrace(request: 4205, pid: 100784, addr: 1, data: c0022e3c70)
             exe-1049896 [000] ..... 1635655.849810: sys_ptrace -> 0x0
             exe-1049567 [001] ..... 1635655.849811: sys_nanosleep(rqtp: c000069f10, rmtp: 0)
             exe-1049896 [000] ..... 1635655.849812: sys_ptrace(request: 4205, pid: 100784, addr: 202, data: c0022e3c70)
             exe-1049896 [000] ..... 1635655.849824: sys_ptrace -> 0x0
             exe-1049673 [003] ..... 1635655.849871: sys_nanosleep -> 0x0
             exe-1049673 [003] ..... 1635655.849874: sys_nanosleep(rqtp: c000069f10, rmtp: 0)
             exe-1049896 [000] ..... 1635655.849898: sys_ptrace(request: 1f, pid: 100784, addr: 0, data: 0)
             exe-1049896 [000] ..... 1635655.849915: sys_ptrace -> 0x0
             exe-1049896 [000] ..... 1635655.849918: sys_wait4(upid: 100784, stat_addr: c0022e3bf4, options: 40000002, ru: 0)
             exe-1050500 [002] ..... 1635655.849928: sys_open_by_handle_at -> 0xffffffffffffffa1
             exe-1049673 [003] ..... 1635655.849963: sys_nanosleep -> 0x0
             exe-1049673 [003] ..... 1635655.849965: sys_nanosleep(rqtp: c000069f10, rmtp: 0)
             exe-1049896 [000] ..... 1635655.850004: sys_wait4 -> 0x100784
             exe-1049896 [000] ..... 1635655.850010: sys_ptrace(request: 4204, pid: 100784, addr: 1, data: c0022e3c70)
             exe-1049896 [000] ..... 1635655.850015: sys_ptrace -> 0x0
             exe-1049896 [000] ..... 1635655.850017: sys_ptrace(request: 4204, pid: 100784, addr: 202, data: c0022e3c70)
             exe-1049896 [000] ..... 1635655.850019: sys_ptrace -> 0x0
             exe-1049896 [000] ..... 1635655.850037: sys_pwrite64(fd: 63, buf: 7fd66ec48080, count: 41, pos: 43)
             exe-1049896 [000] ..... 1635655.850040: tracing_mark_write: open_by_handle_at(mountdirfd=369, handle=0x0, flags=0x4d7580) end
             exe-1049896 [000] ..... 1635655.911252: tracing_mark_write: open_by_handle_at(mountdirfd=369, handle=0x7f5161c00000, flags=0x0) start
             exe-1049896 [000] ..... 1635655.911254: sys_pwrite64 -> 0x49
             exe-1049896 [000] ..... 1635655.911261: sys_ptrace(request: 4205, pid: 100784, addr: 1, data: c0022e3c70)
             exe-1049896 [000] .N... 1635655.911298: sys_ptrace -> 0x0
             exe-1049896 [000] ..... 1635655.911415: sys_ptrace(request: 4205, pid: 100784, addr: 202, data: c0022e3c70)
             exe-1049896 [000] ..... 1635655.911437: sys_ptrace -> 0x0
             exe-1049896 [000] ..... 1635655.911439: sys_ptrace(request: 1f, pid: 100784, addr: 0, data: 0)
             exe-1049896 [000] ..... 1635655.911448: sys_ptrace -> 0x0
             exe-1049896 [000] ..... 1635655.911451: sys_wait4(upid: 100784, stat_addr: c0022e3bf4, options: 40000002, ru: 0)
             exe-1049673 [002] ..... 1635655.911460: sys_nanosleep -> 0x0
             exe-1049673 [002] ..... 1635655.911463: sys_nanosleep(rqtp: c000069f10, rmtp: 0)
             exe-1050500 [000] ..... 1635655.911597: sys_write -> 0x49
             exe-1049896 [000] ..... 1635655.911623: sys_wait4 -> 0x100784
             exe-1049896 [000] ..... 1635655.911629: sys_ptrace(request: 4204, pid: 100784, addr: 1, data: c0022e3c70)
             exe-1049896 [000] ..... 1635655.911635: sys_ptrace -> 0x0
             exe-1049896 [000] ..... 1635655.911637: sys_ptrace(request: 4204, pid: 100784, addr: 202, data: c0022e3c70)
             exe-1049896 [000] ..... 1635655.911640: sys_ptrace -> 0x0
             exe-1049896 [000] ..... 1635655.911721: sys_ptrace(request: 4205, pid: 100784, addr: 1, data: c0022e3c70)
             exe-1049896 [000] ..... 1635655.911725: sys_ptrace -> 0x0
             exe-1049896 [000] ..... 1635655.911727: sys_ptrace(request: 4205, pid: 100784, addr: 202, data: c0022e3c70)
             exe-1049896 [000] ..... 1635655.911747: sys_ptrace -> 0x0
             exe-1049896 [000] ..... 1635655.911749: sys_ptrace(request: 1f, pid: 100784, addr: 0, data: 0)
             exe-1049896 [000] ..... 1635655.911755: sys_ptrace -> 0x0
             exe-1049896 [000] ..... 1635655.911759: sys_wait4(upid: 100784, stat_addr: c0022e3bf4, options: 40000002, ru: 0)
             exe-1050500 [000] ..... 1635655.911838: sys_open_by_handle_at -> 0xffffffffffffffa1
             exe-1049896 [000] ..... 1635655.911863: sys_wait4 -> 0x100784
             exe-1049896 [000] ..... 1635655.911869: sys_ptrace(request: 4204, pid: 100784, addr: 1, data: c0022e3c70)
             exe-1049896 [000] ..... 1635655.911874: sys_ptrace -> 0x0
             exe-1049896 [000] ..... 1635655.911876: sys_ptrace(request: 4204, pid: 100784, addr: 202, data: c0022e3c70)
             exe-1049896 [000] ..... 1635655.911879: sys_ptrace -> 0x0
             exe-1049896 [000] ..... 1635655.911968: sys_pwrite64(fd: 63, buf: 7fd66ec48080, count: 47, pos: 49)
             exe-1049896 [000] ..... 1635655.911971: tracing_mark_write: open_by_handle_at(mountdirfd=369, handle=0x7f5161c00000, flags=0x0) end
             exe-1049896 [000] ..... 1635655.979080: tracing_mark_write: open_by_handle_at(mountdirfd=16, handle=0x7f5161c00000, flags=0x303b80) start
             exe-1049896 [000] ..... 1635655.979081: sys_pwrite64 -> 0x4d
             exe-1049896 [000] ..... 1635655.979088: sys_ptrace(request: 4205, pid: 100784, addr: 1, data: c0022e3c70)
             exe-1049896 [000] ..... 1635655.979091: sys_ptrace -> 0x0
             exe-1049896 [000] ..... 1635655.979092: sys_ptrace(request: 4205, pid: 100784, addr: 202, data: c0022e3c70)
             exe-1049702 [003] ..... 1635655.979093: sys_futex -> 0x0
             exe-1049896 [000] ..... 1635655.979105: sys_ptrace -> 0x0
             exe-1049702 [003] ..... 1635655.979106: sys_futex(uaddr: c000303548, op: 80, val: 0, utime: 0, uaddr2: 0, val3: 0)
             exe-1049896 [000] ..... 1635655.979106: sys_ptrace(request: 1f, pid: 100784, addr: 0, data: 0)
             exe-1049896 [000] .N... 1635655.979114: sys_ptrace -> 0x0
             exe-1050500 [000] ..... 1635655.979126: sys_write -> 0x4d
             exe-1049896 [000] ..... 1635655.979148: sys_wait4(upid: 100784, stat_addr: c0022e3bf4, options: 40000002, ru: 0)
             exe-1049896 [000] ..... 1635655.979151: sys_wait4 -> 0x100784
             exe-1049896 [000] ..... 1635655.979153: sys_ptrace(request: 4204, pid: 100784, addr: 1, data: c0022e3c70)
             exe-1049896 [000] ..... 1635655.979157: sys_ptrace -> 0x0
             exe-1049896 [000] ..... 1635655.979159: sys_ptrace(request: 4204, pid: 100784, addr: 202, data: c0022e3c70)
             exe-1049896 [000] ..... 1635655.979161: sys_ptrace -> 0x0
             exe-1049673 [002] ..... 1635655.979162: sys_nanosleep -> 0x0
             exe-1049673 [002] ..... 1635655.979166: sys_futex(uaddr: 1f09dc0, op: 80, val: 0, utime: c000069eb0, uaddr2: 0, val3: 0)
             exe-1049896 [000] ..... 1635655.979168: sys_ptrace(request: 4205, pid: 100784, addr: 1, data: c0022e3c70)
             exe-1049896 [000] ..... 1635655.979171: sys_ptrace -> 0x0
             exe-1049896 [000] ..... 1635655.979172: sys_ptrace(request: 4205, pid: 100784, addr: 202, data: c0022e3c70)
             exe-1049896 [000] ..... 1635655.979182: sys_ptrace -> 0x0
             exe-1049896 [000] ..... 1635655.979184: sys_ptrace(request: 1f, pid: 100784, addr: 0, data: 0)
             exe-1049896 [000] .N... 1635655.979191: sys_ptrace -> 0x0
             exe-1050500 [000] ..... 1635655.979202: sys_open_by_handle_at -> 0xffffffffffffffa1
             exe-1049896 [000] ..... 1635655.979221: sys_wait4(upid: 100784, stat_addr: c0022e3bf4, options: 40000002, ru: 0)
             exe-1049896 [000] ..... 1635655.979224: sys_wait4 -> 0x100784
             exe-1049896 [000] ..... 1635655.979226: sys_ptrace(request: 4204, pid: 100784, addr: 1, data: c0022e3c70)
             exe-1049896 [000] ..... 1635655.979230: sys_ptrace -> 0x0
             exe-1049896 [000] ..... 1635655.979232: sys_ptrace(request: 4204, pid: 100784, addr: 202, data: c0022e3c70)
             exe-1049896 [000] ..... 1635655.979234: sys_ptrace -> 0x0
             exe-1049896 [000] ..... 1635655.979243: sys_pwrite64(fd: 63, buf: 7fd66ec48080, count: 4b, pos: 4d)
             exe-1049896 [000] ..... 1635655.979245: tracing_mark_write: open_by_handle_at(mountdirfd=16, handle=0x7f5161c00000, flags=0x303b80) end
             exe-1049896 [003] ..... 1635656.078021: tracing_mark_write: open_by_handle_at(mountdirfd=16, handle=0x1, flags=0x3d5a00) start
             exe-1049896 [003] ..... 1635656.078036: sys_pwrite64 -> 0x42
             exe-1049896 [003] ..... 1635656.078044: sys_ptrace(request: 4205, pid: 100784, addr: 1, data: c0022e3c70)
