             exe-1049896 [000] ..... 1635658.113181: sys_ptrace(request: 4204, pid: 100784, addr: 1, data: c0022e3c70)
             exe-1049673 [001] ..... 1635658.113182: sys_nanosleep -> 0x0
             exe-1049896 [000] ..... 1635658.113183: sys_ptrace -> 0x0
             exe-1049896 [000] ..... 1635658.113185: sys_ptrace(request: 4204, pid: 100784, addr: 202, data: c0022e3c70)
             exe-1049896 [000] ..... 1635658.113187: sys_ptrace -> 0x0
             exe-1049673 [001] ..... 1635658.113189: sys_futex(uaddr: 1f09dc0, op: 80, val: 0, utime: c000069eb0, uaddr2: 0, val3: 0)
             exe-1049896 [000] ..... 1635658.113192: sys_pwrite64(fd: 63, buf: 7fd66ec48080, count: 41, pos: 43)
             exe-1049896 [000] ..... 1635658.113194: tracing_mark_write: open_by_handle_at(mountdirfd=276, handle=0x4, flags=0x393881) end
             exe-1049896 [000] ..... 1635658.200172: tracing_mark_write: open_by_handle_at(mountdirfd=373, handle=0x8, flags=0x121881) start
             exe-1049896 [000] ..... 1635658.200173: sys_pwrite64 -> 0x43
             exe-1049567 [002] ..... 1635658.200178: sys_nanosleep -> 0x0
             exe-1049896 [000] ..... 1635658.200178: sys_ptrace(request: 4205, pid: 100784, addr: 1, data: c0022e3c70)
             exe-1049896 [000] ..... 1635658.200181: sys_ptrace -> 0x0
             exe-1049896 [000] ..... 1635658.200182: sys_ptrace(request: 4205, pid: 100784, addr: 202, data: c0022e3c70)
             exe-1049567 [002] ..... 1635658.200184: sys_nanosleep(rqtp: c000069f10, rmtp: 0)
             exe-1049896 [000] ..... 1635658.200190: sys_ptrace -> 0x0
             exe-1049896 [000] ..... 1635658.200191: sys_ptrace(request: 1f, pid: 100784, addr: 0, data: 0)
             exe-1049673 [001] ..... 1635658.200195: sys_nanosleep -> 0x0
             exe-1049896 [000] ..... 1635658.200200: sys_ptrace -> 0x0
             exe-1049896 [000] ..... 1635658.200202: sys_wait4(upid: 100784, stat_addr: c0022e3bf4, options: 40000002, ru: 0)
             exe-1050500 [001] ..... 1635658.200221: sys_write -> 0x43
             exe-1049896 [000] ..... 1635658.200247: sys_wait4 -> 0x100784
             exe-1049896 [000] ..... 1635658.200251: sys_ptrace(request: 4204, pid: 100784, addr: 1, data: c0022e3c70)
             exe-1049896 [000] ..... 1635658.200280: sys_ptrace -> 0x0
             exe-1050008 [003] ..... 1635658.200282: sys_epoll_pwait -> 0x0
             exe-1049896 [000] ..... 1635658.200284: sys_ptrace(request: 4204, pid: 100784, addr: 202, data: c0022e3c70)
             exe-1049567 [002] ..... 1635658.200287: sys_nanosleep -> 0x0
             exe-1049896 [000] ..... 1635658.200288: sys_ptrace -> 0x0
             exe-1049673 [001] ..... 1635658.200289: sys_futex(uaddr: 1f09dc0, op: 80, val: 0, utime: c000069eb0, uaddr2: 0, val3: 0)
             exe-1049567 [002] ..... 1635658.200293: sys_nanosleep(rqtp: c000069f10, rmtp: 0)
             exe-1049896 [000] ..... 1635658.200295: sys_ptrace(request: 4205, pid: 100784, addr: 1, data: c0022e3c70)
             exe-1050008 [003] ..... 1635658.200300: sys_epoll_pwait(epfd: 11, events: c000a2d840, maxevents: 80, timeout: 1, sigmask: 0, sigsetsize: 0)
             exe-1049896 [000] ..... 1635658.200305: sys_ptrace -> 0x0
             exe-1049896 [000] ..... 1635658.200307: sys_ptrace(request: 4205, pid: 100784, addr: 202, data: c0022e3c70)
             exe-1049896 [000] ..... 1635658.200321: sys_ptrace -> 0x0
             exe-1049896 [000] ..... 1635658.200324: sys_ptrace(request: 1f, pid: 100784, addr: 0, data: 0)
             exe-1049896 [000] ..... 1635658.200334: sys_ptrace -> 0x0
             exe-1049896 [000] ..... 1635658.200337: sys_wait4(upid: 100784, stat_addr: c0022e3bf4, options: 40000002, ru: 0)
             exe-1050500 [001] ..... 1635658.200355: sys_open_by_handle_at -> 0xffffffffffffffa1
             exe-1049896 [000] ..... 1635658.200400: sys_wait4 -> 0x100784
             exe-1049896 [000] ..... 1635658.200405: sys_ptrace(request: 4204, pid: 100784, addr: 1, data: c0022e3c70)
             exe-1049896 [000] ..... 1635658.200410: sys_ptrace -> 0x0
             exe-1049896 [000] ..... 1635658.200412: sys_ptrace(request: 4204, pid: 100784, addr: 202, data: c0022e3c70)
             exe-1049567 [002] ..... 1635658.200413: sys_nanosleep -> 0x0
             exe-1049896 [000] ..... 1635658.200417: sys_ptrace -> 0x0
             exe-1049567 [002] ..... 1635658.200420: sys_nanosleep(rqtp: c000069f10, rmtp: 0)
             exe-1049896 [000] ..... 1635658.200430: sys_pwrite64(fd: 63, buf: 7fd66ec48080, count: 41, pos: 43)
             exe-1049896 [000] ..... 1635658.200433: tracing_mark_write: open_by_handle_at(mountdirfd=373, handle=0x8, flags=0x121881) end
             exe-1049896 [000] ..... 1635658.260359: tracing_mark_write: open_by_handle_at(mountdirfd=373, handle=0x1, flags=0x476c01) start
             exe-1049896 [000] ..... 1635658.260361: sys_pwrite64 -> 0x43
             exe-1049673 [002] ..... 1635658.260361: sys_nanosleep -> 0x0
             exe-1049896 [000] ..... 1635658.260366: sys_ptrace(request: 4205, pid: 100784, addr: 1, data: c0022e3c70)
             exe-1049673 [002] ..... 1635658.260367: sys_nanosleep(rqtp: c000069f10, rmtp: 0)
             exe-1049896 [000] ..... 1635658.260369: sys_ptrace -> 0x0
             exe-1049896 [000] ..... 1635658.260370: sys_ptrace(request: 4205, pid: 100784, addr: 202, data: c0022e3c70)
             exe-1049896 [000] ..... 1635658.260378: sys_ptrace -> 0x0
             exe-1049896 [000] ..... 1635658.260380: sys_ptrace(request: 1f, pid: 100784, addr: 0, data: 0)
             exe-1049896 [000] ..... 1635658.260387: sys_ptrace -> 0x0
             exe-1049896 [000] ..... 1635658.260389: sys_wait4(upid: 100784, stat_addr: c0022e3bf4, options: 40000002, ru: 0)
             exe-1050500 [001] ..... 1635658.260396: sys_write -> 0x43
             exe-1049896 [000] ..... 1635658.260409: sys_wait4 -> 0x100784
             exe-1049896 [000] ..... 1635658.260412: sys_ptrace(request: 4204, pid: 100784, addr: 1, data: c0022e3c70)
             exe-1049896 [000] ..... 1635658.260414: sys_ptrace -> 0x0
             exe-1049896 [000] ..... 1635658.260416: sys_ptrace(request: 4204, pid: 100784, addr: 202, data: c0022e3c70)
             exe-1049896 [000] ..... 1635658.260418: sys_ptrace -> 0x0
             exe-1049896 [000] ..... 1635658.260424: sys_ptrace(request: 4205, pid: 100784, addr: 1, data: c0022e3c70)
             exe-1049896 [000] ..... 1635658.260427: sys_ptrace -> 0x0
             exe-1049896 [000] ..... 1635658.260428: sys_ptrace(request: 4205, pid: 100784, addr: 202, data: c0022e3c70)
             exe-1049896 [000] ..... 1635658.260434: sys_ptrace -> 0x0
             exe-1049896 [000] ..... 1635658.260436: sys_ptrace(request: 1f, pid: 100784, addr: 0, data: 0)
             exe-1049896 [000] ..... 1635658.260442: sys_ptrace -> 0x0
             exe-1049896 [000] ..... 1635658.260444: sys_wait4(upid: 100784, stat_addr: c0022e3bf4, options: 40000002, ru: 0)
             exe-1050500 [001] ..... 1635658.260449: sys_open_by_handle_at -> 0xffffffffffffffa1
             exe-1049567 [002] ..... 1635658.260451: sys_nanosleep -> 0x0
             exe-1049567 [002] ..... 1635658.260457: sys_nanosleep(rqtp: c000069f10, rmtp: 0)
             exe-1049896 [000] ..... 1635658.260463: sys_wait4 -> 0x100784
             exe-1049896 [000] ..... 1635658.260465: sys_ptrace(request: 4204, pid: 100784, addr: 1, data: c0022e3c70)
             exe-1049896 [000] ..... 1635658.260468: sys_ptrace -> 0x0
             exe-1049896 [000] ..... 1635658.260469: sys_ptrace(request: 4204, pid: 100784, addr: 202, data: c0022e3c70)
             exe-1049896 [000] ..... 1635658.260471: sys_ptrace -> 0x0
             exe-1049673 [002] ..... 1635658.260475: sys_nanosleep -> 0x0
             exe-1049896 [000] ..... 1635658.260476: sys_pwrite64(fd: 63, buf: 7fd66ec48080, count: 41, pos: 43)
             exe-1049896 [000] ..... 1635658.260478: tracing_mark_write: open_by_handle_at(mountdirfd=373, handle=0x1, flags=0x476c01) end
             exe-1049896 [000] ..... 1635658.312326: tracing_mark_write: open_by_handle_at(mountdirfd=134, handle=0x0, flags=0x213d01) start
             exe-1049896 [000] ..... 1635658.312328: sys_pwrite64 -> 0x43
             exe-1049896 [000] ..... 1635658.312333: sys_ptrace(request: 4205, pid: 100784, addr: 1, data: c0022e3c70)
             exe-1049896 [000] ..... 1635658.312336: sys_ptrace -> 0x0
             exe-1049896 [000] ..... 1635658.312337: sys_ptrace(request: 4205, pid: 100784, addr: 202, data: c0022e3c70)
             exe-1049896 [000] ..... 1635658.312345: sys_ptrace -> 0x0
             exe-1049896 [000] ..... 1635658.312347: sys_ptrace(request: 1f, pid: 100784, addr: 0, data: 0)
             exe-1049896 [000] ..... 1635658.312354: sys_ptrace -> 0x0
             exe-1049896 [000] ..... 1635658.312356: sys_wait4(upid: 100784, stat_addr: c0022e3bf4, options: 40000002, ru: 0)
             exe-1050500 [001] ..... 1635658.312363: sys_write -> 0x43
             exe-1049896 [000] ..... 1635658.312379: sys_wait4 -> 0x100784
             exe-1049896 [000] ..... 1635658.312382: sys_ptrace(request: 4204, pid: 100784, addr: 1, data: c0022e3c70)
             exe-1049896 [000] ..... 1635658.312384: sys_ptrace -> 0x0
             exe-1049896 [000] ..... 1635658.312386: sys_ptrace(request: 4204, pid: 100784, addr: 202, data: c0022e3c70)
             exe-1049896 [000] ..... 1635658.312388: sys_ptrace -> 0x0
             exe-1049896 [000] ..... 1635658.312393: sys_ptrace(request: 4205, pid: 100784, addr: 1, data: c0022e3c70)
             exe-1049896 [000] ..... 1635658.312395: sys_ptrace -> 0x0
             exe-1049896 [000] ..... 1635658.312397: sys_ptrace(request: 4205, pid: 100784, addr: 202, data: c0022e3c70)
             exe-1049673 [002] ..... 1635658.312400: sys_nanosleep(rqtp: c000069f10, rmtp: 0)
             exe-1049896 [000] ..... 1635658.312403: sys_ptrace -> 0x0
             exe-1049896 [000] ..... 1635658.312404: sys_ptrace(request: 1f, pid: 100784, addr: 0, data: 0)
             exe-1049896 [000] ..... 1635658.312410: sys_ptrace -> 0x0
             exe-1049896 [000] ..... 1635658.312412: sys_wait4(upid: 100784, stat_addr: c0022e3bf4, options: 40000002, ru: 0)
             exe-1050500 [001] ..... 1635658.312416: sys_open_by_handle_at -> 0xffffffffffffffa1
             exe-1049567 [002] ..... 1635658.312427: sys_nanosleep -> 0x0
             exe-1049896 [000] ..... 1635658.312433: sys_wait4 -> 0x100784
             exe-1049567 [002] ..... 1635658.312435: sys_nanosleep(rqtp: c000069f10, rmtp: 0)
             exe-1049896 [000] ..... 1635658.312436: sys_ptrace(request: 4204, pid: 100784, addr: 1, data: c0022e3c70)
             exe-1049896 [000] ..... 1635658.312438: sys_ptrace -> 0x0
             exe-1049896 [000] ..... 1635658.312440: sys_ptrace(request: 4204, pid: 100784, addr: 202, data: c0022e3c70)
             exe-1049896 [000] ..... 1635658.312442: sys_ptrace -> 0x0
             exe-1049896 [000] ..... 1635658.312448: sys_pwrite64(fd: 63, buf: 7fd66ec48080, count: 41, pos: 43)
             exe-1049896 [000] ..... 1635658.312449: tracing_mark_write: open_by_handle_at(mountdirfd=134, handle=0x0, flags=0x213d01) end
             exe-1049896 [000] ..... 1635658.378708: tracing_mark_write: open_by_handle_at(mountdirfd=134, handle=0x7f5163900000, flags=0x531401) start
             exe-1049896 [000] ..... 1635658.378710: sys_pwrite64 -> 0x4e
             exe-1049673 [002] ..... 1635658.378710: sys_nanosleep -> 0x0
             exe-1049673 [002] ..... 1635658.378716: sys_nanosleep(rqtp: c000069f10, rmtp: 0)
             exe-1049896 [000] ..... 1635658.378718: sys_ptrace(request: 4205, pid: 100784, addr: 1, data: c0022e3c70)
             exe-1049896 [000] ..... 1635658.378722: sys_ptrace -> 0x0
             exe-1049896 [000] ..... 1635658.378724: sys_ptrace(request: 4205, pid: 100784, addr: 202, data: c0022e3c70)
             exe-1049896 [000] ..... 1635658.378741: sys_ptrace -> 0x0
             exe-1049896 [000] ..... 1635658.378743: sys_ptrace(request: 1f, pid: 100784, addr: 0, data: 0)
             exe-1049896 [000] ..... 1635658.378761: sys_ptrace -> 0x0
             exe-1049896 [000] ..... 1635658.378765: sys_wait4(upid: 100784, stat_addr: c0022e3bf4, options: 40000002, ru: 0)
             exe-1050500 [001] ..... 1635658.378781: sys_write -> 0x4e
             exe-1049567 [002] ..... 1635658.378805: sys_nanosleep -> 0x0
             exe-1049567 [002] ..... 1635658.378811: sys_nanosleep(rqtp: c000069f10, rmtp: 0)
             exe-1049896 [000] ..... 1635658.378813: sys_wait4 -> 0x100784
             exe-1049896 [000] ..... 1635658.378817: sys_ptrace(request: 4204, pid: 100784, addr: 1, data: c0022e3c70)
             exe-1049896 [000] ..... 1635658.378822: sys_ptrace -> 0x0
             exe-1049896 [000] ..... 1635658.378824: sys_ptrace(request: 4204, pid: 100784, addr: 202, data: c0022e3c70)
             exe-1049896 [000] ..... 1635658.378829: sys_ptrace -> 0x0
             exe-1049673 [002] ..... 1635658.378829: sys_nanosleep -> 0x0
             exe-1049673 [002] ..... 1635658.378835: sys_nanosleep(rqtp: c000069f10, rmtp: 0)
             exe-1049896 [000] ..... 1635658.378839: sys_ptrace(request: 4205, pid: 100784, addr: 1, data: c0022e3c70)
             exe-1049896 [000] ..... 1635658.378843: sys_ptrace -> 0x0
             exe-1049896 [000] ..... 1635658.378845: sys_ptrace(request: 4205, pid: 100784, addr: 202, data: c0022e3c70)
             exe-1049896 [000] ..... 1635658.378860: sys_ptrace -> 0x0
             exe-1049896 [000] ..... 1635658.378862: sys_ptrace(request: 1f, pid: 100784, addr: 0, data: 0)
             exe-1049896 [000] ..... 1635658.378877: sys_ptrace -> 0x0
             exe-1049896 [000] ..... 1635658.378880: sys_wait4(upid: 100784, stat_addr: c0022e3bf4, options: 40000002, ru: 0)
             exe-1050500 [001] ..... 1635658.378890: sys_open_by_handle_at -> 0xffffffffffffffa1
             exe-1049896 [000] ..... 1635658.378913: sys_wait4 -> 0x100784
             exe-1049896 [000] ..... 1635658.378917: sys_ptrace(request: 4204, pid: 100784, addr: 1, data: c0022e3c70)
             exe-1049896 [000] ..... 1635658.378921: sys_ptrace -> 0x0
             exe-1049896 [000] ..... 1635658.378923: sys_ptrace(request: 4204, pid: 100784, addr: 202, data: c0022e3c70)
             exe-1049567 [002] ..... 1635658.378924: sys_nanosleep -> 0x0
             exe-1049896 [000] ..... 1635658.378927: sys_ptrace -> 0x0
             exe-1049567 [002] ..... 1635658.378930: sys_nanosleep(rqtp: c000069f10, rmtp: 0)
             exe-1049896 [000] ..... 1635658.378939: sys_pwrite64(fd: 63, buf: 7fd66ec48080, count: 4c, pos: 4e)
             exe-1049896 [000] ..... 1635658.378942: tracing_mark_write: open_by_handle_at(mountdirfd=134, handle=0x7f5163900000, flags=0x531401) end
             exe-1049896 [000] ..... 1635658.450768: tracing_mark_write: open_by_handle_at(mountdirfd=134, handle=0x7f5162000000, flags=0x226001) start
             exe-1049896 [000] ..... 1635658.450771: sys_pwrite64 -> 0x4e
             exe-1049896 [000] ..... 1635658.450779: sys_ptrace(request: 4205, pid: 100784, addr: 1, data: c0022e3c70)
             exe-1049896 [000] ..... 1635658.450782: sys_ptrace -> 0x0
             exe-1049896 [000] ..... 1635658.450784: sys_ptrace(request: 4205, pid: 100784, addr: 202, data: c0022e3c70)
             exe-1049673 [002] ..... 1635658.450793: sys_nanosleep -> 0x0
             exe-1049896 [000] ..... 1635658.450795: sys_ptrace -> 0x0
             exe-1049896 [000] ..... 1635658.450797: sys_ptrace(request: 1f, pid: 100784, addr: 0, data: 0)
             exe-1049673 [002] ..... 1635658.450802: sys_nanosleep(rqtp: c000069f10, rmtp: 0)
             exe-1049896 [000] ..... 1635658.450811: sys_ptrace -> 0x0
             exe-1049896 [000] ..... 1635658.450812: sys_wait4(upid: 100784, stat_addr: c0022e3bf4, options: 40000002, ru: 0)
             exe-1050500 [001] ..... 1635658.450823: sys_write -> 0x4e
             exe-1049896 [000] ..... 1635658.450842: sys_wait4 -> 0x100784
             exe-1049896 [000] ..... 1635658.450845: sys_ptrace(request: 4204, pid: 100784, addr: 1, data: c0022e3c70)
             exe-1049896 [000] ..... 1635658.450851: sys_ptrace -> 0x0
             exe-1049896 [000] ..... 1635658.450853: sys_ptrace(request: 4204, pid: 100784, addr: 202, data: c0022e3c70)
             exe-1049896 [000] ..... 1635658.450857: sys_ptrace -> 0x0
             exe-1049896 [000] ..... 1635658.450866: sys_ptrace(request: 4205, pid: 100784, addr: 1, data: c0022e3c70)
             exe-1049896 [000] ..... 1635658.450875: sys_ptrace -> 0x0
             exe-1049896 [000] ..... 1635658.450878: sys_ptrace(request: 4205, pid: 100784, addr: 202, data: c0022e3c70)
             exe-1049896 [000] ..... 1635658.450895: sys_ptrace -> 0x0
             exe-1049896 [000] ..... 1635658.450898: sys_ptrace(request: 1f, pid: 100784, addr: 0, data: 0)
             exe-1049896 [000] ..... 1635658.450913: sys_ptrace -> 0x0
             exe-1049673 [002] ..... 1635658.450915: sys_nanosleep -> 0x0
             exe-1049896 [000] ..... 1635658.450917: sys_wait4(upid: 100784, stat_addr: c0022e3bf4, options: 40000002, ru: 0)
             exe-1049673 [002] ..... 1635658.450921: sys_nanosleep(rqtp: c000069f10, rmtp: 0)
             exe-1050500 [001] ..... 1635658.450924: sys_open_by_handle_at -> 0xffffffffffffffa1
             exe-1049567 [002] ..... 1635658.450943: sys_nanosleep(rqtp: c000069f10, rmtp: 0)
             exe-1049896 [000] ..... 1635658.450945: sys_wait4 -> 0x100784
             exe-1049896 [000] ..... 1635658.450949: sys_ptrace(request: 4204, pid: 100784, addr: 1, data: c0022e3c70)
             exe-1049896 [000] ..... 1635658.450954: sys_ptrace -> 0x0
             exe-1049896 [000] ..... 1635658.450956: sys_ptrace(request: 4204, pid: 100784, addr: 202, data: c0022e3c70)
             exe-1049896 [000] ..... 1635658.450960: sys_ptrace -> 0x0
             exe-1049896 [000] ..... 1635658.450975: sys_pwrite64(fd: 63, buf: 7fd66ec48080, count: 4c, pos: 4e)
             exe-1049896 [000] ..... 1635658.450978: tracing_mark_write: open_by_handle_at(mountdirfd=134, handle=0x7f5162000000, flags=0x226001) end
             exe-1049896 [003] ..... 1635658.516733: tracing_mark_write: open_by_handle_at(mountdirfd=17, handle=0x8, flags=0x3f1a81) start
             exe-1049896 [003] ..... 1635658.516734: sys_pwrite64 -> 0x42
             exe-1049896 [003] ..... 1635658.516739: sys_ptrace(request: 4205, pid: 100784, addr: 1, data: c0022e3c70)
             exe-1049896 [003] ..... 1635658.516742: sys_ptrace -> 0x0
             exe-1049896 [003] ..... 1635658.516743: sys_ptrace(request: 4205, pid: 100784, addr: 202, data: c0022e3c70)
             exe-1049896 [003] ..... 1635658.516750: sys_ptrace -> 0x0
             exe-1049896 [003] ..... 1635658.516752: sys_ptrace(request: 1f, pid: 100784, addr: 0, data: 0)
             exe-1049673 [002] ..... 1635658.516765: sys_nanosleep -> 0x0
             exe-1049896 [003] ..... 1635658.516771: sys_ptrace -> 0x0
             exe-1049896 [003] ..... 1635658.516773: sys_wait4(upid: 100784, stat_addr: c0022e3bf4, options: 40000002, ru: 0)
             exe-1049673 [002] ..... 1635658.516780: sys_nanosleep(rqtp: c000069f10, rmtp: 0)
             exe-1050500 [002] ..... 1635658.516795: sys_write -> 0x42
             exe-1049896 [003] ..... 1635658.516815: sys_wait4 -> 0x100784
             exe-1049896 [003] ..... 1635658.516818: sys_ptrace(request: 4204, pid: 100784, addr: 1, data: c0022e3c70)
             exe-1049896 [003] ..... 1635658.516826: sys_ptrace -> 0x0
             exe-1049896 [003] ..... 1635658.516827: sys_ptrace(request: 4204, pid: 100784, addr: 202, data: c0022e3c70)
             exe-1049896 [003] ..... 1635658.516831: sys_ptrace -> 0x0
             exe-1049896 [003] ..... 1635658.516837: sys_ptrace(request: 4205, pid: 100784, addr: 1, data: c0022e3c70)
             exe-1049896 [003] ..... 1635658.516847: sys_ptrace -> 0x0
             exe-1049896 [003] ..... 1635658.516848: sys_ptrace(request: 4205, pid: 100784, addr: 202, data: c0022e3c70)
             exe-1049896 [003] ..... 1635658.516854: sys_ptrace -> 0x0
             exe-1049896 [003] ..... 1635658.516855: sys_ptrace(request: 1f, pid: 100784, addr: 0, data: 0)
             exe-1049896 [003] ..... 1635658.516863: sys_ptrace -> 0x0
             exe-1049896 [003] ..... 1635658.516865: sys_wait4(upid: 100784, stat_addr: c0022e3bf4, options: 40000002, ru: 0)
             exe-1049673 [002] ..... 1635658.516883: sys_nanosleep -> 0x0
             exe-1049673 [002] ..... 1635658.516889: sys_nanosleep(rqtp: c000069f10, rmtp: 0)
             exe-1050500 [002] ..... 1635658.516904: sys_open_by_handle_at -> 0xffffffffffffffa1
             exe-1049896 [003] ..... 1635658.516923: sys_wait4 -> 0x100784
             exe-1049896 [003] ..... 1635658.516926: sys_ptrace(request: 4204, pid: 100784, addr: 1, data: c0022e3c70)
             exe-1049896 [003] ..... 1635658.516935: sys_ptrace -> 0x0
             exe-1049896 [003] ..... 1635658.516936: sys_ptrace(request: 4204, pid: 100784, addr: 202, data: c0022e3c70)
             exe-1049896 [003] ..... 1635658.516940: sys_ptrace -> 0x0
             exe-1049896 [003] ..... 1635658.516946: sys_pwrite64(fd: 63, buf: 7fd66ec48080, count: 40, pos: 42)
             exe-1049896 [003] ..... 1635658.516947: tracing_mark_write: open_by_handle_at(mountdirfd=17, handle=0x8, flags=0x3f1a81) end
             exe-1049896 [000] ..... 1635658.585994: tracing_mark_write: open_by_handle_at(mountdirfd=17, handle=0x7f5163c2d000, flags=0x775481) start
             exe-1049896 [000] ..... 1635658.585996: sys_pwrite64 -> 0x4d
             exe-1049896 [000] ..... 1635658.586001: sys_ptrace(request: 4205, pid: 100784, addr: 1, data: c0022e3c70)
             exe-1049896 [000] ..... 1635658.586004: sys_ptrace -> 0x0
             exe-1049896 [000] ..... 1635658.586005: sys_ptrace(request: 4205, pid: 100784, addr: 202, data: c0022e3c70)
             exe-1049896 [000] ..... 1635658.586014: sys_ptrace -> 0x0
             exe-1049896 [000] ..... 1635658.586016: sys_ptrace(request: 1f, pid: 100784, addr: 0, data: 0)
             exe-1049896 [000] ..... 1635658.586027: sys_ptrace -> 0x0
             exe-1049896 [000] ..... 1635658.586029: sys_wait4(upid: 100784, stat_addr: c0022e3bf4, options: 40000002, ru: 0)
             exe-1050500 [002] ..... 1635658.586051: sys_write -> 0x4d
             exe-1049896 [000] ..... 1635658.586069: sys_wait4 -> 0x100784
             exe-1049896 [000] ..... 1635658.586072: sys_ptrace(request: 4204, pid: 100784, addr: 1, data: c0022e3c70)
             exe-1049896 [000] ..... 1635658.586075: sys_ptrace -> 0x0
             exe-1049896 [000] ..... 1635658.586076: sys_ptrace(request: 4204, pid: 100784, addr: 202, data: c0022e3c70)
             exe-1049896 [000] ..... 1635658.586078: sys_ptrace -> 0x0
             exe-1049896 [000] ..... 1635658.586087: sys_ptrace(request: 4205, pid: 100784, addr: 1, data: c0022e3c70)
             exe-1049896 [000] ..... 1635658.586089: sys_ptrace -> 0x0
             exe-1049896 [000] ..... 1635658.586091: sys_ptrace(request: 4205, pid: 100784, addr: 202, data: c0022e3c70)
             exe-1049896 [000] ..... 1635658.586097: sys_ptrace -> 0x0
             exe-1049896 [000] ..... 1635658.586099: sys_ptrace(request: 1f, pid: 100784, addr: 0, data: 0)
             exe-1049896 [000] ..... 1635658.586108: sys_ptrace -> 0x0
             exe-1049896 [000] ..... 1635658.586110: sys_wait4(upid: 100784, stat_addr: c0022e3bf4, options: 40000002, ru: 0)
             exe-1050500 [002] ..... 1635658.586122: sys_open_by_handle_at -> 0xffffffffffffffa1
             exe-1049896 [000] ..... 1635658.586137: sys_wait4 -> 0x100784
             exe-1049896 [000] ..... 1635658.586139: sys_ptrace(request: 4204, pid: 100784, addr: 1, data: c0022e3c70)
             exe-1049896 [000] ..... 1635658.586142: sys_ptrace -> 0x0
             exe-1049896 [000] ..... 1635658.586144: sys_ptrace(request: 4204, pid: 100784, addr: 202, data: c0022e3c70)
             exe-1049896 [000] ..... 1635658.586146: sys_ptrace -> 0x0
             exe-1049896 [000] ..... 1635658.586151: sys_pwrite64(fd: 63, buf: 7fd66ec48080, count: 4b, pos: 4d)
             exe-1049896 [000] ..... 1635658.586152: tracing_mark_write: open_by_handle_at(mountdirfd=17, handle=0x7f5163c2d000, flags=0x775481) end
             exe-1049896 [000] ..... 1635658.652915: tracing_mark_write: open_by_handle_at(mountdirfd=17, handle=0x8, flags=0x90101) start
             exe-1049896 [000] ..... 1635658.652917: sys_pwrite64 -> 0x41
             exe-1049896 [000] ..... 1635658.652926: sys_ptrace(request: 4205, pid: 100784, addr: 1, data: c0022e3c70)
             exe-1049896 [000] ..... 1635658.652930: sys_ptrace -> 0x0
             exe-1049896 [000] ..... 1635658.652933: sys_ptrace(request: 4205, pid: 100784, addr: 202, data: c0022e3c70)
             exe-1049896 [000] ..... 1635658.652950: sys_ptrace -> 0x0
             exe-1049896 [000] ..... 1635658.652952: sys_ptrace(request: 1f, pid: 100784, addr: 0, data: 0)
             exe-1049673 [002] ..... 1635658.652957: sys_nanosleep -> 0x0
             exe-1049896 [000] ..... 1635658.652962: sys_ptrace -> 0x0
             exe-1049673 [002] ..... 1635658.652962: sys_nanosleep(rqtp: c000069f10, rmtp: 0)
             exe-1049896 [000] ..... 1635658.652965: sys_wait4(upid: 100784, stat_addr: c0022e3bf4, options: 40000002, ru: 0)
             exe-1050500 [000] ..... 1635658.652981: sys_write -> 0x41
             exe-1049567 [002] ..... 1635658.652983: sys_nanosleep -> 0x0
             exe-1049567 [002] ..... 1635658.652988: sys_nanosleep(rqtp: c000069f10, rmtp: 0)
             exe-1049896 [000] ..... 1635658.653007: sys_wait4 -> 0x100784
             exe-1049896 [000] ..... 1635658.653011: sys_ptrace(request: 4204, pid: 100784, addr: 1, data: c0022e3c70)
             exe-1049896 [000] ..... 1635658.653016: sys_ptrace -> 0x0
             exe-1049896 [000] ..... 1635658.653018: sys_ptrace(request: 4204, pid: 100784, addr: 202, data: c0022e3c70)
             exe-1049896 [000] ..... 1635658.653020: sys_ptrace -> 0x0
             exe-1049896 [000] ..... 1635658.653029: sys_ptrace(request: 4205, pid: 100784, addr: 1, data: c0022e3c70)
             exe-1049896 [000] ..... 1635658.653031: sys_ptrace -> 0x0
             exe-1049896 [000] ..... 1635658.653033: sys_ptrace(request: 4205, pid: 100784, addr: 202, data: c0022e3c70)
             exe-1049896 [000] ..... 1635658.653044: sys_ptrace -> 0x0
             exe-1049896 [000] ..... 1635658.653046: sys_ptrace(request: 1f, pid: 100784, addr: 0, data: 0)
             exe-1049896 [000] ..... 1635658.653052: sys_ptrace -> 0x0
             exe-1049896 [000] ..... 1635658.653054: sys_wait4(upid: 100784, stat_addr: c0022e3bf4, options: 40000002, ru: 0)
             exe-1050500 [000] ..... 1635658.653067: sys_open_by_handle_at -> 0xffffffffffffffa1
             exe-1049673 [002] ..... 1635658.653086: sys_nanosleep -> 0x0
             exe-1049896 [000] ..... 1635658.653087: sys_wait4 -> 0x100784
             exe-1049896 [000] ..... 1635658.653091: sys_ptrace(request: 4204, pid: 100784, addr: 1, data: c0022e3c70)
             exe-1049673 [002] ..... 1635658.653094: sys_nanosleep(rqtp: c000069f10, rmtp: 0)
             exe-1049896 [000] ..... 1635658.653095: sys_ptrace -> 0x0
             exe-1049896 [000] ..... 1635658.653096: sys_ptrace(request: 4204, pid: 100784, addr: 202, data: c0022e3c70)
             exe-1049896 [000] ..... 1635658.653099: sys_ptrace -> 0x0
             exe-1049896 [000] ..... 1635658.653109: sys_pwrite64(fd: 63, buf: 7fd66ec48080, count: 3f, pos: 41)
             exe-1049896 [000] ..... 1635658.653111: tracing_mark_write: open_by_handle_at(mountdirfd=17, handle=0x8, flags=0x90101) end
             exe-1049896 [000] ..... 1635658.716860: tracing_mark_write: open_by_handle_at(mountdirfd=17, handle=0x7f5161c00000, flags=0xc2881) start
             exe-1049896 [000] ..... 1635658.716862: sys_pwrite64 -> 0x4c
             exe-1049896 [000] ..... 1635658.716872: sys_ptrace(request: 4205, pid: 100784, addr: 1, data: c0022e3c70)
             exe-1049896 [000] ..... 1635658.716877: sys_ptrace -> 0x0
             exe-1049896 [000] ..... 1635658.716880: sys_ptrace(request: 4205, pid: 100784, addr: 202, data: c0022e3c70)
             exe-1049896 [000] ..... 1635658.716899: sys_ptrace -> 0x0
             exe-1049896 [000] ..... 1635658.716902: sys_ptrace(request: 1f, pid: 100784, addr: 0, data: 0)
             exe-1049896 [000] .N... 1635658.716913: sys_ptrace -> 0x0
             exe-1050500 [000] ..... 1635658.716927: sys_write -> 0x4c
             exe-1049673 [002] ..... 1635658.716936: sys_nanosleep -> 0x0
             exe-1049673 [002] ..... 1635658.716942: sys_nanosleep(rqtp: c000069f10, rmtp: 0)
             exe-1049896 [000] ..... 1635658.716955: sys_wait4(upid: 100784, stat_addr: c0022e3bf4, options: 40000002, ru: 0)
             exe-1049896 [000] ..... 1635658.716958: sys_wait4 -> 0x100784
             exe-1049567 [002] ..... 1635658.716960: sys_nanosleep -> 0x0
             exe-1049896 [000] ..... 1635658.716962: sys_ptrace(request: 4204, pid: 100784, addr: 1, data: c0022e3c70)
             exe-1049567 [002] ..... 1635658.716966: sys_nanosleep(rqtp: c000069f10, rmtp: 0)
             exe-1049896 [000] ..... 1635658.716967: sys_ptrace -> 0x0
             exe-1049896 [000] ..... 1635658.716970: sys_ptrace(request: 4204, pid: 100784, addr: 202, data: c0022e3c70)
             exe-1049896 [000] ..... 1635658.716974: sys_ptrace -> 0x0
             exe-1049896 [000] ..... 1635658.716985: sys_ptrace(request: 4205, pid: 100784, addr: 1, data: c0022e3c70)
             exe-1049896 [000] ..... 1635658.716989: sys_ptrace -> 0x0
             exe-1049896 [000] ..... 1635658.716991: sys_ptrace(request: 4205, pid: 100784, addr: 202, data: c0022e3c70)
             exe-1049896 [000] ..... 1635658.717008: sys_ptrace -> 0x0
             exe-1049896 [000] ..... 1635658.717010: sys_ptrace(request: 1f, pid: 100784, addr: 0, data: 0)
             exe-1049896 [000] .N... 1635658.717020: sys_ptrace -> 0x0
             exe-1050500 [000] ..... 1635658.717031: sys_open_by_handle_at -> 0xffffffffffffffa1
             exe-1049896 [000] ..... 1635658.717053: sys_wait4(upid: 100784, stat_addr: c0022e3bf4, options: 40000002, ru: 0)
             exe-1049896 [000] ..... 1635658.717055: sys_wait4 -> 0x100784
             exe-1049896 [000] ..... 1635658.717058: sys_ptrace(request: 4204, pid: 100784, addr: 1, data: c0022e3c70)
             exe-1049896 [000] ..... 1635658.717062: sys_ptrace -> 0x0
             exe-1049896 [000] ..... 1635658.717063: sys_ptrace(request: 4204, pid: 100784, addr: 202, data: c0022e3c70)
             exe-1049673 [002] ..... 1635658.717065: sys_nanosleep -> 0x0
             exe-1049896 [000] ..... 1635658.717066: sys_ptrace -> 0x0
             exe-1049673 [002] ..... 1635658.717074: sys_nanosleep(rqtp: c000069f10, rmtp: 0)
             exe-1049896 [000] ..... 1635658.717078: sys_pwrite64(fd: 63, buf: 7fd66ec48080, count: 4a, pos: 4c)
             exe-1049896 [000] ..... 1635658.717081: tracing_mark_write: open_by_handle_at(mountdirfd=17, handle=0x7f5161c00000, flags=0xc2881) end
             exe-1049896 [000] ..... 1635658.783030: tracing_mark_write: open_by_handle_at(mountdirfd=17, handle=0x1, flags=0x7f1981) start
             exe-1049896 [000] ..... 1635658.783031: sys_pwrite64 -> 0x42
             exe-1049896 [000] ..... 1635658.783037: sys_ptrace(request: 4205, pid: 100784, addr: 1, data: c0022e3c70)
             exe-1049896 [000] ..... 1635658.783040: sys_ptrace -> 0x0
             exe-1049896 [000] ..... 1635658.783041: sys_ptrace(request: 4205, pid: 100784, addr: 202, data: c0022e3c70)
             exe-1049896 [000] ..... 1635658.783099: sys_ptrace -> 0x0
             exe-1049896 [000] ..... 1635658.783102: sys_ptrace(request: 1f, pid: 100784, addr: 0, data: 0)
           <...>-44358   [001] ..... 1635658.783107: sys_futex -> 0x0
             exe-1049896 [000] .N... 1635658.783110: sys_ptrace -> 0x0
           <...>-44358   [001] ..... 1635658.783114: sys_write(fd: 6, buf: 7f1f1effccfb, count: 1)
             exe-1050500 [000] ..... 1635658.783122: sys_write -> 0x42
           <...>-44358   [001] ..... 1635658.783123: sys_write -> 0x1
           <...>-44358   [001] ..... 1635658.783125: sys_futex(uaddr: c000e07948, op: 80, val: 0, utime: 0, uaddr2: 0, val3: 0)
             exe-1049896 [000] ..... 1635658.783143: sys_wait4(upid: 100784, stat_addr: c0022e3bf4, options: 40000002, ru: 0)
             exe-1049896 [000] ..... 1635658.783145: sys_wait4 -> 0x100784
             exe-1049896 [000] ..... 1635658.783147: sys_ptrace(request: 4204, pid: 100784, addr: 1, data: c0022e3c70)
             exe-1049896 [000] ..... 1635658.783151: sys_ptrace -> 0x0
             exe-1049896 [000] ..... 1635658.783153: sys_ptrace(request: 4204, pid: 100784, addr: 202, data: c0022e3c70)
             exe-1049896 [000] ..... 1635658.783156: sys_ptrace -> 0x0
             exe-1049896 [000] ..... 1635658.783162: sys_ptrace(request: 4205, pid: 100784, addr: 1, data: c0022e3c70)
             exe-1049896 [000] ..... 1635658.783165: sys_ptrace -> 0x0
             exe-1049896 [000] ..... 1635658.783166: sys_ptrace(request: 4205, pid: 100784, addr: 202, data: c0022e3c70)
             exe-1049896 [000] ..... 1635658.783176: sys_ptrace -> 0x0
             exe-1049896 [000] ..... 1635658.783178: sys_ptrace(request: 1f, pid: 100784, addr: 0, data: 0)
             exe-1049896 [000] .N... 1635658.783184: sys_ptrace -> 0x0
             exe-1050500 [000] ..... 1635658.783193: sys_open_by_handle_at -> 0xffffffffffffffa1
             exe-1049896 [000] ..... 1635658.783211: sys_wait4(upid: 100784, stat_addr: c0022e3bf4, options: 40000002, ru: 0)
             exe-1049896 [000] ..... 1635658.783213: sys_wait4 -> 0x100784
             exe-1049896 [000] ..... 1635658.783215: sys_ptrace(request: 4204, pid: 100784, addr: 1, data: c0022e3c70)
             exe-1049896 [000] ..... 1635658.783218: sys_ptrace -> 0x0
             exe-1049896 [000] ..... 1635658.783220: sys_ptrace(request: 4204, pid: 100784, addr: 202, data: c0022e3c70)
             exe-1049896 [000] ..... 1635658.783222: sys_ptrace -> 0x0
             exe-1049896 [000] ..... 1635658.783231: sys_pwrite64(fd: 63, buf: 7fd66ec48080, count: 40, pos: 42)
             exe-1049896 [000] ..... 1635658.783234: tracing_mark_write: open_by_handle_at(mountdirfd=17, handle=0x1, flags=0x7f1981) end
             exe-1049896 [000] ..... 1635658.854443: tracing_mark_write: open_by_handle_at(mountdirfd=17, handle=0x7f5161c00000, flags=0x101101) start
             exe-1049896 [000] ..... 1635658.854445: sys_pwrite64 -> 0x4d
             exe-1049896 [000] ..... 1635658.854452: sys_ptrace(request: 4205, pid: 100784, addr: 1, data: c0022e3c70)
             exe-1049896 [000] ..... 1635658.854454: sys_ptrace -> 0x0
             exe-1049896 [000] ..... 1635658.854456: sys_ptrace(request: 4205, pid: 100784, addr: 202, data: c0022e3c70)
             exe-1049896 [000] ..... 1635658.854468: sys_ptrace -> 0x0
             exe-1049896 [000] ..... 1635658.854470: sys_ptrace(request: 1f, pid: 100784, addr: 0, data: 0)
             exe-1049896 [000] .N... 1635658.854478: sys_ptrace -> 0x0
             exe-1050500 [000] ..... 1635658.854489: sys_write -> 0x4d
             exe-1049896 [000] ..... 1635658.854509: sys_wait4(upid: 100784, stat_addr: c0022e3bf4, options: 40000002, ru: 0)
             exe-1049896 [000] ..... 1635658.854512: sys_wait4 -> 0x100784
             exe-1049896 [000] ..... 1635658.854514: sys_ptrace(request: 4204, pid: 100784, addr: 1, data: c0022e3c70)
             exe-1049896 [000] ..... 1635658.854518: sys_ptrace -> 0x0
             exe-1049896 [000] ..... 1635658.854519: sys_ptrace(request: 4204, pid: 100784, addr: 202, data: c0022e3c70)
             exe-1049896 [000] ..... 1635658.854522: sys_ptrace -> 0x0
             exe-1049896 [000] ..... 1635658.854530: sys_ptrace(request: 4205, pid: 100784, addr: 1, data: c0022e3c70)
             exe-1049896 [000] ..... 1635658.854533: sys_ptrace -> 0x0
             exe-1049896 [000] ..... 1635658.854534: sys_ptrace(request: 4205, pid: 100784, addr: 202, data: c0022e3c70)
             exe-1049896 [000] ..... 1635658.854545: sys_ptrace -> 0x0
             exe-1049896 [000] ..... 1635658.854547: sys_ptrace(request: 1f, pid: 100784, addr: 0, data: 0)
             exe-1049896 [000] .N... 1635658.854554: sys_ptrace -> 0x0
             exe-1049673 [002] ..... 1635658.854558: sys_nanosleep -> 0x0
             exe-1050500 [000] ..... 1635658.854564: sys_open_by_handle_at -> 0xffffffffffffffa1
             exe-1049673 [002] ..... 1635658.854567: sys_nanosleep(rqtp: c000069f10, rmtp: 0)
             exe-1049896 [000] ..... 1635658.854584: sys_wait4(upid: 100784, stat_addr: c0022e3bf4, options: 40000002, ru: 0)
             exe-1049896 [000] ..... 1635658.854587: sys_wait4 -> 0x100784
             exe-1049896 [000] ..... 1635658.854590: sys_ptrace(request: 4204, pid: 100784, addr: 1, data: c0022e3c70)
             exe-1049896 [000] ..... 1635658.854593: sys_ptrace -> 0x0
             exe-1049896 [000] ..... 1635658.854595: sys_ptrace(request: 4204, pid: 100784, addr: 202, data: c0022e3c70)
             exe-1049567 [002] ..... 1635658.854596: sys_nanosleep -> 0x0
             exe-1049896 [000] ..... 1635658.854597: sys_ptrace -> 0x0
             exe-1049567 [002] ..... 1635658.854603: sys_nanosleep(rqtp: c000069f10, rmtp: 0)
             exe-1049896 [000] ..... 1635658.854607: sys_pwrite64(fd: 63, buf: 7fd66ec48080, count: 4b, pos: 4d)
             exe-1049896 [000] ..... 1635658.854609: tracing_mark_write: open_by_handle_at(mountdirfd=17, handle=0x7f5161c00000, flags=0x101101) end
             exe-1049896 [000] ..... 1635658.918173: tracing_mark_write: open_by_handle_at(mountdirfd=17, handle=0x4, flags=0x16a81) start
             exe-1049896 [000] ..... 1635658.918174: sys_pwrite64 -> 0x41
             exe-1049567 [002] ..... 1635658.918179: sys_nanosleep -> 0x0
             exe-1049896 [000] ..... 1635658.918180: sys_ptrace(request: 4205, pid: 100784, addr: 1, data: c0022e3c70)
             exe-1049567 [002] ..... 1635658.918182: sys_nanosleep(rqtp: c000069f10, rmtp: 0)
             exe-1049896 [000] ..... 1635658.918182: sys_ptrace -> 0x0
             exe-1049896 [000] ..... 1635658.918183: sys_ptrace(request: 4205, pid: 100784, addr: 202, data: c0022e3c70)
             exe-1049896 [000] ..... 1635658.918193: sys_ptrace -> 0x0
             exe-1049896 [000] ..... 1635658.918194: sys_ptrace(request: 1f, pid: 100784, addr: 0, data: 0)
             exe-1049673 [002] ..... 1635658.918198: sys_nanosleep -> 0x0
             exe-1049896 [000] .N... 1635658.918200: sys_ptrace -> 0x0
             exe-1049673 [002] ..... 1635658.918203: sys_nanosleep(rqtp: c000069f10, rmtp: 0)
             exe-1050500 [000] ..... 1635658.918209: sys_write -> 0x41
             exe-1049896 [000] ..... 1635658.918225: sys_wait4(upid: 100784, stat_addr: c0022e3bf4, options: 40000002, ru: 0)
             exe-1049896 [000] ..... 1635658.918227: sys_wait4 -> 0x100784
             exe-1049896 [000] ..... 1635658.918229: sys_ptrace(request: 4204, pid: 100784, addr: 1, data: c0022e3c70)
             exe-1049896 [000] ..... 1635658.918233: sys_ptrace -> 0x0
             exe-1049896 [000] ..... 1635658.918234: sys_ptrace(request: 4204, pid: 100784, addr: 202, data: c0022e3c70)
             exe-1049896 [000] ..... 1635658.918236: sys_ptrace -> 0x0
             exe-1049896 [000] ..... 1635658.918242: sys_ptrace(request: 4205, pid: 100784, addr: 1, data: c0022e3c70)
             exe-1049896 [000] ..... 1635658.918244: sys_ptrace -> 0x0
             exe-1049896 [000] ..... 1635658.918246: sys_ptrace(request: 4205, pid: 100784, addr: 202, data: c0022e3c70)
             exe-1049896 [000] ..... 1635658.918254: sys_ptrace -> 0x0
             exe-1049896 [000] ..... 1635658.918255: sys_ptrace(request: 1f, pid: 100784, addr: 0, data: 0)
             exe-1049896 [000] .N... 1635658.918261: sys_ptrace -> 0x0
             exe-1050500 [000] ..... 1635658.918269: sys_open_by_handle_at -> 0xffffffffffffffa1
             exe-1049896 [000] ..... 1635658.918285: sys_wait4(upid: 100784, stat_addr: c0022e3bf4, options: 40000002, ru: 0)
             exe-1049896 [000] ..... 1635658.918287: sys_wait4 -> 0x100784
             exe-1049896 [000] ..... 1635658.918289: sys_ptrace(request: 4204, pid: 100784, addr: 1, data: c0022e3c70)
             exe-1049567 [002] ..... 1635658.918290: sys_nanosleep -> 0x0
             exe-1049896 [000] ..... 1635658.918292: sys_ptrace -> 0x0
             exe-1049896 [000] ..... 1635658.918293: sys_ptrace(request: 4204, pid: 100784, addr: 202, data: c0022e3c70)
             exe-1049896 [000] ..... 1635658.918295: sys_ptrace -> 0x0
             exe-1049567 [002] ..... 1635658.918295: sys_nanosleep(rqtp: c000069f10, rmtp: 0)
             exe-1049896 [000] ..... 1635658.918303: sys_pwrite64(fd: 63, buf: 7fd66ec48080, count: 3f, pos: 41)
             exe-1049896 [000] ..... 1635658.918304: tracing_mark_write: open_by_handle_at(mountdirfd=17, handle=0x4, flags=0x16a81) end
             exe-1049896 [000] ..... 1635658.984105: tracing_mark_write: open_by_handle_at(mountdirfd=14, handle=0x1, flags=0x1001) start
             exe-1049896 [000] ..... 1635658.984107: sys_pwrite64 -> 0x40
             exe-1049896 [000] ..... 1635658.984113: sys_ptrace(request: 4205, pid: 100784, addr: 1, data: c0022e3c70)
             exe-1049896 [000] ..... 1635658.984116: sys_ptrace -> 0x0
             exe-1049896 [000] ..... 1635658.984117: sys_ptrace(request: 4205, pid: 100784, addr: 202, data: c0022e3c70)
             exe-1049673 [002] ..... 1635658.984124: sys_nanosleep -> 0x0
             exe-1049896 [000] ..... 1635658.984128: sys_ptrace -> 0x0
             exe-1049896 [000] ..... 1635658.984129: sys_ptrace(request: 1f, pid: 100784, addr: 0, data: 0)
             exe-1049673 [002] ..... 1635658.984130: sys_nanosleep(rqtp: c000069f10, rmtp: 0)
             exe-1049896 [000] .N... 1635658.984137: sys_ptrace -> 0x0
             exe-1050500 [000] ..... 1635658.984147: sys_write -> 0x40
             exe-1049896 [000] ..... 1635658.984166: sys_wait4(upid: 100784, stat_addr: c0022e3bf4, options: 40000002, ru: 0)
             exe-1049896 [000] ..... 1635658.984168: sys_wait4 -> 0x100784
             exe-1049896 [000] ..... 1635658.984171: sys_ptrace(request: 4204, pid: 100784, addr: 1, data: c0022e3c70)
             exe-1049896 [000] ..... 1635658.984175: sys_ptrace -> 0x0
             exe-1049896 [000] ..... 1635658.984176: sys_ptrace(request: 4204, pid: 100784, addr: 202, data: c0022e3c70)
             exe-1049896 [000] ..... 1635658.984178: sys_ptrace -> 0x0
             exe-1049896 [000] ..... 1635658.984186: sys_ptrace(request: 4205, pid: 100784, addr: 1, data: c0022e3c70)
             exe-1049896 [000] ..... 1635658.984188: sys_ptrace -> 0x0
             exe-1049896 [000] ..... 1635658.984190: sys_ptrace(request: 4205, pid: 100784, addr: 202, data: c0022e3c70)
             exe-1049896 [000] ..... 1635658.984199: sys_ptrace -> 0x0
             exe-1049896 [000] ..... 1635658.984201: sys_ptrace(request: 1f, pid: 100784, addr: 0, data: 0)
             exe-1049896 [000] .N... 1635658.984207: sys_ptrace -> 0x0
             exe-1049567 [002] ..... 1635658.984215: sys_nanosleep -> 0x0
             exe-1050500 [000] ..... 1635658.984217: sys_open_by_handle_at -> 0xffffffffffffffa1
             exe-1049567 [002] ..... 1635658.984221: sys_nanosleep(rqtp: c000069f10, rmtp: 0)
             exe-1049896 [000] ..... 1635658.984235: sys_wait4(upid: 100784, stat_addr: c0022e3bf4, options: 40000002, ru: 0)
             exe-1049896 [000] ..... 1635658.984238: sys_wait4 -> 0x100784
             exe-1049896 [000] ..... 1635658.984240: sys_ptrace(request: 4204, pid: 100784, addr: 1, data: c0022e3c70)
             exe-1049896 [000] ..... 1635658.984243: sys_ptrace -> 0x0
             exe-1049673 [002] ..... 1635658.984245: sys_nanosleep -> 0x0
             exe-1049896 [000] ..... 1635658.984245: sys_ptrace(request: 4204, pid: 100784, addr: 202, data: c0022e3c70)
             exe-1049896 [000] ..... 1635658.984247: sys_ptrace -> 0x0
             exe-1049673 [002] ..... 1635658.984250: sys_nanosleep(rqtp: c000069f10, rmtp: 0)
             exe-1049896 [000] ..... 1635658.984256: sys_pwrite64(fd: 63, buf: 7fd66ec48080, count: 3e, pos: 40)
             exe-1049896 [000] ..... 1635658.984258: tracing_mark_write: open_by_handle_at(mountdirfd=14, handle=0x1, flags=0x1001) end
             exe-1049896 [000] ..... 1635659.051352: tracing_mark_write: open_by_handle_at(mountdirfd=14, handle=0x1, flags=0x145281) start
             exe-1049896 [000] ..... 1635659.051353: sys_pwrite64 -> 0x42
             exe-1049896 [000] ..... 1635659.051360: sys_ptrace(request: 4205, pid: 100784, addr: 1, data: c0022e3c70)
             exe-1049896 [000] ..... 1635659.051362: sys_ptrace -> 0x0
             exe-1049896 [000] ..... 1635659.051364: sys_ptrace(request: 4205, pid: 100784, addr: 202, data: c0022e3c70)
             exe-1049896 [000] ..... 1635659.051375: sys_ptrace -> 0x0
             exe-1049896 [000] ..... 1635659.051376: sys_ptrace(request: 1f, pid: 100784, addr: 0, data: 0)
             exe-1049896 [000] .N... 1635659.051383: sys_ptrace -> 0x0
             exe-1050500 [000] ..... 1635659.051393: sys_write -> 0x42
             exe-1049896 [000] ..... 1635659.051410: sys_wait4(upid: 100784, stat_addr: c0022e3bf4, options: 40000002, ru: 0)
             exe-1049896 [000] ..... 1635659.051413: sys_wait4 -> 0x100784
             exe-1049896 [000] ..... 1635659.051415: sys_ptrace(request: 4204, pid: 100784, addr: 1, data: c0022e3c70)
             exe-1049896 [000] ..... 1635659.051419: sys_ptrace -> 0x0
             exe-1049896 [000] ..... 1635659.051420: sys_ptrace(request: 4204, pid: 100784, addr: 202, data: c0022e3c70)
             exe-1049896 [000] ..... 1635659.051423: sys_ptrace -> 0x0
             exe-1049673 [002] ..... 1635659.051423: sys_nanosleep -> 0x0
             exe-1049673 [002] ..... 1635659.051427: sys_nanosleep(rqtp: c000069f10, rmtp: 0)
             exe-1049896 [000] ..... 1635659.051430: sys_ptrace(request: 4205, pid: 100784, addr: 1, data: c0022e3c70)
             exe-1049896 [000] ..... 1635659.051432: sys_ptrace -> 0x0
             exe-1049896 [000] ..... 1635659.051434: sys_ptrace(request: 4205, pid: 100784, addr: 202, data: c0022e3c70)
             exe-1049896 [000] ..... 1635659.051443: sys_ptrace -> 0x0
             exe-1049896 [000] ..... 1635659.051445: sys_ptrace(request: 1f, pid: 100784, addr: 0, data: 0)
             exe-1049567 [002] ..... 1635659.051449: sys_nanosleep -> 0x0
             exe-1049896 [000] .N... 1635659.051451: sys_ptrace -> 0x0
             exe-1049567 [002] ..... 1635659.051455: sys_nanosleep(rqtp: c000069f10, rmtp: 0)
             exe-1050500 [000] ..... 1635659.051460: sys_open_by_handle_at -> 0xffffffffffffffa1
             exe-1049896 [000] ..... 1635659.051477: sys_wait4(upid: 100784, stat_addr: c0022e3bf4, options: 40000002, ru: 0)
             exe-1049896 [000] ..... 1635659.051480: sys_wait4 -> 0x100784
             exe-1049896 [000] ..... 1635659.051482: sys_ptrace(request: 4204, pid: 100784, addr: 1, data: c0022e3c70)
             exe-1049896 [000] ..... 1635659.051485: sys_ptrace -> 0x0
             exe-1049896 [000] ..... 1635659.051487: sys_ptrace(request: 4204, pid: 100784, addr: 202, data: c0022e3c70)
             exe-1049896 [000] ..... 1635659.051489: sys_ptrace -> 0x0
             exe-1049896 [000] ..... 1635659.051498: sys_pwrite64(fd: 63, buf: 7fd66ec48080, count: 40, pos: 42)
             exe-1049896 [000] ..... 1635659.051499: tracing_mark_write: open_by_handle_at(mountdirfd=14, handle=0x1, flags=0x145281) end
             exe-1049896 [000] ..... 1635659.120572: tracing_mark_write: open_by_handle_at(mountdirfd=14, handle=0x7f5163900000, flags=0x1c1281) start
             exe-1049896 [000] ..... 1635659.120574: sys_pwrite64 -> 0x4d
             exe-1049896 [000] ..... 1635659.120580: sys_ptrace(request: 4205, pid: 100784, addr: 1, data: c0022e3c70)
             exe-1049673 [002] ..... 1635659.120581: sys_nanosleep -> 0x0
             exe-1049896 [000] ..... 1635659.120583: sys_ptrace -> 0x0
             exe-1049896 [000] ..... 1635659.120584: sys_ptrace(request: 4205, pid: 100784, addr: 202, data: c0022e3c70)
             exe-1049673 [002] ..... 1635659.120587: sys_nanosleep(rqtp: c000069f10, rmtp: 0)
             exe-1049896 [000] ..... 1635659.120595: sys_ptrace -> 0x0
             exe-1049896 [000] ..... 1635659.120596: sys_ptrace(request: 1f, pid: 100784, addr: 0, data: 0)
             exe-1049896 [000] .N... 1635659.120603: sys_ptrace -> 0x0
             exe-1050500 [000] ..... 1635659.120612: sys_write -> 0x4d
             exe-1049896 [000] ..... 1635659.120629: sys_wait4(upid: 100784, stat_addr: c0022e3bf4, options: 40000002, ru: 0)
             exe-1049896 [000] ..... 1635659.120632: sys_wait4 -> 0x100784
             exe-1049896 [000] ..... 1635659.120634: sys_ptrace(request: 4204, pid: 100784, addr: 1, data: c0022e3c70)
             exe-1049896 [000] ..... 1635659.120637: sys_ptrace -> 0x0
             exe-1049896 [000] ..... 1635659.120639: sys_ptrace(request: 4204, pid: 100784, addr: 202, data: c0022e3c70)
             exe-1049896 [000] ..... 1635659.120641: sys_ptrace -> 0x0
             exe-1049896 [000] ..... 1635659.120647: sys_ptrace(request: 4205, pid: 100784, addr: 1, data: c0022e3c70)
             exe-1049896 [000] ..... 1635659.120649: sys_ptrace -> 0x0
             exe-1049896 [000] ..... 1635659.120651: sys_ptrace(request: 4205, pid: 100784, addr: 202, data: c0022e3c70)
             exe-1049567 [002] ..... 1635659.120664: sys_nanosleep -> 0x0
