             exe-1050015 [001] ..... 1635704.788063: sys_perf_event_open -> 0xffffffffffffffed
             exe-1049673 [003] .N... 1635704.788071: sys_futex -> 0x1
             exe-1050008 [001] ..... 1635704.788077: sys_wait4(upid: 10059f, stat_addr: c000a2fbf4, options: 40000002, ru: 0)
             exe-1050008 [001] ..... 1635704.788079: sys_wait4 -> 0x10059f
             exe-1050008 [001] ..... 1635704.788080: sys_ptrace(request: 4204, pid: 10059f, addr: 1, data: c000a2fc70)
             exe-1050008 [001] ..... 1635704.788082: sys_ptrace -> 0x0
             exe-1050008 [001] ..... 1635704.788083: sys_ptrace(request: 4204, pid: 10059f, addr: 202, data: c000a2fc70)
             exe-1050008 [001] ..... 1635704.788085: sys_ptrace -> 0x0
             exe-1050008 [001] ..... 1635704.788092: sys_pwrite64(fd: 63, buf: 7fd66e0ea080, count: 58, pos: 5a)
             exe-1050008 [001] ..... 1635704.788093: tracing_mark_write: perf_event_open(attr_uptr=0x55fd41ed8340, pid=50036, cpu=-1, group_fd=-1, flags=0x0) end
             exe-1050008 [001] ..... 1635704.842499: tracing_mark_write: perf_event_open(attr_uptr=0x55fd41ed8340, pid=50036, cpu=-1, group_fd=155, flags=0x9413000) start
             exe-1050008 [001] ..... 1635704.842501: sys_pwrite64 -> 0x61
             exe-1050008 [001] ..... 1635704.842507: sys_ptrace(request: 4205, pid: 10059f, addr: 1, data: c000a2fc70)
             exe-1050008 [001] ..... 1635704.842510: sys_ptrace -> 0x0
             exe-1050008 [001] ..... 1635704.842511: sys_ptrace(request: 4205, pid: 10059f, addr: 202, data: c000a2fc70)
             exe-1050008 [001] ..... 1635704.842522: sys_ptrace -> 0x0
             exe-1050008 [001] ..... 1635704.842524: sys_ptrace(request: 1f, pid: 10059f, addr: 0, data: 0)
             exe-1050008 [001] .N... 1635704.842531: sys_ptrace -> 0x0
             exe-1049673 [003] ..... 1635704.842536: sys_futex -> 0x0
             exe-1050015 [001] ..... 1635704.842542: sys_write -> 0x61
             exe-1049673 [003] ..... 1635704.842546: sys_futex(uaddr: c0002dd548, op: 81, val: 1, utime: 0, uaddr2: 0, val3: 0)
             exe-1049673 [003] ..... 1635704.842556: sys_futex -> 0x1
             exe-1049673 [003] ..... 1635704.842558: sys_nanosleep(rqtp: c000069f10, rmtp: 0)
             exe-1050008 [001] ..... 1635704.842562: sys_wait4(upid: 10059f, stat_addr: c000a2fbf4, options: 40000002, ru: 0)
             exe-1050008 [001] ..... 1635704.842564: sys_wait4 -> 0x10059f
             exe-1050008 [001] ..... 1635704.842568: sys_ptrace(request: 4204, pid: 10059f, addr: 1, data: c000a2fc70)
             exe-1050008 [001] ..... 1635704.842572: sys_ptrace -> 0x0
             exe-1050008 [001] ..... 1635704.842573: sys_ptrace(request: 4204, pid: 10059f, addr: 202, data: c000a2fc70)
             exe-1050008 [001] ..... 1635704.842576: sys_ptrace -> 0x0
             exe-1050008 [001] ..... 1635704.842598: sys_ptrace(request: 4205, pid: 10059f, addr: 1, data: c000a2fc70)
             exe-1050008 [001] ..... 1635704.842601: sys_ptrace -> 0x0
             exe-1050008 [001] ..... 1635704.842602: sys_ptrace(request: 4205, pid: 10059f, addr: 202, data: c000a2fc70)
             exe-1067990 [002] ..... 1635704.842603: sys_futex -> 0x0
             exe-1050008 [001] ..... 1635704.842613: sys_ptrace -> 0x0
             exe-1067990 [002] ..... 1635704.842613: sys_futex(uaddr: c0002dd548, op: 80, val: 0, utime: 0, uaddr2: 0, val3: 0)
             exe-1050008 [001] ..... 1635704.842614: sys_ptrace(request: 1f, pid: 10059f, addr: 0, data: 0)
             exe-1050008 [001] .N... 1635704.842621: sys_ptrace -> 0x0
             exe-1050015 [001] ..... 1635704.842632: sys_perf_event_open -> 0xffffffffffffffed
             exe-1050008 [001] ..... 1635704.842652: sys_wait4(upid: 10059f, stat_addr: c000a2fbf4, options: 40000002, ru: 0)
             exe-1050008 [001] ..... 1635704.842654: sys_wait4 -> 0x10059f
             exe-1050008 [001] ..... 1635704.842657: sys_ptrace(request: 4204, pid: 10059f, addr: 1, data: c000a2fc70)
             exe-1050008 [001] ..... 1635704.842660: sys_ptrace -> 0x0
             exe-1050008 [001] ..... 1635704.842662: sys_ptrace(request: 4204, pid: 10059f, addr: 202, data: c000a2fc70)
             exe-1050008 [001] ..... 1635704.842664: sys_ptrace -> 0x0
             exe-1049673 [003] ..... 1635704.842667: sys_nanosleep -> 0x0
             exe-1049673 [003] ..... 1635704.842671: sys_futex(uaddr: 1f09dc0, op: 80, val: 0, utime: c000069eb0, uaddr2: 0, val3: 0)
             exe-1050008 [001] ..... 1635704.842674: sys_pwrite64(fd: 63, buf: 7fd66e0ea080, count: 5f, pos: 61)
             exe-1050008 [001] ..... 1635704.842676: tracing_mark_write: perf_event_open(attr_uptr=0x55fd41ed8340, pid=50036, cpu=-1, group_fd=155, flags=0x9413000) end
             exe-1050008 [001] ..... 1635704.906285: tracing_mark_write: perf_event_open(attr_uptr=0x55fd41ed8340, pid=280, cpu=-1, group_fd=155, flags=0xf) start
             exe-1050008 [001] ..... 1635704.906287: sys_pwrite64 -> 0x59
             exe-1050008 [001] ..... 1635704.906293: sys_ptrace(request: 4205, pid: 10059f, addr: 1, data: c000a2fc70)
             exe-1050008 [001] ..... 1635704.906296: sys_ptrace -> 0x0
             exe-1050008 [001] ..... 1635704.906297: sys_ptrace(request: 4205, pid: 10059f, addr: 202, data: c000a2fc70)
             exe-1049673 [003] ..... 1635704.906298: sys_nanosleep -> 0x0
             exe-1049673 [003] ..... 1635704.906301: sys_futex(uaddr: 1f09dc0, op: 80, val: 0, utime: c000069eb0, uaddr2: 0, val3: 0)
             exe-1050008 [001] ..... 1635704.906308: sys_ptrace -> 0x0
             exe-1050008 [001] ..... 1635704.906310: sys_ptrace(request: 1f, pid: 10059f, addr: 0, data: 0)
             exe-1050008 [001] .N... 1635704.906317: sys_ptrace -> 0x0
             exe-1050015 [001] ..... 1635704.906328: sys_write -> 0x59
             exe-1050008 [001] ..... 1635704.906347: sys_wait4(upid: 10059f, stat_addr: c000a2fbf4, options: 40000002, ru: 0)
             exe-1050008 [001] ..... 1635704.906350: sys_wait4 -> 0x10059f
             exe-1050008 [001] ..... 1635704.906353: sys_ptrace(request: 4204, pid: 10059f, addr: 1, data: c000a2fc70)
             exe-1050008 [001] ..... 1635704.906356: sys_ptrace -> 0x0
             exe-1050008 [001] ..... 1635704.906358: sys_ptrace(request: 4204, pid: 10059f, addr: 202, data: c000a2fc70)
             exe-1050008 [001] ..... 1635704.906361: sys_ptrace -> 0x0
             exe-1050008 [001] ..... 1635704.906382: sys_ptrace(request: 4205, pid: 10059f, addr: 1, data: c000a2fc70)
             exe-1050008 [001] ..... 1635704.906385: sys_ptrace -> 0x0
             exe-1050008 [001] ..... 1635704.906387: sys_ptrace(request: 4205, pid: 10059f, addr: 202, data: c000a2fc70)
             exe-1050008 [001] ..... 1635704.906408: sys_ptrace -> 0x0
             exe-1050008 [001] ..... 1635704.906411: sys_ptrace(request: 1f, pid: 10059f, addr: 0, data: 0)
             exe-1050008 [001] .N... 1635704.906418: sys_ptrace -> 0x0
             exe-1049567 [002] ..... 1635704.906425: sys_nanosleep -> 0x0
             exe-1050015 [001] ..... 1635704.906429: sys_perf_event_open -> 0xffffffffffffffed
             exe-1049567 [002] ..... 1635704.906430: sys_nanosleep(rqtp: c000069f10, rmtp: 0)
             exe-1050008 [001] ..... 1635704.906450: sys_wait4(upid: 10059f, stat_addr: c000a2fbf4, options: 40000002, ru: 0)
             exe-1050008 [001] ..... 1635704.906453: sys_wait4 -> 0x10059f
             exe-1050008 [001] ..... 1635704.906455: sys_ptrace(request: 4204, pid: 10059f, addr: 1, data: c000a2fc70)
             exe-1050008 [001] ..... 1635704.906459: sys_ptrace -> 0x0
             exe-1050008 [001] ..... 1635704.906461: sys_ptrace(request: 4204, pid: 10059f, addr: 202, data: c000a2fc70)
             exe-1050008 [001] ..... 1635704.906463: sys_ptrace -> 0x0
             exe-1050008 [001] ..... 1635704.906472: sys_pwrite64(fd: 63, buf: 7fd66e0ea080, count: 57, pos: 59)
             exe-1050008 [001] ..... 1635704.906474: tracing_mark_write: perf_event_open(attr_uptr=0x55fd41ed8340, pid=280, cpu=-1, group_fd=155, flags=0xf) end
             exe-1050008 [001] ..... 1635705.002684: tracing_mark_write: perf_event_open(attr_uptr=0x55fd41ed8340, pid=-1, cpu=1, group_fd=-1, flags=0xb) start
             exe-1050008 [001] ..... 1635705.002686: sys_pwrite64 -> 0x56
             exe-1050008 [001] ..... 1635705.002692: sys_ptrace(request: 4205, pid: 10059f, addr: 1, data: c000a2fc70)
             exe-1050008 [001] ..... 1635705.002695: sys_ptrace -> 0x0
             exe-1050008 [001] ..... 1635705.002696: sys_ptrace(request: 4205, pid: 10059f, addr: 202, data: c000a2fc70)
             exe-1050008 [001] ..... 1635705.002706: sys_ptrace -> 0x0
             exe-1050008 [001] ..... 1635705.002708: sys_ptrace(request: 1f, pid: 10059f, addr: 0, data: 0)
             exe-1050008 [001] .N... 1635705.002715: sys_ptrace -> 0x0
             exe-1050015 [001] ..... 1635705.002725: sys_write -> 0x56
             exe-1067990 [000] ..... 1635705.002729: sys_futex -> 0x0
             exe-1067990 [000] ..... 1635705.002742: sys_futex(uaddr: c0002dd548, op: 80, val: 0, utime: 0, uaddr2: 0, val3: 0)
             exe-1050008 [001] ..... 1635705.002743: sys_wait4(upid: 10059f, stat_addr: c000a2fbf4, options: 40000002, ru: 0)
             exe-1049567 [002] ..... 1635705.002743: sys_nanosleep -> 0x0
             exe-1050008 [001] ..... 1635705.002746: sys_wait4 -> 0x10059f
             exe-1049567 [002] ..... 1635705.002748: sys_nanosleep(rqtp: c000069f10, rmtp: 0)
             exe-1050008 [001] ..... 1635705.002749: sys_ptrace(request: 4204, pid: 10059f, addr: 1, data: c000a2fc70)
             exe-1050008 [001] ..... 1635705.002752: sys_ptrace -> 0x0
             exe-1050008 [001] ..... 1635705.002754: sys_ptrace(request: 4204, pid: 10059f, addr: 202, data: c000a2fc70)
             exe-1049673 [003] ..... 1635705.002755: sys_nanosleep -> 0x0
             exe-1050008 [001] ..... 1635705.002756: sys_ptrace -> 0x0
             exe-1049673 [003] ..... 1635705.002760: sys_futex(uaddr: 1f09dc0, op: 80, val: 0, utime: c000069eb0, uaddr2: 0, val3: 0)
             exe-1050008 [001] ..... 1635705.002782: sys_ptrace(request: 4205, pid: 10059f, addr: 1, data: c000a2fc70)
             exe-1050008 [001] ..... 1635705.002784: sys_ptrace -> 0x0
             exe-1050008 [001] ..... 1635705.002785: sys_ptrace(request: 4205, pid: 10059f, addr: 202, data: c000a2fc70)
             exe-1050008 [001] ..... 1635705.002795: sys_ptrace -> 0x0
             exe-1050008 [001] ..... 1635705.002797: sys_ptrace(request: 1f, pid: 10059f, addr: 0, data: 0)
             exe-1050008 [001] .N... 1635705.002804: sys_ptrace -> 0x0
             exe-1050015 [001] ..... 1635705.002814: sys_perf_event_open -> 0xffffffffffffffed
             exe-1050008 [001] ..... 1635705.002832: sys_wait4(upid: 10059f, stat_addr: c000a2fbf4, options: 40000002, ru: 0)
             exe-1050008 [001] ..... 1635705.002835: sys_wait4 -> 0x10059f
             exe-1050008 [001] ..... 1635705.002837: sys_ptrace(request: 4204, pid: 10059f, addr: 1, data: c000a2fc70)
             exe-1050008 [001] ..... 1635705.002840: sys_ptrace -> 0x0
             exe-1050008 [001] ..... 1635705.002842: sys_ptrace(request: 4204, pid: 10059f, addr: 202, data: c000a2fc70)
             exe-1050008 [001] ..... 1635705.002845: sys_ptrace -> 0x0
             exe-1050008 [001] ..... 1635705.002853: sys_pwrite64(fd: 63, buf: 7fd66e0ea080, count: 54, pos: 56)
             exe-1050008 [001] ..... 1635705.002855: tracing_mark_write: perf_event_open(attr_uptr=0x55fd41ed8340, pid=-1, cpu=1, group_fd=-1, flags=0xb) end
             exe-1050008 [001] ..... 1635705.074272: tracing_mark_write: perf_event_open(attr_uptr=0x55fd41ed8340, pid=50036, cpu=1, group_fd=-1, flags=0x3) start
             exe-1050008 [001] ..... 1635705.074273: sys_pwrite64 -> 0x59
             exe-1050008 [001] ..... 1635705.074280: sys_ptrace(request: 4205, pid: 10059f, addr: 1, data: c000a2fc70)
             exe-1050008 [001] ..... 1635705.074283: sys_ptrace -> 0x0
             exe-1050008 [001] ..... 1635705.074284: sys_ptrace(request: 4205, pid: 10059f, addr: 202, data: c000a2fc70)
             exe-1050008 [001] ..... 1635705.074296: sys_ptrace -> 0x0
             exe-1050008 [001] ..... 1635705.074297: sys_ptrace(request: 1f, pid: 10059f, addr: 0, data: 0)
             exe-1050008 [001] .N... 1635705.074304: sys_ptrace -> 0x0
             exe-1050015 [001] ..... 1635705.074313: sys_write -> 0x59
             exe-1050008 [001] ..... 1635705.074330: sys_wait4(upid: 10059f, stat_addr: c000a2fbf4, options: 40000002, ru: 0)
             exe-1050008 [001] ..... 1635705.074333: sys_wait4 -> 0x10059f
             exe-1050008 [001] ..... 1635705.074335: sys_ptrace(request: 4204, pid: 10059f, addr: 1, data: c000a2fc70)
             exe-1050008 [001] ..... 1635705.074339: sys_ptrace -> 0x0
             exe-1050008 [001] ..... 1635705.074340: sys_ptrace(request: 4204, pid: 10059f, addr: 202, data: c000a2fc70)
             exe-1050008 [001] ..... 1635705.074343: sys_ptrace -> 0x0
             exe-1050008 [001] ..... 1635705.074363: sys_ptrace(request: 4205, pid: 10059f, addr: 1, data: c000a2fc70)
             exe-1050008 [001] ..... 1635705.074366: sys_ptrace -> 0x0
             exe-1050008 [001] ..... 1635705.074367: sys_ptrace(request: 4205, pid: 10059f, addr: 202, data: c000a2fc70)
             exe-1050008 [001] ..... 1635705.074377: sys_ptrace -> 0x0
             exe-1050008 [001] ..... 1635705.074378: sys_ptrace(request: 1f, pid: 10059f, addr: 0, data: 0)
             exe-1050008 [001] .N... 1635705.074385: sys_ptrace -> 0x0
             exe-1050015 [001] ..... 1635705.074394: sys_perf_event_open -> 0xffffffffffffffed
             exe-1050008 [001] ..... 1635705.074411: sys_wait4(upid: 10059f, stat_addr: c000a2fbf4, options: 40000002, ru: 0)
             exe-1050008 [001] ..... 1635705.074414: sys_wait4 -> 0x10059f
             exe-1050008 [001] ..... 1635705.074416: sys_ptrace(request: 4204, pid: 10059f, addr: 1, data: c000a2fc70)
             exe-1050008 [001] ..... 1635705.074419: sys_ptrace -> 0x0
             exe-1050008 [001] ..... 1635705.074421: sys_ptrace(request: 4204, pid: 10059f, addr: 202, data: c000a2fc70)
             exe-1050008 [001] ..... 1635705.074423: sys_ptrace -> 0x0
             exe-1050008 [001] ..... 1635705.074431: sys_pwrite64(fd: 63, buf: 7fd66e0ea080, count: 57, pos: 59)
             exe-1050008 [001] ..... 1635705.074433: tracing_mark_write: perf_event_open(attr_uptr=0x55fd41ed8340, pid=50036, cpu=1, group_fd=-1, flags=0x3) end
             exe-1050008 [001] ..... 1635705.138818: tracing_mark_write: perf_event_open(attr_uptr=0x55fd41ed8340, pid=0, cpu=3, group_fd=-1, flags=0x8) start
             exe-1050008 [001] ..... 1635705.138819: sys_pwrite64 -> 0x55
             exe-1050008 [001] ..... 1635705.138825: sys_ptrace(request: 4205, pid: 10059f, addr: 1, data: c000a2fc70)
             exe-1050008 [001] ..... 1635705.138828: sys_ptrace -> 0x0
             exe-1050008 [001] ..... 1635705.138829: sys_ptrace(request: 4205, pid: 10059f, addr: 202, data: c000a2fc70)
             exe-1049673 [003] ..... 1635705.138829: sys_nanosleep -> 0x0
             exe-1049673 [003] ..... 1635705.138832: sys_futex(uaddr: 1f09dc0, op: 80, val: 0, utime: c000069eb0, uaddr2: 0, val3: 0)
             exe-1050008 [001] ..... 1635705.138838: sys_ptrace -> 0x0
             exe-1050008 [001] ..... 1635705.138840: sys_ptrace(request: 1f, pid: 10059f, addr: 0, data: 0)
             exe-1050008 [001] .N... 1635705.138847: sys_ptrace -> 0x0
             exe-1050015 [001] ..... 1635705.138857: sys_write -> 0x55
             exe-1050008 [001] ..... 1635705.138874: sys_wait4(upid: 10059f, stat_addr: c000a2fbf4, options: 40000002, ru: 0)
             exe-1050008 [001] ..... 1635705.138876: sys_wait4 -> 0x10059f
             exe-1050008 [001] ..... 1635705.138893: sys_ptrace(request: 4204, pid: 10059f, addr: 1, data: c000a2fc70)
             exe-1050008 [001] ..... 1635705.138896: sys_ptrace -> 0x0
             exe-1050008 [001] ..... 1635705.138898: sys_ptrace(request: 4204, pid: 10059f, addr: 202, data: c000a2fc70)
             exe-1050008 [001] ..... 1635705.138900: sys_ptrace -> 0x0
             exe-1049567 [002] ..... 1635705.138901: sys_nanosleep -> 0x0
             exe-1049567 [002] ..... 1635705.138907: sys_nanosleep(rqtp: c000069f10, rmtp: 0)
             exe-1050008 [001] ..... 1635705.138917: sys_ptrace(request: 4205, pid: 10059f, addr: 1, data: c000a2fc70)
             exe-1050008 [001] ..... 1635705.138919: sys_ptrace -> 0x0
             exe-1050008 [001] ..... 1635705.138921: sys_ptrace(request: 4205, pid: 10059f, addr: 202, data: c000a2fc70)
             exe-1050008 [001] ..... 1635705.138937: sys_ptrace -> 0x0
             exe-1050008 [001] ..... 1635705.138939: sys_ptrace(request: 1f, pid: 10059f, addr: 0, data: 0)
             exe-1050008 [001] .N... 1635705.138946: sys_ptrace -> 0x0
             exe-1050015 [001] ..... 1635705.138955: sys_perf_event_open -> 0xffffffffffffffed
             exe-1050008 [001] ..... 1635705.138974: sys_wait4(upid: 10059f, stat_addr: c000a2fbf4, options: 40000002, ru: 0)
             exe-1050008 [001] ..... 1635705.138977: sys_wait4 -> 0x10059f
             exe-1050008 [001] ..... 1635705.138979: sys_ptrace(request: 4204, pid: 10059f, addr: 1, data: c000a2fc70)
             exe-1050008 [001] ..... 1635705.138982: sys_ptrace -> 0x0
             exe-1050008 [001] ..... 1635705.138984: sys_ptrace(request: 4204, pid: 10059f, addr: 202, data: c000a2fc70)
             exe-1050008 [001] ..... 1635705.138986: sys_ptrace -> 0x0
             exe-1050008 [001] ..... 1635705.138995: sys_pwrite64(fd: 63, buf: 7fd66e0ea080, count: 53, pos: 55)
             exe-1050008 [001] ..... 1635705.138996: tracing_mark_write: perf_event_open(attr_uptr=0x55fd41ed8340, pid=0, cpu=3, group_fd=-1, flags=0x8) end
             exe-1050008 [001] ..... 1635705.190673: tracing_mark_write: perf_event_open(attr_uptr=0x55fd41ed8340, pid=21, cpu=-1, group_fd=-1, flags=0xfffe) start
             exe-1049673 [003] ..... 1635705.190674: sys_nanosleep(rqtp: c000069f10, rmtp: 0)
             exe-1050008 [001] ..... 1635705.190674: sys_pwrite64 -> 0x5a
             exe-1050008 [001] ..... 1635705.190680: sys_ptrace(request: 4205, pid: 10059f, addr: 1, data: c000a2fc70)
             exe-1050008 [001] ..... 1635705.190683: sys_ptrace -> 0x0
             exe-1050008 [001] ..... 1635705.190684: sys_ptrace(request: 4205, pid: 10059f, addr: 202, data: c000a2fc70)
             exe-1050008 [001] ..... 1635705.190695: sys_ptrace -> 0x0
             exe-1050008 [001] ..... 1635705.190697: sys_ptrace(request: 1f, pid: 10059f, addr: 0, data: 0)
             exe-1050008 [001] .N... 1635705.190703: sys_ptrace -> 0x0
             exe-1050015 [001] ..... 1635705.190713: sys_write -> 0x5a
             exe-1050008 [001] ..... 1635705.190731: sys_wait4(upid: 10059f, stat_addr: c000a2fbf4, options: 40000002, ru: 0)
             exe-1050008 [001] ..... 1635705.190734: sys_wait4 -> 0x10059f
             exe-1050008 [001] ..... 1635705.190736: sys_ptrace(request: 4204, pid: 10059f, addr: 1, data: c000a2fc70)
             exe-1050008 [001] ..... 1635705.190739: sys_ptrace -> 0x0
             exe-1050008 [001] ..... 1635705.190741: sys_ptrace(request: 4204, pid: 10059f, addr: 202, data: c000a2fc70)
             exe-1050008 [001] ..... 1635705.190743: sys_ptrace -> 0x0
             exe-1049673 [003] ..... 1635705.190759: sys_nanosleep -> 0x0
             exe-1049673 [003] ..... 1635705.190761: sys_nanosleep(rqtp: c000069f10, rmtp: 0)
             exe-1050008 [001] ..... 1635705.190762: sys_ptrace(request: 4205, pid: 10059f, addr: 1, data: c000a2fc70)
             exe-1050008 [001] ..... 1635705.190765: sys_ptrace -> 0x0
             exe-1050008 [001] ..... 1635705.190766: sys_ptrace(request: 4205, pid: 10059f, addr: 202, data: c000a2fc70)
             exe-1050008 [001] ..... 1635705.190777: sys_ptrace -> 0x0
             exe-1050008 [001] ..... 1635705.190778: sys_ptrace(request: 1f, pid: 10059f, addr: 0, data: 0)
             exe-1050008 [001] .N... 1635705.190785: sys_ptrace -> 0x0
             exe-1050015 [001] ..... 1635705.190795: sys_perf_event_open -> 0xffffffffffffffed
             exe-1050008 [001] ..... 1635705.190814: sys_wait4(upid: 10059f, stat_addr: c000a2fbf4, options: 40000002, ru: 0)
             exe-1050008 [001] ..... 1635705.190816: sys_wait4 -> 0x10059f
             exe-1050008 [001] ..... 1635705.190818: sys_ptrace(request: 4204, pid: 10059f, addr: 1, data: c000a2fc70)
             exe-1050008 [001] ..... 1635705.190822: sys_ptrace -> 0x0
             exe-1050008 [001] ..... 1635705.190824: sys_ptrace(request: 4204, pid: 10059f, addr: 202, data: c000a2fc70)
             exe-1050008 [001] ..... 1635705.190826: sys_ptrace -> 0x0
             exe-1050008 [001] ..... 1635705.190835: sys_pwrite64(fd: 63, buf: 7fd66e0ea080, count: 58, pos: 5a)
             exe-1050008 [001] ..... 1635705.190837: tracing_mark_write: perf_event_open(attr_uptr=0x55fd41ed8340, pid=21, cpu=-1, group_fd=-1, flags=0xfffe) end
             exe-1050008 [003] ..... 1635705.268850: tracing_mark_write: perf_event_open(attr_uptr=0x55fd41ed8340, pid=21, cpu=-1, group_fd=21, flags=0xfffffff6) start
             exe-1050008 [003] ..... 1635705.268852: sys_pwrite64 -> 0x5e
             exe-1049567 [003] ..... 1635705.268930: sys_nanosleep -> 0x0
             exe-1049567 [003] ..... 1635705.268937: sys_nanosleep(rqtp: c000069f10, rmtp: 0)
             exe-1050008 [003] ..... 1635705.268973: sys_ptrace(request: 4205, pid: 10059f, addr: 1, data: c000a2fc70)
             exe-1050008 [003] ..... 1635705.268977: sys_ptrace -> 0x0
             exe-1050008 [003] ..... 1635705.268979: sys_ptrace(request: 4205, pid: 10059f, addr: 202, data: c000a2fc70)
             exe-1050008 [003] ..... 1635705.269054: sys_ptrace -> 0x0
             exe-1050008 [003] ..... 1635705.269059: sys_ptrace(request: 1f, pid: 10059f, addr: 0, data: 0)
             exe-1050008 [003] ..... 1635705.269074: sys_ptrace -> 0x0
             exe-1050008 [003] ..... 1635705.269077: sys_wait4(upid: 10059f, stat_addr: c000a2fbf4, options: 40000002, ru: 0)
             exe-1050015 [001] ..... 1635705.269120: sys_write -> 0x5e
             exe-1050008 [003] ..... 1635705.269156: sys_wait4 -> 0x10059f
             exe-1050008 [003] ..... 1635705.269162: sys_ptrace(request: 4204, pid: 10059f, addr: 1, data: c000a2fc70)
             exe-1050008 [003] ..... 1635705.269167: sys_ptrace -> 0x0
             exe-1050008 [003] ..... 1635705.269168: sys_ptrace(request: 4204, pid: 10059f, addr: 202, data: c000a2fc70)
             exe-1050008 [003] ..... 1635705.269171: sys_ptrace -> 0x0
             exe-1050008 [003] ..... 1635705.269227: sys_ptrace(request: 4205, pid: 10059f, addr: 1, data: c000a2fc70)
             exe-1050008 [003] .N... 1635705.269231: sys_ptrace -> 0x0
             exe-1049673 [003] ..... 1635705.269274: sys_nanosleep -> 0x0
             exe-1049673 [003] ..... 1635705.269283: sys_futex(uaddr: c0002dd548, op: 81, val: 1, utime: 0, uaddr2: 0, val3: 0)
             exe-1049673 [003] ..... 1635705.269299: sys_futex -> 0x1
             exe-1049673 [003] ..... 1635705.269302: sys_nanosleep(rqtp: c000069f10, rmtp: 0)
             exe-1067990 [002] ..... 1635705.269358: sys_futex -> 0x0
             exe-1067990 [002] ..... 1635705.269367: sys_futex(uaddr: c0002dd548, op: 80, val: 0, utime: 0, uaddr2: 0, val3: 0)
             exe-1049673 [003] ..... 1635705.269392: sys_nanosleep -> 0x0
             exe-1049673 [003] ..... 1635705.269399: sys_futex(uaddr: 1f09dc0, op: 80, val: 0, utime: c000069eb0, uaddr2: 0, val3: 0)
             exe-1050008 [003] ..... 1635705.269424: sys_ptrace(request: 4205, pid: 10059f, addr: 202, data: c000a2fc70)
             exe-1050008 [003] ..... 1635705.269520: sys_ptrace -> 0x0
             exe-1050008 [003] ..... 1635705.269525: sys_ptrace(request: 1f, pid: 10059f, addr: 0, data: 0)
             exe-1050008 [003] ..... 1635705.269541: sys_ptrace -> 0x0
             exe-1050008 [003] ..... 1635705.269545: sys_wait4(upid: 10059f, stat_addr: c000a2fbf4, options: 40000002, ru: 0)
             exe-1050015 [001] ..... 1635705.269587: sys_perf_event_open -> 0xffffffffffffffed
             exe-1050008 [003] ..... 1635705.269637: sys_wait4 -> 0x10059f
             exe-1050008 [003] ..... 1635705.269644: sys_ptrace(request: 4204, pid: 10059f, addr: 1, data: c000a2fc70)
             exe-1050008 [003] ..... 1635705.269649: sys_ptrace -> 0x0
             exe-1050008 [003] ..... 1635705.269651: sys_ptrace(request: 4204, pid: 10059f, addr: 202, data: c000a2fc70)
             exe-1050008 [003] ..... 1635705.269654: sys_ptrace -> 0x0
             exe-1050008 [003] ..... 1635705.269740: sys_pwrite64(fd: 63, buf: 7fd66e0ea080, count: 5c, pos: 5e)
             exe-1050008 [003] ..... 1635705.269744: tracing_mark_write: perf_event_open(attr_uptr=0x55fd41ed8340, pid=21, cpu=-1, group_fd=21, flags=0xfffffff6) end
             exe-1050008 [003] ..... 1635705.357720: tracing_mark_write: perf_event_open(attr_uptr=0x55fd41ed8340, pid=175, cpu=2, group_fd=175, flags=0xfcfcfcfc) start
             exe-1050008 [003] ..... 1635705.357722: sys_pwrite64 -> 0x5f
             exe-1050008 [003] ..... 1635705.357731: sys_ptrace(request: 4205, pid: 10059f, addr: 1, data: c000a2fc70)
             exe-1050008 [003] ..... 1635705.357735: sys_ptrace -> 0x0
             exe-1050008 [003] ..... 1635705.357737: sys_ptrace(request: 4205, pid: 10059f, addr: 202, data: c000a2fc70)
             exe-1050008 [003] ..... 1635705.357818: sys_ptrace -> 0x0
             exe-1050008 [003] ..... 1635705.357823: sys_ptrace(request: 1f, pid: 10059f, addr: 0, data: 0)
             exe-1050008 [003] ..... 1635705.357838: sys_ptrace -> 0x0
             exe-1050008 [003] ..... 1635705.357842: sys_wait4(upid: 10059f, stat_addr: c000a2fbf4, options: 40000002, ru: 0)
             exe-1050015 [001] ..... 1635705.357861: sys_write -> 0x5f
             exe-1050008 [003] ..... 1635705.357928: sys_wait4 -> 0x10059f
             exe-1050008 [003] ..... 1635705.357934: sys_ptrace(request: 4204, pid: 10059f, addr: 1, data: c000a2fc70)
             exe-1050008 [003] ..... 1635705.357939: sys_ptrace -> 0x0
             exe-1050008 [003] ..... 1635705.357941: sys_ptrace(request: 4204, pid: 10059f, addr: 202, data: c000a2fc70)
             exe-1050008 [003] ..... 1635705.357944: sys_ptrace -> 0x0
             exe-1050008 [003] ..... 1635705.357967: sys_ptrace(request: 4205, pid: 10059f, addr: 1, data: c000a2fc70)
             exe-1050008 [003] ..... 1635705.357969: sys_ptrace -> 0x0
             exe-1050008 [003] ..... 1635705.357971: sys_ptrace(request: 4205, pid: 10059f, addr: 202, data: c000a2fc70)
             exe-1050008 [003] ..... 1635705.358052: sys_ptrace -> 0x0
             exe-1050008 [003] ..... 1635705.358057: sys_ptrace(request: 1f, pid: 10059f, addr: 0, data: 0)
             exe-1050008 [003] ..... 1635705.358073: sys_ptrace -> 0x0
             exe-1050008 [003] ..... 1635705.358076: sys_wait4(upid: 10059f, stat_addr: c000a2fbf4, options: 40000002, ru: 0)
             exe-1050015 [001] ..... 1635705.358093: sys_perf_event_open -> 0xffffffffffffffed
             exe-1050008 [003] ..... 1635705.358175: sys_wait4 -> 0x10059f
             exe-1050008 [003] ..... 1635705.358181: sys_ptrace(request: 4204, pid: 10059f, addr: 1, data: c000a2fc70)
             exe-1050008 [003] ..... 1635705.358186: sys_ptrace -> 0x0
             exe-1050008 [003] ..... 1635705.358188: sys_ptrace(request: 4204, pid: 10059f, addr: 202, data: c000a2fc70)
             exe-1050008 [003] ..... 1635705.358191: sys_ptrace -> 0x0
             exe-1050008 [003] ..... 1635705.358207: sys_pwrite64(fd: 63, buf: 7fd66e0ea080, count: 5d, pos: 5f)
             exe-1050008 [003] ..... 1635705.358209: tracing_mark_write: perf_event_open(attr_uptr=0x55fd41ed8340, pid=175, cpu=2, group_fd=175, flags=0xfcfcfcfc) end
             exe-1050008 [003] ..... 1635705.431055: tracing_mark_write: perf_event_open(attr_uptr=0x55fd41ed8340, pid=-1, cpu=3, group_fd=353, flags=0x2) start
             exe-1050008 [003] ..... 1635705.431056: sys_pwrite64 -> 0x57
             exe-1050008 [003] ..... 1635705.431063: sys_ptrace(request: 4205, pid: 10059f, addr: 1, data: c000a2fc70)
             exe-1050008 [003] ..... 1635705.431066: sys_ptrace -> 0x0
             exe-1050008 [003] ..... 1635705.431067: sys_ptrace(request: 4205, pid: 10059f, addr: 202, data: c000a2fc70)
             exe-1050008 [003] ..... 1635705.431143: sys_ptrace -> 0x0
             exe-1050008 [003] ..... 1635705.431147: sys_ptrace(request: 1f, pid: 10059f, addr: 0, data: 0)
             exe-1050008 [003] ..... 1635705.431162: sys_ptrace -> 0x0
             exe-1050008 [003] ..... 1635705.431165: sys_wait4(upid: 10059f, stat_addr: c000a2fbf4, options: 40000002, ru: 0)
             exe-1050015 [001] ..... 1635705.431185: sys_write -> 0x57
             exe-1050008 [003] ..... 1635705.431246: sys_wait4 -> 0x10059f
             exe-1050008 [003] ..... 1635705.431252: sys_ptrace(request: 4204, pid: 10059f, addr: 1, data: c000a2fc70)
             exe-1050008 [003] ..... 1635705.431256: sys_ptrace -> 0x0
             exe-1050008 [003] ..... 1635705.431258: sys_ptrace(request: 4204, pid: 10059f, addr: 202, data: c000a2fc70)
             exe-1050008 [003] ..... 1635705.431260: sys_ptrace -> 0x0
             exe-1050008 [003] ..... 1635705.431363: sys_ptrace(request: 4205, pid: 10059f, addr: 1, data: c000a2fc70)
             exe-1050008 [003] ..... 1635705.431368: sys_ptrace -> 0x0
             exe-1050008 [003] ..... 1635705.431370: sys_ptrace(request: 4205, pid: 10059f, addr: 202, data: c000a2fc70)
             exe-1050008 [003] ..... 1635705.431384: sys_ptrace -> 0x0
             exe-1050008 [003] ..... 1635705.431386: sys_ptrace(request: 1f, pid: 10059f, addr: 0, data: 0)
             exe-1050008 [003] ..... 1635705.431400: sys_ptrace -> 0x0
             exe-1050008 [003] ..... 1635705.431404: sys_wait4(upid: 10059f, stat_addr: c000a2fbf4, options: 40000002, ru: 0)
             exe-1050015 [001] ..... 1635705.431431: sys_perf_event_open -> 0xffffffffffffffed
             exe-1050008 [003] ..... 1635705.431475: sys_wait4 -> 0x10059f
             exe-1050008 [003] ..... 1635705.431481: sys_ptrace(request: 4204, pid: 10059f, addr: 1, data: c000a2fc70)
             exe-1050008 [003] ..... 1635705.431485: sys_ptrace -> 0x0
             exe-1050008 [003] ..... 1635705.431487: sys_ptrace(request: 4204, pid: 10059f, addr: 202, data: c000a2fc70)
             exe-1050008 [003] ..... 1635705.431489: sys_ptrace -> 0x0
             exe-1050008 [003] ..... 1635705.431505: sys_pwrite64(fd: 63, buf: 7fd66e0ea080, count: 55, pos: 57)
             exe-1050008 [003] ..... 1635705.431507: tracing_mark_write: perf_event_open(attr_uptr=0x55fd41ed8340, pid=-1, cpu=3, group_fd=353, flags=0x2) end
             exe-1050008 [003] ..... 1635705.506559: tracing_mark_write: perf_event_open(attr_uptr=0x55fd41ed8340, pid=1, cpu=0, group_fd=-1, flags=0x0) start
             exe-1050008 [003] ..... 1635705.506561: sys_pwrite64 -> 0x55
             exe-1050008 [003] ..... 1635705.506565: sys_ptrace(request: 4205, pid: 10059f, addr: 1, data: c000a2fc70)
             exe-1050008 [003] ..... 1635705.506568: sys_ptrace -> 0x0
             exe-1050008 [003] ..... 1635705.506569: sys_ptrace(request: 4205, pid: 10059f, addr: 202, data: c000a2fc70)
             exe-1050008 [003] ..... 1635705.506576: sys_ptrace -> 0x0
             exe-1050008 [003] ..... 1635705.506578: sys_ptrace(request: 1f, pid: 10059f, addr: 0, data: 0)
             exe-1050008 [003] ..... 1635705.506588: sys_ptrace -> 0x0
             exe-1050008 [003] ..... 1635705.506590: sys_wait4(upid: 10059f, stat_addr: c000a2fbf4, options: 40000002, ru: 0)
             exe-1049673 [002] ..... 1635705.506606: sys_nanosleep -> 0x0
             exe-1049673 [002] ..... 1635705.506608: sys_nanosleep(rqtp: c000069f10, rmtp: 0)
             exe-1050015 [001] ..... 1635705.506612: sys_write -> 0x55
             exe-1050008 [003] ..... 1635705.506628: sys_wait4 -> 0x10059f
             exe-1050008 [003] ..... 1635705.506630: sys_ptrace(request: 4204, pid: 10059f, addr: 1, data: c000a2fc70)
             exe-1050008 [003] ..... 1635705.506632: sys_ptrace -> 0x0
             exe-1050008 [003] ..... 1635705.506634: sys_ptrace(request: 4204, pid: 10059f, addr: 202, data: c000a2fc70)
             exe-1050008 [003] ..... 1635705.506636: sys_ptrace -> 0x0
             exe-1050008 [003] ..... 1635705.506662: sys_ptrace(request: 4205, pid: 10059f, addr: 1, data: c000a2fc70)
             exe-1050008 [003] ..... 1635705.506664: sys_ptrace -> 0x0
             exe-1050008 [003] ..... 1635705.506666: sys_ptrace(request: 4205, pid: 10059f, addr: 202, data: c000a2fc70)
             exe-1050008 [003] ..... 1635705.506673: sys_ptrace -> 0x0
             exe-1050008 [003] ..... 1635705.506675: sys_ptrace(request: 1f, pid: 10059f, addr: 0, data: 0)
             exe-1050008 [003] ..... 1635705.506684: sys_ptrace -> 0x0
             exe-1050008 [003] ..... 1635705.506686: sys_wait4(upid: 10059f, stat_addr: c000a2fbf4, options: 40000002, ru: 0)
             exe-1049673 [002] ..... 1635705.506693: sys_nanosleep -> 0x0
             exe-1049673 [002] ..... 1635705.506695: sys_nanosleep(rqtp: c000069f10, rmtp: 0)
             exe-1050015 [001] ..... 1635705.506706: sys_perf_event_open -> 0xffffffffffffffed
             exe-1050008 [003] ..... 1635705.506720: sys_wait4 -> 0x10059f
             exe-1050008 [003] ..... 1635705.506722: sys_ptrace(request: 4204, pid: 10059f, addr: 1, data: c000a2fc70)
             exe-1050008 [003] ..... 1635705.506725: sys_ptrace -> 0x0
             exe-1050008 [003] ..... 1635705.506726: sys_ptrace(request: 4204, pid: 10059f, addr: 202, data: c000a2fc70)
             exe-1050008 [003] ..... 1635705.506728: sys_ptrace -> 0x0
             exe-1050008 [003] ..... 1635705.506733: sys_pwrite64(fd: 63, buf: 7fd66e0ea080, count: 53, pos: 55)
             exe-1050008 [003] ..... 1635705.506735: tracing_mark_write: perf_event_open(attr_uptr=0x55fd41ed8340, pid=1, cpu=0, group_fd=-1, flags=0x0) end
             exe-1050008 [003] ..... 1635705.578610: tracing_mark_write: perf_event_open(attr_uptr=0x55fd41ed8340, pid=353, cpu=3, group_fd=-1, flags=0x4) start
             exe-1050008 [003] ..... 1635705.578611: sys_pwrite64 -> 0x57
             exe-1049673 [002] ..... 1635705.578615: sys_futex(uaddr: 1f09dc0, op: 80, val: 0, utime: c000069eb0, uaddr2: 0, val3: 0)
             exe-1050008 [003] ..... 1635705.578616: sys_ptrace(request: 4205, pid: 10059f, addr: 1, data: c000a2fc70)
             exe-1050008 [003] ..... 1635705.578618: sys_ptrace -> 0x0
             exe-1050008 [003] ..... 1635705.578619: sys_ptrace(request: 4205, pid: 10059f, addr: 202, data: c000a2fc70)
             exe-1092132 [000] ..... 1635705.578620: sys_munmap -> 0x0
             exe-1050008 [003] ..... 1635705.578627: sys_ptrace -> 0x0
             exe-1050008 [003] ..... 1635705.578629: sys_ptrace(request: 1f, pid: 10059f, addr: 0, data: 0)
             exe-1050008 [003] ..... 1635705.578638: sys_ptrace -> 0x0
             exe-1050008 [003] ..... 1635705.578640: sys_wait4(upid: 10059f, stat_addr: c000a2fbf4, options: 40000002, ru: 0)
             exe-1091607 [000] ..... 1635705.578645: sys_wait4(upid: 10aa24, stat_addr: c0003df14c, options: 40000002, ru: 0)
             exe-1091607 [000] ..... 1635705.578648: sys_wait4 -> 0x10aa24
             exe-1091607 [000] ..... 1635705.578650: sys_ptrace(request: 4204, pid: 10aa24, addr: 1, data: c0003df1c8)
             exe-1091607 [000] ..... 1635705.578653: sys_ptrace -> 0x0
             exe-1050015 [001] ..... 1635705.578660: sys_write -> 0x57
             exe-1050008 [003] ..... 1635705.578673: sys_wait4 -> 0x10059f
             exe-1050008 [003] ..... 1635705.578675: sys_ptrace(request: 4204, pid: 10059f, addr: 1, data: c000a2fc70)
             exe-1091607 [000] ..... 1635705.578675: sys_ptrace(request: 4205, pid: 10a86d, addr: 1, data: c0003dfc70)
             exe-1050008 [003] ..... 1635705.578677: sys_ptrace -> 0x0
             exe-1050008 [003] ..... 1635705.578678: sys_ptrace(request: 4204, pid: 10059f, addr: 202, data: c000a2fc70)
             exe-1091607 [000] ..... 1635705.578678: sys_ptrace -> 0x0
             exe-1050008 [003] ..... 1635705.578680: sys_ptrace -> 0x0
             exe-1091607 [000] ..... 1635705.578680: sys_ptrace(request: 4205, pid: 10a86d, addr: 202, data: c0003dfc70)
             exe-1091607 [000] ..... 1635705.578691: sys_ptrace -> 0x0
             exe-1091607 [000] ..... 1635705.578692: sys_ptrace(request: 1f, pid: 10a86d, addr: 0, data: 0)
             exe-1091607 [000] .N... 1635705.578699: sys_ptrace -> 0x0
             exe-1050008 [003] ..... 1635705.578701: sys_ptrace(request: 4205, pid: 10059f, addr: 1, data: c000a2fc70)
             exe-1050008 [003] ..... 1635705.578703: sys_ptrace -> 0x0
             exe-1050008 [003] ..... 1635705.578704: sys_ptrace(request: 4205, pid: 10059f, addr: 202, data: c000a2fc70)
             exe-1091693 [000] ..... 1635705.578709: sys_mprotect -> 0x0
             exe-1050008 [003] ..... 1635705.578710: sys_ptrace -> 0x0
             exe-1050008 [003] ..... 1635705.578712: sys_ptrace(request: 1f, pid: 10059f, addr: 0, data: 0)
             exe-1050008 [003] ..... 1635705.578717: sys_ptrace -> 0x0
             exe-1050008 [003] ..... 1635705.578718: sys_wait4(upid: 10059f, stat_addr: c000a2fbf4, options: 40000002, ru: 0)
             exe-1050015 [001] ..... 1635705.578723: sys_perf_event_open -> 0xffffffffffffffed
             exe-1050008 [003] ..... 1635705.578734: sys_wait4 -> 0x10059f
             exe-1050008 [003] ..... 1635705.578736: sys_ptrace(request: 4204, pid: 10059f, addr: 1, data: c000a2fc70)
             exe-1050008 [003] ..... 1635705.578738: sys_ptrace -> 0x0
             exe-1050008 [003] ..... 1635705.578739: sys_ptrace(request: 4204, pid: 10059f, addr: 202, data: c000a2fc70)
             exe-1050008 [003] ..... 1635705.578741: sys_ptrace -> 0x0
             exe-1050008 [003] ..... 1635705.578745: sys_pwrite64(fd: 63, buf: 7fd66e0ea080, count: 55, pos: 57)
             exe-1050008 [003] ..... 1635705.578746: tracing_mark_write: perf_event_open(attr_uptr=0x55fd41ed8340, pid=353, cpu=3, group_fd=-1, flags=0x4) end
             exe-1050008 [003] ..... 1635705.655026: tracing_mark_write: perf_event_open(attr_uptr=0x55fd41ed8340, pid=0, cpu=3, group_fd=-1, flags=0x0) start
             exe-1050008 [003] ..... 1635705.655027: sys_pwrite64 -> 0x55
             exe-1050008 [003] ..... 1635705.655032: sys_ptrace(request: 4205, pid: 10059f, addr: 1, data: c000a2fc70)
             exe-1050008 [003] ..... 1635705.655035: sys_ptrace -> 0x0
             exe-1050008 [003] ..... 1635705.655036: sys_ptrace(request: 4205, pid: 10059f, addr: 202, data: c000a2fc70)
             exe-1050008 [003] ..... 1635705.655044: sys_ptrace -> 0x0
             exe-1050008 [003] ..... 1635705.655046: sys_ptrace(request: 1f, pid: 10059f, addr: 0, data: 0)
             exe-1049673 [002] ..... 1635705.655055: sys_nanosleep -> 0x0
             exe-1050008 [003] ..... 1635705.655056: sys_ptrace -> 0x0
             exe-1050008 [003] ..... 1635705.655058: sys_wait4(upid: 10059f, stat_addr: c000a2fbf4, options: 40000002, ru: 0)
             exe-1049673 [002] ..... 1635705.655060: sys_nanosleep(rqtp: c000069f10, rmtp: 0)
             exe-1050015 [000] ..... 1635705.655073: sys_write -> 0x55
             exe-1050008 [003] ..... 1635705.655088: sys_wait4 -> 0x10059f
             exe-1050008 [003] ..... 1635705.655090: sys_ptrace(request: 4204, pid: 10059f, addr: 1, data: c000a2fc70)
             exe-1050008 [003] ..... 1635705.655093: sys_ptrace -> 0x0
             exe-1050008 [003] ..... 1635705.655094: sys_ptrace(request: 4204, pid: 10059f, addr: 202, data: c000a2fc70)
             exe-1050008 [003] ..... 1635705.655096: sys_ptrace -> 0x0
             exe-1050008 [003] ..... 1635705.655123: sys_ptrace(request: 4205, pid: 10059f, addr: 1, data: c000a2fc70)
             exe-1050008 [003] ..... 1635705.655126: sys_ptrace -> 0x0
             exe-1050008 [003] ..... 1635705.655128: sys_ptrace(request: 4205, pid: 10059f, addr: 202, data: c000a2fc70)
             exe-1050008 [003] ..... 1635705.655136: sys_ptrace -> 0x0
             exe-1050008 [003] ..... 1635705.655138: sys_ptrace(request: 1f, pid: 10059f, addr: 0, data: 0)
             exe-1050008 [003] ..... 1635705.655147: sys_ptrace -> 0x0
             exe-1050008 [003] ..... 1635705.655149: sys_wait4(upid: 10059f, stat_addr: c000a2fbf4, options: 40000002, ru: 0)
             exe-1050015 [000] ..... 1635705.655165: sys_perf_event_open -> 0xffffffffffffffed
             exe-1049673 [002] ..... 1635705.655169: sys_nanosleep -> 0x0
             exe-1049673 [002] ..... 1635705.655174: sys_nanosleep(rqtp: c000069f10, rmtp: 0)
             exe-1050008 [003] ..... 1635705.655179: sys_wait4 -> 0x10059f
             exe-1050008 [003] ..... 1635705.655182: sys_ptrace(request: 4204, pid: 10059f, addr: 1, data: c000a2fc70)
             exe-1050008 [003] ..... 1635705.655184: sys_ptrace -> 0x0
             exe-1050008 [003] ..... 1635705.655186: sys_ptrace(request: 4204, pid: 10059f, addr: 202, data: c000a2fc70)
             exe-1050008 [003] ..... 1635705.655188: sys_ptrace -> 0x0
             exe-1050008 [003] ..... 1635705.655194: sys_pwrite64(fd: 63, buf: 7fd66e0ea080, count: 53, pos: 55)
             exe-1050008 [003] ..... 1635705.655196: tracing_mark_write: perf_event_open(attr_uptr=0x55fd41ed8340, pid=0, cpu=3, group_fd=-1, flags=0x0) end
             exe-1050008 [003] ..... 1635705.729209: tracing_mark_write: perf_event_open(attr_uptr=0x55fd41ed8340, pid=14, cpu=-1, group_fd=14, flags=0xffffffffffffffe7) start
             exe-1050008 [003] ..... 1635705.729210: sys_pwrite64 -> 0x66
             exe-1050008 [003] ..... 1635705.729214: sys_ptrace(request: 4205, pid: 10059f, addr: 1, data: c000a2fc70)
             exe-1050008 [003] ..... 1635705.729216: sys_ptrace -> 0x0
             exe-1050008 [003] ..... 1635705.729217: sys_ptrace(request: 4205, pid: 10059f, addr: 202, data: c000a2fc70)
             exe-1050008 [003] ..... 1635705.729224: sys_ptrace -> 0x0
             exe-1050008 [003] ..... 1635705.729225: sys_ptrace(request: 1f, pid: 10059f, addr: 0, data: 0)
             exe-1050008 [003] ..... 1635705.729228: sys_ptrace -> 0x0
             exe-1050008 [003] ..... 1635705.729229: sys_wait4(upid: 10059f, stat_addr: c000a2fbf4, options: 40000002, ru: 0)
             exe-1049673 [002] ..... 1635705.729234: sys_nanosleep -> 0x0
             exe-1049673 [002] ..... 1635705.729236: sys_nanosleep(rqtp: c000069f10, rmtp: 0)
             exe-1050015 [003] ..... 1635705.729236: sys_write -> 0x66
             exe-1050008 [003] ..... 1635705.729250: sys_wait4 -> 0x10059f
             exe-1050008 [003] ..... 1635705.729252: sys_ptrace(request: 4204, pid: 10059f, addr: 1, data: c000a2fc70)
             exe-1050008 [003] ..... 1635705.729254: sys_ptrace -> 0x0
             exe-1050008 [003] ..... 1635705.729255: sys_ptrace(request: 4204, pid: 10059f, addr: 202, data: c000a2fc70)
             exe-1050008 [003] ..... 1635705.729257: sys_ptrace -> 0x0
             exe-1049567 [003] ..... 1635705.729278: sys_nanosleep -> 0x0
             exe-1049567 [003] ..... 1635705.729280: sys_nanosleep(rqtp: c000069f10, rmtp: 0)
             exe-1050008 [003] ..... 1635705.729299: sys_ptrace(request: 4205, pid: 10059f, addr: 1, data: c000a2fc70)
             exe-1050008 [003] ..... 1635705.729301: sys_ptrace -> 0x0
             exe-1050008 [003] ..... 1635705.729301: sys_ptrace(request: 4205, pid: 10059f, addr: 202, data: c000a2fc70)
             exe-1050008 [003] ..... 1635705.729309: sys_ptrace -> 0x0
             exe-1050008 [003] ..... 1635705.729310: sys_ptrace(request: 1f, pid: 10059f, addr: 0, data: 0)
             exe-1050008 [003] ..... 1635705.729312: sys_ptrace -> 0x0
             exe-1050008 [003] ..... 1635705.729314: sys_wait4(upid: 10059f, stat_addr: c000a2fbf4, options: 40000002, ru: 0)
             exe-1050015 [003] ..... 1635705.729320: sys_perf_event_open -> 0xffffffffffffffed
             exe-1049673 [002] ..... 1635705.729321: sys_nanosleep -> 0x0
             exe-1049673 [002] ..... 1635705.729323: sys_nanosleep(rqtp: c000069f10, rmtp: 0)
             exe-1050008 [003] ..... 1635705.729334: sys_wait4 -> 0x10059f
             exe-1050008 [003] ..... 1635705.729336: sys_ptrace(request: 4204, pid: 10059f, addr: 1, data: c000a2fc70)
             exe-1050008 [003] ..... 1635705.729338: sys_ptrace -> 0x0
             exe-1050008 [003] ..... 1635705.729339: sys_ptrace(request: 4204, pid: 10059f, addr: 202, data: c000a2fc70)
             exe-1050008 [003] ..... 1635705.729341: sys_ptrace -> 0x0
             exe-1050008 [003] ..... 1635705.729347: sys_pwrite64(fd: 63, buf: 7fd66e0ea080, count: 64, pos: 66)
             exe-1050008 [003] ..... 1635705.729348: tracing_mark_write: perf_event_open(attr_uptr=0x55fd41ed8340, pid=14, cpu=-1, group_fd=14, flags=0xffffffffffffffe7) end
             exe-1050008 [003] ..... 1635705.805929: tracing_mark_write: perf_event_open(attr_uptr=0x55fd41ed8340, pid=14, cpu=1, group_fd=-1, flags=0x2c) start
             exe-1050008 [003] ..... 1635705.805930: sys_pwrite64 -> 0x57
             exe-1050008 [003] ..... 1635705.805935: sys_ptrace(request: 4205, pid: 10059f, addr: 1, data: c000a2fc70)
             exe-1050008 [003] ..... 1635705.805937: sys_ptrace -> 0x0
             exe-1050008 [003] ..... 1635705.805938: sys_ptrace(request: 4205, pid: 10059f, addr: 202, data: c000a2fc70)
             exe-1050008 [003] ..... 1635705.805947: sys_ptrace -> 0x0
             exe-1050008 [003] ..... 1635705.805948: sys_ptrace(request: 1f, pid: 10059f, addr: 0, data: 0)
             exe-1050008 [003] .N... 1635705.805951: sys_ptrace -> 0x0
             exe-1050015 [003] ..... 1635705.805958: sys_write -> 0x57
             exe-1049673 [001] ..... 1635705.805962: sys_nanosleep -> 0x0
             exe-1049673 [001] ..... 1635705.805967: sys_nanosleep(rqtp: c000069f10, rmtp: 0)
             exe-1049567 [003] ..... 1635705.805992: sys_nanosleep -> 0x0
             exe-1049567 [003] ..... 1635705.805996: sys_nanosleep(rqtp: c000069f10, rmtp: 0)
             exe-1050008 [003] ..... 1635705.806007: sys_wait4(upid: 10059f, stat_addr: c000a2fbf4, options: 40000002, ru: 0)
             exe-1050008 [003] ..... 1635705.806008: sys_wait4 -> 0x10059f
             exe-1050008 [003] ..... 1635705.806010: sys_ptrace(request: 4204, pid: 10059f, addr: 1, data: c000a2fc70)
             exe-1050008 [003] ..... 1635705.806013: sys_ptrace -> 0x0
             exe-1050008 [003] ..... 1635705.806014: sys_ptrace(request: 4204, pid: 10059f, addr: 202, data: c000a2fc70)
             exe-1050008 [003] ..... 1635705.806016: sys_ptrace -> 0x0
             exe-1050008 [003] ..... 1635705.806045: sys_ptrace(request: 4205, pid: 10059f, addr: 1, data: c000a2fc70)
             exe-1050008 [003] ..... 1635705.806047: sys_ptrace -> 0x0
             exe-1050008 [003] ..... 1635705.806048: sys_ptrace(request: 4205, pid: 10059f, addr: 202, data: c000a2fc70)
             exe-1050008 [003] ..... 1635705.806057: sys_ptrace -> 0x0
             exe-1050008 [003] ..... 1635705.806058: sys_ptrace(request: 1f, pid: 10059f, addr: 0, data: 0)
             exe-1050008 [003] .N... 1635705.806062: sys_ptrace -> 0x0
             exe-1049673 [001] ..... 1635705.806066: sys_nanosleep -> 0x0
             exe-1049673 [001] ..... 1635705.806071: sys_nanosleep(rqtp: c000069f10, rmtp: 0)
             exe-1050015 [003] ..... 1635705.806088: sys_perf_event_open -> 0xffffffffffffffed
             exe-1049567 [003] ..... 1635705.806101: sys_nanosleep -> 0x0
             exe-1049567 [003] ..... 1635705.806105: sys_nanosleep(rqtp: c000069f10, rmtp: 0)
             exe-1050008 [003] ..... 1635705.806120: sys_wait4(upid: 10059f, stat_addr: c000a2fbf4, options: 40000002, ru: 0)
             exe-1050008 [003] ..... 1635705.806122: sys_wait4 -> 0x10059f
             exe-1050008 [003] ..... 1635705.806123: sys_ptrace(request: 4204, pid: 10059f, addr: 1, data: c000a2fc70)
             exe-1050008 [003] ..... 1635705.806126: sys_ptrace -> 0x0
             exe-1050008 [003] ..... 1635705.806127: sys_ptrace(request: 4204, pid: 10059f, addr: 202, data: c000a2fc70)
             exe-1050008 [003] ..... 1635705.806129: sys_ptrace -> 0x0
             exe-1050008 [003] ..... 1635705.806141: sys_pwrite64(fd: 63, buf: 7fd66e0ea080, count: 55, pos: 57)
             exe-1050008 [003] ..... 1635705.806142: tracing_mark_write: perf_event_open(attr_uptr=0x55fd41ed8340, pid=14, cpu=1, group_fd=-1, flags=0x2c) end
             exe-1050008 [002] ..... 1635705.883601: tracing_mark_write: perf_event_open(attr_uptr=0x55fd41ed8340, pid=-1, cpu=-1, group_fd=14, flags=0x80) start
             exe-1050008 [002] ..... 1635705.883603: sys_pwrite64 -> 0x58
             exe-1050008 [002] ..... 1635705.883642: sys_ptrace(request: 4205, pid: 10059f, addr: 1, data: c000a2fc70)
             exe-1050008 [002] ..... 1635705.883644: sys_ptrace -> 0x0
             exe-1050008 [002] ..... 1635705.883646: sys_ptrace(request: 4205, pid: 10059f, addr: 202, data: c000a2fc70)
             exe-1050008 [002] ..... 1635705.883653: sys_ptrace -> 0x0
             exe-1050008 [002] ..... 1635705.883655: sys_ptrace(request: 1f, pid: 10059f, addr: 0, data: 0)
             exe-1050008 [002] ..... 1635705.883660: sys_ptrace -> 0x0
             exe-1050008 [002] ..... 1635705.883662: sys_wait4(upid: 10059f, stat_addr: c000a2fbf4, options: 40000002, ru: 0)
             exe-1050015 [003] ..... 1635705.883670: sys_write -> 0x58
             exe-1050008 [002] ..... 1635705.883688: sys_wait4 -> 0x10059f
