             exe-1050008 [002] ..... 1635705.883690: sys_ptrace(request: 4204, pid: 10059f, addr: 1, data: c000a2fc70)
             exe-1050008 [002] ..... 1635705.883692: sys_ptrace -> 0x0
             exe-1050008 [002] ..... 1635705.883693: sys_ptrace(request: 4204, pid: 10059f, addr: 202, data: c000a2fc70)
             exe-1050008 [002] ..... 1635705.883695: sys_ptrace -> 0x0
             exe-1050008 [002] ..... 1635705.883715: sys_ptrace(request: 4205, pid: 10059f, addr: 1, data: c000a2fc70)
             exe-1050008 [002] ..... 1635705.883717: sys_ptrace -> 0x0
             exe-1050008 [002] ..... 1635705.883719: sys_ptrace(request: 4205, pid: 10059f, addr: 202, data: c000a2fc70)
             exe-1050008 [002] ..... 1635705.883725: sys_ptrace -> 0x0
             exe-1050008 [002] ..... 1635705.883727: sys_ptrace(request: 1f, pid: 10059f, addr: 0, data: 0)
             exe-1049567 [003] ..... 1635705.883729: sys_nanosleep -> 0x0
             exe-1050008 [002] ..... 1635705.883733: sys_ptrace -> 0x0
             exe-1050008 [002] ..... 1635705.883735: sys_wait4(upid: 10059f, stat_addr: c000a2fbf4, options: 40000002, ru: 0)
             exe-1049567 [003] ..... 1635705.883744: sys_nanosleep(rqtp: c000069f10, rmtp: 0)
             exe-1050015 [003] ..... 1635705.883766: sys_perf_event_open -> 0xffffffffffffffed
             exe-1050008 [002] ..... 1635705.883787: sys_wait4 -> 0x10059f
             exe-1050008 [002] ..... 1635705.883790: sys_ptrace(request: 4204, pid: 10059f, addr: 1, data: c000a2fc70)
             exe-1050008 [002] ..... 1635705.883792: sys_ptrace -> 0x0
             exe-1050008 [002] ..... 1635705.883793: sys_ptrace(request: 4204, pid: 10059f, addr: 202, data: c000a2fc70)
             exe-1050008 [002] ..... 1635705.883795: sys_ptrace -> 0x0
             exe-1050008 [002] ..... 1635705.883801: sys_pwrite64(fd: 63, buf: 7fd66e0ea080, count: 56, pos: 58)
             exe-1050008 [002] ..... 1635705.883803: tracing_mark_write: perf_event_open(attr_uptr=0x55fd41ed8340, pid=-1, cpu=-1, group_fd=14, flags=0x80) end
             exe-1050008 [002] ..... 1635705.951730: tracing_mark_write: perf_event_open(attr_uptr=0x55fd41ed8340, pid=137, cpu=-1, group_fd=-1, flags=0x7) start
             exe-1050008 [002] ..... 1635705.951732: sys_pwrite64 -> 0x58
             exe-1050008 [002] ..... 1635705.951740: sys_ptrace(request: 4205, pid: 10059f, addr: 1, data: c000a2fc70)
             exe-1050008 [002] ..... 1635705.951742: sys_ptrace -> 0x0
             exe-1050008 [002] ..... 1635705.951744: sys_ptrace(request: 4205, pid: 10059f, addr: 202, data: c000a2fc70)
             exe-1050008 [002] ..... 1635705.951761: sys_ptrace -> 0x0
             exe-1050008 [002] ..... 1635705.951763: sys_ptrace(request: 1f, pid: 10059f, addr: 0, data: 0)
             exe-1050008 [002] ..... 1635705.951776: sys_ptrace -> 0x0
             exe-1050008 [002] ..... 1635705.951778: sys_wait4(upid: 10059f, stat_addr: c000a2fbf4, options: 40000002, ru: 0)
             exe-1050015 [003] ..... 1635705.951792: sys_write -> 0x58
             exe-1050008 [002] ..... 1635705.951819: sys_wait4 -> 0x10059f
             exe-1050008 [002] ..... 1635705.951821: sys_ptrace(request: 4204, pid: 10059f, addr: 1, data: c000a2fc70)
             exe-1050008 [002] ..... 1635705.951824: sys_ptrace -> 0x0
             exe-1050008 [002] ..... 1635705.951826: sys_ptrace(request: 4204, pid: 10059f, addr: 202, data: c000a2fc70)
             exe-1050008 [002] ..... 1635705.951828: sys_ptrace -> 0x0
             exe-1050008 [002] ..... 1635705.951851: sys_ptrace(request: 4205, pid: 10059f, addr: 1, data: c000a2fc70)
             exe-1050008 [002] ..... 1635705.951854: sys_ptrace -> 0x0
             exe-1050008 [002] ..... 1635705.951855: sys_ptrace(request: 4205, pid: 10059f, addr: 202, data: c000a2fc70)
             exe-1050008 [002] ..... 1635705.951863: sys_ptrace -> 0x0
             exe-1050008 [002] ..... 1635705.951865: sys_ptrace(request: 1f, pid: 10059f, addr: 0, data: 0)
             exe-1050008 [002] ..... 1635705.951873: sys_ptrace -> 0x0
             exe-1050008 [002] ..... 1635705.951875: sys_wait4(upid: 10059f, stat_addr: c000a2fbf4, options: 40000002, ru: 0)
             exe-1050015 [003] ..... 1635705.951881: sys_perf_event_open -> 0xffffffffffffffed
             exe-1050008 [002] ..... 1635705.951897: sys_wait4 -> 0x10059f
             exe-1050008 [002] ..... 1635705.951899: sys_ptrace(request: 4204, pid: 10059f, addr: 1, data: c000a2fc70)
             exe-1050008 [002] ..... 1635705.951902: sys_ptrace -> 0x0
             exe-1050008 [002] ..... 1635705.951903: sys_ptrace(request: 4204, pid: 10059f, addr: 202, data: c000a2fc70)
             exe-1050008 [002] ..... 1635705.951906: sys_ptrace -> 0x0
             exe-1050008 [002] ..... 1635705.951913: sys_pwrite64(fd: 63, buf: 7fd66e0ea080, count: 56, pos: 58)
             exe-1050008 [002] ..... 1635705.951915: tracing_mark_write: perf_event_open(attr_uptr=0x55fd41ed8340, pid=137, cpu=-1, group_fd=-1, flags=0x7) end
             exe-1050008 [002] ..... 1635706.026905: tracing_mark_write: perf_event_open(attr_uptr=0x55fd41ed8340, pid=0, cpu=-1, group_fd=-1, flags=0xa) start
             exe-1050008 [002] ..... 1635706.026907: sys_pwrite64 -> 0x56
             exe-1050008 [002] ..... 1635706.026914: sys_ptrace(request: 4205, pid: 10059f, addr: 1, data: c000a2fc70)
             exe-1050008 [002] ..... 1635706.026917: sys_ptrace -> 0x0
             exe-1050008 [002] ..... 1635706.026918: sys_ptrace(request: 4205, pid: 10059f, addr: 202, data: c000a2fc70)
             exe-1049673 [003] ..... 1635706.026931: sys_futex -> 0x0
             exe-1050008 [002] ..... 1635706.026932: sys_ptrace -> 0x0
             exe-1050008 [002] ..... 1635706.026934: sys_ptrace(request: 1f, pid: 10059f, addr: 0, data: 0)
             exe-1049673 [003] ..... 1635706.026940: sys_epoll_pwait(epfd: 10, events: c000069920, maxevents: 80, timeout: 0, sigmask: 0, sigsetsize: 0)
             exe-1050008 [002] .N... 1635706.026941: sys_ptrace -> 0x0
             exe-1049673 [003] ..... 1635706.026942: sys_epoll_pwait -> 0x0
             exe-1049673 [003] ..... 1635706.026946: sys_futex(uaddr: c0002dd548, op: 81, val: 1, utime: 0, uaddr2: 0, val3: 0)
             exe-1050015 [002] ..... 1635706.026950: sys_write -> 0x56
             exe-1049673 [003] ..... 1635706.026957: sys_futex -> 0x1
             exe-1049673 [003] ..... 1635706.026959: sys_nanosleep(rqtp: c000069f10, rmtp: 0)
             exe-1067990 [002] ..... 1635706.026975: sys_futex -> 0x0
             exe-1067990 [002] ..... 1635706.026985: sys_futex(uaddr: c0002dd548, op: 80, val: 0, utime: 0, uaddr2: 0, val3: 0)
             exe-1050008 [002] ..... 1635706.027007: sys_wait4(upid: 10059f, stat_addr: c000a2fbf4, options: 40000002, ru: 0)
             exe-1050008 [002] ..... 1635706.027011: sys_wait4 -> 0x10059f
             exe-1050008 [002] ..... 1635706.027013: sys_ptrace(request: 4204, pid: 10059f, addr: 1, data: c000a2fc70)
             exe-1050008 [002] ..... 1635706.027018: sys_ptrace -> 0x0
             exe-1050008 [002] ..... 1635706.027019: sys_ptrace(request: 4204, pid: 10059f, addr: 202, data: c000a2fc70)
             exe-1050008 [002] ..... 1635706.027022: sys_ptrace -> 0x0
             exe-1050008 [002] ..... 1635706.027044: sys_ptrace(request: 4205, pid: 10059f, addr: 1, data: c000a2fc70)
             exe-1050008 [002] ..... 1635706.027047: sys_ptrace -> 0x0
             exe-1050008 [002] ..... 1635706.027048: sys_ptrace(request: 4205, pid: 10059f, addr: 202, data: c000a2fc70)
             exe-1050008 [002] ..... 1635706.027066: sys_ptrace -> 0x0
             exe-1050008 [002] ..... 1635706.027067: sys_ptrace(request: 1f, pid: 10059f, addr: 0, data: 0)
             exe-1050008 [002] .N... 1635706.027076: sys_ptrace -> 0x0
             exe-1050015 [002] ..... 1635706.027088: sys_perf_event_open -> 0xffffffffffffffed
             exe-1050008 [002] ..... 1635706.027108: sys_wait4(upid: 10059f, stat_addr: c000a2fbf4, options: 40000002, ru: 0)
             exe-1050008 [002] ..... 1635706.027111: sys_wait4 -> 0x10059f
             exe-1050008 [002] ..... 1635706.027113: sys_ptrace(request: 4204, pid: 10059f, addr: 1, data: c000a2fc70)
             exe-1050008 [002] ..... 1635706.027116: sys_ptrace -> 0x0
             exe-1050008 [002] ..... 1635706.027118: sys_ptrace(request: 4204, pid: 10059f, addr: 202, data: c000a2fc70)
             exe-1050008 [002] ..... 1635706.027120: sys_ptrace -> 0x0
             exe-1050008 [002] ..... 1635706.027131: sys_pwrite64(fd: 63, buf: 7fd66e0ea080, count: 54, pos: 56)
             exe-1050008 [002] ..... 1635706.027134: tracing_mark_write: perf_event_open(attr_uptr=0x55fd41ed8340, pid=0, cpu=-1, group_fd=-1, flags=0xa) end
             exe-1050008 [002] ..... 1635706.088841: tracing_mark_write: perf_event_open(attr_uptr=0x55fd41ed8340, pid=1, cpu=-1, group_fd=-1, flags=0xdbdb) start
             exe-1050008 [002] ..... 1635706.088843: sys_pwrite64 -> 0x59
             exe-1050008 [002] ..... 1635706.088849: sys_ptrace(request: 4205, pid: 10059f, addr: 1, data: c000a2fc70)
             exe-1050008 [002] ..... 1635706.088851: sys_ptrace -> 0x0
             exe-1050008 [002] ..... 1635706.088852: sys_ptrace(request: 4205, pid: 10059f, addr: 202, data: c000a2fc70)
             exe-1049673 [003] ..... 1635706.088861: sys_nanosleep -> 0x0
             exe-1050008 [002] ..... 1635706.088862: sys_ptrace -> 0x0
             exe-1049673 [003] ..... 1635706.088863: sys_nanosleep(rqtp: c000069f10, rmtp: 0)
             exe-1050008 [002] ..... 1635706.088863: sys_ptrace(request: 1f, pid: 10059f, addr: 0, data: 0)
             exe-1050008 [002] .N... 1635706.088871: sys_ptrace -> 0x0
             exe-1050015 [002] ..... 1635706.088881: sys_write -> 0x59
             exe-1050008 [002] ..... 1635706.088898: sys_wait4(upid: 10059f, stat_addr: c000a2fbf4, options: 40000002, ru: 0)
             exe-1050008 [002] ..... 1635706.088901: sys_wait4 -> 0x10059f
             exe-1050008 [002] ..... 1635706.088902: sys_ptrace(request: 4204, pid: 10059f, addr: 1, data: c000a2fc70)
             exe-1050008 [002] ..... 1635706.088906: sys_ptrace -> 0x0
             exe-1050008 [002] ..... 1635706.088908: sys_ptrace(request: 4204, pid: 10059f, addr: 202, data: c000a2fc70)
             exe-1049567 [000] ..... 1635706.088910: sys_nanosleep -> 0x0
             exe-1050008 [002] ..... 1635706.088910: sys_ptrace -> 0x0
             exe-1049567 [000] ..... 1635706.088913: sys_nanosleep(rqtp: c000069f10, rmtp: 0)
             exe-1050008 [002] ..... 1635706.088928: sys_ptrace(request: 4205, pid: 10059f, addr: 1, data: c000a2fc70)
             exe-1050008 [002] ..... 1635706.088931: sys_ptrace -> 0x0
             exe-1050008 [002] ..... 1635706.088932: sys_ptrace(request: 4205, pid: 10059f, addr: 202, data: c000a2fc70)
             exe-1050008 [002] ..... 1635706.088942: sys_ptrace -> 0x0
             exe-1050008 [002] ..... 1635706.088943: sys_ptrace(request: 1f, pid: 10059f, addr: 0, data: 0)
             exe-1049673 [003] ..... 1635706.088949: sys_nanosleep -> 0x0
             exe-1050008 [002] .N... 1635706.088949: sys_ptrace -> 0x0
             exe-1049673 [003] ..... 1635706.088951: sys_nanosleep(rqtp: c000069f10, rmtp: 0)
             exe-1050015 [002] ..... 1635706.088983: sys_perf_event_open -> 0xffffffffffffffed
             exe-1050008 [002] ..... 1635706.089005: sys_wait4(upid: 10059f, stat_addr: c000a2fbf4, options: 40000002, ru: 0)
             exe-1049567 [000] ..... 1635706.089006: sys_nanosleep -> 0x0
             exe-1050008 [002] ..... 1635706.089008: sys_wait4 -> 0x10059f
             exe-1049567 [000] ..... 1635706.089010: sys_nanosleep(rqtp: c000069f10, rmtp: 0)
             exe-1050008 [002] ..... 1635706.089010: sys_ptrace(request: 4204, pid: 10059f, addr: 1, data: c000a2fc70)
             exe-1050008 [002] ..... 1635706.089014: sys_ptrace -> 0x0
             exe-1050008 [002] ..... 1635706.089015: sys_ptrace(request: 4204, pid: 10059f, addr: 202, data: c000a2fc70)
             exe-1050008 [002] ..... 1635706.089018: sys_ptrace -> 0x0
             exe-1050008 [002] ..... 1635706.089031: sys_pwrite64(fd: 63, buf: 7fd66e0ea080, count: 57, pos: 59)
             exe-1050008 [002] ..... 1635706.089033: tracing_mark_write: perf_event_open(attr_uptr=0x55fd41ed8340, pid=1, cpu=-1, group_fd=-1, flags=0xdbdb) end
             exe-1050008 [003] ..... 1635706.153080: tracing_mark_write: perf_event_open(attr_uptr=0x55fd41ed8340, pid=-1, cpu=-1, group_fd=-1, flags=0xc8) start
             exe-1050008 [003] ..... 1635706.153082: sys_pwrite64 -> 0x58
             exe-1050008 [003] ..... 1635706.153090: sys_ptrace(request: 4205, pid: 10059f, addr: 1, data: c000a2fc70)
             exe-1050008 [003] ..... 1635706.153093: sys_ptrace -> 0x0
             exe-1050008 [003] ..... 1635706.153095: sys_ptrace(request: 4205, pid: 10059f, addr: 202, data: c000a2fc70)
             exe-1050008 [003] ..... 1635706.153108: sys_ptrace -> 0x0
             exe-1050008 [003] ..... 1635706.153110: sys_ptrace(request: 1f, pid: 10059f, addr: 0, data: 0)
             exe-1050008 [003] ..... 1635706.153121: sys_ptrace -> 0x0
             exe-1050008 [003] ..... 1635706.153124: sys_wait4(upid: 10059f, stat_addr: c000a2fbf4, options: 40000002, ru: 0)
             exe-1050015 [002] ..... 1635706.153130: sys_write -> 0x58
             exe-1050008 [003] ..... 1635706.153142: sys_wait4 -> 0x10059f
             exe-1050008 [003] ..... 1635706.153144: sys_ptrace(request: 4204, pid: 10059f, addr: 1, data: c000a2fc70)
             exe-1050008 [003] ..... 1635706.153147: sys_ptrace -> 0x0
             exe-1050008 [003] ..... 1635706.153149: sys_ptrace(request: 4204, pid: 10059f, addr: 202, data: c000a2fc70)
             exe-1049673 [003] ..... 1635706.153183: sys_nanosleep -> 0x0
             exe-1049673 [003] ..... 1635706.153190: sys_nanosleep(rqtp: c000069f10, rmtp: 0)
             exe-1050008 [003] ..... 1635706.153216: sys_ptrace -> 0x0
             exe-1050008 [003] ..... 1635706.153247: sys_ptrace(request: 4205, pid: 10059f, addr: 1, data: c000a2fc70)
             exe-1050008 [003] ..... 1635706.153251: sys_ptrace -> 0x0
             exe-1050008 [003] ..... 1635706.153253: sys_ptrace(request: 4205, pid: 10059f, addr: 202, data: c000a2fc70)
             exe-1050008 [003] ..... 1635706.153266: sys_ptrace -> 0x0
             exe-1050008 [003] ..... 1635706.153268: sys_ptrace(request: 1f, pid: 10059f, addr: 0, data: 0)
             exe-1050008 [003] ..... 1635706.153278: sys_ptrace -> 0x0
             exe-1050015 [002] ..... 1635706.153282: sys_perf_event_open -> 0xffffffffffffffed
             exe-1050008 [003] ..... 1635706.153282: sys_wait4(upid: 10059f, stat_addr: c000a2fbf4, options: 40000002, ru: 0)
             exe-1050008 [003] ..... 1635706.153301: sys_wait4 -> 0x10059f
             exe-1050008 [003] ..... 1635706.153305: sys_ptrace(request: 4204, pid: 10059f, addr: 1, data: c000a2fc70)
             exe-1050008 [003] ..... 1635706.153308: sys_ptrace -> 0x0
             exe-1050008 [003] ..... 1635706.153309: sys_ptrace(request: 4204, pid: 10059f, addr: 202, data: c000a2fc70)
             exe-1050008 [003] ..... 1635706.153311: sys_ptrace -> 0x0
             exe-1050008 [003] ..... 1635706.153324: sys_pwrite64(fd: 63, buf: 7fd66e0ea080, count: 56, pos: 58)
             exe-1050008 [003] ..... 1635706.153326: tracing_mark_write: perf_event_open(attr_uptr=0x55fd41ed8340, pid=-1, cpu=-1, group_fd=-1, flags=0xc8) end
             exe-1050008 [000] ..... 1635706.228062: tracing_mark_write: perf_event_open(attr_uptr=0x55fd41ed8340, pid=0, cpu=-1, group_fd=-1, flags=0x72) start
             exe-1050008 [000] ..... 1635706.228064: sys_pwrite64 -> 0x57
             exe-1050008 [000] ..... 1635706.228069: sys_ptrace(request: 4205, pid: 10059f, addr: 1, data: c000a2fc70)
             exe-1050008 [000] ..... 1635706.228072: sys_ptrace -> 0x0
             exe-1050008 [000] ..... 1635706.228074: sys_ptrace(request: 4205, pid: 10059f, addr: 202, data: c000a2fc70)
             exe-1050008 [000] ..... 1635706.228081: sys_ptrace -> 0x0
             exe-1050008 [000] ..... 1635706.228083: sys_ptrace(request: 1f, pid: 10059f, addr: 0, data: 0)
             exe-1050008 [000] ..... 1635706.228090: sys_ptrace -> 0x0
             exe-1050008 [000] ..... 1635706.228092: sys_wait4(upid: 10059f, stat_addr: c000a2fbf4, options: 40000002, ru: 0)
             exe-1050015 [002] ..... 1635706.228119: sys_write -> 0x57
             exe-1049567 [000] ..... 1635706.228142: sys_nanosleep -> 0x0
             exe-1049567 [000] ..... 1635706.228147: sys_nanosleep(rqtp: c000069f10, rmtp: 0)
             exe-1050008 [000] ..... 1635706.228159: sys_wait4 -> 0x10059f
             exe-1050008 [000] ..... 1635706.228162: sys_ptrace(request: 4204, pid: 10059f, addr: 1, data: c000a2fc70)
             exe-1050008 [000] ..... 1635706.228164: sys_ptrace -> 0x0
             exe-1050008 [000] ..... 1635706.228166: sys_ptrace(request: 4204, pid: 10059f, addr: 202, data: c000a2fc70)
             exe-1050008 [000] ..... 1635706.228168: sys_ptrace -> 0x0
             exe-1049673 [002] ..... 1635706.228208: sys_nanosleep -> 0x0
             exe-1049673 [002] ..... 1635706.228214: sys_nanosleep(rqtp: c000069f10, rmtp: 0)
             exe-1050008 [000] ..... 1635706.228219: sys_ptrace(request: 4205, pid: 10059f, addr: 1, data: c000a2fc70)
             exe-1050008 [000] ..... 1635706.228222: sys_ptrace -> 0x0
             exe-1050008 [000] ..... 1635706.228223: sys_ptrace(request: 4205, pid: 10059f, addr: 202, data: c000a2fc70)
             exe-1050008 [000] ..... 1635706.228237: sys_ptrace -> 0x0
             exe-1050008 [000] ..... 1635706.228239: sys_ptrace(request: 1f, pid: 10059f, addr: 0, data: 0)
             exe-1050008 [000] ..... 1635706.228245: sys_ptrace -> 0x0
             exe-1050008 [000] ..... 1635706.228247: sys_wait4(upid: 10059f, stat_addr: c000a2fbf4, options: 40000002, ru: 0)
             exe-1050015 [002] ..... 1635706.228261: sys_perf_event_open -> 0xffffffffffffffed
             exe-1050008 [000] ..... 1635706.228281: sys_wait4 -> 0x10059f
             exe-1050008 [000] ..... 1635706.228283: sys_ptrace(request: 4204, pid: 10059f, addr: 1, data: c000a2fc70)
             exe-1050008 [000] ..... 1635706.228286: sys_ptrace -> 0x0
             exe-1050008 [000] ..... 1635706.228288: sys_ptrace(request: 4204, pid: 10059f, addr: 202, data: c000a2fc70)
             exe-1050008 [000] ..... 1635706.228290: sys_ptrace -> 0x0
             exe-1050008 [000] ..... 1635706.228297: sys_pwrite64(fd: 63, buf: 7fd66e0ea080, count: 55, pos: 57)
             exe-1050008 [000] ..... 1635706.228298: tracing_mark_write: perf_event_open(attr_uptr=0x55fd41ed8340, pid=0, cpu=-1, group_fd=-1, flags=0x72) end
             exe-1050008 [000] ..... 1635706.305555: tracing_mark_write: perf_event_open(attr_uptr=0x55fd41ed8340, pid=369, cpu=3, group_fd=-1, flags=0xe) start
             exe-1050008 [000] ..... 1635706.305557: sys_pwrite64 -> 0x57
           <...>-44358   [000] ..... 1635706.305600: sys_nanosleep -> 0x0
           <...>-44358   [000] ..... 1635706.305608: sys_futex(uaddr: c000101548, op: 81, val: 1, utime: 0, uaddr2: 0, val3: 0)
             exe-1049673 [002] ..... 1635706.305616: sys_nanosleep -> 0x0
             exe-1049673 [002] ..... 1635706.305619: sys_nanosleep(rqtp: c000069f10, rmtp: 0)
           <...>-44358   [000] ..... 1635706.305623: sys_futex -> 0x1
           <...>-44358   [000] ..... 1635706.305640: sys_futex(uaddr: c000e07948, op: 80, val: 0, utime: 0, uaddr2: 0, val3: 0)
             exe-1049567 [000] ..... 1635706.305660: sys_nanosleep -> 0x0
             exe-1049567 [000] ..... 1635706.305668: sys_nanosleep(rqtp: c000069f10, rmtp: 0)
             exe-1050008 [000] ..... 1635706.305705: sys_ptrace(request: 4205, pid: 10059f, addr: 1, data: c000a2fc70)
             exe-1049673 [002] ..... 1635706.305705: sys_nanosleep -> 0x0
             exe-1049673 [002] ..... 1635706.305708: sys_nanosleep(rqtp: c000069f10, rmtp: 0)
             exe-1050008 [000] ..... 1635706.305711: sys_ptrace -> 0x0
             exe-1050008 [000] ..... 1635706.305714: sys_ptrace(request: 4205, pid: 10059f, addr: 202, data: c000a2fc70)
             exe-1050008 [000] ..... 1635706.305734: sys_ptrace -> 0x0
             exe-1050008 [000] ..... 1635706.305736: sys_ptrace(request: 1f, pid: 10059f, addr: 0, data: 0)
             exe-1050008 [000] ..... 1635706.305747: sys_ptrace -> 0x0
             exe-1050008 [000] ..... 1635706.305751: sys_wait4(upid: 10059f, stat_addr: c000a2fbf4, options: 40000002, ru: 0)
             exe-1050015 [002] ..... 1635706.305758: sys_write -> 0x57
             exe-1050008 [000] ..... 1635706.305778: sys_wait4 -> 0x10059f
             exe-1050008 [000] ..... 1635706.305782: sys_ptrace(request: 4204, pid: 10059f, addr: 1, data: c000a2fc70)
             exe-1050008 [000] ..... 1635706.305787: sys_ptrace -> 0x0
             exe-1050008 [000] ..... 1635706.305790: sys_ptrace(request: 4204, pid: 10059f, addr: 202, data: c000a2fc70)
             exe-1050008 [000] ..... 1635706.305795: sys_ptrace -> 0x0
             exe-1049673 [002] ..... 1635706.305808: sys_nanosleep -> 0x0
             exe-1049673 [002] ..... 1635706.305814: sys_nanosleep(rqtp: c000069f10, rmtp: 0)
             exe-1050008 [000] ..... 1635706.305832: sys_ptrace(request: 4205, pid: 10059f, addr: 1, data: c000a2fc70)
             exe-1050008 [000] ..... 1635706.305835: sys_ptrace -> 0x0
             exe-1050008 [000] ..... 1635706.305836: sys_ptrace(request: 4205, pid: 10059f, addr: 202, data: c000a2fc70)
             exe-1050008 [000] ..... 1635706.305847: sys_ptrace -> 0x0
             exe-1050008 [000] ..... 1635706.305849: sys_ptrace(request: 1f, pid: 10059f, addr: 0, data: 0)
             exe-1050008 [000] ..... 1635706.305856: sys_ptrace -> 0x0
             exe-1050008 [000] ..... 1635706.305858: sys_wait4(upid: 10059f, stat_addr: c000a2fbf4, options: 40000002, ru: 0)
             exe-1050015 [002] ..... 1635706.305872: sys_perf_event_open -> 0xffffffffffffffed
             exe-1050008 [000] ..... 1635706.305893: sys_wait4 -> 0x10059f
             exe-1050008 [000] ..... 1635706.305896: sys_ptrace(request: 4204, pid: 10059f, addr: 1, data: c000a2fc70)
             exe-1050008 [000] ..... 1635706.305901: sys_ptrace -> 0x0
             exe-1050008 [000] ..... 1635706.305903: sys_ptrace(request: 4204, pid: 10059f, addr: 202, data: c000a2fc70)
             exe-1050008 [000] ..... 1635706.305908: sys_ptrace -> 0x0
             exe-1050008 [000] ..... 1635706.305920: sys_pwrite64(fd: 63, buf: 7fd66e0ea080, count: 55, pos: 57)
             exe-1049673 [002] ..... 1635706.305921: sys_nanosleep -> 0x0
             exe-1050008 [000] ..... 1635706.305922: tracing_mark_write: perf_event_open(attr_uptr=0x55fd41ed8340, pid=369, cpu=3, group_fd=-1, flags=0xe) end
             exe-1050008 [000] ..... 1635706.370338: tracing_mark_write: perf_event_open(attr_uptr=0x55fd41ed8340, pid=366, cpu=0, group_fd=-1, flags=0xdddddddd) start
             exe-1050008 [000] ..... 1635706.370340: sys_pwrite64 -> 0x5e
             exe-1050008 [000] ..... 1635706.370347: sys_ptrace(request: 4205, pid: 10059f, addr: 1, data: c000a2fc70)
             exe-1050008 [000] ..... 1635706.370349: sys_ptrace -> 0x0
             exe-1050008 [000] ..... 1635706.370351: sys_ptrace(request: 4205, pid: 10059f, addr: 202, data: c000a2fc70)
             exe-1050008 [000] ..... 1635706.370362: sys_ptrace -> 0x0
             exe-1050008 [000] ..... 1635706.370364: sys_ptrace(request: 1f, pid: 10059f, addr: 0, data: 0)
             exe-1050008 [000] .N... 1635706.370371: sys_ptrace -> 0x0
             exe-1050015 [000] ..... 1635706.370381: sys_write -> 0x5e
             exe-1050008 [000] ..... 1635706.370400: sys_wait4(upid: 10059f, stat_addr: c000a2fbf4, options: 40000002, ru: 0)
             exe-1050008 [000] ..... 1635706.370403: sys_wait4 -> 0x10059f
             exe-1050008 [000] ..... 1635706.370405: sys_ptrace(request: 4204, pid: 10059f, addr: 1, data: c000a2fc70)
             exe-1050008 [000] ..... 1635706.370408: sys_ptrace -> 0x0
             exe-1050008 [000] ..... 1635706.370410: sys_ptrace(request: 4204, pid: 10059f, addr: 202, data: c000a2fc70)
             exe-1050008 [000] ..... 1635706.370412: sys_ptrace -> 0x0
             exe-1049673 [002] ..... 1635706.370425: sys_nanosleep -> 0x0
             exe-1049673 [002] ..... 1635706.370430: sys_nanosleep(rqtp: c000069f10, rmtp: 0)
             exe-1050008 [000] ..... 1635706.370432: sys_ptrace(request: 4205, pid: 10059f, addr: 1, data: c000a2fc70)
             exe-1050008 [000] ..... 1635706.370434: sys_ptrace -> 0x0
             exe-1050008 [000] ..... 1635706.370436: sys_ptrace(request: 4205, pid: 10059f, addr: 202, data: c000a2fc70)
             exe-1050008 [000] ..... 1635706.370446: sys_ptrace -> 0x0
             exe-1050008 [000] ..... 1635706.370449: sys_ptrace(request: 1f, pid: 10059f, addr: 0, data: 0)
             exe-1050008 [000] .N... 1635706.370455: sys_ptrace -> 0x0
             exe-1050015 [000] ..... 1635706.370466: sys_perf_event_open -> 0xffffffffffffffed
             exe-1050008 [000] ..... 1635706.370485: sys_wait4(upid: 10059f, stat_addr: c000a2fbf4, options: 40000002, ru: 0)
             exe-1050008 [000] ..... 1635706.370487: sys_wait4 -> 0x10059f
             exe-1050008 [000] ..... 1635706.370489: sys_ptrace(request: 4204, pid: 10059f, addr: 1, data: c000a2fc70)
             exe-1050008 [000] ..... 1635706.370493: sys_ptrace -> 0x0
             exe-1050008 [000] ..... 1635706.370495: sys_ptrace(request: 4204, pid: 10059f, addr: 202, data: c000a2fc70)
             exe-1050008 [000] ..... 1635706.370497: sys_ptrace -> 0x0
             exe-1049567 [000] ..... 1635706.370533: sys_nanosleep -> 0x0
             exe-1049567 [000] ..... 1635706.370537: sys_nanosleep(rqtp: c000069f10, rmtp: 0)
             exe-1050008 [000] ..... 1635706.370554: sys_pwrite64(fd: 63, buf: 7fd66e0ea080, count: 5c, pos: 5e)
             exe-1050008 [000] ..... 1635706.370555: tracing_mark_write: perf_event_open(attr_uptr=0x55fd41ed8340, pid=366, cpu=0, group_fd=-1, flags=0xdddddddd) end
             exe-1050008 [000] ..... 1635706.434469: tracing_mark_write: perf_event_open(attr_uptr=0x55fd41ed8340, pid=366, cpu=-1, group_fd=-1, flags=0xfcfcfcfc) start
             exe-1050008 [000] ..... 1635706.434470: sys_pwrite64 -> 0x5f
             exe-1050008 [000] ..... 1635706.434477: sys_ptrace(request: 4205, pid: 10059f, addr: 1, data: c000a2fc70)
             exe-1050008 [000] ..... 1635706.434480: sys_ptrace -> 0x0
             exe-1050008 [000] ..... 1635706.434481: sys_ptrace(request: 4205, pid: 10059f, addr: 202, data: c000a2fc70)
             exe-1050008 [000] ..... 1635706.434494: sys_ptrace -> 0x0
             exe-1050008 [000] ..... 1635706.434496: sys_ptrace(request: 1f, pid: 10059f, addr: 0, data: 0)
             exe-1050008 [000] .N... 1635706.434503: sys_ptrace -> 0x0
             exe-1050015 [000] ..... 1635706.434514: sys_write -> 0x5f
             exe-1050008 [000] ..... 1635706.434534: sys_wait4(upid: 10059f, stat_addr: c000a2fbf4, options: 40000002, ru: 0)
             exe-1050008 [000] ..... 1635706.434537: sys_wait4 -> 0x10059f
             exe-1050008 [000] ..... 1635706.434539: sys_ptrace(request: 4204, pid: 10059f, addr: 1, data: c000a2fc70)
             exe-1049673 [002] ..... 1635706.434540: sys_nanosleep -> 0x0
             exe-1050008 [000] ..... 1635706.434543: sys_ptrace -> 0x0
             exe-1050008 [000] ..... 1635706.434545: sys_ptrace(request: 4204, pid: 10059f, addr: 202, data: c000a2fc70)
             exe-1049673 [002] ..... 1635706.434547: sys_nanosleep(rqtp: c000069f10, rmtp: 0)
             exe-1050008 [000] ..... 1635706.434547: sys_ptrace -> 0x0
             exe-1050008 [000] ..... 1635706.434566: sys_ptrace(request: 4205, pid: 10059f, addr: 1, data: c000a2fc70)
             exe-1050008 [000] ..... 1635706.434568: sys_ptrace -> 0x0
             exe-1050008 [000] ..... 1635706.434570: sys_ptrace(request: 4205, pid: 10059f, addr: 202, data: c000a2fc70)
             exe-1050008 [000] ..... 1635706.434582: sys_ptrace -> 0x0
             exe-1050008 [000] ..... 1635706.434584: sys_ptrace(request: 1f, pid: 10059f, addr: 0, data: 0)
             exe-1050008 [000] .N... 1635706.434592: sys_ptrace -> 0x0
             exe-1050015 [000] ..... 1635706.434603: sys_perf_event_open -> 0xffffffffffffffed
             exe-1049567 [000] ..... 1635706.434652: sys_nanosleep -> 0x0
             exe-1049567 [000] ..... 1635706.434658: sys_nanosleep(rqtp: c000069f10, rmtp: 0)
             exe-1050008 [000] ..... 1635706.434672: sys_wait4(upid: 10059f, stat_addr: c000a2fbf4, options: 40000002, ru: 0)
             exe-1050008 [000] ..... 1635706.434675: sys_wait4 -> 0x10059f
             exe-1050008 [000] ..... 1635706.434677: sys_ptrace(request: 4204, pid: 10059f, addr: 1, data: c000a2fc70)
             exe-1050008 [000] ..... 1635706.434681: sys_ptrace -> 0x0
             exe-1050008 [000] ..... 1635706.434683: sys_ptrace(request: 4204, pid: 10059f, addr: 202, data: c000a2fc70)
             exe-1050008 [000] ..... 1635706.434686: sys_ptrace -> 0x0
             exe-1050008 [000] ..... 1635706.434700: sys_pwrite64(fd: 63, buf: 7fd66e0ea080, count: 5d, pos: 5f)
             exe-1050008 [000] ..... 1635706.434703: tracing_mark_write: perf_event_open(attr_uptr=0x55fd41ed8340, pid=366, cpu=-1, group_fd=-1, flags=0xfcfcfcfc) end
             exe-1050008 [001] ..... 1635706.516094: tracing_mark_write: perf_event_open(attr_uptr=0x55fd41ed8340, pid=373, cpu=-1, group_fd=366, flags=0x4) start
             exe-1050008 [001] ..... 1635706.516112: sys_pwrite64 -> 0x59
             exe-1050008 [001] ..... 1635706.516121: sys_ptrace(request: 4205, pid: 10059f, addr: 1, data: c000a2fc70)
             exe-1050008 [001] ..... 1635706.516125: sys_ptrace -> 0x0
             exe-1050008 [001] ..... 1635706.516126: sys_ptrace(request: 4205, pid: 10059f, addr: 202, data: c000a2fc70)
             exe-1050008 [001] ..... 1635706.516140: sys_ptrace -> 0x0
             exe-1050008 [001] ..... 1635706.516142: sys_ptrace(request: 1f, pid: 10059f, addr: 0, data: 0)
             exe-1050008 [001] ..... 1635706.516151: sys_ptrace -> 0x0
             exe-1050008 [001] ..... 1635706.516154: sys_wait4(upid: 10059f, stat_addr: c000a2fbf4, options: 40000002, ru: 0)
             exe-1050015 [000] ..... 1635706.516175: sys_write -> 0x59
             exe-1050008 [001] ..... 1635706.516199: sys_wait4 -> 0x10059f
             exe-1050008 [001] ..... 1635706.516202: sys_ptrace(request: 4204, pid: 10059f, addr: 1, data: c000a2fc70)
             exe-1050008 [001] ..... 1635706.516206: sys_ptrace -> 0x0
             exe-1050008 [001] ..... 1635706.516219: sys_ptrace(request: 4204, pid: 10059f, addr: 202, data: c000a2fc70)
             exe-1050008 [001] ..... 1635706.516224: sys_ptrace -> 0x0
             exe-1050008 [001] ..... 1635706.516279: sys_ptrace(request: 4205, pid: 10059f, addr: 1, data: c000a2fc70)
             exe-1050008 [001] ..... 1635706.516283: sys_ptrace -> 0x0
             exe-1050008 [001] ..... 1635706.516285: sys_ptrace(request: 4205, pid: 10059f, addr: 202, data: c000a2fc70)
             exe-1050008 [001] ..... 1635706.516298: sys_ptrace -> 0x0
             exe-1050008 [001] ..... 1635706.516300: sys_ptrace(request: 1f, pid: 10059f, addr: 0, data: 0)
             exe-1050008 [001] ..... 1635706.516307: sys_ptrace -> 0x0
             exe-1050008 [001] ..... 1635706.516310: sys_wait4(upid: 10059f, stat_addr: c000a2fbf4, options: 40000002, ru: 0)
             exe-1050015 [000] ..... 1635706.516329: sys_perf_event_open -> 0xffffffffffffffed
             exe-1050008 [001] ..... 1635706.516348: sys_wait4 -> 0x10059f
             exe-1050008 [001] ..... 1635706.516351: sys_ptrace(request: 4204, pid: 10059f, addr: 1, data: c000a2fc70)
             exe-1050008 [001] ..... 1635706.516354: sys_ptrace -> 0x0
             exe-1050008 [001] ..... 1635706.516356: sys_ptrace(request: 4204, pid: 10059f, addr: 202, data: c000a2fc70)
             exe-1050008 [001] ..... 1635706.516358: sys_ptrace -> 0x0
             exe-1050008 [001] ..... 1635706.516368: sys_pwrite64(fd: 63, buf: 7fd66e0ea080, count: 57, pos: 59)
             exe-1050008 [001] ..... 1635706.516370: tracing_mark_write: perf_event_open(attr_uptr=0x55fd41ed8340, pid=373, cpu=-1, group_fd=366, flags=0x4) end
             exe-1050008 [001] ..... 1635706.589211: tracing_mark_write: perf_event_open(attr_uptr=0x55fd41ed8340, pid=1, cpu=1, group_fd=373, flags=0xfff9) start
             exe-1050008 [001] ..... 1635706.589213: sys_pwrite64 -> 0x59
             exe-1050008 [001] ..... 1635706.589219: sys_ptrace(request: 4205, pid: 10059f, addr: 1, data: c000a2fc70)
             exe-1050008 [001] ..... 1635706.589221: sys_ptrace -> 0x0
             exe-1050008 [001] ..... 1635706.589223: sys_ptrace(request: 4205, pid: 10059f, addr: 202, data: c000a2fc70)
             exe-1050008 [001] ..... 1635706.589231: sys_ptrace -> 0x0
             exe-1050008 [001] ..... 1635706.589233: sys_ptrace(request: 1f, pid: 10059f, addr: 0, data: 0)
             exe-1050008 [001] ..... 1635706.589244: sys_ptrace -> 0x0
             exe-1050008 [001] ..... 1635706.589246: sys_wait4(upid: 10059f, stat_addr: c000a2fbf4, options: 40000002, ru: 0)
             exe-1050015 [002] ..... 1635706.589264: sys_write -> 0x59
             exe-1050008 [001] ..... 1635706.589279: sys_wait4 -> 0x10059f
             exe-1050008 [001] ..... 1635706.589281: sys_ptrace(request: 4204, pid: 10059f, addr: 1, data: c000a2fc70)
             exe-1049567 [000] ..... 1635706.589283: sys_nanosleep -> 0x0
             exe-1050008 [001] ..... 1635706.589284: sys_ptrace -> 0x0
             exe-1050008 [001] ..... 1635706.589285: sys_ptrace(request: 4204, pid: 10059f, addr: 202, data: c000a2fc70)
             exe-1050008 [001] ..... 1635706.589287: sys_ptrace -> 0x0
             exe-1049567 [000] ..... 1635706.589289: sys_nanosleep(rqtp: c000069f10, rmtp: 0)
             exe-1049673 [000] ..... 1635706.589306: sys_nanosleep -> 0x0
             exe-1050008 [001] ..... 1635706.589309: sys_ptrace(request: 4205, pid: 10059f, addr: 1, data: c000a2fc70)
             exe-1050008 [001] ..... 1635706.589312: sys_ptrace -> 0x0
             exe-1049673 [000] ..... 1635706.589312: sys_nanosleep(rqtp: c000069f10, rmtp: 0)
             exe-1050008 [001] ..... 1635706.589313: sys_ptrace(request: 4205, pid: 10059f, addr: 202, data: c000a2fc70)
             exe-1050008 [001] ..... 1635706.589320: sys_ptrace -> 0x0
             exe-1050008 [001] ..... 1635706.589322: sys_ptrace(request: 1f, pid: 10059f, addr: 0, data: 0)
             exe-1050008 [001] ..... 1635706.589332: sys_ptrace -> 0x0
             exe-1050008 [001] ..... 1635706.589334: sys_wait4(upid: 10059f, stat_addr: c000a2fbf4, options: 40000002, ru: 0)
             exe-1050015 [002] ..... 1635706.589350: sys_perf_event_open -> 0xffffffffffffffed
             exe-1050008 [001] ..... 1635706.589364: sys_wait4 -> 0x10059f
             exe-1050008 [001] ..... 1635706.589367: sys_ptrace(request: 4204, pid: 10059f, addr: 1, data: c000a2fc70)
             exe-1050008 [001] ..... 1635706.589369: sys_ptrace -> 0x0
             exe-1050008 [001] ..... 1635706.589371: sys_ptrace(request: 4204, pid: 10059f, addr: 202, data: c000a2fc70)
             exe-1050008 [001] ..... 1635706.589373: sys_ptrace -> 0x0
             exe-1050008 [001] ..... 1635706.589378: sys_pwrite64(fd: 63, buf: 7fd66e0ea080, count: 57, pos: 59)
             exe-1050008 [001] ..... 1635706.589380: tracing_mark_write: perf_event_open(attr_uptr=0x55fd41ed8340, pid=1, cpu=1, group_fd=373, flags=0xfff9) end
             exe-1050008 [001] ..... 1635706.649349: tracing_mark_write: perf_event_open(attr_uptr=0x55fd41ed8340, pid=0, cpu=3228, group_fd=-1, flags=0x2000) start
             exe-1050008 [001] ..... 1635706.649351: sys_pwrite64 -> 0x5b
             exe-1050008 [001] ..... 1635706.649357: sys_ptrace(request: 4205, pid: 10059f, addr: 1, data: c000a2fc70)
             exe-1050008 [001] ..... 1635706.649360: sys_ptrace -> 0x0
             exe-1050008 [001] ..... 1635706.649362: sys_ptrace(request: 4205, pid: 10059f, addr: 202, data: c000a2fc70)
             exe-1050008 [001] ..... 1635706.649372: sys_ptrace -> 0x0
             exe-1050008 [001] ..... 1635706.649374: sys_ptrace(request: 1f, pid: 10059f, addr: 0, data: 0)
             exe-1050008 [001] .N... 1635706.649382: sys_ptrace -> 0x0
             exe-1049567 [000] ..... 1635706.649383: sys_nanosleep -> 0x0
             exe-1049567 [000] ..... 1635706.649389: sys_nanosleep(rqtp: c000069f10, rmtp: 0)
             exe-1050015 [001] ..... 1635706.649393: sys_write -> 0x5b
             exe-1049673 [000] ..... 1635706.649406: sys_nanosleep -> 0x0
             exe-1049673 [000] ..... 1635706.649412: sys_nanosleep(rqtp: c000069f10, rmtp: 0)
             exe-1050008 [001] ..... 1635706.649412: sys_wait4(upid: 10059f, stat_addr: c000a2fbf4, options: 40000002, ru: 0)
             exe-1050008 [001] ..... 1635706.649415: sys_wait4 -> 0x10059f
             exe-1050008 [001] ..... 1635706.649417: sys_ptrace(request: 4204, pid: 10059f, addr: 1, data: c000a2fc70)
             exe-1050008 [001] ..... 1635706.649421: sys_ptrace -> 0x0
             exe-1050008 [001] ..... 1635706.649423: sys_ptrace(request: 4204, pid: 10059f, addr: 202, data: c000a2fc70)
             exe-1050008 [001] ..... 1635706.649426: sys_ptrace -> 0x0
             exe-1050008 [001] ..... 1635706.649475: sys_ptrace(request: 4205, pid: 10059f, addr: 1, data: c000a2fc70)
             exe-1050008 [001] ..... 1635706.649479: sys_ptrace -> 0x0
             exe-1050008 [001] ..... 1635706.649481: sys_ptrace(request: 4205, pid: 10059f, addr: 202, data: c000a2fc70)
             exe-1050008 [001] ..... 1635706.649493: sys_ptrace -> 0x0
             exe-1050008 [001] ..... 1635706.649494: sys_ptrace(request: 1f, pid: 10059f, addr: 0, data: 0)
             exe-1049567 [000] ..... 1635706.649496: sys_nanosleep -> 0x0
             exe-1049567 [000] ..... 1635706.649501: sys_nanosleep(rqtp: c000069f10, rmtp: 0)
             exe-1050008 [001] .N... 1635706.649503: sys_ptrace -> 0x0
             exe-1050015 [001] ..... 1635706.649514: sys_perf_event_open -> 0xffffffffffffffed
             exe-1049673 [000] ..... 1635706.649519: sys_nanosleep -> 0x0
             exe-1049673 [000] ..... 1635706.649525: sys_nanosleep(rqtp: c000069f10, rmtp: 0)
             exe-1050008 [001] ..... 1635706.649536: sys_wait4(upid: 10059f, stat_addr: c000a2fbf4, options: 40000002, ru: 0)
             exe-1050008 [001] ..... 1635706.649539: sys_wait4 -> 0x10059f
             exe-1050008 [001] ..... 1635706.649542: sys_ptrace(request: 4204, pid: 10059f, addr: 1, data: c000a2fc70)
             exe-1050008 [001] ..... 1635706.649545: sys_ptrace -> 0x0
             exe-1050008 [001] ..... 1635706.649547: sys_ptrace(request: 4204, pid: 10059f, addr: 202, data: c000a2fc70)
             exe-1050008 [001] ..... 1635706.649550: sys_ptrace -> 0x0
             exe-1050008 [001] ..... 1635706.649560: sys_pwrite64(fd: 63, buf: 7fd66e0ea080, count: 59, pos: 5b)
             exe-1050008 [001] ..... 1635706.649562: tracing_mark_write: perf_event_open(attr_uptr=0x55fd41ed8340, pid=0, cpu=3228, group_fd=-1, flags=0x2000) end
             exe-1050008 [001] ..... 1635706.711888: tracing_mark_write: perf_event_open(attr_uptr=0x55fd41ed8340, pid=16, cpu=3, group_fd=-1, flags=0xe5e5e5e5) start
             exe-1050008 [001] ..... 1635706.711890: sys_pwrite64 -> 0x5d
             exe-1050008 [001] ..... 1635706.711897: sys_ptrace(request: 4205, pid: 10059f, addr: 1, data: c000a2fc70)
             exe-1050008 [001] ..... 1635706.711900: sys_ptrace -> 0x0
             exe-1050008 [001] ..... 1635706.711912: sys_ptrace(request: 4205, pid: 10059f, addr: 202, data: c000a2fc70)
             exe-1049567 [000] ..... 1635706.711913: sys_nanosleep -> 0x0
             exe-1049567 [000] ..... 1635706.711916: sys_nanosleep(rqtp: c000069f10, rmtp: 0)
             exe-1050008 [001] ..... 1635706.711924: sys_ptrace -> 0x0
             exe-1050008 [001] ..... 1635706.711925: sys_ptrace(request: 1f, pid: 10059f, addr: 0, data: 0)
             exe-1049673 [000] ..... 1635706.711932: sys_nanosleep -> 0x0
             exe-1050008 [001] .N... 1635706.711933: sys_ptrace -> 0x0
             exe-1049673 [000] ..... 1635706.711937: sys_nanosleep(rqtp: c000069f10, rmtp: 0)
             exe-1050015 [001] ..... 1635706.711945: sys_write -> 0x5d
             exe-1050008 [001] ..... 1635706.711964: sys_wait4(upid: 10059f, stat_addr: c000a2fbf4, options: 40000002, ru: 0)
             exe-1050008 [001] ..... 1635706.711967: sys_wait4 -> 0x10059f
             exe-1050008 [001] ..... 1635706.711969: sys_ptrace(request: 4204, pid: 10059f, addr: 1, data: c000a2fc70)
             exe-1050008 [001] ..... 1635706.711973: sys_ptrace -> 0x0
             exe-1050008 [001] ..... 1635706.711975: sys_ptrace(request: 4204, pid: 10059f, addr: 202, data: c000a2fc70)
             exe-1050008 [001] ..... 1635706.711978: sys_ptrace -> 0x0
             exe-1050008 [001] ..... 1635706.711999: sys_ptrace(request: 4205, pid: 10059f, addr: 1, data: c000a2fc70)
             exe-1050008 [001] ..... 1635706.712002: sys_ptrace -> 0x0
             exe-1050008 [001] ..... 1635706.712004: sys_ptrace(request: 4205, pid: 10059f, addr: 202, data: c000a2fc70)
             exe-1050008 [001] ..... 1635706.712015: sys_ptrace -> 0x0
             exe-1050008 [001] ..... 1635706.712017: sys_ptrace(request: 1f, pid: 10059f, addr: 0, data: 0)
             exe-1049567 [000] ..... 1635706.712023: sys_nanosleep -> 0x0
             exe-1050008 [001] .N... 1635706.712024: sys_ptrace -> 0x0
             exe-1049567 [000] ..... 1635706.712029: sys_nanosleep(rqtp: c000069f10, rmtp: 0)
             exe-1050015 [001] ..... 1635706.712035: sys_perf_event_open -> 0xffffffffffffffed
             exe-1049673 [000] ..... 1635706.712051: sys_nanosleep -> 0x0
             exe-1050008 [001] ..... 1635706.712055: sys_wait4(upid: 10059f, stat_addr: c000a2fbf4, options: 40000002, ru: 0)
             exe-1049673 [000] ..... 1635706.712056: sys_nanosleep(rqtp: c000069f10, rmtp: 0)
             exe-1050008 [001] ..... 1635706.712058: sys_wait4 -> 0x10059f
             exe-1050008 [001] ..... 1635706.712060: sys_ptrace(request: 4204, pid: 10059f, addr: 1, data: c000a2fc70)
             exe-1050008 [001] ..... 1635706.712064: sys_ptrace -> 0x0
             exe-1050008 [001] ..... 1635706.712065: sys_ptrace(request: 4204, pid: 10059f, addr: 202, data: c000a2fc70)
             exe-1050008 [001] ..... 1635706.712068: sys_ptrace -> 0x0
             exe-1050008 [001] ..... 1635706.712078: sys_pwrite64(fd: 63, buf: 7fd66e0ea080, count: 5b, pos: 5d)
             exe-1050008 [001] ..... 1635706.712080: tracing_mark_write: perf_event_open(attr_uptr=0x55fd41ed8340, pid=16, cpu=3, group_fd=-1, flags=0xe5e5e5e5) end
             exe-1050008 [001] ..... 1635706.770197: tracing_mark_write: perf_event_open(attr_uptr=0x55fd41ed8340, pid=305, cpu=-1, group_fd=16, flags=0xc) start
             exe-1050008 [001] ..... 1635706.770199: sys_pwrite64 -> 0x58
             exe-1049673 [000] ..... 1635706.770200: sys_nanosleep(rqtp: c000069f10, rmtp: 0)
             exe-1050008 [001] ..... 1635706.770210: sys_ptrace(request: 4205, pid: 10059f, addr: 1, data: c000a2fc70)
             exe-1050008 [001] ..... 1635706.770216: sys_ptrace -> 0x0
             exe-1050008 [001] ..... 1635706.770218: sys_ptrace(request: 4205, pid: 10059f, addr: 202, data: c000a2fc70)
             exe-1050008 [001] ..... 1635706.770234: sys_ptrace -> 0x0
             exe-1050008 [001] ..... 1635706.770236: sys_ptrace(request: 1f, pid: 10059f, addr: 0, data: 0)
             exe-1050008 [001] .N... 1635706.770246: sys_ptrace -> 0x0
             exe-1050015 [001] ..... 1635706.770261: sys_write -> 0x58
             exe-1050008 [001] ..... 1635706.770287: sys_wait4(upid: 10059f, stat_addr: c000a2fbf4, options: 40000002, ru: 0)
             exe-1050008 [001] ..... 1635706.770291: sys_wait4 -> 0x10059f
             exe-1050008 [001] ..... 1635706.770294: sys_ptrace(request: 4204, pid: 10059f, addr: 1, data: c000a2fc70)
             exe-1049673 [000] ..... 1635706.770298: sys_nanosleep -> 0x0
             exe-1050008 [001] ..... 1635706.770300: sys_ptrace -> 0x0
             exe-1050008 [001] ..... 1635706.770303: sys_ptrace(request: 4204, pid: 10059f, addr: 202, data: c000a2fc70)
             exe-1049673 [000] ..... 1635706.770305: sys_nanosleep(rqtp: c000069f10, rmtp: 0)
             exe-1050008 [001] ..... 1635706.770307: sys_ptrace -> 0x0
             exe-1049567 [000] ..... 1635706.770330: sys_nanosleep -> 0x0
             exe-1049567 [000] ..... 1635706.770337: sys_nanosleep(rqtp: c000069f10, rmtp: 0)
             exe-1050008 [001] ..... 1635706.770340: sys_ptrace(request: 4205, pid: 10059f, addr: 1, data: c000a2fc70)
             exe-1050008 [001] ..... 1635706.770346: sys_ptrace -> 0x0
             exe-1050008 [001] ..... 1635706.770349: sys_ptrace(request: 4205, pid: 10059f, addr: 202, data: c000a2fc70)
             exe-1050008 [001] ..... 1635706.770365: sys_ptrace -> 0x0
             exe-1050008 [001] ..... 1635706.770367: sys_ptrace(request: 1f, pid: 10059f, addr: 0, data: 0)
             exe-1050008 [001] .N... 1635706.770377: sys_ptrace -> 0x0
             exe-1050015 [001] ..... 1635706.770390: sys_perf_event_open -> 0xffffffffffffffed
             exe-1050008 [001] ..... 1635706.770418: sys_wait4(upid: 10059f, stat_addr: c000a2fbf4, options: 40000002, ru: 0)
             exe-1050008 [001] ..... 1635706.770422: sys_wait4 -> 0x10059f
             exe-1050008 [001] ..... 1635706.770425: sys_ptrace(request: 4204, pid: 10059f, addr: 1, data: c000a2fc70)
             exe-1050008 [001] ..... 1635706.770431: sys_ptrace -> 0x0
             exe-1050008 [001] ..... 1635706.770433: sys_ptrace(request: 4204, pid: 10059f, addr: 202, data: c000a2fc70)
             exe-1049567 [000] ..... 1635706.770436: sys_nanosleep -> 0x0
             exe-1050008 [001] ..... 1635706.770438: sys_ptrace -> 0x0
             exe-1049567 [000] ..... 1635706.770442: sys_nanosleep(rqtp: c000069f10, rmtp: 0)
             exe-1050008 [001] ..... 1635706.770453: sys_pwrite64(fd: 63, buf: 7fd66e0ea080, count: 56, pos: 58)
             exe-1050008 [001] ..... 1635706.770455: tracing_mark_write: perf_event_open(attr_uptr=0x55fd41ed8340, pid=305, cpu=-1, group_fd=16, flags=0xc) end
             exe-1050008 [001] ..... 1635706.876802: tracing_mark_write: perf_event_open(attr_uptr=0x55fd41ed8340, pid=350, cpu=-1, group_fd=-1, flags=0x4) start
             exe-1050008 [001] ..... 1635706.876804: sys_pwrite64 -> 0x58
             exe-1050008 [001] ..... 1635706.876813: sys_ptrace(request: 4205, pid: 10059f, addr: 1, data: c000a2fc70)
             exe-1050008 [001] ..... 1635706.876816: sys_ptrace -> 0x0
             exe-1050008 [001] ..... 1635706.876818: sys_ptrace(request: 4205, pid: 10059f, addr: 202, data: c000a2fc70)
             exe-1050008 [001] ..... 1635706.876833: sys_ptrace -> 0x0
             exe-1050008 [001] ..... 1635706.876835: sys_ptrace(request: 1f, pid: 10059f, addr: 0, data: 0)
             exe-1050008 [001] .N... 1635706.876845: sys_ptrace -> 0x0
             exe-1050015 [001] ..... 1635706.876857: sys_write -> 0x58
             exe-1050008 [001] ..... 1635706.876882: sys_wait4(upid: 10059f, stat_addr: c000a2fbf4, options: 40000002, ru: 0)
             exe-1050008 [001] ..... 1635706.876886: sys_wait4 -> 0x10059f
             exe-1050008 [001] ..... 1635706.876890: sys_ptrace(request: 4204, pid: 10059f, addr: 1, data: c000a2fc70)
             exe-1050008 [001] ..... 1635706.876895: sys_ptrace -> 0x0
             exe-1050008 [001] ..... 1635706.876897: sys_ptrace(request: 4204, pid: 10059f, addr: 202, data: c000a2fc70)
             exe-1050008 [001] ..... 1635706.876901: sys_ptrace -> 0x0
             exe-1050008 [001] ..... 1635706.876957: sys_ptrace(request: 4205, pid: 10059f, addr: 1, data: c000a2fc70)
             exe-1050008 [001] ..... 1635706.876962: sys_ptrace -> 0x0
             exe-1050008 [001] ..... 1635706.876964: sys_ptrace(request: 4205, pid: 10059f, addr: 202, data: c000a2fc70)
             exe-1050008 [001] ..... 1635706.876998: sys_ptrace -> 0x0
             exe-1050008 [001] ..... 1635706.877000: sys_ptrace(request: 1f, pid: 10059f, addr: 0, data: 0)
             exe-1050008 [001] .N... 1635706.877009: sys_ptrace -> 0x0
             exe-1050015 [001] ..... 1635706.877022: sys_perf_event_open -> 0xffffffffffffffed
             exe-1067990 [003] ..... 1635706.877044: sys_futex -> 0x0
             exe-1050008 [001] ..... 1635706.877049: sys_wait4(upid: 10059f, stat_addr: c000a2fbf4, options: 40000002, ru: 0)
             exe-1050008 [001] ..... 1635706.877053: sys_wait4 -> 0x10059f
             exe-1050008 [001] ..... 1635706.877056: sys_ptrace(request: 4204, pid: 10059f, addr: 1, data: c000a2fc70)
             exe-1067990 [003] ..... 1635706.877056: sys_futex(uaddr: c0002dd548, op: 80, val: 0, utime: 0, uaddr2: 0, val3: 0)
             exe-1050008 [001] ..... 1635706.877061: sys_ptrace -> 0x0
             exe-1050008 [001] ..... 1635706.877063: sys_ptrace(request: 4204, pid: 10059f, addr: 202, data: c000a2fc70)
             exe-1050008 [001] ..... 1635706.877067: sys_ptrace -> 0x0
             exe-1049567 [003] ..... 1635706.877074: sys_nanosleep -> 0x0
             exe-1049567 [003] ..... 1635706.877080: sys_nanosleep(rqtp: c000069f10, rmtp: 0)
             exe-1050008 [001] ..... 1635706.877080: sys_pwrite64(fd: 63, buf: 7fd66e0ea080, count: 56, pos: 58)
