             exe-1050008 [003] ..... 1635707.949154: sys_ptrace -> 0x0
             exe-1050008 [003] ..... 1635707.949173: sys_ptrace(request: 4205, pid: 10059f, addr: 1, data: c000a2fc70)
             exe-1050008 [003] ..... 1635707.949176: sys_ptrace -> 0x0
             exe-1050008 [003] ..... 1635707.949178: sys_ptrace(request: 4205, pid: 10059f, addr: 202, data: c000a2fc70)
             exe-1049673 [000] ..... 1635707.949183: sys_nanosleep -> 0x0
             exe-1049673 [000] ..... 1635707.949188: sys_nanosleep(rqtp: c000069f10, rmtp: 0)
             exe-1050008 [003] ..... 1635707.949188: sys_ptrace -> 0x0
             exe-1050008 [003] ..... 1635707.949190: sys_ptrace(request: 1f, pid: 10059f, addr: 0, data: 0)
             exe-1050008 [003] .N... 1635707.949197: sys_ptrace -> 0x0
             exe-1049567 [000] ..... 1635707.949205: sys_nanosleep -> 0x0
             exe-1050015 [003] ..... 1635707.949209: sys_perf_event_open -> 0xffffffffffffffed
             exe-1049567 [000] ..... 1635707.949210: sys_nanosleep(rqtp: c000069f10, rmtp: 0)
             exe-1050008 [003] ..... 1635707.949229: sys_wait4(upid: 10059f, stat_addr: c000a2fbf4, options: 40000002, ru: 0)
             exe-1050008 [003] ..... 1635707.949232: sys_wait4 -> 0x10059f
             exe-1050008 [003] ..... 1635707.949234: sys_ptrace(request: 4204, pid: 10059f, addr: 1, data: c000a2fc70)
             exe-1050008 [003] ..... 1635707.949238: sys_ptrace -> 0x0
             exe-1050008 [003] ..... 1635707.949239: sys_ptrace(request: 4204, pid: 10059f, addr: 202, data: c000a2fc70)
             exe-1050008 [003] ..... 1635707.949242: sys_ptrace -> 0x0
             exe-1050008 [003] ..... 1635707.949252: sys_pwrite64(fd: 63, buf: 7fd66e0ea080, count: 55, pos: 57)
             exe-1050008 [003] ..... 1635707.949254: tracing_mark_write: perf_event_open(attr_uptr=0x55fd41ed8340, pid=285, cpu=2, group_fd=-1, flags=0xe) end
             exe-1050282 [001] ..... 1635708.014748: tracing_mark_write: perf_event_open(attr_uptr=0x55fd41ed8340, pid=274, cpu=2, group_fd=285, flags=0xd) start
             exe-1050282 [001] ..... 1635708.014750: sys_pwrite64 -> 0x58
             exe-1050282 [001] ..... 1635708.014756: sys_ptrace(request: 4205, pid: 1006b2, addr: 1, data: c000a2fc70)
             exe-1049567 [000] ..... 1635708.014765: sys_nanosleep -> 0x0
             exe-1050282 [001] ..... 1635708.014765: sys_ptrace -> 0x0
             exe-1050282 [001] ..... 1635708.014766: sys_ptrace(request: 4205, pid: 1006b2, addr: 202, data: c000a2fc70)
             exe-1049567 [000] ..... 1635708.014770: sys_nanosleep(rqtp: c000069f10, rmtp: 0)
             exe-1050282 [001] ..... 1635708.014788: sys_ptrace -> 0x0
             exe-1050282 [001] ..... 1635708.014789: sys_ptrace(request: 1f, pid: 1006b2, addr: 0, data: 0)
             exe-1050282 [001] ..... 1635708.014796: sys_ptrace -> 0x0
             exe-1050282 [001] ..... 1635708.014799: sys_wait4(upid: 1006b2, stat_addr: c000a2fbf4, options: 40000002, ru: 0)
             exe-1050290 [000] ..... 1635708.014845: sys_write -> 0x58
             exe-1049673 [000] ..... 1635708.014876: sys_nanosleep -> 0x0
             exe-1050282 [001] ..... 1635708.014878: sys_wait4 -> 0x1006b2
             exe-1050282 [001] ..... 1635708.014881: sys_ptrace(request: 4204, pid: 1006b2, addr: 1, data: c000a2fc70)
             exe-1049673 [000] ..... 1635708.014882: sys_nanosleep(rqtp: c000069f10, rmtp: 0)
             exe-1050282 [001] ..... 1635708.014884: sys_ptrace -> 0x0
             exe-1050282 [001] ..... 1635708.014885: sys_ptrace(request: 4204, pid: 1006b2, addr: 202, data: c000a2fc70)
             exe-1050282 [001] ..... 1635708.014888: sys_ptrace -> 0x0
             exe-1050282 [001] ..... 1635708.014908: sys_ptrace(request: 4205, pid: 1006b2, addr: 1, data: c000a2fc70)
             exe-1049567 [000] ..... 1635708.014909: sys_nanosleep -> 0x0
             exe-1050282 [001] ..... 1635708.014911: sys_ptrace -> 0x0
             exe-1050282 [001] ..... 1635708.014912: sys_ptrace(request: 4205, pid: 1006b2, addr: 202, data: c000a2fc70)
             exe-1049567 [000] ..... 1635708.014915: sys_nanosleep(rqtp: c000069f10, rmtp: 0)
             exe-1050282 [001] ..... 1635708.014921: sys_ptrace -> 0x0
             exe-1050282 [001] ..... 1635708.014923: sys_ptrace(request: 1f, pid: 1006b2, addr: 0, data: 0)
             exe-1050282 [001] ..... 1635708.014926: sys_ptrace -> 0x0
             exe-1050282 [001] ..... 1635708.014928: sys_wait4(upid: 1006b2, stat_addr: c000a2fbf4, options: 40000002, ru: 0)
             exe-1050290 [000] ..... 1635708.014944: sys_perf_event_open -> 0xffffffffffffffed
             exe-1050282 [001] ..... 1635708.014969: sys_wait4 -> 0x1006b2
             exe-1050282 [001] ..... 1635708.014972: sys_ptrace(request: 4204, pid: 1006b2, addr: 1, data: c000a2fc70)
             exe-1049673 [000] ..... 1635708.014998: sys_nanosleep -> 0x0
             exe-1050282 [001] ..... 1635708.014999: sys_ptrace -> 0x0
             exe-1050282 [001] ..... 1635708.015001: sys_ptrace(request: 4204, pid: 1006b2, addr: 202, data: c000a2fc70)
             exe-1050282 [001] ..... 1635708.015003: sys_ptrace -> 0x0
             exe-1049673 [000] ..... 1635708.015005: sys_nanosleep(rqtp: c000069f10, rmtp: 0)
             exe-1050282 [001] ..... 1635708.015010: sys_pwrite64(fd: 63, buf: 7fd66e0ea080, count: 56, pos: 58)
             exe-1050282 [001] ..... 1635708.015012: tracing_mark_write: perf_event_open(attr_uptr=0x55fd41ed8340, pid=274, cpu=2, group_fd=285, flags=0xd) end
             exe-1050282 [001] ..... 1635708.080428: tracing_mark_write: perf_event_open(attr_uptr=0x55fd41ed8340, pid=50036, cpu=-1, group_fd=-1, flags=0x4000000) start
             exe-1050282 [001] ..... 1635708.080429: sys_pwrite64 -> 0x60
             exe-1050282 [001] ..... 1635708.080434: sys_ptrace(request: 4205, pid: 1006b2, addr: 1, data: c000a2fc70)
             exe-1050282 [001] ..... 1635708.080436: sys_ptrace -> 0x0
             exe-1050282 [001] ..... 1635708.080437: sys_ptrace(request: 4205, pid: 1006b2, addr: 202, data: c000a2fc70)
             exe-1050282 [001] ..... 1635708.080444: sys_ptrace -> 0x0
             exe-1050282 [001] ..... 1635708.080445: sys_ptrace(request: 1f, pid: 1006b2, addr: 0, data: 0)
             exe-1050282 [001] ..... 1635708.080454: sys_ptrace -> 0x0
             exe-1050282 [001] ..... 1635708.080456: sys_wait4(upid: 1006b2, stat_addr: c000a2fbf4, options: 40000002, ru: 0)
             exe-1050290 [000] ..... 1635708.080473: sys_write -> 0x60
             exe-1050282 [001] ..... 1635708.080487: sys_wait4 -> 0x1006b2
             exe-1050282 [001] ..... 1635708.080489: sys_ptrace(request: 4204, pid: 1006b2, addr: 1, data: c000a2fc70)
             exe-1050282 [001] ..... 1635708.080491: sys_ptrace -> 0x0
             exe-1050282 [001] ..... 1635708.080492: sys_ptrace(request: 4204, pid: 1006b2, addr: 202, data: c000a2fc70)
             exe-1050282 [001] ..... 1635708.080494: sys_ptrace -> 0x0
             exe-1050282 [001] ..... 1635708.080511: sys_ptrace(request: 4205, pid: 1006b2, addr: 1, data: c000a2fc70)
             exe-1050282 [001] ..... 1635708.080513: sys_ptrace -> 0x0
             exe-1049567 [002] ..... 1635708.080513: sys_nanosleep -> 0x0
             exe-1050282 [001] ..... 1635708.080514: sys_ptrace(request: 4205, pid: 1006b2, addr: 202, data: c000a2fc70)
             exe-1049567 [002] ..... 1635708.080518: sys_nanosleep(rqtp: c000069f10, rmtp: 0)
             exe-1050282 [001] ..... 1635708.080519: sys_ptrace -> 0x0
             exe-1050282 [001] ..... 1635708.080521: sys_ptrace(request: 1f, pid: 1006b2, addr: 0, data: 0)
             exe-1050282 [001] ..... 1635708.080529: sys_ptrace -> 0x0
             exe-1050282 [001] ..... 1635708.080531: sys_wait4(upid: 1006b2, stat_addr: c000a2fbf4, options: 40000002, ru: 0)
             exe-1050290 [000] ..... 1635708.080546: sys_perf_event_open -> 0xffffffffffffffed
             exe-1050282 [001] ..... 1635708.080560: sys_wait4 -> 0x1006b2
             exe-1050282 [001] ..... 1635708.080562: sys_ptrace(request: 4204, pid: 1006b2, addr: 1, data: c000a2fc70)
             exe-1050282 [001] ..... 1635708.080564: sys_ptrace -> 0x0
             exe-1050282 [001] ..... 1635708.080565: sys_ptrace(request: 4204, pid: 1006b2, addr: 202, data: c000a2fc70)
             exe-1050282 [001] ..... 1635708.080567: sys_ptrace -> 0x0
             exe-1050282 [001] ..... 1635708.080572: sys_pwrite64(fd: 63, buf: 7fd66e0ea080, count: 5e, pos: 60)
             exe-1050282 [001] ..... 1635708.080573: tracing_mark_write: perf_event_open(attr_uptr=0x55fd41ed8340, pid=50036, cpu=-1, group_fd=-1, flags=0x4000000) end
             exe-1050282 [001] ..... 1635708.159547: tracing_mark_write: perf_event_open(attr_uptr=0x55fd41ed8340, pid=50036, cpu=3, group_fd=-1, flags=0x5259ae0941) start
             exe-1050282 [001] ..... 1635708.159549: sys_pwrite64 -> 0x62
             exe-1050282 [001] ..... 1635708.159554: sys_ptrace(request: 4205, pid: 1006b2, addr: 1, data: c000a2fc70)
             exe-1050282 [001] ..... 1635708.159557: sys_ptrace -> 0x0
             exe-1050282 [001] ..... 1635708.159558: sys_ptrace(request: 4205, pid: 1006b2, addr: 202, data: c000a2fc70)
             exe-1050282 [001] ..... 1635708.159567: sys_ptrace -> 0x0
             exe-1050282 [001] ..... 1635708.159568: sys_ptrace(request: 1f, pid: 1006b2, addr: 0, data: 0)
             exe-1050282 [001] ..... 1635708.159579: sys_ptrace -> 0x0
             exe-1050282 [001] ..... 1635708.159581: sys_wait4(upid: 1006b2, stat_addr: c000a2fbf4, options: 40000002, ru: 0)
             exe-1050290 [000] ..... 1635708.159607: sys_write -> 0x62
             exe-1050282 [001] ..... 1635708.159626: sys_wait4 -> 0x1006b2
             exe-1050282 [001] ..... 1635708.159629: sys_ptrace(request: 4204, pid: 1006b2, addr: 1, data: c000a2fc70)
             exe-1050282 [001] ..... 1635708.159631: sys_ptrace -> 0x0
             exe-1050282 [001] ..... 1635708.159662: sys_ptrace(request: 4204, pid: 1006b2, addr: 202, data: c000a2fc70)
             exe-1050282 [001] ..... 1635708.159665: sys_ptrace -> 0x0
             exe-1050282 [001] ..... 1635708.159709: sys_ptrace(request: 4205, pid: 1006b2, addr: 1, data: c000a2fc70)
             exe-1050282 [001] ..... 1635708.159712: sys_ptrace -> 0x0
             exe-1050282 [001] ..... 1635708.159713: sys_ptrace(request: 4205, pid: 1006b2, addr: 202, data: c000a2fc70)
             exe-1050282 [001] ..... 1635708.159722: sys_ptrace -> 0x0
             exe-1050282 [001] ..... 1635708.159724: sys_ptrace(request: 1f, pid: 1006b2, addr: 0, data: 0)
             exe-1050282 [001] ..... 1635708.159734: sys_ptrace -> 0x0
             exe-1050282 [001] ..... 1635708.159736: sys_wait4(upid: 1006b2, stat_addr: c000a2fbf4, options: 40000002, ru: 0)
             exe-1050290 [000] ..... 1635708.159765: sys_perf_event_open -> 0xffffffffffffffed
             exe-1049567 [001] ..... 1635708.159771: sys_nanosleep -> 0x0
             exe-1049567 [001] ..... 1635708.159774: sys_nanosleep(rqtp: c000069f10, rmtp: 0)
             exe-1050282 [001] ..... 1635708.159793: sys_wait4 -> 0x1006b2
             exe-1050282 [001] ..... 1635708.159796: sys_ptrace(request: 4204, pid: 1006b2, addr: 1, data: c000a2fc70)
             exe-1050282 [001] ..... 1635708.159799: sys_ptrace -> 0x0
             exe-1050282 [001] ..... 1635708.159800: sys_ptrace(request: 4204, pid: 1006b2, addr: 202, data: c000a2fc70)
             exe-1050282 [001] ..... 1635708.159802: sys_ptrace -> 0x0
             exe-1050282 [001] ..... 1635708.159811: sys_pwrite64(fd: 63, buf: 7fd66e0ea080, count: 60, pos: 62)
             exe-1050282 [001] ..... 1635708.159812: tracing_mark_write: perf_event_open(attr_uptr=0x55fd41ed8340, pid=50036, cpu=3, group_fd=-1, flags=0x5259ae0941) end
             exe-1050282 [001] ..... 1635708.226502: tracing_mark_write: perf_event_open(attr_uptr=0x55fd41ed8340, pid=167, cpu=-1, group_fd=-1, flags=0xd) start
             exe-1050282 [001] ..... 1635708.226504: sys_pwrite64 -> 0x58
             exe-1050282 [001] ..... 1635708.226509: sys_ptrace(request: 4205, pid: 1006b2, addr: 1, data: c000a2fc70)
             exe-1050282 [001] ..... 1635708.226512: sys_ptrace -> 0x0
             exe-1050282 [001] ..... 1635708.226513: sys_ptrace(request: 4205, pid: 1006b2, addr: 202, data: c000a2fc70)
             exe-1050282 [001] ..... 1635708.226521: sys_ptrace -> 0x0
             exe-1050282 [001] ..... 1635708.226522: sys_ptrace(request: 1f, pid: 1006b2, addr: 0, data: 0)
             exe-1050282 [001] ..... 1635708.226529: sys_ptrace -> 0x0
             exe-1050282 [001] ..... 1635708.226531: sys_wait4(upid: 1006b2, stat_addr: c000a2fbf4, options: 40000002, ru: 0)
             exe-1050290 [000] ..... 1635708.226553: sys_write -> 0x58
             exe-1050282 [001] ..... 1635708.226568: sys_wait4 -> 0x1006b2
             exe-1050282 [001] ..... 1635708.226570: sys_ptrace(request: 4204, pid: 1006b2, addr: 1, data: c000a2fc70)
             exe-1050282 [001] ..... 1635708.226573: sys_ptrace -> 0x0
             exe-1050282 [001] ..... 1635708.226574: sys_ptrace(request: 4204, pid: 1006b2, addr: 202, data: c000a2fc70)
             exe-1050282 [001] ..... 1635708.226576: sys_ptrace -> 0x0
             exe-1050282 [001] ..... 1635708.226598: sys_ptrace(request: 4205, pid: 1006b2, addr: 1, data: c000a2fc70)
             exe-1050282 [001] ..... 1635708.226600: sys_ptrace -> 0x0
             exe-1050282 [001] ..... 1635708.226602: sys_ptrace(request: 4205, pid: 1006b2, addr: 202, data: c000a2fc70)
             exe-1050282 [001] ..... 1635708.226608: sys_ptrace -> 0x0
             exe-1050282 [001] ..... 1635708.226610: sys_ptrace(request: 1f, pid: 1006b2, addr: 0, data: 0)
             exe-1050282 [001] ..... 1635708.226616: sys_ptrace -> 0x0
             exe-1050282 [001] ..... 1635708.226618: sys_wait4(upid: 1006b2, stat_addr: c000a2fbf4, options: 40000002, ru: 0)
             exe-1050290 [000] ..... 1635708.226650: sys_perf_event_open -> 0xffffffffffffffed
             exe-1050282 [001] ..... 1635708.226665: sys_wait4 -> 0x1006b2
             exe-1050282 [001] ..... 1635708.226668: sys_ptrace(request: 4204, pid: 1006b2, addr: 1, data: c000a2fc70)
             exe-1050282 [001] ..... 1635708.226670: sys_ptrace -> 0x0
             exe-1050282 [001] ..... 1635708.226671: sys_ptrace(request: 4204, pid: 1006b2, addr: 202, data: c000a2fc70)
             exe-1050282 [001] ..... 1635708.226673: sys_ptrace -> 0x0
             exe-1050282 [001] ..... 1635708.226679: sys_pwrite64(fd: 63, buf: 7fd66e0ea080, count: 56, pos: 58)
             exe-1050282 [001] ..... 1635708.226680: tracing_mark_write: perf_event_open(attr_uptr=0x55fd41ed8340, pid=167, cpu=-1, group_fd=-1, flags=0xd) end
             exe-1050282 [001] ..... 1635708.291604: tracing_mark_write: perf_event_open(attr_uptr=0x55fd41ed8340, pid=-1, cpu=2, group_fd=-1, flags=0x6100212002) start
             exe-1050282 [001] ..... 1635708.291606: sys_pwrite64 -> 0x5f
             exe-1050282 [001] ..... 1635708.291611: sys_ptrace(request: 4205, pid: 1006b2, addr: 1, data: c000a2fc70)
             exe-1050282 [001] ..... 1635708.291614: sys_ptrace -> 0x0
             exe-1050282 [001] ..... 1635708.291615: sys_ptrace(request: 4205, pid: 1006b2, addr: 202, data: c000a2fc70)
             exe-1050282 [001] ..... 1635708.291624: sys_ptrace -> 0x0
             exe-1050282 [001] ..... 1635708.291626: sys_ptrace(request: 1f, pid: 1006b2, addr: 0, data: 0)
             exe-1050290 [000] ..... 1635708.291647: sys_write -> 0x5f
             exe-1050282 [001] ..... 1635708.291666: sys_ptrace -> 0x0
             exe-1050282 [001] ..... 1635708.291668: sys_wait4(upid: 1006b2, stat_addr: c000a2fbf4, options: 40000002, ru: 0)
             exe-1050282 [001] ..... 1635708.291670: sys_wait4 -> 0x1006b2
             exe-1050282 [001] ..... 1635708.291672: sys_ptrace(request: 4204, pid: 1006b2, addr: 1, data: c000a2fc70)
             exe-1050282 [001] ..... 1635708.291683: sys_ptrace -> 0x0
             exe-1050282 [001] ..... 1635708.291685: sys_ptrace(request: 4204, pid: 1006b2, addr: 202, data: c000a2fc70)
             exe-1050282 [001] ..... 1635708.291687: sys_ptrace -> 0x0
             exe-1050282 [001] ..... 1635708.291705: sys_ptrace(request: 4205, pid: 1006b2, addr: 1, data: c000a2fc70)
             exe-1050282 [001] ..... 1635708.291709: sys_ptrace -> 0x0
             exe-1050282 [001] ..... 1635708.291710: sys_ptrace(request: 4205, pid: 1006b2, addr: 202, data: c000a2fc70)
             exe-1050282 [001] ..... 1635708.291717: sys_ptrace -> 0x0
             exe-1050282 [001] ..... 1635708.291719: sys_ptrace(request: 1f, pid: 1006b2, addr: 0, data: 0)
             exe-1050282 [001] ..... 1635708.291725: sys_ptrace -> 0x0
             exe-1050282 [001] ..... 1635708.291727: sys_wait4(upid: 1006b2, stat_addr: c000a2fbf4, options: 40000002, ru: 0)
             exe-1050290 [000] ..... 1635708.291732: sys_perf_event_open -> 0xffffffffffffffed
             exe-1050282 [001] ..... 1635708.291747: sys_wait4 -> 0x1006b2
             exe-1050282 [001] ..... 1635708.291750: sys_ptrace(request: 4204, pid: 1006b2, addr: 1, data: c000a2fc70)
             exe-1050282 [001] ..... 1635708.291752: sys_ptrace -> 0x0
             exe-1050282 [001] ..... 1635708.291754: sys_ptrace(request: 4204, pid: 1006b2, addr: 202, data: c000a2fc70)
             exe-1050282 [001] ..... 1635708.291756: sys_ptrace -> 0x0
             exe-1050282 [001] ..... 1635708.291761: sys_pwrite64(fd: 63, buf: 7fd66e0ea080, count: 5d, pos: 5f)
             exe-1050282 [001] ..... 1635708.291762: tracing_mark_write: perf_event_open(attr_uptr=0x55fd41ed8340, pid=-1, cpu=2, group_fd=-1, flags=0x6100212002) end
             exe-1050282 [001] ..... 1635708.362476: tracing_mark_write: perf_event_open(attr_uptr=0x55fd41ed8340, pid=167, cpu=-1, group_fd=-1, flags=0xc0c0c0c) start
             exe-1050282 [001] ..... 1635708.362478: sys_pwrite64 -> 0x5e
             exe-1050282 [001] ..... 1635708.362483: sys_ptrace(request: 4205, pid: 1006b2, addr: 1, data: c000a2fc70)
             exe-1050282 [001] ..... 1635708.362485: sys_ptrace -> 0x0
             exe-1050282 [001] ..... 1635708.362487: sys_ptrace(request: 4205, pid: 1006b2, addr: 202, data: c000a2fc70)
             exe-1049673 [002] ..... 1635708.362496: sys_nanosleep -> 0x0
             exe-1049673 [002] ..... 1635708.362499: sys_nanosleep(rqtp: c000069f10, rmtp: 0)
             exe-1050282 [001] ..... 1635708.362500: sys_ptrace -> 0x0
             exe-1050282 [001] ..... 1635708.362502: sys_ptrace(request: 1f, pid: 1006b2, addr: 0, data: 0)
             exe-1050282 [001] ..... 1635708.362510: sys_ptrace -> 0x0
             exe-1050282 [001] ..... 1635708.362512: sys_wait4(upid: 1006b2, stat_addr: c000a2fbf4, options: 40000002, ru: 0)
             exe-1050290 [000] ..... 1635708.362527: sys_write -> 0x5e
             exe-1050282 [001] ..... 1635708.362545: sys_wait4 -> 0x1006b2
             exe-1050282 [001] ..... 1635708.362547: sys_ptrace(request: 4204, pid: 1006b2, addr: 1, data: c000a2fc70)
             exe-1050282 [001] ..... 1635708.362550: sys_ptrace -> 0x0
             exe-1050282 [001] ..... 1635708.362552: sys_ptrace(request: 4204, pid: 1006b2, addr: 202, data: c000a2fc70)
             exe-1050282 [001] ..... 1635708.362554: sys_ptrace -> 0x0
             exe-1050282 [001] ..... 1635708.362575: sys_ptrace(request: 4205, pid: 1006b2, addr: 1, data: c000a2fc70)
             exe-1050282 [001] ..... 1635708.362578: sys_ptrace -> 0x0
             exe-1050282 [001] ..... 1635708.362580: sys_ptrace(request: 4205, pid: 1006b2, addr: 202, data: c000a2fc70)
             exe-1049673 [002] ..... 1635708.362588: sys_nanosleep -> 0x0
             exe-1050282 [001] ..... 1635708.362589: sys_ptrace -> 0x0
             exe-1049673 [002] ..... 1635708.362590: sys_nanosleep(rqtp: c000069f10, rmtp: 0)
             exe-1050282 [001] ..... 1635708.362591: sys_ptrace(request: 1f, pid: 1006b2, addr: 0, data: 0)
             exe-1050282 [001] ..... 1635708.362607: sys_ptrace -> 0x0
             exe-1050282 [001] ..... 1635708.362609: sys_wait4(upid: 1006b2, stat_addr: c000a2fbf4, options: 40000002, ru: 0)
             exe-1050290 [000] ..... 1635708.362633: sys_perf_event_open -> 0xffffffffffffffed
             exe-1050282 [001] ..... 1635708.362652: sys_wait4 -> 0x1006b2
             exe-1050282 [001] ..... 1635708.362654: sys_ptrace(request: 4204, pid: 1006b2, addr: 1, data: c000a2fc70)
             exe-1050282 [001] ..... 1635708.362657: sys_ptrace -> 0x0
             exe-1050282 [001] ..... 1635708.362659: sys_ptrace(request: 4204, pid: 1006b2, addr: 202, data: c000a2fc70)
             exe-1050282 [001] ..... 1635708.362661: sys_ptrace -> 0x0
             exe-1050282 [001] ..... 1635708.362666: sys_pwrite64(fd: 63, buf: 7fd66e0ea080, count: 5c, pos: 5e)
             exe-1050282 [001] ..... 1635708.362668: tracing_mark_write: perf_event_open(attr_uptr=0x55fd41ed8340, pid=167, cpu=-1, group_fd=-1, flags=0xc0c0c0c) end
             exe-1050282 [001] ..... 1635708.426699: tracing_mark_write: perf_event_open(attr_uptr=0x55fd41ed8340, pid=339, cpu=0, group_fd=-1, flags=0x4) start
             exe-1050282 [001] ..... 1635708.426700: sys_pwrite64 -> 0x57
             exe-1050282 [001] ..... 1635708.426706: sys_ptrace(request: 4205, pid: 1006b2, addr: 1, data: c000a2fc70)
             exe-1050282 [001] ..... 1635708.426708: sys_ptrace -> 0x0
             exe-1050282 [001] ..... 1635708.426710: sys_ptrace(request: 4205, pid: 1006b2, addr: 202, data: c000a2fc70)
             exe-1050282 [001] ..... 1635708.426717: sys_ptrace -> 0x0
             exe-1050282 [001] ..... 1635708.426719: sys_ptrace(request: 1f, pid: 1006b2, addr: 0, data: 0)
             exe-1050282 [001] ..... 1635708.426729: sys_ptrace -> 0x0
             exe-1050282 [001] ..... 1635708.426731: sys_wait4(upid: 1006b2, stat_addr: c000a2fbf4, options: 40000002, ru: 0)
             exe-1050290 [000] ..... 1635708.426748: sys_write -> 0x57
             exe-1050282 [001] ..... 1635708.426763: sys_wait4 -> 0x1006b2
             exe-1050282 [001] ..... 1635708.426766: sys_ptrace(request: 4204, pid: 1006b2, addr: 1, data: c000a2fc70)
             exe-1050282 [001] ..... 1635708.426768: sys_ptrace -> 0x0
             exe-1050282 [001] ..... 1635708.426769: sys_ptrace(request: 4204, pid: 1006b2, addr: 202, data: c000a2fc70)
             exe-1050282 [001] ..... 1635708.426771: sys_ptrace -> 0x0
             exe-1050282 [001] ..... 1635708.426805: sys_ptrace(request: 4205, pid: 1006b2, addr: 1, data: c000a2fc70)
             exe-1050282 [001] ..... 1635708.426808: sys_ptrace -> 0x0
             exe-1050282 [001] ..... 1635708.426810: sys_ptrace(request: 4205, pid: 1006b2, addr: 202, data: c000a2fc70)
             exe-1050282 [001] ..... 1635708.426817: sys_ptrace -> 0x0
             exe-1050282 [001] ..... 1635708.426819: sys_ptrace(request: 1f, pid: 1006b2, addr: 0, data: 0)
             exe-1049673 [003] ..... 1635708.426828: sys_nanosleep -> 0x0
             exe-1050282 [001] ..... 1635708.426829: sys_ptrace -> 0x0
             exe-1049673 [003] ..... 1635708.426830: sys_nanosleep(rqtp: c000069f10, rmtp: 0)
             exe-1050282 [001] ..... 1635708.426831: sys_wait4(upid: 1006b2, stat_addr: c000a2fbf4, options: 40000002, ru: 0)
             exe-1050290 [000] ..... 1635708.426848: sys_perf_event_open -> 0xffffffffffffffed
             exe-1050282 [001] ..... 1635708.426863: sys_wait4 -> 0x1006b2
             exe-1050282 [001] ..... 1635708.426865: sys_ptrace(request: 4204, pid: 1006b2, addr: 1, data: c000a2fc70)
             exe-1050282 [001] ..... 1635708.426867: sys_ptrace -> 0x0
             exe-1050282 [001] ..... 1635708.426869: sys_ptrace(request: 4204, pid: 1006b2, addr: 202, data: c000a2fc70)
             exe-1050282 [001] ..... 1635708.426871: sys_ptrace -> 0x0
             exe-1050282 [001] ..... 1635708.426878: sys_pwrite64(fd: 63, buf: 7fd66e0ea080, count: 55, pos: 57)
             exe-1050282 [001] ..... 1635708.426880: tracing_mark_write: perf_event_open(attr_uptr=0x55fd41ed8340, pid=339, cpu=0, group_fd=-1, flags=0x4) end
             exe-1050282 [001] ..... 1635708.508831: tracing_mark_write: perf_event_open(attr_uptr=0x55fd41ed8340, pid=339, cpu=-1, group_fd=339, flags=0x7) start
             exe-1050282 [001] ..... 1635708.508833: sys_pwrite64 -> 0x59
             exe-1050282 [001] ..... 1635708.508842: sys_ptrace(request: 4205, pid: 1006b2, addr: 1, data: c000a2fc70)
             exe-1050282 [001] ..... 1635708.508846: sys_ptrace -> 0x0
             exe-1050282 [001] ..... 1635708.508848: sys_ptrace(request: 4205, pid: 1006b2, addr: 202, data: c000a2fc70)
             exe-1050282 [001] ..... 1635708.508863: sys_ptrace -> 0x0
             exe-1050282 [001] ..... 1635708.508866: sys_ptrace(request: 1f, pid: 1006b2, addr: 0, data: 0)
             exe-1050282 [001] ..... 1635708.508876: sys_ptrace -> 0x0
             exe-1050282 [001] ..... 1635708.508879: sys_wait4(upid: 1006b2, stat_addr: c000a2fbf4, options: 40000002, ru: 0)
             exe-1050290 [001] ..... 1635708.508895: sys_write -> 0x59
             exe-1050282 [001] ..... 1635708.508927: sys_wait4 -> 0x1006b2
             exe-1050282 [001] ..... 1635708.508932: sys_ptrace(request: 4204, pid: 1006b2, addr: 1, data: c000a2fc70)
             exe-1050282 [001] ..... 1635708.508937: sys_ptrace -> 0x0
             exe-1050282 [001] ..... 1635708.508940: sys_ptrace(request: 4204, pid: 1006b2, addr: 202, data: c000a2fc70)
             exe-1050282 [001] ..... 1635708.508943: sys_ptrace -> 0x0
             exe-1050282 [001] ..... 1635708.508967: sys_ptrace(request: 4205, pid: 1006b2, addr: 1, data: c000a2fc70)
             exe-1050282 [001] ..... 1635708.508971: sys_ptrace -> 0x0
             exe-1050282 [001] ..... 1635708.508974: sys_ptrace(request: 4205, pid: 1006b2, addr: 202, data: c000a2fc70)
             exe-1050282 [001] ..... 1635708.508990: sys_ptrace -> 0x0
             exe-1050282 [001] ..... 1635708.508992: sys_ptrace(request: 1f, pid: 1006b2, addr: 0, data: 0)
             exe-1050282 [001] ..... 1635708.509029: sys_ptrace -> 0x0
             exe-1050282 [001] ..... 1635708.509032: sys_wait4(upid: 1006b2, stat_addr: c000a2fbf4, options: 40000002, ru: 0)
             exe-1050290 [001] ..... 1635708.509052: sys_perf_event_open -> 0xffffffffffffffed
             exe-1050282 [001] ..... 1635708.509082: sys_wait4 -> 0x1006b2
             exe-1050282 [001] ..... 1635708.509087: sys_ptrace(request: 4204, pid: 1006b2, addr: 1, data: c000a2fc70)
             exe-1050282 [001] ..... 1635708.509093: sys_ptrace -> 0x0
             exe-1050282 [001] ..... 1635708.509095: sys_ptrace(request: 4204, pid: 1006b2, addr: 202, data: c000a2fc70)
             exe-1050282 [001] ..... 1635708.509099: sys_ptrace -> 0x0
             exe-1050282 [001] ..... 1635708.509114: sys_pwrite64(fd: 63, buf: 7fd66e0ea080, count: 57, pos: 59)
             exe-1050282 [001] ..... 1635708.509118: tracing_mark_write: perf_event_open(attr_uptr=0x55fd41ed8340, pid=339, cpu=-1, group_fd=339, flags=0x7) end
             exe-1050282 [000] ..... 1635708.591777: tracing_mark_write: perf_event_open(attr_uptr=0x55fd41ed8340, pid=0, cpu=-1, group_fd=-1, flags=0x0) start
             exe-1050282 [000] ..... 1635708.591779: sys_pwrite64 -> 0x56
             exe-1050282 [000] ..... 1635708.591784: sys_ptrace(request: 4205, pid: 1006b2, addr: 1, data: c000a2fc70)
             exe-1050282 [000] ..... 1635708.591787: sys_ptrace -> 0x0
             exe-1050282 [000] ..... 1635708.591788: sys_ptrace(request: 4205, pid: 1006b2, addr: 202, data: c000a2fc70)
             exe-1049673 [002] ..... 1635708.591792: sys_nanosleep -> 0x0
             exe-1050282 [000] ..... 1635708.591796: sys_ptrace -> 0x0
             exe-1049673 [002] ..... 1635708.591797: sys_nanosleep(rqtp: c000069f10, rmtp: 0)
             exe-1050282 [000] ..... 1635708.591798: sys_ptrace(request: 1f, pid: 1006b2, addr: 0, data: 0)
             exe-1050282 [000] ..... 1635708.591804: sys_ptrace -> 0x0
             exe-1050282 [000] ..... 1635708.591806: sys_wait4(upid: 1006b2, stat_addr: c000a2fbf4, options: 40000002, ru: 0)
             exe-1050290 [001] ..... 1635708.591815: sys_write -> 0x56
             exe-1050282 [000] ..... 1635708.591830: sys_wait4 -> 0x1006b2
             exe-1050282 [000] ..... 1635708.591832: sys_ptrace(request: 4204, pid: 1006b2, addr: 1, data: c000a2fc70)
             exe-1050282 [000] ..... 1635708.591835: sys_ptrace -> 0x0
             exe-1050282 [000] ..... 1635708.591837: sys_ptrace(request: 4204, pid: 1006b2, addr: 202, data: c000a2fc70)
             exe-1050282 [000] ..... 1635708.591839: sys_ptrace -> 0x0
             exe-1050282 [000] ..... 1635708.591878: sys_ptrace(request: 4205, pid: 1006b2, addr: 1, data: c000a2fc70)
             exe-1050282 [000] ..... 1635708.591881: sys_ptrace -> 0x0
             exe-1050282 [000] ..... 1635708.591883: sys_ptrace(request: 4205, pid: 1006b2, addr: 202, data: c000a2fc70)
             exe-1050282 [000] ..... 1635708.591891: sys_ptrace -> 0x0
             exe-1050282 [000] ..... 1635708.591892: sys_ptrace(request: 1f, pid: 1006b2, addr: 0, data: 0)
             exe-1050282 [000] ..... 1635708.591898: sys_ptrace -> 0x0
             exe-1050282 [000] ..... 1635708.591901: sys_wait4(upid: 1006b2, stat_addr: c000a2fbf4, options: 40000002, ru: 0)
             exe-1050290 [001] ..... 1635708.591904: sys_perf_event_open -> 0xffffffffffffffed
             exe-1049673 [002] ..... 1635708.591907: sys_nanosleep -> 0x0
             exe-1049673 [002] ..... 1635708.591912: sys_nanosleep(rqtp: c000069f10, rmtp: 0)
             exe-1050282 [000] ..... 1635708.591922: sys_wait4 -> 0x1006b2
             exe-1050282 [000] ..... 1635708.591925: sys_ptrace(request: 4204, pid: 1006b2, addr: 1, data: c000a2fc70)
             exe-1050282 [000] ..... 1635708.591927: sys_ptrace -> 0x0
             exe-1050282 [000] ..... 1635708.591929: sys_ptrace(request: 4204, pid: 1006b2, addr: 202, data: c000a2fc70)
             exe-1050282 [000] ..... 1635708.591931: sys_ptrace -> 0x0
             exe-1050282 [000] ..... 1635708.591937: sys_pwrite64(fd: 63, buf: 7fd66e0ea080, count: 54, pos: 56)
             exe-1050282 [000] ..... 1635708.591939: tracing_mark_write: perf_event_open(attr_uptr=0x55fd41ed8340, pid=0, cpu=-1, group_fd=-1, flags=0x0) end
             exe-1050282 [000] ..... 1635708.657497: tracing_mark_write: perf_event_open(attr_uptr=0x55fd41ed8340, pid=50036, cpu=-1, group_fd=-1, flags=0xffff0000) start
             exe-1050282 [000] ..... 1635708.657498: sys_pwrite64 -> 0x61
             exe-1049567 [001] ..... 1635708.657499: sys_nanosleep -> 0x0
             exe-1050282 [000] ..... 1635708.657503: sys_ptrace(request: 4205, pid: 1006b2, addr: 1, data: c000a2fc70)
             exe-1049567 [001] ..... 1635708.657505: sys_nanosleep(rqtp: c000069f10, rmtp: 0)
             exe-1050282 [000] ..... 1635708.657505: sys_ptrace -> 0x0
             exe-1050282 [000] ..... 1635708.657507: sys_ptrace(request: 4205, pid: 1006b2, addr: 202, data: c000a2fc70)
             exe-1050282 [000] ..... 1635708.657514: sys_ptrace -> 0x0
             exe-1050282 [000] ..... 1635708.657516: sys_ptrace(request: 1f, pid: 1006b2, addr: 0, data: 0)
             exe-1050282 [000] ..... 1635708.657528: sys_ptrace -> 0x0
             exe-1050282 [000] ..... 1635708.657530: sys_wait4(upid: 1006b2, stat_addr: c000a2fbf4, options: 40000002, ru: 0)
             exe-1050290 [001] ..... 1635708.657546: sys_write -> 0x61
             exe-1049673 [002] ..... 1635708.657548: sys_nanosleep -> 0x0
             exe-1049673 [002] ..... 1635708.657550: sys_nanosleep(rqtp: c000069f10, rmtp: 0)
             exe-1050282 [000] ..... 1635708.657571: sys_wait4 -> 0x1006b2
             exe-1050282 [000] ..... 1635708.657573: sys_ptrace(request: 4204, pid: 1006b2, addr: 1, data: c000a2fc70)
             exe-1050282 [000] ..... 1635708.657576: sys_ptrace -> 0x0
             exe-1050282 [000] ..... 1635708.657577: sys_ptrace(request: 4204, pid: 1006b2, addr: 202, data: c000a2fc70)
             exe-1050282 [000] ..... 1635708.657579: sys_ptrace -> 0x0
             exe-1050282 [000] ..... 1635708.657598: sys_ptrace(request: 4205, pid: 1006b2, addr: 1, data: c000a2fc70)
             exe-1049567 [001] ..... 1635708.657606: sys_nanosleep -> 0x0
             exe-1050282 [000] ..... 1635708.657606: sys_ptrace -> 0x0
             exe-1050282 [000] ..... 1635708.657608: sys_ptrace(request: 4205, pid: 1006b2, addr: 202, data: c000a2fc70)
             exe-1049567 [001] ..... 1635708.657611: sys_nanosleep(rqtp: c000069f10, rmtp: 0)
             exe-1050282 [000] ..... 1635708.657615: sys_ptrace -> 0x0
             exe-1050282 [000] ..... 1635708.657617: sys_ptrace(request: 1f, pid: 1006b2, addr: 0, data: 0)
             exe-1050282 [000] ..... 1635708.657623: sys_ptrace -> 0x0
             exe-1050282 [000] ..... 1635708.657625: sys_wait4(upid: 1006b2, stat_addr: c000a2fbf4, options: 40000002, ru: 0)
             exe-1049673 [002] ..... 1635708.657640: sys_nanosleep -> 0x0
             exe-1049673 [002] ..... 1635708.657642: sys_nanosleep(rqtp: c000069f10, rmtp: 0)
             exe-1050290 [001] ..... 1635708.657642: sys_perf_event_open -> 0xffffffffffffffed
             exe-1050282 [000] ..... 1635708.657667: sys_wait4 -> 0x1006b2
             exe-1050282 [000] ..... 1635708.657670: sys_ptrace(request: 4204, pid: 1006b2, addr: 1, data: c000a2fc70)
             exe-1050282 [000] ..... 1635708.657672: sys_ptrace -> 0x0
             exe-1050282 [000] ..... 1635708.657674: sys_ptrace(request: 4204, pid: 1006b2, addr: 202, data: c000a2fc70)
             exe-1050282 [000] ..... 1635708.657676: sys_ptrace -> 0x0
             exe-1050282 [000] ..... 1635708.657682: sys_pwrite64(fd: 63, buf: 7fd66e0ea080, count: 5f, pos: 61)
             exe-1050282 [000] ..... 1635708.657684: tracing_mark_write: perf_event_open(attr_uptr=0x55fd41ed8340, pid=50036, cpu=-1, group_fd=-1, flags=0xffff0000) end
             exe-1050282 [000] ..... 1635708.726564: tracing_mark_write: perf_event_open(attr_uptr=0x55fd41ed8340, pid=50036, cpu=-1, group_fd=-1, flags=0x9) start
             exe-1050282 [000] ..... 1635708.726565: sys_pwrite64 -> 0x5a
             exe-1049673 [002] ..... 1635708.726568: sys_nanosleep(rqtp: c000069f10, rmtp: 0)
             exe-1050282 [000] ..... 1635708.726570: sys_ptrace(request: 4205, pid: 1006b2, addr: 1, data: c000a2fc70)
             exe-1050282 [000] ..... 1635708.726573: sys_ptrace -> 0x0
             exe-1050282 [000] ..... 1635708.726574: sys_ptrace(request: 4205, pid: 1006b2, addr: 202, data: c000a2fc70)
             exe-1050282 [000] ..... 1635708.726582: sys_ptrace -> 0x0
             exe-1050282 [000] ..... 1635708.726584: sys_ptrace(request: 1f, pid: 1006b2, addr: 0, data: 0)
             exe-1050282 [000] ..... 1635708.726590: sys_ptrace -> 0x0
             exe-1050282 [000] ..... 1635708.726592: sys_wait4(upid: 1006b2, stat_addr: c000a2fbf4, options: 40000002, ru: 0)
             exe-1050290 [001] ..... 1635708.726608: sys_write -> 0x5a
             exe-1050282 [000] ..... 1635708.726635: sys_wait4 -> 0x1006b2
             exe-1050282 [000] ..... 1635708.726638: sys_ptrace(request: 4204, pid: 1006b2, addr: 1, data: c000a2fc70)
             exe-1049567 [001] ..... 1635708.726647: sys_nanosleep -> 0x0
             exe-1050282 [000] ..... 1635708.726648: sys_ptrace -> 0x0
             exe-1050282 [000] ..... 1635708.726650: sys_ptrace(request: 4204, pid: 1006b2, addr: 202, data: c000a2fc70)
             exe-1050282 [000] ..... 1635708.726652: sys_ptrace -> 0x0
             exe-1049567 [001] ..... 1635708.726652: sys_nanosleep(rqtp: c000069f10, rmtp: 0)
             exe-1050282 [000] ..... 1635708.726671: sys_ptrace(request: 4205, pid: 1006b2, addr: 1, data: c000a2fc70)
             exe-1049673 [002] ..... 1635708.726673: sys_nanosleep -> 0x0
             exe-1050282 [000] ..... 1635708.726673: sys_ptrace -> 0x0
             exe-1050282 [000] ..... 1635708.726675: sys_ptrace(request: 4205, pid: 1006b2, addr: 202, data: c000a2fc70)
             exe-1049673 [002] ..... 1635708.726678: sys_nanosleep(rqtp: c000069f10, rmtp: 0)
             exe-1050282 [000] ..... 1635708.726682: sys_ptrace -> 0x0
             exe-1050282 [000] ..... 1635708.726683: sys_ptrace(request: 1f, pid: 1006b2, addr: 0, data: 0)
             exe-1050282 [000] ..... 1635708.726690: sys_ptrace -> 0x0
             exe-1050282 [000] ..... 1635708.726692: sys_wait4(upid: 1006b2, stat_addr: c000a2fbf4, options: 40000002, ru: 0)
             exe-1050290 [001] ..... 1635708.726703: sys_perf_event_open -> 0xffffffffffffffed
             exe-1050282 [000] ..... 1635708.726727: sys_wait4 -> 0x1006b2
             exe-1050282 [000] ..... 1635708.726730: sys_ptrace(request: 4204, pid: 1006b2, addr: 1, data: c000a2fc70)
             exe-1050282 [000] ..... 1635708.726732: sys_ptrace -> 0x0
             exe-1050282 [000] ..... 1635708.726734: sys_ptrace(request: 4204, pid: 1006b2, addr: 202, data: c000a2fc70)
             exe-1050282 [000] ..... 1635708.726737: sys_ptrace -> 0x0
             exe-1050282 [000] ..... 1635708.726743: sys_pwrite64(fd: 63, buf: 7fd66e0ea080, count: 58, pos: 5a)
             exe-1050282 [000] ..... 1635708.726745: tracing_mark_write: perf_event_open(attr_uptr=0x55fd41ed8340, pid=50036, cpu=-1, group_fd=-1, flags=0x9) end
             exe-1050282 [000] ..... 1635708.791104: tracing_mark_write: perf_event_open(attr_uptr=0x55fd41ed8340, pid=-1, cpu=-1, group_fd=-1, flags=0xa) start
             exe-1050282 [000] ..... 1635708.791106: sys_pwrite64 -> 0x57
             exe-1050282 [000] ..... 1635708.791111: sys_ptrace(request: 4205, pid: 1006b2, addr: 1, data: c000a2fc70)
             exe-1050282 [000] ..... 1635708.791114: sys_ptrace -> 0x0
             exe-1050282 [000] ..... 1635708.791115: sys_ptrace(request: 4205, pid: 1006b2, addr: 202, data: c000a2fc70)
             exe-1049673 [002] ..... 1635708.791122: sys_nanosleep -> 0x0
             exe-1050282 [000] ..... 1635708.791123: sys_ptrace -> 0x0
             exe-1050282 [000] ..... 1635708.791125: sys_ptrace(request: 1f, pid: 1006b2, addr: 0, data: 0)
             exe-1049673 [002] ..... 1635708.791128: sys_nanosleep(rqtp: c000069f10, rmtp: 0)
             exe-1050282 [000] ..... 1635708.791139: sys_ptrace -> 0x0
             exe-1050282 [000] ..... 1635708.791142: sys_wait4(upid: 1006b2, stat_addr: c000a2fbf4, options: 40000002, ru: 0)
             exe-1050290 [001] ..... 1635708.791175: sys_write -> 0x57
             exe-1049567 [001] ..... 1635708.791195: sys_nanosleep -> 0x0
             exe-1050282 [000] ..... 1635708.791198: sys_wait4 -> 0x1006b2
             exe-1050282 [000] ..... 1635708.791200: sys_ptrace(request: 4204, pid: 1006b2, addr: 1, data: c000a2fc70)
             exe-1049567 [001] ..... 1635708.791202: sys_nanosleep(rqtp: c000069f10, rmtp: 0)
             exe-1050282 [000] ..... 1635708.791203: sys_ptrace -> 0x0
             exe-1050282 [000] ..... 1635708.791204: sys_ptrace(request: 4204, pid: 1006b2, addr: 202, data: c000a2fc70)
             exe-1050282 [000] ..... 1635708.791207: sys_ptrace -> 0x0
             exe-1050282 [000] ..... 1635708.791225: sys_ptrace(request: 4205, pid: 1006b2, addr: 1, data: c000a2fc70)
             exe-1050282 [000] ..... 1635708.791228: sys_ptrace -> 0x0
             exe-1050282 [000] ..... 1635708.791229: sys_ptrace(request: 4205, pid: 1006b2, addr: 202, data: c000a2fc70)
             exe-1050282 [000] ..... 1635708.791237: sys_ptrace -> 0x0
             exe-1050282 [000] ..... 1635708.791239: sys_ptrace(request: 1f, pid: 1006b2, addr: 0, data: 0)
             exe-1050282 [000] ..... 1635708.791246: sys_ptrace -> 0x0
             exe-1050282 [000] ..... 1635708.791248: sys_wait4(upid: 1006b2, stat_addr: c000a2fbf4, options: 40000002, ru: 0)
             exe-1050290 [001] ..... 1635708.791262: sys_perf_event_open -> 0xffffffffffffffed
             exe-1050282 [000] ..... 1635708.791287: sys_wait4 -> 0x1006b2
             exe-1050282 [000] ..... 1635708.791289: sys_ptrace(request: 4204, pid: 1006b2, addr: 1, data: c000a2fc70)
             exe-1050282 [000] ..... 1635708.791292: sys_ptrace -> 0x0
             exe-1050282 [000] ..... 1635708.791294: sys_ptrace(request: 4204, pid: 1006b2, addr: 202, data: c000a2fc70)
             exe-1050282 [000] ..... 1635708.791296: sys_ptrace -> 0x0
             exe-1050282 [000] ..... 1635708.791301: sys_pwrite64(fd: 63, buf: 7fd66e0ea080, count: 55, pos: 57)
             exe-1050282 [000] ..... 1635708.791303: tracing_mark_write: perf_event_open(attr_uptr=0x55fd41ed8340, pid=-1, cpu=-1, group_fd=-1, flags=0xa) end
             exe-1050282 [003] ..... 1635708.859346: tracing_mark_write: perf_event_open(attr_uptr=0x55fd41ed8340, pid=21, cpu=0, group_fd=21, flags=0xe) start
             exe-1050282 [003] ..... 1635708.859348: sys_pwrite64 -> 0x56
             exe-1050282 [003] ..... 1635708.859355: sys_ptrace(request: 4205, pid: 1006b2, addr: 1, data: c000a2fc70)
             exe-1050282 [003] ..... 1635708.859386: sys_ptrace -> 0x0
             exe-1050282 [003] ..... 1635708.859388: sys_ptrace(request: 4205, pid: 1006b2, addr: 202, data: c000a2fc70)
             exe-1050282 [003] ..... 1635708.859405: sys_ptrace -> 0x0
             exe-1050282 [003] ..... 1635708.859407: sys_ptrace(request: 1f, pid: 1006b2, addr: 0, data: 0)
             exe-1050282 [003] ..... 1635708.859410: sys_ptrace -> 0x0
             exe-1050282 [003] ..... 1635708.859412: sys_wait4(upid: 1006b2, stat_addr: c000a2fbf4, options: 40000002, ru: 0)
             exe-1050290 [003] ..... 1635708.859428: sys_write -> 0x56
             exe-1049673 [003] ..... 1635708.859452: sys_nanosleep -> 0x0
             exe-1049673 [003] ..... 1635708.859458: sys_nanosleep(rqtp: c000069f10, rmtp: 0)
             exe-1049567 [001] ..... 1635708.859459: sys_nanosleep -> 0x0
             exe-1049567 [001] ..... 1635708.859466: sys_nanosleep(rqtp: c000069f10, rmtp: 0)
             exe-1050282 [003] ..... 1635708.859486: sys_wait4 -> 0x1006b2
             exe-1050282 [003] ..... 1635708.859492: sys_ptrace(request: 4204, pid: 1006b2, addr: 1, data: c000a2fc70)
             exe-1050282 [003] ..... 1635708.859498: sys_ptrace -> 0x0
             exe-1050282 [003] ..... 1635708.859499: sys_ptrace(request: 4204, pid: 1006b2, addr: 202, data: c000a2fc70)
             exe-1050282 [003] ..... 1635708.859502: sys_ptrace -> 0x0
             exe-1050282 [003] ..... 1635708.859523: sys_ptrace(request: 4205, pid: 1006b2, addr: 1, data: c000a2fc70)
             exe-1050282 [003] ..... 1635708.859526: sys_ptrace -> 0x0
             exe-1050282 [003] ..... 1635708.859527: sys_ptrace(request: 4205, pid: 1006b2, addr: 202, data: c000a2fc70)
             exe-1050282 [003] ..... 1635708.859573: sys_ptrace -> 0x0
             exe-1050282 [003] ..... 1635708.859575: sys_ptrace(request: 1f, pid: 1006b2, addr: 0, data: 0)
             exe-1050282 [003] ..... 1635708.859578: sys_ptrace -> 0x0
             exe-1050282 [003] ..... 1635708.859581: sys_wait4(upid: 1006b2, stat_addr: c000a2fbf4, options: 40000002, ru: 0)
             exe-1050290 [003] ..... 1635708.859596: sys_perf_event_open -> 0xffffffffffffffed
             exe-1049673 [003] ..... 1635708.859621: sys_nanosleep -> 0x0
             exe-1049673 [003] ..... 1635708.859627: sys_nanosleep(rqtp: c000069f10, rmtp: 0)
             exe-1050282 [003] ..... 1635708.859683: sys_wait4 -> 0x1006b2
             exe-1050282 [003] ..... 1635708.859690: sys_ptrace(request: 4204, pid: 1006b2, addr: 1, data: c000a2fc70)
             exe-1050282 [003] ..... 1635708.859695: sys_ptrace -> 0x0
             exe-1050282 [003] ..... 1635708.859697: sys_ptrace(request: 4204, pid: 1006b2, addr: 202, data: c000a2fc70)
             exe-1050282 [003] ..... 1635708.859699: sys_ptrace -> 0x0
             exe-1050282 [003] ..... 1635708.859714: sys_pwrite64(fd: 63, buf: 7fd66e0ea080, count: 54, pos: 56)
             exe-1050282 [003] ..... 1635708.859717: tracing_mark_write: perf_event_open(attr_uptr=0x55fd41ed8340, pid=21, cpu=0, group_fd=21, flags=0xe) end
             exe-1050282 [003] ..... 1635708.931427: tracing_mark_write: perf_event_open(attr_uptr=0x55fd41ed8340, pid=50036, cpu=1, group_fd=-1, flags=0x808c0000a20250) start
             exe-1050282 [003] ..... 1635708.931428: sys_pwrite64 -> 0x66
             exe-1050282 [003] ..... 1635708.931435: sys_ptrace(request: 4205, pid: 1006b2, addr: 1, data: c000a2fc70)
             exe-1050282 [003] ..... 1635708.931438: sys_ptrace -> 0x0
             exe-1050282 [003] ..... 1635708.931439: sys_ptrace(request: 4205, pid: 1006b2, addr: 202, data: c000a2fc70)
             exe-1049673 [001] ..... 1635708.931444: sys_nanosleep -> 0x0
             exe-1049673 [001] ..... 1635708.931448: sys_futex(uaddr: 1f09dc0, op: 80, val: 0, utime: c000069eb0, uaddr2: 0, val3: 0)
             exe-1050282 [003] ..... 1635708.931450: sys_ptrace -> 0x0
             exe-1050282 [003] ..... 1635708.931452: sys_ptrace(request: 1f, pid: 1006b2, addr: 0, data: 0)
             exe-1050282 [003] .N... 1635708.931460: sys_ptrace -> 0x0
             exe-1050290 [003] ..... 1635708.931471: sys_write -> 0x66
             exe-1050282 [003] ..... 1635708.931491: sys_wait4(upid: 1006b2, stat_addr: c000a2fbf4, options: 40000002, ru: 0)
             exe-1050282 [003] ..... 1635708.931493: sys_wait4 -> 0x1006b2
             exe-1050282 [003] ..... 1635708.931496: sys_ptrace(request: 4204, pid: 1006b2, addr: 1, data: c000a2fc70)
             exe-1050282 [003] ..... 1635708.931500: sys_ptrace -> 0x0
             exe-1050282 [003] ..... 1635708.931501: sys_ptrace(request: 4204, pid: 1006b2, addr: 202, data: c000a2fc70)
             exe-1050282 [003] ..... 1635708.931504: sys_ptrace -> 0x0
             exe-1050282 [003] ..... 1635708.931522: sys_ptrace(request: 4205, pid: 1006b2, addr: 1, data: c000a2fc70)
             exe-1050282 [003] ..... 1635708.931525: sys_ptrace -> 0x0
             exe-1050282 [003] ..... 1635708.931527: sys_ptrace(request: 4205, pid: 1006b2, addr: 202, data: c000a2fc70)
             exe-1050282 [003] ..... 1635708.931537: sys_ptrace -> 0x0
             exe-1050282 [003] ..... 1635708.931539: sys_ptrace(request: 1f, pid: 1006b2, addr: 0, data: 0)
             exe-1050282 [003] .N... 1635708.931547: sys_ptrace -> 0x0
             exe-1050290 [003] ..... 1635708.931559: sys_perf_event_open -> 0xffffffffffffffed
             exe-1050282 [003] ..... 1635708.931579: sys_wait4(upid: 1006b2, stat_addr: c000a2fbf4, options: 40000002, ru: 0)
             exe-1050282 [003] ..... 1635708.931581: sys_wait4 -> 0x1006b2
             exe-1050282 [003] ..... 1635708.931584: sys_ptrace(request: 4204, pid: 1006b2, addr: 1, data: c000a2fc70)
             exe-1050282 [003] ..... 1635708.931588: sys_ptrace -> 0x0
             exe-1050282 [003] ..... 1635708.931590: sys_ptrace(request: 4204, pid: 1006b2, addr: 202, data: c000a2fc70)
             exe-1050282 [003] ..... 1635708.931592: sys_ptrace -> 0x0
             exe-1050282 [003] ..... 1635708.931603: sys_pwrite64(fd: 63, buf: 7fd66e0ea080, count: 64, pos: 66)
             exe-1050282 [003] ..... 1635708.931605: tracing_mark_write: perf_event_open(attr_uptr=0x55fd41ed8340, pid=50036, cpu=1, group_fd=-1, flags=0x808c0000a20250) end
             exe-1050282 [003] ..... 1635709.016408: tracing_mark_write: perf_event_open(attr_uptr=0x55fd41ed8340, pid=0, cpu=2, group_fd=288, flags=0x4000) start
             exe-1050282 [003] ..... 1635709.016410: sys_pwrite64 -> 0x59
             exe-1050282 [003] ..... 1635709.016419: sys_ptrace(request: 4205, pid: 1006b2, addr: 1, data: c000a2fc70)
             exe-1050282 [003] ..... 1635709.016423: sys_ptrace -> 0x0
             exe-1050282 [003] ..... 1635709.016425: sys_ptrace(request: 4205, pid: 1006b2, addr: 202, data: c000a2fc70)
             exe-1050282 [003] ..... 1635709.016440: sys_ptrace -> 0x0
             exe-1050282 [003] ..... 1635709.016442: sys_ptrace(request: 1f, pid: 1006b2, addr: 0, data: 0)
             exe-1050282 [003] .N... 1635709.016451: sys_ptrace -> 0x0
             exe-1050290 [003] ..... 1635709.016463: sys_write -> 0x59
             exe-1050282 [003] ..... 1635709.016490: sys_wait4(upid: 1006b2, stat_addr: c000a2fbf4, options: 40000002, ru: 0)
             exe-1050282 [003] ..... 1635709.016494: sys_wait4 -> 0x1006b2
             exe-1050282 [003] ..... 1635709.016497: sys_ptrace(request: 4204, pid: 1006b2, addr: 1, data: c000a2fc70)
             exe-1050282 [003] ..... 1635709.016502: sys_ptrace -> 0x0
             exe-1050282 [003] ..... 1635709.016504: sys_ptrace(request: 4204, pid: 1006b2, addr: 202, data: c000a2fc70)
             exe-1050282 [003] ..... 1635709.016507: sys_ptrace -> 0x0
             exe-1050232 [002] ..... 1635709.016550: sys_epoll_pwait -> 0x0
             exe-1050232 [002] ..... 1635709.016563: sys_epoll_pwait(epfd: 11, events: c000693840, maxevents: 80, timeout: 1, sigmask: 0, sigsetsize: 0)
             exe-1050282 [003] ..... 1635709.016575: sys_ptrace(request: 4205, pid: 1006b2, addr: 1, data: c000a2fc70)
             exe-1050282 [003] ..... 1635709.016581: sys_ptrace -> 0x0
             exe-1050282 [003] ..... 1635709.016584: sys_ptrace(request: 4205, pid: 1006b2, addr: 202, data: c000a2fc70)
             exe-1050282 [003] ..... 1635709.016602: sys_ptrace -> 0x0
             exe-1050282 [003] ..... 1635709.016604: sys_ptrace(request: 1f, pid: 1006b2, addr: 0, data: 0)
             exe-1050282 [003] .N... 1635709.016615: sys_ptrace -> 0x0
             exe-1050290 [003] ..... 1635709.016629: sys_perf_event_open -> 0xffffffffffffffed
             exe-1050282 [003] ..... 1635709.016659: sys_wait4(upid: 1006b2, stat_addr: c000a2fbf4, options: 40000002, ru: 0)
