             exe-1049673 [001] ..... 1635834.426907: sys_nanosleep -> 0x0
             exe-1050282 [003] ..... 1635834.426907: sys_ptrace -> 0x0
             exe-1050282 [003] ..... 1635834.426909: sys_ptrace(request: 4204, pid: 1006c5, addr: 202, data: c0022e7c70)
             exe-1050282 [003] ..... 1635834.426912: sys_ptrace -> 0x0
             exe-1049673 [001] ..... 1635834.426913: sys_nanosleep(rqtp: c000069f10, rmtp: 0)
             exe-1050282 [003] ..... 1635834.426926: sys_pwrite64(fd: 63, buf: 7fd66f96f080, count: 59, pos: 5b)
             exe-1050282 [003] ..... 1635834.426928: tracing_mark_write: preadv2(fd=275, vec=0x5577380224b0, vlen=1, pos_l=219, pos_h=0x355cfad52d, flags=0x3) end
             exe-1050282 [002] ..... 1635834.519026: tracing_mark_write: preadv2(fd=275, vec=0x557737fe3710, vlen=69, pos_l=0xffffefff, pos_h=189, flags=0x3) start
             exe-1050282 [002] ..... 1635834.519028: sys_pwrite64 -> 0x5a
             exe-1050282 [002] ..... 1635834.519032: sys_ptrace(request: 4205, pid: 1006c5, addr: 1, data: c0022e7c70)
             exe-1050282 [002] ..... 1635834.519035: sys_ptrace -> 0x0
             exe-1050282 [002] ..... 1635834.519036: sys_ptrace(request: 4205, pid: 1006c5, addr: 202, data: c0022e7c70)
             exe-1050282 [002] ..... 1635834.519043: sys_ptrace -> 0x0
             exe-1050282 [002] ..... 1635834.519045: sys_ptrace(request: 1f, pid: 1006c5, addr: 0, data: 0)
             exe-1050282 [002] ..... 1635834.519055: sys_ptrace -> 0x0
             exe-1050282 [002] ..... 1635834.519056: sys_wait4(upid: 1006c5, stat_addr: c0022e7bf4, options: 40000002, ru: 0)
             exe-1050309 [000] ..... 1635834.519065: sys_write -> 0x5a
             exe-1050282 [002] ..... 1635834.519080: sys_wait4 -> 0x1006c5
             exe-1050282 [002] ..... 1635834.519082: sys_ptrace(request: 4204, pid: 1006c5, addr: 1, data: c0022e7c70)
             exe-1050282 [002] ..... 1635834.519084: sys_ptrace -> 0x0
             exe-1050282 [002] ..... 1635834.519086: sys_ptrace(request: 4204, pid: 1006c5, addr: 202, data: c0022e7c70)
             exe-1050282 [002] ..... 1635834.519088: sys_ptrace -> 0x0
             exe-1050282 [002] ..... 1635834.519150: sys_ptrace(request: 4205, pid: 1006c5, addr: 1, data: c0022e7c70)
             exe-1050282 [002] ..... 1635834.519153: sys_ptrace -> 0x0
             exe-1050282 [002] ..... 1635834.519154: sys_ptrace(request: 4205, pid: 1006c5, addr: 202, data: c0022e7c70)
             exe-1050282 [002] ..... 1635834.519163: sys_ptrace -> 0x0
             exe-1050282 [002] ..... 1635834.519165: sys_ptrace(request: 1f, pid: 1006c5, addr: 0, data: 0)
             exe-1050282 [002] ..... 1635834.519175: sys_ptrace -> 0x0
             exe-1050282 [002] ..... 1635834.519177: sys_wait4(upid: 1006c5, stat_addr: c0022e7bf4, options: 40000002, ru: 0)
             exe-1050309 [000] ..... 1635834.519185: sys_preadv2 -> 0xffffffffffffffe3
             exe-1050282 [002] ..... 1635834.519201: sys_wait4 -> 0x1006c5
             exe-1050282 [002] ..... 1635834.519204: sys_ptrace(request: 4204, pid: 1006c5, addr: 1, data: c0022e7c70)
             exe-1050282 [002] ..... 1635834.519206: sys_ptrace -> 0x0
             exe-1050282 [002] ..... 1635834.519208: sys_ptrace(request: 4204, pid: 1006c5, addr: 202, data: c0022e7c70)
             exe-1050282 [002] ..... 1635834.519210: sys_ptrace -> 0x0
             exe-1050282 [002] ..... 1635834.519217: sys_pwrite64(fd: 63, buf: 7fd66f96f080, count: 58, pos: 5a)
             exe-1050282 [002] ..... 1635834.519219: tracing_mark_write: preadv2(fd=275, vec=0x557737fe3710, vlen=69, pos_l=0xffffefff, pos_h=189, flags=0x3) end
             exe-1050282 [002] ..... 1635834.585970: tracing_mark_write: preadv2(fd=275, vec=0x5577380224b0, vlen=1, pos_l=-8, pos_h=0x844082167806448, flags=0x3) start
             exe-1050282 [002] ..... 1635834.585972: sys_pwrite64 -> 0x5f
             exe-1049673 [003] ..... 1635834.585975: sys_nanosleep(rqtp: c000069f10, rmtp: 0)
             exe-1050282 [002] ..... 1635834.586050: sys_ptrace(request: 4205, pid: 1006c5, addr: 1, data: c0022e7c70)
             exe-1050282 [002] ..... 1635834.586055: sys_ptrace -> 0x0
             exe-1050282 [002] ..... 1635834.586056: sys_ptrace(request: 4205, pid: 1006c5, addr: 202, data: c0022e7c70)
             exe-1049673 [003] ..... 1635834.586068: sys_nanosleep -> 0x0
             exe-1050282 [002] ..... 1635834.586070: sys_ptrace -> 0x0
             exe-1049673 [003] ..... 1635834.586072: sys_nanosleep(rqtp: c000069f10, rmtp: 0)
             exe-1050282 [002] ..... 1635834.586072: sys_ptrace(request: 1f, pid: 1006c5, addr: 0, data: 0)
             exe-1050282 [002] ..... 1635834.586088: sys_ptrace -> 0x0
             exe-1050282 [002] ..... 1635834.586091: sys_wait4(upid: 1006c5, stat_addr: c0022e7bf4, options: 40000002, ru: 0)
             exe-1050309 [000] ..... 1635834.586099: sys_write -> 0x5f
             exe-1049673 [003] ..... 1635834.586158: sys_nanosleep -> 0x0
             exe-1049673 [003] ..... 1635834.586160: sys_nanosleep(rqtp: c000069f10, rmtp: 0)
             exe-1050282 [002] ..... 1635834.586172: sys_wait4 -> 0x1006c5
             exe-1050282 [002] ..... 1635834.586178: sys_ptrace(request: 4204, pid: 1006c5, addr: 1, data: c0022e7c70)
             exe-1050282 [002] ..... 1635834.586183: sys_ptrace -> 0x0
             exe-1050282 [002] ..... 1635834.586185: sys_ptrace(request: 4204, pid: 1006c5, addr: 202, data: c0022e7c70)
             exe-1050282 [002] ..... 1635834.586188: sys_ptrace -> 0x0
             exe-1050282 [002] ..... 1635834.586198: sys_ptrace(request: 4205, pid: 1006c5, addr: 1, data: c0022e7c70)
             exe-1050282 [002] ..... 1635834.586200: sys_ptrace -> 0x0
             exe-1050282 [002] ..... 1635834.586202: sys_ptrace(request: 4205, pid: 1006c5, addr: 202, data: c0022e7c70)
             exe-1050282 [002] ..... 1635834.586214: sys_ptrace -> 0x0
             exe-1050282 [002] ..... 1635834.586216: sys_ptrace(request: 1f, pid: 1006c5, addr: 0, data: 0)
             exe-1050282 [002] ..... 1635834.586231: sys_ptrace -> 0x0
             exe-1050282 [002] ..... 1635834.586234: sys_wait4(upid: 1006c5, stat_addr: c0022e7bf4, options: 40000002, ru: 0)
             exe-1050309 [000] ..... 1635834.586241: sys_preadv2 -> 0xffffffffffffffea
             exe-1049673 [003] ..... 1635834.586246: sys_nanosleep -> 0x0
             exe-1049673 [003] ..... 1635834.586248: sys_nanosleep(rqtp: c000069f10, rmtp: 0)
             exe-1050282 [002] ..... 1635834.586259: sys_wait4 -> 0x1006c5
             exe-1050282 [002] ..... 1635834.586262: sys_ptrace(request: 4204, pid: 1006c5, addr: 1, data: c0022e7c70)
             exe-1050282 [002] ..... 1635834.586264: sys_ptrace -> 0x0
             exe-1050282 [002] ..... 1635834.586266: sys_ptrace(request: 4204, pid: 1006c5, addr: 202, data: c0022e7c70)
             exe-1050282 [002] ..... 1635834.586268: sys_ptrace -> 0x0
             exe-1050282 [002] .N... 1635834.586303: sys_pwrite64(fd: 63, buf: 7fd66f96f080, count: 5d, pos: 5f)
             exe-1049673 [003] ..... 1635834.586334: sys_nanosleep -> 0x0
             exe-1049673 [003] ..... 1635834.586336: sys_nanosleep(rqtp: c000069f10, rmtp: 0)
             exe-1050282 [002] ..... 1635834.586343: tracing_mark_write: preadv2(fd=275, vec=0x5577380224b0, vlen=1, pos_l=-8, pos_h=0x844082167806448, flags=0x3) end
             exe-1050282 [002] ..... 1635834.682058: tracing_mark_write: preadv2(fd=275, vec=0x557737fe3710, vlen=70, pos_l=69, pos_h=-8, flags=0x3) start
             exe-1050282 [002] ..... 1635834.682060: sys_pwrite64 -> 0x51
             exe-1049673 [001] ..... 1635834.682062: sys_futex(uaddr: c000383948, op: 81, val: 1, utime: 0, uaddr2: 0, val3: 0)
             exe-1049673 [001] .N... 1635834.682066: sys_futex -> 0x1
             exe-1050282 [002] ..... 1635834.682066: sys_ptrace(request: 4205, pid: 1006c5, addr: 1, data: c0022e7c70)
             exe-1050525 [001] ..... 1635834.682068: sys_futex -> 0x0
             exe-1050282 [002] ..... 1635834.682068: sys_ptrace -> 0x0
             exe-1050282 [002] ..... 1635834.682070: sys_ptrace(request: 4205, pid: 1006c5, addr: 202, data: c0022e7c70)
             exe-1050525 [001] ..... 1635834.682072: sys_futex(uaddr: c000383948, op: 80, val: 0, utime: 0, uaddr2: 0, val3: 0)
             exe-1050282 [002] ..... 1635834.682078: sys_ptrace -> 0x0
             exe-1049673 [001] ..... 1635834.682078: sys_nanosleep(rqtp: c000069f10, rmtp: 0)
             exe-1050282 [002] ..... 1635834.682079: sys_ptrace(request: 1f, pid: 1006c5, addr: 0, data: 0)
             exe-1050282 [002] ..... 1635834.682090: sys_ptrace -> 0x0
             exe-1050282 [002] ..... 1635834.682092: sys_wait4(upid: 1006c5, stat_addr: c0022e7bf4, options: 40000002, ru: 0)
             exe-1050309 [000] ..... 1635834.682104: sys_write -> 0x51
             exe-1050282 [002] ..... 1635834.682120: sys_wait4 -> 0x1006c5
             exe-1050282 [002] ..... 1635834.682122: sys_ptrace(request: 4204, pid: 1006c5, addr: 1, data: c0022e7c70)
             exe-1050282 [002] ..... 1635834.682124: sys_ptrace -> 0x0
             exe-1050282 [002] ..... 1635834.682126: sys_ptrace(request: 4204, pid: 1006c5, addr: 202, data: c0022e7c70)
             exe-1050282 [002] ..... 1635834.682128: sys_ptrace -> 0x0
             exe-1049673 [001] ..... 1635834.682170: sys_nanosleep -> 0x0
             exe-1049673 [001] ..... 1635834.682173: sys_futex(uaddr: 1f09dc0, op: 80, val: 0, utime: c000069eb0, uaddr2: 0, val3: 0)
             exe-1050282 [002] ..... 1635834.682199: sys_ptrace(request: 4205, pid: 1006c5, addr: 1, data: c0022e7c70)
             exe-1050282 [002] ..... 1635834.682202: sys_ptrace -> 0x0
             exe-1050282 [002] ..... 1635834.682204: sys_ptrace(request: 4205, pid: 1006c5, addr: 202, data: c0022e7c70)
             exe-1050282 [002] ..... 1635834.682214: sys_ptrace -> 0x0
             exe-1050282 [002] ..... 1635834.682215: sys_ptrace(request: 1f, pid: 1006c5, addr: 0, data: 0)
             exe-1050282 [002] ..... 1635834.682226: sys_ptrace -> 0x0
             exe-1050282 [002] ..... 1635834.682228: sys_wait4(upid: 1006c5, stat_addr: c0022e7bf4, options: 40000002, ru: 0)
             exe-1050309 [000] ..... 1635834.682241: sys_preadv2 -> 0xffffffffffffffe3
             exe-1050282 [002] ..... 1635834.682256: sys_wait4 -> 0x1006c5
             exe-1050282 [002] ..... 1635834.682259: sys_ptrace(request: 4204, pid: 1006c5, addr: 1, data: c0022e7c70)
             exe-1050282 [002] ..... 1635834.682262: sys_ptrace -> 0x0
             exe-1050282 [002] ..... 1635834.682264: sys_ptrace(request: 4204, pid: 1006c5, addr: 202, data: c0022e7c70)
             exe-1050282 [002] ..... 1635834.682266: sys_ptrace -> 0x0
             exe-1050282 [002] ..... 1635834.682273: sys_pwrite64(fd: 63, buf: 7fd66f96f080, count: 4f, pos: 51)
             exe-1050282 [002] ..... 1635834.682275: tracing_mark_write: preadv2(fd=275, vec=0x557737fe3710, vlen=70, pos_l=69, pos_h=-8, flags=0x3) end
             exe-1050282 [002] ..... 1635834.754860: tracing_mark_write: preadv2(fd=275, vec=0x5577380224b0, vlen=1, pos_l=226, pos_h=-7, flags=0x3) start
             exe-1050282 [002] ..... 1635834.754862: sys_pwrite64 -> 0x51
             exe-1050282 [002] ..... 1635834.754871: sys_ptrace(request: 4205, pid: 1006c5, addr: 1, data: c0022e7c70)
             exe-1049981 [001] ..... 1635834.754872: sys_epoll_pwait(epfd: 11, events: c00063b840, maxevents: 80, timeout: 1, sigmask: 0, sigsetsize: 0)
             exe-1050282 [002] ..... 1635834.754875: sys_ptrace -> 0x0
             exe-1050282 [002] ..... 1635834.754876: sys_ptrace(request: 4205, pid: 1006c5, addr: 202, data: c0022e7c70)
             exe-1050282 [002] ..... 1635834.754891: sys_ptrace -> 0x0
             exe-1050282 [002] ..... 1635834.754892: sys_ptrace(request: 1f, pid: 1006c5, addr: 0, data: 0)
             exe-1050282 [002] .N... 1635834.754901: sys_ptrace -> 0x0
             exe-1050309 [002] ..... 1635834.754916: sys_write -> 0x51
             exe-1050282 [002] ..... 1635834.754942: sys_wait4(upid: 1006c5, stat_addr: c0022e7bf4, options: 40000002, ru: 0)
             exe-1050282 [002] ..... 1635834.754944: sys_wait4 -> 0x1006c5
             exe-1050282 [002] ..... 1635834.754947: sys_ptrace(request: 4204, pid: 1006c5, addr: 1, data: c0022e7c70)
             exe-1050282 [002] ..... 1635834.754951: sys_ptrace -> 0x0
             exe-1050282 [002] ..... 1635834.754952: sys_ptrace(request: 4204, pid: 1006c5, addr: 202, data: c0022e7c70)
             exe-1050282 [002] ..... 1635834.754955: sys_ptrace -> 0x0
             exe-1050282 [002] ..... 1635834.754969: sys_ptrace(request: 4205, pid: 1006c5, addr: 1, data: c0022e7c70)
             exe-1050282 [002] ..... 1635834.754972: sys_ptrace -> 0x0
             exe-1050282 [002] ..... 1635834.754973: sys_ptrace(request: 4205, pid: 1006c5, addr: 202, data: c0022e7c70)
             exe-1050282 [002] ..... 1635834.754985: sys_ptrace -> 0x0
             exe-1050282 [002] ..... 1635834.754986: sys_ptrace(request: 1f, pid: 1006c5, addr: 0, data: 0)
             exe-1050282 [002] .N... 1635834.754994: sys_ptrace -> 0x0
             exe-1050309 [002] ..... 1635834.755005: sys_preadv2 -> 0xffffffffffffffe3
             exe-1050282 [002] ..... 1635834.755025: sys_wait4(upid: 1006c5, stat_addr: c0022e7bf4, options: 40000002, ru: 0)
             exe-1050282 [002] ..... 1635834.755028: sys_wait4 -> 0x1006c5
             exe-1050282 [002] ..... 1635834.755030: sys_ptrace(request: 4204, pid: 1006c5, addr: 1, data: c0022e7c70)
             exe-1050282 [002] ..... 1635834.755034: sys_ptrace -> 0x0
             exe-1050282 [002] ..... 1635834.755035: sys_ptrace(request: 4204, pid: 1006c5, addr: 202, data: c0022e7c70)
             exe-1050282 [002] ..... 1635834.755037: sys_ptrace -> 0x0
             exe-1050282 [002] ..... 1635834.755048: sys_pwrite64(fd: 63, buf: 7fd66f96f080, count: 4f, pos: 51)
             exe-1050282 [002] ..... 1635834.755050: tracing_mark_write: preadv2(fd=275, vec=0x5577380224b0, vlen=1, pos_l=226, pos_h=-7, flags=0x3) end
             exe-1050282 [002] ..... 1635834.826115: tracing_mark_write: preadv2(fd=162, vec=0x5577380224b0, vlen=1, pos_l=175, pos_h=0x1000000, flags=0x3) start
             exe-1050282 [002] ..... 1635834.826117: sys_pwrite64 -> 0x58
             exe-1050282 [002] ..... 1635834.826198: sys_ptrace(request: 4205, pid: 1006c5, addr: 1, data: c0022e7c70)
             exe-1050282 [002] ..... 1635834.826203: sys_ptrace -> 0x0
             exe-1050282 [002] ..... 1635834.826205: sys_ptrace(request: 4205, pid: 1006c5, addr: 202, data: c0022e7c70)
             exe-1050282 [002] ..... 1635834.826220: sys_ptrace -> 0x0
             exe-1050282 [002] ..... 1635834.826222: sys_ptrace(request: 1f, pid: 1006c5, addr: 0, data: 0)
             exe-1050282 [002] .N... 1635834.826229: sys_ptrace -> 0x0
             exe-1050309 [002] ..... 1635834.826316: sys_write -> 0x58
             exe-1049567 [001] ..... 1635834.826323: sys_nanosleep -> 0x0
             exe-1049567 [001] ..... 1635834.826329: sys_nanosleep(rqtp: c000069f10, rmtp: 0)
             exe-1050282 [002] ..... 1635834.826343: sys_wait4(upid: 1006c5, stat_addr: c0022e7bf4, options: 40000002, ru: 0)
             exe-1050282 [002] ..... 1635834.826346: sys_wait4 -> 0x1006c5
             exe-1050282 [002] ..... 1635834.826349: sys_ptrace(request: 4204, pid: 1006c5, addr: 1, data: c0022e7c70)
             exe-1050282 [002] ..... 1635834.826354: sys_ptrace -> 0x0
             exe-1050282 [002] ..... 1635834.826356: sys_ptrace(request: 4204, pid: 1006c5, addr: 202, data: c0022e7c70)
             exe-1050282 [002] ..... 1635834.826359: sys_ptrace -> 0x0
             exe-1050282 [002] ..... 1635834.826472: sys_ptrace(request: 4205, pid: 1006c5, addr: 1, data: c0022e7c70)
             exe-1050282 [002] ..... 1635834.826478: sys_ptrace -> 0x0
             exe-1050282 [002] ..... 1635834.826480: sys_ptrace(request: 4205, pid: 1006c5, addr: 202, data: c0022e7c70)
             exe-1050282 [002] ..... 1635834.826501: sys_ptrace -> 0x0
             exe-1050282 [002] ..... 1635834.826503: sys_ptrace(request: 1f, pid: 1006c5, addr: 0, data: 0)
             exe-1050282 [002] .N... 1635834.826534: sys_ptrace -> 0x0
             exe-1050309 [002] ..... 1635834.826578: sys_preadv2 -> 0xffffffffffffffeb
             exe-1050282 [002] ..... 1635834.826607: sys_wait4(upid: 1006c5, stat_addr: c0022e7bf4, options: 40000002, ru: 0)
             exe-1050282 [002] ..... 1635834.826611: sys_wait4 -> 0x1006c5
             exe-1050282 [002] ..... 1635834.826614: sys_ptrace(request: 4204, pid: 1006c5, addr: 1, data: c0022e7c70)
             exe-1050282 [002] ..... 1635834.826619: sys_ptrace -> 0x0
             exe-1050282 [002] ..... 1635834.826621: sys_ptrace(request: 4204, pid: 1006c5, addr: 202, data: c0022e7c70)
             exe-1050282 [002] ..... 1635834.826624: sys_ptrace -> 0x0
             exe-1049673 [001] ..... 1635834.826630: sys_nanosleep -> 0x0
             exe-1049673 [001] ..... 1635834.826638: sys_nanosleep(rqtp: c000069f10, rmtp: 0)
             exe-1050282 [002] ..... 1635834.826641: sys_pwrite64(fd: 63, buf: 7fd66f96f080, count: 56, pos: 58)
             exe-1050282 [002] ..... 1635834.826645: tracing_mark_write: preadv2(fd=162, vec=0x5577380224b0, vlen=1, pos_l=175, pos_h=0x1000000, flags=0x3) end
             exe-1050282 [002] ..... 1635834.910447: tracing_mark_write: preadv2(fd=162, vec=0x5577380224b0, vlen=1, pos_l=0xfffe7f47bebfde00, pos_h=0, flags=0x3) start
             exe-1050282 [002] ..... 1635834.910449: sys_pwrite64 -> 0x5f
             exe-1050282 [002] ..... 1635834.910459: sys_ptrace(request: 4205, pid: 1006c5, addr: 1, data: c0022e7c70)
             exe-1050282 [002] ..... 1635834.910463: sys_ptrace -> 0x0
             exe-1050282 [002] ..... 1635834.910465: sys_ptrace(request: 4205, pid: 1006c5, addr: 202, data: c0022e7c70)
             exe-1049673 [003] ..... 1635834.910514: sys_nanosleep -> 0x0
             exe-1049673 [003] ..... 1635834.910519: sys_nanosleep(rqtp: c000069f10, rmtp: 0)
             exe-1050282 [002] ..... 1635834.910552: sys_ptrace -> 0x0
             exe-1050282 [002] ..... 1635834.910557: sys_ptrace(request: 1f, pid: 1006c5, addr: 0, data: 0)
             exe-1050282 [002] ..... 1635834.910565: sys_ptrace -> 0x0
             exe-1050282 [002] ..... 1635834.910568: sys_wait4(upid: 1006c5, stat_addr: c0022e7bf4, options: 40000002, ru: 0)
             exe-1050309 [002] ..... 1635834.910584: sys_write -> 0x5f
             exe-1049673 [003] ..... 1635834.910617: sys_nanosleep -> 0x0
             exe-1049673 [003] ..... 1635834.910621: sys_nanosleep(rqtp: c000069f10, rmtp: 0)
             exe-1050282 [002] ..... 1635834.910670: sys_wait4 -> 0x1006c5
             exe-1050282 [002] ..... 1635834.910677: sys_ptrace(request: 4204, pid: 1006c5, addr: 1, data: c0022e7c70)
             exe-1050282 [002] ..... 1635834.910683: sys_ptrace -> 0x0
             exe-1050282 [002] ..... 1635834.910684: sys_ptrace(request: 4204, pid: 1006c5, addr: 202, data: c0022e7c70)
             exe-1050282 [002] ..... 1635834.910688: sys_ptrace -> 0x0
             exe-1050282 [002] ..... 1635834.910698: sys_ptrace(request: 4205, pid: 1006c5, addr: 1, data: c0022e7c70)
             exe-1050282 [002] ..... 1635834.910700: sys_ptrace -> 0x0
             exe-1050282 [002] ..... 1635834.910702: sys_ptrace(request: 4205, pid: 1006c5, addr: 202, data: c0022e7c70)
             exe-1049673 [003] ..... 1635834.910717: sys_nanosleep -> 0x0
             exe-1049673 [003] ..... 1635834.910720: sys_nanosleep(rqtp: c000069f10, rmtp: 0)
             exe-1050282 [002] ..... 1635834.910789: sys_ptrace -> 0x0
             exe-1050282 [002] ..... 1635834.910793: sys_ptrace(request: 1f, pid: 1006c5, addr: 0, data: 0)
             exe-1050282 [002] ..... 1635834.910801: sys_ptrace -> 0x0
             exe-1050282 [002] ..... 1635834.910804: sys_wait4(upid: 1006c5, stat_addr: c0022e7bf4, options: 40000002, ru: 0)
             exe-1049673 [003] ..... 1635834.910817: sys_nanosleep -> 0x0
             exe-1050309 [002] ..... 1635834.910820: sys_preadv2 -> 0xffffffffffffffea
             exe-1049673 [003] ..... 1635834.910823: sys_nanosleep(rqtp: c000069f10, rmtp: 0)
             exe-1050282 [002] ..... 1635834.910913: sys_wait4 -> 0x1006c5
             exe-1050282 [002] ..... 1635834.910920: sys_ptrace(request: 4204, pid: 1006c5, addr: 1, data: c0022e7c70)
             exe-1049673 [003] ..... 1635834.910922: sys_nanosleep -> 0x0
             exe-1049673 [003] ..... 1635834.910926: sys_nanosleep(rqtp: c000069f10, rmtp: 0)
             exe-1050282 [002] ..... 1635834.910926: sys_ptrace -> 0x0
             exe-1050282 [002] ..... 1635834.910928: sys_ptrace(request: 4204, pid: 1006c5, addr: 202, data: c0022e7c70)
             exe-1050282 [002] ..... 1635834.910932: sys_ptrace -> 0x0
             exe-1050282 [002] ..... 1635834.910949: sys_pwrite64(fd: 63, buf: 7fd66f96f080, count: 5d, pos: 5f)
             exe-1050282 [002] ..... 1635834.910952: tracing_mark_write: preadv2(fd=162, vec=0x5577380224b0, vlen=1, pos_l=0xfffe7f47bebfde00, pos_h=0, flags=0x3) end
             exe-1050282 [002] ..... 1635835.011210: tracing_mark_write: preadv2(fd=279, vec=0x557737fe3710, vlen=76, pos_l=0xffe5, pos_h=0xffffffff, flags=0x3) start
             exe-1050525 [001] ..... 1635835.011211: sys_futex -> 0x0
             exe-1050282 [002] ..... 1635835.011212: sys_pwrite64 -> 0x5d
             exe-1050282 [002] ..... 1635835.011217: sys_ptrace(request: 4205, pid: 1006c5, addr: 1, data: c0022e7c70)
             exe-1050525 [001] ..... 1635835.011220: sys_futex(uaddr: c000383948, op: 80, val: 0, utime: 0, uaddr2: 0, val3: 0)
             exe-1050282 [002] ..... 1635835.011220: sys_ptrace -> 0x0
             exe-1050282 [002] ..... 1635835.011221: sys_ptrace(request: 4205, pid: 1006c5, addr: 202, data: c0022e7c70)
             exe-1050282 [002] ..... 1635835.011232: sys_ptrace -> 0x0
             exe-1050282 [002] ..... 1635835.011233: sys_ptrace(request: 1f, pid: 1006c5, addr: 0, data: 0)
             exe-1050282 [002] .N... 1635835.011240: sys_ptrace -> 0x0
             exe-1050309 [002] ..... 1635835.011250: sys_write -> 0x5d
             exe-1050282 [002] ..... 1635835.011267: sys_wait4(upid: 1006c5, stat_addr: c0022e7bf4, options: 40000002, ru: 0)
             exe-1050282 [002] ..... 1635835.011270: sys_wait4 -> 0x1006c5
             exe-1050282 [002] ..... 1635835.011272: sys_ptrace(request: 4204, pid: 1006c5, addr: 1, data: c0022e7c70)
             exe-1050282 [002] ..... 1635835.011275: sys_ptrace -> 0x0
             exe-1050282 [002] ..... 1635835.011276: sys_ptrace(request: 4204, pid: 1006c5, addr: 202, data: c0022e7c70)
             exe-1050282 [002] ..... 1635835.011279: sys_ptrace -> 0x0
             exe-1049673 [003] ..... 1635835.011319: sys_nanosleep -> 0x0
             exe-1049673 [003] ..... 1635835.011324: sys_futex(uaddr: 1f09dc0, op: 80, val: 0, utime: c000069eb0, uaddr2: 0, val3: 0)
             exe-1050282 [002] ..... 1635835.011468: sys_ptrace(request: 4205, pid: 1006c5, addr: 1, data: c0022e7c70)
             exe-1050282 [002] ..... 1635835.011471: sys_ptrace -> 0x0
             exe-1050282 [002] ..... 1635835.011473: sys_ptrace(request: 4205, pid: 1006c5, addr: 202, data: c0022e7c70)
             exe-1050282 [002] ..... 1635835.011484: sys_ptrace -> 0x0
             exe-1050282 [002] ..... 1635835.011486: sys_ptrace(request: 1f, pid: 1006c5, addr: 0, data: 0)
             exe-1050282 [002] .N... 1635835.011495: sys_ptrace -> 0x0
             exe-1050309 [002] ..... 1635835.011507: sys_preadv2 -> 0x0
             exe-1050282 [002] ..... 1635835.011528: sys_wait4(upid: 1006c5, stat_addr: c0022e7bf4, options: 40000002, ru: 0)
             exe-1050282 [002] ..... 1635835.011531: sys_wait4 -> 0x1006c5
             exe-1050282 [002] ..... 1635835.011533: sys_ptrace(request: 4204, pid: 1006c5, addr: 1, data: c0022e7c70)
             exe-1050282 [002] ..... 1635835.011537: sys_ptrace -> 0x0
             exe-1050282 [002] ..... 1635835.011538: sys_ptrace(request: 4204, pid: 1006c5, addr: 202, data: c0022e7c70)
             exe-1050282 [002] ..... 1635835.011541: sys_ptrace -> 0x0
             exe-1050282 [002] ..... 1635835.011552: sys_pwrite64(fd: 63, buf: 7fd66f96f080, count: 5b, pos: 5d)
             exe-1050282 [002] ..... 1635835.011553: tracing_mark_write: preadv2(fd=279, vec=0x557737fe3710, vlen=76, pos_l=0xffe5, pos_h=0xffffffff, flags=0x3) end
             exe-1050282 [002] ..... 1635835.082342: tracing_mark_write: preadv2(fd=279, vec=0x5577380224b0, vlen=1, pos_l=-5, pos_h=-714, flags=0x4) start
             exe-1050282 [002] ..... 1635835.082344: sys_pwrite64 -> 0x52
             exe-1050282 [002] ..... 1635835.082353: sys_ptrace(request: 4205, pid: 1006c5, addr: 1, data: c0022e7c70)
             exe-1050282 [002] ..... 1635835.082357: sys_ptrace -> 0x0
             exe-1050282 [002] ..... 1635835.082359: sys_ptrace(request: 4205, pid: 1006c5, addr: 202, data: c0022e7c70)
             exe-1049981 [001] ..... 1635835.082437: sys_ptrace(request: 4205, pid: 10058a, addr: 1, data: c0089b3c70)
             exe-1049981 [001] ..... 1635835.082440: sys_ptrace -> 0x0
             exe-1049981 [001] ..... 1635835.082442: sys_ptrace(request: 4205, pid: 10058a, addr: 202, data: c0089b3c70)
             exe-1050282 [002] ..... 1635835.082447: sys_ptrace -> 0x0
             exe-1050282 [002] ..... 1635835.082452: sys_ptrace(request: 1f, pid: 1006c5, addr: 0, data: 0)
             exe-1049981 [001] ..... 1635835.082454: sys_ptrace -> 0x0
             exe-1049981 [001] ..... 1635835.082456: sys_ptrace(request: 1f, pid: 10058a, addr: 0, data: 0)
             exe-1050282 [002] .N... 1635835.082460: sys_ptrace -> 0x0
             exe-1049981 [001] ..... 1635835.082463: sys_ptrace -> 0x0
             exe-1049981 [001] ..... 1635835.082465: sys_wait4(upid: 10058a, stat_addr: c0089b3bf4, options: 40000002, ru: 0)
             exe-1049994 [000] ..... 1635835.082470: sys_access -> 0xfffffffffffffffe
             exe-1050309 [002] ..... 1635835.082473: sys_write -> 0x52
             exe-1049981 [001] ..... 1635835.082503: sys_wait4 -> 0x10058a
             exe-1049981 [001] ..... 1635835.082505: sys_ptrace(request: 4204, pid: 10058a, addr: 1, data: c0089b3c70)
             exe-1049981 [001] ..... 1635835.082508: sys_ptrace -> 0x0
             exe-1049981 [001] ..... 1635835.082509: sys_ptrace(request: 4204, pid: 10058a, addr: 202, data: c0089b3c70)
             exe-1049981 [001] ..... 1635835.082512: sys_ptrace -> 0x0
             exe-1050282 [002] ..... 1635835.082569: sys_wait4(upid: 1006c5, stat_addr: c0022e7bf4, options: 40000002, ru: 0)
             exe-1050282 [002] ..... 1635835.082573: sys_wait4 -> 0x1006c5
             exe-1050282 [002] ..... 1635835.082575: sys_ptrace(request: 4204, pid: 1006c5, addr: 1, data: c0022e7c70)
             exe-1050282 [002] ..... 1635835.082580: sys_ptrace -> 0x0
             exe-1050282 [002] ..... 1635835.082582: sys_ptrace(request: 4204, pid: 1006c5, addr: 202, data: c0022e7c70)
             exe-1049981 [001] ..... 1635835.082583: sys_ptrace(request: 4205, pid: 10058a, addr: 1, data: c0089b3c70)
             exe-1050282 [002] ..... 1635835.082585: sys_ptrace -> 0x0
             exe-1049981 [001] ..... 1635835.082586: sys_ptrace -> 0x0
             exe-1049981 [001] ..... 1635835.082588: sys_ptrace(request: 4205, pid: 10058a, addr: 202, data: c0089b3c70)
             exe-1050282 [002] ..... 1635835.082595: sys_ptrace(request: 4205, pid: 1006c5, addr: 1, data: c0022e7c70)
             exe-1049981 [001] ..... 1635835.082597: sys_ptrace -> 0x0
             exe-1050282 [002] ..... 1635835.082598: sys_ptrace -> 0x0
             exe-1049981 [001] ..... 1635835.082599: sys_ptrace(request: 1f, pid: 10058a, addr: 0, data: 0)
             exe-1050282 [002] ..... 1635835.082599: sys_ptrace(request: 4205, pid: 1006c5, addr: 202, data: c0022e7c70)
             exe-1049981 [001] ..... 1635835.082606: sys_ptrace -> 0x0
             exe-1049981 [001] ..... 1635835.082609: sys_wait4(upid: 10058a, stat_addr: c0089b3bf4, options: 40000002, ru: 0)
             exe-1049994 [000] ..... 1635835.082613: sys_openat -> 0x3
             exe-1049981 [001] ..... 1635835.082623: sys_wait4 -> 0x10058a
             exe-1049981 [001] ..... 1635835.082626: sys_ptrace(request: 4204, pid: 10058a, addr: 1, data: c0089b3c70)
             exe-1049981 [001] ..... 1635835.082628: sys_ptrace -> 0x0
             exe-1049981 [001] ..... 1635835.082630: sys_ptrace(request: 4204, pid: 10058a, addr: 202, data: c0089b3c70)
             exe-1049981 [001] ..... 1635835.082632: sys_ptrace -> 0x0
             exe-1049981 [001] ..... 1635835.082669: sys_ptrace(request: 4205, pid: 10058a, addr: 1, data: c0089b3c70)
             exe-1049981 [001] ..... 1635835.082672: sys_ptrace -> 0x0
             exe-1049981 [001] ..... 1635835.082673: sys_ptrace(request: 4205, pid: 10058a, addr: 202, data: c0089b3c70)
             exe-1050282 [002] ..... 1635835.082688: sys_ptrace -> 0x0
             exe-1049981 [001] ..... 1635835.082690: sys_ptrace -> 0x0
             exe-1049981 [001] ..... 1635835.082692: sys_ptrace(request: 1f, pid: 10058a, addr: 0, data: 0)
             exe-1050282 [002] ..... 1635835.082693: sys_ptrace(request: 1f, pid: 1006c5, addr: 0, data: 0)
             exe-1049981 [001] ..... 1635835.082698: sys_ptrace -> 0x0
             exe-1049981 [001] ..... 1635835.082700: sys_wait4(upid: 10058a, stat_addr: c0089b3bf4, options: 40000002, ru: 0)
             exe-1050282 [002] .N... 1635835.082701: sys_ptrace -> 0x0
             exe-1049994 [000] ..... 1635835.082705: sys_newfstatat -> 0x0
             exe-1050309 [002] ..... 1635835.082713: sys_preadv2 -> 0xffffffffffffffea
             exe-1049981 [001] ..... 1635835.082722: sys_wait4 -> 0x10058a
             exe-1049981 [001] ..... 1635835.082733: sys_ptrace(request: 4204, pid: 10058a, addr: 1, data: c0089b3c70)
             exe-1049981 [001] ..... 1635835.082736: sys_ptrace -> 0x0
             exe-1049981 [001] ..... 1635835.082738: sys_ptrace(request: 4204, pid: 10058a, addr: 202, data: c0089b3c70)
             exe-1049981 [001] ..... 1635835.082741: sys_ptrace -> 0x0
             exe-1049981 [001] ..... 1635835.082760: sys_ptrace(request: 4205, pid: 10058a, addr: 1, data: c0089b3c70)
             exe-1049981 [001] ..... 1635835.082763: sys_ptrace -> 0x0
             exe-1049981 [001] ..... 1635835.082764: sys_ptrace(request: 4205, pid: 10058a, addr: 202, data: c0089b3c70)
             exe-1049981 [001] ..... 1635835.082774: sys_ptrace -> 0x0
             exe-1049981 [001] ..... 1635835.082775: sys_ptrace(request: 1f, pid: 10058a, addr: 0, data: 0)
             exe-1049981 [001] ..... 1635835.082783: sys_ptrace -> 0x0
             exe-1049981 [001] ..... 1635835.082785: sys_wait4(upid: 10058a, stat_addr: c0089b3bf4, options: 40000002, ru: 0)
             exe-1049994 [000] ..... 1635835.082788: sys_mmap -> 0x7fd538580000
             exe-1050282 [002] ..... 1635835.082803: sys_wait4(upid: 1006c5, stat_addr: c0022e7bf4, options: 40000002, ru: 0)
             exe-1049981 [001] ..... 1635835.082806: sys_wait4 -> 0x10058a
             exe-1050282 [002] ..... 1635835.082807: sys_wait4 -> 0x1006c5
             exe-1049981 [001] ..... 1635835.082808: sys_ptrace(request: 4204, pid: 10058a, addr: 1, data: c0089b3c70)
             exe-1050282 [002] ..... 1635835.082809: sys_ptrace(request: 4204, pid: 1006c5, addr: 1, data: c0022e7c70)
             exe-1049981 [001] ..... 1635835.082810: sys_ptrace -> 0x0
             exe-1049981 [001] ..... 1635835.082812: sys_ptrace(request: 4204, pid: 10058a, addr: 202, data: c0089b3c70)
             exe-1050282 [002] ..... 1635835.082814: sys_ptrace -> 0x0
             exe-1049981 [001] ..... 1635835.082814: sys_ptrace -> 0x0
             exe-1050282 [002] ..... 1635835.082815: sys_ptrace(request: 4204, pid: 1006c5, addr: 202, data: c0022e7c70)
             exe-1050282 [002] ..... 1635835.082818: sys_ptrace -> 0x0
             exe-1049981 [001] ..... 1635835.082822: sys_ptrace(request: 4205, pid: 10058a, addr: 1, data: c0089b3c70)
             exe-1049981 [001] ..... 1635835.082824: sys_ptrace -> 0x0
             exe-1049981 [001] ..... 1635835.082825: sys_ptrace(request: 4205, pid: 10058a, addr: 202, data: c0089b3c70)
             exe-1049981 [001] ..... 1635835.082831: sys_ptrace -> 0x0
             exe-1049981 [001] ..... 1635835.082832: sys_ptrace(request: 1f, pid: 10058a, addr: 0, data: 0)
             exe-1050282 [002] ..... 1635835.082835: sys_pwrite64(fd: 63, buf: 7fd66f96f080, count: 50, pos: 52)
             exe-1049981 [001] ..... 1635835.082859: sys_ptrace -> 0x0
             exe-1049981 [001] ..... 1635835.082861: sys_wait4(upid: 10058a, stat_addr: c0089b3bf4, options: 40000002, ru: 0)
             exe-1049994 [000] ..... 1635835.082865: sys_close -> 0x0
             exe-1050282 [002] .N... 1635835.082873: tracing_mark_write: preadv2(fd=279, vec=0x5577380224b0, vlen=1, pos_l=-5, pos_h=-714, flags=0x4) end
             exe-1050282 [002] ..... 1635835.196690: tracing_mark_write: preadv2(fd=300, vec=0x557737fe3710, vlen=131, pos_l=-5, pos_h=0xffff, flags=0x4) start
             exe-1050282 [002] ..... 1635835.196691: sys_pwrite64 -> 0x56
             exe-1050282 [002] ..... 1635835.196697: sys_ptrace(request: 4205, pid: 1006c5, addr: 1, data: c0022e7c70)
             exe-1050282 [002] ..... 1635835.196699: sys_ptrace -> 0x0
             exe-1050282 [002] ..... 1635835.196700: sys_ptrace(request: 4205, pid: 1006c5, addr: 202, data: c0022e7c70)
             exe-1050282 [002] ..... 1635835.196709: sys_ptrace -> 0x0
             exe-1050282 [002] ..... 1635835.196711: sys_ptrace(request: 1f, pid: 1006c5, addr: 0, data: 0)
             exe-1050282 [002] .N... 1635835.196717: sys_ptrace -> 0x0
             exe-1049673 [003] ..... 1635835.196722: sys_nanosleep -> 0x0
             exe-1050309 [002] ..... 1635835.196725: sys_write -> 0x56
             exe-1049673 [003] ..... 1635835.196727: sys_nanosleep(rqtp: c000069f10, rmtp: 0)
             exe-1050282 [002] ..... 1635835.196741: sys_wait4(upid: 1006c5, stat_addr: c0022e7bf4, options: 40000002, ru: 0)
             exe-1050282 [002] ..... 1635835.196743: sys_wait4 -> 0x1006c5
             exe-1050282 [002] ..... 1635835.196745: sys_ptrace(request: 4204, pid: 1006c5, addr: 1, data: c0022e7c70)
             exe-1050282 [002] ..... 1635835.196748: sys_ptrace -> 0x0
             exe-1050282 [002] ..... 1635835.196749: sys_ptrace(request: 4204, pid: 1006c5, addr: 202, data: c0022e7c70)
             exe-1050282 [002] ..... 1635835.196751: sys_ptrace -> 0x0
             exe-1050282 [002] ..... 1635835.196757: sys_ptrace(request: 4205, pid: 1006c5, addr: 1, data: c0022e7c70)
             exe-1050282 [002] ..... 1635835.196759: sys_ptrace -> 0x0
             exe-1050282 [002] ..... 1635835.196760: sys_ptrace(request: 4205, pid: 1006c5, addr: 202, data: c0022e7c70)
             exe-1050282 [002] ..... 1635835.196768: sys_ptrace -> 0x0
             exe-1050282 [002] ..... 1635835.196769: sys_ptrace(request: 1f, pid: 1006c5, addr: 0, data: 0)
             exe-1050282 [002] .N... 1635835.196775: sys_ptrace -> 0x0
             exe-1050309 [002] ..... 1635835.196783: sys_preadv2 -> 0xffffffffffffffea
             exe-1050282 [002] ..... 1635835.196798: sys_wait4(upid: 1006c5, stat_addr: c0022e7bf4, options: 40000002, ru: 0)
             exe-1050282 [002] ..... 1635835.196800: sys_wait4 -> 0x1006c5
             exe-1050282 [002] ..... 1635835.196801: sys_ptrace(request: 4204, pid: 1006c5, addr: 1, data: c0022e7c70)
             exe-1050282 [002] ..... 1635835.196804: sys_ptrace -> 0x0
             exe-1050282 [002] ..... 1635835.196805: sys_ptrace(request: 4204, pid: 1006c5, addr: 202, data: c0022e7c70)
             exe-1050282 [002] ..... 1635835.196807: sys_ptrace -> 0x0
             exe-1050282 [002] ..... 1635835.196815: sys_pwrite64(fd: 63, buf: 7fd66f96f080, count: 54, pos: 56)
             exe-1050282 [002] ..... 1635835.196816: tracing_mark_write: preadv2(fd=300, vec=0x557737fe3710, vlen=131, pos_l=-5, pos_h=0xffff, flags=0x4) end
             exe-1050282 [002] ..... 1635835.275431: tracing_mark_write: preadv2(fd=300, vec=0x5577380224b0, vlen=1, pos_l=0x622f6e112b9c, pos_h=-1, flags=0x4) start
             exe-1050282 [002] ..... 1635835.275432: sys_pwrite64 -> 0x5c
             exe-1049673 [001] ..... 1635835.275435: sys_nanosleep(rqtp: c000069f10, rmtp: 0)
             exe-1050282 [002] ..... 1635835.275439: sys_ptrace(request: 4205, pid: 1006c5, addr: 1, data: c0022e7c70)
             exe-1050282 [002] ..... 1635835.275442: sys_ptrace -> 0x0
             exe-1050282 [002] ..... 1635835.275443: sys_ptrace(request: 4205, pid: 1006c5, addr: 202, data: c0022e7c70)
             exe-1050282 [002] ..... 1635835.275456: sys_ptrace -> 0x0
             exe-1050282 [002] ..... 1635835.275457: sys_ptrace(request: 1f, pid: 1006c5, addr: 0, data: 0)
             exe-1050282 [002] .N... 1635835.275465: sys_ptrace -> 0x0
             exe-1050309 [002] ..... 1635835.275475: sys_write -> 0x5c
             exe-1050282 [002] ..... 1635835.275494: sys_wait4(upid: 1006c5, stat_addr: c0022e7bf4, options: 40000002, ru: 0)
             exe-1050282 [002] ..... 1635835.275497: sys_wait4 -> 0x1006c5
             exe-1050282 [002] ..... 1635835.275499: sys_ptrace(request: 4204, pid: 1006c5, addr: 1, data: c0022e7c70)
             exe-1050282 [002] ..... 1635835.275503: sys_ptrace -> 0x0
             exe-1050282 [002] ..... 1635835.275505: sys_ptrace(request: 4204, pid: 1006c5, addr: 202, data: c0022e7c70)
             exe-1050282 [002] ..... 1635835.275508: sys_ptrace -> 0x0
             exe-1050282 [002] ..... 1635835.275521: sys_ptrace(request: 4205, pid: 1006c5, addr: 1, data: c0022e7c70)
             exe-1050282 [002] ..... 1635835.275524: sys_ptrace -> 0x0
             exe-1050282 [002] ..... 1635835.275525: sys_ptrace(request: 4205, pid: 1006c5, addr: 202, data: c0022e7c70)
             exe-1050282 [002] ..... 1635835.275536: sys_ptrace -> 0x0
             exe-1049567 [001] ..... 1635835.275536: sys_nanosleep -> 0x0
             exe-1050282 [002] ..... 1635835.275537: sys_ptrace(request: 1f, pid: 1006c5, addr: 0, data: 0)
             exe-1049567 [001] ..... 1635835.275542: sys_nanosleep(rqtp: c000069f10, rmtp: 0)
             exe-1050282 [002] .N... 1635835.275545: sys_ptrace -> 0x0
             exe-1050309 [002] ..... 1635835.275556: sys_preadv2 -> 0xffffffffffffffe3
             exe-1049673 [001] ..... 1635835.275561: sys_nanosleep -> 0x0
             exe-1049673 [001] ..... 1635835.275569: sys_futex(uaddr: c000383948, op: 81, val: 1, utime: 0, uaddr2: 0, val3: 0)
             exe-1050282 [002] ..... 1635835.275575: sys_wait4(upid: 1006c5, stat_addr: c0022e7bf4, options: 40000002, ru: 0)
             exe-1049673 [001] .N... 1635835.275578: sys_futex -> 0x1
             exe-1050282 [002] ..... 1635835.275578: sys_wait4 -> 0x1006c5
             exe-1050282 [002] ..... 1635835.275580: sys_ptrace(request: 4204, pid: 1006c5, addr: 1, data: c0022e7c70)
             exe-1050282 [002] ..... 1635835.275583: sys_ptrace -> 0x0
             exe-1050282 [002] ..... 1635835.275585: sys_ptrace(request: 4204, pid: 1006c5, addr: 202, data: c0022e7c70)
             exe-1050282 [002] ..... 1635835.275587: sys_ptrace -> 0x0
             exe-1050282 [002] ..... 1635835.275597: sys_pwrite64(fd: 63, buf: 7fd66f96f080, count: 5a, pos: 5c)
             exe-1050282 [002] ..... 1635835.275598: tracing_mark_write: preadv2(fd=300, vec=0x5577380224b0, vlen=1, pos_l=0x622f6e112b9c, pos_h=-1, flags=0x4) end
             exe-1050282 [002] ..... 1635835.343535: tracing_mark_write: preadv2(fd=300, vec=0x5577380224b0, vlen=1, pos_l=0x10802d403529c82, pos_h=0x10000, flags=0x4) start
             exe-1050282 [002] ..... 1635835.343537: sys_pwrite64 -> 0x64
             exe-1049567 [001] ..... 1635835.343541: sys_nanosleep -> 0x0
             exe-1050282 [002] ..... 1635835.343542: sys_ptrace(request: 4205, pid: 1006c5, addr: 1, data: c0022e7c70)
             exe-1050282 [002] ..... 1635835.343545: sys_ptrace -> 0x0
             exe-1050282 [002] ..... 1635835.343546: sys_ptrace(request: 4205, pid: 1006c5, addr: 202, data: c0022e7c70)
             exe-1049567 [001] ..... 1635835.343547: sys_nanosleep(rqtp: c000069f10, rmtp: 0)
             exe-1050282 [002] ..... 1635835.343555: sys_ptrace -> 0x0
             exe-1050282 [002] ..... 1635835.343556: sys_ptrace(request: 1f, pid: 1006c5, addr: 0, data: 0)
             exe-1050282 [002] ..... 1635835.343558: sys_ptrace -> 0x0
             exe-1050282 [002] ..... 1635835.343560: sys_wait4(upid: 1006c5, stat_addr: c0022e7bf4, options: 40000002, ru: 0)
             exe-1050309 [003] ..... 1635835.343565: sys_write -> 0x64
             exe-1050282 [002] ..... 1635835.343581: sys_wait4 -> 0x1006c5
             exe-1050282 [002] ..... 1635835.343583: sys_ptrace(request: 4204, pid: 1006c5, addr: 1, data: c0022e7c70)
             exe-1049673 [003] ..... 1635835.343585: sys_nanosleep -> 0x0
             exe-1050282 [002] ..... 1635835.343586: sys_ptrace -> 0x0
             exe-1050282 [002] ..... 1635835.343587: sys_ptrace(request: 4204, pid: 1006c5, addr: 202, data: c0022e7c70)
             exe-1050282 [002] ..... 1635835.343589: sys_ptrace -> 0x0
             exe-1049673 [003] ..... 1635835.343591: sys_nanosleep(rqtp: c000069f10, rmtp: 0)
             exe-1050282 [002] ..... 1635835.343601: sys_ptrace(request: 4205, pid: 1006c5, addr: 1, data: c0022e7c70)
             exe-1050282 [002] ..... 1635835.343611: sys_ptrace -> 0x0
             exe-1050282 [002] ..... 1635835.343613: sys_ptrace(request: 4205, pid: 1006c5, addr: 202, data: c0022e7c70)
             exe-1050282 [002] ..... 1635835.343619: sys_ptrace -> 0x0
             exe-1050282 [002] ..... 1635835.343621: sys_ptrace(request: 1f, pid: 1006c5, addr: 0, data: 0)
             exe-1050282 [002] ..... 1635835.343626: sys_ptrace -> 0x0
             exe-1050282 [002] ..... 1635835.343628: sys_wait4(upid: 1006c5, stat_addr: c0022e7bf4, options: 40000002, ru: 0)
             exe-1049567 [001] ..... 1635835.343643: sys_nanosleep -> 0x0
             exe-1050309 [003] ..... 1635835.343644: sys_preadv2 -> 0xffffffffffffffe3
             exe-1049567 [001] ..... 1635835.343648: sys_nanosleep(rqtp: c000069f10, rmtp: 0)
             exe-1050282 [002] ..... 1635835.343684: sys_wait4 -> 0x1006c5
             exe-1050282 [002] ..... 1635835.343687: sys_ptrace(request: 4204, pid: 1006c5, addr: 1, data: c0022e7c70)
             exe-1049673 [003] ..... 1635835.343700: sys_nanosleep -> 0x0
             exe-1050282 [002] ..... 1635835.343701: sys_ptrace -> 0x0
             exe-1050282 [002] ..... 1635835.343703: sys_ptrace(request: 4204, pid: 1006c5, addr: 202, data: c0022e7c70)
             exe-1050282 [002] ..... 1635835.343706: sys_ptrace -> 0x0
             exe-1049673 [003] ..... 1635835.343707: sys_nanosleep(rqtp: c000069f10, rmtp: 0)
             exe-1050282 [002] ..... 1635835.343713: sys_pwrite64(fd: 63, buf: 7fd66f96f080, count: 62, pos: 64)
             exe-1050282 [002] ..... 1635835.343714: tracing_mark_write: preadv2(fd=300, vec=0x5577380224b0, vlen=1, pos_l=0x10802d403529c82, pos_h=0x10000, flags=0x4) end
             exe-1050282 [002] ..... 1635835.407734: tracing_mark_write: preadv2(fd=300, vec=0x5577380224b0, vlen=1, pos_l=0x8000, pos_h=0xc56c7ba42f, flags=0x4) start
             exe-1049567 [000] ..... 1635835.407735: sys_nanosleep -> 0x0
             exe-1050282 [002] ..... 1635835.407735: sys_pwrite64 -> 0x5e
             exe-1049567 [000] ..... 1635835.407737: sys_nanosleep(rqtp: c000069f10, rmtp: 0)
             exe-1050282 [002] ..... 1635835.407741: sys_ptrace(request: 4205, pid: 1006c5, addr: 1, data: c0022e7c70)
             exe-1050282 [002] ..... 1635835.407743: sys_ptrace -> 0x0
             exe-1050282 [002] ..... 1635835.407745: sys_ptrace(request: 4205, pid: 1006c5, addr: 202, data: c0022e7c70)
             exe-1050282 [002] ..... 1635835.407754: sys_ptrace -> 0x0
             exe-1050282 [002] ..... 1635835.407756: sys_ptrace(request: 1f, pid: 1006c5, addr: 0, data: 0)
             exe-1050282 [002] ..... 1635835.407763: sys_ptrace -> 0x0
             exe-1050282 [002] ..... 1635835.407765: sys_wait4(upid: 1006c5, stat_addr: c0022e7bf4, options: 40000002, ru: 0)
             exe-1050309 [003] ..... 1635835.407808: sys_write -> 0x5e
             exe-1049567 [000] ..... 1635835.407829: sys_nanosleep -> 0x0
             exe-1049567 [000] ..... 1635835.407831: sys_nanosleep(rqtp: c000069f10, rmtp: 0)
             exe-1049673 [003] ..... 1635835.407839: sys_nanosleep -> 0x0
             exe-1049673 [003] ..... 1635835.407846: sys_nanosleep(rqtp: c000069f10, rmtp: 0)
             exe-1050282 [002] ..... 1635835.407846: sys_wait4 -> 0x1006c5
             exe-1050282 [002] ..... 1635835.407849: sys_ptrace(request: 4204, pid: 1006c5, addr: 1, data: c0022e7c70)
             exe-1050282 [002] ..... 1635835.407852: sys_ptrace -> 0x0
             exe-1050282 [002] ..... 1635835.407853: sys_ptrace(request: 4204, pid: 1006c5, addr: 202, data: c0022e7c70)
             exe-1050282 [002] ..... 1635835.407856: sys_ptrace -> 0x0
             exe-1050282 [002] ..... 1635835.407866: sys_ptrace(request: 4205, pid: 1006c5, addr: 1, data: c0022e7c70)
             exe-1050282 [002] ..... 1635835.407869: sys_ptrace -> 0x0
             exe-1050282 [002] ..... 1635835.407871: sys_ptrace(request: 4205, pid: 1006c5, addr: 202, data: c0022e7c70)
             exe-1050282 [002] ..... 1635835.407879: sys_ptrace -> 0x0
             exe-1050282 [002] ..... 1635835.407881: sys_ptrace(request: 1f, pid: 1006c5, addr: 0, data: 0)
             exe-1050282 [002] ..... 1635835.407888: sys_ptrace -> 0x0
             exe-1050282 [002] ..... 1635835.407890: sys_wait4(upid: 1006c5, stat_addr: c0022e7bf4, options: 40000002, ru: 0)
             exe-1050309 [003] ..... 1635835.407906: sys_preadv2 -> 0xffffffffffffffe3
             exe-1049567 [000] ..... 1635835.407923: sys_nanosleep -> 0x0
             exe-1049567 [000] ..... 1635835.407925: sys_nanosleep(rqtp: c000069f10, rmtp: 0)
             exe-1050282 [002] ..... 1635835.407941: sys_wait4 -> 0x1006c5
             exe-1050282 [002] ..... 1635835.407945: sys_ptrace(request: 4204, pid: 1006c5, addr: 1, data: c0022e7c70)
             exe-1049673 [003] ..... 1635835.407959: sys_nanosleep -> 0x0
             exe-1050282 [002] ..... 1635835.407960: sys_ptrace -> 0x0
             exe-1050282 [002] ..... 1635835.407961: sys_ptrace(request: 4204, pid: 1006c5, addr: 202, data: c0022e7c70)
             exe-1050282 [002] ..... 1635835.407963: sys_ptrace -> 0x0
             exe-1049673 [003] ..... 1635835.407966: sys_nanosleep(rqtp: c000069f10, rmtp: 0)
             exe-1050282 [002] ..... 1635835.407970: sys_pwrite64(fd: 63, buf: 7fd66f96f080, count: 5c, pos: 5e)
             exe-1050282 [002] ..... 1635835.407972: tracing_mark_write: preadv2(fd=300, vec=0x5577380224b0, vlen=1, pos_l=0x8000, pos_h=0xc56c7ba42f, flags=0x4) end
             exe-1050282 [000] ..... 1635835.477764: tracing_mark_write: preadv2(fd=278, vec=0x5577380224b0, vlen=1, pos_l=0xc84c53202080, pos_h=-6, flags=0x4) start
             exe-1050282 [000] ..... 1635835.477766: sys_pwrite64 -> 0x5c
             exe-1050282 [000] ..... 1635835.477773: sys_ptrace(request: 4205, pid: 1006c5, addr: 1, data: c0022e7c70)
             exe-1050282 [000] ..... 1635835.477776: sys_ptrace -> 0x0
             exe-1050282 [000] ..... 1635835.477777: sys_ptrace(request: 4205, pid: 1006c5, addr: 202, data: c0022e7c70)
             exe-1050282 [000] ..... 1635835.477789: sys_ptrace -> 0x0
             exe-1050282 [000] ..... 1635835.477791: sys_ptrace(request: 1f, pid: 1006c5, addr: 0, data: 0)
             exe-1050282 [000] ..... 1635835.477800: sys_ptrace -> 0x0
             exe-1050282 [000] ..... 1635835.477802: sys_wait4(upid: 1006c5, stat_addr: c0022e7bf4, options: 40000002, ru: 0)
             exe-1050309 [003] ..... 1635835.477824: sys_write -> 0x5c
             exe-1050282 [000] ..... 1635835.477847: sys_wait4 -> 0x1006c5
             exe-1050282 [000] ..... 1635835.477850: sys_ptrace(request: 4204, pid: 1006c5, addr: 1, data: c0022e7c70)
             exe-1049673 [003] ..... 1635835.477857: sys_nanosleep -> 0x0
             exe-1050282 [000] ..... 1635835.477859: sys_ptrace -> 0x0
             exe-1050282 [000] ..... 1635835.477861: sys_ptrace(request: 4204, pid: 1006c5, addr: 202, data: c0022e7c70)
             exe-1050282 [000] ..... 1635835.477863: sys_ptrace -> 0x0
             exe-1049673 [003] ..... 1635835.477863: sys_nanosleep(rqtp: c000069f10, rmtp: 0)
             exe-1049567 [003] ..... 1635835.477890: sys_nanosleep -> 0x0
             exe-1050282 [000] ..... 1635835.477894: sys_ptrace(request: 4205, pid: 1006c5, addr: 1, data: c0022e7c70)
             exe-1049567 [003] ..... 1635835.477896: sys_nanosleep(rqtp: c000069f10, rmtp: 0)
             exe-1050282 [000] ..... 1635835.477897: sys_ptrace -> 0x0
             exe-1050282 [000] ..... 1635835.477898: sys_ptrace(request: 4205, pid: 1006c5, addr: 202, data: c0022e7c70)
             exe-1050282 [000] ..... 1635835.477915: sys_ptrace -> 0x0
             exe-1050282 [000] ..... 1635835.477917: sys_ptrace(request: 1f, pid: 1006c5, addr: 0, data: 0)
             exe-1050282 [000] ..... 1635835.477924: sys_ptrace -> 0x0
             exe-1050282 [000] ..... 1635835.477926: sys_wait4(upid: 1006c5, stat_addr: c0022e7bf4, options: 40000002, ru: 0)
             exe-1050309 [003] ..... 1635835.477972: sys_preadv2 -> 0x0
             exe-1050282 [000] ..... 1635835.477994: sys_wait4 -> 0x1006c5
             exe-1050282 [000] ..... 1635835.477997: sys_ptrace(request: 4204, pid: 1006c5, addr: 1, data: c0022e7c70)
