             exe-1050008 [001] ..... 1635887.077258: tracing_mark_write: pwritev2(fd=374, vec=0x55707fcd5a80, vlen=155, pos_l=118, pos_h=0x52525252, flags=0x7f953ae19d30) start
             exe-1050008 [001] ..... 1635887.077265: sys_pwrite64 -> 0x67
             exe-1049673 [000] ..... 1635887.077269: sys_nanosleep -> 0x0
             exe-1050008 [001] ..... 1635887.077270: sys_ptrace(request: 4205, pid: 1005d0, addr: 1, data: c000697c70)
             exe-1050008 [001] ..... 1635887.077272: sys_ptrace -> 0x0
             exe-1050008 [001] ..... 1635887.077273: sys_ptrace(request: 4205, pid: 1005d0, addr: 202, data: c000697c70)
             exe-1049673 [000] ..... 1635887.077274: sys_futex(uaddr: 1f09dc0, op: 80, val: 0, utime: c000069eb0, uaddr2: 0, val3: 0)
             exe-1050008 [001] ..... 1635887.077281: sys_ptrace -> 0x0
             exe-1050008 [001] ..... 1635887.077283: sys_ptrace(request: 1f, pid: 1005d0, addr: 0, data: 0)
             exe-1050008 [001] ..... 1635887.077288: sys_ptrace -> 0x0
             exe-1050008 [001] ..... 1635887.077290: sys_wait4(upid: 1005d0, stat_addr: c000697bf4, options: 40000002, ru: 0)
             exe-1050064 [000] ..... 1635887.077301: sys_write -> 0x67
             exe-1050008 [001] ..... 1635887.077320: sys_wait4 -> 0x1005d0
             exe-1050008 [001] ..... 1635887.077322: sys_ptrace(request: 4204, pid: 1005d0, addr: 1, data: c000697c70)
             exe-1050008 [001] ..... 1635887.077325: sys_ptrace -> 0x0
             exe-1050008 [001] ..... 1635887.077326: sys_ptrace(request: 4204, pid: 1005d0, addr: 202, data: c000697c70)
             exe-1050008 [001] ..... 1635887.077328: sys_ptrace -> 0x0
             exe-1050008 [001] ..... 1635887.077392: sys_ptrace(request: 4205, pid: 1005d0, addr: 1, data: c000697c70)
             exe-1050008 [001] ..... 1635887.077394: sys_ptrace -> 0x0
             exe-1050008 [001] ..... 1635887.077395: sys_ptrace(request: 4205, pid: 1005d0, addr: 202, data: c000697c70)
             exe-1050008 [001] ..... 1635887.077403: sys_ptrace -> 0x0
             exe-1050008 [001] ..... 1635887.077404: sys_ptrace(request: 1f, pid: 1005d0, addr: 0, data: 0)
             exe-1050008 [001] ..... 1635887.077410: sys_ptrace -> 0x0
             exe-1050008 [001] ..... 1635887.077412: sys_wait4(upid: 1005d0, stat_addr: c000697bf4, options: 40000002, ru: 0)
             exe-1050064 [000] ..... 1635887.077467: sys_pwritev2 -> 0xffffffffffffffe3
             exe-1050008 [001] ..... 1635887.077486: sys_wait4 -> 0x1005d0
             exe-1050008 [001] ..... 1635887.077488: sys_ptrace(request: 4204, pid: 1005d0, addr: 1, data: c000697c70)
             exe-1050008 [001] ..... 1635887.077490: sys_ptrace -> 0x0
             exe-1050008 [001] ..... 1635887.077492: sys_ptrace(request: 4204, pid: 1005d0, addr: 202, data: c000697c70)
             exe-1050008 [001] ..... 1635887.077494: sys_ptrace -> 0x0
             exe-1050008 [001] ..... 1635887.077499: sys_pwrite64(fd: 63, buf: 7fd66ed5f080, count: 65, pos: 67)
             exe-1050008 [001] ..... 1635887.077507: tracing_mark_write: pwritev2(fd=374, vec=0x55707fcd5a80, vlen=155, pos_l=118, pos_h=0x52525252, flags=0x7f953ae19d30) end
             exe-1050008 [002] ..... 1635887.190507: tracing_mark_write: pwritev2(fd=374, vec=0x55707fcdc6c0, vlen=246, pos_l=0xffff2494addbe577, pos_h=0x19191919, flags=0x7f953ae19d30) start
             exe-1050008 [002] ..... 1635887.190522: sys_pwrite64 -> 0x76
             exe-1050008 [002] ..... 1635887.190530: sys_ptrace(request: 4205, pid: 1005d0, addr: 1, data: c000697c70)
             exe-1050008 [002] ..... 1635887.190532: sys_ptrace -> 0x0
             exe-1050008 [002] ..... 1635887.190534: sys_ptrace(request: 4205, pid: 1005d0, addr: 202, data: c000697c70)
             exe-1050008 [002] ..... 1635887.190543: sys_ptrace -> 0x0
             exe-1050008 [002] ..... 1635887.190544: sys_ptrace(request: 1f, pid: 1005d0, addr: 0, data: 0)
             exe-1050008 [002] ..... 1635887.190550: sys_ptrace -> 0x0
             exe-1050008 [002] ..... 1635887.190552: sys_wait4(upid: 1005d0, stat_addr: c000697bf4, options: 40000002, ru: 0)
             exe-1050064 [000] ..... 1635887.190561: sys_write -> 0x76
             exe-1050008 [002] ..... 1635887.190574: sys_wait4 -> 0x1005d0
             exe-1050008 [002] ..... 1635887.190576: sys_ptrace(request: 4204, pid: 1005d0, addr: 1, data: c000697c70)
             exe-1050008 [002] ..... 1635887.190579: sys_ptrace -> 0x0
             exe-1050008 [002] ..... 1635887.190580: sys_ptrace(request: 4204, pid: 1005d0, addr: 202, data: c000697c70)
             exe-1050008 [002] ..... 1635887.190582: sys_ptrace -> 0x0
             exe-1050008 [002] ..... 1635887.190587: sys_ptrace(request: 4205, pid: 1005d0, addr: 1, data: c000697c70)
             exe-1050008 [002] ..... 1635887.190589: sys_ptrace -> 0x0
             exe-1050008 [002] ..... 1635887.190590: sys_ptrace(request: 4205, pid: 1005d0, addr: 202, data: c000697c70)
             exe-1050008 [002] ..... 1635887.190595: sys_ptrace -> 0x0
             exe-1050008 [002] ..... 1635887.190597: sys_ptrace(request: 1f, pid: 1005d0, addr: 0, data: 0)
             exe-1050008 [002] ..... 1635887.190602: sys_ptrace -> 0x0
             exe-1050008 [002] ..... 1635887.190603: sys_wait4(upid: 1005d0, stat_addr: c000697bf4, options: 40000002, ru: 0)
             exe-1050064 [000] ..... 1635887.190609: sys_pwritev2 -> 0xffffffffffffffea
             exe-1050008 [002] ..... 1635887.190621: sys_wait4 -> 0x1005d0
             exe-1050008 [002] ..... 1635887.190623: sys_ptrace(request: 4204, pid: 1005d0, addr: 1, data: c000697c70)
             exe-1050008 [002] ..... 1635887.190624: sys_ptrace -> 0x0
             exe-1050008 [002] ..... 1635887.190626: sys_ptrace(request: 4204, pid: 1005d0, addr: 202, data: c000697c70)
             exe-1050008 [002] ..... 1635887.190627: sys_ptrace -> 0x0
             exe-1050008 [002] ..... 1635887.190633: sys_pwrite64(fd: 63, buf: 7fd66ed5f080, count: 74, pos: 76)
             exe-1050008 [002] ..... 1635887.190634: tracing_mark_write: pwritev2(fd=374, vec=0x55707fcdc6c0, vlen=246, pos_l=0xffff2494addbe577, pos_h=0x19191919, flags=0x7f953ae19d30) end
             exe-1050008 [002] ..... 1635887.266699: tracing_mark_write: pwritev2(fd=374, vec=0x55707fd1caf0, vlen=1, pos_l=0x6066360f10a652bb, pos_h=0x4a0189408, flags=0x7f953ae19d30) start
             exe-1050008 [002] ..... 1635887.266702: sys_pwrite64 -> 0x75
             exe-1050008 [002] ..... 1635887.266709: sys_ptrace(request: 4205, pid: 1005d0, addr: 1, data: c000697c70)
             exe-1050008 [002] ..... 1635887.266713: sys_ptrace -> 0x0
             exe-1050008 [002] ..... 1635887.266715: sys_ptrace(request: 4205, pid: 1005d0, addr: 202, data: c000697c70)
             exe-1050008 [002] ..... 1635887.266727: sys_ptrace -> 0x0
             exe-1050008 [002] ..... 1635887.266729: sys_ptrace(request: 1f, pid: 1005d0, addr: 0, data: 0)
             exe-1049567 [003] ..... 1635887.266731: sys_nanosleep -> 0x0
             exe-1049567 [003] ..... 1635887.266736: sys_nanosleep(rqtp: c000069f10, rmtp: 0)
             exe-1050008 [002] ..... 1635887.266742: sys_ptrace -> 0x0
             exe-1050008 [002] ..... 1635887.266745: sys_wait4(upid: 1005d0, stat_addr: c000697bf4, options: 40000002, ru: 0)
             exe-1050064 [003] ..... 1635887.266764: sys_write -> 0x75
             exe-1050008 [002] ..... 1635887.266785: sys_wait4 -> 0x1005d0
             exe-1050008 [002] ..... 1635887.266788: sys_ptrace(request: 4204, pid: 1005d0, addr: 1, data: c000697c70)
             exe-1050008 [002] ..... 1635887.266791: sys_ptrace -> 0x0
             exe-1050008 [002] ..... 1635887.266792: sys_ptrace(request: 4204, pid: 1005d0, addr: 202, data: c000697c70)
             exe-1050008 [002] ..... 1635887.266795: sys_ptrace -> 0x0
             exe-1050008 [002] ..... 1635887.266807: sys_ptrace(request: 4205, pid: 1005d0, addr: 1, data: c000697c70)
             exe-1050008 [002] ..... 1635887.266809: sys_ptrace -> 0x0
             exe-1050008 [002] ..... 1635887.266810: sys_ptrace(request: 4205, pid: 1005d0, addr: 202, data: c000697c70)
             exe-1050008 [002] ..... 1635887.266817: sys_ptrace -> 0x0
             exe-1050008 [002] ..... 1635887.266819: sys_ptrace(request: 1f, pid: 1005d0, addr: 0, data: 0)
             exe-1050008 [002] ..... 1635887.266827: sys_ptrace -> 0x0
             exe-1050008 [002] ..... 1635887.266829: sys_wait4(upid: 1005d0, stat_addr: c000697bf4, options: 40000002, ru: 0)
             exe-1049567 [003] ..... 1635887.266846: sys_nanosleep -> 0x0
             exe-1049567 [003] ..... 1635887.266851: sys_nanosleep(rqtp: c000069f10, rmtp: 0)
             exe-1050064 [003] ..... 1635887.266872: sys_pwritev2 -> 0xffffffffffffffe3
             exe-1050008 [002] ..... 1635887.266891: sys_wait4 -> 0x1005d0
             exe-1050008 [002] ..... 1635887.266893: sys_ptrace(request: 4204, pid: 1005d0, addr: 1, data: c000697c70)
             exe-1050008 [002] ..... 1635887.266895: sys_ptrace -> 0x0
             exe-1050008 [002] ..... 1635887.266897: sys_ptrace(request: 4204, pid: 1005d0, addr: 202, data: c000697c70)
             exe-1050008 [002] ..... 1635887.266899: sys_ptrace -> 0x0
             exe-1050008 [002] ..... 1635887.266905: sys_pwrite64(fd: 63, buf: 7fd66ed5f080, count: 73, pos: 75)
             exe-1050008 [002] ..... 1635887.266906: tracing_mark_write: pwritev2(fd=374, vec=0x55707fd1caf0, vlen=1, pos_l=0x6066360f10a652bb, pos_h=0x4a0189408, flags=0x7f953ae19d30) end
             exe-1050008 [001] ..... 1635887.332586: tracing_mark_write: pwritev2(fd=374, vec=0x55707fd1caf0, vlen=1, pos_l=0x7746c2f393, pos_h=0x47474747, flags=0x7f953ae19d30) start
             exe-1050008 [001] ..... 1635887.332588: sys_pwrite64 -> 0x6e
             exe-1050008 [001] ..... 1635887.332593: sys_ptrace(request: 4205, pid: 1005d0, addr: 1, data: c000697c70)
             exe-1050008 [001] ..... 1635887.332596: sys_ptrace -> 0x0
             exe-1050008 [001] ..... 1635887.332597: sys_ptrace(request: 4205, pid: 1005d0, addr: 202, data: c000697c70)
             exe-1050008 [001] ..... 1635887.332606: sys_ptrace -> 0x0
             exe-1050008 [001] ..... 1635887.332608: sys_ptrace(request: 1f, pid: 1005d0, addr: 0, data: 0)
             exe-1050008 [001] ..... 1635887.332620: sys_ptrace -> 0x0
             exe-1050008 [001] ..... 1635887.332622: sys_wait4(upid: 1005d0, stat_addr: c000697bf4, options: 40000002, ru: 0)
             exe-1050064 [003] ..... 1635887.332640: sys_write -> 0x6e
             exe-1050008 [001] ..... 1635887.332657: sys_wait4 -> 0x1005d0
             exe-1050008 [001] ..... 1635887.332659: sys_ptrace(request: 4204, pid: 1005d0, addr: 1, data: c000697c70)
             exe-1050008 [001] ..... 1635887.332661: sys_ptrace -> 0x0
             exe-1050008 [001] ..... 1635887.332663: sys_ptrace(request: 4204, pid: 1005d0, addr: 202, data: c000697c70)
             exe-1050008 [001] ..... 1635887.332665: sys_ptrace -> 0x0
             exe-1049673 [000] ..... 1635887.332674: sys_nanosleep -> 0x0
             exe-1050008 [001] ..... 1635887.332675: sys_ptrace(request: 4205, pid: 1005d0, addr: 1, data: c000697c70)
             exe-1050008 [001] ..... 1635887.332679: sys_ptrace -> 0x0
             exe-1049673 [000] ..... 1635887.332680: sys_nanosleep(rqtp: c000069f10, rmtp: 0)
             exe-1050008 [001] ..... 1635887.332680: sys_ptrace(request: 4205, pid: 1005d0, addr: 202, data: c000697c70)
             exe-1049896 [001] ..... 1635887.332724: sys_epoll_pwait -> 0x0
             exe-1049896 [001] ..... 1635887.332743: sys_epoll_pwait(epfd: 11, events: c000599840, maxevents: 80, timeout: 1, sigmask: 0, sigsetsize: 0)
             exe-1050008 [001] ..... 1635887.332766: sys_ptrace -> 0x0
             exe-1050008 [001] ..... 1635887.332770: sys_ptrace(request: 1f, pid: 1005d0, addr: 0, data: 0)
             exe-1050008 [001] ..... 1635887.332793: sys_ptrace -> 0x0
             exe-1050008 [001] ..... 1635887.332797: sys_wait4(upid: 1005d0, stat_addr: c000697bf4, options: 40000002, ru: 0)
             exe-1050064 [003] ..... 1635887.332805: sys_pwritev2 -> 0xffffffffffffffe3
             exe-1050008 [001] ..... 1635887.332833: sys_wait4 -> 0x1005d0
             exe-1050008 [001] ..... 1635887.332838: sys_ptrace(request: 4204, pid: 1005d0, addr: 1, data: c000697c70)
             exe-1050008 [001] ..... 1635887.333034: sys_ptrace -> 0x0
             exe-1050008 [001] ..... 1635887.333039: sys_ptrace(request: 4204, pid: 1005d0, addr: 202, data: c000697c70)
             exe-1050008 [001] ..... 1635887.333045: sys_ptrace -> 0x0
             exe-1049673 [000] ..... 1635887.333062: sys_nanosleep -> 0x0
             exe-1050008 [001] ..... 1635887.333068: sys_pwrite64(fd: 63, buf: 7fd66ed5f080, count: 6c, pos: 6e)
             exe-1049673 [000] ..... 1635887.333068: sys_nanosleep(rqtp: c000069f10, rmtp: 0)
             exe-1050008 [001] ..... 1635887.333072: tracing_mark_write: pwritev2(fd=374, vec=0x55707fd1caf0, vlen=1, pos_l=0x7746c2f393, pos_h=0x47474747, flags=0x7f953ae19d30) end
             exe-1050008 [001] ..... 1635887.396778: tracing_mark_write: pwritev2(fd=374, vec=0x55707fd1caf0, vlen=1, pos_l=0xffffefff, pos_h=0xb000008, flags=0x7f953ae19d30) start
             exe-1050008 [001] ..... 1635887.396780: sys_pwrite64 -> 0x6b
             exe-1049673 [000] ..... 1635887.396790: sys_nanosleep -> 0x0
             exe-1050008 [001] ..... 1635887.396791: sys_ptrace(request: 4205, pid: 1005d0, addr: 1, data: c000697c70)
             exe-1050008 [001] ..... 1635887.396795: sys_ptrace -> 0x0
             exe-1049673 [000] ..... 1635887.396796: sys_nanosleep(rqtp: c000069f10, rmtp: 0)
             exe-1050008 [001] ..... 1635887.396797: sys_ptrace(request: 4205, pid: 1005d0, addr: 202, data: c000697c70)
             exe-1050008 [001] ..... 1635887.396818: sys_ptrace -> 0x0
             exe-1050008 [001] ..... 1635887.396821: sys_ptrace(request: 1f, pid: 1005d0, addr: 0, data: 0)
             exe-1050008 [001] ..... 1635887.396833: sys_ptrace -> 0x0
             exe-1050008 [001] ..... 1635887.396838: sys_wait4(upid: 1005d0, stat_addr: c000697bf4, options: 40000002, ru: 0)
             exe-1050064 [001] ..... 1635887.396858: sys_write -> 0x6b
             exe-1050008 [001] ..... 1635887.396888: sys_wait4 -> 0x1005d0
             exe-1049567 [000] ..... 1635887.396888: sys_nanosleep -> 0x0
             exe-1050008 [001] ..... 1635887.396893: sys_ptrace(request: 4204, pid: 1005d0, addr: 1, data: c000697c70)
             exe-1049567 [000] ..... 1635887.396894: sys_nanosleep(rqtp: c000069f10, rmtp: 0)
             exe-1050008 [001] ..... 1635887.396900: sys_ptrace -> 0x0
             exe-1050008 [001] ..... 1635887.396903: sys_ptrace(request: 4204, pid: 1005d0, addr: 202, data: c000697c70)
             exe-1050008 [001] ..... 1635887.396907: sys_ptrace -> 0x0
             exe-1049673 [000] ..... 1635887.396912: sys_nanosleep -> 0x0
             exe-1049673 [000] ..... 1635887.396918: sys_nanosleep(rqtp: c000069f10, rmtp: 0)
             exe-1050008 [001] ..... 1635887.396926: sys_ptrace(request: 4205, pid: 1005d0, addr: 1, data: c000697c70)
             exe-1050008 [001] ..... 1635887.396930: sys_ptrace -> 0x0
             exe-1050008 [001] ..... 1635887.396932: sys_ptrace(request: 4205, pid: 1005d0, addr: 202, data: c000697c70)
             exe-1050008 [001] ..... 1635887.396950: sys_ptrace -> 0x0
             exe-1050008 [001] ..... 1635887.396952: sys_ptrace(request: 1f, pid: 1005d0, addr: 0, data: 0)
             exe-1050008 [001] ..... 1635887.396962: sys_ptrace -> 0x0
             exe-1050008 [001] ..... 1635887.396965: sys_wait4(upid: 1005d0, stat_addr: c000697bf4, options: 40000002, ru: 0)
             exe-1050064 [001] ..... 1635887.396980: sys_pwritev2 -> 0xffffffffffffffe3
             exe-1050008 [001] ..... 1635887.397003: sys_wait4 -> 0x1005d0
             exe-1050008 [001] ..... 1635887.397007: sys_ptrace(request: 4204, pid: 1005d0, addr: 1, data: c000697c70)
             exe-1049567 [000] ..... 1635887.397010: sys_nanosleep -> 0x0
             exe-1050008 [001] ..... 1635887.397012: sys_ptrace -> 0x0
             exe-1050008 [001] ..... 1635887.397014: sys_ptrace(request: 4204, pid: 1005d0, addr: 202, data: c000697c70)
             exe-1049567 [000] ..... 1635887.397016: sys_nanosleep(rqtp: c000069f10, rmtp: 0)
             exe-1050008 [001] ..... 1635887.397016: sys_ptrace -> 0x0
             exe-1050008 [001] ..... 1635887.397030: sys_pwrite64(fd: 63, buf: 7fd66ed5f080, count: 69, pos: 6b)
             exe-1050008 [001] ..... 1635887.397032: tracing_mark_write: pwritev2(fd=374, vec=0x55707fd1caf0, vlen=1, pos_l=0xffffefff, pos_h=0xb000008, flags=0x7f953ae19d30) end
             exe-1050008 [001] ..... 1635887.459738: tracing_mark_write: pwritev2(fd=374, vec=0x55707fd1caf0, vlen=1, pos_l=0, pos_h=0x20000000, flags=0x7f953ae19d30) start
             exe-1050008 [001] ..... 1635887.459741: sys_pwrite64 -> 0x63
             exe-1050008 [001] ..... 1635887.459751: sys_ptrace(request: 4205, pid: 1005d0, addr: 1, data: c000697c70)
             exe-1050008 [001] ..... 1635887.459756: sys_ptrace -> 0x0
             exe-1050008 [001] ..... 1635887.459758: sys_ptrace(request: 4205, pid: 1005d0, addr: 202, data: c000697c70)
             exe-1050008 [001] ..... 1635887.459777: sys_ptrace -> 0x0
             exe-1050008 [001] ..... 1635887.459780: sys_ptrace(request: 1f, pid: 1005d0, addr: 0, data: 0)
             exe-1050008 [001] .N... 1635887.459791: sys_ptrace -> 0x0
             exe-1050064 [001] ..... 1635887.459805: sys_write -> 0x63
             exe-1049567 [000] ..... 1635887.459805: sys_nanosleep -> 0x0
             exe-1049567 [000] ..... 1635887.459819: sys_nanosleep(rqtp: c000069f10, rmtp: 0)
             exe-1050008 [001] ..... 1635887.459832: sys_wait4(upid: 1005d0, stat_addr: c000697bf4, options: 40000002, ru: 0)
             exe-1050008 [001] ..... 1635887.459835: sys_wait4 -> 0x1005d0
             exe-1050008 [001] ..... 1635887.459839: sys_ptrace(request: 4204, pid: 1005d0, addr: 1, data: c000697c70)
             exe-1049673 [000] ..... 1635887.459843: sys_nanosleep -> 0x0
             exe-1050008 [001] ..... 1635887.459845: sys_ptrace -> 0x0
             exe-1050008 [001] ..... 1635887.459848: sys_ptrace(request: 4204, pid: 1005d0, addr: 202, data: c000697c70)
             exe-1049673 [000] ..... 1635887.459849: sys_nanosleep(rqtp: c000069f10, rmtp: 0)
             exe-1050008 [001] ..... 1635887.459853: sys_ptrace -> 0x0
             exe-1050008 [001] ..... 1635887.459870: sys_ptrace(request: 4205, pid: 1005d0, addr: 1, data: c000697c70)
             exe-1050008 [001] ..... 1635887.459875: sys_ptrace -> 0x0
             exe-1050008 [001] ..... 1635887.459877: sys_ptrace(request: 4205, pid: 1005d0, addr: 202, data: c000697c70)
             exe-1050008 [001] ..... 1635887.459898: sys_ptrace -> 0x0
             exe-1050008 [001] ..... 1635887.459901: sys_ptrace(request: 1f, pid: 1005d0, addr: 0, data: 0)
             exe-1050008 [001] .N... 1635887.459914: sys_ptrace -> 0x0
             exe-1049567 [000] ..... 1635887.459919: sys_nanosleep -> 0x0
             exe-1050064 [001] ..... 1635887.459929: sys_pwritev2 -> 0xffffffffffffffe3
             exe-1050008 [001] ..... 1635887.459959: sys_wait4(upid: 1005d0, stat_addr: c000697bf4, options: 40000002, ru: 0)
             exe-1050008 [001] ..... 1635887.459963: sys_wait4 -> 0x1005d0
             exe-1050008 [001] ..... 1635887.459966: sys_ptrace(request: 4204, pid: 1005d0, addr: 1, data: c000697c70)
             exe-1050008 [001] ..... 1635887.459973: sys_ptrace -> 0x0
             exe-1050008 [001] ..... 1635887.459975: sys_ptrace(request: 4204, pid: 1005d0, addr: 202, data: c000697c70)
             exe-1050008 [001] ..... 1635887.459979: sys_ptrace -> 0x0
             exe-1049567 [000] ..... 1635887.459994: sys_nanosleep(rqtp: c000069f10, rmtp: 0)
             exe-1050008 [001] ..... 1635887.459997: sys_pwrite64(fd: 63, buf: 7fd66ed5f080, count: 61, pos: 63)
             exe-1050008 [001] ..... 1635887.460000: tracing_mark_write: pwritev2(fd=374, vec=0x55707fd1caf0, vlen=1, pos_l=0, pos_h=0x20000000, flags=0x7f953ae19d30) end
             exe-1050008 [001] ..... 1635887.533190: tracing_mark_write: pwritev2(fd=362, vec=0x55707fd1caf0, vlen=1, pos_l=1024, pos_h=-16, flags=0x7f953ae19d30) start
             exe-1050008 [001] ..... 1635887.533192: sys_pwrite64 -> 0x5f
             exe-1050008 [001] ..... 1635887.533199: sys_ptrace(request: 4205, pid: 1005d0, addr: 1, data: c000697c70)
             exe-1050008 [001] ..... 1635887.533202: sys_ptrace -> 0x0
             exe-1050008 [001] ..... 1635887.533203: sys_ptrace(request: 4205, pid: 1005d0, addr: 202, data: c000697c70)
             exe-1050008 [001] ..... 1635887.533216: sys_ptrace -> 0x0
             exe-1050008 [001] ..... 1635887.533218: sys_ptrace(request: 1f, pid: 1005d0, addr: 0, data: 0)
             exe-1050008 [001] .N... 1635887.533225: sys_ptrace -> 0x0
             exe-1050064 [001] ..... 1635887.533236: sys_write -> 0x5f
             exe-1050008 [001] ..... 1635887.533254: sys_wait4(upid: 1005d0, stat_addr: c000697bf4, options: 40000002, ru: 0)
             exe-1050008 [001] ..... 1635887.533258: sys_wait4 -> 0x1005d0
             exe-1050008 [001] ..... 1635887.533260: sys_ptrace(request: 4204, pid: 1005d0, addr: 1, data: c000697c70)
             exe-1050008 [001] ..... 1635887.533264: sys_ptrace -> 0x0
             exe-1050008 [001] ..... 1635887.533265: sys_ptrace(request: 4204, pid: 1005d0, addr: 202, data: c000697c70)
             exe-1050008 [001] ..... 1635887.533268: sys_ptrace -> 0x0
             exe-1049567 [003] ..... 1635887.533278: sys_nanosleep -> 0x0
             exe-1049567 [003] ..... 1635887.533285: sys_nanosleep(rqtp: c000069f10, rmtp: 0)
             exe-1050008 [001] ..... 1635887.533298: sys_ptrace(request: 4205, pid: 1005d0, addr: 1, data: c000697c70)
             exe-1050008 [001] ..... 1635887.533301: sys_ptrace -> 0x0
             exe-1050008 [001] ..... 1635887.533303: sys_ptrace(request: 4205, pid: 1005d0, addr: 202, data: c000697c70)
             exe-1050008 [001] ..... 1635887.533314: sys_ptrace -> 0x0
             exe-1050008 [001] ..... 1635887.533316: sys_ptrace(request: 1f, pid: 1005d0, addr: 0, data: 0)
             exe-1050008 [001] .N... 1635887.533323: sys_ptrace -> 0x0
             exe-1050064 [001] ..... 1635887.533334: sys_pwritev2 -> 0xfffffffffffffff7
             exe-1050008 [001] ..... 1635887.533355: sys_wait4(upid: 1005d0, stat_addr: c000697bf4, options: 40000002, ru: 0)
             exe-1050008 [001] ..... 1635887.533358: sys_wait4 -> 0x1005d0
             exe-1050008 [001] ..... 1635887.533360: sys_ptrace(request: 4204, pid: 1005d0, addr: 1, data: c000697c70)
             exe-1050008 [001] ..... 1635887.533364: sys_ptrace -> 0x0
             exe-1050008 [001] ..... 1635887.533365: sys_ptrace(request: 4204, pid: 1005d0, addr: 202, data: c000697c70)
             exe-1050008 [001] ..... 1635887.533368: sys_ptrace -> 0x0
             exe-1050008 [001] ..... 1635887.533378: sys_pwrite64(fd: 63, buf: 7fd66ed5f080, count: 5d, pos: 5f)
             exe-1050008 [001] ..... 1635887.533380: tracing_mark_write: pwritev2(fd=362, vec=0x55707fd1caf0, vlen=1, pos_l=1024, pos_h=-16, flags=0x7f953ae19d30) end
             exe-1050008 [001] ..... 1635887.606754: tracing_mark_write: pwritev2(fd=362, vec=0x55707fd1caf0, vlen=1, pos_l=3182, pos_h=0x69696969, flags=0x7f953ae19d30) start
             exe-1050008 [001] ..... 1635887.606756: sys_pwrite64 -> 0x66
             exe-1050008 [001] ..... 1635887.606763: sys_ptrace(request: 4205, pid: 1005d0, addr: 1, data: c000697c70)
             exe-1050008 [001] ..... 1635887.606766: sys_ptrace -> 0x0
             exe-1050008 [001] ..... 1635887.606767: sys_ptrace(request: 4205, pid: 1005d0, addr: 202, data: c000697c70)
             exe-1049567 [003] ..... 1635887.606770: sys_nanosleep -> 0x0
             exe-1049567 [003] ..... 1635887.606775: sys_nanosleep(rqtp: c000069f10, rmtp: 0)
             exe-1050008 [001] ..... 1635887.606779: sys_ptrace -> 0x0
             exe-1050008 [001] ..... 1635887.606781: sys_ptrace(request: 1f, pid: 1005d0, addr: 0, data: 0)
             exe-1050008 [001] .N... 1635887.606789: sys_ptrace -> 0x0
             exe-1050064 [001] ..... 1635887.606801: sys_write -> 0x66
             exe-1050008 [001] ..... 1635887.606823: sys_wait4(upid: 1005d0, stat_addr: c000697bf4, options: 40000002, ru: 0)
             exe-1050008 [001] ..... 1635887.606825: sys_wait4 -> 0x1005d0
             exe-1050008 [001] ..... 1635887.606828: sys_ptrace(request: 4204, pid: 1005d0, addr: 1, data: c000697c70)
             exe-1050008 [001] ..... 1635887.606832: sys_ptrace -> 0x0
             exe-1050008 [001] ..... 1635887.606833: sys_ptrace(request: 4204, pid: 1005d0, addr: 202, data: c000697c70)
             exe-1050008 [001] ..... 1635887.606836: sys_ptrace -> 0x0
             exe-1050008 [001] ..... 1635887.606849: sys_ptrace(request: 4205, pid: 1005d0, addr: 1, data: c000697c70)
             exe-1050008 [001] ..... 1635887.606852: sys_ptrace -> 0x0
             exe-1050008 [001] ..... 1635887.606853: sys_ptrace(request: 4205, pid: 1005d0, addr: 202, data: c000697c70)
             exe-1050008 [001] ..... 1635887.606864: sys_ptrace -> 0x0
             exe-1050008 [001] ..... 1635887.606866: sys_ptrace(request: 1f, pid: 1005d0, addr: 0, data: 0)
             exe-1050008 [001] .N... 1635887.606875: sys_ptrace -> 0x0
             exe-1050064 [001] ..... 1635887.606886: sys_pwritev2 -> 0xfffffffffffffff7
             exe-1050008 [001] ..... 1635887.606906: sys_wait4(upid: 1005d0, stat_addr: c000697bf4, options: 40000002, ru: 0)
             exe-1050008 [001] ..... 1635887.606909: sys_wait4 -> 0x1005d0
             exe-1050008 [001] ..... 1635887.606911: sys_ptrace(request: 4204, pid: 1005d0, addr: 1, data: c000697c70)
             exe-1050008 [001] ..... 1635887.606915: sys_ptrace -> 0x0
             exe-1050008 [001] ..... 1635887.606917: sys_ptrace(request: 4204, pid: 1005d0, addr: 202, data: c000697c70)
             exe-1050008 [001] ..... 1635887.606919: sys_ptrace -> 0x0
             exe-1050008 [001] ..... 1635887.606929: sys_pwrite64(fd: 63, buf: 7fd66ed5f080, count: 64, pos: 66)
             exe-1050008 [001] ..... 1635887.606931: tracing_mark_write: pwritev2(fd=362, vec=0x55707fd1caf0, vlen=1, pos_l=3182, pos_h=0x69696969, flags=0x7f953ae19d30) end
             exe-1050008 [001] ..... 1635887.667559: tracing_mark_write: pwritev2(fd=20, vec=0x55707fd1caf0, vlen=1, pos_l=0xd9d9d9d9, pos_h=0x400000, flags=0x7f953ae19d30) start
             exe-1050008 [001] ..... 1635887.667562: sys_pwrite64 -> 0x69
             exe-1050008 [001] ..... 1635887.667575: sys_ptrace(request: 4205, pid: 1005d0, addr: 1, data: c000697c70)
             exe-1050008 [001] ..... 1635887.667580: sys_ptrace -> 0x0
             exe-1050008 [001] ..... 1635887.667582: sys_ptrace(request: 4205, pid: 1005d0, addr: 202, data: c000697c70)
             exe-1050008 [001] ..... 1635887.667634: sys_ptrace -> 0x0
             exe-1050008 [001] ..... 1635887.667638: sys_ptrace(request: 1f, pid: 1005d0, addr: 0, data: 0)
             exe-1050008 [001] .N... 1635887.667654: sys_ptrace -> 0x0
             exe-1050064 [001] ..... 1635887.667671: sys_write -> 0x69
             exe-1050008 [001] ..... 1635887.667702: sys_wait4(upid: 1005d0, stat_addr: c000697bf4, options: 40000002, ru: 0)
             exe-1050008 [001] ..... 1635887.667707: sys_wait4 -> 0x1005d0
             exe-1050008 [001] ..... 1635887.667710: sys_ptrace(request: 4204, pid: 1005d0, addr: 1, data: c000697c70)
             exe-1050008 [001] ..... 1635887.667717: sys_ptrace -> 0x0
             exe-1050008 [001] ..... 1635887.667719: sys_ptrace(request: 4204, pid: 1005d0, addr: 202, data: c000697c70)
             exe-1050008 [001] ..... 1635887.667723: sys_ptrace -> 0x0
             exe-1050008 [001] ..... 1635887.667749: sys_ptrace(request: 4205, pid: 1005d0, addr: 1, data: c000697c70)
             exe-1050008 [001] ..... 1635887.667755: sys_ptrace -> 0x0
             exe-1050008 [001] ..... 1635887.667758: sys_ptrace(request: 4205, pid: 1005d0, addr: 202, data: c000697c70)
             exe-1050008 [001] ..... 1635887.667780: sys_ptrace -> 0x0
             exe-1050008 [001] ..... 1635887.667784: sys_ptrace(request: 1f, pid: 1005d0, addr: 0, data: 0)
             exe-1050008 [001] .N... 1635887.667796: sys_ptrace -> 0x0
             exe-1050064 [001] ..... 1635887.667811: sys_pwritev2 -> 0xffffffffffffffe3
             exe-1050008 [001] ..... 1635887.667839: sys_wait4(upid: 1005d0, stat_addr: c000697bf4, options: 40000002, ru: 0)
             exe-1050008 [001] ..... 1635887.667843: sys_wait4 -> 0x1005d0
             exe-1050008 [001] ..... 1635887.667847: sys_ptrace(request: 4204, pid: 1005d0, addr: 1, data: c000697c70)
             exe-1050008 [001] ..... 1635887.667853: sys_ptrace -> 0x0
             exe-1050008 [001] ..... 1635887.667855: sys_ptrace(request: 4204, pid: 1005d0, addr: 202, data: c000697c70)
             exe-1050008 [001] ..... 1635887.667859: sys_ptrace -> 0x0
             exe-1050008 [001] ..... 1635887.667878: sys_pwrite64(fd: 63, buf: 7fd66ed5f080, count: 67, pos: 69)
             exe-1050008 [001] ..... 1635887.667882: tracing_mark_write: pwritev2(fd=20, vec=0x55707fd1caf0, vlen=1, pos_l=0xd9d9d9d9, pos_h=0x400000, flags=0x7f953ae19d30) end
             exe-1050008 [000] ..... 1635887.750527: tracing_mark_write: pwritev2(fd=20, vec=0x55707fd1caf0, vlen=1, pos_l=-5, pos_h=52, flags=0x7f953ae19d30) start
             exe-1050008 [000] ..... 1635887.750530: sys_pwrite64 -> 0x5b
             exe-1050008 [000] ..... 1635887.750537: sys_ptrace(request: 4205, pid: 1005d0, addr: 1, data: c000697c70)
             exe-1050008 [000] ..... 1635887.750540: sys_ptrace -> 0x0
             exe-1050008 [000] ..... 1635887.750542: sys_ptrace(request: 4205, pid: 1005d0, addr: 202, data: c000697c70)
             exe-1050008 [000] ..... 1635887.750554: sys_ptrace -> 0x0
             exe-1050008 [000] ..... 1635887.750555: sys_ptrace(request: 1f, pid: 1005d0, addr: 0, data: 0)
             exe-1050008 [000] .N... 1635887.750564: sys_ptrace -> 0x0
             exe-1050064 [000] ..... 1635887.750575: sys_write -> 0x5b
             exe-1049673 [001] ..... 1635887.750582: sys_nanosleep -> 0x0
             exe-1049673 [001] ..... 1635887.750585: sys_futex(uaddr: 1f09dc0, op: 80, val: 0, utime: c000069eb0, uaddr2: 0, val3: 0)
             exe-1050008 [000] ..... 1635887.750628: sys_wait4(upid: 1005d0, stat_addr: c000697bf4, options: 40000002, ru: 0)
             exe-1050008 [000] ..... 1635887.750632: sys_wait4 -> 0x1005d0
             exe-1050008 [000] ..... 1635887.750636: sys_ptrace(request: 4204, pid: 1005d0, addr: 1, data: c000697c70)
             exe-1050008 [000] ..... 1635887.750642: sys_ptrace -> 0x0
             exe-1050008 [000] ..... 1635887.750645: sys_ptrace(request: 4204, pid: 1005d0, addr: 202, data: c000697c70)
             exe-1050008 [000] ..... 1635887.750649: sys_ptrace -> 0x0
             exe-1050008 [000] ..... 1635887.750667: sys_ptrace(request: 4205, pid: 1005d0, addr: 1, data: c000697c70)
             exe-1050008 [000] ..... 1635887.750673: sys_ptrace -> 0x0
             exe-1050008 [000] ..... 1635887.750675: sys_ptrace(request: 4205, pid: 1005d0, addr: 202, data: c000697c70)
             exe-1050008 [000] ..... 1635887.750693: sys_ptrace -> 0x0
             exe-1050008 [000] ..... 1635887.750696: sys_ptrace(request: 1f, pid: 1005d0, addr: 0, data: 0)
             exe-1050008 [000] .N... 1635887.750709: sys_ptrace -> 0x0
             exe-1050064 [000] ..... 1635887.750723: sys_pwritev2 -> 0xffffffffffffffea
             exe-1050008 [000] ..... 1635887.750751: sys_wait4(upid: 1005d0, stat_addr: c000697bf4, options: 40000002, ru: 0)
             exe-1050008 [000] ..... 1635887.750771: sys_wait4 -> 0x1005d0
             exe-1050008 [000] ..... 1635887.750774: sys_ptrace(request: 4204, pid: 1005d0, addr: 1, data: c000697c70)
             exe-1050008 [000] ..... 1635887.750780: sys_ptrace -> 0x0
             exe-1050008 [000] ..... 1635887.750782: sys_ptrace(request: 4204, pid: 1005d0, addr: 202, data: c000697c70)
             exe-1050008 [000] ..... 1635887.750785: sys_ptrace -> 0x0
             exe-1049896 [002] ..... 1635887.750793: sys_epoll_pwait -> 0x0
             exe-1050008 [000] ..... 1635887.750802: sys_pwrite64(fd: 63, buf: 7fd66ed5f080, count: 59, pos: 5b)
             exe-1050008 [000] ..... 1635887.750805: tracing_mark_write: pwritev2(fd=20, vec=0x55707fd1caf0, vlen=1, pos_l=-5, pos_h=52, flags=0x7f953ae19d30) end
             exe-1050008 [000] ..... 1635887.846016: tracing_mark_write: pwritev2(fd=20, vec=0x55707fcd5a80, vlen=102, pos_l=1680, pos_h=-9, flags=0x7f953ae19d30) start
             exe-1050008 [000] ..... 1635887.846032: sys_pwrite64 -> 0x5f
             exe-1050008 [000] ..... 1635887.846039: sys_ptrace(request: 4205, pid: 1005d0, addr: 1, data: c000697c70)
             exe-1050008 [000] ..... 1635887.846042: sys_ptrace -> 0x0
             exe-1050008 [000] ..... 1635887.846043: sys_ptrace(request: 4205, pid: 1005d0, addr: 202, data: c000697c70)
             exe-1050008 [000] ..... 1635887.846054: sys_ptrace -> 0x0
             exe-1050008 [000] ..... 1635887.846055: sys_ptrace(request: 1f, pid: 1005d0, addr: 0, data: 0)
             exe-1050008 [000] .N... 1635887.846062: sys_ptrace -> 0x0
             exe-1049673 [001] ..... 1635887.846064: sys_nanosleep -> 0x0
             exe-1049673 [001] ..... 1635887.846067: sys_nanosleep(rqtp: c000069f10, rmtp: 0)
             exe-1050064 [000] ..... 1635887.846071: sys_write -> 0x5f
             exe-1050008 [000] ..... 1635887.846089: sys_wait4(upid: 1005d0, stat_addr: c000697bf4, options: 40000002, ru: 0)
             exe-1050008 [000] ..... 1635887.846092: sys_wait4 -> 0x1005d0
             exe-1050008 [000] ..... 1635887.846094: sys_ptrace(request: 4204, pid: 1005d0, addr: 1, data: c000697c70)
             exe-1050008 [000] ..... 1635887.846097: sys_ptrace -> 0x0
             exe-1050008 [000] ..... 1635887.846098: sys_ptrace(request: 4204, pid: 1005d0, addr: 202, data: c000697c70)
             exe-1050008 [000] ..... 1635887.846100: sys_ptrace -> 0x0
             exe-1049673 [001] ..... 1635887.846159: sys_nanosleep -> 0x0
             exe-1049673 [001] ..... 1635887.846161: sys_nanosleep(rqtp: c000069f10, rmtp: 0)
             exe-1050008 [000] ..... 1635887.846167: sys_ptrace(request: 4205, pid: 1005d0, addr: 1, data: c000697c70)
             exe-1050008 [000] ..... 1635887.846170: sys_ptrace -> 0x0
             exe-1050008 [000] ..... 1635887.846171: sys_ptrace(request: 4205, pid: 1005d0, addr: 202, data: c000697c70)
             exe-1050008 [000] ..... 1635887.846181: sys_ptrace -> 0x0
             exe-1050008 [000] ..... 1635887.846183: sys_ptrace(request: 1f, pid: 1005d0, addr: 0, data: 0)
             exe-1050008 [000] .N... 1635887.846189: sys_ptrace -> 0x0
             exe-1050064 [000] ..... 1635887.846198: sys_pwritev2 -> 0xffffffffffffffe3
             exe-1050008 [000] ..... 1635887.846217: sys_wait4(upid: 1005d0, stat_addr: c000697bf4, options: 40000002, ru: 0)
             exe-1050008 [000] ..... 1635887.846219: sys_wait4 -> 0x1005d0
             exe-1050008 [000] ..... 1635887.846221: sys_ptrace(request: 4204, pid: 1005d0, addr: 1, data: c000697c70)
             exe-1050008 [000] ..... 1635887.846224: sys_ptrace -> 0x0
             exe-1050008 [000] ..... 1635887.846225: sys_ptrace(request: 4204, pid: 1005d0, addr: 202, data: c000697c70)
             exe-1050008 [000] ..... 1635887.846227: sys_ptrace -> 0x0
             exe-1050008 [000] ..... 1635887.846236: sys_pwrite64(fd: 63, buf: 7fd66ed5f080, count: 5d, pos: 5f)
             exe-1050008 [000] ..... 1635887.846238: tracing_mark_write: pwritev2(fd=20, vec=0x55707fcd5a80, vlen=102, pos_l=1680, pos_h=-9, flags=0x7f953ae19d30) end
             exe-1050008 [000] ..... 1635887.906893: tracing_mark_write: pwritev2(fd=20, vec=0x55707fd1caf0, vlen=1, pos_l=0xffc6, pos_h=219, flags=0x55707fd05af1) start
             exe-1050008 [000] ..... 1635887.906895: sys_pwrite64 -> 0x60
             exe-1050008 [000] ..... 1635887.906901: sys_ptrace(request: 4205, pid: 1005d0, addr: 1, data: c000697c70)
             exe-1050008 [000] ..... 1635887.906904: sys_ptrace -> 0x0
             exe-1050008 [000] ..... 1635887.906906: sys_ptrace(request: 4205, pid: 1005d0, addr: 202, data: c000697c70)
             exe-1050008 [000] ..... 1635887.906917: sys_ptrace -> 0x0
             exe-1050008 [000] ..... 1635887.906919: sys_ptrace(request: 1f, pid: 1005d0, addr: 0, data: 0)
             exe-1050008 [000] .N... 1635887.906926: sys_ptrace -> 0x0
             exe-1049567 [002] ..... 1635887.906931: sys_nanosleep -> 0x0
             exe-1049567 [002] ..... 1635887.906936: sys_nanosleep(rqtp: c000069f10, rmtp: 0)
             exe-1050064 [000] ..... 1635887.906937: sys_write -> 0x60
             exe-1050008 [000] ..... 1635887.906956: sys_wait4(upid: 1005d0, stat_addr: c000697bf4, options: 40000002, ru: 0)
             exe-1049673 [003] ..... 1635887.906957: sys_nanosleep -> 0x0
             exe-1050008 [000] ..... 1635887.906959: sys_wait4 -> 0x1005d0
             exe-1049673 [003] ..... 1635887.906959: sys_nanosleep(rqtp: c000069f10, rmtp: 0)
             exe-1050008 [000] ..... 1635887.906961: sys_ptrace(request: 4204, pid: 1005d0, addr: 1, data: c000697c70)
             exe-1050008 [000] ..... 1635887.906965: sys_ptrace -> 0x0
             exe-1050008 [000] ..... 1635887.906967: sys_ptrace(request: 4204, pid: 1005d0, addr: 202, data: c000697c70)
             exe-1050008 [000] ..... 1635887.906969: sys_ptrace -> 0x0
             exe-1050008 [000] ..... 1635887.906982: sys_ptrace(request: 4205, pid: 1005d0, addr: 1, data: c000697c70)
             exe-1050008 [000] ..... 1635887.906984: sys_ptrace -> 0x0
             exe-1050008 [000] ..... 1635887.906986: sys_ptrace(request: 4205, pid: 1005d0, addr: 202, data: c000697c70)
             exe-1050008 [000] ..... 1635887.906996: sys_ptrace -> 0x0
             exe-1050008 [000] ..... 1635887.906998: sys_ptrace(request: 1f, pid: 1005d0, addr: 0, data: 0)
             exe-1050008 [000] .N... 1635887.907005: sys_ptrace -> 0x0
             exe-1050064 [000] ..... 1635887.907016: sys_pwritev2 -> 0xffffffffffffffe3
             exe-1049567 [002] ..... 1635887.907034: sys_nanosleep -> 0x0
             exe-1050008 [000] ..... 1635887.907036: sys_wait4(upid: 1005d0, stat_addr: c000697bf4, options: 40000002, ru: 0)
             exe-1050008 [000] ..... 1635887.907038: sys_wait4 -> 0x1005d0
             exe-1049567 [002] ..... 1635887.907039: sys_nanosleep(rqtp: c000069f10, rmtp: 0)
             exe-1050008 [000] ..... 1635887.907041: sys_ptrace(request: 4204, pid: 1005d0, addr: 1, data: c000697c70)
             exe-1050008 [000] ..... 1635887.907044: sys_ptrace -> 0x0
             exe-1050008 [000] ..... 1635887.907046: sys_ptrace(request: 4204, pid: 1005d0, addr: 202, data: c000697c70)
             exe-1050008 [000] ..... 1635887.907048: sys_ptrace -> 0x0
             exe-1049673 [003] ..... 1635887.907051: sys_nanosleep -> 0x0
             exe-1049673 [003] ..... 1635887.907053: sys_nanosleep(rqtp: c000069f10, rmtp: 0)
             exe-1050008 [000] ..... 1635887.907057: sys_pwrite64(fd: 63, buf: 7fd66ed5f080, count: 5e, pos: 60)
             exe-1050008 [000] ..... 1635887.907059: tracing_mark_write: pwritev2(fd=20, vec=0x55707fd1caf0, vlen=1, pos_l=0xffc6, pos_h=219, flags=0x55707fd05af1) end
             exe-1050008 [000] ..... 1635887.968444: tracing_mark_write: pwritev2(fd=123, vec=0x55707fd1caf0, vlen=1, pos_l=0x4442cc0110, pos_h=0x78787878, flags=0x55707fd05af1) start
             exe-1050008 [000] ..... 1635887.968445: sys_pwrite64 -> 0x6e
             exe-1049673 [003] ..... 1635887.968446: sys_futex(uaddr: c00005b148, op: 81, val: 1, utime: 0, uaddr2: 0, val3: 0)
             exe-1050008 [000] ..... 1635887.968451: sys_ptrace(request: 4205, pid: 1005d0, addr: 1, data: c000697c70)
             exe-1050008 [000] ..... 1635887.968453: sys_ptrace -> 0x0
             exe-1050008 [000] ..... 1635887.968455: sys_ptrace(request: 4205, pid: 1005d0, addr: 202, data: c000697c70)
             exe-1049673 [003] .N... 1635887.968457: sys_futex -> 0x1
             exe-1049688 [003] ..... 1635887.968461: sys_futex -> 0x0
             exe-1050008 [000] ..... 1635887.968464: sys_ptrace -> 0x0
             exe-1050008 [000] ..... 1635887.968466: sys_ptrace(request: 1f, pid: 1005d0, addr: 0, data: 0)
             exe-1049688 [003] ..... 1635887.968467: sys_futex(uaddr: c00005b148, op: 80, val: 0, utime: 0, uaddr2: 0, val3: 0)
             exe-1050008 [000] .N... 1635887.968472: sys_ptrace -> 0x0
             exe-1049673 [003] ..... 1635887.968475: sys_nanosleep(rqtp: c000069f10, rmtp: 0)
             exe-1050064 [000] ..... 1635887.968482: sys_write -> 0x6e
             exe-1050008 [000] ..... 1635887.968499: sys_wait4(upid: 1005d0, stat_addr: c000697bf4, options: 40000002, ru: 0)
             exe-1050008 [000] ..... 1635887.968501: sys_wait4 -> 0x1005d0
             exe-1050008 [000] ..... 1635887.968504: sys_ptrace(request: 4204, pid: 1005d0, addr: 1, data: c000697c70)
             exe-1050008 [000] ..... 1635887.968507: sys_ptrace -> 0x0
             exe-1050008 [000] ..... 1635887.968508: sys_ptrace(request: 4204, pid: 1005d0, addr: 202, data: c000697c70)
             exe-1050008 [000] ..... 1635887.968511: sys_ptrace -> 0x0
             exe-1050008 [000] ..... 1635887.968522: sys_ptrace(request: 4205, pid: 1005d0, addr: 1, data: c000697c70)
             exe-1050008 [000] ..... 1635887.968524: sys_ptrace -> 0x0
             exe-1050008 [000] ..... 1635887.968525: sys_ptrace(request: 4205, pid: 1005d0, addr: 202, data: c000697c70)
             exe-1050008 [000] ..... 1635887.968534: sys_ptrace -> 0x0
             exe-1050008 [000] ..... 1635887.968536: sys_ptrace(request: 1f, pid: 1005d0, addr: 0, data: 0)
             exe-1050008 [000] .N... 1635887.968542: sys_ptrace -> 0x0
             exe-1050064 [000] ..... 1635887.968551: sys_pwritev2 -> 0xfffffffffffffff7
             exe-1050008 [000] ..... 1635887.968570: sys_wait4(upid: 1005d0, stat_addr: c000697bf4, options: 40000002, ru: 0)
             exe-1050008 [000] ..... 1635887.968572: sys_wait4 -> 0x1005d0
             exe-1050008 [000] ..... 1635887.968574: sys_ptrace(request: 4204, pid: 1005d0, addr: 1, data: c000697c70)
             exe-1050008 [000] ..... 1635887.968577: sys_ptrace -> 0x0
             exe-1050008 [000] ..... 1635887.968578: sys_ptrace(request: 4204, pid: 1005d0, addr: 202, data: c000697c70)
             exe-1050008 [000] ..... 1635887.968581: sys_ptrace -> 0x0
             exe-1049673 [003] ..... 1635887.968582: sys_nanosleep -> 0x0
             exe-1049673 [003] ..... 1635887.968586: sys_futex(uaddr: 1f09dc0, op: 80, val: 0, utime: c000069eb0, uaddr2: 0, val3: 0)
             exe-1050008 [000] ..... 1635887.968589: sys_pwrite64(fd: 63, buf: 7fd66ed5f080, count: 6c, pos: 6e)
             exe-1050008 [000] ..... 1635887.968590: tracing_mark_write: pwritev2(fd=123, vec=0x55707fd1caf0, vlen=1, pos_l=0x4442cc0110, pos_h=0x78787878, flags=0x55707fd05af1) end
             exe-1050008 [000] ..... 1635888.047533: tracing_mark_write: pwritev2(fd=123, vec=0x55707fd1caf0, vlen=1, pos_l=156, pos_h=-6, flags=0x55707fd05af1) start
             exe-1050008 [000] ..... 1635888.047535: sys_pwrite64 -> 0x5d
             exe-1050008 [000] ..... 1635888.047541: sys_ptrace(request: 4205, pid: 1005d0, addr: 1, data: c000697c70)
             exe-1050008 [000] ..... 1635888.047544: sys_ptrace -> 0x0
             exe-1050008 [000] ..... 1635888.047545: sys_ptrace(request: 4205, pid: 1005d0, addr: 202, data: c000697c70)
             exe-1049673 [001] ..... 1635888.047547: sys_nanosleep -> 0x0
             exe-1049673 [001] ..... 1635888.047552: sys_nanosleep(rqtp: c000069f10, rmtp: 0)
             exe-1049567 [002] ..... 1635888.047553: sys_nanosleep -> 0x0
             exe-1050008 [000] ..... 1635888.047555: sys_ptrace -> 0x0
             exe-1050008 [000] ..... 1635888.047556: sys_ptrace(request: 1f, pid: 1005d0, addr: 0, data: 0)
             exe-1049567 [002] ..... 1635888.047557: sys_nanosleep(rqtp: c000069f10, rmtp: 0)
             exe-1050008 [000] .N... 1635888.047563: sys_ptrace -> 0x0
             exe-1050064 [000] ..... 1635888.047573: sys_write -> 0x5d
             exe-1050008 [000] ..... 1635888.047590: sys_wait4(upid: 1005d0, stat_addr: c000697bf4, options: 40000002, ru: 0)
             exe-1050008 [000] ..... 1635888.047592: sys_wait4 -> 0x1005d0
             exe-1050008 [000] ..... 1635888.047595: sys_ptrace(request: 4204, pid: 1005d0, addr: 1, data: c000697c70)
             exe-1050008 [000] ..... 1635888.047598: sys_ptrace -> 0x0
             exe-1050008 [000] ..... 1635888.047599: sys_ptrace(request: 4204, pid: 1005d0, addr: 202, data: c000697c70)
             exe-1050008 [000] ..... 1635888.047602: sys_ptrace -> 0x0
             exe-1050008 [000] ..... 1635888.047632: sys_ptrace(request: 4205, pid: 1005d0, addr: 1, data: c000697c70)
             exe-1050008 [000] ..... 1635888.047635: sys_ptrace -> 0x0
             exe-1050008 [000] ..... 1635888.047637: sys_ptrace(request: 4205, pid: 1005d0, addr: 202, data: c000697c70)
             exe-1050008 [000] ..... 1635888.047647: sys_ptrace -> 0x0
             exe-1050008 [000] ..... 1635888.047648: sys_ptrace(request: 1f, pid: 1005d0, addr: 0, data: 0)
             exe-1049567 [002] ..... 1635888.047651: sys_nanosleep -> 0x0
             exe-1050008 [000] .N... 1635888.047655: sys_ptrace -> 0x0
             exe-1049567 [002] ..... 1635888.047655: sys_nanosleep(rqtp: c000069f10, rmtp: 0)
             exe-1050064 [000] ..... 1635888.047665: sys_pwritev2 -> 0xfffffffffffffff7
             exe-1049673 [001] ..... 1635888.047674: sys_nanosleep -> 0x0
             exe-1049673 [001] ..... 1635888.047679: sys_nanosleep(rqtp: c000069f10, rmtp: 0)
             exe-1050008 [000] ..... 1635888.047684: sys_wait4(upid: 1005d0, stat_addr: c000697bf4, options: 40000002, ru: 0)
             exe-1050008 [000] ..... 1635888.047687: sys_wait4 -> 0x1005d0
             exe-1050008 [000] ..... 1635888.047689: sys_ptrace(request: 4204, pid: 1005d0, addr: 1, data: c000697c70)
             exe-1050008 [000] ..... 1635888.047692: sys_ptrace -> 0x0
             exe-1050008 [000] ..... 1635888.047694: sys_ptrace(request: 4204, pid: 1005d0, addr: 202, data: c000697c70)
             exe-1050008 [000] ..... 1635888.047696: sys_ptrace -> 0x0
             exe-1050008 [000] ..... 1635888.047705: sys_pwrite64(fd: 63, buf: 7fd66ed5f080, count: 5b, pos: 5d)
             exe-1050008 [000] ..... 1635888.047706: tracing_mark_write: pwritev2(fd=123, vec=0x55707fd1caf0, vlen=1, pos_l=156, pos_h=-6, flags=0x55707fd05af1) end
             exe-1050008 [001] ..... 1635888.118373: tracing_mark_write: pwritev2(fd=123, vec=0x55707fd1caf0, vlen=1, pos_l=32, pos_h=11565, flags=0x55707fd05af1) start
             exe-1050008 [001] .N... 1635888.118414: sys_pwrite64 -> 0x5f
             exe-1050008 [001] ..... 1635888.118468: sys_ptrace(request: 4205, pid: 1005d0, addr: 1, data: c000697c70)
             exe-1050008 [001] ..... 1635888.118473: sys_ptrace -> 0x0
             exe-1050008 [001] ..... 1635888.118475: sys_ptrace(request: 4205, pid: 1005d0, addr: 202, data: c000697c70)
             exe-1050008 [001] ..... 1635888.118488: sys_ptrace -> 0x0
             exe-1050008 [001] ..... 1635888.118490: sys_ptrace(request: 1f, pid: 1005d0, addr: 0, data: 0)
             exe-1050064 [000] ..... 1635888.118528: sys_write -> 0x5f
             exe-1050008 [001] .N... 1635888.118528: sys_ptrace -> 0x0
             exe-1050282 [003] ..... 1635888.118562: sys_epoll_pwait -> 0x0
             exe-1050008 [001] ..... 1635888.118572: sys_wait4(upid: 1005d0, stat_addr: c000697bf4, options: 40000002, ru: 0)
             exe-1050008 [001] ..... 1635888.118576: sys_wait4 -> 0x1005d0
             exe-1050282 [003] ..... 1635888.118576: sys_futex(uaddr: c00097a548, op: 81, val: 1, utime: 0, uaddr2: 0, val3: 0)
             exe-1050008 [001] ..... 1635888.118578: sys_ptrace(request: 4204, pid: 1005d0, addr: 1, data: c000697c70)
             exe-1050008 [001] ..... 1635888.118582: sys_ptrace -> 0x0
             exe-1050008 [001] ..... 1635888.118584: sys_ptrace(request: 4204, pid: 1005d0, addr: 202, data: c000697c70)
             exe-1050282 [003] ..... 1635888.118585: sys_futex -> 0x1
             exe-1050008 [001] ..... 1635888.118587: sys_ptrace -> 0x0
             exe-1050282 [003] ..... 1635888.118601: sys_epoll_pwait(epfd: 11, events: c000695840, maxevents: 80, timeout: 9, sigmask: 0, sigsetsize: 0)
             exe-1050008 [001] ..... 1635888.118602: sys_ptrace(request: 4205, pid: 1005d0, addr: 1, data: c000697c70)
             exe-1050008 [001] ..... 1635888.118605: sys_ptrace -> 0x0
             exe-1050008 [001] ..... 1635888.118606: sys_ptrace(request: 4205, pid: 1005d0, addr: 202, data: c000697c70)
             exe-1049981 [003] ..... 1635888.118611: sys_futex -> 0x0
             exe-1049981 [003] ..... 1635888.118617: sys_futex(uaddr: c00097a548, op: 80, val: 0, utime: 0, uaddr2: 0, val3: 0)
             exe-1050008 [001] .N... 1635888.118645: sys_ptrace -> 0x0
             exe-1050008 [001] ..... 1635888.118688: sys_ptrace(request: 1f, pid: 1005d0, addr: 0, data: 0)
             exe-1050008 [001] ..... 1635888.118703: sys_ptrace -> 0x0
             exe-1050008 [001] ..... 1635888.118706: sys_wait4(upid: 1005d0, stat_addr: c000697bf4, options: 40000002, ru: 0)
             exe-1050064 [000] ..... 1635888.118718: sys_pwritev2 -> 0xfffffffffffffff7
