             exe-1050008 [002] ..... 1635889.569313: sys_wait4(upid: 1005d0, stat_addr: c000697bf4, options: 40000002, ru: 0)
             exe-1050008 [002] ..... 1635889.569315: sys_wait4 -> 0x1005d0
             exe-1050008 [002] ..... 1635889.569316: sys_ptrace(request: 4204, pid: 1005d0, addr: 1, data: c000697c70)
             exe-1050008 [002] ..... 1635889.569319: sys_ptrace -> 0x0
             exe-1050008 [002] ..... 1635889.569320: sys_ptrace(request: 4204, pid: 1005d0, addr: 202, data: c000697c70)
             exe-1050008 [002] ..... 1635889.569321: sys_ptrace -> 0x0
             exe-1050008 [002] ..... 1635889.569331: sys_ptrace(request: 4205, pid: 1005d0, addr: 1, data: c000697c70)
             exe-1050008 [002] ..... 1635889.569333: sys_ptrace -> 0x0
             exe-1050008 [002] ..... 1635889.569334: sys_ptrace(request: 4205, pid: 1005d0, addr: 202, data: c000697c70)
             exe-1050008 [002] ..... 1635889.569341: sys_ptrace -> 0x0
             exe-1050008 [002] ..... 1635889.569342: sys_ptrace(request: 1f, pid: 1005d0, addr: 0, data: 0)
             exe-1049567 [000] ..... 1635889.569343: sys_nanosleep -> 0x0
             exe-1050008 [002] .N... 1635889.569347: sys_ptrace -> 0x0
             exe-1049567 [000] ..... 1635889.569350: sys_nanosleep(rqtp: c000069f10, rmtp: 0)
             exe-1050064 [002] ..... 1635889.569354: sys_pwritev2 -> 0xffffffffffffffe3
             exe-1050008 [002] ..... 1635889.569367: sys_wait4(upid: 1005d0, stat_addr: c000697bf4, options: 40000002, ru: 0)
             exe-1050008 [002] ..... 1635889.569368: sys_wait4 -> 0x1005d0
             exe-1050008 [002] ..... 1635889.569370: sys_ptrace(request: 4204, pid: 1005d0, addr: 1, data: c000697c70)
             exe-1050008 [002] ..... 1635889.569373: sys_ptrace -> 0x0
             exe-1050008 [002] ..... 1635889.569374: sys_ptrace(request: 4204, pid: 1005d0, addr: 202, data: c000697c70)
             exe-1050008 [002] ..... 1635889.569376: sys_ptrace -> 0x0
             exe-1050008 [002] ..... 1635889.569382: sys_pwrite64(fd: 63, buf: 7fd66ed5f080, count: 56, pos: 58)
             exe-1050008 [002] ..... 1635889.569383: tracing_mark_write: pwritev2(fd=282, vec=0x55707fd1caf0, vlen=1, pos_l=9288, pos_h=0x80000, flags=0x2) end
             exe-1050008 [002] ..... 1635889.621042: tracing_mark_write: pwritev2(fd=282, vec=0x55707fd1caf0, vlen=1, pos_l=512, pos_h=0xffffffff0b0b0b0c, flags=0x2) start
             exe-1050008 [002] ..... 1635889.621044: sys_pwrite64 -> 0x62
             exe-1050008 [002] ..... 1635889.621052: sys_ptrace(request: 4205, pid: 1005d0, addr: 1, data: c000697c70)
             exe-1050008 [002] ..... 1635889.621055: sys_ptrace -> 0x0
             exe-1050008 [002] ..... 1635889.621057: sys_ptrace(request: 4205, pid: 1005d0, addr: 202, data: c000697c70)
             exe-1049567 [000] ..... 1635889.621066: sys_nanosleep -> 0x0
             exe-1050008 [002] ..... 1635889.621068: sys_ptrace -> 0x0
             exe-1050008 [002] ..... 1635889.621070: sys_ptrace(request: 1f, pid: 1005d0, addr: 0, data: 0)
             exe-1049567 [000] ..... 1635889.621075: sys_nanosleep(rqtp: c000069f10, rmtp: 0)
             exe-1050008 [002] .N... 1635889.621077: sys_ptrace -> 0x0
             exe-1050064 [002] ..... 1635889.621088: sys_write -> 0x62
             exe-1050008 [002] ..... 1635889.621110: sys_wait4(upid: 1005d0, stat_addr: c000697bf4, options: 40000002, ru: 0)
             exe-1050008 [002] ..... 1635889.621113: sys_wait4 -> 0x1005d0
             exe-1050008 [002] ..... 1635889.621115: sys_ptrace(request: 4204, pid: 1005d0, addr: 1, data: c000697c70)
             exe-1050008 [002] ..... 1635889.621119: sys_ptrace -> 0x0
             exe-1050008 [002] ..... 1635889.621121: sys_ptrace(request: 4204, pid: 1005d0, addr: 202, data: c000697c70)
             exe-1050008 [002] ..... 1635889.621124: sys_ptrace -> 0x0
             exe-1050008 [002] ..... 1635889.621136: sys_ptrace(request: 4205, pid: 1005d0, addr: 1, data: c000697c70)
             exe-1050008 [002] ..... 1635889.621138: sys_ptrace -> 0x0
             exe-1050008 [002] ..... 1635889.621140: sys_ptrace(request: 4205, pid: 1005d0, addr: 202, data: c000697c70)
             exe-1050008 [002] ..... 1635889.621150: sys_ptrace -> 0x0
             exe-1050008 [002] ..... 1635889.621152: sys_ptrace(request: 1f, pid: 1005d0, addr: 0, data: 0)
             exe-1050008 [002] .N... 1635889.621160: sys_ptrace -> 0x0
             exe-1050064 [002] ..... 1635889.621171: sys_pwritev2 -> 0xffffffffffffffe3
             exe-1049567 [000] ..... 1635889.621184: sys_nanosleep -> 0x0
             exe-1049567 [000] ..... 1635889.621189: sys_nanosleep(rqtp: c000069f10, rmtp: 0)
             exe-1050008 [002] ..... 1635889.621191: sys_wait4(upid: 1005d0, stat_addr: c000697bf4, options: 40000002, ru: 0)
             exe-1050008 [002] ..... 1635889.621193: sys_wait4 -> 0x1005d0
             exe-1050008 [002] ..... 1635889.621196: sys_ptrace(request: 4204, pid: 1005d0, addr: 1, data: c000697c70)
             exe-1050008 [002] ..... 1635889.621199: sys_ptrace -> 0x0
             exe-1050008 [002] ..... 1635889.621201: sys_ptrace(request: 4204, pid: 1005d0, addr: 202, data: c000697c70)
             exe-1050008 [002] ..... 1635889.621203: sys_ptrace -> 0x0
             exe-1050008 [002] ..... 1635889.621213: sys_pwrite64(fd: 63, buf: 7fd66ed5f080, count: 60, pos: 62)
             exe-1050008 [002] ..... 1635889.621214: tracing_mark_write: pwritev2(fd=282, vec=0x55707fd1caf0, vlen=1, pos_l=512, pos_h=0xffffffff0b0b0b0c, flags=0x2) end
             exe-1050008 [002] ..... 1635889.712418: tracing_mark_write: pwritev2(fd=145, vec=0x55707fcd5a80, vlen=112, pos_l=0xb8ba000, pos_h=0x60004000, flags=0x2) start
             exe-1050008 [002] ..... 1635889.712420: sys_pwrite64 -> 0x62
             exe-1049688 [001] ..... 1635889.712424: sys_futex(uaddr: c00005b148, op: 80, val: 0, utime: 0, uaddr2: 0, val3: 0)
             exe-1050008 [002] ..... 1635889.712425: sys_ptrace(request: 4205, pid: 1005d0, addr: 1, data: c000697c70)
             exe-1050008 [002] ..... 1635889.712428: sys_ptrace -> 0x0
             exe-1050008 [002] ..... 1635889.712429: sys_ptrace(request: 4205, pid: 1005d0, addr: 202, data: c000697c70)
             exe-1050008 [002] ..... 1635889.712439: sys_ptrace -> 0x0
             exe-1050008 [002] ..... 1635889.712440: sys_ptrace(request: 1f, pid: 1005d0, addr: 0, data: 0)
             exe-1050008 [002] .N... 1635889.712447: sys_ptrace -> 0x0
             exe-1050064 [002] ..... 1635889.712457: sys_write -> 0x62
             exe-1050008 [002] ..... 1635889.712473: sys_wait4(upid: 1005d0, stat_addr: c000697bf4, options: 40000002, ru: 0)
             exe-1050008 [002] ..... 1635889.712476: sys_wait4 -> 0x1005d0
             exe-1050008 [002] ..... 1635889.712478: sys_ptrace(request: 4204, pid: 1005d0, addr: 1, data: c000697c70)
             exe-1050008 [002] ..... 1635889.712481: sys_ptrace -> 0x0
             exe-1050008 [002] ..... 1635889.712483: sys_ptrace(request: 4204, pid: 1005d0, addr: 202, data: c000697c70)
             exe-1050008 [002] ..... 1635889.712485: sys_ptrace -> 0x0
             exe-1049673 [003] ..... 1635889.712489: sys_nanosleep -> 0x0
             exe-1049673 [003] ..... 1635889.712493: sys_futex(uaddr: 1f09dc0, op: 80, val: 0, utime: c000069eb0, uaddr2: 0, val3: 0)
             exe-1050008 [002] ..... 1635889.712537: sys_ptrace(request: 4205, pid: 1005d0, addr: 1, data: c000697c70)
             exe-1050008 [002] ..... 1635889.712540: sys_ptrace -> 0x0
             exe-1050008 [002] ..... 1635889.712541: sys_ptrace(request: 4205, pid: 1005d0, addr: 202, data: c000697c70)
             exe-1050008 [002] ..... 1635889.712552: sys_ptrace -> 0x0
             exe-1050008 [002] ..... 1635889.712553: sys_ptrace(request: 1f, pid: 1005d0, addr: 0, data: 0)
             exe-1050008 [002] .N... 1635889.712560: sys_ptrace -> 0x0
             exe-1050064 [002] ..... 1635889.712570: sys_pwritev2 -> 0xfffffffffffffff7
             exe-1050008 [002] ..... 1635889.712588: sys_wait4(upid: 1005d0, stat_addr: c000697bf4, options: 40000002, ru: 0)
             exe-1050008 [002] ..... 1635889.712591: sys_wait4 -> 0x1005d0
             exe-1050008 [002] ..... 1635889.712593: sys_ptrace(request: 4204, pid: 1005d0, addr: 1, data: c000697c70)
             exe-1050008 [002] ..... 1635889.712597: sys_ptrace -> 0x0
             exe-1050008 [002] ..... 1635889.712598: sys_ptrace(request: 4204, pid: 1005d0, addr: 202, data: c000697c70)
             exe-1050008 [002] ..... 1635889.712600: sys_ptrace -> 0x0
             exe-1050008 [002] ..... 1635889.712609: sys_pwrite64(fd: 63, buf: 7fd66ed5f080, count: 60, pos: 62)
             exe-1050008 [002] ..... 1635889.712611: tracing_mark_write: pwritev2(fd=145, vec=0x55707fcd5a80, vlen=112, pos_l=0xb8ba000, pos_h=0x60004000, flags=0x2) end
             exe-1050008 [002] ..... 1635889.774667: tracing_mark_write: pwritev2(fd=145, vec=0x55707fcd5a80, vlen=18, pos_l=4096, pos_h=-5, flags=0x23) start
             exe-1050008 [002] ..... 1635889.774669: sys_pwrite64 -> 0x55
             exe-1050008 [002] ..... 1635889.774676: sys_ptrace(request: 4205, pid: 1005d0, addr: 1, data: c000697c70)
             exe-1050008 [002] ..... 1635889.774678: sys_ptrace -> 0x0
             exe-1050008 [002] ..... 1635889.774680: sys_ptrace(request: 4205, pid: 1005d0, addr: 202, data: c000697c70)
             exe-1050008 [002] ..... 1635889.774691: sys_ptrace -> 0x0
             exe-1050008 [002] ..... 1635889.774693: sys_ptrace(request: 1f, pid: 1005d0, addr: 0, data: 0)
             exe-1049673 [000] ..... 1635889.774696: sys_nanosleep -> 0x0
             exe-1049673 [000] ..... 1635889.774700: sys_nanosleep(rqtp: c000069f10, rmtp: 0)
             exe-1050008 [002] .N... 1635889.774701: sys_ptrace -> 0x0
             exe-1050064 [002] ..... 1635889.774712: sys_write -> 0x55
             exe-1050008 [002] ..... 1635889.774735: sys_wait4(upid: 1005d0, stat_addr: c000697bf4, options: 40000002, ru: 0)
             exe-1050008 [002] ..... 1635889.774739: sys_wait4 -> 0x1005d0
             exe-1050008 [002] ..... 1635889.774742: sys_ptrace(request: 4204, pid: 1005d0, addr: 1, data: c000697c70)
             exe-1050008 [002] ..... 1635889.774750: sys_ptrace -> 0x0
             exe-1050008 [002] ..... 1635889.774753: sys_ptrace(request: 4204, pid: 1005d0, addr: 202, data: c000697c70)
             exe-1050008 [002] ..... 1635889.774757: sys_ptrace -> 0x0
             exe-1050008 [002] ..... 1635889.774805: sys_ptrace(request: 4205, pid: 1005d0, addr: 1, data: c000697c70)
             exe-1050008 [002] ..... 1635889.774810: sys_ptrace -> 0x0
             exe-1049673 [000] ..... 1635889.774810: sys_nanosleep -> 0x0
             exe-1050008 [002] ..... 1635889.774812: sys_ptrace(request: 4205, pid: 1005d0, addr: 202, data: c000697c70)
             exe-1049673 [000] ..... 1635889.774815: sys_nanosleep(rqtp: c000069f10, rmtp: 0)
             exe-1050008 [002] ..... 1635889.774829: sys_ptrace -> 0x0
             exe-1050008 [002] ..... 1635889.774831: sys_ptrace(request: 1f, pid: 1005d0, addr: 0, data: 0)
             exe-1050008 [002] .N... 1635889.774843: sys_ptrace -> 0x0
             exe-1050064 [002] ..... 1635889.774855: sys_pwritev2 -> 0xfffffffffffffff7
             exe-1050008 [002] ..... 1635889.774880: sys_wait4(upid: 1005d0, stat_addr: c000697bf4, options: 40000002, ru: 0)
             exe-1050008 [002] ..... 1635889.774883: sys_wait4 -> 0x1005d0
             exe-1050008 [002] ..... 1635889.774887: sys_ptrace(request: 4204, pid: 1005d0, addr: 1, data: c000697c70)
             exe-1050008 [002] ..... 1635889.774892: sys_ptrace -> 0x0
             exe-1050008 [002] ..... 1635889.774897: sys_ptrace(request: 4204, pid: 1005d0, addr: 202, data: c000697c70)
             exe-1050008 [002] ..... 1635889.774901: sys_ptrace -> 0x0
             exe-1049673 [000] ..... 1635889.774908: sys_nanosleep -> 0x0
             exe-1049673 [000] ..... 1635889.774911: sys_nanosleep(rqtp: c000069f10, rmtp: 0)
             exe-1050008 [002] ..... 1635889.774914: sys_pwrite64(fd: 63, buf: 7fd66ed5f080, count: 53, pos: 55)
             exe-1050008 [002] ..... 1635889.774918: tracing_mark_write: pwritev2(fd=145, vec=0x55707fcd5a80, vlen=18, pos_l=4096, pos_h=-5, flags=0x23) end
             exe-1050008 [002] ..... 1635889.868525: tracing_mark_write: pwritev2(fd=145, vec=0x55707fcd5bb0, vlen=90, pos_l=0xcca0, pos_h=11, flags=0x23) start
             exe-1050008 [002] ..... 1635889.868527: sys_pwrite64 -> 0x57
             exe-1050008 [002] ..... 1635889.868533: sys_ptrace(request: 4205, pid: 1005d0, addr: 1, data: c000697c70)
             exe-1050008 [002] ..... 1635889.868535: sys_ptrace -> 0x0
             exe-1050008 [002] ..... 1635889.868537: sys_ptrace(request: 4205, pid: 1005d0, addr: 202, data: c000697c70)
             exe-1050008 [002] ..... 1635889.868547: sys_ptrace -> 0x0
             exe-1050008 [002] ..... 1635889.868548: sys_ptrace(request: 1f, pid: 1005d0, addr: 0, data: 0)
             exe-1050008 [002] .N... 1635889.868555: sys_ptrace -> 0x0
             exe-1050064 [002] ..... 1635889.868565: sys_write -> 0x57
             exe-1049673 [000] ..... 1635889.868581: sys_nanosleep -> 0x0
             exe-1049673 [000] ..... 1635889.868583: sys_nanosleep(rqtp: c000069f10, rmtp: 0)
             exe-1050008 [002] ..... 1635889.868584: sys_wait4(upid: 1005d0, stat_addr: c000697bf4, options: 40000002, ru: 0)
             exe-1050008 [002] ..... 1635889.868586: sys_wait4 -> 0x1005d0
             exe-1050008 [002] ..... 1635889.868588: sys_ptrace(request: 4204, pid: 1005d0, addr: 1, data: c000697c70)
             exe-1050008 [002] ..... 1635889.868592: sys_ptrace -> 0x0
             exe-1050008 [002] ..... 1635889.868593: sys_ptrace(request: 4204, pid: 1005d0, addr: 202, data: c000697c70)
             exe-1050008 [002] ..... 1635889.868595: sys_ptrace -> 0x0
             exe-1050008 [002] ..... 1635889.868627: sys_ptrace(request: 4205, pid: 1005d0, addr: 1, data: c000697c70)
             exe-1050008 [002] ..... 1635889.868629: sys_ptrace -> 0x0
             exe-1050008 [002] ..... 1635889.868631: sys_ptrace(request: 4205, pid: 1005d0, addr: 202, data: c000697c70)
             exe-1050008 [002] ..... 1635889.868640: sys_ptrace -> 0x0
             exe-1050008 [002] ..... 1635889.868642: sys_ptrace(request: 1f, pid: 1005d0, addr: 0, data: 0)
             exe-1050008 [002] .N... 1635889.868649: sys_ptrace -> 0x0
             exe-1050064 [002] ..... 1635889.868659: sys_pwritev2 -> 0xfffffffffffffff7
             exe-1050008 [002] ..... 1635889.868676: sys_wait4(upid: 1005d0, stat_addr: c000697bf4, options: 40000002, ru: 0)
             exe-1050008 [002] ..... 1635889.868678: sys_wait4 -> 0x1005d0
             exe-1049673 [000] ..... 1635889.868679: sys_nanosleep -> 0x0
             exe-1050008 [002] ..... 1635889.868680: sys_ptrace(request: 4204, pid: 1005d0, addr: 1, data: c000697c70)
             exe-1049673 [000] ..... 1635889.868681: sys_nanosleep(rqtp: c000069f10, rmtp: 0)
             exe-1050008 [002] ..... 1635889.868684: sys_ptrace -> 0x0
             exe-1050008 [002] ..... 1635889.868685: sys_ptrace(request: 4204, pid: 1005d0, addr: 202, data: c000697c70)
             exe-1050008 [002] ..... 1635889.868687: sys_ptrace -> 0x0
             exe-1050008 [002] ..... 1635889.868696: sys_pwrite64(fd: 63, buf: 7fd66ed5f080, count: 55, pos: 57)
             exe-1050008 [002] ..... 1635889.868698: tracing_mark_write: pwritev2(fd=145, vec=0x55707fcd5bb0, vlen=90, pos_l=0xcca0, pos_h=11, flags=0x23) end
             exe-1050008 [002] ..... 1635889.994117: tracing_mark_write: pwritev2(fd=145, vec=0x55707fcdc6c0, vlen=248, pos_l=0x7c6f444cd3, pos_h=0, flags=0x23) start
             exe-1050008 [002] ..... 1635889.994119: sys_pwrite64 -> 0x5d
             exe-1050008 [002] ..... 1635889.994124: sys_ptrace(request: 4205, pid: 1005d0, addr: 1, data: c000697c70)
             exe-1050008 [002] ..... 1635889.994127: sys_ptrace -> 0x0
             exe-1050008 [002] ..... 1635889.994128: sys_ptrace(request: 4205, pid: 1005d0, addr: 202, data: c000697c70)
             exe-1050008 [002] ..... 1635889.994137: sys_ptrace -> 0x0
             exe-1050008 [002] ..... 1635889.994139: sys_ptrace(request: 1f, pid: 1005d0, addr: 0, data: 0)
             exe-1050008 [002] .N... 1635889.994145: sys_ptrace -> 0x0
             exe-1050064 [002] ..... 1635889.994153: sys_write -> 0x5d
             exe-1050008 [002] ..... 1635889.994168: sys_wait4(upid: 1005d0, stat_addr: c000697bf4, options: 40000002, ru: 0)
             exe-1050008 [002] ..... 1635889.994170: sys_wait4 -> 0x1005d0
             exe-1050008 [002] ..... 1635889.994172: sys_ptrace(request: 4204, pid: 1005d0, addr: 1, data: c000697c70)
             exe-1049673 [000] ..... 1635889.994174: sys_nanosleep -> 0x0
             exe-1050008 [002] ..... 1635889.994175: sys_ptrace -> 0x0
             exe-1050008 [002] ..... 1635889.994177: sys_ptrace(request: 4204, pid: 1005d0, addr: 202, data: c000697c70)
             exe-1049673 [000] ..... 1635889.994177: sys_nanosleep(rqtp: c000069f10, rmtp: 0)
             exe-1050008 [002] ..... 1635889.994179: sys_ptrace -> 0x0
             exe-1049673 [000] ..... 1635889.994274: sys_nanosleep -> 0x0
             exe-1049673 [000] ..... 1635889.994276: sys_nanosleep(rqtp: c000069f10, rmtp: 0)
             exe-1049673 [000] ..... 1635889.994373: sys_nanosleep -> 0x0
             exe-1049673 [000] ..... 1635889.994375: sys_nanosleep(rqtp: c000069f10, rmtp: 0)
             exe-1049673 [000] ..... 1635889.994466: sys_nanosleep -> 0x0
             exe-1049673 [000] ..... 1635889.994468: sys_nanosleep(rqtp: c000069f10, rmtp: 0)
             exe-1050008 [002] ..... 1635889.994482: sys_ptrace(request: 4205, pid: 1005d0, addr: 1, data: c000697c70)
             exe-1050008 [002] ..... 1635889.994485: sys_ptrace -> 0x0
             exe-1050008 [002] ..... 1635889.994486: sys_ptrace(request: 4205, pid: 1005d0, addr: 202, data: c000697c70)
             exe-1050008 [002] ..... 1635889.994497: sys_ptrace -> 0x0
             exe-1050008 [002] ..... 1635889.994499: sys_ptrace(request: 1f, pid: 1005d0, addr: 0, data: 0)
             exe-1050008 [002] .N... 1635889.994526: sys_ptrace -> 0x0
             exe-1050064 [002] ..... 1635889.994536: sys_pwritev2 -> 0xfffffffffffffff7
             exe-1050232 [002] ..... 1635889.994553: sys_epoll_pwait -> 0x0
             exe-1049673 [000] ..... 1635889.994557: sys_nanosleep -> 0x0
             exe-1049673 [000] ..... 1635889.994560: sys_nanosleep(rqtp: c000069f10, rmtp: 0)
             exe-1050232 [002] ..... 1635889.994562: sys_epoll_pwait(epfd: 11, events: c000693840, maxevents: 80, timeout: 1, sigmask: 0, sigsetsize: 0)
             exe-1050008 [002] ..... 1635889.994581: sys_wait4(upid: 1005d0, stat_addr: c000697bf4, options: 40000002, ru: 0)
             exe-1050008 [002] ..... 1635889.994583: sys_wait4 -> 0x1005d0
             exe-1050008 [002] ..... 1635889.994585: sys_ptrace(request: 4204, pid: 1005d0, addr: 1, data: c000697c70)
             exe-1050008 [002] ..... 1635889.994588: sys_ptrace -> 0x0
             exe-1050008 [002] ..... 1635889.994590: sys_ptrace(request: 4204, pid: 1005d0, addr: 202, data: c000697c70)
             exe-1050008 [002] ..... 1635889.994592: sys_ptrace -> 0x0
             exe-1050008 [002] ..... 1635889.994605: sys_pwrite64(fd: 63, buf: 7fd66ed5f080, count: 5b, pos: 5d)
             exe-1050008 [002] ..... 1635889.994607: tracing_mark_write: pwritev2(fd=145, vec=0x55707fcdc6c0, vlen=248, pos_l=0x7c6f444cd3, pos_h=0, flags=0x23) end
             exe-1050008 [002] ..... 1635890.105964: tracing_mark_write: pwritev2(fd=145, vec=0x55707fcdc6c0, vlen=179, pos_l=0x5525102e84204283, pos_h=0x40000, flags=0x23) start
             exe-1050008 [002] ..... 1635890.105966: sys_pwrite64 -> 0x69
             exe-1050008 [002] ..... 1635890.105972: sys_ptrace(request: 4205, pid: 1005d0, addr: 1, data: c000697c70)
             exe-1050008 [002] ..... 1635890.105974: sys_ptrace -> 0x0
             exe-1050008 [002] ..... 1635890.105975: sys_ptrace(request: 4205, pid: 1005d0, addr: 202, data: c000697c70)
             exe-1050008 [002] ..... 1635890.105985: sys_ptrace -> 0x0
             exe-1050008 [002] ..... 1635890.105986: sys_ptrace(request: 1f, pid: 1005d0, addr: 0, data: 0)
             exe-1050008 [002] .N... 1635890.105993: sys_ptrace -> 0x0
             exe-1050064 [002] ..... 1635890.106002: sys_write -> 0x69
             exe-1050008 [002] ..... 1635890.106018: sys_wait4(upid: 1005d0, stat_addr: c000697bf4, options: 40000002, ru: 0)
             exe-1050008 [002] ..... 1635890.106021: sys_wait4 -> 0x1005d0
             exe-1050008 [002] ..... 1635890.106023: sys_ptrace(request: 4204, pid: 1005d0, addr: 1, data: c000697c70)
             exe-1050008 [002] ..... 1635890.106026: sys_ptrace -> 0x0
             exe-1050008 [002] ..... 1635890.106027: sys_ptrace(request: 4204, pid: 1005d0, addr: 202, data: c000697c70)
             exe-1050008 [002] ..... 1635890.106030: sys_ptrace -> 0x0
             exe-1050008 [002] ..... 1635890.106095: sys_ptrace(request: 4205, pid: 1005d0, addr: 1, data: c000697c70)
             exe-1050008 [002] ..... 1635890.106098: sys_ptrace -> 0x0
             exe-1050008 [002] ..... 1635890.106099: sys_ptrace(request: 4205, pid: 1005d0, addr: 202, data: c000697c70)
             exe-1050008 [002] ..... 1635890.106109: sys_ptrace -> 0x0
             exe-1050008 [002] ..... 1635890.106110: sys_ptrace(request: 1f, pid: 1005d0, addr: 0, data: 0)
             exe-1050008 [002] .N... 1635890.106117: sys_ptrace -> 0x0
             exe-1050064 [002] ..... 1635890.106129: sys_pwritev2 -> 0xfffffffffffffff7
             exe-1050008 [002] ..... 1635890.106148: sys_wait4(upid: 1005d0, stat_addr: c000697bf4, options: 40000002, ru: 0)
             exe-1050008 [002] ..... 1635890.106150: sys_wait4 -> 0x1005d0
             exe-1050008 [002] ..... 1635890.106152: sys_ptrace(request: 4204, pid: 1005d0, addr: 1, data: c000697c70)
             exe-1050008 [002] ..... 1635890.106156: sys_ptrace -> 0x0
             exe-1050008 [002] ..... 1635890.106157: sys_ptrace(request: 4204, pid: 1005d0, addr: 202, data: c000697c70)
             exe-1050008 [002] ..... 1635890.106160: sys_ptrace -> 0x0
             exe-1049673 [003] ..... 1635890.106165: sys_nanosleep -> 0x0
             exe-1050008 [002] ..... 1635890.106169: sys_pwrite64(fd: 63, buf: 7fd66ed5f080, count: 67, pos: 69)
             exe-1050008 [002] ..... 1635890.106171: tracing_mark_write: pwritev2(fd=145, vec=0x55707fcdc6c0, vlen=179, pos_l=0x5525102e84204283, pos_h=0x40000, flags=0x23) end
             exe-1050008 [002] ..... 1635890.175281: tracing_mark_write: pwritev2(fd=18, vec=0x55707fcd5bb0, vlen=42, pos_l=-10, pos_h=0x124040008, flags=0x23) start
             exe-1050008 [002] ..... 1635890.175283: sys_pwrite64 -> 0x5c
             exe-1050008 [002] ..... 1635890.175289: sys_ptrace(request: 4205, pid: 1005d0, addr: 1, data: c000697c70)
             exe-1050008 [002] ..... 1635890.175291: sys_ptrace -> 0x0
             exe-1050008 [002] ..... 1635890.175292: sys_ptrace(request: 4205, pid: 1005d0, addr: 202, data: c000697c70)
             exe-1050008 [002] ..... 1635890.175301: sys_ptrace -> 0x0
             exe-1050008 [002] ..... 1635890.175303: sys_ptrace(request: 1f, pid: 1005d0, addr: 0, data: 0)
             exe-1050008 [002] .N... 1635890.175309: sys_ptrace -> 0x0
             exe-1050064 [002] ..... 1635890.175318: sys_write -> 0x5c
             exe-1050008 [002] ..... 1635890.175334: sys_wait4(upid: 1005d0, stat_addr: c000697bf4, options: 40000002, ru: 0)
             exe-1050008 [002] ..... 1635890.175337: sys_wait4 -> 0x1005d0
             exe-1050008 [002] ..... 1635890.175339: sys_ptrace(request: 4204, pid: 1005d0, addr: 1, data: c000697c70)
             exe-1050008 [002] ..... 1635890.175342: sys_ptrace -> 0x0
             exe-1050008 [002] ..... 1635890.175344: sys_ptrace(request: 4204, pid: 1005d0, addr: 202, data: c000697c70)
             exe-1050008 [002] ..... 1635890.175346: sys_ptrace -> 0x0
             exe-1050008 [002] ..... 1635890.175352: sys_ptrace(request: 4205, pid: 1005d0, addr: 1, data: c000697c70)
             exe-1050008 [002] ..... 1635890.175354: sys_ptrace -> 0x0
             exe-1050008 [002] ..... 1635890.175355: sys_ptrace(request: 4205, pid: 1005d0, addr: 202, data: c000697c70)
             exe-1050008 [002] ..... 1635890.175363: sys_ptrace -> 0x0
             exe-1050008 [002] ..... 1635890.175364: sys_ptrace(request: 1f, pid: 1005d0, addr: 0, data: 0)
             exe-1050008 [002] .N... 1635890.175370: sys_ptrace -> 0x0
             exe-1050064 [002] ..... 1635890.175379: sys_pwritev2 -> 0xffffffffffffffea
             exe-1050008 [002] ..... 1635890.175394: sys_wait4(upid: 1005d0, stat_addr: c000697bf4, options: 40000002, ru: 0)
             exe-1050008 [002] ..... 1635890.175396: sys_wait4 -> 0x1005d0
             exe-1050008 [002] ..... 1635890.175398: sys_ptrace(request: 4204, pid: 1005d0, addr: 1, data: c000697c70)
             exe-1050008 [002] ..... 1635890.175401: sys_ptrace -> 0x0
             exe-1050008 [002] ..... 1635890.175403: sys_ptrace(request: 4204, pid: 1005d0, addr: 202, data: c000697c70)
             exe-1050008 [002] ..... 1635890.175405: sys_ptrace -> 0x0
             exe-1050008 [002] ..... 1635890.175412: sys_pwrite64(fd: 63, buf: 7fd66ed5f080, count: 5a, pos: 5c)
             exe-1050008 [002] ..... 1635890.175414: tracing_mark_write: pwritev2(fd=18, vec=0x55707fcd5bb0, vlen=42, pos_l=-10, pos_h=0x124040008, flags=0x23) end
             exe-1050008 [002] ..... 1635890.234528: tracing_mark_write: pwritev2(fd=18, vec=0x55707fd1caf0, vlen=1, pos_l=0x2d047002670b2, pos_h=0xffffff68, flags=0x23) start
             exe-1050008 [002] ..... 1635890.234530: sys_pwrite64 -> 0x66
             exe-1050008 [002] ..... 1635890.234536: sys_ptrace(request: 4205, pid: 1005d0, addr: 1, data: c000697c70)
             exe-1050008 [002] ..... 1635890.234539: sys_ptrace -> 0x0
             exe-1050008 [002] ..... 1635890.234541: sys_ptrace(request: 4205, pid: 1005d0, addr: 202, data: c000697c70)
             exe-1049673 [003] ..... 1635890.234547: sys_nanosleep -> 0x0
             exe-1050008 [002] ..... 1635890.234552: sys_ptrace -> 0x0
             exe-1049673 [003] ..... 1635890.234553: sys_nanosleep(rqtp: c000069f10, rmtp: 0)
             exe-1050008 [002] ..... 1635890.234554: sys_ptrace(request: 1f, pid: 1005d0, addr: 0, data: 0)
             exe-1050008 [002] .N... 1635890.234563: sys_ptrace -> 0x0
             exe-1050064 [002] ..... 1635890.234574: sys_write -> 0x66
             exe-1050008 [002] ..... 1635890.234593: sys_wait4(upid: 1005d0, stat_addr: c000697bf4, options: 40000002, ru: 0)
             exe-1050008 [002] ..... 1635890.234596: sys_wait4 -> 0x1005d0
             exe-1050008 [002] ..... 1635890.234598: sys_ptrace(request: 4204, pid: 1005d0, addr: 1, data: c000697c70)
             exe-1049567 [000] ..... 1635890.234602: sys_nanosleep -> 0x0
             exe-1050008 [002] ..... 1635890.234602: sys_ptrace -> 0x0
             exe-1049567 [000] ..... 1635890.234604: sys_nanosleep(rqtp: c000069f10, rmtp: 0)
             exe-1050008 [002] ..... 1635890.234604: sys_ptrace(request: 4204, pid: 1005d0, addr: 202, data: c000697c70)
             exe-1050008 [002] ..... 1635890.234607: sys_ptrace -> 0x0
             exe-1050008 [002] ..... 1635890.234620: sys_ptrace(request: 4205, pid: 1005d0, addr: 1, data: c000697c70)
             exe-1050008 [002] ..... 1635890.234623: sys_ptrace -> 0x0
             exe-1050008 [002] ..... 1635890.234624: sys_ptrace(request: 4205, pid: 1005d0, addr: 202, data: c000697c70)
             exe-1050008 [002] ..... 1635890.234634: sys_ptrace -> 0x0
             exe-1050008 [002] ..... 1635890.234636: sys_ptrace(request: 1f, pid: 1005d0, addr: 0, data: 0)
             exe-1050008 [002] .N... 1635890.234643: sys_ptrace -> 0x0
             exe-1050064 [002] ..... 1635890.234654: sys_pwritev2 -> 0xffffffffffffffe3
             exe-1050008 [002] ..... 1635890.234673: sys_wait4(upid: 1005d0, stat_addr: c000697bf4, options: 40000002, ru: 0)
             exe-1050008 [002] ..... 1635890.234676: sys_wait4 -> 0x1005d0
             exe-1050008 [002] ..... 1635890.234678: sys_ptrace(request: 4204, pid: 1005d0, addr: 1, data: c000697c70)
             exe-1050008 [002] ..... 1635890.234682: sys_ptrace -> 0x0
             exe-1050008 [002] ..... 1635890.234683: sys_ptrace(request: 4204, pid: 1005d0, addr: 202, data: c000697c70)
             exe-1050008 [002] ..... 1635890.234686: sys_ptrace -> 0x0
             exe-1049567 [000] ..... 1635890.234694: sys_nanosleep -> 0x0
             exe-1050008 [002] ..... 1635890.234695: sys_pwrite64(fd: 63, buf: 7fd66ed5f080, count: 64, pos: 66)
             exe-1049567 [000] ..... 1635890.234696: sys_nanosleep(rqtp: c000069f10, rmtp: 0)
             exe-1050008 [002] ..... 1635890.234696: tracing_mark_write: pwritev2(fd=18, vec=0x55707fd1caf0, vlen=1, pos_l=0x2d047002670b2, pos_h=0xffffff68, flags=0x23) end
             exe-1050282 [000] ..... 1635890.294817: tracing_mark_write: pwritev2(fd=356, vec=0x55707fd1caf0, vlen=1, pos_l=0x10000008, pos_h=0x2929cd74, flags=0x23) start
             exe-1050282 [000] ..... 1635890.294819: sys_pwrite64 -> 0x62
             exe-1050282 [000] ..... 1635890.294824: sys_ptrace(request: 4205, pid: 10070d, addr: 1, data: c000697c70)
             exe-1050282 [000] ..... 1635890.294826: sys_ptrace -> 0x0
             exe-1050282 [000] ..... 1635890.294828: sys_ptrace(request: 4205, pid: 10070d, addr: 202, data: c000697c70)
             exe-1050282 [000] ..... 1635890.294835: sys_ptrace -> 0x0
             exe-1050282 [000] ..... 1635890.294837: sys_ptrace(request: 1f, pid: 10070d, addr: 0, data: 0)
             exe-1049673 [003] ..... 1635890.294857: sys_nanosleep(rqtp: c000069f10, rmtp: 0)
             exe-1050381 [002] ..... 1635890.294858: sys_write -> 0x62
             exe-1050282 [000] ..... 1635890.294858: sys_ptrace -> 0x0
             exe-1050282 [000] ..... 1635890.294860: sys_wait4(upid: 10070d, stat_addr: c000697bf4, options: 40000002, ru: 0)
             exe-1050282 [000] ..... 1635890.294862: sys_wait4 -> 0x10070d
             exe-1050282 [000] ..... 1635890.294864: sys_ptrace(request: 4204, pid: 10070d, addr: 1, data: c000697c70)
             exe-1050282 [000] ..... 1635890.294867: sys_ptrace -> 0x0
             exe-1050282 [000] ..... 1635890.294868: sys_ptrace(request: 4204, pid: 10070d, addr: 202, data: c000697c70)
             exe-1050282 [000] ..... 1635890.294870: sys_ptrace -> 0x0
             exe-1050282 [000] ..... 1635890.294880: sys_ptrace(request: 4205, pid: 10070d, addr: 1, data: c000697c70)
             exe-1050282 [000] ..... 1635890.294882: sys_ptrace -> 0x0
             exe-1050282 [000] ..... 1635890.294884: sys_ptrace(request: 4205, pid: 10070d, addr: 202, data: c000697c70)
             exe-1050282 [000] ..... 1635890.294890: sys_ptrace -> 0x0
             exe-1050282 [000] ..... 1635890.294892: sys_ptrace(request: 1f, pid: 10070d, addr: 0, data: 0)
             exe-1050282 [000] ..... 1635890.294898: sys_ptrace -> 0x0
             exe-1050282 [000] ..... 1635890.294900: sys_wait4(upid: 10070d, stat_addr: c000697bf4, options: 40000002, ru: 0)
             exe-1050381 [002] ..... 1635890.294904: sys_pwritev2 -> 0xfffffffffffffff7
             exe-1049567 [000] ..... 1635890.294906: sys_nanosleep -> 0x0
             exe-1049567 [000] ..... 1635890.294908: sys_nanosleep(rqtp: c000069f10, rmtp: 0)
             exe-1050282 [000] ..... 1635890.294926: sys_wait4 -> 0x10070d
             exe-1050282 [000] ..... 1635890.294929: sys_ptrace(request: 4204, pid: 10070d, addr: 1, data: c000697c70)
             exe-1050282 [000] ..... 1635890.294931: sys_ptrace -> 0x0
             exe-1050282 [000] ..... 1635890.294933: sys_ptrace(request: 4204, pid: 10070d, addr: 202, data: c000697c70)
             exe-1050282 [000] ..... 1635890.294935: sys_ptrace -> 0x0
             exe-1049673 [003] ..... 1635890.294951: sys_nanosleep -> 0x0
             exe-1050282 [000] ..... 1635890.294953: sys_pwrite64(fd: 63, buf: 7fd66ed5f080, count: 60, pos: 62)
             exe-1050282 [000] ..... 1635890.294954: tracing_mark_write: pwritev2(fd=356, vec=0x55707fd1caf0, vlen=1, pos_l=0x10000008, pos_h=0x2929cd74, flags=0x23) end
             exe-1050282 [000] ..... 1635890.354728: tracing_mark_write: pwritev2(fd=356, vec=0x55707fd1caf0, vlen=1, pos_l=0x3a00180ce000, pos_h=0x37373737, flags=0x23) start
             exe-1050282 [000] ..... 1635890.354730: sys_pwrite64 -> 0x66
             exe-1050282 [000] ..... 1635890.354736: sys_ptrace(request: 4205, pid: 10070d, addr: 1, data: c000697c70)
             exe-1050282 [000] ..... 1635890.354739: sys_ptrace -> 0x0
             exe-1050282 [000] ..... 1635890.354741: sys_ptrace(request: 4205, pid: 10070d, addr: 202, data: c000697c70)
             exe-1050282 [000] ..... 1635890.354753: sys_ptrace -> 0x0
             exe-1050282 [000] ..... 1635890.354755: sys_ptrace(request: 1f, pid: 10070d, addr: 0, data: 0)
             exe-1050282 [000] .N... 1635890.354762: sys_ptrace -> 0x0
             exe-1050381 [000] ..... 1635890.354773: sys_write -> 0x66
             exe-1050282 [000] ..... 1635890.354793: sys_wait4(upid: 10070d, stat_addr: c000697bf4, options: 40000002, ru: 0)
             exe-1050282 [000] ..... 1635890.354796: sys_wait4 -> 0x10070d
             exe-1050282 [000] ..... 1635890.354798: sys_ptrace(request: 4204, pid: 10070d, addr: 1, data: c000697c70)
             exe-1050282 [000] ..... 1635890.354802: sys_ptrace -> 0x0
             exe-1050282 [000] ..... 1635890.354803: sys_ptrace(request: 4204, pid: 10070d, addr: 202, data: c000697c70)
             exe-1050282 [000] ..... 1635890.354806: sys_ptrace -> 0x0
             exe-1050282 [000] ..... 1635890.354819: sys_ptrace(request: 4205, pid: 10070d, addr: 1, data: c000697c70)
             exe-1050282 [000] ..... 1635890.354822: sys_ptrace -> 0x0
             exe-1050282 [000] ..... 1635890.354823: sys_ptrace(request: 4205, pid: 10070d, addr: 202, data: c000697c70)
             exe-1050282 [000] ..... 1635890.354834: sys_ptrace -> 0x0
             exe-1050282 [000] ..... 1635890.354836: sys_ptrace(request: 1f, pid: 10070d, addr: 0, data: 0)
             exe-1050282 [000] .N... 1635890.354843: sys_ptrace -> 0x0
             exe-1050381 [000] ..... 1635890.354853: sys_pwritev2 -> 0xfffffffffffffff7
             exe-1050282 [000] ..... 1635890.354873: sys_wait4(upid: 10070d, stat_addr: c000697bf4, options: 40000002, ru: 0)
             exe-1050282 [000] ..... 1635890.354876: sys_wait4 -> 0x10070d
             exe-1050282 [000] ..... 1635890.354878: sys_ptrace(request: 4204, pid: 10070d, addr: 1, data: c000697c70)
             exe-1050282 [000] ..... 1635890.354882: sys_ptrace -> 0x0
             exe-1050282 [000] ..... 1635890.354884: sys_ptrace(request: 4204, pid: 10070d, addr: 202, data: c000697c70)
             exe-1050282 [000] ..... 1635890.354886: sys_ptrace -> 0x0
             exe-1050282 [000] ..... 1635890.354895: sys_pwrite64(fd: 63, buf: 7fd66ed5f080, count: 64, pos: 66)
             exe-1050282 [000] ..... 1635890.354897: tracing_mark_write: pwritev2(fd=356, vec=0x55707fd1caf0, vlen=1, pos_l=0x3a00180ce000, pos_h=0x37373737, flags=0x23) end
             exe-1050282 [000] ..... 1635890.406188: tracing_mark_write: pwritev2(fd=356, vec=0x55707fd1caf0, vlen=1, pos_l=0xdecccccc, pos_h=0xf4c180ac4010, flags=0x23) start
             exe-1050282 [000] ..... 1635890.406190: sys_pwrite64 -> 0x66
             exe-1050282 [000] ..... 1635890.406195: sys_ptrace(request: 4205, pid: 10070d, addr: 1, data: c000697c70)
             exe-1050282 [000] ..... 1635890.406197: sys_ptrace -> 0x0
             exe-1050282 [000] ..... 1635890.406198: sys_ptrace(request: 4205, pid: 10070d, addr: 202, data: c000697c70)
             exe-1050282 [000] ..... 1635890.406207: sys_ptrace -> 0x0
             exe-1050282 [000] ..... 1635890.406208: sys_ptrace(request: 1f, pid: 10070d, addr: 0, data: 0)
             exe-1050282 [000] .N... 1635890.406214: sys_ptrace -> 0x0
             exe-1049567 [002] ..... 1635890.406217: sys_nanosleep -> 0x0
             exe-1050381 [000] ..... 1635890.406222: sys_write -> 0x66
             exe-1049567 [002] ..... 1635890.406225: sys_nanosleep(rqtp: c000069f10, rmtp: 0)
             exe-1049702 [001] ..... 1635890.406237: sys_futex(uaddr: 7febaa293000, op: 0, val: 0, utime: 0, uaddr2: 0, val3: 0)
             exe-1050282 [000] ..... 1635890.406237: sys_wait4(upid: 10070d, stat_addr: c000697bf4, options: 40000002, ru: 0)
             exe-1050282 [000] ..... 1635890.406239: sys_wait4 -> 0x10070d
             exe-1050282 [000] ..... 1635890.406241: sys_ptrace(request: 4204, pid: 10070d, addr: 1, data: c000697c70)
             exe-1050282 [000] ..... 1635890.406244: sys_ptrace -> 0x0
             exe-1050282 [000] ..... 1635890.406245: sys_ptrace(request: 4204, pid: 10070d, addr: 202, data: c000697c70)
             exe-1050282 [000] ..... 1635890.406247: sys_ptrace -> 0x0
             exe-1049673 [002] ..... 1635890.406253: sys_nanosleep -> 0x0
             exe-1050282 [000] ..... 1635890.406257: sys_ptrace(request: 4205, pid: 10070d, addr: 1, data: c000697c70)
             exe-1050282 [000] ..... 1635890.406259: sys_ptrace -> 0x0
             exe-1050282 [000] ..... 1635890.406260: sys_ptrace(request: 4205, pid: 10070d, addr: 202, data: c000697c70)
             exe-1049673 [002] ..... 1635890.406261: sys_nanosleep(rqtp: c000069f10, rmtp: 0)
             exe-1050282 [000] ..... 1635890.406268: sys_ptrace -> 0x0
             exe-1050282 [000] ..... 1635890.406269: sys_ptrace(request: 1f, pid: 10070d, addr: 0, data: 0)
             exe-1050282 [000] .N... 1635890.406275: sys_ptrace -> 0x0
             exe-1050381 [000] ..... 1635890.406283: sys_pwritev2 -> 0xfffffffffffffff7
             exe-1050282 [000] ..... 1635890.406298: sys_wait4(upid: 10070d, stat_addr: c000697bf4, options: 40000002, ru: 0)
             exe-1050282 [000] ..... 1635890.406300: sys_wait4 -> 0x10070d
             exe-1050282 [000] ..... 1635890.406302: sys_ptrace(request: 4204, pid: 10070d, addr: 1, data: c000697c70)
             exe-1050282 [000] ..... 1635890.406305: sys_ptrace -> 0x0
             exe-1050282 [000] ..... 1635890.406306: sys_ptrace(request: 4204, pid: 10070d, addr: 202, data: c000697c70)
             exe-1050282 [000] ..... 1635890.406307: sys_ptrace -> 0x0
             exe-1050282 [000] ..... 1635890.406314: sys_pwrite64(fd: 63, buf: 7fd66ed5f080, count: 64, pos: 66)
             exe-1050282 [000] ..... 1635890.406316: tracing_mark_write: pwritev2(fd=356, vec=0x55707fd1caf0, vlen=1, pos_l=0xdecccccc, pos_h=0xf4c180ac4010, flags=0x23) end
             exe-1050282 [000] ..... 1635890.519975: tracing_mark_write: pwritev2(fd=356, vec=0x55707fcdc6c0, vlen=255, pos_l=0x4000000, pos_h=146, flags=0x23) start
             exe-1050282 [000] ..... 1635890.519977: sys_pwrite64 -> 0x5c
             exe-1049688 [001] ..... 1635890.519978: sys_futex(uaddr: c00005b148, op: 80, val: 0, utime: 0, uaddr2: 0, val3: 0)
             exe-1050282 [000] ..... 1635890.519982: sys_ptrace(request: 4205, pid: 10070d, addr: 1, data: c000697c70)
             exe-1050282 [000] ..... 1635890.519984: sys_ptrace -> 0x0
             exe-1050282 [000] ..... 1635890.519985: sys_ptrace(request: 4205, pid: 10070d, addr: 202, data: c000697c70)
             exe-1050282 [000] ..... 1635890.519993: sys_ptrace -> 0x0
             exe-1050282 [000] ..... 1635890.519995: sys_ptrace(request: 1f, pid: 10070d, addr: 0, data: 0)
             exe-1050282 [000] .N... 1635890.520000: sys_ptrace -> 0x0
             exe-1050381 [000] ..... 1635890.520007: sys_write -> 0x5c
             exe-1050282 [000] ..... 1635890.520022: sys_wait4(upid: 10070d, stat_addr: c000697bf4, options: 40000002, ru: 0)
             exe-1050282 [000] ..... 1635890.520024: sys_wait4 -> 0x10070d
             exe-1050282 [000] ..... 1635890.520025: sys_ptrace(request: 4204, pid: 10070d, addr: 1, data: c000697c70)
             exe-1050282 [000] ..... 1635890.520027: sys_ptrace -> 0x0
             exe-1050282 [000] ..... 1635890.520028: sys_ptrace(request: 4204, pid: 10070d, addr: 202, data: c000697c70)
             exe-1050282 [000] ..... 1635890.520030: sys_ptrace -> 0x0
             exe-1049673 [003] ..... 1635890.520057: sys_nanosleep -> 0x0
             exe-1049673 [003] ..... 1635890.520062: sys_futex(uaddr: 1f09dc0, op: 80, val: 0, utime: c000069eb0, uaddr2: 0, val3: 0)
             exe-1050282 [000] ..... 1635890.520094: sys_ptrace(request: 4205, pid: 10070d, addr: 1, data: c000697c70)
             exe-1050282 [000] ..... 1635890.520096: sys_ptrace -> 0x0
             exe-1050282 [000] ..... 1635890.520097: sys_ptrace(request: 4205, pid: 10070d, addr: 202, data: c000697c70)
             exe-1050282 [000] ..... 1635890.520105: sys_ptrace -> 0x0
             exe-1050282 [000] ..... 1635890.520106: sys_ptrace(request: 1f, pid: 10070d, addr: 0, data: 0)
             exe-1050282 [000] .N... 1635890.520111: sys_ptrace -> 0x0
             exe-1050381 [000] ..... 1635890.520118: sys_pwritev2 -> 0xfffffffffffffff7
             exe-1050282 [000] ..... 1635890.520132: sys_wait4(upid: 10070d, stat_addr: c000697bf4, options: 40000002, ru: 0)
             exe-1050282 [000] ..... 1635890.520134: sys_wait4 -> 0x10070d
             exe-1050282 [000] ..... 1635890.520136: sys_ptrace(request: 4204, pid: 10070d, addr: 1, data: c000697c70)
             exe-1050282 [000] ..... 1635890.520139: sys_ptrace -> 0x0
             exe-1050282 [000] ..... 1635890.520140: sys_ptrace(request: 4204, pid: 10070d, addr: 202, data: c000697c70)
             exe-1050282 [000] ..... 1635890.520141: sys_ptrace -> 0x0
             exe-1050282 [000] ..... 1635890.520148: sys_pwrite64(fd: 63, buf: 7fd66ed5f080, count: 5a, pos: 5c)
             exe-1050282 [000] ..... 1635890.520150: tracing_mark_write: pwritev2(fd=356, vec=0x55707fcdc6c0, vlen=255, pos_l=0x4000000, pos_h=146, flags=0x23) end
             exe-1050282 [000] ..... 1635890.626805: tracing_mark_write: pwritev2(fd=337, vec=0x55707fcdc6c0, vlen=161, pos_l=-4, pos_h=0, flags=0x23) start
             exe-1050282 [000] ..... 1635890.626807: sys_pwrite64 -> 0x53
             exe-1050282 [000] ..... 1635890.626812: sys_ptrace(request: 4205, pid: 10070d, addr: 1, data: c000697c70)
             exe-1050282 [000] ..... 1635890.626814: sys_ptrace -> 0x0
             exe-1050282 [000] ..... 1635890.626816: sys_ptrace(request: 4205, pid: 10070d, addr: 202, data: c000697c70)
             exe-1050282 [000] ..... 1635890.626825: sys_ptrace -> 0x0
             exe-1050282 [000] ..... 1635890.626826: sys_ptrace(request: 1f, pid: 10070d, addr: 0, data: 0)
             exe-1050282 [000] .N... 1635890.626832: sys_ptrace -> 0x0
             exe-1050381 [000] ..... 1635890.626841: sys_write -> 0x53
             exe-1050282 [000] ..... 1635890.626857: sys_wait4(upid: 10070d, stat_addr: c000697bf4, options: 40000002, ru: 0)
             exe-1050282 [000] ..... 1635890.626859: sys_wait4 -> 0x10070d
             exe-1050282 [000] ..... 1635890.626861: sys_ptrace(request: 4204, pid: 10070d, addr: 1, data: c000697c70)
             exe-1050282 [000] ..... 1635890.626864: sys_ptrace -> 0x0
             exe-1050282 [000] ..... 1635890.626865: sys_ptrace(request: 4204, pid: 10070d, addr: 202, data: c000697c70)
             exe-1050282 [000] ..... 1635890.626867: sys_ptrace -> 0x0
             exe-1050282 [000] ..... 1635890.626874: sys_ptrace(request: 4205, pid: 10070d, addr: 1, data: c000697c70)
             exe-1050282 [000] ..... 1635890.626876: sys_ptrace -> 0x0
             exe-1050282 [000] ..... 1635890.626877: sys_ptrace(request: 4205, pid: 10070d, addr: 202, data: c000697c70)
             exe-1050282 [000] ..... 1635890.626884: sys_ptrace -> 0x0
             exe-1050282 [000] ..... 1635890.626886: sys_ptrace(request: 1f, pid: 10070d, addr: 0, data: 0)
             exe-1050282 [000] .N... 1635890.626891: sys_ptrace -> 0x0
             exe-1050381 [000] ..... 1635890.626900: sys_pwritev2 -> 0xffffffffffffffea
             exe-1050282 [000] ..... 1635890.626916: sys_wait4(upid: 10070d, stat_addr: c000697bf4, options: 40000002, ru: 0)
             exe-1050282 [000] ..... 1635890.626918: sys_wait4 -> 0x10070d
             exe-1050282 [000] ..... 1635890.626919: sys_ptrace(request: 4204, pid: 10070d, addr: 1, data: c000697c70)
             exe-1050282 [000] ..... 1635890.626923: sys_ptrace -> 0x0
             exe-1050282 [000] ..... 1635890.626924: sys_ptrace(request: 4204, pid: 10070d, addr: 202, data: c000697c70)
             exe-1050282 [000] ..... 1635890.626926: sys_ptrace -> 0x0
             exe-1050282 [000] ..... 1635890.626934: sys_pwrite64(fd: 63, buf: 7fd66ed5f080, count: 51, pos: 53)
             exe-1050282 [000] ..... 1635890.626935: tracing_mark_write: pwritev2(fd=337, vec=0x55707fcdc6c0, vlen=161, pos_l=-4, pos_h=0, flags=0x23) end
             exe-1050282 [000] ..... 1635890.733081: tracing_mark_write: pwritev2(fd=337, vec=0x55707fcdc6c0, vlen=192, pos_l=0x21212121, pos_h=0x9c5436c688, flags=0x55707fd34b34) start
             exe-1050282 [000] ..... 1635890.733083: sys_pwrite64 -> 0x70
             exe-1050282 [000] ..... 1635890.733089: sys_ptrace(request: 4205, pid: 10070d, addr: 1, data: c000697c70)
             exe-1049673 [002] ..... 1635890.733091: sys_futex -> 0x1
             exe-1050282 [000] ..... 1635890.733092: sys_ptrace -> 0x0
             exe-1050282 [000] ..... 1635890.733093: sys_ptrace(request: 4205, pid: 10070d, addr: 202, data: c000697c70)
             exe-1049673 [002] ..... 1635890.733094: sys_nanosleep(rqtp: c000069f10, rmtp: 0)
             exe-1050282 [000] ..... 1635890.733106: sys_ptrace -> 0x0
             exe-1050282 [000] ..... 1635890.733109: sys_ptrace(request: 1f, pid: 10070d, addr: 0, data: 0)
             exe-1050282 [000] .N... 1635890.733117: sys_ptrace -> 0x0
             exe-1050381 [000] ..... 1635890.733127: sys_write -> 0x70
             exe-1049688 [001] ..... 1635890.733146: sys_futex -> 0x0
             exe-1050282 [000] ..... 1635890.733150: sys_wait4(upid: 10070d, stat_addr: c000697bf4, options: 40000002, ru: 0)
             exe-1050282 [000] ..... 1635890.733153: sys_wait4 -> 0x10070d
             exe-1050282 [000] ..... 1635890.733156: sys_ptrace(request: 4204, pid: 10070d, addr: 1, data: c000697c70)
             exe-1049688 [001] ..... 1635890.733156: sys_futex(uaddr: c00005b148, op: 80, val: 0, utime: 0, uaddr2: 0, val3: 0)
             exe-1050282 [000] ..... 1635890.733160: sys_ptrace -> 0x0
             exe-1050282 [000] ..... 1635890.733162: sys_ptrace(request: 4204, pid: 10070d, addr: 202, data: c000697c70)
             exe-1050282 [000] ..... 1635890.733165: sys_ptrace -> 0x0
             exe-1049673 [002] ..... 1635890.733224: sys_nanosleep -> 0x0
             exe-1049673 [002] ..... 1635890.733230: sys_futex(uaddr: 1f09dc0, op: 80, val: 0, utime: c000069eb0, uaddr2: 0, val3: 0)
             exe-1050282 [000] ..... 1635890.733247: sys_ptrace(request: 4205, pid: 10070d, addr: 1, data: c000697c70)
             exe-1050282 [000] ..... 1635890.733250: sys_ptrace -> 0x0
             exe-1050282 [000] ..... 1635890.733251: sys_ptrace(request: 4205, pid: 10070d, addr: 202, data: c000697c70)
             exe-1050282 [000] ..... 1635890.733262: sys_ptrace -> 0x0
             exe-1050282 [000] ..... 1635890.733264: sys_ptrace(request: 1f, pid: 10070d, addr: 0, data: 0)
             exe-1050282 [000] .N... 1635890.733271: sys_ptrace -> 0x0
             exe-1050381 [000] ..... 1635890.733281: sys_pwritev2 -> 0xffffffffffffffe3
             exe-1050282 [000] ..... 1635890.733299: sys_wait4(upid: 10070d, stat_addr: c000697bf4, options: 40000002, ru: 0)
             exe-1050282 [000] ..... 1635890.733301: sys_wait4 -> 0x10070d
             exe-1050282 [000] ..... 1635890.733303: sys_ptrace(request: 4204, pid: 10070d, addr: 1, data: c000697c70)
             exe-1050282 [000] ..... 1635890.733306: sys_ptrace -> 0x0
             exe-1050282 [000] ..... 1635890.733308: sys_ptrace(request: 4204, pid: 10070d, addr: 202, data: c000697c70)
             exe-1050282 [000] ..... 1635890.733310: sys_ptrace -> 0x0
             exe-1050282 [000] ..... 1635890.733319: sys_pwrite64(fd: 63, buf: 7fd66ed5f080, count: 6e, pos: 70)
             exe-1050282 [000] ..... 1635890.733321: tracing_mark_write: pwritev2(fd=337, vec=0x55707fcdc6c0, vlen=192, pos_l=0x21212121, pos_h=0x9c5436c688, flags=0x55707fd34b34) end
             exe-1050282 [000] ..... 1635890.806833: tracing_mark_write: pwritev2(fd=337, vec=0x55707fd1caf0, vlen=1, pos_l=65, pos_h=0, flags=0x55707fd34b34) start
             exe-1050282 [000] ..... 1635890.806835: sys_pwrite64 -> 0x5b
             exe-1050232 [003] ..... 1635890.806844: sys_epoll_pwait(epfd: 11, events: c000693840, maxevents: 80, timeout: 9, sigmask: 0, sigsetsize: 0)
             exe-1050282 [000] ..... 1635890.806850: sys_ptrace(request: 4205, pid: 10070d, addr: 1, data: c000697c70)
             exe-1050008 [003] ..... 1635890.806853: sys_nanosleep -> 0x0
             exe-1050282 [000] ..... 1635890.806856: sys_ptrace -> 0x0
             exe-1050008 [003] ..... 1635890.806857: sys_futex(uaddr: c000435948, op: 80, val: 0, utime: 0, uaddr2: 0, val3: 0)
             exe-1050282 [000] ..... 1635890.806859: sys_ptrace(request: 4205, pid: 10070d, addr: 202, data: c000697c70)
             exe-1049673 [002] ..... 1635890.806861: sys_nanosleep -> 0x0
             exe-1049673 [002] ..... 1635890.806864: sys_nanosleep(rqtp: c000069f10, rmtp: 0)
             exe-1050282 [000] ..... 1635890.806874: sys_ptrace -> 0x0
             exe-1050282 [000] ..... 1635890.806877: sys_ptrace(request: 1f, pid: 10070d, addr: 0, data: 0)
