             exe-1049567 [001] ..... 1635890.806887: sys_nanosleep -> 0x0
             exe-1050282 [000] .N... 1635890.806893: sys_ptrace -> 0x0
             exe-1049567 [001] ..... 1635890.806894: sys_nanosleep(rqtp: c000069f10, rmtp: 0)
             exe-1050381 [000] ..... 1635890.806906: sys_write -> 0x5b
             exe-1050282 [000] ..... 1635890.806931: sys_wait4(upid: 10070d, stat_addr: c000697bf4, options: 40000002, ru: 0)
             exe-1050282 [000] ..... 1635890.806934: sys_wait4 -> 0x10070d
             exe-1050282 [000] ..... 1635890.806938: sys_ptrace(request: 4204, pid: 10070d, addr: 1, data: c000697c70)
             exe-1050282 [000] ..... 1635890.806946: sys_ptrace -> 0x0
             exe-1050282 [000] ..... 1635890.806948: sys_ptrace(request: 4204, pid: 10070d, addr: 202, data: c000697c70)
             exe-1049673 [002] ..... 1635890.806949: sys_nanosleep -> 0x0
             exe-1049673 [002] ..... 1635890.806951: sys_nanosleep(rqtp: c000069f10, rmtp: 0)
             exe-1050282 [000] ..... 1635890.806952: sys_ptrace -> 0x0
             exe-1050282 [000] ..... 1635890.806970: sys_ptrace(request: 4205, pid: 10070d, addr: 1, data: c000697c70)
             exe-1050282 [000] ..... 1635890.806974: sys_ptrace -> 0x0
             exe-1050282 [000] ..... 1635890.806976: sys_ptrace(request: 4205, pid: 10070d, addr: 202, data: c000697c70)
             exe-1050282 [000] ..... 1635890.806998: sys_ptrace -> 0x0
             exe-1050282 [000] ..... 1635890.807002: sys_ptrace(request: 1f, pid: 10070d, addr: 0, data: 0)
             exe-1050282 [000] .N... 1635890.807017: sys_ptrace -> 0x0
             exe-1049567 [001] ..... 1635890.807020: sys_nanosleep -> 0x0
             exe-1050381 [000] ..... 1635890.807031: sys_pwritev2 -> 0xffffffffffffffe3
             exe-1049567 [001] ..... 1635890.807032: sys_nanosleep(rqtp: c000069f10, rmtp: 0)
             exe-1049673 [002] ..... 1635890.807036: sys_nanosleep -> 0x0
             exe-1049673 [002] ..... 1635890.807039: sys_nanosleep(rqtp: c000069f10, rmtp: 0)
             exe-1050282 [000] ..... 1635890.807055: sys_wait4(upid: 10070d, stat_addr: c000697bf4, options: 40000002, ru: 0)
             exe-1050282 [000] ..... 1635890.807059: sys_wait4 -> 0x10070d
             exe-1050282 [000] ..... 1635890.807062: sys_ptrace(request: 4204, pid: 10070d, addr: 1, data: c000697c70)
             exe-1050282 [000] ..... 1635890.807067: sys_ptrace -> 0x0
             exe-1050282 [000] ..... 1635890.807069: sys_ptrace(request: 4204, pid: 10070d, addr: 202, data: c000697c70)
             exe-1050282 [000] ..... 1635890.807075: sys_ptrace -> 0x0
             exe-1050282 [000] ..... 1635890.807090: sys_pwrite64(fd: 63, buf: 7fd66ed5f080, count: 59, pos: 5b)
             exe-1050282 [000] ..... 1635890.807092: tracing_mark_write: pwritev2(fd=337, vec=0x55707fd1caf0, vlen=1, pos_l=65, pos_h=0, flags=0x55707fd34b34) end
             exe-1050282 [000] ..... 1635890.922681: tracing_mark_write: pwritev2(fd=337, vec=0x55707fcdc6c0, vlen=209, pos_l=48, pos_h=0xff97, flags=0x55707fd34b34) start
             exe-1050282 [000] ..... 1635890.922682: sys_pwrite64 -> 0x62
             exe-1050282 [000] ..... 1635890.922688: sys_ptrace(request: 4205, pid: 10070d, addr: 1, data: c000697c70)
             exe-1050282 [000] ..... 1635890.922690: sys_ptrace -> 0x0
             exe-1050282 [000] ..... 1635890.922691: sys_ptrace(request: 4205, pid: 10070d, addr: 202, data: c000697c70)
             exe-1050282 [000] .N... 1635890.922723: sys_ptrace -> 0x0
             exe-1049673 [000] ..... 1635890.922732: sys_nanosleep -> 0x0
             exe-1049673 [000] ..... 1635890.922737: sys_nanosleep(rqtp: c000069f10, rmtp: 0)
             exe-1050282 [000] ..... 1635890.922757: sys_ptrace(request: 1f, pid: 10070d, addr: 0, data: 0)
             exe-1050282 [000] .N... 1635890.922763: sys_ptrace -> 0x0
             exe-1050381 [000] ..... 1635890.922772: sys_write -> 0x62
             exe-1050282 [000] ..... 1635890.922791: sys_wait4(upid: 10070d, stat_addr: c000697bf4, options: 40000002, ru: 0)
             exe-1050282 [000] ..... 1635890.922793: sys_wait4 -> 0x10070d
             exe-1050282 [000] ..... 1635890.922795: sys_ptrace(request: 4204, pid: 10070d, addr: 1, data: c000697c70)
             exe-1050282 [000] ..... 1635890.922799: sys_ptrace -> 0x0
             exe-1050282 [000] ..... 1635890.922800: sys_ptrace(request: 4204, pid: 10070d, addr: 202, data: c000697c70)
             exe-1050282 [000] ..... 1635890.922802: sys_ptrace -> 0x0
             exe-1049673 [000] ..... 1635890.922839: sys_nanosleep -> 0x0
             exe-1049673 [000] ..... 1635890.922844: sys_nanosleep(rqtp: c000069f10, rmtp: 0)
             exe-1049673 [000] ..... 1635890.922942: sys_nanosleep -> 0x0
             exe-1049673 [000] ..... 1635890.922947: sys_nanosleep(rqtp: c000069f10, rmtp: 0)
             exe-1050282 [000] ..... 1635890.922989: sys_ptrace(request: 4205, pid: 10070d, addr: 1, data: c000697c70)
             exe-1050282 [000] ..... 1635890.922993: sys_ptrace -> 0x0
             exe-1050282 [000] ..... 1635890.922994: sys_ptrace(request: 4205, pid: 10070d, addr: 202, data: c000697c70)
             exe-1050282 [000] ..... 1635890.923006: sys_ptrace -> 0x0
             exe-1050282 [000] ..... 1635890.923007: sys_ptrace(request: 1f, pid: 10070d, addr: 0, data: 0)
             exe-1050282 [000] .N... 1635890.923013: sys_ptrace -> 0x0
             exe-1050381 [000] ..... 1635890.923045: sys_pwritev2 -> 0xffffffffffffffe3
             exe-1049673 [000] ..... 1635890.923061: sys_nanosleep -> 0x0
             exe-1049673 [000] ..... 1635890.923066: sys_nanosleep(rqtp: c000069f10, rmtp: 0)
             exe-1050282 [000] ..... 1635890.923091: sys_wait4(upid: 10070d, stat_addr: c000697bf4, options: 40000002, ru: 0)
             exe-1050282 [000] ..... 1635890.923094: sys_wait4 -> 0x10070d
             exe-1050282 [000] ..... 1635890.923096: sys_ptrace(request: 4204, pid: 10070d, addr: 1, data: c000697c70)
             exe-1050282 [000] ..... 1635890.923100: sys_ptrace -> 0x0
             exe-1050282 [000] ..... 1635890.923101: sys_ptrace(request: 4204, pid: 10070d, addr: 202, data: c000697c70)
             exe-1050282 [000] ..... 1635890.923104: sys_ptrace -> 0x0
             exe-1050282 [000] ..... 1635890.923116: sys_pwrite64(fd: 63, buf: 7fd66ed5f080, count: 60, pos: 62)
             exe-1050282 [000] ..... 1635890.923118: tracing_mark_write: pwritev2(fd=337, vec=0x55707fcdc6c0, vlen=209, pos_l=48, pos_h=0xff97, flags=0x55707fd34b34) end
             exe-1049981 [003] ..... 1635891.015961: tracing_mark_write: pwritev2(fd=337, vec=0x55707fd1caf0, vlen=1, pos_l=0x9c9c9c9c, pos_h=9, flags=0x55707fd34b34) start
             exe-1049981 [003] ..... 1635891.015963: sys_pwrite64 -> 0x63
             exe-1049981 [003] ..... 1635891.015971: sys_ptrace(request: 4205, pid: 1005d9, addr: 1, data: c000697c70)
             exe-1049981 [003] ..... 1635891.015973: sys_ptrace -> 0x0
             exe-1049981 [003] ..... 1635891.016003: sys_ptrace(request: 4205, pid: 1005d9, addr: 202, data: c000697c70)
             exe-1049673 [003] ..... 1635891.016016: sys_nanosleep -> 0x0
             exe-1049673 [003] ..... 1635891.016023: sys_nanosleep(rqtp: c000069f10, rmtp: 0)
             exe-1049981 [003] ..... 1635891.016063: sys_ptrace -> 0x0
             exe-1049981 [003] ..... 1635891.016068: sys_ptrace(request: 1f, pid: 1005d9, addr: 0, data: 0)
             exe-1049981 [003] ..... 1635891.016082: sys_ptrace -> 0x0
             exe-1049981 [003] ..... 1635891.016086: sys_wait4(upid: 1005d9, stat_addr: c000697bf4, options: 40000002, ru: 0)
             exe-1050073 [002] ..... 1635891.016105: sys_write -> 0x63
             exe-1049673 [003] ..... 1635891.016134: sys_nanosleep -> 0x0
             exe-1049673 [003] ..... 1635891.016140: sys_epoll_pwait(epfd: 10, events: c000069920, maxevents: 80, timeout: 0, sigmask: 0, sigsetsize: 0)
             exe-1049673 [003] ..... 1635891.016142: sys_epoll_pwait -> 0x0
             exe-1049673 [003] ..... 1635891.016144: sys_nanosleep(rqtp: c000069f10, rmtp: 0)
             exe-1049981 [003] ..... 1635891.016169: sys_wait4 -> 0x1005d9
             exe-1049981 [003] ..... 1635891.016174: sys_ptrace(request: 4204, pid: 1005d9, addr: 1, data: c000697c70)
             exe-1049981 [003] ..... 1635891.016179: sys_ptrace -> 0x0
             exe-1049981 [003] ..... 1635891.016181: sys_ptrace(request: 4204, pid: 1005d9, addr: 202, data: c000697c70)
             exe-1049981 [003] ..... 1635891.016184: sys_ptrace -> 0x0
             exe-1049981 [003] ..... 1635891.016200: sys_ptrace(request: 4205, pid: 1005d9, addr: 1, data: c000697c70)
             exe-1049981 [003] ..... 1635891.016203: sys_ptrace -> 0x0
             exe-1049981 [003] ..... 1635891.016205: sys_ptrace(request: 4205, pid: 1005d9, addr: 202, data: c000697c70)
             exe-1049981 [003] .N... 1635891.016244: sys_ptrace -> 0x0
             exe-1049673 [003] ..... 1635891.016255: sys_nanosleep -> 0x0
             exe-1049673 [003] ..... 1635891.016261: sys_nanosleep(rqtp: c000069f10, rmtp: 0)
             exe-1049981 [003] ..... 1635891.016287: sys_ptrace(request: 1f, pid: 1005d9, addr: 0, data: 0)
             exe-1049981 [003] ..... 1635891.016302: sys_ptrace -> 0x0
             exe-1049981 [003] ..... 1635891.016305: sys_wait4(upid: 1005d9, stat_addr: c000697bf4, options: 40000002, ru: 0)
             exe-1050073 [002] ..... 1635891.016314: sys_pwritev2 -> 0xffffffffffffffe3
             exe-1049981 [003] .N... 1635891.016352: sys_wait4 -> 0x1005d9
             exe-1049673 [003] ..... 1635891.016361: sys_nanosleep -> 0x0
             exe-1049673 [003] ..... 1635891.016367: sys_nanosleep(rqtp: c000069f10, rmtp: 0)
             exe-1049981 [003] ..... 1635891.016394: sys_ptrace(request: 4204, pid: 1005d9, addr: 1, data: c000697c70)
             exe-1049981 [003] ..... 1635891.016399: sys_ptrace -> 0x0
             exe-1049981 [003] ..... 1635891.016401: sys_ptrace(request: 4204, pid: 1005d9, addr: 202, data: c000697c70)
             exe-1049981 [003] ..... 1635891.016403: sys_ptrace -> 0x0
             exe-1049981 [003] ..... 1635891.016418: sys_pwrite64(fd: 63, buf: 7fd66ed5f080, count: 61, pos: 63)
             exe-1049981 [003] ..... 1635891.016420: tracing_mark_write: pwritev2(fd=337, vec=0x55707fd1caf0, vlen=1, pos_l=0x9c9c9c9c, pos_h=9, flags=0x55707fd34b34) end
             exe-1049981 [003] ..... 1635891.121104: tracing_mark_write: pwritev2(fd=375, vec=0x55707fcdc6c0, vlen=206, pos_l=-6, pos_h=0x200000, flags=0x55707fd34b34) start
             exe-1049981 [003] ..... 1635891.121106: sys_pwrite64 -> 0x64
             exe-1049981 [003] ..... 1635891.121111: sys_ptrace(request: 4205, pid: 1005d9, addr: 1, data: c000697c70)
             exe-1049981 [003] ..... 1635891.121114: sys_ptrace -> 0x0
             exe-1049981 [003] ..... 1635891.121115: sys_ptrace(request: 4205, pid: 1005d9, addr: 202, data: c000697c70)
             exe-1049981 [003] ..... 1635891.121123: sys_ptrace -> 0x0
             exe-1049981 [003] ..... 1635891.121125: sys_ptrace(request: 1f, pid: 1005d9, addr: 0, data: 0)
             exe-1049673 [002] ..... 1635891.121126: sys_nanosleep -> 0x0
             exe-1049673 [002] ..... 1635891.121129: sys_nanosleep(rqtp: c000069f10, rmtp: 0)
             exe-1049981 [003] .N... 1635891.121131: sys_ptrace -> 0x0
             exe-1050073 [003] ..... 1635891.121139: sys_write -> 0x64
             exe-1049981 [003] ..... 1635891.121154: sys_wait4(upid: 1005d9, stat_addr: c000697bf4, options: 40000002, ru: 0)
             exe-1049981 [003] ..... 1635891.121156: sys_wait4 -> 0x1005d9
             exe-1049981 [003] ..... 1635891.121157: sys_ptrace(request: 4204, pid: 1005d9, addr: 1, data: c000697c70)
             exe-1049981 [003] ..... 1635891.121160: sys_ptrace -> 0x0
             exe-1049981 [003] ..... 1635891.121161: sys_ptrace(request: 4204, pid: 1005d9, addr: 202, data: c000697c70)
             exe-1049981 [003] ..... 1635891.121163: sys_ptrace -> 0x0
             exe-1049981 [003] ..... 1635891.121168: sys_ptrace(request: 4205, pid: 1005d9, addr: 1, data: c000697c70)
             exe-1049981 [003] ..... 1635891.121170: sys_ptrace -> 0x0
             exe-1049981 [003] ..... 1635891.121171: sys_ptrace(request: 4205, pid: 1005d9, addr: 202, data: c000697c70)
             exe-1049981 [003] ..... 1635891.121178: sys_ptrace -> 0x0
             exe-1049981 [003] ..... 1635891.121179: sys_ptrace(request: 1f, pid: 1005d9, addr: 0, data: 0)
             exe-1049981 [003] .N... 1635891.121184: sys_ptrace -> 0x0
             exe-1050073 [003] ..... 1635891.121192: sys_pwritev2 -> 0xffffffffffffffea
             exe-1049981 [003] ..... 1635891.121205: sys_wait4(upid: 1005d9, stat_addr: c000697bf4, options: 40000002, ru: 0)
             exe-1049981 [003] ..... 1635891.121207: sys_wait4 -> 0x1005d9
             exe-1049981 [003] ..... 1635891.121208: sys_ptrace(request: 4204, pid: 1005d9, addr: 1, data: c000697c70)
             exe-1049981 [003] ..... 1635891.121211: sys_ptrace -> 0x0
             exe-1049981 [003] ..... 1635891.121212: sys_ptrace(request: 4204, pid: 1005d9, addr: 202, data: c000697c70)
             exe-1049981 [003] ..... 1635891.121214: sys_ptrace -> 0x0
             exe-1049981 [003] ..... 1635891.121221: sys_pwrite64(fd: 63, buf: 7fd66ed5f080, count: 62, pos: 64)
             exe-1049981 [003] ..... 1635891.121222: tracing_mark_write: pwritev2(fd=375, vec=0x55707fcdc6c0, vlen=206, pos_l=-6, pos_h=0x200000, flags=0x55707fd34b34) end
             exe-1049981 [003] ..... 1635891.179839: tracing_mark_write: pwritev2(fd=375, vec=0x55707fd1caf0, vlen=1, pos_l=58, pos_h=0xa1a1a1a1, flags=0x55707fd34b34) start
             exe-1049981 [003] ..... 1635891.179841: sys_pwrite64 -> 0x64
             exe-1049981 [003] ..... 1635891.179847: sys_ptrace(request: 4205, pid: 1005d9, addr: 1, data: c000697c70)
             exe-1049981 [003] ..... 1635891.179850: sys_ptrace -> 0x0
             exe-1049673 [002] ..... 1635891.179850: sys_nanosleep -> 0x0
             exe-1049981 [003] ..... 1635891.179851: sys_ptrace(request: 4205, pid: 1005d9, addr: 202, data: c000697c70)
             exe-1049673 [002] ..... 1635891.179856: sys_nanosleep(rqtp: c000069f10, rmtp: 0)
             exe-1049981 [003] ..... 1635891.179863: sys_ptrace -> 0x0
             exe-1049981 [003] ..... 1635891.179864: sys_ptrace(request: 1f, pid: 1005d9, addr: 0, data: 0)
             exe-1049981 [003] .N... 1635891.179872: sys_ptrace -> 0x0
             exe-1049567 [002] ..... 1635891.179881: sys_nanosleep -> 0x0
             exe-1050073 [003] ..... 1635891.179883: sys_write -> 0x64
             exe-1049567 [002] ..... 1635891.179887: sys_nanosleep(rqtp: c000069f10, rmtp: 0)
             exe-1049981 [003] ..... 1635891.179903: sys_wait4(upid: 1005d9, stat_addr: c000697bf4, options: 40000002, ru: 0)
             exe-1049981 [003] ..... 1635891.179906: sys_wait4 -> 0x1005d9
             exe-1049981 [003] ..... 1635891.179908: sys_ptrace(request: 4204, pid: 1005d9, addr: 1, data: c000697c70)
             exe-1049981 [003] ..... 1635891.179911: sys_ptrace -> 0x0
             exe-1049981 [003] ..... 1635891.179913: sys_ptrace(request: 4204, pid: 1005d9, addr: 202, data: c000697c70)
             exe-1049981 [003] ..... 1635891.179915: sys_ptrace -> 0x0
             exe-1049981 [003] ..... 1635891.179928: sys_ptrace(request: 4205, pid: 1005d9, addr: 1, data: c000697c70)
             exe-1049981 [003] ..... 1635891.179930: sys_ptrace -> 0x0
             exe-1049981 [003] ..... 1635891.179932: sys_ptrace(request: 4205, pid: 1005d9, addr: 202, data: c000697c70)
             exe-1049981 [003] ..... 1635891.179945: sys_ptrace -> 0x0
             exe-1049981 [003] ..... 1635891.179947: sys_ptrace(request: 1f, pid: 1005d9, addr: 0, data: 0)
             exe-1049981 [003] .N... 1635891.179954: sys_ptrace -> 0x0
             exe-1049673 [002] ..... 1635891.179962: sys_nanosleep -> 0x0
             exe-1050073 [003] ..... 1635891.179966: sys_pwritev2 -> 0xffffffffffffffe3
             exe-1049673 [002] ..... 1635891.179968: sys_nanosleep(rqtp: c000069f10, rmtp: 0)
             exe-1049981 [003] ..... 1635891.179985: sys_wait4(upid: 1005d9, stat_addr: c000697bf4, options: 40000002, ru: 0)
             exe-1049981 [003] ..... 1635891.179988: sys_wait4 -> 0x1005d9
             exe-1049981 [003] ..... 1635891.179990: sys_ptrace(request: 4204, pid: 1005d9, addr: 1, data: c000697c70)
             exe-1049567 [002] ..... 1635891.179993: sys_nanosleep -> 0x0
             exe-1049981 [003] ..... 1635891.179994: sys_ptrace -> 0x0
             exe-1049981 [003] ..... 1635891.179996: sys_ptrace(request: 4204, pid: 1005d9, addr: 202, data: c000697c70)
             exe-1049567 [002] ..... 1635891.179998: sys_nanosleep(rqtp: c000069f10, rmtp: 0)
             exe-1049981 [003] ..... 1635891.179998: sys_ptrace -> 0x0
             exe-1049981 [003] ..... 1635891.180008: sys_pwrite64(fd: 63, buf: 7fd66ed5f080, count: 62, pos: 64)
             exe-1049981 [003] ..... 1635891.180009: tracing_mark_write: pwritev2(fd=375, vec=0x55707fd1caf0, vlen=1, pos_l=58, pos_h=0xa1a1a1a1, flags=0x55707fd34b34) end
             exe-1050008 [001] ..... 1635891.278476: tracing_mark_write: pwritev2(fd=375, vec=0x55707fcd5e60, vlen=91, pos_l=0x620100011000210, pos_h=151, flags=0x55707fd34b34) start
             exe-1050008 [001] ..... 1635891.278478: sys_pwrite64 -> 0x6d
             exe-1050008 [001] ..... 1635891.278484: sys_ptrace(request: 4205, pid: 1005d0, addr: 1, data: c000697c70)
             exe-1050008 [001] ..... 1635891.278487: sys_ptrace -> 0x0
             exe-1050008 [001] ..... 1635891.278488: sys_ptrace(request: 4205, pid: 1005d0, addr: 202, data: c000697c70)
             exe-1049673 [001] ..... 1635891.278537: sys_nanosleep -> 0x0
             exe-1049673 [001] ..... 1635891.278545: sys_nanosleep(rqtp: c000069f10, rmtp: 0)
             exe-1050008 [001] ..... 1635891.278573: sys_ptrace -> 0x0
             exe-1050008 [001] ..... 1635891.278578: sys_ptrace(request: 1f, pid: 1005d0, addr: 0, data: 0)
             exe-1050008 [001] ..... 1635891.278594: sys_ptrace -> 0x0
             exe-1050008 [001] ..... 1635891.278598: sys_wait4(upid: 1005d0, stat_addr: c000697bf4, options: 40000002, ru: 0)
             exe-1050064 [002] ..... 1635891.278610: sys_write -> 0x6d
             exe-1049673 [001] ..... 1635891.278648: sys_nanosleep -> 0x0
             exe-1049673 [001] ..... 1635891.278654: sys_nanosleep(rqtp: c000069f10, rmtp: 0)
             exe-1050008 [001] ..... 1635891.278673: sys_wait4 -> 0x1005d0
             exe-1050008 [001] ..... 1635891.278678: sys_ptrace(request: 4204, pid: 1005d0, addr: 1, data: c000697c70)
             exe-1050008 [001] ..... 1635891.278683: sys_ptrace -> 0x0
             exe-1050008 [001] ..... 1635891.278685: sys_ptrace(request: 4204, pid: 1005d0, addr: 202, data: c000697c70)
             exe-1050008 [001] ..... 1635891.278687: sys_ptrace -> 0x0
             exe-1049673 [001] ..... 1635891.278755: sys_nanosleep -> 0x0
             exe-1049673 [001] ..... 1635891.278761: sys_nanosleep(rqtp: c000069f10, rmtp: 0)
             exe-1050008 [001] ..... 1635891.278800: sys_ptrace(request: 4205, pid: 1005d0, addr: 1, data: c000697c70)
             exe-1050008 [001] ..... 1635891.278804: sys_ptrace -> 0x0
             exe-1050008 [001] ..... 1635891.278806: sys_ptrace(request: 4205, pid: 1005d0, addr: 202, data: c000697c70)
             exe-1050008 [001] ..... 1635891.278818: sys_ptrace -> 0x0
             exe-1050008 [001] ..... 1635891.278820: sys_ptrace(request: 1f, pid: 1005d0, addr: 0, data: 0)
             exe-1050008 [001] ..... 1635891.278833: sys_ptrace -> 0x0
             exe-1050064 [002] ..... 1635891.278848: sys_pwritev2 -> 0xffffffffffffffe3
             exe-1049673 [001] ..... 1635891.278860: sys_nanosleep -> 0x0
             exe-1049673 [001] ..... 1635891.278866: sys_nanosleep(rqtp: c000069f10, rmtp: 0)
             exe-1050008 [001] ..... 1635891.278887: sys_wait4(upid: 1005d0, stat_addr: c000697bf4, options: 40000002, ru: 0)
             exe-1050008 [001] ..... 1635891.278890: sys_wait4 -> 0x1005d0
             exe-1050008 [001] ..... 1635891.278892: sys_ptrace(request: 4204, pid: 1005d0, addr: 1, data: c000697c70)
             exe-1050008 [001] ..... 1635891.278896: sys_ptrace -> 0x0
             exe-1050008 [001] ..... 1635891.278897: sys_ptrace(request: 4204, pid: 1005d0, addr: 202, data: c000697c70)
             exe-1050008 [001] ..... 1635891.278899: sys_ptrace -> 0x0
             exe-1050008 [001] ..... 1635891.278917: sys_pwrite64(fd: 63, buf: 7fd66ed5f080, count: 6b, pos: 6d)
             exe-1050008 [001] ..... 1635891.278919: tracing_mark_write: pwritev2(fd=375, vec=0x55707fcd5e60, vlen=91, pos_l=0x620100011000210, pos_h=151, flags=0x55707fd34b34) end
             exe-1050008 [003] ..... 1635891.359365: tracing_mark_write: pwritev2(fd=375, vec=0x55707fd1caf0, vlen=1, pos_l=0xffffffff00000008, pos_h=0xf69e, flags=0x55707fd34b34) start
             exe-1050008 [003] ..... 1635891.359367: sys_pwrite64 -> 0x70
             exe-1050008 [003] ..... 1635891.359373: sys_ptrace(request: 4205, pid: 1005d0, addr: 1, data: c000697c70)
             exe-1050008 [003] ..... 1635891.359376: sys_ptrace -> 0x0
             exe-1050008 [003] ..... 1635891.359377: sys_ptrace(request: 4205, pid: 1005d0, addr: 202, data: c000697c70)
             exe-1050008 [003] ..... 1635891.359448: sys_ptrace -> 0x0
             exe-1050008 [003] ..... 1635891.359452: sys_ptrace(request: 1f, pid: 1005d0, addr: 0, data: 0)
             exe-1050008 [003] ..... 1635891.359465: sys_ptrace -> 0x0
             exe-1050008 [003] ..... 1635891.359468: sys_wait4(upid: 1005d0, stat_addr: c000697bf4, options: 40000002, ru: 0)
             exe-1050064 [002] ..... 1635891.359490: sys_write -> 0x70
             exe-1050008 [003] ..... 1635891.359550: sys_wait4 -> 0x1005d0
             exe-1050008 [003] ..... 1635891.359556: sys_ptrace(request: 4204, pid: 1005d0, addr: 1, data: c000697c70)
             exe-1050008 [003] ..... 1635891.359560: sys_ptrace -> 0x0
             exe-1050008 [003] ..... 1635891.359562: sys_ptrace(request: 4204, pid: 1005d0, addr: 202, data: c000697c70)
             exe-1050008 [003] ..... 1635891.359564: sys_ptrace -> 0x0
             exe-1050008 [003] ..... 1635891.359573: sys_ptrace(request: 4205, pid: 1005d0, addr: 1, data: c000697c70)
             exe-1050008 [003] ..... 1635891.359576: sys_ptrace -> 0x0
             exe-1050008 [003] ..... 1635891.359577: sys_ptrace(request: 4205, pid: 1005d0, addr: 202, data: c000697c70)
             exe-1050008 [003] ..... 1635891.359587: sys_ptrace -> 0x0
             exe-1050008 [003] ..... 1635891.359589: sys_ptrace(request: 1f, pid: 1005d0, addr: 0, data: 0)
             exe-1050064 [002] ..... 1635891.359621: sys_pwritev2 -> 0xffffffffffffffea
             exe-1050008 [003] .N... 1635891.359622: sys_ptrace -> 0x0
             exe-1050008 [003] ..... 1635891.359674: sys_wait4(upid: 1005d0, stat_addr: c000697bf4, options: 40000002, ru: 0)
             exe-1050008 [003] ..... 1635891.359677: sys_wait4 -> 0x1005d0
             exe-1050008 [003] ..... 1635891.359679: sys_ptrace(request: 4204, pid: 1005d0, addr: 1, data: c000697c70)
             exe-1050008 [003] ..... 1635891.359683: sys_ptrace -> 0x0
             exe-1050008 [003] ..... 1635891.359685: sys_ptrace(request: 4204, pid: 1005d0, addr: 202, data: c000697c70)
             exe-1050008 [003] ..... 1635891.359687: sys_ptrace -> 0x0
             exe-1050008 [003] ..... 1635891.359701: sys_pwrite64(fd: 63, buf: 7fd66ed5f080, count: 6e, pos: 70)
             exe-1050008 [003] ..... 1635891.359703: tracing_mark_write: pwritev2(fd=375, vec=0x55707fd1caf0, vlen=1, pos_l=0xffffffff00000008, pos_h=0xf69e, flags=0x55707fd34b34) end
             exe-1050008 [003] ..... 1635891.462006: tracing_mark_write: pwritev2(fd=6, vec=0x55707fcdc6c0, vlen=254, pos_l=130, pos_h=115, flags=0x55707fd34b34) start
             exe-1050008 [003] ..... 1635891.462007: sys_pwrite64 -> 0x5e
             exe-1050008 [003] ..... 1635891.462011: sys_ptrace(request: 4205, pid: 1005d0, addr: 1, data: c000697c70)
             exe-1050008 [003] ..... 1635891.462013: sys_ptrace -> 0x0
             exe-1050008 [003] ..... 1635891.462014: sys_ptrace(request: 4205, pid: 1005d0, addr: 202, data: c000697c70)
             exe-1050008 [003] ..... 1635891.462021: sys_ptrace -> 0x0
             exe-1050008 [003] ..... 1635891.462022: sys_ptrace(request: 1f, pid: 1005d0, addr: 0, data: 0)
             exe-1050008 [003] ..... 1635891.462030: sys_ptrace -> 0x0
             exe-1050008 [003] ..... 1635891.462032: sys_wait4(upid: 1005d0, stat_addr: c000697bf4, options: 40000002, ru: 0)
             exe-1050064 [002] ..... 1635891.462045: sys_write -> 0x5e
             exe-1050008 [003] ..... 1635891.462058: sys_wait4 -> 0x1005d0
             exe-1050008 [003] ..... 1635891.462060: sys_ptrace(request: 4204, pid: 1005d0, addr: 1, data: c000697c70)
             exe-1050008 [003] ..... 1635891.462062: sys_ptrace -> 0x0
             exe-1050008 [003] ..... 1635891.462064: sys_ptrace(request: 4204, pid: 1005d0, addr: 202, data: c000697c70)
             exe-1050008 [003] ..... 1635891.462066: sys_ptrace -> 0x0
             exe-1050008 [003] ..... 1635891.462138: sys_ptrace(request: 4205, pid: 1005d0, addr: 1, data: c000697c70)
             exe-1050008 [003] ..... 1635891.462141: sys_ptrace -> 0x0
             exe-1050008 [003] ..... 1635891.462142: sys_ptrace(request: 4205, pid: 1005d0, addr: 202, data: c000697c70)
             exe-1050008 [003] ..... 1635891.462149: sys_ptrace -> 0x0
             exe-1050008 [003] ..... 1635891.462150: sys_ptrace(request: 1f, pid: 1005d0, addr: 0, data: 0)
             exe-1050008 [003] ..... 1635891.462158: sys_ptrace -> 0x0
             exe-1050008 [003] ..... 1635891.462159: sys_wait4(upid: 1005d0, stat_addr: c000697bf4, options: 40000002, ru: 0)
             exe-1050064 [002] ..... 1635891.462179: sys_pwritev2 -> 0xffffffffffffffe3
             exe-1050008 [003] ..... 1635891.462197: sys_wait4 -> 0x1005d0
             exe-1050008 [003] ..... 1635891.462200: sys_ptrace(request: 4204, pid: 1005d0, addr: 1, data: c000697c70)
             exe-1050008 [003] ..... 1635891.462202: sys_ptrace -> 0x0
             exe-1050008 [003] ..... 1635891.462203: sys_ptrace(request: 4204, pid: 1005d0, addr: 202, data: c000697c70)
             exe-1050008 [003] ..... 1635891.462205: sys_ptrace -> 0x0
             exe-1050008 [003] ..... 1635891.462210: sys_pwrite64(fd: 63, buf: 7fd66ed5f080, count: 5c, pos: 5e)
             exe-1050008 [003] ..... 1635891.462211: tracing_mark_write: pwritev2(fd=6, vec=0x55707fcdc6c0, vlen=254, pos_l=130, pos_h=115, flags=0x55707fd34b34) end
             exe-1050008 [003] ..... 1635891.560152: tracing_mark_write: pwritev2(fd=6, vec=0x55707fcdc6c0, vlen=160, pos_l=0x280004104810, pos_h=0, flags=0x55707fd34b34) start
             exe-1050008 [003] ..... 1635891.560154: sys_pwrite64 -> 0x67
             exe-1050008 [003] ..... 1635891.560159: sys_ptrace(request: 4205, pid: 1005d0, addr: 1, data: c000697c70)
             exe-1050008 [003] ..... 1635891.560161: sys_ptrace -> 0x0
             exe-1050008 [003] ..... 1635891.560162: sys_ptrace(request: 4205, pid: 1005d0, addr: 202, data: c000697c70)
             exe-1050008 [003] ..... 1635891.560171: sys_ptrace -> 0x0
             exe-1050008 [003] ..... 1635891.560172: sys_ptrace(request: 1f, pid: 1005d0, addr: 0, data: 0)
             exe-1049673 [000] ..... 1635891.560172: sys_nanosleep -> 0x0
             exe-1049673 [000] ..... 1635891.560179: sys_futex(uaddr: 1f09dc0, op: 80, val: 0, utime: c000069eb0, uaddr2: 0, val3: 0)
             exe-1050008 [003] ..... 1635891.560182: sys_ptrace -> 0x0
             exe-1050008 [003] ..... 1635891.560183: sys_wait4(upid: 1005d0, stat_addr: c000697bf4, options: 40000002, ru: 0)
             exe-1050064 [002] ..... 1635891.560197: sys_write -> 0x67
             exe-1050008 [003] ..... 1635891.560210: sys_wait4 -> 0x1005d0
             exe-1050008 [003] ..... 1635891.560212: sys_ptrace(request: 4204, pid: 1005d0, addr: 1, data: c000697c70)
             exe-1050008 [003] ..... 1635891.560214: sys_ptrace -> 0x0
             exe-1050008 [003] ..... 1635891.560216: sys_ptrace(request: 4204, pid: 1005d0, addr: 202, data: c000697c70)
             exe-1050008 [003] ..... 1635891.560217: sys_ptrace -> 0x0
             exe-1050008 [003] ..... 1635891.560512: sys_ptrace(request: 4205, pid: 1005d0, addr: 1, data: c000697c70)
             exe-1050008 [003] ..... 1635891.560515: sys_ptrace -> 0x0
             exe-1050008 [003] ..... 1635891.560517: sys_ptrace(request: 4205, pid: 1005d0, addr: 202, data: c000697c70)
             exe-1050008 [003] ..... 1635891.560526: sys_ptrace -> 0x0
             exe-1050008 [003] ..... 1635891.560527: sys_ptrace(request: 1f, pid: 1005d0, addr: 0, data: 0)
             exe-1050008 [003] ..... 1635891.560537: sys_ptrace -> 0x0
             exe-1050008 [003] ..... 1635891.560539: sys_wait4(upid: 1005d0, stat_addr: c000697bf4, options: 40000002, ru: 0)
             exe-1050064 [002] ..... 1635891.560552: sys_pwritev2 -> 0xffffffffffffffe3
             exe-1050008 [003] ..... 1635891.560565: sys_wait4 -> 0x1005d0
             exe-1050008 [003] ..... 1635891.560568: sys_ptrace(request: 4204, pid: 1005d0, addr: 1, data: c000697c70)
             exe-1050008 [003] ..... 1635891.560570: sys_ptrace -> 0x0
             exe-1050008 [003] ..... 1635891.560571: sys_ptrace(request: 4204, pid: 1005d0, addr: 202, data: c000697c70)
             exe-1050008 [003] ..... 1635891.560573: sys_ptrace -> 0x0
             exe-1050008 [003] ..... 1635891.560579: sys_pwrite64(fd: 63, buf: 7fd66ed5f080, count: 65, pos: 67)
             exe-1050008 [003] ..... 1635891.560581: tracing_mark_write: pwritev2(fd=6, vec=0x55707fcdc6c0, vlen=160, pos_l=0x280004104810, pos_h=0, flags=0x55707fd34b34) end
             exe-1050008 [003] ..... 1635891.659656: tracing_mark_write: pwritev2(fd=17, vec=0x55707fcd5e60, vlen=45, pos_l=1, pos_h=-4, flags=0x55707fd34b34) start
             exe-1050008 [003] ..... 1635891.659657: sys_pwrite64 -> 0x5b
             exe-1050008 [003] ..... 1635891.659688: sys_ptrace(request: 4205, pid: 1005d0, addr: 1, data: c000697c70)
             exe-1050008 [003] ..... 1635891.659691: sys_ptrace -> 0x0
             exe-1050008 [003] ..... 1635891.659692: sys_ptrace(request: 4205, pid: 1005d0, addr: 202, data: c000697c70)
             exe-1050008 [003] ..... 1635891.659706: sys_ptrace -> 0x0
             exe-1050008 [003] ..... 1635891.659708: sys_ptrace(request: 1f, pid: 1005d0, addr: 0, data: 0)
             exe-1050008 [003] .N... 1635891.659716: sys_ptrace -> 0x0
             exe-1050064 [003] ..... 1635891.659727: sys_write -> 0x5b
             exe-1050008 [003] ..... 1635891.659747: sys_wait4(upid: 1005d0, stat_addr: c000697bf4, options: 40000002, ru: 0)
             exe-1050008 [003] ..... 1635891.659750: sys_wait4 -> 0x1005d0
             exe-1050008 [003] ..... 1635891.659752: sys_ptrace(request: 4204, pid: 1005d0, addr: 1, data: c000697c70)
             exe-1050008 [003] ..... 1635891.659756: sys_ptrace -> 0x0
             exe-1050008 [003] ..... 1635891.659757: sys_ptrace(request: 4204, pid: 1005d0, addr: 202, data: c000697c70)
             exe-1050008 [003] ..... 1635891.659760: sys_ptrace -> 0x0
             exe-1050008 [003] ..... 1635891.659812: sys_ptrace(request: 4205, pid: 1005d0, addr: 1, data: c000697c70)
             exe-1050008 [003] ..... 1635891.659815: sys_ptrace -> 0x0
             exe-1050008 [003] ..... 1635891.659817: sys_ptrace(request: 4205, pid: 1005d0, addr: 202, data: c000697c70)
             exe-1050008 [003] ..... 1635891.659829: sys_ptrace -> 0x0
             exe-1050008 [003] ..... 1635891.659830: sys_ptrace(request: 1f, pid: 1005d0, addr: 0, data: 0)
             exe-1050008 [003] .N... 1635891.659838: sys_ptrace -> 0x0
             exe-1050064 [003] ..... 1635891.659848: sys_pwritev2 -> 0xffffffffffffffe3
             exe-1050008 [003] ..... 1635891.659869: sys_wait4(upid: 1005d0, stat_addr: c000697bf4, options: 40000002, ru: 0)
             exe-1050008 [003] ..... 1635891.659872: sys_wait4 -> 0x1005d0
             exe-1050008 [003] ..... 1635891.659874: sys_ptrace(request: 4204, pid: 1005d0, addr: 1, data: c000697c70)
             exe-1050008 [003] ..... 1635891.659878: sys_ptrace -> 0x0
             exe-1050008 [003] ..... 1635891.659880: sys_ptrace(request: 4204, pid: 1005d0, addr: 202, data: c000697c70)
             exe-1050008 [003] ..... 1635891.659882: sys_ptrace -> 0x0
             exe-1050008 [003] ..... 1635891.659892: sys_pwrite64(fd: 63, buf: 7fd66ed5f080, count: 59, pos: 5b)
             exe-1050008 [003] ..... 1635891.659894: tracing_mark_write: pwritev2(fd=17, vec=0x55707fcd5e60, vlen=45, pos_l=1, pos_h=-4, flags=0x55707fd34b34) end
             exe-1050008 [003] ..... 1635891.737365: tracing_mark_write: pwritev2(fd=17, vec=0x55707fd1caf0, vlen=1, pos_l=0x75757575, pos_h=-32, flags=0x7f953ae19ce5) start
             exe-1050008 [003] ..... 1635891.737368: sys_pwrite64 -> 0x64
             exe-1050008 [003] ..... 1635891.737378: sys_ptrace(request: 4205, pid: 1005d0, addr: 1, data: c000697c70)
             exe-1050008 [003] ..... 1635891.737381: sys_ptrace -> 0x0
             exe-1050008 [003] ..... 1635891.737383: sys_ptrace(request: 4205, pid: 1005d0, addr: 202, data: c000697c70)
             exe-1050008 [003] ..... 1635891.737397: sys_ptrace -> 0x0
             exe-1050008 [003] ..... 1635891.737399: sys_ptrace(request: 1f, pid: 1005d0, addr: 0, data: 0)
             exe-1050008 [003] .N... 1635891.737408: sys_ptrace -> 0x0
             exe-1050064 [003] ..... 1635891.737421: sys_write -> 0x64
             exe-1049567 [000] ..... 1635891.737427: sys_nanosleep -> 0x0
             exe-1049567 [000] ..... 1635891.737433: sys_nanosleep(rqtp: c000069f10, rmtp: 0)
             exe-1050008 [003] ..... 1635891.737444: sys_wait4(upid: 1005d0, stat_addr: c000697bf4, options: 40000002, ru: 0)
             exe-1050008 [003] ..... 1635891.737447: sys_wait4 -> 0x1005d0
             exe-1050008 [003] ..... 1635891.737449: sys_ptrace(request: 4204, pid: 1005d0, addr: 1, data: c000697c70)
             exe-1050008 [003] ..... 1635891.737454: sys_ptrace -> 0x0
             exe-1049673 [000] ..... 1635891.737455: sys_nanosleep -> 0x0
             exe-1050008 [003] ..... 1635891.737456: sys_ptrace(request: 4204, pid: 1005d0, addr: 202, data: c000697c70)
             exe-1050008 [003] ..... 1635891.737459: sys_ptrace -> 0x0
             exe-1049673 [000] ..... 1635891.737461: sys_nanosleep(rqtp: c000069f10, rmtp: 0)
             exe-1050008 [003] ..... 1635891.737479: sys_ptrace(request: 4205, pid: 1005d0, addr: 1, data: c000697c70)
             exe-1050008 [003] ..... 1635891.737482: sys_ptrace -> 0x0
             exe-1050008 [003] ..... 1635891.737484: sys_ptrace(request: 4205, pid: 1005d0, addr: 202, data: c000697c70)
             exe-1050008 [003] ..... 1635891.737496: sys_ptrace -> 0x0
             exe-1050008 [003] ..... 1635891.737498: sys_ptrace(request: 1f, pid: 1005d0, addr: 0, data: 0)
             exe-1050008 [003] .N... 1635891.737506: sys_ptrace -> 0x0
             exe-1050064 [003] ..... 1635891.737518: sys_pwritev2 -> 0xffffffffffffffe3
             exe-1049567 [000] ..... 1635891.737536: sys_nanosleep -> 0x0
             exe-1050008 [003] ..... 1635891.737540: sys_wait4(upid: 1005d0, stat_addr: c000697bf4, options: 40000002, ru: 0)
             exe-1049567 [000] ..... 1635891.737542: sys_nanosleep(rqtp: c000069f10, rmtp: 0)
             exe-1050008 [003] ..... 1635891.737544: sys_wait4 -> 0x1005d0
             exe-1050008 [003] ..... 1635891.737547: sys_ptrace(request: 4204, pid: 1005d0, addr: 1, data: c000697c70)
             exe-1050008 [003] ..... 1635891.737552: sys_ptrace -> 0x0
             exe-1050008 [003] ..... 1635891.737554: sys_ptrace(request: 4204, pid: 1005d0, addr: 202, data: c000697c70)
             exe-1050008 [003] ..... 1635891.737557: sys_ptrace -> 0x0
             exe-1049673 [000] ..... 1635891.737565: sys_nanosleep -> 0x0
             exe-1050008 [003] ..... 1635891.737568: sys_pwrite64(fd: 63, buf: 7fd66ed5f080, count: 62, pos: 64)
             exe-1049673 [000] ..... 1635891.737570: sys_nanosleep(rqtp: c000069f10, rmtp: 0)
             exe-1050008 [003] ..... 1635891.737571: tracing_mark_write: pwritev2(fd=17, vec=0x55707fd1caf0, vlen=1, pos_l=0x75757575, pos_h=-32, flags=0x7f953ae19ce5) end
             exe-1050008 [003] ..... 1635891.809848: tracing_mark_write: pwritev2(fd=17, vec=0x55707fd1caf0, vlen=1, pos_l=512, pos_h=0x7f051e1b67, flags=0x7f953ae19ce5) start
             exe-1050008 [003] ..... 1635891.809850: sys_pwrite64 -> 0x66
             exe-1050008 [003] ..... 1635891.809858: sys_ptrace(request: 4205, pid: 1005d0, addr: 1, data: c000697c70)
             exe-1050008 [003] ..... 1635891.809861: sys_ptrace -> 0x0
             exe-1050008 [003] ..... 1635891.809862: sys_ptrace(request: 4205, pid: 1005d0, addr: 202, data: c000697c70)
             exe-1050008 [003] ..... 1635891.809872: sys_ptrace -> 0x0
             exe-1050008 [003] ..... 1635891.809873: sys_ptrace(request: 1f, pid: 1005d0, addr: 0, data: 0)
             exe-1050008 [003] ..... 1635891.809885: sys_ptrace -> 0x0
             exe-1050008 [003] ..... 1635891.809888: sys_wait4(upid: 1005d0, stat_addr: c000697bf4, options: 40000002, ru: 0)
             exe-1050064 [001] ..... 1635891.809911: sys_write -> 0x66
             exe-1050008 [003] ..... 1635891.809936: sys_wait4 -> 0x1005d0
             exe-1050008 [003] ..... 1635891.809939: sys_ptrace(request: 4204, pid: 1005d0, addr: 1, data: c000697c70)
             exe-1049673 [000] ..... 1635891.809941: sys_nanosleep -> 0x0
             exe-1050008 [003] ..... 1635891.809942: sys_ptrace -> 0x0
             exe-1050008 [003] ..... 1635891.809943: sys_ptrace(request: 4204, pid: 1005d0, addr: 202, data: c000697c70)
             exe-1049673 [000] ..... 1635891.809945: sys_nanosleep(rqtp: c000069f10, rmtp: 0)
             exe-1050008 [003] ..... 1635891.809946: sys_ptrace -> 0x0
             exe-1050008 [003] ..... 1635891.809958: sys_ptrace(request: 4205, pid: 1005d0, addr: 1, data: c000697c70)
             exe-1050008 [003] ..... 1635891.809960: sys_ptrace -> 0x0
             exe-1050008 [003] ..... 1635891.809962: sys_ptrace(request: 4205, pid: 1005d0, addr: 202, data: c000697c70)
             exe-1050008 [003] ..... 1635891.809971: sys_ptrace -> 0x0
             exe-1050008 [003] ..... 1635891.809972: sys_ptrace(request: 1f, pid: 1005d0, addr: 0, data: 0)
             exe-1050008 [003] ..... 1635891.809983: sys_ptrace -> 0x0
             exe-1050008 [003] ..... 1635891.809985: sys_wait4(upid: 1005d0, stat_addr: c000697bf4, options: 40000002, ru: 0)
             exe-1050064 [001] ..... 1635891.809999: sys_pwritev2 -> 0xffffffffffffffe3
             exe-1050008 [003] ..... 1635891.810022: sys_wait4 -> 0x1005d0
             exe-1050008 [003] ..... 1635891.810024: sys_ptrace(request: 4204, pid: 1005d0, addr: 1, data: c000697c70)
             exe-1050008 [003] ..... 1635891.810027: sys_ptrace -> 0x0
             exe-1050008 [003] ..... 1635891.810029: sys_ptrace(request: 4204, pid: 1005d0, addr: 202, data: c000697c70)
             exe-1050008 [003] ..... 1635891.810031: sys_ptrace -> 0x0
             exe-1050008 [003] ..... 1635891.810038: sys_pwrite64(fd: 63, buf: 7fd66ed5f080, count: 64, pos: 66)
             exe-1050008 [003] ..... 1635891.810040: tracing_mark_write: pwritev2(fd=17, vec=0x55707fd1caf0, vlen=1, pos_l=512, pos_h=0x7f051e1b67, flags=0x7f953ae19ce5) end
             exe-1050008 [003] ..... 1635891.888612: tracing_mark_write: pwritev2(fd=17, vec=0x55707fd1caf0, vlen=1, pos_l=-9, pos_h=172, flags=0x7f953ae19ce5) start
             exe-1050008 [003] ..... 1635891.888614: sys_pwrite64 -> 0x5c
             exe-1050008 [003] ..... 1635891.888619: sys_ptrace(request: 4205, pid: 1005d0, addr: 1, data: c000697c70)
             exe-1050008 [003] ..... 1635891.888622: sys_ptrace -> 0x0
             exe-1050008 [003] ..... 1635891.888623: sys_ptrace(request: 4205, pid: 1005d0, addr: 202, data: c000697c70)
             exe-1050008 [003] ..... 1635891.888631: sys_ptrace -> 0x0
             exe-1050008 [003] ..... 1635891.888633: sys_ptrace(request: 1f, pid: 1005d0, addr: 0, data: 0)
             exe-1050008 [003] ..... 1635891.888640: sys_ptrace -> 0x0
             exe-1050008 [003] ..... 1635891.888642: sys_wait4(upid: 1005d0, stat_addr: c000697bf4, options: 40000002, ru: 0)
             exe-1050064 [002] ..... 1635891.888649: sys_write -> 0x5c
             exe-1050008 [003] ..... 1635891.888667: sys_wait4 -> 0x1005d0
             exe-1050008 [003] ..... 1635891.888669: sys_ptrace(request: 4204, pid: 1005d0, addr: 1, data: c000697c70)
             exe-1050008 [003] ..... 1635891.888672: sys_ptrace -> 0x0
             exe-1050008 [003] ..... 1635891.888674: sys_ptrace(request: 4204, pid: 1005d0, addr: 202, data: c000697c70)
             exe-1050008 [003] ..... 1635891.888676: sys_ptrace -> 0x0
             exe-1050008 [003] ..... 1635891.888681: sys_ptrace(request: 4205, pid: 1005d0, addr: 1, data: c000697c70)
             exe-1050008 [003] ..... 1635891.888684: sys_ptrace -> 0x0
             exe-1050008 [003] ..... 1635891.888685: sys_ptrace(request: 4205, pid: 1005d0, addr: 202, data: c000697c70)
             exe-1049673 [000] ..... 1635891.888687: sys_nanosleep -> 0x0
             exe-1050008 [003] ..... 1635891.888691: sys_ptrace -> 0x0
             exe-1049673 [000] ..... 1635891.888691: sys_nanosleep(rqtp: c000069f10, rmtp: 0)
             exe-1050008 [003] ..... 1635891.888693: sys_ptrace(request: 1f, pid: 1005d0, addr: 0, data: 0)
             exe-1050008 [003] ..... 1635891.888699: sys_ptrace -> 0x0
             exe-1050008 [003] ..... 1635891.888701: sys_wait4(upid: 1005d0, stat_addr: c000697bf4, options: 40000002, ru: 0)
             exe-1050064 [002] ..... 1635891.888705: sys_pwritev2 -> 0xffffffffffffffea
             exe-1050008 [003] ..... 1635891.888722: sys_wait4 -> 0x1005d0
             exe-1050008 [003] ..... 1635891.888725: sys_ptrace(request: 4204, pid: 1005d0, addr: 1, data: c000697c70)
             exe-1050008 [003] ..... 1635891.888727: sys_ptrace -> 0x0
             exe-1050008 [003] ..... 1635891.888729: sys_ptrace(request: 4204, pid: 1005d0, addr: 202, data: c000697c70)
             exe-1050008 [003] ..... 1635891.888731: sys_ptrace -> 0x0
             exe-1050008 [003] ..... 1635891.888736: sys_pwrite64(fd: 63, buf: 7fd66ed5f080, count: 5a, pos: 5c)
             exe-1050008 [003] ..... 1635891.888738: tracing_mark_write: pwritev2(fd=17, vec=0x55707fd1caf0, vlen=1, pos_l=-9, pos_h=172, flags=0x7f953ae19ce5) end
             exe-1050008 [003] ..... 1635891.984695: tracing_mark_write: pwritev2(fd=17, vec=0x55707fd1caf0, vlen=1, pos_l=85, pos_h=0x837000, flags=0x7f953ae19ce5) start
             exe-1050008 [003] ..... 1635891.984697: sys_pwrite64 -> 0x61
             exe-1050008 [003] ..... 1635891.984702: sys_ptrace(request: 4205, pid: 1005d0, addr: 1, data: c000697c70)
             exe-1050008 [003] ..... 1635891.984705: sys_ptrace -> 0x0
             exe-1050008 [003] ..... 1635891.984706: sys_ptrace(request: 4205, pid: 1005d0, addr: 202, data: c000697c70)
             exe-1050008 [003] ..... 1635891.984715: sys_ptrace -> 0x0
             exe-1050008 [003] ..... 1635891.984716: sys_ptrace(request: 1f, pid: 1005d0, addr: 0, data: 0)
             exe-1050008 [003] ..... 1635891.984728: sys_ptrace -> 0x0
             exe-1050008 [003] ..... 1635891.984730: sys_wait4(upid: 1005d0, stat_addr: c000697bf4, options: 40000002, ru: 0)
             exe-1050064 [002] ..... 1635891.984752: sys_write -> 0x61
             exe-1050008 [003] ..... 1635891.984773: sys_wait4 -> 0x1005d0
             exe-1049567 [000] ..... 1635891.984773: sys_nanosleep -> 0x0
             exe-1050008 [003] ..... 1635891.984776: sys_ptrace(request: 4204, pid: 1005d0, addr: 1, data: c000697c70)
             exe-1050008 [003] ..... 1635891.984779: sys_ptrace -> 0x0
             exe-1049567 [000] ..... 1635891.984779: sys_nanosleep(rqtp: c000069f10, rmtp: 0)
             exe-1050008 [003] ..... 1635891.984780: sys_ptrace(request: 4204, pid: 1005d0, addr: 202, data: c000697c70)
             exe-1050008 [003] ..... 1635891.984783: sys_ptrace -> 0x0
             exe-1050008 [003] ..... 1635891.984793: sys_ptrace(request: 4205, pid: 1005d0, addr: 1, data: c000697c70)
             exe-1050008 [003] ..... 1635891.984796: sys_ptrace -> 0x0
             exe-1050008 [003] ..... 1635891.984797: sys_ptrace(request: 4205, pid: 1005d0, addr: 202, data: c000697c70)
             exe-1049673 [000] ..... 1635891.984802: sys_nanosleep -> 0x0
             exe-1050008 [003] ..... 1635891.984804: sys_ptrace -> 0x0
             exe-1050008 [003] ..... 1635891.984806: sys_ptrace(request: 1f, pid: 1005d0, addr: 0, data: 0)
             exe-1049673 [000] ..... 1635891.984807: sys_nanosleep(rqtp: c000069f10, rmtp: 0)
             exe-1050008 [003] ..... 1635891.984817: sys_ptrace -> 0x0
             exe-1050008 [003] ..... 1635891.984819: sys_wait4(upid: 1005d0, stat_addr: c000697bf4, options: 40000002, ru: 0)
             exe-1050064 [002] ..... 1635891.984831: sys_pwritev2 -> 0xffffffffffffffe3
             exe-1050008 [003] ..... 1635891.984851: sys_wait4 -> 0x1005d0
             exe-1050008 [003] ..... 1635891.984854: sys_ptrace(request: 4204, pid: 1005d0, addr: 1, data: c000697c70)
             exe-1050008 [003] ..... 1635891.984856: sys_ptrace -> 0x0
             exe-1050008 [003] ..... 1635891.984858: sys_ptrace(request: 4204, pid: 1005d0, addr: 202, data: c000697c70)
             exe-1050008 [003] ..... 1635891.984860: sys_ptrace -> 0x0
             exe-1050008 [003] ..... 1635891.984867: sys_pwrite64(fd: 63, buf: 7fd66ed5f080, count: 5f, pos: 61)
             exe-1050008 [003] ..... 1635891.984869: tracing_mark_write: pwritev2(fd=17, vec=0x55707fd1caf0, vlen=1, pos_l=85, pos_h=0x837000, flags=0x7f953ae19ce5) end
             exe-1050008 [003] ..... 1635892.051959: tracing_mark_write: pwritev2(fd=17, vec=0x55707fd1caf0, vlen=1, pos_l=0x34064b2d87, pos_h=0x20000, flags=0x7f953ae19ce5) start
             exe-1050008 [003] ..... 1635892.051961: sys_pwrite64 -> 0x6a
             exe-1050008 [003] ..... 1635892.051966: sys_ptrace(request: 4205, pid: 1005d0, addr: 1, data: c000697c70)
             exe-1050008 [003] ..... 1635892.051968: sys_ptrace -> 0x0
             exe-1050008 [003] ..... 1635892.051970: sys_ptrace(request: 4205, pid: 1005d0, addr: 202, data: c000697c70)
             exe-1050008 [003] ..... 1635892.051977: sys_ptrace -> 0x0
             exe-1050008 [003] ..... 1635892.051979: sys_ptrace(request: 1f, pid: 1005d0, addr: 0, data: 0)
             exe-1050008 [003] ..... 1635892.051985: sys_ptrace -> 0x0
             exe-1050008 [003] ..... 1635892.051987: sys_wait4(upid: 1005d0, stat_addr: c000697bf4, options: 40000002, ru: 0)
             exe-1050064 [001] ..... 1635892.052000: sys_write -> 0x6a
             exe-1050008 [003] ..... 1635892.052026: sys_wait4 -> 0x1005d0
             exe-1050008 [003] ..... 1635892.052028: sys_ptrace(request: 4204, pid: 1005d0, addr: 1, data: c000697c70)
             exe-1050008 [003] ..... 1635892.052031: sys_ptrace -> 0x0
             exe-1050008 [003] ..... 1635892.052032: sys_ptrace(request: 4204, pid: 1005d0, addr: 202, data: c000697c70)
             exe-1050008 [003] ..... 1635892.052035: sys_ptrace -> 0x0
             exe-1050008 [003] ..... 1635892.052045: sys_ptrace(request: 4205, pid: 1005d0, addr: 1, data: c000697c70)
             exe-1050008 [003] ..... 1635892.052048: sys_ptrace -> 0x0
             exe-1050008 [003] ..... 1635892.052049: sys_ptrace(request: 4205, pid: 1005d0, addr: 202, data: c000697c70)
             exe-1050008 [003] ..... 1635892.052056: sys_ptrace -> 0x0
             exe-1050008 [003] ..... 1635892.052057: sys_ptrace(request: 1f, pid: 1005d0, addr: 0, data: 0)
             exe-1050008 [003] ..... 1635892.052064: sys_ptrace -> 0x0
             exe-1050008 [003] ..... 1635892.052066: sys_wait4(upid: 1005d0, stat_addr: c000697bf4, options: 40000002, ru: 0)
             exe-1050064 [001] ..... 1635892.052080: sys_pwritev2 -> 0xffffffffffffffe3
             exe-1050008 [003] ..... 1635892.052105: sys_wait4 -> 0x1005d0
             exe-1050008 [003] ..... 1635892.052107: sys_ptrace(request: 4204, pid: 1005d0, addr: 1, data: c000697c70)
             exe-1050008 [003] ..... 1635892.052109: sys_ptrace -> 0x0
             exe-1050008 [003] ..... 1635892.052111: sys_ptrace(request: 4204, pid: 1005d0, addr: 202, data: c000697c70)
             exe-1050008 [003] ..... 1635892.052113: sys_ptrace -> 0x0
             exe-1050008 [003] ..... 1635892.052119: sys_pwrite64(fd: 63, buf: 7fd66ed5f080, count: 68, pos: 6a)
             exe-1050008 [003] ..... 1635892.052121: tracing_mark_write: pwritev2(fd=17, vec=0x55707fd1caf0, vlen=1, pos_l=0x34064b2d87, pos_h=0x20000, flags=0x7f953ae19ce5) end
             exe-1050008 [003] ..... 1635892.135784: tracing_mark_write: pwritev2(fd=366, vec=0x55707fd1caf0, vlen=1, pos_l=0x8000000, pos_h=0x77777777, flags=0x7f953ae19ce5) start
             exe-1050008 [003] ..... 1635892.135786: sys_pwrite64 -> 0x6b
             exe-1050008 [003] ..... 1635892.135792: sys_ptrace(request: 4205, pid: 1005d0, addr: 1, data: c000697c70)
             exe-1050008 [003] ..... 1635892.135794: sys_ptrace -> 0x0
             exe-1050008 [003] ..... 1635892.135796: sys_ptrace(request: 4205, pid: 1005d0, addr: 202, data: c000697c70)
             exe-1049673 [000] ..... 1635892.135804: sys_nanosleep -> 0x0
             exe-1050008 [003] ..... 1635892.135805: sys_ptrace -> 0x0
