             exe-1050008 [001] ..... 1635888.118792: sys_wait4 -> 0x1005d0
             exe-1050008 [001] ..... 1635888.118797: sys_ptrace(request: 4204, pid: 1005d0, addr: 1, data: c000697c70)
             exe-1050008 [001] ..... 1635888.118802: sys_ptrace -> 0x0
             exe-1050008 [001] ..... 1635888.118804: sys_ptrace(request: 4204, pid: 1005d0, addr: 202, data: c000697c70)
             exe-1050008 [001] ..... 1635888.118806: sys_ptrace -> 0x0
             exe-1050008 [001] ..... 1635888.118821: sys_pwrite64(fd: 63, buf: 7fd66ed5f080, count: 5d, pos: 5f)
             exe-1050008 [001] ..... 1635888.118824: tracing_mark_write: pwritev2(fd=123, vec=0x55707fd1caf0, vlen=1, pos_l=32, pos_h=11565, flags=0x55707fd05af1) end
             exe-1050008 [001] ..... 1635888.199536: tracing_mark_write: pwritev2(fd=123, vec=0x55707fcd5a80, vlen=76, pos_l=0x5f5f5f5f, pos_h=0xff5c, flags=0x55707fd05af1) start
             exe-1050008 [001] ..... 1635888.199538: sys_pwrite64 -> 0x69
             exe-1050008 [001] ..... 1635888.199544: sys_ptrace(request: 4205, pid: 1005d0, addr: 1, data: c000697c70)
             exe-1050008 [001] ..... 1635888.199547: sys_ptrace -> 0x0
             exe-1050008 [001] ..... 1635888.199548: sys_ptrace(request: 4205, pid: 1005d0, addr: 202, data: c000697c70)
             exe-1050008 [001] ..... 1635888.199560: sys_ptrace -> 0x0
             exe-1050008 [001] ..... 1635888.199562: sys_ptrace(request: 1f, pid: 1005d0, addr: 0, data: 0)
             exe-1050008 [001] ..... 1635888.199573: sys_ptrace -> 0x0
             exe-1050008 [001] ..... 1635888.199575: sys_wait4(upid: 1005d0, stat_addr: c000697bf4, options: 40000002, ru: 0)
             exe-1050064 [000] ..... 1635888.199577: sys_write -> 0x69
             exe-1050008 [001] ..... 1635888.199591: sys_wait4 -> 0x1005d0
             exe-1050008 [001] ..... 1635888.199593: sys_ptrace(request: 4204, pid: 1005d0, addr: 1, data: c000697c70)
             exe-1050008 [001] ..... 1635888.199595: sys_ptrace -> 0x0
             exe-1050008 [001] ..... 1635888.199597: sys_ptrace(request: 4204, pid: 1005d0, addr: 202, data: c000697c70)
             exe-1050008 [001] ..... 1635888.199599: sys_ptrace -> 0x0
             exe-1050008 [001] ..... 1635888.199682: sys_ptrace(request: 4205, pid: 1005d0, addr: 1, data: c000697c70)
             exe-1050008 [001] ..... 1635888.199686: sys_ptrace -> 0x0
             exe-1050008 [001] ..... 1635888.199688: sys_ptrace(request: 4205, pid: 1005d0, addr: 202, data: c000697c70)
             exe-1050008 [001] ..... 1635888.199697: sys_ptrace -> 0x0
             exe-1050008 [001] ..... 1635888.199699: sys_ptrace(request: 1f, pid: 1005d0, addr: 0, data: 0)
             exe-1050008 [001] ..... 1635888.199705: sys_ptrace -> 0x0
             exe-1050008 [001] ..... 1635888.199707: sys_wait4(upid: 1005d0, stat_addr: c000697bf4, options: 40000002, ru: 0)
             exe-1050064 [000] ..... 1635888.199711: sys_pwritev2 -> 0xfffffffffffffff7
             exe-1050008 [001] ..... 1635888.199720: sys_wait4 -> 0x1005d0
             exe-1050008 [001] ..... 1635888.199722: sys_ptrace(request: 4204, pid: 1005d0, addr: 1, data: c000697c70)
             exe-1050008 [001] ..... 1635888.199724: sys_ptrace -> 0x0
             exe-1050008 [001] ..... 1635888.199726: sys_ptrace(request: 4204, pid: 1005d0, addr: 202, data: c000697c70)
             exe-1050008 [001] ..... 1635888.199728: sys_ptrace -> 0x0
             exe-1050008 [001] ..... 1635888.199734: sys_pwrite64(fd: 63, buf: 7fd66ed5f080, count: 67, pos: 69)
             exe-1050008 [001] ..... 1635888.199735: tracing_mark_write: pwritev2(fd=123, vec=0x55707fcd5a80, vlen=76, pos_l=0x5f5f5f5f, pos_h=0xff5c, flags=0x55707fd05af1) end
             exe-1050008 [001] ..... 1635888.274840: tracing_mark_write: pwritev2(fd=19, vec=0x55707fd1caf0, vlen=1, pos_l=0xadad, pos_h=0xffff, flags=0x55707fd05af1) start
             exe-1050008 [001] ..... 1635888.274843: sys_pwrite64 -> 0x63
             exe-1049673 [001] ..... 1635888.274917: sys_nanosleep -> 0x0
             exe-1049673 [001] ..... 1635888.274923: sys_nanosleep(rqtp: c000069f10, rmtp: 0)
             exe-1050008 [001] ..... 1635888.274946: sys_ptrace(request: 4205, pid: 1005d0, addr: 1, data: c000697c70)
             exe-1050008 [001] ..... 1635888.274951: sys_ptrace -> 0x0
             exe-1050008 [001] ..... 1635888.274953: sys_ptrace(request: 4205, pid: 1005d0, addr: 202, data: c000697c70)
             exe-1049673 [001] ..... 1635888.275035: sys_nanosleep -> 0x0
             exe-1049673 [001] ..... 1635888.275041: sys_nanosleep(rqtp: c000069f10, rmtp: 0)
             exe-1050008 [001] ..... 1635888.275063: sys_ptrace -> 0x0
             exe-1050008 [001] ..... 1635888.275067: sys_ptrace(request: 1f, pid: 1005d0, addr: 0, data: 0)
             exe-1050008 [001] ..... 1635888.275083: sys_ptrace -> 0x0
             exe-1050064 [000] ..... 1635888.275131: sys_write -> 0x63
             exe-1049673 [001] ..... 1635888.275147: sys_nanosleep -> 0x0
             exe-1049673 [001] ..... 1635888.275153: sys_nanosleep(rqtp: c000069f10, rmtp: 0)
             exe-1050008 [001] ..... 1635888.275174: sys_wait4(upid: 1005d0, stat_addr: c000697bf4, options: 40000002, ru: 0)
             exe-1050008 [001] ..... 1635888.275177: sys_wait4 -> 0x1005d0
             exe-1050008 [001] ..... 1635888.275180: sys_ptrace(request: 4204, pid: 1005d0, addr: 1, data: c000697c70)
             exe-1050008 [001] ..... 1635888.275184: sys_ptrace -> 0x0
             exe-1050008 [001] ..... 1635888.275186: sys_ptrace(request: 4204, pid: 1005d0, addr: 202, data: c000697c70)
             exe-1050008 [001] ..... 1635888.275189: sys_ptrace -> 0x0
             exe-1049673 [001] ..... 1635888.275265: sys_nanosleep -> 0x0
             exe-1049673 [001] ..... 1635888.275271: sys_nanosleep(rqtp: c000069f10, rmtp: 0)
             exe-1050008 [001] ..... 1635888.275299: sys_ptrace(request: 4205, pid: 1005d0, addr: 1, data: c000697c70)
             exe-1050008 [001] ..... 1635888.275304: sys_ptrace -> 0x0
             exe-1050008 [001] ..... 1635888.275306: sys_ptrace(request: 4205, pid: 1005d0, addr: 202, data: c000697c70)
             exe-1049567 [000] ..... 1635888.275325: sys_nanosleep -> 0x0
             exe-1049567 [000] ..... 1635888.275333: sys_nanosleep(rqtp: c000069f10, rmtp: 0)
             exe-1050008 [001] ..... 1635888.275385: sys_ptrace -> 0x0
             exe-1050008 [001] ..... 1635888.275389: sys_ptrace(request: 1f, pid: 1005d0, addr: 0, data: 0)
             exe-1050008 [001] .N... 1635888.275425: sys_ptrace -> 0x0
             exe-1050064 [000] ..... 1635888.275434: sys_pwritev2 -> 0xffffffffffffffe3
             exe-1049673 [001] ..... 1635888.275463: sys_nanosleep -> 0x0
             exe-1049673 [001] ..... 1635888.275469: sys_nanosleep(rqtp: c000069f10, rmtp: 0)
             exe-1050008 [001] ..... 1635888.275491: sys_wait4(upid: 1005d0, stat_addr: c000697bf4, options: 40000002, ru: 0)
             exe-1050008 [001] ..... 1635888.275494: sys_wait4 -> 0x1005d0
             exe-1050008 [001] ..... 1635888.275497: sys_ptrace(request: 4204, pid: 1005d0, addr: 1, data: c000697c70)
             exe-1050008 [001] ..... 1635888.275501: sys_ptrace -> 0x0
             exe-1050008 [001] ..... 1635888.275503: sys_ptrace(request: 4204, pid: 1005d0, addr: 202, data: c000697c70)
             exe-1050008 [001] ..... 1635888.275506: sys_ptrace -> 0x0
             exe-1050008 [001] ..... 1635888.275590: sys_pwrite64(fd: 63, buf: 7fd66ed5f080, count: 61, pos: 63)
             exe-1050008 [001] ..... 1635888.275593: tracing_mark_write: pwritev2(fd=19, vec=0x55707fd1caf0, vlen=1, pos_l=0xadad, pos_h=0xffff, flags=0x55707fd05af1) end
             exe-1050008 [000] ..... 1635888.352638: tracing_mark_write: pwritev2(fd=19, vec=0x55707fd1caf0, vlen=1, pos_l=0xffffefff, pos_h=0xff52be4f05cb12, flags=0x55707fd05af1) start
             exe-1050008 [000] ..... 1635888.352640: sys_pwrite64 -> 0x71
             exe-1049673 [001] ..... 1635888.352646: sys_nanosleep -> 0x0
             exe-1050008 [000] ..... 1635888.352647: sys_ptrace(request: 4205, pid: 1005d0, addr: 1, data: c000697c70)
             exe-1050008 [000] ..... 1635888.352650: sys_ptrace -> 0x0
             exe-1049673 [001] ..... 1635888.352651: sys_nanosleep(rqtp: c000069f10, rmtp: 0)
             exe-1050008 [000] ..... 1635888.352651: sys_ptrace(request: 4205, pid: 1005d0, addr: 202, data: c000697c70)
             exe-1050008 [000] ..... 1635888.352663: sys_ptrace -> 0x0
             exe-1050008 [000] ..... 1635888.352665: sys_ptrace(request: 1f, pid: 1005d0, addr: 0, data: 0)
             exe-1049567 [001] ..... 1635888.352666: sys_nanosleep -> 0x0
             exe-1049567 [001] ..... 1635888.352671: sys_nanosleep(rqtp: c000069f10, rmtp: 0)
             exe-1050008 [000] .N... 1635888.352672: sys_ptrace -> 0x0
             exe-1050064 [000] ..... 1635888.352684: sys_write -> 0x71
             exe-1050008 [000] ..... 1635888.352703: sys_wait4(upid: 1005d0, stat_addr: c000697bf4, options: 40000002, ru: 0)
             exe-1050008 [000] ..... 1635888.352706: sys_wait4 -> 0x1005d0
             exe-1050008 [000] ..... 1635888.352708: sys_ptrace(request: 4204, pid: 1005d0, addr: 1, data: c000697c70)
             exe-1050008 [000] ..... 1635888.352712: sys_ptrace -> 0x0
             exe-1050008 [000] ..... 1635888.352714: sys_ptrace(request: 4204, pid: 1005d0, addr: 202, data: c000697c70)
             exe-1050008 [000] ..... 1635888.352717: sys_ptrace -> 0x0
             exe-1050008 [000] ..... 1635888.352730: sys_ptrace(request: 4205, pid: 1005d0, addr: 1, data: c000697c70)
             exe-1050008 [000] ..... 1635888.352732: sys_ptrace -> 0x0
             exe-1050008 [000] ..... 1635888.352734: sys_ptrace(request: 4205, pid: 1005d0, addr: 202, data: c000697c70)
             exe-1050008 [000] ..... 1635888.352745: sys_ptrace -> 0x0
             exe-1050008 [000] ..... 1635888.352747: sys_ptrace(request: 1f, pid: 1005d0, addr: 0, data: 0)
             exe-1050008 [000] .N... 1635888.352754: sys_ptrace -> 0x0
             exe-1050064 [000] ..... 1635888.352764: sys_pwritev2 -> 0xffffffffffffffe3
             exe-1050008 [000] ..... 1635888.352784: sys_wait4(upid: 1005d0, stat_addr: c000697bf4, options: 40000002, ru: 0)
             exe-1050008 [000] ..... 1635888.352786: sys_wait4 -> 0x1005d0
             exe-1050008 [000] ..... 1635888.352788: sys_ptrace(request: 4204, pid: 1005d0, addr: 1, data: c000697c70)
             exe-1050008 [000] ..... 1635888.352792: sys_ptrace -> 0x0
             exe-1050008 [000] ..... 1635888.352794: sys_ptrace(request: 4204, pid: 1005d0, addr: 202, data: c000697c70)
             exe-1050008 [000] ..... 1635888.352796: sys_ptrace -> 0x0
             exe-1050008 [000] ..... 1635888.352806: sys_pwrite64(fd: 63, buf: 7fd66ed5f080, count: 6f, pos: 71)
             exe-1050008 [000] ..... 1635888.352808: tracing_mark_write: pwritev2(fd=19, vec=0x55707fd1caf0, vlen=1, pos_l=0xffffefff, pos_h=0xff52be4f05cb12, flags=0x55707fd05af1) end
             exe-1050008 [000] ..... 1635888.439385: tracing_mark_write: pwritev2(fd=19, vec=0x55707fcd5a80, vlen=69, pos_l=0xfff6, pos_h=0x2000000, flags=0x55707fd05af1) start
             exe-1050008 [000] ..... 1635888.439387: sys_pwrite64 -> 0x67
             exe-1049673 [001] ..... 1635888.439387: sys_futex(uaddr: 1f09dc0, op: 80, val: 0, utime: c000069eb0, uaddr2: 0, val3: 0)
             exe-1050008 [000] ..... 1635888.439393: sys_ptrace(request: 4205, pid: 1005d0, addr: 1, data: c000697c70)
             exe-1050008 [000] ..... 1635888.439396: sys_ptrace -> 0x0
             exe-1050008 [000] ..... 1635888.439398: sys_ptrace(request: 4205, pid: 1005d0, addr: 202, data: c000697c70)
             exe-1050008 [000] ..... 1635888.439409: sys_ptrace -> 0x0
             exe-1050008 [000] ..... 1635888.439411: sys_ptrace(request: 1f, pid: 1005d0, addr: 0, data: 0)
             exe-1050008 [000] .N... 1635888.439420: sys_ptrace -> 0x0
             exe-1050064 [000] ..... 1635888.439430: sys_write -> 0x67
             exe-1050008 [000] ..... 1635888.439449: sys_wait4(upid: 1005d0, stat_addr: c000697bf4, options: 40000002, ru: 0)
             exe-1050008 [000] ..... 1635888.439452: sys_wait4 -> 0x1005d0
             exe-1050008 [000] ..... 1635888.439454: sys_ptrace(request: 4204, pid: 1005d0, addr: 1, data: c000697c70)
             exe-1050008 [000] ..... 1635888.439458: sys_ptrace -> 0x0
             exe-1050008 [000] ..... 1635888.439459: sys_ptrace(request: 4204, pid: 1005d0, addr: 202, data: c000697c70)
             exe-1050008 [000] ..... 1635888.439462: sys_ptrace -> 0x0
             exe-1050008 [000] ..... 1635888.439518: sys_ptrace(request: 4205, pid: 1005d0, addr: 1, data: c000697c70)
             exe-1050008 [000] ..... 1635888.439521: sys_ptrace -> 0x0
             exe-1050008 [000] ..... 1635888.439523: sys_ptrace(request: 4205, pid: 1005d0, addr: 202, data: c000697c70)
             exe-1050008 [000] ..... 1635888.439536: sys_ptrace -> 0x0
             exe-1050008 [000] ..... 1635888.439538: sys_ptrace(request: 1f, pid: 1005d0, addr: 0, data: 0)
             exe-1050008 [000] .N... 1635888.439546: sys_ptrace -> 0x0
             exe-1050064 [000] ..... 1635888.439559: sys_pwritev2 -> 0xffffffffffffffe3
             exe-1050008 [000] ..... 1635888.439581: sys_wait4(upid: 1005d0, stat_addr: c000697bf4, options: 40000002, ru: 0)
             exe-1050008 [000] ..... 1635888.439584: sys_wait4 -> 0x1005d0
             exe-1050008 [000] ..... 1635888.439586: sys_ptrace(request: 4204, pid: 1005d0, addr: 1, data: c000697c70)
             exe-1050008 [000] ..... 1635888.439590: sys_ptrace -> 0x0
             exe-1050008 [000] ..... 1635888.439591: sys_ptrace(request: 4204, pid: 1005d0, addr: 202, data: c000697c70)
             exe-1050008 [000] ..... 1635888.439594: sys_ptrace -> 0x0
             exe-1050008 [000] ..... 1635888.439605: sys_pwrite64(fd: 63, buf: 7fd66ed5f080, count: 65, pos: 67)
             exe-1050008 [000] ..... 1635888.439607: tracing_mark_write: pwritev2(fd=19, vec=0x55707fcd5a80, vlen=69, pos_l=0xfff6, pos_h=0x2000000, flags=0x55707fd05af1) end
             exe-1050008 [000] ..... 1635888.524601: tracing_mark_write: pwritev2(fd=19, vec=0x55707fcd5a80, vlen=72, pos_l=0xffff, pos_h=0xd0e2c8085114, flags=0x55707fd05af1) start
             exe-1050008 [000] ..... 1635888.524603: sys_pwrite64 -> 0x6c
             exe-1050008 [000] ..... 1635888.524610: sys_ptrace(request: 4205, pid: 1005d0, addr: 1, data: c000697c70)
             exe-1050008 [000] ..... 1635888.524612: sys_ptrace -> 0x0
             exe-1049673 [001] ..... 1635888.524613: sys_nanosleep -> 0x0
             exe-1050008 [000] ..... 1635888.524614: sys_ptrace(request: 4205, pid: 1005d0, addr: 202, data: c000697c70)
             exe-1049673 [001] ..... 1635888.524619: sys_futex(uaddr: 1f09dc0, op: 80, val: 0, utime: c000069eb0, uaddr2: 0, val3: 0)
             exe-1050008 [000] ..... 1635888.524625: sys_ptrace -> 0x0
             exe-1050008 [000] ..... 1635888.524627: sys_ptrace(request: 1f, pid: 1005d0, addr: 0, data: 0)
             exe-1050008 [000] .N... 1635888.524634: sys_ptrace -> 0x0
             exe-1050064 [000] ..... 1635888.524645: sys_write -> 0x6c
             exe-1050008 [000] ..... 1635888.524663: sys_wait4(upid: 1005d0, stat_addr: c000697bf4, options: 40000002, ru: 0)
             exe-1050008 [000] ..... 1635888.524666: sys_wait4 -> 0x1005d0
             exe-1050008 [000] ..... 1635888.524669: sys_ptrace(request: 4204, pid: 1005d0, addr: 1, data: c000697c70)
             exe-1050008 [000] ..... 1635888.524673: sys_ptrace -> 0x0
             exe-1050008 [000] ..... 1635888.524674: sys_ptrace(request: 4204, pid: 1005d0, addr: 202, data: c000697c70)
             exe-1050008 [000] ..... 1635888.524677: sys_ptrace -> 0x0
             exe-1050008 [000] ..... 1635888.524727: sys_ptrace(request: 4205, pid: 1005d0, addr: 1, data: c000697c70)
             exe-1050008 [000] ..... 1635888.524731: sys_ptrace -> 0x0
             exe-1050008 [000] ..... 1635888.524732: sys_ptrace(request: 4205, pid: 1005d0, addr: 202, data: c000697c70)
             exe-1050008 [000] ..... 1635888.524744: sys_ptrace -> 0x0
             exe-1050008 [000] ..... 1635888.524746: sys_ptrace(request: 1f, pid: 1005d0, addr: 0, data: 0)
             exe-1050008 [000] .N... 1635888.524754: sys_ptrace -> 0x0
             exe-1050064 [000] ..... 1635888.524764: sys_pwritev2 -> 0xffffffffffffffe3
             exe-1050008 [000] ..... 1635888.524786: sys_wait4(upid: 1005d0, stat_addr: c000697bf4, options: 40000002, ru: 0)
             exe-1050008 [000] ..... 1635888.524788: sys_wait4 -> 0x1005d0
             exe-1050008 [000] ..... 1635888.524791: sys_ptrace(request: 4204, pid: 1005d0, addr: 1, data: c000697c70)
             exe-1050008 [000] ..... 1635888.524794: sys_ptrace -> 0x0
             exe-1050008 [000] ..... 1635888.524796: sys_ptrace(request: 4204, pid: 1005d0, addr: 202, data: c000697c70)
             exe-1050008 [000] ..... 1635888.524798: sys_ptrace -> 0x0
             exe-1050008 [000] ..... 1635888.524809: sys_pwrite64(fd: 63, buf: 7fd66ed5f080, count: 6a, pos: 6c)
             exe-1050008 [000] ..... 1635888.524810: tracing_mark_write: pwritev2(fd=19, vec=0x55707fcd5a80, vlen=72, pos_l=0xffff, pos_h=0xd0e2c8085114, flags=0x55707fd05af1) end
             exe-1050008 [000] ..... 1635888.608313: tracing_mark_write: pwritev2(fd=19, vec=0x55707fcd5a80, vlen=105, pos_l=0xbbbbbbbb, pos_h=0, flags=0x55707fd05af1) start
             exe-1050008 [000] ..... 1635888.608315: sys_pwrite64 -> 0x64
             exe-1050008 [000] ..... 1635888.608321: sys_ptrace(request: 4205, pid: 1005d0, addr: 1, data: c000697c70)
             exe-1050008 [000] ..... 1635888.608323: sys_ptrace -> 0x0
             exe-1050008 [000] ..... 1635888.608324: sys_ptrace(request: 4205, pid: 1005d0, addr: 202, data: c000697c70)
             exe-1050008 [000] ..... 1635888.608334: sys_ptrace -> 0x0
             exe-1050008 [000] ..... 1635888.608336: sys_ptrace(request: 1f, pid: 1005d0, addr: 0, data: 0)
             exe-1049673 [001] ..... 1635888.608339: sys_nanosleep -> 0x0
             exe-1050008 [000] .N... 1635888.608342: sys_ptrace -> 0x0
             exe-1049673 [001] ..... 1635888.608343: sys_futex(uaddr: 1f09dc0, op: 80, val: 0, utime: c000069eb0, uaddr2: 0, val3: 0)
             exe-1050064 [000] ..... 1635888.608351: sys_write -> 0x64
             exe-1050008 [000] ..... 1635888.608368: sys_wait4(upid: 1005d0, stat_addr: c000697bf4, options: 40000002, ru: 0)
             exe-1050008 [000] ..... 1635888.608370: sys_wait4 -> 0x1005d0
             exe-1050008 [000] ..... 1635888.608372: sys_ptrace(request: 4204, pid: 1005d0, addr: 1, data: c000697c70)
             exe-1050008 [000] ..... 1635888.608376: sys_ptrace -> 0x0
             exe-1050008 [000] ..... 1635888.608377: sys_ptrace(request: 4204, pid: 1005d0, addr: 202, data: c000697c70)
             exe-1050008 [000] ..... 1635888.608379: sys_ptrace -> 0x0
             exe-1050008 [000] ..... 1635888.608412: sys_ptrace(request: 4205, pid: 1005d0, addr: 1, data: c000697c70)
             exe-1050008 [000] ..... 1635888.608414: sys_ptrace -> 0x0
             exe-1050008 [000] ..... 1635888.608415: sys_ptrace(request: 4205, pid: 1005d0, addr: 202, data: c000697c70)
             exe-1050008 [000] ..... 1635888.608424: sys_ptrace -> 0x0
             exe-1050008 [000] ..... 1635888.608426: sys_ptrace(request: 1f, pid: 1005d0, addr: 0, data: 0)
             exe-1050008 [000] .N... 1635888.608432: sys_ptrace -> 0x0
             exe-1050064 [000] ..... 1635888.608441: sys_pwritev2 -> 0xffffffffffffffe3
             exe-1050008 [000] ..... 1635888.608457: sys_wait4(upid: 1005d0, stat_addr: c000697bf4, options: 40000002, ru: 0)
             exe-1050008 [000] ..... 1635888.608460: sys_wait4 -> 0x1005d0
             exe-1050008 [000] ..... 1635888.608462: sys_ptrace(request: 4204, pid: 1005d0, addr: 1, data: c000697c70)
             exe-1050008 [000] ..... 1635888.608465: sys_ptrace -> 0x0
             exe-1050008 [000] ..... 1635888.608466: sys_ptrace(request: 4204, pid: 1005d0, addr: 202, data: c000697c70)
             exe-1050008 [000] ..... 1635888.608468: sys_ptrace -> 0x0
             exe-1050008 [000] ..... 1635888.608476: sys_pwrite64(fd: 63, buf: 7fd66ed5f080, count: 62, pos: 64)
             exe-1050008 [000] ..... 1635888.608478: tracing_mark_write: pwritev2(fd=19, vec=0x55707fcd5a80, vlen=105, pos_l=0xbbbbbbbb, pos_h=0, flags=0x55707fd05af1) end
             exe-1050008 [000] ..... 1635888.717959: tracing_mark_write: pwritev2(fd=373, vec=0x55707fcdc6c0, vlen=181, pos_l=13878, pos_h=80, flags=0x55707fd05af1) start
             exe-1050008 [000] ..... 1635888.717960: sys_pwrite64 -> 0x61
             exe-1049673 [001] ..... 1635888.717962: sys_futex(uaddr: 1f09dc0, op: 80, val: 0, utime: c000069eb0, uaddr2: 0, val3: 0)
             exe-1050008 [000] ..... 1635888.717966: sys_ptrace(request: 4205, pid: 1005d0, addr: 1, data: c000697c70)
             exe-1050008 [000] ..... 1635888.717968: sys_ptrace -> 0x0
             exe-1050008 [000] ..... 1635888.717970: sys_ptrace(request: 4205, pid: 1005d0, addr: 202, data: c000697c70)
             exe-1050008 [000] ..... 1635888.717979: sys_ptrace -> 0x0
             exe-1050008 [000] ..... 1635888.717980: sys_ptrace(request: 1f, pid: 1005d0, addr: 0, data: 0)
             exe-1050008 [000] .N... 1635888.717987: sys_ptrace -> 0x0
             exe-1050064 [000] ..... 1635888.717996: sys_write -> 0x61
             exe-1050008 [000] ..... 1635888.718012: sys_wait4(upid: 1005d0, stat_addr: c000697bf4, options: 40000002, ru: 0)
             exe-1050008 [000] ..... 1635888.718014: sys_wait4 -> 0x1005d0
             exe-1050008 [000] ..... 1635888.718017: sys_ptrace(request: 4204, pid: 1005d0, addr: 1, data: c000697c70)
             exe-1050008 [000] ..... 1635888.718020: sys_ptrace -> 0x0
             exe-1050008 [000] ..... 1635888.718021: sys_ptrace(request: 4204, pid: 1005d0, addr: 202, data: c000697c70)
             exe-1050008 [000] ..... 1635888.718023: sys_ptrace -> 0x0
             exe-1050008 [000] ..... 1635888.718118: sys_ptrace(request: 4205, pid: 1005d0, addr: 1, data: c000697c70)
             exe-1050008 [000] ..... 1635888.718121: sys_ptrace -> 0x0
             exe-1050008 [000] ..... 1635888.718122: sys_ptrace(request: 4205, pid: 1005d0, addr: 202, data: c000697c70)
             exe-1050008 [000] ..... 1635888.718133: sys_ptrace -> 0x0
             exe-1050008 [000] ..... 1635888.718134: sys_ptrace(request: 1f, pid: 1005d0, addr: 0, data: 0)
             exe-1050008 [000] .N... 1635888.718141: sys_ptrace -> 0x0
             exe-1050064 [000] ..... 1635888.718150: sys_pwritev2 -> 0xffffffffffffffe3
             exe-1050008 [000] ..... 1635888.718169: sys_wait4(upid: 1005d0, stat_addr: c000697bf4, options: 40000002, ru: 0)
             exe-1050008 [000] ..... 1635888.718171: sys_wait4 -> 0x1005d0
             exe-1050008 [000] ..... 1635888.718173: sys_ptrace(request: 4204, pid: 1005d0, addr: 1, data: c000697c70)
             exe-1050008 [000] ..... 1635888.718176: sys_ptrace -> 0x0
             exe-1050008 [000] ..... 1635888.718177: sys_ptrace(request: 4204, pid: 1005d0, addr: 202, data: c000697c70)
             exe-1050008 [000] ..... 1635888.718180: sys_ptrace -> 0x0
             exe-1050008 [000] ..... 1635888.718189: sys_pwrite64(fd: 63, buf: 7fd66ed5f080, count: 5f, pos: 61)
             exe-1050008 [000] ..... 1635888.718191: tracing_mark_write: pwritev2(fd=373, vec=0x55707fcdc6c0, vlen=181, pos_l=13878, pos_h=80, flags=0x55707fd05af1) end
             exe-1050008 [002] ..... 1635888.803192: tracing_mark_write: pwritev2(fd=373, vec=0x55707fd1caf0, vlen=1, pos_l=144, pos_h=223, flags=0x2) start
             exe-1050008 [002] ..... 1635888.803194: sys_pwrite64 -> 0x53
             exe-1050008 [002] ..... 1635888.803201: sys_ptrace(request: 4205, pid: 1005d0, addr: 1, data: c000697c70)
             exe-1050008 [002] ..... 1635888.803204: sys_ptrace -> 0x0
             exe-1050008 [002] ..... 1635888.803205: sys_ptrace(request: 4205, pid: 1005d0, addr: 202, data: c000697c70)
             exe-1050008 [002] ..... 1635888.803218: sys_ptrace -> 0x0
             exe-1050008 [002] ..... 1635888.803220: sys_ptrace(request: 1f, pid: 1005d0, addr: 0, data: 0)
             exe-1050008 [002] .N... 1635888.803229: sys_ptrace -> 0x0
             exe-1050064 [002] ..... 1635888.803240: sys_write -> 0x53
             exe-1050008 [002] ..... 1635888.803258: sys_wait4(upid: 1005d0, stat_addr: c000697bf4, options: 40000002, ru: 0)
             exe-1050008 [002] ..... 1635888.803261: sys_wait4 -> 0x1005d0
             exe-1050008 [002] ..... 1635888.803264: sys_ptrace(request: 4204, pid: 1005d0, addr: 1, data: c000697c70)
             exe-1050008 [002] ..... 1635888.803268: sys_ptrace -> 0x0
             exe-1050008 [002] ..... 1635888.803269: sys_ptrace(request: 4204, pid: 1005d0, addr: 202, data: c000697c70)
             exe-1050008 [002] ..... 1635888.803272: sys_ptrace -> 0x0
             exe-1050008 [002] ..... 1635888.803286: sys_ptrace(request: 4205, pid: 1005d0, addr: 1, data: c000697c70)
             exe-1050008 [002] ..... 1635888.803288: sys_ptrace -> 0x0
             exe-1050008 [002] ..... 1635888.803290: sys_ptrace(request: 4205, pid: 1005d0, addr: 202, data: c000697c70)
             exe-1050008 [002] ..... 1635888.803303: sys_ptrace -> 0x0
             exe-1050008 [002] ..... 1635888.803304: sys_ptrace(request: 1f, pid: 1005d0, addr: 0, data: 0)
             exe-1049673 [001] ..... 1635888.803311: sys_nanosleep -> 0x0
             exe-1050008 [002] .N... 1635888.803311: sys_ptrace -> 0x0
             exe-1049673 [001] ..... 1635888.803319: sys_futex(uaddr: 1f09dc0, op: 80, val: 0, utime: c000069eb0, uaddr2: 0, val3: 0)
             exe-1050064 [002] ..... 1635888.803321: sys_pwritev2 -> 0xffffffffffffffe3
             exe-1050008 [002] ..... 1635888.803340: sys_wait4(upid: 1005d0, stat_addr: c000697bf4, options: 40000002, ru: 0)
             exe-1050008 [002] ..... 1635888.803343: sys_wait4 -> 0x1005d0
             exe-1050008 [002] ..... 1635888.803345: sys_ptrace(request: 4204, pid: 1005d0, addr: 1, data: c000697c70)
             exe-1050008 [002] ..... 1635888.803349: sys_ptrace -> 0x0
             exe-1050008 [002] ..... 1635888.803350: sys_ptrace(request: 4204, pid: 1005d0, addr: 202, data: c000697c70)
             exe-1050008 [002] ..... 1635888.803352: sys_ptrace -> 0x0
             exe-1050008 [002] ..... 1635888.803362: sys_pwrite64(fd: 63, buf: 7fd66ed5f080, count: 51, pos: 53)
             exe-1050008 [002] ..... 1635888.803364: tracing_mark_write: pwritev2(fd=373, vec=0x55707fd1caf0, vlen=1, pos_l=144, pos_h=223, flags=0x2) end
             exe-1050008 [003] ..... 1635888.927463: tracing_mark_write: pwritev2(fd=273, vec=0x55707fcdc6c0, vlen=183, pos_l=0xffffff46, pos_h=0xe4e4e4e4, flags=0x2) start
             exe-1050008 [003] ..... 1635888.927465: sys_pwrite64 -> 0x63
             exe-1050008 [003] ..... 1635888.927471: sys_ptrace(request: 4205, pid: 1005d0, addr: 1, data: c000697c70)
             exe-1050008 [003] ..... 1635888.927474: sys_ptrace -> 0x0
             exe-1050008 [003] ..... 1635888.927475: sys_ptrace(request: 4205, pid: 1005d0, addr: 202, data: c000697c70)
             exe-1050008 [003] ..... 1635888.927486: sys_ptrace -> 0x0
             exe-1050008 [003] ..... 1635888.927488: sys_ptrace(request: 1f, pid: 1005d0, addr: 0, data: 0)
             exe-1050008 [003] .N... 1635888.927495: sys_ptrace -> 0x0
             exe-1050064 [003] ..... 1635888.927505: sys_write -> 0x63
             exe-1050008 [003] ..... 1635888.927523: sys_wait4(upid: 1005d0, stat_addr: c000697bf4, options: 40000002, ru: 0)
             exe-1050008 [003] ..... 1635888.927526: sys_wait4 -> 0x1005d0
             exe-1050008 [003] ..... 1635888.927528: sys_ptrace(request: 4204, pid: 1005d0, addr: 1, data: c000697c70)
             exe-1050008 [003] ..... 1635888.927531: sys_ptrace -> 0x0
             exe-1050008 [003] ..... 1635888.927533: sys_ptrace(request: 4204, pid: 1005d0, addr: 202, data: c000697c70)
             exe-1050008 [003] ..... 1635888.927536: sys_ptrace -> 0x0
             exe-1050008 [003] ..... 1635888.927645: sys_ptrace(request: 4205, pid: 1005d0, addr: 1, data: c000697c70)
             exe-1050008 [003] ..... 1635888.927649: sys_ptrace -> 0x0
             exe-1050008 [003] ..... 1635888.927650: sys_ptrace(request: 4205, pid: 1005d0, addr: 202, data: c000697c70)
             exe-1050008 [003] ..... 1635888.927663: sys_ptrace -> 0x0
             exe-1050008 [003] ..... 1635888.927664: sys_ptrace(request: 1f, pid: 1005d0, addr: 0, data: 0)
             exe-1050008 [003] .N... 1635888.927672: sys_ptrace -> 0x0
             exe-1050064 [003] ..... 1635888.927683: sys_pwritev2 -> 0xffffffffffffffe3
             exe-1050008 [003] ..... 1635888.927703: sys_wait4(upid: 1005d0, stat_addr: c000697bf4, options: 40000002, ru: 0)
             exe-1050008 [003] ..... 1635888.927706: sys_wait4 -> 0x1005d0
             exe-1050008 [003] ..... 1635888.927708: sys_ptrace(request: 4204, pid: 1005d0, addr: 1, data: c000697c70)
             exe-1050008 [003] ..... 1635888.927727: sys_ptrace -> 0x0
             exe-1050008 [003] ..... 1635888.927730: sys_ptrace(request: 4204, pid: 1005d0, addr: 202, data: c000697c70)
             exe-1050008 [003] ..... 1635888.927733: sys_ptrace -> 0x0
             exe-1050008 [003] ..... 1635888.927744: sys_pwrite64(fd: 63, buf: 7fd66ed5f080, count: 61, pos: 63)
             exe-1050008 [003] ..... 1635888.927746: tracing_mark_write: pwritev2(fd=273, vec=0x55707fcdc6c0, vlen=183, pos_l=0xffffff46, pos_h=0xe4e4e4e4, flags=0x2) end
             exe-1050008 [002] ..... 1635888.997133: tracing_mark_write: pwritev2(fd=273, vec=0x55707fd1caf0, vlen=1, pos_l=227, pos_h=0x708cdd36, flags=0x2) start
             exe-1050008 [002] ..... 1635888.997134: sys_pwrite64 -> 0x5a
             exe-1050008 [002] ..... 1635888.997138: sys_ptrace(request: 4205, pid: 1005d0, addr: 1, data: c000697c70)
             exe-1050008 [002] ..... 1635888.997140: sys_ptrace -> 0x0
             exe-1050008 [002] ..... 1635888.997141: sys_ptrace(request: 4205, pid: 1005d0, addr: 202, data: c000697c70)
             exe-1050008 [002] ..... 1635888.997147: sys_ptrace -> 0x0
             exe-1050008 [002] ..... 1635888.997148: sys_ptrace(request: 1f, pid: 1005d0, addr: 0, data: 0)
             exe-1049673 [003] ..... 1635888.997153: sys_nanosleep -> 0x0
             exe-1050008 [002] ..... 1635888.997157: sys_ptrace -> 0x0
             exe-1050008 [002] ..... 1635888.997158: sys_wait4(upid: 1005d0, stat_addr: c000697bf4, options: 40000002, ru: 0)
             exe-1050064 [003] ..... 1635888.997174: sys_write -> 0x5a
             exe-1050008 [002] ..... 1635888.997193: sys_wait4 -> 0x1005d0
             exe-1050008 [002] ..... 1635888.997195: sys_ptrace(request: 4204, pid: 1005d0, addr: 1, data: c000697c70)
             exe-1050008 [002] ..... 1635888.997203: sys_ptrace -> 0x0
             exe-1050008 [002] ..... 1635888.997204: sys_ptrace(request: 4204, pid: 1005d0, addr: 202, data: c000697c70)
             exe-1050008 [002] ..... 1635888.997205: sys_ptrace -> 0x0
             exe-1049673 [003] ..... 1635888.997208: sys_nanosleep(rqtp: c000069f10, rmtp: 0)
             exe-1050008 [002] ..... 1635888.997213: sys_ptrace(request: 4205, pid: 1005d0, addr: 1, data: c000697c70)
             exe-1050008 [002] ..... 1635888.997215: sys_ptrace -> 0x0
             exe-1050008 [002] ..... 1635888.997216: sys_ptrace(request: 4205, pid: 1005d0, addr: 202, data: c000697c70)
             exe-1050008 [002] ..... 1635888.997221: sys_ptrace -> 0x0
             exe-1050008 [002] ..... 1635888.997222: sys_ptrace(request: 1f, pid: 1005d0, addr: 0, data: 0)
             exe-1050008 [002] ..... 1635888.997227: sys_ptrace -> 0x0
             exe-1050008 [002] ..... 1635888.997228: sys_wait4(upid: 1005d0, stat_addr: c000697bf4, options: 40000002, ru: 0)
             exe-1050064 [003] ..... 1635888.997241: sys_pwritev2 -> 0xffffffffffffffe3
             exe-1050008 [002] ..... 1635888.997258: sys_wait4 -> 0x1005d0
             exe-1050008 [002] ..... 1635888.997260: sys_ptrace(request: 4204, pid: 1005d0, addr: 1, data: c000697c70)
             exe-1050008 [002] ..... 1635888.997262: sys_ptrace -> 0x0
             exe-1050008 [002] ..... 1635888.997263: sys_ptrace(request: 4204, pid: 1005d0, addr: 202, data: c000697c70)
             exe-1050008 [002] ..... 1635888.997265: sys_ptrace -> 0x0
             exe-1050008 [002] ..... 1635888.997269: sys_pwrite64(fd: 63, buf: 7fd66ed5f080, count: 58, pos: 5a)
             exe-1050008 [002] ..... 1635888.997270: tracing_mark_write: pwritev2(fd=273, vec=0x55707fd1caf0, vlen=1, pos_l=227, pos_h=0x708cdd36, flags=0x2) end
             exe-1050008 [002] ..... 1635889.121906: tracing_mark_write: pwritev2(fd=273, vec=0x55707fcdc6c0, vlen=242, pos_l=233, pos_h=0x1132302084040003, flags=0x2) start
             exe-1050008 [002] ..... 1635889.121907: sys_pwrite64 -> 0x64
             exe-1050008 [002] ..... 1635889.121912: sys_ptrace(request: 4205, pid: 1005d0, addr: 1, data: c000697c70)
             exe-1050008 [002] ..... 1635889.121914: sys_ptrace -> 0x0
             exe-1050008 [002] ..... 1635889.121916: sys_ptrace(request: 4205, pid: 1005d0, addr: 202, data: c000697c70)
             exe-1050008 [002] ..... 1635889.121927: sys_ptrace -> 0x0
             exe-1050008 [002] ..... 1635889.121929: sys_ptrace(request: 1f, pid: 1005d0, addr: 0, data: 0)
             exe-1050008 [002] ..... 1635889.121941: sys_ptrace -> 0x0
             exe-1050008 [002] ..... 1635889.121944: sys_wait4(upid: 1005d0, stat_addr: c000697bf4, options: 40000002, ru: 0)
             exe-1049673 [000] ..... 1635889.121946: sys_nanosleep -> 0x0
             exe-1049673 [000] ..... 1635889.121952: sys_futex(uaddr: 1f09dc0, op: 80, val: 0, utime: c000069eb0, uaddr2: 0, val3: 0)
             exe-1050064 [003] ..... 1635889.121956: sys_write -> 0x64
             exe-1050008 [002] ..... 1635889.121977: sys_wait4 -> 0x1005d0
             exe-1050008 [002] ..... 1635889.121980: sys_ptrace(request: 4204, pid: 1005d0, addr: 1, data: c000697c70)
             exe-1050008 [002] ..... 1635889.121983: sys_ptrace -> 0x0
             exe-1050008 [002] ..... 1635889.121984: sys_ptrace(request: 4204, pid: 1005d0, addr: 202, data: c000697c70)
             exe-1050008 [002] ..... 1635889.121987: sys_ptrace -> 0x0
             exe-1050008 [002] ..... 1635889.122073: sys_ptrace(request: 4205, pid: 1005d0, addr: 1, data: c000697c70)
             exe-1050008 [002] ..... 1635889.122076: sys_ptrace -> 0x0
             exe-1050008 [002] ..... 1635889.122077: sys_ptrace(request: 4205, pid: 1005d0, addr: 202, data: c000697c70)
             exe-1050008 [002] ..... 1635889.122086: sys_ptrace -> 0x0
             exe-1050008 [002] ..... 1635889.122087: sys_ptrace(request: 1f, pid: 1005d0, addr: 0, data: 0)
             exe-1050008 [002] ..... 1635889.122096: sys_ptrace -> 0x0
             exe-1050008 [002] ..... 1635889.122097: sys_wait4(upid: 1005d0, stat_addr: c000697bf4, options: 40000002, ru: 0)
             exe-1050064 [003] ..... 1635889.122112: sys_pwritev2 -> 0xffffffffffffffe3
             exe-1050008 [002] ..... 1635889.122129: sys_wait4 -> 0x1005d0
             exe-1050008 [002] ..... 1635889.122131: sys_ptrace(request: 4204, pid: 1005d0, addr: 1, data: c000697c70)
             exe-1050008 [002] ..... 1635889.122133: sys_ptrace -> 0x0
             exe-1050008 [002] ..... 1635889.122134: sys_ptrace(request: 4204, pid: 1005d0, addr: 202, data: c000697c70)
             exe-1050008 [002] ..... 1635889.122136: sys_ptrace -> 0x0
             exe-1050008 [002] ..... 1635889.122146: sys_pwrite64(fd: 63, buf: 7fd66ed5f080, count: 62, pos: 64)
             exe-1050008 [002] ..... 1635889.122148: tracing_mark_write: pwritev2(fd=273, vec=0x55707fcdc6c0, vlen=242, pos_l=233, pos_h=0x1132302084040003, flags=0x2) end
             exe-1050008 [002] ..... 1635889.199142: tracing_mark_write: pwritev2(fd=282, vec=0x55707fcd5a80, vlen=89, pos_l=0x6c6c6c6c, pos_h=0x10000, flags=0x2) start
             exe-1050008 [002] ..... 1635889.199143: sys_pwrite64 -> 0x5f
             exe-1050008 [002] ..... 1635889.199151: sys_ptrace(request: 4205, pid: 1005d0, addr: 1, data: c000697c70)
             exe-1050008 [002] ..... 1635889.199155: sys_ptrace -> 0x0
             exe-1050008 [002] ..... 1635889.199157: sys_ptrace(request: 4205, pid: 1005d0, addr: 202, data: c000697c70)
             exe-1050008 [002] ..... 1635889.199170: sys_ptrace -> 0x0
             exe-1050008 [002] ..... 1635889.199172: sys_ptrace(request: 1f, pid: 1005d0, addr: 0, data: 0)
             exe-1050008 [002] ..... 1635889.199183: sys_ptrace -> 0x0
             exe-1050008 [002] ..... 1635889.199185: sys_wait4(upid: 1005d0, stat_addr: c000697bf4, options: 40000002, ru: 0)
             exe-1050064 [003] ..... 1635889.199200: sys_write -> 0x5f
             exe-1050008 [002] ..... 1635889.199214: sys_wait4 -> 0x1005d0
             exe-1050008 [002] ..... 1635889.199217: sys_ptrace(request: 4204, pid: 1005d0, addr: 1, data: c000697c70)
             exe-1050008 [002] ..... 1635889.199219: sys_ptrace -> 0x0
             exe-1050008 [002] ..... 1635889.199221: sys_ptrace(request: 4204, pid: 1005d0, addr: 202, data: c000697c70)
             exe-1050008 [002] ..... 1635889.199223: sys_ptrace -> 0x0
             exe-1050008 [002] ..... 1635889.199255: sys_ptrace(request: 4205, pid: 1005d0, addr: 1, data: c000697c70)
             exe-1050008 [002] ..... 1635889.199257: sys_ptrace -> 0x0
             exe-1050008 [002] ..... 1635889.199259: sys_ptrace(request: 4205, pid: 1005d0, addr: 202, data: c000697c70)
             exe-1050008 [002] ..... 1635889.199266: sys_ptrace -> 0x0
             exe-1050008 [002] ..... 1635889.199267: sys_ptrace(request: 1f, pid: 1005d0, addr: 0, data: 0)
             exe-1050008 [002] ..... 1635889.199276: sys_ptrace -> 0x0
             exe-1050008 [002] ..... 1635889.199278: sys_wait4(upid: 1005d0, stat_addr: c000697bf4, options: 40000002, ru: 0)
             exe-1050064 [003] ..... 1635889.199295: sys_pwritev2 -> 0xffffffffffffffe3
             exe-1050008 [002] ..... 1635889.199310: sys_wait4 -> 0x1005d0
             exe-1050008 [002] ..... 1635889.199312: sys_ptrace(request: 4204, pid: 1005d0, addr: 1, data: c000697c70)
             exe-1050008 [002] ..... 1635889.199314: sys_ptrace -> 0x0
             exe-1050008 [002] ..... 1635889.199316: sys_ptrace(request: 4204, pid: 1005d0, addr: 202, data: c000697c70)
             exe-1050008 [002] ..... 1635889.199317: sys_ptrace -> 0x0
             exe-1050008 [002] ..... 1635889.199324: sys_pwrite64(fd: 63, buf: 7fd66ed5f080, count: 5d, pos: 5f)
             exe-1050008 [002] ..... 1635889.199326: tracing_mark_write: pwritev2(fd=282, vec=0x55707fcd5a80, vlen=89, pos_l=0x6c6c6c6c, pos_h=0x10000, flags=0x2) end
             exe-1050008 [002] ..... 1635889.262435: tracing_mark_write: pwritev2(fd=282, vec=0x55707fd1caf0, vlen=1, pos_l=0xe21b5c5358, pos_h=-70, flags=0x2) start
             exe-1050008 [002] ..... 1635889.262437: sys_pwrite64 -> 0x5c
             exe-1050008 [002] ..... 1635889.262446: sys_ptrace(request: 4205, pid: 1005d0, addr: 1, data: c000697c70)
             exe-1050008 [002] ..... 1635889.262449: sys_ptrace -> 0x0
             exe-1050008 [002] ..... 1635889.262457: sys_ptrace(request: 4205, pid: 1005d0, addr: 202, data: c000697c70)
             exe-1049567 [000] ..... 1635889.262461: sys_nanosleep -> 0x0
             exe-1049567 [000] ..... 1635889.262468: sys_nanosleep(rqtp: c000069f10, rmtp: 0)
             exe-1050008 [002] ..... 1635889.262476: sys_ptrace -> 0x0
             exe-1050008 [002] ..... 1635889.262479: sys_ptrace(request: 1f, pid: 1005d0, addr: 0, data: 0)
             exe-1050008 [002] ..... 1635889.262482: sys_ptrace -> 0x0
             exe-1050008 [002] ..... 1635889.262486: sys_wait4(upid: 1005d0, stat_addr: c000697bf4, options: 40000002, ru: 0)
             exe-1050064 [003] ..... 1635889.262496: sys_write -> 0x5c
             exe-1050008 [002] ..... 1635889.262524: sys_wait4 -> 0x1005d0
             exe-1050008 [002] ..... 1635889.262528: sys_ptrace(request: 4204, pid: 1005d0, addr: 1, data: c000697c70)
             exe-1050008 [002] ..... 1635889.262532: sys_ptrace -> 0x0
             exe-1050008 [002] ..... 1635889.262534: sys_ptrace(request: 4204, pid: 1005d0, addr: 202, data: c000697c70)
             exe-1050008 [002] ..... 1635889.262538: sys_ptrace -> 0x0
             exe-1050008 [002] ..... 1635889.262553: sys_ptrace(request: 4205, pid: 1005d0, addr: 1, data: c000697c70)
             exe-1050008 [002] ..... 1635889.262557: sys_ptrace -> 0x0
             exe-1050008 [002] ..... 1635889.262559: sys_ptrace(request: 4205, pid: 1005d0, addr: 202, data: c000697c70)
             exe-1050008 [002] ..... 1635889.262570: sys_ptrace -> 0x0
             exe-1050008 [002] ..... 1635889.262572: sys_ptrace(request: 1f, pid: 1005d0, addr: 0, data: 0)
             exe-1050008 [002] ..... 1635889.262582: sys_ptrace -> 0x0
             exe-1050008 [002] ..... 1635889.262585: sys_wait4(upid: 1005d0, stat_addr: c000697bf4, options: 40000002, ru: 0)
             exe-1050064 [003] ..... 1635889.262608: sys_pwritev2 -> 0xffffffffffffffe3
             exe-1050008 [002] ..... 1635889.262628: sys_wait4 -> 0x1005d0
             exe-1050008 [002] ..... 1635889.262630: sys_ptrace(request: 4204, pid: 1005d0, addr: 1, data: c000697c70)
             exe-1050008 [002] ..... 1635889.262633: sys_ptrace -> 0x0
             exe-1050008 [002] ..... 1635889.262634: sys_ptrace(request: 4204, pid: 1005d0, addr: 202, data: c000697c70)
             exe-1050008 [002] ..... 1635889.262636: sys_ptrace -> 0x0
             exe-1050008 [002] ..... 1635889.262646: sys_pwrite64(fd: 63, buf: 7fd66ed5f080, count: 5a, pos: 5c)
             exe-1050008 [002] ..... 1635889.262649: tracing_mark_write: pwritev2(fd=282, vec=0x55707fd1caf0, vlen=1, pos_l=0xe21b5c5358, pos_h=-70, flags=0x2) end
             exe-1050008 [002] ..... 1635889.389685: tracing_mark_write: pwritev2(fd=282, vec=0x55707fcdc6c0, vlen=248, pos_l=1024, pos_h=0x216b34774250489c, flags=0x2) start
             exe-1050008 [002] ..... 1635889.389687: sys_pwrite64 -> 0x65
             exe-1050008 [002] ..... 1635889.389692: sys_ptrace(request: 4205, pid: 1005d0, addr: 1, data: c000697c70)
             exe-1050008 [002] ..... 1635889.389694: sys_ptrace -> 0x0
             exe-1050008 [002] ..... 1635889.389695: sys_ptrace(request: 4205, pid: 1005d0, addr: 202, data: c000697c70)
             exe-1050008 [002] ..... 1635889.389703: sys_ptrace -> 0x0
             exe-1050008 [002] ..... 1635889.389704: sys_ptrace(request: 1f, pid: 1005d0, addr: 0, data: 0)
             exe-1050008 [002] .N... 1635889.389710: sys_ptrace -> 0x0
             exe-1050064 [002] ..... 1635889.389717: sys_write -> 0x65
             exe-1050008 [002] ..... 1635889.389731: sys_wait4(upid: 1005d0, stat_addr: c000697bf4, options: 40000002, ru: 0)
             exe-1050008 [002] ..... 1635889.389733: sys_wait4 -> 0x1005d0
             exe-1050008 [002] ..... 1635889.389734: sys_ptrace(request: 4204, pid: 1005d0, addr: 1, data: c000697c70)
             exe-1050008 [002] ..... 1635889.389737: sys_ptrace -> 0x0
             exe-1050008 [002] ..... 1635889.389738: sys_ptrace(request: 4204, pid: 1005d0, addr: 202, data: c000697c70)
             exe-1050008 [002] ..... 1635889.389740: sys_ptrace -> 0x0
             exe-1049673 [001] ..... 1635889.389744: sys_nanosleep -> 0x0
             exe-1049673 [001] ..... 1635889.389748: sys_nanosleep(rqtp: c000069f10, rmtp: 0)
             exe-1050008 [002] ..... 1635889.389856: sys_ptrace(request: 4205, pid: 1005d0, addr: 1, data: c000697c70)
             exe-1049673 [001] ..... 1635889.389857: sys_nanosleep -> 0x0
             exe-1050008 [002] ..... 1635889.389859: sys_ptrace -> 0x0
             exe-1050008 [002] ..... 1635889.389860: sys_ptrace(request: 4205, pid: 1005d0, addr: 202, data: c000697c70)
             exe-1049673 [001] ..... 1635889.389861: sys_nanosleep(rqtp: c000069f10, rmtp: 0)
             exe-1050008 [002] ..... 1635889.389869: sys_ptrace -> 0x0
             exe-1050008 [002] ..... 1635889.389871: sys_ptrace(request: 1f, pid: 1005d0, addr: 0, data: 0)
             exe-1050008 [002] .N... 1635889.389874: sys_ptrace -> 0x0
             exe-1050064 [002] ..... 1635889.389881: sys_pwritev2 -> 0xffffffffffffffe3
             exe-1050008 [002] ..... 1635889.389897: sys_wait4(upid: 1005d0, stat_addr: c000697bf4, options: 40000002, ru: 0)
             exe-1050008 [002] ..... 1635889.389899: sys_wait4 -> 0x1005d0
             exe-1050008 [002] ..... 1635889.389900: sys_ptrace(request: 4204, pid: 1005d0, addr: 1, data: c000697c70)
             exe-1050008 [002] ..... 1635889.389903: sys_ptrace -> 0x0
             exe-1050008 [002] ..... 1635889.389904: sys_ptrace(request: 4204, pid: 1005d0, addr: 202, data: c000697c70)
             exe-1050008 [002] ..... 1635889.389906: sys_ptrace -> 0x0
             exe-1050008 [002] ..... 1635889.389913: sys_pwrite64(fd: 63, buf: 7fd66ed5f080, count: 63, pos: 65)
             exe-1050008 [002] ..... 1635889.389915: tracing_mark_write: pwritev2(fd=282, vec=0x55707fcdc6c0, vlen=248, pos_l=1024, pos_h=0x216b34774250489c, flags=0x2) end
             exe-1050008 [002] ..... 1635889.473762: tracing_mark_write: pwritev2(fd=282, vec=0x55707fd1caf0, vlen=1, pos_l=0x7f9e2260, pos_h=-10, flags=0x2) start
             exe-1050008 [002] ..... 1635889.473764: sys_pwrite64 -> 0x5a
             exe-1050008 [002] ..... 1635889.473771: sys_ptrace(request: 4205, pid: 1005d0, addr: 1, data: c000697c70)
             exe-1050008 [002] ..... 1635889.473773: sys_ptrace -> 0x0
             exe-1050008 [002] ..... 1635889.473775: sys_ptrace(request: 4205, pid: 1005d0, addr: 202, data: c000697c70)
             exe-1050008 [002] ..... 1635889.473785: sys_ptrace -> 0x0
             exe-1050008 [002] ..... 1635889.473787: sys_ptrace(request: 1f, pid: 1005d0, addr: 0, data: 0)
             exe-1049567 [000] ..... 1635889.473807: sys_nanosleep -> 0x0
             exe-1049567 [000] ..... 1635889.473809: sys_nanosleep(rqtp: c000069f10, rmtp: 0)
             exe-1050008 [002] .N... 1635889.473837: sys_ptrace -> 0x0
             exe-1050064 [002] ..... 1635889.473855: sys_write -> 0x5a
             exe-1050008 [002] ..... 1635889.473879: sys_wait4(upid: 1005d0, stat_addr: c000697bf4, options: 40000002, ru: 0)
             exe-1050008 [002] ..... 1635889.473882: sys_wait4 -> 0x1005d0
             exe-1049673 [003] ..... 1635889.473884: sys_nanosleep -> 0x0
             exe-1050008 [002] ..... 1635889.473884: sys_ptrace(request: 4204, pid: 1005d0, addr: 1, data: c000697c70)
             exe-1050008 [002] ..... 1635889.473889: sys_ptrace -> 0x0
             exe-1050008 [002] ..... 1635889.473891: sys_ptrace(request: 4204, pid: 1005d0, addr: 202, data: c000697c70)
             exe-1049673 [003] ..... 1635889.473893: sys_nanosleep(rqtp: c000069f10, rmtp: 0)
             exe-1050008 [002] ..... 1635889.473894: sys_ptrace -> 0x0
             exe-1050008 [002] ..... 1635889.473910: sys_ptrace(request: 4205, pid: 1005d0, addr: 1, data: c000697c70)
             exe-1050008 [002] ..... 1635889.473913: sys_ptrace -> 0x0
             exe-1050008 [002] ..... 1635889.473914: sys_ptrace(request: 4205, pid: 1005d0, addr: 202, data: c000697c70)
             exe-1050008 [002] ..... 1635889.473926: sys_ptrace -> 0x0
             exe-1050008 [002] ..... 1635889.473927: sys_ptrace(request: 1f, pid: 1005d0, addr: 0, data: 0)
             exe-1049567 [000] ..... 1635889.473930: sys_nanosleep -> 0x0
             exe-1050008 [002] .N... 1635889.473935: sys_ptrace -> 0x0
             exe-1049567 [000] ..... 1635889.473936: sys_nanosleep(rqtp: c000069f10, rmtp: 0)
             exe-1050064 [002] ..... 1635889.473946: sys_pwritev2 -> 0xffffffffffffffe3
             exe-1050008 [002] ..... 1635889.473966: sys_wait4(upid: 1005d0, stat_addr: c000697bf4, options: 40000002, ru: 0)
             exe-1050008 [002] ..... 1635889.473969: sys_wait4 -> 0x1005d0
             exe-1050008 [002] ..... 1635889.473971: sys_ptrace(request: 4204, pid: 1005d0, addr: 1, data: c000697c70)
             exe-1050008 [002] ..... 1635889.473975: sys_ptrace -> 0x0
             exe-1050008 [002] ..... 1635889.473976: sys_ptrace(request: 4204, pid: 1005d0, addr: 202, data: c000697c70)
             exe-1050008 [002] ..... 1635889.473979: sys_ptrace -> 0x0
             exe-1050008 [002] ..... 1635889.473992: sys_pwrite64(fd: 63, buf: 7fd66ed5f080, count: 58, pos: 5a)
             exe-1050008 [002] ..... 1635889.473993: tracing_mark_write: pwritev2(fd=282, vec=0x55707fd1caf0, vlen=1, pos_l=0x7f9e2260, pos_h=-10, flags=0x2) end
             exe-1050008 [002] ..... 1635889.569271: tracing_mark_write: pwritev2(fd=282, vec=0x55707fd1caf0, vlen=1, pos_l=9288, pos_h=0x80000, flags=0x2) start
             exe-1050008 [002] ..... 1635889.569272: sys_pwrite64 -> 0x58
             exe-1050008 [002] ..... 1635889.569277: sys_ptrace(request: 4205, pid: 1005d0, addr: 1, data: c000697c70)
             exe-1050008 [002] ..... 1635889.569279: sys_ptrace -> 0x0
             exe-1050008 [002] ..... 1635889.569280: sys_ptrace(request: 4205, pid: 1005d0, addr: 202, data: c000697c70)
             exe-1050008 [002] ..... 1635889.569287: sys_ptrace -> 0x0
             exe-1050008 [002] ..... 1635889.569288: sys_ptrace(request: 1f, pid: 1005d0, addr: 0, data: 0)
             exe-1050008 [002] .N... 1635889.569293: sys_ptrace -> 0x0
             exe-1050064 [002] ..... 1635889.569300: sys_write -> 0x58
