             exe-980075  [000] ..... 1635921.778158: sys_mincore(start: 7f8d70f24000, len: d000, vec: c0006b4000)
             exe-980075  [000] ..... 1635921.778161: sys_mincore -> 0x0
             exe-980075  [000] ..... 1635921.778164: sys_mincore(start: 7f8d70f33000, len: 4000, vec: c0006b4000)
             exe-980075  [000] ..... 1635921.778166: sys_mincore -> 0x0
             exe-980075  [000] ..... 1635921.778168: sys_mincore(start: 7f8d70f38000, len: 2000, vec: c0006b4000)
             exe-980075  [000] ..... 1635921.778170: sys_mincore -> 0x0
             exe-980075  [000] ..... 1635921.778172: sys_mincore(start: 7f8d70f3e000, len: 3000, vec: c0006b4000)
             exe-980075  [000] ..... 1635921.778174: sys_mincore -> 0x0
             exe-975375  [001] ..... 1635921.778210: sys_nanosleep -> 0x0
             exe-975375  [001] ..... 1635921.778213: sys_nanosleep(rqtp: c000069f10, rmtp: 0)
             exe-980075  [000] ..... 1635921.778215: sys_mincore(start: 7f8d70f42000, len: 7b000, vec: c0006b4000)
             exe-980075  [000] ..... 1635921.778230: sys_mincore -> 0x0
             exe-980075  [000] ..... 1635921.778232: sys_mincore(start: 7f8d70fbd000, len: 9000, vec: c0006b4000)
             exe-980075  [000] ..... 1635921.778233: sys_mincore -> 0x0
             exe-980075  [000] ..... 1635921.778235: sys_mincore(start: 7f8d70fc6000, len: 29000, vec: c0006b4000)
             exe-980075  [000] ..... 1635921.778241: sys_mincore -> 0x0
             exe-980075  [000] ..... 1635921.778243: sys_mincore(start: 7f8d70ff0000, len: 1000, vec: c0006b4000)
             exe-980075  [000] ..... 1635921.778244: sys_mincore -> 0x0
             exe-980075  [000] ..... 1635921.778246: sys_mincore(start: 7f8d70ff3000, len: 12000, vec: c0006b4000)
             exe-980075  [000] ..... 1635921.778266: sys_mincore -> 0x0
             exe-980075  [000] ..... 1635921.778268: sys_mincore(start: 7f8d71005000, len: 4d000, vec: c0006b4000)
             exe-980075  [000] ..... 1635921.778274: sys_mincore -> 0x0
             exe-980075  [000] ..... 1635921.778277: sys_mincore(start: 7f8d71066000, len: b000, vec: c0006b4000)
             exe-980075  [000] ..... 1635921.778278: sys_mincore -> 0x0
             exe-980075  [000] ..... 1635921.778280: sys_mincore(start: 7f8d7111e000, len: 3000, vec: c0006b4000)
             exe-980075  [000] ..... 1635921.778289: sys_mincore -> 0x0
             exe-980075  [000] ..... 1635921.778291: sys_mincore(start: 7f8d7112c000, len: f000, vec: c0006b4000)
             exe-980075  [000] ..... 1635921.778294: sys_mincore -> 0x0
             exe-980075  [000] ..... 1635921.778296: sys_mincore(start: 7f8d7113e000, len: 16000, vec: c0006b4000)
             exe-975375  [001] ..... 1635921.778297: sys_nanosleep -> 0x0
             exe-980075  [000] ..... 1635921.778299: sys_mincore -> 0x0
             exe-975375  [001] ..... 1635921.778299: sys_nanosleep(rqtp: c000069f10, rmtp: 0)
             exe-980075  [000] ..... 1635921.778312: sys_mincore(start: 7f8d71155000, len: 10000, vec: c0006b4000)
             exe-980075  [000] ..... 1635921.778315: sys_mincore -> 0x0
             exe-980075  [000] ..... 1635921.778317: sys_mincore(start: 7f8d71169000, len: 32000, vec: c0006b4000)
             exe-980075  [000] ..... 1635921.778323: sys_mincore -> 0x0
             exe-980075  [000] ..... 1635921.778326: sys_mincore(start: 7f8d711a1000, len: 1ea000, vec: c000808600)
             exe-980075  [000] ..... 1635921.778371: sys_mincore -> 0x0
             exe-980075  [000] ..... 1635921.778374: sys_mincore(start: 7f8d71391000, len: 161000, vec: c000808600)
             exe-975375  [001] ..... 1635921.778383: sys_nanosleep -> 0x0
             exe-975375  [001] ..... 1635921.778385: sys_nanosleep(rqtp: c000069f10, rmtp: 0)
             exe-980075  [000] ..... 1635921.778410: sys_mincore -> 0x0
             exe-980075  [000] ..... 1635921.778413: sys_mincore(start: 7f8d714f3000, len: 21000, vec: c000808600)
             exe-980075  [000] ..... 1635921.778418: sys_mincore -> 0x0
             exe-980075  [000] ..... 1635921.778420: sys_mincore(start: 7f8d7151a000, len: 81000, vec: c000808600)
             exe-980075  [000] ..... 1635921.778431: sys_mincore -> 0x0
             exe-980075  [000] ..... 1635921.778433: sys_mincore(start: 7f8d715a1000, len: 57000, vec: c000808600)
             exe-980075  [000] ..... 1635921.778442: sys_mincore -> 0x0
             exe-980075  [000] ..... 1635921.778444: sys_mincore(start: 7f8d715f9000, len: e000, vec: c000808600)
             exe-980075  [000] ..... 1635921.778458: sys_mincore -> 0x0
             exe-980075  [000] ..... 1635921.778461: sys_mincore(start: 7f8d71608000, len: 6000, vec: c000808600)
             exe-980075  [000] ..... 1635921.778463: sys_mincore -> 0x0
             exe-980075  [000] ..... 1635921.778465: sys_mincore(start: 7f8d7160f000, len: 1000, vec: c000808600)
             exe-980075  [000] ..... 1635921.778466: sys_mincore -> 0x0
             exe-975375  [001] ..... 1635921.778468: sys_nanosleep -> 0x0
             exe-980075  [000] ..... 1635921.778468: sys_mincore(start: 7f8d71611000, len: 73000, vec: c000808600)
             exe-975375  [001] ..... 1635921.778470: sys_nanosleep(rqtp: c000069f10, rmtp: 0)
             exe-980075  [000] ..... 1635921.778479: sys_mincore -> 0x0
             exe-980075  [000] ..... 1635921.778481: sys_mincore(start: 7f8d71685000, len: 2000, vec: c000808600)
             exe-980075  [000] ..... 1635921.778483: sys_mincore -> 0x0
             exe-980075  [000] ..... 1635921.778485: sys_mincore(start: 7f8d71690000, len: 27000, vec: c000808600)
             exe-980075  [000] ..... 1635921.778489: sys_mincore -> 0x0
             exe-980075  [000] ..... 1635921.778491: sys_mincore(start: 7f8d716c2000, len: 96000, vec: c000808600)
             exe-980075  [000] ..... 1635921.778503: sys_mincore -> 0x0
             exe-980075  [000] ..... 1635921.778505: sys_mincore(start: 7f8d7175e000, len: 6000, vec: c000808600)
             exe-980075  [000] ..... 1635921.778507: sys_mincore -> 0x0
             exe-980075  [000] ..... 1635921.778509: sys_mincore(start: 7f8d7176a000, len: f000, vec: c000808600)
             exe-980075  [000] ..... 1635921.778512: sys_mincore -> 0x0
             exe-980075  [000] ..... 1635921.778513: sys_mincore(start: 7f8d717f4000, len: 2000, vec: c000808600)
             exe-980075  [000] ..... 1635921.778515: sys_mincore -> 0x0
             exe-980075  [000] ..... 1635921.778517: sys_mincore(start: 7f8d7184b000, len: d000, vec: c000808600)
             exe-980075  [000] ..... 1635921.778526: sys_mincore -> 0x0
             exe-980075  [000] ..... 1635921.778528: sys_mincore(start: 7f8d71859000, len: 4000, vec: c000808600)
             exe-980075  [000] ..... 1635921.778536: sys_mincore -> 0x0
             exe-980075  [000] ..... 1635921.778538: sys_mincore(start: 7f8d7185e000, len: f000, vec: c000808600)
             exe-980075  [000] ..... 1635921.778542: sys_mincore -> 0x0
             exe-980075  [000] ..... 1635921.778544: sys_mincore(start: 7f8d7186e000, len: 14000, vec: c000808600)
             exe-980075  [000] ..... 1635921.778547: sys_mincore -> 0x0
             exe-980075  [000] ..... 1635921.778549: sys_mincore(start: 7f8d71888000, len: 1a000, vec: c000808600)
             exe-975375  [001] ..... 1635921.778553: sys_nanosleep -> 0x0
             exe-980075  [000] ..... 1635921.778554: sys_mincore -> 0x0
             exe-975375  [001] ..... 1635921.778555: sys_nanosleep(rqtp: c000069f10, rmtp: 0)
             exe-980075  [000] ..... 1635921.778556: sys_mincore(start: 7f8d718e1000, len: 3000, vec: c000808600)
             exe-980075  [000] ..... 1635921.778557: sys_mincore -> 0x0
             exe-980075  [000] ..... 1635921.778559: sys_mincore(start: 7f8d71922000, len: 1e000, vec: c000808600)
             exe-980075  [000] ..... 1635921.778564: sys_mincore -> 0x0
             exe-980075  [000] ..... 1635921.778566: sys_mincore(start: 7f8d71941000, len: 35000, vec: c000808600)
             exe-980075  [000] ..... 1635921.778573: sys_mincore -> 0x0
             exe-980075  [000] ..... 1635921.778576: sys_mincore(start: 7f8d7197c000, len: 2000, vec: c000808600)
             exe-980075  [000] ..... 1635921.778578: sys_mincore -> 0x0
             exe-980075  [000] ..... 1635921.778580: sys_mincore(start: 7f8d71980000, len: 7000, vec: c000808600)
             exe-980075  [000] ..... 1635921.778582: sys_mincore -> 0x0
             exe-980075  [000] ..... 1635921.778584: sys_mincore(start: 7f8d71988000, len: 12000, vec: c000808600)
             exe-980075  [000] ..... 1635921.778587: sys_mincore -> 0x0
             exe-980075  [000] ..... 1635921.778589: sys_mincore(start: 7f8d7199c000, len: 6000, vec: c000808600)
             exe-980075  [000] ..... 1635921.778591: sys_mincore -> 0x0
             exe-980075  [000] ..... 1635921.778593: sys_mincore(start: 7f8d719a8000, len: 1d000, vec: c000808600)
             exe-980075  [000] ..... 1635921.778597: sys_mincore -> 0x0
             exe-980075  [000] ..... 1635921.778599: sys_mincore(start: 7f8d719c6000, len: 45000, vec: c000808600)
             exe-980075  [000] ..... 1635921.778617: sys_mincore -> 0x0
             exe-980075  [000] ..... 1635921.778619: sys_mincore(start: 7f8d71a24000, len: 4000, vec: c000808600)
             exe-980075  [000] ..... 1635921.778632: sys_mincore -> 0x0
             exe-980075  [000] ..... 1635921.778635: sys_mincore(start: 7f8d71a29000, len: 4000, vec: c000808600)
             exe-980075  [000] ..... 1635921.778637: sys_mincore -> 0x0
             exe-975375  [001] ..... 1635921.778638: sys_nanosleep -> 0x0
             exe-980075  [000] ..... 1635921.778638: sys_mincore(start: 7f8d71a2e000, len: 3000, vec: c000808600)
             exe-975375  [001] ..... 1635921.778640: sys_nanosleep(rqtp: c000069f10, rmtp: 0)
             exe-980075  [000] ..... 1635921.778640: sys_mincore -> 0x0
             exe-980075  [000] ..... 1635921.778643: sys_mincore(start: 7f8d71a32000, len: 3000, vec: c000808600)
             exe-980075  [000] ..... 1635921.778645: sys_mincore -> 0x0
             exe-980075  [000] ..... 1635921.778646: sys_mincore(start: 7f8d71a36000, len: 17000, vec: c000808600)
             exe-980075  [000] ..... 1635921.778650: sys_mincore -> 0x0
             exe-980075  [000] ..... 1635921.778652: sys_mincore(start: 7f8d71a78000, len: 59000, vec: c000808600)
             exe-980075  [000] ..... 1635921.778661: sys_mincore -> 0x0
             exe-980075  [000] ..... 1635921.778663: sys_mincore(start: 7f8d71af8000, len: 1000, vec: c000808600)
             exe-980075  [000] ..... 1635921.778670: sys_mincore -> 0x0
             exe-980075  [000] ..... 1635921.778672: sys_mincore(start: 7f8d71afc000, len: 9000, vec: c000808600)
             exe-980075  [000] ..... 1635921.778675: sys_mincore -> 0x0
             exe-980075  [000] ..... 1635921.778676: sys_mincore(start: 7f8d71b06000, len: 12000, vec: c000808600)
             exe-980075  [000] ..... 1635921.778680: sys_mincore -> 0x0
             exe-980075  [000] ..... 1635921.778687: sys_mincore(start: 7f8d71b19000, len: 5000, vec: c000808600)
             exe-980075  [000] ..... 1635921.778689: sys_mincore -> 0x0
             exe-980075  [000] ..... 1635921.778691: sys_mincore(start: 7f8d71b50000, len: 16000, vec: c000808600)
             exe-980075  [000] ..... 1635921.778695: sys_mincore -> 0x0
             exe-980075  [000] ..... 1635921.778697: sys_mincore(start: 7f8d71b68000, len: 6000, vec: c000808600)
             exe-980075  [000] ..... 1635921.778699: sys_mincore -> 0x0
             exe-980075  [000] ..... 1635921.778701: sys_mincore(start: 7f8d71ba7000, len: 1000, vec: c000808600)
             exe-980075  [000] ..... 1635921.778702: sys_mincore -> 0x0
             exe-980075  [000] ..... 1635921.778704: sys_mincore(start: 7f8d71ba9000, len: 5000, vec: c000808600)
             exe-980075  [000] ..... 1635921.778706: sys_mincore -> 0x0
             exe-980075  [000] ..... 1635921.778708: sys_mincore(start: 7f8d71baf000, len: b000, vec: c000808600)
             exe-980075  [000] ..... 1635921.778711: sys_mincore -> 0x0
             exe-980075  [000] ..... 1635921.778719: sys_mincore(start: 7f8d71bbb000, len: 3000, vec: c000808600)
             exe-980075  [000] ..... 1635921.778720: sys_mincore -> 0x0
             exe-980075  [000] ..... 1635921.778723: sys_mincore(start: 7f8d71bf0000, len: 1c000, vec: c000808600)
             exe-975375  [001] ..... 1635921.778723: sys_nanosleep -> 0x0
             exe-975375  [001] ..... 1635921.778725: sys_nanosleep(rqtp: c000069f10, rmtp: 0)
             exe-980075  [000] ..... 1635921.778733: sys_mincore -> 0x0
             exe-980075  [000] ..... 1635921.778735: sys_mincore(start: 7f8d71c4b000, len: 12000, vec: c000808600)
             exe-980075  [000] ..... 1635921.778738: sys_mincore -> 0x0
             exe-980075  [000] ..... 1635921.778740: sys_mincore(start: 7f8d71c5f000, len: b000, vec: c000808600)
             exe-980075  [000] ..... 1635921.778743: sys_mincore -> 0x0
             exe-980075  [000] ..... 1635921.778745: sys_mincore(start: 7f8d71c6c000, len: 8000, vec: c000808600)
             exe-980075  [000] ..... 1635921.778747: sys_mincore -> 0x0
             exe-980075  [000] ..... 1635921.778749: sys_mincore(start: 7f8d71c77000, len: 4000, vec: c000808600)
             exe-980075  [000] ..... 1635921.778750: sys_mincore -> 0x0
             exe-980075  [000] ..... 1635921.778758: sys_mincore(start: 7f8d71c7c000, len: 24000, vec: c000808600)
             exe-980075  [000] ..... 1635921.778768: sys_mincore -> 0x0
             exe-980075  [000] ..... 1635921.778771: sys_mincore(start: 7f8d71cac000, len: 10000, vec: c000808600)
             exe-980075  [000] ..... 1635921.778774: sys_mincore -> 0x0
             exe-980075  [000] ..... 1635921.778775: sys_mincore(start: 7f8d71cbf000, len: b000, vec: c000808600)
             exe-980075  [000] ..... 1635921.778778: sys_mincore -> 0x0
             exe-980075  [000] ..... 1635921.778780: sys_mincore(start: 7f8d71cd0000, len: 1c000, vec: c000808600)
             exe-980075  [000] ..... 1635921.778784: sys_mincore -> 0x0
             exe-980075  [000] ..... 1635921.778786: sys_mincore(start: 7f8d71d12000, len: 1c000, vec: c000808600)
             exe-980075  [000] ..... 1635921.778790: sys_mincore -> 0x0
             exe-980075  [000] ..... 1635921.778792: sys_mincore(start: 7f8d71d47000, len: d000, vec: c000808600)
             exe-980075  [000] ..... 1635921.778795: sys_mincore -> 0x0
             exe-980075  [000] ..... 1635921.778797: sys_mincore(start: 7f8d71d55000, len: e000, vec: c000808600)
             exe-980075  [000] ..... 1635921.778799: sys_mincore -> 0x0
             exe-980075  [000] ..... 1635921.778801: sys_mincore(start: 7f8d71daa000, len: 1000, vec: c000808600)
             exe-980075  [000] ..... 1635921.778803: sys_mincore -> 0x0
             exe-975375  [001] ..... 1635921.778809: sys_nanosleep -> 0x0
             exe-975375  [001] ..... 1635921.778811: sys_nanosleep(rqtp: c000069f10, rmtp: 0)
             exe-980075  [000] ..... 1635921.778811: sys_mincore(start: 7f8d71dad000, len: 6000, vec: c000808600)
             exe-980075  [000] ..... 1635921.778813: sys_mincore -> 0x0
             exe-980075  [000] ..... 1635921.778815: sys_mincore(start: 7f8d71e23000, len: 6000, vec: c000808600)
             exe-980075  [000] ..... 1635921.778823: sys_mincore -> 0x0
             exe-980075  [000] ..... 1635921.778825: sys_mincore(start: 7f8d71e2f000, len: 1000, vec: c000808600)
             exe-980075  [000] ..... 1635921.778826: sys_mincore -> 0x0
             exe-980075  [000] ..... 1635921.778828: sys_mincore(start: 7f8d71e31000, len: 19000, vec: c000808600)
             exe-980075  [000] ..... 1635921.778832: sys_mincore -> 0x0
             exe-980075  [000] ..... 1635921.778834: sys_mincore(start: 7f8d71e6d000, len: 1000, vec: c000808600)
             exe-980075  [000] ..... 1635921.778836: sys_mincore -> 0x0
             exe-980075  [000] ..... 1635921.778838: sys_mincore(start: 7f8d71e74000, len: e000, vec: c000808600)
             exe-980075  [000] ..... 1635921.778840: sys_mincore -> 0x0
             exe-980075  [000] ..... 1635921.778842: sys_mincore(start: 7f8d71f1e000, len: 1000, vec: c000808600)
             exe-980075  [000] ..... 1635921.778844: sys_mincore -> 0x0
             exe-980075  [000] ..... 1635921.778845: sys_mincore(start: 7f8d71f1f000, len: ee000, vec: c000808600)
             exe-980075  [000] ..... 1635921.778872: sys_mincore -> 0x0
             exe-980075  [000] ..... 1635921.778875: sys_mincore(start: 7f8d721f3000, len: 2000, vec: c000808600)
             exe-980075  [000] ..... 1635921.778877: sys_mincore -> 0x0
             exe-980075  [000] ..... 1635921.778879: sys_mincore(start: 7f8d72214000, len: 1000, vec: c000808600)
             exe-980075  [000] ..... 1635921.778890: sys_mincore -> 0x0
             exe-980075  [000] ..... 1635921.778892: sys_mincore(start: 7f8d7245e000, len: 4000, vec: c000808600)
             exe-975375  [001] ..... 1635921.778895: sys_nanosleep -> 0x0
             exe-975375  [001] ..... 1635921.778897: sys_nanosleep(rqtp: c000069f10, rmtp: 0)
             exe-980075  [000] ..... 1635921.778904: sys_mincore -> 0x0
             exe-980075  [000] ..... 1635921.778906: sys_mincore(start: 7f8d7353f000, len: 1000, vec: c000808600)
             exe-980075  [000] ..... 1635921.778913: sys_mincore -> 0x0
             exe-980075  [000] ..... 1635921.778915: sys_mincore(start: 7f8d739f4000, len: 5000, vec: c000808600)
             exe-980075  [000] ..... 1635921.778922: sys_mincore -> 0x0
             exe-975375  [001] ..... 1635921.778980: sys_nanosleep -> 0x0
             exe-975375  [001] ..... 1635921.778982: sys_nanosleep(rqtp: c000069f10, rmtp: 0)
             exe-975375  [001] ..... 1635921.779065: sys_nanosleep -> 0x0
             exe-975375  [001] ..... 1635921.779067: sys_nanosleep(rqtp: c000069f10, rmtp: 0)
             exe-980075  [000] ..... 1635921.779071: sys_sendmsg(fd: 2b, msg: c00092bac0, flags: 4040)
             exe-980075  [000] ..... 1635921.779098: sys_sendmsg -> 0x1c4
             exe-980075  [000] ..... 1635921.779104: sys_recvmsg(fd: 2b, msg: c00092bae8, flags: 60)
             exe-980075  [000] ..... 1635921.779106: sys_recvmsg -> 0xfffffffffffffff5
             exe-980075  [000] ..... 1635921.779109: sys_ppoll(ufds: c00092ba08, nfds: 2, tsp: 0, sigmask: 0, sigsetsize: 0)
             exe-980075  [000] ..... 1635921.779462: sys_ppoll -> 0x1
             exe-980075  [000] ..... 1635921.779468: sys_recvmsg(fd: 2b, msg: c00092bae8, flags: 60)
             exe-980075  [000] ..... 1635921.779470: sys_recvmsg -> 0x0
             exe-980075  [000] ..... 1635921.779474: sys_shutdown(fd: 2b, how: 2)
             exe-980075  [000] ..... 1635921.779477: sys_shutdown -> 0x0
             exe-980075  [000] ..... 1635921.779479: sys_write(fd: 2c, buf: c00092be58, count: 8)
             exe-980075  [000] ..... 1635921.779481: sys_write -> 0x8
             exe-980075  [000] ..... 1635921.779484: sys_close(fd: 2c)
             exe-980075  [000] ..... 1635921.779485: sys_close -> 0x0
             exe-980075  [000] ..... 1635921.779494: sys_close(fd: 2b)
             exe-980075  [000] ..... 1635921.779494: sys_close -> 0x0
             exe-980075  [000] ..... 1635921.779518: sys_futex(uaddr: c003889d48, op: 80, val: 0, utime: 0, uaddr2: 0, val3: 0)
             exe-975375  [002] ..... 1635921.781981: sys_nanosleep -> 0x0
             exe-975375  [002] ..... 1635921.781991: sys_nanosleep(rqtp: c000069f10, rmtp: 0)
           <...>-975450  [002] ..... 1635921.782047: sys_futex -> 0x0
           <...>-975450  [002] ..... 1635921.782061: sys_nanosleep(rqtp: c00006bf10, rmtp: 0)
             exe-975375  [002] ..... 1635921.782107: sys_nanosleep -> 0x0
             exe-975375  [002] ..... 1635921.782113: sys_nanosleep(rqtp: c000069f10, rmtp: 0)
           <...>-975450  [002] ..... 1635921.782167: sys_nanosleep -> 0x0
           <...>-975450  [002] ..... 1635921.782173: sys_futex(uaddr: 145a1e0, op: 80, val: 0, utime: c00006beb0, uaddr2: 0, val3: 0)
             exe-975375  [002] ..... 1635921.782228: sys_nanosleep -> 0x0
             exe-975375  [002] .N... 1635921.782242: sys_nanosleep(rqtp: c000069f10, rmtp: 0)
             exe-975375  [002] ..... 1635921.782352: sys_nanosleep -> 0x0
             exe-975375  [002] ..... 1635921.782373: sys_nanosleep(rqtp: c000069f10, rmtp: 0)
             exe-975375  [002] ..... 1635921.782471: sys_nanosleep -> 0x0
             exe-975375  [002] ..... 1635921.782474: sys_nanosleep(rqtp: c000069f10, rmtp: 0)
             exe-975375  [002] ..... 1635921.782567: sys_nanosleep -> 0x0
             exe-975375  [002] ..... 1635921.782569: sys_nanosleep(rqtp: c000069f10, rmtp: 0)
             exe-975375  [002] ..... 1635921.782655: sys_nanosleep -> 0x0
             exe-975375  [002] ..... 1635921.782657: sys_nanosleep(rqtp: c000069f10, rmtp: 0)
             exe-975375  [002] ..... 1635921.782743: sys_nanosleep -> 0x0
             exe-975375  [002] ..... 1635921.782745: sys_nanosleep(rqtp: c000069f10, rmtp: 0)
             exe-975375  [002] ..... 1635921.782830: sys_nanosleep -> 0x0
             exe-975375  [002] ..... 1635921.782833: sys_nanosleep(rqtp: c000069f10, rmtp: 0)
           <...>-975450  [002] ..... 1635921.782874: sys_futex -> 0x0
           <...>-975450  [002] ..... 1635921.782880: sys_nanosleep(rqtp: c00006bf10, rmtp: 0)
           <...>-975458  [003] ..... 1635921.782901: sys_futex -> 0xfffffffffffffe00
           <...>-975450  [002] ..... 1635921.782931: sys_nanosleep -> 0x0
           <...>-975450  [002] ..... 1635921.782934: sys_nanosleep(rqtp: c00006bf10, rmtp: 0)
           <...>-975458  [003] ..... 1635921.782940: sys_futex(uaddr: 1489100, op: 81, val: 1, utime: 0, uaddr2: 0, val3: 0)
           <...>-975457  [000] ..... 1635921.782942: sys_futex -> 0x0
           <...>-975457  [000] ..... 1635921.782947: sys_futex(uaddr: c00005d548, op: 80, val: 0, utime: 0, uaddr2: 0, val3: 0)
             exe-975375  [002] ..... 1635921.782950: sys_nanosleep -> 0x0
             exe-975375  [002] ..... 1635921.782955: sys_nanosleep(rqtp: c000069f10, rmtp: 0)
           <...>-975458  [003] ..... 1635921.782971: sys_futex -> 0x1
           <...>-975458  [003] ..... 1635921.782973: sys_rt_sigreturn()
           <...>-975458  [003] ..... 1635921.782977: sys_futex(uaddr: c00005d948, op: 80, val: 0, utime: 0, uaddr2: 0, val3: 0)
           <...>-975455  [000] ..... 1635921.782991: sys_futex -> 0x0
           <...>-975450  [002] ..... 1635921.783037: sys_nanosleep -> 0x0
           <...>-975450  [002] ..... 1635921.783042: sys_getpid()
           <...>-975455  [000] ..... 1635921.783048: sys_futex(uaddr: c00005d548, op: 81, val: 1, utime: 0, uaddr2: 0, val3: 0)
           <...>-975455  [000] ..... 1635921.783054: sys_futex -> 0x1
           <...>-975450  [002] ..... 1635921.783057: sys_getpid -> 0xee259
           <...>-975450  [002] ..... 1635921.783059: sys_tgkill(tgid: ee259, pid: ee25f, sig: 17)
           <...>-975455  [000] ..... 1635921.783062: sys_futex(uaddr: c00005d948, op: 81, val: 1, utime: 0, uaddr2: 0, val3: 0)
           <...>-975455  [000] ..... 1635921.783074: sys_futex -> 0x1
           <...>-975455  [000] ..... 1635921.783076: sys_futex(uaddr: 1489100, op: 80, val: 0, utime: 0, uaddr2: 0, val3: 0)
           <...>-975457  [000] ..... 1635921.783082: sys_futex -> 0x0
           <...>-975450  [002] ..... 1635921.783085: sys_tgkill -> 0x0
           <...>-975450  [002] ..... 1635921.783087: sys_nanosleep(rqtp: c00006bf10, rmtp: 0)
           <...>-975458  [003] ..... 1635921.783095: sys_futex -> 0x0
           <...>-975458  [003] ..... 1635921.783105: sys_futex(uaddr: c00005d948, op: 80, val: 0, utime: 0, uaddr2: 0, val3: 0)
             exe-975375  [002] ..... 1635921.783111: sys_nanosleep -> 0x0
             exe-975375  [002] ..... 1635921.783117: sys_nanosleep(rqtp: c000069f10, rmtp: 0)
           <...>-975457  [000] ..... 1635921.783118: sys_wait4(upid: ffffffffffffffff, stat_addr: c0000a3404, options: 1, ru: c0000a3490)
           <...>-975457  [000] ..... 1635921.783146: sys_wait4 -> 0x1263ce
           <...>-975457  [000] ..... 1635921.783157: sys_wait4(upid: ffffffffffffffff, stat_addr: c0000a3404, options: 1, ru: c0000a3490)
           <...>-975457  [000] ..... 1635921.783160: sys_wait4 -> 0x0
           <...>-975450  [002] ..... 1635921.783192: sys_nanosleep -> 0x0
           <...>-975450  [002] ..... 1635921.783201: sys_nanosleep(rqtp: c00006bf10, rmtp: 0)
           <...>-975457  [000] ..... 1635921.783209: sys_write(fd: 7, buf: c0000a3433, count: 1)
             exe-975375  [002] ..... 1635921.783223: sys_nanosleep -> 0x0
             exe-975375  [002] ..... 1635921.783228: sys_nanosleep(rqtp: c000069f10, rmtp: 0)
           <...>-975457  [000] ..... 1635921.783239: sys_write -> 0x1
           <...>-975457  [000] ..... 1635921.783251: sys_futex(uaddr: c00005d948, op: 81, val: 1, utime: 0, uaddr2: 0, val3: 0)
           <...>-975457  [000] ..... 1635921.783261: sys_futex -> 0x1
           <...>-975458  [003] ..... 1635921.783278: sys_futex -> 0x0
           <...>-975458  [003] ..... 1635921.783282: sys_futex(uaddr: c00005d948, op: 80, val: 0, utime: 0, uaddr2: 0, val3: 0)
           <...>-975457  [000] ..... 1635921.783284: sys_futex(uaddr: c00005d948, op: 81, val: 1, utime: 0, uaddr2: 0, val3: 0)
           <...>-975457  [000] ..... 1635921.783289: sys_futex -> 0x1
           <...>-975458  [003] ..... 1635921.783299: sys_futex -> 0x0
           <...>-975450  [002] ..... 1635921.783303: sys_nanosleep -> 0x0
           <...>-975450  [002] ..... 1635921.783308: sys_nanosleep(rqtp: c00006bf10, rmtp: 0)
           <...>-975457  [000] ..... 1635921.783308: sys_futex(uaddr: c00005d548, op: 80, val: 0, utime: 0, uaddr2: 0, val3: 0)
           <...>-975455  [000] ..... 1635921.783315: sys_futex -> 0xfffffffffffffe00
           <...>-975458  [003] ..... 1635921.783316: sys_waitid(which: 1, upid: 1263ce, infop: c0001fb708, options: 1000004, ru: 0)
           <...>-975458  [003] ..... 1635921.783320: sys_waitid -> 0xfffffffffffffff6
           <...>-975458  [003] ..... 1635921.783327: sys_futex(uaddr: c00005d548, op: 81, val: 1, utime: 0, uaddr2: 0, val3: 0)
             exe-975375  [002] ..... 1635921.783330: sys_nanosleep -> 0x0
           <...>-975455  [000] ..... 1635921.783331: sys_rt_sigreturn()
             exe-975375  [002] ..... 1635921.783335: sys_nanosleep(rqtp: c000069f10, rmtp: 0)
           <...>-975458  [003] ..... 1635921.783335: sys_futex -> 0x1
           <...>-975455  [000] ..... 1635921.783341: sys_futex(uaddr: 1489100, op: 80, val: 0, utime: 0, uaddr2: 0, val3: 0)
           <...>-975457  [000] ..... 1635921.783358: sys_futex -> 0x0
           <...>-975457  [000] ..... 1635921.783362: sys_epoll_pwait(epfd: 5, events: c000217840, maxevents: 80, timeout: 0, sigmask: 0, sigsetsize: 0)
           <...>-975457  [000] ..... 1635921.783363: sys_epoll_pwait -> 0x0
           <...>-975457  [000] ..... 1635921.783365: sys_nanosleep(rqtp: c000217d60, rmtp: 0)
           <...>-975450  [002] ..... 1635921.783409: sys_nanosleep -> 0x0
           <...>-975450  [002] ..... 1635921.783414: sys_nanosleep(rqtp: c00006bf10, rmtp: 0)
           <...>-975457  [000] ..... 1635921.783450: sys_nanosleep -> 0x0
           <...>-975457  [000] ..... 1635921.783457: sys_epoll_pwait(epfd: 5, events: c000217830, maxevents: 80, timeout: 0, sigmask: 0, sigsetsize: 0)
           <...>-975457  [000] ..... 1635921.783458: sys_epoll_pwait -> 0x0
           <...>-975457  [000] ..... 1635921.783461: sys_epoll_pwait(epfd: 5, events: c000217830, maxevents: 80, timeout: 3e7, sigmask: 0, sigsetsize: 0)
           <...>-975450  [002] ..... 1635921.783491: sys_nanosleep -> 0x0
           <...>-975450  [002] ..... 1635921.783493: sys_nanosleep(rqtp: c00006bf10, rmtp: 0)
             exe-975375  [002] ..... 1635921.783509: sys_nanosleep -> 0x0
             exe-975375  [002] ..... 1635921.783514: sys_nanosleep(rqtp: c000069f10, rmtp: 0)
           <...>-975450  [002] ..... 1635921.783594: sys_nanosleep -> 0x0
           <...>-975450  [002] ..... 1635921.783599: sys_nanosleep(rqtp: c00006bf10, rmtp: 0)
           <...>-975450  [002] ..... 1635921.783693: sys_nanosleep -> 0x0
           <...>-975450  [002] ..... 1635921.783696: sys_nanosleep(rqtp: c00006bf10, rmtp: 0)
             exe-975375  [002] ..... 1635921.783711: sys_nanosleep -> 0x0
             exe-975375  [002] ..... 1635921.783716: sys_nanosleep(rqtp: c000069f10, rmtp: 0)
           <...>-975450  [002] ..... 1635921.783796: sys_nanosleep -> 0x0
           <...>-975450  [002] ..... 1635921.783801: sys_nanosleep(rqtp: c00006bf10, rmtp: 0)
           <...>-975458  [003] ..... 1635921.783808: sys_futex(uaddr: c00005c548, op: 81, val: 1, utime: 0, uaddr2: 0, val3: 0)
           <...>-975458  [003] ..... 1635921.783821: sys_futex -> 0x1
           <...>-975458  [003] ..... 1635921.783868: sys_write(fd: c, buf: c0001af000, count: 56)
           <...>-975450  [002] ..... 1635921.783893: sys_nanosleep -> 0x0
           <...>-975450  [002] ..... 1635921.783896: sys_nanosleep(rqtp: c00006bf10, rmtp: 0)
           <...>-975458  [003] ..... 1635921.783896: sys_write -> 0x56
           <...>-975458  [003] ..... 1635921.783903: sys_futex(uaddr: c00005d948, op: 80, val: 0, utime: 0, uaddr2: 0, val3: 0)
           <...>-44358   [000] ..... 1635921.783929: sys_epoll_pwait -> 0x1
           <...>-44358   [000] ..... 1635921.783966: sys_futex(uaddr: 55b2b17da318, op: 81, val: 1, utime: 0, uaddr2: 0, val3: 0)
           <...>-44358   [000] ..... 1635921.783975: sys_futex -> 0x1
           <...>-44358   [000] ..... 1635921.783978: sys_read(fd: 64, buf: c00094a000, count: 1000)
           <...>-975450  [002] ..... 1635921.783982: sys_nanosleep -> 0x0
           <...>-975450  [002] ..... 1635921.783985: sys_futex(uaddr: 145a1e0, op: 80, val: 0, utime: c00006beb0, uaddr2: 0, val3: 0)
           <...>-44358   [000] ..... 1635921.784004: sys_read -> 0x56
           <...>-44358   [000] ..... 1635921.784082: sys_futex(uaddr: c000101548, op: 81, val: 1, utime: 0, uaddr2: 0, val3: 0)
           <...>-44358   [000] ..... 1635921.784089: sys_futex -> 0x1
           <...>-44358   [000] ..... 1635921.784113: sys_read(fd: 64, buf: c00094a000, count: 1000)
           <...>-44358   [000] ..... 1635921.784116: sys_read -> 0xfffffffffffffff5
             exe-975375  [002] ..... 1635921.784130: sys_nanosleep -> 0x0
             exe-975375  [002] ..... 1635921.784136: sys_nanosleep(rqtp: c000069f10, rmtp: 0)
           <...>-44358   [000] ..... 1635921.784289: sys_write(fd: 24, buf: c00107e000, count: 94)
           <...>-44358   [000] ..... 1635921.784335: sys_write -> 0x94
           <...>-44358   [000] ..... 1635921.784340: sys_epoll_pwait(epfd: 4, events: 7f1f1effc700, maxevents: 80, timeout: 0, sigmask: 0, sigsetsize: 18f63d)
           <...>-44358   [000] ..... 1635921.784341: sys_epoll_pwait -> 0x0
           <...>-44358   [000] ..... 1635921.784344: sys_epoll_pwait(epfd: 4, events: 7f1f1effc700, maxevents: 80, timeout: 4, sigmask: 0, sigsetsize: 18f63d)
           <...>-43704   [002] ..... 1635921.784654: sys_futex -> 0x0
           <...>-43704   [002] ..... 1635921.784705: sys_epoll_pwait(epfd: 5, events: c000059920, maxevents: 80, timeout: 0, sigmask: 0, sigsetsize: 18f63d)
           <...>-43704   [002] ..... 1635921.784708: sys_epoll_pwait -> 0x0
           <...>-43704   [002] ..... 1635921.784730: sys_nanosleep(rqtp: c000059f10, rmtp: 0)
           <...>-43704   [002] ..... 1635921.784842: sys_nanosleep -> 0x0
           <...>-43704   [002] ..... 1635921.784845: sys_nanosleep(rqtp: c000059f10, rmtp: 0)
             exe-975375  [002] ..... 1635921.784863: sys_nanosleep -> 0x0
             exe-975375  [002] ..... 1635921.784870: sys_nanosleep(rqtp: c000069f10, rmtp: 0)
           <...>-43704   [002] ..... 1635921.784961: sys_nanosleep -> 0x0
           <...>-43704   [002] ..... 1635921.784967: sys_nanosleep(rqtp: c000059f10, rmtp: 0)
           <...>-43704   [002] ..... 1635921.785074: sys_nanosleep -> 0x0
           <...>-43704   [002] ..... 1635921.785077: sys_nanosleep(rqtp: c000059f10, rmtp: 0)
           <...>-43704   [002] ..... 1635921.785171: sys_nanosleep -> 0x0
           <...>-43704   [002] ..... 1635921.785174: sys_nanosleep(rqtp: c000059f10, rmtp: 0)
           <...>-45964   [003] ..... 1635921.785216: sys_futex -> 0x0
           <...>-45964   [003] ..... 1635921.785249: sys_epoll_pwait(epfd: 5, events: c000191858, maxevents: 80, timeout: 0, sigmask: 0, sigsetsize: 0)
           <...>-45964   [003] ..... 1635921.785252: sys_epoll_pwait -> 0x0
           <...>-43704   [002] ..... 1635921.785260: sys_nanosleep -> 0x0
           <...>-43704   [002] ..... 1635921.785262: sys_nanosleep(rqtp: c000059f10, rmtp: 0)
           <...>-45964   [003] ..... 1635921.785265: sys_epoll_pwait(epfd: 5, events: c000191858, maxevents: 80, timeout: 3553, sigmask: 0, sigsetsize: 18f63d)
           <...>-43716   [003] ..... 1635921.785338: sys_futex -> 0x0
           <...>-43704   [002] ..... 1635921.785348: sys_nanosleep -> 0x0
           <...>-43704   [002] ..... 1635921.785350: sys_nanosleep(rqtp: c000059f10, rmtp: 0)
           <...>-43716   [003] ..... 1635921.785354: sys_futex(uaddr: c00004b148, op: 80, val: 0, utime: 0, uaddr2: 0, val3: 0)
           <...>-43704   [002] ..... 1635921.785435: sys_nanosleep -> 0x0
           <...>-43704   [002] ..... 1635921.785971: sys_nanosleep(rqtp: c000059f10, rmtp: 0)
           <...>-43704   [002] ..... 1635921.786052: sys_nanosleep -> 0x0
           <...>-43704   [002] ..... 1635921.786053: sys_nanosleep(rqtp: c000059f10, rmtp: 0)
           <...>-43704   [002] ..... 1635921.786132: sys_nanosleep -> 0x0
           <...>-43704   [002] ..... 1635921.786133: sys_nanosleep(rqtp: c000059f10, rmtp: 0)
           <...>-975457  [002] ..... 1635921.786210: sys_epoll_pwait -> 0x1
           <...>-975457  [002] ..... 1635921.786216: sys_epoll_pwait(epfd: 5, events: c000217830, maxevents: 80, timeout: 0, sigmask: 0, sigsetsize: 0)
           <...>-975457  [002] ..... 1635921.786217: sys_epoll_pwait -> 0x0
           <...>-975457  [002] ..... 1635921.786220: sys_epoll_pwait(epfd: 5, events: c000217830, maxevents: 80, timeout: 3e5, sigmask: 0, sigsetsize: 0)
           <...>-43704   [002] ..... 1635921.786227: sys_nanosleep -> 0x0
           <...>-43704   [002] ..... 1635921.786230: sys_nanosleep(rqtp: c000059f10, rmtp: 0)
             exe-975375  [002] ..... 1635921.786242: sys_nanosleep -> 0x0
             exe-975375  [002] ..... 1635921.786246: sys_nanosleep(rqtp: c000069f10, rmtp: 0)
           <...>-44358   [001] ..... 1635921.786273: sys_epoll_pwait -> 0x1
           <...>-44358   [001] ..... 1635921.786282: sys_epoll_pwait(epfd: 4, events: 7f1f1effc700, maxevents: 80, timeout: 0, sigmask: 0, sigsetsize: 18f63d)
           <...>-44358   [001] ..... 1635921.786284: sys_epoll_pwait -> 0x0
           <...>-44358   [001] ..... 1635921.786288: sys_epoll_pwait(epfd: 4, events: 7f1f1effc700, maxevents: 80, timeout: 3, sigmask: 0, sigsetsize: 18f63d)
           <...>-43704   [002] ..... 1635921.786319: sys_nanosleep -> 0x0
           <...>-43704   [002] ..... 1635921.786323: sys_nanosleep(rqtp: c000059f10, rmtp: 0)
           <...>-43716   [003] ..... 1635921.786369: sys_futex -> 0x0
           <...>-43716   [003] ..... 1635921.786387: sys_futex(uaddr: c000300548, op: 81, val: 1, utime: 0, uaddr2: 0, val3: 0)
           <...>-43704   [002] ..... 1635921.786405: sys_nanosleep -> 0x0
           <...>-43704   [002] ..... 1635921.786407: sys_nanosleep(rqtp: c000059f10, rmtp: 0)
           <...>-43716   [003] ..... 1635921.786412: sys_futex -> 0x1
           <...>-120020  [002] ..... 1635921.786418: sys_futex -> 0x0
           <...>-120020  [002] ..... 1635921.786444: sys_futex(uaddr: c00004a548, op: 81, val: 1, utime: 0, uaddr2: 0, val3: 0)
           <...>-120020  [002] ..... 1635921.786460: sys_futex -> 0x1
           <...>-120020  [002] ..... 1635921.786536: sys_openat(dfd: ffffffffffffff9c, filename: c0003185a0, flags: 80000, mode: 0)
           <...>-43716   [003] ..... 1635921.786537: sys_openat(dfd: ffffffffffffff9c, filename: c0002a90e0, flags: 80000, mode: 0)
           <...>-120020  [002] ..... 1635921.786577: sys_openat -> 0x1a
           <...>-43716   [003] ..... 1635921.786590: sys_openat -> 0x1b
           <...>-120020  [002] ..... 1635921.786600: sys_epoll_ctl(epfd: 5, op: 1, fd: 1a, event: c000099b6c)
           <...>-120020  [002] ..... 1635921.786621: sys_epoll_ctl -> 0x0
           <...>-120020  [002] ..... 1635921.786623: sys_fcntl(fd: 1a, cmd: 3, arg: 0)
           <...>-120020  [002] ..... 1635921.786624: sys_fcntl -> 0x8000
           <...>-120020  [002] ..... 1635921.786625: sys_fcntl(fd: 1a, cmd: 4, arg: 8800)
           <...>-120020  [002] ..... 1635921.786625: sys_fcntl -> 0x0
           <...>-43716   [003] ..... 1635921.786679: sys_epoll_ctl(epfd: 5, op: 1, fd: 1b, event: c00009dc54)
           <...>-43716   [003] ..... 1635921.786687: sys_epoll_ctl -> 0x0
           <...>-43716   [003] ..... 1635921.786690: sys_fcntl(fd: 1b, cmd: 3, arg: 0)
           <...>-43716   [003] ..... 1635921.786691: sys_fcntl -> 0x8000
           <...>-120020  [002] ..... 1635921.786691: sys_read(fd: 1a, buf: c00031d000, count: 1000)
           <...>-43716   [003] ..... 1635921.786693: sys_fcntl(fd: 1b, cmd: 4, arg: 8800)
           <...>-43716   [003] ..... 1635921.786694: sys_fcntl -> 0x0
           <...>-43716   [003] ..... 1635921.786700: sys_newfstat(fd: 1b, statbuf: c0002b6fa8)
           <...>-43716   [003] ..... 1635921.786703: sys_newfstat -> 0x0
           <...>-43716   [003] ..... 1635921.786733: sys_read(fd: 1b, buf: c0002ce000, count: 200)
           <...>-43716   [003] ..... 1635921.786746: sys_read -> 0x2
           <...>-43716   [003] ..... 1635921.786748: sys_read(fd: 1b, buf: c0002ce002, count: 1fe)
           <...>-43716   [003] ..... 1635921.786749: sys_read -> 0x0
           <...>-43716   [003] ..... 1635921.786752: sys_epoll_ctl(epfd: 5, op: 2, fd: 1b, event: c00009dc64)
           <...>-43716   [003] ..... 1635921.786756: sys_epoll_ctl -> 0x0
           <...>-43716   [003] ..... 1635921.786758: sys_close(fd: 1b)
           <...>-43716   [003] ..... 1635921.786759: sys_close -> 0x0
           <...>-120020  [002] ..... 1635921.786774: sys_read -> 0x2b4
           <...>-43716   [003] ..... 1635921.786785: sys_openat(dfd: ffffffffffffff9c, filename: c0002bfc00, flags: 80000, mode: 0)
           <...>-43716   [003] ..... 1635921.786803: sys_openat -> 0x1c
           <...>-43716   [003] ..... 1635921.786807: sys_epoll_ctl(epfd: 5, op: 1, fd: 1c, event: c00009dc84)
           <...>-43716   [003] ..... 1635921.786809: sys_epoll_ctl -> 0x0
           <...>-43716   [003] ..... 1635921.786811: sys_fcntl(fd: 1c, cmd: 3, arg: 0)
           <...>-43716   [003] ..... 1635921.786812: sys_fcntl -> 0x8000
           <...>-43716   [003] ..... 1635921.786813: sys_fcntl(fd: 1c, cmd: 4, arg: 8800)
           <...>-43716   [003] ..... 1635921.786814: sys_fcntl -> 0x0
           <...>-43716   [003] ..... 1635921.786817: sys_newfstat(fd: 1c, statbuf: c0002b7078)
           <...>-43716   [003] ..... 1635921.786819: sys_newfstat -> 0x0
           <...>-43716   [003] ..... 1635921.786821: sys_read(fd: 1c, buf: c0002ce200, count: 200)
           <...>-43716   [003] ..... 1635921.786827: sys_read -> 0x5
           <...>-43716   [003] ..... 1635921.786829: sys_read(fd: 1c, buf: c0002ce205, count: 1fb)
           <...>-43716   [003] ..... 1635921.786830: sys_read -> 0x0
           <...>-43716   [003] ..... 1635921.786832: sys_epoll_ctl(epfd: 5, op: 2, fd: 1c, event: c00009dc94)
           <...>-43716   [003] ..... 1635921.786834: sys_epoll_ctl -> 0x0
           <...>-43716   [003] ..... 1635921.786836: sys_close(fd: 1c)
           <...>-43716   [003] ..... 1635921.786837: sys_close -> 0x0
           <...>-120020  [002] ..... 1635921.786882: sys_read(fd: 1a, buf: c00031d2b4, count: d4c)
           <...>-120020  [002] ..... 1635921.786884: sys_read -> 0x0
           <...>-120020  [002] ..... 1635921.786907: sys_openat(dfd: ffffffffffffff9c, filename: c000318780, flags: 80000, mode: 0)
           <...>-120020  [002] ..... 1635921.786922: sys_openat -> 0x1c
           <...>-120020  [002] ..... 1635921.786925: sys_epoll_ctl(epfd: 5, op: 1, fd: 1c, event: c000099b6c)
           <...>-120020  [002] ..... 1635921.786928: sys_epoll_ctl -> 0x0
           <...>-120020  [002] ..... 1635921.786930: sys_fcntl(fd: 1c, cmd: 3, arg: 0)
           <...>-120020  [002] ..... 1635921.786930: sys_fcntl -> 0x8000
           <...>-120020  [002] ..... 1635921.786931: sys_fcntl(fd: 1c, cmd: 4, arg: 8800)
           <...>-120020  [002] ..... 1635921.786932: sys_fcntl -> 0x0
           <...>-120020  [002] ..... 1635921.786960: sys_read(fd: 1c, buf: c000320000, count: 1000)
           <...>-120020  [002] ..... 1635921.786965: sys_read -> 0x2a
           <...>-120020  [002] ..... 1635921.786969: sys_read(fd: 1c, buf: c00032002a, count: fd6)
           <...>-120020  [002] ..... 1635921.786969: sys_read -> 0x0
           <...>-43716   [003] ..... 1635921.786980: sys_newfstatat(dfd: ffffffffffffff9c, filename: c0002b9400, statbuf: c0002b7148, flag: 100)
           <...>-120020  [002] ..... 1635921.786989: sys_openat(dfd: ffffffffffffff9c, filename: c000318960, flags: 80000, mode: 0)
           <...>-43716   [003] ..... 1635921.786998: sys_newfstatat -> 0xfffffffffffffffe
           <...>-120020  [002] ..... 1635921.787004: sys_openat -> 0x1d
           <...>-43716   [003] ..... 1635921.787009: sys_openat(dfd: ffffffffffffff9c, filename: c0000283c0, flags: 80000, mode: 0)
           <...>-120020  [002] ..... 1635921.787011: sys_epoll_ctl(epfd: 5, op: 1, fd: 1d, event: c000099a5c)
           <...>-120020  [002] ..... 1635921.787013: sys_epoll_ctl -> 0x0
           <...>-120020  [002] ..... 1635921.787015: sys_fcntl(fd: 1d, cmd: 3, arg: 0)
           <...>-120020  [002] ..... 1635921.787015: sys_fcntl -> 0x8000
           <...>-120020  [002] ..... 1635921.787016: sys_fcntl(fd: 1d, cmd: 4, arg: 8800)
           <...>-120020  [002] ..... 1635921.787016: sys_fcntl -> 0x0
           <...>-120020  [002] ..... 1635921.787019: sys_newfstat(fd: 1d, statbuf: c00020e6b8)
           <...>-43716   [003] ..... 1635921.787019: sys_openat -> 0x1e
           <...>-120020  [002] ..... 1635921.787021: sys_newfstat -> 0x0
           <...>-43716   [003] ..... 1635921.787022: sys_epoll_ctl(epfd: 5, op: 1, fd: 1e, event: c00009dc1c)
           <...>-43716   [003] ..... 1635921.787025: sys_epoll_ctl -> 0x0
           <...>-43716   [003] ..... 1635921.787027: sys_fcntl(fd: 1e, cmd: 3, arg: 0)
           <...>-43716   [003] ..... 1635921.787028: sys_fcntl -> 0x8000
           <...>-120020  [002] ..... 1635921.787028: sys_read(fd: 1d, buf: c000153000, count: 200)
           <...>-43716   [003] ..... 1635921.787029: sys_fcntl(fd: 1e, cmd: 4, arg: 8800)
           <...>-43716   [003] ..... 1635921.787030: sys_fcntl -> 0x0
           <...>-120020  [002] ..... 1635921.787032: sys_read -> 0x9
           <...>-120020  [002] ..... 1635921.787034: sys_read(fd: 1d, buf: c000153009, count: 1f7)
           <...>-120020  [002] ..... 1635921.787034: sys_read -> 0x0
           <...>-120020  [002] ..... 1635921.787036: sys_epoll_ctl(epfd: 5, op: 2, fd: 1d, event: c000099a6c)
           <...>-120020  [002] ..... 1635921.787038: sys_epoll_ctl -> 0x0
           <...>-120020  [002] ..... 1635921.787039: sys_close(fd: 1d)
           <...>-120020  [002] ..... 1635921.787040: sys_close -> 0x0
           <...>-43716   [003] ..... 1635921.787048: sys_read(fd: 1e, buf: c0002ab000, count: 1000)
           <...>-120020  [002] ..... 1635921.787054: sys_openat(dfd: ffffffffffffff9c, filename: c000103000, flags: 80000, mode: 0)
           <...>-120020  [002] ..... 1635921.787064: sys_openat -> 0x1b
           <...>-120020  [002] ..... 1635921.787066: sys_epoll_ctl(epfd: 5, op: 1, fd: 1b, event: c000099a5c)
           <...>-120020  [002] ..... 1635921.787068: sys_epoll_ctl -> 0x0
           <...>-120020  [002] ..... 1635921.787069: sys_fcntl(fd: 1b, cmd: 3, arg: 0)
           <...>-120020  [002] ..... 1635921.787070: sys_fcntl -> 0x8000
           <...>-120020  [002] ..... 1635921.787071: sys_fcntl(fd: 1b, cmd: 4, arg: 8800)
           <...>-120020  [002] ..... 1635921.787071: sys_fcntl -> 0x0
           <...>-120020  [002] ..... 1635921.787073: sys_newfstat(fd: 1b, statbuf: c00020e858)
           <...>-120020  [002] ..... 1635921.787074: sys_newfstat -> 0x0
           <...>-120020  [002] ..... 1635921.787075: sys_read(fd: 1b, buf: c000153200, count: 200)
           <...>-120020  [002] ..... 1635921.787078: sys_read -> 0x9
           <...>-120020  [002] ..... 1635921.787079: sys_read(fd: 1b, buf: c000153209, count: 1f7)
           <...>-120020  [002] ..... 1635921.787080: sys_read -> 0x0
           <...>-120020  [002] ..... 1635921.787081: sys_epoll_ctl(epfd: 5, op: 2, fd: 1b, event: c000099a6c)
           <...>-120020  [002] ..... 1635921.787082: sys_epoll_ctl -> 0x0
           <...>-120020  [002] ..... 1635921.787083: sys_close(fd: 1b)
           <...>-120020  [002] ..... 1635921.787083: sys_close -> 0x0
           <...>-120020  [002] ..... 1635921.787090: sys_openat(dfd: ffffffffffffff9c, filename: c000318c30, flags: 80000, mode: 0)
           <...>-120020  [002] ..... 1635921.787098: sys_openat -> 0x1b
           <...>-120020  [002] ..... 1635921.787099: sys_epoll_ctl(epfd: 5, op: 1, fd: 1b, event: c000099a5c)
           <...>-120020  [002] ..... 1635921.787101: sys_epoll_ctl -> 0x0
           <...>-120020  [002] ..... 1635921.787102: sys_fcntl(fd: 1b, cmd: 3, arg: 0)
           <...>-120020  [002] ..... 1635921.787103: sys_fcntl -> 0x8000
           <...>-43716   [003] ..... 1635921.787103: sys_read -> 0x267
           <...>-120020  [002] ..... 1635921.787103: sys_fcntl(fd: 1b, cmd: 4, arg: 8800)
           <...>-120020  [002] ..... 1635921.787104: sys_fcntl -> 0x0
           <...>-120020  [002] ..... 1635921.787106: sys_newfstat(fd: 1b, statbuf: c00020e9f8)
           <...>-120020  [002] ..... 1635921.787106: sys_newfstat -> 0x0
           <...>-120020  [002] ..... 1635921.787108: sys_read(fd: 1b, buf: c000153400, count: 200)
           <...>-120020  [002] ..... 1635921.787110: sys_read -> 0x2
           <...>-120020  [002] ..... 1635921.787111: sys_read(fd: 1b, buf: c000153402, count: 1fe)
           <...>-120020  [002] ..... 1635921.787111: sys_read -> 0x0
           <...>-120020  [002] ..... 1635921.787112: sys_epoll_ctl(epfd: 5, op: 2, fd: 1b, event: c000099a6c)
           <...>-120020  [002] ..... 1635921.787114: sys_epoll_ctl -> 0x0
           <...>-120020  [002] ..... 1635921.787115: sys_close(fd: 1b)
           <...>-120020  [002] ..... 1635921.787115: sys_close -> 0x0
           <...>-120020  [002] ..... 1635921.787121: sys_openat(dfd: ffffffffffffff9c, filename: c000318e10, flags: 80000, mode: 0)
           <...>-120020  [002] ..... 1635921.787128: sys_openat -> 0x1b
           <...>-120020  [002] ..... 1635921.787129: sys_epoll_ctl(epfd: 5, op: 1, fd: 1b, event: c000099a5c)
           <...>-120020  [002] ..... 1635921.787131: sys_epoll_ctl -> 0x0
           <...>-120020  [002] ..... 1635921.787132: sys_fcntl(fd: 1b, cmd: 3, arg: 0)
           <...>-120020  [002] ..... 1635921.787132: sys_fcntl -> 0x8000
           <...>-120020  [002] ..... 1635921.787133: sys_fcntl(fd: 1b, cmd: 4, arg: 8800)
           <...>-120020  [002] ..... 1635921.787133: sys_fcntl -> 0x0
           <...>-120020  [002] ..... 1635921.787135: sys_newfstat(fd: 1b, statbuf: c00020eac8)
           <...>-120020  [002] ..... 1635921.787136: sys_newfstat -> 0x0
           <...>-120020  [002] ..... 1635921.787137: sys_read(fd: 1b, buf: c000153600, count: 200)
           <...>-120020  [002] ..... 1635921.787139: sys_read -> 0x14
           <...>-120020  [002] ..... 1635921.787141: sys_read(fd: 1b, buf: c000153614, count: 1ec)
           <...>-120020  [002] ..... 1635921.787141: sys_read -> 0x0
           <...>-120020  [002] ..... 1635921.787142: sys_epoll_ctl(epfd: 5, op: 2, fd: 1b, event: c000099a6c)
           <...>-120020  [002] ..... 1635921.787143: sys_epoll_ctl -> 0x0
           <...>-120020  [002] ..... 1635921.787144: sys_close(fd: 1b)
           <...>-120020  [002] ..... 1635921.787144: sys_close -> 0x0
           <...>-120020  [002] ..... 1635921.787151: sys_openat(dfd: ffffffffffffff9c, filename: c000103200, flags: 80000, mode: 0)
           <...>-120020  [002] ..... 1635921.787159: sys_openat -> 0x1d
           <...>-120020  [002] ..... 1635921.787161: sys_epoll_ctl(epfd: 5, op: 1, fd: 1d, event: c000099a5c)
           <...>-120020  [002] ..... 1635921.787162: sys_epoll_ctl -> 0x0
           <...>-120020  [002] ..... 1635921.787163: sys_fcntl(fd: 1d, cmd: 3, arg: 0)
           <...>-120020  [002] ..... 1635921.787164: sys_fcntl -> 0x8000
           <...>-120020  [002] ..... 1635921.787165: sys_fcntl(fd: 1d, cmd: 4, arg: 8800)
           <...>-120020  [002] ..... 1635921.787165: sys_fcntl -> 0x0
           <...>-120020  [002] ..... 1635921.787166: sys_newfstat(fd: 1d, statbuf: c00020ed38)
           <...>-120020  [002] ..... 1635921.787167: sys_newfstat -> 0x0
           <...>-120020  [002] ..... 1635921.787168: sys_read(fd: 1d, buf: c000153800, count: 200)
           <...>-120020  [002] ..... 1635921.787170: sys_read -> 0x9
           <...>-120020  [002] ..... 1635921.787172: sys_read(fd: 1d, buf: c000153809, count: 1f7)
           <...>-120020  [002] ..... 1635921.787172: sys_read -> 0x0
           <...>-120020  [002] ..... 1635921.787173: sys_epoll_ctl(epfd: 5, op: 2, fd: 1d, event: c000099a6c)
           <...>-120020  [002] ..... 1635921.787174: sys_epoll_ctl -> 0x0
