             exe-1050276 [001] ..... 1635982.351792: sys_recvmmsg -> 0xffffffffffffffea
             exe-1050233 [001] ..... 1635982.351809: sys_wait4(upid: 1006a4, stat_addr: c008aa3bf4, options: 40000002, ru: 0)
             exe-1050233 [001] ..... 1635982.351812: sys_wait4 -> 0x1006a4
             exe-1050233 [001] ..... 1635982.351814: sys_ptrace(request: 4204, pid: 1006a4, addr: 1, data: c008aa3c70)
             exe-1050233 [001] ..... 1635982.351818: sys_ptrace -> 0x0
             exe-1050233 [001] ..... 1635982.351819: sys_ptrace(request: 4204, pid: 1006a4, addr: 202, data: c008aa3c70)
             exe-1050233 [001] ..... 1635982.351821: sys_ptrace -> 0x0
             exe-1050233 [001] ..... 1635982.351830: sys_pwrite64(fd: 63, buf: 7fd66edcc080, count: 4c, pos: 4e)
             exe-1050233 [001] ..... 1635982.351831: tracing_mark_write: recvmmsg(fd=327, mmsg=0x8, vlen=4096, flags=0xf, timeout=0x7fc3cf1f3000) end
             exe-1050233 [001] ..... 1635982.412904: tracing_mark_write: recvmmsg(fd=339, mmsg=0x7fc3cd900000, vlen=8, flags=0xf, timeout=0x7fc3cd200000) start
             exe-1050233 [001] ..... 1635982.412906: sys_pwrite64 -> 0x56
             exe-1050233 [001] ..... 1635982.412912: sys_ptrace(request: 4205, pid: 1006a4, addr: 1, data: c008aa3c70)
             exe-1050233 [001] ..... 1635982.412915: sys_ptrace -> 0x0
             exe-1050233 [001] ..... 1635982.412917: sys_ptrace(request: 4205, pid: 1006a4, addr: 202, data: c008aa3c70)
             exe-1050233 [001] ..... 1635982.412928: sys_ptrace -> 0x0
             exe-1050233 [001] ..... 1635982.412930: sys_ptrace(request: 1f, pid: 1006a4, addr: 0, data: 0)
             exe-1050233 [001] .N... 1635982.412937: sys_ptrace -> 0x0
             exe-1050276 [001] ..... 1635982.412948: sys_write -> 0x56
             exe-1049673 [002] ..... 1635982.412956: sys_nanosleep -> 0x0
             exe-1049673 [002] ..... 1635982.412962: sys_nanosleep(rqtp: c000069f10, rmtp: 0)
             exe-1050233 [001] ..... 1635982.412992: sys_wait4(upid: 1006a4, stat_addr: c008aa3bf4, options: 40000002, ru: 0)
             exe-1050233 [001] ..... 1635982.412995: sys_wait4 -> 0x1006a4
             exe-1049567 [002] ..... 1635982.412996: sys_nanosleep -> 0x0
             exe-1050233 [001] ..... 1635982.412998: sys_ptrace(request: 4204, pid: 1006a4, addr: 1, data: c008aa3c70)
             exe-1049567 [002] ..... 1635982.413001: sys_nanosleep(rqtp: c000069f10, rmtp: 0)
             exe-1050233 [001] ..... 1635982.413003: sys_ptrace -> 0x0
             exe-1050233 [001] ..... 1635982.413004: sys_ptrace(request: 4204, pid: 1006a4, addr: 202, data: c008aa3c70)
             exe-1050233 [001] ..... 1635982.413007: sys_ptrace -> 0x0
             exe-1050233 [001] ..... 1635982.413016: sys_ptrace(request: 4205, pid: 1006a4, addr: 1, data: c008aa3c70)
             exe-1050233 [001] ..... 1635982.413019: sys_ptrace -> 0x0
             exe-1050233 [001] ..... 1635982.413020: sys_ptrace(request: 4205, pid: 1006a4, addr: 202, data: c008aa3c70)
             exe-1050233 [001] ..... 1635982.413033: sys_ptrace -> 0x0
             exe-1050233 [001] ..... 1635982.413035: sys_ptrace(request: 1f, pid: 1006a4, addr: 0, data: 0)
             exe-1050233 [001] .N... 1635982.413043: sys_ptrace -> 0x0
             exe-1050276 [001] ..... 1635982.413054: sys_recvmmsg -> 0xffffffffffffffea
             exe-1049673 [002] ..... 1635982.413063: sys_nanosleep -> 0x0
             exe-1049673 [002] ..... 1635982.413069: sys_nanosleep(rqtp: c000069f10, rmtp: 0)
             exe-1050233 [001] ..... 1635982.413076: sys_wait4(upid: 1006a4, stat_addr: c008aa3bf4, options: 40000002, ru: 0)
             exe-1050233 [001] ..... 1635982.413079: sys_wait4 -> 0x1006a4
             exe-1050233 [001] ..... 1635982.413081: sys_ptrace(request: 4204, pid: 1006a4, addr: 1, data: c008aa3c70)
             exe-1050233 [001] ..... 1635982.413085: sys_ptrace -> 0x0
             exe-1050233 [001] ..... 1635982.413086: sys_ptrace(request: 4204, pid: 1006a4, addr: 202, data: c008aa3c70)
             exe-1050233 [001] ..... 1635982.413089: sys_ptrace -> 0x0
             exe-1049567 [002] ..... 1635982.413090: sys_nanosleep -> 0x0
             exe-1049567 [002] ..... 1635982.413094: sys_nanosleep(rqtp: c000069f10, rmtp: 0)
             exe-1050233 [001] ..... 1635982.413103: sys_pwrite64(fd: 63, buf: 7fd66edcc080, count: 54, pos: 56)
             exe-1050233 [001] ..... 1635982.413105: tracing_mark_write: recvmmsg(fd=339, mmsg=0x7fc3cd900000, vlen=8, flags=0xf, timeout=0x7fc3cd200000) end
             exe-1050233 [001] ..... 1635982.485193: tracing_mark_write: recvmmsg(fd=320, mmsg=0x0, vlen=0x4242, flags=0xf, timeout=0x1) start
             exe-1050233 [001] ..... 1635982.485194: sys_pwrite64 -> 0x45
             exe-1050233 [001] ..... 1635982.485200: sys_ptrace(request: 4205, pid: 1006a4, addr: 1, data: c008aa3c70)
             exe-1050233 [001] ..... 1635982.485202: sys_ptrace -> 0x0
             exe-1050233 [001] ..... 1635982.485204: sys_ptrace(request: 4205, pid: 1006a4, addr: 202, data: c008aa3c70)
             exe-1050233 [001] ..... 1635982.485211: sys_ptrace -> 0x0
             exe-1050233 [001] ..... 1635982.485213: sys_ptrace(request: 1f, pid: 1006a4, addr: 0, data: 0)
             exe-1050233 [001] ..... 1635982.485215: sys_ptrace -> 0x0
             exe-1050233 [001] ..... 1635982.485216: sys_wait4(upid: 1006a4, stat_addr: c008aa3bf4, options: 40000002, ru: 0)
             exe-1049673 [002] ..... 1635982.485254: sys_nanosleep -> 0x0
             exe-1050276 [003] ..... 1635982.485259: sys_write -> 0x45
             exe-1049673 [002] ..... 1635982.485260: sys_nanosleep(rqtp: c000069f10, rmtp: 0)
             exe-1049567 [002] ..... 1635982.485280: sys_nanosleep -> 0x0
             exe-1049567 [002] ..... 1635982.485285: sys_nanosleep(rqtp: c000069f10, rmtp: 0)
             exe-1050233 [001] ..... 1635982.485296: sys_wait4 -> 0x1006a4
             exe-1050233 [001] ..... 1635982.485300: sys_ptrace(request: 4204, pid: 1006a4, addr: 1, data: c008aa3c70)
             exe-1050233 [001] ..... 1635982.485303: sys_ptrace -> 0x0
             exe-1050233 [001] ..... 1635982.485305: sys_ptrace(request: 4204, pid: 1006a4, addr: 202, data: c008aa3c70)
             exe-1050233 [001] ..... 1635982.485307: sys_ptrace -> 0x0
             exe-1050233 [001] ..... 1635982.485312: sys_ptrace(request: 4205, pid: 1006a4, addr: 1, data: c008aa3c70)
             exe-1050233 [001] ..... 1635982.485314: sys_ptrace -> 0x0
             exe-1050233 [001] ..... 1635982.485316: sys_ptrace(request: 4205, pid: 1006a4, addr: 202, data: c008aa3c70)
             exe-1050233 [001] ..... 1635982.485323: sys_ptrace -> 0x0
             exe-1050233 [001] ..... 1635982.485324: sys_ptrace(request: 1f, pid: 1006a4, addr: 0, data: 0)
             exe-1050233 [001] ..... 1635982.485331: sys_ptrace -> 0x0
             exe-1050233 [001] ..... 1635982.485333: sys_wait4(upid: 1006a4, stat_addr: c008aa3bf4, options: 40000002, ru: 0)
             exe-1049673 [002] ..... 1635982.485367: sys_nanosleep -> 0x0
             exe-1049673 [002] ..... 1635982.485372: sys_nanosleep(rqtp: c000069f10, rmtp: 0)
             exe-1050276 [003] ..... 1635982.485375: sys_recvmmsg -> 0xffffffffffffffea
             exe-1049567 [002] ..... 1635982.485393: sys_nanosleep -> 0x0
             exe-1050233 [001] ..... 1635982.485393: sys_wait4 -> 0x1006a4
             exe-1050233 [001] ..... 1635982.485396: sys_ptrace(request: 4204, pid: 1006a4, addr: 1, data: c008aa3c70)
             exe-1049567 [002] ..... 1635982.485398: sys_nanosleep(rqtp: c000069f10, rmtp: 0)
             exe-1050233 [001] ..... 1635982.485398: sys_ptrace -> 0x0
             exe-1050233 [001] ..... 1635982.485400: sys_ptrace(request: 4204, pid: 1006a4, addr: 202, data: c008aa3c70)
             exe-1050233 [001] ..... 1635982.485402: sys_ptrace -> 0x0
             exe-1050233 [001] ..... 1635982.485407: sys_pwrite64(fd: 63, buf: 7fd66edcc080, count: 43, pos: 45)
             exe-1050233 [001] ..... 1635982.485408: tracing_mark_write: recvmmsg(fd=320, mmsg=0x0, vlen=0x4242, flags=0xf, timeout=0x1) end
             exe-1050233 [001] ..... 1635982.559052: tracing_mark_write: recvmmsg(fd=343, mmsg=0x1, vlen=1, flags=0x10, timeout=0x7fc3cf1f5000) start
             exe-1050233 [001] ..... 1635982.559053: sys_pwrite64 -> 0x4c
             exe-1050233 [001] ..... 1635982.559060: sys_ptrace(request: 4205, pid: 1006a4, addr: 1, data: c008aa3c70)
             exe-1050233 [001] ..... 1635982.559063: sys_ptrace -> 0x0
             exe-1050233 [001] ..... 1635982.559064: sys_ptrace(request: 4205, pid: 1006a4, addr: 202, data: c008aa3c70)
             exe-1050233 [001] ..... 1635982.559076: sys_ptrace -> 0x0
             exe-1050233 [001] ..... 1635982.559077: sys_ptrace(request: 1f, pid: 1006a4, addr: 0, data: 0)
             exe-1050233 [001] .N... 1635982.559085: sys_ptrace -> 0x0
             exe-1050276 [001] ..... 1635982.559096: sys_write -> 0x4c
             exe-1050233 [001] ..... 1635982.559115: sys_wait4(upid: 1006a4, stat_addr: c008aa3bf4, options: 40000002, ru: 0)
             exe-1050233 [001] ..... 1635982.559118: sys_wait4 -> 0x1006a4
             exe-1050233 [001] ..... 1635982.559120: sys_ptrace(request: 4204, pid: 1006a4, addr: 1, data: c008aa3c70)
             exe-1050233 [001] ..... 1635982.559124: sys_ptrace -> 0x0
             exe-1049567 [000] ..... 1635982.559124: sys_nanosleep -> 0x0
             exe-1050233 [001] ..... 1635982.559126: sys_ptrace(request: 4204, pid: 1006a4, addr: 202, data: c008aa3c70)
             exe-1049567 [000] ..... 1635982.559127: sys_nanosleep(rqtp: c000069f10, rmtp: 0)
             exe-1050233 [001] ..... 1635982.559129: sys_ptrace -> 0x0
             exe-1050233 [001] ..... 1635982.559135: sys_ptrace(request: 4205, pid: 1006a4, addr: 1, data: c008aa3c70)
             exe-1050233 [001] ..... 1635982.559138: sys_ptrace -> 0x0
             exe-1050233 [001] ..... 1635982.559140: sys_ptrace(request: 4205, pid: 1006a4, addr: 202, data: c008aa3c70)
             exe-1050233 [001] ..... 1635982.559149: sys_ptrace -> 0x0
             exe-1050233 [001] ..... 1635982.559151: sys_ptrace(request: 1f, pid: 1006a4, addr: 0, data: 0)
             exe-1050233 [001] .N... 1635982.559158: sys_ptrace -> 0x0
             exe-1050276 [001] ..... 1635982.559168: sys_recvmmsg -> 0xffffffffffffffea
             exe-1050233 [001] ..... 1635982.559187: sys_wait4(upid: 1006a4, stat_addr: c008aa3bf4, options: 40000002, ru: 0)
             exe-1050233 [001] ..... 1635982.559190: sys_wait4 -> 0x1006a4
             exe-1050233 [001] ..... 1635982.559192: sys_ptrace(request: 4204, pid: 1006a4, addr: 1, data: c008aa3c70)
             exe-1050233 [001] ..... 1635982.559196: sys_ptrace -> 0x0
             exe-1050233 [001] ..... 1635982.559198: sys_ptrace(request: 4204, pid: 1006a4, addr: 202, data: c008aa3c70)
             exe-1050233 [001] ..... 1635982.559200: sys_ptrace -> 0x0
             exe-1050233 [001] ..... 1635982.559209: sys_pwrite64(fd: 63, buf: 7fd66edcc080, count: 4a, pos: 4c)
             exe-1050233 [001] ..... 1635982.559211: tracing_mark_write: recvmmsg(fd=343, mmsg=0x1, vlen=1, flags=0x10, timeout=0x7fc3cf1f5000) end
             exe-1050233 [001] ..... 1635982.631983: tracing_mark_write: recvmmsg(fd=310, mmsg=0x7fc3cd200000, vlen=512, flags=0x10, timeout=0x7fc3cd200000) start
             exe-1050233 [001] ..... 1635982.631984: sys_pwrite64 -> 0x59
             exe-1050233 [001] ..... 1635982.631988: sys_ptrace(request: 4205, pid: 1006a4, addr: 1, data: c008aa3c70)
             exe-1050233 [001] ..... 1635982.631990: sys_ptrace -> 0x0
             exe-1050233 [001] ..... 1635982.631991: sys_ptrace(request: 4205, pid: 1006a4, addr: 202, data: c008aa3c70)
             exe-1050282 [002] ..... 1635982.631996: sys_nanosleep -> 0x0
             exe-1050233 [001] ..... 1635982.631999: sys_ptrace -> 0x0
             exe-1050233 [001] ..... 1635982.632000: sys_ptrace(request: 1f, pid: 1006a4, addr: 0, data: 0)
             exe-1050282 [002] ..... 1635982.632004: sys_futex(uaddr: c00097a548, op: 81, val: 1, utime: 0, uaddr2: 0, val3: 0)
             exe-1050233 [001] .N... 1635982.632005: sys_ptrace -> 0x0
             exe-1049673 [003] ..... 1635982.632010: sys_nanosleep -> 0x0
             exe-1050276 [001] ..... 1635982.632011: sys_write -> 0x59
             exe-1050282 [002] ..... 1635982.632015: sys_futex -> 0x1
             exe-1050233 [001] ..... 1635982.632023: sys_wait4(upid: 1006a4, stat_addr: c008aa3bf4, options: 40000002, ru: 0)
             exe-1050233 [001] ..... 1635982.632025: sys_wait4 -> 0x1006a4
             exe-1050233 [001] ..... 1635982.632026: sys_ptrace(request: 4204, pid: 1006a4, addr: 1, data: c008aa3c70)
             exe-1050233 [001] ..... 1635982.632028: sys_ptrace -> 0x0
             exe-1050233 [001] ..... 1635982.632030: sys_ptrace(request: 4204, pid: 1006a4, addr: 202, data: c008aa3c70)
             exe-1050282 [002] ..... 1635982.632030: sys_futex(uaddr: c0049c7148, op: 80, val: 0, utime: 0, uaddr2: 0, val3: 0)
             exe-1050233 [001] ..... 1635982.632032: sys_ptrace -> 0x0
           <...>-1049981 [003] ..... 1635982.632035: sys_futex -> 0x0
             exe-1050233 [001] ..... 1635982.632036: sys_ptrace(request: 4205, pid: 1006a4, addr: 1, data: c008aa3c70)
             exe-1050233 [001] ..... 1635982.632037: sys_ptrace -> 0x0
             exe-1050233 [001] ..... 1635982.632038: sys_ptrace(request: 4205, pid: 1006a4, addr: 202, data: c008aa3c70)
             exe-1050233 [001] ..... 1635982.632045: sys_ptrace -> 0x0
             exe-1050233 [001] ..... 1635982.632047: sys_ptrace(request: 1f, pid: 1006a4, addr: 0, data: 0)
           <...>-1049981 [003] ..... 1635982.632050: sys_futex(uaddr: c00097a548, op: 80, val: 0, utime: 0, uaddr2: 0, val3: 0)
             exe-1050233 [001] .N... 1635982.632051: sys_ptrace -> 0x0
             exe-1049567 [000] ..... 1635982.632056: sys_nanosleep -> 0x0
             exe-1050276 [001] ..... 1635982.632057: sys_recvmmsg -> 0xffffffffffffffea
             exe-1049567 [000] ..... 1635982.632059: sys_nanosleep(rqtp: c000069f10, rmtp: 0)
             exe-1050233 [001] ..... 1635982.632068: sys_wait4(upid: 1006a4, stat_addr: c008aa3bf4, options: 40000002, ru: 0)
             exe-1050233 [001] ..... 1635982.632069: sys_wait4 -> 0x1006a4
             exe-1050233 [001] ..... 1635982.632071: sys_ptrace(request: 4204, pid: 1006a4, addr: 1, data: c008aa3c70)
             exe-1050233 [001] ..... 1635982.632073: sys_ptrace -> 0x0
             exe-1050233 [001] ..... 1635982.632074: sys_ptrace(request: 4204, pid: 1006a4, addr: 202, data: c008aa3c70)
             exe-1050233 [001] ..... 1635982.632075: sys_ptrace -> 0x0
             exe-1050233 [001] ..... 1635982.632082: sys_pwrite64(fd: 63, buf: 7fd66edcc080, count: 57, pos: 59)
             exe-1050233 [001] ..... 1635982.632083: tracing_mark_write: recvmmsg(fd=310, mmsg=0x7fc3cd200000, vlen=512, flags=0x10, timeout=0x7fc3cd200000) end
             exe-1050233 [001] ..... 1635982.704449: tracing_mark_write: recvmmsg(fd=336, mmsg=0x7fc3cd400000, vlen=4096, flags=0x10, timeout=0x7fc3cf1f0000) start
             exe-1050233 [001] ..... 1635982.704450: sys_pwrite64 -> 0x5a
             exe-1050233 [001] ..... 1635982.704457: sys_ptrace(request: 4205, pid: 1006a4, addr: 1, data: c008aa3c70)
             exe-1050233 [001] ..... 1635982.704460: sys_ptrace -> 0x0
             exe-1050233 [001] ..... 1635982.704461: sys_ptrace(request: 4205, pid: 1006a4, addr: 202, data: c008aa3c70)
             exe-1050233 [001] ..... 1635982.704472: sys_ptrace -> 0x0
             exe-1049673 [003] ..... 1635982.704472: sys_nanosleep -> 0x0
             exe-1050233 [001] ..... 1635982.704474: sys_ptrace(request: 1f, pid: 1006a4, addr: 0, data: 0)
             exe-1049673 [003] ..... 1635982.704477: sys_nanosleep(rqtp: c000069f10, rmtp: 0)
             exe-1050233 [001] .N... 1635982.704481: sys_ptrace -> 0x0
             exe-1050276 [001] ..... 1635982.704492: sys_write -> 0x5a
             exe-1050233 [001] ..... 1635982.704516: sys_wait4(upid: 1006a4, stat_addr: c008aa3bf4, options: 40000002, ru: 0)
             exe-1050233 [001] ..... 1635982.704519: sys_wait4 -> 0x1006a4
             exe-1050233 [001] ..... 1635982.704521: sys_ptrace(request: 4204, pid: 1006a4, addr: 1, data: c008aa3c70)
             exe-1050233 [001] ..... 1635982.704525: sys_ptrace -> 0x0
             exe-1050233 [001] ..... 1635982.704527: sys_ptrace(request: 4204, pid: 1006a4, addr: 202, data: c008aa3c70)
             exe-1050233 [001] ..... 1635982.704530: sys_ptrace -> 0x0
             exe-1050233 [001] ..... 1635982.704537: sys_ptrace(request: 4205, pid: 1006a4, addr: 1, data: c008aa3c70)
             exe-1050233 [001] ..... 1635982.704540: sys_ptrace -> 0x0
             exe-1050233 [001] ..... 1635982.704541: sys_ptrace(request: 4205, pid: 1006a4, addr: 202, data: c008aa3c70)
             exe-1050233 [001] ..... 1635982.704550: sys_ptrace -> 0x0
             exe-1050233 [001] ..... 1635982.704552: sys_ptrace(request: 1f, pid: 1006a4, addr: 0, data: 0)
             exe-1050233 [001] .N... 1635982.704558: sys_ptrace -> 0x0
             exe-1050276 [001] ..... 1635982.704569: sys_recvmmsg -> 0xffffffffffffffea
             exe-1049673 [003] ..... 1635982.704581: sys_nanosleep -> 0x0
             exe-1049673 [003] ..... 1635982.704586: sys_nanosleep(rqtp: c000069f10, rmtp: 0)
             exe-1050233 [001] ..... 1635982.704588: sys_wait4(upid: 1006a4, stat_addr: c008aa3bf4, options: 40000002, ru: 0)
             exe-1049567 [000] ..... 1635982.704590: sys_nanosleep -> 0x0
             exe-1050233 [001] ..... 1635982.704590: sys_wait4 -> 0x1006a4
             exe-1049567 [000] ..... 1635982.704592: sys_nanosleep(rqtp: c000069f10, rmtp: 0)
             exe-1050233 [001] ..... 1635982.704593: sys_ptrace(request: 4204, pid: 1006a4, addr: 1, data: c008aa3c70)
             exe-1050233 [001] ..... 1635982.704596: sys_ptrace -> 0x0
             exe-1050233 [001] ..... 1635982.704598: sys_ptrace(request: 4204, pid: 1006a4, addr: 202, data: c008aa3c70)
             exe-1050233 [001] ..... 1635982.704600: sys_ptrace -> 0x0
             exe-1050233 [001] ..... 1635982.704609: sys_pwrite64(fd: 63, buf: 7fd66edcc080, count: 58, pos: 5a)
             exe-1050233 [001] ..... 1635982.704611: tracing_mark_write: recvmmsg(fd=336, mmsg=0x7fc3cd400000, vlen=4096, flags=0x10, timeout=0x7fc3cf1f0000) end
             exe-1050233 [000] ..... 1635982.797862: tracing_mark_write: recvmmsg(fd=293, mmsg=0x7fc3cd600000, vlen=1, flags=0x10, timeout=0x7fc3cd800000) start
             exe-1050233 [000] ..... 1635982.797864: sys_pwrite64 -> 0x57
             exe-1050233 [000] ..... 1635982.797870: sys_ptrace(request: 4205, pid: 1006a4, addr: 1, data: c008aa3c70)
             exe-1050233 [000] ..... 1635982.797873: sys_ptrace -> 0x0
             exe-1050233 [000] ..... 1635982.797874: sys_ptrace(request: 4205, pid: 1006a4, addr: 202, data: c008aa3c70)
             exe-1050233 [000] ..... 1635982.797885: sys_ptrace -> 0x0
             exe-1050233 [000] ..... 1635982.797886: sys_ptrace(request: 1f, pid: 1006a4, addr: 0, data: 0)
             exe-1050233 [000] .N... 1635982.797893: sys_ptrace -> 0x0
             exe-1050276 [000] ..... 1635982.797904: sys_write -> 0x57
             exe-1049673 [003] ..... 1635982.797963: sys_nanosleep -> 0x0
             exe-1049673 [003] ..... 1635982.797969: sys_nanosleep(rqtp: c000069f10, rmtp: 0)
             exe-1050233 [000] ..... 1635982.797979: sys_wait4(upid: 1006a4, stat_addr: c008aa3bf4, options: 40000002, ru: 0)
             exe-1050233 [000] ..... 1635982.797982: sys_wait4 -> 0x1006a4
             exe-1050233 [000] ..... 1635982.797985: sys_ptrace(request: 4204, pid: 1006a4, addr: 1, data: c008aa3c70)
             exe-1050233 [000] ..... 1635982.797989: sys_ptrace -> 0x0
             exe-1050233 [000] ..... 1635982.797991: sys_ptrace(request: 4204, pid: 1006a4, addr: 202, data: c008aa3c70)
             exe-1050233 [000] ..... 1635982.797993: sys_ptrace -> 0x0
             exe-1050233 [000] ..... 1635982.798002: sys_ptrace(request: 4205, pid: 1006a4, addr: 1, data: c008aa3c70)
             exe-1050233 [000] ..... 1635982.798004: sys_ptrace -> 0x0
             exe-1050233 [000] ..... 1635982.798006: sys_ptrace(request: 4205, pid: 1006a4, addr: 202, data: c008aa3c70)
             exe-1050233 [000] ..... 1635982.798017: sys_ptrace -> 0x0
             exe-1050233 [000] ..... 1635982.798019: sys_ptrace(request: 1f, pid: 1006a4, addr: 0, data: 0)
             exe-1050233 [000] .N... 1635982.798026: sys_ptrace -> 0x0
             exe-1050276 [000] ..... 1635982.798038: sys_recvmmsg -> 0xffffffffffffffea
             exe-1050233 [000] ..... 1635982.798060: sys_wait4(upid: 1006a4, stat_addr: c008aa3bf4, options: 40000002, ru: 0)
             exe-1050233 [000] ..... 1635982.798063: sys_wait4 -> 0x1006a4
             exe-1050233 [000] ..... 1635982.798065: sys_ptrace(request: 4204, pid: 1006a4, addr: 1, data: c008aa3c70)
             exe-1050233 [000] ..... 1635982.798068: sys_ptrace -> 0x0
             exe-1050233 [000] ..... 1635982.798070: sys_ptrace(request: 4204, pid: 1006a4, addr: 202, data: c008aa3c70)
             exe-1049673 [003] ..... 1635982.798072: sys_nanosleep -> 0x0
             exe-1050233 [000] ..... 1635982.798072: sys_ptrace -> 0x0
             exe-1049673 [003] ..... 1635982.798077: sys_nanosleep(rqtp: c000069f10, rmtp: 0)
             exe-1050233 [000] ..... 1635982.798116: sys_pwrite64(fd: 63, buf: 7fd66edcc080, count: 55, pos: 57)
             exe-1050233 [000] ..... 1635982.798117: tracing_mark_write: recvmmsg(fd=293, mmsg=0x7fc3cd600000, vlen=1, flags=0x10, timeout=0x7fc3cd800000) end
             exe-1050289 [003] ..... 1635982.875529: tracing_mark_write: recvmmsg(fd=335, mmsg=0x8, vlen=4095, flags=0x10, timeout=0x7fc3cf1f4000) start
             exe-1050289 [003] ..... 1635982.875530: sys_pwrite64 -> 0x4f
             exe-1050289 [003] ..... 1635982.875564: sys_ptrace(request: 4205, pid: 10072d, addr: 1, data: c008aa3c70)
             exe-1050289 [003] ..... 1635982.875567: sys_ptrace -> 0x0
             exe-1050289 [003] ..... 1635982.875569: sys_ptrace(request: 4205, pid: 10072d, addr: 202, data: c008aa3c70)
             exe-1050289 [003] ..... 1635982.875580: sys_ptrace -> 0x0
             exe-1050289 [003] ..... 1635982.875582: sys_ptrace(request: 1f, pid: 10072d, addr: 0, data: 0)
             exe-1050289 [003] ..... 1635982.875593: sys_ptrace -> 0x0
             exe-1050289 [003] ..... 1635982.875595: sys_wait4(upid: 10072d, stat_addr: c008aa3bf4, options: 40000002, ru: 0)
             exe-1049673 [003] ..... 1635982.875609: sys_nanosleep -> 0x0
             exe-1049673 [003] ..... 1635982.875615: sys_nanosleep(rqtp: c000069f10, rmtp: 0)
             exe-1050413 [002] ..... 1635982.875628: sys_write -> 0x4f
             exe-1050289 [003] ..... 1635982.875658: sys_wait4 -> 0x10072d
             exe-1050289 [003] ..... 1635982.875664: sys_ptrace(request: 4204, pid: 10072d, addr: 1, data: c008aa3c70)
             exe-1050289 [003] ..... 1635982.875669: sys_ptrace -> 0x0
             exe-1050289 [003] ..... 1635982.875671: sys_ptrace(request: 4204, pid: 10072d, addr: 202, data: c008aa3c70)
             exe-1050289 [003] ..... 1635982.875673: sys_ptrace -> 0x0
             exe-1050289 [003] ..... 1635982.875681: sys_ptrace(request: 4205, pid: 10072d, addr: 1, data: c008aa3c70)
             exe-1050289 [003] ..... 1635982.875684: sys_ptrace -> 0x0
             exe-1050289 [003] ..... 1635982.875685: sys_ptrace(request: 4205, pid: 10072d, addr: 202, data: c008aa3c70)
             exe-1050289 [003] ..... 1635982.875721: sys_ptrace -> 0x0
             exe-1050289 [003] ..... 1635982.875723: sys_ptrace(request: 1f, pid: 10072d, addr: 0, data: 0)
             exe-1050289 [003] ..... 1635982.875735: sys_ptrace -> 0x0
             exe-1050289 [003] ..... 1635982.875737: sys_wait4(upid: 10072d, stat_addr: c008aa3bf4, options: 40000002, ru: 0)
             exe-1049673 [003] ..... 1635982.875750: sys_nanosleep -> 0x0
             exe-1050413 [002] ..... 1635982.875756: sys_recvmmsg -> 0xffffffffffffffea
             exe-1049673 [003] ..... 1635982.875756: sys_nanosleep(rqtp: c000069f10, rmtp: 0)
             exe-1050289 [003] ..... 1635982.875785: sys_wait4 -> 0x10072d
             exe-1050289 [003] ..... 1635982.875791: sys_ptrace(request: 4204, pid: 10072d, addr: 1, data: c008aa3c70)
             exe-1050289 [003] ..... 1635982.875795: sys_ptrace -> 0x0
             exe-1050289 [003] ..... 1635982.875797: sys_ptrace(request: 4204, pid: 10072d, addr: 202, data: c008aa3c70)
             exe-1050289 [003] ..... 1635982.875799: sys_ptrace -> 0x0
             exe-1050289 [003] ..... 1635982.875813: sys_pwrite64(fd: 63, buf: 7fd66edcc080, count: 4d, pos: 4f)
             exe-1050289 [003] ..... 1635982.875815: tracing_mark_write: recvmmsg(fd=335, mmsg=0x8, vlen=4095, flags=0x10, timeout=0x7fc3cf1f4000) end
             exe-1050289 [003] ..... 1635982.962592: tracing_mark_write: recvmmsg(fd=335, mmsg=0x7fc3cd400000, vlen=1, flags=0x10, timeout=0x7fc3cd400008) start
             exe-1050289 [003] ..... 1635982.962595: sys_pwrite64 -> 0x57
             exe-1050289 [003] ..... 1635982.962604: sys_ptrace(request: 4205, pid: 10072d, addr: 1, data: c008aa3c70)
             exe-1050289 [003] ..... 1635982.962608: sys_ptrace -> 0x0
             exe-1050289 [003] ..... 1635982.962609: sys_ptrace(request: 4205, pid: 10072d, addr: 202, data: c008aa3c70)
             exe-1050289 [003] ..... 1635982.962691: sys_ptrace -> 0x0
             exe-1050289 [003] ..... 1635982.962695: sys_ptrace(request: 1f, pid: 10072d, addr: 0, data: 0)
             exe-1050289 [003] .N... 1635982.962703: sys_ptrace -> 0x0
             exe-1050413 [003] ..... 1635982.962715: sys_write -> 0x57
             exe-1050289 [003] ..... 1635982.962738: sys_wait4(upid: 10072d, stat_addr: c008aa3bf4, options: 40000002, ru: 0)
             exe-1050289 [003] ..... 1635982.962740: sys_wait4 -> 0x10072d
             exe-1050289 [003] ..... 1635982.962811: sys_ptrace(request: 4204, pid: 10072d, addr: 1, data: c008aa3c70)
             exe-1050289 [003] ..... 1635982.962815: sys_ptrace -> 0x0
             exe-1050289 [003] ..... 1635982.962817: sys_ptrace(request: 4204, pid: 10072d, addr: 202, data: c008aa3c70)
             exe-1050289 [003] ..... 1635982.962820: sys_ptrace -> 0x0
             exe-1050289 [003] ..... 1635982.962828: sys_ptrace(request: 4205, pid: 10072d, addr: 1, data: c008aa3c70)
             exe-1050289 [003] ..... 1635982.962830: sys_ptrace -> 0x0
             exe-1050289 [003] ..... 1635982.962832: sys_ptrace(request: 4205, pid: 10072d, addr: 202, data: c008aa3c70)
             exe-1050289 [003] ..... 1635982.962843: sys_ptrace -> 0x0
             exe-1050289 [003] ..... 1635982.962845: sys_ptrace(request: 1f, pid: 10072d, addr: 0, data: 0)
             exe-1050289 [003] .N... 1635982.962851: sys_ptrace -> 0x0
             exe-1050413 [003] ..... 1635982.962950: sys_recvmmsg -> 0xffffffffffffffea
             exe-1050289 [003] ..... 1635982.962975: sys_wait4(upid: 10072d, stat_addr: c008aa3bf4, options: 40000002, ru: 0)
             exe-1050289 [003] ..... 1635982.962979: sys_wait4 -> 0x10072d
             exe-1050289 [003] ..... 1635982.962981: sys_ptrace(request: 4204, pid: 10072d, addr: 1, data: c008aa3c70)
             exe-1050289 [003] ..... 1635982.962986: sys_ptrace -> 0x0
             exe-1050289 [003] ..... 1635982.962988: sys_ptrace(request: 4204, pid: 10072d, addr: 202, data: c008aa3c70)
             exe-1050289 [003] ..... 1635982.962991: sys_ptrace -> 0x0
             exe-1050289 [003] ..... 1635982.963080: sys_pwrite64(fd: 63, buf: 7fd66edcc080, count: 55, pos: 57)
             exe-1050289 [003] ..... 1635982.963083: tracing_mark_write: recvmmsg(fd=335, mmsg=0x7fc3cd400000, vlen=1, flags=0x10, timeout=0x7fc3cd400008) end
             exe-1050289 [003] ..... 1635983.028186: tracing_mark_write: recvmmsg(fd=332, mmsg=0x0, vlen=0, flags=0x10, timeout=0x7fc3cd600000) start
             exe-1050289 [003] ..... 1635983.028188: sys_pwrite64 -> 0x4c
             exe-1050289 [003] ..... 1635983.028196: sys_ptrace(request: 4205, pid: 10072d, addr: 1, data: c008aa3c70)
             exe-1050289 [003] ..... 1635983.028199: sys_ptrace -> 0x0
             exe-1050289 [003] ..... 1635983.028201: sys_ptrace(request: 4205, pid: 10072d, addr: 202, data: c008aa3c70)
             exe-1050289 [003] ..... 1635983.028212: sys_ptrace -> 0x0
             exe-1050289 [003] ..... 1635983.028213: sys_ptrace(request: 1f, pid: 10072d, addr: 0, data: 0)
             exe-1050289 [003] .N... 1635983.028221: sys_ptrace -> 0x0
             exe-1050413 [003] ..... 1635983.028232: sys_write -> 0x4c
             exe-1050289 [003] ..... 1635983.028251: sys_wait4(upid: 10072d, stat_addr: c008aa3bf4, options: 40000002, ru: 0)
             exe-1050289 [003] ..... 1635983.028254: sys_wait4 -> 0x10072d
             exe-1050289 [003] ..... 1635983.028256: sys_ptrace(request: 4204, pid: 10072d, addr: 1, data: c008aa3c70)
             exe-1050289 [003] ..... 1635983.028260: sys_ptrace -> 0x0
             exe-1050289 [003] ..... 1635983.028261: sys_ptrace(request: 4204, pid: 10072d, addr: 202, data: c008aa3c70)
             exe-1050289 [003] ..... 1635983.028263: sys_ptrace -> 0x0
             exe-1050289 [003] ..... 1635983.028270: sys_ptrace(request: 4205, pid: 10072d, addr: 1, data: c008aa3c70)
             exe-1050289 [003] ..... 1635983.028272: sys_ptrace -> 0x0
             exe-1050289 [003] ..... 1635983.028274: sys_ptrace(request: 4205, pid: 10072d, addr: 202, data: c008aa3c70)
             exe-1050289 [003] ..... 1635983.028283: sys_ptrace -> 0x0
             exe-1050289 [003] ..... 1635983.028284: sys_ptrace(request: 1f, pid: 10072d, addr: 0, data: 0)
             exe-1050289 [003] .N... 1635983.028292: sys_ptrace -> 0x0
             exe-1050413 [003] ..... 1635983.028303: sys_recvmmsg -> 0xffffffffffffffea
             exe-1050289 [003] ..... 1635983.028321: sys_wait4(upid: 10072d, stat_addr: c008aa3bf4, options: 40000002, ru: 0)
             exe-1050289 [003] ..... 1635983.028324: sys_wait4 -> 0x10072d
             exe-1050289 [003] ..... 1635983.028326: sys_ptrace(request: 4204, pid: 10072d, addr: 1, data: c008aa3c70)
             exe-1050289 [003] ..... 1635983.028330: sys_ptrace -> 0x0
             exe-1050289 [003] ..... 1635983.028331: sys_ptrace(request: 4204, pid: 10072d, addr: 202, data: c008aa3c70)
             exe-1050289 [003] ..... 1635983.028334: sys_ptrace -> 0x0
             exe-1050289 [003] ..... 1635983.028342: sys_pwrite64(fd: 63, buf: 7fd66edcc080, count: 4a, pos: 4c)
             exe-1050289 [003] ..... 1635983.028344: tracing_mark_write: recvmmsg(fd=332, mmsg=0x0, vlen=0, flags=0x10, timeout=0x7fc3cd600000) end
             exe-1050289 [003] ..... 1635983.107365: tracing_mark_write: recvmmsg(fd=326, mmsg=0x7fc3cd400000, vlen=0, flags=0x10, timeout=0x7fc3cf1f1000) start
             exe-1050289 [003] ..... 1635983.107367: sys_pwrite64 -> 0x57
             exe-1049673 [000] ..... 1635983.107370: sys_nanosleep -> 0x0
             exe-1049673 [000] ..... 1635983.107372: sys_nanosleep(rqtp: c000069f10, rmtp: 0)
             exe-1050289 [003] ..... 1635983.107373: sys_ptrace(request: 4205, pid: 10072d, addr: 1, data: c008aa3c70)
             exe-1050289 [003] ..... 1635983.107376: sys_ptrace -> 0x0
             exe-1050289 [003] ..... 1635983.107378: sys_ptrace(request: 4205, pid: 10072d, addr: 202, data: c008aa3c70)
             exe-1050289 [003] ..... 1635983.107389: sys_ptrace -> 0x0
             exe-1050289 [003] ..... 1635983.107391: sys_ptrace(request: 1f, pid: 10072d, addr: 0, data: 0)
             exe-1050289 [003] .N... 1635983.107398: sys_ptrace -> 0x0
             exe-1050413 [003] ..... 1635983.107409: sys_write -> 0x57
             exe-1050289 [003] ..... 1635983.107428: sys_wait4(upid: 10072d, stat_addr: c008aa3bf4, options: 40000002, ru: 0)
             exe-1050289 [003] ..... 1635983.107431: sys_wait4 -> 0x10072d
             exe-1050289 [003] ..... 1635983.107433: sys_ptrace(request: 4204, pid: 10072d, addr: 1, data: c008aa3c70)
             exe-1050289 [003] ..... 1635983.107437: sys_ptrace -> 0x0
             exe-1050289 [003] ..... 1635983.107439: sys_ptrace(request: 4204, pid: 10072d, addr: 202, data: c008aa3c70)
             exe-1050289 [003] ..... 1635983.107442: sys_ptrace -> 0x0
             exe-1050289 [003] ..... 1635983.107449: sys_ptrace(request: 4205, pid: 10072d, addr: 1, data: c008aa3c70)
             exe-1050289 [003] ..... 1635983.107451: sys_ptrace -> 0x0
             exe-1050289 [003] ..... 1635983.107453: sys_ptrace(request: 4205, pid: 10072d, addr: 202, data: c008aa3c70)
             exe-1049673 [000] ..... 1635983.107456: sys_nanosleep -> 0x0
             exe-1049673 [000] ..... 1635983.107458: sys_nanosleep(rqtp: c000069f10, rmtp: 0)
             exe-1050289 [003] ..... 1635983.107463: sys_ptrace -> 0x0
             exe-1050289 [003] ..... 1635983.107464: sys_ptrace(request: 1f, pid: 10072d, addr: 0, data: 0)
             exe-1050289 [003] .N... 1635983.107471: sys_ptrace -> 0x0
             exe-1050413 [003] ..... 1635983.107482: sys_recvmmsg -> 0xffffffffffffffea
             exe-1050289 [003] ..... 1635983.107503: sys_wait4(upid: 10072d, stat_addr: c008aa3bf4, options: 40000002, ru: 0)
             exe-1050289 [003] ..... 1635983.107506: sys_wait4 -> 0x10072d
             exe-1050289 [003] ..... 1635983.107509: sys_ptrace(request: 4204, pid: 10072d, addr: 1, data: c008aa3c70)
             exe-1050289 [003] ..... 1635983.107515: sys_ptrace -> 0x0
             exe-1050289 [003] ..... 1635983.107517: sys_ptrace(request: 4204, pid: 10072d, addr: 202, data: c008aa3c70)
             exe-1050289 [003] ..... 1635983.107522: sys_ptrace -> 0x0
             exe-1050289 [003] ..... 1635983.107536: sys_pwrite64(fd: 63, buf: 7fd66edcc080, count: 55, pos: 57)
             exe-1050289 [003] ..... 1635983.107538: tracing_mark_write: recvmmsg(fd=326, mmsg=0x7fc3cd400000, vlen=0, flags=0x10, timeout=0x7fc3cf1f1000) end
             exe-1050289 [003] ..... 1635983.188190: tracing_mark_write: recvmmsg(fd=291, mmsg=0x7fc3cf1f5000, vlen=4096, flags=0x10, timeout=0x7fc3cf1f5004) start
             exe-1050289 [003] ..... 1635983.188191: sys_pwrite64 -> 0x5a
             exe-1049673 [000] ..... 1635983.188193: sys_nanosleep -> 0x0
             exe-1049673 [000] ..... 1635983.188195: sys_nanosleep(rqtp: c000069f10, rmtp: 0)
             exe-1050289 [003] ..... 1635983.188204: sys_ptrace(request: 4205, pid: 10072d, addr: 1, data: c008aa3c70)
             exe-1050289 [003] ..... 1635983.188207: sys_ptrace -> 0x0
             exe-1050289 [003] ..... 1635983.188208: sys_ptrace(request: 4205, pid: 10072d, addr: 202, data: c008aa3c70)
             exe-1050289 [003] ..... 1635983.188221: sys_ptrace -> 0x0
             exe-1050289 [003] ..... 1635983.188223: sys_ptrace(request: 1f, pid: 10072d, addr: 0, data: 0)
             exe-1050289 [003] .N... 1635983.188230: sys_ptrace -> 0x0
             exe-1050413 [003] ..... 1635983.188242: sys_write -> 0x5a
             exe-1050289 [003] ..... 1635983.188262: sys_wait4(upid: 10072d, stat_addr: c008aa3bf4, options: 40000002, ru: 0)
             exe-1050289 [003] ..... 1635983.188265: sys_wait4 -> 0x10072d
             exe-1050289 [003] ..... 1635983.188267: sys_ptrace(request: 4204, pid: 10072d, addr: 1, data: c008aa3c70)
             exe-1050289 [003] ..... 1635983.188270: sys_ptrace -> 0x0
             exe-1050289 [003] ..... 1635983.188272: sys_ptrace(request: 4204, pid: 10072d, addr: 202, data: c008aa3c70)
             exe-1050289 [003] ..... 1635983.188274: sys_ptrace -> 0x0
             exe-1049673 [000] ..... 1635983.188279: sys_nanosleep -> 0x0
             exe-1049673 [000] ..... 1635983.188282: sys_nanosleep(rqtp: c000069f10, rmtp: 0)
             exe-1050289 [003] ..... 1635983.188295: sys_ptrace(request: 4205, pid: 10072d, addr: 1, data: c008aa3c70)
             exe-1050289 [003] ..... 1635983.188297: sys_ptrace -> 0x0
             exe-1050289 [003] ..... 1635983.188299: sys_ptrace(request: 4205, pid: 10072d, addr: 202, data: c008aa3c70)
             exe-1050289 [003] ..... 1635983.188310: sys_ptrace -> 0x0
             exe-1050289 [003] ..... 1635983.188311: sys_ptrace(request: 1f, pid: 10072d, addr: 0, data: 0)
             exe-1050289 [003] .N... 1635983.188320: sys_ptrace -> 0x0
             exe-1050413 [003] ..... 1635983.188332: sys_recvmmsg -> 0xffffffffffffffea
             exe-1050289 [003] ..... 1635983.188358: sys_wait4(upid: 10072d, stat_addr: c008aa3bf4, options: 40000002, ru: 0)
             exe-1050289 [003] ..... 1635983.188361: sys_wait4 -> 0x10072d
             exe-1050289 [003] ..... 1635983.188364: sys_ptrace(request: 4204, pid: 10072d, addr: 1, data: c008aa3c70)
             exe-1049673 [000] ..... 1635983.188366: sys_nanosleep -> 0x0
             exe-1049673 [000] ..... 1635983.188368: sys_nanosleep(rqtp: c000069f10, rmtp: 0)
             exe-1050289 [003] ..... 1635983.188377: sys_ptrace -> 0x0
             exe-1050289 [003] ..... 1635983.188379: sys_ptrace(request: 4204, pid: 10072d, addr: 202, data: c008aa3c70)
             exe-1050289 [003] ..... 1635983.188383: sys_ptrace -> 0x0
             exe-1050289 [003] ..... 1635983.188398: sys_pwrite64(fd: 63, buf: 7fd66edcc080, count: 58, pos: 5a)
             exe-1050289 [003] ..... 1635983.188400: tracing_mark_write: recvmmsg(fd=291, mmsg=0x7fc3cf1f5000, vlen=4096, flags=0x10, timeout=0x7fc3cf1f5004) end
             exe-1050289 [003] ..... 1635983.268379: tracing_mark_write: recvmmsg(fd=302, mmsg=0x4, vlen=0xffff, flags=0x10, timeout=0x7fc3cd200000) start
             exe-1050289 [003] ..... 1635983.268380: sys_pwrite64 -> 0x51
             exe-1050289 [003] ..... 1635983.268387: sys_ptrace(request: 4205, pid: 10072d, addr: 1, data: c008aa3c70)
             exe-1050289 [003] ..... 1635983.268389: sys_ptrace -> 0x0
             exe-1050289 [003] ..... 1635983.268390: sys_ptrace(request: 4205, pid: 10072d, addr: 202, data: c008aa3c70)
             exe-1049567 [001] ..... 1635983.268436: sys_nanosleep -> 0x0
             exe-1049567 [001] ..... 1635983.268441: sys_nanosleep(rqtp: c000069f10, rmtp: 0)
             exe-1049673 [000] ..... 1635983.268452: sys_nanosleep -> 0x0
             exe-1049673 [000] ..... 1635983.268455: sys_nanosleep(rqtp: c000069f10, rmtp: 0)
             exe-1049673 [000] ..... 1635983.268546: sys_nanosleep -> 0x0
             exe-1049567 [001] ..... 1635983.268548: sys_nanosleep -> 0x0
             exe-1049673 [000] ..... 1635983.268548: sys_nanosleep(rqtp: c000069f10, rmtp: 0)
             exe-1049567 [001] ..... 1635983.268553: sys_nanosleep(rqtp: c000069f10, rmtp: 0)
             exe-1049673 [000] ..... 1635983.268639: sys_nanosleep -> 0x0
             exe-1049673 [000] ..... 1635983.268642: sys_nanosleep(rqtp: c000069f10, rmtp: 0)
             exe-1049567 [001] ..... 1635983.268659: sys_nanosleep -> 0x0
             exe-1049567 [001] ..... 1635983.268664: sys_nanosleep(rqtp: c000069f10, rmtp: 0)
             exe-1049673 [000] ..... 1635983.268733: sys_nanosleep -> 0x0
             exe-1049673 [000] ..... 1635983.268735: sys_nanosleep(rqtp: c000069f10, rmtp: 0)
             exe-1049673 [000] ..... 1635983.268826: sys_nanosleep -> 0x0
             exe-1049673 [000] ..... 1635983.268829: sys_nanosleep(rqtp: c000069f10, rmtp: 0)
             exe-1049567 [001] ..... 1635983.268843: sys_nanosleep -> 0x0
             exe-1050289 [003] ..... 1635983.268846: sys_ptrace -> 0x0
             exe-1049567 [001] ..... 1635983.268848: sys_nanosleep(rqtp: c000069f10, rmtp: 0)
             exe-1050289 [003] ..... 1635983.268849: sys_ptrace(request: 1f, pid: 10072d, addr: 0, data: 0)
             exe-1050289 [003] .N... 1635983.268858: sys_ptrace -> 0x0
             exe-1050233 [002] ..... 1635983.268859: sys_futex -> 0x0
             exe-1050413 [003] ..... 1635983.268870: sys_write -> 0x51
             exe-1050233 [002] ..... 1635983.268873: sys_futex(uaddr: c0025a9548, op: 80, val: 0, utime: 0, uaddr2: 0, val3: 0)
             exe-1050289 [003] ..... 1635983.268889: sys_wait4(upid: 10072d, stat_addr: c008aa3bf4, options: 40000002, ru: 0)
             exe-1050289 [003] ..... 1635983.268891: sys_wait4 -> 0x10072d
             exe-1050289 [003] ..... 1635983.268894: sys_ptrace(request: 4204, pid: 10072d, addr: 1, data: c008aa3c70)
             exe-1050289 [003] ..... 1635983.268897: sys_ptrace -> 0x0
             exe-1050289 [003] ..... 1635983.268898: sys_ptrace(request: 4204, pid: 10072d, addr: 202, data: c008aa3c70)
             exe-1050289 [003] ..... 1635983.268901: sys_ptrace -> 0x0
             exe-1050289 [003] ..... 1635983.268907: sys_ptrace(request: 4205, pid: 10072d, addr: 1, data: c008aa3c70)
             exe-1050289 [003] ..... 1635983.268909: sys_ptrace -> 0x0
             exe-1050289 [003] ..... 1635983.268910: sys_ptrace(request: 4205, pid: 10072d, addr: 202, data: c008aa3c70)
             exe-1050289 [003] ..... 1635983.268920: sys_ptrace -> 0x0
             exe-1049673 [000] ..... 1635983.268920: sys_nanosleep -> 0x0
             exe-1050289 [003] ..... 1635983.268921: sys_ptrace(request: 1f, pid: 10072d, addr: 0, data: 0)
             exe-1049673 [000] ..... 1635983.268922: sys_nanosleep(rqtp: c000069f10, rmtp: 0)
             exe-1050289 [003] .N... 1635983.268927: sys_ptrace -> 0x0
             exe-1050413 [003] ..... 1635983.268935: sys_recvmmsg -> 0xffffffffffffffea
             exe-1050289 [003] ..... 1635983.268951: sys_wait4(upid: 10072d, stat_addr: c008aa3bf4, options: 40000002, ru: 0)
             exe-1050289 [003] ..... 1635983.268953: sys_wait4 -> 0x10072d
             exe-1050289 [003] ..... 1635983.268955: sys_ptrace(request: 4204, pid: 10072d, addr: 1, data: c008aa3c70)
             exe-1050289 [003] ..... 1635983.268958: sys_ptrace -> 0x0
             exe-1050289 [003] ..... 1635983.268959: sys_ptrace(request: 4204, pid: 10072d, addr: 202, data: c008aa3c70)
             exe-1050289 [003] ..... 1635983.268962: sys_ptrace -> 0x0
             exe-1050289 [003] ..... 1635983.268972: sys_pwrite64(fd: 63, buf: 7fd66edcc080, count: 4f, pos: 51)
             exe-1050289 [003] ..... 1635983.268973: tracing_mark_write: recvmmsg(fd=302, mmsg=0x4, vlen=0xffff, flags=0x10, timeout=0x7fc3cd200000) end
             exe-1050289 [003] ..... 1635983.337763: tracing_mark_write: recvmmsg(fd=335, mmsg=0x7fc3cd800000, vlen=128, flags=0x10, timeout=0x7fc3cf1f3000) start
             exe-1050289 [003] ..... 1635983.337765: sys_pwrite64 -> 0x59
             exe-1050289 [003] ..... 1635983.337772: sys_ptrace(request: 4205, pid: 10072d, addr: 1, data: c008aa3c70)
             exe-1050289 [003] ..... 1635983.337775: sys_ptrace -> 0x0
             exe-1050289 [003] ..... 1635983.337776: sys_ptrace(request: 4205, pid: 10072d, addr: 202, data: c008aa3c70)
             exe-1050289 [003] ..... 1635983.337789: sys_ptrace -> 0x0
             exe-1050289 [003] ..... 1635983.337790: sys_ptrace(request: 1f, pid: 10072d, addr: 0, data: 0)
             exe-1050289 [003] .N... 1635983.337800: sys_ptrace -> 0x0
             exe-1050413 [003] ..... 1635983.337813: sys_write -> 0x59
             exe-1050289 [003] ..... 1635983.337836: sys_wait4(upid: 10072d, stat_addr: c008aa3bf4, options: 40000002, ru: 0)
             exe-1050289 [003] ..... 1635983.337839: sys_wait4 -> 0x10072d
             exe-1050289 [003] ..... 1635983.337841: sys_ptrace(request: 4204, pid: 10072d, addr: 1, data: c008aa3c70)
             exe-1049673 [000] ..... 1635983.337843: sys_nanosleep -> 0x0
             exe-1050289 [003] ..... 1635983.337845: sys_ptrace -> 0x0
             exe-1050289 [003] ..... 1635983.337847: sys_ptrace(request: 4204, pid: 10072d, addr: 202, data: c008aa3c70)
             exe-1049673 [000] ..... 1635983.337850: sys_nanosleep(rqtp: c000069f10, rmtp: 0)
             exe-1050289 [003] ..... 1635983.337850: sys_ptrace -> 0x0
             exe-1050289 [003] ..... 1635983.337856: sys_ptrace(request: 4205, pid: 10072d, addr: 1, data: c008aa3c70)
             exe-1050289 [003] ..... 1635983.337859: sys_ptrace -> 0x0
             exe-1050289 [003] ..... 1635983.337860: sys_ptrace(request: 4205, pid: 10072d, addr: 202, data: c008aa3c70)
             exe-1050289 [003] ..... 1635983.337870: sys_ptrace -> 0x0
             exe-1050289 [003] ..... 1635983.337871: sys_ptrace(request: 1f, pid: 10072d, addr: 0, data: 0)
             exe-1050289 [003] .N... 1635983.337878: sys_ptrace -> 0x0
             exe-1050413 [003] ..... 1635983.337888: sys_recvmmsg -> 0xffffffffffffffea
             exe-1050289 [003] ..... 1635983.337906: sys_wait4(upid: 10072d, stat_addr: c008aa3bf4, options: 40000002, ru: 0)
             exe-1050289 [003] ..... 1635983.337908: sys_wait4 -> 0x10072d
             exe-1050289 [003] ..... 1635983.337910: sys_ptrace(request: 4204, pid: 10072d, addr: 1, data: c008aa3c70)
             exe-1050289 [003] ..... 1635983.337914: sys_ptrace -> 0x0
             exe-1050289 [003] ..... 1635983.337915: sys_ptrace(request: 4204, pid: 10072d, addr: 202, data: c008aa3c70)
             exe-1050289 [003] ..... 1635983.337918: sys_ptrace -> 0x0
             exe-1050289 [003] ..... 1635983.337927: sys_pwrite64(fd: 63, buf: 7fd66edcc080, count: 57, pos: 59)
             exe-1050289 [003] ..... 1635983.337929: tracing_mark_write: recvmmsg(fd=335, mmsg=0x7fc3cd800000, vlen=128, flags=0x10, timeout=0x7fc3cf1f3000) end
             exe-1050289 [003] ..... 1635983.404089: tracing_mark_write: recvmmsg(fd=296, mmsg=0x0, vlen=8, flags=0x11, timeout=0x1) start
             exe-1050289 [003] ..... 1635983.404090: sys_pwrite64 -> 0x41
             exe-1050289 [003] ..... 1635983.404097: sys_ptrace(request: 4205, pid: 10072d, addr: 1, data: c008aa3c70)
             exe-1050289 [003] ..... 1635983.404100: sys_ptrace -> 0x0
             exe-1050289 [003] ..... 1635983.404101: sys_ptrace(request: 4205, pid: 10072d, addr: 202, data: c008aa3c70)
             exe-1050289 [003] ..... 1635983.404113: sys_ptrace -> 0x0
             exe-1050289 [003] ..... 1635983.404115: sys_ptrace(request: 1f, pid: 10072d, addr: 0, data: 0)
             exe-1050289 [003] .N... 1635983.404122: sys_ptrace -> 0x0
             exe-1050413 [003] ..... 1635983.404133: sys_write -> 0x41
             exe-1049673 [000] ..... 1635983.404151: sys_nanosleep -> 0x0
             exe-1050289 [003] ..... 1635983.404153: sys_wait4(upid: 10072d, stat_addr: c008aa3bf4, options: 40000002, ru: 0)
             exe-1050289 [003] ..... 1635983.404155: sys_wait4 -> 0x10072d
             exe-1049673 [000] ..... 1635983.404157: sys_nanosleep(rqtp: c000069f10, rmtp: 0)
             exe-1050289 [003] ..... 1635983.404158: sys_ptrace(request: 4204, pid: 10072d, addr: 1, data: c008aa3c70)
             exe-1050289 [003] ..... 1635983.404161: sys_ptrace -> 0x0
             exe-1050289 [003] ..... 1635983.404163: sys_ptrace(request: 4204, pid: 10072d, addr: 202, data: c008aa3c70)
             exe-1050289 [003] ..... 1635983.404165: sys_ptrace -> 0x0
             exe-1050289 [003] ..... 1635983.404171: sys_ptrace(request: 4205, pid: 10072d, addr: 1, data: c008aa3c70)
             exe-1050289 [003] ..... 1635983.404174: sys_ptrace -> 0x0
             exe-1050289 [003] ..... 1635983.404175: sys_ptrace(request: 4205, pid: 10072d, addr: 202, data: c008aa3c70)
             exe-1049567 [000] ..... 1635983.404179: sys_nanosleep -> 0x0
             exe-1049567 [000] ..... 1635983.404184: sys_nanosleep(rqtp: c000069f10, rmtp: 0)
             exe-1050289 [003] ..... 1635983.404185: sys_ptrace -> 0x0
             exe-1050289 [003] ..... 1635983.404186: sys_ptrace(request: 1f, pid: 10072d, addr: 0, data: 0)
             exe-1050289 [003] .N... 1635983.404193: sys_ptrace -> 0x0
             exe-1050413 [003] ..... 1635983.404203: sys_recvmmsg -> 0xffffffffffffffea
             exe-1050289 [003] ..... 1635983.404222: sys_wait4(upid: 10072d, stat_addr: c008aa3bf4, options: 40000002, ru: 0)
             exe-1050289 [003] ..... 1635983.404225: sys_wait4 -> 0x10072d
             exe-1050289 [003] ..... 1635983.404227: sys_ptrace(request: 4204, pid: 10072d, addr: 1, data: c008aa3c70)
             exe-1050289 [003] ..... 1635983.404230: sys_ptrace -> 0x0
             exe-1050289 [003] ..... 1635983.404232: sys_ptrace(request: 4204, pid: 10072d, addr: 202, data: c008aa3c70)
             exe-1050289 [003] ..... 1635983.404234: sys_ptrace -> 0x0
             exe-1050289 [003] ..... 1635983.404243: sys_pwrite64(fd: 63, buf: 7fd66edcc080, count: 3f, pos: 41)
             exe-1050289 [003] ..... 1635983.404245: tracing_mark_write: recvmmsg(fd=296, mmsg=0x0, vlen=8, flags=0x11, timeout=0x1) end
             exe-1050289 [003] ..... 1635983.485988: tracing_mark_write: recvmmsg(fd=316, mmsg=0x7fc3cf1f2000, vlen=1, flags=0x11, timeout=0x7fc3cf1f2004) start
             exe-1050289 [003] ..... 1635983.485990: sys_pwrite64 -> 0x57
             exe-1050289 [003] ..... 1635983.485997: sys_ptrace(request: 4205, pid: 10072d, addr: 1, data: c008aa3c70)
             exe-1050289 [003] ..... 1635983.486000: sys_ptrace -> 0x0
             exe-1050289 [003] ..... 1635983.486002: sys_ptrace(request: 4205, pid: 10072d, addr: 202, data: c008aa3c70)
             exe-1050289 [003] ..... 1635983.486014: sys_ptrace -> 0x0
             exe-1049673 [000] ..... 1635983.486015: sys_nanosleep -> 0x0
             exe-1050289 [003] ..... 1635983.486015: sys_ptrace(request: 1f, pid: 10072d, addr: 0, data: 0)
             exe-1049673 [000] ..... 1635983.486022: sys_nanosleep(rqtp: c000069f10, rmtp: 0)
             exe-1050289 [003] .N... 1635983.486023: sys_ptrace -> 0x0
             exe-1050413 [003] ..... 1635983.486034: sys_write -> 0x57
