             exe-1050008 [003] ..... 1635977.333505: sys_ptrace -> 0x0
             exe-1050008 [003] ..... 1635977.333506: sys_ptrace(request: 4205, pid: 1005a8, addr: 202, data: c000a29c70)
             exe-1050008 [003] ..... 1635977.333514: sys_ptrace -> 0x0
             exe-1050008 [003] ..... 1635977.333516: sys_ptrace(request: 1f, pid: 1005a8, addr: 0, data: 0)
             exe-1050008 [003] ..... 1635977.333525: sys_ptrace -> 0x0
             exe-1050008 [003] ..... 1635977.333527: sys_wait4(upid: 1005a8, stat_addr: c000a29bf4, options: 40000002, ru: 0)
             exe-1050024 [000] ..... 1635977.333542: sys_write -> 0x59
             exe-1049673 [001] ..... 1635977.333546: sys_nanosleep -> 0x0
             exe-1049673 [001] ..... 1635977.333548: sys_nanosleep(rqtp: c000069f10, rmtp: 0)
             exe-1050008 [003] ..... 1635977.333563: sys_wait4 -> 0x1005a8
             exe-1050008 [003] ..... 1635977.333565: sys_ptrace(request: 4204, pid: 1005a8, addr: 1, data: c000a29c70)
             exe-1050008 [003] ..... 1635977.333567: sys_ptrace -> 0x0
             exe-1050008 [003] ..... 1635977.333568: sys_ptrace(request: 4204, pid: 1005a8, addr: 202, data: c000a29c70)
             exe-1050008 [003] ..... 1635977.333570: sys_ptrace -> 0x0
             exe-1050008 [003] ..... 1635977.333576: sys_ptrace(request: 4205, pid: 1005a8, addr: 1, data: c000a29c70)
             exe-1050008 [003] ..... 1635977.333578: sys_ptrace -> 0x0
             exe-1050008 [003] ..... 1635977.333579: sys_ptrace(request: 4205, pid: 1005a8, addr: 202, data: c000a29c70)
             exe-1050008 [003] ..... 1635977.333585: sys_ptrace -> 0x0
             exe-1050008 [003] ..... 1635977.333587: sys_ptrace(request: 1f, pid: 1005a8, addr: 0, data: 0)
             exe-1050008 [003] ..... 1635977.333592: sys_ptrace -> 0x0
             exe-1050008 [003] ..... 1635977.333594: sys_wait4(upid: 1005a8, stat_addr: c000a29bf4, options: 40000002, ru: 0)
             exe-1050024 [000] ..... 1635977.333606: sys_recvmmsg -> 0xffffffffffffffea
             exe-1050008 [003] ..... 1635977.333625: sys_wait4 -> 0x1005a8
             exe-1050008 [003] ..... 1635977.333627: sys_ptrace(request: 4204, pid: 1005a8, addr: 1, data: c000a29c70)
             exe-1050008 [003] ..... 1635977.333629: sys_ptrace -> 0x0
             exe-1050008 [003] ..... 1635977.333630: sys_ptrace(request: 4204, pid: 1005a8, addr: 202, data: c000a29c70)
             exe-1050008 [003] ..... 1635977.333632: sys_ptrace -> 0x0
             exe-1049673 [001] ..... 1635977.333632: sys_nanosleep -> 0x0
             exe-1049673 [001] ..... 1635977.333634: sys_nanosleep(rqtp: c000069f10, rmtp: 0)
             exe-1050008 [003] ..... 1635977.333638: sys_pwrite64(fd: 63, buf: 7fd66edcc080, count: 57, pos: 59)
             exe-1050008 [003] ..... 1635977.333639: tracing_mark_write: recvmmsg(fd=348, mmsg=0x7fc3cf1f1000, vlen=4096, flags=0x6, timeout=0x7fc3cf1f1001) end
             exe-1050008 [003] ..... 1635977.400034: tracing_mark_write: recvmmsg(fd=338, mmsg=0x7fc3cd600000, vlen=4, flags=0x6, timeout=0x7fc3cf1f3000) start
             exe-1050008 [003] ..... 1635977.400035: sys_pwrite64 -> 0x56
             exe-1050008 [003] ..... 1635977.400039: sys_ptrace(request: 4205, pid: 1005a8, addr: 1, data: c000a29c70)
             exe-1050008 [003] ..... 1635977.400041: sys_ptrace -> 0x0
             exe-1050008 [003] ..... 1635977.400043: sys_ptrace(request: 4205, pid: 1005a8, addr: 202, data: c000a29c70)
             exe-1050008 [003] ..... 1635977.400049: sys_ptrace -> 0x0
             exe-1050008 [003] ..... 1635977.400051: sys_ptrace(request: 1f, pid: 1005a8, addr: 0, data: 0)
             exe-1050008 [003] ..... 1635977.400057: sys_ptrace -> 0x0
             exe-1049567 [001] ..... 1635977.400059: sys_nanosleep -> 0x0
             exe-1050008 [003] ..... 1635977.400059: sys_wait4(upid: 1005a8, stat_addr: c000a29bf4, options: 40000002, ru: 0)
             exe-1049567 [001] ..... 1635977.400062: sys_nanosleep(rqtp: c000069f10, rmtp: 0)
             exe-1050024 [000] ..... 1635977.400066: sys_write -> 0x56
             exe-1049673 [001] ..... 1635977.400078: sys_nanosleep -> 0x0
             exe-1049673 [001] ..... 1635977.400083: sys_futex(uaddr: 1f09dc0, op: 80, val: 0, utime: c000069eb0, uaddr2: 0, val3: 0)
             exe-1050008 [003] ..... 1635977.400086: sys_wait4 -> 0x1005a8
             exe-1050008 [003] ..... 1635977.400088: sys_ptrace(request: 4204, pid: 1005a8, addr: 1, data: c000a29c70)
             exe-1050008 [003] ..... 1635977.400091: sys_ptrace -> 0x0
             exe-1050008 [003] ..... 1635977.400092: sys_ptrace(request: 4204, pid: 1005a8, addr: 202, data: c000a29c70)
             exe-1050008 [003] ..... 1635977.400094: sys_ptrace -> 0x0
             exe-1050008 [003] ..... 1635977.400098: sys_ptrace(request: 4205, pid: 1005a8, addr: 1, data: c000a29c70)
             exe-1050008 [003] ..... 1635977.400101: sys_ptrace -> 0x0
             exe-1050008 [003] ..... 1635977.400102: sys_ptrace(request: 4205, pid: 1005a8, addr: 202, data: c000a29c70)
             exe-1050008 [003] ..... 1635977.400107: sys_ptrace -> 0x0
             exe-1050008 [003] ..... 1635977.400109: sys_ptrace(request: 1f, pid: 1005a8, addr: 0, data: 0)
             exe-1050008 [003] ..... 1635977.400114: sys_ptrace -> 0x0
             exe-1050008 [003] ..... 1635977.400116: sys_wait4(upid: 1005a8, stat_addr: c000a29bf4, options: 40000002, ru: 0)
             exe-1050024 [000] ..... 1635977.400120: sys_recvmmsg -> 0xffffffffffffffea
             exe-1050008 [003] ..... 1635977.400135: sys_wait4 -> 0x1005a8
             exe-1050008 [003] ..... 1635977.400137: sys_ptrace(request: 4204, pid: 1005a8, addr: 1, data: c000a29c70)
             exe-1050008 [003] ..... 1635977.400139: sys_ptrace -> 0x0
             exe-1050008 [003] ..... 1635977.400141: sys_ptrace(request: 4204, pid: 1005a8, addr: 202, data: c000a29c70)
             exe-1050008 [003] ..... 1635977.400142: sys_ptrace -> 0x0
             exe-1050008 [003] ..... 1635977.400147: sys_pwrite64(fd: 63, buf: 7fd66edcc080, count: 54, pos: 56)
             exe-1050008 [003] ..... 1635977.400148: tracing_mark_write: recvmmsg(fd=338, mmsg=0x7fc3cd600000, vlen=4, flags=0x6, timeout=0x7fc3cf1f3000) end
             exe-1050008 [003] ..... 1635977.461176: tracing_mark_write: recvmmsg(fd=297, mmsg=0x0, vlen=128, flags=0x6, timeout=0x7fc3cd600000) start
             exe-1050008 [003] ..... 1635977.461177: sys_pwrite64 -> 0x4d
             exe-1050008 [003] ..... 1635977.461182: sys_ptrace(request: 4205, pid: 1005a8, addr: 1, data: c000a29c70)
             exe-1050008 [003] ..... 1635977.461185: sys_ptrace -> 0x0
             exe-1050008 [003] ..... 1635977.461186: sys_ptrace(request: 4205, pid: 1005a8, addr: 202, data: c000a29c70)
             exe-1050008 [003] ..... 1635977.461193: sys_ptrace -> 0x0
             exe-1049673 [001] ..... 1635977.461248: sys_nanosleep -> 0x0
             exe-1049673 [001] ..... 1635977.461251: sys_futex(uaddr: 1f09dc0, op: 80, val: 0, utime: c000069eb0, uaddr2: 0, val3: 0)
             exe-1050008 [003] ..... 1635977.461408: sys_ptrace(request: 1f, pid: 1005a8, addr: 0, data: 0)
             exe-1050282 [001] ..... 1635977.461421: sys_epoll_pwait -> 0x0
             exe-1050008 [003] ..... 1635977.461422: sys_ptrace -> 0x0
             exe-1050008 [003] ..... 1635977.461426: sys_wait4(upid: 1005a8, stat_addr: c000a29bf4, options: 40000002, ru: 0)
             exe-1050282 [001] ..... 1635977.461435: sys_futex(uaddr: c00097a548, op: 81, val: 1, utime: 0, uaddr2: 0, val3: 0)
             exe-1050024 [000] ..... 1635977.461441: sys_write -> 0x4d
             exe-1050282 [001] ..... 1635977.461447: sys_futex -> 0x1
             exe-1049981 [000] ..... 1635977.461468: sys_futex -> 0x0
             exe-1050282 [001] ..... 1635977.461469: sys_epoll_pwait(epfd: 11, events: c000695840, maxevents: 80, timeout: 9, sigmask: 0, sigsetsize: 0)
             exe-1050008 [003] ..... 1635977.461476: sys_wait4 -> 0x1005a8
             exe-1050008 [003] ..... 1635977.461479: sys_ptrace(request: 4204, pid: 1005a8, addr: 1, data: c000a29c70)
             exe-1049981 [000] ..... 1635977.461480: sys_futex(uaddr: c00097a548, op: 80, val: 0, utime: 0, uaddr2: 0, val3: 0)
             exe-1050008 [003] ..... 1635977.461483: sys_ptrace -> 0x0
             exe-1050008 [003] ..... 1635977.461485: sys_ptrace(request: 4204, pid: 1005a8, addr: 202, data: c000a29c70)
             exe-1050008 [003] ..... 1635977.461493: sys_ptrace -> 0x0
             exe-1050008 [003] ..... 1635977.461500: sys_ptrace(request: 4205, pid: 1005a8, addr: 1, data: c000a29c70)
             exe-1050008 [003] ..... 1635977.461503: sys_ptrace -> 0x0
             exe-1050008 [003] ..... 1635977.461504: sys_ptrace(request: 4205, pid: 1005a8, addr: 202, data: c000a29c70)
             exe-1050008 [003] ..... 1635977.461514: sys_ptrace -> 0x0
             exe-1050008 [003] ..... 1635977.461516: sys_ptrace(request: 1f, pid: 1005a8, addr: 0, data: 0)
             exe-1050008 [003] ..... 1635977.461526: sys_ptrace -> 0x0
             exe-1050008 [003] ..... 1635977.461528: sys_wait4(upid: 1005a8, stat_addr: c000a29bf4, options: 40000002, ru: 0)
             exe-1050024 [000] ..... 1635977.461550: sys_recvmmsg -> 0xffffffffffffffea
             exe-1050008 [003] ..... 1635977.461575: sys_wait4 -> 0x1005a8
             exe-1050008 [003] ..... 1635977.461578: sys_ptrace(request: 4204, pid: 1005a8, addr: 1, data: c000a29c70)
             exe-1050008 [003] ..... 1635977.461580: sys_ptrace -> 0x0
             exe-1050008 [003] ..... 1635977.461582: sys_ptrace(request: 4204, pid: 1005a8, addr: 202, data: c000a29c70)
             exe-1050008 [003] ..... 1635977.461584: sys_ptrace -> 0x0
             exe-1050008 [003] ..... 1635977.461592: sys_pwrite64(fd: 63, buf: 7fd66edcc080, count: 4b, pos: 4d)
             exe-1050008 [003] ..... 1635977.461595: tracing_mark_write: recvmmsg(fd=297, mmsg=0x0, vlen=128, flags=0x6, timeout=0x7fc3cd600000) end
             exe-1050008 [003] ..... 1635977.528253: tracing_mark_write: recvmmsg(fd=299, mmsg=0x0, vlen=0xa1a1, flags=0x6, timeout=0x7fc3cf1f4000) start
             exe-1050008 [003] ..... 1635977.528254: sys_pwrite64 -> 0x50
             exe-1050008 [003] ..... 1635977.528260: sys_ptrace(request: 4205, pid: 1005a8, addr: 1, data: c000a29c70)
             exe-1050008 [003] ..... 1635977.528263: sys_ptrace -> 0x0
             exe-1050008 [003] ..... 1635977.528264: sys_ptrace(request: 4205, pid: 1005a8, addr: 202, data: c000a29c70)
             exe-1050008 [003] ..... 1635977.528274: sys_ptrace -> 0x0
             exe-1050008 [003] ..... 1635977.528276: sys_ptrace(request: 1f, pid: 1005a8, addr: 0, data: 0)
             exe-1050008 [003] .N... 1635977.528283: sys_ptrace -> 0x0
             exe-1050024 [003] ..... 1635977.528293: sys_write -> 0x50
             exe-1049567 [001] ..... 1635977.528298: sys_nanosleep -> 0x0
             exe-1049567 [001] ..... 1635977.528304: sys_nanosleep(rqtp: c000069f10, rmtp: 0)
             exe-1050008 [003] ..... 1635977.528311: sys_wait4(upid: 1005a8, stat_addr: c000a29bf4, options: 40000002, ru: 0)
             exe-1050008 [003] ..... 1635977.528314: sys_wait4 -> 0x1005a8
             exe-1050008 [003] ..... 1635977.528316: sys_ptrace(request: 4204, pid: 1005a8, addr: 1, data: c000a29c70)
             exe-1050008 [003] ..... 1635977.528319: sys_ptrace -> 0x0
             exe-1050008 [003] ..... 1635977.528321: sys_ptrace(request: 4204, pid: 1005a8, addr: 202, data: c000a29c70)
             exe-1050008 [003] ..... 1635977.528323: sys_ptrace -> 0x0
             exe-1049673 [001] ..... 1635977.528325: sys_nanosleep -> 0x0
             exe-1050008 [003] ..... 1635977.528329: sys_ptrace(request: 4205, pid: 1005a8, addr: 1, data: c000a29c70)
             exe-1049673 [001] ..... 1635977.528331: sys_nanosleep(rqtp: c000069f10, rmtp: 0)
             exe-1050008 [003] ..... 1635977.528331: sys_ptrace -> 0x0
             exe-1050008 [003] ..... 1635977.528333: sys_ptrace(request: 4205, pid: 1005a8, addr: 202, data: c000a29c70)
             exe-1050008 [003] ..... 1635977.528341: sys_ptrace -> 0x0
             exe-1050008 [003] ..... 1635977.528343: sys_ptrace(request: 1f, pid: 1005a8, addr: 0, data: 0)
             exe-1050008 [003] .N... 1635977.528350: sys_ptrace -> 0x0
             exe-1050024 [003] ..... 1635977.528366: sys_recvmmsg -> 0xffffffffffffffea
             exe-1050008 [003] ..... 1635977.528390: sys_wait4(upid: 1005a8, stat_addr: c000a29bf4, options: 40000002, ru: 0)
             exe-1050008 [003] ..... 1635977.528393: sys_wait4 -> 0x1005a8
             exe-1050008 [003] ..... 1635977.528396: sys_ptrace(request: 4204, pid: 1005a8, addr: 1, data: c000a29c70)
             exe-1050008 [003] ..... 1635977.528401: sys_ptrace -> 0x0
             exe-1050008 [003] ..... 1635977.528403: sys_ptrace(request: 4204, pid: 1005a8, addr: 202, data: c000a29c70)
             exe-1049567 [001] ..... 1635977.528406: sys_nanosleep -> 0x0
             exe-1050008 [003] ..... 1635977.528407: sys_ptrace -> 0x0
             exe-1049567 [001] ..... 1635977.528412: sys_nanosleep(rqtp: c000069f10, rmtp: 0)
             exe-1050008 [003] ..... 1635977.528420: sys_pwrite64(fd: 63, buf: 7fd66edcc080, count: 4e, pos: 50)
             exe-1050008 [003] ..... 1635977.528422: tracing_mark_write: recvmmsg(fd=299, mmsg=0x0, vlen=0xa1a1, flags=0x6, timeout=0x7fc3cf1f4000) end
             exe-1050008 [003] ..... 1635977.602041: tracing_mark_write: recvmmsg(fd=313, mmsg=0x0, vlen=4096, flags=0x6, timeout=0x7fc3cd800000) start
             exe-1050008 [003] ..... 1635977.602043: sys_pwrite64 -> 0x4e
             exe-1050008 [003] ..... 1635977.602049: sys_ptrace(request: 4205, pid: 1005a8, addr: 1, data: c000a29c70)
             exe-1050008 [003] ..... 1635977.602052: sys_ptrace -> 0x0
             exe-1050008 [003] ..... 1635977.602053: sys_ptrace(request: 4205, pid: 1005a8, addr: 202, data: c000a29c70)
             exe-1050008 [003] ..... 1635977.602064: sys_ptrace -> 0x0
             exe-1050008 [003] ..... 1635977.602066: sys_ptrace(request: 1f, pid: 1005a8, addr: 0, data: 0)
             exe-1050008 [003] .N... 1635977.602072: sys_ptrace -> 0x0
             exe-1050024 [003] ..... 1635977.602083: sys_write -> 0x4e
             exe-1049567 [002] ..... 1635977.602085: sys_nanosleep -> 0x0
             exe-1049567 [002] ..... 1635977.602091: sys_nanosleep(rqtp: c000069f10, rmtp: 0)
             exe-1050008 [003] ..... 1635977.602101: sys_wait4(upid: 1005a8, stat_addr: c000a29bf4, options: 40000002, ru: 0)
             exe-1050008 [003] ..... 1635977.602104: sys_wait4 -> 0x1005a8
             exe-1050008 [003] ..... 1635977.602106: sys_ptrace(request: 4204, pid: 1005a8, addr: 1, data: c000a29c70)
             exe-1050008 [003] ..... 1635977.602109: sys_ptrace -> 0x0
             exe-1050008 [003] ..... 1635977.602111: sys_ptrace(request: 4204, pid: 1005a8, addr: 202, data: c000a29c70)
             exe-1050008 [003] ..... 1635977.602113: sys_ptrace -> 0x0
             exe-1050008 [003] ..... 1635977.602119: sys_ptrace(request: 4205, pid: 1005a8, addr: 1, data: c000a29c70)
             exe-1050008 [003] ..... 1635977.602121: sys_ptrace -> 0x0
             exe-1050008 [003] ..... 1635977.602123: sys_ptrace(request: 4205, pid: 1005a8, addr: 202, data: c000a29c70)
             exe-1050008 [003] ..... 1635977.602132: sys_ptrace -> 0x0
             exe-1050008 [003] ..... 1635977.602133: sys_ptrace(request: 1f, pid: 1005a8, addr: 0, data: 0)
             exe-1050008 [003] .N... 1635977.602139: sys_ptrace -> 0x0
             exe-1050024 [003] ..... 1635977.602149: sys_recvmmsg -> 0xffffffffffffffea
             exe-1050008 [003] ..... 1635977.602167: sys_wait4(upid: 1005a8, stat_addr: c000a29bf4, options: 40000002, ru: 0)
             exe-1050008 [003] ..... 1635977.602169: sys_wait4 -> 0x1005a8
             exe-1050008 [003] ..... 1635977.602171: sys_ptrace(request: 4204, pid: 1005a8, addr: 1, data: c000a29c70)
             exe-1050008 [003] ..... 1635977.602174: sys_ptrace -> 0x0
             exe-1050008 [003] ..... 1635977.602176: sys_ptrace(request: 4204, pid: 1005a8, addr: 202, data: c000a29c70)
             exe-1050008 [003] ..... 1635977.602179: sys_ptrace -> 0x0
             exe-1050008 [003] ..... 1635977.602188: sys_pwrite64(fd: 63, buf: 7fd66edcc080, count: 4c, pos: 4e)
             exe-1050008 [003] ..... 1635977.602190: tracing_mark_write: recvmmsg(fd=313, mmsg=0x0, vlen=4096, flags=0x6, timeout=0x7fc3cd800000) end
             exe-1050008 [003] ..... 1635977.663988: tracing_mark_write: recvmmsg(fd=345, mmsg=0x4, vlen=1, flags=0x6, timeout=0xc) start
             exe-1050008 [003] ..... 1635977.663990: sys_pwrite64 -> 0x40
             exe-1050008 [003] ..... 1635977.663995: sys_ptrace(request: 4205, pid: 1005a8, addr: 1, data: c000a29c70)
             exe-1050008 [003] ..... 1635977.663998: sys_ptrace -> 0x0
             exe-1050008 [003] ..... 1635977.663999: sys_ptrace(request: 4205, pid: 1005a8, addr: 202, data: c000a29c70)
             exe-1050008 [003] ..... 1635977.664010: sys_ptrace -> 0x0
             exe-1050008 [003] ..... 1635977.664012: sys_ptrace(request: 1f, pid: 1005a8, addr: 0, data: 0)
             exe-1049673 [001] ..... 1635977.664014: sys_nanosleep -> 0x0
             exe-1049673 [001] ..... 1635977.664016: sys_nanosleep(rqtp: c000069f10, rmtp: 0)
             exe-1050008 [003] .N... 1635977.664018: sys_ptrace -> 0x0
             exe-1050024 [003] ..... 1635977.664029: sys_write -> 0x40
             exe-1049567 [002] ..... 1635977.664036: sys_nanosleep -> 0x0
             exe-1049567 [002] ..... 1635977.664041: sys_nanosleep(rqtp: c000069f10, rmtp: 0)
             exe-1050008 [003] ..... 1635977.664047: sys_wait4(upid: 1005a8, stat_addr: c000a29bf4, options: 40000002, ru: 0)
             exe-1050008 [003] ..... 1635977.664050: sys_wait4 -> 0x1005a8
             exe-1050008 [003] ..... 1635977.664052: sys_ptrace(request: 4204, pid: 1005a8, addr: 1, data: c000a29c70)
             exe-1050008 [003] ..... 1635977.664056: sys_ptrace -> 0x0
             exe-1050008 [003] ..... 1635977.664057: sys_ptrace(request: 4204, pid: 1005a8, addr: 202, data: c000a29c70)
             exe-1050008 [003] ..... 1635977.664059: sys_ptrace -> 0x0
             exe-1050008 [003] ..... 1635977.664065: sys_ptrace(request: 4205, pid: 1005a8, addr: 1, data: c000a29c70)
             exe-1050008 [003] ..... 1635977.664067: sys_ptrace -> 0x0
             exe-1050008 [003] ..... 1635977.664069: sys_ptrace(request: 4205, pid: 1005a8, addr: 202, data: c000a29c70)
             exe-1050008 [003] ..... 1635977.664078: sys_ptrace -> 0x0
             exe-1050008 [003] ..... 1635977.664079: sys_ptrace(request: 1f, pid: 1005a8, addr: 0, data: 0)
             exe-1050008 [003] .N... 1635977.664085: sys_ptrace -> 0x0
             exe-1050024 [003] ..... 1635977.664095: sys_recvmmsg -> 0xffffffffffffffea
             exe-1049673 [001] ..... 1635977.664099: sys_nanosleep -> 0x0
             exe-1049673 [001] ..... 1635977.664101: sys_nanosleep(rqtp: c000069f10, rmtp: 0)
             exe-1050008 [003] ..... 1635977.664113: sys_wait4(upid: 1005a8, stat_addr: c000a29bf4, options: 40000002, ru: 0)
             exe-1050008 [003] ..... 1635977.664115: sys_wait4 -> 0x1005a8
             exe-1050008 [003] ..... 1635977.664118: sys_ptrace(request: 4204, pid: 1005a8, addr: 1, data: c000a29c70)
             exe-1050008 [003] ..... 1635977.664121: sys_ptrace -> 0x0
             exe-1050008 [003] ..... 1635977.664123: sys_ptrace(request: 4204, pid: 1005a8, addr: 202, data: c000a29c70)
             exe-1050008 [003] ..... 1635977.664125: sys_ptrace -> 0x0
             exe-1050008 [003] ..... 1635977.664134: sys_pwrite64(fd: 63, buf: 7fd66edcc080, count: 3e, pos: 40)
             exe-1050008 [003] ..... 1635977.664135: tracing_mark_write: recvmmsg(fd=345, mmsg=0x4, vlen=1, flags=0x6, timeout=0xc) end
             exe-1050008 [003] ..... 1635977.727928: tracing_mark_write: recvmmsg(fd=302, mmsg=0x8, vlen=128, flags=0x6, timeout=0x7fc3ce500000) start
             exe-1050008 [003] ..... 1635977.727930: sys_pwrite64 -> 0x4d
             exe-1050008 [003] ..... 1635977.727936: sys_ptrace(request: 4205, pid: 1005a8, addr: 1, data: c000a29c70)
             exe-1050008 [003] ..... 1635977.727939: sys_ptrace -> 0x0
             exe-1050008 [003] ..... 1635977.727941: sys_ptrace(request: 4205, pid: 1005a8, addr: 202, data: c000a29c70)
             exe-1049673 [001] ..... 1635977.727948: sys_nanosleep -> 0x0
             exe-1049673 [001] ..... 1635977.727949: sys_futex(uaddr: 1f09dc0, op: 80, val: 0, utime: c000069eb0, uaddr2: 0, val3: 0)
             exe-1050008 [003] ..... 1635977.727951: sys_ptrace -> 0x0
             exe-1050008 [003] ..... 1635977.727953: sys_ptrace(request: 1f, pid: 1005a8, addr: 0, data: 0)
             exe-1050008 [003] .N... 1635977.727960: sys_ptrace -> 0x0
             exe-1049567 [002] ..... 1635977.727963: sys_nanosleep -> 0x0
             exe-1049567 [002] ..... 1635977.727968: sys_nanosleep(rqtp: c000069f10, rmtp: 0)
             exe-1050024 [003] ..... 1635977.727971: sys_write -> 0x4d
             exe-1050008 [003] ..... 1635977.727991: sys_wait4(upid: 1005a8, stat_addr: c000a29bf4, options: 40000002, ru: 0)
             exe-1050008 [003] ..... 1635977.727994: sys_wait4 -> 0x1005a8
             exe-1050008 [003] ..... 1635977.727996: sys_ptrace(request: 4204, pid: 1005a8, addr: 1, data: c000a29c70)
             exe-1050008 [003] ..... 1635977.728000: sys_ptrace -> 0x0
             exe-1050008 [003] ..... 1635977.728002: sys_ptrace(request: 4204, pid: 1005a8, addr: 202, data: c000a29c70)
             exe-1050008 [003] ..... 1635977.728004: sys_ptrace -> 0x0
             exe-1050008 [003] ..... 1635977.728010: sys_ptrace(request: 4205, pid: 1005a8, addr: 1, data: c000a29c70)
             exe-1050008 [003] ..... 1635977.728012: sys_ptrace -> 0x0
             exe-1050008 [003] ..... 1635977.728014: sys_ptrace(request: 4205, pid: 1005a8, addr: 202, data: c000a29c70)
             exe-1050008 [003] ..... 1635977.728023: sys_ptrace -> 0x0
             exe-1050008 [003] ..... 1635977.728025: sys_ptrace(request: 1f, pid: 1005a8, addr: 0, data: 0)
             exe-1050008 [003] .N... 1635977.728031: sys_ptrace -> 0x0
             exe-1050024 [003] ..... 1635977.728042: sys_recvmmsg -> 0xffffffffffffffea
             exe-1050008 [003] ..... 1635977.728061: sys_wait4(upid: 1005a8, stat_addr: c000a29bf4, options: 40000002, ru: 0)
             exe-1050008 [003] ..... 1635977.728063: sys_wait4 -> 0x1005a8
             exe-1050008 [003] ..... 1635977.728066: sys_ptrace(request: 4204, pid: 1005a8, addr: 1, data: c000a29c70)
             exe-1050008 [003] ..... 1635977.728069: sys_ptrace -> 0x0
             exe-1049567 [002] ..... 1635977.728070: sys_nanosleep -> 0x0
             exe-1050008 [003] ..... 1635977.728071: sys_ptrace(request: 4204, pid: 1005a8, addr: 202, data: c000a29c70)
             exe-1050008 [003] ..... 1635977.728074: sys_ptrace -> 0x0
             exe-1049567 [002] ..... 1635977.728075: sys_nanosleep(rqtp: c000069f10, rmtp: 0)
             exe-1050008 [003] ..... 1635977.728083: sys_pwrite64(fd: 63, buf: 7fd66edcc080, count: 4b, pos: 4d)
             exe-1050008 [003] ..... 1635977.728084: tracing_mark_write: recvmmsg(fd=302, mmsg=0x8, vlen=128, flags=0x6, timeout=0x7fc3ce500000) end
             exe-1050008 [003] ..... 1635977.788882: tracing_mark_write: recvmmsg(fd=330, mmsg=0x4, vlen=0, flags=0x6, timeout=0x7fc3ce500000) start
             exe-1050008 [003] ..... 1635977.788884: sys_pwrite64 -> 0x4b
             exe-1050008 [003] ..... 1635977.788890: sys_ptrace(request: 4205, pid: 1005a8, addr: 1, data: c000a29c70)
             exe-1050008 [003] ..... 1635977.788892: sys_ptrace -> 0x0
             exe-1049567 [002] ..... 1635977.788894: sys_nanosleep -> 0x0
             exe-1050008 [003] ..... 1635977.788894: sys_ptrace(request: 4205, pid: 1005a8, addr: 202, data: c000a29c70)
             exe-1049567 [002] ..... 1635977.788918: sys_nanosleep(rqtp: c000069f10, rmtp: 0)
             exe-1049673 [001] ..... 1635977.788925: sys_nanosleep -> 0x0
             exe-1049673 [001] ..... 1635977.788926: sys_nanosleep(rqtp: c000069f10, rmtp: 0)
             exe-1050008 [003] ..... 1635977.788932: sys_ptrace -> 0x0
             exe-1050008 [003] ..... 1635977.788934: sys_ptrace(request: 1f, pid: 1005a8, addr: 0, data: 0)
             exe-1050008 [003] .N... 1635977.788942: sys_ptrace -> 0x0
             exe-1050024 [003] ..... 1635977.788953: sys_write -> 0x4b
             exe-1050008 [003] ..... 1635977.788975: sys_wait4(upid: 1005a8, stat_addr: c000a29bf4, options: 40000002, ru: 0)
             exe-1050008 [003] ..... 1635977.788978: sys_wait4 -> 0x1005a8
             exe-1050008 [003] ..... 1635977.788980: sys_ptrace(request: 4204, pid: 1005a8, addr: 1, data: c000a29c70)
             exe-1050008 [003] ..... 1635977.788984: sys_ptrace -> 0x0
             exe-1050008 [003] ..... 1635977.788985: sys_ptrace(request: 4204, pid: 1005a8, addr: 202, data: c000a29c70)
             exe-1050008 [003] ..... 1635977.788988: sys_ptrace -> 0x0
             exe-1050008 [003] ..... 1635977.788994: sys_ptrace(request: 4205, pid: 1005a8, addr: 1, data: c000a29c70)
             exe-1050008 [003] ..... 1635977.788997: sys_ptrace -> 0x0
             exe-1050008 [003] ..... 1635977.788999: sys_ptrace(request: 4205, pid: 1005a8, addr: 202, data: c000a29c70)
             exe-1049673 [001] ..... 1635977.789005: sys_nanosleep -> 0x0
             exe-1049673 [001] ..... 1635977.789006: sys_nanosleep(rqtp: c000069f10, rmtp: 0)
             exe-1050008 [003] ..... 1635977.789008: sys_ptrace -> 0x0
             exe-1050008 [003] ..... 1635977.789010: sys_ptrace(request: 1f, pid: 1005a8, addr: 0, data: 0)
             exe-1050008 [003] .N... 1635977.789017: sys_ptrace -> 0x0
             exe-1050024 [003] ..... 1635977.789027: sys_recvmmsg -> 0xffffffffffffffea
             exe-1050008 [003] ..... 1635977.789047: sys_wait4(upid: 1005a8, stat_addr: c000a29bf4, options: 40000002, ru: 0)
             exe-1050008 [003] ..... 1635977.789049: sys_wait4 -> 0x1005a8
             exe-1050008 [003] ..... 1635977.789051: sys_ptrace(request: 4204, pid: 1005a8, addr: 1, data: c000a29c70)
             exe-1050008 [003] ..... 1635977.789055: sys_ptrace -> 0x0
             exe-1050008 [003] ..... 1635977.789057: sys_ptrace(request: 4204, pid: 1005a8, addr: 202, data: c000a29c70)
             exe-1050008 [003] ..... 1635977.789059: sys_ptrace -> 0x0
             exe-1050008 [003] ..... 1635977.789069: sys_pwrite64(fd: 63, buf: 7fd66edcc080, count: 49, pos: 4b)
             exe-1049567 [002] ..... 1635977.789070: sys_nanosleep -> 0x0
             exe-1050008 [003] ..... 1635977.789071: tracing_mark_write: recvmmsg(fd=330, mmsg=0x4, vlen=0, flags=0x6, timeout=0x7fc3ce500000) end
             exe-1050008 [003] ..... 1635977.848032: tracing_mark_write: recvmmsg(fd=292, mmsg=0x8, vlen=0, flags=0x6, timeout=0xc) start
             exe-1050008 [003] ..... 1635977.848033: sys_pwrite64 -> 0x40
             exe-1050008 [003] ..... 1635977.848039: sys_ptrace(request: 4205, pid: 1005a8, addr: 1, data: c000a29c70)
             exe-1050008 [003] ..... 1635977.848042: sys_ptrace -> 0x0
             exe-1049673 [000] ..... 1635977.848043: sys_nanosleep -> 0x0
             exe-1050008 [003] ..... 1635977.848043: sys_ptrace(request: 4205, pid: 1005a8, addr: 202, data: c000a29c70)
             exe-1049673 [000] ..... 1635977.848045: sys_nanosleep(rqtp: c000069f10, rmtp: 0)
             exe-1050008 [003] ..... 1635977.848053: sys_ptrace -> 0x0
             exe-1050008 [003] ..... 1635977.848055: sys_ptrace(request: 1f, pid: 1005a8, addr: 0, data: 0)
             exe-1050008 [003] .N... 1635977.848061: sys_ptrace -> 0x0
             exe-1050024 [003] ..... 1635977.848072: sys_write -> 0x40
             exe-1050008 [003] ..... 1635977.848090: sys_wait4(upid: 1005a8, stat_addr: c000a29bf4, options: 40000002, ru: 0)
             exe-1050008 [003] ..... 1635977.848092: sys_wait4 -> 0x1005a8
             exe-1050008 [003] ..... 1635977.848094: sys_ptrace(request: 4204, pid: 1005a8, addr: 1, data: c000a29c70)
             exe-1049567 [002] ..... 1635977.848096: sys_nanosleep -> 0x0
             exe-1050008 [003] ..... 1635977.848098: sys_ptrace -> 0x0
             exe-1050008 [003] ..... 1635977.848099: sys_ptrace(request: 4204, pid: 1005a8, addr: 202, data: c000a29c70)
             exe-1049567 [002] ..... 1635977.848101: sys_nanosleep(rqtp: c000069f10, rmtp: 0)
             exe-1050008 [003] ..... 1635977.848101: sys_ptrace -> 0x0
             exe-1050008 [003] ..... 1635977.848107: sys_ptrace(request: 4205, pid: 1005a8, addr: 1, data: c000a29c70)
             exe-1050008 [003] ..... 1635977.848109: sys_ptrace -> 0x0
             exe-1050008 [003] ..... 1635977.848111: sys_ptrace(request: 4205, pid: 1005a8, addr: 202, data: c000a29c70)
             exe-1050008 [003] ..... 1635977.848119: sys_ptrace -> 0x0
             exe-1050008 [003] ..... 1635977.848121: sys_ptrace(request: 1f, pid: 1005a8, addr: 0, data: 0)
             exe-1050008 [003] .N... 1635977.848127: sys_ptrace -> 0x0
             exe-1049673 [000] ..... 1635977.848131: sys_nanosleep -> 0x0
             exe-1049673 [000] ..... 1635977.848133: sys_nanosleep(rqtp: c000069f10, rmtp: 0)
             exe-1050024 [003] ..... 1635977.848136: sys_recvmmsg -> 0xffffffffffffffea
             exe-1050008 [003] ..... 1635977.848154: sys_wait4(upid: 1005a8, stat_addr: c000a29bf4, options: 40000002, ru: 0)
             exe-1050008 [003] ..... 1635977.848157: sys_wait4 -> 0x1005a8
             exe-1050008 [003] ..... 1635977.848159: sys_ptrace(request: 4204, pid: 1005a8, addr: 1, data: c000a29c70)
             exe-1050008 [003] ..... 1635977.848162: sys_ptrace -> 0x0
             exe-1050008 [003] ..... 1635977.848164: sys_ptrace(request: 4204, pid: 1005a8, addr: 202, data: c000a29c70)
             exe-1050008 [003] ..... 1635977.848166: sys_ptrace -> 0x0
             exe-1050008 [003] ..... 1635977.848175: sys_pwrite64(fd: 63, buf: 7fd66edcc080, count: 3e, pos: 40)
             exe-1050008 [003] ..... 1635977.848176: tracing_mark_write: recvmmsg(fd=292, mmsg=0x8, vlen=0, flags=0x6, timeout=0xc) end
             exe-1050008 [003] ..... 1635977.905103: tracing_mark_write: recvmmsg(fd=337, mmsg=0x7fc3cd400000, vlen=4096, flags=0x6, timeout=0x7fc3cd800000) start
             exe-1050008 [003] ..... 1635977.905105: sys_pwrite64 -> 0x59
             exe-1049567 [002] ..... 1635977.905108: sys_nanosleep(rqtp: c000069f10, rmtp: 0)
             exe-1049673 [000] ..... 1635977.905165: sys_nanosleep -> 0x0
             exe-1049673 [000] ..... 1635977.905168: sys_nanosleep(rqtp: c000069f10, rmtp: 0)
             exe-1049567 [002] ..... 1635977.905224: sys_nanosleep -> 0x0
             exe-1049567 [002] ..... 1635977.905231: sys_nanosleep(rqtp: c000069f10, rmtp: 0)
             exe-1049673 [000] ..... 1635977.905253: sys_nanosleep -> 0x0
             exe-1049673 [000] ..... 1635977.905255: sys_nanosleep(rqtp: c000069f10, rmtp: 0)
             exe-1050008 [003] ..... 1635977.905342: sys_ptrace(request: 4205, pid: 1005a8, addr: 1, data: c000a29c70)
             exe-1050008 [003] ..... 1635977.905346: sys_ptrace -> 0x0
             exe-1050008 [003] ..... 1635977.905347: sys_ptrace(request: 4205, pid: 1005a8, addr: 202, data: c000a29c70)
             exe-1049673 [000] ..... 1635977.905349: sys_nanosleep -> 0x0
             exe-1049673 [000] ..... 1635977.905352: sys_nanosleep(rqtp: c000069f10, rmtp: 0)
             exe-1050008 [003] ..... 1635977.905361: sys_ptrace -> 0x0
             exe-1050008 [003] ..... 1635977.905363: sys_ptrace(request: 1f, pid: 1005a8, addr: 0, data: 0)
             exe-1050008 [003] .N... 1635977.905370: sys_ptrace -> 0x0
             exe-1050024 [003] ..... 1635977.905384: sys_write -> 0x59
             exe-1050008 [003] ..... 1635977.905408: sys_wait4(upid: 1005a8, stat_addr: c000a29bf4, options: 40000002, ru: 0)
             exe-1050008 [003] ..... 1635977.905411: sys_wait4 -> 0x1005a8
             exe-1050008 [003] ..... 1635977.905413: sys_ptrace(request: 4204, pid: 1005a8, addr: 1, data: c000a29c70)
             exe-1050008 [003] ..... 1635977.905417: sys_ptrace -> 0x0
             exe-1050008 [003] ..... 1635977.905419: sys_ptrace(request: 4204, pid: 1005a8, addr: 202, data: c000a29c70)
             exe-1050008 [003] ..... 1635977.905421: sys_ptrace -> 0x0
             exe-1050008 [003] ..... 1635977.905427: sys_ptrace(request: 4205, pid: 1005a8, addr: 1, data: c000a29c70)
             exe-1050008 [003] ..... 1635977.905430: sys_ptrace -> 0x0
             exe-1050008 [003] ..... 1635977.905431: sys_ptrace(request: 4205, pid: 1005a8, addr: 202, data: c000a29c70)
             exe-1050008 [003] ..... 1635977.905441: sys_ptrace -> 0x0
             exe-1049567 [002] ..... 1635977.905442: sys_nanosleep -> 0x0
             exe-1050008 [003] ..... 1635977.905443: sys_ptrace(request: 1f, pid: 1005a8, addr: 0, data: 0)
             exe-1049673 [000] ..... 1635977.905443: sys_nanosleep -> 0x0
             exe-1049673 [000] ..... 1635977.905447: sys_nanosleep(rqtp: c000069f10, rmtp: 0)
             exe-1049567 [002] ..... 1635977.905449: sys_nanosleep(rqtp: c000069f10, rmtp: 0)
             exe-1050008 [003] .N... 1635977.905449: sys_ptrace -> 0x0
             exe-1050024 [003] ..... 1635977.905460: sys_recvmmsg -> 0xffffffffffffffea
             exe-1050008 [003] ..... 1635977.905479: sys_wait4(upid: 1005a8, stat_addr: c000a29bf4, options: 40000002, ru: 0)
             exe-1050008 [003] ..... 1635977.905482: sys_wait4 -> 0x1005a8
             exe-1050008 [003] ..... 1635977.905484: sys_ptrace(request: 4204, pid: 1005a8, addr: 1, data: c000a29c70)
             exe-1050008 [003] ..... 1635977.905488: sys_ptrace -> 0x0
             exe-1050008 [003] ..... 1635977.905490: sys_ptrace(request: 4204, pid: 1005a8, addr: 202, data: c000a29c70)
             exe-1050008 [003] ..... 1635977.905492: sys_ptrace -> 0x0
             exe-1050008 [003] ..... 1635977.905503: sys_pwrite64(fd: 63, buf: 7fd66edcc080, count: 57, pos: 59)
             exe-1050008 [003] ..... 1635977.905505: tracing_mark_write: recvmmsg(fd=337, mmsg=0x7fc3cd400000, vlen=4096, flags=0x6, timeout=0x7fc3cd800000) end
             exe-1050008 [003] ..... 1635977.972468: tracing_mark_write: recvmmsg(fd=324, mmsg=0x4, vlen=96, flags=0x6, timeout=0x5) start
             exe-1049567 [002] ..... 1635977.972469: sys_nanosleep(rqtp: c000069f10, rmtp: 0)
             exe-1050008 [003] ..... 1635977.972469: sys_pwrite64 -> 0x41
             exe-1049673 [001] ..... 1635977.972470: sys_nanosleep(rqtp: c000069f10, rmtp: 0)
             exe-1050008 [003] ..... 1635977.972476: sys_ptrace(request: 4205, pid: 1005a8, addr: 1, data: c000a29c70)
             exe-1050008 [003] ..... 1635977.972479: sys_ptrace -> 0x0
             exe-1050008 [003] ..... 1635977.972480: sys_ptrace(request: 4205, pid: 1005a8, addr: 202, data: c000a29c70)
             exe-1050008 [003] ..... 1635977.972492: sys_ptrace -> 0x0
             exe-1050008 [003] ..... 1635977.972494: sys_ptrace(request: 1f, pid: 1005a8, addr: 0, data: 0)
             exe-1050008 [003] .N... 1635977.972502: sys_ptrace -> 0x0
             exe-1050024 [003] ..... 1635977.972513: sys_write -> 0x41
             exe-1050008 [003] ..... 1635977.972533: sys_wait4(upid: 1005a8, stat_addr: c000a29bf4, options: 40000002, ru: 0)
             exe-1050008 [003] ..... 1635977.972536: sys_wait4 -> 0x1005a8
             exe-1050008 [003] ..... 1635977.972538: sys_ptrace(request: 4204, pid: 1005a8, addr: 1, data: c000a29c70)
             exe-1050008 [003] ..... 1635977.972542: sys_ptrace -> 0x0
             exe-1050008 [003] ..... 1635977.972544: sys_ptrace(request: 4204, pid: 1005a8, addr: 202, data: c000a29c70)
             exe-1050008 [003] ..... 1635977.972546: sys_ptrace -> 0x0
             exe-1050008 [003] ..... 1635977.972552: sys_ptrace(request: 4205, pid: 1005a8, addr: 1, data: c000a29c70)
             exe-1050008 [003] ..... 1635977.972555: sys_ptrace -> 0x0
             exe-1049673 [001] ..... 1635977.972555: sys_nanosleep -> 0x0
             exe-1050008 [003] ..... 1635977.972556: sys_ptrace(request: 4205, pid: 1005a8, addr: 202, data: c000a29c70)
             exe-1049673 [001] ..... 1635977.972557: sys_nanosleep(rqtp: c000069f10, rmtp: 0)
             exe-1050008 [003] ..... 1635977.972566: sys_ptrace -> 0x0
             exe-1050008 [003] ..... 1635977.972568: sys_ptrace(request: 1f, pid: 1005a8, addr: 0, data: 0)
             exe-1049567 [002] ..... 1635977.972571: sys_nanosleep -> 0x0
             exe-1050008 [003] .N... 1635977.972575: sys_ptrace -> 0x0
             exe-1049567 [002] ..... 1635977.972575: sys_nanosleep(rqtp: c000069f10, rmtp: 0)
             exe-1050024 [003] ..... 1635977.972585: sys_recvmmsg -> 0xffffffffffffffea
             exe-1050008 [003] ..... 1635977.972605: sys_wait4(upid: 1005a8, stat_addr: c000a29bf4, options: 40000002, ru: 0)
             exe-1050008 [003] ..... 1635977.972608: sys_wait4 -> 0x1005a8
             exe-1050008 [003] ..... 1635977.972610: sys_ptrace(request: 4204, pid: 1005a8, addr: 1, data: c000a29c70)
             exe-1050008 [003] ..... 1635977.972613: sys_ptrace -> 0x0
             exe-1050008 [003] ..... 1635977.972615: sys_ptrace(request: 4204, pid: 1005a8, addr: 202, data: c000a29c70)
             exe-1050008 [003] ..... 1635977.972618: sys_ptrace -> 0x0
             exe-1050008 [003] ..... 1635977.972627: sys_pwrite64(fd: 63, buf: 7fd66edcc080, count: 3f, pos: 41)
             exe-1050008 [003] ..... 1635977.972629: tracing_mark_write: recvmmsg(fd=324, mmsg=0x4, vlen=96, flags=0x6, timeout=0x5) end
             exe-1050008 [000] ..... 1635978.043618: tracing_mark_write: recvmmsg(fd=293, mmsg=0x1, vlen=8, flags=0x7, timeout=0x1) start
             exe-1050008 [000] ..... 1635978.043619: sys_pwrite64 -> 0x40
             exe-1050008 [000] ..... 1635978.043627: sys_ptrace(request: 4205, pid: 1005a8, addr: 1, data: c000a29c70)
             exe-1050008 [000] ..... 1635978.043629: sys_ptrace -> 0x0
             exe-1050008 [000] ..... 1635978.043630: sys_ptrace(request: 4205, pid: 1005a8, addr: 202, data: c000a29c70)
             exe-1050008 [000] ..... 1635978.043713: sys_ptrace -> 0x0
             exe-1050008 [000] ..... 1635978.043717: sys_ptrace(request: 1f, pid: 1005a8, addr: 0, data: 0)
             exe-1050008 [000] ..... 1635978.043729: sys_ptrace -> 0x0
             exe-1050008 [000] ..... 1635978.043732: sys_wait4(upid: 1005a8, stat_addr: c000a29bf4, options: 40000002, ru: 0)
             exe-1050024 [003] ..... 1635978.043745: sys_write -> 0x40
             exe-1050008 [000] ..... 1635978.043802: sys_wait4 -> 0x1005a8
             exe-1050008 [000] ..... 1635978.043808: sys_ptrace(request: 4204, pid: 1005a8, addr: 1, data: c000a29c70)
             exe-1050008 [000] ..... 1635978.043812: sys_ptrace -> 0x0
             exe-1050008 [000] ..... 1635978.043814: sys_ptrace(request: 4204, pid: 1005a8, addr: 202, data: c000a29c70)
             exe-1050008 [000] ..... 1635978.043816: sys_ptrace -> 0x0
             exe-1050008 [000] ..... 1635978.043824: sys_ptrace(request: 4205, pid: 1005a8, addr: 1, data: c000a29c70)
             exe-1050008 [000] ..... 1635978.043826: sys_ptrace -> 0x0
             exe-1050008 [000] ..... 1635978.043828: sys_ptrace(request: 4205, pid: 1005a8, addr: 202, data: c000a29c70)
             exe-1050008 [000] ..... 1635978.043838: sys_ptrace -> 0x0
             exe-1050008 [000] ..... 1635978.043840: sys_ptrace(request: 1f, pid: 1005a8, addr: 0, data: 0)
             exe-1050024 [003] ..... 1635978.043866: sys_recvmmsg -> 0xffffffffffffffea
             exe-1050008 [000] .N... 1635978.043873: sys_ptrace -> 0x0
             exe-1050008 [000] ..... 1635978.043912: sys_wait4(upid: 1005a8, stat_addr: c000a29bf4, options: 40000002, ru: 0)
             exe-1050008 [000] ..... 1635978.043915: sys_wait4 -> 0x1005a8
             exe-1050008 [000] ..... 1635978.043917: sys_ptrace(request: 4204, pid: 1005a8, addr: 1, data: c000a29c70)
             exe-1050008 [000] ..... 1635978.043921: sys_ptrace -> 0x0
             exe-1050008 [000] ..... 1635978.043923: sys_ptrace(request: 4204, pid: 1005a8, addr: 202, data: c000a29c70)
             exe-1050008 [000] ..... 1635978.043925: sys_ptrace -> 0x0
             exe-1050008 [000] ..... 1635978.043939: sys_pwrite64(fd: 63, buf: 7fd66edcc080, count: 3e, pos: 40)
             exe-1050008 [000] ..... 1635978.043941: tracing_mark_write: recvmmsg(fd=293, mmsg=0x1, vlen=8, flags=0x7, timeout=0x1) end
             exe-1050233 [003] ..... 1635978.109767: tracing_mark_write: recvmmsg(fd=332, mmsg=0x7fc3cd400000, vlen=4096, flags=0x7, timeout=0x7fc3cd400000) start
             exe-1050233 [003] ..... 1635978.109769: sys_pwrite64 -> 0x59
             exe-1050233 [003] ..... 1635978.109775: sys_ptrace(request: 4205, pid: 1006a4, addr: 1, data: c000a29c70)
             exe-1050233 [003] ..... 1635978.109778: sys_ptrace -> 0x0
             exe-1050233 [003] ..... 1635978.109779: sys_ptrace(request: 4205, pid: 1006a4, addr: 202, data: c000a29c70)
             exe-1050233 [003] ..... 1635978.109791: sys_ptrace -> 0x0
             exe-1050233 [003] ..... 1635978.109793: sys_ptrace(request: 1f, pid: 1006a4, addr: 0, data: 0)
             exe-1050233 [003] .N... 1635978.109800: sys_ptrace -> 0x0
             exe-1050276 [003] ..... 1635978.109812: sys_write -> 0x59
             exe-1050233 [003] ..... 1635978.109832: sys_wait4(upid: 1006a4, stat_addr: c000a29bf4, options: 40000002, ru: 0)
             exe-1050233 [003] ..... 1635978.109834: sys_wait4 -> 0x1006a4
             exe-1050233 [003] ..... 1635978.109837: sys_ptrace(request: 4204, pid: 1006a4, addr: 1, data: c000a29c70)
             exe-1050233 [003] ..... 1635978.109840: sys_ptrace -> 0x0
             exe-1050233 [003] ..... 1635978.109842: sys_ptrace(request: 4204, pid: 1006a4, addr: 202, data: c000a29c70)
             exe-1050233 [003] ..... 1635978.109844: sys_ptrace -> 0x0
             exe-1050233 [003] ..... 1635978.109851: sys_ptrace(request: 4205, pid: 1006a4, addr: 1, data: c000a29c70)
             exe-1050233 [003] ..... 1635978.109853: sys_ptrace -> 0x0
             exe-1050233 [003] ..... 1635978.109855: sys_ptrace(request: 4205, pid: 1006a4, addr: 202, data: c000a29c70)
             exe-1050233 [003] ..... 1635978.109864: sys_ptrace -> 0x0
             exe-1050233 [003] ..... 1635978.109866: sys_ptrace(request: 1f, pid: 1006a4, addr: 0, data: 0)
             exe-1050233 [003] .N... 1635978.109873: sys_ptrace -> 0x0
             exe-1050276 [003] ..... 1635978.109883: sys_recvmmsg -> 0xffffffffffffffea
             exe-1050233 [003] ..... 1635978.109902: sys_wait4(upid: 1006a4, stat_addr: c000a29bf4, options: 40000002, ru: 0)
             exe-1050233 [003] ..... 1635978.109905: sys_wait4 -> 0x1006a4
             exe-1050233 [003] ..... 1635978.109907: sys_ptrace(request: 4204, pid: 1006a4, addr: 1, data: c000a29c70)
             exe-1050233 [003] ..... 1635978.109911: sys_ptrace -> 0x0
             exe-1050233 [003] ..... 1635978.109913: sys_ptrace(request: 4204, pid: 1006a4, addr: 202, data: c000a29c70)
             exe-1050233 [003] ..... 1635978.109916: sys_ptrace -> 0x0
             exe-1050233 [003] ..... 1635978.109925: sys_pwrite64(fd: 63, buf: 7fd66edcc080, count: 57, pos: 59)
             exe-1050233 [003] ..... 1635978.109926: tracing_mark_write: recvmmsg(fd=332, mmsg=0x7fc3cd400000, vlen=4096, flags=0x7, timeout=0x7fc3cd400000) end
             exe-1050233 [003] ..... 1635978.172103: tracing_mark_write: recvmmsg(fd=317, mmsg=0x1, vlen=7, flags=0x7, timeout=0x1) start
             exe-1050233 [003] ..... 1635978.172105: sys_pwrite64 -> 0x40
             exe-1050233 [003] ..... 1635978.172112: sys_ptrace(request: 4205, pid: 1006a4, addr: 1, data: c000a29c70)
             exe-1050233 [003] ..... 1635978.172115: sys_ptrace -> 0x0
             exe-1049673 [001] ..... 1635978.172116: sys_nanosleep -> 0x0
             exe-1050233 [003] ..... 1635978.172117: sys_ptrace(request: 4205, pid: 1006a4, addr: 202, data: c000a29c70)
             exe-1049673 [001] ..... 1635978.172119: sys_nanosleep(rqtp: c000069f10, rmtp: 0)
             exe-1050233 [003] ..... 1635978.172130: sys_ptrace -> 0x0
             exe-1050233 [003] ..... 1635978.172132: sys_ptrace(request: 1f, pid: 1006a4, addr: 0, data: 0)
             exe-1050233 [003] .N... 1635978.172140: sys_ptrace -> 0x0
             exe-1049567 [000] ..... 1635978.172148: sys_nanosleep -> 0x0
             exe-1050276 [003] ..... 1635978.172152: sys_write -> 0x40
             exe-1049567 [000] ..... 1635978.172152: sys_nanosleep(rqtp: c000069f10, rmtp: 0)
             exe-1050233 [003] ..... 1635978.172174: sys_wait4(upid: 1006a4, stat_addr: c000a29bf4, options: 40000002, ru: 0)
             exe-1050233 [003] ..... 1635978.172176: sys_wait4 -> 0x1006a4
             exe-1050233 [003] ..... 1635978.172179: sys_ptrace(request: 4204, pid: 1006a4, addr: 1, data: c000a29c70)
             exe-1050233 [003] ..... 1635978.172183: sys_ptrace -> 0x0
             exe-1050233 [003] ..... 1635978.172184: sys_ptrace(request: 4204, pid: 1006a4, addr: 202, data: c000a29c70)
             exe-1050233 [003] ..... 1635978.172187: sys_ptrace -> 0x0
             exe-1050233 [003] ..... 1635978.172193: sys_ptrace(request: 4205, pid: 1006a4, addr: 1, data: c000a29c70)
             exe-1050233 [003] ..... 1635978.172196: sys_ptrace -> 0x0
             exe-1050233 [003] ..... 1635978.172197: sys_ptrace(request: 4205, pid: 1006a4, addr: 202, data: c000a29c70)
             exe-1049673 [001] ..... 1635978.172204: sys_nanosleep -> 0x0
             exe-1049673 [001] ..... 1635978.172206: sys_nanosleep(rqtp: c000069f10, rmtp: 0)
             exe-1050233 [003] ..... 1635978.172207: sys_ptrace -> 0x0
             exe-1050233 [003] ..... 1635978.172209: sys_ptrace(request: 1f, pid: 1006a4, addr: 0, data: 0)
             exe-1050233 [003] .N... 1635978.172216: sys_ptrace -> 0x0
             exe-1050276 [003] ..... 1635978.172226: sys_recvmmsg -> 0xffffffffffffffea
             exe-1050233 [003] ..... 1635978.172246: sys_wait4(upid: 1006a4, stat_addr: c000a29bf4, options: 40000002, ru: 0)
             exe-1049567 [000] ..... 1635978.172248: sys_nanosleep -> 0x0
             exe-1050233 [003] ..... 1635978.172249: sys_wait4 -> 0x1006a4
             exe-1050233 [003] ..... 1635978.172251: sys_ptrace(request: 4204, pid: 1006a4, addr: 1, data: c000a29c70)
             exe-1049567 [000] ..... 1635978.172251: sys_nanosleep(rqtp: c000069f10, rmtp: 0)
             exe-1050233 [003] ..... 1635978.172255: sys_ptrace -> 0x0
             exe-1050233 [003] ..... 1635978.172257: sys_ptrace(request: 4204, pid: 1006a4, addr: 202, data: c000a29c70)
             exe-1050233 [003] ..... 1635978.172259: sys_ptrace -> 0x0
             exe-1050233 [003] ..... 1635978.172269: sys_pwrite64(fd: 63, buf: 7fd66edcc080, count: 3e, pos: 40)
             exe-1050233 [003] ..... 1635978.172270: tracing_mark_write: recvmmsg(fd=317, mmsg=0x1, vlen=7, flags=0x7, timeout=0x1) end
             exe-1050233 [003] ..... 1635978.238526: tracing_mark_write: recvmmsg(fd=312, mmsg=0x7fc3cd800000, vlen=8, flags=0x7, timeout=0x7fc3cd800000) start
             exe-1050233 [003] ..... 1635978.238527: sys_pwrite64 -> 0x56
             exe-1050233 [003] ..... 1635978.238534: sys_ptrace(request: 4205, pid: 1006a4, addr: 1, data: c000a29c70)
             exe-1049567 [000] ..... 1635978.238536: sys_nanosleep -> 0x0
             exe-1049896 [001] ..... 1635978.238536: sys_epoll_pwait -> 0x0
             exe-1050233 [003] ..... 1635978.238537: sys_ptrace -> 0x0
             exe-1049567 [000] ..... 1635978.238538: sys_nanosleep(rqtp: c000069f10, rmtp: 0)
             exe-1050233 [003] ..... 1635978.238538: sys_ptrace(request: 4205, pid: 1006a4, addr: 202, data: c000a29c70)
             exe-1050233 [003] ..... 1635978.238569: sys_ptrace -> 0x0
             exe-1049896 [001] ..... 1635978.238569: sys_epoll_pwait(epfd: 11, events: c000599840, maxevents: 80, timeout: 1, sigmask: 0, sigsetsize: 0)
             exe-1050233 [003] ..... 1635978.238571: sys_ptrace(request: 1f, pid: 1006a4, addr: 0, data: 0)
             exe-1050233 [003] .N... 1635978.238578: sys_ptrace -> 0x0
             exe-1050276 [003] ..... 1635978.238589: sys_write -> 0x56
             exe-1049673 [001] ..... 1635978.238592: sys_nanosleep -> 0x0
             exe-1049673 [001] ..... 1635978.238600: sys_nanosleep(rqtp: c000069f10, rmtp: 0)
             exe-1050233 [003] ..... 1635978.238609: sys_wait4(upid: 1006a4, stat_addr: c000a29bf4, options: 40000002, ru: 0)
             exe-1050233 [003] ..... 1635978.238612: sys_wait4 -> 0x1006a4
             exe-1050233 [003] ..... 1635978.238614: sys_ptrace(request: 4204, pid: 1006a4, addr: 1, data: c000a29c70)
             exe-1050233 [003] ..... 1635978.238618: sys_ptrace -> 0x0
             exe-1050233 [003] ..... 1635978.238619: sys_ptrace(request: 4204, pid: 1006a4, addr: 202, data: c000a29c70)
             exe-1050233 [003] ..... 1635978.238622: sys_ptrace -> 0x0
             exe-1050233 [003] ..... 1635978.238629: sys_ptrace(request: 4205, pid: 1006a4, addr: 1, data: c000a29c70)
             exe-1050233 [003] ..... 1635978.238631: sys_ptrace -> 0x0
             exe-1050233 [003] ..... 1635978.238633: sys_ptrace(request: 4205, pid: 1006a4, addr: 202, data: c000a29c70)
             exe-1050233 [003] ..... 1635978.238642: sys_ptrace -> 0x0
             exe-1050233 [003] ..... 1635978.238644: sys_ptrace(request: 1f, pid: 1006a4, addr: 0, data: 0)
             exe-1050233 [003] .N... 1635978.238650: sys_ptrace -> 0x0
             exe-1050276 [003] ..... 1635978.238661: sys_recvmmsg -> 0xffffffffffffffea
