             exe-1050233 [000] ..... 1635981.340087: sys_ptrace -> 0x0
             exe-1050233 [000] ..... 1635981.340088: sys_ptrace(request: 4205, pid: 1006a4, addr: 202, data: c008aa3c70)
             exe-1050233 [000] ..... 1635981.340097: sys_ptrace -> 0x0
             exe-1050233 [000] ..... 1635981.340098: sys_ptrace(request: 1f, pid: 1006a4, addr: 0, data: 0)
             exe-1050233 [000] .N... 1635981.340104: sys_ptrace -> 0x0
             exe-1050276 [000] ..... 1635981.340114: sys_recvmmsg -> 0xffffffffffffffea
             exe-1050233 [000] ..... 1635981.340131: sys_wait4(upid: 1006a4, stat_addr: c008aa3bf4, options: 40000002, ru: 0)
             exe-1050233 [000] ..... 1635981.340133: sys_wait4 -> 0x1006a4
             exe-1050233 [000] ..... 1635981.340135: sys_ptrace(request: 4204, pid: 1006a4, addr: 1, data: c008aa3c70)
             exe-1050233 [000] ..... 1635981.340138: sys_ptrace -> 0x0
             exe-1050233 [000] ..... 1635981.340139: sys_ptrace(request: 4204, pid: 1006a4, addr: 202, data: c008aa3c70)
             exe-1050233 [000] ..... 1635981.340142: sys_ptrace -> 0x0
             exe-1050233 [000] ..... 1635981.340150: sys_pwrite64(fd: 63, buf: 7fd66edcc080, count: 54, pos: 56)
             exe-1050233 [000] ..... 1635981.340152: tracing_mark_write: recvmmsg(fd=329, mmsg=0x7fc3cd400000, vlen=4, flags=0xe, timeout=0x7fc3cd400000) end
             exe-1050233 [000] ..... 1635981.403340: tracing_mark_write: recvmmsg(fd=337, mmsg=0x7fc3cf1f0000, vlen=8, flags=0xe, timeout=0x7fc3cf1f0004) start
             exe-1050233 [000] ..... 1635981.403342: sys_pwrite64 -> 0x56
             exe-1050233 [000] ..... 1635981.403349: sys_ptrace(request: 4205, pid: 1006a4, addr: 1, data: c008aa3c70)
             exe-1050233 [000] ..... 1635981.403352: sys_ptrace -> 0x0
             exe-1050233 [000] ..... 1635981.403385: sys_ptrace(request: 4205, pid: 1006a4, addr: 202, data: c008aa3c70)
             exe-1050008 [000] ..... 1635981.403392: sys_epoll_pwait -> 0x0
             exe-1049673 [001] ..... 1635981.403400: sys_nanosleep -> 0x0
             exe-1050008 [000] ..... 1635981.403413: sys_futex(uaddr: c00097a548, op: 81, val: 1, utime: 0, uaddr2: 0, val3: 0)
             exe-1049673 [001] ..... 1635981.403413: sys_futex(uaddr: 1f09dc0, op: 80, val: 0, utime: c000069eb0, uaddr2: 0, val3: 0)
             exe-1050008 [000] ..... 1635981.403427: sys_futex -> 0x1
             exe-1049567 [001] ..... 1635981.403430: sys_nanosleep -> 0x0
             exe-1049567 [001] ..... 1635981.403435: sys_nanosleep(rqtp: c000069f10, rmtp: 0)
             exe-1050008 [000] ..... 1635981.403445: sys_epoll_pwait(epfd: 11, events: c000a2d840, maxevents: 80, timeout: 9, sigmask: 0, sigsetsize: 0)
             exe-1050233 [000] ..... 1635981.403467: sys_ptrace -> 0x0
             exe-1050233 [000] ..... 1635981.403471: sys_ptrace(request: 1f, pid: 1006a4, addr: 0, data: 0)
             exe-1050233 [000] .N... 1635981.403476: sys_ptrace -> 0x0
             exe-1050276 [000] ..... 1635981.403486: sys_write -> 0x56
             exe-1050233 [000] ..... 1635981.403509: sys_wait4(upid: 1006a4, stat_addr: c008aa3bf4, options: 40000002, ru: 0)
             exe-1050233 [000] ..... 1635981.403511: sys_wait4 -> 0x1006a4
             exe-1050233 [000] ..... 1635981.403514: sys_ptrace(request: 4204, pid: 1006a4, addr: 1, data: c008aa3c70)
             exe-1050233 [000] ..... 1635981.403518: sys_ptrace -> 0x0
             exe-1050233 [000] ..... 1635981.403520: sys_ptrace(request: 4204, pid: 1006a4, addr: 202, data: c008aa3c70)
             exe-1050233 [000] ..... 1635981.403523: sys_ptrace -> 0x0
             exe-1050233 [000] ..... 1635981.403530: sys_ptrace(request: 4205, pid: 1006a4, addr: 1, data: c008aa3c70)
             exe-1050233 [000] ..... 1635981.403532: sys_ptrace -> 0x0
             exe-1049567 [001] ..... 1635981.403532: sys_nanosleep -> 0x0
             exe-1050233 [000] ..... 1635981.403534: sys_ptrace(request: 4205, pid: 1006a4, addr: 202, data: c008aa3c70)
             exe-1049567 [001] ..... 1635981.403536: sys_nanosleep(rqtp: c000069f10, rmtp: 0)
             exe-1050233 [000] ..... 1635981.403544: sys_ptrace -> 0x0
             exe-1050233 [000] ..... 1635981.403546: sys_ptrace(request: 1f, pid: 1006a4, addr: 0, data: 0)
             exe-1050233 [000] .N... 1635981.403553: sys_ptrace -> 0x0
             exe-1050276 [000] ..... 1635981.403564: sys_recvmmsg -> 0xffffffffffffffea
             exe-1050233 [000] ..... 1635981.403584: sys_wait4(upid: 1006a4, stat_addr: c008aa3bf4, options: 40000002, ru: 0)
             exe-1050233 [000] ..... 1635981.403586: sys_wait4 -> 0x1006a4
             exe-1050233 [000] ..... 1635981.403589: sys_ptrace(request: 4204, pid: 1006a4, addr: 1, data: c008aa3c70)
             exe-1050233 [000] ..... 1635981.403592: sys_ptrace -> 0x0
             exe-1050233 [000] ..... 1635981.403594: sys_ptrace(request: 4204, pid: 1006a4, addr: 202, data: c008aa3c70)
             exe-1050233 [000] ..... 1635981.403596: sys_ptrace -> 0x0
             exe-1050233 [000] ..... 1635981.403606: sys_pwrite64(fd: 63, buf: 7fd66edcc080, count: 54, pos: 56)
             exe-1050233 [000] ..... 1635981.403608: tracing_mark_write: recvmmsg(fd=337, mmsg=0x7fc3cf1f0000, vlen=8, flags=0xe, timeout=0x7fc3cf1f0004) end
             exe-1050233 [000] ..... 1635981.463629: tracing_mark_write: recvmmsg(fd=347, mmsg=0x0, vlen=4096, flags=0xe, timeout=0x7fc3cd600000) start
             exe-1050233 [000] ..... 1635981.463630: sys_pwrite64 -> 0x4e
             exe-1050233 [000] ..... 1635981.463637: sys_ptrace(request: 4205, pid: 1006a4, addr: 1, data: c008aa3c70)
             exe-1050233 [000] ..... 1635981.463640: sys_ptrace -> 0x0
             exe-1050233 [000] ..... 1635981.463641: sys_ptrace(request: 4205, pid: 1006a4, addr: 202, data: c008aa3c70)
             exe-1050233 [000] ..... 1635981.463653: sys_ptrace -> 0x0
             exe-1050233 [000] ..... 1635981.463655: sys_ptrace(request: 1f, pid: 1006a4, addr: 0, data: 0)
             exe-1050233 [000] .N... 1635981.463663: sys_ptrace -> 0x0
             exe-1050276 [000] ..... 1635981.463674: sys_write -> 0x4e
             exe-1049673 [001] ..... 1635981.463682: sys_nanosleep -> 0x0
             exe-1049673 [001] ..... 1635981.463689: sys_futex(uaddr: 1f09dc0, op: 80, val: 0, utime: c000069eb0, uaddr2: 0, val3: 0)
             exe-1050233 [000] ..... 1635981.463694: sys_wait4(upid: 1006a4, stat_addr: c008aa3bf4, options: 40000002, ru: 0)
             exe-1050233 [000] ..... 1635981.463697: sys_wait4 -> 0x1006a4
             exe-1050233 [000] ..... 1635981.463700: sys_ptrace(request: 4204, pid: 1006a4, addr: 1, data: c008aa3c70)
             exe-1050233 [000] ..... 1635981.463704: sys_ptrace -> 0x0
             exe-1050233 [000] ..... 1635981.463705: sys_ptrace(request: 4204, pid: 1006a4, addr: 202, data: c008aa3c70)
             exe-1049567 [001] ..... 1635981.463705: sys_nanosleep -> 0x0
             exe-1050233 [000] ..... 1635981.463708: sys_ptrace -> 0x0
             exe-1049567 [001] ..... 1635981.463711: sys_nanosleep(rqtp: c000069f10, rmtp: 0)
             exe-1050233 [000] ..... 1635981.463714: sys_ptrace(request: 4205, pid: 1006a4, addr: 1, data: c008aa3c70)
             exe-1050233 [000] ..... 1635981.463717: sys_ptrace -> 0x0
             exe-1050233 [000] ..... 1635981.463718: sys_ptrace(request: 4205, pid: 1006a4, addr: 202, data: c008aa3c70)
             exe-1050233 [000] ..... 1635981.463728: sys_ptrace -> 0x0
             exe-1050233 [000] ..... 1635981.463730: sys_ptrace(request: 1f, pid: 1006a4, addr: 0, data: 0)
             exe-1050233 [000] .N... 1635981.463737: sys_ptrace -> 0x0
             exe-1050276 [000] ..... 1635981.463748: sys_recvmmsg -> 0xffffffffffffffea
             exe-1050233 [000] ..... 1635981.463767: sys_wait4(upid: 1006a4, stat_addr: c008aa3bf4, options: 40000002, ru: 0)
             exe-1050233 [000] ..... 1635981.463770: sys_wait4 -> 0x1006a4
             exe-1050233 [000] ..... 1635981.463772: sys_ptrace(request: 4204, pid: 1006a4, addr: 1, data: c008aa3c70)
             exe-1050233 [000] ..... 1635981.463776: sys_ptrace -> 0x0
             exe-1050233 [000] ..... 1635981.463778: sys_ptrace(request: 4204, pid: 1006a4, addr: 202, data: c008aa3c70)
             exe-1050233 [000] ..... 1635981.463780: sys_ptrace -> 0x0
             exe-1050233 [000] ..... 1635981.463790: sys_pwrite64(fd: 63, buf: 7fd66edcc080, count: 4c, pos: 4e)
             exe-1050233 [000] ..... 1635981.463791: tracing_mark_write: recvmmsg(fd=347, mmsg=0x0, vlen=4096, flags=0xe, timeout=0x7fc3cd600000) end
             exe-1050233 [000] ..... 1635981.523629: tracing_mark_write: recvmmsg(fd=340, mmsg=0x7fc3cf1f0000, vlen=1, flags=0xe, timeout=0x7fc3cf1f3000) start
             exe-1050233 [000] ..... 1635981.523631: sys_pwrite64 -> 0x56
             exe-1050233 [000] ..... 1635981.523637: sys_ptrace(request: 4205, pid: 1006a4, addr: 1, data: c008aa3c70)
             exe-1050233 [000] ..... 1635981.523640: sys_ptrace -> 0x0
             exe-1050233 [000] ..... 1635981.523642: sys_ptrace(request: 4205, pid: 1006a4, addr: 202, data: c008aa3c70)
             exe-1050233 [000] ..... 1635981.523653: sys_ptrace -> 0x0
             exe-1050233 [000] ..... 1635981.523655: sys_ptrace(request: 1f, pid: 1006a4, addr: 0, data: 0)
             exe-1050233 [000] .N... 1635981.523663: sys_ptrace -> 0x0
             exe-1050276 [000] ..... 1635981.523674: sys_write -> 0x56
             exe-1050233 [000] ..... 1635981.523693: sys_wait4(upid: 1006a4, stat_addr: c008aa3bf4, options: 40000002, ru: 0)
             exe-1050233 [000] ..... 1635981.523696: sys_wait4 -> 0x1006a4
             exe-1050233 [000] ..... 1635981.523698: sys_ptrace(request: 4204, pid: 1006a4, addr: 1, data: c008aa3c70)
             exe-1049567 [001] ..... 1635981.523701: sys_nanosleep -> 0x0
             exe-1050233 [000] ..... 1635981.523702: sys_ptrace -> 0x0
             exe-1050233 [000] ..... 1635981.523704: sys_ptrace(request: 4204, pid: 1006a4, addr: 202, data: c008aa3c70)
             exe-1049567 [001] ..... 1635981.523706: sys_nanosleep(rqtp: c000069f10, rmtp: 0)
             exe-1050233 [000] ..... 1635981.523707: sys_ptrace -> 0x0
             exe-1050233 [000] ..... 1635981.523713: sys_ptrace(request: 4205, pid: 1006a4, addr: 1, data: c008aa3c70)
             exe-1050233 [000] ..... 1635981.523716: sys_ptrace -> 0x0
             exe-1050233 [000] ..... 1635981.523717: sys_ptrace(request: 4205, pid: 1006a4, addr: 202, data: c008aa3c70)
             exe-1049673 [001] ..... 1635981.523726: sys_nanosleep -> 0x0
             exe-1050233 [000] ..... 1635981.523727: sys_ptrace -> 0x0
             exe-1050233 [000] ..... 1635981.523729: sys_ptrace(request: 1f, pid: 1006a4, addr: 0, data: 0)
             exe-1049673 [001] ..... 1635981.523731: sys_nanosleep(rqtp: c000069f10, rmtp: 0)
             exe-1050233 [000] .N... 1635981.523735: sys_ptrace -> 0x0
             exe-1050276 [000] ..... 1635981.523746: sys_recvmmsg -> 0xffffffffffffffea
             exe-1050233 [000] ..... 1635981.523765: sys_wait4(upid: 1006a4, stat_addr: c008aa3bf4, options: 40000002, ru: 0)
             exe-1050233 [000] ..... 1635981.523768: sys_wait4 -> 0x1006a4
             exe-1050233 [000] ..... 1635981.523770: sys_ptrace(request: 4204, pid: 1006a4, addr: 1, data: c008aa3c70)
             exe-1050233 [000] ..... 1635981.523774: sys_ptrace -> 0x0
             exe-1050233 [000] ..... 1635981.523775: sys_ptrace(request: 4204, pid: 1006a4, addr: 202, data: c008aa3c70)
             exe-1050233 [000] ..... 1635981.523778: sys_ptrace -> 0x0
             exe-1050233 [000] ..... 1635981.523787: sys_pwrite64(fd: 63, buf: 7fd66edcc080, count: 54, pos: 56)
             exe-1050233 [000] ..... 1635981.523788: tracing_mark_write: recvmmsg(fd=340, mmsg=0x7fc3cf1f0000, vlen=1, flags=0xe, timeout=0x7fc3cf1f3000) end
             exe-1050233 [000] ..... 1635981.591182: tracing_mark_write: recvmmsg(fd=342, mmsg=0x0, vlen=8, flags=0xe, timeout=0x8) start
             exe-1050233 [000] ..... 1635981.591184: sys_pwrite64 -> 0x40
             exe-1049673 [001] ..... 1635981.591188: sys_nanosleep -> 0x0
             exe-1050233 [000] ..... 1635981.591190: sys_ptrace(request: 4205, pid: 1006a4, addr: 1, data: c008aa3c70)
             exe-1049673 [001] ..... 1635981.591191: sys_futex(uaddr: 1f09dc0, op: 80, val: 0, utime: c000069eb0, uaddr2: 0, val3: 0)
             exe-1050233 [000] ..... 1635981.591193: sys_ptrace -> 0x0
             exe-1050233 [000] ..... 1635981.591194: sys_ptrace(request: 4205, pid: 1006a4, addr: 202, data: c008aa3c70)
             exe-1050233 [000] ..... 1635981.591204: sys_ptrace -> 0x0
             exe-1050233 [000] ..... 1635981.591206: sys_ptrace(request: 1f, pid: 1006a4, addr: 0, data: 0)
             exe-1050233 [000] .N... 1635981.591212: sys_ptrace -> 0x0
             exe-1050276 [000] ..... 1635981.591222: sys_write -> 0x40
             exe-1050233 [000] ..... 1635981.591238: sys_wait4(upid: 1006a4, stat_addr: c008aa3bf4, options: 40000002, ru: 0)
             exe-1050233 [000] ..... 1635981.591241: sys_wait4 -> 0x1006a4
             exe-1050233 [000] ..... 1635981.591243: sys_ptrace(request: 4204, pid: 1006a4, addr: 1, data: c008aa3c70)
             exe-1050233 [000] ..... 1635981.591247: sys_ptrace -> 0x0
             exe-1050233 [000] ..... 1635981.591248: sys_ptrace(request: 4204, pid: 1006a4, addr: 202, data: c008aa3c70)
             exe-1050233 [000] ..... 1635981.591250: sys_ptrace -> 0x0
             exe-1050233 [000] ..... 1635981.591256: sys_ptrace(request: 4205, pid: 1006a4, addr: 1, data: c008aa3c70)
             exe-1050233 [000] ..... 1635981.591258: sys_ptrace -> 0x0
             exe-1050233 [000] ..... 1635981.591259: sys_ptrace(request: 4205, pid: 1006a4, addr: 202, data: c008aa3c70)
             exe-1050233 [000] ..... 1635981.591268: sys_ptrace -> 0x0
             exe-1050233 [000] ..... 1635981.591269: sys_ptrace(request: 1f, pid: 1006a4, addr: 0, data: 0)
             exe-1050233 [000] .N... 1635981.591275: sys_ptrace -> 0x0
             exe-1050276 [000] ..... 1635981.591284: sys_recvmmsg -> 0xffffffffffffffea
             exe-1050233 [000] ..... 1635981.591301: sys_wait4(upid: 1006a4, stat_addr: c008aa3bf4, options: 40000002, ru: 0)
             exe-1050233 [000] ..... 1635981.591303: sys_wait4 -> 0x1006a4
             exe-1050233 [000] ..... 1635981.591305: sys_ptrace(request: 4204, pid: 1006a4, addr: 1, data: c008aa3c70)
             exe-1050233 [000] ..... 1635981.591308: sys_ptrace -> 0x0
             exe-1050233 [000] ..... 1635981.591310: sys_ptrace(request: 4204, pid: 1006a4, addr: 202, data: c008aa3c70)
             exe-1050233 [000] ..... 1635981.591312: sys_ptrace -> 0x0
             exe-1050233 [000] ..... 1635981.591320: sys_pwrite64(fd: 63, buf: 7fd66edcc080, count: 3e, pos: 40)
             exe-1050233 [000] ..... 1635981.591321: tracing_mark_write: recvmmsg(fd=342, mmsg=0x0, vlen=8, flags=0xe, timeout=0x8) end
             exe-1050233 [001] ..... 1635981.650011: tracing_mark_write: recvmmsg(fd=346, mmsg=0x4, vlen=4096, flags=0xe, timeout=0x7fc3cd800000) start
             exe-1050233 [001] ..... 1635981.650012: sys_pwrite64 -> 0x4e
             exe-1050233 [001] ..... 1635981.650020: sys_ptrace(request: 4205, pid: 1006a4, addr: 1, data: c008aa3c70)
             exe-1050233 [001] ..... 1635981.650023: sys_ptrace -> 0x0
             exe-1050233 [001] ..... 1635981.650024: sys_ptrace(request: 4205, pid: 1006a4, addr: 202, data: c008aa3c70)
             exe-1050233 [001] ..... 1635981.650064: sys_ptrace -> 0x0
             exe-1050233 [001] ..... 1635981.650067: sys_ptrace(request: 1f, pid: 1006a4, addr: 0, data: 0)
             exe-1050233 [001] ..... 1635981.650079: sys_ptrace -> 0x0
             exe-1050233 [001] ..... 1635981.650081: sys_wait4(upid: 1006a4, stat_addr: c008aa3bf4, options: 40000002, ru: 0)
             exe-1050276 [000] ..... 1635981.650092: sys_write -> 0x4e
             exe-1049673 [001] ..... 1635981.650095: sys_nanosleep -> 0x0
             exe-1049673 [001] ..... 1635981.650111: sys_nanosleep(rqtp: c000069f10, rmtp: 0)
             exe-1050233 [001] ..... 1635981.650135: sys_wait4 -> 0x1006a4
             exe-1050233 [001] ..... 1635981.650141: sys_ptrace(request: 4204, pid: 1006a4, addr: 1, data: c008aa3c70)
             exe-1050233 [001] ..... 1635981.650146: sys_ptrace -> 0x0
             exe-1050233 [001] ..... 1635981.650148: sys_ptrace(request: 4204, pid: 1006a4, addr: 202, data: c008aa3c70)
             exe-1050233 [001] ..... 1635981.650151: sys_ptrace -> 0x0
             exe-1050233 [001] ..... 1635981.650159: sys_ptrace(request: 4205, pid: 1006a4, addr: 1, data: c008aa3c70)
             exe-1050233 [001] ..... 1635981.650162: sys_ptrace -> 0x0
             exe-1050233 [001] ..... 1635981.650163: sys_ptrace(request: 4205, pid: 1006a4, addr: 202, data: c008aa3c70)
             exe-1050233 [001] ..... 1635981.650175: sys_ptrace -> 0x0
             exe-1050233 [001] ..... 1635981.650176: sys_ptrace(request: 1f, pid: 1006a4, addr: 0, data: 0)
             exe-1049567 [003] ..... 1635981.650182: sys_nanosleep -> 0x0
             exe-1049567 [003] ..... 1635981.650187: sys_nanosleep(rqtp: c000069f10, rmtp: 0)
             exe-1050276 [000] ..... 1635981.650209: sys_recvmmsg -> 0xffffffffffffffea
             exe-1050233 [001] ..... 1635981.650213: sys_ptrace -> 0x0
             exe-1050233 [001] ..... 1635981.650216: sys_wait4(upid: 1006a4, stat_addr: c008aa3bf4, options: 40000002, ru: 0)
             exe-1050233 [001] ..... 1635981.650217: sys_wait4 -> 0x1006a4
             exe-1050233 [001] ..... 1635981.650219: sys_ptrace(request: 4204, pid: 1006a4, addr: 1, data: c008aa3c70)
             exe-1050233 [001] ..... 1635981.650221: sys_ptrace -> 0x0
             exe-1050233 [001] ..... 1635981.650223: sys_ptrace(request: 4204, pid: 1006a4, addr: 202, data: c008aa3c70)
             exe-1050233 [001] ..... 1635981.650225: sys_ptrace -> 0x0
             exe-1050233 [001] ..... 1635981.650238: sys_pwrite64(fd: 63, buf: 7fd66edcc080, count: 4c, pos: 4e)
             exe-1050233 [001] ..... 1635981.650240: tracing_mark_write: recvmmsg(fd=346, mmsg=0x4, vlen=4096, flags=0xe, timeout=0x7fc3cd800000) end
             exe-1050233 [001] ..... 1635981.707953: tracing_mark_write: recvmmsg(fd=326, mmsg=0x4, vlen=4096, flags=0xe, timeout=0x7fc3cf1f0000) start
             exe-1050233 [001] ..... 1635981.707955: sys_pwrite64 -> 0x4e
             exe-1050233 [001] ..... 1635981.707959: sys_ptrace(request: 4205, pid: 1006a4, addr: 1, data: c008aa3c70)
             exe-1050233 [001] ..... 1635981.707962: sys_ptrace -> 0x0
             exe-1050233 [001] ..... 1635981.707963: sys_ptrace(request: 4205, pid: 1006a4, addr: 202, data: c008aa3c70)
             exe-1050233 [001] ..... 1635981.707970: sys_ptrace -> 0x0
             exe-1050233 [001] ..... 1635981.707972: sys_ptrace(request: 1f, pid: 1006a4, addr: 0, data: 0)
             exe-1050233 [001] ..... 1635981.707981: sys_ptrace -> 0x0
             exe-1050233 [001] ..... 1635981.707983: sys_wait4(upid: 1006a4, stat_addr: c008aa3bf4, options: 40000002, ru: 0)
             exe-1050276 [000] ..... 1635981.707997: sys_write -> 0x4e
             exe-1050233 [001] ..... 1635981.708013: sys_wait4 -> 0x1006a4
             exe-1050233 [001] ..... 1635981.708016: sys_ptrace(request: 4204, pid: 1006a4, addr: 1, data: c008aa3c70)
             exe-1050233 [001] ..... 1635981.708018: sys_ptrace -> 0x0
             exe-1050233 [001] ..... 1635981.708020: sys_ptrace(request: 4204, pid: 1006a4, addr: 202, data: c008aa3c70)
             exe-1050233 [001] ..... 1635981.708022: sys_ptrace -> 0x0
             exe-1050233 [001] ..... 1635981.708027: sys_ptrace(request: 4205, pid: 1006a4, addr: 1, data: c008aa3c70)
             exe-1050233 [001] ..... 1635981.708030: sys_ptrace -> 0x0
             exe-1050233 [001] ..... 1635981.708031: sys_ptrace(request: 4205, pid: 1006a4, addr: 202, data: c008aa3c70)
             exe-1050233 [001] ..... 1635981.708038: sys_ptrace -> 0x0
             exe-1050233 [001] ..... 1635981.708040: sys_ptrace(request: 1f, pid: 1006a4, addr: 0, data: 0)
             exe-1049673 [002] ..... 1635981.708044: sys_nanosleep -> 0x0
             exe-1049673 [002] ..... 1635981.708048: sys_nanosleep(rqtp: c000069f10, rmtp: 0)
             exe-1050233 [001] ..... 1635981.708049: sys_ptrace -> 0x0
             exe-1050233 [001] ..... 1635981.708051: sys_wait4(upid: 1006a4, stat_addr: c008aa3bf4, options: 40000002, ru: 0)
             exe-1049567 [003] ..... 1635981.708057: sys_nanosleep -> 0x0
             exe-1050276 [000] ..... 1635981.708063: sys_recvmmsg -> 0xffffffffffffffea
             exe-1049567 [003] ..... 1635981.708063: sys_nanosleep(rqtp: c000069f10, rmtp: 0)
             exe-1050233 [001] ..... 1635981.708078: sys_wait4 -> 0x1006a4
             exe-1050233 [001] ..... 1635981.708080: sys_ptrace(request: 4204, pid: 1006a4, addr: 1, data: c008aa3c70)
             exe-1050233 [001] ..... 1635981.708082: sys_ptrace -> 0x0
             exe-1050233 [001] ..... 1635981.708084: sys_ptrace(request: 4204, pid: 1006a4, addr: 202, data: c008aa3c70)
             exe-1050233 [001] ..... 1635981.708086: sys_ptrace -> 0x0
             exe-1050233 [001] ..... 1635981.708091: sys_pwrite64(fd: 63, buf: 7fd66edcc080, count: 4c, pos: 4e)
             exe-1050233 [001] ..... 1635981.708092: tracing_mark_write: recvmmsg(fd=326, mmsg=0x4, vlen=4096, flags=0xe, timeout=0x7fc3cf1f0000) end
             exe-1050233 [001] ..... 1635981.787899: tracing_mark_write: recvmmsg(fd=323, mmsg=0x0, vlen=0xf7f7, flags=0xf, timeout=0x7fc3cf1f3000) start
             exe-1050233 [001] ..... 1635981.787901: sys_pwrite64 -> 0x50
             exe-1050233 [001] ..... 1635981.787906: sys_ptrace(request: 4205, pid: 1006a4, addr: 1, data: c008aa3c70)
             exe-1050233 [001] ..... 1635981.787908: sys_ptrace -> 0x0
             exe-1050233 [001] ..... 1635981.787910: sys_ptrace(request: 4205, pid: 1006a4, addr: 202, data: c008aa3c70)
             exe-1050233 [001] ..... 1635981.787917: sys_ptrace -> 0x0
             exe-1050233 [001] ..... 1635981.787919: sys_ptrace(request: 1f, pid: 1006a4, addr: 0, data: 0)
             exe-1050233 [001] ..... 1635981.787929: sys_ptrace -> 0x0
             exe-1050233 [001] ..... 1635981.787931: sys_wait4(upid: 1006a4, stat_addr: c008aa3bf4, options: 40000002, ru: 0)
             exe-1050276 [000] ..... 1635981.787948: sys_write -> 0x50
             exe-1049567 [003] ..... 1635981.787948: sys_nanosleep -> 0x0
             exe-1049567 [003] ..... 1635981.787956: sys_nanosleep(rqtp: c000069f10, rmtp: 0)
             exe-1050233 [001] ..... 1635981.787967: sys_wait4 -> 0x1006a4
             exe-1050233 [001] ..... 1635981.787970: sys_ptrace(request: 4204, pid: 1006a4, addr: 1, data: c008aa3c70)
             exe-1050233 [001] ..... 1635981.787972: sys_ptrace -> 0x0
             exe-1050233 [001] ..... 1635981.787973: sys_ptrace(request: 4204, pid: 1006a4, addr: 202, data: c008aa3c70)
             exe-1050233 [001] ..... 1635981.787976: sys_ptrace -> 0x0
             exe-1050233 [001] ..... 1635981.787980: sys_ptrace(request: 4205, pid: 1006a4, addr: 1, data: c008aa3c70)
             exe-1050233 [001] ..... 1635981.787983: sys_ptrace -> 0x0
             exe-1050233 [001] ..... 1635981.787984: sys_ptrace(request: 4205, pid: 1006a4, addr: 202, data: c008aa3c70)
             exe-1050233 [001] ..... 1635981.787990: sys_ptrace -> 0x0
             exe-1050233 [001] ..... 1635981.787992: sys_ptrace(request: 1f, pid: 1006a4, addr: 0, data: 0)
             exe-1050233 [001] ..... 1635981.788001: sys_ptrace -> 0x0
             exe-1050233 [001] ..... 1635981.788003: sys_wait4(upid: 1006a4, stat_addr: c008aa3bf4, options: 40000002, ru: 0)
             exe-1050276 [000] ..... 1635981.788017: sys_recvmmsg -> 0xffffffffffffffea
             exe-1050233 [001] ..... 1635981.788035: sys_wait4 -> 0x1006a4
             exe-1050233 [001] ..... 1635981.788037: sys_ptrace(request: 4204, pid: 1006a4, addr: 1, data: c008aa3c70)
             exe-1050233 [001] ..... 1635981.788040: sys_ptrace -> 0x0
             exe-1050233 [001] ..... 1635981.788041: sys_ptrace(request: 4204, pid: 1006a4, addr: 202, data: c008aa3c70)
             exe-1050233 [001] ..... 1635981.788043: sys_ptrace -> 0x0
             exe-1049567 [003] ..... 1635981.788045: sys_nanosleep -> 0x0
             exe-1050233 [001] ..... 1635981.788048: sys_pwrite64(fd: 63, buf: 7fd66edcc080, count: 4e, pos: 50)
             exe-1050233 [001] ..... 1635981.788050: tracing_mark_write: recvmmsg(fd=323, mmsg=0x0, vlen=0xf7f7, flags=0xf, timeout=0x7fc3cf1f3000) end
             exe-1050233 [001] ..... 1635981.843517: tracing_mark_write: recvmmsg(fd=345, mmsg=0x1, vlen=4, flags=0xf, timeout=0x1) start
             exe-1050233 [001] ..... 1635981.843519: sys_pwrite64 -> 0x40
             exe-1050233 [001] ..... 1635981.843523: sys_ptrace(request: 4205, pid: 1006a4, addr: 1, data: c008aa3c70)
             exe-1050233 [001] ..... 1635981.843526: sys_ptrace -> 0x0
             exe-1049673 [002] ..... 1635981.843526: sys_nanosleep -> 0x0
             exe-1050233 [001] ..... 1635981.843527: sys_ptrace(request: 4205, pid: 1006a4, addr: 202, data: c008aa3c70)
             exe-1050233 [001] ..... 1635981.843535: sys_ptrace -> 0x0
             exe-1049673 [002] ..... 1635981.843535: sys_nanosleep(rqtp: c000069f10, rmtp: 0)
             exe-1050233 [001] ..... 1635981.843537: sys_ptrace(request: 1f, pid: 1006a4, addr: 0, data: 0)
             exe-1050233 [001] ..... 1635981.843547: sys_ptrace -> 0x0
             exe-1050233 [001] ..... 1635981.843549: sys_wait4(upid: 1006a4, stat_addr: c008aa3bf4, options: 40000002, ru: 0)
             exe-1049567 [002] ..... 1635981.843567: sys_nanosleep -> 0x0
             exe-1050276 [000] ..... 1635981.843574: sys_write -> 0x40
             exe-1049567 [002] ..... 1635981.843575: sys_nanosleep(rqtp: c000069f10, rmtp: 0)
             exe-1050233 [001] ..... 1635981.843599: sys_wait4 -> 0x1006a4
             exe-1050233 [001] ..... 1635981.843601: sys_ptrace(request: 4204, pid: 1006a4, addr: 1, data: c008aa3c70)
             exe-1050233 [001] ..... 1635981.843603: sys_ptrace -> 0x0
             exe-1050233 [001] ..... 1635981.843605: sys_ptrace(request: 4204, pid: 1006a4, addr: 202, data: c008aa3c70)
             exe-1050233 [001] ..... 1635981.843607: sys_ptrace -> 0x0
             exe-1050233 [001] ..... 1635981.843612: sys_ptrace(request: 4205, pid: 1006a4, addr: 1, data: c008aa3c70)
             exe-1050233 [001] ..... 1635981.843614: sys_ptrace -> 0x0
             exe-1050233 [001] ..... 1635981.843615: sys_ptrace(request: 4205, pid: 1006a4, addr: 202, data: c008aa3c70)
             exe-1050233 [001] ..... 1635981.843621: sys_ptrace -> 0x0
             exe-1050233 [001] ..... 1635981.843623: sys_ptrace(request: 1f, pid: 1006a4, addr: 0, data: 0)
             exe-1050233 [001] ..... 1635981.843632: sys_ptrace -> 0x0
             exe-1050233 [001] ..... 1635981.843633: sys_wait4(upid: 1006a4, stat_addr: c008aa3bf4, options: 40000002, ru: 0)
             exe-1049673 [002] ..... 1635981.843651: sys_nanosleep -> 0x0
             exe-1050276 [000] ..... 1635981.843652: sys_recvmmsg -> 0xffffffffffffffea
             exe-1049673 [002] ..... 1635981.843660: sys_nanosleep(rqtp: c000069f10, rmtp: 0)
             exe-1050233 [001] ..... 1635981.843669: sys_wait4 -> 0x1006a4
             exe-1050233 [001] ..... 1635981.843672: sys_ptrace(request: 4204, pid: 1006a4, addr: 1, data: c008aa3c70)
             exe-1050233 [001] ..... 1635981.843674: sys_ptrace -> 0x0
             exe-1050233 [001] ..... 1635981.843676: sys_ptrace(request: 4204, pid: 1006a4, addr: 202, data: c008aa3c70)
             exe-1050233 [001] ..... 1635981.843678: sys_ptrace -> 0x0
             exe-1050233 [001] ..... 1635981.843683: sys_pwrite64(fd: 63, buf: 7fd66edcc080, count: 3e, pos: 40)
             exe-1050233 [001] ..... 1635981.843684: tracing_mark_write: recvmmsg(fd=345, mmsg=0x1, vlen=4, flags=0xf, timeout=0x1) end
             exe-1050233 [001] ..... 1635981.907708: tracing_mark_write: recvmmsg(fd=297, mmsg=0x7fc3cd600000, vlen=0xfff9, flags=0xf, timeout=0x7fc3cd600004) start
             exe-1050233 [001] ..... 1635981.907710: sys_pwrite64 -> 0x5b
             exe-1050233 [001] ..... 1635981.907714: sys_ptrace(request: 4205, pid: 1006a4, addr: 1, data: c008aa3c70)
             exe-1050233 [001] ..... 1635981.907717: sys_ptrace -> 0x0
             exe-1050233 [001] ..... 1635981.907718: sys_ptrace(request: 4205, pid: 1006a4, addr: 202, data: c008aa3c70)
             exe-1049673 [002] ..... 1635981.907721: sys_nanosleep(rqtp: c000069f10, rmtp: 0)
             exe-1050233 [001] ..... 1635981.907726: sys_ptrace -> 0x0
             exe-1050233 [001] ..... 1635981.907727: sys_ptrace(request: 1f, pid: 1006a4, addr: 0, data: 0)
             exe-1050233 [001] ..... 1635981.907742: sys_ptrace -> 0x0
             exe-1050233 [001] ..... 1635981.907744: sys_wait4(upid: 1006a4, stat_addr: c008aa3bf4, options: 40000002, ru: 0)
             exe-1050276 [000] ..... 1635981.907763: sys_write -> 0x5b
             exe-1050233 [001] ..... 1635981.907782: sys_wait4 -> 0x1006a4
             exe-1050233 [001] ..... 1635981.907784: sys_ptrace(request: 4204, pid: 1006a4, addr: 1, data: c008aa3c70)
             exe-1050233 [001] ..... 1635981.907787: sys_ptrace -> 0x0
             exe-1050233 [001] ..... 1635981.907788: sys_ptrace(request: 4204, pid: 1006a4, addr: 202, data: c008aa3c70)
             exe-1050233 [001] ..... 1635981.907790: sys_ptrace -> 0x0
             exe-1050233 [001] ..... 1635981.907795: sys_ptrace(request: 4205, pid: 1006a4, addr: 1, data: c008aa3c70)
             exe-1050233 [001] ..... 1635981.907798: sys_ptrace -> 0x0
             exe-1050233 [001] ..... 1635981.907799: sys_ptrace(request: 4205, pid: 1006a4, addr: 202, data: c008aa3c70)
             exe-1050233 [001] ..... 1635981.907805: sys_ptrace -> 0x0
             exe-1050233 [001] ..... 1635981.907807: sys_ptrace(request: 1f, pid: 1006a4, addr: 0, data: 0)
             exe-1050233 [001] ..... 1635981.907813: sys_ptrace -> 0x0
             exe-1050233 [001] ..... 1635981.907815: sys_wait4(upid: 1006a4, stat_addr: c008aa3bf4, options: 40000002, ru: 0)
             exe-1049567 [002] ..... 1635981.907817: sys_nanosleep -> 0x0
             exe-1050276 [000] ..... 1635981.907819: sys_recvmmsg -> 0xffffffffffffffea
             exe-1049567 [002] ..... 1635981.907825: sys_nanosleep(rqtp: c000069f10, rmtp: 0)
             exe-1050233 [001] ..... 1635981.907831: sys_wait4 -> 0x1006a4
             exe-1050233 [001] ..... 1635981.907834: sys_ptrace(request: 4204, pid: 1006a4, addr: 1, data: c008aa3c70)
             exe-1050233 [001] ..... 1635981.907836: sys_ptrace -> 0x0
             exe-1050233 [001] ..... 1635981.907837: sys_ptrace(request: 4204, pid: 1006a4, addr: 202, data: c008aa3c70)
             exe-1050233 [001] ..... 1635981.907839: sys_ptrace -> 0x0
             exe-1050233 [001] ..... 1635981.907844: sys_pwrite64(fd: 63, buf: 7fd66edcc080, count: 59, pos: 5b)
             exe-1050233 [001] ..... 1635981.907846: tracing_mark_write: recvmmsg(fd=297, mmsg=0x7fc3cd600000, vlen=0xfff9, flags=0xf, timeout=0x7fc3cd600004) end
             exe-1050233 [001] ..... 1635981.977136: tracing_mark_write: recvmmsg(fd=296, mmsg=0x4, vlen=0, flags=0xf, timeout=0xc) start
             exe-1050233 [001] ..... 1635981.977138: sys_pwrite64 -> 0x40
             exe-1049673 [002] ..... 1635981.977139: sys_nanosleep -> 0x0
             exe-1050233 [001] ..... 1635981.977144: sys_ptrace(request: 4205, pid: 1006a4, addr: 1, data: c008aa3c70)
             exe-1049673 [002] ..... 1635981.977145: sys_nanosleep(rqtp: c000069f10, rmtp: 0)
             exe-1050233 [001] ..... 1635981.977147: sys_ptrace -> 0x0
             exe-1050233 [001] ..... 1635981.977149: sys_ptrace(request: 4205, pid: 1006a4, addr: 202, data: c008aa3c70)
             exe-1050233 [001] ..... 1635981.977159: sys_ptrace -> 0x0
             exe-1050233 [001] ..... 1635981.977161: sys_ptrace(request: 1f, pid: 1006a4, addr: 0, data: 0)
             exe-1049567 [002] ..... 1635981.977166: sys_nanosleep -> 0x0
             exe-1049567 [002] ..... 1635981.977171: sys_nanosleep(rqtp: c000069f10, rmtp: 0)
             exe-1050233 [001] ..... 1635981.977173: sys_ptrace -> 0x0
             exe-1050233 [001] ..... 1635981.977175: sys_wait4(upid: 1006a4, stat_addr: c008aa3bf4, options: 40000002, ru: 0)
             exe-1050276 [000] ..... 1635981.977187: sys_write -> 0x40
             exe-1050233 [001] ..... 1635981.977210: sys_wait4 -> 0x1006a4
             exe-1050233 [001] ..... 1635981.977212: sys_ptrace(request: 4204, pid: 1006a4, addr: 1, data: c008aa3c70)
             exe-1050233 [001] ..... 1635981.977216: sys_ptrace -> 0x0
             exe-1050233 [001] ..... 1635981.977217: sys_ptrace(request: 4204, pid: 1006a4, addr: 202, data: c008aa3c70)
             exe-1050233 [001] ..... 1635981.977219: sys_ptrace -> 0x0
             exe-1050233 [001] ..... 1635981.977225: sys_ptrace(request: 4205, pid: 1006a4, addr: 1, data: c008aa3c70)
             exe-1050233 [001] ..... 1635981.977227: sys_ptrace -> 0x0
             exe-1050233 [001] ..... 1635981.977229: sys_ptrace(request: 4205, pid: 1006a4, addr: 202, data: c008aa3c70)
             exe-1050233 [001] ..... 1635981.977235: sys_ptrace -> 0x0
             exe-1050233 [001] ..... 1635981.977237: sys_ptrace(request: 1f, pid: 1006a4, addr: 0, data: 0)
             exe-1050233 [001] ..... 1635981.977247: sys_ptrace -> 0x0
             exe-1049567 [002] ..... 1635981.977247: sys_nanosleep -> 0x0
             exe-1050233 [001] ..... 1635981.977249: sys_wait4(upid: 1006a4, stat_addr: c008aa3bf4, options: 40000002, ru: 0)
             exe-1049567 [002] ..... 1635981.977250: sys_nanosleep(rqtp: c000069f10, rmtp: 0)
             exe-1050276 [000] ..... 1635981.977261: sys_recvmmsg -> 0xffffffffffffffea
             exe-1049673 [002] ..... 1635981.977267: sys_nanosleep -> 0x0
             exe-1049673 [002] ..... 1635981.977274: sys_nanosleep(rqtp: c000069f10, rmtp: 0)
             exe-1050233 [001] ..... 1635981.977282: sys_wait4 -> 0x1006a4
             exe-1050233 [001] ..... 1635981.977285: sys_ptrace(request: 4204, pid: 1006a4, addr: 1, data: c008aa3c70)
             exe-1050233 [001] ..... 1635981.977287: sys_ptrace -> 0x0
             exe-1050233 [001] ..... 1635981.977289: sys_ptrace(request: 4204, pid: 1006a4, addr: 202, data: c008aa3c70)
             exe-1050233 [001] ..... 1635981.977291: sys_ptrace -> 0x0
             exe-1050233 [001] ..... 1635981.977298: sys_pwrite64(fd: 63, buf: 7fd66edcc080, count: 3e, pos: 40)
             exe-1050233 [001] ..... 1635981.977299: tracing_mark_write: recvmmsg(fd=296, mmsg=0x4, vlen=0, flags=0xf, timeout=0xc) end
             exe-1050233 [001] ..... 1635982.044690: tracing_mark_write: recvmmsg(fd=342, mmsg=0x7fc3ce500000, vlen=16, flags=0xf, timeout=0x7fc3ce500004) start
             exe-1050233 [001] ..... 1635982.044692: sys_pwrite64 -> 0x57
             exe-1050233 [001] ..... 1635982.044698: sys_ptrace(request: 4205, pid: 1006a4, addr: 1, data: c008aa3c70)
             exe-1050233 [001] ..... 1635982.044700: sys_ptrace -> 0x0
             exe-1050233 [001] ..... 1635982.044702: sys_ptrace(request: 4205, pid: 1006a4, addr: 202, data: c008aa3c70)
             exe-1050233 [001] ..... 1635982.044711: sys_ptrace -> 0x0
             exe-1050233 [001] ..... 1635982.044713: sys_ptrace(request: 1f, pid: 1006a4, addr: 0, data: 0)
             exe-1050233 [001] ..... 1635982.044720: sys_ptrace -> 0x0
             exe-1050233 [001] ..... 1635982.044722: sys_wait4(upid: 1006a4, stat_addr: c008aa3bf4, options: 40000002, ru: 0)
             exe-1050276 [001] ..... 1635982.044734: sys_write -> 0x57
             exe-1050233 [001] ..... 1635982.044753: sys_wait4 -> 0x1006a4
             exe-1050233 [001] ..... 1635982.044756: sys_ptrace(request: 4204, pid: 1006a4, addr: 1, data: c008aa3c70)
             exe-1050233 [001] ..... 1635982.044759: sys_ptrace -> 0x0
             exe-1050233 [001] ..... 1635982.044761: sys_ptrace(request: 4204, pid: 1006a4, addr: 202, data: c008aa3c70)
             exe-1050233 [001] ..... 1635982.044764: sys_ptrace -> 0x0
             exe-1050233 [001] ..... 1635982.044770: sys_ptrace(request: 4205, pid: 1006a4, addr: 1, data: c008aa3c70)
             exe-1050233 [001] ..... 1635982.044772: sys_ptrace -> 0x0
             exe-1050233 [001] ..... 1635982.044774: sys_ptrace(request: 4205, pid: 1006a4, addr: 202, data: c008aa3c70)
             exe-1050233 [001] ..... 1635982.044783: sys_ptrace -> 0x0
             exe-1050233 [001] ..... 1635982.044785: sys_ptrace(request: 1f, pid: 1006a4, addr: 0, data: 0)
             exe-1050233 [001] ..... 1635982.044790: sys_ptrace -> 0x0
             exe-1050233 [001] ..... 1635982.044792: sys_wait4(upid: 1006a4, stat_addr: c008aa3bf4, options: 40000002, ru: 0)
             exe-1050276 [001] ..... 1635982.044804: sys_recvmmsg -> 0xffffffffffffffea
             exe-1050233 [001] ..... 1635982.044822: sys_wait4 -> 0x1006a4
             exe-1050233 [001] ..... 1635982.044825: sys_ptrace(request: 4204, pid: 1006a4, addr: 1, data: c008aa3c70)
             exe-1050233 [001] ..... 1635982.044829: sys_ptrace -> 0x0
             exe-1050233 [001] ..... 1635982.044831: sys_ptrace(request: 4204, pid: 1006a4, addr: 202, data: c008aa3c70)
             exe-1050233 [001] ..... 1635982.044833: sys_ptrace -> 0x0
             exe-1050233 [001] ..... 1635982.044842: sys_pwrite64(fd: 63, buf: 7fd66edcc080, count: 55, pos: 57)
             exe-1050233 [001] ..... 1635982.044843: tracing_mark_write: recvmmsg(fd=342, mmsg=0x7fc3ce500000, vlen=16, flags=0xf, timeout=0x7fc3ce500004) end
             exe-1050233 [001] ..... 1635982.132375: tracing_mark_write: recvmmsg(fd=347, mmsg=0x7fc3ce500000, vlen=-4095, flags=0xf, timeout=0x7fc3cf1f1000) start
             exe-1050233 [001] ..... 1635982.132377: sys_pwrite64 -> 0x5a
             exe-1050233 [001] ..... 1635982.132384: sys_ptrace(request: 4205, pid: 1006a4, addr: 1, data: c008aa3c70)
             exe-1050233 [001] ..... 1635982.132387: sys_ptrace -> 0x0
             exe-1050233 [001] ..... 1635982.132389: sys_ptrace(request: 4205, pid: 1006a4, addr: 202, data: c008aa3c70)
             exe-1050233 [001] ..... 1635982.132401: sys_ptrace -> 0x0
             exe-1049673 [002] ..... 1635982.132402: sys_nanosleep -> 0x0
             exe-1050233 [001] ..... 1635982.132403: sys_ptrace(request: 1f, pid: 1006a4, addr: 0, data: 0)
             exe-1049673 [002] ..... 1635982.132404: sys_nanosleep(rqtp: c000069f10, rmtp: 0)
             exe-1050233 [001] .N... 1635982.132411: sys_ptrace -> 0x0
             exe-1050276 [001] ..... 1635982.132423: sys_write -> 0x5a
             exe-1050233 [001] ..... 1635982.132442: sys_wait4(upid: 1006a4, stat_addr: c008aa3bf4, options: 40000002, ru: 0)
             exe-1050233 [001] ..... 1635982.132445: sys_wait4 -> 0x1006a4
             exe-1050233 [001] ..... 1635982.132447: sys_ptrace(request: 4204, pid: 1006a4, addr: 1, data: c008aa3c70)
             exe-1050233 [001] ..... 1635982.132451: sys_ptrace -> 0x0
             exe-1050233 [001] ..... 1635982.132453: sys_ptrace(request: 4204, pid: 1006a4, addr: 202, data: c008aa3c70)
             exe-1050233 [001] ..... 1635982.132456: sys_ptrace -> 0x0
             exe-1050233 [001] ..... 1635982.132463: sys_ptrace(request: 4205, pid: 1006a4, addr: 1, data: c008aa3c70)
             exe-1050233 [001] ..... 1635982.132466: sys_ptrace -> 0x0
             exe-1050233 [001] ..... 1635982.132468: sys_ptrace(request: 4205, pid: 1006a4, addr: 202, data: c008aa3c70)
             exe-1050233 [001] ..... 1635982.132477: sys_ptrace -> 0x0
             exe-1050233 [001] ..... 1635982.132479: sys_ptrace(request: 1f, pid: 1006a4, addr: 0, data: 0)
             exe-1050233 [001] .N... 1635982.132486: sys_ptrace -> 0x0
             exe-1050276 [001] ..... 1635982.132496: sys_recvmmsg -> 0xffffffffffffffea
             exe-1049673 [002] ..... 1635982.132497: sys_nanosleep -> 0x0
             exe-1049673 [002] ..... 1635982.132499: sys_nanosleep(rqtp: c000069f10, rmtp: 0)
             exe-1050233 [001] ..... 1635982.132515: sys_wait4(upid: 1006a4, stat_addr: c008aa3bf4, options: 40000002, ru: 0)
             exe-1050233 [001] ..... 1635982.132518: sys_wait4 -> 0x1006a4
             exe-1050233 [001] ..... 1635982.132520: sys_ptrace(request: 4204, pid: 1006a4, addr: 1, data: c008aa3c70)
             exe-1050233 [001] ..... 1635982.132524: sys_ptrace -> 0x0
             exe-1050233 [001] ..... 1635982.132526: sys_ptrace(request: 4204, pid: 1006a4, addr: 202, data: c008aa3c70)
             exe-1050233 [001] ..... 1635982.132529: sys_ptrace -> 0x0
             exe-1050233 [001] ..... 1635982.132539: sys_pwrite64(fd: 63, buf: 7fd66edcc080, count: 58, pos: 5a)
             exe-1050233 [001] ..... 1635982.132540: tracing_mark_write: recvmmsg(fd=347, mmsg=0x7fc3ce500000, vlen=-4095, flags=0xf, timeout=0x7fc3cf1f1000) end
             exe-1050233 [001] ..... 1635982.203374: tracing_mark_write: recvmmsg(fd=313, mmsg=0x7fc3cd600000, vlen=4, flags=0xf, timeout=0x7fc3cd900000) start
             exe-1050233 [001] ..... 1635982.203376: sys_pwrite64 -> 0x56
             exe-1050233 [001] ..... 1635982.203382: sys_ptrace(request: 4205, pid: 1006a4, addr: 1, data: c008aa3c70)
             exe-1050233 [001] ..... 1635982.203385: sys_ptrace -> 0x0
             exe-1050233 [001] ..... 1635982.203386: sys_ptrace(request: 4205, pid: 1006a4, addr: 202, data: c008aa3c70)
             exe-1050233 [001] ..... 1635982.203397: sys_ptrace -> 0x0
             exe-1050233 [001] ..... 1635982.203399: sys_ptrace(request: 1f, pid: 1006a4, addr: 0, data: 0)
             exe-1050233 [001] .N... 1635982.203406: sys_ptrace -> 0x0
             exe-1050276 [001] ..... 1635982.203416: sys_write -> 0x56
             exe-1050233 [001] ..... 1635982.203434: sys_wait4(upid: 1006a4, stat_addr: c008aa3bf4, options: 40000002, ru: 0)
             exe-1050233 [001] ..... 1635982.203436: sys_wait4 -> 0x1006a4
             exe-1050233 [001] ..... 1635982.203438: sys_ptrace(request: 4204, pid: 1006a4, addr: 1, data: c008aa3c70)
             exe-1050233 [001] ..... 1635982.203442: sys_ptrace -> 0x0
             exe-1050233 [001] ..... 1635982.203443: sys_ptrace(request: 4204, pid: 1006a4, addr: 202, data: c008aa3c70)
             exe-1050233 [001] ..... 1635982.203446: sys_ptrace -> 0x0
             exe-1050233 [001] ..... 1635982.203452: sys_ptrace(request: 4205, pid: 1006a4, addr: 1, data: c008aa3c70)
             exe-1050233 [001] ..... 1635982.203454: sys_ptrace -> 0x0
             exe-1050233 [001] ..... 1635982.203455: sys_ptrace(request: 4205, pid: 1006a4, addr: 202, data: c008aa3c70)
             exe-1050233 [001] ..... 1635982.203465: sys_ptrace -> 0x0
             exe-1050233 [001] ..... 1635982.203467: sys_ptrace(request: 1f, pid: 1006a4, addr: 0, data: 0)
             exe-1050233 [001] .N... 1635982.203473: sys_ptrace -> 0x0
             exe-1050276 [001] ..... 1635982.203483: sys_recvmmsg -> 0xffffffffffffffea
             exe-1050233 [001] ..... 1635982.203500: sys_wait4(upid: 1006a4, stat_addr: c008aa3bf4, options: 40000002, ru: 0)
             exe-1050233 [001] ..... 1635982.203502: sys_wait4 -> 0x1006a4
             exe-1050233 [001] ..... 1635982.203504: sys_ptrace(request: 4204, pid: 1006a4, addr: 1, data: c008aa3c70)
             exe-1050233 [001] ..... 1635982.203508: sys_ptrace -> 0x0
             exe-1050233 [001] ..... 1635982.203510: sys_ptrace(request: 4204, pid: 1006a4, addr: 202, data: c008aa3c70)
             exe-1050233 [001] ..... 1635982.203512: sys_ptrace -> 0x0
             exe-1050233 [001] ..... 1635982.203521: sys_pwrite64(fd: 63, buf: 7fd66edcc080, count: 54, pos: 56)
             exe-1050233 [001] ..... 1635982.203523: tracing_mark_write: recvmmsg(fd=313, mmsg=0x7fc3cd600000, vlen=4, flags=0xf, timeout=0x7fc3cd900000) end
             exe-1050233 [001] ..... 1635982.280204: tracing_mark_write: recvmmsg(fd=338, mmsg=0x7fc3cd200000, vlen=64, flags=0xf, timeout=0x7fc3cf1f1000) start
             exe-1050233 [001] ..... 1635982.280206: sys_pwrite64 -> 0x57
             exe-1049567 [002] ..... 1635982.280208: sys_nanosleep -> 0x0
             exe-1049567 [002] ..... 1635982.280211: sys_nanosleep(rqtp: c000069f10, rmtp: 0)
             exe-1050233 [001] ..... 1635982.280211: sys_ptrace(request: 4205, pid: 1006a4, addr: 1, data: c008aa3c70)
             exe-1050233 [001] ..... 1635982.280213: sys_ptrace -> 0x0
             exe-1050233 [001] ..... 1635982.280214: sys_ptrace(request: 4205, pid: 1006a4, addr: 202, data: c008aa3c70)
             exe-1050233 [001] ..... 1635982.280223: sys_ptrace -> 0x0
             exe-1050233 [001] ..... 1635982.280225: sys_ptrace(request: 1f, pid: 1006a4, addr: 0, data: 0)
             exe-1049673 [002] ..... 1635982.280225: sys_nanosleep -> 0x0
             exe-1049673 [002] ..... 1635982.280230: sys_nanosleep(rqtp: c000069f10, rmtp: 0)
             exe-1050233 [001] .N... 1635982.280230: sys_ptrace -> 0x0
             exe-1050276 [001] ..... 1635982.280239: sys_write -> 0x57
             exe-1050233 [001] ..... 1635982.280255: sys_wait4(upid: 1006a4, stat_addr: c008aa3bf4, options: 40000002, ru: 0)
             exe-1050233 [001] ..... 1635982.280257: sys_wait4 -> 0x1006a4
             exe-1050233 [001] ..... 1635982.280259: sys_ptrace(request: 4204, pid: 1006a4, addr: 1, data: c008aa3c70)
             exe-1050233 [001] ..... 1635982.280262: sys_ptrace -> 0x0
             exe-1050233 [001] ..... 1635982.280263: sys_ptrace(request: 4204, pid: 1006a4, addr: 202, data: c008aa3c70)
             exe-1050233 [001] ..... 1635982.280265: sys_ptrace -> 0x0
             exe-1050233 [001] ..... 1635982.280270: sys_ptrace(request: 4205, pid: 1006a4, addr: 1, data: c008aa3c70)
             exe-1050233 [001] ..... 1635982.280272: sys_ptrace -> 0x0
             exe-1050233 [001] ..... 1635982.280273: sys_ptrace(request: 4205, pid: 1006a4, addr: 202, data: c008aa3c70)
             exe-1050233 [001] ..... 1635982.280281: sys_ptrace -> 0x0
             exe-1050233 [001] ..... 1635982.280282: sys_ptrace(request: 1f, pid: 1006a4, addr: 0, data: 0)
             exe-1050233 [001] .N... 1635982.280287: sys_ptrace -> 0x0
             exe-1050276 [001] ..... 1635982.280296: sys_recvmmsg -> 0xffffffffffffffea
             exe-1050233 [001] ..... 1635982.280311: sys_wait4(upid: 1006a4, stat_addr: c008aa3bf4, options: 40000002, ru: 0)
             exe-1050233 [001] ..... 1635982.280313: sys_wait4 -> 0x1006a4
             exe-1050233 [001] ..... 1635982.280315: sys_ptrace(request: 4204, pid: 1006a4, addr: 1, data: c008aa3c70)
             exe-1049567 [002] ..... 1635982.280318: sys_nanosleep -> 0x0
             exe-1050233 [001] ..... 1635982.280319: sys_ptrace -> 0x0
             exe-1050233 [001] ..... 1635982.280320: sys_ptrace(request: 4204, pid: 1006a4, addr: 202, data: c008aa3c70)
             exe-1050233 [001] ..... 1635982.280322: sys_ptrace -> 0x0
             exe-1049567 [002] ..... 1635982.280323: sys_nanosleep(rqtp: c000069f10, rmtp: 0)
             exe-1050233 [001] ..... 1635982.280329: sys_pwrite64(fd: 63, buf: 7fd66edcc080, count: 55, pos: 57)
             exe-1050233 [001] ..... 1635982.280330: tracing_mark_write: recvmmsg(fd=338, mmsg=0x7fc3cd200000, vlen=64, flags=0xf, timeout=0x7fc3cf1f1000) end
             exe-1050233 [001] ..... 1635982.351682: tracing_mark_write: recvmmsg(fd=327, mmsg=0x8, vlen=4096, flags=0xf, timeout=0x7fc3cf1f3000) start
             exe-1050233 [001] ..... 1635982.351684: sys_pwrite64 -> 0x4e
             exe-1050233 [001] ..... 1635982.351689: sys_ptrace(request: 4205, pid: 1006a4, addr: 1, data: c008aa3c70)
             exe-1050233 [001] ..... 1635982.351692: sys_ptrace -> 0x0
             exe-1050233 [001] ..... 1635982.351693: sys_ptrace(request: 4205, pid: 1006a4, addr: 202, data: c008aa3c70)
             exe-1050233 [001] ..... 1635982.351704: sys_ptrace -> 0x0
             exe-1050233 [001] ..... 1635982.351706: sys_ptrace(request: 1f, pid: 1006a4, addr: 0, data: 0)
             exe-1050233 [001] .N... 1635982.351713: sys_ptrace -> 0x0
             exe-1050276 [001] ..... 1635982.351723: sys_write -> 0x4e
             exe-1050233 [001] ..... 1635982.351742: sys_wait4(upid: 1006a4, stat_addr: c008aa3bf4, options: 40000002, ru: 0)
             exe-1050233 [001] ..... 1635982.351745: sys_wait4 -> 0x1006a4
             exe-1050233 [001] ..... 1635982.351747: sys_ptrace(request: 4204, pid: 1006a4, addr: 1, data: c008aa3c70)
             exe-1050233 [001] ..... 1635982.351751: sys_ptrace -> 0x0
             exe-1050233 [001] ..... 1635982.351752: sys_ptrace(request: 4204, pid: 1006a4, addr: 202, data: c008aa3c70)
             exe-1050233 [001] ..... 1635982.351755: sys_ptrace -> 0x0
             exe-1049673 [002] ..... 1635982.351755: sys_nanosleep -> 0x0
             exe-1049673 [002] ..... 1635982.351758: sys_nanosleep(rqtp: c000069f10, rmtp: 0)
             exe-1050233 [001] ..... 1635982.351761: sys_ptrace(request: 4205, pid: 1006a4, addr: 1, data: c008aa3c70)
             exe-1050233 [001] ..... 1635982.351763: sys_ptrace -> 0x0
             exe-1050233 [001] ..... 1635982.351764: sys_ptrace(request: 4205, pid: 1006a4, addr: 202, data: c008aa3c70)
             exe-1050233 [001] ..... 1635982.351774: sys_ptrace -> 0x0
             exe-1049567 [002] ..... 1635982.351774: sys_nanosleep -> 0x0
             exe-1050233 [001] ..... 1635982.351776: sys_ptrace(request: 1f, pid: 1006a4, addr: 0, data: 0)
             exe-1049567 [002] ..... 1635982.351779: sys_nanosleep(rqtp: c000069f10, rmtp: 0)
             exe-1050233 [001] .N... 1635982.351782: sys_ptrace -> 0x0
