             exe-1050233 [003] ..... 1635978.238680: sys_wait4(upid: 1006a4, stat_addr: c000a29bf4, options: 40000002, ru: 0)
             exe-1050233 [003] ..... 1635978.238683: sys_wait4 -> 0x1006a4
             exe-1050233 [003] ..... 1635978.238685: sys_ptrace(request: 4204, pid: 1006a4, addr: 1, data: c000a29c70)
             exe-1050233 [003] ..... 1635978.238689: sys_ptrace -> 0x0
             exe-1049567 [000] ..... 1635978.238690: sys_nanosleep -> 0x0
             exe-1050233 [003] ..... 1635978.238691: sys_ptrace(request: 4204, pid: 1006a4, addr: 202, data: c000a29c70)
             exe-1049567 [000] ..... 1635978.238693: sys_nanosleep(rqtp: c000069f10, rmtp: 0)
             exe-1050233 [003] ..... 1635978.238693: sys_ptrace -> 0x0
             exe-1050233 [003] ..... 1635978.238703: sys_pwrite64(fd: 63, buf: 7fd66edcc080, count: 54, pos: 56)
             exe-1050233 [003] ..... 1635978.238704: tracing_mark_write: recvmmsg(fd=312, mmsg=0x7fc3cd800000, vlen=8, flags=0x7, timeout=0x7fc3cd800000) end
             exe-1050233 [003] ..... 1635978.304889: tracing_mark_write: recvmmsg(fd=336, mmsg=0x8, vlen=4096, flags=0x7, timeout=0x7fc3cd400000) start
             exe-1049567 [000] ..... 1635978.304889: sys_nanosleep(rqtp: c000069f10, rmtp: 0)
             exe-1050233 [003] ..... 1635978.304891: sys_pwrite64 -> 0x4e
             exe-1050233 [003] ..... 1635978.304897: sys_ptrace(request: 4205, pid: 1006a4, addr: 1, data: c000a29c70)
             exe-1050233 [003] ..... 1635978.304900: sys_ptrace -> 0x0
             exe-1050233 [003] ..... 1635978.304902: sys_ptrace(request: 4205, pid: 1006a4, addr: 202, data: c000a29c70)
             exe-1050233 [003] ..... 1635978.304938: sys_ptrace -> 0x0
             exe-1050233 [003] ..... 1635978.304941: sys_ptrace(request: 1f, pid: 1006a4, addr: 0, data: 0)
             exe-1050233 [003] .N... 1635978.304949: sys_ptrace -> 0x0
             exe-1050276 [003] ..... 1635978.304961: sys_write -> 0x4e
             exe-1049567 [000] ..... 1635978.304980: sys_nanosleep -> 0x0
             exe-1050233 [003] ..... 1635978.304982: sys_wait4(upid: 1006a4, stat_addr: c000a29bf4, options: 40000002, ru: 0)
             exe-1049567 [000] ..... 1635978.304983: sys_nanosleep(rqtp: c000069f10, rmtp: 0)
             exe-1050233 [003] ..... 1635978.304985: sys_wait4 -> 0x1006a4
             exe-1050233 [003] ..... 1635978.304987: sys_ptrace(request: 4204, pid: 1006a4, addr: 1, data: c000a29c70)
             exe-1050233 [003] ..... 1635978.304991: sys_ptrace -> 0x0
             exe-1050233 [003] ..... 1635978.304993: sys_ptrace(request: 4204, pid: 1006a4, addr: 202, data: c000a29c70)
             exe-1050233 [003] ..... 1635978.304996: sys_ptrace -> 0x0
             exe-1050233 [003] ..... 1635978.305002: sys_ptrace(request: 4205, pid: 1006a4, addr: 1, data: c000a29c70)
             exe-1050233 [003] ..... 1635978.305005: sys_ptrace -> 0x0
             exe-1050233 [003] ..... 1635978.305006: sys_ptrace(request: 4205, pid: 1006a4, addr: 202, data: c000a29c70)
             exe-1050233 [003] ..... 1635978.305017: sys_ptrace -> 0x0
             exe-1050233 [003] ..... 1635978.305019: sys_ptrace(request: 1f, pid: 1006a4, addr: 0, data: 0)
             exe-1050233 [003] .N... 1635978.305025: sys_ptrace -> 0x0
             exe-1050276 [003] ..... 1635978.305036: sys_recvmmsg -> 0xffffffffffffffea
             exe-1050233 [003] ..... 1635978.305065: sys_wait4(upid: 1006a4, stat_addr: c000a29bf4, options: 40000002, ru: 0)
             exe-1050233 [003] ..... 1635978.305068: sys_wait4 -> 0x1006a4
             exe-1050233 [003] ..... 1635978.305070: sys_ptrace(request: 4204, pid: 1006a4, addr: 1, data: c000a29c70)
             exe-1050233 [003] ..... 1635978.305074: sys_ptrace -> 0x0
             exe-1050233 [003] ..... 1635978.305076: sys_ptrace(request: 4204, pid: 1006a4, addr: 202, data: c000a29c70)
             exe-1050233 [003] ..... 1635978.305078: sys_ptrace -> 0x0
             exe-1049567 [000] ..... 1635978.305080: sys_nanosleep -> 0x0
             exe-1049567 [000] ..... 1635978.305082: sys_nanosleep(rqtp: c000069f10, rmtp: 0)
             exe-1050233 [003] ..... 1635978.305089: sys_pwrite64(fd: 63, buf: 7fd66edcc080, count: 4c, pos: 4e)
             exe-1050233 [003] ..... 1635978.305091: tracing_mark_write: recvmmsg(fd=336, mmsg=0x8, vlen=4096, flags=0x7, timeout=0x7fc3cd400000) end
             exe-1050233 [003] ..... 1635978.384663: tracing_mark_write: recvmmsg(fd=329, mmsg=0x7fc3cf1f1000, vlen=0xfffffffffffe0000, flags=0x7, timeout=0x7fc3cf1f1004) start
             exe-1050233 [003] ..... 1635978.384665: sys_pwrite64 -> 0x67
             exe-1050233 [003] ..... 1635978.384687: sys_ptrace(request: 4205, pid: 1006a4, addr: 1, data: c000a29c70)
             exe-1050233 [003] ..... 1635978.384691: sys_ptrace -> 0x0
             exe-1049673 [001] ..... 1635978.384692: sys_nanosleep -> 0x0
             exe-1050233 [003] ..... 1635978.384692: sys_ptrace(request: 4205, pid: 1006a4, addr: 202, data: c000a29c70)
             exe-1049567 [000] ..... 1635978.384693: sys_nanosleep -> 0x0
             exe-1049673 [001] ..... 1635978.384695: sys_nanosleep(rqtp: c000069f10, rmtp: 0)
             exe-1049567 [000] ..... 1635978.384696: sys_nanosleep(rqtp: c000069f10, rmtp: 0)
             exe-1050233 [003] ..... 1635978.384705: sys_ptrace -> 0x0
             exe-1050233 [003] ..... 1635978.384707: sys_ptrace(request: 1f, pid: 1006a4, addr: 0, data: 0)
             exe-1050233 [003] .N... 1635978.384714: sys_ptrace -> 0x0
             exe-1050276 [003] ..... 1635978.384725: sys_write -> 0x67
             exe-1050233 [003] ..... 1635978.384747: sys_wait4(upid: 1006a4, stat_addr: c000a29bf4, options: 40000002, ru: 0)
             exe-1050233 [003] ..... 1635978.384750: sys_wait4 -> 0x1006a4
             exe-1050233 [003] ..... 1635978.384752: sys_ptrace(request: 4204, pid: 1006a4, addr: 1, data: c000a29c70)
             exe-1050233 [003] ..... 1635978.384756: sys_ptrace -> 0x0
             exe-1050233 [003] ..... 1635978.384758: sys_ptrace(request: 4204, pid: 1006a4, addr: 202, data: c000a29c70)
             exe-1050233 [003] ..... 1635978.384760: sys_ptrace -> 0x0
             exe-1050233 [003] ..... 1635978.384767: sys_ptrace(request: 4205, pid: 1006a4, addr: 1, data: c000a29c70)
             exe-1050233 [003] ..... 1635978.384769: sys_ptrace -> 0x0
             exe-1050233 [003] ..... 1635978.384771: sys_ptrace(request: 4205, pid: 1006a4, addr: 202, data: c000a29c70)
             exe-1050233 [003] ..... 1635978.384781: sys_ptrace -> 0x0
             exe-1050233 [003] ..... 1635978.384783: sys_ptrace(request: 1f, pid: 1006a4, addr: 0, data: 0)
             exe-1049673 [001] ..... 1635978.384788: sys_nanosleep -> 0x0
             exe-1050233 [003] .N... 1635978.384789: sys_ptrace -> 0x0
             exe-1049673 [001] ..... 1635978.384791: sys_nanosleep(rqtp: c000069f10, rmtp: 0)
             exe-1049567 [000] ..... 1635978.384794: sys_nanosleep -> 0x0
             exe-1049567 [000] ..... 1635978.384797: sys_nanosleep(rqtp: c000069f10, rmtp: 0)
             exe-1050276 [003] ..... 1635978.384800: sys_recvmmsg -> 0xffffffffffffffea
             exe-1050233 [003] ..... 1635978.384819: sys_wait4(upid: 1006a4, stat_addr: c000a29bf4, options: 40000002, ru: 0)
             exe-1050233 [003] ..... 1635978.384822: sys_wait4 -> 0x1006a4
             exe-1050233 [003] ..... 1635978.384824: sys_ptrace(request: 4204, pid: 1006a4, addr: 1, data: c000a29c70)
             exe-1050233 [003] ..... 1635978.384828: sys_ptrace -> 0x0
             exe-1050233 [003] ..... 1635978.384830: sys_ptrace(request: 4204, pid: 1006a4, addr: 202, data: c000a29c70)
             exe-1050233 [003] ..... 1635978.384832: sys_ptrace -> 0x0
             exe-1050233 [003] ..... 1635978.384842: sys_pwrite64(fd: 63, buf: 7fd66edcc080, count: 65, pos: 67)
             exe-1050233 [003] ..... 1635978.384843: tracing_mark_write: recvmmsg(fd=329, mmsg=0x7fc3cf1f1000, vlen=0xfffffffffffe0000, flags=0x7, timeout=0x7fc3cf1f1004) end
             exe-1050233 [003] ..... 1635978.441529: tracing_mark_write: recvmmsg(fd=334, mmsg=0x7fc3cd400000, vlen=7, flags=0x7, timeout=0x7fc3cf1f2000) start
             exe-1050233 [003] ..... 1635978.441531: sys_pwrite64 -> 0x56
             exe-1050233 [003] ..... 1635978.441538: sys_ptrace(request: 4205, pid: 1006a4, addr: 1, data: c000a29c70)
             exe-1050233 [003] ..... 1635978.441541: sys_ptrace -> 0x0
             exe-1050233 [003] ..... 1635978.441542: sys_ptrace(request: 4205, pid: 1006a4, addr: 202, data: c000a29c70)
             exe-1050233 [003] ..... 1635978.441554: sys_ptrace -> 0x0
             exe-1050233 [003] ..... 1635978.441556: sys_ptrace(request: 1f, pid: 1006a4, addr: 0, data: 0)
             exe-1050233 [003] .N... 1635978.441563: sys_ptrace -> 0x0
             exe-1049673 [000] ..... 1635978.441573: sys_nanosleep -> 0x0
             exe-1050276 [003] ..... 1635978.441575: sys_write -> 0x56
             exe-1049673 [000] ..... 1635978.441578: sys_nanosleep(rqtp: c000069f10, rmtp: 0)
             exe-1050233 [003] ..... 1635978.441595: sys_wait4(upid: 1006a4, stat_addr: c000a29bf4, options: 40000002, ru: 0)
             exe-1050233 [003] ..... 1635978.441598: sys_wait4 -> 0x1006a4
             exe-1050233 [003] ..... 1635978.441601: sys_ptrace(request: 4204, pid: 1006a4, addr: 1, data: c000a29c70)
             exe-1049567 [000] ..... 1635978.441601: sys_nanosleep -> 0x0
             exe-1050233 [003] ..... 1635978.441604: sys_ptrace -> 0x0
             exe-1050233 [003] ..... 1635978.441606: sys_ptrace(request: 4204, pid: 1006a4, addr: 202, data: c000a29c70)
             exe-1049567 [000] ..... 1635978.441606: sys_nanosleep(rqtp: c000069f10, rmtp: 0)
             exe-1050233 [003] ..... 1635978.441608: sys_ptrace -> 0x0
             exe-1050233 [003] ..... 1635978.441615: sys_ptrace(request: 4205, pid: 1006a4, addr: 1, data: c000a29c70)
             exe-1050233 [003] ..... 1635978.441617: sys_ptrace -> 0x0
             exe-1050233 [003] ..... 1635978.441619: sys_ptrace(request: 4205, pid: 1006a4, addr: 202, data: c000a29c70)
             exe-1050233 [003] ..... 1635978.441629: sys_ptrace -> 0x0
             exe-1050233 [003] ..... 1635978.441630: sys_ptrace(request: 1f, pid: 1006a4, addr: 0, data: 0)
             exe-1050233 [003] .N... 1635978.441637: sys_ptrace -> 0x0
             exe-1050276 [003] ..... 1635978.441648: sys_recvmmsg -> 0xffffffffffffffea
             exe-1050233 [003] ..... 1635978.441667: sys_wait4(upid: 1006a4, stat_addr: c000a29bf4, options: 40000002, ru: 0)
             exe-1050233 [003] ..... 1635978.441670: sys_wait4 -> 0x1006a4
             exe-1050233 [003] ..... 1635978.441672: sys_ptrace(request: 4204, pid: 1006a4, addr: 1, data: c000a29c70)
             exe-1050233 [003] ..... 1635978.441676: sys_ptrace -> 0x0
             exe-1050233 [003] ..... 1635978.441678: sys_ptrace(request: 4204, pid: 1006a4, addr: 202, data: c000a29c70)
             exe-1050233 [003] ..... 1635978.441680: sys_ptrace -> 0x0
             exe-1049673 [000] ..... 1635978.441686: sys_nanosleep -> 0x0
             exe-1050233 [003] ..... 1635978.441690: sys_pwrite64(fd: 63, buf: 7fd66edcc080, count: 54, pos: 56)
             exe-1049673 [000] ..... 1635978.441692: sys_nanosleep(rqtp: c000069f10, rmtp: 0)
             exe-1050233 [003] ..... 1635978.441692: tracing_mark_write: recvmmsg(fd=334, mmsg=0x7fc3cd400000, vlen=7, flags=0x7, timeout=0x7fc3cf1f2000) end
             exe-1050233 [003] ..... 1635978.523135: tracing_mark_write: recvmmsg(fd=323, mmsg=0x7fc3cf1f2000, vlen=0, flags=0x7, timeout=0x7fc3cf1f2000) start
             exe-1050233 [003] ..... 1635978.523136: sys_pwrite64 -> 0x56
             exe-1050233 [003] ..... 1635978.523143: sys_ptrace(request: 4205, pid: 1006a4, addr: 1, data: c000a29c70)
             exe-1050233 [003] ..... 1635978.523146: sys_ptrace -> 0x0
             exe-1050233 [003] ..... 1635978.523148: sys_ptrace(request: 4205, pid: 1006a4, addr: 202, data: c000a29c70)
             exe-1050233 [003] ..... 1635978.523159: sys_ptrace -> 0x0
             exe-1050233 [003] ..... 1635978.523161: sys_ptrace(request: 1f, pid: 1006a4, addr: 0, data: 0)
             exe-1050233 [003] .N... 1635978.523169: sys_ptrace -> 0x0
             exe-1050276 [003] ..... 1635978.523180: sys_write -> 0x56
             exe-1050233 [003] ..... 1635978.523201: sys_wait4(upid: 1006a4, stat_addr: c000a29bf4, options: 40000002, ru: 0)
             exe-1050233 [003] ..... 1635978.523203: sys_wait4 -> 0x1006a4
             exe-1050233 [003] ..... 1635978.523206: sys_ptrace(request: 4204, pid: 1006a4, addr: 1, data: c000a29c70)
             exe-1050233 [003] ..... 1635978.523210: sys_ptrace -> 0x0
             exe-1050233 [003] ..... 1635978.523211: sys_ptrace(request: 4204, pid: 1006a4, addr: 202, data: c000a29c70)
             exe-1050233 [003] ..... 1635978.523214: sys_ptrace -> 0x0
             exe-1050233 [003] ..... 1635978.523220: sys_ptrace(request: 4205, pid: 1006a4, addr: 1, data: c000a29c70)
             exe-1050233 [003] ..... 1635978.523223: sys_ptrace -> 0x0
             exe-1050233 [003] ..... 1635978.523224: sys_ptrace(request: 4205, pid: 1006a4, addr: 202, data: c000a29c70)
             exe-1050233 [003] ..... 1635978.523234: sys_ptrace -> 0x0
             exe-1050233 [003] ..... 1635978.523235: sys_ptrace(request: 1f, pid: 1006a4, addr: 0, data: 0)
             exe-1050233 [003] .N... 1635978.523242: sys_ptrace -> 0x0
             exe-1050276 [003] ..... 1635978.523253: sys_recvmmsg -> 0xffffffffffffffea
             exe-1050233 [003] ..... 1635978.523272: sys_wait4(upid: 1006a4, stat_addr: c000a29bf4, options: 40000002, ru: 0)
             exe-1050233 [003] ..... 1635978.523274: sys_wait4 -> 0x1006a4
             exe-1050233 [003] ..... 1635978.523276: sys_ptrace(request: 4204, pid: 1006a4, addr: 1, data: c000a29c70)
             exe-1050233 [003] ..... 1635978.523281: sys_ptrace -> 0x0
             exe-1050233 [003] ..... 1635978.523282: sys_ptrace(request: 4204, pid: 1006a4, addr: 202, data: c000a29c70)
             exe-1050233 [003] ..... 1635978.523285: sys_ptrace -> 0x0
             exe-1050233 [003] ..... 1635978.523294: sys_pwrite64(fd: 63, buf: 7fd66edcc080, count: 54, pos: 56)
             exe-1050233 [003] ..... 1635978.523296: tracing_mark_write: recvmmsg(fd=323, mmsg=0x7fc3cf1f2000, vlen=0, flags=0x7, timeout=0x7fc3cf1f2000) end
             exe-1050233 [003] ..... 1635978.593063: tracing_mark_write: recvmmsg(fd=320, mmsg=0x4, vlen=4, flags=0x7, timeout=0x4) start
             exe-1050233 [003] .N... 1635978.593093: sys_pwrite64 -> 0x40
             exe-1049673 [003] ..... 1635978.593103: sys_nanosleep -> 0x0
             exe-1049673 [003] ..... 1635978.593109: sys_nanosleep(rqtp: c000069f10, rmtp: 0)
             exe-1050233 [003] ..... 1635978.593144: sys_ptrace(request: 4205, pid: 1006a4, addr: 1, data: c000a29c70)
             exe-1050233 [003] ..... 1635978.593149: sys_ptrace -> 0x0
             exe-1050233 [003] ..... 1635978.593151: sys_ptrace(request: 4205, pid: 1006a4, addr: 202, data: c000a29c70)
             exe-1050233 [003] ..... 1635978.593169: sys_ptrace -> 0x0
             exe-1050233 [003] ..... 1635978.593171: sys_ptrace(request: 1f, pid: 1006a4, addr: 0, data: 0)
             exe-1050233 [003] .N... 1635978.593178: sys_ptrace -> 0x0
             exe-1050276 [003] ..... 1635978.593220: sys_write -> 0x40
             exe-1049673 [003] ..... 1635978.593239: sys_nanosleep -> 0x0
             exe-1049673 [003] ..... 1635978.593245: sys_nanosleep(rqtp: c000069f10, rmtp: 0)
             exe-1050233 [003] ..... 1635978.593276: sys_wait4(upid: 1006a4, stat_addr: c000a29bf4, options: 40000002, ru: 0)
             exe-1050233 [003] ..... 1635978.593279: sys_wait4 -> 0x1006a4
             exe-1050233 [003] ..... 1635978.593282: sys_ptrace(request: 4204, pid: 1006a4, addr: 1, data: c000a29c70)
             exe-1050233 [003] ..... 1635978.593286: sys_ptrace -> 0x0
             exe-1050233 [003] ..... 1635978.593288: sys_ptrace(request: 4204, pid: 1006a4, addr: 202, data: c000a29c70)
             exe-1050233 [003] ..... 1635978.593291: sys_ptrace -> 0x0
             exe-1050233 [003] ..... 1635978.593299: sys_ptrace(request: 4205, pid: 1006a4, addr: 1, data: c000a29c70)
             exe-1050233 [003] ..... 1635978.593301: sys_ptrace -> 0x0
             exe-1050233 [003] ..... 1635978.593303: sys_ptrace(request: 4205, pid: 1006a4, addr: 202, data: c000a29c70)
             exe-1049673 [003] ..... 1635978.593358: sys_nanosleep -> 0x0
             exe-1049673 [003] ..... 1635978.593363: sys_nanosleep(rqtp: c000069f10, rmtp: 0)
             exe-1050233 [003] ..... 1635978.593386: sys_ptrace -> 0x0
             exe-1050233 [003] ..... 1635978.593390: sys_ptrace(request: 1f, pid: 1006a4, addr: 0, data: 0)
             exe-1050233 [003] .N... 1635978.593397: sys_ptrace -> 0x0
             exe-1050276 [003] ..... 1635978.593409: sys_recvmmsg -> 0xffffffffffffffea
             exe-1050233 [003] ..... 1635978.593432: sys_wait4(upid: 1006a4, stat_addr: c000a29bf4, options: 40000002, ru: 0)
             exe-1050233 [003] ..... 1635978.593434: sys_wait4 -> 0x1006a4
             exe-1049673 [003] ..... 1635978.593471: sys_nanosleep -> 0x0
             exe-1049673 [003] ..... 1635978.593477: sys_nanosleep(rqtp: c000069f10, rmtp: 0)
             exe-1050233 [003] ..... 1635978.593505: sys_ptrace(request: 4204, pid: 1006a4, addr: 1, data: c000a29c70)
             exe-1050233 [003] ..... 1635978.593510: sys_ptrace -> 0x0
             exe-1050233 [003] ..... 1635978.593512: sys_ptrace(request: 4204, pid: 1006a4, addr: 202, data: c000a29c70)
             exe-1050233 [003] ..... 1635978.593514: sys_ptrace -> 0x0
             exe-1050233 [003] ..... 1635978.593529: sys_pwrite64(fd: 63, buf: 7fd66edcc080, count: 3e, pos: 40)
             exe-1050233 [003] ..... 1635978.593532: tracing_mark_write: recvmmsg(fd=320, mmsg=0x4, vlen=4, flags=0x7, timeout=0x4) end
             exe-1050233 [003] ..... 1635978.661678: tracing_mark_write: recvmmsg(fd=330, mmsg=0x7fc3cf1f1000, vlen=4, flags=0x7, timeout=0x7fc3cf1f1000) start
             exe-1050233 [003] ..... 1635978.661679: sys_pwrite64 -> 0x56
             exe-1049673 [003] ..... 1635978.661726: sys_nanosleep -> 0x0
             exe-1049673 [003] ..... 1635978.661733: sys_nanosleep(rqtp: c000069f10, rmtp: 0)
             exe-1050233 [003] ..... 1635978.661760: sys_ptrace(request: 4205, pid: 1006a4, addr: 1, data: c000a29c70)
             exe-1050233 [003] ..... 1635978.661765: sys_ptrace -> 0x0
             exe-1050233 [003] ..... 1635978.661767: sys_ptrace(request: 4205, pid: 1006a4, addr: 202, data: c000a29c70)
             exe-1050233 [003] ..... 1635978.661779: sys_ptrace -> 0x0
             exe-1050233 [003] ..... 1635978.661781: sys_ptrace(request: 1f, pid: 1006a4, addr: 0, data: 0)
             exe-1050233 [003] .N... 1635978.661788: sys_ptrace -> 0x0
             exe-1050276 [003] ..... 1635978.661802: sys_write -> 0x56
             exe-1049673 [003] ..... 1635978.661853: sys_nanosleep -> 0x0
             exe-1049673 [003] ..... 1635978.661859: sys_nanosleep(rqtp: c000069f10, rmtp: 0)
             exe-1050233 [003] ..... 1635978.661891: sys_wait4(upid: 1006a4, stat_addr: c000a29bf4, options: 40000002, ru: 0)
             exe-1050233 [003] ..... 1635978.661895: sys_wait4 -> 0x1006a4
             exe-1050233 [003] ..... 1635978.661898: sys_ptrace(request: 4204, pid: 1006a4, addr: 1, data: c000a29c70)
             exe-1050233 [003] ..... 1635978.661903: sys_ptrace -> 0x0
             exe-1050233 [003] ..... 1635978.661904: sys_ptrace(request: 4204, pid: 1006a4, addr: 202, data: c000a29c70)
             exe-1050233 [003] ..... 1635978.661907: sys_ptrace -> 0x0
             exe-1050233 [003] ..... 1635978.661915: sys_ptrace(request: 4205, pid: 1006a4, addr: 1, data: c000a29c70)
             exe-1050233 [003] ..... 1635978.661918: sys_ptrace -> 0x0
             exe-1050233 [003] ..... 1635978.661920: sys_ptrace(request: 4205, pid: 1006a4, addr: 202, data: c000a29c70)
             exe-1049673 [003] ..... 1635978.661974: sys_nanosleep -> 0x0
             exe-1049673 [003] ..... 1635978.661980: sys_nanosleep(rqtp: c000069f10, rmtp: 0)
             exe-1050233 [003] ..... 1635978.662011: sys_ptrace -> 0x0
             exe-1050233 [003] ..... 1635978.662015: sys_ptrace(request: 1f, pid: 1006a4, addr: 0, data: 0)
             exe-1050233 [003] .N... 1635978.662023: sys_ptrace -> 0x0
             exe-1050276 [003] ..... 1635978.662036: sys_recvmmsg -> 0xffffffffffffffea
             exe-1049673 [003] ..... 1635978.662094: sys_nanosleep -> 0x0
             exe-1049673 [003] ..... 1635978.662100: sys_nanosleep(rqtp: c000069f10, rmtp: 0)
             exe-1050233 [003] ..... 1635978.662130: sys_wait4(upid: 1006a4, stat_addr: c000a29bf4, options: 40000002, ru: 0)
             exe-1050233 [003] ..... 1635978.662133: sys_wait4 -> 0x1006a4
             exe-1050233 [003] ..... 1635978.662135: sys_ptrace(request: 4204, pid: 1006a4, addr: 1, data: c000a29c70)
             exe-1050233 [003] ..... 1635978.662139: sys_ptrace -> 0x0
             exe-1050233 [003] ..... 1635978.662141: sys_ptrace(request: 4204, pid: 1006a4, addr: 202, data: c000a29c70)
             exe-1050233 [003] ..... 1635978.662144: sys_ptrace -> 0x0
             exe-1050233 [003] ..... 1635978.662163: sys_pwrite64(fd: 63, buf: 7fd66edcc080, count: 54, pos: 56)
             exe-1050233 [003] ..... 1635978.662167: tracing_mark_write: recvmmsg(fd=330, mmsg=0x7fc3cf1f1000, vlen=4, flags=0x7, timeout=0x7fc3cf1f1000) end
             exe-1050233 [003] ..... 1635978.740291: tracing_mark_write: recvmmsg(fd=307, mmsg=0x8, vlen=4096, flags=0x7, timeout=0x7fc3cd800000) start
             exe-1050233 [003] ..... 1635978.740293: sys_pwrite64 -> 0x4e
             exe-1050233 [003] ..... 1635978.740299: sys_ptrace(request: 4205, pid: 1006a4, addr: 1, data: c000a29c70)
             exe-1050233 [003] ..... 1635978.740302: sys_ptrace -> 0x0
             exe-1050233 [003] ..... 1635978.740303: sys_ptrace(request: 4205, pid: 1006a4, addr: 202, data: c000a29c70)
             exe-1050233 [003] ..... 1635978.740314: sys_ptrace -> 0x0
             exe-1050233 [003] ..... 1635978.740315: sys_ptrace(request: 1f, pid: 1006a4, addr: 0, data: 0)
             exe-1050233 [003] .N... 1635978.740322: sys_ptrace -> 0x0
             exe-1050276 [003] ..... 1635978.740333: sys_write -> 0x4e
             exe-1050233 [003] ..... 1635978.740352: sys_wait4(upid: 1006a4, stat_addr: c000a29bf4, options: 40000002, ru: 0)
             exe-1050233 [003] ..... 1635978.740354: sys_wait4 -> 0x1006a4
             exe-1050233 [003] ..... 1635978.740356: sys_ptrace(request: 4204, pid: 1006a4, addr: 1, data: c000a29c70)
             exe-1050233 [003] ..... 1635978.740360: sys_ptrace -> 0x0
             exe-1050233 [003] ..... 1635978.740362: sys_ptrace(request: 4204, pid: 1006a4, addr: 202, data: c000a29c70)
             exe-1050233 [003] ..... 1635978.740364: sys_ptrace -> 0x0
             exe-1050233 [003] ..... 1635978.740370: sys_ptrace(request: 4205, pid: 1006a4, addr: 1, data: c000a29c70)
             exe-1050233 [003] .N... 1635978.740401: sys_ptrace -> 0x0
             exe-1049673 [003] ..... 1635978.740414: sys_nanosleep -> 0x0
             exe-1049673 [003] ..... 1635978.740421: sys_nanosleep(rqtp: c000069f10, rmtp: 0)
             exe-1050233 [003] ..... 1635978.740448: sys_ptrace(request: 4205, pid: 1006a4, addr: 202, data: c000a29c70)
             exe-1050233 [003] ..... 1635978.740462: sys_ptrace -> 0x0
             exe-1050233 [003] ..... 1635978.740464: sys_ptrace(request: 1f, pid: 1006a4, addr: 0, data: 0)
             exe-1050233 [003] .N... 1635978.740470: sys_ptrace -> 0x0
             exe-1050276 [003] ..... 1635978.740483: sys_recvmmsg -> 0xffffffffffffffea
             exe-1050233 [003] ..... 1635978.740506: sys_wait4(upid: 1006a4, stat_addr: c000a29bf4, options: 40000002, ru: 0)
             exe-1050233 [003] ..... 1635978.740508: sys_wait4 -> 0x1006a4
             exe-1050233 [003] ..... 1635978.740511: sys_ptrace(request: 4204, pid: 1006a4, addr: 1, data: c000a29c70)
             exe-1050233 [003] ..... 1635978.740514: sys_ptrace -> 0x0
             exe-1050233 [003] ..... 1635978.740516: sys_ptrace(request: 4204, pid: 1006a4, addr: 202, data: c000a29c70)
             exe-1050233 [003] ..... 1635978.740519: sys_ptrace -> 0x0
             exe-1050233 [003] ..... 1635978.740534: sys_pwrite64(fd: 63, buf: 7fd66edcc080, count: 4c, pos: 4e)
             exe-1050233 [003] ..... 1635978.740536: tracing_mark_write: recvmmsg(fd=307, mmsg=0x8, vlen=4096, flags=0x7, timeout=0x7fc3cd800000) end
             exe-1050233 [003] ..... 1635978.802969: tracing_mark_write: recvmmsg(fd=322, mmsg=0x1, vlen=-247, flags=0x8, timeout=0x1) start
             exe-1050233 [003] ..... 1635978.802970: sys_pwrite64 -> 0x43
             exe-1050233 [003] ..... 1635978.802977: sys_ptrace(request: 4205, pid: 1006a4, addr: 1, data: c000a29c70)
             exe-1050233 [003] ..... 1635978.802979: sys_ptrace -> 0x0
             exe-1050233 [003] ..... 1635978.802981: sys_ptrace(request: 4205, pid: 1006a4, addr: 202, data: c000a29c70)
             exe-1049673 [003] ..... 1635978.803024: sys_nanosleep -> 0x0
             exe-1049673 [003] ..... 1635978.803029: sys_nanosleep(rqtp: c000069f10, rmtp: 0)
             exe-1050233 [003] ..... 1635978.803058: sys_ptrace -> 0x0
             exe-1050233 [003] ..... 1635978.803062: sys_ptrace(request: 1f, pid: 1006a4, addr: 0, data: 0)
             exe-1050233 [003] .N... 1635978.803069: sys_ptrace -> 0x0
             exe-1050276 [003] ..... 1635978.803080: sys_write -> 0x43
             exe-1050233 [003] .N... 1635978.803124: sys_wait4(upid: 1006a4, stat_addr: c000a29bf4, options: 40000002, ru: 0)
             exe-1050233 [003] .N... 1635978.803127: sys_wait4 -> 0x1006a4
             exe-1049673 [003] ..... 1635978.803138: sys_nanosleep -> 0x0
             exe-1049673 [003] ..... 1635978.803143: sys_nanosleep(rqtp: c000069f10, rmtp: 0)
             exe-1050233 [003] ..... 1635978.803168: sys_ptrace(request: 4204, pid: 1006a4, addr: 1, data: c000a29c70)
             exe-1050233 [003] ..... 1635978.803173: sys_ptrace -> 0x0
             exe-1050233 [003] ..... 1635978.803175: sys_ptrace(request: 4204, pid: 1006a4, addr: 202, data: c000a29c70)
             exe-1050233 [003] ..... 1635978.803177: sys_ptrace -> 0x0
             exe-1050233 [003] ..... 1635978.803211: sys_ptrace(request: 4205, pid: 1006a4, addr: 1, data: c000a29c70)
             exe-1050233 [003] ..... 1635978.803214: sys_ptrace -> 0x0
             exe-1050233 [003] .N... 1635978.803237: sys_ptrace(request: 4205, pid: 1006a4, addr: 202, data: c000a29c70)
             exe-1049673 [003] ..... 1635978.803247: sys_nanosleep -> 0x0
             exe-1049673 [003] ..... 1635978.803253: sys_nanosleep(rqtp: c000069f10, rmtp: 0)
             exe-1050233 [003] ..... 1635978.803283: sys_ptrace -> 0x0
             exe-1050233 [003] ..... 1635978.803287: sys_ptrace(request: 1f, pid: 1006a4, addr: 0, data: 0)
             exe-1050233 [003] .N... 1635978.803294: sys_ptrace -> 0x0
             exe-1050276 [003] ..... 1635978.803305: sys_recvmmsg -> 0xfffffffffffffff2
             exe-1049673 [003] ..... 1635978.803358: sys_nanosleep -> 0x0
             exe-1049673 [003] ..... 1635978.803363: sys_nanosleep(rqtp: c000069f10, rmtp: 0)
             exe-1050233 [003] ..... 1635978.803388: sys_wait4(upid: 1006a4, stat_addr: c000a29bf4, options: 40000002, ru: 0)
             exe-1050233 [003] ..... 1635978.803390: sys_wait4 -> 0x1006a4
             exe-1050233 [003] ..... 1635978.803393: sys_ptrace(request: 4204, pid: 1006a4, addr: 1, data: c000a29c70)
             exe-1050233 [003] ..... 1635978.803396: sys_ptrace -> 0x0
             exe-1050233 [003] ..... 1635978.803398: sys_ptrace(request: 4204, pid: 1006a4, addr: 202, data: c000a29c70)
             exe-1050233 [003] ..... 1635978.803400: sys_ptrace -> 0x0
             exe-1050233 [003] ..... 1635978.803414: sys_pwrite64(fd: 63, buf: 7fd66edcc080, count: 41, pos: 43)
             exe-1050233 [003] ..... 1635978.803416: tracing_mark_write: recvmmsg(fd=322, mmsg=0x1, vlen=-247, flags=0x8, timeout=0x1) end
             exe-1050233 [003] ..... 1635978.866409: tracing_mark_write: recvmmsg(fd=332, mmsg=0x4, vlen=8, flags=0x8, timeout=0x7fc3cf1f4000) start
             exe-1050233 [003] ..... 1635978.866412: sys_pwrite64 -> 0x4b
             exe-1050233 [003] ..... 1635978.866427: sys_ptrace(request: 4205, pid: 1006a4, addr: 1, data: c000a29c70)
             exe-1050233 [003] ..... 1635978.866431: sys_ptrace -> 0x0
             exe-1050233 [003] ..... 1635978.866433: sys_ptrace(request: 4205, pid: 1006a4, addr: 202, data: c000a29c70)
             exe-1050233 [003] ..... 1635978.866452: sys_ptrace -> 0x0
             exe-1050233 [003] ..... 1635978.866454: sys_ptrace(request: 1f, pid: 1006a4, addr: 0, data: 0)
             exe-1049567 [001] ..... 1635978.866472: sys_nanosleep -> 0x0
             exe-1049567 [001] ..... 1635978.866475: sys_nanosleep(rqtp: c000069f10, rmtp: 0)
             exe-1050233 [003] .N... 1635978.866486: sys_ptrace -> 0x0
             exe-1050276 [003] ..... 1635978.866500: sys_write -> 0x4b
             exe-1049673 [003] ..... 1635978.866523: sys_nanosleep -> 0x0
             exe-1049673 [003] ..... 1635978.866530: sys_nanosleep(rqtp: c000069f10, rmtp: 0)
             exe-1050233 [003] ..... 1635978.866562: sys_wait4(upid: 1006a4, stat_addr: c000a29bf4, options: 40000002, ru: 0)
             exe-1050233 [003] ..... 1635978.866566: sys_wait4 -> 0x1006a4
             exe-1050233 [003] ..... 1635978.866569: sys_ptrace(request: 4204, pid: 1006a4, addr: 1, data: c000a29c70)
             exe-1050233 [003] ..... 1635978.866574: sys_ptrace -> 0x0
             exe-1050233 [003] ..... 1635978.866575: sys_ptrace(request: 4204, pid: 1006a4, addr: 202, data: c000a29c70)
             exe-1050233 [003] ..... 1635978.866578: sys_ptrace -> 0x0
             exe-1050233 [003] ..... 1635978.866597: sys_ptrace(request: 4205, pid: 1006a4, addr: 1, data: c000a29c70)
             exe-1050233 [003] ..... 1635978.866600: sys_ptrace -> 0x0
             exe-1050233 [003] .N... 1635978.866632: sys_ptrace(request: 4205, pid: 1006a4, addr: 202, data: c000a29c70)
             exe-1049673 [003] ..... 1635978.866644: sys_nanosleep -> 0x0
             exe-1049673 [003] ..... 1635978.866651: sys_nanosleep(rqtp: c000069f10, rmtp: 0)
             exe-1050233 [003] ..... 1635978.866691: sys_ptrace -> 0x0
             exe-1050233 [003] ..... 1635978.866696: sys_ptrace(request: 1f, pid: 1006a4, addr: 0, data: 0)
             exe-1050233 [003] .N... 1635978.866704: sys_ptrace -> 0x0
             exe-1050276 [003] ..... 1635978.866717: sys_recvmmsg -> 0xfffffffffffffff2
             exe-1049673 [003] ..... 1635978.866766: sys_nanosleep -> 0x0
             exe-1049673 [003] ..... 1635978.866773: sys_nanosleep(rqtp: c000069f10, rmtp: 0)
             exe-1050233 [003] ..... 1635978.866803: sys_wait4(upid: 1006a4, stat_addr: c000a29bf4, options: 40000002, ru: 0)
             exe-1050233 [003] ..... 1635978.866807: sys_wait4 -> 0x1006a4
             exe-1050233 [003] ..... 1635978.866810: sys_ptrace(request: 4204, pid: 1006a4, addr: 1, data: c000a29c70)
             exe-1050233 [003] ..... 1635978.866815: sys_ptrace -> 0x0
             exe-1050233 [003] ..... 1635978.866817: sys_ptrace(request: 4204, pid: 1006a4, addr: 202, data: c000a29c70)
             exe-1050233 [003] ..... 1635978.866820: sys_ptrace -> 0x0
             exe-1050233 [003] ..... 1635978.866836: sys_pwrite64(fd: 63, buf: 7fd66edcc080, count: 49, pos: 4b)
             exe-1050233 [003] ..... 1635978.866840: tracing_mark_write: recvmmsg(fd=332, mmsg=0x4, vlen=8, flags=0x8, timeout=0x7fc3cf1f4000) end
             exe-1050233 [003] ..... 1635978.935192: tracing_mark_write: recvmmsg(fd=308, mmsg=0x7fc3cd900000, vlen=1, flags=0x8, timeout=0x7fc3cd600000) start
             exe-1050233 [003] ..... 1635978.935194: sys_pwrite64 -> 0x56
             exe-1050233 [003] ..... 1635978.935202: sys_ptrace(request: 4205, pid: 1006a4, addr: 1, data: c000a29c70)
             exe-1050233 [003] ..... 1635978.935205: sys_ptrace -> 0x0
             exe-1050233 [003] ..... 1635978.935207: sys_ptrace(request: 4205, pid: 1006a4, addr: 202, data: c000a29c70)
             exe-1050233 [003] ..... 1635978.935219: sys_ptrace -> 0x0
             exe-1050233 [003] ..... 1635978.935221: sys_ptrace(request: 1f, pid: 1006a4, addr: 0, data: 0)
             exe-1050233 [003] .N... 1635978.935229: sys_ptrace -> 0x0
             exe-1050276 [003] ..... 1635978.935241: sys_write -> 0x56
             exe-1050233 [003] ..... 1635978.935261: sys_wait4(upid: 1006a4, stat_addr: c000a29bf4, options: 40000002, ru: 0)
             exe-1050233 [003] ..... 1635978.935264: sys_wait4 -> 0x1006a4
             exe-1050233 [003] ..... 1635978.935266: sys_ptrace(request: 4204, pid: 1006a4, addr: 1, data: c000a29c70)
             exe-1050233 [003] ..... 1635978.935270: sys_ptrace -> 0x0
             exe-1050233 [003] ..... 1635978.935271: sys_ptrace(request: 4204, pid: 1006a4, addr: 202, data: c000a29c70)
             exe-1050233 [003] ..... 1635978.935274: sys_ptrace -> 0x0
             exe-1050233 [003] ..... 1635978.935519: sys_ptrace(request: 4205, pid: 1006a4, addr: 1, data: c000a29c70)
             exe-1050233 [003] ..... 1635978.935525: sys_ptrace -> 0x0
             exe-1050233 [003] ..... 1635978.935527: sys_ptrace(request: 4205, pid: 1006a4, addr: 202, data: c000a29c70)
             exe-1050233 [003] ..... 1635978.935544: sys_ptrace -> 0x0
             exe-1050233 [003] ..... 1635978.935546: sys_ptrace(request: 1f, pid: 1006a4, addr: 0, data: 0)
             exe-1050233 [003] .N... 1635978.935555: sys_ptrace -> 0x0
             exe-1050276 [003] ..... 1635978.935568: sys_recvmmsg -> 0x1
             exe-1050233 [003] ..... 1635978.935592: sys_wait4(upid: 1006a4, stat_addr: c000a29bf4, options: 40000002, ru: 0)
             exe-1050233 [003] ..... 1635978.935595: sys_wait4 -> 0x1006a4
             exe-1050233 [003] ..... 1635978.935597: sys_ptrace(request: 4204, pid: 1006a4, addr: 1, data: c000a29c70)
             exe-1050233 [003] ..... 1635978.935601: sys_ptrace -> 0x0
             exe-1050233 [003] ..... 1635978.935603: sys_ptrace(request: 4204, pid: 1006a4, addr: 202, data: c000a29c70)
             exe-1050233 [003] ..... 1635978.935605: sys_ptrace -> 0x0
             exe-1050233 [003] ..... 1635978.935619: sys_pwrite64(fd: 63, buf: 7fd66edcc080, count: 54, pos: 56)
             exe-1050233 [003] ..... 1635978.935621: tracing_mark_write: recvmmsg(fd=308, mmsg=0x7fc3cd900000, vlen=1, flags=0x8, timeout=0x7fc3cd600000) end
             exe-1050233 [003] ..... 1635979.010670: tracing_mark_write: recvmmsg(fd=292, mmsg=0x7fc3cd600000, vlen=4, flags=0x9, timeout=0x7fc3cd600000) start
             exe-1050233 [003] ..... 1635979.010671: sys_pwrite64 -> 0x56
             exe-1050233 [003] ..... 1635979.010679: sys_ptrace(request: 4205, pid: 1006a4, addr: 1, data: c000a29c70)
             exe-1050233 [003] ..... 1635979.010682: sys_ptrace -> 0x0
             exe-1050233 [003] ..... 1635979.010683: sys_ptrace(request: 4205, pid: 1006a4, addr: 202, data: c000a29c70)
             exe-1050233 [003] ..... 1635979.010694: sys_ptrace -> 0x0
             exe-1050233 [003] ..... 1635979.010696: sys_ptrace(request: 1f, pid: 1006a4, addr: 0, data: 0)
             exe-1050233 [003] .N... 1635979.010703: sys_ptrace -> 0x0
             exe-1050276 [003] ..... 1635979.010714: sys_write -> 0x56
             exe-1050233 [003] ..... 1635979.010732: sys_wait4(upid: 1006a4, stat_addr: c000a29bf4, options: 40000002, ru: 0)
             exe-1050233 [003] ..... 1635979.010734: sys_wait4 -> 0x1006a4
             exe-1050233 [003] ..... 1635979.010736: sys_ptrace(request: 4204, pid: 1006a4, addr: 1, data: c000a29c70)
             exe-1050233 [003] ..... 1635979.010740: sys_ptrace -> 0x0
             exe-1050233 [003] ..... 1635979.010742: sys_ptrace(request: 4204, pid: 1006a4, addr: 202, data: c000a29c70)
             exe-1050233 [003] ..... 1635979.010744: sys_ptrace -> 0x0
             exe-1050233 [003] ..... 1635979.010766: sys_ptrace(request: 4205, pid: 1006a4, addr: 1, data: c000a29c70)
             exe-1050233 [003] ..... 1635979.010768: sys_ptrace -> 0x0
             exe-1050233 [003] ..... 1635979.010770: sys_ptrace(request: 4205, pid: 1006a4, addr: 202, data: c000a29c70)
             exe-1050233 [003] ..... 1635979.010780: sys_ptrace -> 0x0
             exe-1050233 [003] ..... 1635979.010782: sys_ptrace(request: 1f, pid: 1006a4, addr: 0, data: 0)
             exe-1050233 [003] .N... 1635979.010789: sys_ptrace -> 0x0
             exe-1050276 [003] ..... 1635979.010799: sys_recvmmsg -> 0x4
             exe-1050233 [003] ..... 1635979.010817: sys_wait4(upid: 1006a4, stat_addr: c000a29bf4, options: 40000002, ru: 0)
             exe-1050233 [003] ..... 1635979.010819: sys_wait4 -> 0x1006a4
             exe-1050233 [003] ..... 1635979.010821: sys_ptrace(request: 4204, pid: 1006a4, addr: 1, data: c000a29c70)
             exe-1050233 [003] ..... 1635979.010825: sys_ptrace -> 0x0
             exe-1050233 [003] ..... 1635979.010826: sys_ptrace(request: 4204, pid: 1006a4, addr: 202, data: c000a29c70)
             exe-1050233 [003] ..... 1635979.010829: sys_ptrace -> 0x0
             exe-1050233 [003] ..... 1635979.010838: sys_pwrite64(fd: 63, buf: 7fd66edcc080, count: 54, pos: 56)
             exe-1050233 [003] ..... 1635979.010840: tracing_mark_write: recvmmsg(fd=292, mmsg=0x7fc3cd600000, vlen=4, flags=0x9, timeout=0x7fc3cd600000) end
             exe-1050233 [000] ..... 1635979.083481: tracing_mark_write: recvmmsg(fd=317, mmsg=0x7fc3cd200000, vlen=8192, flags=0xa, timeout=0x7fc3cd200008) start
             exe-1050233 [000] ..... 1635979.083482: sys_pwrite64 -> 0x59
             exe-1050233 [000] ..... 1635979.083488: sys_ptrace(request: 4205, pid: 1006a4, addr: 1, data: c000a29c70)
             exe-1050233 [000] ..... 1635979.083490: sys_ptrace -> 0x0
             exe-1050233 [000] ..... 1635979.083491: sys_ptrace(request: 4205, pid: 1006a4, addr: 202, data: c000a29c70)
             exe-1050233 [000] ..... 1635979.083499: sys_ptrace -> 0x0
             exe-1050233 [000] ..... 1635979.083501: sys_ptrace(request: 1f, pid: 1006a4, addr: 0, data: 0)
             exe-1049673 [003] ..... 1635979.083506: sys_nanosleep -> 0x0
             exe-1050233 [000] ..... 1635979.083512: sys_ptrace -> 0x0
             exe-1050233 [000] ..... 1635979.083514: sys_wait4(upid: 1006a4, stat_addr: c000a29bf4, options: 40000002, ru: 0)
             exe-1049673 [003] ..... 1635979.083523: sys_nanosleep(rqtp: c000069f10, rmtp: 0)
             exe-1050276 [003] ..... 1635979.083544: sys_write -> 0x59
             exe-1050233 [000] ..... 1635979.083574: sys_wait4 -> 0x1006a4
             exe-1050233 [000] ..... 1635979.083576: sys_ptrace(request: 4204, pid: 1006a4, addr: 1, data: c000a29c70)
             exe-1050233 [000] ..... 1635979.083579: sys_ptrace -> 0x0
             exe-1050233 [000] ..... 1635979.083580: sys_ptrace(request: 4204, pid: 1006a4, addr: 202, data: c000a29c70)
             exe-1050233 [000] ..... 1635979.083582: sys_ptrace -> 0x0
             exe-1050233 [000] ..... 1635979.083587: sys_ptrace(request: 4205, pid: 1006a4, addr: 1, data: c000a29c70)
             exe-1050233 [000] ..... 1635979.083589: sys_ptrace -> 0x0
             exe-1050233 [000] ..... 1635979.083590: sys_ptrace(request: 4205, pid: 1006a4, addr: 202, data: c000a29c70)
             exe-1050233 [000] ..... 1635979.083596: sys_ptrace -> 0x0
             exe-1050233 [000] ..... 1635979.083598: sys_ptrace(request: 1f, pid: 1006a4, addr: 0, data: 0)
             exe-1050233 [000] ..... 1635979.083604: sys_ptrace -> 0x0
             exe-1050233 [000] ..... 1635979.083606: sys_wait4(upid: 1006a4, stat_addr: c000a29bf4, options: 40000002, ru: 0)
             exe-1049673 [003] ..... 1635979.083627: sys_nanosleep -> 0x0
             exe-1049673 [003] ..... 1635979.083633: sys_nanosleep(rqtp: c000069f10, rmtp: 0)
             exe-1050276 [003] ..... 1635979.083654: sys_recvmmsg -> 0xffffffffffffffea
             exe-1049567 [001] ..... 1635979.083674: sys_nanosleep -> 0x0
             exe-1050233 [000] ..... 1635979.083683: sys_wait4 -> 0x1006a4
             exe-1049567 [001] ..... 1635979.083684: sys_nanosleep(rqtp: c000069f10, rmtp: 0)
             exe-1050233 [000] ..... 1635979.083686: sys_ptrace(request: 4204, pid: 1006a4, addr: 1, data: c000a29c70)
             exe-1050233 [000] ..... 1635979.083688: sys_ptrace -> 0x0
             exe-1050233 [000] ..... 1635979.083690: sys_ptrace(request: 4204, pid: 1006a4, addr: 202, data: c000a29c70)
             exe-1050233 [000] ..... 1635979.083692: sys_ptrace -> 0x0
             exe-1050233 [000] ..... 1635979.083698: sys_pwrite64(fd: 63, buf: 7fd66edcc080, count: 57, pos: 59)
             exe-1050233 [000] ..... 1635979.083699: tracing_mark_write: recvmmsg(fd=317, mmsg=0x7fc3cd200000, vlen=8192, flags=0xa, timeout=0x7fc3cd200008) end
             exe-1050233 [000] ..... 1635979.148266: tracing_mark_write: recvmmsg(fd=323, mmsg=0x7fc3cf1f3000, vlen=0, flags=0xa, timeout=0x7fc3cd200000) start
             exe-1050233 [000] ..... 1635979.148268: sys_pwrite64 -> 0x56
             exe-1050282 [000] ..... 1635979.148299: sys_epoll_pwait -> 0x0
             exe-1050282 [000] ..... 1635979.148310: sys_epoll_pwait(epfd: 11, events: c000695840, maxevents: 80, timeout: 1, sigmask: 0, sigsetsize: 0)
             exe-1050233 [000] ..... 1635979.148330: sys_ptrace(request: 4205, pid: 1006a4, addr: 1, data: c000a29c70)
             exe-1049673 [003] ..... 1635979.148330: sys_nanosleep -> 0x0
             exe-1049673 [003] ..... 1635979.148333: sys_nanosleep(rqtp: c000069f10, rmtp: 0)
             exe-1050233 [000] ..... 1635979.148333: sys_ptrace -> 0x0
             exe-1050233 [000] ..... 1635979.148335: sys_ptrace(request: 4205, pid: 1006a4, addr: 202, data: c000a29c70)
             exe-1050233 [000] ..... 1635979.148347: sys_ptrace -> 0x0
             exe-1050233 [000] ..... 1635979.148349: sys_ptrace(request: 1f, pid: 1006a4, addr: 0, data: 0)
             exe-1050233 [000] ..... 1635979.148356: sys_ptrace -> 0x0
             exe-1050233 [000] ..... 1635979.148358: sys_wait4(upid: 1006a4, stat_addr: c000a29bf4, options: 40000002, ru: 0)
             exe-1050276 [003] ..... 1635979.148368: sys_write -> 0x56
             exe-1050233 [000] ..... 1635979.148388: sys_wait4 -> 0x1006a4
             exe-1050233 [000] ..... 1635979.148390: sys_ptrace(request: 4204, pid: 1006a4, addr: 1, data: c000a29c70)
             exe-1050233 [000] ..... 1635979.148393: sys_ptrace -> 0x0
             exe-1050233 [000] ..... 1635979.148395: sys_ptrace(request: 4204, pid: 1006a4, addr: 202, data: c000a29c70)
             exe-1050233 [000] ..... 1635979.148397: sys_ptrace -> 0x0
             exe-1050233 [000] ..... 1635979.148402: sys_ptrace(request: 4205, pid: 1006a4, addr: 1, data: c000a29c70)
             exe-1050233 [000] ..... 1635979.148404: sys_ptrace -> 0x0
             exe-1050233 [000] ..... 1635979.148406: sys_ptrace(request: 4205, pid: 1006a4, addr: 202, data: c000a29c70)
             exe-1050233 [000] ..... 1635979.148412: sys_ptrace -> 0x0
             exe-1050233 [000] ..... 1635979.148414: sys_ptrace(request: 1f, pid: 1006a4, addr: 0, data: 0)
             exe-1050233 [000] ..... 1635979.148420: sys_ptrace -> 0x0
             exe-1050233 [000] ..... 1635979.148422: sys_wait4(upid: 1006a4, stat_addr: c000a29bf4, options: 40000002, ru: 0)
             exe-1050276 [003] ..... 1635979.148431: sys_recvmmsg -> 0xffffffffffffffea
             exe-1050233 [000] ..... 1635979.148446: sys_wait4 -> 0x1006a4
             exe-1050233 [000] ..... 1635979.148449: sys_ptrace(request: 4204, pid: 1006a4, addr: 1, data: c000a29c70)
             exe-1049673 [003] ..... 1635979.148450: sys_nanosleep -> 0x0
             exe-1050233 [000] ..... 1635979.148451: sys_ptrace -> 0x0
             exe-1050233 [000] ..... 1635979.148453: sys_ptrace(request: 4204, pid: 1006a4, addr: 202, data: c000a29c70)
             exe-1050233 [000] ..... 1635979.148455: sys_ptrace -> 0x0
             exe-1049673 [003] ..... 1635979.148456: sys_nanosleep(rqtp: c000069f10, rmtp: 0)
             exe-1050233 [000] ..... 1635979.148462: sys_pwrite64(fd: 63, buf: 7fd66edcc080, count: 54, pos: 56)
             exe-1050233 [000] ..... 1635979.148463: tracing_mark_write: recvmmsg(fd=323, mmsg=0x7fc3cf1f3000, vlen=0, flags=0xa, timeout=0x7fc3cd200000) end
             exe-1050233 [000] ..... 1635979.229267: tracing_mark_write: recvmmsg(fd=321, mmsg=0x8, vlen=0xc0c0, flags=0xa, timeout=0x10) start
             exe-1050233 [000] ..... 1635979.229269: sys_pwrite64 -> 0x46
             exe-1050233 [000] ..... 1635979.229278: sys_ptrace(request: 4205, pid: 1006a4, addr: 1, data: c000a29c70)
             exe-1050233 [000] ..... 1635979.229281: sys_ptrace -> 0x0
             exe-1050233 [000] ..... 1635979.229283: sys_ptrace(request: 4205, pid: 1006a4, addr: 202, data: c000a29c70)
             exe-1050233 [000] ..... 1635979.229295: sys_ptrace -> 0x0
             exe-1050233 [000] ..... 1635979.229297: sys_ptrace(request: 1f, pid: 1006a4, addr: 0, data: 0)
             exe-1050233 [000] ..... 1635979.229306: sys_ptrace -> 0x0
             exe-1050233 [000] ..... 1635979.229309: sys_wait4(upid: 1006a4, stat_addr: c000a29bf4, options: 40000002, ru: 0)
             exe-1050276 [003] ..... 1635979.229342: sys_write -> 0x46
             exe-1050233 [000] ..... 1635979.229360: sys_wait4 -> 0x1006a4
             exe-1050233 [000] ..... 1635979.229363: sys_ptrace(request: 4204, pid: 1006a4, addr: 1, data: c000a29c70)
             exe-1049673 [003] ..... 1635979.229364: sys_nanosleep -> 0x0
             exe-1050233 [000] ..... 1635979.229366: sys_ptrace -> 0x0
             exe-1050233 [000] ..... 1635979.229367: sys_ptrace(request: 4204, pid: 1006a4, addr: 202, data: c000a29c70)
             exe-1049673 [003] ..... 1635979.229369: sys_nanosleep(rqtp: c000069f10, rmtp: 0)
             exe-1050233 [000] ..... 1635979.229370: sys_ptrace -> 0x0
             exe-1050233 [000] ..... 1635979.229375: sys_ptrace(request: 4205, pid: 1006a4, addr: 1, data: c000a29c70)
             exe-1050233 [000] ..... 1635979.229377: sys_ptrace -> 0x0
             exe-1050233 [000] ..... 1635979.229378: sys_ptrace(request: 4205, pid: 1006a4, addr: 202, data: c000a29c70)
             exe-1049567 [001] ..... 1635979.229385: sys_nanosleep -> 0x0
             exe-1049567 [001] ..... 1635979.229391: sys_nanosleep(rqtp: c000069f10, rmtp: 0)
             exe-1050233 [000] ..... 1635979.229392: sys_ptrace -> 0x0
             exe-1050233 [000] ..... 1635979.229394: sys_ptrace(request: 1f, pid: 1006a4, addr: 0, data: 0)
             exe-1050233 [000] ..... 1635979.229399: sys_ptrace -> 0x0
             exe-1050233 [000] ..... 1635979.229401: sys_wait4(upid: 1006a4, stat_addr: c000a29bf4, options: 40000002, ru: 0)
             exe-1050276 [003] ..... 1635979.229413: sys_recvmmsg -> 0xffffffffffffffea
             exe-1050233 [000] ..... 1635979.229431: sys_wait4 -> 0x1006a4
             exe-1050233 [000] ..... 1635979.229433: sys_ptrace(request: 4204, pid: 1006a4, addr: 1, data: c000a29c70)
             exe-1050233 [000] ..... 1635979.229435: sys_ptrace -> 0x0
             exe-1050233 [000] ..... 1635979.229437: sys_ptrace(request: 4204, pid: 1006a4, addr: 202, data: c000a29c70)
             exe-1050233 [000] ..... 1635979.229439: sys_ptrace -> 0x0
             exe-1050233 [000] ..... 1635979.229445: sys_pwrite64(fd: 63, buf: 7fd66edcc080, count: 44, pos: 46)
             exe-1050233 [000] ..... 1635979.229447: tracing_mark_write: recvmmsg(fd=321, mmsg=0x8, vlen=0xc0c0, flags=0xa, timeout=0x10) end
             exe-1050233 [000] ..... 1635979.298945: tracing_mark_write: recvmmsg(fd=306, mmsg=0x7fc3cd400000, vlen=455, flags=0xa, timeout=0x7fc3cd400004) start
             exe-1050233 [000] ..... 1635979.298947: sys_pwrite64 -> 0x58
             exe-1050233 [000] ..... 1635979.298952: sys_ptrace(request: 4205, pid: 1006a4, addr: 1, data: c000a29c70)
             exe-1050233 [000] ..... 1635979.298955: sys_ptrace -> 0x0
             exe-1050233 [000] ..... 1635979.298956: sys_ptrace(request: 4205, pid: 1006a4, addr: 202, data: c000a29c70)
             exe-1050233 [000] ..... 1635979.298964: sys_ptrace -> 0x0
             exe-1050233 [000] ..... 1635979.298966: sys_ptrace(request: 1f, pid: 1006a4, addr: 0, data: 0)
             exe-1050233 [000] ..... 1635979.298974: sys_ptrace -> 0x0
             exe-1050233 [000] ..... 1635979.298975: sys_wait4(upid: 1006a4, stat_addr: c000a29bf4, options: 40000002, ru: 0)
             exe-1050276 [003] ..... 1635979.298990: sys_write -> 0x58
             exe-1050233 [000] ..... 1635979.299008: sys_wait4 -> 0x1006a4
             exe-1050233 [000] ..... 1635979.299011: sys_ptrace(request: 4204, pid: 1006a4, addr: 1, data: c000a29c70)
             exe-1050233 [000] ..... 1635979.299021: sys_ptrace -> 0x0
             exe-1050233 [000] ..... 1635979.299022: sys_ptrace(request: 4204, pid: 1006a4, addr: 202, data: c000a29c70)
             exe-1050233 [000] ..... 1635979.299024: sys_ptrace -> 0x0
             exe-1050233 [000] ..... 1635979.299029: sys_ptrace(request: 4205, pid: 1006a4, addr: 1, data: c000a29c70)
             exe-1049673 [003] ..... 1635979.299037: sys_nanosleep -> 0x0
             exe-1050233 [000] ..... 1635979.299038: sys_ptrace -> 0x0
             exe-1050233 [000] ..... 1635979.299039: sys_ptrace(request: 4205, pid: 1006a4, addr: 202, data: c000a29c70)
             exe-1049673 [003] ..... 1635979.299042: sys_nanosleep(rqtp: c000069f10, rmtp: 0)
