             exe-1049722 [001] ..... 1636082.458632: sys_ptrace(request: 4204, pid: 1005f3, addr: 202, data: c000a2fc70)
             exe-1049722 [001] ..... 1636082.458634: sys_ptrace -> 0x0
             exe-1049722 [001] ..... 1636082.458646: sys_pwrite64(fd: 63, buf: 7fd66e161f20, count: c0, pos: c2)
             exe-1049722 [001] ..... 1636082.458650: tracing_mark_write: renameat2(olddfd=350, oldname="/victims/proc/self/root/usr/lib/x86_64-linux-gnu/perl/5.34.0/auto/PerlIO", newdfd=350, newname="/victims/usr/share/sensible-utils", flags=0x74d9dc71b309852c) end
             exe-1049722 [001] ..... 1636082.535231: tracing_mark_write: renameat2(olddfd=350, oldname="/victims/proc/self/root/usr/lib/x86_64-linux-gnu/perl/5.34.0/auto/I18N", newdfd=280, newname="/victims/usr/lib/python3.10/ctypes", flags=0x65732f636f72702f) start
             exe-1049722 [001] ..... 1636082.535246: sys_pwrite64 -> 0xc1
             exe-1049722 [001] ..... 1636082.535252: sys_ptrace(request: 4205, pid: 1005f3, addr: 1, data: c000a2fc70)
             exe-1049722 [001] ..... 1636082.535258: sys_ptrace -> 0x0
             exe-1049722 [001] ..... 1636082.535259: sys_ptrace(request: 4205, pid: 1005f3, addr: 202, data: c000a2fc70)
             exe-1049722 [001] ..... 1636082.535269: sys_ptrace -> 0x0
             exe-1049722 [001] ..... 1636082.535271: sys_ptrace(request: 1f, pid: 1005f3, addr: 0, data: 0)
             exe-1049722 [001] ..... 1636082.535278: sys_ptrace -> 0x0
             exe-1049722 [001] ..... 1636082.535280: sys_wait4(upid: 1005f3, stat_addr: c000a2fbf4, options: 40000002, ru: 0)
             exe-1050099 [003] ..... 1636082.535293: sys_write -> 0xc1
             exe-1049722 [001] ..... 1636082.535312: sys_wait4 -> 0x1005f3
             exe-1049722 [001] ..... 1636082.535314: sys_ptrace(request: 4204, pid: 1005f3, addr: 1, data: c000a2fc70)
             exe-1049722 [001] ..... 1636082.535316: sys_ptrace -> 0x0
             exe-1049722 [001] ..... 1636082.535318: sys_ptrace(request: 4204, pid: 1005f3, addr: 202, data: c000a2fc70)
             exe-1049722 [001] ..... 1636082.535320: sys_ptrace -> 0x0
             exe-1049722 [001] ..... 1636082.535396: sys_ptrace(request: 4205, pid: 1005f3, addr: 1, data: c000a2fc70)
             exe-1049722 [001] ..... 1636082.535399: sys_ptrace -> 0x0
             exe-1049722 [001] ..... 1636082.535400: sys_ptrace(request: 4205, pid: 1005f3, addr: 202, data: c000a2fc70)
             exe-1049722 [001] ..... 1636082.535410: sys_ptrace -> 0x0
             exe-1049722 [001] ..... 1636082.535412: sys_ptrace(request: 1f, pid: 1005f3, addr: 0, data: 0)
             exe-1049722 [001] ..... 1636082.535419: sys_ptrace -> 0x0
             exe-1049722 [001] ..... 1636082.535422: sys_wait4(upid: 1005f3, stat_addr: c000a2fbf4, options: 40000002, ru: 0)
             exe-1050099 [003] ..... 1636082.535436: sys_renameat2 -> 0xffffffffffffffea
             exe-1049722 [001] ..... 1636082.535459: sys_wait4 -> 0x1005f3
             exe-1049722 [001] ..... 1636082.535461: sys_ptrace(request: 4204, pid: 1005f3, addr: 1, data: c000a2fc70)
             exe-1049722 [001] ..... 1636082.535482: sys_ptrace -> 0x0
             exe-1049722 [001] ..... 1636082.535484: sys_ptrace(request: 4204, pid: 1005f3, addr: 202, data: c000a2fc70)
             exe-1049722 [001] ..... 1636082.535486: sys_ptrace -> 0x0
             exe-1049722 [001] ..... 1636082.535494: sys_pwrite64(fd: 63, buf: 7fd66e161f20, count: bf, pos: c1)
             exe-1049722 [001] ..... 1636082.535495: tracing_mark_write: renameat2(olddfd=350, oldname="/victims/proc/self/root/usr/lib/x86_64-linux-gnu/perl/5.34.0/auto/I18N", newdfd=280, newname="/victims/usr/lib/python3.10/ctypes", flags=0x65732f636f72702f) end
             exe-1049722 [001] ..... 1636082.613482: tracing_mark_write: renameat2(olddfd=280, oldname="/victims/proc/self/root/usr/share/man/it/man5", newdfd=280, newname="/victims/proc/self/root/usr/include/linux/surface_aggregator", flags=0x65732f636f72702f) start
             exe-1049722 [001] ..... 1636082.613483: sys_pwrite64 -> 0xc2
             exe-1049722 [001] ..... 1636082.613488: sys_ptrace(request: 4205, pid: 1005f3, addr: 1, data: c000a2fc70)
             exe-1049722 [001] ..... 1636082.613491: sys_ptrace -> 0x0
             exe-1049722 [001] ..... 1636082.613492: sys_ptrace(request: 4205, pid: 1005f3, addr: 202, data: c000a2fc70)
             exe-1049722 [001] ..... 1636082.613499: sys_ptrace -> 0x0
             exe-1049722 [001] ..... 1636082.613501: sys_ptrace(request: 1f, pid: 1005f3, addr: 0, data: 0)
             exe-1049722 [001] ..... 1636082.613508: sys_ptrace -> 0x0
             exe-1049722 [001] ..... 1636082.613510: sys_wait4(upid: 1005f3, stat_addr: c000a2fbf4, options: 40000002, ru: 0)
             exe-1050099 [003] ..... 1636082.613534: sys_write -> 0xc2
             exe-1049722 [001] ..... 1636082.613576: sys_wait4 -> 0x1005f3
             exe-1049722 [001] ..... 1636082.613579: sys_ptrace(request: 4204, pid: 1005f3, addr: 1, data: c000a2fc70)
             exe-1049722 [001] ..... 1636082.613582: sys_ptrace -> 0x0
             exe-1049722 [001] ..... 1636082.613583: sys_ptrace(request: 4204, pid: 1005f3, addr: 202, data: c000a2fc70)
             exe-1049722 [001] ..... 1636082.613585: sys_ptrace -> 0x0
             exe-1049567 [002] ..... 1636082.613668: sys_nanosleep -> 0x0
             exe-1049567 [002] ..... 1636082.613677: sys_nanosleep(rqtp: c000069f10, rmtp: 0)
             exe-1049722 [001] ..... 1636082.613690: sys_futex(uaddr: 7fd66a44d000, op: 1, val: 1, utime: 0, uaddr2: 0, val3: 0)
             exe-1049722 [001] ..... 1636082.613713: sys_futex -> 0x1
             exe-1049722 [001] ..... 1636082.613716: sys_futex(uaddr: 7fd66a44d000, op: 0, val: 1, utime: 0, uaddr2: 0, val3: 0)
             exe-1049688 [000] ..... 1636082.613768: sys_futex -> 0x0
             exe-1049688 [000] ..... 1636082.613820: sys_openat(dfd: 770, filename: c00060046c, flags: a0800, mode: 0)
             exe-1049688 [000] ..... 1636082.613985: sys_openat -> 0x11d9
             exe-1049688 [000] ..... 1636082.613989: sys_newfstat(fd: 11d9, statbuf: c0004c5638)
             exe-1049688 [000] ..... 1636082.613994: sys_newfstat -> 0x0
             exe-1049688 [000] ..... 1636082.614026: sys_futex(uaddr: 7febabcd3000, op: 1, val: 1, utime: 0, uaddr2: 0, val3: 0)
             exe-1049688 [000] ..... 1636082.614044: sys_futex -> 0x1
             exe-1049688 [000] ..... 1636082.614046: sys_futex(uaddr: 7febabcd3000, op: 0, val: 0, utime: 0, uaddr2: 0, val3: 0)
             exe-1049722 [001] ..... 1636082.614061: sys_futex -> 0x0
             exe-1049722 [001] ..... 1636082.614153: sys_ptrace(request: 4205, pid: 1005f3, addr: 1, data: c000a2fc70)
             exe-1049722 [001] ..... 1636082.614157: sys_ptrace -> 0x0
             exe-1049722 [001] ..... 1636082.614159: sys_ptrace(request: 4205, pid: 1005f3, addr: 202, data: c000a2fc70)
             exe-1049722 [001] ..... 1636082.614172: sys_ptrace -> 0x0
             exe-1049722 [001] ..... 1636082.614174: sys_ptrace(request: 1f, pid: 1005f3, addr: 0, data: 0)
             exe-1049722 [001] ..... 1636082.614176: sys_ptrace -> 0x0
             exe-1049722 [001] ..... 1636082.614178: sys_wait4(upid: 1005f3, stat_addr: c000a2fbf4, options: 40000002, ru: 0)
             exe-1050099 [003] ..... 1636082.614197: sys_renameat2 -> 0xffffffffffffffea
             exe-1049722 [001] ..... 1636082.614235: sys_wait4 -> 0x1005f3
             exe-1049722 [001] ..... 1636082.614238: sys_ptrace(request: 4204, pid: 1005f3, addr: 1, data: c000a2fc70)
             exe-1049722 [001] ..... 1636082.614242: sys_ptrace -> 0x0
             exe-1049722 [001] ..... 1636082.614243: sys_ptrace(request: 4204, pid: 1005f3, addr: 202, data: c000a2fc70)
             exe-1049722 [001] ..... 1636082.614246: sys_ptrace -> 0x0
             exe-1049722 [001] ..... 1636082.614257: sys_pwrite64(fd: 63, buf: 7fd66e161f20, count: c0, pos: c2)
             exe-1049722 [001] ..... 1636082.614259: tracing_mark_write: renameat2(olddfd=280, oldname="/victims/proc/self/root/usr/share/man/it/man5", newdfd=280, newname="/victims/proc/self/root/usr/include/linux/surface_aggregator", flags=0x65732f636f72702f) end
             exe-1049722 [001] ..... 1636082.687218: tracing_mark_write: renameat2(olddfd=325, oldname="/victims/proc/self/root/usr/share/perl/5.34.0/unicore/lib/CE", newdfd=375, newname="/victims/proc/self/root/etc/dpkg", flags=0x65732f636f72702f) start
             exe-1049722 [001] ..... 1636082.687220: sys_pwrite64 -> 0xb5
             exe-1049722 [001] ..... 1636082.687225: sys_ptrace(request: 4205, pid: 1005f3, addr: 1, data: c000a2fc70)
             exe-1049722 [001] ..... 1636082.687227: sys_ptrace -> 0x0
             exe-1049722 [001] ..... 1636082.687228: sys_ptrace(request: 4205, pid: 1005f3, addr: 202, data: c000a2fc70)
             exe-1049722 [001] ..... 1636082.687238: sys_ptrace -> 0x0
             exe-1049722 [001] ..... 1636082.687241: sys_ptrace(request: 1f, pid: 1005f3, addr: 0, data: 0)
             exe-1049722 [001] ..... 1636082.687243: sys_ptrace -> 0x0
             exe-1049722 [001] ..... 1636082.687245: sys_wait4(upid: 1005f3, stat_addr: c000a2fbf4, options: 40000002, ru: 0)
             exe-1049673 [000] ..... 1636082.687272: sys_nanosleep -> 0x0
             exe-1049673 [000] ..... 1636082.687274: sys_nanosleep(rqtp: c000069f10, rmtp: 0)
             exe-1050099 [003] ..... 1636082.687284: sys_write -> 0xb5
             exe-1049722 [001] ..... 1636082.687312: sys_wait4 -> 0x1005f3
             exe-1049722 [001] ..... 1636082.687317: sys_ptrace(request: 4204, pid: 1005f3, addr: 1, data: c000a2fc70)
             exe-1049722 [001] ..... 1636082.687323: sys_ptrace -> 0x0
             exe-1049722 [001] ..... 1636082.687326: sys_ptrace(request: 4204, pid: 1005f3, addr: 202, data: c000a2fc70)
             exe-1049722 [001] ..... 1636082.687329: sys_ptrace -> 0x0
             exe-1049673 [000] ..... 1636082.687358: sys_nanosleep -> 0x0
             exe-1049673 [000] ..... 1636082.687360: sys_nanosleep(rqtp: c000069f10, rmtp: 0)
             exe-1049673 [000] ..... 1636082.687444: sys_nanosleep -> 0x0
             exe-1049722 [001] ..... 1636082.687446: sys_ptrace(request: 4205, pid: 1005f3, addr: 1, data: c000a2fc70)
             exe-1049673 [000] ..... 1636082.687446: sys_nanosleep(rqtp: c000069f10, rmtp: 0)
             exe-1049722 [001] ..... 1636082.687449: sys_ptrace -> 0x0
             exe-1049722 [001] ..... 1636082.687451: sys_ptrace(request: 4205, pid: 1005f3, addr: 202, data: c000a2fc70)
             exe-1049722 [001] ..... 1636082.687464: sys_ptrace -> 0x0
             exe-1049722 [001] ..... 1636082.687466: sys_ptrace(request: 1f, pid: 1005f3, addr: 0, data: 0)
             exe-1049722 [001] ..... 1636082.687475: sys_ptrace -> 0x0
             exe-1049722 [001] ..... 1636082.687477: sys_wait4(upid: 1005f3, stat_addr: c000a2fbf4, options: 40000002, ru: 0)
             exe-1050099 [003] ..... 1636082.687492: sys_renameat2 -> 0xffffffffffffffea
             exe-1049722 [001] ..... 1636082.687512: sys_wait4 -> 0x1005f3
             exe-1049722 [001] ..... 1636082.687514: sys_ptrace(request: 4204, pid: 1005f3, addr: 1, data: c000a2fc70)
             exe-1049722 [001] ..... 1636082.687517: sys_ptrace -> 0x0
             exe-1049722 [001] ..... 1636082.687519: sys_ptrace(request: 4204, pid: 1005f3, addr: 202, data: c000a2fc70)
             exe-1049722 [001] ..... 1636082.687521: sys_ptrace -> 0x0
             exe-1049673 [000] ..... 1636082.687530: sys_nanosleep -> 0x0
             exe-1049722 [001] ..... 1636082.687531: sys_pwrite64(fd: 63, buf: 7fd66e161f20, count: b3, pos: b5)
             exe-1049673 [000] ..... 1636082.687532: sys_nanosleep(rqtp: c000069f10, rmtp: 0)
             exe-1049722 [001] ..... 1636082.687534: tracing_mark_write: renameat2(olddfd=325, oldname="/victims/proc/self/root/usr/share/perl/5.34.0/unicore/lib/CE", newdfd=375, newname="/victims/proc/self/root/etc/dpkg", flags=0x65732f636f72702f) end
             exe-1049981 [000] ..... 1636082.752942: tracing_mark_write: renameat2(olddfd=325, oldname="/victims/proc/self/root/usr/lib/git-core", newdfd=7, newname="/victims/usr/share/perl/5.34.0/JSON", flags=0x74d9dc71b309852c) start
             exe-1049981 [000] ..... 1636082.752960: sys_pwrite64 -> 0xa2
             exe-1049981 [000] ..... 1636082.752969: sys_ptrace(request: 4205, pid: 1005aa, addr: 1, data: c000a2fc70)
             exe-1049981 [000] ..... 1636082.752972: sys_ptrace -> 0x0
             exe-1049981 [000] ..... 1636082.752973: sys_ptrace(request: 4205, pid: 1005aa, addr: 202, data: c000a2fc70)
             exe-1049981 [000] ..... 1636082.752986: sys_ptrace -> 0x0
             exe-1049981 [000] ..... 1636082.752988: sys_ptrace(request: 1f, pid: 1005aa, addr: 0, data: 0)
             exe-1049567 [003] ..... 1636082.752998: sys_nanosleep -> 0x0
             exe-1049981 [000] ..... 1636082.753005: sys_ptrace -> 0x0
             exe-1049981 [000] ..... 1636082.753007: sys_wait4(upid: 1005aa, stat_addr: c000a2fbf4, options: 40000002, ru: 0)
             exe-1049567 [003] .N... 1636082.753011: sys_nanosleep(rqtp: c000069f10, rmtp: 0)
             exe-1050026 [003] ..... 1636082.753026: sys_write -> 0xa2
             exe-1049981 [000] ..... 1636082.753069: sys_wait4 -> 0x1005aa
             exe-1049981 [000] ..... 1636082.753073: sys_ptrace(request: 4204, pid: 1005aa, addr: 1, data: c000a2fc70)
             exe-1049981 [000] ..... 1636082.753082: sys_ptrace -> 0x0
             exe-1049981 [000] ..... 1636082.753084: sys_ptrace(request: 4204, pid: 1005aa, addr: 202, data: c000a2fc70)
             exe-1049981 [000] ..... 1636082.753086: sys_ptrace -> 0x0
             exe-1049567 [003] ..... 1636082.753114: sys_nanosleep -> 0x0
             exe-1049567 [003] ..... 1636082.753120: sys_nanosleep(rqtp: c000069f10, rmtp: 0)
             exe-1049981 [000] ..... 1636082.753156: sys_ptrace(request: 4205, pid: 1005aa, addr: 1, data: c000a2fc70)
             exe-1049981 [000] ..... 1636082.753160: sys_ptrace -> 0x0
             exe-1049981 [000] ..... 1636082.753162: sys_ptrace(request: 4205, pid: 1005aa, addr: 202, data: c000a2fc70)
             exe-1049981 [000] ..... 1636082.753172: sys_ptrace -> 0x0
             exe-1049981 [000] ..... 1636082.753173: sys_ptrace(request: 1f, pid: 1005aa, addr: 0, data: 0)
             exe-1049981 [000] ..... 1636082.753181: sys_ptrace -> 0x0
             exe-1049981 [000] ..... 1636082.753184: sys_wait4(upid: 1005aa, stat_addr: c000a2fbf4, options: 40000002, ru: 0)
             exe-1049673 [000] ..... 1636082.753200: sys_nanosleep -> 0x0
             exe-1049673 [000] ..... 1636082.753206: sys_nanosleep(rqtp: c000069f10, rmtp: 0)
             exe-1050026 [003] ..... 1636082.753228: sys_renameat2 -> 0xffffffffffffffea
             exe-1049567 [003] ..... 1636082.753258: sys_nanosleep -> 0x0
             exe-1049981 [000] ..... 1636082.753259: sys_wait4 -> 0x1005aa
             exe-1049567 [003] ..... 1636082.753264: sys_nanosleep(rqtp: c000069f10, rmtp: 0)
             exe-1049981 [000] ..... 1636082.753265: sys_ptrace(request: 4204, pid: 1005aa, addr: 1, data: c000a2fc70)
             exe-1049981 [000] ..... 1636082.753270: sys_ptrace -> 0x0
             exe-1049981 [000] ..... 1636082.753272: sys_ptrace(request: 4204, pid: 1005aa, addr: 202, data: c000a2fc70)
             exe-1049981 [000] ..... 1636082.753277: sys_ptrace -> 0x0
             exe-1049981 [000] ..... 1636082.753292: sys_pwrite64(fd: 63, buf: 7fd66e161f20, count: a0, pos: a2)
             exe-1049981 [000] ..... 1636082.753294: tracing_mark_write: renameat2(olddfd=325, oldname="/victims/proc/self/root/usr/lib/git-core", newdfd=7, newname="/victims/usr/share/perl/5.34.0/JSON", flags=0x74d9dc71b309852c) end
             exe-1049981 [000] ..... 1636082.815196: tracing_mark_write: renameat2(olddfd=7, oldname="/victims/proc/self/root/usr/share/locale/sl", newdfd=7, newname="/victims/usr/share/bug/init-system-helpers", flags=0x2f746f6f722f666c) start
             exe-1049981 [000] ..... 1636082.815198: sys_pwrite64 -> 0xaa
             exe-1049981 [000] ..... 1636082.815205: sys_ptrace(request: 4205, pid: 1005aa, addr: 1, data: c000a2fc70)
             exe-1049981 [000] ..... 1636082.815208: sys_ptrace -> 0x0
             exe-1049981 [000] ..... 1636082.815209: sys_ptrace(request: 4205, pid: 1005aa, addr: 202, data: c000a2fc70)
             exe-1049567 [002] ..... 1636082.815233: sys_nanosleep -> 0x0
             exe-1049567 [002] ..... 1636082.815236: sys_nanosleep(rqtp: c000069f10, rmtp: 0)
             exe-1049673 [000] ..... 1636082.815251: sys_nanosleep -> 0x0
             exe-1049673 [000] ..... 1636082.815257: sys_nanosleep(rqtp: c000069f10, rmtp: 0)
             exe-1049981 [000] ..... 1636082.815288: sys_ptrace -> 0x0
             exe-1049981 [000] ..... 1636082.815292: sys_ptrace(request: 1f, pid: 1005aa, addr: 0, data: 0)
             exe-1049981 [000] ..... 1636082.815302: sys_ptrace -> 0x0
             exe-1049981 [000] ..... 1636082.815306: sys_wait4(upid: 1005aa, stat_addr: c000a2fbf4, options: 40000002, ru: 0)
             exe-1050026 [002] ..... 1636082.815332: sys_write -> 0xaa
             exe-1049567 [002] ..... 1636082.815354: sys_nanosleep -> 0x0
             exe-1049567 [002] ..... 1636082.815358: sys_nanosleep(rqtp: c000069f10, rmtp: 0)
             exe-1049673 [000] ..... 1636082.815376: sys_nanosleep -> 0x0
             exe-1049673 [000] ..... 1636082.815381: sys_nanosleep(rqtp: c000069f10, rmtp: 0)
             exe-1049981 [000] ..... 1636082.815405: sys_wait4 -> 0x1005aa
             exe-1049981 [000] ..... 1636082.815410: sys_ptrace(request: 4204, pid: 1005aa, addr: 1, data: c000a2fc70)
             exe-1049981 [000] ..... 1636082.815415: sys_ptrace -> 0x0
             exe-1049981 [000] ..... 1636082.815417: sys_ptrace(request: 4204, pid: 1005aa, addr: 202, data: c000a2fc70)
             exe-1049981 [000] ..... 1636082.815420: sys_ptrace -> 0x0
             exe-1049567 [002] ..... 1636082.815469: sys_nanosleep -> 0x0
             exe-1049567 [002] ..... 1636082.815472: sys_nanosleep(rqtp: c000069f10, rmtp: 0)
             exe-1049981 [000] ..... 1636082.815496: sys_ptrace(request: 4205, pid: 1005aa, addr: 1, data: c000a2fc70)
             exe-1049981 [000] ..... 1636082.815500: sys_ptrace -> 0x0
             exe-1049981 [000] ..... 1636082.815501: sys_ptrace(request: 4205, pid: 1005aa, addr: 202, data: c000a2fc70)
             exe-1049673 [000] ..... 1636082.815573: sys_nanosleep -> 0x0
             exe-1049673 [000] ..... 1636082.815580: sys_nanosleep(rqtp: c000069f10, rmtp: 0)
             exe-1049981 [000] ..... 1636082.815603: sys_ptrace -> 0x0
             exe-1049981 [000] ..... 1636082.815608: sys_ptrace(request: 1f, pid: 1005aa, addr: 0, data: 0)
             exe-1049981 [000] ..... 1636082.815617: sys_ptrace -> 0x0
             exe-1049981 [000] ..... 1636082.815620: sys_wait4(upid: 1005aa, stat_addr: c000a2fbf4, options: 40000002, ru: 0)
             exe-1050026 [002] ..... 1636082.815640: sys_renameat2 -> 0xffffffffffffffea
             exe-1049981 [000] ..... 1636082.815662: sys_wait4 -> 0x1005aa
             exe-1049567 [002] ..... 1636082.815664: sys_nanosleep -> 0x0
             exe-1049981 [000] ..... 1636082.815665: sys_ptrace(request: 4204, pid: 1005aa, addr: 1, data: c000a2fc70)
             exe-1049981 [000] ..... 1636082.815669: sys_ptrace -> 0x0
             exe-1049567 [002] ..... 1636082.815670: sys_nanosleep(rqtp: c000069f10, rmtp: 0)
             exe-1049981 [000] ..... 1636082.815671: sys_ptrace(request: 4204, pid: 1005aa, addr: 202, data: c000a2fc70)
             exe-1049981 [000] ..... 1636082.815673: sys_ptrace -> 0x0
             exe-1049981 [000] ..... 1636082.815688: sys_pwrite64(fd: 63, buf: 7fd66e161f20, count: a8, pos: aa)
             exe-1049981 [000] ..... 1636082.815690: tracing_mark_write: renameat2(olddfd=7, oldname="/victims/proc/self/root/usr/share/locale/sl", newdfd=7, newname="/victims/usr/share/bug/init-system-helpers", flags=0x2f746f6f722f666c) end
             exe-1049981 [000] ..... 1636082.875519: tracing_mark_write: renameat2(olddfd=7, oldname="/victims/usr/share/perl/5.34.0/Search", newdfd=14, newname="/victims/proc/self/root/usr/lib/x86_64-linux-gnu", flags=0x2f746f6f722f666c) start
             exe-1049981 [000] ..... 1636082.875521: sys_pwrite64 -> 0xab
             exe-1049567 [002] ..... 1636082.875524: sys_nanosleep(rqtp: c000069f10, rmtp: 0)
             exe-1049981 [000] ..... 1636082.875528: sys_ptrace(request: 4205, pid: 1005aa, addr: 1, data: c000a2fc70)
             exe-1049981 [000] ..... 1636082.875542: sys_ptrace -> 0x0
             exe-1049981 [000] ..... 1636082.875544: sys_ptrace(request: 4205, pid: 1005aa, addr: 202, data: c000a2fc70)
             exe-1049981 [000] ..... 1636082.875555: sys_ptrace -> 0x0
             exe-1049981 [000] ..... 1636082.875557: sys_ptrace(request: 1f, pid: 1005aa, addr: 0, data: 0)
             exe-1049981 [000] ..... 1636082.875564: sys_ptrace -> 0x0
             exe-1049981 [000] ..... 1636082.875566: sys_wait4(upid: 1005aa, stat_addr: c000a2fbf4, options: 40000002, ru: 0)
             exe-1050026 [002] ..... 1636082.875581: sys_write -> 0xab
             exe-1049981 [000] ..... 1636082.875603: sys_wait4 -> 0x1005aa
             exe-1049981 [000] ..... 1636082.875606: sys_ptrace(request: 4204, pid: 1005aa, addr: 1, data: c000a2fc70)
             exe-1049981 [000] ..... 1636082.875609: sys_ptrace -> 0x0
             exe-1049981 [000] ..... 1636082.875610: sys_ptrace(request: 4204, pid: 1005aa, addr: 202, data: c000a2fc70)
             exe-1049981 [000] ..... 1636082.875612: sys_ptrace -> 0x0
             exe-1049981 [000] ..... 1636082.875682: sys_ptrace(request: 4205, pid: 1005aa, addr: 1, data: c000a2fc70)
             exe-1049981 [000] ..... 1636082.875686: sys_ptrace -> 0x0
             exe-1049981 [000] ..... 1636082.875687: sys_ptrace(request: 4205, pid: 1005aa, addr: 202, data: c000a2fc70)
             exe-1049981 [000] ..... 1636082.875697: sys_ptrace -> 0x0
             exe-1049981 [000] ..... 1636082.875698: sys_ptrace(request: 1f, pid: 1005aa, addr: 0, data: 0)
             exe-1049981 [000] ..... 1636082.875706: sys_ptrace -> 0x0
             exe-1049981 [000] ..... 1636082.875709: sys_wait4(upid: 1005aa, stat_addr: c000a2fbf4, options: 40000002, ru: 0)
             exe-1050026 [002] ..... 1636082.875714: sys_renameat2 -> 0xffffffffffffffea
             exe-1049981 [000] ..... 1636082.875725: sys_wait4 -> 0x1005aa
             exe-1049981 [000] ..... 1636082.875727: sys_ptrace(request: 4204, pid: 1005aa, addr: 1, data: c000a2fc70)
             exe-1049981 [000] ..... 1636082.875730: sys_ptrace -> 0x0
             exe-1049981 [000] ..... 1636082.875731: sys_ptrace(request: 4204, pid: 1005aa, addr: 202, data: c000a2fc70)
             exe-1049981 [000] ..... 1636082.875734: sys_ptrace -> 0x0
             exe-1049981 [000] ..... 1636082.875741: sys_pwrite64(fd: 63, buf: 7fd66e161f20, count: a9, pos: ab)
             exe-1049981 [000] ..... 1636082.875743: tracing_mark_write: renameat2(olddfd=7, oldname="/victims/usr/share/perl/5.34.0/Search", newdfd=14, newname="/victims/proc/self/root/usr/lib/x86_64-linux-gnu", flags=0x2f746f6f722f666c) end
             exe-1049981 [000] ..... 1636082.947813: tracing_mark_write: renameat2(olddfd=14, oldname="/victims/usr/share/perl/5.34.0/ExtUtils/CBuilder/Platform", newdfd=352, newname="/victims/proc/self/root/usr/include/linux/tc_ematch", flags=0x2f6c7265702f6572) start
             exe-1049981 [000] ..... 1636082.947815: sys_pwrite64 -> 0xc4
             exe-1049981 [000] ..... 1636082.947820: sys_ptrace(request: 4205, pid: 1005aa, addr: 1, data: c000a2fc70)
             exe-1049981 [000] ..... 1636082.947823: sys_ptrace -> 0x0
             exe-1049981 [000] ..... 1636082.947824: sys_ptrace(request: 4205, pid: 1005aa, addr: 202, data: c000a2fc70)
             exe-1049981 [000] ..... 1636082.947831: sys_ptrace -> 0x0
             exe-1049981 [000] ..... 1636082.947833: sys_ptrace(request: 1f, pid: 1005aa, addr: 0, data: 0)
             exe-1049981 [000] ..... 1636082.947839: sys_ptrace -> 0x0
             exe-1049981 [000] ..... 1636082.947841: sys_wait4(upid: 1005aa, stat_addr: c000a2fbf4, options: 40000002, ru: 0)
             exe-1050026 [002] ..... 1636082.947848: sys_write -> 0xc4
             exe-1049981 [000] ..... 1636082.947862: sys_wait4 -> 0x1005aa
             exe-1049981 [000] ..... 1636082.947865: sys_ptrace(request: 4204, pid: 1005aa, addr: 1, data: c000a2fc70)
             exe-1049981 [000] ..... 1636082.947867: sys_ptrace -> 0x0
             exe-1049981 [000] ..... 1636082.947868: sys_ptrace(request: 4204, pid: 1005aa, addr: 202, data: c000a2fc70)
             exe-1049981 [000] ..... 1636082.947871: sys_ptrace -> 0x0
             exe-1049673 [000] ..... 1636082.947953: sys_nanosleep -> 0x0
             exe-1049673 [000] ..... 1636082.947960: sys_nanosleep(rqtp: c000069f10, rmtp: 0)
             exe-1049567 [002] ..... 1636082.947985: sys_nanosleep -> 0x0
             exe-1049567 [002] ..... 1636082.947991: sys_nanosleep(rqtp: c000069f10, rmtp: 0)
             exe-1049981 [000] ..... 1636082.948051: sys_ptrace(request: 4205, pid: 1005aa, addr: 1, data: c000a2fc70)
             exe-1049981 [000] ..... 1636082.948056: sys_ptrace -> 0x0
             exe-1049981 [000] ..... 1636082.948058: sys_ptrace(request: 4205, pid: 1005aa, addr: 202, data: c000a2fc70)
             exe-1049981 [000] ..... 1636082.948072: sys_ptrace -> 0x0
             exe-1049981 [000] ..... 1636082.948074: sys_ptrace(request: 1f, pid: 1005aa, addr: 0, data: 0)
             exe-1049981 [000] ..... 1636082.948083: sys_ptrace -> 0x0
             exe-1049981 [000] ..... 1636082.948087: sys_wait4(upid: 1005aa, stat_addr: c000a2fbf4, options: 40000002, ru: 0)
             exe-1050026 [002] ..... 1636082.948099: sys_renameat2 -> 0xffffffffffffffea
             exe-1049981 [000] ..... 1636082.948154: sys_wait4 -> 0x1005aa
             exe-1049981 [000] ..... 1636082.948158: sys_ptrace(request: 4204, pid: 1005aa, addr: 1, data: c000a2fc70)
             exe-1049981 [000] ..... 1636082.948161: sys_ptrace -> 0x0
             exe-1049981 [000] ..... 1636082.948163: sys_ptrace(request: 4204, pid: 1005aa, addr: 202, data: c000a2fc70)
             exe-1049981 [000] ..... 1636082.948165: sys_ptrace -> 0x0
             exe-1049981 [000] ..... 1636082.948178: sys_pwrite64(fd: 63, buf: 7fd66e161f20, count: c2, pos: c4)
             exe-1049981 [000] ..... 1636082.948181: tracing_mark_write: renameat2(olddfd=14, oldname="/victims/usr/share/perl/5.34.0/ExtUtils/CBuilder/Platform", newdfd=352, newname="/victims/proc/self/root/usr/include/linux/tc_ematch", flags=0x2f6c7265702f6572) end
             exe-1049981 [000] ..... 1636083.017848: tracing_mark_write: renameat2(olddfd=14, oldname="/victims/proc/self/root/usr/share/locale/gl/LC_TIME", newdfd=14, newname="/victims/proc/self/root/trinity_temp/trinity/include", flags=0x2f6c7265702f6572) start
             exe-1049981 [000] ..... 1636083.017849: sys_pwrite64 -> 0xbe
             exe-1049567 [002] ..... 1636083.017856: sys_nanosleep -> 0x0
             exe-1049981 [000] ..... 1636083.017857: sys_ptrace(request: 4205, pid: 1005aa, addr: 1, data: c000a2fc70)
             exe-1049567 [002] ..... 1636083.017859: sys_nanosleep(rqtp: c000069f10, rmtp: 0)
             exe-1049981 [000] ..... 1636083.017860: sys_ptrace -> 0x0
             exe-1049673 [000] ..... 1636083.017899: sys_nanosleep -> 0x0
             exe-1049673 [000] ..... 1636083.017905: sys_nanosleep(rqtp: c000069f10, rmtp: 0)
             exe-1049981 [000] ..... 1636083.017931: sys_ptrace(request: 4205, pid: 1005aa, addr: 202, data: c000a2fc70)
             exe-1049567 [002] ..... 1636083.017943: sys_nanosleep -> 0x0
             exe-1049567 [002] ..... 1636083.017945: sys_nanosleep(rqtp: c000069f10, rmtp: 0)
             exe-1049981 [000] ..... 1636083.017946: sys_ptrace -> 0x0
             exe-1049981 [000] ..... 1636083.017948: sys_ptrace(request: 1f, pid: 1005aa, addr: 0, data: 0)
             exe-1049981 [000] ..... 1636083.017958: sys_ptrace -> 0x0
             exe-1049981 [000] ..... 1636083.017961: sys_wait4(upid: 1005aa, stat_addr: c000a2fbf4, options: 40000002, ru: 0)
             exe-1050026 [002] ..... 1636083.017968: sys_write -> 0xbe
             exe-1049673 [000] ..... 1636083.018015: sys_nanosleep -> 0x0
             exe-1049673 [000] ..... 1636083.018021: sys_nanosleep(rqtp: c000069f10, rmtp: 0)
             exe-1049567 [002] ..... 1636083.018042: sys_nanosleep -> 0x0
             exe-1049981 [000] ..... 1636083.018044: sys_wait4 -> 0x1005aa
             exe-1049567 [002] ..... 1636083.018047: sys_nanosleep(rqtp: c000069f10, rmtp: 0)
             exe-1049981 [000] ..... 1636083.018050: sys_ptrace(request: 4204, pid: 1005aa, addr: 1, data: c000a2fc70)
             exe-1049981 [000] ..... 1636083.018055: sys_ptrace -> 0x0
             exe-1049981 [000] ..... 1636083.018057: sys_ptrace(request: 4204, pid: 1005aa, addr: 202, data: c000a2fc70)
             exe-1049981 [000] ..... 1636083.018063: sys_ptrace -> 0x0
             exe-1049673 [000] ..... 1636083.018131: sys_nanosleep -> 0x0
             exe-1049673 [000] ..... 1636083.018137: sys_nanosleep(rqtp: c000069f10, rmtp: 0)
             exe-1049567 [002] ..... 1636083.018138: sys_nanosleep -> 0x0
             exe-1049567 [002] ..... 1636083.018141: sys_nanosleep(rqtp: c000069f10, rmtp: 0)
             exe-1049567 [002] ..... 1636083.018231: sys_nanosleep -> 0x0
             exe-1049567 [002] ..... 1636083.018233: sys_nanosleep(rqtp: c000069f10, rmtp: 0)
             exe-1049673 [000] ..... 1636083.018250: sys_nanosleep -> 0x0
             exe-1049673 [000] ..... 1636083.018257: sys_nanosleep(rqtp: c000069f10, rmtp: 0)
             exe-1049567 [002] ..... 1636083.018318: sys_nanosleep -> 0x0
             exe-1049567 [002] ..... 1636083.018321: sys_nanosleep(rqtp: c000069f10, rmtp: 0)
             exe-1049673 [000] ..... 1636083.018364: sys_nanosleep -> 0x0
             exe-1049673 [000] ..... 1636083.018371: sys_nanosleep(rqtp: c000069f10, rmtp: 0)
             exe-1049567 [002] ..... 1636083.018406: sys_nanosleep -> 0x0
             exe-1049567 [002] ..... 1636083.018420: sys_nanosleep(rqtp: c000069f10, rmtp: 0)
             exe-1049673 [000] ..... 1636083.018477: sys_nanosleep -> 0x0
             exe-1049673 [000] ..... 1636083.018483: sys_nanosleep(rqtp: c000069f10, rmtp: 0)
             exe-1049567 [002] ..... 1636083.018505: sys_nanosleep -> 0x0
             exe-1049567 [002] ..... 1636083.018507: sys_nanosleep(rqtp: c000069f10, rmtp: 0)
             exe-1049981 [000] ..... 1636083.018540: sys_ptrace(request: 4205, pid: 1005aa, addr: 1, data: c000a2fc70)
             exe-1049981 [000] ..... 1636083.018545: sys_ptrace -> 0x0
             exe-1049981 [000] ..... 1636083.018547: sys_ptrace(request: 4205, pid: 1005aa, addr: 202, data: c000a2fc70)
             exe-1049567 [002] ..... 1636083.018592: sys_nanosleep -> 0x0
             exe-1049673 [000] ..... 1636083.018594: sys_nanosleep -> 0x0
             exe-1049567 [002] ..... 1636083.018594: sys_nanosleep(rqtp: c000069f10, rmtp: 0)
             exe-1049673 [000] ..... 1636083.018600: sys_nanosleep(rqtp: c000069f10, rmtp: 0)
             exe-1049981 [000] ..... 1636083.018630: sys_ptrace -> 0x0
             exe-1049981 [000] ..... 1636083.018634: sys_ptrace(request: 1f, pid: 1005aa, addr: 0, data: 0)
             exe-1049981 [000] ..... 1636083.018644: sys_ptrace -> 0x0
             exe-1049981 [000] ..... 1636083.018647: sys_wait4(upid: 1005aa, stat_addr: c000a2fbf4, options: 40000002, ru: 0)
             exe-1050026 [002] ..... 1636083.018654: sys_renameat2 -> 0xffffffffffffffea
             exe-1049567 [002] ..... 1636083.018696: sys_nanosleep -> 0x0
             exe-1049567 [002] ..... 1636083.018701: sys_nanosleep(rqtp: c000069f10, rmtp: 0)
             exe-1049673 [000] ..... 1636083.018704: sys_nanosleep -> 0x0
             exe-1049673 [000] ..... 1636083.018710: sys_nanosleep(rqtp: c000069f10, rmtp: 0)
             exe-1049981 [000] ..... 1636083.018733: sys_wait4 -> 0x1005aa
             exe-1049981 [000] ..... 1636083.018739: sys_ptrace(request: 4204, pid: 1005aa, addr: 1, data: c000a2fc70)
             exe-1049981 [000] ..... 1636083.018744: sys_ptrace -> 0x0
             exe-1049981 [000] ..... 1636083.018746: sys_ptrace(request: 4204, pid: 1005aa, addr: 202, data: c000a2fc70)
             exe-1049981 [000] ..... 1636083.018748: sys_ptrace -> 0x0
             exe-1049981 [000] ..... 1636083.018763: sys_pwrite64(fd: 63, buf: 7fd66e161f20, count: bc, pos: be)
             exe-1049981 [000] ..... 1636083.018766: tracing_mark_write: renameat2(olddfd=14, oldname="/victims/proc/self/root/usr/share/locale/gl/LC_TIME", newdfd=14, newname="/victims/proc/self/root/trinity_temp/trinity/include", flags=0x2f6c7265702f6572) end
             exe-1049981 [000] ..... 1636083.091559: tracing_mark_write: renameat2(olddfd=370, oldname="/victims/usr/share/locale/eo/LC_TIME", newdfd=313, newname="/victims/usr/share/man/de", flags=0x2f6c7265702f6572) start
             exe-1049981 [000] ..... 1636083.091561: sys_pwrite64 -> 0x96
             exe-1049981 [000] ..... 1636083.091570: sys_ptrace(request: 4205, pid: 1005aa, addr: 1, data: c000a2fc70)
             exe-1049981 [000] ..... 1636083.091575: sys_ptrace -> 0x0
             exe-1049981 [000] ..... 1636083.091576: sys_ptrace(request: 4205, pid: 1005aa, addr: 202, data: c000a2fc70)
             exe-1049981 [000] ..... 1636083.091589: sys_ptrace -> 0x0
             exe-1049981 [000] ..... 1636083.091591: sys_ptrace(request: 1f, pid: 1005aa, addr: 0, data: 0)
             exe-1049981 [000] ..... 1636083.091601: sys_ptrace -> 0x0
             exe-1049981 [000] ..... 1636083.091603: sys_wait4(upid: 1005aa, stat_addr: c000a2fbf4, options: 40000002, ru: 0)
             exe-1050026 [002] ..... 1636083.091609: sys_write -> 0x96
             exe-1049981 [000] ..... 1636083.091620: sys_wait4 -> 0x1005aa
             exe-1049981 [000] ..... 1636083.091622: sys_ptrace(request: 4204, pid: 1005aa, addr: 1, data: c000a2fc70)
             exe-1049981 [000] ..... 1636083.091626: sys_ptrace -> 0x0
             exe-1049981 [000] ..... 1636083.091628: sys_ptrace(request: 4204, pid: 1005aa, addr: 202, data: c000a2fc70)
             exe-1049981 [000] ..... 1636083.091630: sys_ptrace -> 0x0
             exe-1049981 [000] ..... 1636083.091680: sys_ptrace(request: 4205, pid: 1005aa, addr: 1, data: c000a2fc70)
             exe-1049981 [000] ..... 1636083.091683: sys_ptrace -> 0x0
             exe-1049981 [000] ..... 1636083.091685: sys_ptrace(request: 4205, pid: 1005aa, addr: 202, data: c000a2fc70)
             exe-1049981 [000] ..... 1636083.091694: sys_ptrace -> 0x0
             exe-1049981 [000] ..... 1636083.091695: sys_ptrace(request: 1f, pid: 1005aa, addr: 0, data: 0)
             exe-1049981 [000] ..... 1636083.091702: sys_ptrace -> 0x0
             exe-1049981 [000] ..... 1636083.091704: sys_wait4(upid: 1005aa, stat_addr: c000a2fbf4, options: 40000002, ru: 0)
             exe-1050026 [002] ..... 1636083.091707: sys_renameat2 -> 0xffffffffffffffea
             exe-1049981 [000] ..... 1636083.091717: sys_wait4 -> 0x1005aa
             exe-1049981 [000] ..... 1636083.091719: sys_ptrace(request: 4204, pid: 1005aa, addr: 1, data: c000a2fc70)
             exe-1049981 [000] ..... 1636083.091722: sys_ptrace -> 0x0
             exe-1049981 [000] ..... 1636083.091723: sys_ptrace(request: 4204, pid: 1005aa, addr: 202, data: c000a2fc70)
             exe-1049981 [000] ..... 1636083.091726: sys_ptrace -> 0x0
             exe-1049981 [000] ..... 1636083.091732: sys_pwrite64(fd: 63, buf: 7fd66e161f20, count: 94, pos: 96)
             exe-1049981 [000] ..... 1636083.091734: tracing_mark_write: renameat2(olddfd=370, oldname="/victims/usr/share/locale/eo/LC_TIME", newdfd=313, newname="/victims/usr/share/man/de", flags=0x2f6c7265702f6572) end
             exe-1049981 [003] ..... 1636083.165738: tracing_mark_write: renameat2(olddfd=370, oldname=".//victims/usr/lib/x86_64-linux-gnu/perl-base/unicore/lib/IdStatus", newdfd=370, newname="/victims/proc/self/cwd/.git/objects/96", flags=0x2f6c7265702f6572) start
             exe-1049981 [003] ..... 1636083.165751: sys_pwrite64 -> 0xc1
             exe-1049981 [003] ..... 1636083.165758: sys_ptrace(request: 4205, pid: 1005aa, addr: 1, data: c000a2fc70)
             exe-1049981 [003] ..... 1636083.165761: sys_ptrace -> 0x0
             exe-1049981 [003] ..... 1636083.165762: sys_ptrace(request: 4205, pid: 1005aa, addr: 202, data: c000a2fc70)
             exe-1049981 [003] ..... 1636083.165772: sys_ptrace -> 0x0
             exe-1049981 [003] ..... 1636083.165774: sys_ptrace(request: 1f, pid: 1005aa, addr: 0, data: 0)
             exe-1049981 [003] ..... 1636083.165785: sys_ptrace -> 0x0
             exe-1049981 [003] ..... 1636083.165787: sys_wait4(upid: 1005aa, stat_addr: c000a2fbf4, options: 40000002, ru: 0)
             exe-1050026 [001] ..... 1636083.165820: sys_write -> 0xc1
             exe-1049981 [003] ..... 1636083.165839: sys_wait4 -> 0x1005aa
             exe-1049981 [003] ..... 1636083.165841: sys_ptrace(request: 4204, pid: 1005aa, addr: 1, data: c000a2fc70)
             exe-1049567 [001] ..... 1636083.165849: sys_nanosleep -> 0x0
             exe-1049981 [003] ..... 1636083.165849: sys_ptrace -> 0x0
             exe-1049981 [003] ..... 1636083.165851: sys_ptrace(request: 4204, pid: 1005aa, addr: 202, data: c000a2fc70)
             exe-1049981 [003] ..... 1636083.165853: sys_ptrace -> 0x0
             exe-1049567 [001] ..... 1636083.165855: sys_nanosleep(rqtp: c000069f10, rmtp: 0)
             exe-1049981 [003] ..... 1636083.165874: sys_ptrace(request: 4205, pid: 1005aa, addr: 1, data: c000a2fc70)
             exe-1049981 [003] ..... 1636083.165876: sys_ptrace -> 0x0
             exe-1049981 [003] ..... 1636083.165878: sys_ptrace(request: 4205, pid: 1005aa, addr: 202, data: c000a2fc70)
             exe-1049981 [003] ..... 1636083.165885: sys_ptrace -> 0x0
             exe-1049981 [003] ..... 1636083.165886: sys_ptrace(request: 1f, pid: 1005aa, addr: 0, data: 0)
             exe-1049981 [003] ..... 1636083.165893: sys_ptrace -> 0x0
             exe-1049981 [003] ..... 1636083.165894: sys_wait4(upid: 1005aa, stat_addr: c000a2fbf4, options: 40000002, ru: 0)
             exe-1050026 [001] ..... 1636083.165951: sys_renameat2 -> 0xffffffffffffffec
             exe-1049981 [003] ..... 1636083.165969: sys_wait4 -> 0x1005aa
             exe-1049981 [003] ..... 1636083.165972: sys_ptrace(request: 4204, pid: 1005aa, addr: 1, data: c000a2fc70)
             exe-1049567 [001] ..... 1636083.165980: sys_nanosleep -> 0x0
             exe-1049981 [003] ..... 1636083.165980: sys_ptrace -> 0x0
             exe-1049981 [003] ..... 1636083.165981: sys_ptrace(request: 4204, pid: 1005aa, addr: 202, data: c000a2fc70)
             exe-1049981 [003] ..... 1636083.165983: sys_ptrace -> 0x0
             exe-1049567 [001] ..... 1636083.165986: sys_nanosleep(rqtp: c000069f10, rmtp: 0)
             exe-1049981 [003] ..... 1636083.165988: sys_pwrite64(fd: 63, buf: 7fd66e161f20, count: bf, pos: c1)
             exe-1049981 [003] ..... 1636083.165990: tracing_mark_write: renameat2(olddfd=370, oldname=".//victims/usr/lib/x86_64-linux-gnu/perl-base/unicore/lib/IdStatus", newdfd=370, newname="/victims/proc/self/cwd/.git/objects/96", flags=0x2f6c7265702f6572) end
             exe-1049896 [001] ..... 1636083.291035: tracing_mark_write: renameat2(olddfd=279, oldname="/victims/usr/share/doc/procps/examples", newdfd=286, newname="/victims/proc/self/root/usr/share/locale", flags=0x34) start
             exe-1049896 [001] .N... 1636083.291067: sys_pwrite64 -> 0x99
             exe-1049896 [001] ..... 1636083.291112: sys_ptrace(request: 4205, pid: 100787, addr: 1, data: c000a2fc70)
             exe-1049896 [001] ..... 1636083.291115: sys_ptrace -> 0x0
             exe-1049896 [001] ..... 1636083.291117: sys_ptrace(request: 4205, pid: 100787, addr: 202, data: c000a2fc70)
             exe-1049896 [001] ..... 1636083.291131: sys_ptrace -> 0x0
             exe-1049896 [001] ..... 1636083.291133: sys_ptrace(request: 1f, pid: 100787, addr: 0, data: 0)
             exe-1049896 [001] .N... 1636083.291139: sys_ptrace -> 0x0
             exe-1050503 [001] ..... 1636083.291148: sys_write -> 0x99
             exe-1049896 [001] ..... 1636083.291220: sys_wait4(upid: 100787, stat_addr: c000a2fbf4, options: 40000002, ru: 0)
             exe-1049896 [001] ..... 1636083.291223: sys_wait4 -> 0x100787
             exe-1049896 [001] ..... 1636083.291225: sys_ptrace(request: 4204, pid: 100787, addr: 1, data: c000a2fc70)
             exe-1049896 [001] ..... 1636083.291228: sys_ptrace -> 0x0
             exe-1049896 [001] ..... 1636083.291229: sys_ptrace(request: 4204, pid: 100787, addr: 202, data: c000a2fc70)
             exe-1049896 [001] ..... 1636083.291231: sys_ptrace -> 0x0
             exe-1049896 [001] ..... 1636083.291427: sys_ptrace(request: 4205, pid: 100787, addr: 1, data: c000a2fc70)
             exe-1049896 [001] ..... 1636083.291431: sys_ptrace -> 0x0
             exe-1049896 [001] ..... 1636083.291432: sys_ptrace(request: 4205, pid: 100787, addr: 202, data: c000a2fc70)
             exe-1049896 [001] ..... 1636083.291443: sys_ptrace -> 0x0
             exe-1049896 [001] ..... 1636083.291444: sys_ptrace(request: 1f, pid: 100787, addr: 0, data: 0)
             exe-1049896 [001] .N... 1636083.291449: sys_ptrace -> 0x0
             exe-1050503 [001] ..... 1636083.291459: sys_renameat2 -> 0xffffffffffffffea
             exe-1049896 [001] .N... 1636083.291498: sys_wait4(upid: 100787, stat_addr: c000a2fbf4, options: 40000002, ru: 0)
             exe-1049896 [001] .N... 1636083.291501: sys_wait4 -> 0x100787
             exe-1049896 [001] ..... 1636083.291536: sys_ptrace(request: 4204, pid: 100787, addr: 1, data: c000a2fc70)
             exe-1049896 [001] ..... 1636083.291540: sys_ptrace -> 0x0
             exe-1049896 [001] ..... 1636083.291542: sys_ptrace(request: 4204, pid: 100787, addr: 202, data: c000a2fc70)
             exe-1049896 [001] ..... 1636083.291544: sys_ptrace -> 0x0
             exe-1049896 [001] ..... 1636083.291555: sys_pwrite64(fd: 63, buf: 7fd66e15af20, count: 97, pos: 99)
             exe-1049896 [001] ..... 1636083.291557: tracing_mark_write: renameat2(olddfd=279, oldname="/victims/usr/share/doc/procps/examples", newdfd=286, newname="/victims/proc/self/root/usr/share/locale", flags=0x34) end
             exe-1049981 [003] ..... 1636083.440502: tracing_mark_write: renameat2(olddfd=279, oldname="/victims/proc/self/root/usr/share/locale/fr/LC_MESSAGES", newdfd=281, newname="/victims/etc/opt", flags=0x34) start
             exe-1049567 [001] ..... 1636083.440505: sys_nanosleep -> 0x0
             exe-1049567 [001] ..... 1636083.440510: sys_nanosleep(rqtp: c000069f10, rmtp: 0)
             exe-1049981 [003] ..... 1636083.440514: sys_pwrite64 -> 0x92
             exe-1049981 [003] ..... 1636083.440519: sys_ptrace(request: 4205, pid: 1005aa, addr: 1, data: c000699c70)
             exe-1049981 [003] ..... 1636083.440523: sys_ptrace -> 0x0
             exe-1049981 [003] ..... 1636083.440524: sys_ptrace(request: 4205, pid: 1005aa, addr: 202, data: c000699c70)
             exe-1049981 [003] ..... 1636083.440531: sys_ptrace -> 0x0
             exe-1049981 [003] ..... 1636083.440532: sys_ptrace(request: 1f, pid: 1005aa, addr: 0, data: 0)
             exe-1049981 [003] ..... 1636083.440537: sys_ptrace -> 0x0
             exe-1049981 [003] ..... 1636083.440539: sys_wait4(upid: 1005aa, stat_addr: c000699bf4, options: 40000002, ru: 0)
             exe-1050026 [001] ..... 1636083.440550: sys_write -> 0x92
             exe-1049981 [003] ..... 1636083.440564: sys_wait4 -> 0x1005aa
             exe-1049981 [003] ..... 1636083.440567: sys_ptrace(request: 4204, pid: 1005aa, addr: 1, data: c000699c70)
             exe-1049981 [003] ..... 1636083.440568: sys_ptrace -> 0x0
             exe-1049981 [003] ..... 1636083.440570: sys_ptrace(request: 4204, pid: 1005aa, addr: 202, data: c000699c70)
             exe-1049981 [003] ..... 1636083.440571: sys_ptrace -> 0x0
             exe-1049567 [001] ..... 1636083.440603: sys_nanosleep -> 0x0
             exe-1049567 [001] ..... 1636083.440607: sys_nanosleep(rqtp: c000069f10, rmtp: 0)
             exe-1049981 [003] ..... 1636083.440626: sys_ptrace(request: 4205, pid: 1005aa, addr: 1, data: c000699c70)
             exe-1049981 [003] ..... 1636083.440629: sys_ptrace -> 0x0
             exe-1049981 [003] ..... 1636083.440630: sys_ptrace(request: 4205, pid: 1005aa, addr: 202, data: c000699c70)
             exe-1049981 [003] ..... 1636083.440638: sys_ptrace -> 0x0
             exe-1049981 [003] ..... 1636083.440639: sys_ptrace(request: 1f, pid: 1005aa, addr: 0, data: 0)
             exe-1049981 [003] ..... 1636083.440645: sys_ptrace -> 0x0
             exe-1049981 [003] ..... 1636083.440647: sys_wait4(upid: 1005aa, stat_addr: c000699bf4, options: 40000002, ru: 0)
             exe-1050026 [001] ..... 1636083.440657: sys_renameat2 -> 0xffffffffffffffea
             exe-1049981 [003] ..... 1636083.440672: sys_wait4 -> 0x1005aa
             exe-1049981 [003] ..... 1636083.440674: sys_ptrace(request: 4204, pid: 1005aa, addr: 1, data: c000699c70)
             exe-1049981 [003] ..... 1636083.440676: sys_ptrace -> 0x0
             exe-1049981 [003] ..... 1636083.440678: sys_ptrace(request: 4204, pid: 1005aa, addr: 202, data: c000699c70)
             exe-1049981 [003] ..... 1636083.440680: sys_ptrace -> 0x0
             exe-1049981 [003] ..... 1636083.440685: sys_pwrite64(fd: 63, buf: 7fd66e161f20, count: 90, pos: 92)
             exe-1049981 [003] ..... 1636083.440686: tracing_mark_write: renameat2(olddfd=279, oldname="/victims/proc/self/root/usr/share/locale/fr/LC_MESSAGES", newdfd=281, newname="/victims/etc/opt", flags=0x34) end
             exe-1049981 [003] ..... 1636083.537565: tracing_mark_write: renameat2(olddfd=281, oldname="/victims/usr/lib/x86_64-linux-gnu/perl/5.34.0/auto/SDBM_File/", newdfd=19, newname="/victims/usr/share/gitweb/static", flags=0x34) start
             exe-1049981 [003] ..... 1636083.537567: sys_pwrite64 -> 0xa7
             exe-1049981 [003] ..... 1636083.537573: sys_ptrace(request: 4205, pid: 1005aa, addr: 1, data: c000699c70)
             exe-1049981 [003] ..... 1636083.537576: sys_ptrace -> 0x0
             exe-1049981 [003] ..... 1636083.537578: sys_ptrace(request: 4205, pid: 1005aa, addr: 202, data: c000699c70)
             exe-1049981 [003] ..... 1636083.537586: sys_ptrace -> 0x0
             exe-1049981 [003] ..... 1636083.537588: sys_ptrace(request: 1f, pid: 1005aa, addr: 0, data: 0)
             exe-1049981 [003] ..... 1636083.537590: sys_ptrace -> 0x0
             exe-1049981 [003] ..... 1636083.537591: sys_wait4(upid: 1005aa, stat_addr: c000699bf4, options: 40000002, ru: 0)
             exe-1049567 [000] ..... 1636083.537625: sys_nanosleep -> 0x0
             exe-1049567 [000] ..... 1636083.537628: sys_nanosleep(rqtp: c000069f10, rmtp: 0)
             exe-1050026 [001] ..... 1636083.537631: sys_write -> 0xa7
             exe-1049981 [003] ..... 1636083.537652: sys_wait4 -> 0x1005aa
             exe-1049981 [003] ..... 1636083.537655: sys_ptrace(request: 4204, pid: 1005aa, addr: 1, data: c000699c70)
             exe-1049981 [003] ..... 1636083.537658: sys_ptrace -> 0x0
             exe-1049981 [003] ..... 1636083.537660: sys_ptrace(request: 4204, pid: 1005aa, addr: 202, data: c000699c70)
             exe-1049981 [003] ..... 1636083.537662: sys_ptrace -> 0x0
             exe-1049981 [003] ..... 1636083.537698: sys_ptrace(request: 4205, pid: 1005aa, addr: 1, data: c000699c70)
             exe-1049981 [003] ..... 1636083.537701: sys_ptrace -> 0x0
             exe-1049981 [003] ..... 1636083.537702: sys_ptrace(request: 4205, pid: 1005aa, addr: 202, data: c000699c70)
             exe-1049981 [003] ..... 1636083.537710: sys_ptrace -> 0x0
             exe-1049981 [003] ..... 1636083.537712: sys_ptrace(request: 1f, pid: 1005aa, addr: 0, data: 0)
             exe-1049567 [000] ..... 1636083.537714: sys_nanosleep -> 0x0
             exe-1049567 [000] ..... 1636083.537717: sys_nanosleep(rqtp: c000069f10, rmtp: 0)
             exe-1049981 [003] ..... 1636083.537721: sys_ptrace -> 0x0
             exe-1049981 [003] ..... 1636083.537723: sys_wait4(upid: 1005aa, stat_addr: c000699bf4, options: 40000002, ru: 0)
             exe-1050026 [001] ..... 1636083.537749: sys_renameat2 -> 0xffffffffffffffea
             exe-1049981 [003] ..... 1636083.537768: sys_wait4 -> 0x1005aa
             exe-1049981 [003] ..... 1636083.537771: sys_ptrace(request: 4204, pid: 1005aa, addr: 1, data: c000699c70)
             exe-1049981 [003] ..... 1636083.537773: sys_ptrace -> 0x0
             exe-1049981 [003] ..... 1636083.537775: sys_ptrace(request: 4204, pid: 1005aa, addr: 202, data: c000699c70)
             exe-1049981 [003] ..... 1636083.537777: sys_ptrace -> 0x0
             exe-1049981 [003] ..... 1636083.537784: sys_pwrite64(fd: 63, buf: 7fd66e161f20, count: a5, pos: a7)
             exe-1049981 [003] ..... 1636083.537785: tracing_mark_write: renameat2(olddfd=281, oldname="/victims/usr/lib/x86_64-linux-gnu/perl/5.34.0/auto/SDBM_File/", newdfd=19, newname="/victims/usr/share/gitweb/static", flags=0x34) end
             exe-1049981 [003] ..... 1636083.607223: tracing_mark_write: renameat2(olddfd=281, oldname="/victims/proc/self/root/usr/lib/x86_64-linux-gnu/perl-base/unicore/lib/NFKDQC", newdfd=277, newname="/victims/usr/share/doc/git/contrib/workdir/", flags=0x0) start
             exe-1049981 [003] ..... 1636083.607224: sys_pwrite64 -> 0xc2
