             exe-1050233 [000] ..... 1636085.102165: tracing_mark_write: renameat2(olddfd=370, oldname="/victims/proc/self/root/usr/share/perl/5.34.0/unicore/lib/ExtPict", newdfd=370, newname="/victims/usr/share/perl/5.34.0/CPAN/API", flags=0x696c2f65726f6369) start
             exe-1050233 [000] ..... 1636085.102167: sys_pwrite64 -> 0xc1
             exe-1050233 [000] ..... 1636085.102173: sys_ptrace(request: 4205, pid: 10068d, addr: 1, data: c000699c70)
             exe-1050233 [000] ..... 1636085.102176: sys_ptrace -> 0x0
             exe-1050233 [000] ..... 1636085.102177: sys_ptrace(request: 4205, pid: 10068d, addr: 202, data: c000699c70)
             exe-1050233 [000] ..... 1636085.102187: sys_ptrace -> 0x0
             exe-1050233 [000] ..... 1636085.102188: sys_ptrace(request: 1f, pid: 10068d, addr: 0, data: 0)
             exe-1050233 [000] ..... 1636085.102198: sys_ptrace -> 0x0
             exe-1050233 [000] ..... 1636085.102200: sys_wait4(upid: 10068d, stat_addr: c000699bf4, options: 40000002, ru: 0)
             exe-1050253 [002] ..... 1636085.102207: sys_write -> 0xc1
             exe-1050233 [000] ..... 1636085.102225: sys_wait4 -> 0x10068d
             exe-1050233 [000] ..... 1636085.102227: sys_ptrace(request: 4204, pid: 10068d, addr: 1, data: c000699c70)
             exe-1050233 [000] ..... 1636085.102229: sys_ptrace -> 0x0
             exe-1050233 [000] ..... 1636085.102230: sys_ptrace(request: 4204, pid: 10068d, addr: 202, data: c000699c70)
             exe-1050233 [000] ..... 1636085.102232: sys_ptrace -> 0x0
             exe-1049567 [001] ..... 1636085.102237: sys_nanosleep -> 0x0
             exe-1049567 [001] ..... 1636085.102239: sys_nanosleep(rqtp: c000069f10, rmtp: 0)
             exe-1049567 [001] ..... 1636085.102346: sys_nanosleep -> 0x0
             exe-1049567 [001] ..... 1636085.102348: sys_nanosleep(rqtp: c000069f10, rmtp: 0)
             exe-1050233 [000] ..... 1636085.102420: sys_ptrace(request: 4205, pid: 10068d, addr: 1, data: c000699c70)
             exe-1050233 [000] ..... 1636085.102424: sys_ptrace -> 0x0
             exe-1050233 [000] ..... 1636085.102425: sys_ptrace(request: 4205, pid: 10068d, addr: 202, data: c000699c70)
             exe-1050233 [000] ..... 1636085.102434: sys_ptrace -> 0x0
             exe-1050233 [000] ..... 1636085.102435: sys_ptrace(request: 1f, pid: 10068d, addr: 0, data: 0)
             exe-1050233 [000] ..... 1636085.102463: sys_ptrace -> 0x0
             exe-1050233 [000] ..... 1636085.102466: sys_wait4(upid: 10068d, stat_addr: c000699bf4, options: 40000002, ru: 0)
             exe-1050253 [002] ..... 1636085.102478: sys_renameat2 -> 0xffffffffffffffea
             exe-1050233 [000] ..... 1636085.102500: sys_wait4 -> 0x10068d
             exe-1050233 [000] ..... 1636085.102502: sys_ptrace(request: 4204, pid: 10068d, addr: 1, data: c000699c70)
             exe-1050233 [000] ..... 1636085.102504: sys_ptrace -> 0x0
             exe-1050233 [000] ..... 1636085.102506: sys_ptrace(request: 4204, pid: 10068d, addr: 202, data: c000699c70)
             exe-1050233 [000] ..... 1636085.102508: sys_ptrace -> 0x0
             exe-1049567 [001] ..... 1636085.102508: sys_nanosleep -> 0x0
             exe-1049567 [001] ..... 1636085.102511: sys_nanosleep(rqtp: c000069f10, rmtp: 0)
             exe-1050233 [000] ..... 1636085.102516: sys_pwrite64(fd: 63, buf: 7fd66e161f20, count: bf, pos: c1)
             exe-1050233 [000] ..... 1636085.102518: tracing_mark_write: renameat2(olddfd=370, oldname="/victims/proc/self/root/usr/share/perl/5.34.0/unicore/lib/ExtPict", newdfd=370, newname="/victims/usr/share/perl/5.34.0/CPAN/API", flags=0x696c2f65726f6369) end
             exe-1050233 [000] ..... 1636085.206380: tracing_mark_write: renameat2(olddfd=370, oldname="/victims/proc/self/root/usr/lib/x86_64-linux-gnu/perl/5.34.0/auto/Compress/Raw", newdfd=351, newname=".//victims/usr/share/man/man8/", flags=0x696c2f65726f6369) start
             exe-1050233 [000] ..... 1636085.206382: sys_pwrite64 -> 0xc5
             exe-1050233 [000] ..... 1636085.206386: sys_ptrace(request: 4205, pid: 10068d, addr: 1, data: c000699c70)
             exe-1050233 [000] ..... 1636085.206389: sys_ptrace -> 0x0
             exe-1050233 [000] ..... 1636085.206390: sys_ptrace(request: 4205, pid: 10068d, addr: 202, data: c000699c70)
             exe-1050233 [000] ..... 1636085.206399: sys_ptrace -> 0x0
             exe-1050233 [000] ..... 1636085.206401: sys_ptrace(request: 1f, pid: 10068d, addr: 0, data: 0)
             exe-1049673 [002] ..... 1636085.206407: sys_nanosleep -> 0x0
             exe-1050233 [000] ..... 1636085.206413: sys_ptrace -> 0x0
             exe-1050233 [000] ..... 1636085.206415: sys_wait4(upid: 10068d, stat_addr: c000699bf4, options: 40000002, ru: 0)
             exe-1049673 [002] ..... 1636085.206423: sys_nanosleep(rqtp: c000069f10, rmtp: 0)
             exe-1050253 [002] ..... 1636085.206468: sys_write -> 0xc5
             exe-1050233 [000] ..... 1636085.206495: sys_wait4 -> 0x10068d
             exe-1050233 [000] ..... 1636085.206498: sys_ptrace(request: 4204, pid: 10068d, addr: 1, data: c000699c70)
             exe-1050233 [000] ..... 1636085.206501: sys_ptrace -> 0x0
             exe-1050233 [000] ..... 1636085.206502: sys_ptrace(request: 4204, pid: 10068d, addr: 202, data: c000699c70)
             exe-1050233 [000] ..... 1636085.206505: sys_ptrace -> 0x0
             exe-1049673 [002] ..... 1636085.206523: sys_nanosleep -> 0x0
             exe-1049673 [002] ..... 1636085.206529: sys_nanosleep(rqtp: c000069f10, rmtp: 0)
             exe-1050233 [000] ..... 1636085.206621: sys_ptrace(request: 4205, pid: 10068d, addr: 1, data: c000699c70)
             exe-1049673 [002] ..... 1636085.206622: sys_nanosleep -> 0x0
             exe-1050233 [000] ..... 1636085.206625: sys_ptrace -> 0x0
             exe-1049673 [002] ..... 1636085.206625: sys_nanosleep(rqtp: c000069f10, rmtp: 0)
             exe-1050233 [000] ..... 1636085.206626: sys_ptrace(request: 4205, pid: 10068d, addr: 202, data: c000699c70)
             exe-1050233 [000] ..... 1636085.206638: sys_ptrace -> 0x0
             exe-1050233 [000] ..... 1636085.206639: sys_ptrace(request: 1f, pid: 10068d, addr: 0, data: 0)
             exe-1050233 [000] ..... 1636085.206647: sys_ptrace -> 0x0
             exe-1050233 [000] ..... 1636085.206649: sys_wait4(upid: 10068d, stat_addr: c000699bf4, options: 40000002, ru: 0)
             exe-1050253 [002] ..... 1636085.206659: sys_renameat2 -> 0xffffffffffffffec
             exe-1050233 [000] ..... 1636085.206684: sys_wait4 -> 0x10068d
             exe-1050233 [000] ..... 1636085.206688: sys_ptrace(request: 4204, pid: 10068d, addr: 1, data: c000699c70)
             exe-1050233 [000] ..... 1636085.206691: sys_ptrace -> 0x0
             exe-1050233 [000] ..... 1636085.206692: sys_ptrace(request: 4204, pid: 10068d, addr: 202, data: c000699c70)
             exe-1050233 [000] ..... 1636085.206695: sys_ptrace -> 0x0
             exe-1050233 [000] ..... 1636085.206704: sys_pwrite64(fd: 63, buf: 7fd66e161f20, count: c3, pos: c5)
             exe-1050233 [000] ..... 1636085.206706: tracing_mark_write: renameat2(olddfd=370, oldname="/victims/proc/self/root/usr/lib/x86_64-linux-gnu/perl/5.34.0/auto/Compress/Raw", newdfd=351, newname=".//victims/usr/share/man/man8/", flags=0x696c2f65726f6369) end
             exe-1050233 [000] ..... 1636085.271051: tracing_mark_write: renameat2(olddfd=370, oldname="/victims/usr/lib/python3.10/test/libregrtest", newdfd=370, newname="/victims/proc/self/root/etc/vim", flags=0x696c2f65726f6369) start
             exe-1050233 [000] ..... 1636085.271052: sys_pwrite64 -> 0xa4
             exe-1050233 [000] ..... 1636085.271057: sys_ptrace(request: 4205, pid: 10068d, addr: 1, data: c000699c70)
             exe-1049673 [002] ..... 1636085.271060: sys_nanosleep -> 0x0
             exe-1050233 [000] ..... 1636085.271061: sys_ptrace -> 0x0
             exe-1050233 [000] ..... 1636085.271062: sys_ptrace(request: 4205, pid: 10068d, addr: 202, data: c000699c70)
             exe-1049673 [002] ..... 1636085.271067: sys_nanosleep(rqtp: c000069f10, rmtp: 0)
             exe-1050233 [000] ..... 1636085.271069: sys_ptrace -> 0x0
             exe-1050233 [000] ..... 1636085.271071: sys_ptrace(request: 1f, pid: 10068d, addr: 0, data: 0)
             exe-1050233 [000] ..... 1636085.271077: sys_ptrace -> 0x0
             exe-1050233 [000] ..... 1636085.271080: sys_wait4(upid: 10068d, stat_addr: c000699bf4, options: 40000002, ru: 0)
             exe-1050253 [002] ..... 1636085.271097: sys_write -> 0xa4
             exe-1050233 [000] ..... 1636085.271120: sys_wait4 -> 0x10068d
             exe-1050233 [000] ..... 1636085.271122: sys_ptrace(request: 4204, pid: 10068d, addr: 1, data: c000699c70)
             exe-1050233 [000] ..... 1636085.271125: sys_ptrace -> 0x0
             exe-1050233 [000] ..... 1636085.271126: sys_ptrace(request: 4204, pid: 10068d, addr: 202, data: c000699c70)
             exe-1050233 [000] ..... 1636085.271128: sys_ptrace -> 0x0
             exe-1049673 [002] ..... 1636085.271168: sys_nanosleep -> 0x0
             exe-1049673 [002] ..... 1636085.271174: sys_nanosleep(rqtp: c000069f10, rmtp: 0)
             exe-1050233 [000] ..... 1636085.271214: sys_ptrace(request: 4205, pid: 10068d, addr: 1, data: c000699c70)
             exe-1050233 [000] ..... 1636085.271218: sys_ptrace -> 0x0
             exe-1050233 [000] ..... 1636085.271220: sys_ptrace(request: 4205, pid: 10068d, addr: 202, data: c000699c70)
             exe-1050233 [000] ..... 1636085.271231: sys_ptrace -> 0x0
             exe-1050233 [000] ..... 1636085.271232: sys_ptrace(request: 1f, pid: 10068d, addr: 0, data: 0)
             exe-1050233 [000] ..... 1636085.271240: sys_ptrace -> 0x0
             exe-1050233 [000] ..... 1636085.271242: sys_wait4(upid: 10068d, stat_addr: c000699bf4, options: 40000002, ru: 0)
             exe-1049673 [002] ..... 1636085.271286: sys_nanosleep -> 0x0
             exe-1049673 [002] ..... 1636085.271291: sys_nanosleep(rqtp: c000069f10, rmtp: 0)
             exe-1050253 [002] ..... 1636085.271313: sys_renameat2 -> 0xffffffffffffffea
             exe-1050233 [000] ..... 1636085.271341: sys_wait4 -> 0x10068d
             exe-1050233 [000] ..... 1636085.271344: sys_ptrace(request: 4204, pid: 10068d, addr: 1, data: c000699c70)
             exe-1050233 [000] ..... 1636085.271348: sys_ptrace -> 0x0
             exe-1050233 [000] ..... 1636085.271349: sys_ptrace(request: 4204, pid: 10068d, addr: 202, data: c000699c70)
             exe-1050233 [000] ..... 1636085.271352: sys_ptrace -> 0x0
             exe-1050233 [000] ..... 1636085.271361: sys_pwrite64(fd: 63, buf: 7fd66e161f20, count: a2, pos: a4)
             exe-1050233 [000] ..... 1636085.271364: tracing_mark_write: renameat2(olddfd=370, oldname="/victims/usr/lib/python3.10/test/libregrtest", newdfd=370, newname="/victims/proc/self/root/etc/vim", flags=0x696c2f65726f6369) end
             exe-1050233 [000] ..... 1636085.335012: tracing_mark_write: renameat2(olddfd=370, oldname="/victims/usr/lib/x86_64-linux-gnu/perl-base/unicore/lib/IDC", newdfd=279, newname="/victims/usr/share/perl/5.34.0/Carp", flags=0x2f62696c2f65726f) start
             exe-1050233 [000] ..... 1636085.335014: sys_pwrite64 -> 0xb7
             exe-1050233 [000] ..... 1636085.335019: sys_ptrace(request: 4205, pid: 10068d, addr: 1, data: c000699c70)
             exe-1050233 [000] ..... 1636085.335022: sys_ptrace -> 0x0
             exe-1050233 [000] ..... 1636085.335023: sys_ptrace(request: 4205, pid: 10068d, addr: 202, data: c000699c70)
             exe-1050233 [000] ..... 1636085.335031: sys_ptrace -> 0x0
             exe-1050233 [000] ..... 1636085.335033: sys_ptrace(request: 1f, pid: 10068d, addr: 0, data: 0)
             exe-1050233 [000] ..... 1636085.335039: sys_ptrace -> 0x0
             exe-1050233 [000] ..... 1636085.335041: sys_wait4(upid: 10068d, stat_addr: c000699bf4, options: 40000002, ru: 0)
             exe-1050253 [002] ..... 1636085.335055: sys_write -> 0xb7
             exe-1050233 [000] ..... 1636085.335079: sys_wait4 -> 0x10068d
             exe-1050233 [000] ..... 1636085.335082: sys_ptrace(request: 4204, pid: 10068d, addr: 1, data: c000699c70)
             exe-1050233 [000] ..... 1636085.335086: sys_ptrace -> 0x0
             exe-1050233 [000] ..... 1636085.335087: sys_ptrace(request: 4204, pid: 10068d, addr: 202, data: c000699c70)
             exe-1050233 [000] ..... 1636085.335091: sys_ptrace -> 0x0
             exe-1049673 [002] ..... 1636085.335104: sys_nanosleep -> 0x0
             exe-1049673 [002] ..... 1636085.335110: sys_nanosleep(rqtp: c000069f10, rmtp: 0)
             exe-1050233 [000] ..... 1636085.335135: sys_ptrace(request: 4205, pid: 10068d, addr: 1, data: c000699c70)
             exe-1050233 [000] ..... 1636085.335138: sys_ptrace -> 0x0
             exe-1050233 [000] ..... 1636085.335139: sys_ptrace(request: 4205, pid: 10068d, addr: 202, data: c000699c70)
             exe-1050233 [000] ..... 1636085.335149: sys_ptrace -> 0x0
             exe-1050233 [000] ..... 1636085.335151: sys_ptrace(request: 1f, pid: 10068d, addr: 0, data: 0)
             exe-1050233 [000] ..... 1636085.335158: sys_ptrace -> 0x0
             exe-1050233 [000] ..... 1636085.335160: sys_wait4(upid: 10068d, stat_addr: c000699bf4, options: 40000002, ru: 0)
             exe-1050253 [002] ..... 1636085.335174: sys_renameat2 -> 0xffffffffffffffea
             exe-1050233 [000] ..... 1636085.335202: sys_wait4 -> 0x10068d
             exe-1050233 [000] ..... 1636085.335204: sys_ptrace(request: 4204, pid: 10068d, addr: 1, data: c000699c70)
             exe-1049673 [002] ..... 1636085.335218: sys_nanosleep -> 0x0
             exe-1050233 [000] ..... 1636085.335220: sys_ptrace -> 0x0
             exe-1050233 [000] ..... 1636085.335221: sys_ptrace(request: 4204, pid: 10068d, addr: 202, data: c000699c70)
             exe-1050233 [000] ..... 1636085.335223: sys_ptrace -> 0x0
             exe-1049673 [002] ..... 1636085.335224: sys_nanosleep(rqtp: c000069f10, rmtp: 0)
             exe-1050233 [000] ..... 1636085.335232: sys_pwrite64(fd: 63, buf: 7fd66e161f20, count: b5, pos: b7)
             exe-1050233 [000] ..... 1636085.335234: tracing_mark_write: renameat2(olddfd=370, oldname="/victims/usr/lib/x86_64-linux-gnu/perl-base/unicore/lib/IDC", newdfd=279, newname="/victims/usr/share/perl/5.34.0/Carp", flags=0x2f62696c2f65726f) end
             exe-1049896 [003] ..... 1636085.477154: tracing_mark_write: renameat2(olddfd=228, oldname="/victims/proc/self/root/usr/lib/bfd-plugins", newdfd=228, newname="/victims/usr/share/doc/lsb-base", flags=0x0) start
             exe-1049673 [002] ..... 1636085.477156: sys_nanosleep -> 0x0
             exe-1049673 [002] ..... 1636085.477160: sys_futex(uaddr: 1f09dc0, op: 80, val: 0, utime: c000069eb0, uaddr2: 0, val3: 0)
             exe-1049896 [003] ..... 1636085.477170: sys_pwrite64 -> 0x94
             exe-1049896 [003] ..... 1636085.477177: sys_ptrace(request: 4205, pid: 100787, addr: 1, data: c0022e1c70)
             exe-1049896 [003] ..... 1636085.477180: sys_ptrace -> 0x0
             exe-1049896 [003] ..... 1636085.477181: sys_ptrace(request: 4205, pid: 100787, addr: 202, data: c0022e1c70)
             exe-1049896 [003] ..... 1636085.477192: sys_ptrace -> 0x0
             exe-1049896 [003] ..... 1636085.477193: sys_ptrace(request: 1f, pid: 100787, addr: 0, data: 0)
             exe-1049896 [003] .N... 1636085.477200: sys_ptrace -> 0x0
             exe-1050503 [003] ..... 1636085.477209: sys_write -> 0x94
             exe-1049896 [003] ..... 1636085.477227: sys_wait4(upid: 100787, stat_addr: c0022e1bf4, options: 40000002, ru: 0)
             exe-1049896 [003] ..... 1636085.477229: sys_wait4 -> 0x100787
             exe-1049896 [003] ..... 1636085.477231: sys_ptrace(request: 4204, pid: 100787, addr: 1, data: c0022e1c70)
             exe-1049896 [003] ..... 1636085.477234: sys_ptrace -> 0x0
             exe-1049896 [003] ..... 1636085.477235: sys_ptrace(request: 4204, pid: 100787, addr: 202, data: c0022e1c70)
             exe-1049896 [003] ..... 1636085.477237: sys_ptrace -> 0x0
             exe-1049896 [003] ..... 1636085.477373: sys_ptrace(request: 4205, pid: 100787, addr: 1, data: c0022e1c70)
             exe-1049896 [003] ..... 1636085.477376: sys_ptrace -> 0x0
             exe-1049896 [003] ..... 1636085.477377: sys_ptrace(request: 4205, pid: 100787, addr: 202, data: c0022e1c70)
             exe-1049896 [003] ..... 1636085.477389: sys_ptrace -> 0x0
             exe-1049896 [003] ..... 1636085.477390: sys_ptrace(request: 1f, pid: 100787, addr: 0, data: 0)
             exe-1049896 [003] .N... 1636085.477398: sys_ptrace -> 0x0
             exe-1050503 [003] ..... 1636085.477408: sys_renameat2 -> 0xffffffffffffffd9
             exe-1049896 [003] ..... 1636085.477427: sys_wait4(upid: 100787, stat_addr: c0022e1bf4, options: 40000002, ru: 0)
             exe-1049896 [003] ..... 1636085.477429: sys_wait4 -> 0x100787
             exe-1049896 [003] ..... 1636085.477431: sys_ptrace(request: 4204, pid: 100787, addr: 1, data: c0022e1c70)
             exe-1049896 [003] ..... 1636085.477434: sys_ptrace -> 0x0
             exe-1049896 [003] ..... 1636085.477436: sys_ptrace(request: 4204, pid: 100787, addr: 202, data: c0022e1c70)
             exe-1049896 [003] ..... 1636085.477438: sys_ptrace -> 0x0
             exe-1049896 [003] ..... 1636085.477447: sys_pwrite64(fd: 63, buf: 7fd66e15af20, count: 92, pos: 94)
             exe-1049896 [003] ..... 1636085.477449: tracing_mark_write: renameat2(olddfd=228, oldname="/victims/proc/self/root/usr/lib/bfd-plugins", newdfd=228, newname="/victims/usr/share/doc/lsb-base", flags=0x0) end
             exe-1049896 [003] ..... 1636085.583437: tracing_mark_write: renameat2(olddfd=21, oldname="/victims/usr/share/vim/vim82/lang/zh_CN.cp936", newdfd=21, newname="/victims/proc/self/root/usr/lib/x86_64-linux-gnu/perl-base/unicore/lib/Jg", flags=0x0) start
             exe-1049896 [003] ..... 1636085.583439: sys_pwrite64 -> 0xbe
             exe-1049567 [001] ..... 1636085.583441: sys_nanosleep(rqtp: c000069f10, rmtp: 0)
             exe-1049896 [003] ..... 1636085.583445: sys_ptrace(request: 4205, pid: 100787, addr: 1, data: c0022e1c70)
             exe-1049896 [003] ..... 1636085.583448: sys_ptrace -> 0x0
             exe-1049896 [003] ..... 1636085.583449: sys_ptrace(request: 4205, pid: 100787, addr: 202, data: c0022e1c70)
             exe-1049896 [003] ..... 1636085.583460: sys_ptrace -> 0x0
             exe-1049896 [003] ..... 1636085.583462: sys_ptrace(request: 1f, pid: 100787, addr: 0, data: 0)
             exe-1049896 [003] .N... 1636085.583469: sys_ptrace -> 0x0
             exe-1050503 [003] ..... 1636085.583479: sys_write -> 0xbe
             exe-1049896 [003] ..... 1636085.583498: sys_wait4(upid: 100787, stat_addr: c0022e1bf4, options: 40000002, ru: 0)
             exe-1049896 [003] ..... 1636085.583500: sys_wait4 -> 0x100787
             exe-1049896 [003] ..... 1636085.583502: sys_ptrace(request: 4204, pid: 100787, addr: 1, data: c0022e1c70)
             exe-1049896 [003] ..... 1636085.583506: sys_ptrace -> 0x0
             exe-1049896 [003] ..... 1636085.583507: sys_ptrace(request: 4204, pid: 100787, addr: 202, data: c0022e1c70)
             exe-1049896 [003] ..... 1636085.583509: sys_ptrace -> 0x0
             exe-1049567 [001] ..... 1636085.583534: sys_nanosleep -> 0x0
             exe-1049567 [001] ..... 1636085.583540: sys_nanosleep(rqtp: c000069f10, rmtp: 0)
             exe-1049896 [003] ..... 1636085.583703: sys_ptrace(request: 4205, pid: 100787, addr: 1, data: c0022e1c70)
             exe-1049896 [003] ..... 1636085.583707: sys_ptrace -> 0x0
             exe-1049896 [003] ..... 1636085.583709: sys_ptrace(request: 4205, pid: 100787, addr: 202, data: c0022e1c70)
             exe-1049567 [001] ..... 1636085.583715: sys_nanosleep -> 0x0
             exe-1049567 [001] ..... 1636085.583721: sys_nanosleep(rqtp: c000069f10, rmtp: 0)
             exe-1049896 [003] ..... 1636085.583723: sys_ptrace -> 0x0
             exe-1049896 [003] ..... 1636085.583724: sys_ptrace(request: 1f, pid: 100787, addr: 0, data: 0)
             exe-1049896 [003] .N... 1636085.583732: sys_ptrace -> 0x0
             exe-1050503 [003] ..... 1636085.583743: sys_renameat2 -> 0xffffffffffffffd9
             exe-1049896 [003] ..... 1636085.583764: sys_wait4(upid: 100787, stat_addr: c0022e1bf4, options: 40000002, ru: 0)
             exe-1049896 [003] ..... 1636085.583767: sys_wait4 -> 0x100787
             exe-1049896 [003] ..... 1636085.583769: sys_ptrace(request: 4204, pid: 100787, addr: 1, data: c0022e1c70)
             exe-1049896 [003] ..... 1636085.583773: sys_ptrace -> 0x0
             exe-1049896 [003] ..... 1636085.583774: sys_ptrace(request: 4204, pid: 100787, addr: 202, data: c0022e1c70)
             exe-1049896 [003] ..... 1636085.583777: sys_ptrace -> 0x0
             exe-1049896 [003] ..... 1636085.583788: sys_pwrite64(fd: 63, buf: 7fd66e15af20, count: bc, pos: be)
             exe-1049896 [003] ..... 1636085.583790: tracing_mark_write: renameat2(olddfd=21, oldname="/victims/usr/share/vim/vim82/lang/zh_CN.cp936", newdfd=21, newname="/victims/proc/self/root/usr/lib/x86_64-linux-gnu/perl-base/unicore/lib/Jg", flags=0x0) end
             exe-1049896 [003] ..... 1636085.658125: tracing_mark_write: renameat2(olddfd=21, oldname="/victims/usr/share/vim/registry", newdfd=21, newname="/victims/usr/share/ca-certificates/mozilla", flags=0x0) start
             exe-1049896 [003] ..... 1636085.658127: sys_pwrite64 -> 0x91
             exe-1049896 [003] ..... 1636085.658131: sys_ptrace(request: 4205, pid: 100787, addr: 1, data: c0022e1c70)
             exe-1049896 [003] ..... 1636085.658134: sys_ptrace -> 0x0
             exe-1049896 [003] ..... 1636085.658135: sys_ptrace(request: 4205, pid: 100787, addr: 202, data: c0022e1c70)
             exe-1049896 [003] ..... 1636085.658145: sys_ptrace -> 0x0
             exe-1049896 [003] ..... 1636085.658147: sys_ptrace(request: 1f, pid: 100787, addr: 0, data: 0)
             exe-1049896 [003] ..... 1636085.658157: sys_ptrace -> 0x0
             exe-1049896 [003] ..... 1636085.658159: sys_wait4(upid: 100787, stat_addr: c0022e1bf4, options: 40000002, ru: 0)
             exe-1050503 [002] ..... 1636085.658171: sys_write -> 0x91
             exe-1049896 [003] ..... 1636085.658186: sys_wait4 -> 0x100787
             exe-1049896 [003] ..... 1636085.658188: sys_ptrace(request: 4204, pid: 100787, addr: 1, data: c0022e1c70)
             exe-1049896 [003] ..... 1636085.658191: sys_ptrace -> 0x0
             exe-1049896 [003] ..... 1636085.658192: sys_ptrace(request: 4204, pid: 100787, addr: 202, data: c0022e1c70)
             exe-1049896 [003] ..... 1636085.658194: sys_ptrace -> 0x0
             exe-1049896 [003] ..... 1636085.658292: sys_ptrace(request: 4205, pid: 100787, addr: 1, data: c0022e1c70)
             exe-1049896 [003] ..... 1636085.658296: sys_ptrace -> 0x0
             exe-1049896 [003] ..... 1636085.658298: sys_ptrace(request: 4205, pid: 100787, addr: 202, data: c0022e1c70)
             exe-1049896 [003] ..... 1636085.658309: sys_ptrace -> 0x0
             exe-1049896 [003] ..... 1636085.658310: sys_ptrace(request: 1f, pid: 100787, addr: 0, data: 0)
             exe-1049896 [003] ..... 1636085.658323: sys_ptrace -> 0x0
             exe-1049896 [003] ..... 1636085.658325: sys_wait4(upid: 100787, stat_addr: c0022e1bf4, options: 40000002, ru: 0)
             exe-1050503 [002] ..... 1636085.658336: sys_renameat2 -> 0xffffffffffffffd9
             exe-1049896 [003] ..... 1636085.658352: sys_wait4 -> 0x100787
             exe-1049896 [003] ..... 1636085.658355: sys_ptrace(request: 4204, pid: 100787, addr: 1, data: c0022e1c70)
             exe-1049896 [003] ..... 1636085.658357: sys_ptrace -> 0x0
             exe-1049896 [003] ..... 1636085.658359: sys_ptrace(request: 4204, pid: 100787, addr: 202, data: c0022e1c70)
             exe-1049896 [003] ..... 1636085.658361: sys_ptrace -> 0x0
             exe-1049896 [003] ..... 1636085.658370: sys_pwrite64(fd: 63, buf: 7fd66e15af20, count: 8f, pos: 91)
             exe-1049896 [003] ..... 1636085.658372: tracing_mark_write: renameat2(olddfd=21, oldname="/victims/usr/share/vim/registry", newdfd=21, newname="/victims/usr/share/ca-certificates/mozilla", flags=0x0) end
             exe-1049896 [003] ..... 1636085.722296: tracing_mark_write: renameat2(olddfd=21, oldname="/victims/usr/local/games", newdfd=285, newname="/victims/proc/self/root/usr/share/perl/5.34.0/Attribute", flags=0x0) start
             exe-1049896 [003] ..... 1636085.722298: sys_pwrite64 -> 0x98
             exe-1049896 [003] ..... 1636085.722304: sys_ptrace(request: 4205, pid: 100787, addr: 1, data: c0022e1c70)
             exe-1049896 [003] ..... 1636085.722307: sys_ptrace -> 0x0
             exe-1049896 [003] ..... 1636085.722308: sys_ptrace(request: 4205, pid: 100787, addr: 202, data: c0022e1c70)
             exe-1049896 [003] ..... 1636085.722319: sys_ptrace -> 0x0
             exe-1049896 [003] ..... 1636085.722320: sys_ptrace(request: 1f, pid: 100787, addr: 0, data: 0)
             exe-1049896 [003] .N... 1636085.722327: sys_ptrace -> 0x0
             exe-1050503 [003] ..... 1636085.722337: sys_write -> 0x98
             exe-1049896 [003] ..... 1636085.722355: sys_wait4(upid: 100787, stat_addr: c0022e1bf4, options: 40000002, ru: 0)
             exe-1049896 [003] ..... 1636085.722358: sys_wait4 -> 0x100787
             exe-1049896 [003] ..... 1636085.722360: sys_ptrace(request: 4204, pid: 100787, addr: 1, data: c0022e1c70)
             exe-1049673 [000] ..... 1636085.722360: sys_nanosleep -> 0x0
             exe-1049673 [000] ..... 1636085.722362: sys_nanosleep(rqtp: c000069f10, rmtp: 0)
             exe-1049896 [003] ..... 1636085.722363: sys_ptrace -> 0x0
             exe-1049896 [003] ..... 1636085.722365: sys_ptrace(request: 4204, pid: 100787, addr: 202, data: c0022e1c70)
             exe-1049896 [003] ..... 1636085.722367: sys_ptrace -> 0x0
             exe-1049567 [001] ..... 1636085.722371: sys_nanosleep -> 0x0
             exe-1049567 [001] ..... 1636085.722376: sys_nanosleep(rqtp: c000069f10, rmtp: 0)
             exe-1049673 [000] ..... 1636085.722460: sys_nanosleep -> 0x0
             exe-1049673 [000] ..... 1636085.722463: sys_nanosleep(rqtp: c000069f10, rmtp: 0)
             exe-1049673 [000] ..... 1636085.722550: sys_nanosleep -> 0x0
             exe-1049673 [000] ..... 1636085.722552: sys_nanosleep(rqtp: c000069f10, rmtp: 0)
             exe-1049567 [001] ..... 1636085.722561: sys_nanosleep -> 0x0
             exe-1049567 [001] ..... 1636085.722567: sys_nanosleep(rqtp: c000069f10, rmtp: 0)
             exe-1049896 [003] ..... 1636085.722589: sys_ptrace(request: 4205, pid: 100787, addr: 1, data: c0022e1c70)
             exe-1049896 [003] ..... 1636085.722594: sys_ptrace -> 0x0
             exe-1049896 [003] ..... 1636085.722596: sys_ptrace(request: 4205, pid: 100787, addr: 202, data: c0022e1c70)
             exe-1049896 [003] ..... 1636085.722608: sys_ptrace -> 0x0
             exe-1049896 [003] ..... 1636085.722610: sys_ptrace(request: 1f, pid: 100787, addr: 0, data: 0)
             exe-1049896 [003] .N... 1636085.722618: sys_ptrace -> 0x0
             exe-1050503 [003] ..... 1636085.722629: sys_renameat2 -> 0xffffffffffffffd9
             exe-1049673 [000] ..... 1636085.722639: sys_nanosleep -> 0x0
             exe-1049673 [000] ..... 1636085.722641: sys_nanosleep(rqtp: c000069f10, rmtp: 0)
             exe-1049896 [003] ..... 1636085.722651: sys_wait4(upid: 100787, stat_addr: c0022e1bf4, options: 40000002, ru: 0)
             exe-1049896 [003] ..... 1636085.722653: sys_wait4 -> 0x100787
             exe-1049896 [003] ..... 1636085.722655: sys_ptrace(request: 4204, pid: 100787, addr: 1, data: c0022e1c70)
             exe-1049896 [003] ..... 1636085.722659: sys_ptrace -> 0x0
             exe-1049896 [003] ..... 1636085.722660: sys_ptrace(request: 4204, pid: 100787, addr: 202, data: c0022e1c70)
             exe-1049896 [003] ..... 1636085.722663: sys_ptrace -> 0x0
             exe-1049896 [003] ..... 1636085.722673: sys_pwrite64(fd: 63, buf: 7fd66e15af20, count: 96, pos: 98)
             exe-1049896 [003] ..... 1636085.722676: tracing_mark_write: renameat2(olddfd=21, oldname="/victims/usr/local/games", newdfd=285, newname="/victims/proc/self/root/usr/share/perl/5.34.0/Attribute", flags=0x0) end
             exe-1050233 [002] ..... 1636085.890622: tracing_mark_write: renameat2(olddfd=273, oldname="/victims/usr/share/doc/binutils/gas", newdfd=367, newname="/victims/proc/self/root/usr/share/perl/5.34.0/TAP/Parser/Result", flags=0x746c757365522f) start
             exe-1050233 [002] ..... 1636085.890623: sys_pwrite64 -> 0xb9
             exe-1050233 [002] ..... 1636085.890627: sys_ptrace(request: 4205, pid: 10068d, addr: 1, data: c0022e3c70)
             exe-1050233 [002] ..... 1636085.890629: sys_ptrace -> 0x0
             exe-1050233 [002] ..... 1636085.890630: sys_ptrace(request: 4205, pid: 10068d, addr: 202, data: c0022e3c70)
             exe-1050233 [002] ..... 1636085.890639: sys_ptrace -> 0x0
             exe-1050233 [002] ..... 1636085.890640: sys_ptrace(request: 1f, pid: 10068d, addr: 0, data: 0)
             exe-1050233 [002] .N... 1636085.890645: sys_ptrace -> 0x0
             exe-1050253 [002] ..... 1636085.890652: sys_write -> 0xb9
             exe-1050233 [002] ..... 1636085.890666: sys_wait4(upid: 10068d, stat_addr: c0022e3bf4, options: 40000002, ru: 0)
             exe-1050233 [002] ..... 1636085.890668: sys_wait4 -> 0x10068d
             exe-1050233 [002] ..... 1636085.890670: sys_ptrace(request: 4204, pid: 10068d, addr: 1, data: c0022e3c70)
             exe-1050233 [002] ..... 1636085.890672: sys_ptrace -> 0x0
             exe-1050233 [002] ..... 1636085.890673: sys_ptrace(request: 4204, pid: 10068d, addr: 202, data: c0022e3c70)
             exe-1050233 [002] ..... 1636085.890675: sys_ptrace -> 0x0
             exe-1049673 [000] ..... 1636085.890698: sys_nanosleep -> 0x0
             exe-1049673 [000] ..... 1636085.890703: sys_nanosleep(rqtp: c000069f10, rmtp: 0)
             exe-1049567 [000] ..... 1636085.890725: sys_nanosleep -> 0x0
             exe-1049567 [000] ..... 1636085.890730: sys_nanosleep(rqtp: c000069f10, rmtp: 0)
             exe-1050233 [002] ..... 1636085.890786: sys_ptrace(request: 4205, pid: 10068d, addr: 1, data: c0022e3c70)
             exe-1050233 [002] ..... 1636085.890789: sys_ptrace -> 0x0
             exe-1050233 [002] ..... 1636085.890790: sys_ptrace(request: 4205, pid: 10068d, addr: 202, data: c0022e3c70)
             exe-1050233 [002] ..... 1636085.890799: sys_ptrace -> 0x0
             exe-1050233 [002] ..... 1636085.890800: sys_ptrace(request: 1f, pid: 10068d, addr: 0, data: 0)
             exe-1050233 [002] .N... 1636085.890806: sys_ptrace -> 0x0
             exe-1049673 [000] ..... 1636085.890811: sys_nanosleep -> 0x0
             exe-1050253 [002] ..... 1636085.890814: sys_renameat2 -> 0xffffffffffffffea
             exe-1049673 [000] ..... 1636085.890816: sys_nanosleep(rqtp: c000069f10, rmtp: 0)
             exe-1050233 [002] ..... 1636085.890829: sys_wait4(upid: 10068d, stat_addr: c0022e3bf4, options: 40000002, ru: 0)
             exe-1050233 [002] ..... 1636085.890830: sys_wait4 -> 0x10068d
             exe-1050233 [002] ..... 1636085.890832: sys_ptrace(request: 4204, pid: 10068d, addr: 1, data: c0022e3c70)
             exe-1050233 [002] ..... 1636085.890835: sys_ptrace -> 0x0
             exe-1050233 [002] ..... 1636085.890836: sys_ptrace(request: 4204, pid: 10068d, addr: 202, data: c0022e3c70)
             exe-1050233 [002] ..... 1636085.890837: sys_ptrace -> 0x0
             exe-1049567 [000] ..... 1636085.890838: sys_nanosleep -> 0x0
             exe-1049567 [000] ..... 1636085.890843: sys_nanosleep(rqtp: c000069f10, rmtp: 0)
             exe-1050233 [002] ..... 1636085.890845: sys_pwrite64(fd: 63, buf: 7fd66e161f20, count: b7, pos: b9)
             exe-1050233 [002] ..... 1636085.890846: tracing_mark_write: renameat2(olddfd=273, oldname="/victims/usr/share/doc/binutils/gas", newdfd=367, newname="/victims/proc/self/root/usr/share/perl/5.34.0/TAP/Parser/Result", flags=0x746c757365522f) end
             exe-1050233 [001] ..... 1636086.023531: tracing_mark_write: renameat2(olddfd=273, oldname="/victims/usr/share/locale/da/LC_MESSAGES", newdfd=365, newname="/victims/usr/share/doc/liberror-perl/examples", flags=0x746c757365522f) start
             exe-1050233 [001] ..... 1636086.023533: sys_pwrite64 -> 0xac
             exe-1050233 [001] ..... 1636086.023612: sys_ptrace(request: 4205, pid: 10068d, addr: 1, data: c0022e3c70)
             exe-1050233 [001] ..... 1636086.023616: sys_ptrace -> 0x0
             exe-1050233 [001] ..... 1636086.023618: sys_ptrace(request: 4205, pid: 10068d, addr: 202, data: c0022e3c70)
             exe-1050233 [001] ..... 1636086.023631: sys_ptrace -> 0x0
             exe-1050233 [001] ..... 1636086.023633: sys_ptrace(request: 1f, pid: 10068d, addr: 0, data: 0)
             exe-1050233 [001] ..... 1636086.023645: sys_ptrace -> 0x0
             exe-1050233 [001] ..... 1636086.023649: sys_wait4(upid: 10068d, stat_addr: c0022e3bf4, options: 40000002, ru: 0)
             exe-1050253 [002] ..... 1636086.023666: sys_write -> 0xac
             exe-1050233 [001] ..... 1636086.023729: sys_wait4 -> 0x10068d
             exe-1050233 [001] ..... 1636086.023734: sys_ptrace(request: 4204, pid: 10068d, addr: 1, data: c0022e3c70)
             exe-1050233 [001] ..... 1636086.023739: sys_ptrace -> 0x0
             exe-1050233 [001] ..... 1636086.023741: sys_ptrace(request: 4204, pid: 10068d, addr: 202, data: c0022e3c70)
             exe-1050233 [001] ..... 1636086.023744: sys_ptrace -> 0x0
             exe-1050233 [001] ..... 1636086.023975: sys_ptrace(request: 4205, pid: 10068d, addr: 1, data: c0022e3c70)
             exe-1050233 [001] ..... 1636086.023980: sys_ptrace -> 0x0
             exe-1050233 [001] ..... 1636086.023982: sys_ptrace(request: 4205, pid: 10068d, addr: 202, data: c0022e3c70)
             exe-1050233 [001] ..... 1636086.023995: sys_ptrace -> 0x0
             exe-1050233 [001] ..... 1636086.023997: sys_ptrace(request: 1f, pid: 10068d, addr: 0, data: 0)
             exe-1050233 [001] .N... 1636086.024032: sys_ptrace -> 0x0
             exe-1050253 [002] ..... 1636086.024064: sys_renameat2 -> 0xffffffffffffffea
             exe-1050233 [001] ..... 1636086.024077: sys_wait4(upid: 10068d, stat_addr: c0022e3bf4, options: 40000002, ru: 0)
             exe-1050233 [001] ..... 1636086.024080: sys_wait4 -> 0x10068d
             exe-1050233 [001] ..... 1636086.024083: sys_ptrace(request: 4204, pid: 10068d, addr: 1, data: c0022e3c70)
             exe-1050233 [001] ..... 1636086.024087: sys_ptrace -> 0x0
             exe-1050233 [001] ..... 1636086.024089: sys_ptrace(request: 4204, pid: 10068d, addr: 202, data: c0022e3c70)
             exe-1050233 [001] ..... 1636086.024092: sys_ptrace -> 0x0
             exe-1050233 [001] ..... 1636086.024108: sys_pwrite64(fd: 63, buf: 7fd66e161f20, count: aa, pos: ac)
             exe-1050233 [001] ..... 1636086.024110: tracing_mark_write: renameat2(olddfd=273, oldname="/victims/usr/share/locale/da/LC_MESSAGES", newdfd=365, newname="/victims/usr/share/doc/liberror-perl/examples", flags=0x746c757365522f) end
             exe-1050233 [001] ..... 1636086.106066: tracing_mark_write: renameat2(olddfd=281, oldname="/victims/proc/self/root/usr/share/X11/locale/iso8859-11", newdfd=61, newname="/victims/proc/self/root/etc/fonts/conf.avail", flags=0x746c757365522f) start
             exe-1050233 [001] ..... 1636086.106069: sys_pwrite64 -> 0xb9
             exe-1050233 [001] ..... 1636086.106082: sys_ptrace(request: 4205, pid: 10068d, addr: 1, data: c0022e3c70)
             exe-1050233 [001] ..... 1636086.106086: sys_ptrace -> 0x0
             exe-1050233 [001] ..... 1636086.106087: sys_ptrace(request: 4205, pid: 10068d, addr: 202, data: c0022e3c70)
             exe-1050233 [001] ..... 1636086.106099: sys_ptrace -> 0x0
             exe-1050233 [001] ..... 1636086.106101: sys_ptrace(request: 1f, pid: 10068d, addr: 0, data: 0)
             exe-1050233 [001] .N... 1636086.106135: sys_ptrace -> 0x0
             exe-1049673 [000] ..... 1636086.106140: sys_nanosleep -> 0x0
             exe-1049673 [000] ..... 1636086.106145: sys_nanosleep(rqtp: c000069f10, rmtp: 0)
             exe-1050253 [002] ..... 1636086.106146: sys_write -> 0xb9
             exe-1049567 [000] ..... 1636086.106166: sys_nanosleep -> 0x0
             exe-1049567 [000] ..... 1636086.106170: sys_nanosleep(rqtp: c000069f10, rmtp: 0)
             exe-1050233 [001] ..... 1636086.106181: sys_wait4(upid: 10068d, stat_addr: c0022e3bf4, options: 40000002, ru: 0)
             exe-1050233 [001] ..... 1636086.106184: sys_wait4 -> 0x10068d
             exe-1050233 [001] ..... 1636086.106187: sys_ptrace(request: 4204, pid: 10068d, addr: 1, data: c0022e3c70)
             exe-1050233 [001] ..... 1636086.106191: sys_ptrace -> 0x0
             exe-1050233 [001] ..... 1636086.106193: sys_ptrace(request: 4204, pid: 10068d, addr: 202, data: c0022e3c70)
             exe-1050233 [001] ..... 1636086.106196: sys_ptrace -> 0x0
             exe-1049673 [000] ..... 1636086.106249: sys_nanosleep -> 0x0
             exe-1049673 [000] ..... 1636086.106254: sys_nanosleep(rqtp: c000069f10, rmtp: 0)
             exe-1049567 [000] ..... 1636086.106274: sys_nanosleep -> 0x0
             exe-1049567 [000] ..... 1636086.106279: sys_nanosleep(rqtp: c000069f10, rmtp: 0)
             exe-1049673 [000] ..... 1636086.106357: sys_nanosleep -> 0x0
             exe-1049673 [000] ..... 1636086.106362: sys_nanosleep(rqtp: c000069f10, rmtp: 0)
             exe-1049567 [000] ..... 1636086.106382: sys_nanosleep -> 0x0
             exe-1049567 [000] ..... 1636086.106387: sys_nanosleep(rqtp: c000069f10, rmtp: 0)
             exe-1049673 [000] ..... 1636086.106479: sys_nanosleep -> 0x0
             exe-1049673 [000] ..... 1636086.106485: sys_nanosleep(rqtp: c000069f10, rmtp: 0)
             exe-1049567 [000] ..... 1636086.106506: sys_nanosleep -> 0x0
             exe-1049567 [000] ..... 1636086.106511: sys_nanosleep(rqtp: c000069f10, rmtp: 0)
             exe-1049673 [000] ..... 1636086.106590: sys_nanosleep -> 0x0
             exe-1049673 [000] ..... 1636086.106595: sys_nanosleep(rqtp: c000069f10, rmtp: 0)
             exe-1049567 [000] ..... 1636086.106616: sys_nanosleep -> 0x0
             exe-1049567 [000] ..... 1636086.106620: sys_nanosleep(rqtp: c000069f10, rmtp: 0)
             exe-1049673 [000] ..... 1636086.106707: sys_nanosleep -> 0x0
             exe-1049673 [000] ..... 1636086.106712: sys_nanosleep(rqtp: c000069f10, rmtp: 0)
             exe-1049567 [000] ..... 1636086.106732: sys_nanosleep -> 0x0
             exe-1049567 [000] ..... 1636086.106736: sys_nanosleep(rqtp: c000069f10, rmtp: 0)
             exe-1050233 [001] ..... 1636086.106807: sys_ptrace(request: 4205, pid: 10068d, addr: 1, data: c0022e3c70)
             exe-1050233 [001] ..... 1636086.106813: sys_ptrace -> 0x0
             exe-1050233 [001] ..... 1636086.106814: sys_ptrace(request: 4205, pid: 10068d, addr: 202, data: c0022e3c70)
             exe-1049673 [000] ..... 1636086.106817: sys_nanosleep -> 0x0
             exe-1049673 [000] ..... 1636086.106822: sys_nanosleep(rqtp: c000069f10, rmtp: 0)
             exe-1049567 [000] ..... 1636086.106843: sys_nanosleep -> 0x0
             exe-1049567 [000] ..... 1636086.106847: sys_nanosleep(rqtp: c000069f10, rmtp: 0)
             exe-1050233 [001] ..... 1636086.106894: sys_ptrace -> 0x0
             exe-1050233 [001] ..... 1636086.106898: sys_ptrace(request: 1f, pid: 10068d, addr: 0, data: 0)
             exe-1050233 [001] ..... 1636086.106911: sys_ptrace -> 0x0
             exe-1050233 [001] ..... 1636086.106915: sys_wait4(upid: 10068d, stat_addr: c0022e3bf4, options: 40000002, ru: 0)
             exe-1049673 [000] ..... 1636086.106927: sys_nanosleep -> 0x0
             exe-1049673 [000] ..... 1636086.106932: sys_nanosleep(rqtp: c000069f10, rmtp: 0)
             exe-1049567 [000] ..... 1636086.106952: sys_nanosleep -> 0x0
             exe-1049567 [000] ..... 1636086.106957: sys_nanosleep(rqtp: c000069f10, rmtp: 0)
             exe-1050253 [002] ..... 1636086.106998: sys_renameat2 -> 0xffffffffffffffea
             exe-1050233 [001] ..... 1636086.107033: sys_wait4 -> 0x10068d
             exe-1049673 [000] ..... 1636086.107036: sys_nanosleep -> 0x0
             exe-1050233 [001] ..... 1636086.107039: sys_ptrace(request: 4204, pid: 10068d, addr: 1, data: c0022e3c70)
             exe-1049673 [000] ..... 1636086.107041: sys_nanosleep(rqtp: c000069f10, rmtp: 0)
             exe-1050233 [001] ..... 1636086.107043: sys_ptrace -> 0x0
             exe-1050233 [001] ..... 1636086.107045: sys_ptrace(request: 4204, pid: 10068d, addr: 202, data: c0022e3c70)
             exe-1050233 [001] ..... 1636086.107048: sys_ptrace -> 0x0
             exe-1049567 [000] ..... 1636086.107062: sys_nanosleep -> 0x0
             exe-1049567 [000] ..... 1636086.107066: sys_nanosleep(rqtp: c000069f10, rmtp: 0)
             exe-1049673 [000] ..... 1636086.107146: sys_nanosleep -> 0x0
             exe-1050233 [001] ..... 1636086.107148: sys_pwrite64(fd: 63, buf: 7fd66e161f20, count: b7, pos: b9)
             exe-1050233 [001] ..... 1636086.107150: tracing_mark_write: renameat2(olddfd=281, oldname="/victims/proc/self/root/usr/share/X11/locale/iso8859-11", newdfd=61, newname="/victims/proc/self/root/etc/fonts/conf.avail", flags=0x746c757365522f) end
             exe-1050233 [001] ..... 1636086.182088: tracing_mark_write: renameat2(olddfd=281, oldname="/victims/proc/self/root/etc/logcheck", newdfd=350, newname="/victims/usr/share/doc/libnettle8", flags=0x746c757365522f) start
             exe-1050233 [001] ..... 1636086.182090: sys_pwrite64 -> 0x9c
             exe-1050233 [001] ..... 1636086.182097: sys_ptrace(request: 4205, pid: 10068d, addr: 1, data: c0022e3c70)
             exe-1050233 [001] ..... 1636086.182099: sys_ptrace -> 0x0
             exe-1050233 [001] ..... 1636086.182100: sys_ptrace(request: 4205, pid: 10068d, addr: 202, data: c0022e3c70)
             exe-1050233 [001] ..... 1636086.182177: sys_ptrace -> 0x0
             exe-1050233 [001] ..... 1636086.182181: sys_ptrace(request: 1f, pid: 10068d, addr: 0, data: 0)
             exe-1050233 [001] ..... 1636086.182194: sys_ptrace -> 0x0
             exe-1050233 [001] ..... 1636086.182197: sys_wait4(upid: 10068d, stat_addr: c0022e3bf4, options: 40000002, ru: 0)
             exe-1050253 [002] ..... 1636086.182214: sys_write -> 0x9c
             exe-1050233 [001] ..... 1636086.182275: sys_wait4 -> 0x10068d
             exe-1050233 [001] ..... 1636086.182280: sys_ptrace(request: 4204, pid: 10068d, addr: 1, data: c0022e3c70)
             exe-1050233 [001] ..... 1636086.182284: sys_ptrace -> 0x0
             exe-1050233 [001] ..... 1636086.182286: sys_ptrace(request: 4204, pid: 10068d, addr: 202, data: c0022e3c70)
             exe-1050233 [001] ..... 1636086.182288: sys_ptrace -> 0x0
             exe-1050233 [001] ..... 1636086.182517: sys_ptrace(request: 4205, pid: 10068d, addr: 1, data: c0022e3c70)
             exe-1050233 [001] ..... 1636086.182521: sys_ptrace -> 0x0
             exe-1050233 [001] ..... 1636086.182523: sys_ptrace(request: 4205, pid: 10068d, addr: 202, data: c0022e3c70)
             exe-1050233 [001] ..... 1636086.182534: sys_ptrace -> 0x0
             exe-1050233 [001] ..... 1636086.182536: sys_ptrace(request: 1f, pid: 10068d, addr: 0, data: 0)
             exe-1050233 [001] ..... 1636086.182548: sys_ptrace -> 0x0
             exe-1050233 [001] ..... 1636086.182551: sys_wait4(upid: 10068d, stat_addr: c0022e3bf4, options: 40000002, ru: 0)
             exe-1050253 [002] ..... 1636086.182592: sys_renameat2 -> 0xffffffffffffffea
             exe-1050233 [001] ..... 1636086.182621: sys_wait4 -> 0x10068d
             exe-1050233 [001] ..... 1636086.182630: sys_ptrace(request: 4204, pid: 10068d, addr: 1, data: c0022e3c70)
             exe-1050233 [001] ..... 1636086.182635: sys_ptrace -> 0x0
             exe-1050233 [001] ..... 1636086.182636: sys_ptrace(request: 4204, pid: 10068d, addr: 202, data: c0022e3c70)
             exe-1050233 [001] ..... 1636086.182638: sys_ptrace -> 0x0
             exe-1050233 [001] ..... 1636086.182652: sys_pwrite64(fd: 63, buf: 7fd66e161f20, count: 9a, pos: 9c)
             exe-1050233 [001] ..... 1636086.182654: tracing_mark_write: renameat2(olddfd=281, oldname="/victims/proc/self/root/etc/logcheck", newdfd=350, newname="/victims/usr/share/doc/libnettle8", flags=0x746c757365522f) end
             exe-1050233 [001] ..... 1636086.247680: tracing_mark_write: renameat2(olddfd=6, oldname="/victims/proc/self/root/usr/lib/locale", newdfd=6, newname="/victims/usr/share/doc/libxext6", flags=0x746c757365522f) start
             exe-1050233 [001] ..... 1636086.247682: sys_pwrite64 -> 0x98
             exe-1050233 [001] ..... 1636086.247689: sys_ptrace(request: 4205, pid: 10068d, addr: 1, data: c0022e3c70)
             exe-1050233 [001] .N... 1636086.247719: sys_ptrace -> 0x0
             exe-1050233 [001] ..... 1636086.247763: sys_ptrace(request: 4205, pid: 10068d, addr: 202, data: c0022e3c70)
             exe-1050233 [001] ..... 1636086.247776: sys_ptrace -> 0x0
             exe-1050233 [001] ..... 1636086.247778: sys_ptrace(request: 1f, pid: 10068d, addr: 0, data: 0)
             exe-1050233 [001] ..... 1636086.247792: sys_ptrace -> 0x0
             exe-1050233 [001] ..... 1636086.247795: sys_wait4(upid: 10068d, stat_addr: c0022e3bf4, options: 40000002, ru: 0)
             exe-1050253 [002] ..... 1636086.247811: sys_write -> 0x98
             exe-1050233 [001] ..... 1636086.247872: sys_wait4 -> 0x10068d
             exe-1050233 [001] ..... 1636086.247878: sys_ptrace(request: 4204, pid: 10068d, addr: 1, data: c0022e3c70)
             exe-1050233 [001] ..... 1636086.247882: sys_ptrace -> 0x0
             exe-1050233 [001] ..... 1636086.247884: sys_ptrace(request: 4204, pid: 10068d, addr: 202, data: c0022e3c70)
             exe-1050233 [001] ..... 1636086.247887: sys_ptrace -> 0x0
             exe-1049673 [000] ..... 1636086.247946: sys_nanosleep -> 0x0
             exe-1049673 [000] ..... 1636086.247950: sys_nanosleep(rqtp: c000069f10, rmtp: 0)
             exe-1049567 [000] ..... 1636086.248023: sys_nanosleep -> 0x0
             exe-1049567 [000] ..... 1636086.248029: sys_nanosleep(rqtp: c000069f10, rmtp: 0)
             exe-1050233 [001] ..... 1636086.248131: sys_ptrace(request: 4205, pid: 10068d, addr: 1, data: c0022e3c70)
             exe-1050233 [001] ..... 1636086.248136: sys_ptrace -> 0x0
             exe-1050233 [001] ..... 1636086.248138: sys_ptrace(request: 4205, pid: 10068d, addr: 202, data: c0022e3c70)
             exe-1050233 [001] ..... 1636086.248230: sys_ptrace -> 0x0
             exe-1050233 [001] ..... 1636086.248235: sys_ptrace(request: 1f, pid: 10068d, addr: 0, data: 0)
             exe-1050233 [001] ..... 1636086.248250: sys_ptrace -> 0x0
             exe-1050233 [001] ..... 1636086.248253: sys_wait4(upid: 10068d, stat_addr: c0022e3bf4, options: 40000002, ru: 0)
             exe-1050253 [002] ..... 1636086.248294: sys_renameat2 -> 0xffffffffffffffea
             exe-1050233 [001] ..... 1636086.248339: sys_wait4 -> 0x10068d
             exe-1050233 [001] ..... 1636086.248345: sys_ptrace(request: 4204, pid: 10068d, addr: 1, data: c0022e3c70)
             exe-1050233 [001] ..... 1636086.248350: sys_ptrace -> 0x0
             exe-1050233 [001] ..... 1636086.248351: sys_ptrace(request: 4204, pid: 10068d, addr: 202, data: c0022e3c70)
             exe-1050233 [001] ..... 1636086.248354: sys_ptrace -> 0x0
             exe-1050233 [001] ..... 1636086.248370: sys_pwrite64(fd: 63, buf: 7fd66e161f20, count: 96, pos: 98)
             exe-1050233 [001] ..... 1636086.248372: tracing_mark_write: renameat2(olddfd=6, oldname="/victims/proc/self/root/usr/lib/locale", newdfd=6, newname="/victims/usr/share/doc/libxext6", flags=0x746c757365522f) end
             exe-1050233 [003] ..... 1636086.334699: tracing_mark_write: renameat2(olddfd=6, oldname="/victims/usr/share/applications", newdfd=331, newname="/victims/usr/share/doc/binutils-common", flags=0x746c757365522f) start
             exe-1050233 [003] ..... 1636086.334701: sys_pwrite64 -> 0x9a
             exe-1050233 [003] ..... 1636086.334706: sys_ptrace(request: 4205, pid: 10068d, addr: 1, data: c0022e3c70)
             exe-1050233 [003] ..... 1636086.334708: sys_ptrace -> 0x0
             exe-1050233 [003] ..... 1636086.334709: sys_ptrace(request: 4205, pid: 10068d, addr: 202, data: c0022e3c70)
             exe-1050233 [003] ..... 1636086.334715: sys_ptrace -> 0x0
             exe-1050233 [003] ..... 1636086.334717: sys_ptrace(request: 1f, pid: 10068d, addr: 0, data: 0)
             exe-1050233 [003] ..... 1636086.334723: sys_ptrace -> 0x0
             exe-1050233 [003] ..... 1636086.334725: sys_wait4(upid: 10068d, stat_addr: c0022e3bf4, options: 40000002, ru: 0)
             exe-1050253 [002] ..... 1636086.334732: sys_write -> 0x9a
             exe-1050233 [003] ..... 1636086.334746: sys_wait4 -> 0x10068d
             exe-1050233 [003] ..... 1636086.334748: sys_ptrace(request: 4204, pid: 10068d, addr: 1, data: c0022e3c70)
             exe-1050233 [003] ..... 1636086.334750: sys_ptrace -> 0x0
             exe-1050233 [003] ..... 1636086.334752: sys_ptrace(request: 4204, pid: 10068d, addr: 202, data: c0022e3c70)
             exe-1050233 [003] ..... 1636086.334754: sys_ptrace -> 0x0
             exe-1049673 [000] ..... 1636086.334761: sys_nanosleep -> 0x0
             exe-1049673 [000] ..... 1636086.334763: sys_nanosleep(rqtp: c000069f10, rmtp: 0)
