             exe-1049981 [003] ..... 1636083.607230: sys_ptrace(request: 4205, pid: 1005aa, addr: 1, data: c000699c70)
             exe-1049981 [003] ..... 1636083.607232: sys_ptrace -> 0x0
             exe-1049981 [003] ..... 1636083.607234: sys_ptrace(request: 4205, pid: 1005aa, addr: 202, data: c000699c70)
             exe-1049981 [003] ..... 1636083.607244: sys_ptrace -> 0x0
             exe-1049981 [003] ..... 1636083.607246: sys_ptrace(request: 1f, pid: 1005aa, addr: 0, data: 0)
             exe-1049673 [000] ..... 1636083.607251: sys_nanosleep -> 0x0
             exe-1049673 [000] ..... 1636083.607253: sys_nanosleep(rqtp: c000069f10, rmtp: 0)
             exe-1049981 [003] ..... 1636083.607258: sys_ptrace -> 0x0
             exe-1049981 [003] ..... 1636083.607261: sys_wait4(upid: 1005aa, stat_addr: c000699bf4, options: 40000002, ru: 0)
             exe-1050026 [001] ..... 1636083.607283: sys_write -> 0xc2
             exe-1049981 [003] ..... 1636083.607299: sys_wait4 -> 0x1005aa
             exe-1049981 [003] ..... 1636083.607301: sys_ptrace(request: 4204, pid: 1005aa, addr: 1, data: c000699c70)
             exe-1049981 [003] ..... 1636083.607304: sys_ptrace -> 0x0
             exe-1049981 [003] ..... 1636083.607305: sys_ptrace(request: 4204, pid: 1005aa, addr: 202, data: c000699c70)
             exe-1049981 [003] ..... 1636083.607307: sys_ptrace -> 0x0
             exe-1049673 [000] ..... 1636083.607339: sys_nanosleep -> 0x0
             exe-1049673 [000] ..... 1636083.607341: sys_nanosleep(rqtp: c000069f10, rmtp: 0)
             exe-1049567 [000] ..... 1636083.607439: sys_nanosleep -> 0x0
             exe-1049567 [000] ..... 1636083.607444: sys_nanosleep(rqtp: c000069f10, rmtp: 0)
             exe-1049673 [000] ..... 1636083.607459: sys_nanosleep -> 0x0
             exe-1049673 [000] ..... 1636083.607464: sys_nanosleep(rqtp: c000069f10, rmtp: 0)
             exe-1049673 [000] ..... 1636083.607561: sys_nanosleep -> 0x0
             exe-1049673 [000] ..... 1636083.607564: sys_nanosleep(rqtp: c000069f10, rmtp: 0)
             exe-1049673 [000] ..... 1636083.607654: sys_nanosleep -> 0x0
             exe-1049673 [000] ..... 1636083.607656: sys_nanosleep(rqtp: c000069f10, rmtp: 0)
             exe-1049981 [003] ..... 1636083.607669: sys_futex(uaddr: 7fd66a44d000, op: 1, val: 1, utime: 0, uaddr2: 0, val3: 0)
             exe-1049981 [003] ..... 1636083.607680: sys_futex -> 0x1
             exe-1049981 [003] ..... 1636083.607682: sys_futex(uaddr: 7fd66a44d000, op: 0, val: 1, utime: 0, uaddr2: 0, val3: 0)
             exe-1049688 [000] ..... 1636083.607687: sys_futex -> 0x0
             exe-1049688 [000] ..... 1636083.607726: sys_openat(dfd: 23e, filename: c000600d80, flags: a0800, mode: 0)
             exe-1049688 [000] ..... 1636083.607797: sys_openat -> 0x11f5
             exe-1049688 [000] ..... 1636083.607801: sys_newfstat(fd: 11f5, statbuf: c0004c5638)
             exe-1049688 [000] ..... 1636083.607805: sys_newfstat -> 0x0
             exe-1049688 [000] ..... 1636083.607818: sys_futex(uaddr: 7febabcd3000, op: 1, val: 1, utime: 0, uaddr2: 0, val3: 0)
             exe-1049688 [000] ..... 1636083.607835: sys_futex -> 0x1
             exe-1049688 [000] ..... 1636083.607838: sys_futex(uaddr: 7febabcd3000, op: 0, val: 0, utime: 0, uaddr2: 0, val3: 0)
             exe-1049673 [000] ..... 1636083.607846: sys_nanosleep -> 0x0
             exe-1049673 [000] ..... 1636083.607851: sys_nanosleep(rqtp: c000069f10, rmtp: 0)
             exe-1049981 [003] ..... 1636083.607856: sys_futex -> 0x0
             exe-1049981 [003] ..... 1636083.607923: sys_futex(uaddr: 7fd66a44d000, op: 1, val: 1, utime: 0, uaddr2: 0, val3: 0)
             exe-1049981 [003] ..... 1636083.607931: sys_futex -> 0x1
             exe-1049981 [003] ..... 1636083.607933: sys_futex(uaddr: 7fd66a44d000, op: 0, val: 1, utime: 0, uaddr2: 0, val3: 0)
             exe-1049688 [000] ..... 1636083.607948: sys_futex -> 0x0
             exe-1049688 [000] ..... 1636083.607956: sys_openat(dfd: 16, filename: c000600d90, flags: 80000, mode: 0)
             exe-1049688 [000] ..... 1636083.607984: sys_openat -> 0x11f7
             exe-1049688 [000] ..... 1636083.607987: sys_dup(fildes: 11f7)
             exe-1049688 [000] ..... 1636083.607988: sys_dup -> 0x1203
             exe-1049688 [000] ..... 1636083.608001: sys_fcntl(fd: 1203, cmd: 3, arg: 0)
             exe-1049688 [000] ..... 1636083.608002: sys_fcntl -> 0x8000
             exe-1049688 [000] ..... 1636083.608004: sys_fcntl(fd: 1203, cmd: 4, arg: 8800)
             exe-1049688 [000] ..... 1636083.608004: sys_fcntl -> 0x0
             exe-1049688 [000] ..... 1636083.608019: sys_sendmsg(fd: 28, msg: c000298168, flags: 0)
             exe-1049688 [000] ..... 1636083.608059: sys_sendmsg -> 0x0
             exe-1049688 [000] ..... 1636083.608062: sys_close(fd: 1203)
             exe-1049688 [000] ..... 1636083.608064: sys_close -> 0x0
             exe-1049688 [000] ..... 1636083.608066: sys_futex(uaddr: 7febabcd3000, op: 1, val: 1, utime: 0, uaddr2: 0, val3: 0)
             exe-1049688 [000] ..... 1636083.608074: sys_futex -> 0x1
             exe-1049688 [000] ..... 1636083.608076: sys_futex(uaddr: 7febabcd3000, op: 0, val: 0, utime: 0, uaddr2: 0, val3: 0)
             exe-1049981 [003] ..... 1636083.608080: sys_futex -> 0x0
             exe-1049673 [000] ..... 1636083.608083: sys_nanosleep -> 0x0
             exe-1049981 [003] ..... 1636083.608084: sys_recvmsg(fd: 45, msg: c000293c68, flags: 60)
             exe-1049673 [000] ..... 1636083.608086: sys_nanosleep(rqtp: c000069f10, rmtp: 0)
             exe-1049981 [003] ..... 1636083.608097: sys_recvmsg -> 0x0
             exe-1049673 [000] ..... 1636083.608177: sys_nanosleep -> 0x0
             exe-1049673 [000] ..... 1636083.608180: sys_nanosleep(rqtp: c000069f10, rmtp: 0)
             exe-1049981 [003] ..... 1636083.608250: sys_pread64(fd: 2d7, buf: c002e66000, count: 8000, pos: 0)
             exe-1049673 [000] ..... 1636083.608266: sys_nanosleep -> 0x0
             exe-1049673 [000] ..... 1636083.608268: sys_nanosleep(rqtp: c000069f10, rmtp: 0)
             exe-1049673 [000] ..... 1636083.608354: sys_nanosleep -> 0x0
             exe-1049673 [000] ..... 1636083.608357: sys_nanosleep(rqtp: c000069f10, rmtp: 0)
             exe-1049673 [000] ..... 1636083.608443: sys_nanosleep -> 0x0
             exe-1049673 [000] ..... 1636083.608445: sys_nanosleep(rqtp: c000069f10, rmtp: 0)
             exe-1049673 [000] ..... 1636083.608531: sys_nanosleep -> 0x0
             exe-1049673 [000] ..... 1636083.608533: sys_nanosleep(rqtp: c000069f10, rmtp: 0)
             exe-1049673 [000] ..... 1636083.608619: sys_nanosleep -> 0x0
             exe-1049673 [000] ..... 1636083.608621: sys_nanosleep(rqtp: c000069f10, rmtp: 0)
             exe-1049673 [000] ..... 1636083.608708: sys_nanosleep -> 0x0
             exe-1049673 [000] ..... 1636083.608710: sys_nanosleep(rqtp: c000069f10, rmtp: 0)
             exe-1049567 [000] ..... 1636083.608804: sys_nanosleep -> 0x0
             exe-1049567 [000] ..... 1636083.608810: sys_nanosleep(rqtp: c000069f10, rmtp: 0)
             exe-1049673 [000] ..... 1636083.608833: sys_nanosleep -> 0x0
             exe-1049673 [000] ..... 1636083.608838: sys_nanosleep(rqtp: c000069f10, rmtp: 0)
             exe-1049673 [000] ..... 1636083.608932: sys_nanosleep -> 0x0
             exe-1049673 [000] ..... 1636083.608935: sys_nanosleep(rqtp: c000069f10, rmtp: 0)
             exe-1049673 [000] ..... 1636083.609021: sys_nanosleep -> 0x0
             exe-1049673 [000] ..... 1636083.609024: sys_nanosleep(rqtp: c000069f10, rmtp: 0)
             exe-1049673 [000] ..... 1636083.609110: sys_nanosleep -> 0x0
             exe-1049673 [000] ..... 1636083.609112: sys_nanosleep(rqtp: c000069f10, rmtp: 0)
             exe-1049673 [000] ..... 1636083.609198: sys_nanosleep -> 0x0
             exe-1049673 [000] ..... 1636083.609200: sys_nanosleep(rqtp: c000069f10, rmtp: 0)
             exe-1049673 [000] ..... 1636083.609286: sys_nanosleep -> 0x0
             exe-1049673 [000] ..... 1636083.609288: sys_nanosleep(rqtp: c000069f10, rmtp: 0)
             exe-1049673 [000] ..... 1636083.609374: sys_nanosleep -> 0x0
             exe-1049673 [000] ..... 1636083.609377: sys_nanosleep(rqtp: c000069f10, rmtp: 0)
             exe-1049673 [000] ..... 1636083.609463: sys_nanosleep -> 0x0
             exe-1049673 [000] ..... 1636083.609465: sys_nanosleep(rqtp: c000069f10, rmtp: 0)
             exe-1049673 [000] ..... 1636083.609551: sys_nanosleep -> 0x0
             exe-1049673 [000] ..... 1636083.609553: sys_nanosleep(rqtp: c000069f10, rmtp: 0)
             exe-1049673 [000] ..... 1636083.609639: sys_nanosleep -> 0x0
             exe-1049673 [000] ..... 1636083.609641: sys_nanosleep(rqtp: c000069f10, rmtp: 0)
             exe-1049981 [003] ..... 1636083.609672: sys_pread64 -> 0x12d2
             exe-1049673 [000] ..... 1636083.609727: sys_nanosleep -> 0x0
             exe-1049673 [000] ..... 1636083.609729: sys_nanosleep(rqtp: c000069f10, rmtp: 0)
             exe-1049981 [003] ..... 1636083.609776: sys_futex(uaddr: 7fd66a44d000, op: 1, val: 1, utime: 0, uaddr2: 0, val3: 0)
             exe-1049981 [003] ..... 1636083.609787: sys_futex -> 0x1
             exe-1049981 [003] ..... 1636083.609790: sys_futex(uaddr: 7fd66a44d000, op: 0, val: 1, utime: 0, uaddr2: 0, val3: 0)
             exe-1049688 [000] ..... 1636083.609794: sys_futex -> 0x0
             exe-1049688 [000] ..... 1636083.609827: sys_openat(dfd: 23e, filename: c000600da0, flags: a0800, mode: 0)
             exe-1049688 [000] ..... 1636083.609841: sys_openat -> 0x1203
             exe-1049688 [000] ..... 1636083.609844: sys_newfstat(fd: 1203, statbuf: c0004c5638)
             exe-1049688 [000] ..... 1636083.609847: sys_newfstat -> 0x0
             exe-1049688 [000] ..... 1636083.609867: sys_futex(uaddr: 7febabcd3000, op: 1, val: 1, utime: 0, uaddr2: 0, val3: 0)
             exe-1049688 [000] ..... 1636083.609881: sys_futex -> 0x1
             exe-1049688 [000] ..... 1636083.609884: sys_futex(uaddr: 7febabcd3000, op: 0, val: 0, utime: 0, uaddr2: 0, val3: 0)
             exe-1049673 [000] ..... 1636083.609891: sys_nanosleep -> 0x0
             exe-1049673 [000] ..... 1636083.609896: sys_nanosleep(rqtp: c000069f10, rmtp: 0)
             exe-1049981 [003] ..... 1636083.609899: sys_futex -> 0x0
             exe-1049981 [003] ..... 1636083.609936: sys_futex(uaddr: 7fd66a44d000, op: 1, val: 1, utime: 0, uaddr2: 0, val3: 0)
             exe-1049981 [003] ..... 1636083.609943: sys_futex -> 0x1
             exe-1049981 [003] ..... 1636083.609946: sys_futex(uaddr: 7fd66a44d000, op: 0, val: 1, utime: 0, uaddr2: 0, val3: 0)
             exe-1049688 [000] ..... 1636083.609951: sys_futex -> 0x0
             exe-1049688 [000] ..... 1636083.609957: sys_openat(dfd: 16, filename: c000600db0, flags: 80000, mode: 0)
             exe-1049688 [000] ..... 1636083.610009: sys_openat -> 0x1204
             exe-1049688 [000] ..... 1636083.610012: sys_dup(fildes: 1204)
             exe-1049688 [000] ..... 1636083.610013: sys_dup -> 0x1206
             exe-1049688 [000] ..... 1636083.610018: sys_fcntl(fd: 1206, cmd: 3, arg: 0)
             exe-1049688 [000] ..... 1636083.610019: sys_fcntl -> 0x8000
             exe-1049688 [000] ..... 1636083.610021: sys_fcntl(fd: 1206, cmd: 4, arg: 8800)
             exe-1049688 [000] ..... 1636083.610022: sys_fcntl -> 0x0
             exe-1049688 [000] ..... 1636083.610025: sys_sendmsg(fd: 28, msg: c000298168, flags: 0)
             exe-1049688 [000] ..... 1636083.610036: sys_sendmsg -> 0x0
             exe-1049688 [000] ..... 1636083.610038: sys_close(fd: 1206)
             exe-1049688 [000] ..... 1636083.610040: sys_close -> 0x0
             exe-1049688 [000] ..... 1636083.610042: sys_futex(uaddr: 7febabcd3000, op: 1, val: 1, utime: 0, uaddr2: 0, val3: 0)
             exe-1049688 [000] ..... 1636083.610053: sys_futex -> 0x1
             exe-1049688 [000] ..... 1636083.610055: sys_futex(uaddr: 7febabcd3000, op: 0, val: 0, utime: 0, uaddr2: 0, val3: 0)
             exe-1049673 [000] ..... 1636083.610061: sys_nanosleep -> 0x0
             exe-1049673 [000] ..... 1636083.610065: sys_nanosleep(rqtp: c000069f10, rmtp: 0)
             exe-1049981 [003] ..... 1636083.610068: sys_futex -> 0x0
             exe-1049981 [003] ..... 1636083.610071: sys_recvmsg(fd: 45, msg: c000293c68, flags: 60)
             exe-1049981 [003] ..... 1636083.610083: sys_recvmsg -> 0x0
             exe-1049673 [000] ..... 1636083.610154: sys_nanosleep -> 0x0
             exe-1049673 [000] ..... 1636083.610157: sys_nanosleep(rqtp: c000069f10, rmtp: 0)
             exe-1049981 [003] ..... 1636083.610192: sys_pread64(fd: 2d8, buf: c003000000, count: 8000, pos: 0)
             exe-1049673 [000] ..... 1636083.610243: sys_nanosleep -> 0x0
             exe-1049673 [000] ..... 1636083.610245: sys_nanosleep(rqtp: c000069f10, rmtp: 0)
             exe-1049673 [000] ..... 1636083.610331: sys_nanosleep -> 0x0
             exe-1049673 [000] ..... 1636083.610333: sys_nanosleep(rqtp: c000069f10, rmtp: 0)
             exe-1049673 [000] ..... 1636083.610432: sys_nanosleep -> 0x0
             exe-1049673 [000] ..... 1636083.610435: sys_epoll_pwait(epfd: 10, events: c000069920, maxevents: 80, timeout: 0, sigmask: 0, sigsetsize: 0)
             exe-1049673 [000] ..... 1636083.610437: sys_epoll_pwait -> 0x0
             exe-1049673 [000] ..... 1636083.610439: sys_nanosleep(rqtp: c000069f10, rmtp: 0)
             exe-1049673 [000] ..... 1636083.610525: sys_nanosleep -> 0x0
             exe-1049673 [000] ..... 1636083.610527: sys_nanosleep(rqtp: c000069f10, rmtp: 0)
             exe-1049673 [000] ..... 1636083.610613: sys_nanosleep -> 0x0
             exe-1049673 [000] ..... 1636083.610616: sys_nanosleep(rqtp: c000069f10, rmtp: 0)
             exe-1049673 [000] ..... 1636083.610702: sys_nanosleep -> 0x0
             exe-1049673 [000] ..... 1636083.610704: sys_nanosleep(rqtp: c000069f10, rmtp: 0)
             exe-1049673 [000] ..... 1636083.610790: sys_nanosleep -> 0x0
             exe-1049673 [000] ..... 1636083.610792: sys_nanosleep(rqtp: c000069f10, rmtp: 0)
             exe-1049673 [000] ..... 1636083.610880: sys_nanosleep -> 0x0
             exe-1049673 [000] ..... 1636083.610882: sys_nanosleep(rqtp: c000069f10, rmtp: 0)
             exe-1049981 [003] ..... 1636083.610900: sys_pread64 -> 0x12d4
             exe-1049673 [000] ..... 1636083.610968: sys_nanosleep -> 0x0
             exe-1049673 [000] ..... 1636083.610970: sys_nanosleep(rqtp: c000069f10, rmtp: 0)
             exe-1049981 [003] ..... 1636083.611046: sys_close(fd: 2d7)
             exe-1049981 [003] ..... 1636083.611050: sys_close -> 0x0
             exe-1049981 [003] ..... 1636083.611055: sys_close(fd: 2d8)
             exe-1049981 [003] ..... 1636083.611056: sys_close -> 0x0
             exe-1049673 [000] ..... 1636083.611056: sys_nanosleep -> 0x0
             exe-1049673 [000] ..... 1636083.611059: sys_nanosleep(rqtp: c000069f10, rmtp: 0)
             exe-1049981 [003] ..... 1636083.611065: sys_ptrace(request: 4205, pid: 1005aa, addr: 1, data: c002e65c70)
             exe-1049981 [003] ..... 1636083.611071: sys_ptrace -> 0x0
             exe-1049981 [003] ..... 1636083.611072: sys_ptrace(request: 4205, pid: 1005aa, addr: 202, data: c002e65c70)
             exe-1049981 [003] ..... 1636083.611092: sys_ptrace -> 0x0
             exe-1049981 [003] ..... 1636083.611094: sys_ptrace(request: 1f, pid: 1005aa, addr: 0, data: 0)
             exe-1049981 [003] ..... 1636083.611108: sys_ptrace -> 0x0
             exe-1049981 [003] ..... 1636083.611110: sys_wait4(upid: 1005aa, stat_addr: c002e65bf4, options: 40000002, ru: 0)
             exe-1049673 [000] ..... 1636083.611145: sys_nanosleep -> 0x0
             exe-1049673 [000] ..... 1636083.611147: sys_nanosleep(rqtp: c000069f10, rmtp: 0)
             exe-1050026 [001] ..... 1636083.611161: sys_renameat2 -> 0x0
             exe-1049981 [003] ..... 1636083.611201: sys_wait4 -> 0x1005aa
             exe-1049981 [003] ..... 1636083.611204: sys_ptrace(request: 4204, pid: 1005aa, addr: 1, data: c002e65c70)
             exe-1049981 [003] ..... 1636083.611208: sys_ptrace -> 0x0
             exe-1049981 [003] ..... 1636083.611210: sys_ptrace(request: 4204, pid: 1005aa, addr: 202, data: c002e65c70)
             exe-1049981 [003] ..... 1636083.611213: sys_ptrace -> 0x0
             exe-1049981 [003] ..... 1636083.611225: sys_pwrite64(fd: 63, buf: 7fd66e161f20, count: c0, pos: c2)
             exe-1049981 [003] ..... 1636083.611228: tracing_mark_write: renameat2(olddfd=281, oldname="/victims/proc/self/root/usr/lib/x86_64-linux-gnu/perl-base/unicore/lib/NFKDQC", newdfd=277, newname="/victims/usr/share/doc/git/contrib/workdir/", flags=0x0) end
             exe-1049896 [001] ..... 1636083.722029: tracing_mark_write: renameat2(olddfd=357, oldname=".//victims/usr/lib/x86_64-linux-gnu/perl/5.34.0/auto/List/", newdfd=357, newname="/victims/proc/self/root/usr/share/locale/gl/LC_MESSAGES", flags=0x0) start
             exe-1049896 [001] ..... 1636083.722030: sys_pwrite64 -> 0xbb
             exe-1049896 [001] ..... 1636083.722035: sys_ptrace(request: 4205, pid: 100787, addr: 1, data: c0022e1c70)
             exe-1049896 [001] .N... 1636083.722060: sys_ptrace -> 0x0
             exe-1049896 [001] ..... 1636083.722094: sys_ptrace(request: 4205, pid: 100787, addr: 202, data: c0022e1c70)
             exe-1049896 [001] ..... 1636083.722109: sys_ptrace -> 0x0
             exe-1049896 [001] ..... 1636083.722111: sys_ptrace(request: 1f, pid: 100787, addr: 0, data: 0)
             exe-1049896 [001] .N... 1636083.722116: sys_ptrace -> 0x0
             exe-1049673 [000] ..... 1636083.722120: sys_nanosleep -> 0x0
             exe-1049673 [000] ..... 1636083.722122: sys_nanosleep(rqtp: c000069f10, rmtp: 0)
             exe-1050503 [001] ..... 1636083.722125: sys_write -> 0xbb
             exe-1049896 [001] ..... 1636083.722141: sys_wait4(upid: 100787, stat_addr: c0022e1bf4, options: 40000002, ru: 0)
             exe-1049896 [001] ..... 1636083.722143: sys_wait4 -> 0x100787
             exe-1049896 [001] ..... 1636083.722145: sys_ptrace(request: 4204, pid: 100787, addr: 1, data: c0022e1c70)
             exe-1049896 [001] ..... 1636083.722198: sys_ptrace -> 0x0
             exe-1049896 [001] ..... 1636083.722201: sys_ptrace(request: 4204, pid: 100787, addr: 202, data: c0022e1c70)
             exe-1049896 [001] ..... 1636083.722204: sys_ptrace -> 0x0
             exe-1049673 [000] ..... 1636083.722218: sys_nanosleep -> 0x0
             exe-1049896 [001] ..... 1636083.722218: sys_ptrace(request: 4205, pid: 100787, addr: 1, data: c0022e1c70)
             exe-1049673 [000] ..... 1636083.722220: sys_nanosleep(rqtp: c000069f10, rmtp: 0)
             exe-1049896 [001] ..... 1636083.722220: sys_ptrace -> 0x0
             exe-1049896 [001] ..... 1636083.722222: sys_ptrace(request: 4205, pid: 100787, addr: 202, data: c0022e1c70)
             exe-1049896 [001] ..... 1636083.722230: sys_ptrace -> 0x0
             exe-1049896 [001] ..... 1636083.722232: sys_ptrace(request: 1f, pid: 100787, addr: 0, data: 0)
             exe-1049896 [001] .N... 1636083.722237: sys_ptrace -> 0x0
             exe-1050503 [001] ..... 1636083.722246: sys_renameat2 -> 0xffffffffffffffec
             exe-1049896 [001] ..... 1636083.722308: sys_wait4(upid: 100787, stat_addr: c0022e1bf4, options: 40000002, ru: 0)
             exe-1049673 [000] ..... 1636083.722309: sys_nanosleep -> 0x0
             exe-1049896 [001] ..... 1636083.722311: sys_wait4 -> 0x100787
             exe-1049673 [000] ..... 1636083.722312: sys_nanosleep(rqtp: c000069f10, rmtp: 0)
             exe-1049896 [001] ..... 1636083.722313: sys_ptrace(request: 4204, pid: 100787, addr: 1, data: c0022e1c70)
             exe-1049896 [001] ..... 1636083.722317: sys_ptrace -> 0x0
             exe-1049896 [001] ..... 1636083.722318: sys_ptrace(request: 4204, pid: 100787, addr: 202, data: c0022e1c70)
             exe-1049896 [001] ..... 1636083.722320: sys_ptrace -> 0x0
             exe-1049896 [001] ..... 1636083.722331: sys_pwrite64(fd: 63, buf: 7fd66e15af20, count: b9, pos: bb)
             exe-1049896 [001] ..... 1636083.722333: tracing_mark_write: renameat2(olddfd=357, oldname=".//victims/usr/lib/x86_64-linux-gnu/perl/5.34.0/auto/List/", newdfd=357, newname="/victims/proc/self/root/usr/share/locale/gl/LC_MESSAGES", flags=0x0) end
             exe-1049896 [001] ..... 1636083.824190: tracing_mark_write: renameat2(olddfd=21, oldname="/victims/usr/share/lintian/overrides", newdfd=373, newname="/victims/proc/self/root/usr/share/vim/addons/plugin", flags=0x0) start
             exe-1049896 [001] ..... 1636083.824192: sys_pwrite64 -> 0xa0
             exe-1049896 [001] ..... 1636083.824196: sys_ptrace(request: 4205, pid: 100787, addr: 1, data: c0022e1c70)
             exe-1049896 [001] ..... 1636083.824198: sys_ptrace -> 0x0
             exe-1049896 [001] ..... 1636083.824199: sys_ptrace(request: 4205, pid: 100787, addr: 202, data: c0022e1c70)
             exe-1049673 [000] ..... 1636083.824205: sys_nanosleep -> 0x0
             exe-1049896 [001] ..... 1636083.824207: sys_ptrace -> 0x0
             exe-1049896 [001] ..... 1636083.824208: sys_ptrace(request: 1f, pid: 100787, addr: 0, data: 0)
             exe-1049673 [000] ..... 1636083.824209: sys_nanosleep(rqtp: c000069f10, rmtp: 0)
             exe-1049896 [001] .N... 1636083.824213: sys_ptrace -> 0x0
             exe-1050503 [001] ..... 1636083.824221: sys_write -> 0xa0
             exe-1049896 [001] ..... 1636083.824234: sys_wait4(upid: 100787, stat_addr: c0022e1bf4, options: 40000002, ru: 0)
             exe-1049896 [001] ..... 1636083.824236: sys_wait4 -> 0x100787
             exe-1049896 [001] ..... 1636083.824238: sys_ptrace(request: 4204, pid: 100787, addr: 1, data: c0022e1c70)
             exe-1049896 [001] ..... 1636083.824240: sys_ptrace -> 0x0
             exe-1049896 [001] ..... 1636083.824241: sys_ptrace(request: 4204, pid: 100787, addr: 202, data: c0022e1c70)
             exe-1049896 [001] ..... 1636083.824243: sys_ptrace -> 0x0
             exe-1049567 [000] ..... 1636083.824286: sys_nanosleep -> 0x0
             exe-1049567 [000] ..... 1636083.824290: sys_nanosleep(rqtp: c000069f10, rmtp: 0)
             exe-1049673 [000] ..... 1636083.824306: sys_nanosleep -> 0x0
             exe-1049673 [000] ..... 1636083.824310: sys_nanosleep(rqtp: c000069f10, rmtp: 0)
             exe-1049896 [001] ..... 1636083.824386: sys_ptrace(request: 4205, pid: 100787, addr: 1, data: c0022e1c70)
             exe-1049896 [001] ..... 1636083.824389: sys_ptrace -> 0x0
             exe-1049896 [001] ..... 1636083.824390: sys_ptrace(request: 4205, pid: 100787, addr: 202, data: c0022e1c70)
             exe-1049567 [000] ..... 1636083.824395: sys_nanosleep -> 0x0
             exe-1049896 [001] ..... 1636083.824399: sys_ptrace -> 0x0
             exe-1049896 [001] ..... 1636083.824400: sys_ptrace(request: 1f, pid: 100787, addr: 0, data: 0)
             exe-1049567 [000] ..... 1636083.824400: sys_nanosleep(rqtp: c000069f10, rmtp: 0)
             exe-1049896 [001] .N... 1636083.824406: sys_ptrace -> 0x0
             exe-1050503 [001] ..... 1636083.824414: sys_renameat2 -> 0xffffffffffffffd9
             exe-1049673 [000] ..... 1636083.824417: sys_nanosleep -> 0x0
             exe-1049673 [000] ..... 1636083.824421: sys_nanosleep(rqtp: c000069f10, rmtp: 0)
             exe-1049896 [001] ..... 1636083.824429: sys_wait4(upid: 100787, stat_addr: c0022e1bf4, options: 40000002, ru: 0)
             exe-1049896 [001] ..... 1636083.824432: sys_wait4 -> 0x100787
             exe-1049896 [001] ..... 1636083.824433: sys_ptrace(request: 4204, pid: 100787, addr: 1, data: c0022e1c70)
             exe-1049896 [001] ..... 1636083.824436: sys_ptrace -> 0x0
             exe-1049896 [001] ..... 1636083.824437: sys_ptrace(request: 4204, pid: 100787, addr: 202, data: c0022e1c70)
             exe-1049896 [001] ..... 1636083.824439: sys_ptrace -> 0x0
             exe-1049896 [001] ..... 1636083.824447: sys_pwrite64(fd: 63, buf: 7fd66e15af20, count: 9e, pos: a0)
             exe-1049896 [001] ..... 1636083.824448: tracing_mark_write: renameat2(olddfd=21, oldname="/victims/usr/share/lintian/overrides", newdfd=373, newname="/victims/proc/self/root/usr/share/vim/addons/plugin", flags=0x0) end
             exe-1049896 [001] ..... 1636083.885344: tracing_mark_write: renameat2(olddfd=21, oldname="/victims/usr/share/perl/5.34.0/CPAN/Meta/History", newdfd=21, newname="/victims/usr/share/doc/fonts-dejavu-core", flags=0x0) start
             exe-1049896 [001] ..... 1636083.885345: sys_pwrite64 -> 0xa0
             exe-1049896 [001] ..... 1636083.885412: sys_ptrace(request: 4205, pid: 100787, addr: 1, data: c0022e1c70)
             exe-1049896 [001] ..... 1636083.885416: sys_ptrace -> 0x0
             exe-1049896 [001] ..... 1636083.885417: sys_ptrace(request: 4205, pid: 100787, addr: 202, data: c0022e1c70)
             exe-1049567 [000] ..... 1636083.885420: sys_nanosleep -> 0x0
             exe-1049567 [000] ..... 1636083.885425: sys_nanosleep(rqtp: c000069f10, rmtp: 0)
             exe-1049896 [001] ..... 1636083.885432: sys_ptrace -> 0x0
             exe-1049896 [001] ..... 1636083.885434: sys_ptrace(request: 1f, pid: 100787, addr: 0, data: 0)
             exe-1049896 [001] .N... 1636083.885439: sys_ptrace -> 0x0
             exe-1049673 [000] ..... 1636083.885441: sys_nanosleep -> 0x0
             exe-1049673 [000] ..... 1636083.885446: sys_nanosleep(rqtp: c000069f10, rmtp: 0)
             exe-1050503 [001] ..... 1636083.885449: sys_write -> 0xa0
             exe-1049896 [001] ..... 1636083.885520: sys_wait4(upid: 100787, stat_addr: c0022e1bf4, options: 40000002, ru: 0)
             exe-1049896 [001] ..... 1636083.885522: sys_wait4 -> 0x100787
             exe-1049896 [001] ..... 1636083.885524: sys_ptrace(request: 4204, pid: 100787, addr: 1, data: c0022e1c70)
             exe-1049896 [001] ..... 1636083.885528: sys_ptrace -> 0x0
             exe-1049896 [001] ..... 1636083.885529: sys_ptrace(request: 4204, pid: 100787, addr: 202, data: c0022e1c70)
             exe-1049896 [001] ..... 1636083.885531: sys_ptrace -> 0x0
             exe-1049567 [000] ..... 1636083.885533: sys_nanosleep -> 0x0
             exe-1049567 [000] ..... 1636083.885538: sys_nanosleep(rqtp: c000069f10, rmtp: 0)
             exe-1049673 [000] ..... 1636083.885556: sys_nanosleep -> 0x0
             exe-1049673 [000] ..... 1636083.885561: sys_nanosleep(rqtp: c000069f10, rmtp: 0)
             exe-1049567 [000] ..... 1636083.885646: sys_nanosleep -> 0x0
             exe-1049567 [000] ..... 1636083.885651: sys_nanosleep(rqtp: c000069f10, rmtp: 0)
             exe-1049673 [000] ..... 1636083.885667: sys_nanosleep -> 0x0
             exe-1049673 [000] ..... 1636083.885673: sys_nanosleep(rqtp: c000069f10, rmtp: 0)
             exe-1049896 [001] ..... 1636083.885738: sys_ptrace(request: 4205, pid: 100787, addr: 1, data: c0022e1c70)
             exe-1049896 [001] ..... 1636083.885742: sys_ptrace -> 0x0
             exe-1049896 [001] ..... 1636083.885743: sys_ptrace(request: 4205, pid: 100787, addr: 202, data: c0022e1c70)
             exe-1049896 [001] ..... 1636083.885753: sys_ptrace -> 0x0
             exe-1049896 [001] ..... 1636083.885755: sys_ptrace(request: 1f, pid: 100787, addr: 0, data: 0)
             exe-1049567 [000] ..... 1636083.885759: sys_nanosleep -> 0x0
             exe-1049896 [001] .N... 1636083.885760: sys_ptrace -> 0x0
             exe-1049567 [000] ..... 1636083.885764: sys_nanosleep(rqtp: c000069f10, rmtp: 0)
             exe-1050503 [001] ..... 1636083.885771: sys_renameat2 -> 0xffffffffffffffd9
             exe-1049673 [000] ..... 1636083.885780: sys_nanosleep -> 0x0
             exe-1049673 [000] ..... 1636083.885785: sys_nanosleep(rqtp: c000069f10, rmtp: 0)
             exe-1049896 [001] ..... 1636083.885844: sys_wait4(upid: 100787, stat_addr: c0022e1bf4, options: 40000002, ru: 0)
             exe-1049896 [001] ..... 1636083.885846: sys_wait4 -> 0x100787
             exe-1049896 [001] ..... 1636083.885848: sys_ptrace(request: 4204, pid: 100787, addr: 1, data: c0022e1c70)
             exe-1049896 [001] ..... 1636083.885851: sys_ptrace -> 0x0
             exe-1049896 [001] ..... 1636083.885853: sys_ptrace(request: 4204, pid: 100787, addr: 202, data: c0022e1c70)
             exe-1049896 [001] ..... 1636083.885855: sys_ptrace -> 0x0
             exe-1049896 [001] ..... 1636083.885867: sys_pwrite64(fd: 63, buf: 7fd66e15af20, count: 9e, pos: a0)
             exe-1049896 [001] ..... 1636083.885869: tracing_mark_write: renameat2(olddfd=21, oldname="/victims/usr/share/perl/5.34.0/CPAN/Meta/History", newdfd=21, newname="/victims/usr/share/doc/fonts-dejavu-core", flags=0x0) end
             exe-1049896 [001] ..... 1636083.972850: tracing_mark_write: renameat2(olddfd=21, oldname="/victims/usr/share/man/de", newdfd=21, newname="/victims/proc/self/root/usr/share/locale/fi/LC_TIME", flags=0x0) start
             exe-1049896 [001] ..... 1636083.972851: sys_pwrite64 -> 0x94
             exe-1049896 [001] ..... 1636083.972855: sys_ptrace(request: 4205, pid: 100787, addr: 1, data: c0022e1c70)
             exe-1049896 [001] ..... 1636083.972857: sys_ptrace -> 0x0
             exe-1049896 [001] ..... 1636083.972858: sys_ptrace(request: 4205, pid: 100787, addr: 202, data: c0022e1c70)
             exe-1049896 [001] ..... 1636083.972866: sys_ptrace -> 0x0
             exe-1049896 [001] ..... 1636083.972867: sys_ptrace(request: 1f, pid: 100787, addr: 0, data: 0)
             exe-1049896 [001] .N... 1636083.972872: sys_ptrace -> 0x0
             exe-1050503 [001] ..... 1636083.972879: sys_write -> 0x94
             exe-1049673 [000] ..... 1636083.972882: sys_nanosleep -> 0x0
             exe-1049673 [000] ..... 1636083.972884: sys_nanosleep(rqtp: c000069f10, rmtp: 0)
             exe-1049896 [001] ..... 1636083.972891: sys_wait4(upid: 100787, stat_addr: c0022e1bf4, options: 40000002, ru: 0)
             exe-1049896 [001] ..... 1636083.972893: sys_wait4 -> 0x100787
             exe-1049896 [001] ..... 1636083.972894: sys_ptrace(request: 4204, pid: 100787, addr: 1, data: c0022e1c70)
             exe-1049896 [001] ..... 1636083.972897: sys_ptrace -> 0x0
             exe-1049896 [001] ..... 1636083.972898: sys_ptrace(request: 4204, pid: 100787, addr: 202, data: c0022e1c70)
             exe-1049896 [001] ..... 1636083.972899: sys_ptrace -> 0x0
             exe-1049673 [000] ..... 1636083.972974: sys_nanosleep -> 0x0
             exe-1049673 [000] ..... 1636083.972976: sys_nanosleep(rqtp: c000069f10, rmtp: 0)
             exe-1049673 [000] ..... 1636083.973060: sys_nanosleep -> 0x0
             exe-1049673 [000] ..... 1636083.973062: sys_nanosleep(rqtp: c000069f10, rmtp: 0)
             exe-1049896 [001] ..... 1636083.973136: sys_futex(uaddr: 7fd66a44d000, op: 1, val: 1, utime: 0, uaddr2: 0, val3: 0)
             exe-1049896 [001] ..... 1636083.973144: sys_futex -> 0x1
             exe-1049896 [001] ..... 1636083.973150: sys_futex(uaddr: 7fd66a44d000, op: 0, val: 1, utime: 0, uaddr2: 0, val3: 0)
             exe-1049688 [000] ..... 1636083.973153: sys_futex -> 0x0
             exe-1049688 [000] ..... 1636083.973187: sys_openat(dfd: 14db, filename: c000600e58, flags: a0800, mode: 0)
             exe-1049688 [000] ..... 1636083.973217: sys_openat -> 0x934
             exe-1049688 [000] ..... 1636083.973221: sys_newfstat(fd: 934, statbuf: c0004c5638)
             exe-1049688 [000] ..... 1636083.973225: sys_newfstat -> 0x0
             exe-1049688 [000] ..... 1636083.973237: sys_futex(uaddr: 7febabcd3000, op: 1, val: 1, utime: 0, uaddr2: 0, val3: 0)
             exe-1049688 [000] ..... 1636083.973251: sys_futex -> 0x1
             exe-1049688 [000] ..... 1636083.973253: sys_futex(uaddr: 7febabcd3000, op: 0, val: 0, utime: 0, uaddr2: 0, val3: 0)
             exe-1049673 [000] ..... 1636083.973262: sys_nanosleep -> 0x0
             exe-1049673 [000] ..... 1636083.973265: sys_nanosleep(rqtp: c000069f10, rmtp: 0)
             exe-1049896 [001] ..... 1636083.973265: sys_futex -> 0x0
             exe-1049896 [001] ..... 1636083.973296: sys_futex(uaddr: 7fd66a44d000, op: 1, val: 1, utime: 0, uaddr2: 0, val3: 0)
             exe-1049896 [001] ..... 1636083.973302: sys_futex -> 0x1
             exe-1049896 [001] ..... 1636083.973303: sys_futex(uaddr: 7fd66a44d000, op: 0, val: 1, utime: 0, uaddr2: 0, val3: 0)
             exe-1049688 [000] ..... 1636083.973308: sys_futex -> 0x0
             exe-1049688 [000] ..... 1636083.973315: sys_openat(dfd: 16, filename: c000600e64, flags: 80000, mode: 0)
             exe-1049688 [000] ..... 1636083.973330: sys_openat -> 0xbe5
             exe-1049688 [000] ..... 1636083.973355: sys_futex(uaddr: 7febabcd3000, op: 1, val: 1, utime: 0, uaddr2: 0, val3: 0)
             exe-1049688 [000] ..... 1636083.973361: sys_futex -> 0x1
             exe-1049688 [000] ..... 1636083.973363: sys_futex(uaddr: 7febabcd3000, op: 0, val: 0, utime: 0, uaddr2: 0, val3: 0)
             exe-1049896 [001] ..... 1636083.973366: sys_futex -> 0x0
             exe-1049673 [000] ..... 1636083.973368: sys_nanosleep -> 0x0
             exe-1049673 [000] ..... 1636083.973371: sys_nanosleep(rqtp: c000069f10, rmtp: 0)
             exe-1049896 [001] ..... 1636083.973384: sys_futex(uaddr: 7fd66a44d000, op: 1, val: 1, utime: 0, uaddr2: 0, val3: 0)
             exe-1049896 [001] ..... 1636083.973388: sys_futex -> 0x1
             exe-1049896 [001] ..... 1636083.973389: sys_futex(uaddr: 7fd66a44d000, op: 0, val: 1, utime: 0, uaddr2: 0, val3: 0)
             exe-1049688 [000] ..... 1636083.973394: sys_futex -> 0x0
             exe-1049688 [000] ..... 1636083.973430: sys_lseek(fd: be5, offset: 0, whence: 0)
             exe-1049688 [000] ..... 1636083.973433: sys_lseek -> 0x0
             exe-1049688 [000] ..... 1636083.973457: sys_getdents64(fd: be5, dirent: c0004c3c60, count: 2000)
             exe-1049688 [000] ..... 1636083.973496: sys_getdents64 -> 0x50
             exe-1049688 [000] ..... 1636083.973501: sys_newfstatat(dfd: be5, filename: c000600e80, statbuf: c0004c36a0, flag: 100)
             exe-1049688 [000] ..... 1636083.973513: sys_newfstatat -> 0x0
             exe-1049688 [000] ..... 1636083.973517: sys_getdents64(fd: be5, dirent: c0004c3c60, count: 2000)
             exe-1049688 [000] ..... 1636083.973519: sys_getdents64 -> 0x0
             exe-1049688 [000] ..... 1636083.973522: sys_futex(uaddr: 7febabcd3000, op: 1, val: 1, utime: 0, uaddr2: 0, val3: 0)
             exe-1049688 [000] ..... 1636083.973532: sys_futex -> 0x1
             exe-1049688 [000] ..... 1636083.973534: sys_futex(uaddr: 7febabcd3000, op: 0, val: 0, utime: 0, uaddr2: 0, val3: 0)
             exe-1049673 [000] ..... 1636083.973539: sys_nanosleep -> 0x0
             exe-1049896 [001] ..... 1636083.973542: sys_futex -> 0x0
             exe-1049673 [000] ..... 1636083.973543: sys_nanosleep(rqtp: c000069f10, rmtp: 0)
             exe-1049896 [001] ..... 1636083.973565: sys_futex(uaddr: 7fd66a44d000, op: 1, val: 1, utime: 0, uaddr2: 0, val3: 0)
             exe-1049896 [001] ..... 1636083.973570: sys_futex -> 0x1
             exe-1049896 [001] ..... 1636083.973571: sys_futex(uaddr: 7fd66a44d000, op: 0, val: 1, utime: 0, uaddr2: 0, val3: 0)
             exe-1049688 [000] ..... 1636083.973577: sys_futex -> 0x0
             exe-1049688 [000] ..... 1636083.973582: sys_getdents64(fd: be5, dirent: c0004c3c60, count: 2000)
             exe-1049688 [000] ..... 1636083.973584: sys_getdents64 -> 0x0
             exe-1049688 [000] ..... 1636083.973586: sys_futex(uaddr: 7febabcd3000, op: 1, val: 1, utime: 0, uaddr2: 0, val3: 0)
             exe-1049688 [000] ..... 1636083.973592: sys_futex -> 0x1
             exe-1049688 [000] ..... 1636083.973594: sys_futex(uaddr: 7febabcd3000, op: 0, val: 0, utime: 0, uaddr2: 0, val3: 0)
             exe-1049896 [001] ..... 1636083.973596: sys_futex -> 0x0
             exe-1049896 [001] ..... 1636083.973612: sys_ptrace(request: 4205, pid: 100787, addr: 1, data: c002e61c70)
             exe-1049896 [001] ..... 1636083.973615: sys_ptrace -> 0x0
             exe-1049896 [001] ..... 1636083.973616: sys_ptrace(request: 4205, pid: 100787, addr: 202, data: c002e61c70)
             exe-1049896 [001] ..... 1636083.973627: sys_ptrace -> 0x0
             exe-1049896 [001] ..... 1636083.973628: sys_ptrace(request: 1f, pid: 100787, addr: 0, data: 0)
             exe-1049673 [000] ..... 1636083.973631: sys_nanosleep -> 0x0
             exe-1049896 [001] .N... 1636083.973632: sys_ptrace -> 0x0
             exe-1049673 [000] ..... 1636083.973634: sys_nanosleep(rqtp: c000069f10, rmtp: 0)
             exe-1050503 [001] ..... 1636083.973640: sys_renameat2 -> 0xffffffffffffffd9
             exe-1049896 [001] ..... 1636083.973656: sys_wait4(upid: 100787, stat_addr: c002e61bf4, options: 40000002, ru: 0)
             exe-1049896 [001] ..... 1636083.973658: sys_wait4 -> 0x100787
             exe-1049896 [001] ..... 1636083.973659: sys_ptrace(request: 4204, pid: 100787, addr: 1, data: c002e61c70)
             exe-1049896 [001] ..... 1636083.973662: sys_ptrace -> 0x0
             exe-1049896 [001] ..... 1636083.973662: sys_ptrace(request: 4204, pid: 100787, addr: 202, data: c002e61c70)
             exe-1049896 [001] ..... 1636083.973664: sys_ptrace -> 0x0
             exe-1049896 [001] ..... 1636083.973673: sys_pwrite64(fd: 63, buf: 7fd66e15af20, count: 92, pos: 94)
             exe-1049896 [001] ..... 1636083.973675: tracing_mark_write: renameat2(olddfd=21, oldname="/victims/usr/share/man/de", newdfd=21, newname="/victims/proc/self/root/usr/share/locale/fi/LC_TIME", flags=0x0) end
             exe-1049896 [001] ..... 1636084.043953: tracing_mark_write: renameat2(olddfd=21, oldname="/victims/proc/self/root/usr/include/misc", newdfd=19, newname="/victims/usr/share/perl/5.34.0/Test2/Hub", flags=0x0) start
             exe-1049896 [001] ..... 1636084.043956: sys_pwrite64 -> 0x98
             exe-1049896 [001] ..... 1636084.043975: sys_ptrace(request: 4205, pid: 100787, addr: 1, data: c002e61c70)
             exe-1049673 [000] ..... 1636084.043978: sys_nanosleep -> 0x0
             exe-1049673 [000] ..... 1636084.043982: sys_nanosleep(rqtp: c000069f10, rmtp: 0)
             exe-1049896 [001] .N... 1636084.044025: sys_ptrace -> 0x0
             exe-1049896 [001] ..... 1636084.044074: sys_ptrace(request: 4205, pid: 100787, addr: 202, data: c002e61c70)
             exe-1049673 [000] ..... 1636084.044085: sys_nanosleep -> 0x0
             exe-1049673 [000] ..... 1636084.044090: sys_nanosleep(rqtp: c000069f10, rmtp: 0)
             exe-1049896 [001] ..... 1636084.044100: sys_ptrace -> 0x0
             exe-1049896 [001] ..... 1636084.044103: sys_ptrace(request: 1f, pid: 100787, addr: 0, data: 0)
             exe-1049896 [001] .N... 1636084.044114: sys_ptrace -> 0x0
             exe-1049673 [000] ..... 1636084.044196: sys_nanosleep -> 0x0
             exe-1049673 [000] ..... 1636084.044200: sys_nanosleep(rqtp: c000069f10, rmtp: 0)
             exe-1050503 [001] ..... 1636084.044226: sys_write -> 0x98
             exe-1049896 [001] ..... 1636084.044262: sys_wait4(upid: 100787, stat_addr: c002e61bf4, options: 40000002, ru: 0)
             exe-1049673 [000] ..... 1636084.044294: sys_nanosleep -> 0x0
             exe-1049673 [000] ..... 1636084.044298: sys_nanosleep(rqtp: c000069f10, rmtp: 0)
             exe-1049896 [001] .N... 1636084.044306: sys_wait4 -> 0x100787
             exe-1049896 [001] ..... 1636084.044374: sys_ptrace(request: 4204, pid: 100787, addr: 1, data: c002e61c70)
             exe-1049896 [001] ..... 1636084.044382: sys_ptrace -> 0x0
             exe-1049896 [001] ..... 1636084.044385: sys_ptrace(request: 4204, pid: 100787, addr: 202, data: c002e61c70)
             exe-1049896 [001] ..... 1636084.044390: sys_ptrace -> 0x0
             exe-1049673 [000] ..... 1636084.044412: sys_nanosleep -> 0x0
             exe-1049673 [000] ..... 1636084.044416: sys_nanosleep(rqtp: c000069f10, rmtp: 0)
             exe-1049673 [000] ..... 1636084.044575: sys_nanosleep -> 0x0
             exe-1049673 [000] ..... 1636084.044578: sys_nanosleep(rqtp: c000069f10, rmtp: 0)
             exe-1049673 [000] ..... 1636084.044810: sys_nanosleep -> 0x0
             exe-1049673 [000] ..... 1636084.044813: sys_nanosleep(rqtp: c000069f10, rmtp: 0)
             exe-1049567 [002] ..... 1636084.044821: sys_nanosleep -> 0x0
             exe-1049567 [002] ..... 1636084.044824: sys_nanosleep(rqtp: c000069f10, rmtp: 0)
             exe-1049896 [001] .N... 1636084.044914: sys_ptrace(request: 4205, pid: 100787, addr: 1, data: c002e61c70)
             exe-1049896 [001] .N... 1636084.044920: sys_ptrace -> 0x0
             exe-1049896 [001] ..... 1636084.044964: sys_ptrace(request: 4205, pid: 100787, addr: 202, data: c002e61c70)
             exe-1049896 [001] ..... 1636084.044985: sys_ptrace -> 0x0
             exe-1049896 [001] ..... 1636084.044987: sys_ptrace(request: 1f, pid: 100787, addr: 0, data: 0)
             exe-1049896 [001] .N... 1636084.044995: sys_ptrace -> 0x0
             exe-1050503 [001] ..... 1636084.045008: sys_renameat2 -> 0xffffffffffffffd9
             exe-1049896 [001] ..... 1636084.045104: sys_wait4(upid: 100787, stat_addr: c002e61bf4, options: 40000002, ru: 0)
             exe-1049896 [001] ..... 1636084.045108: sys_wait4 -> 0x100787
             exe-1049896 [001] ..... 1636084.045110: sys_ptrace(request: 4204, pid: 100787, addr: 1, data: c002e61c70)
             exe-1049896 [001] ..... 1636084.045115: sys_ptrace -> 0x0
             exe-1049896 [001] ..... 1636084.045117: sys_ptrace(request: 4204, pid: 100787, addr: 202, data: c002e61c70)
             exe-1049896 [001] ..... 1636084.045120: sys_ptrace -> 0x0
             exe-1049673 [000] ..... 1636084.045206: sys_nanosleep -> 0x0
             exe-1049673 [000] ..... 1636084.045209: sys_nanosleep(rqtp: c000069f10, rmtp: 0)
             exe-1049896 [001] ..... 1636084.045210: sys_pwrite64(fd: 63, buf: 7fd66e15af20, count: 96, pos: 98)
             exe-1049896 [001] ..... 1636084.045215: tracing_mark_write: renameat2(olddfd=21, oldname="/victims/proc/self/root/usr/include/misc", newdfd=19, newname="/victims/usr/share/perl/5.34.0/Test2/Hub", flags=0x0) end
             exe-1049896 [000] ..... 1636084.125783: tracing_mark_write: renameat2(olddfd=6, oldname="/victims/usr/share/menu", newdfd=6, newname="/victims/proc/self/root/usr/share/X11/locale/ko", flags=0x0) start
             exe-1049896 [000] ..... 1636084.125786: sys_pwrite64 -> 0x8c
             exe-1049896 [000] ..... 1636084.125797: sys_ptrace(request: 4205, pid: 100787, addr: 1, data: c002e61c70)
             exe-1049896 [000] ..... 1636084.125802: sys_ptrace -> 0x0
             exe-1049896 [000] ..... 1636084.125805: sys_ptrace(request: 4205, pid: 100787, addr: 202, data: c002e61c70)
             exe-1049896 [000] ..... 1636084.125823: sys_ptrace -> 0x0
             exe-1049896 [000] ..... 1636084.125826: sys_ptrace(request: 1f, pid: 100787, addr: 0, data: 0)
             exe-1049896 [000] ..... 1636084.125838: sys_ptrace -> 0x0
             exe-1049896 [000] ..... 1636084.125842: sys_wait4(upid: 100787, stat_addr: c002e61bf4, options: 40000002, ru: 0)
             exe-1049673 [000] ..... 1636084.125911: sys_nanosleep -> 0x0
             exe-1049673 [000] ..... 1636084.125918: sys_nanosleep(rqtp: c000069f10, rmtp: 0)
             exe-1050503 [001] ..... 1636084.125940: sys_write -> 0x8c
             exe-1049896 [000] ..... 1636084.125977: sys_wait4 -> 0x100787
             exe-1049896 [000] ..... 1636084.125984: sys_ptrace(request: 4204, pid: 100787, addr: 1, data: c002e61c70)
             exe-1049896 [000] ..... 1636084.125991: sys_ptrace -> 0x0
             exe-1049896 [000] ..... 1636084.125996: sys_ptrace(request: 4204, pid: 100787, addr: 202, data: c002e61c70)
             exe-1049896 [000] ..... 1636084.126000: sys_ptrace -> 0x0
             exe-1049896 [000] ..... 1636084.126245: sys_ptrace(request: 4205, pid: 100787, addr: 1, data: c002e61c70)
             exe-1049896 [000] ..... 1636084.126252: sys_ptrace -> 0x0
             exe-1049896 [000] ..... 1636084.126254: sys_ptrace(request: 4205, pid: 100787, addr: 202, data: c002e61c70)
             exe-1049896 [000] ..... 1636084.126276: sys_ptrace -> 0x0
             exe-1049896 [000] ..... 1636084.126279: sys_ptrace(request: 1f, pid: 100787, addr: 0, data: 0)
             exe-1049896 [000] ..... 1636084.126290: sys_ptrace -> 0x0
             exe-1050503 [001] ..... 1636084.126311: sys_renameat2 -> 0xffffffffffffffd9
             exe-1049673 [000] ..... 1636084.126345: sys_nanosleep -> 0x0
             exe-1049567 [002] ..... 1636084.126346: sys_nanosleep -> 0x0
             exe-1049673 [000] ..... 1636084.126354: sys_epoll_pwait(epfd: 10, events: c000069920, maxevents: 80, timeout: 0, sigmask: 0, sigsetsize: 0)
             exe-1049567 [002] ..... 1636084.126356: sys_nanosleep(rqtp: c000069f10, rmtp: 0)
             exe-1049673 [000] ..... 1636084.126363: sys_epoll_pwait -> 0x0
             exe-1049673 [000] ..... 1636084.126368: sys_nanosleep(rqtp: c000069f10, rmtp: 0)
             exe-1049896 [000] ..... 1636084.126407: sys_wait4(upid: 100787, stat_addr: c002e61bf4, options: 40000002, ru: 0)
             exe-1049896 [000] ..... 1636084.126412: sys_wait4 -> 0x100787
             exe-1049896 [000] ..... 1636084.126415: sys_ptrace(request: 4204, pid: 100787, addr: 1, data: c002e61c70)
             exe-1049896 [000] ..... 1636084.126422: sys_ptrace -> 0x0
             exe-1049896 [000] ..... 1636084.126444: sys_ptrace(request: 4204, pid: 100787, addr: 202, data: c002e61c70)
             exe-1049896 [000] ..... 1636084.126449: sys_ptrace -> 0x0
             exe-1049896 [000] ..... 1636084.126472: sys_pwrite64(fd: 63, buf: 7fd66e15af20, count: 8a, pos: 8c)
             exe-1049896 [000] ..... 1636084.126481: tracing_mark_write: renameat2(olddfd=6, oldname="/victims/usr/share/menu", newdfd=6, newname="/victims/proc/self/root/usr/share/X11/locale/ko", flags=0x0) end
             exe-1049896 [000] ..... 1636084.196748: tracing_mark_write: renameat2(olddfd=6, oldname="/victims/etc/sysctl.d/", newdfd=364, newname="/victims/proc/self/root/usr/share/locale/eu/LC_MESSAGES/", flags=0x0) start
             exe-1049896 [000] ..... 1636084.196751: sys_pwrite64 -> 0x96
             exe-1049567 [002] ..... 1636084.196753: sys_nanosleep -> 0x0
             exe-1049896 [000] ..... 1636084.196759: sys_ptrace(request: 4205, pid: 100787, addr: 1, data: c002e61c70)
             exe-1049567 [002] ..... 1636084.196761: sys_nanosleep(rqtp: c000069f10, rmtp: 0)
             exe-1049896 [000] ..... 1636084.196763: sys_ptrace -> 0x0
             exe-1049896 [000] ..... 1636084.196765: sys_ptrace(request: 4205, pid: 100787, addr: 202, data: c002e61c70)
             exe-1049896 [000] ..... 1636084.196781: sys_ptrace -> 0x0
             exe-1049896 [000] ..... 1636084.196783: sys_ptrace(request: 1f, pid: 100787, addr: 0, data: 0)
             exe-1049896 [000] ..... 1636084.196793: sys_ptrace -> 0x0
             exe-1049896 [000] ..... 1636084.196796: sys_wait4(upid: 100787, stat_addr: c002e61bf4, options: 40000002, ru: 0)
             exe-1050503 [001] ..... 1636084.196808: sys_write -> 0x96
             exe-1049896 [000] ..... 1636084.196828: sys_wait4 -> 0x100787
             exe-1049896 [000] ..... 1636084.196832: sys_ptrace(request: 4204, pid: 100787, addr: 1, data: c002e61c70)
             exe-1049896 [000] ..... 1636084.196835: sys_ptrace -> 0x0
             exe-1049896 [000] ..... 1636084.196837: sys_ptrace(request: 4204, pid: 100787, addr: 202, data: c002e61c70)
             exe-1049896 [000] ..... 1636084.196840: sys_ptrace -> 0x0
             exe-1049567 [002] ..... 1636084.196876: sys_nanosleep -> 0x0
             exe-1049567 [002] ..... 1636084.196880: sys_nanosleep(rqtp: c000069f10, rmtp: 0)
             exe-1049567 [002] ..... 1636084.196979: sys_nanosleep -> 0x0
             exe-1049567 [002] ..... 1636084.196982: sys_nanosleep(rqtp: c000069f10, rmtp: 0)
             exe-1049896 [000] ..... 1636084.197042: sys_futex(uaddr: 7fd66a44d000, op: 1, val: 1, utime: 0, uaddr2: 0, val3: 0)
             exe-1049896 [000] .N... 1636084.197056: sys_futex -> 0x1
             exe-1049688 [000] ..... 1636084.197069: sys_futex -> 0x0
             exe-1049688 [000] ..... 1636084.197096: sys_openat(dfd: 1304, filename: c000600fe0, flags: a0800, mode: 0)
             exe-1049567 [002] ..... 1636084.197096: sys_nanosleep -> 0x0
             exe-1049567 [002] ..... 1636084.197099: sys_nanosleep(rqtp: c000069f10, rmtp: 0)
             exe-1049688 [000] ..... 1636084.197156: sys_openat -> 0xc13
             exe-1049688 [000] ..... 1636084.197159: sys_newfstat(fd: c13, statbuf: c0004c5638)
             exe-1049688 [000] ..... 1636084.197164: sys_newfstat -> 0x0
             exe-1049688 [000] ..... 1636084.197184: sys_futex(uaddr: 7febabcd3000, op: 1, val: 1, utime: 0, uaddr2: 0, val3: 0)
             exe-1049688 [000] ..... 1636084.197187: sys_futex -> 0x0
             exe-1049688 [000] ..... 1636084.197194: sys_futex(uaddr: 7febabcd3000, op: 0, val: 0, utime: 0, uaddr2: 0, val3: 0)
             exe-1049567 [002] ..... 1636084.197253: sys_nanosleep -> 0x0
             exe-1049567 [002] ..... 1636084.197256: sys_nanosleep(rqtp: c000069f10, rmtp: 0)
             exe-1049896 [000] ..... 1636084.197282: sys_futex(uaddr: 7fd66a44d000, op: 1, val: 1, utime: 0, uaddr2: 0, val3: 0)
             exe-1049896 [000] .N... 1636084.197294: sys_futex -> 0x1
             exe-1049688 [000] ..... 1636084.197304: sys_futex -> 0x0
             exe-1049688 [000] ..... 1636084.197320: sys_openat(dfd: 16, filename: c000600ff0, flags: 80000, mode: 0)
             exe-1049688 [000] ..... 1636084.197382: sys_openat -> 0xc17
