             exe-1049688 [000] ..... 1636084.197393: sys_futex(uaddr: 7febabcd3000, op: 1, val: 1, utime: 0, uaddr2: 0, val3: 0)
             exe-1049688 [000] ..... 1636084.197395: sys_futex -> 0x0
             exe-1049688 [000] ..... 1636084.197397: sys_futex(uaddr: 7febabcd3000, op: 0, val: 0, utime: 0, uaddr2: 0, val3: 0)
             exe-1049896 [000] ..... 1636084.197438: sys_futex(uaddr: 7fd66a44d000, op: 1, val: 1, utime: 0, uaddr2: 0, val3: 0)
             exe-1049896 [000] .N... 1636084.197447: sys_futex -> 0x1
             exe-1049688 [000] ..... 1636084.197456: sys_futex -> 0x0
             exe-1049688 [000] ..... 1636084.197468: sys_lseek(fd: c17, offset: 0, whence: 0)
             exe-1049688 [000] ..... 1636084.197472: sys_lseek -> 0x0
             exe-1049688 [000] ..... 1636084.197476: sys_getdents64(fd: c17, dirent: c0004c3c60, count: 2000)
             exe-1049567 [002] ..... 1636084.197490: sys_nanosleep -> 0x0
             exe-1049567 [002] ..... 1636084.197493: sys_nanosleep(rqtp: c000069f10, rmtp: 0)
             exe-1049688 [000] ..... 1636084.197529: sys_getdents64 -> 0x30
             exe-1049688 [000] ..... 1636084.197534: sys_getdents64(fd: c17, dirent: c0004c3c60, count: 2000)
             exe-1049688 [000] ..... 1636084.197536: sys_getdents64 -> 0x0
             exe-1049688 [000] ..... 1636084.197541: sys_futex(uaddr: 7febabcd3000, op: 1, val: 1, utime: 0, uaddr2: 0, val3: 0)
             exe-1049688 [000] ..... 1636084.197543: sys_futex -> 0x0
             exe-1049688 [000] ..... 1636084.197544: sys_futex(uaddr: 7febabcd3000, op: 0, val: 0, utime: 0, uaddr2: 0, val3: 0)
             exe-1049673 [000] ..... 1636084.197604: sys_nanosleep -> 0x0
             exe-1049673 [000] ..... 1636084.197612: sys_nanosleep(rqtp: c000069f10, rmtp: 0)
             exe-1049673 [000] ..... 1636084.197718: sys_nanosleep -> 0x0
             exe-1049673 [000] ..... 1636084.197725: sys_nanosleep(rqtp: c000069f10, rmtp: 0)
             exe-1049673 [000] ..... 1636084.197832: sys_nanosleep -> 0x0
             exe-1049673 [000] ..... 1636084.197838: sys_nanosleep(rqtp: c000069f10, rmtp: 0)
             exe-1049567 [002] ..... 1636084.197887: sys_nanosleep -> 0x0
             exe-1049567 [002] ..... 1636084.197890: sys_nanosleep(rqtp: c000069f10, rmtp: 0)
             exe-1049673 [000] ..... 1636084.197942: sys_nanosleep -> 0x0
             exe-1049673 [000] ..... 1636084.197949: sys_nanosleep(rqtp: c000069f10, rmtp: 0)
             exe-1049673 [000] ..... 1636084.198061: sys_nanosleep -> 0x0
             exe-1049673 [000] ..... 1636084.198068: sys_nanosleep(rqtp: c000069f10, rmtp: 0)
             exe-1049673 [000] ..... 1636084.198175: sys_nanosleep -> 0x0
             exe-1049673 [000] ..... 1636084.198182: sys_nanosleep(rqtp: c000069f10, rmtp: 0)
             exe-1049673 [000] ..... 1636084.198291: sys_nanosleep -> 0x0
             exe-1049673 [000] ..... 1636084.198298: sys_nanosleep(rqtp: c000069f10, rmtp: 0)
             exe-1049896 [000] ..... 1636084.198340: sys_ptrace(request: 4205, pid: 100787, addr: 1, data: c002e61c70)
             exe-1049896 [000] ..... 1636084.198346: sys_ptrace -> 0x0
             exe-1049896 [000] ..... 1636084.198348: sys_ptrace(request: 4205, pid: 100787, addr: 202, data: c002e61c70)
             exe-1049896 [000] ..... 1636084.198367: sys_ptrace -> 0x0
             exe-1049896 [000] ..... 1636084.198369: sys_ptrace(request: 1f, pid: 100787, addr: 0, data: 0)
             exe-1049896 [000] .N... 1636084.198409: sys_ptrace -> 0x0
             exe-1049673 [000] ..... 1636084.198422: sys_nanosleep -> 0x0
             exe-1049673 [000] ..... 1636084.198457: sys_epoll_pwait(epfd: 10, events: c000069920, maxevents: 80, timeout: 0, sigmask: 0, sigsetsize: 0)
             exe-1049673 [000] ..... 1636084.198461: sys_epoll_pwait -> 0x0
             exe-1049673 [000] ..... 1636084.198464: sys_nanosleep(rqtp: c000069f10, rmtp: 0)
             exe-1050503 [001] ..... 1636084.198476: sys_renameat2 -> 0x0
             exe-1049896 [000] ..... 1636084.198497: sys_wait4(upid: 100787, stat_addr: c002e61bf4, options: 40000002, ru: 0)
             exe-1049896 [000] ..... 1636084.198501: sys_wait4 -> 0x100787
             exe-1049896 [000] ..... 1636084.198505: sys_ptrace(request: 4204, pid: 100787, addr: 1, data: c002e61c70)
             exe-1049896 [000] ..... 1636084.198511: sys_ptrace -> 0x0
             exe-1049896 [000] ..... 1636084.198514: sys_ptrace(request: 4204, pid: 100787, addr: 202, data: c002e61c70)
             exe-1049896 [000] ..... 1636084.198518: sys_ptrace -> 0x0
             exe-1049896 [000] ..... 1636084.198536: sys_pwrite64(fd: 63, buf: 7fd66e15af20, count: 94, pos: 96)
             exe-1049673 [000] ..... 1636084.198578: sys_nanosleep -> 0x0
             exe-1049673 [000] ..... 1636084.198585: sys_nanosleep(rqtp: c000069f10, rmtp: 0)
             exe-1049567 [002] ..... 1636084.198606: sys_nanosleep -> 0x0
             exe-1049896 [000] ..... 1636084.198607: tracing_mark_write: renameat2(olddfd=6, oldname="/victims/etc/sysctl.d/", newdfd=364, newname="/victims/proc/self/root/usr/share/locale/eu/LC_MESSAGES/", flags=0x0) end
             exe-1049896 [000] ..... 1636084.266622: tracing_mark_write: renameat2(olddfd=6, oldname="/victims/proc/self/root/usr/share/doc/bash", newdfd=6, newname="/victims/proc/self/root/usr/include/protocols", flags=0x0) start
             exe-1049896 [000] ..... 1636084.266624: sys_pwrite64 -> 0x9d
             exe-1049896 [000] ..... 1636084.266634: sys_ptrace(request: 4205, pid: 100787, addr: 1, data: c002e61c70)
             exe-1049896 [000] ..... 1636084.266638: sys_ptrace -> 0x0
             exe-1049896 [000] ..... 1636084.266640: sys_ptrace(request: 4205, pid: 100787, addr: 202, data: c002e61c70)
             exe-1049896 [000] ..... 1636084.266657: sys_ptrace -> 0x0
             exe-1049896 [000] ..... 1636084.266659: sys_ptrace(request: 1f, pid: 100787, addr: 0, data: 0)
             exe-1049896 [000] .N... 1636084.266672: sys_ptrace -> 0x0
             exe-1050503 [000] ..... 1636084.266685: sys_write -> 0x9d
             exe-1049896 [000] ..... 1636084.266712: sys_wait4(upid: 100787, stat_addr: c002e61bf4, options: 40000002, ru: 0)
             exe-1049896 [000] ..... 1636084.266716: sys_wait4 -> 0x100787
             exe-1049896 [000] ..... 1636084.266720: sys_ptrace(request: 4204, pid: 100787, addr: 1, data: c002e61c70)
             exe-1049896 [000] ..... 1636084.266726: sys_ptrace -> 0x0
             exe-1049896 [000] ..... 1636084.266728: sys_ptrace(request: 4204, pid: 100787, addr: 202, data: c002e61c70)
             exe-1049896 [000] ..... 1636084.266731: sys_ptrace -> 0x0
             exe-1049896 [000] ..... 1636084.266944: sys_futex(uaddr: 7fd66a44d000, op: 1, val: 1, utime: 0, uaddr2: 0, val3: 0)
             exe-1049896 [000] .N... 1636084.266968: sys_futex -> 0x1
             exe-1049688 [000] ..... 1636084.266983: sys_futex -> 0x0
             exe-1049688 [000] ..... 1636084.267007: sys_openat(dfd: 306, filename: c0006010a0, flags: a0800, mode: 0)
             exe-1049688 [000] ..... 1636084.267090: sys_openat -> 0xc1e
             exe-1049688 [000] ..... 1636084.267096: sys_newfstat(fd: c1e, statbuf: c0004c5638)
             exe-1049688 [000] ..... 1636084.267101: sys_newfstat -> 0x0
             exe-1049688 [000] ..... 1636084.267120: sys_futex(uaddr: 7febabcd3000, op: 1, val: 1, utime: 0, uaddr2: 0, val3: 0)
             exe-1049688 [000] ..... 1636084.267124: sys_futex -> 0x0
             exe-1049688 [000] ..... 1636084.267127: sys_futex(uaddr: 7febabcd3000, op: 0, val: 0, utime: 0, uaddr2: 0, val3: 0)
             exe-1049567 [000] ..... 1636084.267150: sys_nanosleep -> 0x0
             exe-1049567 [000] ..... 1636084.267158: sys_getpid()
             exe-1049567 [000] ..... 1636084.267160: sys_getpid -> 0x1003ce
             exe-1049567 [000] ..... 1636084.267163: sys_tgkill(tgid: 1003ce, pid: 100528, sig: 17)
             exe-1049567 [000] ..... 1636084.267172: sys_tgkill -> 0x0
             exe-1049567 [000] ..... 1636084.267175: sys_nanosleep(rqtp: c000069f10, rmtp: 0)
             exe-1049722 [002] ..... 1636084.267195: sys_epoll_pwait -> 0x0
             exe-1049896 [000] ..... 1636084.267200: sys_rt_sigreturn()
             exe-1049722 [002] ..... 1636084.267217: sys_futex(uaddr: c00097a548, op: 81, val: 1, utime: 0, uaddr2: 0, val3: 0)
             exe-1049722 [002] ..... 1636084.267227: sys_futex -> 0x1
             exe-1049722 [002] ..... 1636084.267244: sys_epoll_pwait(epfd: 11, events: c000409840, maxevents: 80, timeout: 9, sigmask: 0, sigsetsize: 0)
             exe-1049981 [002] ..... 1636084.267257: sys_futex -> 0x0
             exe-1049981 [002] ..... 1636084.267263: sys_futex(uaddr: c00097a548, op: 80, val: 0, utime: 0, uaddr2: 0, val3: 0)
             exe-1049896 [000] ..... 1636084.267317: sys_ptrace(request: 4205, pid: 100787, addr: 1, data: c002e61c70)
             exe-1049896 [000] ..... 1636084.267324: sys_ptrace -> 0x0
             exe-1049896 [000] ..... 1636084.267328: sys_ptrace(request: 4205, pid: 100787, addr: 202, data: c002e61c70)
             exe-1049896 [000] ..... 1636084.267353: sys_ptrace -> 0x0
             exe-1049896 [000] ..... 1636084.267356: sys_ptrace(request: 1f, pid: 100787, addr: 0, data: 0)
             exe-1049896 [000] .N... 1636084.267367: sys_ptrace -> 0x0
             exe-1050503 [000] ..... 1636084.267382: sys_renameat2 -> 0xffffffffffffffd9
             exe-1049896 [000] ..... 1636084.267412: sys_wait4(upid: 100787, stat_addr: c002e61bf4, options: 40000002, ru: 0)
             exe-1049896 [000] ..... 1636084.267416: sys_wait4 -> 0x100787
             exe-1049896 [000] ..... 1636084.267420: sys_ptrace(request: 4204, pid: 100787, addr: 1, data: c002e61c70)
             exe-1049896 [000] ..... 1636084.267425: sys_ptrace -> 0x0
             exe-1049896 [000] ..... 1636084.267428: sys_ptrace(request: 4204, pid: 100787, addr: 202, data: c002e61c70)
             exe-1049896 [000] ..... 1636084.267432: sys_ptrace -> 0x0
             exe-1049896 [000] ..... 1636084.267452: sys_pwrite64(fd: 63, buf: 7fd66e15af20, count: 9b, pos: 9d)
             exe-1049896 [000] ..... 1636084.267457: tracing_mark_write: renameat2(olddfd=6, oldname="/victims/proc/self/root/usr/share/doc/bash", newdfd=6, newname="/victims/proc/self/root/usr/include/protocols", flags=0x0) end
             exe-1049896 [000] ..... 1636084.333752: tracing_mark_write: renameat2(olddfd=6, oldname="/victims/proc/self/root/srv", newdfd=376, newname="/victims/usr", flags=0x0) start
             exe-1049896 [000] ..... 1636084.333754: sys_pwrite64 -> 0x6f
             exe-1049673 [000] ..... 1636084.333794: sys_nanosleep -> 0x0
             exe-1049673 [000] ..... 1636084.333801: sys_nanosleep(rqtp: c000069f10, rmtp: 0)
             exe-1049896 [000] ..... 1636084.333840: sys_ptrace(request: 4205, pid: 100787, addr: 1, data: c002e61c70)
             exe-1049896 [000] ..... 1636084.333845: sys_ptrace -> 0x0
             exe-1049896 [000] ..... 1636084.333847: sys_ptrace(request: 4205, pid: 100787, addr: 202, data: c002e61c70)
             exe-1049896 [000] ..... 1636084.333863: sys_ptrace -> 0x0
             exe-1049896 [000] ..... 1636084.333865: sys_ptrace(request: 1f, pid: 100787, addr: 0, data: 0)
             exe-1049896 [000] .N... 1636084.333899: sys_ptrace -> 0x0
             exe-1050503 [000] ..... 1636084.333915: sys_write -> 0x6f
             exe-1049673 [000] ..... 1636084.333939: sys_nanosleep -> 0x0
             exe-1049673 [000] ..... 1636084.333946: sys_nanosleep(rqtp: c000069f10, rmtp: 0)
             exe-1049567 [000] ..... 1636084.333975: sys_nanosleep -> 0x0
             exe-1049567 [000] ..... 1636084.333982: sys_nanosleep(rqtp: c000069f10, rmtp: 0)
             exe-1049896 [000] ..... 1636084.333996: sys_wait4(upid: 100787, stat_addr: c002e61bf4, options: 40000002, ru: 0)
             exe-1049896 [000] ..... 1636084.333999: sys_wait4 -> 0x100787
             exe-1049896 [000] ..... 1636084.334002: sys_ptrace(request: 4204, pid: 100787, addr: 1, data: c002e61c70)
             exe-1049896 [000] ..... 1636084.334007: sys_ptrace -> 0x0
             exe-1049896 [000] ..... 1636084.334009: sys_ptrace(request: 4204, pid: 100787, addr: 202, data: c002e61c70)
             exe-1049896 [000] ..... 1636084.334012: sys_ptrace -> 0x0
             exe-1049673 [000] ..... 1636084.334079: sys_nanosleep -> 0x0
             exe-1049673 [000] ..... 1636084.334086: sys_nanosleep(rqtp: c000069f10, rmtp: 0)
             exe-1049673 [000] ..... 1636084.334258: sys_nanosleep -> 0x0
             exe-1049673 [000] ..... 1636084.334265: sys_nanosleep(rqtp: c000069f10, rmtp: 0)
             exe-1049896 [000] ..... 1636084.334324: sys_ptrace(request: 4205, pid: 100787, addr: 1, data: c002e61c70)
             exe-1049896 [000] ..... 1636084.334329: sys_ptrace -> 0x0
             exe-1049896 [000] ..... 1636084.334331: sys_ptrace(request: 4205, pid: 100787, addr: 202, data: c002e61c70)
             exe-1049896 [000] ..... 1636084.334353: sys_ptrace -> 0x0
             exe-1049896 [000] ..... 1636084.334355: sys_ptrace(request: 1f, pid: 100787, addr: 0, data: 0)
             exe-1049896 [000] .N... 1636084.334365: sys_ptrace -> 0x0
             exe-1050503 [000] ..... 1636084.334379: sys_renameat2 -> 0xffffffffffffffd9
             exe-1049896 [000] ..... 1636084.334406: sys_wait4(upid: 100787, stat_addr: c002e61bf4, options: 40000002, ru: 0)
             exe-1049896 [000] ..... 1636084.334409: sys_wait4 -> 0x100787
             exe-1049896 [000] ..... 1636084.334411: sys_ptrace(request: 4204, pid: 100787, addr: 1, data: c002e61c70)
             exe-1049896 [000] ..... 1636084.334415: sys_ptrace -> 0x0
             exe-1049896 [000] ..... 1636084.334417: sys_ptrace(request: 4204, pid: 100787, addr: 202, data: c002e61c70)
             exe-1049896 [000] ..... 1636084.334420: sys_ptrace -> 0x0
             exe-1049896 [000] ..... 1636084.334460: sys_pwrite64(fd: 63, buf: 7fd66e15af20, count: 6d, pos: 6f)
             exe-1049896 [000] ..... 1636084.334464: tracing_mark_write: renameat2(olddfd=6, oldname="/victims/proc/self/root/srv", newdfd=376, newname="/victims/usr", flags=0x0) end
             exe-1049896 [000] ..... 1636084.403268: tracing_mark_write: renameat2(olddfd=6, oldname="/victims/usr/share/perl/5.34.0/autodie/exception", newdfd=278, newname="/victims/usr/include/x86_64-linux-gnu/sys/platform", flags=0x0) start
             exe-1049896 [000] ..... 1636084.403270: sys_pwrite64 -> 0xaa
             exe-1049896 [000] ..... 1636084.403277: sys_ptrace(request: 4205, pid: 100787, addr: 1, data: c002e61c70)
             exe-1049896 [000] ..... 1636084.403280: sys_ptrace -> 0x0
             exe-1049896 [000] ..... 1636084.403282: sys_ptrace(request: 4205, pid: 100787, addr: 202, data: c002e61c70)
             exe-1049896 [000] ..... 1636084.403295: sys_ptrace -> 0x0
             exe-1049896 [000] ..... 1636084.403296: sys_ptrace(request: 1f, pid: 100787, addr: 0, data: 0)
             exe-1049896 [000] .N... 1636084.403304: sys_ptrace -> 0x0
             exe-1050503 [000] ..... 1636084.403316: sys_write -> 0xaa
             exe-1049896 [000] ..... 1636084.403337: sys_wait4(upid: 100787, stat_addr: c002e61bf4, options: 40000002, ru: 0)
             exe-1049673 [003] ..... 1636084.403340: sys_nanosleep -> 0x0
             exe-1049896 [000] ..... 1636084.403340: sys_wait4 -> 0x100787
             exe-1049673 [003] ..... 1636084.403342: sys_nanosleep(rqtp: c000069f10, rmtp: 0)
             exe-1049896 [000] ..... 1636084.403342: sys_ptrace(request: 4204, pid: 100787, addr: 1, data: c002e61c70)
             exe-1049896 [000] ..... 1636084.403346: sys_ptrace -> 0x0
             exe-1049896 [000] ..... 1636084.403348: sys_ptrace(request: 4204, pid: 100787, addr: 202, data: c002e61c70)
             exe-1049896 [000] ..... 1636084.403350: sys_ptrace -> 0x0
             exe-1049673 [003] ..... 1636084.403428: sys_nanosleep -> 0x0
             exe-1049673 [003] ..... 1636084.403430: sys_nanosleep(rqtp: c000069f10, rmtp: 0)
             exe-1049673 [003] ..... 1636084.403517: sys_nanosleep -> 0x0
             exe-1049673 [003] ..... 1636084.403519: sys_nanosleep(rqtp: c000069f10, rmtp: 0)
             exe-1049567 [000] ..... 1636084.403536: sys_nanosleep -> 0x0
             exe-1049567 [000] ..... 1636084.403542: sys_nanosleep(rqtp: c000069f10, rmtp: 0)
             exe-1049896 [000] ..... 1636084.403571: sys_ptrace(request: 4205, pid: 100787, addr: 1, data: c002e61c70)
             exe-1049896 [000] ..... 1636084.403576: sys_ptrace -> 0x0
             exe-1049896 [000] ..... 1636084.403577: sys_ptrace(request: 4205, pid: 100787, addr: 202, data: c002e61c70)
             exe-1049896 [000] ..... 1636084.403593: sys_ptrace -> 0x0
             exe-1049896 [000] ..... 1636084.403595: sys_ptrace(request: 1f, pid: 100787, addr: 0, data: 0)
             exe-1049896 [000] .N... 1636084.403600: sys_ptrace -> 0x0
             exe-1049673 [003] ..... 1636084.403606: sys_nanosleep -> 0x0
             exe-1049673 [003] ..... 1636084.403608: sys_nanosleep(rqtp: c000069f10, rmtp: 0)
             exe-1050503 [000] ..... 1636084.403612: sys_renameat2 -> 0xffffffffffffffd9
             exe-1049896 [000] ..... 1636084.403636: sys_wait4(upid: 100787, stat_addr: c002e61bf4, options: 40000002, ru: 0)
             exe-1049896 [000] ..... 1636084.403639: sys_wait4 -> 0x100787
             exe-1049896 [000] ..... 1636084.403642: sys_ptrace(request: 4204, pid: 100787, addr: 1, data: c002e61c70)
             exe-1049896 [000] ..... 1636084.403646: sys_ptrace -> 0x0
             exe-1049896 [000] ..... 1636084.403648: sys_ptrace(request: 4204, pid: 100787, addr: 202, data: c002e61c70)
             exe-1049896 [000] ..... 1636084.403650: sys_ptrace -> 0x0
             exe-1049896 [000] ..... 1636084.403663: sys_pwrite64(fd: 63, buf: 7fd66e15af20, count: a8, pos: aa)
             exe-1049896 [000] ..... 1636084.403666: tracing_mark_write: renameat2(olddfd=6, oldname="/victims/usr/share/perl/5.34.0/autodie/exception", newdfd=278, newname="/victims/usr/include/x86_64-linux-gnu/sys/platform", flags=0x0) end
             exe-1049896 [000] ..... 1636084.466729: tracing_mark_write: renameat2(olddfd=371, oldname="/victims/proc/self/root/usr/share/icons/locolor/32x32/apps", newdfd=371, newname="/victims/proc/self/root/usr/share/vim/registry", flags=0x2f726f6c6f636f6c) start
             exe-1049896 [000] ..... 1636084.466731: sys_pwrite64 -> 0xc1
             exe-1049896 [000] ..... 1636084.466739: sys_ptrace(request: 4205, pid: 100787, addr: 1, data: c002e61c70)
             exe-1049896 [000] ..... 1636084.466743: sys_ptrace -> 0x0
             exe-1049896 [000] ..... 1636084.466744: sys_ptrace(request: 4205, pid: 100787, addr: 202, data: c002e61c70)
             exe-1049896 [000] ..... 1636084.466760: sys_ptrace -> 0x0
             exe-1049896 [000] ..... 1636084.466762: sys_ptrace(request: 1f, pid: 100787, addr: 0, data: 0)
             exe-1049896 [000] .N... 1636084.466768: sys_ptrace -> 0x0
             exe-1049673 [002] ..... 1636084.466778: sys_nanosleep -> 0x0
             exe-1050503 [000] ..... 1636084.466778: sys_write -> 0xc1
             exe-1049673 [002] ..... 1636084.466780: sys_nanosleep(rqtp: c000069f10, rmtp: 0)
             exe-1049896 [000] ..... 1636084.466802: sys_wait4(upid: 100787, stat_addr: c002e61bf4, options: 40000002, ru: 0)
             exe-1049896 [000] ..... 1636084.466806: sys_wait4 -> 0x100787
             exe-1049896 [000] ..... 1636084.466809: sys_ptrace(request: 4204, pid: 100787, addr: 1, data: c002e61c70)
             exe-1049896 [000] ..... 1636084.466813: sys_ptrace -> 0x0
             exe-1049896 [000] ..... 1636084.466815: sys_ptrace(request: 4204, pid: 100787, addr: 202, data: c002e61c70)
             exe-1049896 [000] ..... 1636084.466819: sys_ptrace -> 0x0
             exe-1049673 [002] ..... 1636084.466864: sys_nanosleep -> 0x0
             exe-1049673 [002] ..... 1636084.466866: sys_nanosleep(rqtp: c000069f10, rmtp: 0)
             exe-1049567 [000] ..... 1636084.466925: sys_nanosleep -> 0x0
             exe-1049567 [000] ..... 1636084.466931: sys_nanosleep(rqtp: c000069f10, rmtp: 0)
             exe-1049673 [002] ..... 1636084.466951: sys_nanosleep -> 0x0
             exe-1049673 [002] ..... 1636084.466953: sys_nanosleep(rqtp: c000069f10, rmtp: 0)
             exe-1049896 [000] ..... 1636084.467017: sys_ptrace(request: 4205, pid: 100787, addr: 1, data: c002e61c70)
             exe-1049896 [000] ..... 1636084.467022: sys_ptrace -> 0x0
             exe-1049896 [000] ..... 1636084.467024: sys_ptrace(request: 4205, pid: 100787, addr: 202, data: c002e61c70)
             exe-1049673 [002] ..... 1636084.467037: sys_nanosleep -> 0x0
             exe-1049673 [002] ..... 1636084.467039: sys_nanosleep(rqtp: c000069f10, rmtp: 0)
             exe-1049896 [000] ..... 1636084.467041: sys_ptrace -> 0x0
             exe-1049896 [000] ..... 1636084.467043: sys_ptrace(request: 1f, pid: 100787, addr: 0, data: 0)
             exe-1049896 [000] .N... 1636084.467051: sys_ptrace -> 0x0
             exe-1050503 [000] ..... 1636084.467062: sys_renameat2 -> 0xffffffffffffffea
             exe-1049896 [000] ..... 1636084.467087: sys_wait4(upid: 100787, stat_addr: c002e61bf4, options: 40000002, ru: 0)
             exe-1049896 [000] ..... 1636084.467090: sys_wait4 -> 0x100787
             exe-1049896 [000] ..... 1636084.467093: sys_ptrace(request: 4204, pid: 100787, addr: 1, data: c002e61c70)
             exe-1049896 [000] ..... 1636084.467098: sys_ptrace -> 0x0
             exe-1049896 [000] ..... 1636084.467100: sys_ptrace(request: 4204, pid: 100787, addr: 202, data: c002e61c70)
             exe-1049896 [000] ..... 1636084.467104: sys_ptrace -> 0x0
             exe-1049896 [000] ..... 1636084.467118: sys_pwrite64(fd: 63, buf: 7fd66e15af20, count: bf, pos: c1)
             exe-1049896 [000] ..... 1636084.467121: tracing_mark_write: renameat2(olddfd=371, oldname="/victims/proc/self/root/usr/share/icons/locolor/32x32/apps", newdfd=371, newname="/victims/proc/self/root/usr/share/vim/registry", flags=0x2f726f6c6f636f6c) end
             exe-1049896 [000] ..... 1636084.540858: tracing_mark_write: renameat2(olddfd=360, oldname="/victims/proc/self/root/usr/share/vim/vim82/lang/ga/LC_MESSAGES/", newdfd=357, newname="/victims/proc/self/root/usr/share/doc/passwd", flags=0x2f726f6c6f636f6c) start
             exe-1049896 [000] ..... 1636084.540860: sys_pwrite64 -> 0xc5
             exe-1049896 [000] ..... 1636084.540869: sys_ptrace(request: 4205, pid: 100787, addr: 1, data: c002e61c70)
             exe-1049896 [000] ..... 1636084.540873: sys_ptrace -> 0x0
             exe-1049673 [002] ..... 1636084.540875: sys_nanosleep -> 0x0
             exe-1049896 [000] ..... 1636084.540875: sys_ptrace(request: 4205, pid: 100787, addr: 202, data: c002e61c70)
             exe-1049673 [002] ..... 1636084.540877: sys_nanosleep(rqtp: c000069f10, rmtp: 0)
             exe-1049896 [000] ..... 1636084.540891: sys_ptrace -> 0x0
             exe-1049896 [000] ..... 1636084.540894: sys_ptrace(request: 1f, pid: 100787, addr: 0, data: 0)
             exe-1049896 [000] .N... 1636084.540906: sys_ptrace -> 0x0
             exe-1049567 [001] ..... 1636084.540919: sys_nanosleep -> 0x0
             exe-1050503 [000] ..... 1636084.540920: sys_write -> 0xc5
             exe-1049567 [001] ..... 1636084.540924: sys_nanosleep(rqtp: c000069f10, rmtp: 0)
             exe-1049896 [000] ..... 1636084.540943: sys_wait4(upid: 100787, stat_addr: c002e61bf4, options: 40000002, ru: 0)
             exe-1049896 [000] ..... 1636084.540947: sys_wait4 -> 0x100787
             exe-1049896 [000] ..... 1636084.540949: sys_ptrace(request: 4204, pid: 100787, addr: 1, data: c002e61c70)
             exe-1049896 [000] ..... 1636084.540955: sys_ptrace -> 0x0
             exe-1049896 [000] ..... 1636084.540956: sys_ptrace(request: 4204, pid: 100787, addr: 202, data: c002e61c70)
             exe-1049896 [000] ..... 1636084.540960: sys_ptrace -> 0x0
             exe-1049673 [002] ..... 1636084.540963: sys_nanosleep -> 0x0
             exe-1049673 [002] ..... 1636084.540965: sys_nanosleep(rqtp: c000069f10, rmtp: 0)
             exe-1049567 [001] ..... 1636084.541014: sys_nanosleep -> 0x0
             exe-1049567 [001] ..... 1636084.541016: sys_nanosleep(rqtp: c000069f10, rmtp: 0)
             exe-1049673 [002] ..... 1636084.541049: sys_nanosleep -> 0x0
             exe-1049673 [002] ..... 1636084.541051: sys_nanosleep(rqtp: c000069f10, rmtp: 0)
             exe-1050289 [003] ..... 1636084.541056: sys_epoll_pwait -> 0x0
             exe-1050289 [003] ..... 1636084.541069: sys_epoll_pwait(epfd: 11, events: c0022e5840, maxevents: 80, timeout: 1, sigmask: 0, sigsetsize: 0)
             exe-1049567 [001] ..... 1636084.541105: sys_nanosleep -> 0x0
             exe-1049567 [001] ..... 1636084.541107: sys_nanosleep(rqtp: c000069f10, rmtp: 0)
             exe-1049673 [002] ..... 1636084.541135: sys_nanosleep -> 0x0
             exe-1049673 [002] ..... 1636084.541137: sys_nanosleep(rqtp: c000069f10, rmtp: 0)
             exe-1049567 [001] ..... 1636084.541195: sys_nanosleep -> 0x0
             exe-1049567 [001] ..... 1636084.541197: sys_nanosleep(rqtp: c000069f10, rmtp: 0)
             exe-1049896 [000] ..... 1636084.541211: sys_ptrace(request: 4205, pid: 100787, addr: 1, data: c002e61c70)
             exe-1049896 [000] ..... 1636084.541218: sys_ptrace -> 0x0
             exe-1049896 [000] ..... 1636084.541220: sys_ptrace(request: 4205, pid: 100787, addr: 202, data: c002e61c70)
             exe-1049673 [002] ..... 1636084.541221: sys_nanosleep -> 0x0
             exe-1049673 [002] ..... 1636084.541223: sys_nanosleep(rqtp: c000069f10, rmtp: 0)
             exe-1049896 [000] ..... 1636084.541240: sys_ptrace -> 0x0
             exe-1049896 [000] ..... 1636084.541242: sys_ptrace(request: 1f, pid: 100787, addr: 0, data: 0)
             exe-1049896 [000] .N... 1636084.541256: sys_ptrace -> 0x0
             exe-1050503 [000] ..... 1636084.541267: sys_renameat2 -> 0xffffffffffffffea
             exe-1049567 [001] ..... 1636084.541285: sys_nanosleep -> 0x0
             exe-1049567 [001] ..... 1636084.541287: sys_nanosleep(rqtp: c000069f10, rmtp: 0)
             exe-1049896 [000] ..... 1636084.541289: sys_wait4(upid: 100787, stat_addr: c002e61bf4, options: 40000002, ru: 0)
             exe-1049896 [000] ..... 1636084.541292: sys_wait4 -> 0x100787
             exe-1049896 [000] ..... 1636084.541294: sys_ptrace(request: 4204, pid: 100787, addr: 1, data: c002e61c70)
             exe-1049896 [000] ..... 1636084.541298: sys_ptrace -> 0x0
             exe-1049896 [000] ..... 1636084.541299: sys_ptrace(request: 4204, pid: 100787, addr: 202, data: c002e61c70)
             exe-1049896 [000] ..... 1636084.541301: sys_ptrace -> 0x0
             exe-1049673 [002] ..... 1636084.541307: sys_nanosleep -> 0x0
             exe-1049673 [002] ..... 1636084.541309: sys_nanosleep(rqtp: c000069f10, rmtp: 0)
             exe-1049896 [000] ..... 1636084.541314: sys_pwrite64(fd: 63, buf: 7fd66e15af20, count: c3, pos: c5)
             exe-1049896 [000] ..... 1636084.541317: tracing_mark_write: renameat2(olddfd=360, oldname="/victims/proc/self/root/usr/share/vim/vim82/lang/ga/LC_MESSAGES/", newdfd=357, newname="/victims/proc/self/root/usr/share/doc/passwd", flags=0x2f726f6c6f636f6c) end
             exe-1049896 [000] ..... 1636084.600631: tracing_mark_write: renameat2(olddfd=360, oldname="/victims/usr/share/man/man5/", newdfd=9, newname=".//victims/proc/self/root/usr/share/vim/vim82/autoload/", flags=0x2f726f6c6f636f6c) start
             exe-1049896 [000] ..... 1636084.600633: sys_pwrite64 -> 0xaa
             exe-1049896 [000] ..... 1636084.600639: sys_ptrace(request: 4205, pid: 100787, addr: 1, data: c002e61c70)
             exe-1049896 [000] ..... 1636084.600641: sys_ptrace -> 0x0
             exe-1049896 [000] ..... 1636084.600642: sys_ptrace(request: 4205, pid: 100787, addr: 202, data: c002e61c70)
             exe-1049896 [000] ..... 1636084.600652: sys_ptrace -> 0x0
             exe-1049896 [000] ..... 1636084.600653: sys_ptrace(request: 1f, pid: 100787, addr: 0, data: 0)
             exe-1049896 [000] .N... 1636084.600659: sys_ptrace -> 0x0
             exe-1050503 [000] ..... 1636084.600668: sys_write -> 0xaa
             exe-1049896 [000] ..... 1636084.600686: sys_wait4(upid: 100787, stat_addr: c002e61bf4, options: 40000002, ru: 0)
             exe-1049896 [000] ..... 1636084.600689: sys_wait4 -> 0x100787
             exe-1049896 [000] ..... 1636084.600691: sys_ptrace(request: 4204, pid: 100787, addr: 1, data: c002e61c70)
             exe-1049896 [000] ..... 1636084.600694: sys_ptrace -> 0x0
             exe-1049896 [000] ..... 1636084.600695: sys_ptrace(request: 4204, pid: 100787, addr: 202, data: c002e61c70)
             exe-1049896 [000] ..... 1636084.600697: sys_ptrace -> 0x0
             exe-1049567 [001] ..... 1636084.600728: sys_nanosleep -> 0x0
             exe-1049567 [001] ..... 1636084.600737: sys_nanosleep(rqtp: c000069f10, rmtp: 0)
             exe-1049896 [000] ..... 1636084.600743: sys_ptrace(request: 4205, pid: 100787, addr: 1, data: c002e61c70)
             exe-1049896 [000] ..... 1636084.600745: sys_ptrace -> 0x0
             exe-1049896 [000] ..... 1636084.600747: sys_ptrace(request: 4205, pid: 100787, addr: 202, data: c002e61c70)
             exe-1049896 [000] ..... 1636084.600757: sys_ptrace -> 0x0
             exe-1049896 [000] ..... 1636084.600758: sys_ptrace(request: 1f, pid: 100787, addr: 0, data: 0)
             exe-1049673 [001] ..... 1636084.600762: sys_nanosleep(rqtp: c000069f10, rmtp: 0)
             exe-1049896 [000] .N... 1636084.600765: sys_ptrace -> 0x0
             exe-1050503 [000] ..... 1636084.600773: sys_renameat2 -> 0xffffffffffffffec
             exe-1049896 [000] ..... 1636084.600791: sys_wait4(upid: 100787, stat_addr: c002e61bf4, options: 40000002, ru: 0)
             exe-1049896 [000] ..... 1636084.600793: sys_wait4 -> 0x100787
             exe-1049896 [000] ..... 1636084.600795: sys_ptrace(request: 4204, pid: 100787, addr: 1, data: c002e61c70)
             exe-1049896 [000] ..... 1636084.600798: sys_ptrace -> 0x0
             exe-1049896 [000] ..... 1636084.600799: sys_ptrace(request: 4204, pid: 100787, addr: 202, data: c002e61c70)
             exe-1049896 [000] ..... 1636084.600801: sys_ptrace -> 0x0
             exe-1049896 [000] ..... 1636084.600810: sys_pwrite64(fd: 63, buf: 7fd66e15af20, count: a8, pos: aa)
             exe-1049896 [000] ..... 1636084.600812: tracing_mark_write: renameat2(olddfd=360, oldname="/victims/usr/share/man/man5/", newdfd=9, newname=".//victims/proc/self/root/usr/share/vim/vim82/autoload/", flags=0x2f726f6c6f636f6c) end
             exe-1049896 [000] ..... 1636084.656893: tracing_mark_write: renameat2(olddfd=360, oldname="/victims/proc/self/root/usr/lib/x86_64-linux-gnu/perl-base/unicore/lib/Jg", newdfd=279, newname="/victims/usr/share/vim/vim82/syntax", flags=0x2f726f6c6f636f6c) start
             exe-1049896 [000] ..... 1636084.656894: sys_pwrite64 -> 0xc5
             exe-1049673 [001] ..... 1636084.656898: sys_nanosleep(rqtp: c000069f10, rmtp: 0)
             exe-1049896 [000] ..... 1636084.656901: sys_ptrace(request: 4205, pid: 100787, addr: 1, data: c002e61c70)
             exe-1049896 [000] ..... 1636084.656904: sys_ptrace -> 0x0
             exe-1049896 [000] ..... 1636084.656905: sys_ptrace(request: 4205, pid: 100787, addr: 202, data: c002e61c70)
             exe-1049896 [000] ..... 1636084.656916: sys_ptrace -> 0x0
             exe-1049896 [000] ..... 1636084.656918: sys_ptrace(request: 1f, pid: 100787, addr: 0, data: 0)
             exe-1049896 [000] .N... 1636084.656925: sys_ptrace -> 0x0
             exe-1050503 [000] ..... 1636084.656936: sys_write -> 0xc5
             exe-1049896 [000] ..... 1636084.656956: sys_wait4(upid: 100787, stat_addr: c002e61bf4, options: 40000002, ru: 0)
             exe-1049896 [000] ..... 1636084.656958: sys_wait4 -> 0x100787
             exe-1049896 [000] ..... 1636084.656960: sys_ptrace(request: 4204, pid: 100787, addr: 1, data: c002e61c70)
             exe-1049896 [000] ..... 1636084.656964: sys_ptrace -> 0x0
             exe-1049896 [000] ..... 1636084.656966: sys_ptrace(request: 4204, pid: 100787, addr: 202, data: c002e61c70)
             exe-1049896 [000] ..... 1636084.656968: sys_ptrace -> 0x0
             exe-1049567 [001] ..... 1636084.656973: sys_nanosleep -> 0x0
             exe-1049567 [001] ..... 1636084.656978: sys_nanosleep(rqtp: c000069f10, rmtp: 0)
             exe-1049673 [001] ..... 1636084.656998: sys_nanosleep -> 0x0
             exe-1049673 [001] ..... 1636084.657003: sys_nanosleep(rqtp: c000069f10, rmtp: 0)
             exe-1049896 [000] ..... 1636084.657049: sys_ptrace(request: 4205, pid: 100787, addr: 1, data: c002e61c70)
             exe-1049896 [000] ..... 1636084.657053: sys_ptrace -> 0x0
             exe-1049896 [000] ..... 1636084.657055: sys_ptrace(request: 4205, pid: 100787, addr: 202, data: c002e61c70)
             exe-1049896 [000] ..... 1636084.657067: sys_ptrace -> 0x0
             exe-1049896 [000] ..... 1636084.657069: sys_ptrace(request: 1f, pid: 100787, addr: 0, data: 0)
             exe-1049896 [000] .N... 1636084.657077: sys_ptrace -> 0x0
             exe-1049567 [001] ..... 1636084.657082: sys_nanosleep -> 0x0
             exe-1049567 [001] ..... 1636084.657087: sys_nanosleep(rqtp: c000069f10, rmtp: 0)
             exe-1050503 [000] ..... 1636084.657089: sys_renameat2 -> 0xffffffffffffffea
             exe-1049673 [001] ..... 1636084.657108: sys_nanosleep -> 0x0
             exe-1049896 [000] ..... 1636084.657112: sys_wait4(upid: 100787, stat_addr: c002e61bf4, options: 40000002, ru: 0)
             exe-1049673 [001] ..... 1636084.657112: sys_nanosleep(rqtp: c000069f10, rmtp: 0)
             exe-1049896 [000] ..... 1636084.657115: sys_wait4 -> 0x100787
             exe-1049896 [000] ..... 1636084.657117: sys_ptrace(request: 4204, pid: 100787, addr: 1, data: c002e61c70)
             exe-1049896 [000] ..... 1636084.657121: sys_ptrace -> 0x0
             exe-1049896 [000] ..... 1636084.657123: sys_ptrace(request: 4204, pid: 100787, addr: 202, data: c002e61c70)
             exe-1049896 [000] ..... 1636084.657125: sys_ptrace -> 0x0
             exe-1049896 [000] ..... 1636084.657137: sys_pwrite64(fd: 63, buf: 7fd66e15af20, count: c3, pos: c5)
             exe-1049896 [000] ..... 1636084.657139: tracing_mark_write: renameat2(olddfd=360, oldname="/victims/proc/self/root/usr/lib/x86_64-linux-gnu/perl-base/unicore/lib/Jg", newdfd=279, newname="/victims/usr/share/vim/vim82/syntax", flags=0x2f726f6c6f636f6c) end
             exe-1049896 [003] ..... 1636084.730711: tracing_mark_write: renameat2(olddfd=360, oldname="/victims/proc/self/root/usr/share/perl/5.34.0/unicore/lib/EBase", newdfd=360, newname="/victims/proc/self/root/etc/security", flags=0x6e752f302e34332e) start
             exe-1049896 [003] ..... 1636084.730713: sys_pwrite64 -> 0xbc
             exe-1049896 [003] ..... 1636084.730720: sys_ptrace(request: 4205, pid: 100787, addr: 1, data: c002e61c70)
             exe-1049896 [003] ..... 1636084.730722: sys_ptrace -> 0x0
             exe-1049896 [003] ..... 1636084.730724: sys_ptrace(request: 4205, pid: 100787, addr: 202, data: c002e61c70)
             exe-1049896 [003] ..... 1636084.730735: sys_ptrace -> 0x0
             exe-1049896 [003] ..... 1636084.730737: sys_ptrace(request: 1f, pid: 100787, addr: 0, data: 0)
             exe-1049896 [003] .N... 1636084.730746: sys_ptrace -> 0x0
             exe-1050503 [003] ..... 1636084.730757: sys_write -> 0xbc
             exe-1049567 [001] ..... 1636084.730764: sys_nanosleep -> 0x0
             exe-1049567 [001] ..... 1636084.730769: sys_nanosleep(rqtp: c000069f10, rmtp: 0)
             exe-1049896 [003] ..... 1636084.730777: sys_wait4(upid: 100787, stat_addr: c002e61bf4, options: 40000002, ru: 0)
             exe-1049896 [003] ..... 1636084.730779: sys_wait4 -> 0x100787
             exe-1049896 [003] ..... 1636084.730781: sys_ptrace(request: 4204, pid: 100787, addr: 1, data: c002e61c70)
             exe-1049896 [003] ..... 1636084.730785: sys_ptrace -> 0x0
             exe-1049673 [001] ..... 1636084.730786: sys_nanosleep -> 0x0
             exe-1049896 [003] ..... 1636084.730787: sys_ptrace(request: 4204, pid: 100787, addr: 202, data: c002e61c70)
             exe-1049896 [003] ..... 1636084.730789: sys_ptrace -> 0x0
             exe-1049673 [001] ..... 1636084.730791: sys_nanosleep(rqtp: c000069f10, rmtp: 0)
             exe-1049567 [001] ..... 1636084.730880: sys_nanosleep -> 0x0
             exe-1049567 [001] ..... 1636084.730885: sys_nanosleep(rqtp: c000069f10, rmtp: 0)
             exe-1049673 [001] ..... 1636084.730901: sys_nanosleep -> 0x0
             exe-1049673 [001] ..... 1636084.730907: sys_nanosleep(rqtp: c000069f10, rmtp: 0)
             exe-1049896 [003] ..... 1636084.730934: sys_ptrace(request: 4205, pid: 100787, addr: 1, data: c002e61c70)
             exe-1049896 [003] ..... 1636084.730938: sys_ptrace -> 0x0
             exe-1049896 [003] ..... 1636084.730940: sys_ptrace(request: 4205, pid: 100787, addr: 202, data: c002e61c70)
             exe-1049896 [003] ..... 1636084.730954: sys_ptrace -> 0x0
             exe-1049896 [003] ..... 1636084.730956: sys_ptrace(request: 1f, pid: 100787, addr: 0, data: 0)
             exe-1049896 [003] .N... 1636084.730964: sys_ptrace -> 0x0
             exe-1050503 [003] ..... 1636084.730975: sys_renameat2 -> 0xffffffffffffffea
             exe-1049567 [001] ..... 1636084.730995: sys_nanosleep -> 0x0
             exe-1049896 [003] ..... 1636084.730998: sys_wait4(upid: 100787, stat_addr: c002e61bf4, options: 40000002, ru: 0)
             exe-1049567 [001] ..... 1636084.731001: sys_nanosleep(rqtp: c000069f10, rmtp: 0)
             exe-1049896 [003] ..... 1636084.731001: sys_wait4 -> 0x100787
             exe-1049896 [003] ..... 1636084.731003: sys_ptrace(request: 4204, pid: 100787, addr: 1, data: c002e61c70)
             exe-1049896 [003] ..... 1636084.731007: sys_ptrace -> 0x0
             exe-1049896 [003] ..... 1636084.731009: sys_ptrace(request: 4204, pid: 100787, addr: 202, data: c002e61c70)
             exe-1049896 [003] ..... 1636084.731011: sys_ptrace -> 0x0
             exe-1049673 [001] ..... 1636084.731017: sys_nanosleep -> 0x0
             exe-1049673 [001] ..... 1636084.731022: sys_nanosleep(rqtp: c000069f10, rmtp: 0)
             exe-1049896 [003] ..... 1636084.731023: sys_pwrite64(fd: 63, buf: 7fd66e15af20, count: ba, pos: bc)
             exe-1049896 [003] ..... 1636084.731026: tracing_mark_write: renameat2(olddfd=360, oldname="/victims/proc/self/root/usr/share/perl/5.34.0/unicore/lib/EBase", newdfd=360, newname="/victims/proc/self/root/etc/security", flags=0x6e752f302e34332e) end
             exe-1049896 [000] ..... 1636084.808666: tracing_mark_write: renameat2(olddfd=360, oldname="/victims/etc/logcheck", newdfd=289, newname="/victims/proc/self/root/usr/lib/x86_64-linux-gnu/perl-base/auto/List/Util", flags=0x6e752f302e34332e) start
             exe-1049896 [000] ..... 1636084.808668: sys_pwrite64 -> 0xb7
             exe-1049567 [001] ..... 1636084.808670: sys_nanosleep -> 0x0
             exe-1049896 [000] ..... 1636084.808673: sys_ptrace(request: 4205, pid: 100787, addr: 1, data: c002e61c70)
             exe-1049896 [000] ..... 1636084.808675: sys_ptrace -> 0x0
             exe-1049567 [001] ..... 1636084.808676: sys_nanosleep(rqtp: c000069f10, rmtp: 0)
             exe-1049896 [000] ..... 1636084.808677: sys_ptrace(request: 4205, pid: 100787, addr: 202, data: c002e61c70)
             exe-1049896 [000] ..... 1636084.808683: sys_ptrace -> 0x0
             exe-1049896 [000] ..... 1636084.808685: sys_ptrace(request: 1f, pid: 100787, addr: 0, data: 0)
             exe-1049896 [000] ..... 1636084.808691: sys_ptrace -> 0x0
             exe-1049673 [001] ..... 1636084.808692: sys_nanosleep -> 0x0
             exe-1049896 [000] ..... 1636084.808693: sys_wait4(upid: 100787, stat_addr: c002e61bf4, options: 40000002, ru: 0)
             exe-1049673 [001] ..... 1636084.808697: sys_nanosleep(rqtp: c000069f10, rmtp: 0)
             exe-1050503 [003] ..... 1636084.808700: sys_write -> 0xb7
             exe-1049896 [000] ..... 1636084.808714: sys_wait4 -> 0x100787
             exe-1049896 [000] ..... 1636084.808716: sys_ptrace(request: 4204, pid: 100787, addr: 1, data: c002e61c70)
             exe-1049896 [000] ..... 1636084.808719: sys_ptrace -> 0x0
             exe-1049896 [000] ..... 1636084.808720: sys_ptrace(request: 4204, pid: 100787, addr: 202, data: c002e61c70)
             exe-1049896 [000] ..... 1636084.808722: sys_ptrace -> 0x0
             exe-1049567 [001] ..... 1636084.808787: sys_nanosleep -> 0x0
             exe-1049567 [001] ..... 1636084.808794: sys_nanosleep(rqtp: c000069f10, rmtp: 0)
             exe-1049673 [001] ..... 1636084.808820: sys_nanosleep -> 0x0
             exe-1049673 [001] ..... 1636084.808827: sys_nanosleep(rqtp: c000069f10, rmtp: 0)
             exe-1049896 [000] ..... 1636084.808845: sys_ptrace(request: 4205, pid: 100787, addr: 1, data: c002e61c70)
             exe-1049896 [000] ..... 1636084.808849: sys_ptrace -> 0x0
             exe-1049896 [000] ..... 1636084.808851: sys_ptrace(request: 4205, pid: 100787, addr: 202, data: c002e61c70)
             exe-1049896 [000] ..... 1636084.808861: sys_ptrace -> 0x0
             exe-1049896 [000] ..... 1636084.808863: sys_ptrace(request: 1f, pid: 100787, addr: 0, data: 0)
             exe-1049896 [000] ..... 1636084.808870: sys_ptrace -> 0x0
             exe-1049896 [000] ..... 1636084.808872: sys_wait4(upid: 100787, stat_addr: c002e61bf4, options: 40000002, ru: 0)
             exe-1050503 [003] ..... 1636084.808875: sys_renameat2 -> 0xffffffffffffffea
             exe-1049896 [000] ..... 1636084.808896: sys_wait4 -> 0x100787
             exe-1049896 [000] ..... 1636084.808898: sys_ptrace(request: 4204, pid: 100787, addr: 1, data: c002e61c70)
             exe-1049896 [000] ..... 1636084.808901: sys_ptrace -> 0x0
             exe-1049896 [000] ..... 1636084.808903: sys_ptrace(request: 4204, pid: 100787, addr: 202, data: c002e61c70)
             exe-1049896 [000] ..... 1636084.808905: sys_ptrace -> 0x0
             exe-1049896 [000] ..... 1636084.808914: sys_pwrite64(fd: 63, buf: 7fd66e15af20, count: b5, pos: b7)
             exe-1050289 [001] ..... 1636084.808916: sys_epoll_pwait -> 0x0
             exe-1049896 [000] ..... 1636084.808916: tracing_mark_write: renameat2(olddfd=360, oldname="/victims/etc/logcheck", newdfd=289, newname="/victims/proc/self/root/usr/lib/x86_64-linux-gnu/perl-base/auto/List/Util", flags=0x6e752f302e34332e) end
             exe-1049896 [000] ..... 1636084.883143: tracing_mark_write: renameat2(olddfd=376, oldname="/victims/usr/share/man/fr/man1", newdfd=376, newname="/victims/usr/share/locale/ko", flags=0x6e752f302e34332e) start
             exe-1049896 [000] .N... 1636084.883150: sys_pwrite64 -> 0x93
           <...>-1205474 [002] ..... 1636084.883174: sys_futex -> 0xfffffffffffffe00
             exe-1049896 [000] ..... 1636084.883293: sys_ptrace(request: 4205, pid: 100787, addr: 1, data: c002e61c70)
             exe-1049896 [000] ..... 1636084.883297: sys_ptrace -> 0x0
             exe-1049896 [000] ..... 1636084.883299: sys_ptrace(request: 4205, pid: 100787, addr: 202, data: c002e61c70)
             exe-1049896 [000] ..... 1636084.883308: sys_ptrace -> 0x0
             exe-1049896 [000] ..... 1636084.883310: sys_ptrace(request: 1f, pid: 100787, addr: 0, data: 0)
             exe-1049673 [002] ..... 1636084.883317: sys_nanosleep -> 0x0
             exe-1049896 [000] ..... 1636084.883324: sys_ptrace -> 0x0
             exe-1049896 [000] ..... 1636084.883327: sys_wait4(upid: 100787, stat_addr: c002e61bf4, options: 40000002, ru: 0)
             exe-1050503 [002] ..... 1636084.883344: sys_write -> 0x93
             exe-1049896 [000] ..... 1636084.883380: sys_wait4 -> 0x100787
             exe-1049896 [000] ..... 1636084.883382: sys_ptrace(request: 4204, pid: 100787, addr: 1, data: c002e61c70)
             exe-1049896 [000] ..... 1636084.883390: sys_ptrace -> 0x0
             exe-1049896 [000] ..... 1636084.883391: sys_ptrace(request: 4204, pid: 100787, addr: 202, data: c002e61c70)
             exe-1049896 [000] ..... 1636084.883394: sys_ptrace -> 0x0
             exe-1049896 [000] ..... 1636084.883432: sys_ptrace(request: 4205, pid: 100787, addr: 1, data: c002e61c70)
             exe-1049896 [000] ..... 1636084.883436: sys_ptrace -> 0x0
             exe-1049896 [000] ..... 1636084.883437: sys_ptrace(request: 4205, pid: 100787, addr: 202, data: c002e61c70)
             exe-1049673 [002] ..... 1636084.883439: sys_nanosleep(rqtp: c000069f10, rmtp: 0)
             exe-1049896 [000] ..... 1636084.883445: sys_ptrace -> 0x0
             exe-1049896 [000] ..... 1636084.883446: sys_ptrace(request: 1f, pid: 100787, addr: 0, data: 0)
             exe-1049896 [000] ..... 1636084.883453: sys_ptrace -> 0x0
             exe-1049896 [000] ..... 1636084.883455: sys_wait4(upid: 100787, stat_addr: c002e61bf4, options: 40000002, ru: 0)
             exe-1050503 [002] ..... 1636084.883468: sys_renameat2 -> 0xffffffffffffffea
             exe-1049896 [000] ..... 1636084.883486: sys_wait4 -> 0x100787
             exe-1049896 [000] ..... 1636084.883488: sys_ptrace(request: 4204, pid: 100787, addr: 1, data: c002e61c70)
             exe-1049896 [000] ..... 1636084.883497: sys_ptrace -> 0x0
             exe-1049896 [000] ..... 1636084.883498: sys_ptrace(request: 4204, pid: 100787, addr: 202, data: c002e61c70)
             exe-1049896 [000] ..... 1636084.883502: sys_ptrace -> 0x0
             exe-1049896 [000] ..... 1636084.883510: sys_pwrite64(fd: 63, buf: 7fd66e15af20, count: 91, pos: 93)
             exe-1049896 [000] ..... 1636084.883512: tracing_mark_write: renameat2(olddfd=376, oldname="/victims/usr/share/man/fr/man1", newdfd=376, newname="/victims/usr/share/locale/ko", flags=0x6e752f302e34332e) end
             exe-1049896 [001] ..... 1636084.976124: tracing_mark_write: renameat2(olddfd=376, oldname="/victims/proc/1/task", newdfd=376, newname="/victims/proc/self/root/usr/share/locale/et", flags=0x6e752f302e34332e) start
             exe-1049896 [001] ..... 1636084.976125: sys_pwrite64 -> 0x98
             exe-1049673 [002] ..... 1636084.976172: sys_nanosleep -> 0x0
             exe-1049673 [002] ..... 1636084.976175: sys_nanosleep(rqtp: c000069f10, rmtp: 0)
             exe-1049896 [001] ..... 1636084.976247: sys_ptrace(request: 4205, pid: 100787, addr: 1, data: c002e61c70)
             exe-1049896 [001] ..... 1636084.976252: sys_ptrace -> 0x0
             exe-1049896 [001] ..... 1636084.976253: sys_ptrace(request: 4205, pid: 100787, addr: 202, data: c002e61c70)
             exe-1049673 [002] ..... 1636084.976262: sys_nanosleep -> 0x0
             exe-1049673 [002] ..... 1636084.976265: sys_nanosleep(rqtp: c000069f10, rmtp: 0)
             exe-1049896 [001] ..... 1636084.976269: sys_ptrace -> 0x0
             exe-1049896 [001] ..... 1636084.976271: sys_ptrace(request: 1f, pid: 100787, addr: 0, data: 0)
             exe-1049896 [001] ..... 1636084.976282: sys_ptrace -> 0x0
             exe-1049896 [001] ..... 1636084.976285: sys_wait4(upid: 100787, stat_addr: c002e61bf4, options: 40000002, ru: 0)
             exe-1050503 [002] ..... 1636084.976295: sys_write -> 0x98
             exe-1049896 [001] ..... 1636084.976321: sys_wait4 -> 0x100787
             exe-1049896 [001] ..... 1636084.976324: sys_ptrace(request: 4204, pid: 100787, addr: 1, data: c002e61c70)
             exe-1049896 [001] ..... 1636084.976328: sys_ptrace -> 0x0
             exe-1049896 [001] ..... 1636084.976330: sys_ptrace(request: 4204, pid: 100787, addr: 202, data: c002e61c70)
             exe-1049896 [001] ..... 1636084.976332: sys_ptrace -> 0x0
             exe-1049673 [002] ..... 1636084.976364: sys_nanosleep -> 0x0
             exe-1049673 [002] ..... 1636084.976371: sys_nanosleep(rqtp: c000069f10, rmtp: 0)
             exe-1049673 [002] ..... 1636084.976464: sys_nanosleep -> 0x0
             exe-1049673 [002] ..... 1636084.976466: sys_nanosleep(rqtp: c000069f10, rmtp: 0)
             exe-1049896 [001] ..... 1636084.976473: sys_ptrace(request: 4205, pid: 100787, addr: 1, data: c002e61c70)
             exe-1049896 [001] ..... 1636084.976478: sys_ptrace -> 0x0
             exe-1049896 [001] ..... 1636084.976480: sys_ptrace(request: 4205, pid: 100787, addr: 202, data: c002e61c70)
             exe-1049896 [001] ..... 1636084.976493: sys_ptrace -> 0x0
             exe-1049896 [001] ..... 1636084.976495: sys_ptrace(request: 1f, pid: 100787, addr: 0, data: 0)
             exe-1049896 [001] ..... 1636084.976503: sys_ptrace -> 0x0
             exe-1049896 [001] ..... 1636084.976507: sys_wait4(upid: 100787, stat_addr: c002e61bf4, options: 40000002, ru: 0)
             exe-1050503 [002] ..... 1636084.976515: sys_renameat2 -> 0xffffffffffffffea
             exe-1049896 [001] ..... 1636084.976538: sys_wait4 -> 0x100787
             exe-1049896 [001] ..... 1636084.976542: sys_ptrace(request: 4204, pid: 100787, addr: 1, data: c002e61c70)
             exe-1049896 [001] ..... 1636084.976545: sys_ptrace -> 0x0
             exe-1049896 [001] ..... 1636084.976547: sys_ptrace(request: 4204, pid: 100787, addr: 202, data: c002e61c70)
             exe-1049896 [001] ..... 1636084.976549: sys_ptrace -> 0x0
             exe-1049896 [001] ..... 1636084.976562: sys_pwrite64(fd: 63, buf: 7fd66e15af20, count: 96, pos: 98)
             exe-1049896 [001] ..... 1636084.976564: tracing_mark_write: renameat2(olddfd=376, oldname="/victims/proc/1/task", newdfd=376, newname="/victims/proc/self/root/usr/share/locale/et", flags=0x6e752f302e34332e) end
