             exe-1050253 [003] ..... 1636100.478154: sys_write -> 0x81
             exe-1049567 [002] ..... 1636100.478162: sys_nanosleep -> 0x0
             exe-1049567 [002] ..... 1636100.478167: sys_nanosleep(rqtp: c000069f10, rmtp: 0)
             exe-1050233 [000] ..... 1636100.478170: sys_wait4 -> 0x10068d
             exe-1050233 [000] ..... 1636100.478172: sys_ptrace(request: 4204, pid: 10068d, addr: 1, data: c000697c70)
             exe-1050233 [000] ..... 1636100.478175: sys_ptrace -> 0x0
             exe-1050233 [000] ..... 1636100.478176: sys_ptrace(request: 4204, pid: 10068d, addr: 202, data: c000697c70)
             exe-1050233 [000] ..... 1636100.478178: sys_ptrace -> 0x0
             exe-1050233 [000] ..... 1636100.478183: sys_ptrace(request: 4205, pid: 10068d, addr: 1, data: c000697c70)
             exe-1050233 [000] ..... 1636100.478185: sys_ptrace -> 0x0
             exe-1050233 [000] ..... 1636100.478187: sys_ptrace(request: 4205, pid: 10068d, addr: 202, data: c000697c70)
             exe-1050233 [000] ..... 1636100.478192: sys_ptrace -> 0x0
             exe-1050233 [000] ..... 1636100.478194: sys_ptrace(request: 1f, pid: 10068d, addr: 0, data: 0)
             exe-1049673 [001] ..... 1636100.478197: sys_nanosleep -> 0x0
             exe-1049673 [001] ..... 1636100.478199: sys_nanosleep(rqtp: c000069f10, rmtp: 0)
             exe-1050233 [000] ..... 1636100.478202: sys_ptrace -> 0x0
             exe-1050233 [000] ..... 1636100.478204: sys_wait4(upid: 10068d, stat_addr: c000697bf4, options: 40000002, ru: 0)
             exe-1050253 [003] ..... 1636100.478218: sys_request_key -> 0xfffffffffffffff3
             exe-1050233 [000] ..... 1636100.478234: sys_wait4 -> 0x10068d
             exe-1050233 [000] ..... 1636100.478236: sys_ptrace(request: 4204, pid: 10068d, addr: 1, data: c000697c70)
             exe-1050233 [000] ..... 1636100.478238: sys_ptrace -> 0x0
             exe-1050233 [000] ..... 1636100.478239: sys_ptrace(request: 4204, pid: 10068d, addr: 202, data: c000697c70)
             exe-1050233 [000] ..... 1636100.478241: sys_ptrace -> 0x0
             exe-1050233 [000] ..... 1636100.478246: sys_pwrite64(fd: 63, buf: 7fd66ed6a080, count: 7f, pos: 81)
             exe-1050233 [000] ..... 1636100.478248: tracing_mark_write: request_key(_type=0x7fcc85916000, _description=0x7fcc85918000, _callout_info=0x7fcc85918004, destringid=0xfffffffffffffffe) end
             exe-1050233 [000] ..... 1636100.548457: tracing_mark_write: request_key(_type=0x7fcc83d00000, _description=0x7fcc85907000, _callout_info=0x7fcc83600000, destringid=0xfffffffffffffffe) start
             exe-1050233 [000] ..... 1636100.548459: sys_pwrite64 -> 0x81
             exe-1050233 [000] ..... 1636100.548498: sys_ptrace(request: 4205, pid: 10068d, addr: 1, data: c000697c70)
             exe-1050233 [000] ..... 1636100.548501: sys_ptrace -> 0x0
             exe-1050233 [000] ..... 1636100.548503: sys_ptrace(request: 4205, pid: 10068d, addr: 202, data: c000697c70)
             exe-1050233 [000] ..... 1636100.548516: sys_ptrace -> 0x0
             exe-1050233 [000] ..... 1636100.548518: sys_ptrace(request: 1f, pid: 10068d, addr: 0, data: 0)
             exe-1050233 [000] ..... 1636100.548531: sys_ptrace -> 0x0
             exe-1049567 [002] ..... 1636100.548534: sys_nanosleep -> 0x0
             exe-1050233 [000] ..... 1636100.548534: sys_wait4(upid: 10068d, stat_addr: c000697bf4, options: 40000002, ru: 0)
             exe-1049567 [002] ..... 1636100.548541: sys_nanosleep(rqtp: c000069f10, rmtp: 0)
             exe-1050253 [003] ..... 1636100.548548: sys_write -> 0x81
             exe-1049673 [000] ..... 1636100.548550: sys_nanosleep -> 0x0
             exe-1049673 [000] ..... 1636100.548567: sys_nanosleep(rqtp: c000069f10, rmtp: 0)
             exe-1050233 [000] ..... 1636100.548592: sys_wait4 -> 0x10068d
             exe-1050233 [000] ..... 1636100.548598: sys_ptrace(request: 4204, pid: 10068d, addr: 1, data: c000697c70)
             exe-1050233 [000] ..... 1636100.548603: sys_ptrace -> 0x0
             exe-1050233 [000] ..... 1636100.548605: sys_ptrace(request: 4204, pid: 10068d, addr: 202, data: c000697c70)
             exe-1050233 [000] ..... 1636100.548608: sys_ptrace -> 0x0
             exe-1050233 [000] ..... 1636100.548617: sys_ptrace(request: 4205, pid: 10068d, addr: 1, data: c000697c70)
             exe-1050233 [000] ..... 1636100.548620: sys_ptrace -> 0x0
             exe-1050233 [000] ..... 1636100.548621: sys_ptrace(request: 4205, pid: 10068d, addr: 202, data: c000697c70)
             exe-1050233 [000] ..... 1636100.548633: sys_ptrace -> 0x0
             exe-1050233 [000] ..... 1636100.548635: sys_ptrace(request: 1f, pid: 10068d, addr: 0, data: 0)
             exe-1050253 [003] ..... 1636100.548670: sys_request_key -> 0xfffffffffffffff3
             exe-1050233 [000] ..... 1636100.548673: sys_ptrace -> 0x0
             exe-1050233 [000] ..... 1636100.548676: sys_wait4(upid: 10068d, stat_addr: c000697bf4, options: 40000002, ru: 0)
             exe-1050233 [000] ..... 1636100.548678: sys_wait4 -> 0x10068d
             exe-1050233 [000] ..... 1636100.548680: sys_ptrace(request: 4204, pid: 10068d, addr: 1, data: c000697c70)
             exe-1050233 [000] ..... 1636100.548683: sys_ptrace -> 0x0
             exe-1050233 [000] ..... 1636100.548684: sys_ptrace(request: 4204, pid: 10068d, addr: 202, data: c000697c70)
             exe-1050233 [000] ..... 1636100.548686: sys_ptrace -> 0x0
             exe-1050233 [000] ..... 1636100.548701: sys_pwrite64(fd: 63, buf: 7fd66ed6a080, count: 7f, pos: 81)
             exe-1050233 [000] ..... 1636100.548703: tracing_mark_write: request_key(_type=0x7fcc83d00000, _description=0x7fcc85907000, _callout_info=0x7fcc83600000, destringid=0xfffffffffffffffe) end
             exe-1050233 [000] ..... 1636100.612918: tracing_mark_write: request_key(_type=0x7fcc84900000, _description=0x7fcc84900008, _callout_info=0x7fcc84900009, destringid=0xfffffffffffffffe) start
             exe-1050233 [000] ..... 1636100.612920: sys_pwrite64 -> 0x81
             exe-1049673 [000] ..... 1636100.612967: sys_nanosleep -> 0x0
             exe-1049673 [000] ..... 1636100.612974: sys_nanosleep(rqtp: c000069f10, rmtp: 0)
             exe-1050233 [000] ..... 1636100.613001: sys_ptrace(request: 4205, pid: 10068d, addr: 1, data: c000697c70)
             exe-1050233 [000] ..... 1636100.613006: sys_ptrace -> 0x0
             exe-1050233 [000] ..... 1636100.613008: sys_ptrace(request: 4205, pid: 10068d, addr: 202, data: c000697c70)
             exe-1050233 [000] ..... 1636100.613023: sys_ptrace -> 0x0
             exe-1050233 [000] ..... 1636100.613024: sys_ptrace(request: 1f, pid: 10068d, addr: 0, data: 0)
             exe-1050233 [000] ..... 1636100.613040: sys_ptrace -> 0x0
             exe-1050233 [000] ..... 1636100.613044: sys_wait4(upid: 10068d, stat_addr: c000697bf4, options: 40000002, ru: 0)
             exe-1050253 [003] ..... 1636100.613061: sys_write -> 0x81
             exe-1049673 [000] ..... 1636100.613087: sys_nanosleep -> 0x0
             exe-1049673 [000] ..... 1636100.613094: sys_nanosleep(rqtp: c000069f10, rmtp: 0)
             exe-1050233 [000] ..... 1636100.613118: sys_wait4 -> 0x10068d
             exe-1050233 [000] ..... 1636100.613124: sys_ptrace(request: 4204, pid: 10068d, addr: 1, data: c000697c70)
             exe-1050233 [000] ..... 1636100.613130: sys_ptrace -> 0x0
             exe-1050233 [000] ..... 1636100.613133: sys_ptrace(request: 4204, pid: 10068d, addr: 202, data: c000697c70)
             exe-1050233 [000] ..... 1636100.613137: sys_ptrace -> 0x0
             exe-1050233 [000] ..... 1636100.613150: sys_ptrace(request: 4205, pid: 10068d, addr: 1, data: c000697c70)
             exe-1050233 [000] ..... 1636100.613154: sys_ptrace -> 0x0
             exe-1050233 [000] ..... 1636100.613156: sys_ptrace(request: 4205, pid: 10068d, addr: 202, data: c000697c70)
             exe-1049567 [002] ..... 1636100.613203: sys_nanosleep -> 0x0
             exe-1049567 [002] ..... 1636100.613209: sys_nanosleep(rqtp: c000069f10, rmtp: 0)
             exe-1049673 [000] ..... 1636100.613215: sys_nanosleep -> 0x0
             exe-1049673 [000] ..... 1636100.613226: sys_nanosleep(rqtp: c000069f10, rmtp: 0)
             exe-1050233 [000] ..... 1636100.613263: sys_ptrace -> 0x0
             exe-1050233 [000] ..... 1636100.613269: sys_ptrace(request: 1f, pid: 10068d, addr: 0, data: 0)
             exe-1050233 [000] ..... 1636100.613286: sys_ptrace -> 0x0
             exe-1050233 [000] ..... 1636100.613290: sys_wait4(upid: 10068d, stat_addr: c000697bf4, options: 40000002, ru: 0)
             exe-1050253 [003] ..... 1636100.613306: sys_request_key -> 0xfffffffffffffff3
             exe-1049673 [000] ..... 1636100.613335: sys_nanosleep -> 0x0
             exe-1049673 [000] ..... 1636100.613342: sys_nanosleep(rqtp: c000069f10, rmtp: 0)
             exe-1050233 [000] ..... 1636100.613366: sys_wait4 -> 0x10068d
             exe-1050233 [000] ..... 1636100.613373: sys_ptrace(request: 4204, pid: 10068d, addr: 1, data: c000697c70)
             exe-1050233 [000] ..... 1636100.613378: sys_ptrace -> 0x0
             exe-1050233 [000] ..... 1636100.613380: sys_ptrace(request: 4204, pid: 10068d, addr: 202, data: c000697c70)
             exe-1050233 [000] ..... 1636100.613383: sys_ptrace -> 0x0
             exe-1050233 [000] ..... 1636100.613401: sys_pwrite64(fd: 63, buf: 7fd66ed6a080, count: 7f, pos: 81)
             exe-1050233 [000] ..... 1636100.613403: tracing_mark_write: request_key(_type=0x7fcc84900000, _description=0x7fcc84900008, _callout_info=0x7fcc84900009, destringid=0xfffffffffffffffe) end
             exe-1050233 [002] ..... 1636100.689497: tracing_mark_write: request_key(_type=0x7fcc83a00000, _description=0x7fcc85917000, _callout_info=0x7fcc85917008, destringid=0xfffffffffffffffe) start
             exe-1050233 [002] ..... 1636100.689498: sys_pwrite64 -> 0x81
             exe-1050233 [002] ..... 1636100.689505: sys_ptrace(request: 4205, pid: 10068d, addr: 1, data: c000697c70)
             exe-1050233 [002] ..... 1636100.689508: sys_ptrace -> 0x0
             exe-1050233 [002] ..... 1636100.689509: sys_ptrace(request: 4205, pid: 10068d, addr: 202, data: c000697c70)
             exe-1050233 [002] ..... 1636100.689584: sys_ptrace -> 0x0
             exe-1050233 [002] ..... 1636100.689588: sys_ptrace(request: 1f, pid: 10068d, addr: 0, data: 0)
             exe-1050233 [002] ..... 1636100.689598: sys_ptrace -> 0x0
             exe-1050233 [002] ..... 1636100.689601: sys_wait4(upid: 10068d, stat_addr: c000697bf4, options: 40000002, ru: 0)
             exe-1050253 [003] ..... 1636100.689605: sys_write -> 0x81
             exe-1050233 [002] .n... 1636100.689643: sys_wait4 -> 0x10068d
             exe-1050233 [002] ..... 1636100.689682: sys_ptrace(request: 4204, pid: 10068d, addr: 1, data: c000697c70)
             exe-1050233 [002] ..... 1636100.689687: sys_ptrace -> 0x0
             exe-1050233 [002] ..... 1636100.689689: sys_ptrace(request: 4204, pid: 10068d, addr: 202, data: c000697c70)
             exe-1050233 [002] ..... 1636100.689692: sys_ptrace -> 0x0
             exe-1050233 [002] ..... 1636100.689700: sys_ptrace(request: 4205, pid: 10068d, addr: 1, data: c000697c70)
             exe-1050233 [002] ..... 1636100.689702: sys_ptrace -> 0x0
             exe-1050233 [002] ..... 1636100.689703: sys_ptrace(request: 4205, pid: 10068d, addr: 202, data: c000697c70)
             exe-1050233 [002] ..... 1636100.689714: sys_ptrace -> 0x0
             exe-1050233 [002] ..... 1636100.689716: sys_ptrace(request: 1f, pid: 10068d, addr: 0, data: 0)
             exe-1050233 [002] ..... 1636100.689725: sys_ptrace -> 0x0
             exe-1050233 [002] ..... 1636100.689727: sys_wait4(upid: 10068d, stat_addr: c000697bf4, options: 40000002, ru: 0)
             exe-1050253 [003] ..... 1636100.689729: sys_request_key -> 0xfffffffffffffff3
             exe-1050233 [002] ..... 1636100.689792: sys_wait4 -> 0x10068d
             exe-1050233 [002] ..... 1636100.689797: sys_ptrace(request: 4204, pid: 10068d, addr: 1, data: c000697c70)
             exe-1050233 [002] ..... 1636100.689802: sys_ptrace -> 0x0
             exe-1050233 [002] ..... 1636100.689803: sys_ptrace(request: 4204, pid: 10068d, addr: 202, data: c000697c70)
             exe-1050233 [002] ..... 1636100.689806: sys_ptrace -> 0x0
             exe-1050233 [002] ..... 1636100.689820: sys_pwrite64(fd: 63, buf: 7fd66ed6a080, count: 7f, pos: 81)
             exe-1050233 [002] ..... 1636100.689822: tracing_mark_write: request_key(_type=0x7fcc83a00000, _description=0x7fcc85917000, _callout_info=0x7fcc85917008, destringid=0xfffffffffffffffe) end
             exe-1050233 [002] ..... 1636100.772091: tracing_mark_write: request_key(_type=0x7fcc85500000, _description=0x7fcc85917000, _callout_info=0x7fcc84900000, destringid=0xfffffffffffffffe) start
             exe-1050233 [002] ..... 1636100.772093: sys_pwrite64 -> 0x81
             exe-1050233 [002] ..... 1636100.772098: sys_ptrace(request: 4205, pid: 10068d, addr: 1, data: c000697c70)
             exe-1050233 [002] ..... 1636100.772100: sys_ptrace -> 0x0
             exe-1050233 [002] ..... 1636100.772102: sys_ptrace(request: 4205, pid: 10068d, addr: 202, data: c000697c70)
             exe-1049722 [001] ..... 1636100.772103: sys_futex(uaddr: c00097a548, op: 81, val: 1, utime: 0, uaddr2: 0, val3: 0)
             exe-1050233 [002] ..... 1636100.772109: sys_ptrace -> 0x0
             exe-1050233 [002] ..... 1636100.772110: sys_ptrace(request: 1f, pid: 10068d, addr: 0, data: 0)
             exe-1049722 [001] ..... 1636100.772115: sys_futex -> 0x1
             exe-1050233 [002] .N... 1636100.772124: sys_ptrace -> 0x0
             exe-1050253 [003] ..... 1636100.772124: sys_write -> 0x81
           <...>-1049981 [002] ..... 1636100.772128: sys_futex -> 0x0
             exe-1049722 [001] ..... 1636100.772131: sys_epoll_pwait(epfd: 11, events: c000409840, maxevents: 80, timeout: 9, sigmask: 0, sigsetsize: 0)
           <...>-1049981 [002] ..... 1636100.772137: sys_futex(uaddr: c00097a548, op: 80, val: 0, utime: 0, uaddr2: 0, val3: 0)
             exe-1050233 [002] ..... 1636100.772143: sys_wait4(upid: 10068d, stat_addr: c000697bf4, options: 40000002, ru: 0)
             exe-1050233 [002] ..... 1636100.772145: sys_wait4 -> 0x10068d
             exe-1050233 [002] ..... 1636100.772147: sys_ptrace(request: 4204, pid: 10068d, addr: 1, data: c000697c70)
             exe-1050233 [002] ..... 1636100.772149: sys_ptrace -> 0x0
             exe-1050233 [002] ..... 1636100.772151: sys_ptrace(request: 4204, pid: 10068d, addr: 202, data: c000697c70)
             exe-1050233 [002] ..... 1636100.772152: sys_ptrace -> 0x0
             exe-1050233 [002] ..... 1636100.772158: sys_ptrace(request: 4205, pid: 10068d, addr: 1, data: c000697c70)
             exe-1050233 [002] ..... 1636100.772160: sys_ptrace -> 0x0
             exe-1050233 [002] ..... 1636100.772161: sys_ptrace(request: 4205, pid: 10068d, addr: 202, data: c000697c70)
             exe-1050233 [002] ..... 1636100.772167: sys_ptrace -> 0x0
             exe-1050233 [002] ..... 1636100.772168: sys_ptrace(request: 1f, pid: 10068d, addr: 0, data: 0)
             exe-1049673 [000] ..... 1636100.772170: sys_nanosleep -> 0x0
             exe-1049673 [000] ..... 1636100.772172: sys_nanosleep(rqtp: c000069f10, rmtp: 0)
             exe-1050233 [002] ..... 1636100.772174: sys_ptrace -> 0x0
             exe-1050233 [002] ..... 1636100.772176: sys_wait4(upid: 10068d, stat_addr: c000697bf4, options: 40000002, ru: 0)
             exe-1050253 [003] ..... 1636100.772180: sys_request_key -> 0xfffffffffffffff3
             exe-1049567 [002] ..... 1636100.772208: sys_nanosleep -> 0x0
             exe-1049567 [002] ..... 1636100.772212: sys_nanosleep(rqtp: c000069f10, rmtp: 0)
             exe-1050233 [002] ..... 1636100.772219: sys_wait4 -> 0x10068d
             exe-1050233 [002] ..... 1636100.772221: sys_ptrace(request: 4204, pid: 10068d, addr: 1, data: c000697c70)
             exe-1050233 [002] ..... 1636100.772224: sys_ptrace -> 0x0
             exe-1050233 [002] ..... 1636100.772225: sys_ptrace(request: 4204, pid: 10068d, addr: 202, data: c000697c70)
             exe-1050233 [002] ..... 1636100.772227: sys_ptrace -> 0x0
             exe-1050233 [002] ..... 1636100.772233: sys_pwrite64(fd: 63, buf: 7fd66ed6a080, count: 7f, pos: 81)
             exe-1050233 [002] ..... 1636100.772234: tracing_mark_write: request_key(_type=0x7fcc85500000, _description=0x7fcc85917000, _callout_info=0x7fcc84900000, destringid=0xfffffffffffffffe) end
             exe-1050233 [003] ..... 1636100.874306: tracing_mark_write: request_key(_type=0x7fcc83d00000, _description=0x7fcc83d00001, _callout_info=0x7fcc83d00009, destringid=0xfffffffffffffffe) start
             exe-1050233 [003] ..... 1636100.874324: sys_pwrite64 -> 0x81
             exe-1050233 [003] ..... 1636100.874333: sys_ptrace(request: 4205, pid: 10068d, addr: 1, data: c000697c70)
             exe-1050233 [003] ..... 1636100.874336: sys_ptrace -> 0x0
             exe-1050233 [003] ..... 1636100.874337: sys_ptrace(request: 4205, pid: 10068d, addr: 202, data: c000697c70)
             exe-1050233 [003] ..... 1636100.874350: sys_ptrace -> 0x0
             exe-1050233 [003] ..... 1636100.874352: sys_ptrace(request: 1f, pid: 10068d, addr: 0, data: 0)
             exe-1050233 [003] ..... 1636100.874359: sys_ptrace -> 0x0
             exe-1050233 [003] ..... 1636100.874361: sys_wait4(upid: 10068d, stat_addr: c000697bf4, options: 40000002, ru: 0)
             exe-1050253 [003] ..... 1636100.874378: sys_write -> 0x81
             exe-1050233 [003] ..... 1636100.874402: sys_wait4 -> 0x10068d
             exe-1050233 [003] ..... 1636100.874406: sys_ptrace(request: 4204, pid: 10068d, addr: 1, data: c000697c70)
             exe-1050233 [003] ..... 1636100.874410: sys_ptrace -> 0x0
             exe-1050233 [003] ..... 1636100.874412: sys_ptrace(request: 4204, pid: 10068d, addr: 202, data: c000697c70)
             exe-1050233 [003] ..... 1636100.874414: sys_ptrace -> 0x0
             exe-1050233 [003] ..... 1636100.874422: sys_ptrace(request: 4205, pid: 10068d, addr: 1, data: c000697c70)
             exe-1050233 [003] ..... 1636100.874425: sys_ptrace -> 0x0
             exe-1050233 [003] ..... 1636100.874426: sys_ptrace(request: 4205, pid: 10068d, addr: 202, data: c000697c70)
             exe-1050233 [003] ..... 1636100.874437: sys_ptrace -> 0x0
             exe-1050233 [003] ..... 1636100.874438: sys_ptrace(request: 1f, pid: 10068d, addr: 0, data: 0)
             exe-1050233 [003] ..... 1636100.874445: sys_ptrace -> 0x0
             exe-1050233 [003] ..... 1636100.874447: sys_wait4(upid: 10068d, stat_addr: c000697bf4, options: 40000002, ru: 0)
             exe-1050253 [003] ..... 1636100.874460: sys_request_key -> 0xfffffffffffffff3
             exe-1050233 [003] ..... 1636100.874482: sys_wait4 -> 0x10068d
             exe-1050233 [003] ..... 1636100.874486: sys_ptrace(request: 4204, pid: 10068d, addr: 1, data: c000697c70)
             exe-1050233 [003] ..... 1636100.874490: sys_ptrace -> 0x0
             exe-1050233 [003] ..... 1636100.874492: sys_ptrace(request: 4204, pid: 10068d, addr: 202, data: c000697c70)
             exe-1050233 [003] ..... 1636100.874495: sys_ptrace -> 0x0
             exe-1050233 [003] ..... 1636100.874505: sys_pwrite64(fd: 63, buf: 7fd66ed6a080, count: 7f, pos: 81)
             exe-1050233 [003] ..... 1636100.874507: tracing_mark_write: request_key(_type=0x7fcc83d00000, _description=0x7fcc83d00001, _callout_info=0x7fcc83d00009, destringid=0xfffffffffffffffe) end
             exe-1050233 [003] ..... 1636100.964417: tracing_mark_write: request_key(_type=0x7fcc83800000, _description=0x7fcc83800001, _callout_info=0x7fcc85500000, destringid=0xfffffffffffffffe) start
             exe-1050233 [003] ..... 1636100.964419: sys_pwrite64 -> 0x81
             exe-1050233 [003] ..... 1636100.964426: sys_ptrace(request: 4205, pid: 10068d, addr: 1, data: c000697c70)
             exe-1050233 [003] ..... 1636100.964429: sys_ptrace -> 0x0
             exe-1050233 [003] ..... 1636100.964430: sys_ptrace(request: 4205, pid: 10068d, addr: 202, data: c000697c70)
             exe-1050233 [003] ..... 1636100.964448: sys_ptrace -> 0x0
             exe-1050233 [003] ..... 1636100.964450: sys_ptrace(request: 1f, pid: 10068d, addr: 0, data: 0)
             exe-1050233 [003] .N... 1636100.964459: sys_ptrace -> 0x0
             exe-1050253 [003] ..... 1636100.964470: sys_write -> 0x81
             exe-1050233 [003] ..... 1636100.964490: sys_wait4(upid: 10068d, stat_addr: c000697bf4, options: 40000002, ru: 0)
             exe-1050233 [003] ..... 1636100.964492: sys_wait4 -> 0x10068d
             exe-1050233 [003] ..... 1636100.964495: sys_ptrace(request: 4204, pid: 10068d, addr: 1, data: c000697c70)
             exe-1050233 [003] ..... 1636100.964498: sys_ptrace -> 0x0
             exe-1050233 [003] ..... 1636100.964500: sys_ptrace(request: 4204, pid: 10068d, addr: 202, data: c000697c70)
             exe-1050233 [003] ..... 1636100.964502: sys_ptrace -> 0x0
             exe-1050233 [003] ..... 1636100.964510: sys_ptrace(request: 4205, pid: 10068d, addr: 1, data: c000697c70)
             exe-1050233 [003] ..... 1636100.964513: sys_ptrace -> 0x0
             exe-1050233 [003] ..... 1636100.964514: sys_ptrace(request: 4205, pid: 10068d, addr: 202, data: c000697c70)
             exe-1050233 [003] ..... 1636100.964524: sys_ptrace -> 0x0
             exe-1050233 [003] ..... 1636100.964525: sys_ptrace(request: 1f, pid: 10068d, addr: 0, data: 0)
             exe-1050233 [003] .N... 1636100.964532: sys_ptrace -> 0x0
             exe-1050253 [003] ..... 1636100.964543: sys_request_key -> 0xfffffffffffffff3
             exe-1050233 [003] ..... 1636100.964562: sys_wait4(upid: 10068d, stat_addr: c000697bf4, options: 40000002, ru: 0)
             exe-1050233 [003] ..... 1636100.964565: sys_wait4 -> 0x10068d
             exe-1050233 [003] ..... 1636100.964567: sys_ptrace(request: 4204, pid: 10068d, addr: 1, data: c000697c70)
             exe-1050233 [003] ..... 1636100.964571: sys_ptrace -> 0x0
             exe-1050233 [003] ..... 1636100.964572: sys_ptrace(request: 4204, pid: 10068d, addr: 202, data: c000697c70)
             exe-1050233 [003] ..... 1636100.964575: sys_ptrace -> 0x0
             exe-1050233 [003] ..... 1636100.964586: sys_pwrite64(fd: 63, buf: 7fd66ed6a080, count: 7f, pos: 81)
             exe-1050233 [003] ..... 1636100.964588: tracing_mark_write: request_key(_type=0x7fcc83800000, _description=0x7fcc83800001, _callout_info=0x7fcc85500000, destringid=0xfffffffffffffffe) end
             exe-1050233 [003] ..... 1636101.027320: tracing_mark_write: request_key(_type=0x7fcc85907000, _description=0x7fcc85500000, _callout_info=0x7fcc85500008, destringid=0xfffffffffffffffe) start
             exe-1050233 [003] ..... 1636101.027321: sys_pwrite64 -> 0x81
             exe-1050233 [003] ..... 1636101.027328: sys_ptrace(request: 4205, pid: 10068d, addr: 1, data: c000697c70)
             exe-1049673 [002] ..... 1636101.027328: sys_nanosleep -> 0x0
             exe-1050233 [003] ..... 1636101.027330: sys_ptrace -> 0x0
             exe-1050233 [003] ..... 1636101.027332: sys_ptrace(request: 4205, pid: 10068d, addr: 202, data: c000697c70)
             exe-1049673 [002] ..... 1636101.027334: sys_nanosleep(rqtp: c000069f10, rmtp: 0)
             exe-1050233 [003] ..... 1636101.027342: sys_ptrace -> 0x0
             exe-1050233 [003] ..... 1636101.027343: sys_ptrace(request: 1f, pid: 10068d, addr: 0, data: 0)
             exe-1050233 [003] .N... 1636101.027368: sys_ptrace -> 0x0
             exe-1049567 [003] ..... 1636101.027371: sys_nanosleep -> 0x0
             exe-1049567 [003] ..... 1636101.027374: sys_nanosleep(rqtp: c000069f10, rmtp: 0)
             exe-1050253 [003] ..... 1636101.027388: sys_write -> 0x81
             exe-1050233 [003] ..... 1636101.027408: sys_wait4(upid: 10068d, stat_addr: c000697bf4, options: 40000002, ru: 0)
             exe-1050233 [003] ..... 1636101.027411: sys_wait4 -> 0x10068d
             exe-1050233 [003] ..... 1636101.027413: sys_ptrace(request: 4204, pid: 10068d, addr: 1, data: c000697c70)
             exe-1050233 [003] ..... 1636101.027416: sys_ptrace -> 0x0
             exe-1050233 [003] ..... 1636101.027418: sys_ptrace(request: 4204, pid: 10068d, addr: 202, data: c000697c70)
             exe-1050233 [003] ..... 1636101.027421: sys_ptrace -> 0x0
             exe-1050233 [003] ..... 1636101.027430: sys_ptrace(request: 4205, pid: 10068d, addr: 1, data: c000697c70)
             exe-1050233 [003] ..... 1636101.027432: sys_ptrace -> 0x0
             exe-1049673 [002] ..... 1636101.027432: sys_nanosleep -> 0x0
             exe-1050233 [003] ..... 1636101.027433: sys_ptrace(request: 4205, pid: 10068d, addr: 202, data: c000697c70)
             exe-1049673 [002] ..... 1636101.027435: sys_nanosleep(rqtp: c000069f10, rmtp: 0)
             exe-1050233 [003] ..... 1636101.027442: sys_ptrace -> 0x0
             exe-1050233 [003] ..... 1636101.027444: sys_ptrace(request: 1f, pid: 10068d, addr: 0, data: 0)
             exe-1050233 [003] .N... 1636101.027450: sys_ptrace -> 0x0
             exe-1050253 [003] ..... 1636101.027490: sys_request_key -> 0xfffffffffffffff3
             exe-1049567 [003] ..... 1636101.027508: sys_nanosleep -> 0x0
             exe-1049567 [003] ..... 1636101.027514: sys_nanosleep(rqtp: c000069f10, rmtp: 0)
             exe-1049673 [002] ..... 1636101.027525: sys_nanosleep -> 0x0
             exe-1049673 [002] ..... 1636101.027527: sys_nanosleep(rqtp: c000069f10, rmtp: 0)
             exe-1050233 [003] ..... 1636101.027535: sys_wait4(upid: 10068d, stat_addr: c000697bf4, options: 40000002, ru: 0)
             exe-1050233 [003] ..... 1636101.027537: sys_wait4 -> 0x10068d
             exe-1050233 [003] ..... 1636101.027540: sys_ptrace(request: 4204, pid: 10068d, addr: 1, data: c000697c70)
             exe-1050233 [003] ..... 1636101.027544: sys_ptrace -> 0x0
             exe-1050233 [003] ..... 1636101.027545: sys_ptrace(request: 4204, pid: 10068d, addr: 202, data: c000697c70)
             exe-1050233 [003] ..... 1636101.027548: sys_ptrace -> 0x0
             exe-1050233 [003] ..... 1636101.027561: sys_pwrite64(fd: 63, buf: 7fd66ed6a080, count: 7f, pos: 81)
             exe-1050233 [003] ..... 1636101.027563: tracing_mark_write: request_key(_type=0x7fcc85907000, _description=0x7fcc85500000, _callout_info=0x7fcc85500008, destringid=0xfffffffffffffffe) end
             exe-1050233 [003] ..... 1636101.107430: tracing_mark_write: request_key(_type=0x7fcc83d00000, _description=0x7fcc83d00001, _callout_info=0x7fcc83d00005, destringid=0xfffffffffffffffe) start
             exe-1050233 [003] ..... 1636101.107431: sys_pwrite64 -> 0x81
             exe-1050233 [003] ..... 1636101.107438: sys_ptrace(request: 4205, pid: 10068d, addr: 1, data: c000697c70)
             exe-1050233 [003] ..... 1636101.107441: sys_ptrace -> 0x0
             exe-1050233 [003] ..... 1636101.107443: sys_ptrace(request: 4205, pid: 10068d, addr: 202, data: c000697c70)
             exe-1050233 [003] ..... 1636101.107454: sys_ptrace -> 0x0
             exe-1050233 [003] ..... 1636101.107456: sys_ptrace(request: 1f, pid: 10068d, addr: 0, data: 0)
             exe-1050233 [003] .N... 1636101.107460: sys_ptrace -> 0x0
             exe-1050253 [003] ..... 1636101.107499: sys_write -> 0x81
             exe-1049567 [003] ..... 1636101.107517: sys_nanosleep -> 0x0
             exe-1049567 [003] ..... 1636101.107524: sys_nanosleep(rqtp: c000069f10, rmtp: 0)
             exe-1050233 [003] ..... 1636101.107545: sys_wait4(upid: 10068d, stat_addr: c000697bf4, options: 40000002, ru: 0)
             exe-1050233 [003] ..... 1636101.107548: sys_wait4 -> 0x10068d
             exe-1050233 [003] ..... 1636101.107551: sys_ptrace(request: 4204, pid: 10068d, addr: 1, data: c000697c70)
             exe-1050233 [003] ..... 1636101.107555: sys_ptrace -> 0x0
             exe-1050233 [003] ..... 1636101.107557: sys_ptrace(request: 4204, pid: 10068d, addr: 202, data: c000697c70)
             exe-1050233 [003] ..... 1636101.107560: sys_ptrace -> 0x0
             exe-1050233 [003] ..... 1636101.107569: sys_ptrace(request: 4205, pid: 10068d, addr: 1, data: c000697c70)
             exe-1050233 [003] ..... 1636101.107572: sys_ptrace -> 0x0
             exe-1050233 [003] ..... 1636101.107573: sys_ptrace(request: 4205, pid: 10068d, addr: 202, data: c000697c70)
             exe-1050233 [003] ..... 1636101.107584: sys_ptrace -> 0x0
             exe-1050233 [003] ..... 1636101.107586: sys_ptrace(request: 1f, pid: 10068d, addr: 0, data: 0)
             exe-1050233 [003] .N... 1636101.107591: sys_ptrace -> 0x0
             exe-1050253 [003] ..... 1636101.107602: sys_request_key -> 0xfffffffffffffff3
             exe-1049567 [003] ..... 1636101.107651: sys_nanosleep -> 0x0
             exe-1049567 [003] ..... 1636101.107657: sys_nanosleep(rqtp: c000069f10, rmtp: 0)
             exe-1050233 [003] ..... 1636101.107673: sys_wait4(upid: 10068d, stat_addr: c000697bf4, options: 40000002, ru: 0)
             exe-1050233 [003] ..... 1636101.107675: sys_wait4 -> 0x10068d
             exe-1050233 [003] ..... 1636101.107678: sys_ptrace(request: 4204, pid: 10068d, addr: 1, data: c000697c70)
             exe-1050233 [003] ..... 1636101.107682: sys_ptrace -> 0x0
             exe-1050233 [003] ..... 1636101.107683: sys_ptrace(request: 4204, pid: 10068d, addr: 202, data: c000697c70)
             exe-1050233 [003] ..... 1636101.107686: sys_ptrace -> 0x0
             exe-1050233 [003] ..... 1636101.107701: sys_pwrite64(fd: 63, buf: 7fd66ed6a080, count: 7f, pos: 81)
             exe-1050233 [003] ..... 1636101.107703: tracing_mark_write: request_key(_type=0x7fcc83d00000, _description=0x7fcc83d00001, _callout_info=0x7fcc83d00005, destringid=0xfffffffffffffffe) end
             exe-1050233 [003] ..... 1636101.172434: tracing_mark_write: request_key(_type=0x7fcc85918000, _description=0x7fcc85500000, _callout_info=0x7fcc83d00000, destringid=0xfffffffffffffffe) start
             exe-1050233 [003] ..... 1636101.172436: sys_pwrite64 -> 0x81
             exe-1050233 [003] ..... 1636101.172442: sys_ptrace(request: 4205, pid: 10068d, addr: 1, data: c000697c70)
             exe-1050233 [003] ..... 1636101.172445: sys_ptrace -> 0x0
             exe-1050233 [003] ..... 1636101.172447: sys_ptrace(request: 4205, pid: 10068d, addr: 202, data: c000697c70)
             exe-1050233 [003] ..... 1636101.172458: sys_ptrace -> 0x0
             exe-1050233 [003] ..... 1636101.172460: sys_ptrace(request: 1f, pid: 10068d, addr: 0, data: 0)
             exe-1050233 [003] .N... 1636101.172467: sys_ptrace -> 0x0
             exe-1050253 [003] ..... 1636101.172479: sys_write -> 0x81
             exe-1050233 [003] ..... 1636101.172498: sys_wait4(upid: 10068d, stat_addr: c000697bf4, options: 40000002, ru: 0)
             exe-1050233 [003] ..... 1636101.172501: sys_wait4 -> 0x10068d
             exe-1050233 [003] ..... 1636101.172503: sys_ptrace(request: 4204, pid: 10068d, addr: 1, data: c000697c70)
             exe-1050233 [003] ..... 1636101.172507: sys_ptrace -> 0x0
             exe-1050233 [003] ..... 1636101.172508: sys_ptrace(request: 4204, pid: 10068d, addr: 202, data: c000697c70)
             exe-1050233 [003] ..... 1636101.172511: sys_ptrace -> 0x0
             exe-1050233 [003] ..... 1636101.172517: sys_ptrace(request: 4205, pid: 10068d, addr: 1, data: c000697c70)
             exe-1050233 [003] ..... 1636101.172520: sys_ptrace -> 0x0
             exe-1050233 [003] ..... 1636101.172521: sys_ptrace(request: 4205, pid: 10068d, addr: 202, data: c000697c70)
             exe-1050233 [003] ..... 1636101.172530: sys_ptrace -> 0x0
             exe-1050233 [003] ..... 1636101.172532: sys_ptrace(request: 1f, pid: 10068d, addr: 0, data: 0)
             exe-1050233 [003] .N... 1636101.172539: sys_ptrace -> 0x0
             exe-1050253 [003] ..... 1636101.172549: sys_request_key -> 0xfffffffffffffff3
             exe-1050233 [003] ..... 1636101.172569: sys_wait4(upid: 10068d, stat_addr: c000697bf4, options: 40000002, ru: 0)
             exe-1050233 [003] ..... 1636101.172571: sys_wait4 -> 0x10068d
             exe-1050233 [003] ..... 1636101.172574: sys_ptrace(request: 4204, pid: 10068d, addr: 1, data: c000697c70)
             exe-1050233 [003] ..... 1636101.172578: sys_ptrace -> 0x0
             exe-1050233 [003] ..... 1636101.172579: sys_ptrace(request: 4204, pid: 10068d, addr: 202, data: c000697c70)
             exe-1050233 [003] ..... 1636101.172582: sys_ptrace -> 0x0
             exe-1050233 [003] ..... 1636101.172591: sys_pwrite64(fd: 63, buf: 7fd66ed6a080, count: 7f, pos: 81)
             exe-1050233 [003] ..... 1636101.172593: tracing_mark_write: request_key(_type=0x7fcc85918000, _description=0x7fcc85500000, _callout_info=0x7fcc83d00000, destringid=0xfffffffffffffffe) end
             exe-1050233 [003] ..... 1636101.251780: tracing_mark_write: request_key(_type=0x7fcc85905000, _description=0x7fcc85905000, _callout_info=0x7fcc85905001, destringid=0xfffffffffffffffe) start
             exe-1050233 [003] ..... 1636101.251782: sys_pwrite64 -> 0x81
             exe-1050233 [003] ..... 1636101.251789: sys_ptrace(request: 4205, pid: 10068d, addr: 1, data: c000697c70)
             exe-1050233 [003] ..... 1636101.251792: sys_ptrace -> 0x0
             exe-1050233 [003] ..... 1636101.251793: sys_ptrace(request: 4205, pid: 10068d, addr: 202, data: c000697c70)
             exe-1050233 [003] ..... 1636101.251805: sys_ptrace -> 0x0
             exe-1050233 [003] ..... 1636101.251807: sys_ptrace(request: 1f, pid: 10068d, addr: 0, data: 0)
             exe-1050233 [003] .N... 1636101.251811: sys_ptrace -> 0x0
             exe-1050253 [003] ..... 1636101.251823: sys_write -> 0x81
             exe-1049722 [002] ..... 1636101.251825: sys_epoll_pwait -> 0x0
             exe-1049722 [002] ..... 1636101.251839: sys_epoll_pwait(epfd: 11, events: c000409840, maxevents: 80, timeout: 1, sigmask: 0, sigsetsize: 0)
             exe-1049567 [003] ..... 1636101.251871: sys_nanosleep -> 0x0
             exe-1049567 [003] ..... 1636101.251877: sys_nanosleep(rqtp: c000069f10, rmtp: 0)
             exe-1050233 [003] ..... 1636101.251898: sys_wait4(upid: 10068d, stat_addr: c000697bf4, options: 40000002, ru: 0)
             exe-1050233 [003] ..... 1636101.251900: sys_wait4 -> 0x10068d
             exe-1050233 [003] ..... 1636101.251903: sys_ptrace(request: 4204, pid: 10068d, addr: 1, data: c000697c70)
             exe-1050233 [003] ..... 1636101.251907: sys_ptrace -> 0x0
             exe-1050233 [003] ..... 1636101.251909: sys_ptrace(request: 4204, pid: 10068d, addr: 202, data: c000697c70)
             exe-1050233 [003] ..... 1636101.251912: sys_ptrace -> 0x0
             exe-1050233 [003] ..... 1636101.251920: sys_ptrace(request: 4205, pid: 10068d, addr: 1, data: c000697c70)
             exe-1050233 [003] ..... 1636101.251923: sys_ptrace -> 0x0
             exe-1050233 [003] ..... 1636101.251924: sys_ptrace(request: 4205, pid: 10068d, addr: 202, data: c000697c70)
             exe-1050233 [003] ..... 1636101.251935: sys_ptrace -> 0x0
             exe-1050233 [003] ..... 1636101.251937: sys_ptrace(request: 1f, pid: 10068d, addr: 0, data: 0)
             exe-1050233 [003] .N... 1636101.251943: sys_ptrace -> 0x0
             exe-1050253 [003] ..... 1636101.251956: sys_request_key -> 0xfffffffffffffff3
             exe-1049567 [003] ..... 1636101.252005: sys_nanosleep -> 0x0
             exe-1049567 [003] ..... 1636101.252011: sys_nanosleep(rqtp: c000069f10, rmtp: 0)
             exe-1050233 [003] ..... 1636101.252026: sys_wait4(upid: 10068d, stat_addr: c000697bf4, options: 40000002, ru: 0)
             exe-1050233 [003] ..... 1636101.252028: sys_wait4 -> 0x10068d
             exe-1050233 [003] ..... 1636101.252031: sys_ptrace(request: 4204, pid: 10068d, addr: 1, data: c000697c70)
             exe-1050233 [003] ..... 1636101.252035: sys_ptrace -> 0x0
             exe-1050233 [003] ..... 1636101.252036: sys_ptrace(request: 4204, pid: 10068d, addr: 202, data: c000697c70)
             exe-1050233 [003] ..... 1636101.252039: sys_ptrace -> 0x0
             exe-1050233 [003] ..... 1636101.252053: sys_pwrite64(fd: 63, buf: 7fd66ed6a080, count: 7f, pos: 81)
             exe-1050233 [003] ..... 1636101.252055: tracing_mark_write: request_key(_type=0x7fcc85905000, _description=0x7fcc85905000, _callout_info=0x7fcc85905001, destringid=0xfffffffffffffffe) end
             exe-1050233 [003] ..... 1636101.316877: tracing_mark_write: request_key(_type=0x7fcc83a00000, _description=0x7fcc83a00008, _callout_info=0x7fcc83a00009, destringid=0xfffffffffffffffe) start
             exe-1050233 [003] ..... 1636101.316879: sys_pwrite64 -> 0x81
             exe-1050233 [003] ..... 1636101.316885: sys_ptrace(request: 4205, pid: 10068d, addr: 1, data: c000697c70)
             exe-1050233 [003] ..... 1636101.316888: sys_ptrace -> 0x0
             exe-1050233 [003] ..... 1636101.316890: sys_ptrace(request: 4205, pid: 10068d, addr: 202, data: c000697c70)
             exe-1050233 [003] ..... 1636101.316901: sys_ptrace -> 0x0
             exe-1050233 [003] ..... 1636101.316903: sys_ptrace(request: 1f, pid: 10068d, addr: 0, data: 0)
             exe-1050233 [003] .N... 1636101.316911: sys_ptrace -> 0x0
             exe-1050253 [003] ..... 1636101.316922: sys_write -> 0x81
             exe-1050233 [003] ..... 1636101.316941: sys_wait4(upid: 10068d, stat_addr: c000697bf4, options: 40000002, ru: 0)
             exe-1050233 [003] ..... 1636101.316944: sys_wait4 -> 0x10068d
             exe-1050233 [003] ..... 1636101.316946: sys_ptrace(request: 4204, pid: 10068d, addr: 1, data: c000697c70)
             exe-1050233 [003] ..... 1636101.316950: sys_ptrace -> 0x0
             exe-1050233 [003] ..... 1636101.316951: sys_ptrace(request: 4204, pid: 10068d, addr: 202, data: c000697c70)
             exe-1050233 [003] ..... 1636101.316954: sys_ptrace -> 0x0
             exe-1050233 [003] ..... 1636101.316961: sys_ptrace(request: 4205, pid: 10068d, addr: 1, data: c000697c70)
             exe-1049673 [002] ..... 1636101.316962: sys_nanosleep -> 0x0
             exe-1050233 [003] ..... 1636101.316963: sys_ptrace -> 0x0
             exe-1050233 [003] ..... 1636101.316965: sys_ptrace(request: 4205, pid: 10068d, addr: 202, data: c000697c70)
             exe-1049673 [002] ..... 1636101.316967: sys_nanosleep(rqtp: c000069f10, rmtp: 0)
             exe-1050233 [003] ..... 1636101.316974: sys_ptrace -> 0x0
             exe-1050233 [003] ..... 1636101.316977: sys_ptrace(request: 1f, pid: 10068d, addr: 0, data: 0)
             exe-1050233 [003] .N... 1636101.316983: sys_ptrace -> 0x0
             exe-1050253 [003] ..... 1636101.316994: sys_request_key -> 0xfffffffffffffff3
             exe-1050233 [003] ..... 1636101.317013: sys_wait4(upid: 10068d, stat_addr: c000697bf4, options: 40000002, ru: 0)
             exe-1050233 [003] ..... 1636101.317016: sys_wait4 -> 0x10068d
             exe-1050233 [003] ..... 1636101.317018: sys_ptrace(request: 4204, pid: 10068d, addr: 1, data: c000697c70)
             exe-1050233 [003] ..... 1636101.317022: sys_ptrace -> 0x0
             exe-1050233 [003] ..... 1636101.317023: sys_ptrace(request: 4204, pid: 10068d, addr: 202, data: c000697c70)
             exe-1050233 [003] ..... 1636101.317026: sys_ptrace -> 0x0
             exe-1050233 [003] ..... 1636101.317035: sys_pwrite64(fd: 63, buf: 7fd66ed6a080, count: 7f, pos: 81)
             exe-1050233 [003] ..... 1636101.317037: tracing_mark_write: request_key(_type=0x7fcc83a00000, _description=0x7fcc83a00008, _callout_info=0x7fcc83a00009, destringid=0xfffffffffffffffe) end
             exe-1050233 [000] ..... 1636101.389058: tracing_mark_write: request_key(_type=0x7fcc85500000, _description=0x7fcc85500000, _callout_info=0x7fcc85500008, destringid=0xfffffffffffffffe) start
             exe-1050233 [000] ..... 1636101.389060: sys_pwrite64 -> 0x81
             exe-1050233 [000] ..... 1636101.389067: sys_ptrace(request: 4205, pid: 10068d, addr: 1, data: c000697c70)
             exe-1050233 [000] ..... 1636101.389070: sys_ptrace -> 0x0
             exe-1050233 [000] ..... 1636101.389071: sys_ptrace(request: 4205, pid: 10068d, addr: 202, data: c000697c70)
             exe-1050233 [000] ..... 1636101.389082: sys_ptrace -> 0x0
             exe-1050233 [000] ..... 1636101.389084: sys_ptrace(request: 1f, pid: 10068d, addr: 0, data: 0)
             exe-1050233 [000] .N... 1636101.389091: sys_ptrace -> 0x0
             exe-1050253 [000] ..... 1636101.389101: sys_write -> 0x81
             exe-1050233 [000] ..... 1636101.389120: sys_wait4(upid: 10068d, stat_addr: c000697bf4, options: 40000002, ru: 0)
             exe-1050233 [000] ..... 1636101.389123: sys_wait4 -> 0x10068d
             exe-1050233 [000] ..... 1636101.389125: sys_ptrace(request: 4204, pid: 10068d, addr: 1, data: c000697c70)
             exe-1050233 [000] ..... 1636101.389128: sys_ptrace -> 0x0
             exe-1050233 [000] ..... 1636101.389129: sys_ptrace(request: 4204, pid: 10068d, addr: 202, data: c000697c70)
             exe-1050233 [000] ..... 1636101.389132: sys_ptrace -> 0x0
             exe-1050233 [000] ..... 1636101.389140: sys_ptrace(request: 4205, pid: 10068d, addr: 1, data: c000697c70)
             exe-1050233 [000] ..... 1636101.389142: sys_ptrace -> 0x0
             exe-1050233 [000] ..... 1636101.389143: sys_ptrace(request: 4205, pid: 10068d, addr: 202, data: c000697c70)
             exe-1050233 [000] ..... 1636101.389153: sys_ptrace -> 0x0
             exe-1050233 [000] ..... 1636101.389154: sys_ptrace(request: 1f, pid: 10068d, addr: 0, data: 0)
             exe-1050233 [000] .N... 1636101.389160: sys_ptrace -> 0x0
             exe-1050253 [000] ..... 1636101.389170: sys_request_key -> 0xfffffffffffffff3
             exe-1050233 [000] ..... 1636101.389189: sys_wait4(upid: 10068d, stat_addr: c000697bf4, options: 40000002, ru: 0)
             exe-1050233 [000] ..... 1636101.389191: sys_wait4 -> 0x10068d
             exe-1050233 [000] ..... 1636101.389193: sys_ptrace(request: 4204, pid: 10068d, addr: 1, data: c000697c70)
             exe-1050233 [000] ..... 1636101.389197: sys_ptrace -> 0x0
             exe-1050233 [000] ..... 1636101.389198: sys_ptrace(request: 4204, pid: 10068d, addr: 202, data: c000697c70)
             exe-1050233 [000] ..... 1636101.389201: sys_ptrace -> 0x0
             exe-1050233 [000] ..... 1636101.389209: sys_pwrite64(fd: 63, buf: 7fd66ed6a080, count: 7f, pos: 81)
             exe-1050233 [000] ..... 1636101.389211: tracing_mark_write: request_key(_type=0x7fcc85500000, _description=0x7fcc85500000, _callout_info=0x7fcc85500008, destringid=0xfffffffffffffffe) end
             exe-1050233 [000] ..... 1636101.459320: tracing_mark_write: request_key(_type=0x7fcc83800000, _description=0x7fcc83800000, _callout_info=0x7fcc85500000, destringid=0xfffffffffffffffe) start
             exe-1050233 [000] ..... 1636101.459322: sys_pwrite64 -> 0x81
             exe-1050233 [000] ..... 1636101.459330: sys_ptrace(request: 4205, pid: 10068d, addr: 1, data: c000697c70)
             exe-1050233 [000] ..... 1636101.459333: sys_ptrace -> 0x0
             exe-1050233 [000] ..... 1636101.459334: sys_ptrace(request: 4205, pid: 10068d, addr: 202, data: c000697c70)
             exe-1050233 [000] ..... 1636101.459349: sys_ptrace -> 0x0
             exe-1050233 [000] ..... 1636101.459351: sys_ptrace(request: 1f, pid: 10068d, addr: 0, data: 0)
             exe-1050233 [000] .N... 1636101.459357: sys_ptrace -> 0x0
             exe-1050253 [000] ..... 1636101.459368: sys_write -> 0x81
             exe-1050233 [000] ..... 1636101.459390: sys_wait4(upid: 10068d, stat_addr: c000697bf4, options: 40000002, ru: 0)
             exe-1050233 [000] ..... 1636101.459393: sys_wait4 -> 0x10068d
             exe-1050233 [000] ..... 1636101.459395: sys_ptrace(request: 4204, pid: 10068d, addr: 1, data: c000697c70)
             exe-1050233 [000] ..... 1636101.459399: sys_ptrace -> 0x0
             exe-1050233 [000] ..... 1636101.459401: sys_ptrace(request: 4204, pid: 10068d, addr: 202, data: c000697c70)
             exe-1050233 [000] ..... 1636101.459403: sys_ptrace -> 0x0
             exe-1050233 [000] ..... 1636101.459410: sys_ptrace(request: 4205, pid: 10068d, addr: 1, data: c000697c70)
             exe-1050233 [000] ..... 1636101.459413: sys_ptrace -> 0x0
             exe-1050233 [000] ..... 1636101.459414: sys_ptrace(request: 4205, pid: 10068d, addr: 202, data: c000697c70)
             exe-1050233 [000] ..... 1636101.459424: sys_ptrace -> 0x0
             exe-1050233 [000] ..... 1636101.459426: sys_ptrace(request: 1f, pid: 10068d, addr: 0, data: 0)
             exe-1050233 [000] .N... 1636101.459433: sys_ptrace -> 0x0
             exe-1050253 [000] ..... 1636101.459443: sys_request_key -> 0xfffffffffffffff3
             exe-1050233 [000] ..... 1636101.459463: sys_wait4(upid: 10068d, stat_addr: c000697bf4, options: 40000002, ru: 0)
             exe-1050233 [000] ..... 1636101.459466: sys_wait4 -> 0x10068d
             exe-1050233 [000] ..... 1636101.459468: sys_ptrace(request: 4204, pid: 10068d, addr: 1, data: c000697c70)
             exe-1050233 [000] ..... 1636101.459472: sys_ptrace -> 0x0
             exe-1050233 [000] ..... 1636101.459473: sys_ptrace(request: 4204, pid: 10068d, addr: 202, data: c000697c70)
             exe-1050233 [000] ..... 1636101.459475: sys_ptrace -> 0x0
             exe-1050233 [000] ..... 1636101.459485: sys_pwrite64(fd: 63, buf: 7fd66ed6a080, count: 7f, pos: 81)
             exe-1050233 [000] ..... 1636101.459487: tracing_mark_write: request_key(_type=0x7fcc83800000, _description=0x7fcc83800000, _callout_info=0x7fcc85500000, destringid=0xfffffffffffffffe) end
             exe-1050233 [000] ..... 1636101.520129: tracing_mark_write: request_key(_type=0x7fcc83d00000, _description=0x7fcc85906000, _callout_info=0x7fcc85906001, destringid=0xfffffffffffffffe) start
             exe-1050233 [000] ..... 1636101.520131: sys_pwrite64 -> 0x81
             exe-1050233 [000] ..... 1636101.520138: sys_ptrace(request: 4205, pid: 10068d, addr: 1, data: c000697c70)
             exe-1050233 [000] ..... 1636101.520141: sys_ptrace -> 0x0
             exe-1050233 [000] ..... 1636101.520143: sys_ptrace(request: 4205, pid: 10068d, addr: 202, data: c000697c70)
             exe-1050233 [000] ..... 1636101.520156: sys_ptrace -> 0x0
             exe-1050233 [000] ..... 1636101.520158: sys_ptrace(request: 1f, pid: 10068d, addr: 0, data: 0)
             exe-1050233 [000] .N... 1636101.520192: sys_ptrace -> 0x0
             exe-1049567 [000] ..... 1636101.520197: sys_nanosleep -> 0x0
             exe-1049567 [000] ..... 1636101.520202: sys_nanosleep(rqtp: c000069f10, rmtp: 0)
             exe-1049673 [002] ..... 1636101.520215: sys_nanosleep -> 0x0
             exe-1050253 [000] ..... 1636101.520218: sys_write -> 0x81
             exe-1049673 [002] ..... 1636101.520220: sys_nanosleep(rqtp: c000069f10, rmtp: 0)
             exe-1050233 [000] ..... 1636101.520242: sys_wait4(upid: 10068d, stat_addr: c000697bf4, options: 40000002, ru: 0)
             exe-1050233 [000] ..... 1636101.520245: sys_wait4 -> 0x10068d
             exe-1050233 [000] ..... 1636101.520247: sys_ptrace(request: 4204, pid: 10068d, addr: 1, data: c000697c70)
             exe-1050233 [000] ..... 1636101.520252: sys_ptrace -> 0x0
             exe-1050233 [000] ..... 1636101.520253: sys_ptrace(request: 4204, pid: 10068d, addr: 202, data: c000697c70)
             exe-1050233 [000] ..... 1636101.520256: sys_ptrace -> 0x0
             exe-1050233 [000] ..... 1636101.520263: sys_ptrace(request: 4205, pid: 10068d, addr: 1, data: c000697c70)
             exe-1050233 [000] ..... 1636101.520266: sys_ptrace -> 0x0
             exe-1050233 [000] ..... 1636101.520267: sys_ptrace(request: 4205, pid: 10068d, addr: 202, data: c000697c70)
             exe-1050233 [000] ..... 1636101.520279: sys_ptrace -> 0x0
             exe-1050233 [000] ..... 1636101.520281: sys_ptrace(request: 1f, pid: 10068d, addr: 0, data: 0)
             exe-1050233 [000] .N... 1636101.520288: sys_ptrace -> 0x0
             exe-1050253 [000] ..... 1636101.520299: sys_request_key -> 0xfffffffffffffff3
             exe-1049673 [002] ..... 1636101.520319: sys_nanosleep -> 0x0
             exe-1050233 [000] ..... 1636101.520319: sys_wait4(upid: 10068d, stat_addr: c000697bf4, options: 40000002, ru: 0)
             exe-1050233 [000] ..... 1636101.520321: sys_wait4 -> 0x10068d
             exe-1050233 [000] ..... 1636101.520324: sys_ptrace(request: 4204, pid: 10068d, addr: 1, data: c000697c70)
             exe-1049673 [002] ..... 1636101.520324: sys_nanosleep(rqtp: c000069f10, rmtp: 0)
             exe-1050233 [000] ..... 1636101.520362: sys_ptrace -> 0x0
             exe-1050233 [000] ..... 1636101.520364: sys_ptrace(request: 4204, pid: 10068d, addr: 202, data: c000697c70)
             exe-1050233 [000] ..... 1636101.520367: sys_ptrace -> 0x0
             exe-1050233 [000] ..... 1636101.520379: sys_pwrite64(fd: 63, buf: 7fd66ed6a080, count: 7f, pos: 81)
             exe-1050233 [000] ..... 1636101.520382: tracing_mark_write: request_key(_type=0x7fcc83d00000, _description=0x7fcc85906000, _callout_info=0x7fcc85906001, destringid=0xfffffffffffffffe) end
             exe-1050233 [000] ..... 1636101.595642: tracing_mark_write: request_key(_type=0x7fcc84900000, _description=0x0, _callout_info=0x8, destringid=0xfffffffffffffffe) start
             exe-1050233 [000] ..... 1636101.595644: sys_pwrite64 -> 0x6b
             exe-1050233 [000] ..... 1636101.595653: sys_ptrace(request: 4205, pid: 10068d, addr: 1, data: c000697c70)
             exe-1050233 [000] ..... 1636101.595655: sys_ptrace -> 0x0
