             exe-1049567 [000] ..... 1636276.971788: sys_nanosleep -> 0x0
             exe-1049567 [000] ..... 1636276.971790: sys_nanosleep(rqtp: c000069f10, rmtp: 0)
             exe-1050289 [002] ..... 1636276.971790: sys_ptrace(request: 4205, pid: 10072d, addr: 1, data: c000699c70)
             exe-1050289 [002] ..... 1636276.971793: sys_ptrace -> 0x0
             exe-1050289 [002] ..... 1636276.971794: sys_ptrace(request: 4205, pid: 10072d, addr: 202, data: c000699c70)
             exe-1050289 [002] ..... 1636276.971807: sys_ptrace -> 0x0
             exe-1050289 [002] ..... 1636276.971809: sys_ptrace(request: 1f, pid: 10072d, addr: 0, data: 0)
             exe-1050289 [002] .N... 1636276.971816: sys_ptrace -> 0x0
             exe-1049673 [003] ..... 1636276.971820: sys_nanosleep -> 0x0
             exe-1049673 [003] ..... 1636276.971827: sys_nanosleep(rqtp: c000069f10, rmtp: 0)
             exe-1050413 [002] ..... 1636276.971827: sys_write -> 0x41
             exe-1050289 [002] ..... 1636276.971847: sys_wait4(upid: 10072d, stat_addr: c000699bf4, options: 40000002, ru: 0)
             exe-1050289 [002] ..... 1636276.971850: sys_wait4 -> 0x10072d
             exe-1050289 [002] ..... 1636276.971852: sys_ptrace(request: 4204, pid: 10072d, addr: 1, data: c000699c70)
             exe-1050289 [002] ..... 1636276.971856: sys_ptrace -> 0x0
             exe-1050289 [002] ..... 1636276.971858: sys_ptrace(request: 4204, pid: 10072d, addr: 202, data: c000699c70)
             exe-1050289 [002] ..... 1636276.971860: sys_ptrace -> 0x0
             exe-1050289 [002] ..... 1636276.971867: sys_ptrace(request: 4205, pid: 10072d, addr: 1, data: c000699c70)
             exe-1050289 [002] ..... 1636276.971869: sys_ptrace -> 0x0
             exe-1050289 [002] ..... 1636276.971871: sys_ptrace(request: 4205, pid: 10072d, addr: 202, data: c000699c70)
             exe-1049567 [000] ..... 1636276.971875: sys_nanosleep -> 0x0
             exe-1049567 [000] ..... 1636276.971878: sys_nanosleep(rqtp: c000069f10, rmtp: 0)
             exe-1050289 [002] ..... 1636276.971881: sys_ptrace -> 0x0
             exe-1050289 [002] ..... 1636276.971883: sys_ptrace(request: 1f, pid: 10072d, addr: 0, data: 0)
             exe-1050289 [002] .N... 1636276.971889: sys_ptrace -> 0x0
             exe-1050413 [002] ..... 1636276.971900: sys_sched_setscheduler -> 0xffffffffffffffea
             exe-1050289 [002] ..... 1636276.971919: sys_wait4(upid: 10072d, stat_addr: c000699bf4, options: 40000002, ru: 0)
             exe-1050289 [002] ..... 1636276.971922: sys_wait4 -> 0x10072d
             exe-1050289 [002] ..... 1636276.971924: sys_ptrace(request: 4204, pid: 10072d, addr: 1, data: c000699c70)
             exe-1050289 [002] ..... 1636276.971928: sys_ptrace -> 0x0
             exe-1050289 [002] ..... 1636276.971929: sys_ptrace(request: 4204, pid: 10072d, addr: 202, data: c000699c70)
             exe-1050289 [002] ..... 1636276.971932: sys_ptrace -> 0x0
             exe-1049673 [003] ..... 1636276.971932: sys_nanosleep -> 0x0
             exe-1049673 [003] ..... 1636276.971939: sys_nanosleep(rqtp: c000069f10, rmtp: 0)
             exe-1050289 [002] ..... 1636276.971942: sys_pwrite64(fd: 63, buf: 7fd66edf9080, count: 3f, pos: 41)
             exe-1050289 [002] ..... 1636276.971944: tracing_mark_write: sched_setscheduler(pid=1, policy=0x3, param=0x7f9992d00000) end
             exe-1050289 [002] ..... 1636277.027922: tracing_mark_write: sched_setscheduler(pid=1, policy=0x3, param=0x7f9992d00000) start
             exe-1050289 [002] ..... 1636277.027924: sys_pwrite64 -> 0x41
             exe-1050289 [002] ..... 1636277.027930: sys_ptrace(request: 4205, pid: 10072d, addr: 1, data: c000699c70)
             exe-1050289 [002] ..... 1636277.027933: sys_ptrace -> 0x0
             exe-1050289 [002] ..... 1636277.027934: sys_ptrace(request: 4205, pid: 10072d, addr: 202, data: c000699c70)
             exe-1050289 [002] ..... 1636277.027947: sys_ptrace -> 0x0
             exe-1050289 [002] ..... 1636277.027949: sys_ptrace(request: 1f, pid: 10072d, addr: 0, data: 0)
             exe-1050289 [002] .N... 1636277.027956: sys_ptrace -> 0x0
             exe-1050413 [002] ..... 1636277.027967: sys_write -> 0x41
             exe-1049567 [000] ..... 1636277.027983: sys_nanosleep -> 0x0
             exe-1049567 [000] ..... 1636277.027985: sys_nanosleep(rqtp: c000069f10, rmtp: 0)
             exe-1050289 [002] ..... 1636277.027987: sys_wait4(upid: 10072d, stat_addr: c000699bf4, options: 40000002, ru: 0)
             exe-1050289 [002] ..... 1636277.027990: sys_wait4 -> 0x10072d
             exe-1050289 [002] ..... 1636277.027992: sys_ptrace(request: 4204, pid: 10072d, addr: 1, data: c000699c70)
             exe-1050289 [002] ..... 1636277.027996: sys_ptrace -> 0x0
             exe-1050289 [002] ..... 1636277.027997: sys_ptrace(request: 4204, pid: 10072d, addr: 202, data: c000699c70)
             exe-1050289 [002] ..... 1636277.028000: sys_ptrace -> 0x0
             exe-1050289 [002] ..... 1636277.028006: sys_ptrace(request: 4205, pid: 10072d, addr: 1, data: c000699c70)
             exe-1050289 [002] ..... 1636277.028009: sys_ptrace -> 0x0
             exe-1050289 [002] ..... 1636277.028010: sys_ptrace(request: 4205, pid: 10072d, addr: 202, data: c000699c70)
             exe-1050289 [002] ..... 1636277.028020: sys_ptrace -> 0x0
             exe-1050289 [002] ..... 1636277.028021: sys_ptrace(request: 1f, pid: 10072d, addr: 0, data: 0)
             exe-1050289 [002] .N... 1636277.028029: sys_ptrace -> 0x0
             exe-1050413 [002] ..... 1636277.028040: sys_sched_setscheduler -> 0xffffffffffffffea
             exe-1050289 [002] ..... 1636277.028059: sys_wait4(upid: 10072d, stat_addr: c000699bf4, options: 40000002, ru: 0)
             exe-1050289 [002] ..... 1636277.028062: sys_wait4 -> 0x10072d
             exe-1050289 [002] ..... 1636277.028064: sys_ptrace(request: 4204, pid: 10072d, addr: 1, data: c000699c70)
             exe-1050289 [002] ..... 1636277.028068: sys_ptrace -> 0x0
             exe-1050289 [002] ..... 1636277.028070: sys_ptrace(request: 4204, pid: 10072d, addr: 202, data: c000699c70)
             exe-1049567 [000] ..... 1636277.028071: sys_nanosleep -> 0x0
             exe-1050289 [002] ..... 1636277.028073: sys_ptrace -> 0x0
             exe-1049567 [000] ..... 1636277.028073: sys_nanosleep(rqtp: c000069f10, rmtp: 0)
             exe-1050289 [002] ..... 1636277.028082: sys_pwrite64(fd: 63, buf: 7fd66edf9080, count: 3f, pos: 41)
             exe-1050289 [002] ..... 1636277.028084: tracing_mark_write: sched_setscheduler(pid=1, policy=0x3, param=0x7f9992d00000) end
             exe-1050289 [001] ..... 1636277.102064: tracing_mark_write: sched_setscheduler(pid=50299, policy=0x3, param=0x7f9992d00000) start
             exe-1050289 [001] ..... 1636277.102066: sys_pwrite64 -> 0x45
             exe-1050289 [001] ..... 1636277.102072: sys_ptrace(request: 4205, pid: 10072d, addr: 1, data: c000699c70)
             exe-1050289 [001] ..... 1636277.102076: sys_ptrace -> 0x0
             exe-1050289 [001] ..... 1636277.102077: sys_ptrace(request: 4205, pid: 10072d, addr: 202, data: c000699c70)
             exe-1050289 [001] ..... 1636277.102089: sys_ptrace -> 0x0
             exe-1050289 [001] ..... 1636277.102093: sys_ptrace(request: 1f, pid: 10072d, addr: 0, data: 0)
             exe-1050289 [001] ..... 1636277.102105: sys_ptrace -> 0x0
             exe-1050289 [001] ..... 1636277.102108: sys_wait4(upid: 10072d, stat_addr: c000699bf4, options: 40000002, ru: 0)
             exe-1049673 [003] ..... 1636277.102117: sys_nanosleep -> 0x0
             exe-1050413 [002] ..... 1636277.102119: sys_write -> 0x45
             exe-1049673 [003] ..... 1636277.102122: sys_nanosleep(rqtp: c000069f10, rmtp: 0)
             exe-1050289 [001] ..... 1636277.102138: sys_wait4 -> 0x10072d
             exe-1050289 [001] ..... 1636277.102141: sys_ptrace(request: 4204, pid: 10072d, addr: 1, data: c000699c70)
             exe-1050289 [001] ..... 1636277.102145: sys_ptrace -> 0x0
             exe-1050289 [001] ..... 1636277.102147: sys_ptrace(request: 4204, pid: 10072d, addr: 202, data: c000699c70)
             exe-1050289 [001] ..... 1636277.102150: sys_ptrace -> 0x0
             exe-1050289 [001] ..... 1636277.102155: sys_ptrace(request: 4205, pid: 10072d, addr: 1, data: c000699c70)
             exe-1050289 [001] ..... 1636277.102158: sys_ptrace -> 0x0
             exe-1050289 [001] ..... 1636277.102160: sys_ptrace(request: 4205, pid: 10072d, addr: 202, data: c000699c70)
             exe-1050289 [001] ..... 1636277.102169: sys_ptrace -> 0x0
             exe-1050289 [001] ..... 1636277.102171: sys_ptrace(request: 1f, pid: 10072d, addr: 0, data: 0)
             exe-1050289 [001] ..... 1636277.102182: sys_ptrace -> 0x0
             exe-1050289 [001] ..... 1636277.102184: sys_wait4(upid: 10072d, stat_addr: c000699bf4, options: 40000002, ru: 0)
             exe-1050413 [002] ..... 1636277.102194: sys_sched_setscheduler -> 0xffffffffffffffea
             exe-1050289 [001] ..... 1636277.102212: sys_wait4 -> 0x10072d
             exe-1050289 [001] ..... 1636277.102215: sys_ptrace(request: 4204, pid: 10072d, addr: 1, data: c000699c70)
             exe-1050289 [001] ..... 1636277.102220: sys_ptrace -> 0x0
             exe-1050289 [001] ..... 1636277.102222: sys_ptrace(request: 4204, pid: 10072d, addr: 202, data: c000699c70)
             exe-1050289 [001] ..... 1636277.102225: sys_ptrace -> 0x0
             exe-1050289 [001] ..... 1636277.102233: sys_pwrite64(fd: 63, buf: 7fd66edf9080, count: 43, pos: 45)
             exe-1050289 [001] ..... 1636277.102234: tracing_mark_write: sched_setscheduler(pid=50299, policy=0x3, param=0x7f9992d00000) end
             exe-1050289 [002] ..... 1636277.165847: tracing_mark_write: sched_setscheduler(pid=50299, policy=0x3, param=0x8) start
             exe-1050289 [002] ..... 1636277.165849: sys_pwrite64 -> 0x3a
             exe-1049567 [001] ..... 1636277.165857: sys_nanosleep -> 0x0
             exe-1050289 [002] ..... 1636277.165859: sys_ptrace(request: 4205, pid: 10072d, addr: 1, data: c000699c70)
             exe-1049567 [001] ..... 1636277.165861: sys_nanosleep(rqtp: c000069f10, rmtp: 0)
             exe-1050289 [002] ..... 1636277.165863: sys_ptrace -> 0x0
             exe-1050289 [002] ..... 1636277.165865: sys_ptrace(request: 4205, pid: 10072d, addr: 202, data: c000699c70)
             exe-1050289 [002] ..... 1636277.165881: sys_ptrace -> 0x0
             exe-1050289 [002] ..... 1636277.165882: sys_ptrace(request: 1f, pid: 10072d, addr: 0, data: 0)
             exe-1049673 [003] ..... 1636277.165885: sys_nanosleep -> 0x0
             exe-1049673 [003] ..... 1636277.165891: sys_nanosleep(rqtp: c000069f10, rmtp: 0)
             exe-1050289 [002] .N... 1636277.165891: sys_ptrace -> 0x0
             exe-1050413 [002] ..... 1636277.165903: sys_write -> 0x3a
             exe-1050289 [002] ..... 1636277.165924: sys_wait4(upid: 10072d, stat_addr: c000699bf4, options: 40000002, ru: 0)
             exe-1050289 [002] ..... 1636277.165926: sys_wait4 -> 0x10072d
             exe-1050289 [002] ..... 1636277.165929: sys_ptrace(request: 4204, pid: 10072d, addr: 1, data: c000699c70)
             exe-1050289 [002] ..... 1636277.165933: sys_ptrace -> 0x0
             exe-1050289 [002] ..... 1636277.165934: sys_ptrace(request: 4204, pid: 10072d, addr: 202, data: c000699c70)
             exe-1050289 [002] ..... 1636277.165937: sys_ptrace -> 0x0
             exe-1050289 [002] ..... 1636277.165944: sys_ptrace(request: 4205, pid: 10072d, addr: 1, data: c000699c70)
             exe-1050289 [002] ..... 1636277.165947: sys_ptrace -> 0x0
             exe-1050289 [002] ..... 1636277.165948: sys_ptrace(request: 4205, pid: 10072d, addr: 202, data: c000699c70)
             exe-1050289 [002] ..... 1636277.165958: sys_ptrace -> 0x0
             exe-1050289 [002] ..... 1636277.165960: sys_ptrace(request: 1f, pid: 10072d, addr: 0, data: 0)
             exe-1050289 [002] .N... 1636277.165967: sys_ptrace -> 0x0
             exe-1050413 [002] ..... 1636277.165977: sys_sched_setscheduler -> 0xffffffffffffffea
             exe-1050289 [002] ..... 1636277.165997: sys_wait4(upid: 10072d, stat_addr: c000699bf4, options: 40000002, ru: 0)
             exe-1050289 [002] ..... 1636277.166000: sys_wait4 -> 0x10072d
             exe-1050289 [002] ..... 1636277.166002: sys_ptrace(request: 4204, pid: 10072d, addr: 1, data: c000699c70)
             exe-1050289 [002] ..... 1636277.166006: sys_ptrace -> 0x0
             exe-1050289 [002] ..... 1636277.166007: sys_ptrace(request: 4204, pid: 10072d, addr: 202, data: c000699c70)
             exe-1050289 [002] ..... 1636277.166010: sys_ptrace -> 0x0
             exe-1050289 [002] ..... 1636277.166021: sys_pwrite64(fd: 63, buf: 7fd66edf9080, count: 38, pos: 3a)
             exe-1050289 [002] ..... 1636277.166022: tracing_mark_write: sched_setscheduler(pid=50299, policy=0x3, param=0x8) end
             exe-1050289 [002] ..... 1636277.226382: tracing_mark_write: sched_setscheduler(pid=1, policy=0x3, param=0x1) start
             exe-1050525 [003] ..... 1636277.226383: sys_futex -> 0x0
             exe-1050289 [002] ..... 1636277.226384: sys_pwrite64 -> 0x36
             exe-1050289 [002] ..... 1636277.226394: sys_ptrace(request: 4205, pid: 10072d, addr: 1, data: c000699c70)
             exe-1050525 [003] ..... 1636277.226394: sys_futex(uaddr: c000383948, op: 80, val: 0, utime: 0, uaddr2: 0, val3: 0)
             exe-1050289 [002] ..... 1636277.226398: sys_ptrace -> 0x0
             exe-1050289 [002] ..... 1636277.226400: sys_ptrace(request: 4205, pid: 10072d, addr: 202, data: c000699c70)
             exe-1049567 [001] ..... 1636277.226404: sys_nanosleep -> 0x0
             exe-1049567 [001] ..... 1636277.226406: sys_nanosleep(rqtp: c000069f10, rmtp: 0)
             exe-1050289 [002] ..... 1636277.226416: sys_ptrace -> 0x0
             exe-1050289 [002] ..... 1636277.226420: sys_ptrace(request: 1f, pid: 10072d, addr: 0, data: 0)
             exe-1049673 [000] ..... 1636277.226423: sys_nanosleep -> 0x0
             exe-1049673 [000] ..... 1636277.226427: sys_futex(uaddr: 1f09dc0, op: 80, val: 0, utime: c000069eb0, uaddr2: 0, val3: 0)
             exe-1050289 [002] .N... 1636277.226430: sys_ptrace -> 0x0
             exe-1049567 [001] ..... 1636277.226495: sys_nanosleep -> 0x0
             exe-1049567 [001] ..... 1636277.226498: sys_nanosleep(rqtp: c000069f10, rmtp: 0)
             exe-1050413 [002] ..... 1636277.226546: sys_write -> 0x36
             exe-1050289 [002] ..... 1636277.226574: sys_wait4(upid: 10072d, stat_addr: c000699bf4, options: 40000002, ru: 0)
             exe-1050289 [002] ..... 1636277.226584: sys_wait4 -> 0x10072d
             exe-1050289 [002] ..... 1636277.226587: sys_ptrace(request: 4204, pid: 10072d, addr: 1, data: c000699c70)
             exe-1050289 [002] ..... 1636277.226592: sys_ptrace -> 0x0
             exe-1049567 [001] ..... 1636277.226592: sys_nanosleep -> 0x0
             exe-1050289 [002] ..... 1636277.226594: sys_ptrace(request: 4204, pid: 10072d, addr: 202, data: c000699c70)
             exe-1049567 [001] ..... 1636277.226595: sys_nanosleep(rqtp: c000069f10, rmtp: 0)
             exe-1050289 [002] ..... 1636277.226597: sys_ptrace -> 0x0
             exe-1050289 [002] ..... 1636277.226605: sys_ptrace(request: 4205, pid: 10072d, addr: 1, data: c000699c70)
             exe-1050289 [002] ..... 1636277.226608: sys_ptrace -> 0x0
             exe-1050289 [002] ..... 1636277.226609: sys_ptrace(request: 4205, pid: 10072d, addr: 202, data: c000699c70)
             exe-1050289 [002] ..... 1636277.226624: sys_ptrace -> 0x0
             exe-1050289 [002] ..... 1636277.226626: sys_ptrace(request: 1f, pid: 10072d, addr: 0, data: 0)
             exe-1050289 [002] .N... 1636277.226634: sys_ptrace -> 0x0
             exe-1050413 [002] ..... 1636277.226645: sys_sched_setscheduler -> 0xffffffffffffffea
             exe-1050289 [002] ..... 1636277.226665: sys_wait4(upid: 10072d, stat_addr: c000699bf4, options: 40000002, ru: 0)
             exe-1050289 [002] ..... 1636277.226668: sys_wait4 -> 0x10072d
             exe-1050289 [002] ..... 1636277.226670: sys_ptrace(request: 4204, pid: 10072d, addr: 1, data: c000699c70)
             exe-1050289 [002] ..... 1636277.226675: sys_ptrace -> 0x0
             exe-1050289 [002] ..... 1636277.226676: sys_ptrace(request: 4204, pid: 10072d, addr: 202, data: c000699c70)
             exe-1050289 [002] ..... 1636277.226679: sys_ptrace -> 0x0
             exe-1049567 [001] ..... 1636277.226683: sys_nanosleep -> 0x0
             exe-1049567 [001] ..... 1636277.226685: sys_nanosleep(rqtp: c000069f10, rmtp: 0)
             exe-1050289 [002] ..... 1636277.226692: sys_pwrite64(fd: 63, buf: 7fd66edf9080, count: 34, pos: 36)
             exe-1050289 [002] ..... 1636277.226695: tracing_mark_write: sched_setscheduler(pid=1, policy=0x3, param=0x1) end
             exe-1050289 [002] ..... 1636277.284060: tracing_mark_write: sched_setscheduler(pid=50299, policy=0x3, param=0x7f9991000000) start
             exe-1050289 [002] ..... 1636277.284062: sys_pwrite64 -> 0x45
             exe-1049673 [000] ..... 1636277.284064: sys_nanosleep(rqtp: c000069f10, rmtp: 0)
             exe-1050289 [002] ..... 1636277.284068: sys_ptrace(request: 4205, pid: 10072d, addr: 1, data: c000699c70)
             exe-1050289 [002] ..... 1636277.284072: sys_ptrace -> 0x0
             exe-1050289 [002] ..... 1636277.284073: sys_ptrace(request: 4205, pid: 10072d, addr: 202, data: c000699c70)
             exe-1050289 [002] ..... 1636277.284085: sys_ptrace -> 0x0
             exe-1050289 [002] ..... 1636277.284087: sys_ptrace(request: 1f, pid: 10072d, addr: 0, data: 0)
             exe-1050289 [002] .N... 1636277.284094: sys_ptrace -> 0x0
             exe-1050413 [002] ..... 1636277.284105: sys_write -> 0x45
             exe-1050289 [002] ..... 1636277.284125: sys_wait4(upid: 10072d, stat_addr: c000699bf4, options: 40000002, ru: 0)
             exe-1050289 [002] ..... 1636277.284127: sys_wait4 -> 0x10072d
             exe-1050289 [002] ..... 1636277.284130: sys_ptrace(request: 4204, pid: 10072d, addr: 1, data: c000699c70)
             exe-1050289 [002] ..... 1636277.284134: sys_ptrace -> 0x0
             exe-1050289 [002] ..... 1636277.284135: sys_ptrace(request: 4204, pid: 10072d, addr: 202, data: c000699c70)
             exe-1050289 [002] ..... 1636277.284138: sys_ptrace -> 0x0
             exe-1050289 [002] ..... 1636277.284144: sys_ptrace(request: 4205, pid: 10072d, addr: 1, data: c000699c70)
             exe-1050289 [002] ..... 1636277.284147: sys_ptrace -> 0x0
             exe-1050289 [002] ..... 1636277.284148: sys_ptrace(request: 4205, pid: 10072d, addr: 202, data: c000699c70)
             exe-1050289 [002] ..... 1636277.284158: sys_ptrace -> 0x0
             exe-1050289 [002] ..... 1636277.284160: sys_ptrace(request: 1f, pid: 10072d, addr: 0, data: 0)
             exe-1050233 [003] ..... 1636277.284161: sys_futex -> 0x0
             exe-1050289 [002] .N... 1636277.284166: sys_ptrace -> 0x0
             exe-1050233 [003] ..... 1636277.284174: sys_futex(uaddr: c0025a9548, op: 80, val: 0, utime: 0, uaddr2: 0, val3: 0)
             exe-1050413 [002] ..... 1636277.284177: sys_sched_setscheduler -> 0xffffffffffffffea
             exe-1050525 [003] ..... 1636277.284193: sys_futex -> 0x0
             exe-1050289 [002] ..... 1636277.284196: sys_wait4(upid: 10072d, stat_addr: c000699bf4, options: 40000002, ru: 0)
             exe-1050289 [002] ..... 1636277.284199: sys_wait4 -> 0x10072d
             exe-1050289 [002] ..... 1636277.284202: sys_ptrace(request: 4204, pid: 10072d, addr: 1, data: c000699c70)
             exe-1050525 [003] ..... 1636277.284203: sys_futex(uaddr: c000383948, op: 80, val: 0, utime: 0, uaddr2: 0, val3: 0)
             exe-1050289 [002] ..... 1636277.284206: sys_ptrace -> 0x0
             exe-1050289 [002] ..... 1636277.284208: sys_ptrace(request: 4204, pid: 10072d, addr: 202, data: c000699c70)
             exe-1050289 [002] ..... 1636277.284210: sys_ptrace -> 0x0
             exe-1050289 [002] ..... 1636277.284219: sys_pwrite64(fd: 63, buf: 7fd66edf9080, count: 43, pos: 45)
             exe-1050289 [002] ..... 1636277.284220: tracing_mark_write: sched_setscheduler(pid=50299, policy=0x3, param=0x7f9991000000) end
             exe-1050289 [002] ..... 1636277.339379: tracing_mark_write: sched_setscheduler(pid=1, policy=0x3, param=0x7f9991200000) start
             exe-1050289 [002] ..... 1636277.339381: sys_pwrite64 -> 0x41
             exe-1050289 [002] ..... 1636277.339387: sys_ptrace(request: 4205, pid: 10072d, addr: 1, data: c000699c70)
             exe-1050289 [002] ..... 1636277.339390: sys_ptrace -> 0x0
             exe-1050289 [002] ..... 1636277.339392: sys_ptrace(request: 4205, pid: 10072d, addr: 202, data: c000699c70)
             exe-1049567 [000] ..... 1636277.339394: sys_nanosleep -> 0x0
             exe-1049567 [000] ..... 1636277.339399: sys_nanosleep(rqtp: c000069f10, rmtp: 0)
             exe-1050289 [002] ..... 1636277.339404: sys_ptrace -> 0x0
             exe-1050289 [002] ..... 1636277.339406: sys_ptrace(request: 1f, pid: 10072d, addr: 0, data: 0)
             exe-1050289 [002] .N... 1636277.339413: sys_ptrace -> 0x0
             exe-1049673 [000] ..... 1636277.339420: sys_nanosleep -> 0x0
             exe-1050413 [002] ..... 1636277.339425: sys_write -> 0x41
             exe-1049673 [000] ..... 1636277.339425: sys_nanosleep(rqtp: c000069f10, rmtp: 0)
             exe-1050289 [002] ..... 1636277.339447: sys_wait4(upid: 10072d, stat_addr: c000699bf4, options: 40000002, ru: 0)
             exe-1050289 [002] ..... 1636277.339449: sys_wait4 -> 0x10072d
             exe-1050289 [002] ..... 1636277.339452: sys_ptrace(request: 4204, pid: 10072d, addr: 1, data: c000699c70)
             exe-1050289 [002] ..... 1636277.339456: sys_ptrace -> 0x0
             exe-1050289 [002] ..... 1636277.339457: sys_ptrace(request: 4204, pid: 10072d, addr: 202, data: c000699c70)
             exe-1050289 [002] ..... 1636277.339460: sys_ptrace -> 0x0
             exe-1050289 [002] ..... 1636277.339466: sys_ptrace(request: 4205, pid: 10072d, addr: 1, data: c000699c70)
             exe-1050289 [002] ..... 1636277.339469: sys_ptrace -> 0x0
             exe-1050289 [002] ..... 1636277.339470: sys_ptrace(request: 4205, pid: 10072d, addr: 202, data: c000699c70)
             exe-1050289 [002] ..... 1636277.339480: sys_ptrace -> 0x0
             exe-1050289 [002] ..... 1636277.339482: sys_ptrace(request: 1f, pid: 10072d, addr: 0, data: 0)
             exe-1050289 [002] .N... 1636277.339489: sys_ptrace -> 0x0
             exe-1050413 [002] ..... 1636277.339500: sys_sched_setscheduler -> 0xffffffffffffffea
             exe-1049567 [000] ..... 1636277.339505: sys_nanosleep -> 0x0
             exe-1049567 [000] ..... 1636277.339510: sys_nanosleep(rqtp: c000069f10, rmtp: 0)
             exe-1050289 [002] ..... 1636277.339519: sys_wait4(upid: 10072d, stat_addr: c000699bf4, options: 40000002, ru: 0)
             exe-1050289 [002] ..... 1636277.339522: sys_wait4 -> 0x10072d
             exe-1050289 [002] ..... 1636277.339524: sys_ptrace(request: 4204, pid: 10072d, addr: 1, data: c000699c70)
             exe-1050289 [002] ..... 1636277.339528: sys_ptrace -> 0x0
             exe-1050289 [002] ..... 1636277.339529: sys_ptrace(request: 4204, pid: 10072d, addr: 202, data: c000699c70)
             exe-1049673 [000] ..... 1636277.339531: sys_nanosleep -> 0x0
             exe-1050289 [002] ..... 1636277.339532: sys_ptrace -> 0x0
             exe-1049673 [000] ..... 1636277.339536: sys_nanosleep(rqtp: c000069f10, rmtp: 0)
             exe-1050289 [002] ..... 1636277.339543: sys_pwrite64(fd: 63, buf: 7fd66edf9080, count: 3f, pos: 41)
             exe-1050289 [002] ..... 1636277.339545: tracing_mark_write: sched_setscheduler(pid=1, policy=0x3, param=0x7f9991200000) end
             exe-1050289 [002] ..... 1636277.418826: tracing_mark_write: sched_setscheduler(pid=0, policy=0x3, param=0x8) start
             exe-1050289 [002] ..... 1636277.418828: sys_pwrite64 -> 0x36
             exe-1050289 [002] ..... 1636277.418834: sys_ptrace(request: 4205, pid: 10072d, addr: 1, data: c000699c70)
             exe-1050289 [002] ..... 1636277.418836: sys_ptrace -> 0x0
             exe-1050289 [002] ..... 1636277.418838: sys_ptrace(request: 4205, pid: 10072d, addr: 202, data: c000699c70)
             exe-1049673 [000] ..... 1636277.418847: sys_nanosleep -> 0x0
             exe-1050289 [002] ..... 1636277.418850: sys_ptrace -> 0x0
             exe-1049673 [000] ..... 1636277.418850: sys_futex(uaddr: 1f09dc0, op: 80, val: 0, utime: c000069eb0, uaddr2: 0, val3: 0)
             exe-1050289 [002] ..... 1636277.418851: sys_ptrace(request: 1f, pid: 10072d, addr: 0, data: 0)
             exe-1050289 [002] .N... 1636277.418858: sys_ptrace -> 0x0
             exe-1050413 [002] ..... 1636277.418869: sys_write -> 0x36
             exe-1050289 [002] ..... 1636277.418888: sys_wait4(upid: 10072d, stat_addr: c000699bf4, options: 40000002, ru: 0)
             exe-1050289 [002] ..... 1636277.418891: sys_wait4 -> 0x10072d
             exe-1050289 [002] ..... 1636277.418894: sys_ptrace(request: 4204, pid: 10072d, addr: 1, data: c000699c70)
             exe-1050289 [002] ..... 1636277.418899: sys_ptrace -> 0x0
             exe-1050289 [002] ..... 1636277.418901: sys_ptrace(request: 4204, pid: 10072d, addr: 202, data: c000699c70)
             exe-1050289 [002] ..... 1636277.418904: sys_ptrace -> 0x0
             exe-1050289 [002] ..... 1636277.418913: sys_ptrace(request: 4205, pid: 10072d, addr: 1, data: c000699c70)
             exe-1050289 [002] ..... 1636277.418917: sys_ptrace -> 0x0
             exe-1050289 [002] ..... 1636277.418919: sys_ptrace(request: 4205, pid: 10072d, addr: 202, data: c000699c70)
             exe-1049567 [001] ..... 1636277.418923: sys_nanosleep -> 0x0
             exe-1049567 [001] ..... 1636277.418926: sys_nanosleep(rqtp: c000069f10, rmtp: 0)
             exe-1050289 [002] ..... 1636277.418934: sys_ptrace -> 0x0
             exe-1050289 [002] ..... 1636277.418936: sys_ptrace(request: 1f, pid: 10072d, addr: 0, data: 0)
             exe-1050289 [002] .N... 1636277.418946: sys_ptrace -> 0x0
             exe-1050413 [002] ..... 1636277.418959: sys_sched_setscheduler -> 0xffffffffffffffea
             exe-1050289 [002] ..... 1636277.418985: sys_wait4(upid: 10072d, stat_addr: c000699bf4, options: 40000002, ru: 0)
             exe-1050289 [002] ..... 1636277.418988: sys_wait4 -> 0x10072d
             exe-1050289 [002] ..... 1636277.418991: sys_ptrace(request: 4204, pid: 10072d, addr: 1, data: c000699c70)
             exe-1050289 [002] ..... 1636277.418997: sys_ptrace -> 0x0
             exe-1050289 [002] ..... 1636277.418999: sys_ptrace(request: 4204, pid: 10072d, addr: 202, data: c000699c70)
             exe-1050289 [002] ..... 1636277.419003: sys_ptrace -> 0x0
             exe-1049567 [001] ..... 1636277.419015: sys_nanosleep -> 0x0
             exe-1049567 [001] ..... 1636277.419017: sys_nanosleep(rqtp: c000069f10, rmtp: 0)
             exe-1050289 [002] ..... 1636277.419018: sys_pwrite64(fd: 63, buf: 7fd66edf9080, count: 34, pos: 36)
             exe-1050289 [002] ..... 1636277.419021: tracing_mark_write: sched_setscheduler(pid=0, policy=0x3, param=0x8) end
             exe-1050289 [002] ..... 1636277.481985: tracing_mark_write: sched_setscheduler(pid=1, policy=0x3, param=0x8) start
             exe-1050289 [002] ..... 1636277.481986: sys_pwrite64 -> 0x36
             exe-1050289 [002] ..... 1636277.481993: sys_ptrace(request: 4205, pid: 10072d, addr: 1, data: c000699c70)
             exe-1050289 [002] ..... 1636277.481995: sys_ptrace -> 0x0
             exe-1050289 [002] ..... 1636277.481997: sys_ptrace(request: 4205, pid: 10072d, addr: 202, data: c000699c70)
             exe-1050289 [002] ..... 1636277.482008: sys_ptrace -> 0x0
             exe-1050289 [002] ..... 1636277.482009: sys_ptrace(request: 1f, pid: 10072d, addr: 0, data: 0)
             exe-1050289 [002] .N... 1636277.482017: sys_ptrace -> 0x0
             exe-1050413 [002] ..... 1636277.482028: sys_write -> 0x36
             exe-1050289 [002] ..... 1636277.482049: sys_wait4(upid: 10072d, stat_addr: c000699bf4, options: 40000002, ru: 0)
             exe-1049567 [000] ..... 1636277.482050: sys_nanosleep -> 0x0
             exe-1050289 [002] ..... 1636277.482052: sys_wait4 -> 0x10072d
             exe-1050289 [002] ..... 1636277.482054: sys_ptrace(request: 4204, pid: 10072d, addr: 1, data: c000699c70)
             exe-1049567 [000] ..... 1636277.482056: sys_nanosleep(rqtp: c000069f10, rmtp: 0)
             exe-1050289 [002] ..... 1636277.482058: sys_ptrace -> 0x0
             exe-1050289 [002] ..... 1636277.482059: sys_ptrace(request: 4204, pid: 10072d, addr: 202, data: c000699c70)
             exe-1050289 [002] ..... 1636277.482062: sys_ptrace -> 0x0
             exe-1050289 [002] ..... 1636277.482068: sys_ptrace(request: 4205, pid: 10072d, addr: 1, data: c000699c70)
             exe-1050289 [002] ..... 1636277.482070: sys_ptrace -> 0x0
             exe-1050289 [002] ..... 1636277.482072: sys_ptrace(request: 4205, pid: 10072d, addr: 202, data: c000699c70)
             exe-1050289 [002] ..... 1636277.482081: sys_ptrace -> 0x0
             exe-1050289 [002] ..... 1636277.482083: sys_ptrace(request: 1f, pid: 10072d, addr: 0, data: 0)
             exe-1050289 [002] .N... 1636277.482089: sys_ptrace -> 0x0
             exe-1050413 [002] ..... 1636277.482100: sys_sched_setscheduler -> 0xffffffffffffffea
             exe-1050289 [002] ..... 1636277.482119: sys_wait4(upid: 10072d, stat_addr: c000699bf4, options: 40000002, ru: 0)
             exe-1050289 [002] ..... 1636277.482121: sys_wait4 -> 0x10072d
             exe-1050289 [002] ..... 1636277.482124: sys_ptrace(request: 4204, pid: 10072d, addr: 1, data: c000699c70)
             exe-1050289 [002] ..... 1636277.482128: sys_ptrace -> 0x0
             exe-1050289 [002] ..... 1636277.482129: sys_ptrace(request: 4204, pid: 10072d, addr: 202, data: c000699c70)
             exe-1050289 [002] ..... 1636277.482132: sys_ptrace -> 0x0
             exe-1050289 [002] ..... 1636277.482141: sys_pwrite64(fd: 63, buf: 7fd66edf9080, count: 34, pos: 36)
             exe-1050289 [002] ..... 1636277.482143: tracing_mark_write: sched_setscheduler(pid=1, policy=0x3, param=0x8) end
             exe-1050289 [002] ..... 1636277.546949: tracing_mark_write: sched_setscheduler(pid=50299, policy=0x3, param=0x7f9991500000) start
             exe-1049567 [000] ..... 1636277.546949: sys_nanosleep(rqtp: c000069f10, rmtp: 0)
             exe-1050289 [002] ..... 1636277.546951: sys_pwrite64 -> 0x45
             exe-1050289 [002] ..... 1636277.546958: sys_ptrace(request: 4205, pid: 10072d, addr: 1, data: c000699c70)
             exe-1050289 [002] ..... 1636277.546961: sys_ptrace -> 0x0
             exe-1050289 [002] ..... 1636277.546962: sys_ptrace(request: 4205, pid: 10072d, addr: 202, data: c000699c70)
             exe-1049673 [000] ..... 1636277.546965: sys_nanosleep -> 0x0
             exe-1049673 [000] ..... 1636277.546971: sys_nanosleep(rqtp: c000069f10, rmtp: 0)
             exe-1050289 [002] ..... 1636277.546974: sys_ptrace -> 0x0
             exe-1050289 [002] ..... 1636277.546976: sys_ptrace(request: 1f, pid: 10072d, addr: 0, data: 0)
             exe-1050289 [002] .N... 1636277.546984: sys_ptrace -> 0x0
             exe-1050413 [002] ..... 1636277.546995: sys_write -> 0x45
             exe-1050289 [002] ..... 1636277.547014: sys_wait4(upid: 10072d, stat_addr: c000699bf4, options: 40000002, ru: 0)
             exe-1050289 [002] ..... 1636277.547017: sys_wait4 -> 0x10072d
             exe-1050289 [002] ..... 1636277.547020: sys_ptrace(request: 4204, pid: 10072d, addr: 1, data: c000699c70)
             exe-1050289 [002] ..... 1636277.547024: sys_ptrace -> 0x0
             exe-1050289 [002] ..... 1636277.547025: sys_ptrace(request: 4204, pid: 10072d, addr: 202, data: c000699c70)
             exe-1050289 [002] ..... 1636277.547028: sys_ptrace -> 0x0
             exe-1050289 [002] ..... 1636277.547034: sys_ptrace(request: 4205, pid: 10072d, addr: 1, data: c000699c70)
             exe-1050289 [002] ..... 1636277.547037: sys_ptrace -> 0x0
             exe-1050289 [002] ..... 1636277.547038: sys_ptrace(request: 4205, pid: 10072d, addr: 202, data: c000699c70)
             exe-1050289 [002] ..... 1636277.547048: sys_ptrace -> 0x0
             exe-1050289 [002] ..... 1636277.547049: sys_ptrace(request: 1f, pid: 10072d, addr: 0, data: 0)
             exe-1050289 [002] .N... 1636277.547058: sys_ptrace -> 0x0
             exe-1050413 [002] ..... 1636277.547068: sys_sched_setscheduler -> 0xffffffffffffffea
             exe-1049567 [000] ..... 1636277.547078: sys_nanosleep -> 0x0
             exe-1049567 [000] ..... 1636277.547084: sys_nanosleep(rqtp: c000069f10, rmtp: 0)
             exe-1050289 [002] ..... 1636277.547088: sys_wait4(upid: 10072d, stat_addr: c000699bf4, options: 40000002, ru: 0)
             exe-1050289 [002] ..... 1636277.547090: sys_wait4 -> 0x10072d
             exe-1050289 [002] ..... 1636277.547093: sys_ptrace(request: 4204, pid: 10072d, addr: 1, data: c000699c70)
             exe-1050289 [002] ..... 1636277.547097: sys_ptrace -> 0x0
             exe-1050289 [002] ..... 1636277.547099: sys_ptrace(request: 4204, pid: 10072d, addr: 202, data: c000699c70)
             exe-1050289 [002] ..... 1636277.547101: sys_ptrace -> 0x0
             exe-1049673 [000] ..... 1636277.547103: sys_nanosleep -> 0x0
             exe-1049673 [000] ..... 1636277.547108: sys_nanosleep(rqtp: c000069f10, rmtp: 0)
             exe-1050289 [002] ..... 1636277.547110: sys_pwrite64(fd: 63, buf: 7fd66edf9080, count: 43, pos: 45)
             exe-1050289 [002] ..... 1636277.547112: tracing_mark_write: sched_setscheduler(pid=50299, policy=0x3, param=0x7f9991500000) end
             exe-1050289 [002] ..... 1636277.603735: tracing_mark_write: sched_setscheduler(pid=0, policy=0x3, param=0x7f9991000000) start
             exe-1049673 [000] ..... 1636277.603736: sys_nanosleep(rqtp: c000069f10, rmtp: 0)
             exe-1050289 [002] ..... 1636277.603737: sys_pwrite64 -> 0x41
             exe-1050289 [002] ..... 1636277.603743: sys_ptrace(request: 4205, pid: 10072d, addr: 1, data: c000699c70)
             exe-1050289 [002] ..... 1636277.603746: sys_ptrace -> 0x0
             exe-1050289 [002] ..... 1636277.603748: sys_ptrace(request: 4205, pid: 10072d, addr: 202, data: c000699c70)
             exe-1050289 [002] ..... 1636277.603760: sys_ptrace -> 0x0
             exe-1050289 [002] ..... 1636277.603762: sys_ptrace(request: 1f, pid: 10072d, addr: 0, data: 0)
             exe-1050289 [002] .N... 1636277.603770: sys_ptrace -> 0x0
             exe-1050413 [002] ..... 1636277.603781: sys_write -> 0x41
             exe-1050289 [002] ..... 1636277.603801: sys_wait4(upid: 10072d, stat_addr: c000699bf4, options: 40000002, ru: 0)
             exe-1050289 [002] ..... 1636277.603804: sys_wait4 -> 0x10072d
             exe-1050289 [002] ..... 1636277.603807: sys_ptrace(request: 4204, pid: 10072d, addr: 1, data: c000699c70)
             exe-1050289 [002] ..... 1636277.603811: sys_ptrace -> 0x0
             exe-1049567 [000] ..... 1636277.603812: sys_nanosleep -> 0x0
             exe-1050289 [002] ..... 1636277.603812: sys_ptrace(request: 4204, pid: 10072d, addr: 202, data: c000699c70)
             exe-1050289 [002] ..... 1636277.603815: sys_ptrace -> 0x0
             exe-1049567 [000] ..... 1636277.603817: sys_nanosleep(rqtp: c000069f10, rmtp: 0)
             exe-1050289 [002] ..... 1636277.603821: sys_ptrace(request: 4205, pid: 10072d, addr: 1, data: c000699c70)
             exe-1050289 [002] ..... 1636277.603824: sys_ptrace -> 0x0
             exe-1050289 [002] ..... 1636277.603825: sys_ptrace(request: 4205, pid: 10072d, addr: 202, data: c000699c70)
             exe-1050289 [002] ..... 1636277.603835: sys_ptrace -> 0x0
             exe-1049673 [000] ..... 1636277.603836: sys_nanosleep -> 0x0
             exe-1050289 [002] ..... 1636277.603837: sys_ptrace(request: 1f, pid: 10072d, addr: 0, data: 0)
             exe-1049673 [000] ..... 1636277.603841: sys_nanosleep(rqtp: c000069f10, rmtp: 0)
             exe-1050289 [002] .N... 1636277.603844: sys_ptrace -> 0x0
             exe-1050413 [002] ..... 1636277.603854: sys_sched_setscheduler -> 0xffffffffffffffea
             exe-1050289 [002] ..... 1636277.603874: sys_wait4(upid: 10072d, stat_addr: c000699bf4, options: 40000002, ru: 0)
             exe-1050289 [002] ..... 1636277.603876: sys_wait4 -> 0x10072d
             exe-1050289 [002] ..... 1636277.603879: sys_ptrace(request: 4204, pid: 10072d, addr: 1, data: c000699c70)
             exe-1050289 [002] ..... 1636277.603883: sys_ptrace -> 0x0
             exe-1050289 [002] ..... 1636277.603885: sys_ptrace(request: 4204, pid: 10072d, addr: 202, data: c000699c70)
             exe-1050289 [002] ..... 1636277.603887: sys_ptrace -> 0x0
             exe-1050289 [002] ..... 1636277.603898: sys_pwrite64(fd: 63, buf: 7fd66edf9080, count: 3f, pos: 41)
             exe-1050289 [002] ..... 1636277.603899: tracing_mark_write: sched_setscheduler(pid=0, policy=0x3, param=0x7f9991000000) end
             exe-1050289 [002] ..... 1636277.660148: tracing_mark_write: sched_setscheduler(pid=0, policy=0x3, param=0x7f99930d2000) start
             exe-1050289 [002] ..... 1636277.660151: sys_pwrite64 -> 0x41
             exe-1049673 [000] ..... 1636277.660159: sys_nanosleep -> 0x0
             exe-1050525 [003] ..... 1636277.660159: sys_futex(uaddr: c000383948, op: 80, val: 0, utime: 0, uaddr2: 0, val3: 0)
             exe-1050289 [002] ..... 1636277.660161: sys_ptrace(request: 4205, pid: 10072d, addr: 1, data: c000699c70)
             exe-1050282 [001] ..... 1636277.660163: sys_futex(uaddr: c00097a548, op: 81, val: 1, utime: 0, uaddr2: 0, val3: 0)
             exe-1049673 [000] ..... 1636277.660163: sys_nanosleep(rqtp: c000069f10, rmtp: 0)
             exe-1050289 [002] ..... 1636277.660165: sys_ptrace -> 0x0
             exe-1050289 [002] ..... 1636277.660167: sys_ptrace(request: 4205, pid: 10072d, addr: 202, data: c000699c70)
             exe-1050282 [001] ..... 1636277.660175: sys_futex -> 0x1
             exe-1050289 [002] ..... 1636277.660184: sys_ptrace -> 0x0
             exe-1050289 [002] ..... 1636277.660186: sys_ptrace(request: 1f, pid: 10072d, addr: 0, data: 0)
             exe-1049981 [000] ..... 1636277.660191: sys_futex -> 0x0
             exe-1050282 [001] ..... 1636277.660192: sys_epoll_pwait(epfd: 11, events: c000695840, maxevents: 80, timeout: 9, sigmask: 0, sigsetsize: 0)
             exe-1050289 [002] .N... 1636277.660195: sys_ptrace -> 0x0
             exe-1049981 [000] ..... 1636277.660201: sys_futex(uaddr: c00097a548, op: 80, val: 0, utime: 0, uaddr2: 0, val3: 0)
             exe-1050413 [002] ..... 1636277.660207: sys_write -> 0x41
             exe-1050289 [002] ..... 1636277.660230: sys_wait4(upid: 10072d, stat_addr: c000699bf4, options: 40000002, ru: 0)
             exe-1050289 [002] ..... 1636277.660233: sys_wait4 -> 0x10072d
             exe-1050289 [002] ..... 1636277.660235: sys_ptrace(request: 4204, pid: 10072d, addr: 1, data: c000699c70)
             exe-1050289 [002] ..... 1636277.660239: sys_ptrace -> 0x0
             exe-1050289 [002] ..... 1636277.660241: sys_ptrace(request: 4204, pid: 10072d, addr: 202, data: c000699c70)
             exe-1050289 [002] ..... 1636277.660244: sys_ptrace -> 0x0
             exe-1050289 [002] ..... 1636277.660250: sys_ptrace(request: 4205, pid: 10072d, addr: 1, data: c000699c70)
             exe-1050289 [002] ..... 1636277.660253: sys_ptrace -> 0x0
             exe-1050289 [002] ..... 1636277.660254: sys_ptrace(request: 4205, pid: 10072d, addr: 202, data: c000699c70)
             exe-1049567 [000] ..... 1636277.660261: sys_nanosleep -> 0x0
             exe-1050289 [002] ..... 1636277.660265: sys_ptrace -> 0x0
             exe-1049567 [000] ..... 1636277.660265: sys_nanosleep(rqtp: c000069f10, rmtp: 0)
             exe-1050289 [002] ..... 1636277.660266: sys_ptrace(request: 1f, pid: 10072d, addr: 0, data: 0)
             exe-1050289 [002] .N... 1636277.660273: sys_ptrace -> 0x0
             exe-1049673 [000] ..... 1636277.660279: sys_nanosleep -> 0x0
             exe-1050413 [002] ..... 1636277.660283: sys_sched_setscheduler -> 0xffffffffffffffea
             exe-1049673 [000] ..... 1636277.660284: sys_nanosleep(rqtp: c000069f10, rmtp: 0)
             exe-1050289 [002] ..... 1636277.660303: sys_wait4(upid: 10072d, stat_addr: c000699bf4, options: 40000002, ru: 0)
             exe-1050289 [002] ..... 1636277.660306: sys_wait4 -> 0x10072d
             exe-1050289 [002] ..... 1636277.660308: sys_ptrace(request: 4204, pid: 10072d, addr: 1, data: c000699c70)
             exe-1050289 [002] ..... 1636277.660311: sys_ptrace -> 0x0
             exe-1050289 [002] ..... 1636277.660313: sys_ptrace(request: 4204, pid: 10072d, addr: 202, data: c000699c70)
             exe-1050289 [002] ..... 1636277.660315: sys_ptrace -> 0x0
             exe-1050289 [002] ..... 1636277.660325: sys_pwrite64(fd: 63, buf: 7fd66edf9080, count: 3f, pos: 41)
             exe-1050289 [002] ..... 1636277.660327: tracing_mark_write: sched_setscheduler(pid=0, policy=0x3, param=0x7f99930d2000) end
             exe-1050289 [002] ..... 1636277.715187: tracing_mark_write: sched_setscheduler(pid=0, policy=0x3, param=0x7f9991200000) start
             exe-1049567 [000] ..... 1636277.715188: sys_nanosleep(rqtp: c000069f10, rmtp: 0)
             exe-1050289 [002] ..... 1636277.715189: sys_pwrite64 -> 0x41
             exe-1050289 [002] ..... 1636277.715196: sys_ptrace(request: 4205, pid: 10072d, addr: 1, data: c000699c70)
             exe-1050289 [002] ..... 1636277.715200: sys_ptrace -> 0x0
             exe-1050289 [002] ..... 1636277.715201: sys_ptrace(request: 4205, pid: 10072d, addr: 202, data: c000699c70)
             exe-1050289 [002] ..... 1636277.715215: sys_ptrace -> 0x0
             exe-1050289 [002] ..... 1636277.715217: sys_ptrace(request: 1f, pid: 10072d, addr: 0, data: 0)
             exe-1049673 [001] ..... 1636277.715224: sys_nanosleep -> 0x0
             exe-1050289 [002] .N... 1636277.715227: sys_ptrace -> 0x0
             exe-1049673 [001] ..... 1636277.715230: sys_nanosleep(rqtp: c000069f10, rmtp: 0)
             exe-1050413 [002] ..... 1636277.715239: sys_write -> 0x41
             exe-1050289 [002] ..... 1636277.715263: sys_wait4(upid: 10072d, stat_addr: c000699bf4, options: 40000002, ru: 0)
             exe-1050289 [002] ..... 1636277.715266: sys_wait4 -> 0x10072d
             exe-1050289 [002] ..... 1636277.715269: sys_ptrace(request: 4204, pid: 10072d, addr: 1, data: c000699c70)
             exe-1050289 [002] ..... 1636277.715275: sys_ptrace -> 0x0
             exe-1050289 [002] ..... 1636277.715277: sys_ptrace(request: 4204, pid: 10072d, addr: 202, data: c000699c70)
             exe-1049567 [000] ..... 1636277.715277: sys_nanosleep -> 0x0
             exe-1049567 [000] ..... 1636277.715279: sys_nanosleep(rqtp: c000069f10, rmtp: 0)
             exe-1050289 [002] ..... 1636277.715281: sys_ptrace -> 0x0
             exe-1050289 [002] ..... 1636277.715289: sys_ptrace(request: 4205, pid: 10072d, addr: 1, data: c000699c70)
             exe-1050289 [002] ..... 1636277.715293: sys_ptrace -> 0x0
             exe-1050289 [002] ..... 1636277.715294: sys_ptrace(request: 4205, pid: 10072d, addr: 202, data: c000699c70)
             exe-1050289 [002] ..... 1636277.715311: sys_ptrace -> 0x0
             exe-1050289 [002] ..... 1636277.715313: sys_ptrace(request: 1f, pid: 10072d, addr: 0, data: 0)
             exe-1050289 [002] .N... 1636277.715324: sys_ptrace -> 0x0
             exe-1050413 [002] ..... 1636277.715336: sys_sched_setscheduler -> 0xffffffffffffffea
             exe-1049673 [001] ..... 1636277.715338: sys_nanosleep -> 0x0
             exe-1049673 [001] ..... 1636277.715344: sys_nanosleep(rqtp: c000069f10, rmtp: 0)
             exe-1050289 [002] ..... 1636277.715361: sys_wait4(upid: 10072d, stat_addr: c000699bf4, options: 40000002, ru: 0)
             exe-1050289 [002] ..... 1636277.715364: sys_wait4 -> 0x10072d
             exe-1050289 [002] ..... 1636277.715367: sys_ptrace(request: 4204, pid: 10072d, addr: 1, data: c000699c70)
             exe-1049567 [000] ..... 1636277.715368: sys_nanosleep -> 0x0
             exe-1049567 [000] ..... 1636277.715370: sys_nanosleep(rqtp: c000069f10, rmtp: 0)
             exe-1050289 [002] ..... 1636277.715373: sys_ptrace -> 0x0
             exe-1050289 [002] ..... 1636277.715375: sys_ptrace(request: 4204, pid: 10072d, addr: 202, data: c000699c70)
             exe-1050289 [002] ..... 1636277.715380: sys_ptrace -> 0x0
             exe-1050289 [002] ..... 1636277.715398: sys_pwrite64(fd: 63, buf: 7fd66edf9080, count: 3f, pos: 41)
             exe-1050289 [002] ..... 1636277.715401: tracing_mark_write: sched_setscheduler(pid=0, policy=0x3, param=0x7f9991200000) end
             exe-1050289 [002] ..... 1636277.779451: tracing_mark_write: sched_setscheduler(pid=1, policy=0x3, param=0x7f9990e00000) start
             exe-1050289 [002] ..... 1636277.779453: sys_pwrite64 -> 0x41
             exe-1049567 [003] ..... 1636277.779455: sys_nanosleep -> 0x0
             exe-1049567 [003] ..... 1636277.779457: sys_nanosleep(rqtp: c000069f10, rmtp: 0)
             exe-1050289 [002] ..... 1636277.779460: sys_ptrace(request: 4205, pid: 10072d, addr: 1, data: c000699c70)
             exe-1050289 [002] ..... 1636277.779463: sys_ptrace -> 0x0
             exe-1050289 [002] ..... 1636277.779464: sys_ptrace(request: 4205, pid: 10072d, addr: 202, data: c000699c70)
             exe-1050289 [002] ..... 1636277.779476: sys_ptrace -> 0x0
             exe-1050289 [002] ..... 1636277.779478: sys_ptrace(request: 1f, pid: 10072d, addr: 0, data: 0)
             exe-1050289 [002] .N... 1636277.779485: sys_ptrace -> 0x0
             exe-1050413 [002] ..... 1636277.779496: sys_write -> 0x41
             exe-1050289 [002] ..... 1636277.779516: sys_wait4(upid: 10072d, stat_addr: c000699bf4, options: 40000002, ru: 0)
             exe-1050289 [002] ..... 1636277.779519: sys_wait4 -> 0x10072d
             exe-1050289 [002] ..... 1636277.779521: sys_ptrace(request: 4204, pid: 10072d, addr: 1, data: c000699c70)
             exe-1050289 [002] ..... 1636277.779525: sys_ptrace -> 0x0
             exe-1050289 [002] ..... 1636277.779527: sys_ptrace(request: 4204, pid: 10072d, addr: 202, data: c000699c70)
             exe-1050289 [002] ..... 1636277.779530: sys_ptrace -> 0x0
             exe-1050289 [002] ..... 1636277.779536: sys_ptrace(request: 4205, pid: 10072d, addr: 1, data: c000699c70)
             exe-1049673 [001] ..... 1636277.779538: sys_nanosleep -> 0x0
             exe-1050289 [002] ..... 1636277.779538: sys_ptrace -> 0x0
             exe-1050289 [002] ..... 1636277.779540: sys_ptrace(request: 4205, pid: 10072d, addr: 202, data: c000699c70)
             exe-1049673 [001] ..... 1636277.779540: sys_nanosleep(rqtp: c000069f10, rmtp: 0)
             exe-1049567 [003] ..... 1636277.779543: sys_nanosleep -> 0x0
             exe-1049567 [003] ..... 1636277.779545: sys_nanosleep(rqtp: c000069f10, rmtp: 0)
             exe-1050289 [002] ..... 1636277.779550: sys_ptrace -> 0x0
             exe-1050289 [002] ..... 1636277.779552: sys_ptrace(request: 1f, pid: 10072d, addr: 0, data: 0)
             exe-1050289 [002] .N... 1636277.779558: sys_ptrace -> 0x0
             exe-1050413 [002] ..... 1636277.779569: sys_sched_setscheduler -> 0xffffffffffffffea
             exe-1050289 [002] ..... 1636277.779588: sys_wait4(upid: 10072d, stat_addr: c000699bf4, options: 40000002, ru: 0)
             exe-1050289 [002] ..... 1636277.779591: sys_wait4 -> 0x10072d
             exe-1050289 [002] ..... 1636277.779593: sys_ptrace(request: 4204, pid: 10072d, addr: 1, data: c000699c70)
             exe-1050289 [002] ..... 1636277.779597: sys_ptrace -> 0x0
             exe-1050289 [002] ..... 1636277.779598: sys_ptrace(request: 4204, pid: 10072d, addr: 202, data: c000699c70)
             exe-1050289 [002] ..... 1636277.779601: sys_ptrace -> 0x0
             exe-1050289 [002] ..... 1636277.779611: sys_pwrite64(fd: 63, buf: 7fd66edf9080, count: 3f, pos: 41)
             exe-1050289 [002] ..... 1636277.779612: tracing_mark_write: sched_setscheduler(pid=1, policy=0x3, param=0x7f9990e00000) end
             exe-1050289 [002] ..... 1636277.834421: tracing_mark_write: sched_setscheduler(pid=1, policy=0x3, param=0x4) start
             exe-1050289 [002] ..... 1636277.834422: sys_pwrite64 -> 0x36
             exe-1049567 [003] ..... 1636277.834426: sys_nanosleep -> 0x0
             exe-1049567 [003] ..... 1636277.834428: sys_nanosleep(rqtp: c000069f10, rmtp: 0)
             exe-1050289 [002] ..... 1636277.834429: sys_ptrace(request: 4205, pid: 10072d, addr: 1, data: c000699c70)
             exe-1050289 [002] ..... 1636277.834432: sys_ptrace -> 0x0
             exe-1050289 [002] ..... 1636277.834433: sys_ptrace(request: 4205, pid: 10072d, addr: 202, data: c000699c70)
             exe-1050289 [002] ..... 1636277.834505: sys_ptrace -> 0x0
             exe-1050289 [002] ..... 1636277.834508: sys_ptrace(request: 1f, pid: 10072d, addr: 0, data: 0)
             exe-1050289 [002] .N... 1636277.834512: sys_ptrace -> 0x0
             exe-1049673 [001] ..... 1636277.834512: sys_nanosleep -> 0x0
             exe-1049673 [001] ..... 1636277.834515: sys_nanosleep(rqtp: c000069f10, rmtp: 0)
             exe-1050413 [002] ..... 1636277.834522: sys_write -> 0x36
             exe-1049567 [003] ..... 1636277.834525: sys_nanosleep -> 0x0
             exe-1049567 [003] ..... 1636277.834528: sys_nanosleep(rqtp: c000069f10, rmtp: 0)
