             exe-1049896 [000] ..... 1636268.729755: sys_ptrace(request: 4205, pid: 10074e, addr: 1, data: c000699c70)
             exe-1049896 [000] ..... 1636268.729757: sys_ptrace -> 0x0
             exe-1049896 [000] ..... 1636268.729759: sys_ptrace(request: 4205, pid: 10074e, addr: 202, data: c000699c70)
             exe-1049896 [000] ..... 1636268.729770: sys_ptrace -> 0x0
             exe-1049896 [000] ..... 1636268.729772: sys_ptrace(request: 1f, pid: 10074e, addr: 0, data: 0)
             exe-1049896 [000] .N... 1636268.729776: sys_ptrace -> 0x0
             exe-1050446 [000] ..... 1636268.729786: sys_sched_setscheduler -> 0xffffffffffffffea
             exe-1049896 [000] ..... 1636268.729808: sys_wait4(upid: 10074e, stat_addr: c000699bf4, options: 40000002, ru: 0)
             exe-1049896 [000] ..... 1636268.729811: sys_wait4 -> 0x10074e
             exe-1049896 [000] ..... 1636268.729813: sys_ptrace(request: 4204, pid: 10074e, addr: 1, data: c000699c70)
             exe-1049896 [000] ..... 1636268.729817: sys_ptrace -> 0x0
             exe-1049896 [000] ..... 1636268.729818: sys_ptrace(request: 4204, pid: 10074e, addr: 202, data: c000699c70)
             exe-1049896 [000] ..... 1636268.729821: sys_ptrace -> 0x0
             exe-1049896 [000] ..... 1636268.729834: sys_pwrite64(fd: 63, buf: 7fd66edf9080, count: 34, pos: 36)
             exe-1049896 [000] ..... 1636268.729836: tracing_mark_write: sched_setscheduler(pid=1, policy=0x1, param=0x1) end
             exe-1049896 [000] ..... 1636268.793434: tracing_mark_write: sched_setscheduler(pid=1, policy=0x1, param=0x7f9990e00000) start
             exe-1049896 [000] ..... 1636268.793436: sys_pwrite64 -> 0x41
             exe-1049896 [000] ..... 1636268.793443: sys_ptrace(request: 4205, pid: 10074e, addr: 1, data: c000699c70)
             exe-1049896 [000] ..... 1636268.793446: sys_ptrace -> 0x0
             exe-1049896 [000] ..... 1636268.793447: sys_ptrace(request: 4205, pid: 10074e, addr: 202, data: c000699c70)
             exe-1049896 [000] ..... 1636268.793460: sys_ptrace -> 0x0
             exe-1049896 [000] ..... 1636268.793462: sys_ptrace(request: 1f, pid: 10074e, addr: 0, data: 0)
             exe-1049896 [000] .N... 1636268.793466: sys_ptrace -> 0x0
             exe-1050446 [000] ..... 1636268.793476: sys_write -> 0x41
             exe-1049896 [000] ..... 1636268.793498: sys_wait4(upid: 10074e, stat_addr: c000699bf4, options: 40000002, ru: 0)
             exe-1049896 [000] ..... 1636268.793501: sys_wait4 -> 0x10074e
             exe-1049896 [000] ..... 1636268.793503: sys_ptrace(request: 4204, pid: 10074e, addr: 1, data: c000699c70)
             exe-1049896 [000] ..... 1636268.793507: sys_ptrace -> 0x0
             exe-1049896 [000] ..... 1636268.793508: sys_ptrace(request: 4204, pid: 10074e, addr: 202, data: c000699c70)
             exe-1049896 [000] ..... 1636268.793511: sys_ptrace -> 0x0
             exe-1049896 [000] ..... 1636268.793519: sys_ptrace(request: 4205, pid: 10074e, addr: 1, data: c000699c70)
             exe-1049896 [000] ..... 1636268.793521: sys_ptrace -> 0x0
             exe-1049896 [000] ..... 1636268.793523: sys_ptrace(request: 4205, pid: 10074e, addr: 202, data: c000699c70)
             exe-1049673 [002] ..... 1636268.793524: sys_nanosleep -> 0x0
             exe-1049673 [002] ..... 1636268.793526: sys_nanosleep(rqtp: c000069f10, rmtp: 0)
             exe-1049896 [000] ..... 1636268.793533: sys_ptrace -> 0x0
             exe-1049896 [000] ..... 1636268.793535: sys_ptrace(request: 1f, pid: 10074e, addr: 0, data: 0)
             exe-1049896 [000] .N... 1636268.793544: sys_ptrace -> 0x0
             exe-1050446 [000] ..... 1636268.793554: sys_sched_setscheduler -> 0xffffffffffffffea
             exe-1049896 [000] ..... 1636268.793574: sys_wait4(upid: 10074e, stat_addr: c000699bf4, options: 40000002, ru: 0)
             exe-1049896 [000] ..... 1636268.793577: sys_wait4 -> 0x10074e
             exe-1049896 [000] ..... 1636268.793579: sys_ptrace(request: 4204, pid: 10074e, addr: 1, data: c000699c70)
             exe-1049896 [000] ..... 1636268.793583: sys_ptrace -> 0x0
             exe-1049896 [000] ..... 1636268.793584: sys_ptrace(request: 4204, pid: 10074e, addr: 202, data: c000699c70)
             exe-1049896 [000] ..... 1636268.793587: sys_ptrace -> 0x0
             exe-1049896 [000] ..... 1636268.793597: sys_pwrite64(fd: 63, buf: 7fd66edf9080, count: 3f, pos: 41)
             exe-1049896 [000] ..... 1636268.793598: tracing_mark_write: sched_setscheduler(pid=1, policy=0x1, param=0x7f9990e00000) end
             exe-1049896 [000] ..... 1636268.851203: tracing_mark_write: sched_setscheduler(pid=0, policy=0x1, param=0x7f9990e00000) start
             exe-1049896 [000] ..... 1636268.851205: sys_pwrite64 -> 0x41
             exe-1049896 [000] ..... 1636268.851212: sys_ptrace(request: 4205, pid: 10074e, addr: 1, data: c000699c70)
             exe-1049896 [000] ..... 1636268.851215: sys_ptrace -> 0x0
             exe-1049896 [000] ..... 1636268.851216: sys_ptrace(request: 4205, pid: 10074e, addr: 202, data: c000699c70)
             exe-1049896 [000] ..... 1636268.851234: sys_ptrace -> 0x0
             exe-1049896 [000] ..... 1636268.851236: sys_ptrace(request: 1f, pid: 10074e, addr: 0, data: 0)
             exe-1049896 [000] .N... 1636268.851245: sys_ptrace -> 0x0
             exe-1050446 [000] ..... 1636268.851256: sys_write -> 0x41
             exe-1049896 [000] ..... 1636268.851274: sys_wait4(upid: 10074e, stat_addr: c000699bf4, options: 40000002, ru: 0)
             exe-1049896 [000] ..... 1636268.851277: sys_wait4 -> 0x10074e
             exe-1049896 [000] ..... 1636268.851279: sys_ptrace(request: 4204, pid: 10074e, addr: 1, data: c000699c70)
             exe-1049896 [000] ..... 1636268.851283: sys_ptrace -> 0x0
             exe-1049896 [000] ..... 1636268.851284: sys_ptrace(request: 4204, pid: 10074e, addr: 202, data: c000699c70)
             exe-1049896 [000] ..... 1636268.851286: sys_ptrace -> 0x0
             exe-1049896 [000] ..... 1636268.851293: sys_ptrace(request: 4205, pid: 10074e, addr: 1, data: c000699c70)
             exe-1049896 [000] ..... 1636268.851295: sys_ptrace -> 0x0
             exe-1049896 [000] ..... 1636268.851297: sys_ptrace(request: 4205, pid: 10074e, addr: 202, data: c000699c70)
             exe-1049896 [000] ..... 1636268.851306: sys_ptrace -> 0x0
             exe-1049896 [000] ..... 1636268.851307: sys_ptrace(request: 1f, pid: 10074e, addr: 0, data: 0)
             exe-1049896 [000] .N... 1636268.851314: sys_ptrace -> 0x0
             exe-1050446 [000] ..... 1636268.851324: sys_sched_setscheduler -> 0xffffffffffffffea
             exe-1049896 [000] ..... 1636268.851341: sys_wait4(upid: 10074e, stat_addr: c000699bf4, options: 40000002, ru: 0)
             exe-1049896 [000] ..... 1636268.851344: sys_wait4 -> 0x10074e
             exe-1049896 [000] ..... 1636268.851346: sys_ptrace(request: 4204, pid: 10074e, addr: 1, data: c000699c70)
             exe-1049896 [000] ..... 1636268.851349: sys_ptrace -> 0x0
             exe-1049896 [000] ..... 1636268.851351: sys_ptrace(request: 4204, pid: 10074e, addr: 202, data: c000699c70)
             exe-1049896 [000] ..... 1636268.851353: sys_ptrace -> 0x0
             exe-1049896 [000] ..... 1636268.851362: sys_pwrite64(fd: 63, buf: 7fd66edf9080, count: 3f, pos: 41)
             exe-1049896 [000] ..... 1636268.851364: tracing_mark_write: sched_setscheduler(pid=0, policy=0x1, param=0x7f9990e00000) end
             exe-1049896 [000] ..... 1636268.928236: tracing_mark_write: sched_setscheduler(pid=0, policy=0x1, param=0x7f99930c1000) start
             exe-1049896 [000] ..... 1636268.928238: sys_pwrite64 -> 0x41
             exe-1049896 [000] ..... 1636268.928246: sys_ptrace(request: 4205, pid: 10074e, addr: 1, data: c000699c70)
             exe-1049896 [000] ..... 1636268.928249: sys_ptrace -> 0x0
             exe-1049896 [000] ..... 1636268.928250: sys_ptrace(request: 4205, pid: 10074e, addr: 202, data: c000699c70)
             exe-1049896 [000] ..... 1636268.928262: sys_ptrace -> 0x0
             exe-1049673 [002] ..... 1636268.928262: sys_nanosleep -> 0x0
             exe-1049896 [000] ..... 1636268.928264: sys_ptrace(request: 1f, pid: 10074e, addr: 0, data: 0)
             exe-1049673 [002] ..... 1636268.928264: sys_nanosleep(rqtp: c000069f10, rmtp: 0)
             exe-1049896 [000] .N... 1636268.928268: sys_ptrace -> 0x0
             exe-1050446 [000] ..... 1636268.928278: sys_write -> 0x41
             exe-1049567 [000] ..... 1636268.928330: sys_nanosleep -> 0x0
             exe-1049567 [000] ..... 1636268.928336: sys_nanosleep(rqtp: c000069f10, rmtp: 0)
             exe-1049673 [002] ..... 1636268.928350: sys_nanosleep -> 0x0
             exe-1049896 [000] ..... 1636268.928351: sys_wait4(upid: 10074e, stat_addr: c000699bf4, options: 40000002, ru: 0)
             exe-1049673 [002] ..... 1636268.928352: sys_nanosleep(rqtp: c000069f10, rmtp: 0)
             exe-1049896 [000] ..... 1636268.928353: sys_wait4 -> 0x10074e
             exe-1049896 [000] ..... 1636268.928356: sys_ptrace(request: 4204, pid: 10074e, addr: 1, data: c000699c70)
             exe-1049896 [000] ..... 1636268.928360: sys_ptrace -> 0x0
             exe-1049896 [000] ..... 1636268.928362: sys_ptrace(request: 4204, pid: 10074e, addr: 202, data: c000699c70)
             exe-1049896 [000] ..... 1636268.928365: sys_ptrace -> 0x0
             exe-1049896 [000] ..... 1636268.928374: sys_ptrace(request: 4205, pid: 10074e, addr: 1, data: c000699c70)
             exe-1049896 [000] ..... 1636268.928376: sys_ptrace -> 0x0
             exe-1049896 [000] ..... 1636268.928378: sys_ptrace(request: 4205, pid: 10074e, addr: 202, data: c000699c70)
             exe-1049896 [000] ..... 1636268.928389: sys_ptrace -> 0x0
             exe-1049896 [000] ..... 1636268.928391: sys_ptrace(request: 1f, pid: 10074e, addr: 0, data: 0)
             exe-1049896 [000] .N... 1636268.928396: sys_ptrace -> 0x0
             exe-1050446 [000] ..... 1636268.928406: sys_sched_setscheduler -> 0xffffffffffffffea
             exe-1049673 [002] ..... 1636268.928451: sys_nanosleep -> 0x0
             exe-1049673 [002] ..... 1636268.928453: sys_nanosleep(rqtp: c000069f10, rmtp: 0)
             exe-1049567 [000] ..... 1636268.928467: sys_nanosleep -> 0x0
             exe-1049567 [000] ..... 1636268.928474: sys_nanosleep(rqtp: c000069f10, rmtp: 0)
             exe-1049896 [000] ..... 1636268.928495: sys_wait4(upid: 10074e, stat_addr: c000699bf4, options: 40000002, ru: 0)
             exe-1049896 [000] ..... 1636268.928498: sys_wait4 -> 0x10074e
             exe-1049896 [000] ..... 1636268.928500: sys_ptrace(request: 4204, pid: 10074e, addr: 1, data: c000699c70)
             exe-1049896 [000] ..... 1636268.928505: sys_ptrace -> 0x0
             exe-1049896 [000] ..... 1636268.928506: sys_ptrace(request: 4204, pid: 10074e, addr: 202, data: c000699c70)
             exe-1049896 [000] ..... 1636268.928509: sys_ptrace -> 0x0
             exe-1049896 [000] ..... 1636268.928524: sys_pwrite64(fd: 63, buf: 7fd66edf9080, count: 3f, pos: 41)
             exe-1049896 [000] ..... 1636268.928526: tracing_mark_write: sched_setscheduler(pid=0, policy=0x1, param=0x7f99930c1000) end
             exe-1049896 [000] ..... 1636268.985573: tracing_mark_write: sched_setscheduler(pid=50299, policy=0x1, param=0x4) start
             exe-1049896 [000] ..... 1636268.985574: sys_pwrite64 -> 0x3a
             exe-1049896 [000] ..... 1636268.985581: sys_ptrace(request: 4205, pid: 10074e, addr: 1, data: c000699c70)
             exe-1049896 [000] ..... 1636268.985584: sys_ptrace -> 0x0
             exe-1049896 [000] ..... 1636268.985586: sys_ptrace(request: 4205, pid: 10074e, addr: 202, data: c000699c70)
             exe-1049896 [000] ..... 1636268.985597: sys_ptrace -> 0x0
             exe-1049896 [000] ..... 1636268.985599: sys_ptrace(request: 1f, pid: 10074e, addr: 0, data: 0)
             exe-1049896 [000] .N... 1636268.985606: sys_ptrace -> 0x0
             exe-1050446 [000] ..... 1636268.985617: sys_write -> 0x3a
             exe-1049673 [002] ..... 1636268.985628: sys_nanosleep -> 0x0
             exe-1049673 [002] ..... 1636268.985630: sys_nanosleep(rqtp: c000069f10, rmtp: 0)
             exe-1049567 [000] ..... 1636268.985664: sys_nanosleep -> 0x0
             exe-1049567 [000] ..... 1636268.985670: sys_nanosleep(rqtp: c000069f10, rmtp: 0)
             exe-1049896 [000] ..... 1636268.985685: sys_wait4(upid: 10074e, stat_addr: c000699bf4, options: 40000002, ru: 0)
             exe-1049896 [000] ..... 1636268.985687: sys_wait4 -> 0x10074e
             exe-1049896 [000] ..... 1636268.985690: sys_ptrace(request: 4204, pid: 10074e, addr: 1, data: c000699c70)
             exe-1049896 [000] ..... 1636268.985694: sys_ptrace -> 0x0
             exe-1049896 [000] ..... 1636268.985695: sys_ptrace(request: 4204, pid: 10074e, addr: 202, data: c000699c70)
             exe-1049896 [000] ..... 1636268.985698: sys_ptrace -> 0x0
             exe-1049896 [000] ..... 1636268.985706: sys_ptrace(request: 4205, pid: 10074e, addr: 1, data: c000699c70)
             exe-1049896 [000] ..... 1636268.985709: sys_ptrace -> 0x0
             exe-1049896 [000] ..... 1636268.985710: sys_ptrace(request: 4205, pid: 10074e, addr: 202, data: c000699c70)
             exe-1049673 [002] ..... 1636268.985722: sys_nanosleep -> 0x0
             exe-1049896 [000] ..... 1636268.985722: sys_ptrace -> 0x0
             exe-1049673 [002] ..... 1636268.985724: sys_nanosleep(rqtp: c000069f10, rmtp: 0)
             exe-1049896 [000] ..... 1636268.985724: sys_ptrace(request: 1f, pid: 10074e, addr: 0, data: 0)
             exe-1049896 [000] .N... 1636268.985729: sys_ptrace -> 0x0
             exe-1050446 [000] ..... 1636268.985738: sys_sched_setscheduler -> 0xffffffffffffffea
             exe-1049896 [000] ..... 1636268.985760: sys_wait4(upid: 10074e, stat_addr: c000699bf4, options: 40000002, ru: 0)
             exe-1049896 [000] ..... 1636268.985763: sys_wait4 -> 0x10074e
             exe-1049896 [000] ..... 1636268.985766: sys_ptrace(request: 4204, pid: 10074e, addr: 1, data: c000699c70)
             exe-1049896 [000] ..... 1636268.985769: sys_ptrace -> 0x0
             exe-1049896 [000] ..... 1636268.985771: sys_ptrace(request: 4204, pid: 10074e, addr: 202, data: c000699c70)
             exe-1049896 [000] ..... 1636268.985773: sys_ptrace -> 0x0
             exe-1049896 [000] ..... 1636268.985786: sys_pwrite64(fd: 63, buf: 7fd66edf9080, count: 38, pos: 3a)
             exe-1049896 [000] ..... 1636268.985788: tracing_mark_write: sched_setscheduler(pid=50299, policy=0x1, param=0x4) end
             exe-1049896 [000] ..... 1636269.062474: tracing_mark_write: sched_setscheduler(pid=1, policy=0x1, param=0x1) start
             exe-1049896 [000] ..... 1636269.062475: sys_pwrite64 -> 0x36
             exe-1049896 [000] ..... 1636269.062482: sys_ptrace(request: 4205, pid: 10074e, addr: 1, data: c000699c70)
             exe-1049896 [000] ..... 1636269.062484: sys_ptrace -> 0x0
             exe-1049673 [001] ..... 1636269.062484: sys_nanosleep -> 0x0
             exe-1049896 [000] ..... 1636269.062486: sys_ptrace(request: 4205, pid: 10074e, addr: 202, data: c000699c70)
             exe-1049673 [001] ..... 1636269.062489: sys_nanosleep(rqtp: c000069f10, rmtp: 0)
             exe-1049896 [000] ..... 1636269.062495: sys_ptrace -> 0x0
             exe-1049896 [000] ..... 1636269.062497: sys_ptrace(request: 1f, pid: 10074e, addr: 0, data: 0)
             exe-1049896 [000] .N... 1636269.062504: sys_ptrace -> 0x0
             exe-1050446 [000] ..... 1636269.062514: sys_write -> 0x36
             exe-1049896 [000] ..... 1636269.062532: sys_wait4(upid: 10074e, stat_addr: c000699bf4, options: 40000002, ru: 0)
             exe-1049896 [000] ..... 1636269.062534: sys_wait4 -> 0x10074e
             exe-1049896 [000] ..... 1636269.062537: sys_ptrace(request: 4204, pid: 10074e, addr: 1, data: c000699c70)
             exe-1049896 [000] ..... 1636269.062540: sys_ptrace -> 0x0
             exe-1049896 [000] ..... 1636269.062542: sys_ptrace(request: 4204, pid: 10074e, addr: 202, data: c000699c70)
             exe-1049896 [000] ..... 1636269.062544: sys_ptrace -> 0x0
             exe-1049896 [000] ..... 1636269.062549: sys_ptrace(request: 4205, pid: 10074e, addr: 1, data: c000699c70)
             exe-1049896 [000] ..... 1636269.062552: sys_ptrace -> 0x0
             exe-1049896 [000] ..... 1636269.062553: sys_ptrace(request: 4205, pid: 10074e, addr: 202, data: c000699c70)
             exe-1049896 [000] ..... 1636269.062562: sys_ptrace -> 0x0
             exe-1049896 [000] ..... 1636269.062563: sys_ptrace(request: 1f, pid: 10074e, addr: 0, data: 0)
             exe-1049896 [000] .N... 1636269.062569: sys_ptrace -> 0x0
             exe-1050446 [000] ..... 1636269.062579: sys_sched_setscheduler -> 0xffffffffffffffea
             exe-1049673 [001] ..... 1636269.062589: sys_nanosleep -> 0x0
             exe-1049673 [001] ..... 1636269.062594: sys_nanosleep(rqtp: c000069f10, rmtp: 0)
             exe-1049896 [000] ..... 1636269.062597: sys_wait4(upid: 10074e, stat_addr: c000699bf4, options: 40000002, ru: 0)
             exe-1049896 [000] ..... 1636269.062599: sys_wait4 -> 0x10074e
             exe-1049896 [000] ..... 1636269.062601: sys_ptrace(request: 4204, pid: 10074e, addr: 1, data: c000699c70)
             exe-1049896 [000] ..... 1636269.062604: sys_ptrace -> 0x0
             exe-1049896 [000] ..... 1636269.062606: sys_ptrace(request: 4204, pid: 10074e, addr: 202, data: c000699c70)
             exe-1049896 [000] ..... 1636269.062609: sys_ptrace -> 0x0
             exe-1049896 [000] ..... 1636269.062618: sys_pwrite64(fd: 63, buf: 7fd66edf9080, count: 34, pos: 36)
             exe-1049896 [000] ..... 1636269.062619: tracing_mark_write: sched_setscheduler(pid=1, policy=0x1, param=0x1) end
             exe-1049896 [000] ..... 1636269.134892: tracing_mark_write: sched_setscheduler(pid=0, policy=0x1, param=0x1) start
             exe-1049896 [000] ..... 1636269.134894: sys_pwrite64 -> 0x36
             exe-1049896 [000] ..... 1636269.134904: sys_ptrace(request: 4205, pid: 10074e, addr: 1, data: c000699c70)
             exe-1049896 [000] ..... 1636269.134908: sys_ptrace -> 0x0
             exe-1049896 [000] ..... 1636269.134910: sys_ptrace(request: 4205, pid: 10074e, addr: 202, data: c000699c70)
             exe-1049896 [000] ..... 1636269.134924: sys_ptrace -> 0x0
             exe-1049896 [000] ..... 1636269.134927: sys_ptrace(request: 1f, pid: 10074e, addr: 0, data: 0)
             exe-1049896 [000] .N... 1636269.134937: sys_ptrace -> 0x0
             exe-1050446 [000] ..... 1636269.134951: sys_write -> 0x36
             exe-1049673 [001] ..... 1636269.134967: sys_nanosleep -> 0x0
             exe-1049673 [001] ..... 1636269.134969: sys_nanosleep(rqtp: c000069f10, rmtp: 0)
             exe-1049896 [000] ..... 1636269.134975: sys_wait4(upid: 10074e, stat_addr: c000699bf4, options: 40000002, ru: 0)
             exe-1049896 [000] ..... 1636269.134978: sys_wait4 -> 0x10074e
             exe-1049896 [000] ..... 1636269.134981: sys_ptrace(request: 4204, pid: 10074e, addr: 1, data: c000699c70)
             exe-1049896 [000] ..... 1636269.134986: sys_ptrace -> 0x0
             exe-1049896 [000] ..... 1636269.134988: sys_ptrace(request: 4204, pid: 10074e, addr: 202, data: c000699c70)
             exe-1049896 [000] ..... 1636269.134992: sys_ptrace -> 0x0
             exe-1049896 [000] ..... 1636269.135000: sys_ptrace(request: 4205, pid: 10074e, addr: 1, data: c000699c70)
             exe-1049896 [000] ..... 1636269.135004: sys_ptrace -> 0x0
             exe-1049896 [000] ..... 1636269.135008: sys_ptrace(request: 4205, pid: 10074e, addr: 202, data: c000699c70)
             exe-1049896 [000] ..... 1636269.135022: sys_ptrace -> 0x0
             exe-1049896 [000] ..... 1636269.135025: sys_ptrace(request: 1f, pid: 10074e, addr: 0, data: 0)
             exe-1049896 [000] .N... 1636269.135035: sys_ptrace -> 0x0
             exe-1049567 [003] ..... 1636269.135047: sys_nanosleep -> 0x0
             exe-1050446 [000] ..... 1636269.135048: sys_sched_setscheduler -> 0xffffffffffffffea
             exe-1049567 [003] ..... 1636269.135051: sys_nanosleep(rqtp: c000069f10, rmtp: 0)
             exe-1049673 [001] ..... 1636269.135055: sys_nanosleep -> 0x0
             exe-1049673 [001] ..... 1636269.135057: sys_nanosleep(rqtp: c000069f10, rmtp: 0)
             exe-1049896 [000] ..... 1636269.135073: sys_wait4(upid: 10074e, stat_addr: c000699bf4, options: 40000002, ru: 0)
             exe-1049896 [000] ..... 1636269.135077: sys_wait4 -> 0x10074e
             exe-1049896 [000] ..... 1636269.135080: sys_ptrace(request: 4204, pid: 10074e, addr: 1, data: c000699c70)
             exe-1049896 [000] ..... 1636269.135085: sys_ptrace -> 0x0
             exe-1049896 [000] ..... 1636269.135087: sys_ptrace(request: 4204, pid: 10074e, addr: 202, data: c000699c70)
             exe-1049896 [000] ..... 1636269.135091: sys_ptrace -> 0x0
             exe-1049896 [000] ..... 1636269.135106: sys_pwrite64(fd: 63, buf: 7fd66edf9080, count: 34, pos: 36)
             exe-1049896 [000] ..... 1636269.135109: tracing_mark_write: sched_setscheduler(pid=0, policy=0x1, param=0x1) end
             exe-1049896 [000] ..... 1636269.199044: tracing_mark_write: sched_setscheduler(pid=0, policy=0x1, param=0x4) start
             exe-1049896 [000] ..... 1636269.199046: sys_pwrite64 -> 0x36
             exe-1049673 [001] ..... 1636269.199051: sys_nanosleep -> 0x0
             exe-1049896 [000] ..... 1636269.199054: sys_ptrace(request: 4205, pid: 10074e, addr: 1, data: c000699c70)
             exe-1049673 [001] ..... 1636269.199056: sys_nanosleep(rqtp: c000069f10, rmtp: 0)
             exe-1049896 [000] ..... 1636269.199058: sys_ptrace -> 0x0
             exe-1049896 [000] ..... 1636269.199060: sys_ptrace(request: 4205, pid: 10074e, addr: 202, data: c000699c70)
             exe-1049896 [000] ..... 1636269.199073: sys_ptrace -> 0x0
             exe-1049896 [000] ..... 1636269.199075: sys_ptrace(request: 1f, pid: 10074e, addr: 0, data: 0)
             exe-1049896 [000] .N... 1636269.199084: sys_ptrace -> 0x0
             exe-1050446 [000] ..... 1636269.199097: sys_write -> 0x36
             exe-1049567 [003] ..... 1636269.199108: sys_nanosleep -> 0x0
             exe-1049567 [003] ..... 1636269.199110: sys_nanosleep(rqtp: c000069f10, rmtp: 0)
             exe-1049896 [000] ..... 1636269.199120: sys_wait4(upid: 10074e, stat_addr: c000699bf4, options: 40000002, ru: 0)
             exe-1049896 [000] ..... 1636269.199123: sys_wait4 -> 0x10074e
             exe-1049896 [000] ..... 1636269.199126: sys_ptrace(request: 4204, pid: 10074e, addr: 1, data: c000699c70)
             exe-1049896 [000] ..... 1636269.199131: sys_ptrace -> 0x0
             exe-1049896 [000] ..... 1636269.199133: sys_ptrace(request: 4204, pid: 10074e, addr: 202, data: c000699c70)
             exe-1049896 [000] ..... 1636269.199138: sys_ptrace -> 0x0
             exe-1049896 [000] ..... 1636269.199144: sys_ptrace(request: 4205, pid: 10074e, addr: 1, data: c000699c70)
             exe-1049896 [000] ..... 1636269.199148: sys_ptrace -> 0x0
             exe-1049896 [000] ..... 1636269.199150: sys_ptrace(request: 4205, pid: 10074e, addr: 202, data: c000699c70)
             exe-1049673 [001] ..... 1636269.199156: sys_nanosleep -> 0x0
             exe-1049673 [001] ..... 1636269.199161: sys_nanosleep(rqtp: c000069f10, rmtp: 0)
             exe-1049896 [000] ..... 1636269.199161: sys_ptrace -> 0x0
             exe-1049896 [000] ..... 1636269.199164: sys_ptrace(request: 1f, pid: 10074e, addr: 0, data: 0)
             exe-1049896 [000] .N... 1636269.199172: sys_ptrace -> 0x0
             exe-1050446 [000] ..... 1636269.199184: sys_sched_setscheduler -> 0xffffffffffffffea
             exe-1049567 [003] ..... 1636269.199201: sys_nanosleep -> 0x0
             exe-1049567 [003] ..... 1636269.199204: sys_nanosleep(rqtp: c000069f10, rmtp: 0)
             exe-1049896 [000] ..... 1636269.199207: sys_wait4(upid: 10074e, stat_addr: c000699bf4, options: 40000002, ru: 0)
             exe-1049896 [000] ..... 1636269.199211: sys_wait4 -> 0x10074e
             exe-1049896 [000] ..... 1636269.199213: sys_ptrace(request: 4204, pid: 10074e, addr: 1, data: c000699c70)
             exe-1049896 [000] ..... 1636269.199219: sys_ptrace -> 0x0
             exe-1049896 [000] ..... 1636269.199221: sys_ptrace(request: 4204, pid: 10074e, addr: 202, data: c000699c70)
             exe-1049896 [000] ..... 1636269.199224: sys_ptrace -> 0x0
             exe-1049896 [000] ..... 1636269.199236: sys_pwrite64(fd: 63, buf: 7fd66edf9080, count: 34, pos: 36)
             exe-1049896 [000] ..... 1636269.199237: tracing_mark_write: sched_setscheduler(pid=0, policy=0x1, param=0x4) end
             exe-1049896 [000] ..... 1636269.263336: tracing_mark_write: sched_setscheduler(pid=1, policy=0x1, param=0x8) start
             exe-1049896 [000] ..... 1636269.263339: sys_pwrite64 -> 0x36
             exe-1049896 [000] ..... 1636269.263348: sys_ptrace(request: 4205, pid: 10074e, addr: 1, data: c000699c70)
             exe-1049896 [000] ..... 1636269.263353: sys_ptrace -> 0x0
             exe-1049896 [000] ..... 1636269.263354: sys_ptrace(request: 4205, pid: 10074e, addr: 202, data: c000699c70)
             exe-1049896 [000] ..... 1636269.263367: sys_ptrace -> 0x0
             exe-1049896 [000] ..... 1636269.263368: sys_ptrace(request: 1f, pid: 10074e, addr: 0, data: 0)
             exe-1049981 [002] ..... 1636269.263373: sys_futex -> 0x0
             exe-1049896 [000] .N... 1636269.263379: sys_ptrace -> 0x0
             exe-1049981 [002] ..... 1636269.263388: sys_futex(uaddr: c00097a548, op: 80, val: 0, utime: 0, uaddr2: 0, val3: 0)
             exe-1050446 [000] ..... 1636269.263393: sys_write -> 0x36
             exe-1049567 [003] ..... 1636269.263410: sys_nanosleep -> 0x0
             exe-1049567 [003] ..... 1636269.263412: sys_nanosleep(rqtp: c000069f10, rmtp: 0)
             exe-1049896 [000] ..... 1636269.263420: sys_wait4(upid: 10074e, stat_addr: c000699bf4, options: 40000002, ru: 0)
             exe-1049896 [000] ..... 1636269.263424: sys_wait4 -> 0x10074e
             exe-1049673 [001] ..... 1636269.263424: sys_nanosleep -> 0x0
             exe-1049896 [000] ..... 1636269.263427: sys_ptrace(request: 4204, pid: 10074e, addr: 1, data: c000699c70)
             exe-1049673 [001] ..... 1636269.263427: sys_nanosleep(rqtp: c000069f10, rmtp: 0)
             exe-1049896 [000] ..... 1636269.263432: sys_ptrace -> 0x0
             exe-1049896 [000] ..... 1636269.263434: sys_ptrace(request: 4204, pid: 10074e, addr: 202, data: c000699c70)
             exe-1049896 [000] ..... 1636269.263438: sys_ptrace -> 0x0
             exe-1049896 [000] ..... 1636269.263446: sys_ptrace(request: 4205, pid: 10074e, addr: 1, data: c000699c70)
             exe-1049896 [000] ..... 1636269.263449: sys_ptrace -> 0x0
             exe-1049896 [000] ..... 1636269.263452: sys_ptrace(request: 4205, pid: 10074e, addr: 202, data: c000699c70)
             exe-1049896 [000] ..... 1636269.263466: sys_ptrace -> 0x0
             exe-1049896 [000] ..... 1636269.263468: sys_ptrace(request: 1f, pid: 10074e, addr: 0, data: 0)
             exe-1049896 [000] .N... 1636269.263478: sys_ptrace -> 0x0
             exe-1050446 [000] ..... 1636269.263491: sys_sched_setscheduler -> 0xffffffffffffffea
             exe-1049567 [003] ..... 1636269.263502: sys_nanosleep -> 0x0
             exe-1049567 [003] ..... 1636269.263504: sys_nanosleep(rqtp: c000069f10, rmtp: 0)
             exe-1049673 [001] ..... 1636269.263515: sys_nanosleep -> 0x0
             exe-1049896 [000] ..... 1636269.263515: sys_wait4(upid: 10074e, stat_addr: c000699bf4, options: 40000002, ru: 0)
             exe-1049673 [001] ..... 1636269.263517: sys_nanosleep(rqtp: c000069f10, rmtp: 0)
             exe-1049896 [000] ..... 1636269.263518: sys_wait4 -> 0x10074e
             exe-1049896 [000] ..... 1636269.263521: sys_ptrace(request: 4204, pid: 10074e, addr: 1, data: c000699c70)
             exe-1049896 [000] ..... 1636269.263525: sys_ptrace -> 0x0
             exe-1049896 [000] ..... 1636269.263527: sys_ptrace(request: 4204, pid: 10074e, addr: 202, data: c000699c70)
             exe-1049896 [000] ..... 1636269.263529: sys_ptrace -> 0x0
             exe-1049896 [000] ..... 1636269.263540: sys_pwrite64(fd: 63, buf: 7fd66edf9080, count: 34, pos: 36)
             exe-1049896 [000] ..... 1636269.263542: tracing_mark_write: sched_setscheduler(pid=1, policy=0x1, param=0x8) end
             exe-1049896 [001] ..... 1636269.348034: tracing_mark_write: sched_setscheduler(pid=0, policy=0x1, param=0x7f99930c2000) start
             exe-1049896 [001] ..... 1636269.348036: sys_pwrite64 -> 0x41
             exe-1049896 [001] ..... 1636269.348041: sys_ptrace(request: 4205, pid: 10074e, addr: 1, data: c000699c70)
             exe-1049896 [001] ..... 1636269.348043: sys_ptrace -> 0x0
             exe-1049896 [001] ..... 1636269.348045: sys_ptrace(request: 4205, pid: 10074e, addr: 202, data: c000699c70)
             exe-1049673 [000] ..... 1636269.348056: sys_nanosleep -> 0x0
             exe-1049896 [001] ..... 1636269.348061: sys_ptrace -> 0x0
             exe-1049896 [001] ..... 1636269.348063: sys_ptrace(request: 1f, pid: 10074e, addr: 0, data: 0)
             exe-1049673 [000] ..... 1636269.348064: sys_futex(uaddr: 1f09dc0, op: 80, val: 0, utime: c000069eb0, uaddr2: 0, val3: 0)
             exe-1049896 [001] ..... 1636269.348070: sys_ptrace -> 0x0
             exe-1049896 [001] ..... 1636269.348072: sys_wait4(upid: 10074e, stat_addr: c000699bf4, options: 40000002, ru: 0)
             exe-1049567 [003] ..... 1636269.348082: sys_nanosleep -> 0x0
             exe-1049567 [003] ..... 1636269.348084: sys_nanosleep(rqtp: c000069f10, rmtp: 0)
             exe-1050446 [000] ..... 1636269.348088: sys_write -> 0x41
             exe-1049896 [001] ..... 1636269.348114: sys_wait4 -> 0x10074e
             exe-1049896 [001] ..... 1636269.348116: sys_ptrace(request: 4204, pid: 10074e, addr: 1, data: c000699c70)
             exe-1049896 [001] ..... 1636269.348119: sys_ptrace -> 0x0
             exe-1049896 [001] ..... 1636269.348120: sys_ptrace(request: 4204, pid: 10074e, addr: 202, data: c000699c70)
             exe-1049896 [001] ..... 1636269.348122: sys_ptrace -> 0x0
             exe-1049896 [001] ..... 1636269.348127: sys_ptrace(request: 4205, pid: 10074e, addr: 1, data: c000699c70)
             exe-1049896 [001] ..... 1636269.348130: sys_ptrace -> 0x0
             exe-1049896 [001] ..... 1636269.348131: sys_ptrace(request: 4205, pid: 10074e, addr: 202, data: c000699c70)
             exe-1049896 [001] ..... 1636269.348137: sys_ptrace -> 0x0
             exe-1049896 [001] ..... 1636269.348138: sys_ptrace(request: 1f, pid: 10074e, addr: 0, data: 0)
             exe-1049896 [001] ..... 1636269.348144: sys_ptrace -> 0x0
             exe-1049896 [001] ..... 1636269.348146: sys_wait4(upid: 10074e, stat_addr: c000699bf4, options: 40000002, ru: 0)
             exe-1050446 [000] ..... 1636269.348153: sys_sched_setscheduler -> 0xffffffffffffffea
             exe-1049896 [001] ..... 1636269.348172: sys_wait4 -> 0x10074e
             exe-1049567 [003] ..... 1636269.348173: sys_nanosleep -> 0x0
             exe-1049896 [001] ..... 1636269.348175: sys_ptrace(request: 4204, pid: 10074e, addr: 1, data: c000699c70)
             exe-1049567 [003] ..... 1636269.348175: sys_nanosleep(rqtp: c000069f10, rmtp: 0)
             exe-1049896 [001] ..... 1636269.348177: sys_ptrace -> 0x0
             exe-1049896 [001] ..... 1636269.348179: sys_ptrace(request: 4204, pid: 10074e, addr: 202, data: c000699c70)
             exe-1049896 [001] ..... 1636269.348181: sys_ptrace -> 0x0
             exe-1049896 [001] ..... 1636269.348186: sys_pwrite64(fd: 63, buf: 7fd66edf9080, count: 3f, pos: 41)
             exe-1049896 [001] ..... 1636269.348187: tracing_mark_write: sched_setscheduler(pid=0, policy=0x1, param=0x7f99930c2000) end
             exe-1049896 [001] ..... 1636269.411428: tracing_mark_write: sched_setscheduler(pid=50299, policy=0x1, param=0x7f9991000000) start
             exe-1049896 [001] ..... 1636269.411430: sys_pwrite64 -> 0x45
             exe-1049567 [002] ..... 1636269.411431: sys_nanosleep(rqtp: c000069f10, rmtp: 0)
             exe-1049896 [001] ..... 1636269.411436: sys_ptrace(request: 4205, pid: 10074e, addr: 1, data: c000699c70)
             exe-1049896 [001] ..... 1636269.411439: sys_ptrace -> 0x0
             exe-1049896 [001] ..... 1636269.411440: sys_ptrace(request: 4205, pid: 10074e, addr: 202, data: c000699c70)
             exe-1049896 [001] ..... 1636269.411451: sys_ptrace -> 0x0
             exe-1049896 [001] ..... 1636269.411453: sys_ptrace(request: 1f, pid: 10074e, addr: 0, data: 0)
             exe-1049896 [001] .N... 1636269.411460: sys_ptrace -> 0x0
             exe-1050446 [001] ..... 1636269.411471: sys_write -> 0x45
             exe-1049896 [001] ..... 1636269.411490: sys_wait4(upid: 10074e, stat_addr: c000699bf4, options: 40000002, ru: 0)
             exe-1049896 [001] ..... 1636269.411493: sys_wait4 -> 0x10074e
             exe-1049896 [001] ..... 1636269.411496: sys_ptrace(request: 4204, pid: 10074e, addr: 1, data: c000699c70)
             exe-1049896 [001] ..... 1636269.411499: sys_ptrace -> 0x0
             exe-1049896 [001] ..... 1636269.411501: sys_ptrace(request: 4204, pid: 10074e, addr: 202, data: c000699c70)
             exe-1049896 [001] ..... 1636269.411503: sys_ptrace -> 0x0
             exe-1049896 [001] ..... 1636269.411509: sys_ptrace(request: 4205, pid: 10074e, addr: 1, data: c000699c70)
             exe-1049896 [001] ..... 1636269.411512: sys_ptrace -> 0x0
             exe-1049896 [001] ..... 1636269.411513: sys_ptrace(request: 4205, pid: 10074e, addr: 202, data: c000699c70)
             exe-1049896 [001] ..... 1636269.411523: sys_ptrace -> 0x0
             exe-1049896 [001] ..... 1636269.411524: sys_ptrace(request: 1f, pid: 10074e, addr: 0, data: 0)
             exe-1049896 [001] .N... 1636269.411531: sys_ptrace -> 0x0
             exe-1049567 [002] ..... 1636269.411535: sys_nanosleep -> 0x0
             exe-1049567 [002] ..... 1636269.411540: sys_nanosleep(rqtp: c000069f10, rmtp: 0)
             exe-1050446 [001] ..... 1636269.411541: sys_sched_setscheduler -> 0xffffffffffffffea
             exe-1049896 [001] ..... 1636269.411560: sys_wait4(upid: 10074e, stat_addr: c000699bf4, options: 40000002, ru: 0)
             exe-1049896 [001] ..... 1636269.411563: sys_wait4 -> 0x10074e
             exe-1049896 [001] ..... 1636269.411565: sys_ptrace(request: 4204, pid: 10074e, addr: 1, data: c000699c70)
             exe-1049896 [001] ..... 1636269.411569: sys_ptrace -> 0x0
             exe-1049896 [001] ..... 1636269.411570: sys_ptrace(request: 4204, pid: 10074e, addr: 202, data: c000699c70)
             exe-1049896 [001] ..... 1636269.411573: sys_ptrace -> 0x0
             exe-1049896 [001] ..... 1636269.411581: sys_pwrite64(fd: 63, buf: 7fd66edf9080, count: 43, pos: 45)
             exe-1049896 [001] ..... 1636269.411583: tracing_mark_write: sched_setscheduler(pid=50299, policy=0x1, param=0x7f9991000000) end
             exe-1049896 [001] ..... 1636269.474950: tracing_mark_write: sched_setscheduler(pid=1, policy=0x1, param=0x1) start
             exe-1049896 [001] ..... 1636269.474952: sys_pwrite64 -> 0x36
             exe-1049896 [001] ..... 1636269.474958: sys_ptrace(request: 4205, pid: 10074e, addr: 1, data: c000699c70)
             exe-1049896 [001] ..... 1636269.474961: sys_ptrace -> 0x0
             exe-1049896 [001] ..... 1636269.474963: sys_ptrace(request: 4205, pid: 10074e, addr: 202, data: c000699c70)
             exe-1050525 [002] ..... 1636269.474971: sys_futex -> 0x0
             exe-1049896 [001] ..... 1636269.474973: sys_ptrace -> 0x0
             exe-1049896 [001] ..... 1636269.474975: sys_ptrace(request: 1f, pid: 10074e, addr: 0, data: 0)
             exe-1050525 [002] ..... 1636269.474981: sys_futex(uaddr: c000383948, op: 80, val: 0, utime: 0, uaddr2: 0, val3: 0)
             exe-1049896 [001] .N... 1636269.474982: sys_ptrace -> 0x0
             exe-1050446 [001] ..... 1636269.474993: sys_write -> 0x36
             exe-1049567 [002] ..... 1636269.474999: sys_nanosleep -> 0x0
             exe-1049567 [002] ..... 1636269.475004: sys_nanosleep(rqtp: c000069f10, rmtp: 0)
             exe-1049896 [001] ..... 1636269.475013: sys_wait4(upid: 10074e, stat_addr: c000699bf4, options: 40000002, ru: 0)
             exe-1049896 [001] ..... 1636269.475016: sys_wait4 -> 0x10074e
             exe-1049896 [001] ..... 1636269.475018: sys_ptrace(request: 4204, pid: 10074e, addr: 1, data: c000699c70)
             exe-1049896 [001] ..... 1636269.475022: sys_ptrace -> 0x0
             exe-1049896 [001] ..... 1636269.475023: sys_ptrace(request: 4204, pid: 10074e, addr: 202, data: c000699c70)
             exe-1049896 [001] ..... 1636269.475026: sys_ptrace -> 0x0
             exe-1049896 [001] ..... 1636269.475032: sys_ptrace(request: 4205, pid: 10074e, addr: 1, data: c000699c70)
             exe-1049896 [001] ..... 1636269.475034: sys_ptrace -> 0x0
             exe-1049896 [001] ..... 1636269.475036: sys_ptrace(request: 4205, pid: 10074e, addr: 202, data: c000699c70)
             exe-1049896 [001] ..... 1636269.475045: sys_ptrace -> 0x0
             exe-1049673 [000] ..... 1636269.475046: sys_nanosleep -> 0x0
             exe-1049896 [001] ..... 1636269.475047: sys_ptrace(request: 1f, pid: 10074e, addr: 0, data: 0)
             exe-1049673 [000] ..... 1636269.475050: sys_futex(uaddr: 1f09dc0, op: 80, val: 0, utime: c000069eb0, uaddr2: 0, val3: 0)
             exe-1049896 [001] .N... 1636269.475053: sys_ptrace -> 0x0
             exe-1050446 [001] ..... 1636269.475064: sys_sched_setscheduler -> 0xffffffffffffffea
             exe-1049896 [001] ..... 1636269.475082: sys_wait4(upid: 10074e, stat_addr: c000699bf4, options: 40000002, ru: 0)
             exe-1049896 [001] ..... 1636269.475085: sys_wait4 -> 0x10074e
             exe-1049896 [001] ..... 1636269.475087: sys_ptrace(request: 4204, pid: 10074e, addr: 1, data: c000699c70)
             exe-1049567 [002] ..... 1636269.475089: sys_nanosleep -> 0x0
             exe-1049896 [001] ..... 1636269.475091: sys_ptrace -> 0x0
             exe-1049896 [001] ..... 1636269.475092: sys_ptrace(request: 4204, pid: 10074e, addr: 202, data: c000699c70)
             exe-1049567 [002] ..... 1636269.475094: sys_nanosleep(rqtp: c000069f10, rmtp: 0)
             exe-1049896 [001] ..... 1636269.475095: sys_ptrace -> 0x0
             exe-1049896 [001] ..... 1636269.475103: sys_pwrite64(fd: 63, buf: 7fd66edf9080, count: 34, pos: 36)
             exe-1049896 [001] ..... 1636269.475105: tracing_mark_write: sched_setscheduler(pid=1, policy=0x1, param=0x1) end
             exe-1049896 [000] ..... 1636269.566886: tracing_mark_write: sched_setscheduler(pid=0, policy=0x1, param=0x7f9992d00000) start
             exe-1049896 [000] ..... 1636269.566901: sys_pwrite64 -> 0x41
             exe-1049567 [002] ..... 1636269.566927: sys_nanosleep -> 0x0
             exe-1049567 [002] ..... 1636269.566931: sys_nanosleep(rqtp: c000069f10, rmtp: 0)
             exe-1049567 [002] ..... 1636269.567028: sys_nanosleep -> 0x0
             exe-1049567 [002] ..... 1636269.567033: sys_nanosleep(rqtp: c000069f10, rmtp: 0)
             exe-1049896 [000] ..... 1636269.567052: sys_ptrace(request: 4205, pid: 10074e, addr: 1, data: c000699c70)
             exe-1049896 [000] ..... 1636269.567057: sys_ptrace -> 0x0
             exe-1049896 [000] ..... 1636269.567058: sys_ptrace(request: 4205, pid: 10074e, addr: 202, data: c000699c70)
             exe-1049896 [000] ..... 1636269.567071: sys_ptrace -> 0x0
             exe-1049896 [000] ..... 1636269.567073: sys_ptrace(request: 1f, pid: 10074e, addr: 0, data: 0)
             exe-1049896 [000] .N... 1636269.567080: sys_ptrace -> 0x0
             exe-1050446 [000] ..... 1636269.567091: sys_write -> 0x41
             exe-1049896 [000] ..... 1636269.567112: sys_wait4(upid: 10074e, stat_addr: c000699bf4, options: 40000002, ru: 0)
             exe-1049896 [000] ..... 1636269.567115: sys_wait4 -> 0x10074e
             exe-1049896 [000] ..... 1636269.567116: sys_ptrace(request: 4204, pid: 10074e, addr: 1, data: c000699c70)
             exe-1049896 [000] ..... 1636269.567120: sys_ptrace -> 0x0
             exe-1049896 [000] ..... 1636269.567121: sys_ptrace(request: 4204, pid: 10074e, addr: 202, data: c000699c70)
             exe-1049896 [000] ..... 1636269.567124: sys_ptrace -> 0x0
             exe-1049896 [000] ..... 1636269.567130: sys_ptrace(request: 4205, pid: 10074e, addr: 1, data: c000699c70)
             exe-1049896 [000] ..... 1636269.567132: sys_ptrace -> 0x0
             exe-1049896 [000] ..... 1636269.567133: sys_ptrace(request: 4205, pid: 10074e, addr: 202, data: c000699c70)
             exe-1049896 [000] ..... 1636269.567142: sys_ptrace -> 0x0
             exe-1049896 [000] ..... 1636269.567144: sys_ptrace(request: 1f, pid: 10074e, addr: 0, data: 0)
             exe-1049567 [002] ..... 1636269.567146: sys_nanosleep -> 0x0
             exe-1049896 [000] .N... 1636269.567149: sys_ptrace -> 0x0
             exe-1049567 [002] ..... 1636269.567152: sys_nanosleep(rqtp: c000069f10, rmtp: 0)
             exe-1050446 [000] ..... 1636269.567159: sys_sched_setscheduler -> 0xffffffffffffffea
           <...>-864     [001] ..... 1636269.567168: sys_futex -> 0x0
           <...>-864     [001] ..... 1636269.567173: sys_write(fd: 6, buf: 7f1f1fffecfb, count: 1)
             exe-1049896 [000] ..... 1636269.567177: sys_wait4(upid: 10074e, stat_addr: c000699bf4, options: 40000002, ru: 0)
           <...>-864     [001] ..... 1636269.567179: sys_write -> 0x1
             exe-1049896 [000] ..... 1636269.567179: sys_wait4 -> 0x10074e
           <...>-864     [001] ..... 1636269.567180: sys_futex(uaddr: c000101548, op: 80, val: 0, utime: 0, uaddr2: 0, val3: 0)
             exe-1049896 [000] ..... 1636269.567181: sys_ptrace(request: 4204, pid: 10074e, addr: 1, data: c000699c70)
             exe-1049896 [000] ..... 1636269.567185: sys_ptrace -> 0x0
             exe-1049896 [000] ..... 1636269.567186: sys_ptrace(request: 4204, pid: 10074e, addr: 202, data: c000699c70)
             exe-1049673 [003] ..... 1636269.567187: sys_nanosleep -> 0x0
             exe-1049896 [000] ..... 1636269.567188: sys_ptrace -> 0x0
             exe-1049673 [003] ..... 1636269.567192: sys_nanosleep(rqtp: c000069f10, rmtp: 0)
             exe-1049896 [000] ..... 1636269.567199: sys_pwrite64(fd: 63, buf: 7fd66edf9080, count: 3f, pos: 41)
             exe-1049896 [000] ..... 1636269.567201: tracing_mark_write: sched_setscheduler(pid=0, policy=0x1, param=0x7f9992d00000) end
             exe-1050289 [002] ..... 1636269.630586: tracing_mark_write: sched_setscheduler(pid=0, policy=0x1, param=0x0) start
             exe-1050289 [002] .N... 1636269.630625: sys_pwrite64 -> 0x36
             exe-1050289 [002] ..... 1636269.630677: sys_ptrace(request: 4205, pid: 10072d, addr: 1, data: c000699c70)
             exe-1050289 [002] ..... 1636269.630682: sys_ptrace -> 0x0
             exe-1050289 [002] ..... 1636269.630683: sys_ptrace(request: 4205, pid: 10072d, addr: 202, data: c000699c70)
             exe-1049567 [003] ..... 1636269.630696: sys_nanosleep -> 0x0
             exe-1049567 [003] ..... 1636269.630702: sys_nanosleep(rqtp: c000069f10, rmtp: 0)
             exe-1050289 [002] ..... 1636269.630702: sys_ptrace -> 0x0
             exe-1050289 [002] ..... 1636269.630704: sys_ptrace(request: 1f, pid: 10072d, addr: 0, data: 0)
             exe-1050289 [002] ..... 1636269.630710: sys_ptrace -> 0x0
             exe-1050289 [002] ..... 1636269.630713: sys_wait4(upid: 10072d, stat_addr: c000699bf4, options: 40000002, ru: 0)
             exe-1050413 [002] ..... 1636269.630777: sys_write -> 0x36
             exe-1050289 [002] ..... 1636269.630802: sys_wait4 -> 0x10072d
             exe-1050289 [002] ..... 1636269.630808: sys_ptrace(request: 4204, pid: 10072d, addr: 1, data: c000699c70)
             exe-1050289 [002] ..... 1636269.630814: sys_ptrace -> 0x0
             exe-1050289 [002] ..... 1636269.630815: sys_ptrace(request: 4204, pid: 10072d, addr: 202, data: c000699c70)
             exe-1050289 [002] ..... 1636269.630818: sys_ptrace -> 0x0
             exe-1050289 [002] ..... 1636269.630825: sys_ptrace(request: 4205, pid: 10072d, addr: 1, data: c000699c70)
             exe-1050289 [002] ..... 1636269.630828: sys_ptrace -> 0x0
             exe-1050289 [002] ..... 1636269.630830: sys_ptrace(request: 4205, pid: 10072d, addr: 202, data: c000699c70)
             exe-1049673 [003] ..... 1636269.630851: sys_nanosleep -> 0x0
             exe-1049673 [003] ..... 1636269.630857: sys_nanosleep(rqtp: c000069f10, rmtp: 0)
             exe-1050289 [002] ..... 1636269.630914: sys_ptrace -> 0x0
             exe-1050289 [002] ..... 1636269.630918: sys_ptrace(request: 1f, pid: 10072d, addr: 0, data: 0)
             exe-1050289 [002] ..... 1636269.630925: sys_ptrace -> 0x0
             exe-1050289 [002] ..... 1636269.630928: sys_wait4(upid: 10072d, stat_addr: c000699bf4, options: 40000002, ru: 0)
             exe-1050413 [002] ..... 1636269.630942: sys_sched_setscheduler -> 0xffffffffffffffea
             exe-1050289 [002] ..... 1636269.630965: sys_wait4 -> 0x10072d
             exe-1050289 [002] ..... 1636269.630969: sys_ptrace(request: 4204, pid: 10072d, addr: 1, data: c000699c70)
             exe-1050289 [002] ..... 1636269.630973: sys_ptrace -> 0x0
             exe-1050289 [002] ..... 1636269.630975: sys_ptrace(request: 4204, pid: 10072d, addr: 202, data: c000699c70)
             exe-1050289 [002] ..... 1636269.630977: sys_ptrace -> 0x0
             exe-1050289 [002] ..... 1636269.630992: sys_pwrite64(fd: 63, buf: 7fd66edf9080, count: 34, pos: 36)
             exe-1050289 [002] ..... 1636269.630994: tracing_mark_write: sched_setscheduler(pid=0, policy=0x1, param=0x0) end
             exe-1050289 [002] ..... 1636269.706692: tracing_mark_write: sched_setscheduler(pid=50299, policy=0x1, param=0x4) start
             exe-1050289 [002] ..... 1636269.706694: sys_pwrite64 -> 0x3a
             exe-1050289 [002] ..... 1636269.706701: sys_ptrace(request: 4205, pid: 10072d, addr: 1, data: c000699c70)
             exe-1050289 [002] .N... 1636269.706731: sys_ptrace -> 0x0
             exe-1049673 [003] ..... 1636269.706744: sys_nanosleep -> 0x0
             exe-1049673 [003] ..... 1636269.706746: sys_nanosleep(rqtp: c000069f10, rmtp: 0)
             exe-1050289 [002] ..... 1636269.706774: sys_ptrace(request: 4205, pid: 10072d, addr: 202, data: c000699c70)
             exe-1050289 [002] ..... 1636269.706788: sys_ptrace -> 0x0
             exe-1050289 [002] ..... 1636269.706790: sys_ptrace(request: 1f, pid: 10072d, addr: 0, data: 0)
             exe-1050289 [002] .N... 1636269.706797: sys_ptrace -> 0x0
             exe-1050413 [002] ..... 1636269.706809: sys_write -> 0x3a
             exe-1049673 [003] ..... 1636269.706831: sys_nanosleep -> 0x0
             exe-1049673 [003] ..... 1636269.706833: sys_nanosleep(rqtp: c000069f10, rmtp: 0)
             exe-1050289 [002] ..... 1636269.706904: sys_wait4(upid: 10072d, stat_addr: c000699bf4, options: 40000002, ru: 0)
             exe-1050289 [002] ..... 1636269.706907: sys_wait4 -> 0x10072d
             exe-1050289 [002] ..... 1636269.706909: sys_ptrace(request: 4204, pid: 10072d, addr: 1, data: c000699c70)
             exe-1050289 [002] ..... 1636269.706914: sys_ptrace -> 0x0
             exe-1050289 [002] ..... 1636269.706915: sys_ptrace(request: 4204, pid: 10072d, addr: 202, data: c000699c70)
             exe-1050289 [002] ..... 1636269.706918: sys_ptrace -> 0x0
             exe-1049673 [003] ..... 1636269.706919: sys_nanosleep -> 0x0
             exe-1049673 [003] ..... 1636269.706921: sys_nanosleep(rqtp: c000069f10, rmtp: 0)
             exe-1050289 [002] ..... 1636269.706926: sys_ptrace(request: 4205, pid: 10072d, addr: 1, data: c000699c70)
             exe-1050289 [002] ..... 1636269.706928: sys_ptrace -> 0x0
             exe-1050289 [002] ..... 1636269.706930: sys_ptrace(request: 4205, pid: 10072d, addr: 202, data: c000699c70)
             exe-1050289 [002] ..... 1636269.706942: sys_ptrace -> 0x0
             exe-1050289 [002] ..... 1636269.706944: sys_ptrace(request: 1f, pid: 10072d, addr: 0, data: 0)
             exe-1050289 [002] .N... 1636269.706973: sys_ptrace -> 0x0
             exe-1049673 [003] ..... 1636269.707007: sys_nanosleep -> 0x0
             exe-1049673 [003] ..... 1636269.707009: sys_nanosleep(rqtp: c000069f10, rmtp: 0)
             exe-1050413 [002] ..... 1636269.707016: sys_sched_setscheduler -> 0xffffffffffffffea
             exe-1050289 [002] ..... 1636269.707043: sys_wait4(upid: 10072d, stat_addr: c000699bf4, options: 40000002, ru: 0)
             exe-1050289 [002] ..... 1636269.707046: sys_wait4 -> 0x10072d
             exe-1050289 [002] ..... 1636269.707049: sys_ptrace(request: 4204, pid: 10072d, addr: 1, data: c000699c70)
             exe-1050289 [002] ..... 1636269.707054: sys_ptrace -> 0x0
             exe-1050289 [002] ..... 1636269.707056: sys_ptrace(request: 4204, pid: 10072d, addr: 202, data: c000699c70)
             exe-1050289 [002] ..... 1636269.707059: sys_ptrace -> 0x0
             exe-1049673 [003] ..... 1636269.707094: sys_nanosleep -> 0x0
             exe-1049673 [003] ..... 1636269.707096: sys_nanosleep(rqtp: c000069f10, rmtp: 0)
             exe-1050289 [002] ..... 1636269.707148: sys_pwrite64(fd: 63, buf: 7fd66edf9080, count: 38, pos: 3a)
             exe-1050289 [002] ..... 1636269.707152: tracing_mark_write: sched_setscheduler(pid=50299, policy=0x1, param=0x4) end
             exe-1050289 [002] ..... 1636269.777916: tracing_mark_write: sched_setscheduler(pid=0, policy=0x1, param=0x1) start
