             exe-1050282 [003] ..... 1636276.021055: sys_wait4(upid: 100712, stat_addr: c000699bf4, options: 40000002, ru: 0)
             exe-1050386 [001] ..... 1636276.021106: sys_write -> 0x36
             exe-1050282 [003] ..... 1636276.021131: sys_wait4 -> 0x100712
             exe-1050282 [003] ..... 1636276.021134: sys_ptrace(request: 4204, pid: 100712, addr: 1, data: c000699c70)
             exe-1050282 [003] ..... 1636276.021136: sys_ptrace -> 0x0
             exe-1050282 [003] ..... 1636276.021138: sys_ptrace(request: 4204, pid: 100712, addr: 202, data: c000699c70)
             exe-1050282 [003] ..... 1636276.021140: sys_ptrace -> 0x0
             exe-1050282 [003] ..... 1636276.021145: sys_ptrace(request: 4205, pid: 100712, addr: 1, data: c000699c70)
             exe-1050282 [003] ..... 1636276.021148: sys_ptrace -> 0x0
             exe-1050282 [003] ..... 1636276.021149: sys_ptrace(request: 4205, pid: 100712, addr: 202, data: c000699c70)
             exe-1050282 [003] ..... 1636276.021156: sys_ptrace -> 0x0
             exe-1050282 [003] ..... 1636276.021157: sys_ptrace(request: 1f, pid: 100712, addr: 0, data: 0)
             exe-1050282 [003] ..... 1636276.021167: sys_ptrace -> 0x0
             exe-1050282 [003] ..... 1636276.021169: sys_wait4(upid: 100712, stat_addr: c000699bf4, options: 40000002, ru: 0)
             exe-1049673 [002] ..... 1636276.021183: sys_nanosleep -> 0x0
             exe-1049673 [002] ..... 1636276.021186: sys_nanosleep(rqtp: c000069f10, rmtp: 0)
             exe-1050386 [001] ..... 1636276.021187: sys_sched_setscheduler -> 0xffffffffffffffea
             exe-1049567 [002] ..... 1636276.021201: sys_nanosleep -> 0x0
             exe-1050282 [003] ..... 1636276.021203: sys_wait4 -> 0x100712
             exe-1050282 [003] ..... 1636276.021206: sys_ptrace(request: 4204, pid: 100712, addr: 1, data: c000699c70)
             exe-1049567 [002] ..... 1636276.021206: sys_nanosleep(rqtp: c000069f10, rmtp: 0)
             exe-1050282 [003] ..... 1636276.021209: sys_ptrace -> 0x0
             exe-1050282 [003] ..... 1636276.021210: sys_ptrace(request: 4204, pid: 100712, addr: 202, data: c000699c70)
             exe-1050282 [003] ..... 1636276.021212: sys_ptrace -> 0x0
             exe-1050282 [003] ..... 1636276.021217: sys_pwrite64(fd: 63, buf: 7fd66edf9080, count: 34, pos: 36)
             exe-1050282 [003] ..... 1636276.021219: tracing_mark_write: sched_setscheduler(pid=1, policy=0x3, param=0x8) end
             exe-1050282 [003] ..... 1636276.108103: tracing_mark_write: sched_setscheduler(pid=50299, policy=0x3, param=0x0) start
             exe-1050282 [003] ..... 1636276.108105: sys_pwrite64 -> 0x3a
             exe-1050282 [003] ..... 1636276.108109: sys_ptrace(request: 4205, pid: 100712, addr: 1, data: c000699c70)
             exe-1050282 [003] ..... 1636276.108112: sys_ptrace -> 0x0
             exe-1050282 [003] ..... 1636276.108113: sys_ptrace(request: 4205, pid: 100712, addr: 202, data: c000699c70)
             exe-1050282 [003] ..... 1636276.108120: sys_ptrace -> 0x0
             exe-1050282 [003] ..... 1636276.108122: sys_ptrace(request: 1f, pid: 100712, addr: 0, data: 0)
             exe-1050282 [003] ..... 1636276.108129: sys_ptrace -> 0x0
             exe-1050282 [003] ..... 1636276.108131: sys_wait4(upid: 100712, stat_addr: c000699bf4, options: 40000002, ru: 0)
             exe-1091495 [001] ..... 1636276.108138: sys_wait4 -> 0x10a7eb
             exe-1091495 [001] ..... 1636276.108145: sys_ptrace(request: 4204, pid: 10a7eb, addr: 1, data: c0010f9900)
             exe-1091495 [001] ..... 1636276.108152: sys_ptrace -> 0x0
             exe-1091495 [001] ..... 1636276.108158: sys_ptrace(request: 4205, pid: 10a7ec, addr: 1, data: c0010f9c70)
             exe-1091495 [001] ..... 1636276.108161: sys_ptrace -> 0x0
             exe-1091495 [001] ..... 1636276.108162: sys_ptrace(request: 4205, pid: 10a7ec, addr: 202, data: c0010f9c70)
             exe-1050386 [000] ..... 1636276.108174: sys_write -> 0x3a
             exe-1091495 [001] ..... 1636276.108181: sys_ptrace -> 0x0
             exe-1091495 [001] ..... 1636276.108183: sys_ptrace(request: 1f, pid: 10a7ec, addr: 0, data: 0)
             exe-1091495 [001] .N... 1636276.108191: sys_ptrace -> 0x0
             exe-1050282 [003] ..... 1636276.108196: sys_wait4 -> 0x100712
             exe-1050282 [003] ..... 1636276.108199: sys_ptrace(request: 4204, pid: 100712, addr: 1, data: c000699c70)
             exe-1050282 [003] ..... 1636276.108201: sys_ptrace -> 0x0
             exe-1050282 [003] ..... 1636276.108202: sys_ptrace(request: 4204, pid: 100712, addr: 202, data: c000699c70)
             exe-1050282 [003] ..... 1636276.108204: sys_ptrace -> 0x0
             exe-1050282 [003] ..... 1636276.108209: sys_ptrace(request: 4205, pid: 100712, addr: 1, data: c000699c70)
             exe-1050282 [003] ..... 1636276.108211: sys_ptrace -> 0x0
             exe-1050282 [003] ..... 1636276.108212: sys_ptrace(request: 4205, pid: 100712, addr: 202, data: c000699c70)
             exe-1050282 [003] ..... 1636276.108218: sys_ptrace -> 0x0
             exe-1050282 [003] ..... 1636276.108220: sys_ptrace(request: 1f, pid: 100712, addr: 0, data: 0)
             exe-1050282 [003] ..... 1636276.108226: sys_ptrace -> 0x0
             exe-1050282 [003] ..... 1636276.108227: sys_wait4(upid: 100712, stat_addr: c000699bf4, options: 40000002, ru: 0)
             exe-1091495 [001] ..... 1636276.108232: sys_wait4(upid: 10a7ec, stat_addr: c0010f9bf4, options: 40000002, ru: 0)
             exe-1091495 [001] ..... 1636276.108235: sys_wait4 -> 0x10a7ec
             exe-1050386 [000] ..... 1636276.108235: sys_sched_setscheduler -> 0xffffffffffffffea
             exe-1091495 [001] ..... 1636276.108237: sys_ptrace(request: 4204, pid: 10a7ec, addr: 1, data: c0010f9c70)
             exe-1091495 [001] ..... 1636276.108240: sys_ptrace -> 0x0
             exe-1091495 [001] ..... 1636276.108242: sys_ptrace(request: 4204, pid: 10a7ec, addr: 202, data: c0010f9c70)
             exe-1091495 [001] ..... 1636276.108245: sys_ptrace -> 0x0
             exe-1091495 [001] ..... 1636276.108246: sys_ptrace(request: 4202, pid: 10a7ec, addr: 0, data: c001fa6c40)
             exe-1091495 [001] ..... 1636276.108247: sys_ptrace -> 0x0
             exe-1050282 [003] ..... 1636276.108251: sys_wait4 -> 0x100712
             exe-1050282 [003] ..... 1636276.108254: sys_ptrace(request: 4204, pid: 100712, addr: 1, data: c000699c70)
             exe-1050282 [003] ..... 1636276.108256: sys_ptrace -> 0x0
             exe-1050282 [003] ..... 1636276.108257: sys_ptrace(request: 4204, pid: 100712, addr: 202, data: c000699c70)
             exe-1050282 [003] ..... 1636276.108259: sys_ptrace -> 0x0
             exe-1091495 [001] ..... 1636276.108261: sys_ptrace(request: 4205, pid: 10a7eb, addr: 1, data: c0010f9900)
             exe-1091495 [001] ..... 1636276.108264: sys_ptrace -> 0x0
             exe-1050282 [003] ..... 1636276.108264: sys_pwrite64(fd: 63, buf: 7fd66edf9080, count: 38, pos: 3a)
             exe-1091495 [001] ..... 1636276.108265: sys_ptrace(request: 7, pid: 10a7eb, addr: 0, data: 0)
             exe-1050282 [003] ..... 1636276.108265: tracing_mark_write: sched_setscheduler(pid=50299, policy=0x3, param=0x0) end
             exe-1050282 [003] ..... 1636276.180069: tracing_mark_write: sched_setscheduler(pid=50299, policy=0x3, param=0x7f9991200000) start
             exe-1050282 [003] ..... 1636276.180071: sys_pwrite64 -> 0x45
             exe-1050282 [003] ..... 1636276.180075: sys_ptrace(request: 4205, pid: 100712, addr: 1, data: c000699c70)
             exe-1050282 [003] ..... 1636276.180083: sys_ptrace -> 0x0
             exe-1050282 [003] ..... 1636276.180085: sys_ptrace(request: 4205, pid: 100712, addr: 202, data: c000699c70)
             exe-1050282 [003] ..... 1636276.180092: sys_ptrace -> 0x0
             exe-1050282 [003] ..... 1636276.180093: sys_ptrace(request: 1f, pid: 100712, addr: 0, data: 0)
             exe-1050282 [003] ..... 1636276.180102: sys_ptrace -> 0x0
             exe-1050282 [003] ..... 1636276.180104: sys_wait4(upid: 100712, stat_addr: c000699bf4, options: 40000002, ru: 0)
             exe-1050386 [000] ..... 1636276.180114: sys_write -> 0x45
             exe-1050282 [003] ..... 1636276.180134: sys_wait4 -> 0x100712
             exe-1050282 [003] ..... 1636276.180136: sys_ptrace(request: 4204, pid: 100712, addr: 1, data: c000699c70)
             exe-1050282 [003] ..... 1636276.180138: sys_ptrace -> 0x0
             exe-1050282 [003] ..... 1636276.180140: sys_ptrace(request: 4204, pid: 100712, addr: 202, data: c000699c70)
             exe-1050282 [003] ..... 1636276.180142: sys_ptrace -> 0x0
             exe-1049673 [002] ..... 1636276.180144: sys_nanosleep -> 0x0
             exe-1050282 [003] ..... 1636276.180146: sys_ptrace(request: 4205, pid: 100712, addr: 1, data: c000699c70)
             exe-1050282 [003] ..... 1636276.180148: sys_ptrace -> 0x0
             exe-1049673 [002] ..... 1636276.180149: sys_nanosleep(rqtp: c000069f10, rmtp: 0)
             exe-1050282 [003] ..... 1636276.180149: sys_ptrace(request: 4205, pid: 100712, addr: 202, data: c000699c70)
             exe-1050282 [003] ..... 1636276.180155: sys_ptrace -> 0x0
             exe-1050282 [003] ..... 1636276.180156: sys_ptrace(request: 1f, pid: 100712, addr: 0, data: 0)
             exe-1050282 [003] ..... 1636276.180162: sys_ptrace -> 0x0
             exe-1050282 [003] ..... 1636276.180164: sys_wait4(upid: 100712, stat_addr: c000699bf4, options: 40000002, ru: 0)
             exe-1049567 [002] ..... 1636276.180169: sys_nanosleep -> 0x0
             exe-1049567 [002] ..... 1636276.180174: sys_nanosleep(rqtp: c000069f10, rmtp: 0)
             exe-1050386 [000] ..... 1636276.180204: sys_sched_setscheduler -> 0xffffffffffffffea
             exe-1050282 [003] ..... 1636276.180223: sys_wait4 -> 0x100712
             exe-1050282 [003] ..... 1636276.180225: sys_ptrace(request: 4204, pid: 100712, addr: 1, data: c000699c70)
             exe-1050282 [003] ..... 1636276.180227: sys_ptrace -> 0x0
             exe-1050282 [003] ..... 1636276.180229: sys_ptrace(request: 4204, pid: 100712, addr: 202, data: c000699c70)
             exe-1050282 [003] ..... 1636276.180230: sys_ptrace -> 0x0
             exe-1050282 [003] ..... 1636276.180235: sys_pwrite64(fd: 63, buf: 7fd66edf9080, count: 43, pos: 45)
             exe-1050282 [003] ..... 1636276.180236: tracing_mark_write: sched_setscheduler(pid=50299, policy=0x3, param=0x7f9991200000) end
             exe-1050282 [003] ..... 1636276.239955: tracing_mark_write: sched_setscheduler(pid=50299, policy=0x3, param=0x7f9991000000) start
             exe-1050282 [003] ..... 1636276.239957: sys_pwrite64 -> 0x45
             exe-1050282 [003] ..... 1636276.239961: sys_ptrace(request: 4205, pid: 100712, addr: 1, data: c000699c70)
             exe-1050282 [003] ..... 1636276.239964: sys_ptrace -> 0x0
             exe-1050282 [003] ..... 1636276.239965: sys_ptrace(request: 4205, pid: 100712, addr: 202, data: c000699c70)
             exe-1049567 [002] ..... 1636276.239966: sys_nanosleep -> 0x0
             exe-975375  [001] ..... 1636276.239969: sys_nanosleep -> 0x0
             exe-1049567 [002] ..... 1636276.239972: sys_nanosleep(rqtp: c000069f10, rmtp: 0)
             exe-975375  [001] ..... 1636276.239973: sys_getpid()
             exe-1050282 [003] ..... 1636276.239974: sys_ptrace -> 0x0
             exe-975375  [001] ..... 1636276.239974: sys_getpid -> 0xee1fc
             exe-1050282 [003] ..... 1636276.239975: sys_ptrace(request: 1f, pid: 100712, addr: 0, data: 0)
             exe-975375  [001] ..... 1636276.239976: sys_tgkill(tgid: ee1fc, pid: ee2ae, sig: 17)
             exe-975375  [001] ..... 1636276.239984: sys_tgkill -> 0x0
             exe-1050282 [003] ..... 1636276.239985: sys_ptrace -> 0x0
             exe-975375  [001] ..... 1636276.239986: sys_nanosleep(rqtp: c000069f10, rmtp: 0)
             exe-1050282 [003] ..... 1636276.239987: sys_wait4(upid: 100712, stat_addr: c000699bf4, options: 40000002, ru: 0)
             exe-975534  [001] ..... 1636276.239998: sys_ptrace -> 0x0
             exe-975534  [001] ..... 1636276.240007: sys_rt_sigreturn()
             exe-975534  [001] ..... 1636276.240010: sys_ptrace(request: 1f, pid: ee3a1, addr: 0, data: 0)
             exe-1050386 [000] ..... 1636276.240013: sys_write -> 0x45
             exe-975534  [001] ..... 1636276.240017: sys_ptrace -> 0x0
             exe-975534  [001] ..... 1636276.240021: sys_futex(uaddr: c000081d48, op: 81, val: 1, utime: 0, uaddr2: 0, val3: 0)
             exe-975534  [001] ..... 1636276.240027: sys_futex -> 0x1
             exe-975534  [001] ..... 1636276.240029: sys_futex(uaddr: c00029cd48, op: 80, val: 0, utime: 0, uaddr2: 0, val3: 0)
             exe-1050282 [003] ..... 1636276.240037: sys_wait4 -> 0x100712
             exe-1050282 [003] ..... 1636276.240039: sys_ptrace(request: 4204, pid: 100712, addr: 1, data: c000699c70)
             exe-975777  [000] ..... 1636276.240042: sys_mmap -> 0x7f3a8ea1b000
             exe-1050282 [003] ..... 1636276.240042: sys_ptrace -> 0x0
             exe-1050282 [003] ..... 1636276.240044: sys_ptrace(request: 4204, pid: 100712, addr: 202, data: c000699c70)
             exe-1050282 [003] ..... 1636276.240046: sys_ptrace -> 0x0
             exe-1049673 [002] ..... 1636276.240048: sys_nanosleep -> 0x0
             exe-1050282 [003] ..... 1636276.240049: sys_ptrace(request: 4205, pid: 100712, addr: 1, data: c000699c70)
             exe-1050282 [003] ..... 1636276.240052: sys_ptrace -> 0x0
             exe-1050282 [003] ..... 1636276.240053: sys_ptrace(request: 4205, pid: 100712, addr: 202, data: c000699c70)
             exe-1049673 [002] ..... 1636276.240054: sys_nanosleep(rqtp: c000069f10, rmtp: 0)
             exe-1050282 [003] ..... 1636276.240068: sys_ptrace -> 0x0
             exe-1050282 [003] ..... 1636276.240070: sys_ptrace(request: 1f, pid: 100712, addr: 0, data: 0)
             exe-1050282 [003] ..... 1636276.240075: sys_ptrace -> 0x0
             exe-1049567 [002] ..... 1636276.240076: sys_nanosleep -> 0x0
             exe-1050282 [003] ..... 1636276.240077: sys_wait4(upid: 100712, stat_addr: c000699bf4, options: 40000002, ru: 0)
             exe-1049567 [002] ..... 1636276.240081: sys_nanosleep(rqtp: c000069f10, rmtp: 0)
             exe-975528  [002] ..... 1636276.240098: sys_futex -> 0x0
             exe-975528  [002] ..... 1636276.240106: sys_futex(uaddr: c00029cd48, op: 81, val: 1, utime: 0, uaddr2: 0, val3: 0)
             exe-1050386 [000] ..... 1636276.240115: sys_sched_setscheduler -> 0xffffffffffffffea
             exe-975528  [002] ..... 1636276.240118: sys_futex -> 0x1
             exe-975528  [002] ..... 1636276.240120: sys_futex(uaddr: c000081d48, op: 80, val: 0, utime: 0, uaddr2: 0, val3: 0)
             exe-975534  [001] ..... 1636276.240124: sys_futex -> 0x0
             exe-975534  [001] ..... 1636276.240128: sys_wait4(upid: ee3a1, stat_addr: c0006b5bf4, options: 40000002, ru: 0)
             exe-975534  [001] ..... 1636276.240130: sys_wait4 -> 0xee3a1
             exe-1050282 [003] ..... 1636276.240132: sys_wait4 -> 0x100712
             exe-975534  [001] ..... 1636276.240132: sys_ptrace(request: 4204, pid: ee3a1, addr: 1, data: c0006b5c70)
             exe-1050282 [003] ..... 1636276.240134: sys_ptrace(request: 4204, pid: 100712, addr: 1, data: c000699c70)
             exe-1050282 [003] ..... 1636276.240139: sys_ptrace -> 0x0
             exe-975534  [001] ..... 1636276.240139: sys_ptrace -> 0x0
             exe-1050282 [003] ..... 1636276.240140: sys_ptrace(request: 4204, pid: 100712, addr: 202, data: c000699c70)
             exe-975534  [001] ..... 1636276.240140: sys_ptrace(request: 4204, pid: ee3a1, addr: 202, data: c0006b5c70)
             exe-1050282 [003] ..... 1636276.240142: sys_ptrace -> 0x0
             exe-975534  [001] ..... 1636276.240143: sys_ptrace -> 0x0
             exe-975534  [001] ..... 1636276.240144: sys_ptrace(request: 4202, pid: ee3a1, addr: 0, data: c008ecdc80)
             exe-975534  [001] ..... 1636276.240145: sys_ptrace -> 0x0
             exe-1050282 [003] ..... 1636276.240146: sys_pwrite64(fd: 63, buf: 7fd66edf9080, count: 43, pos: 45)
             exe-1050282 [003] ..... 1636276.240147: tracing_mark_write: sched_setscheduler(pid=50299, policy=0x3, param=0x7f9991000000) end
             exe-1050282 [003] ..... 1636276.316781: tracing_mark_write: sched_setscheduler(pid=50299, policy=0x3, param=0x7f9990e00000) start
             exe-1050282 [003] ..... 1636276.316782: sys_pwrite64 -> 0x45
             exe-1050282 [003] ..... 1636276.316788: sys_ptrace(request: 4205, pid: 100712, addr: 1, data: c000699c70)
             exe-1050282 [003] ..... 1636276.316791: sys_ptrace -> 0x0
             exe-1050282 [003] ..... 1636276.316793: sys_ptrace(request: 4205, pid: 100712, addr: 202, data: c000699c70)
             exe-1050282 [003] ..... 1636276.316801: sys_ptrace -> 0x0
             exe-1050282 [003] ..... 1636276.316803: sys_ptrace(request: 1f, pid: 100712, addr: 0, data: 0)
             exe-1050282 [003] ..... 1636276.316809: sys_ptrace -> 0x0
             exe-1050282 [003] ..... 1636276.316811: sys_wait4(upid: 100712, stat_addr: c000699bf4, options: 40000002, ru: 0)
             exe-1050386 [000] ..... 1636276.316821: sys_write -> 0x45
             exe-1050282 [003] ..... 1636276.316836: sys_wait4 -> 0x100712
             exe-1050282 [003] ..... 1636276.316838: sys_ptrace(request: 4204, pid: 100712, addr: 1, data: c000699c70)
             exe-1050282 [003] ..... 1636276.316841: sys_ptrace -> 0x0
             exe-1049673 [002] ..... 1636276.316841: sys_nanosleep -> 0x0
             exe-1050282 [003] ..... 1636276.316842: sys_ptrace(request: 4204, pid: 100712, addr: 202, data: c000699c70)
             exe-1050282 [003] ..... 1636276.316845: sys_ptrace -> 0x0
             exe-1049673 [002] ..... 1636276.316847: sys_nanosleep(rqtp: c000069f10, rmtp: 0)
             exe-1050282 [003] ..... 1636276.316849: sys_ptrace(request: 4205, pid: 100712, addr: 1, data: c000699c70)
             exe-1050282 [003] ..... 1636276.316851: sys_ptrace -> 0x0
             exe-1050282 [003] ..... 1636276.316853: sys_ptrace(request: 4205, pid: 100712, addr: 202, data: c000699c70)
             exe-1050282 [003] ..... 1636276.316859: sys_ptrace -> 0x0
             exe-1050282 [003] ..... 1636276.316860: sys_ptrace(request: 1f, pid: 100712, addr: 0, data: 0)
             exe-1050282 [003] ..... 1636276.316866: sys_ptrace -> 0x0
             exe-1050282 [003] ..... 1636276.316868: sys_wait4(upid: 100712, stat_addr: c000699bf4, options: 40000002, ru: 0)
             exe-1049567 [002] ..... 1636276.316869: sys_nanosleep -> 0x0
             exe-1049567 [002] ..... 1636276.316874: sys_nanosleep(rqtp: c000069f10, rmtp: 0)
             exe-1050386 [000] ..... 1636276.316875: sys_sched_setscheduler -> 0xffffffffffffffea
             exe-1049673 [002] ..... 1636276.316954: sys_nanosleep -> 0x0
             exe-1049673 [002] ..... 1636276.316959: sys_nanosleep(rqtp: c000069f10, rmtp: 0)
             exe-1049567 [002] ..... 1636276.316987: sys_nanosleep -> 0x0
             exe-1049567 [002] ..... 1636276.316992: sys_nanosleep(rqtp: c000069f10, rmtp: 0)
             exe-1049673 [002] ..... 1636276.317066: sys_nanosleep -> 0x0
             exe-1049673 [002] ..... 1636276.317072: sys_nanosleep(rqtp: c000069f10, rmtp: 0)
             exe-1049567 [002] ..... 1636276.317103: sys_nanosleep -> 0x0
             exe-1049567 [002] ..... 1636276.317108: sys_nanosleep(rqtp: c000069f10, rmtp: 0)
             exe-1050282 [003] ..... 1636276.317109: sys_wait4 -> 0x100712
             exe-1050282 [003] ..... 1636276.317113: sys_ptrace(request: 4204, pid: 100712, addr: 1, data: c000699c70)
             exe-1050282 [003] ..... 1636276.317117: sys_ptrace -> 0x0
             exe-1050282 [003] ..... 1636276.317118: sys_ptrace(request: 4204, pid: 100712, addr: 202, data: c000699c70)
             exe-1050282 [003] ..... 1636276.317121: sys_ptrace -> 0x0
             exe-1050282 [003] ..... 1636276.317131: sys_pwrite64(fd: 63, buf: 7fd66edf9080, count: 43, pos: 45)
             exe-1050282 [003] ..... 1636276.317133: tracing_mark_write: sched_setscheduler(pid=50299, policy=0x3, param=0x7f9990e00000) end
             exe-1050282 [003] ..... 1636276.384911: tracing_mark_write: sched_setscheduler(pid=1, policy=0x3, param=0x8) start
             exe-1050282 [003] ..... 1636276.384913: sys_pwrite64 -> 0x36
             exe-1049673 [002] ..... 1636276.384921: sys_nanosleep -> 0x0
             exe-1050282 [003] ..... 1636276.384921: sys_ptrace(request: 4205, pid: 100712, addr: 1, data: c000699c70)
             exe-1050282 [003] ..... 1636276.384924: sys_ptrace -> 0x0
             exe-1050282 [003] ..... 1636276.384926: sys_ptrace(request: 4205, pid: 100712, addr: 202, data: c000699c70)
             exe-1049673 [002] ..... 1636276.384926: sys_nanosleep(rqtp: c000069f10, rmtp: 0)
             exe-1050282 [003] ..... 1636276.384943: sys_ptrace -> 0x0
             exe-1050282 [003] ..... 1636276.384944: sys_ptrace(request: 1f, pid: 100712, addr: 0, data: 0)
             exe-1049567 [002] ..... 1636276.384949: sys_nanosleep -> 0x0
             exe-1049567 [002] ..... 1636276.384953: sys_nanosleep(rqtp: c000069f10, rmtp: 0)
             exe-1050282 [003] ..... 1636276.384963: sys_ptrace -> 0x0
             exe-1050282 [003] ..... 1636276.384967: sys_wait4(upid: 100712, stat_addr: c000699bf4, options: 40000002, ru: 0)
             exe-1050386 [000] ..... 1636276.384999: sys_write -> 0x36
             exe-1050282 [003] ..... 1636276.385027: sys_wait4 -> 0x100712
             exe-1050282 [003] ..... 1636276.385031: sys_ptrace(request: 4204, pid: 100712, addr: 1, data: c000699c70)
             exe-1049673 [002] ..... 1636276.385036: sys_nanosleep -> 0x0
             exe-1050282 [003] ..... 1636276.385036: sys_ptrace -> 0x0
             exe-1050282 [003] ..... 1636276.385038: sys_ptrace(request: 4204, pid: 100712, addr: 202, data: c000699c70)
             exe-1049673 [002] ..... 1636276.385041: sys_nanosleep(rqtp: c000069f10, rmtp: 0)
             exe-1050282 [003] ..... 1636276.385041: sys_ptrace -> 0x0
             exe-1050282 [003] ..... 1636276.385049: sys_ptrace(request: 4205, pid: 100712, addr: 1, data: c000699c70)
             exe-1050282 [003] ..... 1636276.385052: sys_ptrace -> 0x0
             exe-1050282 [003] ..... 1636276.385054: sys_ptrace(request: 4205, pid: 100712, addr: 202, data: c000699c70)
             exe-1050282 [003] ..... 1636276.385062: sys_ptrace -> 0x0
             exe-1049567 [002] ..... 1636276.385064: sys_nanosleep -> 0x0
             exe-1050282 [003] ..... 1636276.385064: sys_ptrace(request: 1f, pid: 100712, addr: 0, data: 0)
             exe-1049567 [002] ..... 1636276.385069: sys_nanosleep(rqtp: c000069f10, rmtp: 0)
             exe-1050282 [003] ..... 1636276.385074: sys_ptrace -> 0x0
             exe-1050282 [003] ..... 1636276.385077: sys_wait4(upid: 100712, stat_addr: c000699bf4, options: 40000002, ru: 0)
             exe-1050386 [000] ..... 1636276.385097: sys_sched_setscheduler -> 0xffffffffffffffea
             exe-1049673 [002] ..... 1636276.385151: sys_nanosleep -> 0x0
             exe-1049673 [002] ..... 1636276.385162: sys_nanosleep(rqtp: c000069f10, rmtp: 0)
             exe-1049567 [002] ..... 1636276.385185: sys_nanosleep -> 0x0
             exe-1049567 [002] ..... 1636276.385190: sys_nanosleep(rqtp: c000069f10, rmtp: 0)
             exe-1050282 [003] ..... 1636276.385222: sys_wait4 -> 0x100712
             exe-1050282 [003] ..... 1636276.385226: sys_ptrace(request: 4204, pid: 100712, addr: 1, data: c000699c70)
             exe-1050282 [003] ..... 1636276.385229: sys_ptrace -> 0x0
             exe-1050282 [003] ..... 1636276.385232: sys_ptrace(request: 4204, pid: 100712, addr: 202, data: c000699c70)
             exe-1050282 [003] ..... 1636276.385234: sys_ptrace -> 0x0
             exe-1050282 [003] ..... 1636276.385246: sys_pwrite64(fd: 63, buf: 7fd66edf9080, count: 34, pos: 36)
             exe-1050282 [003] ..... 1636276.385248: tracing_mark_write: sched_setscheduler(pid=1, policy=0x3, param=0x8) end
             exe-1050289 [002] ..... 1636276.459768: tracing_mark_write: sched_setscheduler(pid=0, policy=0x3, param=0x8) start
             exe-1050289 [002] ..... 1636276.459770: sys_pwrite64 -> 0x36
             exe-1050289 [002] ..... 1636276.459776: sys_ptrace(request: 4205, pid: 10072d, addr: 1, data: c000699c70)
             exe-1050289 [002] ..... 1636276.459779: sys_ptrace -> 0x0
             exe-1049673 [003] ..... 1636276.459780: sys_nanosleep -> 0x0
             exe-1050289 [002] ..... 1636276.459781: sys_ptrace(request: 4205, pid: 10072d, addr: 202, data: c000699c70)
             exe-1049673 [003] ..... 1636276.459786: sys_futex(uaddr: 1f09dc0, op: 80, val: 0, utime: c000069eb0, uaddr2: 0, val3: 0)
             exe-1050289 [002] ..... 1636276.459792: sys_ptrace -> 0x0
             exe-1050289 [002] ..... 1636276.459793: sys_ptrace(request: 1f, pid: 10072d, addr: 0, data: 0)
             exe-1050289 [002] .N... 1636276.459800: sys_ptrace -> 0x0
             exe-1050413 [002] ..... 1636276.459811: sys_write -> 0x36
             exe-1050289 [002] ..... 1636276.459829: sys_wait4(upid: 10072d, stat_addr: c000699bf4, options: 40000002, ru: 0)
             exe-1050289 [002] ..... 1636276.459832: sys_wait4 -> 0x10072d
             exe-1050289 [002] ..... 1636276.459834: sys_ptrace(request: 4204, pid: 10072d, addr: 1, data: c000699c70)
             exe-1050289 [002] ..... 1636276.459837: sys_ptrace -> 0x0
             exe-1050289 [002] ..... 1636276.459839: sys_ptrace(request: 4204, pid: 10072d, addr: 202, data: c000699c70)
             exe-1050289 [002] ..... 1636276.459841: sys_ptrace -> 0x0
             exe-1050289 [002] ..... 1636276.459847: sys_ptrace(request: 4205, pid: 10072d, addr: 1, data: c000699c70)
             exe-1050289 [002] ..... 1636276.459850: sys_ptrace -> 0x0
             exe-1050289 [002] ..... 1636276.459851: sys_ptrace(request: 4205, pid: 10072d, addr: 202, data: c000699c70)
             exe-1050289 [002] ..... 1636276.459860: sys_ptrace -> 0x0
             exe-1050289 [002] ..... 1636276.459862: sys_ptrace(request: 1f, pid: 10072d, addr: 0, data: 0)
             exe-1050289 [002] .N... 1636276.459869: sys_ptrace -> 0x0
             exe-1050413 [002] ..... 1636276.459879: sys_sched_setscheduler -> 0xffffffffffffffea
             exe-1050289 [002] ..... 1636276.459897: sys_wait4(upid: 10072d, stat_addr: c000699bf4, options: 40000002, ru: 0)
             exe-1050289 [002] ..... 1636276.459900: sys_wait4 -> 0x10072d
             exe-1050289 [002] ..... 1636276.459902: sys_ptrace(request: 4204, pid: 10072d, addr: 1, data: c000699c70)
             exe-1050289 [002] ..... 1636276.459905: sys_ptrace -> 0x0
             exe-1050289 [002] ..... 1636276.459907: sys_ptrace(request: 4204, pid: 10072d, addr: 202, data: c000699c70)
             exe-1050289 [002] ..... 1636276.459909: sys_ptrace -> 0x0
             exe-1050289 [002] ..... 1636276.459918: sys_pwrite64(fd: 63, buf: 7fd66edf9080, count: 34, pos: 36)
             exe-1050289 [002] ..... 1636276.459920: tracing_mark_write: sched_setscheduler(pid=0, policy=0x3, param=0x8) end
             exe-1050289 [002] ..... 1636276.536581: tracing_mark_write: sched_setscheduler(pid=50299, policy=0x3, param=0x7f9992100000) start
             exe-1050289 [002] ..... 1636276.536583: sys_pwrite64 -> 0x45
             exe-1050289 [002] ..... 1636276.536589: sys_ptrace(request: 4205, pid: 10072d, addr: 1, data: c000699c70)
             exe-1050289 [002] ..... 1636276.536592: sys_ptrace -> 0x0
             exe-1050289 [002] ..... 1636276.536593: sys_ptrace(request: 4205, pid: 10072d, addr: 202, data: c000699c70)
             exe-1050289 [002] ..... 1636276.536604: sys_ptrace -> 0x0
             exe-1050289 [002] ..... 1636276.536605: sys_ptrace(request: 1f, pid: 10072d, addr: 0, data: 0)
             exe-1050289 [002] .N... 1636276.536612: sys_ptrace -> 0x0
             exe-1050413 [002] ..... 1636276.536623: sys_write -> 0x45
             exe-1049673 [003] ..... 1636276.536640: sys_nanosleep -> 0x0
             exe-1050289 [002] ..... 1636276.536641: sys_wait4(upid: 10072d, stat_addr: c000699bf4, options: 40000002, ru: 0)
             exe-1049673 [003] ..... 1636276.536642: sys_nanosleep(rqtp: c000069f10, rmtp: 0)
             exe-1050289 [002] ..... 1636276.536643: sys_wait4 -> 0x10072d
             exe-1050289 [002] ..... 1636276.536645: sys_ptrace(request: 4204, pid: 10072d, addr: 1, data: c000699c70)
             exe-1050289 [002] ..... 1636276.536649: sys_ptrace -> 0x0
             exe-1050289 [002] ..... 1636276.536651: sys_ptrace(request: 4204, pid: 10072d, addr: 202, data: c000699c70)
             exe-1050289 [002] ..... 1636276.536653: sys_ptrace -> 0x0
             exe-1050289 [002] ..... 1636276.536659: sys_ptrace(request: 4205, pid: 10072d, addr: 1, data: c000699c70)
             exe-1050289 [002] ..... 1636276.536661: sys_ptrace -> 0x0
             exe-1050289 [002] ..... 1636276.536663: sys_ptrace(request: 4205, pid: 10072d, addr: 202, data: c000699c70)
             exe-1050289 [002] ..... 1636276.536672: sys_ptrace -> 0x0
             exe-1050289 [002] ..... 1636276.536673: sys_ptrace(request: 1f, pid: 10072d, addr: 0, data: 0)
             exe-1050289 [002] .N... 1636276.536680: sys_ptrace -> 0x0
             exe-1050413 [002] ..... 1636276.536690: sys_sched_setscheduler -> 0xffffffffffffffea
             exe-1050289 [002] ..... 1636276.536707: sys_wait4(upid: 10072d, stat_addr: c000699bf4, options: 40000002, ru: 0)
             exe-1050289 [002] ..... 1636276.536710: sys_wait4 -> 0x10072d
             exe-1050289 [002] ..... 1636276.536712: sys_ptrace(request: 4204, pid: 10072d, addr: 1, data: c000699c70)
             exe-1050289 [002] ..... 1636276.536715: sys_ptrace -> 0x0
             exe-1050289 [002] ..... 1636276.536717: sys_ptrace(request: 4204, pid: 10072d, addr: 202, data: c000699c70)
             exe-1050289 [002] ..... 1636276.536719: sys_ptrace -> 0x0
             exe-1050289 [002] ..... 1636276.536728: sys_pwrite64(fd: 63, buf: 7fd66edf9080, count: 43, pos: 45)
             exe-1050289 [002] ..... 1636276.536729: tracing_mark_write: sched_setscheduler(pid=50299, policy=0x3, param=0x7f9992100000) end
             exe-1050289 [002] ..... 1636276.601052: tracing_mark_write: sched_setscheduler(pid=0, policy=0x3, param=0x7f99930d1000) start
             exe-1050289 [002] ..... 1636276.601054: sys_pwrite64 -> 0x41
             exe-1049567 [001] ..... 1636276.601116: sys_nanosleep -> 0x0
             exe-1049673 [003] ..... 1636276.601122: sys_nanosleep -> 0x0
             exe-1049673 [003] ..... 1636276.601126: sys_nanosleep(rqtp: c000069f10, rmtp: 0)
             exe-1049567 [001] ..... 1636276.601126: sys_nanosleep(rqtp: c000069f10, rmtp: 0)
             exe-1050289 [002] ..... 1636276.601138: sys_ptrace(request: 4205, pid: 10072d, addr: 1, data: c000699c70)
             exe-1050289 [002] ..... 1636276.601143: sys_ptrace -> 0x0
             exe-1050289 [002] ..... 1636276.601145: sys_ptrace(request: 4205, pid: 10072d, addr: 202, data: c000699c70)
             exe-1050289 [002] ..... 1636276.601160: sys_ptrace -> 0x0
             exe-1050289 [002] ..... 1636276.601162: sys_ptrace(request: 1f, pid: 10072d, addr: 0, data: 0)
             exe-1050289 [002] .N... 1636276.601170: sys_ptrace -> 0x0
             exe-1050413 [002] ..... 1636276.601184: sys_write -> 0x41
             exe-1050289 [002] ..... 1636276.601210: sys_wait4(upid: 10072d, stat_addr: c000699bf4, options: 40000002, ru: 0)
             exe-1050289 [002] ..... 1636276.601213: sys_wait4 -> 0x10072d
             exe-1050289 [002] ..... 1636276.601215: sys_ptrace(request: 4204, pid: 10072d, addr: 1, data: c000699c70)
             exe-1050289 [002] ..... 1636276.601219: sys_ptrace -> 0x0
             exe-1049673 [003] ..... 1636276.601220: sys_nanosleep -> 0x0
             exe-1050289 [002] ..... 1636276.601221: sys_ptrace(request: 4204, pid: 10072d, addr: 202, data: c000699c70)
             exe-1049673 [003] ..... 1636276.601222: sys_nanosleep(rqtp: c000069f10, rmtp: 0)
             exe-1050289 [002] ..... 1636276.601224: sys_ptrace -> 0x0
             exe-1050289 [002] ..... 1636276.601231: sys_ptrace(request: 4205, pid: 10072d, addr: 1, data: c000699c70)
             exe-1050289 [002] ..... 1636276.601234: sys_ptrace -> 0x0
             exe-1050289 [002] ..... 1636276.601235: sys_ptrace(request: 4205, pid: 10072d, addr: 202, data: c000699c70)
             exe-1050289 [002] ..... 1636276.601246: sys_ptrace -> 0x0
             exe-1050289 [002] ..... 1636276.601248: sys_ptrace(request: 1f, pid: 10072d, addr: 0, data: 0)
             exe-1050289 [002] .N... 1636276.601256: sys_ptrace -> 0x0
             exe-1050413 [002] ..... 1636276.601268: sys_sched_setscheduler -> 0xffffffffffffffea
             exe-1050289 [002] ..... 1636276.601287: sys_wait4(upid: 10072d, stat_addr: c000699bf4, options: 40000002, ru: 0)
             exe-1050289 [002] ..... 1636276.601290: sys_wait4 -> 0x10072d
             exe-1050289 [002] ..... 1636276.601292: sys_ptrace(request: 4204, pid: 10072d, addr: 1, data: c000699c70)
             exe-1050289 [002] ..... 1636276.601296: sys_ptrace -> 0x0
             exe-1050289 [002] ..... 1636276.601297: sys_ptrace(request: 4204, pid: 10072d, addr: 202, data: c000699c70)
             exe-1050289 [002] ..... 1636276.601300: sys_ptrace -> 0x0
             exe-1050289 [002] ..... 1636276.601314: sys_pwrite64(fd: 63, buf: 7fd66edf9080, count: 3f, pos: 41)
             exe-1050289 [002] ..... 1636276.601316: tracing_mark_write: sched_setscheduler(pid=0, policy=0x3, param=0x7f99930d1000) end
             exe-1050289 [002] ..... 1636276.666955: tracing_mark_write: sched_setscheduler(pid=1, policy=0x3, param=0x7f9991500000) start
             exe-1050289 [002] ..... 1636276.666957: sys_pwrite64 -> 0x41
             exe-1050289 [002] ..... 1636276.666964: sys_ptrace(request: 4205, pid: 10072d, addr: 1, data: c000699c70)
             exe-1050289 [002] ..... 1636276.666967: sys_ptrace -> 0x0
             exe-1050289 [002] ..... 1636276.666968: sys_ptrace(request: 4205, pid: 10072d, addr: 202, data: c000699c70)
             exe-1050289 [002] ..... 1636276.666980: sys_ptrace -> 0x0
             exe-1050289 [002] ..... 1636276.666982: sys_ptrace(request: 1f, pid: 10072d, addr: 0, data: 0)
             exe-1050289 [002] .N... 1636276.666990: sys_ptrace -> 0x0
             exe-1050413 [002] ..... 1636276.667001: sys_write -> 0x41
             exe-1050289 [002] ..... 1636276.667021: sys_wait4(upid: 10072d, stat_addr: c000699bf4, options: 40000002, ru: 0)
             exe-1050289 [002] ..... 1636276.667024: sys_wait4 -> 0x10072d
             exe-1050289 [002] ..... 1636276.667026: sys_ptrace(request: 4204, pid: 10072d, addr: 1, data: c000699c70)
             exe-1050289 [002] ..... 1636276.667030: sys_ptrace -> 0x0
             exe-1050289 [002] ..... 1636276.667032: sys_ptrace(request: 4204, pid: 10072d, addr: 202, data: c000699c70)
             exe-1050289 [002] ..... 1636276.667034: sys_ptrace -> 0x0
             exe-1050289 [002] ..... 1636276.667040: sys_ptrace(request: 4205, pid: 10072d, addr: 1, data: c000699c70)
             exe-1050289 [002] ..... 1636276.667043: sys_ptrace -> 0x0
             exe-1050289 [002] ..... 1636276.667044: sys_ptrace(request: 4205, pid: 10072d, addr: 202, data: c000699c70)
             exe-1050289 [002] ..... 1636276.667054: sys_ptrace -> 0x0
             exe-1050289 [002] ..... 1636276.667056: sys_ptrace(request: 1f, pid: 10072d, addr: 0, data: 0)
             exe-1050289 [002] .N... 1636276.667063: sys_ptrace -> 0x0
             exe-1050413 [002] ..... 1636276.667074: sys_sched_setscheduler -> 0xffffffffffffffea
             exe-1050289 [002] ..... 1636276.667093: sys_wait4(upid: 10072d, stat_addr: c000699bf4, options: 40000002, ru: 0)
             exe-1050289 [002] ..... 1636276.667096: sys_wait4 -> 0x10072d
             exe-1050289 [002] ..... 1636276.667098: sys_ptrace(request: 4204, pid: 10072d, addr: 1, data: c000699c70)
             exe-1050289 [002] ..... 1636276.667103: sys_ptrace -> 0x0
             exe-1050289 [002] ..... 1636276.667104: sys_ptrace(request: 4204, pid: 10072d, addr: 202, data: c000699c70)
             exe-1050289 [002] ..... 1636276.667107: sys_ptrace -> 0x0
             exe-1050289 [002] ..... 1636276.667116: sys_pwrite64(fd: 63, buf: 7fd66edf9080, count: 3f, pos: 41)
             exe-1050289 [002] ..... 1636276.667118: tracing_mark_write: sched_setscheduler(pid=1, policy=0x3, param=0x7f9991500000) end
             exe-1050289 [002] ..... 1636276.728618: tracing_mark_write: sched_setscheduler(pid=1, policy=0x3, param=0x7f9991000000) start
             exe-1050289 [002] ..... 1636276.728620: sys_pwrite64 -> 0x41
             exe-1050289 [002] ..... 1636276.728626: sys_ptrace(request: 4205, pid: 10072d, addr: 1, data: c000699c70)
             exe-1050289 [002] ..... 1636276.728629: sys_ptrace -> 0x0
             exe-1050289 [002] ..... 1636276.728631: sys_ptrace(request: 4205, pid: 10072d, addr: 202, data: c000699c70)
             exe-1050289 [002] ..... 1636276.728642: sys_ptrace -> 0x0
             exe-1050289 [002] ..... 1636276.728643: sys_ptrace(request: 1f, pid: 10072d, addr: 0, data: 0)
             exe-1050289 [002] .N... 1636276.728651: sys_ptrace -> 0x0
             exe-1050413 [002] ..... 1636276.728662: sys_write -> 0x41
             exe-1050289 [002] ..... 1636276.728682: sys_wait4(upid: 10072d, stat_addr: c000699bf4, options: 40000002, ru: 0)
             exe-1050289 [002] ..... 1636276.728684: sys_wait4 -> 0x10072d
             exe-1050289 [002] ..... 1636276.728687: sys_ptrace(request: 4204, pid: 10072d, addr: 1, data: c000699c70)
             exe-1050289 [002] ..... 1636276.728690: sys_ptrace -> 0x0
             exe-1050289 [002] ..... 1636276.728692: sys_ptrace(request: 4204, pid: 10072d, addr: 202, data: c000699c70)
             exe-1050289 [002] ..... 1636276.728695: sys_ptrace -> 0x0
             exe-1049673 [003] ..... 1636276.728700: sys_nanosleep -> 0x0
             exe-1050289 [002] ..... 1636276.728701: sys_ptrace(request: 4205, pid: 10072d, addr: 1, data: c000699c70)
             exe-1050289 [002] ..... 1636276.728703: sys_ptrace -> 0x0
             exe-1049673 [003] ..... 1636276.728704: sys_nanosleep(rqtp: c000069f10, rmtp: 0)
             exe-1050289 [002] ..... 1636276.728705: sys_ptrace(request: 4205, pid: 10072d, addr: 202, data: c000699c70)
             exe-1050289 [002] ..... 1636276.728714: sys_ptrace -> 0x0
             exe-1050289 [002] ..... 1636276.728716: sys_ptrace(request: 1f, pid: 10072d, addr: 0, data: 0)
             exe-1050289 [002] .N... 1636276.728722: sys_ptrace -> 0x0
             exe-1050413 [002] ..... 1636276.728733: sys_sched_setscheduler -> 0xffffffffffffffea
             exe-1050289 [002] ..... 1636276.728752: sys_wait4(upid: 10072d, stat_addr: c000699bf4, options: 40000002, ru: 0)
             exe-1050289 [002] ..... 1636276.728755: sys_wait4 -> 0x10072d
             exe-1050289 [002] ..... 1636276.728757: sys_ptrace(request: 4204, pid: 10072d, addr: 1, data: c000699c70)
             exe-1050289 [002] ..... 1636276.728761: sys_ptrace -> 0x0
             exe-1050289 [002] ..... 1636276.728762: sys_ptrace(request: 4204, pid: 10072d, addr: 202, data: c000699c70)
             exe-1050289 [002] ..... 1636276.728765: sys_ptrace -> 0x0
             exe-1050289 [002] ..... 1636276.728775: sys_pwrite64(fd: 63, buf: 7fd66edf9080, count: 3f, pos: 41)
             exe-1050289 [002] ..... 1636276.728776: tracing_mark_write: sched_setscheduler(pid=1, policy=0x3, param=0x7f9991000000) end
             exe-1050289 [002] ..... 1636276.782266: tracing_mark_write: sched_setscheduler(pid=1, policy=0x3, param=0x7f99930d3000) start
             exe-1050289 [002] ..... 1636276.782267: sys_pwrite64 -> 0x41
             exe-1050289 [002] ..... 1636276.782274: sys_ptrace(request: 4205, pid: 10072d, addr: 1, data: c000699c70)
             exe-1050289 [002] ..... 1636276.782277: sys_ptrace -> 0x0
             exe-1050289 [002] ..... 1636276.782278: sys_ptrace(request: 4205, pid: 10072d, addr: 202, data: c000699c70)
             exe-1050289 [002] ..... 1636276.782290: sys_ptrace -> 0x0
             exe-1050289 [002] ..... 1636276.782291: sys_ptrace(request: 1f, pid: 10072d, addr: 0, data: 0)
             exe-1050289 [002] .N... 1636276.782299: sys_ptrace -> 0x0
             exe-1050413 [002] ..... 1636276.782310: sys_write -> 0x41
             exe-1050289 [002] ..... 1636276.782329: sys_wait4(upid: 10072d, stat_addr: c000699bf4, options: 40000002, ru: 0)
             exe-1050289 [002] ..... 1636276.782332: sys_wait4 -> 0x10072d
             exe-1050289 [002] ..... 1636276.782335: sys_ptrace(request: 4204, pid: 10072d, addr: 1, data: c000699c70)
             exe-1050289 [002] ..... 1636276.782338: sys_ptrace -> 0x0
             exe-1050289 [002] ..... 1636276.782340: sys_ptrace(request: 4204, pid: 10072d, addr: 202, data: c000699c70)
             exe-1050289 [002] ..... 1636276.782342: sys_ptrace -> 0x0
             exe-1049567 [001] ..... 1636276.782343: sys_nanosleep -> 0x0
             exe-1049567 [001] ..... 1636276.782345: sys_nanosleep(rqtp: c000069f10, rmtp: 0)
             exe-1050289 [002] ..... 1636276.782348: sys_ptrace(request: 4205, pid: 10072d, addr: 1, data: c000699c70)
             exe-1050289 [002] ..... 1636276.782351: sys_ptrace -> 0x0
             exe-1050289 [002] ..... 1636276.782352: sys_ptrace(request: 4205, pid: 10072d, addr: 202, data: c000699c70)
             exe-1050289 [002] ..... 1636276.782362: sys_ptrace -> 0x0
             exe-1050289 [002] ..... 1636276.782363: sys_ptrace(request: 1f, pid: 10072d, addr: 0, data: 0)
             exe-1050289 [002] .N... 1636276.782370: sys_ptrace -> 0x0
             exe-1050413 [002] ..... 1636276.782380: sys_sched_setscheduler -> 0xffffffffffffffea
             exe-1050289 [002] ..... 1636276.782400: sys_wait4(upid: 10072d, stat_addr: c000699bf4, options: 40000002, ru: 0)
             exe-1050289 [002] ..... 1636276.782403: sys_wait4 -> 0x10072d
             exe-1050289 [002] ..... 1636276.782405: sys_ptrace(request: 4204, pid: 10072d, addr: 1, data: c000699c70)
             exe-1050289 [002] ..... 1636276.782409: sys_ptrace -> 0x0
             exe-1050289 [002] ..... 1636276.782410: sys_ptrace(request: 4204, pid: 10072d, addr: 202, data: c000699c70)
             exe-1050289 [002] ..... 1636276.782413: sys_ptrace -> 0x0
             exe-1050289 [002] ..... 1636276.782422: sys_pwrite64(fd: 63, buf: 7fd66edf9080, count: 3f, pos: 41)
             exe-1050289 [002] ..... 1636276.782423: tracing_mark_write: sched_setscheduler(pid=1, policy=0x3, param=0x7f99930d3000) end
             exe-1050289 [002] ..... 1636276.844019: tracing_mark_write: sched_setscheduler(pid=50299, policy=0x3, param=0x7f99930d2000) start
             exe-1049567 [001] ..... 1636276.844020: sys_nanosleep -> 0x0
             exe-1050289 [002] ..... 1636276.844021: sys_pwrite64 -> 0x45
             exe-1049567 [001] ..... 1636276.844022: sys_nanosleep(rqtp: c000069f10, rmtp: 0)
             exe-1050289 [002] ..... 1636276.844027: sys_ptrace(request: 4205, pid: 10072d, addr: 1, data: c000699c70)
             exe-1050289 [002] ..... 1636276.844030: sys_ptrace -> 0x0
             exe-1050289 [002] ..... 1636276.844031: sys_ptrace(request: 4205, pid: 10072d, addr: 202, data: c000699c70)
             exe-1050289 [002] ..... 1636276.844042: sys_ptrace -> 0x0
             exe-1050289 [002] ..... 1636276.844044: sys_ptrace(request: 1f, pid: 10072d, addr: 0, data: 0)
             exe-1050289 [002] .N... 1636276.844051: sys_ptrace -> 0x0
             exe-1049673 [003] ..... 1636276.844052: sys_nanosleep -> 0x0
             exe-1049673 [003] ..... 1636276.844058: sys_nanosleep(rqtp: c000069f10, rmtp: 0)
             exe-1050413 [002] ..... 1636276.844062: sys_write -> 0x45
             exe-1050289 [002] ..... 1636276.844081: sys_wait4(upid: 10072d, stat_addr: c000699bf4, options: 40000002, ru: 0)
             exe-1050289 [002] ..... 1636276.844084: sys_wait4 -> 0x10072d
             exe-1050289 [002] ..... 1636276.844086: sys_ptrace(request: 4204, pid: 10072d, addr: 1, data: c000699c70)
             exe-1050289 [002] ..... 1636276.844090: sys_ptrace -> 0x0
             exe-1050289 [002] ..... 1636276.844092: sys_ptrace(request: 4204, pid: 10072d, addr: 202, data: c000699c70)
             exe-1050289 [002] ..... 1636276.844094: sys_ptrace -> 0x0
             exe-1050289 [002] ..... 1636276.844100: sys_ptrace(request: 4205, pid: 10072d, addr: 1, data: c000699c70)
             exe-1050289 [002] ..... 1636276.844103: sys_ptrace -> 0x0
             exe-1050289 [002] ..... 1636276.844104: sys_ptrace(request: 4205, pid: 10072d, addr: 202, data: c000699c70)
             exe-1050289 [002] ..... 1636276.844113: sys_ptrace -> 0x0
             exe-1050289 [002] ..... 1636276.844115: sys_ptrace(request: 1f, pid: 10072d, addr: 0, data: 0)
             exe-1050289 [002] .N... 1636276.844121: sys_ptrace -> 0x0
             exe-1050413 [002] ..... 1636276.844132: sys_sched_setscheduler -> 0xffffffffffffffea
             exe-1050289 [002] ..... 1636276.844151: sys_wait4(upid: 10072d, stat_addr: c000699bf4, options: 40000002, ru: 0)
             exe-1050289 [002] ..... 1636276.844154: sys_wait4 -> 0x10072d
             exe-1049673 [003] ..... 1636276.844155: sys_nanosleep -> 0x0
             exe-1050289 [002] ..... 1636276.844156: sys_ptrace(request: 4204, pid: 10072d, addr: 1, data: c000699c70)
             exe-1050289 [002] ..... 1636276.844160: sys_ptrace -> 0x0
             exe-1049673 [003] ..... 1636276.844161: sys_nanosleep(rqtp: c000069f10, rmtp: 0)
             exe-1050289 [002] ..... 1636276.844161: sys_ptrace(request: 4204, pid: 10072d, addr: 202, data: c000699c70)
             exe-1050289 [002] ..... 1636276.844164: sys_ptrace -> 0x0
             exe-1050289 [002] ..... 1636276.844173: sys_pwrite64(fd: 63, buf: 7fd66edf9080, count: 43, pos: 45)
             exe-1049567 [001] ..... 1636276.844173: sys_nanosleep -> 0x0
             exe-1050289 [002] ..... 1636276.844174: tracing_mark_write: sched_setscheduler(pid=50299, policy=0x3, param=0x7f99930d2000) end
             exe-1050289 [002] ..... 1636276.899228: tracing_mark_write: sched_setscheduler(pid=50299, policy=0x3, param=0x7f9991000000) start
             exe-1050289 [002] ..... 1636276.899230: sys_pwrite64 -> 0x45
             exe-1050289 [002] ..... 1636276.899236: sys_ptrace(request: 4205, pid: 10072d, addr: 1, data: c000699c70)
             exe-1050289 [002] ..... 1636276.899239: sys_ptrace -> 0x0
             exe-1050289 [002] ..... 1636276.899240: sys_ptrace(request: 4205, pid: 10072d, addr: 202, data: c000699c70)
             exe-1050289 [002] ..... 1636276.899252: sys_ptrace -> 0x0
             exe-1050289 [002] ..... 1636276.899254: sys_ptrace(request: 1f, pid: 10072d, addr: 0, data: 0)
             exe-1049567 [001] ..... 1636276.899260: sys_nanosleep -> 0x0
             exe-1050289 [002] .N... 1636276.899262: sys_ptrace -> 0x0
             exe-1049567 [001] ..... 1636276.899262: sys_nanosleep(rqtp: c000069f10, rmtp: 0)
             exe-1050413 [002] ..... 1636276.899273: sys_write -> 0x45
             exe-1050289 [002] ..... 1636276.899292: sys_wait4(upid: 10072d, stat_addr: c000699bf4, options: 40000002, ru: 0)
             exe-1050289 [002] ..... 1636276.899295: sys_wait4 -> 0x10072d
             exe-1050289 [002] ..... 1636276.899297: sys_ptrace(request: 4204, pid: 10072d, addr: 1, data: c000699c70)
             exe-1050289 [002] ..... 1636276.899301: sys_ptrace -> 0x0
             exe-1050289 [002] ..... 1636276.899302: sys_ptrace(request: 4204, pid: 10072d, addr: 202, data: c000699c70)
             exe-1050289 [002] ..... 1636276.899305: sys_ptrace -> 0x0
             exe-1050289 [002] ..... 1636276.899311: sys_ptrace(request: 4205, pid: 10072d, addr: 1, data: c000699c70)
             exe-1050289 [002] ..... 1636276.899313: sys_ptrace -> 0x0
             exe-1050289 [002] ..... 1636276.899319: sys_ptrace(request: 4205, pid: 10072d, addr: 202, data: c000699c70)
             exe-1050289 [002] ..... 1636276.899328: sys_ptrace -> 0x0
             exe-1050289 [002] ..... 1636276.899330: sys_ptrace(request: 1f, pid: 10072d, addr: 0, data: 0)
             exe-1050289 [002] .N... 1636276.899337: sys_ptrace -> 0x0
             exe-1050413 [002] ..... 1636276.899347: sys_sched_setscheduler -> 0xffffffffffffffea
             exe-1049567 [001] ..... 1636276.899353: sys_nanosleep -> 0x0
             exe-1049567 [001] ..... 1636276.899355: sys_nanosleep(rqtp: c000069f10, rmtp: 0)
             exe-1050289 [002] ..... 1636276.899366: sys_wait4(upid: 10072d, stat_addr: c000699bf4, options: 40000002, ru: 0)
             exe-1050289 [002] ..... 1636276.899369: sys_wait4 -> 0x10072d
             exe-1050289 [002] ..... 1636276.899371: sys_ptrace(request: 4204, pid: 10072d, addr: 1, data: c000699c70)
             exe-1050289 [002] ..... 1636276.899375: sys_ptrace -> 0x0
             exe-1050289 [002] ..... 1636276.899376: sys_ptrace(request: 4204, pid: 10072d, addr: 202, data: c000699c70)
             exe-1050289 [002] ..... 1636276.899379: sys_ptrace -> 0x0
             exe-1050289 [002] ..... 1636276.899388: sys_pwrite64(fd: 63, buf: 7fd66edf9080, count: 43, pos: 45)
             exe-1050289 [002] ..... 1636276.899390: tracing_mark_write: sched_setscheduler(pid=50299, policy=0x3, param=0x7f9991000000) end
             exe-1050289 [002] ..... 1636276.971782: tracing_mark_write: sched_setscheduler(pid=1, policy=0x3, param=0x7f9992d00000) start
             exe-1050289 [002] ..... 1636276.971783: sys_pwrite64 -> 0x41
