             exe-1050289 [000] ..... 1636270.703292: sys_ptrace(request: 4204, pid: 10072d, addr: 1, data: c000699c70)
             exe-1050289 [000] ..... 1636270.703296: sys_ptrace -> 0x0
             exe-1050289 [000] ..... 1636270.703297: sys_ptrace(request: 4204, pid: 10072d, addr: 202, data: c000699c70)
             exe-1050289 [000] ..... 1636270.703299: sys_ptrace -> 0x0
             exe-1049567 [002] ..... 1636270.703301: sys_nanosleep -> 0x0
             exe-1049567 [002] ..... 1636270.703303: sys_nanosleep(rqtp: c000069f10, rmtp: 0)
             exe-1050289 [000] ..... 1636270.703309: sys_pwrite64(fd: 63, buf: 7fd66edf9080, count: 34, pos: 36)
             exe-1050289 [000] ..... 1636270.703311: tracing_mark_write: sched_setscheduler(pid=1, policy=0x1, param=0x0) end
             exe-1050289 [000] ..... 1636270.762674: tracing_mark_write: sched_setscheduler(pid=1, policy=0x1, param=0x0) start
             exe-1050289 [000] ..... 1636270.762676: sys_pwrite64 -> 0x36
             exe-1050289 [000] ..... 1636270.762684: sys_ptrace(request: 4205, pid: 10072d, addr: 1, data: c000699c70)
             exe-1050289 [000] ..... 1636270.762687: sys_ptrace -> 0x0
             exe-1050289 [000] ..... 1636270.762688: sys_ptrace(request: 4205, pid: 10072d, addr: 202, data: c000699c70)
             exe-1050289 [000] ..... 1636270.762701: sys_ptrace -> 0x0
             exe-1050289 [000] ..... 1636270.762703: sys_ptrace(request: 1f, pid: 10072d, addr: 0, data: 0)
             exe-1050289 [000] .N... 1636270.762711: sys_ptrace -> 0x0
             exe-1049567 [002] ..... 1636270.762721: sys_nanosleep -> 0x0
             exe-1049567 [002] ..... 1636270.762723: sys_nanosleep(rqtp: c000069f10, rmtp: 0)
             exe-1050413 [000] ..... 1636270.762725: sys_write -> 0x36
             exe-1049673 [003] ..... 1636270.762727: sys_nanosleep -> 0x0
             exe-1049673 [003] ..... 1636270.762733: sys_futex(uaddr: c000383948, op: 81, val: 1, utime: 0, uaddr2: 0, val3: 0)
             exe-1049673 [003] .N... 1636270.762739: sys_futex -> 0x1
             exe-1050525 [003] ..... 1636270.762742: sys_futex -> 0x0
             exe-1050525 [003] ..... 1636270.762747: sys_futex(uaddr: c000383948, op: 80, val: 0, utime: 0, uaddr2: 0, val3: 0)
             exe-1050289 [000] ..... 1636270.762749: sys_wait4(upid: 10072d, stat_addr: c000699bf4, options: 40000002, ru: 0)
             exe-1050289 [000] ..... 1636270.762751: sys_wait4 -> 0x10072d
             exe-1050289 [000] ..... 1636270.762754: sys_ptrace(request: 4204, pid: 10072d, addr: 1, data: c000699c70)
             exe-1049673 [003] ..... 1636270.762756: sys_nanosleep(rqtp: c000069f10, rmtp: 0)
             exe-1050289 [000] ..... 1636270.762758: sys_ptrace -> 0x0
             exe-1050289 [000] ..... 1636270.762759: sys_ptrace(request: 4204, pid: 10072d, addr: 202, data: c000699c70)
             exe-1050289 [000] ..... 1636270.762762: sys_ptrace -> 0x0
             exe-1050289 [000] ..... 1636270.762768: sys_ptrace(request: 4205, pid: 10072d, addr: 1, data: c000699c70)
             exe-1050289 [000] ..... 1636270.762771: sys_ptrace -> 0x0
             exe-1050289 [000] ..... 1636270.762772: sys_ptrace(request: 4205, pid: 10072d, addr: 202, data: c000699c70)
             exe-1050289 [000] ..... 1636270.762783: sys_ptrace -> 0x0
             exe-1050289 [000] ..... 1636270.762784: sys_ptrace(request: 1f, pid: 10072d, addr: 0, data: 0)
             exe-1050289 [000] .N... 1636270.762793: sys_ptrace -> 0x0
             exe-1050413 [000] ..... 1636270.762804: sys_sched_setscheduler -> 0xffffffffffffffea
             exe-1049567 [002] ..... 1636270.762815: sys_nanosleep -> 0x0
             exe-1049567 [002] ..... 1636270.762818: sys_nanosleep(rqtp: c000069f10, rmtp: 0)
             exe-1050289 [000] ..... 1636270.762823: sys_wait4(upid: 10072d, stat_addr: c000699bf4, options: 40000002, ru: 0)
             exe-1050289 [000] ..... 1636270.762826: sys_wait4 -> 0x10072d
             exe-1050289 [000] ..... 1636270.762828: sys_ptrace(request: 4204, pid: 10072d, addr: 1, data: c000699c70)
             exe-1050289 [000] ..... 1636270.762832: sys_ptrace -> 0x0
             exe-1050289 [000] ..... 1636270.762834: sys_ptrace(request: 4204, pid: 10072d, addr: 202, data: c000699c70)
             exe-1050289 [000] ..... 1636270.762837: sys_ptrace -> 0x0
             exe-1050289 [000] ..... 1636270.762847: sys_pwrite64(fd: 63, buf: 7fd66edf9080, count: 34, pos: 36)
             exe-1050289 [000] ..... 1636270.762848: tracing_mark_write: sched_setscheduler(pid=1, policy=0x1, param=0x0) end
             exe-1050289 [000] ..... 1636270.832229: tracing_mark_write: sched_setscheduler(pid=50299, policy=0x1, param=0x8) start
             exe-1050289 [000] ..... 1636270.832230: sys_pwrite64 -> 0x3a
             exe-1050289 [000] ..... 1636270.832239: sys_ptrace(request: 4205, pid: 10072d, addr: 1, data: c000699c70)
             exe-1050289 [000] ..... 1636270.832242: sys_ptrace -> 0x0
             exe-1050289 [000] ..... 1636270.832244: sys_ptrace(request: 4205, pid: 10072d, addr: 202, data: c000699c70)
             exe-1050289 [000] ..... 1636270.832257: sys_ptrace -> 0x0
             exe-1050289 [000] ..... 1636270.832259: sys_ptrace(request: 1f, pid: 10072d, addr: 0, data: 0)
             exe-1050289 [000] .N... 1636270.832269: sys_ptrace -> 0x0
             exe-1050413 [000] ..... 1636270.832281: sys_write -> 0x3a
             exe-1049567 [002] ..... 1636270.832318: sys_nanosleep -> 0x0
             exe-1049567 [002] ..... 1636270.832320: sys_nanosleep(rqtp: c000069f10, rmtp: 0)
             exe-1049567 [002] ..... 1636270.832427: sys_nanosleep -> 0x0
             exe-1049567 [002] ..... 1636270.832429: sys_nanosleep(rqtp: c000069f10, rmtp: 0)
             exe-1049567 [002] ..... 1636270.832521: sys_nanosleep -> 0x0
             exe-1049567 [002] ..... 1636270.832523: sys_nanosleep(rqtp: c000069f10, rmtp: 0)
             exe-1050289 [000] ..... 1636270.832581: sys_wait4(upid: 10072d, stat_addr: c000699bf4, options: 40000002, ru: 0)
             exe-1050289 [000] ..... 1636270.832585: sys_wait4 -> 0x10072d
             exe-1050289 [000] ..... 1636270.832589: sys_ptrace(request: 4204, pid: 10072d, addr: 1, data: c000699c70)
             exe-1050289 [000] ..... 1636270.832594: sys_ptrace -> 0x0
             exe-1050289 [000] ..... 1636270.832597: sys_ptrace(request: 4204, pid: 10072d, addr: 202, data: c000699c70)
             exe-1050289 [000] ..... 1636270.832601: sys_ptrace -> 0x0
             exe-1050289 [000] ..... 1636270.832610: sys_ptrace(request: 4205, pid: 10072d, addr: 1, data: c000699c70)
             exe-1050289 [000] ..... 1636270.832614: sys_ptrace -> 0x0
             exe-1050289 [000] ..... 1636270.832615: sys_ptrace(request: 4205, pid: 10072d, addr: 202, data: c000699c70)
             exe-1050289 [000] ..... 1636270.832632: sys_ptrace -> 0x0
             exe-1050289 [000] ..... 1636270.832634: sys_ptrace(request: 1f, pid: 10072d, addr: 0, data: 0)
             exe-1049567 [002] ..... 1636270.832638: sys_nanosleep -> 0x0
             exe-1049567 [002] ..... 1636270.832640: sys_nanosleep(rqtp: c000069f10, rmtp: 0)
             exe-1050289 [000] .N... 1636270.832645: sys_ptrace -> 0x0
             exe-1050413 [000] ..... 1636270.832659: sys_sched_setscheduler -> 0xffffffffffffffea
             exe-1050289 [000] ..... 1636270.832685: sys_wait4(upid: 10072d, stat_addr: c000699bf4, options: 40000002, ru: 0)
             exe-1050289 [000] ..... 1636270.832688: sys_wait4 -> 0x10072d
             exe-1050289 [000] ..... 1636270.832691: sys_ptrace(request: 4204, pid: 10072d, addr: 1, data: c000699c70)
             exe-1050289 [000] ..... 1636270.832696: sys_ptrace -> 0x0
             exe-1050289 [000] ..... 1636270.832698: sys_ptrace(request: 4204, pid: 10072d, addr: 202, data: c000699c70)
             exe-1050289 [000] ..... 1636270.832701: sys_ptrace -> 0x0
             exe-1050289 [000] ..... 1636270.832719: sys_pwrite64(fd: 63, buf: 7fd66edf9080, count: 38, pos: 3a)
             exe-1050289 [000] ..... 1636270.832722: tracing_mark_write: sched_setscheduler(pid=50299, policy=0x1, param=0x8) end
             exe-1050289 [000] ..... 1636270.916769: tracing_mark_write: sched_setscheduler(pid=0, policy=0x1, param=0x8) start
             exe-1050289 [000] ..... 1636270.916771: sys_pwrite64 -> 0x36
             exe-1050289 [000] ..... 1636270.916780: sys_ptrace(request: 4205, pid: 10072d, addr: 1, data: c000699c70)
             exe-1050289 [000] ..... 1636270.916785: sys_ptrace -> 0x0
             exe-1050289 [000] ..... 1636270.916786: sys_ptrace(request: 4205, pid: 10072d, addr: 202, data: c000699c70)
             exe-1050289 [000] ..... 1636270.916871: sys_ptrace -> 0x0
             exe-1050289 [000] ..... 1636270.916875: sys_ptrace(request: 1f, pid: 10072d, addr: 0, data: 0)
             exe-1050289 [000] .N... 1636270.916883: sys_ptrace -> 0x0
             exe-1050413 [000] ..... 1636270.916896: sys_write -> 0x36
             exe-1049567 [002] ..... 1636270.916912: sys_nanosleep -> 0x0
             exe-1049567 [002] ..... 1636270.916915: sys_nanosleep(rqtp: c000069f10, rmtp: 0)
             exe-1050289 [000] ..... 1636270.916991: sys_wait4(upid: 10072d, stat_addr: c000699bf4, options: 40000002, ru: 0)
             exe-1050289 [000] ..... 1636270.916994: sys_wait4 -> 0x10072d
             exe-1050289 [000] ..... 1636270.916997: sys_ptrace(request: 4204, pid: 10072d, addr: 1, data: c000699c70)
             exe-1050289 [000] ..... 1636270.917001: sys_ptrace -> 0x0
             exe-1050289 [000] ..... 1636270.917003: sys_ptrace(request: 4204, pid: 10072d, addr: 202, data: c000699c70)
             exe-1050289 [000] ..... 1636270.917006: sys_ptrace -> 0x0
             exe-1050289 [000] ..... 1636270.917013: sys_ptrace(request: 4205, pid: 10072d, addr: 1, data: c000699c70)
             exe-1050289 [000] ..... 1636270.917016: sys_ptrace -> 0x0
             exe-1050289 [000] ..... 1636270.917017: sys_ptrace(request: 4205, pid: 10072d, addr: 202, data: c000699c70)
             exe-1050289 [000] ..... 1636270.917029: sys_ptrace -> 0x0
             exe-1050289 [000] ..... 1636270.917031: sys_ptrace(request: 1f, pid: 10072d, addr: 0, data: 0)
             exe-1050289 [000] .N... 1636270.917060: sys_ptrace -> 0x0
             exe-1050413 [000] ..... 1636270.917103: sys_sched_setscheduler -> 0xffffffffffffffea
             exe-1050289 [000] ..... 1636270.917129: sys_wait4(upid: 10072d, stat_addr: c000699bf4, options: 40000002, ru: 0)
             exe-1050289 [000] ..... 1636270.917133: sys_wait4 -> 0x10072d
             exe-1050289 [000] ..... 1636270.917135: sys_ptrace(request: 4204, pid: 10072d, addr: 1, data: c000699c70)
             exe-1050289 [000] ..... 1636270.917140: sys_ptrace -> 0x0
             exe-1050289 [000] ..... 1636270.917142: sys_ptrace(request: 4204, pid: 10072d, addr: 202, data: c000699c70)
             exe-1050289 [000] ..... 1636270.917145: sys_ptrace -> 0x0
             exe-1050289 [000] ..... 1636270.917235: sys_pwrite64(fd: 63, buf: 7fd66edf9080, count: 34, pos: 36)
             exe-1050289 [000] ..... 1636270.917238: tracing_mark_write: sched_setscheduler(pid=0, policy=0x1, param=0x8) end
             exe-1050289 [000] ..... 1636270.987913: tracing_mark_write: sched_setscheduler(pid=1, policy=0x1, param=0x7f9992100000) start
             exe-1050289 [000] ..... 1636270.987915: sys_pwrite64 -> 0x41
             exe-1050289 [000] ..... 1636270.987921: sys_ptrace(request: 4205, pid: 10072d, addr: 1, data: c000699c70)
             exe-1049673 [003] ..... 1636270.987924: sys_nanosleep -> 0x0
             exe-1050289 [000] ..... 1636270.987924: sys_ptrace -> 0x0
             exe-1050289 [000] ..... 1636270.987925: sys_ptrace(request: 4205, pid: 10072d, addr: 202, data: c000699c70)
             exe-1049673 [003] ..... 1636270.987929: sys_nanosleep(rqtp: c000069f10, rmtp: 0)
             exe-1050289 [000] ..... 1636270.987936: sys_ptrace -> 0x0
             exe-1050289 [000] ..... 1636270.987937: sys_ptrace(request: 1f, pid: 10072d, addr: 0, data: 0)
             exe-1050289 [000] .N... 1636270.987944: sys_ptrace -> 0x0
             exe-1049567 [003] ..... 1636270.987952: sys_nanosleep -> 0x0
             exe-1050413 [000] ..... 1636270.987955: sys_write -> 0x41
             exe-1049567 [003] ..... 1636270.987956: sys_nanosleep(rqtp: c000069f10, rmtp: 0)
             exe-1050289 [000] ..... 1636270.987974: sys_wait4(upid: 10072d, stat_addr: c000699bf4, options: 40000002, ru: 0)
             exe-1050289 [000] ..... 1636270.987977: sys_wait4 -> 0x10072d
             exe-1050289 [000] ..... 1636270.987979: sys_ptrace(request: 4204, pid: 10072d, addr: 1, data: c000699c70)
             exe-1050289 [000] ..... 1636270.987983: sys_ptrace -> 0x0
             exe-1050289 [000] ..... 1636270.987985: sys_ptrace(request: 4204, pid: 10072d, addr: 202, data: c000699c70)
             exe-1050289 [000] ..... 1636270.987987: sys_ptrace -> 0x0
             exe-1050289 [000] ..... 1636270.987993: sys_ptrace(request: 4205, pid: 10072d, addr: 1, data: c000699c70)
             exe-1050289 [000] ..... 1636270.987996: sys_ptrace -> 0x0
             exe-1050289 [000] ..... 1636270.987997: sys_ptrace(request: 4205, pid: 10072d, addr: 202, data: c000699c70)
             exe-1050289 [000] ..... 1636270.988007: sys_ptrace -> 0x0
             exe-1050289 [000] ..... 1636270.988008: sys_ptrace(request: 1f, pid: 10072d, addr: 0, data: 0)
             exe-1050289 [000] .N... 1636270.988015: sys_ptrace -> 0x0
             exe-1050413 [000] ..... 1636270.988025: sys_sched_setscheduler -> 0xffffffffffffffea
             exe-1049673 [003] ..... 1636270.988032: sys_nanosleep -> 0x0
             exe-1049673 [003] ..... 1636270.988038: sys_nanosleep(rqtp: c000069f10, rmtp: 0)
             exe-1050289 [000] ..... 1636270.988044: sys_wait4(upid: 10072d, stat_addr: c000699bf4, options: 40000002, ru: 0)
             exe-1050289 [000] ..... 1636270.988047: sys_wait4 -> 0x10072d
             exe-1050289 [000] ..... 1636270.988049: sys_ptrace(request: 4204, pid: 10072d, addr: 1, data: c000699c70)
             exe-1050289 [000] ..... 1636270.988052: sys_ptrace -> 0x0
             exe-1050289 [000] ..... 1636270.988054: sys_ptrace(request: 4204, pid: 10072d, addr: 202, data: c000699c70)
             exe-1050289 [000] ..... 1636270.988056: sys_ptrace -> 0x0
             exe-1049567 [003] ..... 1636270.988060: sys_nanosleep -> 0x0
             exe-1050289 [000] ..... 1636270.988064: sys_pwrite64(fd: 63, buf: 7fd66edf9080, count: 3f, pos: 41)
             exe-1049567 [003] ..... 1636270.988065: sys_nanosleep(rqtp: c000069f10, rmtp: 0)
             exe-1050289 [000] ..... 1636270.988066: tracing_mark_write: sched_setscheduler(pid=1, policy=0x1, param=0x7f9992100000) end
             exe-1050289 [000] ..... 1636271.069362: tracing_mark_write: sched_setscheduler(pid=0, policy=0x1, param=0x7f9991500000) start
             exe-1050289 [000] ..... 1636271.069364: sys_pwrite64 -> 0x41
             exe-1050289 [000] ..... 1636271.069373: sys_ptrace(request: 4205, pid: 10072d, addr: 1, data: c000699c70)
             exe-1050289 [000] ..... 1636271.069377: sys_ptrace -> 0x0
             exe-1050289 [000] ..... 1636271.069379: sys_ptrace(request: 4205, pid: 10072d, addr: 202, data: c000699c70)
             exe-1050289 [000] ..... 1636271.069392: sys_ptrace -> 0x0
             exe-1050289 [000] ..... 1636271.069395: sys_ptrace(request: 1f, pid: 10072d, addr: 0, data: 0)
             exe-1050289 [000] .N... 1636271.069405: sys_ptrace -> 0x0
             exe-1050413 [000] ..... 1636271.069417: sys_write -> 0x41
             exe-1050289 [000] ..... 1636271.069441: sys_wait4(upid: 10072d, stat_addr: c000699bf4, options: 40000002, ru: 0)
             exe-1050289 [000] ..... 1636271.069444: sys_wait4 -> 0x10072d
             exe-1050289 [000] ..... 1636271.069447: sys_ptrace(request: 4204, pid: 10072d, addr: 1, data: c000699c70)
             exe-1050289 [000] ..... 1636271.069452: sys_ptrace -> 0x0
             exe-1050289 [000] ..... 1636271.069454: sys_ptrace(request: 4204, pid: 10072d, addr: 202, data: c000699c70)
             exe-1049567 [003] ..... 1636271.069456: sys_nanosleep -> 0x0
             exe-1050289 [000] ..... 1636271.069458: sys_ptrace -> 0x0
             exe-1049567 [003] ..... 1636271.069462: sys_nanosleep(rqtp: c000069f10, rmtp: 0)
             exe-1050289 [000] ..... 1636271.069466: sys_ptrace(request: 4205, pid: 10072d, addr: 1, data: c000699c70)
             exe-1050289 [000] ..... 1636271.069470: sys_ptrace -> 0x0
             exe-1050289 [000] ..... 1636271.069472: sys_ptrace(request: 4205, pid: 10072d, addr: 202, data: c000699c70)
             exe-1049673 [003] ..... 1636271.069483: sys_nanosleep -> 0x0
             exe-1050289 [000] ..... 1636271.069486: sys_ptrace -> 0x0
             exe-1050289 [000] ..... 1636271.069488: sys_ptrace(request: 1f, pid: 10072d, addr: 0, data: 0)
             exe-1049673 [003] ..... 1636271.069489: sys_nanosleep(rqtp: c000069f10, rmtp: 0)
             exe-1050289 [000] .N... 1636271.069498: sys_ptrace -> 0x0
             exe-1050413 [000] ..... 1636271.069510: sys_sched_setscheduler -> 0xffffffffffffffea
             exe-1050289 [000] ..... 1636271.069534: sys_wait4(upid: 10072d, stat_addr: c000699bf4, options: 40000002, ru: 0)
             exe-1050289 [000] ..... 1636271.069537: sys_wait4 -> 0x10072d
             exe-1050289 [000] ..... 1636271.069540: sys_ptrace(request: 4204, pid: 10072d, addr: 1, data: c000699c70)
             exe-1050289 [000] ..... 1636271.069545: sys_ptrace -> 0x0
             exe-1050289 [000] ..... 1636271.069547: sys_ptrace(request: 4204, pid: 10072d, addr: 202, data: c000699c70)
             exe-1050289 [000] ..... 1636271.069551: sys_ptrace -> 0x0
             exe-1050289 [000] ..... 1636271.069563: sys_pwrite64(fd: 63, buf: 7fd66edf9080, count: 3f, pos: 41)
             exe-1050289 [000] ..... 1636271.069565: tracing_mark_write: sched_setscheduler(pid=0, policy=0x1, param=0x7f9991500000) end
             exe-1050289 [000] ..... 1636271.131670: tracing_mark_write: sched_setscheduler(pid=0, policy=0x1, param=0x1) start
             exe-1050289 [000] ..... 1636271.131671: sys_pwrite64 -> 0x36
             exe-1050289 [000] ..... 1636271.131677: sys_ptrace(request: 4205, pid: 10072d, addr: 1, data: c000699c70)
             exe-1050289 [000] ..... 1636271.131679: sys_ptrace -> 0x0
             exe-1050289 [000] ..... 1636271.131681: sys_ptrace(request: 4205, pid: 10072d, addr: 202, data: c000699c70)
             exe-1050289 [000] ..... 1636271.131691: sys_ptrace -> 0x0
             exe-1050289 [000] ..... 1636271.131692: sys_ptrace(request: 1f, pid: 10072d, addr: 0, data: 0)
             exe-1050289 [000] .N... 1636271.131699: sys_ptrace -> 0x0
             exe-1049567 [003] ..... 1636271.131707: sys_nanosleep -> 0x0
             exe-1050413 [000] ..... 1636271.131709: sys_write -> 0x36
             exe-1049567 [003] ..... 1636271.131710: sys_nanosleep(rqtp: c000069f10, rmtp: 0)
             exe-1049673 [003] ..... 1636271.131725: sys_nanosleep -> 0x0
             exe-1050289 [000] ..... 1636271.131727: sys_wait4(upid: 10072d, stat_addr: c000699bf4, options: 40000002, ru: 0)
             exe-1050289 [000] ..... 1636271.131729: sys_wait4 -> 0x10072d
             exe-1049673 [003] ..... 1636271.131731: sys_futex(uaddr: 1f09dc0, op: 80, val: 0, utime: c000069eb0, uaddr2: 0, val3: 0)
             exe-1050289 [000] ..... 1636271.131731: sys_ptrace(request: 4204, pid: 10072d, addr: 1, data: c000699c70)
             exe-1050289 [000] ..... 1636271.131735: sys_ptrace -> 0x0
             exe-1050289 [000] ..... 1636271.131736: sys_ptrace(request: 4204, pid: 10072d, addr: 202, data: c000699c70)
             exe-1050289 [000] ..... 1636271.131739: sys_ptrace -> 0x0
             exe-1050289 [000] ..... 1636271.131744: sys_ptrace(request: 4205, pid: 10072d, addr: 1, data: c000699c70)
             exe-1050289 [000] ..... 1636271.131747: sys_ptrace -> 0x0
             exe-1050289 [000] ..... 1636271.131748: sys_ptrace(request: 4205, pid: 10072d, addr: 202, data: c000699c70)
             exe-1050289 [000] ..... 1636271.131757: sys_ptrace -> 0x0
             exe-1050289 [000] ..... 1636271.131758: sys_ptrace(request: 1f, pid: 10072d, addr: 0, data: 0)
             exe-1050289 [000] .N... 1636271.131764: sys_ptrace -> 0x0
             exe-1050413 [000] ..... 1636271.131774: sys_sched_setscheduler -> 0xffffffffffffffea
             exe-1050289 [000] ..... 1636271.131791: sys_wait4(upid: 10072d, stat_addr: c000699bf4, options: 40000002, ru: 0)
             exe-1050289 [000] ..... 1636271.131794: sys_wait4 -> 0x10072d
             exe-1050289 [000] ..... 1636271.131796: sys_ptrace(request: 4204, pid: 10072d, addr: 1, data: c000699c70)
             exe-1050289 [000] ..... 1636271.131799: sys_ptrace -> 0x0
             exe-1050289 [000] ..... 1636271.131801: sys_ptrace(request: 4204, pid: 10072d, addr: 202, data: c000699c70)
             exe-1050289 [000] ..... 1636271.131803: sys_ptrace -> 0x0
             exe-1049567 [003] ..... 1636271.131811: sys_nanosleep -> 0x0
             exe-1050289 [000] ..... 1636271.131811: sys_pwrite64(fd: 63, buf: 7fd66edf9080, count: 34, pos: 36)
             exe-1050289 [000] ..... 1636271.131812: tracing_mark_write: sched_setscheduler(pid=0, policy=0x1, param=0x1) end
             exe-1050289 [000] ..... 1636271.189187: tracing_mark_write: sched_setscheduler(pid=1, policy=0x1, param=0x7f9991500000) start
             exe-1050289 [000] ..... 1636271.189189: sys_pwrite64 -> 0x41
             exe-1050289 [000] ..... 1636271.189195: sys_ptrace(request: 4205, pid: 10072d, addr: 1, data: c000699c70)
             exe-1050289 [000] ..... 1636271.189198: sys_ptrace -> 0x0
             exe-1050289 [000] ..... 1636271.189200: sys_ptrace(request: 4205, pid: 10072d, addr: 202, data: c000699c70)
             exe-1049567 [003] ..... 1636271.189203: sys_nanosleep -> 0x0
             exe-1049567 [003] ..... 1636271.189210: sys_nanosleep(rqtp: c000069f10, rmtp: 0)
             exe-1050289 [000] ..... 1636271.189211: sys_ptrace -> 0x0
             exe-1050289 [000] ..... 1636271.189212: sys_ptrace(request: 1f, pid: 10072d, addr: 0, data: 0)
             exe-1050289 [000] .N... 1636271.189220: sys_ptrace -> 0x0
             exe-1050413 [000] ..... 1636271.189231: sys_write -> 0x41
             exe-1049673 [003] ..... 1636271.189238: sys_nanosleep -> 0x0
             exe-1049673 [003] ..... 1636271.189245: sys_futex(uaddr: c000383948, op: 81, val: 1, utime: 0, uaddr2: 0, val3: 0)
             exe-1050289 [000] ..... 1636271.189250: sys_wait4(upid: 10072d, stat_addr: c000699bf4, options: 40000002, ru: 0)
             exe-1050289 [000] ..... 1636271.189253: sys_wait4 -> 0x10072d
             exe-1049673 [003] .N... 1636271.189254: sys_futex -> 0x1
             exe-1050289 [000] ..... 1636271.189255: sys_ptrace(request: 4204, pid: 10072d, addr: 1, data: c000699c70)
             exe-1050525 [003] ..... 1636271.189257: sys_futex -> 0x0
             exe-1050289 [000] ..... 1636271.189259: sys_ptrace -> 0x0
             exe-1050289 [000] ..... 1636271.189261: sys_ptrace(request: 4204, pid: 10072d, addr: 202, data: c000699c70)
             exe-1050525 [003] ..... 1636271.189263: sys_futex(uaddr: c000383948, op: 80, val: 0, utime: 0, uaddr2: 0, val3: 0)
             exe-1050289 [000] ..... 1636271.189263: sys_ptrace -> 0x0
             exe-1050289 [000] ..... 1636271.189269: sys_ptrace(request: 4205, pid: 10072d, addr: 1, data: c000699c70)
             exe-1049673 [003] ..... 1636271.189270: sys_nanosleep(rqtp: c000069f10, rmtp: 0)
             exe-1050289 [000] ..... 1636271.189272: sys_ptrace -> 0x0
             exe-1050289 [000] ..... 1636271.189273: sys_ptrace(request: 4205, pid: 10072d, addr: 202, data: c000699c70)
             exe-1050289 [000] ..... 1636271.189283: sys_ptrace -> 0x0
             exe-1050289 [000] ..... 1636271.189284: sys_ptrace(request: 1f, pid: 10072d, addr: 0, data: 0)
             exe-1050289 [000] .N... 1636271.189291: sys_ptrace -> 0x0
             exe-1050413 [000] ..... 1636271.189306: sys_sched_setscheduler -> 0xffffffffffffffea
             exe-1050289 [000] ..... 1636271.189326: sys_wait4(upid: 10072d, stat_addr: c000699bf4, options: 40000002, ru: 0)
             exe-1050289 [000] ..... 1636271.189328: sys_wait4 -> 0x10072d
             exe-1050289 [000] ..... 1636271.189330: sys_ptrace(request: 4204, pid: 10072d, addr: 1, data: c000699c70)
             exe-1050289 [000] ..... 1636271.189334: sys_ptrace -> 0x0
             exe-1050289 [000] ..... 1636271.189336: sys_ptrace(request: 4204, pid: 10072d, addr: 202, data: c000699c70)
             exe-1050289 [000] ..... 1636271.189338: sys_ptrace -> 0x0
             exe-1050289 [000] ..... 1636271.189347: sys_pwrite64(fd: 63, buf: 7fd66edf9080, count: 3f, pos: 41)
             exe-1050289 [000] ..... 1636271.189349: tracing_mark_write: sched_setscheduler(pid=1, policy=0x1, param=0x7f9991500000) end
             exe-1050289 [000] ..... 1636271.267164: tracing_mark_write: sched_setscheduler(pid=1, policy=0x1, param=0x7f9991500000) start
             exe-1050289 [000] ..... 1636271.267166: sys_pwrite64 -> 0x41
             exe-1050289 [000] ..... 1636271.267172: sys_ptrace(request: 4205, pid: 10072d, addr: 1, data: c000699c70)
             exe-1050289 [000] ..... 1636271.267174: sys_ptrace -> 0x0
             exe-1050289 [000] ..... 1636271.267175: sys_ptrace(request: 4205, pid: 10072d, addr: 202, data: c000699c70)
             exe-1049673 [003] ..... 1636271.267189: sys_nanosleep -> 0x0
             exe-1049673 [003] ..... 1636271.267191: sys_nanosleep(rqtp: c000069f10, rmtp: 0)
             exe-1050289 [000] ..... 1636271.267255: sys_ptrace -> 0x0
             exe-1050289 [000] ..... 1636271.267260: sys_ptrace(request: 1f, pid: 10072d, addr: 0, data: 0)
             exe-1050289 [000] .N... 1636271.267270: sys_ptrace -> 0x0
             exe-1049673 [003] ..... 1636271.267277: sys_nanosleep -> 0x0
             exe-1049673 [003] ..... 1636271.267279: sys_nanosleep(rqtp: c000069f10, rmtp: 0)
             exe-1050413 [000] ..... 1636271.267283: sys_write -> 0x41
             exe-1049673 [003] ..... 1636271.267365: sys_nanosleep -> 0x0
             exe-1049673 [003] ..... 1636271.267367: sys_nanosleep(rqtp: c000069f10, rmtp: 0)
             exe-1050289 [000] ..... 1636271.267383: sys_wait4(upid: 10072d, stat_addr: c000699bf4, options: 40000002, ru: 0)
             exe-1050289 [000] ..... 1636271.267387: sys_wait4 -> 0x10072d
             exe-1050289 [000] ..... 1636271.267390: sys_ptrace(request: 4204, pid: 10072d, addr: 1, data: c000699c70)
             exe-1050289 [000] ..... 1636271.267395: sys_ptrace -> 0x0
             exe-1050289 [000] ..... 1636271.267397: sys_ptrace(request: 4204, pid: 10072d, addr: 202, data: c000699c70)
             exe-1050289 [000] ..... 1636271.267400: sys_ptrace -> 0x0
             exe-1050289 [000] ..... 1636271.267409: sys_ptrace(request: 4205, pid: 10072d, addr: 1, data: c000699c70)
             exe-1050289 [000] ..... 1636271.267413: sys_ptrace -> 0x0
             exe-1050289 [000] ..... 1636271.267415: sys_ptrace(request: 4205, pid: 10072d, addr: 202, data: c000699c70)
             exe-1049673 [003] ..... 1636271.267453: sys_nanosleep -> 0x0
             exe-1049673 [003] ..... 1636271.267455: sys_nanosleep(rqtp: c000069f10, rmtp: 0)
             exe-1050289 [000] ..... 1636271.267504: sys_ptrace -> 0x0
             exe-1050289 [000] ..... 1636271.267510: sys_ptrace(request: 1f, pid: 10072d, addr: 0, data: 0)
             exe-1050289 [000] .N... 1636271.267519: sys_ptrace -> 0x0
             exe-1050413 [000] ..... 1636271.267532: sys_sched_setscheduler -> 0xffffffffffffffea
             exe-1049673 [003] ..... 1636271.267541: sys_nanosleep -> 0x0
             exe-1049673 [003] ..... 1636271.267543: sys_nanosleep(rqtp: c000069f10, rmtp: 0)
             exe-1049673 [003] ..... 1636271.267629: sys_nanosleep -> 0x0
             exe-1049673 [003] ..... 1636271.267631: sys_nanosleep(rqtp: c000069f10, rmtp: 0)
             exe-1050289 [000] ..... 1636271.267633: sys_wait4(upid: 10072d, stat_addr: c000699bf4, options: 40000002, ru: 0)
             exe-1050289 [000] ..... 1636271.267636: sys_wait4 -> 0x10072d
             exe-1050289 [000] ..... 1636271.267639: sys_ptrace(request: 4204, pid: 10072d, addr: 1, data: c000699c70)
             exe-1050289 [000] ..... 1636271.267644: sys_ptrace -> 0x0
             exe-1050289 [000] ..... 1636271.267647: sys_ptrace(request: 4204, pid: 10072d, addr: 202, data: c000699c70)
             exe-1050289 [000] ..... 1636271.267651: sys_ptrace -> 0x0
             exe-1050289 [000] ..... 1636271.267668: sys_pwrite64(fd: 63, buf: 7fd66edf9080, count: 3f, pos: 41)
             exe-1050289 [000] ..... 1636271.267671: tracing_mark_write: sched_setscheduler(pid=1, policy=0x1, param=0x7f9991500000) end
             exe-1050289 [000] ..... 1636271.336818: tracing_mark_write: sched_setscheduler(pid=0, policy=0x1, param=0x7f9991000000) start
             exe-1050289 [000] ..... 1636271.336819: sys_pwrite64 -> 0x41
             exe-1050289 [000] ..... 1636271.336826: sys_ptrace(request: 4205, pid: 10072d, addr: 1, data: c000699c70)
             exe-1050289 [000] ..... 1636271.336829: sys_ptrace -> 0x0
             exe-1050289 [000] ..... 1636271.336830: sys_ptrace(request: 4205, pid: 10072d, addr: 202, data: c000699c70)
             exe-1050289 [000] ..... 1636271.336842: sys_ptrace -> 0x0
             exe-1050289 [000] ..... 1636271.336844: sys_ptrace(request: 1f, pid: 10072d, addr: 0, data: 0)
             exe-1050289 [000] .N... 1636271.336851: sys_ptrace -> 0x0
             exe-1050413 [000] ..... 1636271.336863: sys_write -> 0x41
             exe-1049673 [003] ..... 1636271.336901: sys_nanosleep -> 0x0
             exe-1049673 [003] ..... 1636271.336905: sys_futex(uaddr: 1f09dc0, op: 80, val: 0, utime: c000069eb0, uaddr2: 0, val3: 0)
             exe-1049567 [003] ..... 1636271.336990: sys_nanosleep -> 0x0
             exe-1049567 [003] ..... 1636271.336996: sys_nanosleep(rqtp: c000069f10, rmtp: 0)
             exe-1050289 [000] ..... 1636271.337123: sys_wait4(upid: 10072d, stat_addr: c000699bf4, options: 40000002, ru: 0)
             exe-1050289 [000] ..... 1636271.337128: sys_wait4 -> 0x10072d
             exe-1050289 [000] ..... 1636271.337130: sys_ptrace(request: 4204, pid: 10072d, addr: 1, data: c000699c70)
             exe-1050289 [000] ..... 1636271.337136: sys_ptrace -> 0x0
             exe-1050289 [000] ..... 1636271.337138: sys_ptrace(request: 4204, pid: 10072d, addr: 202, data: c000699c70)
             exe-1050289 [000] ..... 1636271.337141: sys_ptrace -> 0x0
             exe-1050289 [000] ..... 1636271.337151: sys_ptrace(request: 4205, pid: 10072d, addr: 1, data: c000699c70)
             exe-1050289 [000] ..... 1636271.337153: sys_ptrace -> 0x0
             exe-1050289 [000] ..... 1636271.337155: sys_ptrace(request: 4205, pid: 10072d, addr: 202, data: c000699c70)
             exe-1050289 [000] ..... 1636271.337174: sys_ptrace -> 0x0
             exe-1050289 [000] ..... 1636271.337176: sys_ptrace(request: 1f, pid: 10072d, addr: 0, data: 0)
             exe-1050289 [000] .N... 1636271.337186: sys_ptrace -> 0x0
             exe-1050413 [000] ..... 1636271.337199: sys_sched_setscheduler -> 0xffffffffffffffea
             exe-1050289 [000] ..... 1636271.337222: sys_wait4(upid: 10072d, stat_addr: c000699bf4, options: 40000002, ru: 0)
             exe-1050289 [000] ..... 1636271.337225: sys_wait4 -> 0x10072d
             exe-1050289 [000] ..... 1636271.337228: sys_ptrace(request: 4204, pid: 10072d, addr: 1, data: c000699c70)
             exe-1050289 [000] ..... 1636271.337233: sys_ptrace -> 0x0
             exe-1050289 [000] ..... 1636271.337235: sys_ptrace(request: 4204, pid: 10072d, addr: 202, data: c000699c70)
             exe-1050289 [000] ..... 1636271.337239: sys_ptrace -> 0x0
             exe-1050289 [000] ..... 1636271.337258: sys_pwrite64(fd: 63, buf: 7fd66edf9080, count: 3f, pos: 41)
             exe-1050289 [000] ..... 1636271.337263: tracing_mark_write: sched_setscheduler(pid=0, policy=0x1, param=0x7f9991000000) end
             exe-1050289 [000] ..... 1636271.400737: tracing_mark_write: sched_setscheduler(pid=50299, policy=0x2, param=0x7f9991200000) start
             exe-1050289 [000] ..... 1636271.400738: sys_pwrite64 -> 0x45
             exe-1050289 [000] ..... 1636271.400744: sys_ptrace(request: 4205, pid: 10072d, addr: 1, data: c000699c70)
             exe-1050289 [000] ..... 1636271.400747: sys_ptrace -> 0x0
             exe-1050289 [000] ..... 1636271.400748: sys_ptrace(request: 4205, pid: 10072d, addr: 202, data: c000699c70)
             exe-1050289 [000] ..... 1636271.400758: sys_ptrace -> 0x0
             exe-1050289 [000] ..... 1636271.400760: sys_ptrace(request: 1f, pid: 10072d, addr: 0, data: 0)
             exe-1050289 [000] .N... 1636271.400767: sys_ptrace -> 0x0
             exe-1050413 [000] ..... 1636271.400777: sys_write -> 0x45
             exe-1049567 [003] ..... 1636271.400778: sys_nanosleep -> 0x0
             exe-1049567 [003] ..... 1636271.400780: sys_nanosleep(rqtp: c000069f10, rmtp: 0)
             exe-1050289 [000] ..... 1636271.400795: sys_wait4(upid: 10072d, stat_addr: c000699bf4, options: 40000002, ru: 0)
             exe-1049673 [003] ..... 1636271.400795: sys_nanosleep -> 0x0
             exe-1050289 [000] ..... 1636271.400798: sys_wait4 -> 0x10072d
             exe-1050289 [000] ..... 1636271.400800: sys_ptrace(request: 4204, pid: 10072d, addr: 1, data: c000699c70)
             exe-1049673 [003] ..... 1636271.400801: sys_nanosleep(rqtp: c000069f10, rmtp: 0)
             exe-1050289 [000] ..... 1636271.400804: sys_ptrace -> 0x0
             exe-1050289 [000] ..... 1636271.400805: sys_ptrace(request: 4204, pid: 10072d, addr: 202, data: c000699c70)
             exe-1050289 [000] ..... 1636271.400809: sys_ptrace -> 0x0
             exe-1050289 [000] ..... 1636271.400816: sys_ptrace(request: 4205, pid: 10072d, addr: 1, data: c000699c70)
             exe-1050289 [000] ..... 1636271.400819: sys_ptrace -> 0x0
             exe-1050289 [000] ..... 1636271.400821: sys_ptrace(request: 4205, pid: 10072d, addr: 202, data: c000699c70)
             exe-1050289 [000] ..... 1636271.400835: sys_ptrace -> 0x0
             exe-1050289 [000] ..... 1636271.400837: sys_ptrace(request: 1f, pid: 10072d, addr: 0, data: 0)
             exe-1050289 [000] .N... 1636271.400847: sys_ptrace -> 0x0
             exe-1050413 [000] ..... 1636271.400859: sys_sched_setscheduler -> 0xffffffffffffffea
             exe-1049567 [003] ..... 1636271.400881: sys_nanosleep -> 0x0
             exe-1049567 [003] ..... 1636271.400886: sys_nanosleep(rqtp: c000069f10, rmtp: 0)
             exe-1050289 [000] ..... 1636271.400888: sys_wait4(upid: 10072d, stat_addr: c000699bf4, options: 40000002, ru: 0)
             exe-1050289 [000] ..... 1636271.400891: sys_wait4 -> 0x10072d
             exe-1050289 [000] ..... 1636271.400894: sys_ptrace(request: 4204, pid: 10072d, addr: 1, data: c000699c70)
             exe-1050289 [000] ..... 1636271.400899: sys_ptrace -> 0x0
             exe-1050289 [000] ..... 1636271.400901: sys_ptrace(request: 4204, pid: 10072d, addr: 202, data: c000699c70)
             exe-1050289 [000] ..... 1636271.400905: sys_ptrace -> 0x0
             exe-1049673 [003] ..... 1636271.400907: sys_nanosleep -> 0x0
             exe-1049673 [003] ..... 1636271.400912: sys_nanosleep(rqtp: c000069f10, rmtp: 0)
             exe-1050289 [000] ..... 1636271.400919: sys_pwrite64(fd: 63, buf: 7fd66edf9080, count: 43, pos: 45)
             exe-1050289 [000] ..... 1636271.400921: tracing_mark_write: sched_setscheduler(pid=50299, policy=0x2, param=0x7f9991200000) end
             exe-1050289 [000] ..... 1636271.471845: tracing_mark_write: sched_setscheduler(pid=50299, policy=0x2, param=0x7f9992d00000) start
             exe-1050289 [000] ..... 1636271.471846: sys_pwrite64 -> 0x45
             exe-1050289 [000] ..... 1636271.471853: sys_ptrace(request: 4205, pid: 10072d, addr: 1, data: c000699c70)
             exe-1050289 [000] ..... 1636271.471856: sys_ptrace -> 0x0
             exe-1050289 [000] ..... 1636271.471858: sys_ptrace(request: 4205, pid: 10072d, addr: 202, data: c000699c70)
             exe-1049673 [001] ..... 1636271.471861: sys_nanosleep -> 0x0
             exe-1049673 [001] ..... 1636271.471863: sys_nanosleep(rqtp: c000069f10, rmtp: 0)
             exe-1050289 [000] ..... 1636271.471870: sys_ptrace -> 0x0
             exe-1050289 [000] ..... 1636271.471871: sys_ptrace(request: 1f, pid: 10072d, addr: 0, data: 0)
             exe-1050289 [000] .N... 1636271.471879: sys_ptrace -> 0x0
             exe-1050413 [000] ..... 1636271.471891: sys_write -> 0x45
             exe-1050289 [000] ..... 1636271.471910: sys_wait4(upid: 10072d, stat_addr: c000699bf4, options: 40000002, ru: 0)
             exe-1050289 [000] ..... 1636271.471913: sys_wait4 -> 0x10072d
             exe-1050289 [000] ..... 1636271.471915: sys_ptrace(request: 4204, pid: 10072d, addr: 1, data: c000699c70)
             exe-1050289 [000] ..... 1636271.471919: sys_ptrace -> 0x0
             exe-1050289 [000] ..... 1636271.471921: sys_ptrace(request: 4204, pid: 10072d, addr: 202, data: c000699c70)
             exe-1050289 [000] ..... 1636271.471923: sys_ptrace -> 0x0
             exe-1050289 [000] ..... 1636271.471930: sys_ptrace(request: 4205, pid: 10072d, addr: 1, data: c000699c70)
             exe-1050289 [000] ..... 1636271.471933: sys_ptrace -> 0x0
             exe-1050289 [000] ..... 1636271.471934: sys_ptrace(request: 4205, pid: 10072d, addr: 202, data: c000699c70)
             exe-1050289 [000] ..... 1636271.471944: sys_ptrace -> 0x0
             exe-1050289 [000] ..... 1636271.471946: sys_ptrace(request: 1f, pid: 10072d, addr: 0, data: 0)
             exe-1049673 [001] ..... 1636271.471949: sys_nanosleep -> 0x0
             exe-1049673 [001] ..... 1636271.471951: sys_nanosleep(rqtp: c000069f10, rmtp: 0)
             exe-1050289 [000] .N... 1636271.471952: sys_ptrace -> 0x0
             exe-1050413 [000] ..... 1636271.471963: sys_sched_setscheduler -> 0xffffffffffffffea
             exe-1050289 [000] ..... 1636271.471982: sys_wait4(upid: 10072d, stat_addr: c000699bf4, options: 40000002, ru: 0)
             exe-1050289 [000] ..... 1636271.471985: sys_wait4 -> 0x10072d
             exe-1050289 [000] ..... 1636271.471987: sys_ptrace(request: 4204, pid: 10072d, addr: 1, data: c000699c70)
             exe-1050289 [000] ..... 1636271.471991: sys_ptrace -> 0x0
             exe-1050289 [000] ..... 1636271.471992: sys_ptrace(request: 4204, pid: 10072d, addr: 202, data: c000699c70)
             exe-1050289 [000] ..... 1636271.471995: sys_ptrace -> 0x0
             exe-1050289 [000] ..... 1636271.472003: sys_pwrite64(fd: 63, buf: 7fd66edf9080, count: 43, pos: 45)
             exe-1050289 [000] ..... 1636271.472005: tracing_mark_write: sched_setscheduler(pid=50299, policy=0x2, param=0x7f9992d00000) end
             exe-1050289 [002] ..... 1636271.540282: tracing_mark_write: sched_setscheduler(pid=50299, policy=0x2, param=0x7f99930c2000) start
             exe-1050289 [002] ..... 1636271.540284: sys_pwrite64 -> 0x45
             exe-1050289 [002] ..... 1636271.540292: sys_ptrace(request: 4205, pid: 10072d, addr: 1, data: c000699c70)
             exe-1050289 [002] ..... 1636271.540296: sys_ptrace -> 0x0
             exe-1050289 [002] ..... 1636271.540297: sys_ptrace(request: 4205, pid: 10072d, addr: 202, data: c000699c70)
             exe-1050289 [002] ..... 1636271.540310: sys_ptrace -> 0x0
             exe-1050289 [002] ..... 1636271.540312: sys_ptrace(request: 1f, pid: 10072d, addr: 0, data: 0)
             exe-1050289 [002] ..... 1636271.540322: sys_ptrace -> 0x0
             exe-1050289 [002] ..... 1636271.540325: sys_wait4(upid: 10072d, stat_addr: c000699bf4, options: 40000002, ru: 0)
             exe-1050413 [000] ..... 1636271.540337: sys_write -> 0x45
             exe-1050289 [002] ..... 1636271.540360: sys_wait4 -> 0x10072d
             exe-1050289 [002] ..... 1636271.540363: sys_ptrace(request: 4204, pid: 10072d, addr: 1, data: c000699c70)
             exe-1050289 [002] ..... 1636271.540367: sys_ptrace -> 0x0
             exe-1050289 [002] ..... 1636271.540369: sys_ptrace(request: 4204, pid: 10072d, addr: 202, data: c000699c70)
             exe-1050289 [002] ..... 1636271.540372: sys_ptrace -> 0x0
             exe-1050289 [002] ..... 1636271.540378: sys_ptrace(request: 4205, pid: 10072d, addr: 1, data: c000699c70)
             exe-1050289 [002] ..... 1636271.540385: sys_ptrace -> 0x0
             exe-1050289 [002] ..... 1636271.540387: sys_ptrace(request: 4205, pid: 10072d, addr: 202, data: c000699c70)
             exe-1050289 [002] ..... 1636271.540415: sys_ptrace -> 0x0
             exe-1050289 [002] ..... 1636271.540417: sys_ptrace(request: 1f, pid: 10072d, addr: 0, data: 0)
             exe-1050289 [002] ..... 1636271.540419: sys_ptrace -> 0x0
             exe-1050289 [002] ..... 1636271.540421: sys_wait4(upid: 10072d, stat_addr: c000699bf4, options: 40000002, ru: 0)
             exe-1050413 [000] ..... 1636271.540436: sys_sched_setscheduler -> 0xffffffffffffffea
             exe-1050289 [002] ..... 1636271.540456: sys_wait4 -> 0x10072d
             exe-1050289 [002] ..... 1636271.540458: sys_ptrace(request: 4204, pid: 10072d, addr: 1, data: c000699c70)
             exe-1050289 [002] ..... 1636271.540462: sys_ptrace -> 0x0
             exe-1050289 [002] ..... 1636271.540463: sys_ptrace(request: 4204, pid: 10072d, addr: 202, data: c000699c70)
             exe-1050289 [002] ..... 1636271.540466: sys_ptrace -> 0x0
             exe-1050289 [002] ..... 1636271.540473: sys_pwrite64(fd: 63, buf: 7fd66edf9080, count: 43, pos: 45)
             exe-1050289 [002] ..... 1636271.540474: tracing_mark_write: sched_setscheduler(pid=50299, policy=0x2, param=0x7f99930c2000) end
             exe-1050282 [000] ..... 1636271.612137: tracing_mark_write: sched_setscheduler(pid=1, policy=0x2, param=0x0) start
             exe-1050282 [000] ..... 1636271.612139: sys_pwrite64 -> 0x36
             exe-1050282 [000] ..... 1636271.612143: sys_ptrace(request: 4205, pid: 100712, addr: 1, data: c000699c70)
             exe-1050282 [000] ..... 1636271.612146: sys_ptrace -> 0x0
             exe-1050282 [000] ..... 1636271.612147: sys_ptrace(request: 4205, pid: 100712, addr: 202, data: c000699c70)
             exe-1050282 [000] ..... 1636271.612155: sys_ptrace -> 0x0
             exe-1050282 [000] ..... 1636271.612156: sys_ptrace(request: 1f, pid: 100712, addr: 0, data: 0)
             exe-1050282 [000] ..... 1636271.612163: sys_ptrace -> 0x0
             exe-1050282 [000] ..... 1636271.612165: sys_wait4(upid: 100712, stat_addr: c000699bf4, options: 40000002, ru: 0)
             exe-1050386 [002] ..... 1636271.612179: sys_write -> 0x36
             exe-1050282 [000] ..... 1636271.612198: sys_wait4 -> 0x100712
             exe-1049567 [003] ..... 1636271.612199: sys_nanosleep -> 0x0
             exe-1050282 [000] ..... 1636271.612201: sys_ptrace(request: 4204, pid: 100712, addr: 1, data: c000699c70)
             exe-1049567 [003] ..... 1636271.612203: sys_nanosleep(rqtp: c000069f10, rmtp: 0)
             exe-1050282 [000] ..... 1636271.612203: sys_ptrace -> 0x0
             exe-1050282 [000] ..... 1636271.612205: sys_ptrace(request: 4204, pid: 100712, addr: 202, data: c000699c70)
             exe-1050282 [000] ..... 1636271.612207: sys_ptrace -> 0x0
             exe-1050282 [000] ..... 1636271.612211: sys_ptrace(request: 4205, pid: 100712, addr: 1, data: c000699c70)
             exe-1050282 [000] ..... 1636271.612215: sys_ptrace -> 0x0
             exe-1050282 [000] ..... 1636271.612216: sys_ptrace(request: 4205, pid: 100712, addr: 202, data: c000699c70)
             exe-1050282 [000] ..... 1636271.612222: sys_ptrace -> 0x0
             exe-1050282 [000] ..... 1636271.612224: sys_ptrace(request: 1f, pid: 100712, addr: 0, data: 0)
             exe-1049673 [002] ..... 1636271.612228: sys_nanosleep -> 0x0
             exe-1050282 [000] ..... 1636271.612232: sys_ptrace -> 0x0
             exe-1050282 [000] ..... 1636271.612234: sys_wait4(upid: 100712, stat_addr: c000699bf4, options: 40000002, ru: 0)
             exe-1050386 [002] ..... 1636271.612249: sys_sched_setscheduler -> 0xffffffffffffffea
             exe-1050282 [000] ..... 1636271.612269: sys_wait4 -> 0x100712
             exe-1050282 [000] ..... 1636271.612271: sys_ptrace(request: 4204, pid: 100712, addr: 1, data: c000699c70)
             exe-1050282 [000] ..... 1636271.612278: sys_ptrace -> 0x0
             exe-1050282 [000] ..... 1636271.612279: sys_ptrace(request: 4204, pid: 100712, addr: 202, data: c000699c70)
             exe-1050282 [000] ..... 1636271.612281: sys_ptrace -> 0x0
             exe-1049673 [002] ..... 1636271.612281: sys_nanosleep(rqtp: c000069f10, rmtp: 0)
             exe-1050282 [000] ..... 1636271.612286: sys_pwrite64(fd: 63, buf: 7fd66edf9080, count: 34, pos: 36)
             exe-1050282 [000] ..... 1636271.612287: tracing_mark_write: sched_setscheduler(pid=1, policy=0x2, param=0x0) end
             exe-1050282 [001] ..... 1636271.679225: tracing_mark_write: sched_setscheduler(pid=1, policy=0x2, param=0x0) start
             exe-1050282 [001] ..... 1636271.679227: sys_pwrite64 -> 0x36
             exe-1050282 [001] ..... 1636271.679232: sys_ptrace(request: 4205, pid: 100712, addr: 1, data: c000699c70)
             exe-1050282 [001] ..... 1636271.679234: sys_ptrace -> 0x0
             exe-1050282 [001] ..... 1636271.679236: sys_ptrace(request: 4205, pid: 100712, addr: 202, data: c000699c70)
             exe-1049567 [003] ..... 1636271.679236: sys_nanosleep -> 0x0
             exe-1049567 [003] ..... 1636271.679238: sys_nanosleep(rqtp: c000069f10, rmtp: 0)
             exe-1050282 [001] ..... 1636271.679258: sys_ptrace -> 0x0
             exe-1050282 [001] ..... 1636271.679260: sys_ptrace(request: 1f, pid: 100712, addr: 0, data: 0)
             exe-1050282 [001] ..... 1636271.679266: sys_ptrace -> 0x0
             exe-1050282 [001] ..... 1636271.679268: sys_wait4(upid: 100712, stat_addr: c000699bf4, options: 40000002, ru: 0)
             exe-1050386 [002] ..... 1636271.679274: sys_write -> 0x36
             exe-1050282 [001] ..... 1636271.679292: sys_wait4 -> 0x100712
             exe-1050282 [001] ..... 1636271.679294: sys_ptrace(request: 4204, pid: 100712, addr: 1, data: c000699c70)
             exe-1050282 [001] ..... 1636271.679297: sys_ptrace -> 0x0
             exe-1050282 [001] ..... 1636271.679298: sys_ptrace(request: 4204, pid: 100712, addr: 202, data: c000699c70)
             exe-1050282 [001] ..... 1636271.679301: sys_ptrace -> 0x0
             exe-1049673 [002] ..... 1636271.679305: sys_nanosleep -> 0x0
             exe-1050282 [001] ..... 1636271.679306: sys_ptrace(request: 4205, pid: 100712, addr: 1, data: c000699c70)
             exe-1050282 [001] ..... 1636271.679308: sys_ptrace -> 0x0
             exe-1049673 [002] ..... 1636271.679309: sys_nanosleep(rqtp: c000069f10, rmtp: 0)
             exe-1050282 [001] ..... 1636271.679310: sys_ptrace(request: 4205, pid: 100712, addr: 202, data: c000699c70)
             exe-1050282 [001] ..... 1636271.679316: sys_ptrace -> 0x0
             exe-1050282 [001] ..... 1636271.679318: sys_ptrace(request: 1f, pid: 100712, addr: 0, data: 0)
             exe-1049567 [003] ..... 1636271.679324: sys_nanosleep -> 0x0
             exe-1050282 [001] ..... 1636271.679324: sys_ptrace -> 0x0
             exe-1049567 [003] ..... 1636271.679326: sys_nanosleep(rqtp: c000069f10, rmtp: 0)
             exe-1050282 [001] ..... 1636271.679326: sys_wait4(upid: 100712, stat_addr: c000699bf4, options: 40000002, ru: 0)
             exe-1050386 [002] ..... 1636271.679332: sys_sched_setscheduler -> 0xffffffffffffffea
             exe-1050282 [001] ..... 1636271.679354: sys_wait4 -> 0x100712
             exe-1050282 [001] ..... 1636271.679356: sys_ptrace(request: 4204, pid: 100712, addr: 1, data: c000699c70)
             exe-1050282 [001] ..... 1636271.679359: sys_ptrace -> 0x0
             exe-1050282 [001] ..... 1636271.679360: sys_ptrace(request: 4204, pid: 100712, addr: 202, data: c000699c70)
             exe-1050282 [001] ..... 1636271.679362: sys_ptrace -> 0x0
             exe-1050282 [001] ..... 1636271.679368: sys_pwrite64(fd: 63, buf: 7fd66edf9080, count: 34, pos: 36)
             exe-1050282 [001] ..... 1636271.679369: tracing_mark_write: sched_setscheduler(pid=1, policy=0x2, param=0x0) end
             exe-1050282 [000] ..... 1636271.735864: tracing_mark_write: sched_setscheduler(pid=0, policy=0x2, param=0x7f99930d1000) start
             exe-1050282 [000] ..... 1636271.735866: sys_pwrite64 -> 0x41
             exe-1050282 [000] ..... 1636271.735874: sys_ptrace(request: 4205, pid: 100712, addr: 1, data: c000699c70)
             exe-1049673 [002] ..... 1636271.735875: sys_nanosleep -> 0x0
             exe-1050282 [000] ..... 1636271.735878: sys_ptrace -> 0x0
             exe-1050282 [000] ..... 1636271.735880: sys_ptrace(request: 4205, pid: 100712, addr: 202, data: c000699c70)
             exe-1049673 [002] ..... 1636271.735881: sys_nanosleep(rqtp: c000069f10, rmtp: 0)
             exe-1050282 [000] ..... 1636271.735894: sys_ptrace -> 0x0
             exe-1050282 [000] ..... 1636271.735897: sys_ptrace(request: 1f, pid: 100712, addr: 0, data: 0)
             exe-1050282 [000] ..... 1636271.735908: sys_ptrace -> 0x0
             exe-1050282 [000] ..... 1636271.735912: sys_wait4(upid: 100712, stat_addr: c000699bf4, options: 40000002, ru: 0)
             exe-1050386 [002] ..... 1636271.735922: sys_write -> 0x41
             exe-1050282 [000] ..... 1636271.735946: sys_wait4 -> 0x100712
