             exe-1049567 [001] ..... 1636305.494074: sys_nanosleep -> 0x0
             exe-1050289 [003] ..... 1636305.494075: sys_ptrace(request: 1f, pid: 10071e, addr: 0, data: 0)
             exe-1049567 [001] ..... 1636305.494080: sys_nanosleep(rqtp: c000069f10, rmtp: 0)
             exe-1050289 [003] ..... 1636305.494081: sys_ptrace -> 0x0
             exe-1050289 [003] ..... 1636305.494083: sys_wait4(upid: 10071e, stat_addr: c000a29bf4, options: 40000002, ru: 0)
             exe-1050398 [000] ..... 1636305.494091: sys_write -> 0x2b
             exe-1049673 [001] ..... 1636305.494097: sys_nanosleep -> 0x0
             exe-1049673 [001] ..... 1636305.494102: sys_nanosleep(rqtp: c000069f10, rmtp: 0)
             exe-1050289 [003] ..... 1636305.494112: sys_wait4 -> 0x10071e
             exe-1050289 [003] ..... 1636305.494114: sys_ptrace(request: 4204, pid: 10071e, addr: 1, data: c000a29c70)
             exe-1050289 [003] ..... 1636305.494117: sys_ptrace -> 0x0
             exe-1050289 [003] ..... 1636305.494118: sys_ptrace(request: 4204, pid: 10071e, addr: 202, data: c000a29c70)
             exe-1050289 [003] ..... 1636305.494121: sys_ptrace -> 0x0
             exe-1050289 [003] ..... 1636305.494125: sys_ptrace(request: 4205, pid: 10071e, addr: 1, data: c000a29c70)
             exe-1050289 [003] ..... 1636305.494127: sys_ptrace -> 0x0
             exe-1050289 [003] ..... 1636305.494129: sys_ptrace(request: 4205, pid: 10071e, addr: 202, data: c000a29c70)
             exe-1050289 [003] ..... 1636305.494136: sys_ptrace -> 0x0
             exe-1050289 [003] ..... 1636305.494137: sys_ptrace(request: 1f, pid: 10071e, addr: 0, data: 0)
             exe-1050289 [003] ..... 1636305.494143: sys_ptrace -> 0x0
             exe-1050289 [003] ..... 1636305.494145: sys_wait4(upid: 10071e, stat_addr: c000a29bf4, options: 40000002, ru: 0)
             exe-1050398 [000] ..... 1636305.494149: sys_getrandom -> 0xffffffffffffffea
             exe-1050289 [003] ..... 1636305.494165: sys_wait4 -> 0x10071e
             exe-1050289 [003] ..... 1636305.494167: sys_ptrace(request: 4204, pid: 10071e, addr: 1, data: c000a29c70)
             exe-1050289 [003] ..... 1636305.494170: sys_ptrace -> 0x0
             exe-1050289 [003] ..... 1636305.494171: sys_ptrace(request: 4204, pid: 10071e, addr: 202, data: c000a29c70)
             exe-1050289 [003] ..... 1636305.494173: sys_ptrace -> 0x0
             exe-1050289 [003] ..... 1636305.494178: sys_pwrite64(fd: 63, buf: 7fd66ee22080, count: 29, pos: 2b)
             exe-1050289 [003] ..... 1636305.494179: tracing_mark_write: seccomp(op=0x1, flags=0x1, uargs=0x4) end
             exe-1050289 [003] ..... 1636305.563728: tracing_mark_write: seccomp(op=0x1, flags=0x1, uargs=0x7fd474fe0000) start
             exe-1050289 [003] ..... 1636305.563729: sys_pwrite64 -> 0x36
             exe-1050289 [003] ..... 1636305.563734: sys_ptrace(request: 4205, pid: 10071e, addr: 1, data: c000a29c70)
             exe-1050289 [003] ..... 1636305.563736: sys_ptrace -> 0x0
             exe-1050289 [003] ..... 1636305.563737: sys_ptrace(request: 4205, pid: 10071e, addr: 202, data: c000a29c70)
             exe-1050289 [003] ..... 1636305.563743: sys_ptrace -> 0x0
             exe-1050289 [003] ..... 1636305.563744: sys_ptrace(request: 1f, pid: 10071e, addr: 0, data: 0)
             exe-1050289 [003] ..... 1636305.563750: sys_ptrace -> 0x0
             exe-1050289 [003] ..... 1636305.563751: sys_wait4(upid: 10071e, stat_addr: c000a29bf4, options: 40000002, ru: 0)
             exe-1050398 [000] ..... 1636305.563758: sys_write -> 0x36
             exe-1050289 [003] ..... 1636305.563771: sys_wait4 -> 0x10071e
             exe-1050289 [003] ..... 1636305.563773: sys_ptrace(request: 4204, pid: 10071e, addr: 1, data: c000a29c70)
             exe-1050289 [003] ..... 1636305.563774: sys_ptrace -> 0x0
             exe-1050289 [003] ..... 1636305.563775: sys_ptrace(request: 4204, pid: 10071e, addr: 202, data: c000a29c70)
             exe-1050289 [003] ..... 1636305.563777: sys_ptrace -> 0x0
             exe-1050289 [003] ..... 1636305.563780: sys_ptrace(request: 4205, pid: 10071e, addr: 1, data: c000a29c70)
             exe-1050289 [003] ..... 1636305.563782: sys_ptrace -> 0x0
             exe-1050289 [003] ..... 1636305.563783: sys_ptrace(request: 4205, pid: 10071e, addr: 202, data: c000a29c70)
             exe-1049567 [001] ..... 1636305.563785: sys_nanosleep -> 0x0
             exe-1050289 [003] ..... 1636305.563787: sys_ptrace -> 0x0
             exe-1050289 [003] ..... 1636305.563788: sys_ptrace(request: 1f, pid: 10071e, addr: 0, data: 0)
             exe-1050289 [003] ..... 1636305.563792: sys_ptrace -> 0x0
             exe-1049567 [001] ..... 1636305.563793: sys_nanosleep(rqtp: c000069f10, rmtp: 0)
             exe-1050289 [003] ..... 1636305.563793: sys_wait4(upid: 10071e, stat_addr: c000a29bf4, options: 40000002, ru: 0)
             exe-1050398 [000] ..... 1636305.563798: sys_getrandom -> 0xffffffffffffffea
             exe-1050289 [003] ..... 1636305.563810: sys_wait4 -> 0x10071e
             exe-1050289 [003] ..... 1636305.563811: sys_ptrace(request: 4204, pid: 10071e, addr: 1, data: c000a29c70)
             exe-1050289 [003] ..... 1636305.563813: sys_ptrace -> 0x0
             exe-1050289 [003] ..... 1636305.563814: sys_ptrace(request: 4204, pid: 10071e, addr: 202, data: c000a29c70)
             exe-1050289 [003] ..... 1636305.563815: sys_ptrace -> 0x0
             exe-1050289 [003] ..... 1636305.563819: sys_pwrite64(fd: 63, buf: 7fd66ee22080, count: 34, pos: 36)
             exe-1050289 [003] ..... 1636305.563819: tracing_mark_write: seccomp(op=0x1, flags=0x1, uargs=0x7fd474fe0000) end
             exe-1050289 [003] ..... 1636305.626672: tracing_mark_write: seccomp(op=0x1, flags=0x55eff5cdc, uargs=0x7fd474ed0000) start
             exe-1050289 [003] ..... 1636305.626674: sys_pwrite64 -> 0x3e
             exe-1050289 [003] ..... 1636305.626679: sys_ptrace(request: 4205, pid: 10071e, addr: 1, data: c000a29c70)
             exe-1050289 [003] ..... 1636305.626682: sys_ptrace -> 0x0
             exe-1050289 [003] ..... 1636305.626683: sys_ptrace(request: 4205, pid: 10071e, addr: 202, data: c000a29c70)
             exe-1050289 [003] ..... 1636305.626693: sys_ptrace -> 0x0
             exe-1050289 [003] ..... 1636305.626695: sys_ptrace(request: 1f, pid: 10071e, addr: 0, data: 0)
             exe-1049673 [001] ..... 1636305.626702: sys_nanosleep -> 0x0
             exe-1049673 [001] ..... 1636305.626705: sys_nanosleep(rqtp: c000069f10, rmtp: 0)
             exe-1050289 [003] ..... 1636305.626707: sys_ptrace -> 0x0
             exe-1050289 [003] ..... 1636305.626709: sys_wait4(upid: 10071e, stat_addr: c000a29bf4, options: 40000002, ru: 0)
             exe-1050398 [000] ..... 1636305.626730: sys_write -> 0x3e
             exe-1050289 [003] ..... 1636305.626752: sys_wait4 -> 0x10071e
             exe-1050289 [003] ..... 1636305.626754: sys_ptrace(request: 4204, pid: 10071e, addr: 1, data: c000a29c70)
             exe-1050289 [003] ..... 1636305.626757: sys_ptrace -> 0x0
             exe-1050289 [003] ..... 1636305.626758: sys_ptrace(request: 4204, pid: 10071e, addr: 202, data: c000a29c70)
             exe-1050289 [003] ..... 1636305.626760: sys_ptrace -> 0x0
             exe-1050289 [003] ..... 1636305.626765: sys_ptrace(request: 4205, pid: 10071e, addr: 1, data: c000a29c70)
             exe-1050289 [003] ..... 1636305.626768: sys_ptrace -> 0x0
             exe-1050289 [003] ..... 1636305.626769: sys_ptrace(request: 4205, pid: 10071e, addr: 202, data: c000a29c70)
             exe-1050289 [003] ..... 1636305.626776: sys_ptrace -> 0x0
             exe-1049673 [001] ..... 1636305.626794: sys_nanosleep -> 0x0
             exe-1049673 [001] ..... 1636305.626796: sys_nanosleep(rqtp: c000069f10, rmtp: 0)
             exe-1050289 [003] ..... 1636305.626822: sys_ptrace(request: 1f, pid: 10071e, addr: 0, data: 0)
             exe-1050289 [003] ..... 1636305.626831: sys_ptrace -> 0x0
             exe-1050289 [003] ..... 1636305.626834: sys_wait4(upid: 10071e, stat_addr: c000a29bf4, options: 40000002, ru: 0)
             exe-1050398 [000] ..... 1636305.626838: sys_getrandom -> 0xffffffffffffffea
             exe-1050289 [003] ..... 1636305.626852: sys_wait4 -> 0x10071e
             exe-1050289 [003] ..... 1636305.626855: sys_ptrace(request: 4204, pid: 10071e, addr: 1, data: c000a29c70)
             exe-1050289 [003] ..... 1636305.626860: sys_ptrace -> 0x0
             exe-1050289 [003] ..... 1636305.626862: sys_ptrace(request: 4204, pid: 10071e, addr: 202, data: c000a29c70)
             exe-1050289 [003] ..... 1636305.626865: sys_ptrace -> 0x0
             exe-1050289 [003] ..... 1636305.626875: sys_pwrite64(fd: 63, buf: 7fd66ee22080, count: 3c, pos: 3e)
             exe-1050289 [003] ..... 1636305.626878: tracing_mark_write: seccomp(op=0x1, flags=0x55eff5cdc, uargs=0x7fd474ed0000) end
             exe-1050289 [003] ..... 1636305.689835: tracing_mark_write: seccomp(op=0x1, flags=0x55eff5cdc, uargs=0x7fd474ed1000) start
             exe-1050289 [003] ..... 1636305.689836: sys_pwrite64 -> 0x3e
             exe-1050289 [003] ..... 1636305.689841: sys_ptrace(request: 4205, pid: 10071e, addr: 1, data: c000a29c70)
             exe-1050289 [003] ..... 1636305.689844: sys_ptrace -> 0x0
             exe-1050289 [003] ..... 1636305.689846: sys_ptrace(request: 4205, pid: 10071e, addr: 202, data: c000a29c70)
             exe-1050289 [003] ..... 1636305.689853: sys_ptrace -> 0x0
             exe-1050289 [003] ..... 1636305.689855: sys_ptrace(request: 1f, pid: 10071e, addr: 0, data: 0)
             exe-1050289 [003] ..... 1636305.689866: sys_ptrace -> 0x0
             exe-1050289 [003] ..... 1636305.689868: sys_wait4(upid: 10071e, stat_addr: c000a29bf4, options: 40000002, ru: 0)
             exe-1050398 [000] ..... 1636305.689880: sys_write -> 0x3e
             exe-1050289 [003] ..... 1636305.689902: sys_wait4 -> 0x10071e
             exe-1050289 [003] ..... 1636305.689904: sys_ptrace(request: 4204, pid: 10071e, addr: 1, data: c000a29c70)
             exe-1050289 [003] ..... 1636305.689907: sys_ptrace -> 0x0
             exe-1050289 [003] ..... 1636305.689908: sys_ptrace(request: 4204, pid: 10071e, addr: 202, data: c000a29c70)
             exe-1050289 [003] ..... 1636305.689910: sys_ptrace -> 0x0
             exe-1049673 [001] ..... 1636305.689912: sys_nanosleep -> 0x0
             exe-1050289 [003] ..... 1636305.689915: sys_ptrace(request: 4205, pid: 10071e, addr: 1, data: c000a29c70)
             exe-1050289 [003] ..... 1636305.689917: sys_ptrace -> 0x0
             exe-1049673 [001] ..... 1636305.689918: sys_nanosleep(rqtp: c000069f10, rmtp: 0)
             exe-1050289 [003] ..... 1636305.689919: sys_ptrace(request: 4205, pid: 10071e, addr: 202, data: c000a29c70)
             exe-1050289 [003] ..... 1636305.689925: sys_ptrace -> 0x0
             exe-1050289 [003] ..... 1636305.689927: sys_ptrace(request: 1f, pid: 10071e, addr: 0, data: 0)
             exe-1050289 [003] ..... 1636305.689936: sys_ptrace -> 0x0
             exe-1050289 [003] ..... 1636305.689938: sys_wait4(upid: 10071e, stat_addr: c000a29bf4, options: 40000002, ru: 0)
             exe-1050398 [000] ..... 1636305.689950: sys_getrandom -> 0xffffffffffffffea
             exe-1050289 [003] ..... 1636305.689970: sys_wait4 -> 0x10071e
             exe-1050289 [003] ..... 1636305.689972: sys_ptrace(request: 4204, pid: 10071e, addr: 1, data: c000a29c70)
             exe-1050289 [003] ..... 1636305.689975: sys_ptrace -> 0x0
             exe-1050289 [003] ..... 1636305.689976: sys_ptrace(request: 4204, pid: 10071e, addr: 202, data: c000a29c70)
             exe-1050289 [003] ..... 1636305.689978: sys_ptrace -> 0x0
             exe-1050289 [003] ..... 1636305.689983: sys_pwrite64(fd: 63, buf: 7fd66ee22080, count: 3c, pos: 3e)
             exe-1050289 [003] ..... 1636305.689984: tracing_mark_write: seccomp(op=0x1, flags=0x55eff5cdc, uargs=0x7fd474ed1000) end
             exe-1050289 [002] ..... 1636305.764606: tracing_mark_write: seccomp(op=0x1, flags=0x55eff5cdc, uargs=0x0) start
             exe-1050289 [002] ..... 1636305.764608: sys_pwrite64 -> 0x33
             exe-1050289 [002] ..... 1636305.764614: sys_ptrace(request: 4205, pid: 10071e, addr: 1, data: c000a29c70)
             exe-1050289 [002] ..... 1636305.764616: sys_ptrace -> 0x0
             exe-1050289 [002] ..... 1636305.764618: sys_ptrace(request: 4205, pid: 10071e, addr: 202, data: c000a29c70)
             exe-1050289 [002] ..... 1636305.764626: sys_ptrace -> 0x0
             exe-1050289 [002] ..... 1636305.764628: sys_ptrace(request: 1f, pid: 10071e, addr: 0, data: 0)
             exe-1050289 [002] ..... 1636305.764640: sys_ptrace -> 0x0
             exe-1050289 [002] ..... 1636305.764642: sys_wait4(upid: 10071e, stat_addr: c000a29bf4, options: 40000002, ru: 0)
             exe-1050398 [000] ..... 1636305.764653: sys_write -> 0x33
             exe-1050289 [002] ..... 1636305.764669: sys_wait4 -> 0x10071e
             exe-1050289 [002] ..... 1636305.764672: sys_ptrace(request: 4204, pid: 10071e, addr: 1, data: c000a29c70)
             exe-1050289 [002] ..... 1636305.764674: sys_ptrace -> 0x0
             exe-1050289 [002] ..... 1636305.764676: sys_ptrace(request: 4204, pid: 10071e, addr: 202, data: c000a29c70)
             exe-1050289 [002] ..... 1636305.764678: sys_ptrace -> 0x0
             exe-1050289 [002] ..... 1636305.764690: sys_ptrace(request: 4205, pid: 10071e, addr: 1, data: c000a29c70)
             exe-1049567 [001] ..... 1636305.764691: sys_nanosleep -> 0x0
             exe-1050289 [002] ..... 1636305.764693: sys_ptrace -> 0x0
             exe-1050289 [002] ..... 1636305.764694: sys_ptrace(request: 4205, pid: 10071e, addr: 202, data: c000a29c70)
             exe-1049567 [001] ..... 1636305.764699: sys_nanosleep(rqtp: c000069f10, rmtp: 0)
             exe-1050289 [002] ..... 1636305.764701: sys_ptrace -> 0x0
             exe-1050289 [002] ..... 1636305.764703: sys_ptrace(request: 1f, pid: 10071e, addr: 0, data: 0)
             exe-1050289 [002] ..... 1636305.764713: sys_ptrace -> 0x0
             exe-1050289 [002] ..... 1636305.764715: sys_wait4(upid: 10071e, stat_addr: c000a29bf4, options: 40000002, ru: 0)
             exe-1050398 [000] ..... 1636305.764729: sys_getrandom -> 0xfffffffffffffff2
             exe-1050289 [002] ..... 1636305.764745: sys_wait4 -> 0x10071e
             exe-1050289 [002] ..... 1636305.764747: sys_ptrace(request: 4204, pid: 10071e, addr: 1, data: c000a29c70)
             exe-1050289 [002] ..... 1636305.764749: sys_ptrace -> 0x0
             exe-1050289 [002] ..... 1636305.764751: sys_ptrace(request: 4204, pid: 10071e, addr: 202, data: c000a29c70)
             exe-1050289 [002] ..... 1636305.764753: sys_ptrace -> 0x0
             exe-1050289 [002] ..... 1636305.764759: sys_pwrite64(fd: 63, buf: 7fd66ee22080, count: 31, pos: 33)
             exe-1050289 [002] ..... 1636305.764761: tracing_mark_write: seccomp(op=0x1, flags=0x55eff5cdc, uargs=0x0) end
             exe-1050289 [002] ..... 1636305.832117: tracing_mark_write: seccomp(op=0x1, flags=0x55eff5cdc, uargs=0x0) start
             exe-1050289 [002] ..... 1636305.832119: sys_pwrite64 -> 0x33
             exe-1050289 [002] ..... 1636305.832127: sys_ptrace(request: 4205, pid: 10071e, addr: 1, data: c000a29c70)
             exe-1050289 [002] ..... 1636305.832130: sys_ptrace -> 0x0
             exe-1050289 [002] ..... 1636305.832131: sys_ptrace(request: 4205, pid: 10071e, addr: 202, data: c000a29c70)
             exe-1050289 [002] ..... 1636305.832144: sys_ptrace -> 0x0
             exe-1050289 [002] ..... 1636305.832146: sys_ptrace(request: 1f, pid: 10071e, addr: 0, data: 0)
             exe-1050289 [002] ..... 1636305.832154: sys_ptrace -> 0x0
             exe-1050289 [002] ..... 1636305.832156: sys_wait4(upid: 10071e, stat_addr: c000a29bf4, options: 40000002, ru: 0)
             exe-1050398 [002] ..... 1636305.832171: sys_write -> 0x33
             exe-1049567 [001] ..... 1636305.832180: sys_nanosleep -> 0x0
             exe-1049567 [001] ..... 1636305.832185: sys_nanosleep(rqtp: c000069f10, rmtp: 0)
             exe-1050289 [002] ..... 1636305.832194: sys_wait4 -> 0x10071e
             exe-1050289 [002] ..... 1636305.832198: sys_ptrace(request: 4204, pid: 10071e, addr: 1, data: c000a29c70)
             exe-1050289 [002] ..... 1636305.832203: sys_ptrace -> 0x0
             exe-1050289 [002] ..... 1636305.832204: sys_ptrace(request: 4204, pid: 10071e, addr: 202, data: c000a29c70)
             exe-1049673 [001] ..... 1636305.832204: sys_nanosleep -> 0x0
             exe-1050289 [002] ..... 1636305.832207: sys_ptrace -> 0x0
             exe-1049673 [001] ..... 1636305.832209: sys_nanosleep(rqtp: c000069f10, rmtp: 0)
             exe-1050289 [002] ..... 1636305.832222: sys_ptrace(request: 4205, pid: 10071e, addr: 1, data: c000a29c70)
             exe-1050289 [002] ..... 1636305.832225: sys_ptrace -> 0x0
             exe-1050289 [002] ..... 1636305.832227: sys_ptrace(request: 4205, pid: 10071e, addr: 202, data: c000a29c70)
             exe-1050289 [002] ..... 1636305.832238: sys_ptrace -> 0x0
             exe-1050289 [002] ..... 1636305.832240: sys_ptrace(request: 1f, pid: 10071e, addr: 0, data: 0)
             exe-1050289 [002] ..... 1636305.832247: sys_ptrace -> 0x0
             exe-1050289 [002] ..... 1636305.832249: sys_wait4(upid: 10071e, stat_addr: c000a29bf4, options: 40000002, ru: 0)
             exe-1050398 [002] ..... 1636305.832263: sys_getrandom -> 0xfffffffffffffff2
             exe-1050289 [002] ..... 1636305.832284: sys_wait4 -> 0x10071e
             exe-1050289 [002] ..... 1636305.832288: sys_ptrace(request: 4204, pid: 10071e, addr: 1, data: c000a29c70)
             exe-1050289 [002] ..... 1636305.832292: sys_ptrace -> 0x0
             exe-1050289 [002] ..... 1636305.832294: sys_ptrace(request: 4204, pid: 10071e, addr: 202, data: c000a29c70)
             exe-1050289 [002] ..... 1636305.832297: sys_ptrace -> 0x0
             exe-1049567 [001] ..... 1636305.832301: sys_nanosleep -> 0x0
             exe-1050289 [002] ..... 1636305.832307: sys_pwrite64(fd: 63, buf: 7fd66ee22080, count: 31, pos: 33)
             exe-1050289 [002] ..... 1636305.832308: tracing_mark_write: seccomp(op=0x1, flags=0x55eff5cdc, uargs=0x0) end
             exe-1050289 [002] ..... 1636305.897434: tracing_mark_write: seccomp(op=0x1, flags=0x55eff5cdc, uargs=0x7fd474b00000) start
             exe-1050289 [002] ..... 1636305.897436: sys_pwrite64 -> 0x3e
             exe-1050289 [002] ..... 1636305.897442: sys_ptrace(request: 4205, pid: 10071e, addr: 1, data: c000a29c70)
             exe-1050289 [002] ..... 1636305.897445: sys_ptrace -> 0x0
             exe-1050289 [002] ..... 1636305.897447: sys_ptrace(request: 4205, pid: 10071e, addr: 202, data: c000a29c70)
             exe-1050289 [002] ..... 1636305.897460: sys_ptrace -> 0x0
             exe-1050289 [002] ..... 1636305.897462: sys_ptrace(request: 1f, pid: 10071e, addr: 0, data: 0)
             exe-1050289 [002] .N... 1636305.897472: sys_ptrace -> 0x0
             exe-1050398 [002] ..... 1636305.897485: sys_write -> 0x3e
             exe-1050289 [002] ..... 1636305.897512: sys_wait4(upid: 10071e, stat_addr: c000a29bf4, options: 40000002, ru: 0)
             exe-1050289 [002] ..... 1636305.897517: sys_wait4 -> 0x10071e
             exe-1050289 [002] ..... 1636305.897520: sys_ptrace(request: 4204, pid: 10071e, addr: 1, data: c000a29c70)
             exe-1050289 [002] ..... 1636305.897525: sys_ptrace -> 0x0
             exe-1050289 [002] ..... 1636305.897528: sys_ptrace(request: 4204, pid: 10071e, addr: 202, data: c000a29c70)
             exe-1050289 [002] ..... 1636305.897532: sys_ptrace -> 0x0
             exe-1050289 [002] ..... 1636305.897540: sys_ptrace(request: 4205, pid: 10071e, addr: 1, data: c000a29c70)
             exe-1050289 [002] ..... 1636305.897549: sys_ptrace -> 0x0
             exe-1049567 [001] ..... 1636305.897553: sys_nanosleep -> 0x0
             exe-1050289 [002] ..... 1636305.897553: sys_ptrace(request: 4205, pid: 10071e, addr: 202, data: c000a29c70)
             exe-1049567 [001] ..... 1636305.897560: sys_getpid()
             exe-1049567 [001] ..... 1636305.897562: sys_getpid -> 0x1003ce
             exe-1049567 [001] ..... 1636305.897565: sys_tgkill(tgid: 1003ce, pid: 1006b1, sig: 17)
             exe-1050289 [002] ..... 1636305.897571: sys_ptrace -> 0x0
             exe-1050289 [002] ..... 1636305.897573: sys_ptrace(request: 1f, pid: 10071e, addr: 0, data: 0)
             exe-1049567 [001] ..... 1636305.897585: sys_tgkill -> 0x0
             exe-1050289 [002] .N... 1636305.897587: sys_ptrace -> 0x0
             exe-1049567 [001] ..... 1636305.897588: sys_nanosleep(rqtp: c000069f10, rmtp: 0)
             exe-1050398 [002] ..... 1636305.897600: sys_getrandom -> 0xffffffffffffffea
             exe-1049673 [001] ..... 1636305.897615: sys_nanosleep -> 0x0
             exe-1049673 [001] ..... 1636305.897629: sys_epoll_pwait(epfd: 10, events: c000069920, maxevents: 80, timeout: 0, sigmask: 0, sigsetsize: 0)
             exe-1049673 [001] ..... 1636305.897632: sys_epoll_pwait -> 0x0
             exe-1049673 [001] ..... 1636305.897637: sys_nanosleep(rqtp: c000069f10, rmtp: 0)
             exe-1050289 [002] ..... 1636305.897640: sys_rt_sigreturn()
             exe-1050289 [002] ..... 1636305.897649: sys_futex(uaddr: c0002d0548, op: 81, val: 1, utime: 0, uaddr2: 0, val3: 0)
             exe-1050289 [002] .N... 1636305.897659: sys_futex -> 0x1
             exe-1049722 [002] ..... 1636305.897664: sys_futex -> 0x0
             exe-1049722 [002] ..... 1636305.897671: sys_futex(uaddr: c0049c7548, op: 81, val: 1, utime: 0, uaddr2: 0, val3: 0)
             exe-1049722 [002] ..... 1636305.897673: sys_futex -> 0x0
             exe-1049722 [002] ..... 1636305.897675: sys_futex(uaddr: c0002d0548, op: 80, val: 0, utime: 0, uaddr2: 0, val3: 0)
             exe-1050289 [002] ..... 1636305.897687: sys_wait4(upid: 10071e, stat_addr: c000a29bf4, options: 40000002, ru: 0)
             exe-1050289 [002] ..... 1636305.897691: sys_wait4 -> 0x10071e
             exe-1050289 [002] ..... 1636305.897693: sys_ptrace(request: 4204, pid: 10071e, addr: 1, data: c000a29c70)
             exe-1050289 [002] ..... 1636305.897698: sys_ptrace -> 0x0
             exe-1050289 [002] ..... 1636305.897700: sys_ptrace(request: 4204, pid: 10071e, addr: 202, data: c000a29c70)
             exe-1050289 [002] ..... 1636305.897703: sys_ptrace -> 0x0
             exe-1050289 [002] ..... 1636305.897715: sys_pwrite64(fd: 63, buf: 7fd66ee22080, count: 3c, pos: 3e)
             exe-1050289 [002] ..... 1636305.897718: tracing_mark_write: seccomp(op=0x1, flags=0x55eff5cdc, uargs=0x7fd474b00000) end
             exe-1050289 [002] ..... 1636305.955862: tracing_mark_write: seccomp(op=0x1, flags=0x55eff5cdc, uargs=0x7fd474ed0000) start
             exe-1050289 [002] ..... 1636305.955864: sys_pwrite64 -> 0x3e
             exe-1050289 [002] ..... 1636305.955870: sys_ptrace(request: 4205, pid: 10071e, addr: 1, data: c000a29c70)
             exe-1050289 [002] ..... 1636305.955873: sys_ptrace -> 0x0
             exe-1050289 [002] ..... 1636305.955874: sys_ptrace(request: 4205, pid: 10071e, addr: 202, data: c000a29c70)
             exe-1050289 [002] ..... 1636305.955885: sys_ptrace -> 0x0
             exe-1050289 [002] ..... 1636305.955886: sys_ptrace(request: 1f, pid: 10071e, addr: 0, data: 0)
             exe-1050289 [002] .N... 1636305.955893: sys_ptrace -> 0x0
             exe-1050398 [002] ..... 1636305.955904: sys_write -> 0x3e
             exe-1050289 [002] ..... 1636305.955922: sys_wait4(upid: 10071e, stat_addr: c000a29bf4, options: 40000002, ru: 0)
             exe-1050289 [002] ..... 1636305.955924: sys_wait4 -> 0x10071e
             exe-1049567 [001] ..... 1636305.955925: sys_nanosleep -> 0x0
             exe-1050289 [002] ..... 1636305.955927: sys_ptrace(request: 4204, pid: 10071e, addr: 1, data: c000a29c70)
             exe-1049567 [001] ..... 1636305.955930: sys_nanosleep(rqtp: c000069f10, rmtp: 0)
             exe-1050289 [002] ..... 1636305.955930: sys_ptrace -> 0x0
             exe-1050289 [002] ..... 1636305.955932: sys_ptrace(request: 4204, pid: 10071e, addr: 202, data: c000a29c70)
             exe-1050289 [002] ..... 1636305.955934: sys_ptrace -> 0x0
             exe-1050289 [002] ..... 1636305.955940: sys_ptrace(request: 4205, pid: 10071e, addr: 1, data: c000a29c70)
             exe-1050289 [002] ..... 1636305.955943: sys_ptrace -> 0x0
             exe-1050289 [002] ..... 1636305.955944: sys_ptrace(request: 4205, pid: 10071e, addr: 202, data: c000a29c70)
             exe-1049673 [001] ..... 1636305.955951: sys_nanosleep -> 0x0
             exe-1050289 [002] ..... 1636305.955953: sys_ptrace -> 0x0
             exe-1050289 [002] ..... 1636305.955955: sys_ptrace(request: 1f, pid: 10071e, addr: 0, data: 0)
             exe-1049673 [001] ..... 1636305.955956: sys_nanosleep(rqtp: c000069f10, rmtp: 0)
             exe-1050289 [002] .N... 1636305.955961: sys_ptrace -> 0x0
             exe-1050398 [002] ..... 1636305.955971: sys_getrandom -> 0xffffffffffffffea
             exe-1050289 [002] ..... 1636305.955990: sys_wait4(upid: 10071e, stat_addr: c000a29bf4, options: 40000002, ru: 0)
             exe-1050289 [002] ..... 1636305.955992: sys_wait4 -> 0x10071e
             exe-1050289 [002] ..... 1636305.955994: sys_ptrace(request: 4204, pid: 10071e, addr: 1, data: c000a29c70)
             exe-1050289 [002] ..... 1636305.955998: sys_ptrace -> 0x0
             exe-1050289 [002] ..... 1636305.955999: sys_ptrace(request: 4204, pid: 10071e, addr: 202, data: c000a29c70)
             exe-1050289 [002] ..... 1636305.956002: sys_ptrace -> 0x0
             exe-1050289 [002] ..... 1636305.956010: sys_pwrite64(fd: 63, buf: 7fd66ee22080, count: 3c, pos: 3e)
             exe-1050289 [002] ..... 1636305.956012: tracing_mark_write: seccomp(op=0x1, flags=0x55eff5cdc, uargs=0x7fd474ed0000) end
             exe-1050289 [002] ..... 1636306.017233: tracing_mark_write: seccomp(op=0x1, flags=0x55eff5cdc, uargs=0x7fd473f00000) start
             exe-1050289 [002] ..... 1636306.017234: sys_pwrite64 -> 0x3e
             exe-1050289 [002] ..... 1636306.017241: sys_ptrace(request: 4205, pid: 10071e, addr: 1, data: c000a29c70)
             exe-1050289 [002] ..... 1636306.017244: sys_ptrace -> 0x0
             exe-1050289 [002] ..... 1636306.017245: sys_ptrace(request: 4205, pid: 10071e, addr: 202, data: c000a29c70)
             exe-1050289 [002] ..... 1636306.017256: sys_ptrace -> 0x0
             exe-1050289 [002] ..... 1636306.017258: sys_ptrace(request: 1f, pid: 10071e, addr: 0, data: 0)
             exe-1050289 [002] .N... 1636306.017265: sys_ptrace -> 0x0
             exe-1050398 [002] ..... 1636306.017276: sys_write -> 0x3e
             exe-1050289 [002] ..... 1636306.017295: sys_wait4(upid: 10071e, stat_addr: c000a29bf4, options: 40000002, ru: 0)
             exe-1050289 [002] ..... 1636306.017298: sys_wait4 -> 0x10071e
             exe-1050289 [002] ..... 1636306.017300: sys_ptrace(request: 4204, pid: 10071e, addr: 1, data: c000a29c70)
             exe-1050289 [002] ..... 1636306.017304: sys_ptrace -> 0x0
             exe-1050289 [002] ..... 1636306.017306: sys_ptrace(request: 4204, pid: 10071e, addr: 202, data: c000a29c70)
             exe-1050289 [002] ..... 1636306.017308: sys_ptrace -> 0x0
             exe-1049673 [001] ..... 1636306.017314: sys_nanosleep -> 0x0
             exe-1050289 [002] ..... 1636306.017314: sys_ptrace(request: 4205, pid: 10071e, addr: 1, data: c000a29c70)
             exe-1049673 [001] ..... 1636306.017316: sys_nanosleep(rqtp: c000069f10, rmtp: 0)
             exe-1050289 [002] ..... 1636306.017317: sys_ptrace -> 0x0
             exe-1050289 [002] ..... 1636306.017319: sys_ptrace(request: 4205, pid: 10071e, addr: 202, data: c000a29c70)
             exe-1050289 [002] ..... 1636306.017329: sys_ptrace -> 0x0
             exe-1050289 [002] ..... 1636306.017330: sys_ptrace(request: 1f, pid: 10071e, addr: 0, data: 0)
             exe-1050289 [002] .N... 1636306.017337: sys_ptrace -> 0x0
             exe-1050398 [002] ..... 1636306.017347: sys_getrandom -> 0xffffffffffffffea
             exe-1050289 [002] ..... 1636306.017367: sys_wait4(upid: 10071e, stat_addr: c000a29bf4, options: 40000002, ru: 0)
             exe-1050289 [002] ..... 1636306.017369: sys_wait4 -> 0x10071e
             exe-1050289 [002] ..... 1636306.017372: sys_ptrace(request: 4204, pid: 10071e, addr: 1, data: c000a29c70)
             exe-1050289 [002] ..... 1636306.017375: sys_ptrace -> 0x0
             exe-1050289 [002] ..... 1636306.017377: sys_ptrace(request: 4204, pid: 10071e, addr: 202, data: c000a29c70)
             exe-1050289 [002] ..... 1636306.017380: sys_ptrace -> 0x0
             exe-1050289 [002] ..... 1636306.017389: sys_pwrite64(fd: 63, buf: 7fd66ee22080, count: 3c, pos: 3e)
             exe-1050289 [002] ..... 1636306.017391: tracing_mark_write: seccomp(op=0x1, flags=0x55eff5cdc, uargs=0x7fd473f00000) end
             exe-1050289 [002] ..... 1636306.077135: tracing_mark_write: seccomp(op=0x1, flags=0x55eff5cdc, uargs=0x7fd474ecf000) start
             exe-1050289 [002] ..... 1636306.077136: sys_pwrite64 -> 0x3e
             exe-1049567 [001] ..... 1636306.077137: sys_nanosleep -> 0x0
             exe-1049567 [001] ..... 1636306.077141: sys_nanosleep(rqtp: c000069f10, rmtp: 0)
             exe-1050289 [002] ..... 1636306.077143: sys_ptrace(request: 4205, pid: 10071e, addr: 1, data: c000a29c70)
             exe-1050289 [002] ..... 1636306.077145: sys_ptrace -> 0x0
             exe-1050289 [002] ..... 1636306.077147: sys_ptrace(request: 4205, pid: 10071e, addr: 202, data: c000a29c70)
             exe-1050289 [002] ..... 1636306.077158: sys_ptrace -> 0x0
             exe-1050289 [002] ..... 1636306.077159: sys_ptrace(request: 1f, pid: 10071e, addr: 0, data: 0)
             exe-1049673 [001] ..... 1636306.077161: sys_nanosleep -> 0x0
             exe-1049673 [001] ..... 1636306.077165: sys_nanosleep(rqtp: c000069f10, rmtp: 0)
             exe-1050289 [002] .N... 1636306.077166: sys_ptrace -> 0x0
             exe-1050398 [002] ..... 1636306.077177: sys_write -> 0x3e
             exe-1050289 [002] ..... 1636306.077195: sys_wait4(upid: 10071e, stat_addr: c000a29bf4, options: 40000002, ru: 0)
             exe-1050289 [002] ..... 1636306.077198: sys_wait4 -> 0x10071e
             exe-1050289 [002] ..... 1636306.077200: sys_ptrace(request: 4204, pid: 10071e, addr: 1, data: c000a29c70)
             exe-1050289 [002] ..... 1636306.077203: sys_ptrace -> 0x0
             exe-1050289 [002] ..... 1636306.077205: sys_ptrace(request: 4204, pid: 10071e, addr: 202, data: c000a29c70)
             exe-1050289 [002] ..... 1636306.077207: sys_ptrace -> 0x0
             exe-1050289 [002] ..... 1636306.077213: sys_ptrace(request: 4205, pid: 10071e, addr: 1, data: c000a29c70)
             exe-1050289 [002] ..... 1636306.077216: sys_ptrace -> 0x0
             exe-1050289 [002] ..... 1636306.077217: sys_ptrace(request: 4205, pid: 10071e, addr: 202, data: c000a29c70)
             exe-1050289 [002] ..... 1636306.077226: sys_ptrace -> 0x0
             exe-1050289 [002] ..... 1636306.077228: sys_ptrace(request: 1f, pid: 10071e, addr: 0, data: 0)
             exe-1050289 [002] .N... 1636306.077234: sys_ptrace -> 0x0
             exe-1050398 [002] ..... 1636306.077244: sys_getrandom -> 0xffffffffffffffea
             exe-1049673 [001] ..... 1636306.077256: sys_nanosleep -> 0x0
             exe-1049673 [001] ..... 1636306.077259: sys_nanosleep(rqtp: c000069f10, rmtp: 0)
             exe-1050289 [002] ..... 1636306.077262: sys_wait4(upid: 10071e, stat_addr: c000a29bf4, options: 40000002, ru: 0)
             exe-1050289 [002] ..... 1636306.077265: sys_wait4 -> 0x10071e
             exe-1050289 [002] ..... 1636306.077267: sys_ptrace(request: 4204, pid: 10071e, addr: 1, data: c000a29c70)
             exe-1050289 [002] ..... 1636306.077271: sys_ptrace -> 0x0
             exe-1050289 [002] ..... 1636306.077272: sys_ptrace(request: 4204, pid: 10071e, addr: 202, data: c000a29c70)
             exe-1050289 [002] ..... 1636306.077275: sys_ptrace -> 0x0
             exe-1050289 [002] ..... 1636306.077283: sys_pwrite64(fd: 63, buf: 7fd66ee22080, count: 3c, pos: 3e)
             exe-1050289 [002] ..... 1636306.077285: tracing_mark_write: seccomp(op=0x1, flags=0x55eff5cdc, uargs=0x7fd474ecf000) end
             exe-1050289 [002] ..... 1636306.168241: tracing_mark_write: seccomp(op=0x1, flags=0x55eff5cdc, uargs=0x8) start
             exe-1050289 [002] ..... 1636306.168243: sys_pwrite64 -> 0x33
             exe-1050289 [002] ..... 1636306.168249: sys_ptrace(request: 4205, pid: 10071e, addr: 1, data: c000a29c70)
             exe-1050289 [002] ..... 1636306.168252: sys_ptrace -> 0x0
             exe-1050289 [002] ..... 1636306.168253: sys_ptrace(request: 4205, pid: 10071e, addr: 202, data: c000a29c70)
             exe-1049567 [001] ..... 1636306.168254: sys_nanosleep -> 0x0
             exe-1049567 [001] ..... 1636306.168261: sys_nanosleep(rqtp: c000069f10, rmtp: 0)
             exe-1050289 [002] ..... 1636306.168263: sys_ptrace -> 0x0
             exe-1050289 [002] ..... 1636306.168265: sys_ptrace(request: 1f, pid: 10071e, addr: 0, data: 0)
             exe-1050289 [002] .N... 1636306.168272: sys_ptrace -> 0x0
             exe-1050398 [002] ..... 1636306.168282: sys_write -> 0x33
             exe-1049673 [001] ..... 1636306.168288: sys_nanosleep -> 0x0
             exe-1049673 [001] ..... 1636306.168295: sys_nanosleep(rqtp: c000069f10, rmtp: 0)
             exe-1050289 [002] ..... 1636306.168300: sys_wait4(upid: 10071e, stat_addr: c000a29bf4, options: 40000002, ru: 0)
             exe-1050289 [002] ..... 1636306.168303: sys_wait4 -> 0x10071e
             exe-1050289 [002] ..... 1636306.168305: sys_ptrace(request: 4204, pid: 10071e, addr: 1, data: c000a29c70)
             exe-1050289 [002] ..... 1636306.168309: sys_ptrace -> 0x0
             exe-1050289 [002] ..... 1636306.168310: sys_ptrace(request: 4204, pid: 10071e, addr: 202, data: c000a29c70)
             exe-1050289 [002] ..... 1636306.168313: sys_ptrace -> 0x0
             exe-1050289 [002] ..... 1636306.168318: sys_ptrace(request: 4205, pid: 10071e, addr: 1, data: c000a29c70)
             exe-1050289 [002] ..... 1636306.168321: sys_ptrace -> 0x0
             exe-1050289 [002] ..... 1636306.168322: sys_ptrace(request: 4205, pid: 10071e, addr: 202, data: c000a29c70)
             exe-1050289 [002] ..... 1636306.168331: sys_ptrace -> 0x0
             exe-1050289 [002] ..... 1636306.168333: sys_ptrace(request: 1f, pid: 10071e, addr: 0, data: 0)
             exe-1050289 [002] .N... 1636306.168339: sys_ptrace -> 0x0
             exe-1050398 [002] ..... 1636306.168349: sys_getrandom -> 0xffffffffffffffea
             exe-1050289 [002] ..... 1636306.168367: sys_wait4(upid: 10071e, stat_addr: c000a29bf4, options: 40000002, ru: 0)
             exe-1050289 [002] ..... 1636306.168369: sys_wait4 -> 0x10071e
             exe-1050289 [002] ..... 1636306.168371: sys_ptrace(request: 4204, pid: 10071e, addr: 1, data: c000a29c70)
             exe-1050289 [002] ..... 1636306.168375: sys_ptrace -> 0x0
             exe-1050289 [002] ..... 1636306.168376: sys_ptrace(request: 4204, pid: 10071e, addr: 202, data: c000a29c70)
             exe-1050289 [002] ..... 1636306.168379: sys_ptrace -> 0x0
             exe-1049567 [001] ..... 1636306.168382: sys_nanosleep -> 0x0
             exe-1050289 [002] ..... 1636306.168388: sys_pwrite64(fd: 63, buf: 7fd66ee22080, count: 31, pos: 33)
             exe-1050289 [002] ..... 1636306.168389: tracing_mark_write: seccomp(op=0x1, flags=0x55eff5cdc, uargs=0x8) end
             exe-1050289 [002] ..... 1636306.235043: tracing_mark_write: seccomp(op=0x1, flags=0x55eff5cdc, uargs=0x4) start
             exe-1050289 [002] ..... 1636306.235045: sys_pwrite64 -> 0x33
             exe-1050289 [002] ..... 1636306.235053: sys_ptrace(request: 4205, pid: 10071e, addr: 1, data: c000a29c70)
             exe-1050289 [002] ..... 1636306.235056: sys_ptrace -> 0x0
             exe-1050289 [002] ..... 1636306.235058: sys_ptrace(request: 4205, pid: 10071e, addr: 202, data: c000a29c70)
             exe-1050289 [002] ..... 1636306.235071: sys_ptrace -> 0x0
             exe-1050289 [002] ..... 1636306.235073: sys_ptrace(request: 1f, pid: 10071e, addr: 0, data: 0)
             exe-1050289 [002] .N... 1636306.235082: sys_ptrace -> 0x0
             exe-1049567 [001] ..... 1636306.235093: sys_nanosleep -> 0x0
             exe-1050398 [002] ..... 1636306.235094: sys_write -> 0x33
             exe-1049567 [001] ..... 1636306.235096: sys_nanosleep(rqtp: c000069f10, rmtp: 0)
             exe-1049673 [001] ..... 1636306.235109: sys_nanosleep -> 0x0
             exe-1049673 [001] ..... 1636306.235114: sys_nanosleep(rqtp: c000069f10, rmtp: 0)
             exe-1050289 [002] ..... 1636306.235116: sys_wait4(upid: 10071e, stat_addr: c000a29bf4, options: 40000002, ru: 0)
             exe-1050289 [002] ..... 1636306.235119: sys_wait4 -> 0x10071e
             exe-1050289 [002] ..... 1636306.235121: sys_ptrace(request: 4204, pid: 10071e, addr: 1, data: c000a29c70)
             exe-1050289 [002] ..... 1636306.235125: sys_ptrace -> 0x0
             exe-1050289 [002] ..... 1636306.235127: sys_ptrace(request: 4204, pid: 10071e, addr: 202, data: c000a29c70)
             exe-1050289 [002] ..... 1636306.235130: sys_ptrace -> 0x0
             exe-1050289 [002] ..... 1636306.235136: sys_ptrace(request: 4205, pid: 10071e, addr: 1, data: c000a29c70)
             exe-1050289 [002] ..... 1636306.235139: sys_ptrace -> 0x0
             exe-1050289 [002] ..... 1636306.235140: sys_ptrace(request: 4205, pid: 10071e, addr: 202, data: c000a29c70)
             exe-1050289 [002] ..... 1636306.235150: sys_ptrace -> 0x0
             exe-1050289 [002] ..... 1636306.235152: sys_ptrace(request: 1f, pid: 10071e, addr: 0, data: 0)
             exe-1050289 [002] .N... 1636306.235159: sys_ptrace -> 0x0
             exe-1050398 [002] ..... 1636306.235170: sys_getrandom -> 0xffffffffffffffea
             exe-1050289 [002] ..... 1636306.235189: sys_wait4(upid: 10071e, stat_addr: c000a29bf4, options: 40000002, ru: 0)
             exe-1050289 [002] ..... 1636306.235192: sys_wait4 -> 0x10071e
             exe-1049673 [001] ..... 1636306.235193: sys_nanosleep -> 0x0
             exe-1050289 [002] ..... 1636306.235194: sys_ptrace(request: 4204, pid: 10071e, addr: 1, data: c000a29c70)
             exe-1049673 [001] ..... 1636306.235196: sys_nanosleep(rqtp: c000069f10, rmtp: 0)
             exe-1050289 [002] ..... 1636306.235198: sys_ptrace -> 0x0
             exe-1050289 [002] ..... 1636306.235199: sys_ptrace(request: 4204, pid: 10071e, addr: 202, data: c000a29c70)
             exe-1050289 [002] ..... 1636306.235202: sys_ptrace -> 0x0
             exe-1049567 [001] ..... 1636306.235208: sys_nanosleep -> 0x0
             exe-1050289 [002] ..... 1636306.235212: sys_pwrite64(fd: 63, buf: 7fd66ee22080, count: 31, pos: 33)
             exe-1049567 [001] ..... 1636306.235213: sys_nanosleep(rqtp: c000069f10, rmtp: 0)
             exe-1050289 [002] ..... 1636306.235214: tracing_mark_write: seccomp(op=0x1, flags=0x55eff5cdc, uargs=0x4) end
             exe-1050289 [002] ..... 1636306.300668: tracing_mark_write: seccomp(op=0x1, flags=0x55eff5cdc, uargs=0x7fd474fe2000) start
             exe-1050289 [002] ..... 1636306.300670: sys_pwrite64 -> 0x3e
             exe-1050289 [002] ..... 1636306.300677: sys_ptrace(request: 4205, pid: 10071e, addr: 1, data: c000a29c70)
             exe-1050289 [002] ..... 1636306.300679: sys_ptrace -> 0x0
             exe-1050289 [002] ..... 1636306.300680: sys_ptrace(request: 4205, pid: 10071e, addr: 202, data: c000a29c70)
             exe-1050289 [002] ..... 1636306.300691: sys_ptrace -> 0x0
             exe-1050289 [002] ..... 1636306.300693: sys_ptrace(request: 1f, pid: 10071e, addr: 0, data: 0)
             exe-1049673 [001] ..... 1636306.300696: sys_nanosleep -> 0x0
             exe-1050289 [002] .N... 1636306.300700: sys_ptrace -> 0x0
             exe-1049673 [001] ..... 1636306.300700: sys_nanosleep(rqtp: c000069f10, rmtp: 0)
             exe-1050398 [002] ..... 1636306.300710: sys_write -> 0x3e
             exe-1050289 [002] ..... 1636306.300728: sys_wait4(upid: 10071e, stat_addr: c000a29bf4, options: 40000002, ru: 0)
             exe-1050289 [002] ..... 1636306.300730: sys_wait4 -> 0x10071e
             exe-1050289 [002] ..... 1636306.300733: sys_ptrace(request: 4204, pid: 10071e, addr: 1, data: c000a29c70)
             exe-1050289 [002] ..... 1636306.300736: sys_ptrace -> 0x0
             exe-1050289 [002] ..... 1636306.300737: sys_ptrace(request: 4204, pid: 10071e, addr: 202, data: c000a29c70)
             exe-1050289 [002] ..... 1636306.300740: sys_ptrace -> 0x0
             exe-1049567 [001] ..... 1636306.300798: sys_nanosleep -> 0x0
             exe-1049567 [001] ..... 1636306.300804: sys_nanosleep(rqtp: c000069f10, rmtp: 0)
             exe-1050289 [002] ..... 1636306.300809: sys_ptrace(request: 4205, pid: 10071e, addr: 1, data: c000a29c70)
             exe-1050289 [002] ..... 1636306.300814: sys_ptrace -> 0x0
             exe-1050289 [002] ..... 1636306.300815: sys_ptrace(request: 4205, pid: 10071e, addr: 202, data: c000a29c70)
             exe-1049673 [001] ..... 1636306.300825: sys_nanosleep -> 0x0
             exe-1050289 [002] ..... 1636306.300827: sys_ptrace -> 0x0
             exe-1050289 [002] ..... 1636306.300829: sys_ptrace(request: 1f, pid: 10071e, addr: 0, data: 0)
             exe-1049673 [001] ..... 1636306.300830: sys_nanosleep(rqtp: c000069f10, rmtp: 0)
             exe-1050289 [002] .N... 1636306.300836: sys_ptrace -> 0x0
             exe-1050398 [002] ..... 1636306.300915: sys_getrandom -> 0xffffffffffffffea
             exe-1050289 [002] ..... 1636306.300940: sys_wait4(upid: 10071e, stat_addr: c000a29bf4, options: 40000002, ru: 0)
             exe-1050289 [002] ..... 1636306.300943: sys_wait4 -> 0x10071e
             exe-1050289 [002] ..... 1636306.300946: sys_ptrace(request: 4204, pid: 10071e, addr: 1, data: c000a29c70)
             exe-1049673 [001] ..... 1636306.300948: sys_nanosleep -> 0x0
             exe-1050289 [002] ..... 1636306.300951: sys_ptrace -> 0x0
             exe-1050289 [002] ..... 1636306.300952: sys_ptrace(request: 4204, pid: 10071e, addr: 202, data: c000a29c70)
             exe-1049673 [001] ..... 1636306.300952: sys_nanosleep(rqtp: c000069f10, rmtp: 0)
             exe-1050289 [002] ..... 1636306.300956: sys_ptrace -> 0x0
             exe-1050289 [002] ..... 1636306.301046: sys_pwrite64(fd: 63, buf: 7fd66ee22080, count: 3c, pos: 3e)
             exe-1050289 [002] ..... 1636306.301049: tracing_mark_write: seccomp(op=0x1, flags=0x55eff5cdc, uargs=0x7fd474fe2000) end
             exe-1050289 [002] ..... 1636306.371369: tracing_mark_write: seccomp(op=0x1, flags=0x1, uargs=0x7fd474fe2000) start
             exe-1049567 [001] ..... 1636306.371369: sys_nanosleep -> 0x0
             exe-1050289 [002] ..... 1636306.371370: sys_pwrite64 -> 0x36
             exe-1049567 [001] ..... 1636306.371372: sys_nanosleep(rqtp: c000069f10, rmtp: 0)
             exe-1050289 [002] ..... 1636306.371377: sys_ptrace(request: 4205, pid: 10071e, addr: 1, data: c000a29c70)
             exe-1050289 [002] ..... 1636306.371380: sys_ptrace -> 0x0
             exe-1050289 [002] ..... 1636306.371381: sys_ptrace(request: 4205, pid: 10071e, addr: 202, data: c000a29c70)
             exe-1049673 [001] ..... 1636306.371388: sys_nanosleep -> 0x0
             exe-1049673 [001] ..... 1636306.371393: sys_nanosleep(rqtp: c000069f10, rmtp: 0)
             exe-1050289 [002] ..... 1636306.371416: sys_ptrace -> 0x0
             exe-1050289 [002] ..... 1636306.371418: sys_ptrace(request: 1f, pid: 10071e, addr: 0, data: 0)
             exe-1050289 [002] .N... 1636306.371427: sys_ptrace -> 0x0
             exe-1050398 [002] ..... 1636306.371447: sys_write -> 0x36
             exe-1050289 [002] ..... 1636306.371471: sys_wait4(upid: 10071e, stat_addr: c000a29bf4, options: 40000002, ru: 0)
             exe-1050289 [002] ..... 1636306.371473: sys_wait4 -> 0x10071e
             exe-1050289 [002] ..... 1636306.371476: sys_ptrace(request: 4204, pid: 10071e, addr: 1, data: c000a29c70)
             exe-1049567 [001] ..... 1636306.371479: sys_nanosleep -> 0x0
             exe-1050289 [002] ..... 1636306.371480: sys_ptrace -> 0x0
             exe-1050289 [002] ..... 1636306.371482: sys_ptrace(request: 4204, pid: 10071e, addr: 202, data: c000a29c70)
             exe-1049567 [001] ..... 1636306.371484: sys_nanosleep(rqtp: c000069f10, rmtp: 0)
             exe-1050289 [002] ..... 1636306.371484: sys_ptrace -> 0x0
             exe-1050289 [002] ..... 1636306.371492: sys_ptrace(request: 4205, pid: 10071e, addr: 1, data: c000a29c70)
             exe-1050289 [002] ..... 1636306.371494: sys_ptrace -> 0x0
             exe-1050289 [002] ..... 1636306.371496: sys_ptrace(request: 4205, pid: 10071e, addr: 202, data: c000a29c70)
             exe-1049673 [001] ..... 1636306.371506: sys_nanosleep -> 0x0
             exe-1050289 [002] ..... 1636306.371506: sys_ptrace -> 0x0
             exe-1050289 [002] ..... 1636306.371508: sys_ptrace(request: 1f, pid: 10071e, addr: 0, data: 0)
             exe-1049673 [001] ..... 1636306.371511: sys_nanosleep(rqtp: c000069f10, rmtp: 0)
             exe-1050289 [002] .N... 1636306.371515: sys_ptrace -> 0x0
             exe-1050398 [002] ..... 1636306.371526: sys_getrandom -> 0xffffffffffffffea
             exe-1050289 [002] ..... 1636306.371546: sys_wait4(upid: 10071e, stat_addr: c000a29bf4, options: 40000002, ru: 0)
             exe-1050289 [002] ..... 1636306.371549: sys_wait4 -> 0x10071e
             exe-1050289 [002] ..... 1636306.371551: sys_ptrace(request: 4204, pid: 10071e, addr: 1, data: c000a29c70)
             exe-1050289 [002] ..... 1636306.371555: sys_ptrace -> 0x0
             exe-1050289 [002] ..... 1636306.371556: sys_ptrace(request: 4204, pid: 10071e, addr: 202, data: c000a29c70)
             exe-1050289 [002] ..... 1636306.371559: sys_ptrace -> 0x0
             exe-1050289 [002] ..... 1636306.371572: sys_pwrite64(fd: 63, buf: 7fd66ee22080, count: 34, pos: 36)
             exe-1050289 [002] ..... 1636306.371573: tracing_mark_write: seccomp(op=0x1, flags=0x1, uargs=0x7fd474fe2000) end
             exe-1050289 [002] ..... 1636306.451605: tracing_mark_write: seccomp(op=0x1, flags=0x1, uargs=0x8) start
             exe-1050289 [002] ..... 1636306.451607: sys_pwrite64 -> 0x2b
             exe-1050289 [002] ..... 1636306.451614: sys_ptrace(request: 4205, pid: 10071e, addr: 1, data: c000a29c70)
             exe-1050289 [002] ..... 1636306.451617: sys_ptrace -> 0x0
             exe-1050289 [002] ..... 1636306.451619: sys_ptrace(request: 4205, pid: 10071e, addr: 202, data: c000a29c70)
             exe-1049567 [000] ..... 1636306.451627: sys_nanosleep -> 0x0
             exe-1050289 [002] ..... 1636306.451630: sys_ptrace -> 0x0
             exe-1050289 [002] ..... 1636306.451632: sys_ptrace(request: 1f, pid: 10071e, addr: 0, data: 0)
             exe-1049567 [000] ..... 1636306.451632: sys_nanosleep(rqtp: c000069f10, rmtp: 0)
             exe-1050289 [002] .N... 1636306.451639: sys_ptrace -> 0x0
             exe-1050398 [002] ..... 1636306.451652: sys_write -> 0x2b
             exe-1050289 [002] ..... 1636306.451675: sys_wait4(upid: 10071e, stat_addr: c000a29bf4, options: 40000002, ru: 0)
             exe-1050289 [002] ..... 1636306.451678: sys_wait4 -> 0x10071e
             exe-1050289 [002] ..... 1636306.451680: sys_ptrace(request: 4204, pid: 10071e, addr: 1, data: c000a29c70)
             exe-1050289 [002] ..... 1636306.451683: sys_ptrace -> 0x0
             exe-1050289 [002] ..... 1636306.451685: sys_ptrace(request: 4204, pid: 10071e, addr: 202, data: c000a29c70)
             exe-1050289 [002] ..... 1636306.451688: sys_ptrace -> 0x0
             exe-1050289 [002] ..... 1636306.451694: sys_ptrace(request: 4205, pid: 10071e, addr: 1, data: c000a29c70)
             exe-1050289 [002] ..... 1636306.451696: sys_ptrace -> 0x0
             exe-1050289 [002] ..... 1636306.451697: sys_ptrace(request: 4205, pid: 10071e, addr: 202, data: c000a29c70)
             exe-1050289 [002] ..... 1636306.451707: sys_ptrace -> 0x0
             exe-1050289 [002] ..... 1636306.451708: sys_ptrace(request: 1f, pid: 10071e, addr: 0, data: 0)
             exe-1050289 [002] .N... 1636306.451715: sys_ptrace -> 0x0
             exe-1050398 [002] ..... 1636306.451725: sys_getrandom -> 0xffffffffffffffea
             exe-1050289 [002] ..... 1636306.451744: sys_wait4(upid: 10071e, stat_addr: c000a29bf4, options: 40000002, ru: 0)
             exe-1050289 [002] ..... 1636306.451746: sys_wait4 -> 0x10071e
             exe-1050289 [002] ..... 1636306.451749: sys_ptrace(request: 4204, pid: 10071e, addr: 1, data: c000a29c70)
             exe-1050289 [002] ..... 1636306.451752: sys_ptrace -> 0x0
             exe-1050289 [002] ..... 1636306.451754: sys_ptrace(request: 4204, pid: 10071e, addr: 202, data: c000a29c70)
             exe-1050289 [002] ..... 1636306.451756: sys_ptrace -> 0x0
             exe-1050289 [002] ..... 1636306.451765: sys_pwrite64(fd: 63, buf: 7fd66ee22080, count: 29, pos: 2b)
             exe-1050289 [002] ..... 1636306.451767: tracing_mark_write: seccomp(op=0x1, flags=0x1, uargs=0x8) end
             exe-1050289 [002] ..... 1636306.511483: tracing_mark_write: seccomp(op=0x1, flags=0x1, uargs=0x7fd473200000) start
             exe-1050289 [002] ..... 1636306.511484: sys_pwrite64 -> 0x36
             exe-1049567 [000] ..... 1636306.511488: sys_nanosleep(rqtp: c000069f10, rmtp: 0)
             exe-1050289 [002] ..... 1636306.511492: sys_ptrace(request: 4205, pid: 10071e, addr: 1, data: c000a29c70)
