             exe-1049722 [001] ..... 1636303.367457: sys_ptrace(request: 4205, pid: 100531, addr: 202, data: c000a29c70)
             exe-1049722 [001] ..... 1636303.367468: sys_ptrace -> 0x0
             exe-1049722 [001] ..... 1636303.367470: sys_ptrace(request: 1f, pid: 100531, addr: 0, data: 0)
             exe-1049722 [001] .N... 1636303.367477: sys_ptrace -> 0x0
             exe-1049905 [001] ..... 1636303.367489: sys_getrandom -> 0xffffffffffffffea
             exe-1049722 [001] ..... 1636303.367512: sys_wait4(upid: 100531, stat_addr: c000a29bf4, options: 40000002, ru: 0)
             exe-1049722 [001] ..... 1636303.367514: sys_wait4 -> 0x100531
             exe-1049722 [001] ..... 1636303.367517: sys_ptrace(request: 4204, pid: 100531, addr: 1, data: c000a29c70)
             exe-1049722 [001] ..... 1636303.367521: sys_ptrace -> 0x0
             exe-1049722 [001] ..... 1636303.367522: sys_ptrace(request: 4204, pid: 100531, addr: 202, data: c000a29c70)
             exe-1049722 [001] ..... 1636303.367524: sys_ptrace -> 0x0
             exe-1049722 [001] ..... 1636303.367538: sys_pwrite64(fd: 63, buf: 7fd66ee22080, count: 34, pos: 36)
             exe-1049722 [001] ..... 1636303.367540: tracing_mark_write: seccomp(op=0x1, flags=0x1, uargs=0x7fd474ecf000) end
             exe-1049722 [001] ..... 1636303.428403: tracing_mark_write: seccomp(op=0x1, flags=0x1, uargs=0x7fd472e00000) start
             exe-1049722 [001] ..... 1636303.428405: sys_pwrite64 -> 0x36
             exe-1049722 [001] ..... 1636303.428411: sys_ptrace(request: 4205, pid: 100531, addr: 1, data: c000a29c70)
             exe-1049722 [001] ..... 1636303.428413: sys_ptrace -> 0x0
             exe-1049722 [001] ..... 1636303.428414: sys_ptrace(request: 4205, pid: 100531, addr: 202, data: c000a29c70)
             exe-1049567 [003] ..... 1636303.428429: sys_nanosleep -> 0x0
             exe-1049567 [003] ..... 1636303.428431: sys_nanosleep(rqtp: c000069f10, rmtp: 0)
             exe-1049722 [001] ..... 1636303.428455: sys_ptrace -> 0x0
             exe-1049722 [001] ..... 1636303.428457: sys_ptrace(request: 1f, pid: 100531, addr: 0, data: 0)
             exe-1049722 [001] .N... 1636303.428461: sys_ptrace -> 0x0
             exe-1049905 [001] ..... 1636303.428472: sys_write -> 0x36
             exe-1049673 [001] ..... 1636303.428490: sys_nanosleep -> 0x0
             exe-1049673 [001] ..... 1636303.428495: sys_nanosleep(rqtp: c000069f10, rmtp: 0)
             exe-1049567 [003] ..... 1636303.428517: sys_nanosleep -> 0x0
             exe-1049567 [003] ..... 1636303.428519: sys_nanosleep(rqtp: c000069f10, rmtp: 0)
             exe-1049722 [001] ..... 1636303.428522: sys_wait4(upid: 100531, stat_addr: c000a29bf4, options: 40000002, ru: 0)
             exe-1049722 [001] ..... 1636303.428525: sys_wait4 -> 0x100531
             exe-1049722 [001] ..... 1636303.428528: sys_ptrace(request: 4204, pid: 100531, addr: 1, data: c000a29c70)
             exe-1049722 [001] ..... 1636303.428532: sys_ptrace -> 0x0
             exe-1049722 [001] ..... 1636303.428533: sys_ptrace(request: 4204, pid: 100531, addr: 202, data: c000a29c70)
             exe-1049722 [001] ..... 1636303.428536: sys_ptrace -> 0x0
             exe-1049722 [001] ..... 1636303.428542: sys_ptrace(request: 4205, pid: 100531, addr: 1, data: c000a29c70)
             exe-1049722 [001] ..... 1636303.428544: sys_ptrace -> 0x0
             exe-1049722 [001] ..... 1636303.428545: sys_ptrace(request: 4205, pid: 100531, addr: 202, data: c000a29c70)
             exe-1049722 [001] ..... 1636303.428560: sys_ptrace -> 0x0
             exe-1049722 [001] ..... 1636303.428561: sys_ptrace(request: 1f, pid: 100531, addr: 0, data: 0)
             exe-1049722 [001] .N... 1636303.428589: sys_ptrace -> 0x0
             exe-1049905 [001] ..... 1636303.428600: sys_getrandom -> 0xffffffffffffffea
             exe-1049567 [003] ..... 1636303.428605: sys_nanosleep -> 0x0
             exe-1049567 [003] ..... 1636303.428607: sys_nanosleep(rqtp: c000069f10, rmtp: 0)
             exe-1049673 [001] ..... 1636303.428618: sys_nanosleep -> 0x0
             exe-1049673 [001] ..... 1636303.428624: sys_nanosleep(rqtp: c000069f10, rmtp: 0)
             exe-1049722 [001] ..... 1636303.428650: sys_wait4(upid: 100531, stat_addr: c000a29bf4, options: 40000002, ru: 0)
             exe-1049722 [001] ..... 1636303.428654: sys_wait4 -> 0x100531
             exe-1049722 [001] ..... 1636303.428656: sys_ptrace(request: 4204, pid: 100531, addr: 1, data: c000a29c70)
             exe-1049722 [001] ..... 1636303.428660: sys_ptrace -> 0x0
             exe-1049722 [001] ..... 1636303.428661: sys_ptrace(request: 4204, pid: 100531, addr: 202, data: c000a29c70)
             exe-1049722 [001] ..... 1636303.428664: sys_ptrace -> 0x0
             exe-1049722 [001] ..... 1636303.428677: sys_pwrite64(fd: 63, buf: 7fd66ee22080, count: 34, pos: 36)
             exe-1049722 [001] ..... 1636303.428679: tracing_mark_write: seccomp(op=0x1, flags=0x1, uargs=0x7fd472e00000) end
             exe-1049722 [001] ..... 1636303.507746: tracing_mark_write: seccomp(op=0x1, flags=0x1, uargs=0x1) start
             exe-1049722 [001] ..... 1636303.507748: sys_pwrite64 -> 0x2b
             exe-1049722 [001] ..... 1636303.507757: sys_ptrace(request: 4205, pid: 100531, addr: 1, data: c000a29c70)
             exe-1049722 [001] ..... 1636303.507761: sys_ptrace -> 0x0
             exe-1049722 [001] ..... 1636303.507762: sys_ptrace(request: 4205, pid: 100531, addr: 202, data: c000a29c70)
             exe-1049673 [001] ..... 1636303.507803: sys_nanosleep -> 0x0
             exe-1049673 [001] ..... 1636303.507810: sys_nanosleep(rqtp: c000069f10, rmtp: 0)
             exe-1049722 [001] ..... 1636303.507851: sys_ptrace -> 0x0
             exe-1049722 [001] ..... 1636303.507856: sys_ptrace(request: 1f, pid: 100531, addr: 0, data: 0)
             exe-1049722 [001] .N... 1636303.507864: sys_ptrace -> 0x0
             exe-1049905 [001] ..... 1636303.507877: sys_write -> 0x2b
             exe-1049673 [001] ..... 1636303.507928: sys_nanosleep -> 0x0
             exe-1049673 [001] ..... 1636303.507934: sys_nanosleep(rqtp: c000069f10, rmtp: 0)
             exe-1049722 [001] ..... 1636303.507965: sys_wait4(upid: 100531, stat_addr: c000a29bf4, options: 40000002, ru: 0)
             exe-1049722 [001] ..... 1636303.507969: sys_wait4 -> 0x100531
             exe-1049722 [001] ..... 1636303.507972: sys_ptrace(request: 4204, pid: 100531, addr: 1, data: c000a29c70)
             exe-1049722 [001] ..... 1636303.507977: sys_ptrace -> 0x0
             exe-1049722 [001] ..... 1636303.507979: sys_ptrace(request: 4204, pid: 100531, addr: 202, data: c000a29c70)
             exe-1049722 [001] ..... 1636303.507982: sys_ptrace -> 0x0
             exe-1049722 [001] ..... 1636303.508000: sys_ptrace(request: 4205, pid: 100531, addr: 1, data: c000a29c70)
             exe-1049567 [002] ..... 1636303.508000: sys_nanosleep -> 0x0
             exe-1049722 [001] ..... 1636303.508003: sys_ptrace -> 0x0
             exe-1049722 [001] ..... 1636303.508005: sys_ptrace(request: 4205, pid: 100531, addr: 202, data: c000a29c70)
             exe-1049567 [002] ..... 1636303.508008: sys_nanosleep(rqtp: c000069f10, rmtp: 0)
             exe-1049673 [001] ..... 1636303.508047: sys_nanosleep -> 0x0
             exe-1049673 [001] ..... 1636303.508054: sys_nanosleep(rqtp: c000069f10, rmtp: 0)
             exe-1049722 [001] ..... 1636303.508110: sys_ptrace -> 0x0
             exe-1049722 [001] ..... 1636303.508115: sys_ptrace(request: 1f, pid: 100531, addr: 0, data: 0)
             exe-1049722 [001] .N... 1636303.508124: sys_ptrace -> 0x0
             exe-1049905 [001] ..... 1636303.508172: sys_getrandom -> 0xfffffffffffffff2
             exe-1049673 [001] ..... 1636303.508193: sys_nanosleep -> 0x0
             exe-1049673 [001] ..... 1636303.508200: sys_nanosleep(rqtp: c000069f10, rmtp: 0)
             exe-1049722 [001] ..... 1636303.508233: sys_wait4(upid: 100531, stat_addr: c000a29bf4, options: 40000002, ru: 0)
             exe-1049722 [001] ..... 1636303.508237: sys_wait4 -> 0x100531
             exe-1049722 [001] ..... 1636303.508240: sys_ptrace(request: 4204, pid: 100531, addr: 1, data: c000a29c70)
             exe-1049722 [001] ..... 1636303.508245: sys_ptrace -> 0x0
             exe-1049722 [001] ..... 1636303.508247: sys_ptrace(request: 4204, pid: 100531, addr: 202, data: c000a29c70)
             exe-1049722 [001] ..... 1636303.508251: sys_ptrace -> 0x0
             exe-1049722 [001] ..... 1636303.508267: sys_pwrite64(fd: 63, buf: 7fd66ee22080, count: 29, pos: 2b)
             exe-1049722 [001] ..... 1636303.508270: tracing_mark_write: seccomp(op=0x1, flags=0x1, uargs=0x1) end
             exe-1049722 [003] ..... 1636303.574262: tracing_mark_write: seccomp(op=0x1, flags=0x1, uargs=0x7fd474fe2000) start
             exe-1049722 [003] ..... 1636303.574263: sys_pwrite64 -> 0x36
             exe-1049722 [003] ..... 1636303.574269: sys_ptrace(request: 4205, pid: 100531, addr: 1, data: c000a29c70)
             exe-1049722 [003] ..... 1636303.574271: sys_ptrace -> 0x0
             exe-1049722 [003] ..... 1636303.574273: sys_ptrace(request: 4205, pid: 100531, addr: 202, data: c000a29c70)
             exe-1049722 [003] ..... 1636303.574282: sys_ptrace -> 0x0
             exe-1049722 [003] ..... 1636303.574283: sys_ptrace(request: 1f, pid: 100531, addr: 0, data: 0)
             exe-1049722 [003] ..... 1636303.574291: sys_ptrace -> 0x0
             exe-1049722 [003] ..... 1636303.574293: sys_wait4(upid: 100531, stat_addr: c000a29bf4, options: 40000002, ru: 0)
             exe-1049905 [001] ..... 1636303.574308: sys_write -> 0x36
             exe-1049722 [003] ..... 1636303.574330: sys_wait4 -> 0x100531
             exe-1049722 [003] ..... 1636303.574333: sys_ptrace(request: 4204, pid: 100531, addr: 1, data: c000a29c70)
             exe-1049673 [001] ..... 1636303.574353: sys_nanosleep -> 0x0
             exe-1049722 [003] ..... 1636303.574356: sys_ptrace -> 0x0
             exe-1049722 [003] ..... 1636303.574358: sys_ptrace(request: 4204, pid: 100531, addr: 202, data: c000a29c70)
             exe-1049673 [001] ..... 1636303.574359: sys_nanosleep(rqtp: c000069f10, rmtp: 0)
             exe-1049722 [003] ..... 1636303.574360: sys_ptrace -> 0x0
             exe-1049722 [003] ..... 1636303.574365: sys_ptrace(request: 4205, pid: 100531, addr: 1, data: c000a29c70)
             exe-1049722 [003] ..... 1636303.574367: sys_ptrace -> 0x0
             exe-1049722 [003] ..... 1636303.574368: sys_ptrace(request: 4205, pid: 100531, addr: 202, data: c000a29c70)
             exe-1049722 [003] ..... 1636303.574380: sys_ptrace -> 0x0
             exe-1049722 [003] ..... 1636303.574382: sys_ptrace(request: 1f, pid: 100531, addr: 0, data: 0)
             exe-1049722 [003] ..... 1636303.574388: sys_ptrace -> 0x0
             exe-1049722 [003] ..... 1636303.574389: sys_wait4(upid: 100531, stat_addr: c000a29bf4, options: 40000002, ru: 0)
             exe-1049905 [001] ..... 1636303.574405: sys_getrandom -> 0xffffffffffffffea
             exe-1049722 [003] ..... 1636303.574423: sys_wait4 -> 0x100531
             exe-1049722 [003] ..... 1636303.574425: sys_ptrace(request: 4204, pid: 100531, addr: 1, data: c000a29c70)
             exe-1049722 [003] ..... 1636303.574427: sys_ptrace -> 0x0
             exe-1049722 [003] ..... 1636303.574430: sys_ptrace(request: 4204, pid: 100531, addr: 202, data: c000a29c70)
             exe-1049722 [003] ..... 1636303.574432: sys_ptrace -> 0x0
             exe-1049722 [003] ..... 1636303.574438: sys_pwrite64(fd: 63, buf: 7fd66ee22080, count: 34, pos: 36)
             exe-1049722 [003] ..... 1636303.574439: tracing_mark_write: seccomp(op=0x1, flags=0x1, uargs=0x7fd474fe2000) end
             exe-1049722 [000] ..... 1636303.645281: tracing_mark_write: seccomp(op=0x1, flags=0x1, uargs=0x8) start
             exe-1049722 [000] ..... 1636303.645283: sys_pwrite64 -> 0x2b
             exe-1049722 [000] ..... 1636303.645288: sys_ptrace(request: 4205, pid: 100531, addr: 1, data: c000a29c70)
             exe-1049722 [000] ..... 1636303.645290: sys_ptrace -> 0x0
             exe-1049722 [000] ..... 1636303.645292: sys_ptrace(request: 4205, pid: 100531, addr: 202, data: c000a29c70)
             exe-1049722 [000] ..... 1636303.645299: sys_ptrace -> 0x0
             exe-1049567 [002] ..... 1636303.645301: sys_nanosleep -> 0x0
             exe-1049722 [000] ..... 1636303.645301: sys_ptrace(request: 1f, pid: 100531, addr: 0, data: 0)
             exe-1049722 [000] ..... 1636303.645308: sys_ptrace -> 0x0
             exe-1049567 [002] ..... 1636303.645308: sys_nanosleep(rqtp: c000069f10, rmtp: 0)
             exe-1049722 [000] ..... 1636303.645310: sys_wait4(upid: 100531, stat_addr: c000a29bf4, options: 40000002, ru: 0)
             exe-1049905 [001] ..... 1636303.645323: sys_write -> 0x2b
             exe-1049722 [000] ..... 1636303.645341: sys_wait4 -> 0x100531
             exe-1049722 [000] ..... 1636303.645343: sys_ptrace(request: 4204, pid: 100531, addr: 1, data: c000a29c70)
             exe-1049722 [000] ..... 1636303.645346: sys_ptrace -> 0x0
             exe-1049722 [000] ..... 1636303.645348: sys_ptrace(request: 4204, pid: 100531, addr: 202, data: c000a29c70)
             exe-1049722 [000] ..... 1636303.645350: sys_ptrace -> 0x0
             exe-1049722 [000] ..... 1636303.645354: sys_ptrace(request: 4205, pid: 100531, addr: 1, data: c000a29c70)
             exe-1049722 [000] ..... 1636303.645357: sys_ptrace -> 0x0
             exe-1049722 [000] ..... 1636303.645358: sys_ptrace(request: 4205, pid: 100531, addr: 202, data: c000a29c70)
             exe-1049722 [000] ..... 1636303.645364: sys_ptrace -> 0x0
             exe-1049722 [000] ..... 1636303.645366: sys_ptrace(request: 1f, pid: 100531, addr: 0, data: 0)
             exe-1049673 [001] ..... 1636303.645368: sys_nanosleep -> 0x0
             exe-1049722 [000] ..... 1636303.645373: sys_ptrace -> 0x0
             exe-1049722 [000] ..... 1636303.645375: sys_wait4(upid: 100531, stat_addr: c000a29bf4, options: 40000002, ru: 0)
             exe-1049673 [001] ..... 1636303.645382: sys_nanosleep(rqtp: c000069f10, rmtp: 0)
             exe-1049905 [001] ..... 1636303.645403: sys_getrandom -> 0xffffffffffffffea
             exe-1049722 [000] ..... 1636303.645421: sys_wait4 -> 0x100531
             exe-1049722 [000] ..... 1636303.645423: sys_ptrace(request: 4204, pid: 100531, addr: 1, data: c000a29c70)
             exe-1049722 [000] ..... 1636303.645426: sys_ptrace -> 0x0
             exe-1049722 [000] ..... 1636303.645427: sys_ptrace(request: 4204, pid: 100531, addr: 202, data: c000a29c70)
             exe-1049722 [000] ..... 1636303.645429: sys_ptrace -> 0x0
             exe-1049567 [002] ..... 1636303.645431: sys_nanosleep -> 0x0
             exe-1049722 [000] ..... 1636303.645434: sys_pwrite64(fd: 63, buf: 7fd66ee22080, count: 29, pos: 2b)
             exe-1049722 [000] ..... 1636303.645435: tracing_mark_write: seccomp(op=0x1, flags=0x1, uargs=0x8) end
             exe-1049722 [000] ..... 1636303.717115: tracing_mark_write: seccomp(op=0x1, flags=0x1, uargs=0x7fd473000000) start
             exe-1049722 [000] ..... 1636303.717117: sys_pwrite64 -> 0x36
             exe-1049722 [000] ..... 1636303.717124: sys_ptrace(request: 4205, pid: 100531, addr: 1, data: c000a29c70)
             exe-1049722 [000] ..... 1636303.717127: sys_ptrace -> 0x0
             exe-1049567 [002] ..... 1636303.717175: sys_nanosleep -> 0x0
             exe-1049567 [002] ..... 1636303.717177: sys_nanosleep(rqtp: c000069f10, rmtp: 0)
             exe-1049673 [001] ..... 1636303.717184: sys_nanosleep -> 0x0
             exe-1049673 [001] ..... 1636303.717186: sys_nanosleep(rqtp: c000069f10, rmtp: 0)
             exe-1049722 [000] ..... 1636303.717200: sys_ptrace(request: 4205, pid: 100531, addr: 202, data: c000a29c70)
             exe-1049722 [000] ..... 1636303.717215: sys_ptrace -> 0x0
             exe-1049722 [000] ..... 1636303.717217: sys_ptrace(request: 1f, pid: 100531, addr: 0, data: 0)
             exe-1049722 [000] ..... 1636303.717226: sys_ptrace -> 0x0
             exe-1049722 [000] ..... 1636303.717229: sys_wait4(upid: 100531, stat_addr: c000a29bf4, options: 40000002, ru: 0)
             exe-1049905 [001] ..... 1636303.717236: sys_write -> 0x36
             exe-1049673 [001] ..... 1636303.717285: sys_nanosleep -> 0x0
             exe-1049673 [001] ..... 1636303.717290: sys_nanosleep(rqtp: c000069f10, rmtp: 0)
             exe-1049722 [000] ..... 1636303.717308: sys_wait4 -> 0x100531
             exe-1049722 [000] ..... 1636303.717314: sys_ptrace(request: 4204, pid: 100531, addr: 1, data: c000a29c70)
             exe-1049722 [000] ..... 1636303.717319: sys_ptrace -> 0x0
             exe-1049722 [000] ..... 1636303.717321: sys_ptrace(request: 4204, pid: 100531, addr: 202, data: c000a29c70)
             exe-1049722 [000] ..... 1636303.717324: sys_ptrace -> 0x0
             exe-1049722 [000] ..... 1636303.717332: sys_ptrace(request: 4205, pid: 100531, addr: 1, data: c000a29c70)
             exe-1049722 [000] ..... 1636303.717335: sys_ptrace -> 0x0
             exe-1049722 [000] ..... 1636303.717337: sys_ptrace(request: 4205, pid: 100531, addr: 202, data: c000a29c70)
             exe-1049722 [000] ..... 1636303.717348: sys_ptrace -> 0x0
             exe-1049722 [000] ..... 1636303.717350: sys_ptrace(request: 1f, pid: 100531, addr: 0, data: 0)
             exe-1049722 [000] .N... 1636303.717380: sys_ptrace -> 0x0
             exe-1049905 [001] ..... 1636303.717389: sys_getrandom -> 0xffffffffffffffea
             exe-1049673 [001] ..... 1636303.717407: sys_nanosleep -> 0x0
             exe-1049673 [001] ..... 1636303.717411: sys_nanosleep(rqtp: c000069f10, rmtp: 0)
             exe-1049722 [000] ..... 1636303.717426: sys_wait4(upid: 100531, stat_addr: c000a29bf4, options: 40000002, ru: 0)
             exe-1049722 [000] ..... 1636303.717430: sys_wait4 -> 0x100531
             exe-1049722 [000] ..... 1636303.717432: sys_ptrace(request: 4204, pid: 100531, addr: 1, data: c000a29c70)
             exe-1049722 [000] ..... 1636303.717436: sys_ptrace -> 0x0
             exe-1049722 [000] ..... 1636303.717438: sys_ptrace(request: 4204, pid: 100531, addr: 202, data: c000a29c70)
             exe-1049722 [000] ..... 1636303.717441: sys_ptrace -> 0x0
             exe-1049722 [000] ..... 1636303.717457: sys_pwrite64(fd: 63, buf: 7fd66ee22080, count: 34, pos: 36)
             exe-1049722 [000] ..... 1636303.717459: tracing_mark_write: seccomp(op=0x1, flags=0x1, uargs=0x7fd473000000) end
             exe-1050289 [001] ..... 1636303.787263: tracing_mark_write: seccomp(op=0x1, flags=0x1, uargs=0x0) start
             exe-1050289 [001] ..... 1636303.787265: sys_pwrite64 -> 0x2b
             exe-1050289 [001] ..... 1636303.787270: sys_ptrace(request: 4205, pid: 10071e, addr: 1, data: c000a29c70)
             exe-1049567 [002] ..... 1636303.787270: sys_nanosleep -> 0x0
             exe-1050289 [001] ..... 1636303.787272: sys_ptrace -> 0x0
             exe-1049567 [002] ..... 1636303.787273: sys_nanosleep(rqtp: c000069f10, rmtp: 0)
             exe-1050289 [001] ..... 1636303.787273: sys_ptrace(request: 4205, pid: 10071e, addr: 202, data: c000a29c70)
             exe-1050289 [001] ..... 1636303.787282: sys_ptrace -> 0x0
             exe-1050289 [001] ..... 1636303.787283: sys_ptrace(request: 1f, pid: 10071e, addr: 0, data: 0)
             exe-1050289 [001] .N... 1636303.787289: sys_ptrace -> 0x0
             exe-1050398 [001] ..... 1636303.787297: sys_write -> 0x2b
             exe-1050289 [001] ..... 1636303.787312: sys_wait4(upid: 10071e, stat_addr: c000a29bf4, options: 40000002, ru: 0)
             exe-1050289 [001] ..... 1636303.787314: sys_wait4 -> 0x10071e
             exe-1050289 [001] ..... 1636303.787316: sys_ptrace(request: 4204, pid: 10071e, addr: 1, data: c000a29c70)
             exe-1050289 [001] ..... 1636303.787319: sys_ptrace -> 0x0
             exe-1050289 [001] ..... 1636303.787320: sys_ptrace(request: 4204, pid: 10071e, addr: 202, data: c000a29c70)
             exe-1050289 [001] ..... 1636303.787322: sys_ptrace -> 0x0
             exe-1050289 [001] ..... 1636303.787333: sys_ptrace(request: 4205, pid: 10071e, addr: 1, data: c000a29c70)
             exe-1050289 [001] ..... 1636303.787335: sys_ptrace -> 0x0
             exe-1050289 [001] ..... 1636303.787336: sys_ptrace(request: 4205, pid: 10071e, addr: 202, data: c000a29c70)
             exe-1050289 [001] ..... 1636303.787345: sys_ptrace -> 0x0
             exe-1050289 [001] ..... 1636303.787346: sys_ptrace(request: 1f, pid: 10071e, addr: 0, data: 0)
             exe-1049673 [003] ..... 1636303.787351: sys_nanosleep -> 0x0
             exe-1050289 [001] .N... 1636303.787352: sys_ptrace -> 0x0
             exe-1049673 [003] ..... 1636303.787353: sys_nanosleep(rqtp: c000069f10, rmtp: 0)
             exe-1049567 [002] ..... 1636303.787359: sys_nanosleep -> 0x0
             exe-1050398 [001] ..... 1636303.787360: sys_getrandom -> 0xfffffffffffffff2
             exe-1049567 [002] ..... 1636303.787361: sys_nanosleep(rqtp: c000069f10, rmtp: 0)
             exe-1050289 [001] ..... 1636303.787375: sys_wait4(upid: 10071e, stat_addr: c000a29bf4, options: 40000002, ru: 0)
             exe-1050289 [001] ..... 1636303.787377: sys_wait4 -> 0x10071e
             exe-1050289 [001] ..... 1636303.787379: sys_ptrace(request: 4204, pid: 10071e, addr: 1, data: c000a29c70)
             exe-1050289 [001] ..... 1636303.787381: sys_ptrace -> 0x0
             exe-1050289 [001] ..... 1636303.787383: sys_ptrace(request: 4204, pid: 10071e, addr: 202, data: c000a29c70)
             exe-1050289 [001] ..... 1636303.787385: sys_ptrace -> 0x0
             exe-1050289 [001] ..... 1636303.787391: sys_pwrite64(fd: 63, buf: 7fd66ee22080, count: 29, pos: 2b)
             exe-1050289 [001] ..... 1636303.787404: tracing_mark_write: seccomp(op=0x1, flags=0x1, uargs=0x0) end
             exe-1050289 [003] ..... 1636303.870937: tracing_mark_write: seccomp(op=0x1, flags=0x1, uargs=0x8) start
             exe-1049567 [002] ..... 1636303.870940: sys_nanosleep(rqtp: c000069f10, rmtp: 0)
             exe-1050289 [003] ..... 1636303.870951: sys_pwrite64 -> 0x2b
             exe-1050289 [003] ..... 1636303.870959: sys_ptrace(request: 4205, pid: 10071e, addr: 1, data: c000a29c70)
             exe-1050289 [003] ..... 1636303.870962: sys_ptrace -> 0x0
             exe-1050289 [003] ..... 1636303.870964: sys_ptrace(request: 4205, pid: 10071e, addr: 202, data: c000a29c70)
             exe-1050289 [003] ..... 1636303.870976: sys_ptrace -> 0x0
             exe-1050289 [003] ..... 1636303.870978: sys_ptrace(request: 1f, pid: 10071e, addr: 0, data: 0)
             exe-1050289 [003] ..... 1636303.870985: sys_ptrace -> 0x0
             exe-1050289 [003] ..... 1636303.870987: sys_wait4(upid: 10071e, stat_addr: c000a29bf4, options: 40000002, ru: 0)
             exe-1049673 [003] ..... 1636303.871002: sys_nanosleep -> 0x0
             exe-1050398 [001] ..... 1636303.871005: sys_write -> 0x2b
             exe-1049673 [003] ..... 1636303.871009: sys_nanosleep(rqtp: c000069f10, rmtp: 0)
             exe-1049567 [002] ..... 1636303.871048: sys_nanosleep -> 0x0
             exe-1049567 [002] ..... 1636303.871052: sys_nanosleep(rqtp: c000069f10, rmtp: 0)
             exe-1049673 [003] ..... 1636303.871112: sys_nanosleep -> 0x0
             exe-1049673 [003] ..... 1636303.871115: sys_nanosleep(rqtp: c000069f10, rmtp: 0)
             exe-1050289 [003] ..... 1636303.871131: sys_wait4 -> 0x10071e
             exe-1050289 [003] ..... 1636303.871137: sys_ptrace(request: 4204, pid: 10071e, addr: 1, data: c000a29c70)
             exe-1050289 [003] ..... 1636303.871142: sys_ptrace -> 0x0
             exe-1050289 [003] ..... 1636303.871144: sys_ptrace(request: 4204, pid: 10071e, addr: 202, data: c000a29c70)
             exe-1050289 [003] ..... 1636303.871147: sys_ptrace -> 0x0
             exe-1050289 [003] ..... 1636303.871155: sys_ptrace(request: 4205, pid: 10071e, addr: 1, data: c000a29c70)
             exe-1049567 [002] ..... 1636303.871158: sys_nanosleep -> 0x0
             exe-1050289 [003] ..... 1636303.871158: sys_ptrace -> 0x0
             exe-1050289 [003] ..... 1636303.871159: sys_ptrace(request: 4205, pid: 10071e, addr: 202, data: c000a29c70)
             exe-1049567 [002] ..... 1636303.871162: sys_nanosleep(rqtp: c000069f10, rmtp: 0)
             exe-1050289 [003] ..... 1636303.871171: sys_ptrace -> 0x0
             exe-1050289 [003] ..... 1636303.871173: sys_ptrace(request: 1f, pid: 10071e, addr: 0, data: 0)
             exe-1050289 [003] ..... 1636303.871180: sys_ptrace -> 0x0
             exe-1050289 [003] ..... 1636303.871182: sys_wait4(upid: 10071e, stat_addr: c000a29bf4, options: 40000002, ru: 0)
             exe-1050398 [001] ..... 1636303.871196: sys_getrandom -> 0xffffffffffffffea
             exe-1049673 [003] ..... 1636303.871226: sys_nanosleep -> 0x0
             exe-1049673 [003] ..... 1636303.871233: sys_nanosleep(rqtp: c000069f10, rmtp: 0)
             exe-1050289 [003] ..... 1636303.871255: sys_wait4 -> 0x10071e
             exe-1050289 [003] ..... 1636303.871261: sys_ptrace(request: 4204, pid: 10071e, addr: 1, data: c000a29c70)
             exe-1050289 [003] ..... 1636303.871268: sys_ptrace -> 0x0
             exe-1049567 [002] ..... 1636303.871270: sys_nanosleep -> 0x0
             exe-1050289 [003] ..... 1636303.871271: sys_ptrace(request: 4204, pid: 10071e, addr: 202, data: c000a29c70)
             exe-1050289 [003] ..... 1636303.871273: sys_ptrace -> 0x0
             exe-1049567 [002] ..... 1636303.871274: sys_nanosleep(rqtp: c000069f10, rmtp: 0)
             exe-1050289 [003] ..... 1636303.871289: sys_pwrite64(fd: 63, buf: 7fd66ee22080, count: 29, pos: 2b)
             exe-1050289 [003] ..... 1636303.871291: tracing_mark_write: seccomp(op=0x1, flags=0x1, uargs=0x8) end
             exe-1050289 [003] ..... 1636303.940635: tracing_mark_write: seccomp(op=0x1, flags=0x1, uargs=0x7fd473000000) start
             exe-1050289 [003] ..... 1636303.940637: sys_pwrite64 -> 0x36
             exe-1050289 [003] ..... 1636303.940643: sys_ptrace(request: 4205, pid: 10071e, addr: 1, data: c000a29c70)
             exe-1050289 [003] ..... 1636303.940645: sys_ptrace -> 0x0
             exe-1050289 [003] ..... 1636303.940647: sys_ptrace(request: 4205, pid: 10071e, addr: 202, data: c000a29c70)
             exe-1050289 [003] ..... 1636303.940653: sys_ptrace -> 0x0
             exe-1050289 [003] ..... 1636303.940655: sys_ptrace(request: 1f, pid: 10071e, addr: 0, data: 0)
             exe-1050289 [003] ..... 1636303.940665: sys_ptrace -> 0x0
             exe-1050289 [003] ..... 1636303.940667: sys_wait4(upid: 10071e, stat_addr: c000a29bf4, options: 40000002, ru: 0)
             exe-1050398 [001] ..... 1636303.940684: sys_write -> 0x36
             exe-1049567 [002] ..... 1636303.940697: sys_nanosleep -> 0x0
             exe-1049567 [002] ..... 1636303.940704: sys_nanosleep(rqtp: c000069f10, rmtp: 0)
             exe-1050289 [003] ..... 1636303.940711: sys_wait4 -> 0x10071e
             exe-1050289 [003] ..... 1636303.940714: sys_ptrace(request: 4204, pid: 10071e, addr: 1, data: c000a29c70)
             exe-1050289 [003] ..... 1636303.940740: sys_ptrace -> 0x0
             exe-1050289 [003] ..... 1636303.940742: sys_ptrace(request: 4204, pid: 10071e, addr: 202, data: c000a29c70)
             exe-1050289 [003] ..... 1636303.940744: sys_ptrace -> 0x0
             exe-1050289 [003] ..... 1636303.940749: sys_ptrace(request: 4205, pid: 10071e, addr: 1, data: c000a29c70)
             exe-1050289 [003] ..... 1636303.940751: sys_ptrace -> 0x0
             exe-1050289 [003] ..... 1636303.940753: sys_ptrace(request: 4205, pid: 10071e, addr: 202, data: c000a29c70)
             exe-1050289 [003] ..... 1636303.940759: sys_ptrace -> 0x0
             exe-1050289 [003] ..... 1636303.940761: sys_ptrace(request: 1f, pid: 10071e, addr: 0, data: 0)
             exe-1050289 [003] ..... 1636303.940765: sys_ptrace -> 0x0
             exe-1050289 [003] ..... 1636303.940767: sys_wait4(upid: 10071e, stat_addr: c000a29bf4, options: 40000002, ru: 0)
             exe-1050398 [001] ..... 1636303.940779: sys_getrandom -> 0xffffffffffffffea
             exe-1050289 [003] ..... 1636303.940799: sys_wait4 -> 0x10071e
             exe-1050289 [003] ..... 1636303.940801: sys_ptrace(request: 4204, pid: 10071e, addr: 1, data: c000a29c70)
             exe-1050289 [003] ..... 1636303.940804: sys_ptrace -> 0x0
             exe-1050289 [003] ..... 1636303.940805: sys_ptrace(request: 4204, pid: 10071e, addr: 202, data: c000a29c70)
             exe-1050289 [003] ..... 1636303.940807: sys_ptrace -> 0x0
             exe-1049673 [003] ..... 1636303.940841: sys_nanosleep -> 0x0
             exe-1049673 [003] ..... 1636303.940848: sys_nanosleep(rqtp: c000069f10, rmtp: 0)
             exe-1050289 [003] ..... 1636303.940887: sys_pwrite64(fd: 63, buf: 7fd66ee22080, count: 34, pos: 36)
             exe-1050289 [003] ..... 1636303.940890: tracing_mark_write: seccomp(op=0x1, flags=0x1, uargs=0x7fd473000000) end
             exe-1050289 [002] ..... 1636304.000750: tracing_mark_write: seccomp(op=0x1, flags=0x1, uargs=0x8) start
             exe-1050289 [002] ..... 1636304.000751: sys_pwrite64 -> 0x2b
             exe-1050289 [002] ..... 1636304.000756: sys_ptrace(request: 4205, pid: 10071e, addr: 1, data: c000a29c70)
             exe-1050289 [002] ..... 1636304.000758: sys_ptrace -> 0x0
             exe-1050289 [002] ..... 1636304.000760: sys_ptrace(request: 4205, pid: 10071e, addr: 202, data: c000a29c70)
             exe-1050289 [002] ..... 1636304.000767: sys_ptrace -> 0x0
             exe-1050289 [002] ..... 1636304.000769: sys_ptrace(request: 1f, pid: 10071e, addr: 0, data: 0)
             exe-1050289 [002] ..... 1636304.000775: sys_ptrace -> 0x0
             exe-1050289 [002] ..... 1636304.000777: sys_wait4(upid: 10071e, stat_addr: c000a29bf4, options: 40000002, ru: 0)
             exe-1049673 [003] ..... 1636304.000813: sys_nanosleep -> 0x0
             exe-1049673 [003] ..... 1636304.000819: sys_nanosleep(rqtp: c000069f10, rmtp: 0)
             exe-1050398 [001] ..... 1636304.000822: sys_write -> 0x2b
             exe-1049567 [003] ..... 1636304.000840: sys_nanosleep -> 0x0
             exe-1050289 [002] ..... 1636304.000840: sys_wait4 -> 0x10071e
             exe-1050289 [002] ..... 1636304.000842: sys_ptrace(request: 4204, pid: 10071e, addr: 1, data: c000a29c70)
             exe-1049567 [003] ..... 1636304.000844: sys_nanosleep(rqtp: c000069f10, rmtp: 0)
             exe-1050289 [002] ..... 1636304.000845: sys_ptrace -> 0x0
             exe-1050289 [002] ..... 1636304.000846: sys_ptrace(request: 4204, pid: 10071e, addr: 202, data: c000a29c70)
             exe-1050289 [002] ..... 1636304.000848: sys_ptrace -> 0x0
             exe-1049673 [003] ..... 1636304.000926: sys_nanosleep -> 0x0
             exe-1049673 [003] ..... 1636304.000931: sys_nanosleep(rqtp: c000069f10, rmtp: 0)
             exe-1050289 [002] ..... 1636304.000933: sys_ptrace(request: 4205, pid: 10071e, addr: 1, data: c000a29c70)
             exe-1050289 [002] ..... 1636304.000937: sys_ptrace -> 0x0
             exe-1050289 [002] ..... 1636304.000939: sys_ptrace(request: 4205, pid: 10071e, addr: 202, data: c000a29c70)
             exe-1050289 [002] ..... 1636304.000951: sys_ptrace -> 0x0
             exe-1049567 [003] ..... 1636304.000952: sys_nanosleep -> 0x0
             exe-1050289 [002] ..... 1636304.000953: sys_ptrace(request: 1f, pid: 10071e, addr: 0, data: 0)
             exe-1049567 [003] ..... 1636304.000956: sys_nanosleep(rqtp: c000069f10, rmtp: 0)
             exe-1050289 [002] ..... 1636304.000962: sys_ptrace -> 0x0
             exe-1050289 [002] ..... 1636304.000965: sys_wait4(upid: 10071e, stat_addr: c000a29bf4, options: 40000002, ru: 0)
             exe-1050398 [001] ..... 1636304.000976: sys_getrandom -> 0xffffffffffffffea
             exe-1049673 [003] ..... 1636304.001038: sys_nanosleep -> 0x0
             exe-1049673 [003] ..... 1636304.001043: sys_nanosleep(rqtp: c000069f10, rmtp: 0)
             exe-1050289 [002] ..... 1636304.001056: sys_wait4 -> 0x10071e
             exe-1050289 [002] ..... 1636304.001058: sys_ptrace(request: 4204, pid: 10071e, addr: 1, data: c000a29c70)
             exe-1050289 [002] ..... 1636304.001062: sys_ptrace -> 0x0
             exe-1050289 [002] ..... 1636304.001063: sys_ptrace(request: 4204, pid: 10071e, addr: 202, data: c000a29c70)
             exe-1049567 [003] ..... 1636304.001064: sys_nanosleep -> 0x0
             exe-1050289 [002] ..... 1636304.001066: sys_ptrace -> 0x0
             exe-1049567 [003] ..... 1636304.001069: sys_nanosleep(rqtp: c000069f10, rmtp: 0)
             exe-1050289 [002] ..... 1636304.001079: sys_pwrite64(fd: 63, buf: 7fd66ee22080, count: 29, pos: 2b)
             exe-1050289 [002] ..... 1636304.001081: tracing_mark_write: seccomp(op=0x1, flags=0x1, uargs=0x8) end
             exe-1050289 [002] ..... 1636304.068415: tracing_mark_write: seccomp(op=0x1, flags=0x55eff5cdc, uargs=0x1) start
             exe-1050289 [002] ..... 1636304.068417: sys_pwrite64 -> 0x33
             exe-1050289 [002] ..... 1636304.068422: sys_ptrace(request: 4205, pid: 10071e, addr: 1, data: c000a29c70)
             exe-1050289 [002] ..... 1636304.068425: sys_ptrace -> 0x0
             exe-1050289 [002] ..... 1636304.068427: sys_ptrace(request: 4205, pid: 10071e, addr: 202, data: c000a29c70)
             exe-1050289 [002] ..... 1636304.068444: sys_ptrace -> 0x0
             exe-1050289 [002] ..... 1636304.068446: sys_ptrace(request: 1f, pid: 10071e, addr: 0, data: 0)
             exe-1050289 [002] ..... 1636304.068452: sys_ptrace -> 0x0
             exe-1050289 [002] ..... 1636304.068454: sys_wait4(upid: 10071e, stat_addr: c000a29bf4, options: 40000002, ru: 0)
             exe-1050398 [001] ..... 1636304.068467: sys_write -> 0x33
             exe-1049673 [003] ..... 1636304.068469: sys_nanosleep -> 0x0
             exe-1049673 [003] ..... 1636304.068476: sys_nanosleep(rqtp: c000069f10, rmtp: 0)
             exe-1050289 [002] ..... 1636304.068486: sys_wait4 -> 0x10071e
             exe-1050289 [002] ..... 1636304.068488: sys_ptrace(request: 4204, pid: 10071e, addr: 1, data: c000a29c70)
             exe-1050289 [002] ..... 1636304.068491: sys_ptrace -> 0x0
             exe-1050289 [002] ..... 1636304.068493: sys_ptrace(request: 4204, pid: 10071e, addr: 202, data: c000a29c70)
             exe-1050289 [002] ..... 1636304.068495: sys_ptrace -> 0x0
             exe-1049567 [003] ..... 1636304.068498: sys_nanosleep -> 0x0
             exe-1049567 [003] ..... 1636304.068503: sys_nanosleep(rqtp: c000069f10, rmtp: 0)
             exe-1050289 [002] ..... 1636304.068520: sys_ptrace(request: 4205, pid: 10071e, addr: 1, data: c000a29c70)
             exe-1050289 [002] ..... 1636304.068523: sys_ptrace -> 0x0
             exe-1050289 [002] ..... 1636304.068525: sys_ptrace(request: 4205, pid: 10071e, addr: 202, data: c000a29c70)
             exe-1050289 [002] ..... 1636304.068532: sys_ptrace -> 0x0
             exe-1050289 [002] ..... 1636304.068534: sys_ptrace(request: 1f, pid: 10071e, addr: 0, data: 0)
             exe-1050289 [002] ..... 1636304.068536: sys_ptrace -> 0x0
             exe-1050289 [002] ..... 1636304.068538: sys_wait4(upid: 10071e, stat_addr: c000a29bf4, options: 40000002, ru: 0)
             exe-1050398 [001] ..... 1636304.068550: sys_getrandom -> 0xfffffffffffffff2
             exe-1050289 [002] ..... 1636304.068568: sys_wait4 -> 0x10071e
             exe-1050289 [002] ..... 1636304.068571: sys_ptrace(request: 4204, pid: 10071e, addr: 1, data: c000a29c70)
             exe-1050289 [002] ..... 1636304.068573: sys_ptrace -> 0x0
             exe-1050289 [002] ..... 1636304.068575: sys_ptrace(request: 4204, pid: 10071e, addr: 202, data: c000a29c70)
             exe-1050289 [002] ..... 1636304.068577: sys_ptrace -> 0x0
             exe-1049673 [003] ..... 1636304.068583: sys_nanosleep -> 0x0
             exe-1050289 [002] ..... 1636304.068584: sys_pwrite64(fd: 63, buf: 7fd66ee22080, count: 31, pos: 33)
             exe-1050289 [002] ..... 1636304.068585: tracing_mark_write: seccomp(op=0x1, flags=0x55eff5cdc, uargs=0x1) end
             exe-1050289 [002] ..... 1636304.147523: tracing_mark_write: seccomp(op=0x1, flags=0x55eff5cdc, uargs=0x7fd473000000) start
             exe-1050289 [002] ..... 1636304.147524: sys_pwrite64 -> 0x3e
             exe-1050289 [002] ..... 1636304.147529: sys_ptrace(request: 4205, pid: 10071e, addr: 1, data: c000a29c70)
             exe-1050289 [002] ..... 1636304.147532: sys_ptrace -> 0x0
             exe-1049673 [000] ..... 1636304.147533: sys_nanosleep -> 0x0
             exe-1050289 [002] ..... 1636304.147534: sys_ptrace(request: 4205, pid: 10071e, addr: 202, data: c000a29c70)
             exe-1049673 [000] ..... 1636304.147536: sys_futex(uaddr: 1f09dc0, op: 80, val: 0, utime: c000069eb0, uaddr2: 0, val3: 0)
             exe-1050289 [002] ..... 1636304.147542: sys_ptrace -> 0x0
             exe-1050289 [002] ..... 1636304.147544: sys_ptrace(request: 1f, pid: 10071e, addr: 0, data: 0)
             exe-1050289 [002] ..... 1636304.147555: sys_ptrace -> 0x0
             exe-1050289 [002] ..... 1636304.147557: sys_wait4(upid: 10071e, stat_addr: c000a29bf4, options: 40000002, ru: 0)
             exe-1050398 [001] ..... 1636304.147569: sys_write -> 0x3e
             exe-1050289 [002] ..... 1636304.147585: sys_wait4 -> 0x10071e
             exe-1050289 [002] ..... 1636304.147587: sys_ptrace(request: 4204, pid: 10071e, addr: 1, data: c000a29c70)
             exe-1050289 [002] ..... 1636304.147590: sys_ptrace -> 0x0
             exe-1050289 [002] ..... 1636304.147591: sys_ptrace(request: 4204, pid: 10071e, addr: 202, data: c000a29c70)
             exe-1050289 [002] ..... 1636304.147593: sys_ptrace -> 0x0
             exe-1050289 [002] ..... 1636304.147598: sys_ptrace(request: 4205, pid: 10071e, addr: 1, data: c000a29c70)
             exe-1050289 [002] ..... 1636304.147600: sys_ptrace -> 0x0
             exe-1050289 [002] ..... 1636304.147602: sys_ptrace(request: 4205, pid: 10071e, addr: 202, data: c000a29c70)
             exe-1050289 [002] ..... 1636304.147608: sys_ptrace -> 0x0
             exe-1050289 [002] ..... 1636304.147609: sys_ptrace(request: 1f, pid: 10071e, addr: 0, data: 0)
             exe-1050289 [002] ..... 1636304.147618: sys_ptrace -> 0x0
             exe-1050289 [002] ..... 1636304.147620: sys_wait4(upid: 10071e, stat_addr: c000a29bf4, options: 40000002, ru: 0)
             exe-1050398 [001] ..... 1636304.147633: sys_getrandom -> 0xffffffffffffffea
             exe-1050289 [002] ..... 1636304.147647: sys_wait4 -> 0x10071e
             exe-1050289 [002] ..... 1636304.147649: sys_ptrace(request: 4204, pid: 10071e, addr: 1, data: c000a29c70)
             exe-1050289 [002] ..... 1636304.147651: sys_ptrace -> 0x0
             exe-1050289 [002] ..... 1636304.147653: sys_ptrace(request: 4204, pid: 10071e, addr: 202, data: c000a29c70)
             exe-1050289 [002] ..... 1636304.147655: sys_ptrace -> 0x0
             exe-1050289 [002] ..... 1636304.147660: sys_pwrite64(fd: 63, buf: 7fd66ee22080, count: 3c, pos: 3e)
             exe-1050289 [002] ..... 1636304.147662: tracing_mark_write: seccomp(op=0x1, flags=0x55eff5cdc, uargs=0x7fd473000000) end
             exe-1050289 [003] ..... 1636304.223580: tracing_mark_write: seccomp(op=0x1, flags=0x55eff5cdc, uargs=0x0) start
             exe-1050289 [003] ..... 1636304.223581: sys_pwrite64 -> 0x33
             exe-1050289 [003] ..... 1636304.223586: sys_ptrace(request: 4205, pid: 10071e, addr: 1, data: c000a29c70)
             exe-1050289 [003] ..... 1636304.223588: sys_ptrace -> 0x0
             exe-1050289 [003] ..... 1636304.223590: sys_ptrace(request: 4205, pid: 10071e, addr: 202, data: c000a29c70)
             exe-1049673 [000] ..... 1636304.223591: sys_nanosleep -> 0x0
             exe-1049673 [000] ..... 1636304.223593: sys_nanosleep(rqtp: c000069f10, rmtp: 0)
             exe-1049673 [000] ..... 1636304.223679: sys_nanosleep -> 0x0
             exe-1049673 [000] ..... 1636304.223681: sys_nanosleep(rqtp: c000069f10, rmtp: 0)
             exe-1049673 [000] ..... 1636304.223767: sys_nanosleep -> 0x0
             exe-1049673 [000] ..... 1636304.223769: sys_nanosleep(rqtp: c000069f10, rmtp: 0)
             exe-1049673 [000] ..... 1636304.223854: sys_nanosleep -> 0x0
             exe-1049673 [000] ..... 1636304.223857: sys_nanosleep(rqtp: c000069f10, rmtp: 0)
             exe-1050289 [003] ..... 1636304.223866: sys_ptrace -> 0x0
             exe-1050289 [003] ..... 1636304.223870: sys_ptrace(request: 1f, pid: 10071e, addr: 0, data: 0)
             exe-1050289 [003] ..... 1636304.223879: sys_ptrace -> 0x0
             exe-1050289 [003] ..... 1636304.223881: sys_wait4(upid: 10071e, stat_addr: c000a29bf4, options: 40000002, ru: 0)
             exe-1050398 [001] ..... 1636304.223911: sys_write -> 0x33
             exe-1050289 [003] ..... 1636304.223937: sys_wait4 -> 0x10071e
             exe-1050289 [003] ..... 1636304.223940: sys_ptrace(request: 4204, pid: 10071e, addr: 1, data: c000a29c70)
             exe-1049673 [000] ..... 1636304.223942: sys_nanosleep -> 0x0
             exe-1049673 [000] ..... 1636304.223944: sys_nanosleep(rqtp: c000069f10, rmtp: 0)
             exe-1049673 [000] ..... 1636304.224030: sys_nanosleep -> 0x0
             exe-1049673 [000] ..... 1636304.224032: sys_nanosleep(rqtp: c000069f10, rmtp: 0)
             exe-1050289 [003] ..... 1636304.224054: sys_ptrace -> 0x0
             exe-1050289 [003] ..... 1636304.224056: sys_ptrace(request: 4204, pid: 10071e, addr: 202, data: c000a29c70)
             exe-1050289 [003] ..... 1636304.224058: sys_ptrace -> 0x0
             exe-1050289 [003] ..... 1636304.224106: sys_ptrace(request: 4205, pid: 10071e, addr: 1, data: c000a29c70)
             exe-1050289 [003] ..... 1636304.224109: sys_ptrace -> 0x0
             exe-1050289 [003] ..... 1636304.224111: sys_ptrace(request: 4205, pid: 10071e, addr: 202, data: c000a29c70)
             exe-1049673 [000] ..... 1636304.224119: sys_nanosleep -> 0x0
             exe-1050289 [003] ..... 1636304.224120: sys_ptrace -> 0x0
             exe-1049673 [000] ..... 1636304.224121: sys_nanosleep(rqtp: c000069f10, rmtp: 0)
             exe-1050289 [003] ..... 1636304.224122: sys_ptrace(request: 1f, pid: 10071e, addr: 0, data: 0)
             exe-1050289 [003] ..... 1636304.224129: sys_ptrace -> 0x0
             exe-1050289 [003] ..... 1636304.224131: sys_wait4(upid: 10071e, stat_addr: c000a29bf4, options: 40000002, ru: 0)
             exe-1050398 [001] ..... 1636304.224147: sys_getrandom -> 0xfffffffffffffff2
             exe-1050282 [000] ..... 1636304.224220: sys_epoll_pwait -> 0x0
             exe-1050282 [000] ..... 1636304.224233: sys_epoll_pwait(epfd: 11, events: c000695840, maxevents: 80, timeout: 1, sigmask: 0, sigsetsize: 0)
             exe-1049673 [000] ..... 1636304.224253: sys_nanosleep -> 0x0
             exe-1049673 [000] ..... 1636304.224259: sys_nanosleep(rqtp: c000069f10, rmtp: 0)
             exe-1050289 [003] ..... 1636304.224263: sys_wait4 -> 0x10071e
             exe-1050289 [003] ..... 1636304.224266: sys_ptrace(request: 4204, pid: 10071e, addr: 1, data: c000a29c70)
             exe-1050289 [003] ..... 1636304.224269: sys_ptrace -> 0x0
             exe-1050289 [003] ..... 1636304.224271: sys_ptrace(request: 4204, pid: 10071e, addr: 202, data: c000a29c70)
             exe-1050289 [003] ..... 1636304.224274: sys_ptrace -> 0x0
             exe-1050289 [003] ..... 1636304.224284: sys_pwrite64(fd: 63, buf: 7fd66ee22080, count: 31, pos: 33)
             exe-1050289 [003] ..... 1636304.224286: tracing_mark_write: seccomp(op=0x1, flags=0x55eff5cdc, uargs=0x0) end
             exe-1050289 [003] ..... 1636304.288667: tracing_mark_write: seccomp(op=0x1, flags=0x55eff5cdc, uargs=0x1) start
             exe-1050289 [003] ..... 1636304.288669: sys_pwrite64 -> 0x33
             exe-1050289 [003] ..... 1636304.288674: sys_ptrace(request: 4205, pid: 10071e, addr: 1, data: c000a29c70)
             exe-1050289 [003] ..... 1636304.288676: sys_ptrace -> 0x0
             exe-1050289 [003] ..... 1636304.288678: sys_ptrace(request: 4205, pid: 10071e, addr: 202, data: c000a29c70)
             exe-1050289 [003] ..... 1636304.288693: sys_ptrace -> 0x0
             exe-1050289 [003] ..... 1636304.288695: sys_ptrace(request: 1f, pid: 10071e, addr: 0, data: 0)
             exe-1050289 [003] ..... 1636304.288701: sys_ptrace -> 0x0
             exe-1050289 [003] ..... 1636304.288703: sys_wait4(upid: 10071e, stat_addr: c000a29bf4, options: 40000002, ru: 0)
             exe-1049567 [000] ..... 1636304.288714: sys_nanosleep -> 0x0
             exe-1050398 [001] ..... 1636304.288716: sys_write -> 0x33
             exe-1049567 [000] ..... 1636304.288719: sys_nanosleep(rqtp: c000069f10, rmtp: 0)
             exe-1049673 [000] ..... 1636304.288740: sys_nanosleep -> 0x0
             exe-1050289 [003] ..... 1636304.288742: sys_wait4 -> 0x10071e
             exe-1050289 [003] ..... 1636304.288745: sys_ptrace(request: 4204, pid: 10071e, addr: 1, data: c000a29c70)
             exe-1049673 [000] ..... 1636304.288745: sys_nanosleep(rqtp: c000069f10, rmtp: 0)
             exe-1050289 [003] ..... 1636304.288747: sys_ptrace -> 0x0
             exe-1050289 [003] ..... 1636304.288749: sys_ptrace(request: 4204, pid: 10071e, addr: 202, data: c000a29c70)
             exe-1050289 [003] ..... 1636304.288751: sys_ptrace -> 0x0
             exe-1050289 [003] ..... 1636304.288760: sys_ptrace(request: 4205, pid: 10071e, addr: 1, data: c000a29c70)
             exe-1050289 [003] ..... 1636304.288763: sys_ptrace -> 0x0
             exe-1050289 [003] ..... 1636304.288764: sys_ptrace(request: 4205, pid: 10071e, addr: 202, data: c000a29c70)
             exe-1050289 [003] ..... 1636304.288771: sys_ptrace -> 0x0
             exe-1050289 [003] ..... 1636304.288773: sys_ptrace(request: 1f, pid: 10071e, addr: 0, data: 0)
             exe-1050289 [003] ..... 1636304.288784: sys_ptrace -> 0x0
             exe-1050289 [003] ..... 1636304.288786: sys_wait4(upid: 10071e, stat_addr: c000a29bf4, options: 40000002, ru: 0)
             exe-1049567 [000] ..... 1636304.288820: sys_nanosleep -> 0x0
             exe-1049567 [000] ..... 1636304.288825: sys_nanosleep(rqtp: c000069f10, rmtp: 0)
             exe-1050398 [001] ..... 1636304.288839: sys_getrandom -> 0xfffffffffffffff2
             exe-1049673 [000] ..... 1636304.288857: sys_nanosleep -> 0x0
             exe-1049673 [000] ..... 1636304.288863: sys_nanosleep(rqtp: c000069f10, rmtp: 0)
             exe-1050289 [003] ..... 1636304.288868: sys_wait4 -> 0x10071e
             exe-1050289 [003] ..... 1636304.288870: sys_ptrace(request: 4204, pid: 10071e, addr: 1, data: c000a29c70)
             exe-1050289 [003] ..... 1636304.288872: sys_ptrace -> 0x0
             exe-1050289 [003] ..... 1636304.288874: sys_ptrace(request: 4204, pid: 10071e, addr: 202, data: c000a29c70)
             exe-1050289 [003] ..... 1636304.288876: sys_ptrace -> 0x0
             exe-1050289 [003] ..... 1636304.288883: sys_pwrite64(fd: 63, buf: 7fd66ee22080, count: 31, pos: 33)
             exe-1050289 [003] ..... 1636304.288884: tracing_mark_write: seccomp(op=0x1, flags=0x55eff5cdc, uargs=0x1) end
             exe-1050289 [003] ..... 1636304.376688: tracing_mark_write: seccomp(op=0x1, flags=0x55eff5cdc, uargs=0x0) start
             exe-1050289 [003] ..... 1636304.376690: sys_pwrite64 -> 0x33
             exe-1050289 [003] ..... 1636304.376697: sys_ptrace(request: 4205, pid: 10071e, addr: 1, data: c000a29c70)
             exe-1050289 [003] ..... 1636304.376699: sys_ptrace -> 0x0
             exe-1050289 [003] ..... 1636304.376700: sys_ptrace(request: 4205, pid: 10071e, addr: 202, data: c000a29c70)
             exe-1050289 [003] ..... 1636304.376781: sys_ptrace -> 0x0
             exe-1050289 [003] ..... 1636304.376785: sys_ptrace(request: 1f, pid: 10071e, addr: 0, data: 0)
             exe-1050289 [003] ..... 1636304.376792: sys_ptrace -> 0x0
             exe-1050289 [003] ..... 1636304.376795: sys_wait4(upid: 10071e, stat_addr: c000a29bf4, options: 40000002, ru: 0)
             exe-1050398 [003] ..... 1636304.376809: sys_write -> 0x33
             exe-1049567 [000] ..... 1636304.376822: sys_nanosleep -> 0x0
             exe-1049567 [000] ..... 1636304.376824: sys_nanosleep(rqtp: c000069f10, rmtp: 0)
             exe-1050289 [003] ..... 1636304.376885: sys_wait4 -> 0x10071e
             exe-1050289 [003] ..... 1636304.376890: sys_ptrace(request: 4204, pid: 10071e, addr: 1, data: c000a29c70)
             exe-1050289 [003] ..... 1636304.376896: sys_ptrace -> 0x0
             exe-1050289 [003] ..... 1636304.376897: sys_ptrace(request: 4204, pid: 10071e, addr: 202, data: c000a29c70)
             exe-1050289 [003] ..... 1636304.376900: sys_ptrace -> 0x0
             exe-1050289 [003] ..... 1636304.376927: sys_ptrace(request: 4205, pid: 10071e, addr: 1, data: c000a29c70)
             exe-1050289 [003] ..... 1636304.376929: sys_ptrace -> 0x0
             exe-1050289 [003] ..... 1636304.376931: sys_ptrace(request: 4205, pid: 10071e, addr: 202, data: c000a29c70)
             exe-1050289 [003] ..... 1636304.377010: sys_ptrace -> 0x0
             exe-1050289 [003] ..... 1636304.377014: sys_ptrace(request: 1f, pid: 10071e, addr: 0, data: 0)
             exe-1050289 [003] ..... 1636304.377022: sys_ptrace -> 0x0
             exe-1050289 [003] ..... 1636304.377025: sys_wait4(upid: 10071e, stat_addr: c000a29bf4, options: 40000002, ru: 0)
             exe-1050398 [003] ..... 1636304.377039: sys_getrandom -> 0xfffffffffffffff2
             exe-1049567 [000] ..... 1636304.377062: sys_nanosleep -> 0x0
             exe-1049567 [000] ..... 1636304.377064: sys_nanosleep(rqtp: c000069f10, rmtp: 0)
