             exe-1050282 [003] ..... 1636311.603300: sys_ptrace(request: 4205, pid: 10070d, addr: 202, data: c000a29c70)
             exe-1050282 [003] ..... 1636311.603307: sys_ptrace -> 0x0
             exe-1050282 [003] ..... 1636311.603309: sys_ptrace(request: 1f, pid: 10070d, addr: 0, data: 0)
             exe-1050282 [003] ..... 1636311.603319: sys_ptrace -> 0x0
             exe-1050282 [003] ..... 1636311.603321: sys_wait4(upid: 10070d, stat_addr: c000a29bf4, options: 40000002, ru: 0)
             exe-1050381 [001] ..... 1636311.603336: sys_getrandom -> 0xffffffffffffffea
             exe-1050282 [003] ..... 1636311.603359: sys_wait4 -> 0x10070d
             exe-1050282 [003] ..... 1636311.603361: sys_ptrace(request: 4204, pid: 10070d, addr: 1, data: c000a29c70)
             exe-1050282 [003] ..... 1636311.603364: sys_ptrace -> 0x0
             exe-1050282 [003] ..... 1636311.603365: sys_ptrace(request: 4204, pid: 10070d, addr: 202, data: c000a29c70)
             exe-1050282 [003] ..... 1636311.603368: sys_ptrace -> 0x0
             exe-1050282 [003] ..... 1636311.603373: sys_pwrite64(fd: 63, buf: 7fd66ee22080, count: 34, pos: 36)
             exe-1050282 [003] ..... 1636311.603374: tracing_mark_write: seccomp(op=0x1, flags=0x1, uargs=0x7fd474ecf000) end
             exe-1050282 [003] ..... 1636311.666618: tracing_mark_write: seccomp(op=0x1, flags=0x1, uargs=0x4) start
             exe-1050282 [003] ..... 1636311.666620: sys_pwrite64 -> 0x2b
             exe-1049567 [000] ..... 1636311.666622: sys_nanosleep -> 0x0
             exe-1050282 [003] ..... 1636311.666624: sys_ptrace(request: 4205, pid: 10070d, addr: 1, data: c000a29c70)
             exe-1050282 [003] ..... 1636311.666627: sys_ptrace -> 0x0
             exe-1049567 [000] ..... 1636311.666628: sys_nanosleep(rqtp: c000069f10, rmtp: 0)
             exe-1050282 [003] ..... 1636311.666628: sys_ptrace(request: 4205, pid: 10070d, addr: 202, data: c000a29c70)
             exe-1050282 [003] ..... 1636311.666639: sys_ptrace -> 0x0
             exe-1050282 [003] ..... 1636311.666640: sys_ptrace(request: 1f, pid: 10070d, addr: 0, data: 0)
             exe-1049673 [000] ..... 1636311.666646: sys_nanosleep -> 0x0
             exe-1049673 [000] ..... 1636311.666651: sys_nanosleep(rqtp: c000069f10, rmtp: 0)
             exe-1050282 [003] ..... 1636311.666652: sys_ptrace -> 0x0
             exe-1050282 [003] ..... 1636311.666654: sys_wait4(upid: 10070d, stat_addr: c000a29bf4, options: 40000002, ru: 0)
             exe-1050381 [001] ..... 1636311.666667: sys_write -> 0x2b
             exe-1050282 [003] ..... 1636311.666690: sys_wait4 -> 0x10070d
             exe-1050282 [003] ..... 1636311.666693: sys_ptrace(request: 4204, pid: 10070d, addr: 1, data: c000a29c70)
             exe-1050282 [003] ..... 1636311.666695: sys_ptrace -> 0x0
             exe-1050282 [003] ..... 1636311.666697: sys_ptrace(request: 4204, pid: 10070d, addr: 202, data: c000a29c70)
             exe-1050282 [003] ..... 1636311.666699: sys_ptrace -> 0x0
             exe-1050282 [003] ..... 1636311.666704: sys_ptrace(request: 4205, pid: 10070d, addr: 1, data: c000a29c70)
             exe-1050282 [003] ..... 1636311.666706: sys_ptrace -> 0x0
             exe-1050282 [003] ..... 1636311.666708: sys_ptrace(request: 4205, pid: 10070d, addr: 202, data: c000a29c70)
             exe-1050282 [003] ..... 1636311.666716: sys_ptrace -> 0x0
             exe-1050282 [003] ..... 1636311.666718: sys_ptrace(request: 1f, pid: 10070d, addr: 0, data: 0)
             exe-1050282 [003] ..... 1636311.666728: sys_ptrace -> 0x0
             exe-1050282 [003] ..... 1636311.666730: sys_wait4(upid: 10070d, stat_addr: c000a29bf4, options: 40000002, ru: 0)
             exe-1049673 [000] ..... 1636311.666732: sys_nanosleep -> 0x0
             exe-1049673 [000] ..... 1636311.666738: sys_nanosleep(rqtp: c000069f10, rmtp: 0)
             exe-1050381 [001] ..... 1636311.666742: sys_getrandom -> 0xffffffffffffffea
             exe-1050282 [003] ..... 1636311.666763: sys_wait4 -> 0x10070d
             exe-1050282 [003] ..... 1636311.666765: sys_ptrace(request: 4204, pid: 10070d, addr: 1, data: c000a29c70)
             exe-1050282 [003] ..... 1636311.666768: sys_ptrace -> 0x0
             exe-1050282 [003] ..... 1636311.666769: sys_ptrace(request: 4204, pid: 10070d, addr: 202, data: c000a29c70)
             exe-1050282 [003] ..... 1636311.666771: sys_ptrace -> 0x0
             exe-1050282 [003] ..... 1636311.666777: sys_pwrite64(fd: 63, buf: 7fd66ee22080, count: 29, pos: 2b)
             exe-1050282 [003] ..... 1636311.666779: tracing_mark_write: seccomp(op=0x1, flags=0x1, uargs=0x4) end
             exe-1050282 [003] ..... 1636311.743603: tracing_mark_write: seccomp(op=0x1, flags=0x55eff5cdc, uargs=0x4) start
             exe-1050282 [003] ..... 1636311.743605: sys_pwrite64 -> 0x33
             exe-1049896 [002] ..... 1636311.743605: sys_futex -> 0x1
             exe-1050282 [003] ..... 1636311.743613: sys_ptrace(request: 4205, pid: 10070d, addr: 1, data: c000a29c70)
             exe-1050282 [003] ..... 1636311.743616: sys_ptrace -> 0x0
             exe-1050282 [003] ..... 1636311.743617: sys_ptrace(request: 4205, pid: 10070d, addr: 202, data: c000a29c70)
             exe-1049896 [002] ..... 1636311.743624: sys_epoll_pwait(epfd: 11, events: c000599840, maxevents: 80, timeout: 9, sigmask: 0, sigsetsize: 0)
             exe-1050282 [003] ..... 1636311.743636: sys_ptrace -> 0x0
             exe-1050282 [003] ..... 1636311.743637: sys_ptrace(request: 1f, pid: 10070d, addr: 0, data: 0)
             exe-1050008 [000] ..... 1636311.743640: sys_futex -> 0x0
             exe-1050008 [000] ..... 1636311.743652: sys_futex(uaddr: c000435948, op: 80, val: 0, utime: 0, uaddr2: 0, val3: 0)
             exe-1050282 [003] ..... 1636311.743656: sys_ptrace -> 0x0
             exe-1050282 [003] ..... 1636311.743659: sys_wait4(upid: 10070d, stat_addr: c000a29bf4, options: 40000002, ru: 0)
             exe-1049673 [001] ..... 1636311.743672: sys_nanosleep -> 0x0
             exe-1049673 [001] ..... 1636311.743673: sys_nanosleep(rqtp: c000069f10, rmtp: 0)
             exe-1050381 [002] ..... 1636311.743676: sys_write -> 0x33
             exe-1050282 [003] ..... 1636311.743702: sys_wait4 -> 0x10070d
             exe-1050282 [003] ..... 1636311.743705: sys_ptrace(request: 4204, pid: 10070d, addr: 1, data: c000a29c70)
             exe-1050282 [003] ..... 1636311.743707: sys_ptrace -> 0x0
             exe-1050282 [003] ..... 1636311.743709: sys_ptrace(request: 4204, pid: 10070d, addr: 202, data: c000a29c70)
             exe-1050282 [003] ..... 1636311.743711: sys_ptrace -> 0x0
             exe-1050282 [003] ..... 1636311.743716: sys_ptrace(request: 4205, pid: 10070d, addr: 1, data: c000a29c70)
             exe-1050282 [003] ..... 1636311.743718: sys_ptrace -> 0x0
             exe-1050282 [003] ..... 1636311.743719: sys_ptrace(request: 4205, pid: 10070d, addr: 202, data: c000a29c70)
             exe-1050282 [003] ..... 1636311.743727: sys_ptrace -> 0x0
             exe-1050282 [003] ..... 1636311.743729: sys_ptrace(request: 1f, pid: 10070d, addr: 0, data: 0)
             exe-1050282 [003] ..... 1636311.743741: sys_ptrace -> 0x0
             exe-1050282 [003] ..... 1636311.743743: sys_wait4(upid: 10070d, stat_addr: c000a29bf4, options: 40000002, ru: 0)
             exe-1049673 [001] ..... 1636311.743753: sys_nanosleep -> 0x0
             exe-1049673 [001] ..... 1636311.743755: sys_nanosleep(rqtp: c000069f10, rmtp: 0)
             exe-1050381 [002] ..... 1636311.743764: sys_getrandom -> 0xffffffffffffffea
             exe-1050282 [003] ..... 1636311.743779: sys_wait4 -> 0x10070d
             exe-1050282 [003] ..... 1636311.743781: sys_ptrace(request: 4204, pid: 10070d, addr: 1, data: c000a29c70)
             exe-1050282 [003] ..... 1636311.743784: sys_ptrace -> 0x0
             exe-1050282 [003] ..... 1636311.743785: sys_ptrace(request: 4204, pid: 10070d, addr: 202, data: c000a29c70)
             exe-1050282 [003] ..... 1636311.743787: sys_ptrace -> 0x0
             exe-1050282 [003] ..... 1636311.743793: sys_pwrite64(fd: 63, buf: 7fd66ee22080, count: 31, pos: 33)
             exe-1050282 [003] ..... 1636311.743795: tracing_mark_write: seccomp(op=0x1, flags=0x55eff5cdc, uargs=0x4) end
             exe-1050282 [003] ..... 1636311.804405: tracing_mark_write: seccomp(op=0x1, flags=0x55eff5cdc, uargs=0x0) start
             exe-1050282 [003] ..... 1636311.804407: sys_pwrite64 -> 0x33
             exe-1050282 [003] ..... 1636311.804410: sys_ptrace(request: 4205, pid: 10070d, addr: 1, data: c000a29c70)
             exe-1050282 [003] ..... 1636311.804412: sys_ptrace -> 0x0
             exe-1050282 [003] ..... 1636311.804413: sys_ptrace(request: 4205, pid: 10070d, addr: 202, data: c000a29c70)
             exe-1050282 [003] ..... 1636311.804419: sys_ptrace -> 0x0
             exe-1050282 [003] ..... 1636311.804420: sys_ptrace(request: 1f, pid: 10070d, addr: 0, data: 0)
             exe-1050282 [003] ..... 1636311.804425: sys_ptrace -> 0x0
             exe-1050282 [003] ..... 1636311.804427: sys_wait4(upid: 10070d, stat_addr: c000a29bf4, options: 40000002, ru: 0)
             exe-1050381 [002] ..... 1636311.804439: sys_write -> 0x33
             exe-1050282 [003] ..... 1636311.804460: sys_wait4 -> 0x10070d
             exe-1050282 [003] ..... 1636311.804461: sys_ptrace(request: 4204, pid: 10070d, addr: 1, data: c000a29c70)
             exe-1050282 [003] ..... 1636311.804463: sys_ptrace -> 0x0
             exe-1050282 [003] ..... 1636311.804464: sys_ptrace(request: 4204, pid: 10070d, addr: 202, data: c000a29c70)
             exe-1050282 [003] ..... 1636311.804466: sys_ptrace -> 0x0
             exe-1050282 [003] ..... 1636311.804483: sys_ptrace(request: 4205, pid: 10070d, addr: 1, data: c000a29c70)
             exe-1050282 [003] ..... 1636311.804485: sys_ptrace -> 0x0
             exe-1049981 [001] ..... 1636311.804485: sys_epoll_pwait -> 0x0
             exe-1050282 [003] ..... 1636311.804486: sys_ptrace(request: 4205, pid: 10070d, addr: 202, data: c000a29c70)
             exe-1049567 [002] ..... 1636311.804493: sys_nanosleep -> 0x0
             exe-1050282 [003] ..... 1636311.804498: sys_ptrace -> 0x0
             exe-1049567 [002] ..... 1636311.804499: sys_nanosleep(rqtp: c000069f10, rmtp: 0)
             exe-1050282 [003] ..... 1636311.804499: sys_ptrace(request: 1f, pid: 10070d, addr: 0, data: 0)
             exe-1049981 [001] ..... 1636311.804501: sys_futex(uaddr: c0001acd48, op: 81, val: 1, utime: 0, uaddr2: 0, val3: 0)
             exe-1050282 [003] ..... 1636311.804504: sys_ptrace -> 0x0
             exe-1049981 [001] ..... 1636311.804505: sys_futex -> 0x1
             exe-1050282 [003] ..... 1636311.804505: sys_wait4(upid: 10070d, stat_addr: c000a29bf4, options: 40000002, ru: 0)
             exe-1049896 [002] ..... 1636311.804521: sys_futex -> 0x0
             exe-1049981 [001] ..... 1636311.804521: sys_epoll_pwait(epfd: 11, events: c00063b840, maxevents: 80, timeout: 9, sigmask: 0, sigsetsize: 0)
             exe-1049896 [002] ..... 1636311.804533: sys_futex(uaddr: c0001acd48, op: 80, val: 0, utime: 0, uaddr2: 0, val3: 0)
             exe-1050381 [002] ..... 1636311.804544: sys_getrandom -> 0xfffffffffffffff2
             exe-1050282 [003] ..... 1636311.804566: sys_wait4 -> 0x10070d
             exe-1050282 [003] ..... 1636311.804568: sys_ptrace(request: 4204, pid: 10070d, addr: 1, data: c000a29c70)
             exe-1050282 [003] ..... 1636311.804570: sys_ptrace -> 0x0
             exe-1050282 [003] ..... 1636311.804571: sys_ptrace(request: 4204, pid: 10070d, addr: 202, data: c000a29c70)
             exe-1050282 [003] ..... 1636311.804573: sys_ptrace -> 0x0
             exe-1050282 [003] ..... 1636311.804578: sys_pwrite64(fd: 63, buf: 7fd66ee22080, count: 31, pos: 33)
             exe-1050282 [003] ..... 1636311.804580: tracing_mark_write: seccomp(op=0x1, flags=0x55eff5cdc, uargs=0x0) end
             exe-1050282 [003] ..... 1636311.863371: tracing_mark_write: seccomp(op=0x1, flags=0x55eff5cdc, uargs=0x4) start
             exe-1050282 [003] ..... 1636311.863373: sys_pwrite64 -> 0x33
             exe-1050282 [003] ..... 1636311.863382: sys_ptrace(request: 4205, pid: 10070d, addr: 1, data: c000a29c70)
             exe-1050282 [003] ..... 1636311.863385: sys_ptrace -> 0x0
             exe-1050282 [003] ..... 1636311.863387: sys_ptrace(request: 4205, pid: 10070d, addr: 202, data: c000a29c70)
             exe-1050282 [003] ..... 1636311.863403: sys_ptrace -> 0x0
             exe-1050282 [003] ..... 1636311.863405: sys_ptrace(request: 1f, pid: 10070d, addr: 0, data: 0)
             exe-1049673 [001] ..... 1636311.863413: sys_nanosleep -> 0x0
             exe-1049673 [001] ..... 1636311.863415: sys_nanosleep(rqtp: c000069f10, rmtp: 0)
             exe-1050282 [003] ..... 1636311.863417: sys_ptrace -> 0x0
             exe-1050282 [003] ..... 1636311.863420: sys_wait4(upid: 10070d, stat_addr: c000a29bf4, options: 40000002, ru: 0)
             exe-1050381 [002] ..... 1636311.863424: sys_write -> 0x33
             exe-1049567 [002] ..... 1636311.863462: sys_nanosleep -> 0x0
             exe-1050282 [003] ..... 1636311.863468: sys_wait4 -> 0x10070d
             exe-1049567 [002] ..... 1636311.863468: sys_nanosleep(rqtp: c000069f10, rmtp: 0)
             exe-1050282 [003] ..... 1636311.863474: sys_ptrace(request: 4204, pid: 10070d, addr: 1, data: c000a29c70)
             exe-1050282 [003] ..... 1636311.863481: sys_ptrace -> 0x0
             exe-1050282 [003] ..... 1636311.863483: sys_ptrace(request: 4204, pid: 10070d, addr: 202, data: c000a29c70)
             exe-1050282 [003] ..... 1636311.863487: sys_ptrace -> 0x0
             exe-1050282 [003] ..... 1636311.863495: sys_ptrace(request: 4205, pid: 10070d, addr: 1, data: c000a29c70)
             exe-1050282 [003] ..... 1636311.863498: sys_ptrace -> 0x0
             exe-1050282 [003] ..... 1636311.863500: sys_ptrace(request: 4205, pid: 10070d, addr: 202, data: c000a29c70)
             exe-1049673 [001] ..... 1636311.863501: sys_nanosleep -> 0x0
             exe-1049673 [001] ..... 1636311.863503: sys_nanosleep(rqtp: c000069f10, rmtp: 0)
             exe-1050282 [003] ..... 1636311.863516: sys_ptrace -> 0x0
             exe-1050282 [003] ..... 1636311.863518: sys_ptrace(request: 1f, pid: 10070d, addr: 0, data: 0)
             exe-1050282 [003] ..... 1636311.863529: sys_ptrace -> 0x0
             exe-1050282 [003] ..... 1636311.863532: sys_wait4(upid: 10070d, stat_addr: c000a29bf4, options: 40000002, ru: 0)
             exe-1050381 [002] ..... 1636311.863542: sys_getrandom -> 0xffffffffffffffea
             exe-1050282 [003] ..... 1636311.863567: sys_wait4 -> 0x10070d
             exe-1050282 [003] ..... 1636311.863570: sys_ptrace(request: 4204, pid: 10070d, addr: 1, data: c000a29c70)
             exe-1050282 [003] ..... 1636311.863574: sys_ptrace -> 0x0
             exe-1050282 [003] ..... 1636311.863576: sys_ptrace(request: 4204, pid: 10070d, addr: 202, data: c000a29c70)
             exe-1050282 [003] ..... 1636311.863580: sys_ptrace -> 0x0
             exe-1049673 [001] ..... 1636311.863589: sys_nanosleep -> 0x0
             exe-1049673 [001] ..... 1636311.863591: sys_nanosleep(rqtp: c000069f10, rmtp: 0)
             exe-1050282 [003] ..... 1636311.863591: sys_pwrite64(fd: 63, buf: 7fd66ee22080, count: 31, pos: 33)
             exe-1050282 [003] ..... 1636311.863593: tracing_mark_write: seccomp(op=0x1, flags=0x55eff5cdc, uargs=0x4) end
             exe-1050282 [000] ..... 1636311.969900: tracing_mark_write: seccomp(op=0x1, flags=0x55eff5cdc, uargs=0x7fd472e00000) start
             exe-1050282 [000] ..... 1636311.969901: sys_pwrite64 -> 0x3e
             exe-1050282 [000] ..... 1636311.969904: sys_ptrace(request: 4205, pid: 10070d, addr: 1, data: c000a29c70)
             exe-1050282 [000] ..... 1636311.969906: sys_ptrace -> 0x0
             exe-1050282 [000] ..... 1636311.969907: sys_ptrace(request: 4205, pid: 10070d, addr: 202, data: c000a29c70)
             exe-1050282 [000] ..... 1636311.969913: sys_ptrace -> 0x0
             exe-1050282 [000] ..... 1636311.969914: sys_ptrace(request: 1f, pid: 10070d, addr: 0, data: 0)
             exe-1050282 [000] ..... 1636311.969924: sys_ptrace -> 0x0
             exe-1050282 [000] ..... 1636311.969925: sys_wait4(upid: 10070d, stat_addr: c000a29bf4, options: 40000002, ru: 0)
             exe-1050381 [002] ..... 1636311.969949: sys_write -> 0x3e
             exe-1050282 [000] ..... 1636311.969961: sys_wait4 -> 0x10070d
             exe-1050282 [000] ..... 1636311.969962: sys_ptrace(request: 4204, pid: 10070d, addr: 1, data: c000a29c70)
             exe-1050282 [000] ..... 1636311.969964: sys_ptrace -> 0x0
             exe-1050282 [000] ..... 1636311.969965: sys_ptrace(request: 4204, pid: 10070d, addr: 202, data: c000a29c70)
             exe-1050282 [000] ..... 1636311.969966: sys_ptrace -> 0x0
             exe-1050282 [000] ..... 1636311.969970: sys_ptrace(request: 4205, pid: 10070d, addr: 1, data: c000a29c70)
             exe-1050282 [000] ..... 1636311.969972: sys_ptrace -> 0x0
             exe-1050282 [000] ..... 1636311.969973: sys_ptrace(request: 4205, pid: 10070d, addr: 202, data: c000a29c70)
             exe-1050282 [000] ..... 1636311.969976: sys_ptrace -> 0x0
             exe-1050282 [000] ..... 1636311.969977: sys_ptrace(request: 1f, pid: 10070d, addr: 0, data: 0)
             exe-1050282 [000] ..... 1636311.969984: sys_ptrace -> 0x0
             exe-1050282 [000] ..... 1636311.969985: sys_wait4(upid: 10070d, stat_addr: c000a29bf4, options: 40000002, ru: 0)
             exe-1050381 [002] ..... 1636311.970012: sys_getrandom -> 0xffffffffffffffea
             exe-1050282 [000] ..... 1636311.970023: sys_wait4 -> 0x10070d
             exe-1050282 [000] ..... 1636311.970025: sys_ptrace(request: 4204, pid: 10070d, addr: 1, data: c000a29c70)
             exe-1050282 [000] ..... 1636311.970027: sys_ptrace -> 0x0
             exe-1050282 [000] ..... 1636311.970028: sys_ptrace(request: 4204, pid: 10070d, addr: 202, data: c000a29c70)
             exe-1050282 [000] ..... 1636311.970029: sys_ptrace -> 0x0
             exe-1050282 [000] ..... 1636311.970034: sys_pwrite64(fd: 63, buf: 7fd66ee22080, count: 3c, pos: 3e)
             exe-1050282 [000] ..... 1636311.970035: tracing_mark_write: seccomp(op=0x1, flags=0x55eff5cdc, uargs=0x7fd472e00000) end
             exe-1050282 [000] ..... 1636312.037180: tracing_mark_write: seccomp(op=0x1, flags=0x55eff5cdc, uargs=0x0) start
             exe-1050282 [000] ..... 1636312.037182: sys_pwrite64 -> 0x33
             exe-1050282 [000] ..... 1636312.037188: sys_ptrace(request: 4205, pid: 10070d, addr: 1, data: c000a29c70)
             exe-1050282 [000] ..... 1636312.037191: sys_ptrace -> 0x0
             exe-1050282 [000] ..... 1636312.037192: sys_ptrace(request: 4205, pid: 10070d, addr: 202, data: c000a29c70)
             exe-1050282 [000] ..... 1636312.037204: sys_ptrace -> 0x0
             exe-1050282 [000] ..... 1636312.037206: sys_ptrace(request: 1f, pid: 10070d, addr: 0, data: 0)
             exe-1049673 [001] ..... 1636312.037211: sys_nanosleep -> 0x0
             exe-1049673 [001] ..... 1636312.037217: sys_nanosleep(rqtp: c000069f10, rmtp: 0)
             exe-1050282 [000] ..... 1636312.037217: sys_ptrace -> 0x0
             exe-1050282 [000] ..... 1636312.037220: sys_wait4(upid: 10070d, stat_addr: c000a29bf4, options: 40000002, ru: 0)
             exe-1050381 [002] ..... 1636312.037229: sys_write -> 0x33
             exe-1049567 [001] ..... 1636312.037235: sys_nanosleep -> 0x0
             exe-1049567 [001] ..... 1636312.037241: sys_nanosleep(rqtp: c000069f10, rmtp: 0)
             exe-1050282 [000] ..... 1636312.037247: sys_wait4 -> 0x10070d
             exe-1050282 [000] ..... 1636312.037249: sys_ptrace(request: 4204, pid: 10070d, addr: 1, data: c000a29c70)
             exe-1050282 [000] ..... 1636312.037252: sys_ptrace -> 0x0
             exe-1050282 [000] ..... 1636312.037253: sys_ptrace(request: 4204, pid: 10070d, addr: 202, data: c000a29c70)
             exe-1050282 [000] ..... 1636312.037255: sys_ptrace -> 0x0
             exe-1050282 [000] ..... 1636312.037266: sys_ptrace(request: 4205, pid: 10070d, addr: 1, data: c000a29c70)
             exe-1050282 [000] ..... 1636312.037268: sys_ptrace -> 0x0
             exe-1050282 [000] ..... 1636312.037269: sys_ptrace(request: 4205, pid: 10070d, addr: 202, data: c000a29c70)
             exe-1050282 [000] ..... 1636312.037277: sys_ptrace -> 0x0
             exe-1050282 [000] ..... 1636312.037278: sys_ptrace(request: 1f, pid: 10070d, addr: 0, data: 0)
             exe-1050282 [000] ..... 1636312.037284: sys_ptrace -> 0x0
             exe-1050282 [000] ..... 1636312.037285: sys_wait4(upid: 10070d, stat_addr: c000a29bf4, options: 40000002, ru: 0)
             exe-1050381 [002] ..... 1636312.037294: sys_getrandom -> 0xfffffffffffffff2
             exe-1050282 [000] ..... 1636312.037307: sys_wait4 -> 0x10070d
             exe-1050282 [000] ..... 1636312.037310: sys_ptrace(request: 4204, pid: 10070d, addr: 1, data: c000a29c70)
             exe-1050282 [000] ..... 1636312.037312: sys_ptrace -> 0x0
             exe-1050282 [000] ..... 1636312.037313: sys_ptrace(request: 4204, pid: 10070d, addr: 202, data: c000a29c70)
             exe-1050282 [000] ..... 1636312.037315: sys_ptrace -> 0x0
             exe-1050282 [000] ..... 1636312.037320: sys_pwrite64(fd: 63, buf: 7fd66ee22080, count: 31, pos: 33)
             exe-1050282 [000] ..... 1636312.037322: tracing_mark_write: seccomp(op=0x1, flags=0x55eff5cdc, uargs=0x0) end
             exe-1050282 [000] ..... 1636312.092233: tracing_mark_write: seccomp(op=0x1, flags=0x55eff5cdc, uargs=0x7fd473f00000) start
             exe-1050282 [000] ..... 1636312.092235: sys_pwrite64 -> 0x3e
             exe-1050282 [000] ..... 1636312.092248: sys_ptrace(request: 4205, pid: 10070d, addr: 1, data: c000a29c70)
             exe-1050282 [000] ..... 1636312.092250: sys_ptrace -> 0x0
             exe-1050282 [000] ..... 1636312.092251: sys_ptrace(request: 4205, pid: 10070d, addr: 202, data: c000a29c70)
             exe-1049673 [001] ..... 1636312.092259: sys_nanosleep -> 0x0
             exe-1049673 [001] ..... 1636312.092263: sys_nanosleep(rqtp: c000069f10, rmtp: 0)
             exe-1050282 [000] ..... 1636312.092263: sys_ptrace -> 0x0
             exe-1050282 [000] ..... 1636312.092265: sys_ptrace(request: 1f, pid: 10070d, addr: 0, data: 0)
             exe-1049567 [001] ..... 1636312.092273: sys_nanosleep -> 0x0
             exe-1050282 [000] ..... 1636312.092274: sys_ptrace -> 0x0
             exe-1050282 [000] ..... 1636312.092276: sys_wait4(upid: 10070d, stat_addr: c000a29bf4, options: 40000002, ru: 0)
             exe-1049567 [001] ..... 1636312.092277: sys_nanosleep(rqtp: c000069f10, rmtp: 0)
             exe-1050381 [002] ..... 1636312.092302: sys_write -> 0x3e
             exe-1050282 [000] ..... 1636312.092316: sys_wait4 -> 0x10070d
             exe-1050282 [000] ..... 1636312.092318: sys_ptrace(request: 4204, pid: 10070d, addr: 1, data: c000a29c70)
             exe-1050282 [000] ..... 1636312.092320: sys_ptrace -> 0x0
             exe-1050282 [000] ..... 1636312.092322: sys_ptrace(request: 4204, pid: 10070d, addr: 202, data: c000a29c70)
             exe-1050282 [000] ..... 1636312.092323: sys_ptrace -> 0x0
             exe-1050282 [000] ..... 1636312.092327: sys_ptrace(request: 4205, pid: 10070d, addr: 1, data: c000a29c70)
             exe-1050282 [000] ..... 1636312.092329: sys_ptrace -> 0x0
             exe-1050282 [000] ..... 1636312.092330: sys_ptrace(request: 4205, pid: 10070d, addr: 202, data: c000a29c70)
             exe-1050282 [000] ..... 1636312.092335: sys_ptrace -> 0x0
             exe-1050282 [000] ..... 1636312.092336: sys_ptrace(request: 1f, pid: 10070d, addr: 0, data: 0)
             exe-1049673 [001] ..... 1636312.092343: sys_nanosleep -> 0x0
             exe-1050282 [000] ..... 1636312.092344: sys_ptrace -> 0x0
             exe-1050282 [000] ..... 1636312.092346: sys_wait4(upid: 10070d, stat_addr: c000a29bf4, options: 40000002, ru: 0)
             exe-1049673 [001] ..... 1636312.092347: sys_nanosleep(rqtp: c000069f10, rmtp: 0)
             exe-1049567 [001] ..... 1636312.092357: sys_nanosleep -> 0x0
             exe-1049567 [001] ..... 1636312.092360: sys_nanosleep(rqtp: c000069f10, rmtp: 0)
             exe-1050381 [002] ..... 1636312.092363: sys_getrandom -> 0xffffffffffffffea
             exe-1050282 [000] ..... 1636312.092377: sys_wait4 -> 0x10070d
             exe-1050282 [000] ..... 1636312.092380: sys_ptrace(request: 4204, pid: 10070d, addr: 1, data: c000a29c70)
             exe-1050282 [000] ..... 1636312.092381: sys_ptrace -> 0x0
             exe-1050282 [000] ..... 1636312.092383: sys_ptrace(request: 4204, pid: 10070d, addr: 202, data: c000a29c70)
             exe-1050282 [000] ..... 1636312.092384: sys_ptrace -> 0x0
             exe-1050282 [000] ..... 1636312.092389: sys_pwrite64(fd: 63, buf: 7fd66ee22080, count: 3c, pos: 3e)
             exe-1050282 [000] ..... 1636312.092390: tracing_mark_write: seccomp(op=0x1, flags=0x55eff5cdc, uargs=0x7fd473f00000) end
             exe-1050282 [000] ..... 1636312.157990: tracing_mark_write: seccomp(op=0x1, flags=0x55eff5cdc, uargs=0x4) start
             exe-1050282 [000] ..... 1636312.157992: sys_pwrite64 -> 0x33
             exe-1050282 [000] ..... 1636312.157997: sys_ptrace(request: 4205, pid: 10070d, addr: 1, data: c000a29c70)
             exe-1050282 [000] ..... 1636312.157999: sys_ptrace -> 0x0
             exe-1050282 [000] ..... 1636312.158000: sys_ptrace(request: 4205, pid: 10070d, addr: 202, data: c000a29c70)
             exe-1050282 [000] ..... 1636312.158007: sys_ptrace -> 0x0
             exe-1050282 [000] ..... 1636312.158008: sys_ptrace(request: 1f, pid: 10070d, addr: 0, data: 0)
             exe-1050282 [000] ..... 1636312.158018: sys_ptrace -> 0x0
             exe-1050282 [000] ..... 1636312.158020: sys_wait4(upid: 10070d, stat_addr: c000a29bf4, options: 40000002, ru: 0)
             exe-1050381 [002] ..... 1636312.158038: sys_write -> 0x33
             exe-1050282 [000] ..... 1636312.158052: sys_wait4 -> 0x10070d
             exe-1050282 [000] ..... 1636312.158054: sys_ptrace(request: 4204, pid: 10070d, addr: 1, data: c000a29c70)
             exe-1050282 [000] ..... 1636312.158056: sys_ptrace -> 0x0
             exe-1050282 [000] ..... 1636312.158058: sys_ptrace(request: 4204, pid: 10070d, addr: 202, data: c000a29c70)
             exe-1050282 [000] ..... 1636312.158059: sys_ptrace -> 0x0
             exe-1050282 [000] ..... 1636312.158064: sys_ptrace(request: 4205, pid: 10070d, addr: 1, data: c000a29c70)
             exe-1050282 [000] ..... 1636312.158066: sys_ptrace -> 0x0
             exe-1050282 [000] ..... 1636312.158067: sys_ptrace(request: 4205, pid: 10070d, addr: 202, data: c000a29c70)
             exe-1050282 [000] ..... 1636312.158072: sys_ptrace -> 0x0
             exe-1050282 [000] ..... 1636312.158073: sys_ptrace(request: 1f, pid: 10070d, addr: 0, data: 0)
             exe-1050282 [000] ..... 1636312.158081: sys_ptrace -> 0x0
             exe-1050282 [000] ..... 1636312.158083: sys_wait4(upid: 10070d, stat_addr: c000a29bf4, options: 40000002, ru: 0)
             exe-1050381 [002] ..... 1636312.158102: sys_getrandom -> 0xffffffffffffffea
             exe-1050282 [000] ..... 1636312.158115: sys_wait4 -> 0x10070d
             exe-1050282 [000] ..... 1636312.158117: sys_ptrace(request: 4204, pid: 10070d, addr: 1, data: c000a29c70)
             exe-1050282 [000] ..... 1636312.158119: sys_ptrace -> 0x0
             exe-1050282 [000] ..... 1636312.158120: sys_ptrace(request: 4204, pid: 10070d, addr: 202, data: c000a29c70)
             exe-1050282 [000] ..... 1636312.158122: sys_ptrace -> 0x0
             exe-1050282 [000] ..... 1636312.158126: sys_pwrite64(fd: 63, buf: 7fd66ee22080, count: 31, pos: 33)
             exe-1050282 [000] ..... 1636312.158127: tracing_mark_write: seccomp(op=0x1, flags=0x55eff5cdc, uargs=0x4) end
             exe-1050282 [000] ..... 1636312.220101: tracing_mark_write: seccomp(op=0x1, flags=0x55eff5cdc, uargs=0x4) start
             exe-1050282 [000] ..... 1636312.220103: sys_pwrite64 -> 0x33
             exe-1050282 [000] ..... 1636312.220108: sys_ptrace(request: 4205, pid: 10070d, addr: 1, data: c000a29c70)
             exe-1050282 [000] ..... 1636312.220111: sys_ptrace -> 0x0
             exe-1050282 [000] ..... 1636312.220112: sys_ptrace(request: 4205, pid: 10070d, addr: 202, data: c000a29c70)
             exe-1050282 [000] ..... 1636312.220122: sys_ptrace -> 0x0
             exe-1050282 [000] ..... 1636312.220123: sys_ptrace(request: 1f, pid: 10070d, addr: 0, data: 0)
             exe-1050282 [000] ..... 1636312.220129: sys_ptrace -> 0x0
             exe-1050282 [000] ..... 1636312.220131: sys_wait4(upid: 10070d, stat_addr: c000a29bf4, options: 40000002, ru: 0)
             exe-1050381 [000] ..... 1636312.220142: sys_write -> 0x33
             exe-1050282 [000] ..... 1636312.220158: sys_wait4 -> 0x10070d
             exe-1050282 [000] ..... 1636312.220161: sys_ptrace(request: 4204, pid: 10070d, addr: 1, data: c000a29c70)
             exe-1050282 [000] ..... 1636312.220165: sys_ptrace -> 0x0
             exe-1050282 [000] ..... 1636312.220166: sys_ptrace(request: 4204, pid: 10070d, addr: 202, data: c000a29c70)
             exe-1050282 [000] ..... 1636312.220168: sys_ptrace -> 0x0
             exe-1050282 [000] ..... 1636312.220173: sys_ptrace(request: 4205, pid: 10070d, addr: 1, data: c000a29c70)
             exe-1050282 [000] ..... 1636312.220175: sys_ptrace -> 0x0
             exe-1050282 [000] ..... 1636312.220176: sys_ptrace(request: 4205, pid: 10070d, addr: 202, data: c000a29c70)
             exe-1050282 [000] ..... 1636312.220184: sys_ptrace -> 0x0
             exe-1050282 [000] ..... 1636312.220185: sys_ptrace(request: 1f, pid: 10070d, addr: 0, data: 0)
             exe-1050282 [000] ..... 1636312.220190: sys_ptrace -> 0x0
             exe-1050282 [000] ..... 1636312.220192: sys_wait4(upid: 10070d, stat_addr: c000a29bf4, options: 40000002, ru: 0)
             exe-1049567 [002] ..... 1636312.220193: sys_nanosleep -> 0x0
             exe-1049567 [002] ..... 1636312.220196: sys_nanosleep(rqtp: c000069f10, rmtp: 0)
             exe-1050381 [000] ..... 1636312.220202: sys_getrandom -> 0xffffffffffffffea
             exe-1049673 [003] ..... 1636312.220215: sys_nanosleep(rqtp: c000069f10, rmtp: 0)
             exe-1050282 [000] ..... 1636312.220218: sys_wait4 -> 0x10070d
             exe-1050282 [000] ..... 1636312.220222: sys_ptrace(request: 4204, pid: 10070d, addr: 1, data: c000a29c70)
             exe-1050282 [000] ..... 1636312.220225: sys_ptrace -> 0x0
             exe-1050282 [000] ..... 1636312.220226: sys_ptrace(request: 4204, pid: 10070d, addr: 202, data: c000a29c70)
             exe-1050282 [000] ..... 1636312.220228: sys_ptrace -> 0x0
             exe-1050282 [000] ..... 1636312.220236: sys_pwrite64(fd: 63, buf: 7fd66ee22080, count: 31, pos: 33)
             exe-1050282 [000] ..... 1636312.220237: tracing_mark_write: seccomp(op=0x1, flags=0x55eff5cdc, uargs=0x4) end
             exe-1050282 [000] ..... 1636312.287015: tracing_mark_write: seccomp(op=0x1, flags=0x55eff5cdc, uargs=0x7fd474fe0000) start
             exe-1050282 [000] ..... 1636312.287017: sys_pwrite64 -> 0x3e
             exe-1050282 [000] ..... 1636312.287022: sys_ptrace(request: 4205, pid: 10070d, addr: 1, data: c000a29c70)
             exe-1050282 [000] ..... 1636312.287025: sys_ptrace -> 0x0
             exe-1050282 [000] ..... 1636312.287026: sys_ptrace(request: 4205, pid: 10070d, addr: 202, data: c000a29c70)
             exe-1049567 [002] ..... 1636312.287030: sys_nanosleep -> 0x0
             exe-1049567 [002] ..... 1636312.287034: sys_nanosleep(rqtp: c000069f10, rmtp: 0)
             exe-1050282 [000] ..... 1636312.287035: sys_ptrace -> 0x0
             exe-1049673 [003] ..... 1636312.287036: sys_nanosleep -> 0x0
             exe-1050282 [000] ..... 1636312.287037: sys_ptrace(request: 1f, pid: 10070d, addr: 0, data: 0)
             exe-1049673 [003] ..... 1636312.287039: sys_nanosleep(rqtp: c000069f10, rmtp: 0)
             exe-1050282 [000] .N... 1636312.287043: sys_ptrace -> 0x0
             exe-1050381 [000] ..... 1636312.287052: sys_write -> 0x3e
             exe-1050282 [000] ..... 1636312.287069: sys_wait4(upid: 10070d, stat_addr: c000a29bf4, options: 40000002, ru: 0)
             exe-1050282 [000] ..... 1636312.287071: sys_wait4 -> 0x10070d
             exe-1050282 [000] ..... 1636312.287073: sys_ptrace(request: 4204, pid: 10070d, addr: 1, data: c000a29c70)
             exe-1049981 [001] ..... 1636312.287074: sys_wait4 -> 0x10058a
             exe-1050282 [000] ..... 1636312.287076: sys_ptrace -> 0x0
             exe-1050282 [000] ..... 1636312.287077: sys_ptrace(request: 4204, pid: 10070d, addr: 202, data: c000a29c70)
             exe-1050282 [000] ..... 1636312.287080: sys_ptrace -> 0x0
             exe-1049981 [001] ..... 1636312.287080: sys_ptrace(request: 4204, pid: 10058a, addr: 1, data: c00c3ddc70)
             exe-1050282 [000] ..... 1636312.287085: sys_ptrace(request: 4205, pid: 10070d, addr: 1, data: c000a29c70)
             exe-1049981 [001] ..... 1636312.287085: sys_ptrace -> 0x0
             exe-1049981 [001] ..... 1636312.287087: sys_ptrace(request: 4204, pid: 10058a, addr: 202, data: c00c3ddc70)
             exe-1050282 [000] ..... 1636312.287087: sys_ptrace -> 0x0
             exe-1050282 [000] ..... 1636312.287088: sys_ptrace(request: 4205, pid: 10070d, addr: 202, data: c000a29c70)
             exe-1049981 [001] ..... 1636312.287090: sys_ptrace -> 0x0
             exe-1050282 [000] ..... 1636312.287096: sys_ptrace -> 0x0
             exe-1050282 [000] ..... 1636312.287098: sys_ptrace(request: 1f, pid: 10070d, addr: 0, data: 0)
             exe-1050282 [000] .N... 1636312.287103: sys_ptrace -> 0x0
             exe-1050381 [000] ..... 1636312.287112: sys_getrandom -> 0xffffffffffffffea
             exe-1050282 [000] ..... 1636312.287128: sys_wait4(upid: 10070d, stat_addr: c000a29bf4, options: 40000002, ru: 0)
             exe-1050282 [000] ..... 1636312.287131: sys_wait4 -> 0x10070d
             exe-1050282 [000] ..... 1636312.287133: sys_ptrace(request: 4204, pid: 10070d, addr: 1, data: c000a29c70)
             exe-1049567 [002] ..... 1636312.287136: sys_nanosleep -> 0x0
             exe-1050282 [000] ..... 1636312.287136: sys_ptrace -> 0x0
             exe-1050282 [000] ..... 1636312.287137: sys_ptrace(request: 4204, pid: 10070d, addr: 202, data: c000a29c70)
             exe-1049567 [002] ..... 1636312.287139: sys_nanosleep(rqtp: c000069f10, rmtp: 0)
             exe-1050282 [000] ..... 1636312.287139: sys_ptrace -> 0x0
             exe-1049981 [001] ..... 1636312.287147: sys_futex(uaddr: c000435948, op: 81, val: 1, utime: 0, uaddr2: 0, val3: 0)
             exe-1050282 [000] ..... 1636312.287147: sys_pwrite64(fd: 63, buf: 7fd66ee22080, count: 3c, pos: 3e)
             exe-1050282 [000] ..... 1636312.287148: tracing_mark_write: seccomp(op=0x1, flags=0x55eff5cdc, uargs=0x7fd474fe0000) end
             exe-1050282 [000] ..... 1636312.343720: tracing_mark_write: seccomp(op=0x1, flags=0x55eff5cdc, uargs=0x7fd474fe1000) start
             exe-1050282 [000] ..... 1636312.343721: sys_pwrite64 -> 0x3e
             exe-1050282 [000] ..... 1636312.343728: sys_ptrace(request: 4205, pid: 10070d, addr: 1, data: c000a29c70)
             exe-1050282 [000] ..... 1636312.343731: sys_ptrace -> 0x0
             exe-1050282 [000] ..... 1636312.343732: sys_ptrace(request: 4205, pid: 10070d, addr: 202, data: c000a29c70)
             exe-1050282 [000] ..... 1636312.343743: sys_ptrace -> 0x0
             exe-1050282 [000] ..... 1636312.343745: sys_ptrace(request: 1f, pid: 10070d, addr: 0, data: 0)
             exe-1050282 [000] .N... 1636312.343752: sys_ptrace -> 0x0
             exe-1050381 [000] ..... 1636312.343763: sys_write -> 0x3e
             exe-1049567 [002] ..... 1636312.343776: sys_nanosleep -> 0x0
             exe-1049567 [002] ..... 1636312.343778: sys_nanosleep(rqtp: c000069f10, rmtp: 0)
             exe-1050282 [000] ..... 1636312.343783: sys_wait4(upid: 10070d, stat_addr: c000a29bf4, options: 40000002, ru: 0)
             exe-1050282 [000] ..... 1636312.343786: sys_wait4 -> 0x10070d
             exe-1050282 [000] ..... 1636312.343788: sys_ptrace(request: 4204, pid: 10070d, addr: 1, data: c000a29c70)
             exe-1050282 [000] ..... 1636312.343792: sys_ptrace -> 0x0
             exe-1050282 [000] ..... 1636312.343793: sys_ptrace(request: 4204, pid: 10070d, addr: 202, data: c000a29c70)
             exe-1050282 [000] ..... 1636312.343796: sys_ptrace -> 0x0
             exe-1050282 [000] ..... 1636312.343802: sys_ptrace(request: 4205, pid: 10070d, addr: 1, data: c000a29c70)
             exe-1050282 [000] ..... 1636312.343804: sys_ptrace -> 0x0
             exe-1050282 [000] ..... 1636312.343806: sys_ptrace(request: 4205, pid: 10070d, addr: 202, data: c000a29c70)
             exe-1050282 [000] ..... 1636312.343815: sys_ptrace -> 0x0
             exe-1050282 [000] ..... 1636312.343818: sys_ptrace(request: 1f, pid: 10070d, addr: 0, data: 0)
             exe-1050282 [000] .N... 1636312.343824: sys_ptrace -> 0x0
             exe-1050381 [000] ..... 1636312.343835: sys_getrandom -> 0xffffffffffffffea
             exe-1050282 [000] ..... 1636312.343854: sys_wait4(upid: 10070d, stat_addr: c000a29bf4, options: 40000002, ru: 0)
             exe-1049673 [003] ..... 1636312.344241: sys_nanosleep -> 0x0
             exe-1049673 [003] ..... 1636312.344249: sys_futex(uaddr: c0002dd548, op: 81, val: 1, utime: 0, uaddr2: 0, val3: 0)
             exe-1049567 [002] ..... 1636312.344257: sys_nanosleep -> 0x0
             exe-1049673 [003] .N... 1636312.344258: sys_futex -> 0x1
             exe-1049567 [002] ..... 1636312.344262: sys_nanosleep(rqtp: c000069f10, rmtp: 0)
             exe-1067990 [003] ..... 1636312.344262: sys_futex -> 0x0
             exe-1067990 [003] ..... 1636312.344267: sys_futex(uaddr: c0002dd548, op: 80, val: 0, utime: 0, uaddr2: 0, val3: 0)
             exe-1050282 [000] .N... 1636312.344267: sys_wait4 -> 0x10070d
             exe-1049673 [003] ..... 1636312.344273: sys_nanosleep(rqtp: c000069f10, rmtp: 0)
             exe-1049567 [002] ..... 1636312.344351: sys_nanosleep -> 0x0
             exe-1049567 [002] ..... 1636312.344354: sys_nanosleep(rqtp: c000069f10, rmtp: 0)
             exe-1049673 [003] ..... 1636312.344367: sys_nanosleep -> 0x0
             exe-1049673 [003] ..... 1636312.344370: sys_futex(uaddr: 1f09dc0, op: 80, val: 0, utime: c000069eb0, uaddr2: 0, val3: 0)
             exe-1049567 [002] ..... 1636312.344442: sys_nanosleep -> 0x0
             exe-1049567 [002] ..... 1636312.344444: sys_nanosleep(rqtp: c000069f10, rmtp: 0)
             exe-1050282 [000] ..... 1636312.344532: sys_ptrace(request: 4204, pid: 10070d, addr: 1, data: c000a29c70)
             exe-1049567 [002] ..... 1636312.344533: sys_nanosleep -> 0x0
             exe-1049567 [002] ..... 1636312.344535: sys_nanosleep(rqtp: c000069f10, rmtp: 0)
             exe-1050282 [000] ..... 1636312.344540: sys_ptrace -> 0x0
             exe-1050282 [000] ..... 1636312.344542: sys_ptrace(request: 4204, pid: 10070d, addr: 202, data: c000a29c70)
             exe-1050282 [000] ..... 1636312.344546: sys_ptrace -> 0x0
             exe-1050282 [000] ..... 1636312.344562: sys_pwrite64(fd: 63, buf: 7fd66ee22080, count: 3c, pos: 3e)
             exe-1050282 [000] ..... 1636312.344566: tracing_mark_write: seccomp(op=0x1, flags=0x55eff5cdc, uargs=0x7fd474fe1000) end
             exe-1050282 [000] ..... 1636312.419959: tracing_mark_write: seccomp(op=0x1, flags=0x55eff5cdc, uargs=0x0) start
             exe-1050282 [000] ..... 1636312.419960: sys_pwrite64 -> 0x33
             exe-1049567 [002] ..... 1636312.419967: sys_nanosleep -> 0x0
             exe-1050282 [000] ..... 1636312.419967: sys_ptrace(request: 4205, pid: 10070d, addr: 1, data: c000a29c70)
             exe-1050282 [000] ..... 1636312.419970: sys_ptrace -> 0x0
             exe-1050282 [000] ..... 1636312.419971: sys_ptrace(request: 4205, pid: 10070d, addr: 202, data: c000a29c70)
             exe-1049567 [002] ..... 1636312.419971: sys_nanosleep(rqtp: c000069f10, rmtp: 0)
             exe-1050282 [000] ..... 1636312.420005: sys_ptrace -> 0x0
             exe-1050282 [000] ..... 1636312.420007: sys_ptrace(request: 1f, pid: 10070d, addr: 0, data: 0)
             exe-1050282 [000] .N... 1636312.420028: sys_ptrace -> 0x0
             exe-1050381 [000] ..... 1636312.420040: sys_write -> 0x33
             exe-1049673 [003] ..... 1636312.420048: sys_nanosleep -> 0x0
             exe-1049673 [003] ..... 1636312.420051: sys_nanosleep(rqtp: c000069f10, rmtp: 0)
             exe-1050282 [000] ..... 1636312.420062: sys_wait4(upid: 10070d, stat_addr: c000a29bf4, options: 40000002, ru: 0)
             exe-1050282 [000] ..... 1636312.420065: sys_wait4 -> 0x10070d
             exe-1050282 [000] ..... 1636312.420068: sys_ptrace(request: 4204, pid: 10070d, addr: 1, data: c000a29c70)
             exe-1050282 [000] ..... 1636312.420072: sys_ptrace -> 0x0
             exe-1050282 [000] ..... 1636312.420073: sys_ptrace(request: 4204, pid: 10070d, addr: 202, data: c000a29c70)
             exe-1049567 [002] ..... 1636312.420074: sys_nanosleep -> 0x0
             exe-1050282 [000] ..... 1636312.420076: sys_ptrace -> 0x0
             exe-1049567 [002] ..... 1636312.420079: sys_nanosleep(rqtp: c000069f10, rmtp: 0)
             exe-1050282 [000] ..... 1636312.420089: sys_ptrace(request: 4205, pid: 10070d, addr: 1, data: c000a29c70)
             exe-1050282 [000] ..... 1636312.420092: sys_ptrace -> 0x0
             exe-1050282 [000] ..... 1636312.420093: sys_ptrace(request: 4205, pid: 10070d, addr: 202, data: c000a29c70)
             exe-1050282 [000] ..... 1636312.420105: sys_ptrace -> 0x0
             exe-1050282 [000] ..... 1636312.420107: sys_ptrace(request: 1f, pid: 10070d, addr: 0, data: 0)
             exe-1050282 [000] .N... 1636312.420114: sys_ptrace -> 0x0
             exe-1050381 [000] ..... 1636312.420124: sys_getrandom -> 0xfffffffffffffff2
             exe-1049673 [003] ..... 1636312.420137: sys_nanosleep -> 0x0
             exe-1049673 [003] ..... 1636312.420139: sys_nanosleep(rqtp: c000069f10, rmtp: 0)
             exe-1050282 [000] ..... 1636312.420145: sys_wait4(upid: 10070d, stat_addr: c000a29bf4, options: 40000002, ru: 0)
             exe-1050282 [000] ..... 1636312.420147: sys_wait4 -> 0x10070d
             exe-1050282 [000] ..... 1636312.420150: sys_ptrace(request: 4204, pid: 10070d, addr: 1, data: c000a29c70)
             exe-1050282 [000] ..... 1636312.420154: sys_ptrace -> 0x0
             exe-1050282 [000] ..... 1636312.420155: sys_ptrace(request: 4204, pid: 10070d, addr: 202, data: c000a29c70)
             exe-1050282 [000] ..... 1636312.420158: sys_ptrace -> 0x0
             exe-1050282 [000] ..... 1636312.420168: sys_pwrite64(fd: 63, buf: 7fd66ee22080, count: 31, pos: 33)
             exe-1050282 [000] ..... 1636312.420169: tracing_mark_write: seccomp(op=0x1, flags=0x55eff5cdc, uargs=0x0) end
             exe-1050282 [002] ..... 1636312.505959: tracing_mark_write: seccomp(op=0x1, flags=0x1, uargs=0x4) start
             exe-1050282 [002] ..... 1636312.505961: sys_pwrite64 -> 0x2b
             exe-1050282 [002] ..... 1636312.505970: sys_ptrace(request: 4205, pid: 10070d, addr: 1, data: c000a29c70)
             exe-1050282 [002] ..... 1636312.505974: sys_ptrace -> 0x0
             exe-1050282 [002] ..... 1636312.505976: sys_ptrace(request: 4205, pid: 10070d, addr: 202, data: c000a29c70)
             exe-1049673 [003] ..... 1636312.505993: sys_nanosleep -> 0x0
             exe-1049673 [003] ..... 1636312.505995: sys_nanosleep(rqtp: c000069f10, rmtp: 0)
             exe-1050282 [002] ..... 1636312.506011: sys_ptrace -> 0x0
             exe-1050282 [002] ..... 1636312.506014: sys_ptrace(request: 1f, pid: 10070d, addr: 0, data: 0)
             exe-1050282 [002] .N... 1636312.506026: sys_ptrace -> 0x0
             exe-1050381 [002] ..... 1636312.506039: sys_write -> 0x2b
             exe-1050282 [002] ..... 1636312.506065: sys_wait4(upid: 10070d, stat_addr: c000a29bf4, options: 40000002, ru: 0)
             exe-1050282 [002] ..... 1636312.506069: sys_wait4 -> 0x10070d
             exe-1050282 [002] ..... 1636312.506072: sys_ptrace(request: 4204, pid: 10070d, addr: 1, data: c000a29c70)
             exe-1050282 [002] ..... 1636312.506077: sys_ptrace -> 0x0
             exe-1050282 [002] ..... 1636312.506079: sys_ptrace(request: 4204, pid: 10070d, addr: 202, data: c000a29c70)
             exe-1049673 [003] ..... 1636312.506080: sys_nanosleep -> 0x0
             exe-1049673 [003] ..... 1636312.506082: sys_nanosleep(rqtp: c000069f10, rmtp: 0)
             exe-1050282 [002] ..... 1636312.506083: sys_ptrace -> 0x0
             exe-1050282 [002] ..... 1636312.506091: sys_ptrace(request: 4205, pid: 10070d, addr: 1, data: c000a29c70)
             exe-1050282 [002] ..... 1636312.506095: sys_ptrace -> 0x0
             exe-1050282 [002] ..... 1636312.506097: sys_ptrace(request: 4205, pid: 10070d, addr: 202, data: c000a29c70)
             exe-1050282 [002] ..... 1636312.506111: sys_ptrace -> 0x0
             exe-1050282 [002] ..... 1636312.506114: sys_ptrace(request: 1f, pid: 10070d, addr: 0, data: 0)
             exe-1050282 [002] .N... 1636312.506123: sys_ptrace -> 0x0
             exe-1050381 [002] ..... 1636312.506134: sys_getrandom -> 0xffffffffffffffea
             exe-1050282 [002] ..... 1636312.506158: sys_wait4(upid: 10070d, stat_addr: c000a29bf4, options: 40000002, ru: 0)
             exe-1050282 [002] ..... 1636312.506162: sys_wait4 -> 0x10070d
             exe-1050282 [002] ..... 1636312.506165: sys_ptrace(request: 4204, pid: 10070d, addr: 1, data: c000a29c70)
             exe-1049673 [003] ..... 1636312.506167: sys_nanosleep -> 0x0
             exe-1049673 [003] ..... 1636312.506169: sys_nanosleep(rqtp: c000069f10, rmtp: 0)
             exe-1050282 [002] ..... 1636312.506170: sys_ptrace -> 0x0
             exe-1050282 [002] ..... 1636312.506172: sys_ptrace(request: 4204, pid: 10070d, addr: 202, data: c000a29c70)
             exe-1050282 [002] ..... 1636312.506176: sys_ptrace -> 0x0
             exe-1050282 [002] ..... 1636312.506191: sys_pwrite64(fd: 63, buf: 7fd66ee22080, count: 29, pos: 2b)
             exe-1050282 [002] ..... 1636312.506194: tracing_mark_write: seccomp(op=0x1, flags=0x1, uargs=0x4) end
             exe-1050282 [000] ..... 1636312.592159: tracing_mark_write: seccomp(op=0x1, flags=0x1, uargs=0x4) start
             exe-1050282 [000] ..... 1636312.592161: sys_pwrite64 -> 0x2b
             exe-1050282 [000] ..... 1636312.592168: sys_ptrace(request: 4205, pid: 10070d, addr: 1, data: c000a29c70)
             exe-1050282 [000] ..... 1636312.592171: sys_ptrace -> 0x0
             exe-1050282 [000] ..... 1636312.592172: sys_ptrace(request: 4205, pid: 10070d, addr: 202, data: c000a29c70)
             exe-1050282 [000] ..... 1636312.592184: sys_ptrace -> 0x0
             exe-1050282 [000] ..... 1636312.592186: sys_ptrace(request: 1f, pid: 10070d, addr: 0, data: 0)
             exe-1050282 [000] .N... 1636312.592194: sys_ptrace -> 0x0
             exe-1050381 [000] ..... 1636312.592205: sys_write -> 0x2b
             exe-1050282 [000] ..... 1636312.592225: sys_wait4(upid: 10070d, stat_addr: c000a29bf4, options: 40000002, ru: 0)
             exe-1050282 [000] ..... 1636312.592227: sys_wait4 -> 0x10070d
             exe-1050282 [000] ..... 1636312.592230: sys_ptrace(request: 4204, pid: 10070d, addr: 1, data: c000a29c70)
             exe-1050282 [000] ..... 1636312.592234: sys_ptrace -> 0x0
             exe-1050282 [000] ..... 1636312.592235: sys_ptrace(request: 4204, pid: 10070d, addr: 202, data: c000a29c70)
             exe-1050282 [000] ..... 1636312.592238: sys_ptrace -> 0x0
             exe-1050282 [000] ..... 1636312.592244: sys_ptrace(request: 4205, pid: 10070d, addr: 1, data: c000a29c70)
             exe-1050282 [000] ..... 1636312.592247: sys_ptrace -> 0x0
             exe-1050282 [000] ..... 1636312.592248: sys_ptrace(request: 4205, pid: 10070d, addr: 202, data: c000a29c70)
             exe-1050282 [000] ..... 1636312.592258: sys_ptrace -> 0x0
             exe-1050282 [000] ..... 1636312.592259: sys_ptrace(request: 1f, pid: 10070d, addr: 0, data: 0)
             exe-1050282 [000] .N... 1636312.592266: sys_ptrace -> 0x0
             exe-1050381 [000] ..... 1636312.592277: sys_getrandom -> 0xffffffffffffffea
             exe-1049673 [002] ..... 1636312.592279: sys_nanosleep -> 0x0
             exe-1049673 [002] ..... 1636312.592289: sys_nanosleep(rqtp: c000069f10, rmtp: 0)
             exe-1049567 [003] ..... 1636312.592289: sys_nanosleep(rqtp: c000069f10, rmtp: 0)
             exe-1050282 [000] ..... 1636312.592303: sys_wait4(upid: 10070d, stat_addr: c000a29bf4, options: 40000002, ru: 0)
             exe-1050282 [000] ..... 1636312.592306: sys_wait4 -> 0x10070d
             exe-1050282 [000] ..... 1636312.592309: sys_ptrace(request: 4204, pid: 10070d, addr: 1, data: c000a29c70)
             exe-1050282 [000] ..... 1636312.592313: sys_ptrace -> 0x0
             exe-1050282 [000] ..... 1636312.592315: sys_ptrace(request: 4204, pid: 10070d, addr: 202, data: c000a29c70)
             exe-1050282 [000] ..... 1636312.592317: sys_ptrace -> 0x0
             exe-1050282 [000] ..... 1636312.592326: sys_pwrite64(fd: 63, buf: 7fd66ee22080, count: 29, pos: 2b)
             exe-1050282 [000] ..... 1636312.592327: tracing_mark_write: seccomp(op=0x1, flags=0x1, uargs=0x4) end
             exe-1050282 [000] ..... 1636312.663258: tracing_mark_write: seccomp(op=0x1, flags=0x1, uargs=0x4) start
