             exe-1050282 [001] ..... 1636310.668583: sys_ptrace -> 0x0
             exe-1050282 [001] ..... 1636310.668584: sys_ptrace(request: 1f, pid: 10070d, addr: 0, data: 0)
             exe-1050282 [001] .N... 1636310.668591: sys_ptrace -> 0x0
             exe-1050381 [001] ..... 1636310.668601: sys_getrandom -> 0xffffffffffffffea
             exe-1050282 [001] ..... 1636310.668621: sys_wait4(upid: 10070d, stat_addr: c000a29bf4, options: 40000002, ru: 0)
             exe-1050282 [001] ..... 1636310.668623: sys_wait4 -> 0x10070d
             exe-1050282 [001] ..... 1636310.668625: sys_ptrace(request: 4204, pid: 10070d, addr: 1, data: c000a29c70)
             exe-1050282 [001] ..... 1636310.668629: sys_ptrace -> 0x0
             exe-1050282 [001] ..... 1636310.668630: sys_ptrace(request: 4204, pid: 10070d, addr: 202, data: c000a29c70)
             exe-1050282 [001] ..... 1636310.668633: sys_ptrace -> 0x0
             exe-1049567 [002] ..... 1636310.668641: sys_nanosleep -> 0x0
             exe-1050282 [001] ..... 1636310.668642: sys_pwrite64(fd: 63, buf: 7fd66ee22080, count: 3c, pos: 3e)
             exe-1050282 [001] ..... 1636310.668644: tracing_mark_write: seccomp(op=0x1, flags=0x55eff5cdc, uargs=0x7fd473200000) end
             exe-1050282 [001] ..... 1636310.724743: tracing_mark_write: seccomp(op=0x1, flags=0x55eff5cdc, uargs=0x7fd472e00000) start
             exe-1050282 [001] ..... 1636310.724744: sys_pwrite64 -> 0x3e
             exe-1050282 [001] ..... 1636310.724751: sys_ptrace(request: 4205, pid: 10070d, addr: 1, data: c000a29c70)
             exe-1050282 [001] ..... 1636310.724754: sys_ptrace -> 0x0
             exe-1050282 [001] ..... 1636310.724755: sys_ptrace(request: 4205, pid: 10070d, addr: 202, data: c000a29c70)
             exe-1050282 [001] ..... 1636310.724766: sys_ptrace -> 0x0
             exe-1050282 [001] ..... 1636310.724767: sys_ptrace(request: 1f, pid: 10070d, addr: 0, data: 0)
             exe-1050282 [001] .N... 1636310.724774: sys_ptrace -> 0x0
             exe-1050381 [001] ..... 1636310.724785: sys_write -> 0x3e
             exe-1050282 [001] ..... 1636310.724805: sys_wait4(upid: 10070d, stat_addr: c000a29bf4, options: 40000002, ru: 0)
             exe-1050282 [001] ..... 1636310.724808: sys_wait4 -> 0x10070d
             exe-1050282 [001] ..... 1636310.724810: sys_ptrace(request: 4204, pid: 10070d, addr: 1, data: c000a29c70)
             exe-1050282 [001] ..... 1636310.724814: sys_ptrace -> 0x0
             exe-1050282 [001] ..... 1636310.724815: sys_ptrace(request: 4204, pid: 10070d, addr: 202, data: c000a29c70)
             exe-1050282 [001] ..... 1636310.724818: sys_ptrace -> 0x0
             exe-1049673 [002] ..... 1636310.724819: sys_nanosleep -> 0x0
             exe-1050282 [001] ..... 1636310.724824: sys_ptrace(request: 4205, pid: 10070d, addr: 1, data: c000a29c70)
             exe-1050282 [001] ..... 1636310.724826: sys_ptrace -> 0x0
             exe-1050282 [001] ..... 1636310.724827: sys_ptrace(request: 4205, pid: 10070d, addr: 202, data: c000a29c70)
             exe-1049673 [002] ..... 1636310.724828: sys_nanosleep(rqtp: c000069f10, rmtp: 0)
             exe-1050282 [001] ..... 1636310.724838: sys_ptrace -> 0x0
             exe-1050282 [001] ..... 1636310.724840: sys_ptrace(request: 1f, pid: 10070d, addr: 0, data: 0)
             exe-1050282 [001] .N... 1636310.724846: sys_ptrace -> 0x0
             exe-1050381 [001] ..... 1636310.724857: sys_getrandom -> 0xffffffffffffffea
             exe-1049567 [002] ..... 1636310.724859: sys_nanosleep -> 0x0
             exe-1049567 [002] ..... 1636310.724867: sys_nanosleep(rqtp: c000069f10, rmtp: 0)
             exe-1050282 [001] ..... 1636310.724876: sys_wait4(upid: 10070d, stat_addr: c000a29bf4, options: 40000002, ru: 0)
             exe-1050282 [001] ..... 1636310.724878: sys_wait4 -> 0x10070d
             exe-1050282 [001] ..... 1636310.724886: sys_ptrace(request: 4204, pid: 10070d, addr: 1, data: c000a29c70)
             exe-1050282 [001] ..... 1636310.724890: sys_ptrace -> 0x0
             exe-1050282 [001] ..... 1636310.724891: sys_ptrace(request: 4204, pid: 10070d, addr: 202, data: c000a29c70)
             exe-1050282 [001] ..... 1636310.724894: sys_ptrace -> 0x0
             exe-1050282 [001] ..... 1636310.724903: sys_pwrite64(fd: 63, buf: 7fd66ee22080, count: 3c, pos: 3e)
             exe-1050282 [001] ..... 1636310.724904: tracing_mark_write: seccomp(op=0x1, flags=0x55eff5cdc, uargs=0x7fd472e00000) end
             exe-1050282 [001] ..... 1636310.791041: tracing_mark_write: seccomp(op=0x1, flags=0x55eff5cdc, uargs=0x8) start
             exe-1050282 [001] ..... 1636310.791043: sys_pwrite64 -> 0x33
             exe-1050282 [001] ..... 1636310.791049: sys_ptrace(request: 4205, pid: 10070d, addr: 1, data: c000a29c70)
             exe-1050282 [001] ..... 1636310.791052: sys_ptrace -> 0x0
             exe-1050282 [001] ..... 1636310.791053: sys_ptrace(request: 4205, pid: 10070d, addr: 202, data: c000a29c70)
             exe-1050282 [001] ..... 1636310.791064: sys_ptrace -> 0x0
             exe-1050282 [001] ..... 1636310.791065: sys_ptrace(request: 1f, pid: 10070d, addr: 0, data: 0)
             exe-1050282 [001] .N... 1636310.791072: sys_ptrace -> 0x0
             exe-1050381 [001] ..... 1636310.791088: sys_write -> 0x33
             exe-1049567 [002] ..... 1636310.791107: sys_nanosleep -> 0x0
             exe-1050282 [001] ..... 1636310.791107: sys_wait4(upid: 10070d, stat_addr: c000a29bf4, options: 40000002, ru: 0)
             exe-1050282 [001] ..... 1636310.791110: sys_wait4 -> 0x10070d
             exe-1049567 [002] ..... 1636310.791112: sys_nanosleep(rqtp: c000069f10, rmtp: 0)
             exe-1050282 [001] ..... 1636310.791112: sys_ptrace(request: 4204, pid: 10070d, addr: 1, data: c000a29c70)
             exe-1050282 [001] ..... 1636310.791116: sys_ptrace -> 0x0
             exe-1050282 [001] ..... 1636310.791117: sys_ptrace(request: 4204, pid: 10070d, addr: 202, data: c000a29c70)
             exe-1050282 [001] ..... 1636310.791119: sys_ptrace -> 0x0
             exe-1050282 [001] ..... 1636310.791125: sys_ptrace(request: 4205, pid: 10070d, addr: 1, data: c000a29c70)
             exe-1050282 [001] ..... 1636310.791127: sys_ptrace -> 0x0
             exe-1050282 [001] ..... 1636310.791129: sys_ptrace(request: 4205, pid: 10070d, addr: 202, data: c000a29c70)
             exe-1049673 [002] ..... 1636310.791132: sys_nanosleep -> 0x0
             exe-1049673 [002] ..... 1636310.791137: sys_nanosleep(rqtp: c000069f10, rmtp: 0)
             exe-1050282 [001] ..... 1636310.791137: sys_ptrace -> 0x0
             exe-1050282 [001] ..... 1636310.791139: sys_ptrace(request: 1f, pid: 10070d, addr: 0, data: 0)
             exe-1050282 [001] .N... 1636310.791146: sys_ptrace -> 0x0
             exe-1050381 [001] ..... 1636310.791155: sys_getrandom -> 0xffffffffffffffea
             exe-1050282 [001] ..... 1636310.791173: sys_wait4(upid: 10070d, stat_addr: c000a29bf4, options: 40000002, ru: 0)
             exe-1050282 [001] ..... 1636310.791175: sys_wait4 -> 0x10070d
             exe-1050282 [001] ..... 1636310.791177: sys_ptrace(request: 4204, pid: 10070d, addr: 1, data: c000a29c70)
             exe-1050282 [001] ..... 1636310.791181: sys_ptrace -> 0x0
             exe-1050282 [001] ..... 1636310.791182: sys_ptrace(request: 4204, pid: 10070d, addr: 202, data: c000a29c70)
             exe-1050282 [001] ..... 1636310.791184: sys_ptrace -> 0x0
             exe-1050282 [001] ..... 1636310.791199: sys_pwrite64(fd: 63, buf: 7fd66ee22080, count: 31, pos: 33)
             exe-1050282 [001] ..... 1636310.791201: tracing_mark_write: seccomp(op=0x1, flags=0x55eff5cdc, uargs=0x8) end
             exe-1050282 [001] ..... 1636310.846361: tracing_mark_write: seccomp(op=0x1, flags=0x55eff5cdc, uargs=0x7fd473f00000) start
             exe-1050282 [001] ..... 1636310.846362: sys_pwrite64 -> 0x3e
             exe-1050282 [001] ..... 1636310.846367: sys_ptrace(request: 4205, pid: 10070d, addr: 1, data: c000a29c70)
             exe-1050282 [001] ..... 1636310.846368: sys_ptrace -> 0x0
             exe-1050282 [001] ..... 1636310.846369: sys_ptrace(request: 4205, pid: 10070d, addr: 202, data: c000a29c70)
             exe-1050282 [001] ..... 1636310.846377: sys_ptrace -> 0x0
             exe-1049567 [002] ..... 1636310.846377: sys_nanosleep -> 0x0
             exe-1050282 [001] ..... 1636310.846378: sys_ptrace(request: 1f, pid: 10070d, addr: 0, data: 0)
             exe-1049567 [002] ..... 1636310.846381: sys_nanosleep(rqtp: c000069f10, rmtp: 0)
             exe-1050282 [001] .N... 1636310.846382: sys_ptrace -> 0x0
             exe-1050381 [001] ..... 1636310.846388: sys_write -> 0x3e
             exe-1049673 [002] ..... 1636310.846398: sys_nanosleep -> 0x0
             exe-1050282 [001] ..... 1636310.846400: sys_wait4(upid: 10070d, stat_addr: c000a29bf4, options: 40000002, ru: 0)
             exe-1050282 [001] ..... 1636310.846402: sys_wait4 -> 0x10070d
             exe-1050282 [001] ..... 1636310.846403: sys_ptrace(request: 4204, pid: 10070d, addr: 1, data: c000a29c70)
             exe-1049673 [002] ..... 1636310.846404: sys_nanosleep(rqtp: c000069f10, rmtp: 0)
             exe-1050282 [001] ..... 1636310.846405: sys_ptrace -> 0x0
             exe-1050282 [001] ..... 1636310.846406: sys_ptrace(request: 4204, pid: 10070d, addr: 202, data: c000a29c70)
             exe-1050282 [001] ..... 1636310.846408: sys_ptrace -> 0x0
             exe-1050282 [001] ..... 1636310.846412: sys_ptrace(request: 4205, pid: 10070d, addr: 1, data: c000a29c70)
             exe-1050282 [001] ..... 1636310.846413: sys_ptrace -> 0x0
             exe-1050282 [001] ..... 1636310.846414: sys_ptrace(request: 4205, pid: 10070d, addr: 202, data: c000a29c70)
             exe-1050282 [001] ..... 1636310.846420: sys_ptrace -> 0x0
             exe-1050282 [001] ..... 1636310.846421: sys_ptrace(request: 1f, pid: 10070d, addr: 0, data: 0)
             exe-1050282 [001] .N... 1636310.846425: sys_ptrace -> 0x0
             exe-1050381 [001] ..... 1636310.846431: sys_getrandom -> 0xffffffffffffffea
             exe-1050282 [001] ..... 1636310.846442: sys_wait4(upid: 10070d, stat_addr: c000a29bf4, options: 40000002, ru: 0)
             exe-1050282 [001] ..... 1636310.846444: sys_wait4 -> 0x10070d
             exe-1050282 [001] ..... 1636310.846445: sys_ptrace(request: 4204, pid: 10070d, addr: 1, data: c000a29c70)
             exe-1050282 [001] ..... 1636310.846447: sys_ptrace -> 0x0
             exe-1050282 [001] ..... 1636310.846448: sys_ptrace(request: 4204, pid: 10070d, addr: 202, data: c000a29c70)
             exe-1050282 [001] ..... 1636310.846449: sys_ptrace -> 0x0
             exe-1050282 [001] ..... 1636310.846455: sys_pwrite64(fd: 63, buf: 7fd66ee22080, count: 3c, pos: 3e)
             exe-1050282 [001] ..... 1636310.846456: tracing_mark_write: seccomp(op=0x1, flags=0x55eff5cdc, uargs=0x7fd473f00000) end
             exe-1050282 [001] ..... 1636310.910695: tracing_mark_write: seccomp(op=0x1, flags=0x55eff5cdc, uargs=0x0) start
             exe-1050282 [001] ..... 1636310.910696: sys_pwrite64 -> 0x33
             exe-1050282 [001] ..... 1636310.910703: sys_ptrace(request: 4205, pid: 10070d, addr: 1, data: c000a29c70)
             exe-1050282 [001] ..... 1636310.910705: sys_ptrace -> 0x0
             exe-1050282 [001] ..... 1636310.910707: sys_ptrace(request: 4205, pid: 10070d, addr: 202, data: c000a29c70)
             exe-1050282 [001] ..... 1636310.910718: sys_ptrace -> 0x0
             exe-1050282 [001] ..... 1636310.910720: sys_ptrace(request: 1f, pid: 10070d, addr: 0, data: 0)
             exe-1049673 [002] ..... 1636310.910723: sys_nanosleep -> 0x0
             exe-1050282 [001] .N... 1636310.910727: sys_ptrace -> 0x0
             exe-1049673 [002] ..... 1636310.910728: sys_nanosleep(rqtp: c000069f10, rmtp: 0)
             exe-1050381 [001] ..... 1636310.910738: sys_write -> 0x33
             exe-1050282 [001] ..... 1636310.910757: sys_wait4(upid: 10070d, stat_addr: c000a29bf4, options: 40000002, ru: 0)
             exe-1050282 [001] ..... 1636310.910760: sys_wait4 -> 0x10070d
             exe-1050282 [001] ..... 1636310.910762: sys_ptrace(request: 4204, pid: 10070d, addr: 1, data: c000a29c70)
             exe-1050282 [001] ..... 1636310.910766: sys_ptrace -> 0x0
             exe-1050282 [001] ..... 1636310.910768: sys_ptrace(request: 4204, pid: 10070d, addr: 202, data: c000a29c70)
             exe-1050282 [001] ..... 1636310.910770: sys_ptrace -> 0x0
             exe-1049567 [002] ..... 1636310.910782: sys_nanosleep -> 0x0
             exe-1050282 [001] ..... 1636310.910782: sys_ptrace(request: 4205, pid: 10070d, addr: 1, data: c000a29c70)
             exe-1050282 [001] ..... 1636310.910785: sys_ptrace -> 0x0
             exe-1050282 [001] ..... 1636310.910787: sys_ptrace(request: 4205, pid: 10070d, addr: 202, data: c000a29c70)
             exe-1049567 [002] ..... 1636310.910787: sys_nanosleep(rqtp: c000069f10, rmtp: 0)
             exe-1050282 [001] ..... 1636310.910796: sys_ptrace -> 0x0
             exe-1050282 [001] ..... 1636310.910798: sys_ptrace(request: 1f, pid: 10070d, addr: 0, data: 0)
             exe-1050282 [001] .N... 1636310.910805: sys_ptrace -> 0x0
             exe-1050381 [001] ..... 1636310.910816: sys_getrandom -> 0xfffffffffffffff2
             exe-1049673 [002] ..... 1636310.910825: sys_nanosleep -> 0x0
             exe-1049673 [002] ..... 1636310.910829: sys_nanosleep(rqtp: c000069f10, rmtp: 0)
             exe-1050282 [001] ..... 1636310.910835: sys_wait4(upid: 10070d, stat_addr: c000a29bf4, options: 40000002, ru: 0)
             exe-1050282 [001] ..... 1636310.910838: sys_wait4 -> 0x10070d
             exe-1050282 [001] ..... 1636310.910881: sys_ptrace(request: 4204, pid: 10070d, addr: 1, data: c000a29c70)
             exe-1049567 [002] ..... 1636310.910881: sys_nanosleep -> 0x0
             exe-1050282 [001] ..... 1636310.910885: sys_ptrace -> 0x0
             exe-1049567 [002] ..... 1636310.910886: sys_nanosleep(rqtp: c000069f10, rmtp: 0)
             exe-1050282 [001] ..... 1636310.910887: sys_ptrace(request: 4204, pid: 10070d, addr: 202, data: c000a29c70)
             exe-1050282 [001] ..... 1636310.910890: sys_ptrace -> 0x0
             exe-1050282 [001] ..... 1636310.910901: sys_pwrite64(fd: 63, buf: 7fd66ee22080, count: 31, pos: 33)
             exe-1050282 [001] ..... 1636310.910903: tracing_mark_write: seccomp(op=0x1, flags=0x55eff5cdc, uargs=0x0) end
             exe-1050282 [001] ..... 1636310.978807: tracing_mark_write: seccomp(op=0x1, flags=0x55eff5cdc, uargs=0x4) start
             exe-1050282 [001] ..... 1636310.978809: sys_pwrite64 -> 0x33
             exe-1050282 [001] ..... 1636310.978815: sys_ptrace(request: 4205, pid: 10070d, addr: 1, data: c000a29c70)
             exe-1049673 [000] ..... 1636310.978816: sys_nanosleep -> 0x0
             exe-1050282 [001] ..... 1636310.978818: sys_ptrace -> 0x0
             exe-1050282 [001] ..... 1636310.978819: sys_ptrace(request: 4205, pid: 10070d, addr: 202, data: c000a29c70)
             exe-1049673 [000] ..... 1636310.978820: sys_futex(uaddr: 1f09dc0, op: 80, val: 0, utime: c000069eb0, uaddr2: 0, val3: 0)
             exe-1049567 [002] ..... 1636310.978828: sys_nanosleep -> 0x0
             exe-1049567 [002] ..... 1636310.978830: sys_nanosleep(rqtp: c000069f10, rmtp: 0)
             exe-1050282 [001] ..... 1636310.978830: sys_ptrace -> 0x0
             exe-1050282 [001] ..... 1636310.978832: sys_ptrace(request: 1f, pid: 10070d, addr: 0, data: 0)
             exe-1050282 [001] .N... 1636310.978840: sys_ptrace -> 0x0
             exe-1049567 [002] ..... 1636310.978916: sys_nanosleep -> 0x0
             exe-1050381 [001] ..... 1636310.978919: sys_write -> 0x33
             exe-1049567 [002] ..... 1636310.978919: sys_nanosleep(rqtp: c000069f10, rmtp: 0)
             exe-1050282 [001] ..... 1636310.978943: sys_wait4(upid: 10070d, stat_addr: c000a29bf4, options: 40000002, ru: 0)
             exe-1050282 [001] ..... 1636310.978946: sys_wait4 -> 0x10070d
             exe-1050282 [001] ..... 1636310.978949: sys_ptrace(request: 4204, pid: 10070d, addr: 1, data: c000a29c70)
             exe-1050282 [001] ..... 1636310.978954: sys_ptrace -> 0x0
             exe-1050282 [001] ..... 1636310.978956: sys_ptrace(request: 4204, pid: 10070d, addr: 202, data: c000a29c70)
             exe-1050282 [001] ..... 1636310.978959: sys_ptrace -> 0x0
             exe-1050282 [001] ..... 1636310.978967: sys_ptrace(request: 4205, pid: 10070d, addr: 1, data: c000a29c70)
             exe-1050282 [001] ..... 1636310.978969: sys_ptrace -> 0x0
             exe-1050282 [001] ..... 1636310.978971: sys_ptrace(request: 4205, pid: 10070d, addr: 202, data: c000a29c70)
             exe-1050282 [001] ..... 1636310.978988: sys_ptrace -> 0x0
             exe-1050282 [001] ..... 1636310.978990: sys_ptrace(request: 1f, pid: 10070d, addr: 0, data: 0)
             exe-1050282 [001] .N... 1636310.979000: sys_ptrace -> 0x0
             exe-1049567 [002] ..... 1636310.979005: sys_nanosleep -> 0x0
             exe-1049567 [002] ..... 1636310.979007: sys_nanosleep(rqtp: c000069f10, rmtp: 0)
             exe-1050381 [001] ..... 1636310.979012: sys_getrandom -> 0xffffffffffffffea
             exe-1050282 [001] ..... 1636310.979031: sys_wait4(upid: 10070d, stat_addr: c000a29bf4, options: 40000002, ru: 0)
             exe-1050282 [001] ..... 1636310.979034: sys_wait4 -> 0x10070d
             exe-1050282 [001] ..... 1636310.979036: sys_ptrace(request: 4204, pid: 10070d, addr: 1, data: c000a29c70)
             exe-1050282 [001] ..... 1636310.979040: sys_ptrace -> 0x0
             exe-1050282 [001] ..... 1636310.979041: sys_ptrace(request: 4204, pid: 10070d, addr: 202, data: c000a29c70)
             exe-1050282 [001] ..... 1636310.979044: sys_ptrace -> 0x0
             exe-1050282 [001] ..... 1636310.979057: sys_pwrite64(fd: 63, buf: 7fd66ee22080, count: 31, pos: 33)
             exe-1050282 [001] ..... 1636310.979060: tracing_mark_write: seccomp(op=0x1, flags=0x55eff5cdc, uargs=0x4) end
             exe-1050282 [001] ..... 1636311.034547: tracing_mark_write: seccomp(op=0x1, flags=0x1, uargs=0x0) start
             exe-1050282 [001] ..... 1636311.034549: sys_pwrite64 -> 0x2b
             exe-1050282 [001] ..... 1636311.034555: sys_ptrace(request: 4205, pid: 10070d, addr: 1, data: c000a29c70)
             exe-1050282 [001] ..... 1636311.034557: sys_ptrace -> 0x0
             exe-1050282 [001] ..... 1636311.034559: sys_ptrace(request: 4205, pid: 10070d, addr: 202, data: c000a29c70)
             exe-1049567 [002] ..... 1636311.034566: sys_nanosleep -> 0x0
             exe-1049567 [002] ..... 1636311.034568: sys_nanosleep(rqtp: c000069f10, rmtp: 0)
             exe-1050282 [001] ..... 1636311.034568: sys_ptrace -> 0x0
             exe-1050282 [001] ..... 1636311.034570: sys_ptrace(request: 1f, pid: 10070d, addr: 0, data: 0)
             exe-1050282 [001] .N... 1636311.034577: sys_ptrace -> 0x0
             exe-1049673 [000] ..... 1636311.034586: sys_nanosleep(rqtp: c000069f10, rmtp: 0)
             exe-1050381 [001] ..... 1636311.034587: sys_write -> 0x2b
             exe-1050282 [001] ..... 1636311.034604: sys_wait4(upid: 10070d, stat_addr: c000a29bf4, options: 40000002, ru: 0)
             exe-1050282 [001] ..... 1636311.034607: sys_wait4 -> 0x10070d
             exe-1050282 [001] ..... 1636311.034609: sys_ptrace(request: 4204, pid: 10070d, addr: 1, data: c000a29c70)
             exe-1050282 [001] ..... 1636311.034613: sys_ptrace -> 0x0
             exe-1050282 [001] ..... 1636311.034614: sys_ptrace(request: 4204, pid: 10070d, addr: 202, data: c000a29c70)
             exe-1050282 [001] ..... 1636311.034616: sys_ptrace -> 0x0
             exe-1050282 [001] ..... 1636311.034628: sys_ptrace(request: 4205, pid: 10070d, addr: 1, data: c000a29c70)
             exe-1050282 [001] ..... 1636311.034630: sys_ptrace -> 0x0
             exe-1050282 [001] ..... 1636311.034631: sys_ptrace(request: 4205, pid: 10070d, addr: 202, data: c000a29c70)
             exe-1050282 [001] ..... 1636311.034640: sys_ptrace -> 0x0
             exe-1050282 [001] ..... 1636311.034642: sys_ptrace(request: 1f, pid: 10070d, addr: 0, data: 0)
             exe-1050282 [001] .N... 1636311.034648: sys_ptrace -> 0x0
             exe-1049567 [002] ..... 1636311.034652: sys_nanosleep -> 0x0
             exe-1049567 [002] ..... 1636311.034654: sys_nanosleep(rqtp: c000069f10, rmtp: 0)
             exe-1050381 [001] ..... 1636311.034658: sys_getrandom -> 0xfffffffffffffff2
             exe-1050282 [001] ..... 1636311.034676: sys_wait4(upid: 10070d, stat_addr: c000a29bf4, options: 40000002, ru: 0)
             exe-1050282 [001] ..... 1636311.034679: sys_wait4 -> 0x10070d
             exe-1050282 [001] ..... 1636311.034681: sys_ptrace(request: 4204, pid: 10070d, addr: 1, data: c000a29c70)
             exe-1050282 [001] ..... 1636311.034685: sys_ptrace -> 0x0
             exe-1050282 [001] ..... 1636311.034686: sys_ptrace(request: 4204, pid: 10070d, addr: 202, data: c000a29c70)
             exe-1050282 [001] ..... 1636311.034688: sys_ptrace -> 0x0
             exe-1050282 [001] ..... 1636311.034696: sys_pwrite64(fd: 63, buf: 7fd66ee22080, count: 29, pos: 2b)
             exe-1050282 [001] ..... 1636311.034698: tracing_mark_write: seccomp(op=0x1, flags=0x1, uargs=0x0) end
             exe-1050282 [001] ..... 1636311.094382: tracing_mark_write: seccomp(op=0x1, flags=0x1, uargs=0x1) start
             exe-1050282 [001] ..... 1636311.094384: sys_pwrite64 -> 0x2b
             exe-1050282 [001] ..... 1636311.094389: sys_ptrace(request: 4205, pid: 10070d, addr: 1, data: c000a29c70)
             exe-1050282 [001] ..... 1636311.094392: sys_ptrace -> 0x0
             exe-1050282 [001] ..... 1636311.094393: sys_ptrace(request: 4205, pid: 10070d, addr: 202, data: c000a29c70)
             exe-1050282 [001] ..... 1636311.094402: sys_ptrace -> 0x0
             exe-1050282 [001] ..... 1636311.094404: sys_ptrace(request: 1f, pid: 10070d, addr: 0, data: 0)
             exe-1050282 [001] .N... 1636311.094410: sys_ptrace -> 0x0
             exe-1050381 [001] ..... 1636311.094419: sys_write -> 0x2b
             exe-1049673 [000] ..... 1636311.094423: sys_nanosleep -> 0x0
             exe-1049567 [002] ..... 1636311.094426: sys_nanosleep -> 0x0
             exe-1049673 [000] ..... 1636311.094429: sys_nanosleep(rqtp: c000069f10, rmtp: 0)
             exe-1049567 [002] ..... 1636311.094429: sys_nanosleep(rqtp: c000069f10, rmtp: 0)
             exe-1050282 [001] ..... 1636311.094436: sys_wait4(upid: 10070d, stat_addr: c000a29bf4, options: 40000002, ru: 0)
             exe-1050282 [001] ..... 1636311.094438: sys_wait4 -> 0x10070d
             exe-1050282 [001] ..... 1636311.094440: sys_ptrace(request: 4204, pid: 10070d, addr: 1, data: c000a29c70)
             exe-1050282 [001] ..... 1636311.094443: sys_ptrace -> 0x0
             exe-1050282 [001] ..... 1636311.094445: sys_ptrace(request: 4204, pid: 10070d, addr: 202, data: c000a29c70)
             exe-1050282 [001] ..... 1636311.094447: sys_ptrace -> 0x0
             exe-1050282 [001] ..... 1636311.094456: sys_ptrace(request: 4205, pid: 10070d, addr: 1, data: c000a29c70)
             exe-1050282 [001] ..... 1636311.094459: sys_ptrace -> 0x0
             exe-1050282 [001] ..... 1636311.094460: sys_ptrace(request: 4205, pid: 10070d, addr: 202, data: c000a29c70)
             exe-1050282 [001] ..... 1636311.094469: sys_ptrace -> 0x0
             exe-1050282 [001] ..... 1636311.094470: sys_ptrace(request: 1f, pid: 10070d, addr: 0, data: 0)
             exe-1050282 [001] .N... 1636311.094476: sys_ptrace -> 0x0
             exe-1050381 [001] ..... 1636311.094485: sys_getrandom -> 0xfffffffffffffff2
             exe-1050282 [001] ..... 1636311.094502: sys_wait4(upid: 10070d, stat_addr: c000a29bf4, options: 40000002, ru: 0)
             exe-1050282 [001] ..... 1636311.094504: sys_wait4 -> 0x10070d
             exe-1050282 [001] ..... 1636311.094506: sys_ptrace(request: 4204, pid: 10070d, addr: 1, data: c000a29c70)
             exe-1050282 [001] ..... 1636311.094509: sys_ptrace -> 0x0
             exe-1050282 [001] ..... 1636311.094510: sys_ptrace(request: 4204, pid: 10070d, addr: 202, data: c000a29c70)
             exe-1050282 [001] ..... 1636311.094512: sys_ptrace -> 0x0
             exe-1050282 [001] ..... 1636311.094520: sys_pwrite64(fd: 63, buf: 7fd66ee22080, count: 29, pos: 2b)
             exe-1050282 [001] ..... 1636311.094521: tracing_mark_write: seccomp(op=0x1, flags=0x1, uargs=0x1) end
             exe-1050282 [001] ..... 1636311.150685: tracing_mark_write: seccomp(op=0x1, flags=0x1, uargs=0x7fd474ed0000) start
             exe-1050282 [001] ..... 1636311.150686: sys_pwrite64 -> 0x36
             exe-1050282 [001] ..... 1636311.150691: sys_ptrace(request: 4205, pid: 10070d, addr: 1, data: c000a29c70)
             exe-1050282 [001] ..... 1636311.150693: sys_ptrace -> 0x0
             exe-1050282 [001] ..... 1636311.150694: sys_ptrace(request: 4205, pid: 10070d, addr: 202, data: c000a29c70)
             exe-1050282 [001] ..... 1636311.150703: sys_ptrace -> 0x0
             exe-1050282 [001] ..... 1636311.150705: sys_ptrace(request: 1f, pid: 10070d, addr: 0, data: 0)
             exe-1049567 [002] ..... 1636311.150706: sys_nanosleep -> 0x0
             exe-1049567 [002] ..... 1636311.150708: sys_nanosleep(rqtp: c000069f10, rmtp: 0)
             exe-1050282 [001] .N... 1636311.150710: sys_ptrace -> 0x0
             exe-1050381 [001] ..... 1636311.150718: sys_write -> 0x36
             exe-1049673 [000] ..... 1636311.150728: sys_nanosleep -> 0x0
             exe-1049673 [000] ..... 1636311.150731: sys_nanosleep(rqtp: c000069f10, rmtp: 0)
             exe-1050282 [001] ..... 1636311.150733: sys_wait4(upid: 10070d, stat_addr: c000a29bf4, options: 40000002, ru: 0)
             exe-1050282 [001] ..... 1636311.150735: sys_wait4 -> 0x10070d
             exe-1050282 [001] ..... 1636311.150737: sys_ptrace(request: 4204, pid: 10070d, addr: 1, data: c000a29c70)
             exe-1050282 [001] ..... 1636311.150740: sys_ptrace -> 0x0
             exe-1050282 [001] ..... 1636311.150741: sys_ptrace(request: 4204, pid: 10070d, addr: 202, data: c000a29c70)
             exe-1050282 [001] ..... 1636311.150743: sys_ptrace -> 0x0
             exe-1050282 [001] ..... 1636311.150747: sys_ptrace(request: 4205, pid: 10070d, addr: 1, data: c000a29c70)
             exe-1050282 [001] ..... 1636311.150749: sys_ptrace -> 0x0
             exe-1050282 [001] ..... 1636311.150750: sys_ptrace(request: 4205, pid: 10070d, addr: 202, data: c000a29c70)
             exe-1050282 [001] ..... 1636311.150757: sys_ptrace -> 0x0
             exe-1050282 [001] ..... 1636311.150759: sys_ptrace(request: 1f, pid: 10070d, addr: 0, data: 0)
             exe-1050282 [001] .N... 1636311.150765: sys_ptrace -> 0x0
             exe-1050381 [001] ..... 1636311.150773: sys_getrandom -> 0xffffffffffffffea
             exe-1050282 [001] ..... 1636311.150787: sys_wait4(upid: 10070d, stat_addr: c000a29bf4, options: 40000002, ru: 0)
             exe-1050282 [001] ..... 1636311.150789: sys_wait4 -> 0x10070d
             exe-1050282 [001] ..... 1636311.150791: sys_ptrace(request: 4204, pid: 10070d, addr: 1, data: c000a29c70)
             exe-1050282 [001] ..... 1636311.150793: sys_ptrace -> 0x0
             exe-1050282 [001] ..... 1636311.150795: sys_ptrace(request: 4204, pid: 10070d, addr: 202, data: c000a29c70)
             exe-1049567 [002] ..... 1636311.150795: sys_nanosleep -> 0x0
             exe-1050282 [001] ..... 1636311.150796: sys_ptrace -> 0x0
             exe-1049567 [002] ..... 1636311.150797: sys_nanosleep(rqtp: c000069f10, rmtp: 0)
             exe-1050282 [001] ..... 1636311.150804: sys_pwrite64(fd: 63, buf: 7fd66ee22080, count: 34, pos: 36)
             exe-1050282 [001] ..... 1636311.150805: tracing_mark_write: seccomp(op=0x1, flags=0x1, uargs=0x7fd474ed0000) end
             exe-1050282 [001] ..... 1636311.216301: tracing_mark_write: seccomp(op=0x1, flags=0x1, uargs=0x7fd474ed2000) start
             exe-1050282 [001] ..... 1636311.216302: sys_pwrite64 -> 0x36
             exe-1050282 [001] ..... 1636311.216307: sys_ptrace(request: 4205, pid: 10070d, addr: 1, data: c000a29c70)
             exe-1050282 [001] ..... 1636311.216309: sys_ptrace -> 0x0
             exe-1050282 [001] ..... 1636311.216311: sys_ptrace(request: 4205, pid: 10070d, addr: 202, data: c000a29c70)
             exe-1050282 [001] ..... 1636311.216319: sys_ptrace -> 0x0
             exe-1050282 [001] ..... 1636311.216321: sys_ptrace(request: 1f, pid: 10070d, addr: 0, data: 0)
             exe-1049673 [000] ..... 1636311.216322: sys_nanosleep -> 0x0
             exe-1050282 [001] .N... 1636311.216327: sys_ptrace -> 0x0
             exe-1049673 [000] ..... 1636311.216329: sys_nanosleep(rqtp: c000069f10, rmtp: 0)
             exe-1050381 [001] ..... 1636311.216335: sys_write -> 0x36
             exe-1049567 [002] ..... 1636311.216348: sys_nanosleep -> 0x0
             exe-1050282 [001] ..... 1636311.216350: sys_wait4(upid: 10070d, stat_addr: c000a29bf4, options: 40000002, ru: 0)
             exe-1050282 [001] ..... 1636311.216352: sys_wait4 -> 0x10070d
             exe-1049567 [002] ..... 1636311.216353: sys_nanosleep(rqtp: c000069f10, rmtp: 0)
             exe-1050282 [001] ..... 1636311.216354: sys_ptrace(request: 4204, pid: 10070d, addr: 1, data: c000a29c70)
             exe-1050282 [001] ..... 1636311.216357: sys_ptrace -> 0x0
             exe-1050282 [001] ..... 1636311.216358: sys_ptrace(request: 4204, pid: 10070d, addr: 202, data: c000a29c70)
             exe-1050282 [001] ..... 1636311.216360: sys_ptrace -> 0x0
             exe-1050282 [001] ..... 1636311.216364: sys_ptrace(request: 4205, pid: 10070d, addr: 1, data: c000a29c70)
             exe-1050282 [001] ..... 1636311.216366: sys_ptrace -> 0x0
             exe-1050282 [001] ..... 1636311.216367: sys_ptrace(request: 4205, pid: 10070d, addr: 202, data: c000a29c70)
             exe-1050282 [001] ..... 1636311.216374: sys_ptrace -> 0x0
             exe-1050282 [001] ..... 1636311.216375: sys_ptrace(request: 1f, pid: 10070d, addr: 0, data: 0)
             exe-1050282 [001] .N... 1636311.216380: sys_ptrace -> 0x0
             exe-1050381 [001] ..... 1636311.216388: sys_getrandom -> 0xffffffffffffffea
             exe-1050282 [001] ..... 1636311.216403: sys_wait4(upid: 10070d, stat_addr: c000a29bf4, options: 40000002, ru: 0)
             exe-1050282 [001] ..... 1636311.216405: sys_wait4 -> 0x10070d
             exe-1050282 [001] ..... 1636311.216407: sys_ptrace(request: 4204, pid: 10070d, addr: 1, data: c000a29c70)
             exe-1050282 [001] ..... 1636311.216410: sys_ptrace -> 0x0
             exe-1050282 [001] ..... 1636311.216411: sys_ptrace(request: 4204, pid: 10070d, addr: 202, data: c000a29c70)
             exe-1050282 [001] ..... 1636311.216413: sys_ptrace -> 0x0
             exe-1050282 [001] ..... 1636311.216420: sys_pwrite64(fd: 63, buf: 7fd66ee22080, count: 34, pos: 36)
             exe-1050282 [001] ..... 1636311.216421: tracing_mark_write: seccomp(op=0x1, flags=0x1, uargs=0x7fd474ed2000) end
             exe-1050282 [001] ..... 1636311.274527: tracing_mark_write: seccomp(op=0x1, flags=0x1, uargs=0x1) start
             exe-1050282 [001] ..... 1636311.274528: sys_pwrite64 -> 0x2b
             exe-1050282 [001] ..... 1636311.274533: sys_ptrace(request: 4205, pid: 10070d, addr: 1, data: c000a29c70)
             exe-1050282 [001] ..... 1636311.274535: sys_ptrace -> 0x0
             exe-1050282 [001] ..... 1636311.274537: sys_ptrace(request: 4205, pid: 10070d, addr: 202, data: c000a29c70)
             exe-1050282 [001] ..... 1636311.274545: sys_ptrace -> 0x0
             exe-1050282 [001] ..... 1636311.274547: sys_ptrace(request: 1f, pid: 10070d, addr: 0, data: 0)
             exe-1050282 [001] .N... 1636311.274552: sys_ptrace -> 0x0
             exe-1050381 [001] ..... 1636311.274560: sys_write -> 0x2b
             exe-1050282 [001] ..... 1636311.274575: sys_wait4(upid: 10070d, stat_addr: c000a29bf4, options: 40000002, ru: 0)
             exe-1050282 [001] ..... 1636311.274577: sys_wait4 -> 0x10070d
             exe-1050282 [001] ..... 1636311.274579: sys_ptrace(request: 4204, pid: 10070d, addr: 1, data: c000a29c70)
             exe-1050282 [001] ..... 1636311.274582: sys_ptrace -> 0x0
             exe-1050282 [001] ..... 1636311.274583: sys_ptrace(request: 4204, pid: 10070d, addr: 202, data: c000a29c70)
             exe-1049673 [000] ..... 1636311.274584: sys_nanosleep -> 0x0
             exe-1050282 [001] ..... 1636311.274585: sys_ptrace -> 0x0
             exe-1049673 [000] ..... 1636311.274587: sys_nanosleep(rqtp: c000069f10, rmtp: 0)
             exe-1050282 [001] ..... 1636311.274595: sys_ptrace(request: 4205, pid: 10070d, addr: 1, data: c000a29c70)
             exe-1050282 [001] ..... 1636311.274597: sys_ptrace -> 0x0
             exe-1050282 [001] ..... 1636311.274598: sys_ptrace(request: 4205, pid: 10070d, addr: 202, data: c000a29c70)
             exe-1049567 [002] ..... 1636311.274604: sys_nanosleep -> 0x0
             exe-1050282 [001] ..... 1636311.274606: sys_ptrace -> 0x0
             exe-1049567 [002] ..... 1636311.274607: sys_nanosleep(rqtp: c000069f10, rmtp: 0)
             exe-1050282 [001] ..... 1636311.274608: sys_ptrace(request: 1f, pid: 10070d, addr: 0, data: 0)
             exe-1050282 [001] .N... 1636311.274613: sys_ptrace -> 0x0
             exe-1050381 [001] ..... 1636311.274621: sys_getrandom -> 0xfffffffffffffff2
             exe-1050282 [001] ..... 1636311.274635: sys_wait4(upid: 10070d, stat_addr: c000a29bf4, options: 40000002, ru: 0)
             exe-1050282 [001] ..... 1636311.274637: sys_wait4 -> 0x10070d
             exe-1050282 [001] ..... 1636311.274639: sys_ptrace(request: 4204, pid: 10070d, addr: 1, data: c000a29c70)
             exe-1050282 [001] ..... 1636311.274642: sys_ptrace -> 0x0
             exe-1050282 [001] ..... 1636311.274643: sys_ptrace(request: 4204, pid: 10070d, addr: 202, data: c000a29c70)
             exe-1050282 [001] ..... 1636311.274645: sys_ptrace -> 0x0
             exe-1050282 [001] ..... 1636311.274652: sys_pwrite64(fd: 63, buf: 7fd66ee22080, count: 29, pos: 2b)
             exe-1050282 [001] ..... 1636311.274653: tracing_mark_write: seccomp(op=0x1, flags=0x1, uargs=0x1) end
             exe-1050282 [001] ..... 1636311.346602: tracing_mark_write: seccomp(op=0x1, flags=0x1, uargs=0x7fd472e00000) start
             exe-1050282 [001] ..... 1636311.346603: sys_pwrite64 -> 0x36
             exe-1050282 [001] ..... 1636311.346610: sys_ptrace(request: 4205, pid: 10070d, addr: 1, data: c000a29c70)
             exe-1050282 [001] ..... 1636311.346613: sys_ptrace -> 0x0
             exe-1050282 [001] ..... 1636311.346614: sys_ptrace(request: 4205, pid: 10070d, addr: 202, data: c000a29c70)
             exe-1050282 [001] ..... 1636311.346625: sys_ptrace -> 0x0
             exe-1050282 [001] ..... 1636311.346627: sys_ptrace(request: 1f, pid: 10070d, addr: 0, data: 0)
             exe-1050282 [001] .N... 1636311.346634: sys_ptrace -> 0x0
             exe-1050381 [001] ..... 1636311.346645: sys_write -> 0x36
             exe-1049673 [000] ..... 1636311.346662: sys_nanosleep -> 0x0
             exe-1050282 [001] ..... 1636311.346665: sys_wait4(upid: 10070d, stat_addr: c000a29bf4, options: 40000002, ru: 0)
             exe-1049673 [000] ..... 1636311.346665: sys_nanosleep(rqtp: c000069f10, rmtp: 0)
             exe-1050282 [001] ..... 1636311.346667: sys_wait4 -> 0x10070d
             exe-1050282 [001] ..... 1636311.346670: sys_ptrace(request: 4204, pid: 10070d, addr: 1, data: c000a29c70)
             exe-1050282 [001] ..... 1636311.346673: sys_ptrace -> 0x0
             exe-1049567 [000] ..... 1636311.346674: sys_nanosleep -> 0x0
             exe-1050282 [001] ..... 1636311.346675: sys_ptrace(request: 4204, pid: 10070d, addr: 202, data: c000a29c70)
             exe-1049567 [000] ..... 1636311.346677: sys_nanosleep(rqtp: c000069f10, rmtp: 0)
             exe-1050282 [001] ..... 1636311.346678: sys_ptrace -> 0x0
             exe-1050282 [001] ..... 1636311.346683: sys_ptrace(request: 4205, pid: 10070d, addr: 1, data: c000a29c70)
             exe-1050282 [001] ..... 1636311.346686: sys_ptrace -> 0x0
             exe-1050282 [001] ..... 1636311.346687: sys_ptrace(request: 4205, pid: 10070d, addr: 202, data: c000a29c70)
             exe-1050282 [001] ..... 1636311.346697: sys_ptrace -> 0x0
             exe-1050282 [001] ..... 1636311.346699: sys_ptrace(request: 1f, pid: 10070d, addr: 0, data: 0)
             exe-1050282 [001] .N... 1636311.346705: sys_ptrace -> 0x0
             exe-1050381 [001] ..... 1636311.346716: sys_getrandom -> 0xffffffffffffffea
             exe-1050282 [001] ..... 1636311.346735: sys_wait4(upid: 10070d, stat_addr: c000a29bf4, options: 40000002, ru: 0)
             exe-1050282 [001] ..... 1636311.346737: sys_wait4 -> 0x10070d
             exe-1050282 [001] ..... 1636311.346739: sys_ptrace(request: 4204, pid: 10070d, addr: 1, data: c000a29c70)
             exe-1050282 [001] ..... 1636311.346743: sys_ptrace -> 0x0
             exe-1050282 [001] ..... 1636311.346745: sys_ptrace(request: 4204, pid: 10070d, addr: 202, data: c000a29c70)
             exe-1050282 [001] ..... 1636311.346747: sys_ptrace -> 0x0
             exe-1049673 [000] ..... 1636311.346754: sys_nanosleep -> 0x0
             exe-1050282 [001] ..... 1636311.346757: sys_pwrite64(fd: 63, buf: 7fd66ee22080, count: 34, pos: 36)
             exe-1049673 [000] ..... 1636311.346757: sys_nanosleep(rqtp: c000069f10, rmtp: 0)
             exe-1050282 [001] ..... 1636311.346758: tracing_mark_write: seccomp(op=0x1, flags=0x1, uargs=0x7fd472e00000) end
             exe-1050282 [001] ..... 1636311.406009: tracing_mark_write: seccomp(op=0x1, flags=0x1, uargs=0x4) start
             exe-1050282 [001] ..... 1636311.406010: sys_pwrite64 -> 0x2b
             exe-1050282 [001] ..... 1636311.406016: sys_ptrace(request: 4205, pid: 10070d, addr: 1, data: c000a29c70)
             exe-1050282 [001] ..... 1636311.406018: sys_ptrace -> 0x0
             exe-1050282 [001] ..... 1636311.406019: sys_ptrace(request: 4205, pid: 10070d, addr: 202, data: c000a29c70)
             exe-1050282 [001] ..... 1636311.406028: sys_ptrace -> 0x0
             exe-1049567 [002] ..... 1636311.406029: sys_nanosleep -> 0x0
             exe-1050282 [001] ..... 1636311.406029: sys_ptrace(request: 1f, pid: 10070d, addr: 0, data: 0)
             exe-1049567 [002] ..... 1636311.406033: sys_nanosleep(rqtp: c000069f10, rmtp: 0)
             exe-1050282 [001] .N... 1636311.406035: sys_ptrace -> 0x0
             exe-1050381 [001] ..... 1636311.406043: sys_write -> 0x2b
             exe-1050282 [001] ..... 1636311.406058: sys_wait4(upid: 10070d, stat_addr: c000a29bf4, options: 40000002, ru: 0)
             exe-1050282 [001] ..... 1636311.406060: sys_wait4 -> 0x10070d
             exe-1050282 [001] ..... 1636311.406062: sys_ptrace(request: 4204, pid: 10070d, addr: 1, data: c000a29c70)
             exe-1050282 [001] ..... 1636311.406065: sys_ptrace -> 0x0
             exe-1050282 [001] ..... 1636311.406066: sys_ptrace(request: 4204, pid: 10070d, addr: 202, data: c000a29c70)
             exe-1050282 [001] ..... 1636311.406068: sys_ptrace -> 0x0
             exe-1050282 [001] ..... 1636311.406072: sys_ptrace(request: 4205, pid: 10070d, addr: 1, data: c000a29c70)
             exe-1050282 [001] ..... 1636311.406074: sys_ptrace -> 0x0
             exe-1050282 [001] ..... 1636311.406075: sys_ptrace(request: 4205, pid: 10070d, addr: 202, data: c000a29c70)
             exe-1050282 [001] ..... 1636311.406083: sys_ptrace -> 0x0
             exe-1050282 [001] ..... 1636311.406084: sys_ptrace(request: 1f, pid: 10070d, addr: 0, data: 0)
             exe-1050282 [001] .N... 1636311.406089: sys_ptrace -> 0x0
             exe-1050381 [001] ..... 1636311.406097: sys_getrandom -> 0xffffffffffffffea
             exe-1049567 [002] ..... 1636311.406109: sys_nanosleep -> 0x0
             exe-1050282 [001] ..... 1636311.406112: sys_wait4(upid: 10070d, stat_addr: c000a29bf4, options: 40000002, ru: 0)
             exe-1050282 [001] ..... 1636311.406118: sys_wait4 -> 0x10070d
             exe-1049567 [002] ..... 1636311.406118: sys_nanosleep(rqtp: c000069f10, rmtp: 0)
             exe-1050282 [001] ..... 1636311.406120: sys_ptrace(request: 4204, pid: 10070d, addr: 1, data: c000a29c70)
             exe-1050282 [001] ..... 1636311.406122: sys_ptrace -> 0x0
             exe-1050282 [001] ..... 1636311.406124: sys_ptrace(request: 4204, pid: 10070d, addr: 202, data: c000a29c70)
             exe-1050282 [001] ..... 1636311.406125: sys_ptrace -> 0x0
             exe-1049673 [002] ..... 1636311.406133: sys_nanosleep -> 0x0
             exe-1050282 [001] ..... 1636311.406133: sys_pwrite64(fd: 63, buf: 7fd66ee22080, count: 29, pos: 2b)
             exe-1050282 [001] ..... 1636311.406134: tracing_mark_write: seccomp(op=0x1, flags=0x1, uargs=0x4) end
             exe-1050282 [001] ..... 1636311.471767: tracing_mark_write: seccomp(op=0x1, flags=0x1, uargs=0x7fd474ed0000) start
             exe-1050282 [001] ..... 1636311.471768: sys_pwrite64 -> 0x36
             exe-1050282 [001] ..... 1636311.471775: sys_ptrace(request: 4205, pid: 10070d, addr: 1, data: c000a29c70)
             exe-1050282 [001] ..... 1636311.471777: sys_ptrace -> 0x0
             exe-1050282 [001] ..... 1636311.471779: sys_ptrace(request: 4205, pid: 10070d, addr: 202, data: c000a29c70)
             exe-1050282 [001] ..... 1636311.471790: sys_ptrace -> 0x0
             exe-1050282 [001] ..... 1636311.471792: sys_ptrace(request: 1f, pid: 10070d, addr: 0, data: 0)
             exe-1050282 [001] .N... 1636311.471799: sys_ptrace -> 0x0
             exe-1050381 [001] ..... 1636311.471810: sys_write -> 0x36
             exe-1050282 [001] ..... 1636311.471829: sys_wait4(upid: 10070d, stat_addr: c000a29bf4, options: 40000002, ru: 0)
             exe-1050282 [001] ..... 1636311.471832: sys_wait4 -> 0x10070d
             exe-1049673 [002] ..... 1636311.471833: sys_nanosleep -> 0x0
             exe-1050282 [001] ..... 1636311.471835: sys_ptrace(request: 4204, pid: 10070d, addr: 1, data: c000a29c70)
             exe-1049673 [002] ..... 1636311.471838: sys_nanosleep(rqtp: c000069f10, rmtp: 0)
             exe-1050282 [001] ..... 1636311.471838: sys_ptrace -> 0x0
             exe-1050282 [001] ..... 1636311.471840: sys_ptrace(request: 4204, pid: 10070d, addr: 202, data: c000a29c70)
             exe-1050282 [001] ..... 1636311.471842: sys_ptrace -> 0x0
             exe-1050282 [001] ..... 1636311.471848: sys_ptrace(request: 4205, pid: 10070d, addr: 1, data: c000a29c70)
             exe-1050282 [001] ..... 1636311.471851: sys_ptrace -> 0x0
             exe-1050282 [001] ..... 1636311.471852: sys_ptrace(request: 4205, pid: 10070d, addr: 202, data: c000a29c70)
             exe-1049567 [002] ..... 1636311.471857: sys_nanosleep -> 0x0
             exe-1049567 [002] ..... 1636311.471862: sys_nanosleep(rqtp: c000069f10, rmtp: 0)
             exe-1050282 [001] ..... 1636311.471862: sys_ptrace -> 0x0
             exe-1050282 [001] ..... 1636311.471864: sys_ptrace(request: 1f, pid: 10070d, addr: 0, data: 0)
             exe-1050282 [001] .N... 1636311.471870: sys_ptrace -> 0x0
             exe-1050381 [001] ..... 1636311.471880: sys_getrandom -> 0xffffffffffffffea
             exe-1050282 [001] ..... 1636311.471899: sys_wait4(upid: 10070d, stat_addr: c000a29bf4, options: 40000002, ru: 0)
             exe-1050282 [001] ..... 1636311.471902: sys_wait4 -> 0x10070d
             exe-1050282 [001] ..... 1636311.471904: sys_ptrace(request: 4204, pid: 10070d, addr: 1, data: c000a29c70)
             exe-1050282 [001] ..... 1636311.471908: sys_ptrace -> 0x0
             exe-1050282 [001] ..... 1636311.471909: sys_ptrace(request: 4204, pid: 10070d, addr: 202, data: c000a29c70)
             exe-1050282 [001] ..... 1636311.471912: sys_ptrace -> 0x0
             exe-1050282 [001] ..... 1636311.471921: sys_pwrite64(fd: 63, buf: 7fd66ee22080, count: 34, pos: 36)
             exe-1050282 [001] ..... 1636311.471923: tracing_mark_write: seccomp(op=0x1, flags=0x1, uargs=0x7fd474ed0000) end
             exe-1050282 [001] ..... 1636311.527199: tracing_mark_write: seccomp(op=0x1, flags=0x1, uargs=0x7fd472e00000) start
             exe-1050282 [001] ..... 1636311.527201: sys_pwrite64 -> 0x36
             exe-1050282 [001] ..... 1636311.527206: sys_ptrace(request: 4205, pid: 10070d, addr: 1, data: c000a29c70)
             exe-1050282 [001] ..... 1636311.527209: sys_ptrace -> 0x0
             exe-1050282 [001] ..... 1636311.527210: sys_ptrace(request: 4205, pid: 10070d, addr: 202, data: c000a29c70)
             exe-1050282 [001] ..... 1636311.527219: sys_ptrace -> 0x0
             exe-1050282 [001] ..... 1636311.527221: sys_ptrace(request: 1f, pid: 10070d, addr: 0, data: 0)
             exe-1050282 [001] .N... 1636311.527228: sys_ptrace -> 0x0
             exe-1050381 [001] ..... 1636311.527236: sys_write -> 0x36
             exe-1050282 [001] ..... 1636311.527252: sys_wait4(upid: 10070d, stat_addr: c000a29bf4, options: 40000002, ru: 0)
             exe-1049567 [002] ..... 1636311.527252: sys_nanosleep -> 0x0
             exe-1050282 [001] ..... 1636311.527254: sys_wait4 -> 0x10070d
             exe-1049567 [002] ..... 1636311.527256: sys_nanosleep(rqtp: c000069f10, rmtp: 0)
             exe-1050282 [001] ..... 1636311.527256: sys_ptrace(request: 4204, pid: 10070d, addr: 1, data: c000a29c70)
             exe-1050282 [001] ..... 1636311.527259: sys_ptrace -> 0x0
             exe-1050282 [001] ..... 1636311.527260: sys_ptrace(request: 4204, pid: 10070d, addr: 202, data: c000a29c70)
             exe-1050282 [001] ..... 1636311.527262: sys_ptrace -> 0x0
             exe-1050282 [001] ..... 1636311.527267: sys_ptrace(request: 4205, pid: 10070d, addr: 1, data: c000a29c70)
             exe-1050282 [001] ..... 1636311.527269: sys_ptrace -> 0x0
             exe-1049673 [002] ..... 1636311.527269: sys_nanosleep -> 0x0
             exe-1050282 [001] ..... 1636311.527270: sys_ptrace(request: 4205, pid: 10070d, addr: 202, data: c000a29c70)
             exe-1049673 [002] ..... 1636311.527274: sys_nanosleep(rqtp: c000069f10, rmtp: 0)
             exe-1050282 [001] ..... 1636311.527278: sys_ptrace -> 0x0
             exe-1050282 [001] .N... 1636311.527304: sys_ptrace(request: 1f, pid: 10070d, addr: 0, data: 0)
             exe-1050282 [001] .N... 1636311.527307: sys_ptrace -> 0x0
             exe-1049896 [001] ..... 1636311.527311: sys_epoll_pwait -> 0x0
             exe-1049896 [001] ..... 1636311.527322: sys_futex(uaddr: c000435948, op: 81, val: 1, utime: 0, uaddr2: 0, val3: 0)
             exe-1049896 [001] ..... 1636311.527329: sys_futex -> 0x1
             exe-1049896 [001] ..... 1636311.527342: sys_epoll_pwait(epfd: 11, events: c000599840, maxevents: 80, timeout: 9, sigmask: 0, sigsetsize: 0)
             exe-1050381 [001] ..... 1636311.527355: sys_getrandom -> 0xffffffffffffffea
             exe-1050008 [002] ..... 1636311.527363: sys_futex -> 0x0
             exe-1050008 [002] ..... 1636311.527373: sys_futex(uaddr: c000435948, op: 80, val: 0, utime: 0, uaddr2: 0, val3: 0)
             exe-1050282 [001] ..... 1636311.527374: sys_wait4(upid: 10070d, stat_addr: c000a29bf4, options: 40000002, ru: 0)
             exe-1050282 [001] ..... 1636311.527377: sys_wait4 -> 0x10070d
             exe-1050282 [001] ..... 1636311.527379: sys_ptrace(request: 4204, pid: 10070d, addr: 1, data: c000a29c70)
             exe-1049567 [002] ..... 1636311.527382: sys_nanosleep -> 0x0
             exe-1050282 [001] ..... 1636311.527382: sys_ptrace -> 0x0
             exe-1050282 [001] ..... 1636311.527383: sys_ptrace(request: 4204, pid: 10070d, addr: 202, data: c000a29c70)
             exe-1049567 [002] ..... 1636311.527385: sys_nanosleep(rqtp: c000069f10, rmtp: 0)
             exe-1050282 [001] ..... 1636311.527385: sys_ptrace -> 0x0
             exe-1050282 [001] ..... 1636311.527395: sys_pwrite64(fd: 63, buf: 7fd66ee22080, count: 34, pos: 36)
             exe-1050282 [001] ..... 1636311.527396: tracing_mark_write: seccomp(op=0x1, flags=0x1, uargs=0x7fd472e00000) end
             exe-1050282 [003] ..... 1636311.603200: tracing_mark_write: seccomp(op=0x1, flags=0x1, uargs=0x7fd474ecf000) start
             exe-1050282 [003] ..... 1636311.603202: sys_pwrite64 -> 0x36
             exe-1050282 [003] ..... 1636311.603207: sys_ptrace(request: 4205, pid: 10070d, addr: 1, data: c000a29c70)
             exe-1050282 [003] ..... 1636311.603209: sys_ptrace -> 0x0
             exe-1050282 [003] ..... 1636311.603211: sys_ptrace(request: 4205, pid: 10070d, addr: 202, data: c000a29c70)
             exe-1050282 [003] ..... 1636311.603219: sys_ptrace -> 0x0
             exe-1050282 [003] ..... 1636311.603221: sys_ptrace(request: 1f, pid: 10070d, addr: 0, data: 0)
             exe-1050282 [003] ..... 1636311.603233: sys_ptrace -> 0x0
             exe-1050282 [003] ..... 1636311.603235: sys_wait4(upid: 10070d, stat_addr: c000a29bf4, options: 40000002, ru: 0)
             exe-1050381 [001] ..... 1636311.603258: sys_write -> 0x36
             exe-1050282 [003] ..... 1636311.603282: sys_wait4 -> 0x10070d
             exe-1050282 [003] ..... 1636311.603284: sys_ptrace(request: 4204, pid: 10070d, addr: 1, data: c000a29c70)
             exe-1050282 [003] ..... 1636311.603287: sys_ptrace -> 0x0
             exe-1050282 [003] ..... 1636311.603289: sys_ptrace(request: 4204, pid: 10070d, addr: 202, data: c000a29c70)
             exe-1050282 [003] ..... 1636311.603291: sys_ptrace -> 0x0
             exe-1050282 [003] ..... 1636311.603296: sys_ptrace(request: 4205, pid: 10070d, addr: 1, data: c000a29c70)
             exe-1050282 [003] ..... 1636311.603299: sys_ptrace -> 0x0
