             exe-1049981 [000] ..... 1636445.607591: sys_ptrace -> 0x0
             exe-1049981 [000] ..... 1636445.607593: sys_ptrace(request: 4205, pid: 10058a, addr: 202, data: c0022e7c70)
             exe-1049673 [003] ..... 1636445.607595: sys_nanosleep(rqtp: c000069f10, rmtp: 0)
             exe-1049981 [000] ..... 1636445.607600: sys_ptrace -> 0x0
             exe-1049981 [000] ..... 1636445.607602: sys_ptrace(request: 1f, pid: 10058a, addr: 0, data: 0)
             exe-1049981 [000] ..... 1636445.607609: sys_ptrace -> 0x0
             exe-1049981 [000] ..... 1636445.607612: sys_wait4(upid: 10058a, stat_addr: c0022e7bf4, options: 40000002, ru: 0)
             exe-1049994 [003] ..... 1636445.607625: sys_sendto -> 0xffffffffffffffa1
             exe-1049981 [000] ..... 1636445.607643: sys_wait4 -> 0x10058a
             exe-1049981 [000] ..... 1636445.607646: sys_ptrace(request: 4204, pid: 10058a, addr: 1, data: c0022e7c70)
             exe-1049981 [000] ..... 1636445.607648: sys_ptrace -> 0x0
             exe-1049981 [000] ..... 1636445.607650: sys_ptrace(request: 4204, pid: 10058a, addr: 202, data: c0022e7c70)
             exe-1049981 [000] ..... 1636445.607652: sys_ptrace -> 0x0
             exe-1049981 [000] ..... 1636445.607659: sys_pwrite64(fd: 63, buf: 7fd66e1fd080, count: 5b, pos: 5d)
             exe-1049981 [000] ..... 1636445.607661: tracing_mark_write: sendto(fd=336, buff=0x564597018000, len=1, flags=0x7, addr=0x564597017f80, addr_len=16) end
             exe-1049981 [000] ..... 1636445.695533: tracing_mark_write: sendto(fd=340, buff=0x5645970aec90, len=2370, flags=0x7, addr=0x5645970adc80, addr_len=3114) start
             exe-1049673 [002] ..... 1636445.695538: sys_nanosleep -> 0x0
             exe-1049673 [002] ..... 1636445.695540: sys_nanosleep(rqtp: c000069f10, rmtp: 0)
             exe-1049981 [000] ..... 1636445.695550: sys_pwrite64 -> 0x62
             exe-1049981 [000] ..... 1636445.695558: sys_ptrace(request: 4205, pid: 10058a, addr: 1, data: c0022e7c70)
             exe-1049981 [000] ..... 1636445.695561: sys_ptrace -> 0x0
             exe-1049981 [000] ..... 1636445.695563: sys_ptrace(request: 4205, pid: 10058a, addr: 202, data: c0022e7c70)
             exe-1049981 [000] ..... 1636445.695575: sys_ptrace -> 0x0
             exe-1049981 [000] ..... 1636445.695576: sys_ptrace(request: 1f, pid: 10058a, addr: 0, data: 0)
             exe-1049981 [000] .N... 1636445.695584: sys_ptrace -> 0x0
             exe-1049994 [000] ..... 1636445.695594: sys_write -> 0x62
             exe-1049981 [000] ..... 1636445.695613: sys_wait4(upid: 10058a, stat_addr: c0022e7bf4, options: 40000002, ru: 0)
             exe-1049981 [000] ..... 1636445.695616: sys_wait4 -> 0x10058a
             exe-1049673 [002] ..... 1636445.695630: sys_nanosleep -> 0x0
             exe-1049981 [000] ..... 1636445.695632: sys_ptrace(request: 4204, pid: 10058a, addr: 1, data: c0022e7c70)
             exe-1049673 [002] ..... 1636445.695632: sys_nanosleep(rqtp: c000069f10, rmtp: 0)
             exe-1049981 [000] ..... 1636445.695636: sys_ptrace -> 0x0
             exe-1049981 [000] ..... 1636445.695638: sys_ptrace(request: 4204, pid: 10058a, addr: 202, data: c0022e7c70)
             exe-1049981 [000] ..... 1636445.695641: sys_ptrace -> 0x0
             exe-1049981 [000] ..... 1636445.695654: sys_ptrace(request: 4205, pid: 10058a, addr: 1, data: c0022e7c70)
             exe-1049981 [000] ..... 1636445.695657: sys_ptrace -> 0x0
             exe-1049981 [000] ..... 1636445.695658: sys_ptrace(request: 4205, pid: 10058a, addr: 202, data: c0022e7c70)
             exe-1049981 [000] ..... 1636445.695669: sys_ptrace -> 0x0
             exe-1049981 [000] ..... 1636445.695670: sys_ptrace(request: 1f, pid: 10058a, addr: 0, data: 0)
             exe-1049981 [000] .N... 1636445.695678: sys_ptrace -> 0x0
             exe-1049994 [000] ..... 1636445.695699: sys_sendto -> 0xffffffffffffffea
             exe-1049673 [002] ..... 1636445.695718: sys_nanosleep -> 0x0
             exe-1049673 [002] ..... 1636445.695720: sys_nanosleep(rqtp: c000069f10, rmtp: 0)
             exe-1049981 [000] ..... 1636445.695721: sys_wait4(upid: 10058a, stat_addr: c0022e7bf4, options: 40000002, ru: 0)
             exe-1049981 [000] ..... 1636445.695724: sys_wait4 -> 0x10058a
             exe-1049981 [000] ..... 1636445.695726: sys_ptrace(request: 4204, pid: 10058a, addr: 1, data: c0022e7c70)
             exe-1049981 [000] ..... 1636445.695731: sys_ptrace -> 0x0
             exe-1049981 [000] ..... 1636445.695732: sys_ptrace(request: 4204, pid: 10058a, addr: 202, data: c0022e7c70)
             exe-1049981 [000] ..... 1636445.695734: sys_ptrace -> 0x0
             exe-1049981 [000] ..... 1636445.695750: sys_pwrite64(fd: 63, buf: 7fd66e1fd080, count: 60, pos: 62)
             exe-1049981 [000] ..... 1636445.695752: tracing_mark_write: sendto(fd=340, buff=0x5645970aec90, len=2370, flags=0x7, addr=0x5645970adc80, addr_len=3114) end
             exe-1049981 [000] ..... 1636445.752889: tracing_mark_write: sendto(fd=327, buff=0x564597018000, len=1, flags=0x8, addr=0x5645970aec90, addr_len=3737) start
             exe-1049981 [000] ..... 1636445.752891: sys_pwrite64 -> 0x5f
             exe-1049981 [000] ..... 1636445.752898: sys_ptrace(request: 4205, pid: 10058a, addr: 1, data: c0022e7c70)
             exe-1049981 [000] ..... 1636445.752901: sys_ptrace -> 0x0
             exe-1049981 [000] ..... 1636445.752903: sys_ptrace(request: 4205, pid: 10058a, addr: 202, data: c0022e7c70)
             exe-1049981 [000] ..... 1636445.752915: sys_ptrace -> 0x0
             exe-1049981 [000] ..... 1636445.752917: sys_ptrace(request: 1f, pid: 10058a, addr: 0, data: 0)
             exe-1049981 [000] .N... 1636445.752925: sys_ptrace -> 0x0
             exe-1049994 [000] ..... 1636445.752936: sys_write -> 0x5f
             exe-1049981 [000] ..... 1636445.752956: sys_wait4(upid: 10058a, stat_addr: c0022e7bf4, options: 40000002, ru: 0)
             exe-1049981 [000] ..... 1636445.752959: sys_wait4 -> 0x10058a
             exe-1049567 [002] ..... 1636445.752960: sys_nanosleep -> 0x0
             exe-1049981 [000] ..... 1636445.752962: sys_ptrace(request: 4204, pid: 10058a, addr: 1, data: c0022e7c70)
             exe-1049981 [000] ..... 1636445.752966: sys_ptrace -> 0x0
             exe-1049981 [000] ..... 1636445.752967: sys_ptrace(request: 4204, pid: 10058a, addr: 202, data: c0022e7c70)
             exe-1049981 [000] ..... 1636445.752970: sys_ptrace -> 0x0
             exe-1049981 [000] ..... 1636445.752979: sys_ptrace(request: 4205, pid: 10058a, addr: 1, data: c0022e7c70)
             exe-1049981 [000] ..... 1636445.752981: sys_ptrace -> 0x0
             exe-1049981 [000] ..... 1636445.752983: sys_ptrace(request: 4205, pid: 10058a, addr: 202, data: c0022e7c70)
             exe-1049981 [000] ..... 1636445.752993: sys_ptrace -> 0x0
             exe-1049981 [000] ..... 1636445.752995: sys_ptrace(request: 1f, pid: 10058a, addr: 0, data: 0)
             exe-1049981 [000] .N... 1636445.753002: sys_ptrace -> 0x0
             exe-1049994 [000] ..... 1636445.753012: sys_sendto -> 0xffffffffffffffea
             exe-1049567 [002] ..... 1636445.753027: sys_nanosleep(rqtp: c000069f10, rmtp: 0)
             exe-1049981 [000] ..... 1636445.753032: sys_wait4(upid: 10058a, stat_addr: c0022e7bf4, options: 40000002, ru: 0)
             exe-1049981 [000] ..... 1636445.753035: sys_wait4 -> 0x10058a
             exe-1049981 [000] ..... 1636445.753038: sys_ptrace(request: 4204, pid: 10058a, addr: 1, data: c0022e7c70)
             exe-1049981 [000] ..... 1636445.753041: sys_ptrace -> 0x0
             exe-1049981 [000] ..... 1636445.753043: sys_ptrace(request: 4204, pid: 10058a, addr: 202, data: c0022e7c70)
             exe-1049981 [000] ..... 1636445.753045: sys_ptrace -> 0x0
             exe-1049981 [000] ..... 1636445.753055: sys_pwrite64(fd: 63, buf: 7fd66e1fd080, count: 5d, pos: 5f)
             exe-1049981 [000] ..... 1636445.753057: tracing_mark_write: sendto(fd=327, buff=0x564597018000, len=1, flags=0x8, addr=0x5645970aec90, addr_len=3737) end
             exe-1049981 [000] ..... 1636445.831001: tracing_mark_write: sendto(fd=313, buff=0x564597018000, len=1, flags=0x8, addr=0x5645970afca0, addr_len=110) start
             exe-1049981 [000] ..... 1636445.831002: sys_pwrite64 -> 0x5e
             exe-1049981 [000] ..... 1636445.831009: sys_ptrace(request: 4205, pid: 10058a, addr: 1, data: c0022e7c70)
             exe-1049673 [001] ..... 1636445.831012: sys_nanosleep -> 0x0
             exe-1049981 [000] ..... 1636445.831012: sys_ptrace -> 0x0
             exe-1049981 [000] ..... 1636445.831013: sys_ptrace(request: 4205, pid: 10058a, addr: 202, data: c0022e7c70)
             exe-1049673 [001] ..... 1636445.831017: sys_nanosleep(rqtp: c000069f10, rmtp: 0)
             exe-1049981 [000] ..... 1636445.831024: sys_ptrace -> 0x0
             exe-1049981 [000] ..... 1636445.831026: sys_ptrace(request: 1f, pid: 10058a, addr: 0, data: 0)
             exe-1049981 [000] .N... 1636445.831034: sys_ptrace -> 0x0
             exe-1049994 [000] ..... 1636445.831045: sys_write -> 0x5e
             exe-1049981 [000] ..... 1636445.831091: sys_wait4(upid: 10058a, stat_addr: c0022e7bf4, options: 40000002, ru: 0)
             exe-1049981 [000] ..... 1636445.831094: sys_wait4 -> 0x10058a
             exe-1049981 [000] ..... 1636445.831096: sys_ptrace(request: 4204, pid: 10058a, addr: 1, data: c0022e7c70)
             exe-1049981 [000] ..... 1636445.831100: sys_ptrace -> 0x0
             exe-1049981 [000] ..... 1636445.831102: sys_ptrace(request: 4204, pid: 10058a, addr: 202, data: c0022e7c70)
             exe-1049981 [000] ..... 1636445.831105: sys_ptrace -> 0x0
             exe-1049567 [001] ..... 1636445.831108: sys_nanosleep -> 0x0
             exe-1049567 [001] ..... 1636445.831115: sys_nanosleep(rqtp: c000069f10, rmtp: 0)
             exe-1049673 [001] ..... 1636445.831138: sys_nanosleep -> 0x0
             exe-1049673 [001] ..... 1636445.831144: sys_nanosleep(rqtp: c000069f10, rmtp: 0)
             exe-1049981 [000] ..... 1636445.831209: sys_ptrace(request: 4205, pid: 10058a, addr: 1, data: c0022e7c70)
             exe-1049981 [000] ..... 1636445.831213: sys_ptrace -> 0x0
             exe-1049981 [000] ..... 1636445.831214: sys_ptrace(request: 4205, pid: 10058a, addr: 202, data: c0022e7c70)
             exe-1049567 [001] ..... 1636445.831218: sys_nanosleep -> 0x0
             exe-1049567 [001] ..... 1636445.831223: sys_nanosleep(rqtp: c000069f10, rmtp: 0)
             exe-1049981 [000] ..... 1636445.831227: sys_ptrace -> 0x0
             exe-1049981 [000] ..... 1636445.831229: sys_ptrace(request: 1f, pid: 10058a, addr: 0, data: 0)
             exe-1049981 [000] .N... 1636445.831237: sys_ptrace -> 0x0
             exe-1049673 [001] ..... 1636445.831243: sys_nanosleep -> 0x0
             exe-1049994 [000] ..... 1636445.831248: sys_sendto -> 0xffffffffffffffea
             exe-1049673 [001] ..... 1636445.831248: sys_nanosleep(rqtp: c000069f10, rmtp: 0)
             exe-1049981 [000] ..... 1636445.831270: sys_wait4(upid: 10058a, stat_addr: c0022e7bf4, options: 40000002, ru: 0)
             exe-1049981 [000] ..... 1636445.831273: sys_wait4 -> 0x10058a
             exe-1049981 [000] ..... 1636445.831275: sys_ptrace(request: 4204, pid: 10058a, addr: 1, data: c0022e7c70)
             exe-1049981 [000] ..... 1636445.831279: sys_ptrace -> 0x0
             exe-1049981 [000] ..... 1636445.831281: sys_ptrace(request: 4204, pid: 10058a, addr: 202, data: c0022e7c70)
             exe-1049981 [000] ..... 1636445.831283: sys_ptrace -> 0x0
             exe-1049981 [000] ..... 1636445.831297: sys_pwrite64(fd: 63, buf: 7fd66e1fd080, count: 5c, pos: 5e)
             exe-1049981 [000] ..... 1636445.831299: tracing_mark_write: sendto(fd=313, buff=0x564597018000, len=1, flags=0x8, addr=0x5645970afca0, addr_len=110) end
             exe-1049981 [000] ..... 1636445.891452: tracing_mark_write: sendto(fd=327, buff=0x5645970afd20, len=1492, flags=0x8, addr=0x564597018000, addr_len=16) start
             exe-1049981 [000] ..... 1636445.891454: sys_pwrite64 -> 0x60
             exe-1049673 [001] ..... 1636445.891467: sys_nanosleep -> 0x0
             exe-1049673 [001] ..... 1636445.891472: sys_nanosleep(rqtp: c000069f10, rmtp: 0)
             exe-1049981 [000] ..... 1636445.891538: sys_ptrace(request: 4205, pid: 10058a, addr: 1, data: c0022e7c70)
             exe-1049981 [000] ..... 1636445.891543: sys_ptrace -> 0x0
             exe-1049981 [000] ..... 1636445.891544: sys_ptrace(request: 4205, pid: 10058a, addr: 202, data: c0022e7c70)
             exe-1049981 [000] ..... 1636445.891561: sys_ptrace -> 0x0
             exe-1049981 [000] ..... 1636445.891563: sys_ptrace(request: 1f, pid: 10058a, addr: 0, data: 0)
             exe-1049981 [000] .N... 1636445.891571: sys_ptrace -> 0x0
             exe-1049994 [000] ..... 1636445.891585: sys_write -> 0x60
             exe-1049981 [000] ..... 1636445.891610: sys_wait4(upid: 10058a, stat_addr: c0022e7bf4, options: 40000002, ru: 0)
             exe-1049981 [000] ..... 1636445.891613: sys_wait4 -> 0x10058a
             exe-1049981 [000] ..... 1636445.891616: sys_ptrace(request: 4204, pid: 10058a, addr: 1, data: c0022e7c70)
             exe-1049981 [000] ..... 1636445.891619: sys_ptrace -> 0x0
             exe-1049981 [000] ..... 1636445.891621: sys_ptrace(request: 4204, pid: 10058a, addr: 202, data: c0022e7c70)
             exe-1049981 [000] ..... 1636445.891624: sys_ptrace -> 0x0
             exe-1049981 [000] ..... 1636445.891648: sys_ptrace(request: 4205, pid: 10058a, addr: 1, data: c0022e7c70)
             exe-1049567 [001] ..... 1636445.891650: sys_nanosleep -> 0x0
             exe-1049981 [000] ..... 1636445.891651: sys_ptrace -> 0x0
             exe-1049981 [000] ..... 1636445.891653: sys_ptrace(request: 4205, pid: 10058a, addr: 202, data: c0022e7c70)
             exe-1049567 [001] ..... 1636445.891657: sys_nanosleep(rqtp: c000069f10, rmtp: 0)
             exe-1049673 [001] ..... 1636445.891678: sys_nanosleep -> 0x0
             exe-1049673 [001] ..... 1636445.891684: sys_nanosleep(rqtp: c000069f10, rmtp: 0)
             exe-1049981 [000] ..... 1636445.891694: sys_ptrace -> 0x0
             exe-1049981 [000] ..... 1636445.891696: sys_ptrace(request: 1f, pid: 10058a, addr: 0, data: 0)
             exe-1049981 [000] .N... 1636445.891705: sys_ptrace -> 0x0
             exe-1049994 [000] ..... 1636445.891717: sys_sendto -> 0xffffffffffffffea
             exe-1049981 [000] ..... 1636445.891742: sys_wait4(upid: 10058a, stat_addr: c0022e7bf4, options: 40000002, ru: 0)
             exe-1049981 [000] ..... 1636445.891745: sys_wait4 -> 0x10058a
             exe-1049981 [000] ..... 1636445.891747: sys_ptrace(request: 4204, pid: 10058a, addr: 1, data: c0022e7c70)
             exe-1049981 [000] ..... 1636445.891751: sys_ptrace -> 0x0
             exe-1049981 [000] ..... 1636445.891753: sys_ptrace(request: 4204, pid: 10058a, addr: 202, data: c0022e7c70)
             exe-1049981 [000] ..... 1636445.891755: sys_ptrace -> 0x0
             exe-1049981 [000] ..... 1636445.891769: sys_pwrite64(fd: 63, buf: 7fd66e1fd080, count: 5e, pos: 60)
             exe-1049981 [000] ..... 1636445.891772: tracing_mark_write: sendto(fd=327, buff=0x5645970afd20, len=1492, flags=0x8, addr=0x564597018000, addr_len=16) end
             exe-1049981 [000] ..... 1636445.962102: tracing_mark_write: sendto(fd=311, buff=0x5645970afd20, len=2391, flags=0x8, addr=0x564597070300, addr_len=44) start
             exe-1049981 [000] ..... 1636445.962104: sys_pwrite64 -> 0x60
             exe-1049981 [000] ..... 1636445.962111: sys_ptrace(request: 4205, pid: 10058a, addr: 1, data: c0022e7c70)
             exe-1049981 [000] ..... 1636445.962114: sys_ptrace -> 0x0
             exe-1049981 [000] ..... 1636445.962116: sys_ptrace(request: 4205, pid: 10058a, addr: 202, data: c0022e7c70)
             exe-1049981 [000] ..... 1636445.962127: sys_ptrace -> 0x0
             exe-1049981 [000] ..... 1636445.962129: sys_ptrace(request: 1f, pid: 10058a, addr: 0, data: 0)
             exe-1049981 [000] .N... 1636445.962137: sys_ptrace -> 0x0
             exe-1049994 [000] ..... 1636445.962148: sys_write -> 0x60
             exe-1049567 [001] ..... 1636445.962153: sys_nanosleep -> 0x0
             exe-1049567 [001] ..... 1636445.962159: sys_nanosleep(rqtp: c000069f10, rmtp: 0)
             exe-1049981 [000] ..... 1636445.962168: sys_wait4(upid: 10058a, stat_addr: c0022e7bf4, options: 40000002, ru: 0)
             exe-1049981 [000] ..... 1636445.962171: sys_wait4 -> 0x10058a
             exe-1049981 [000] ..... 1636445.962173: sys_ptrace(request: 4204, pid: 10058a, addr: 1, data: c0022e7c70)
             exe-1049981 [000] ..... 1636445.962177: sys_ptrace -> 0x0
             exe-1049981 [000] ..... 1636445.962178: sys_ptrace(request: 4204, pid: 10058a, addr: 202, data: c0022e7c70)
             exe-1049981 [000] ..... 1636445.962181: sys_ptrace -> 0x0
             exe-1049673 [001] ..... 1636445.962181: sys_nanosleep -> 0x0
             exe-1049673 [001] ..... 1636445.962186: sys_nanosleep(rqtp: c000069f10, rmtp: 0)
             exe-1049981 [000] ..... 1636445.962230: sys_ptrace(request: 4205, pid: 10058a, addr: 1, data: c0022e7c70)
             exe-1049981 [000] ..... 1636445.962234: sys_ptrace -> 0x0
             exe-1049981 [000] ..... 1636445.962235: sys_ptrace(request: 4205, pid: 10058a, addr: 202, data: c0022e7c70)
             exe-1049981 [000] ..... 1636445.962250: sys_ptrace -> 0x0
             exe-1049981 [000] ..... 1636445.962251: sys_ptrace(request: 1f, pid: 10058a, addr: 0, data: 0)
             exe-1049981 [000] .N... 1636445.962259: sys_ptrace -> 0x0
             exe-1049567 [001] ..... 1636445.962266: sys_nanosleep -> 0x0
             exe-1049994 [000] ..... 1636445.962271: sys_sendto -> 0xffffffffffffffa1
             exe-1049567 [001] ..... 1636445.962272: sys_nanosleep(rqtp: c000069f10, rmtp: 0)
             exe-1049673 [001] ..... 1636445.962294: sys_nanosleep -> 0x0
             exe-1049981 [000] ..... 1636445.962295: sys_wait4(upid: 10058a, stat_addr: c0022e7bf4, options: 40000002, ru: 0)
             exe-1049981 [000] ..... 1636445.962297: sys_wait4 -> 0x10058a
             exe-1049673 [001] ..... 1636445.962299: sys_nanosleep(rqtp: c000069f10, rmtp: 0)
             exe-1049981 [000] ..... 1636445.962300: sys_ptrace(request: 4204, pid: 10058a, addr: 1, data: c0022e7c70)
             exe-1049981 [000] ..... 1636445.962304: sys_ptrace -> 0x0
             exe-1049981 [000] ..... 1636445.962306: sys_ptrace(request: 4204, pid: 10058a, addr: 202, data: c0022e7c70)
             exe-1049981 [000] ..... 1636445.962308: sys_ptrace -> 0x0
             exe-1049981 [000] ..... 1636445.962319: sys_pwrite64(fd: 63, buf: 7fd66e1fd080, count: 5e, pos: 60)
             exe-1049981 [000] ..... 1636445.962321: tracing_mark_write: sendto(fd=311, buff=0x5645970afd20, len=2391, flags=0x8, addr=0x564597070300, addr_len=44) end
             exe-1049981 [000] ..... 1636446.018031: tracing_mark_write: sendto(fd=343, buff=0x564597017800, len=1, flags=0x8, addr=0x564597017b60, addr_len=16) start
             exe-1049981 [000] ..... 1636446.018033: sys_pwrite64 -> 0x5d
             exe-1049981 [000] ..... 1636446.018039: sys_ptrace(request: 4205, pid: 10058a, addr: 1, data: c0022e7c70)
             exe-1049981 [000] ..... 1636446.018042: sys_ptrace -> 0x0
             exe-1049981 [000] ..... 1636446.018043: sys_ptrace(request: 4205, pid: 10058a, addr: 202, data: c0022e7c70)
             exe-1049981 [000] ..... 1636446.018054: sys_ptrace -> 0x0
             exe-1049981 [000] ..... 1636446.018056: sys_ptrace(request: 1f, pid: 10058a, addr: 0, data: 0)
             exe-1049981 [000] .N... 1636446.018067: sys_ptrace -> 0x0
             exe-1049994 [000] ..... 1636446.018077: sys_write -> 0x5d
             exe-1049567 [001] ..... 1636446.018092: sys_nanosleep -> 0x0
             exe-1049981 [000] ..... 1636446.018095: sys_wait4(upid: 10058a, stat_addr: c0022e7bf4, options: 40000002, ru: 0)
             exe-1049981 [000] ..... 1636446.018098: sys_wait4 -> 0x10058a
             exe-1049567 [001] ..... 1636446.018098: sys_nanosleep(rqtp: c000069f10, rmtp: 0)
             exe-1049981 [000] ..... 1636446.018100: sys_ptrace(request: 4204, pid: 10058a, addr: 1, data: c0022e7c70)
             exe-1049981 [000] ..... 1636446.018103: sys_ptrace -> 0x0
             exe-1049981 [000] ..... 1636446.018105: sys_ptrace(request: 4204, pid: 10058a, addr: 202, data: c0022e7c70)
             exe-1049722 [002] ..... 1636446.018108: sys_epoll_pwait -> 0x0
             exe-1049981 [000] ..... 1636446.018108: sys_ptrace -> 0x0
             exe-1049673 [001] ..... 1636446.018116: sys_nanosleep -> 0x0
             exe-1049673 [001] ..... 1636446.018121: sys_nanosleep(rqtp: c000069f10, rmtp: 0)
             exe-1049981 [000] ..... 1636446.018128: sys_ptrace(request: 4205, pid: 10058a, addr: 1, data: c0022e7c70)
             exe-1049722 [002] ..... 1636446.018128: sys_epoll_pwait(epfd: 11, events: c000409840, maxevents: 80, timeout: 1, sigmask: 0, sigsetsize: 0)
             exe-1049981 [000] ..... 1636446.018130: sys_ptrace -> 0x0
             exe-1049981 [000] ..... 1636446.018132: sys_ptrace(request: 4205, pid: 10058a, addr: 202, data: c0022e7c70)
             exe-1049981 [000] ..... 1636446.018142: sys_ptrace -> 0x0
             exe-1049981 [000] ..... 1636446.018144: sys_ptrace(request: 1f, pid: 10058a, addr: 0, data: 0)
             exe-1049981 [000] .N... 1636446.018151: sys_ptrace -> 0x0
             exe-1049994 [000] ..... 1636446.018161: sys_sendto -> 0xffffffffffffffea
             exe-1049981 [000] ..... 1636446.018180: sys_wait4(upid: 10058a, stat_addr: c0022e7bf4, options: 40000002, ru: 0)
             exe-1049981 [000] ..... 1636446.018182: sys_wait4 -> 0x10058a
             exe-1049981 [000] ..... 1636446.018184: sys_ptrace(request: 4204, pid: 10058a, addr: 1, data: c0022e7c70)
             exe-1049981 [000] ..... 1636446.018188: sys_ptrace -> 0x0
             exe-1049981 [000] ..... 1636446.018189: sys_ptrace(request: 4204, pid: 10058a, addr: 202, data: c0022e7c70)
             exe-1049981 [000] ..... 1636446.018192: sys_ptrace -> 0x0
             exe-1049567 [001] ..... 1636446.018210: sys_nanosleep -> 0x0
             exe-1049567 [001] ..... 1636446.018216: sys_nanosleep(rqtp: c000069f10, rmtp: 0)
             exe-1049981 [000] ..... 1636446.018218: sys_pwrite64(fd: 63, buf: 7fd66e1fd080, count: 5b, pos: 5d)
             exe-1049981 [000] ..... 1636446.018220: tracing_mark_write: sendto(fd=343, buff=0x564597017800, len=1, flags=0x8, addr=0x564597017b60, addr_len=16) end
             exe-1049981 [000] ..... 1636446.088691: tracing_mark_write: sendto(fd=332, buff=0x5645970afda0, len=2109, flags=0x8, addr=0x5645970afd20, addr_len=110) start
             exe-1049981 [000] ..... 1636446.088708: sys_pwrite64 -> 0x61
             exe-1049981 [000] ..... 1636446.088716: sys_ptrace(request: 4205, pid: 10058a, addr: 1, data: c0022e7c70)
             exe-1049981 [000] ..... 1636446.088719: sys_ptrace -> 0x0
             exe-1049981 [000] ..... 1636446.088720: sys_ptrace(request: 4205, pid: 10058a, addr: 202, data: c0022e7c70)
             exe-1049981 [000] ..... 1636446.088732: sys_ptrace -> 0x0
             exe-1049567 [003] ..... 1636446.088734: sys_nanosleep -> 0x0
             exe-1049981 [000] ..... 1636446.088734: sys_ptrace(request: 1f, pid: 10058a, addr: 0, data: 0)
             exe-1049567 [003] ..... 1636446.088740: sys_nanosleep(rqtp: c000069f10, rmtp: 0)
             exe-1049981 [000] .N... 1636446.088741: sys_ptrace -> 0x0
             exe-1049994 [000] ..... 1636446.088752: sys_write -> 0x61
             exe-1049981 [000] ..... 1636446.088773: sys_wait4(upid: 10058a, stat_addr: c0022e7bf4, options: 40000002, ru: 0)
             exe-1049981 [000] ..... 1636446.088775: sys_wait4 -> 0x10058a
             exe-1049981 [000] ..... 1636446.088777: sys_ptrace(request: 4204, pid: 10058a, addr: 1, data: c0022e7c70)
             exe-1049981 [000] ..... 1636446.088780: sys_ptrace -> 0x0
             exe-1049981 [000] ..... 1636446.088782: sys_ptrace(request: 4204, pid: 10058a, addr: 202, data: c0022e7c70)
             exe-1049981 [000] ..... 1636446.088784: sys_ptrace -> 0x0
             exe-1049981 [000] ..... 1636446.088850: sys_ptrace(request: 4205, pid: 10058a, addr: 1, data: c0022e7c70)
             exe-1049981 [000] ..... 1636446.088853: sys_ptrace -> 0x0
             exe-1049981 [000] ..... 1636446.088855: sys_ptrace(request: 4205, pid: 10058a, addr: 202, data: c0022e7c70)
             exe-1049981 [000] ..... 1636446.088867: sys_ptrace -> 0x0
             exe-1049981 [000] ..... 1636446.088868: sys_ptrace(request: 1f, pid: 10058a, addr: 0, data: 0)
             exe-1049981 [000] .N... 1636446.088878: sys_ptrace -> 0x0
             exe-1049994 [000] ..... 1636446.088888: sys_sendto -> 0xffffffffffffffea
             exe-1049981 [000] ..... 1636446.088909: sys_wait4(upid: 10058a, stat_addr: c0022e7bf4, options: 40000002, ru: 0)
             exe-1049981 [000] ..... 1636446.088911: sys_wait4 -> 0x10058a
             exe-1049981 [000] ..... 1636446.088913: sys_ptrace(request: 4204, pid: 10058a, addr: 1, data: c0022e7c70)
             exe-1049981 [000] ..... 1636446.088917: sys_ptrace -> 0x0
             exe-1049981 [000] ..... 1636446.088918: sys_ptrace(request: 4204, pid: 10058a, addr: 202, data: c0022e7c70)
             exe-1049981 [000] ..... 1636446.088921: sys_ptrace -> 0x0
             exe-1049981 [000] ..... 1636446.088931: sys_pwrite64(fd: 63, buf: 7fd66e1fd080, count: 5f, pos: 61)
             exe-1049981 [000] ..... 1636446.088933: tracing_mark_write: sendto(fd=332, buff=0x5645970afda0, len=2109, flags=0x8, addr=0x5645970afd20, addr_len=110) end
             exe-1049981 [000] ..... 1636446.155977: tracing_mark_write: sendto(fd=342, buff=0x564597017800, len=1, flags=0x8, addr=0x5645970afda0, addr_len=1667) start
             exe-1049981 [000] ..... 1636446.155979: sys_pwrite64 -> 0x5f
             exe-1049981 [000] ..... 1636446.155985: sys_ptrace(request: 4205, pid: 10058a, addr: 1, data: c0022e7c70)
             exe-1049981 [000] ..... 1636446.155988: sys_ptrace -> 0x0
             exe-1049981 [000] ..... 1636446.155990: sys_ptrace(request: 4205, pid: 10058a, addr: 202, data: c0022e7c70)
             exe-1049981 [000] ..... 1636446.156000: sys_ptrace -> 0x0
             exe-1049981 [000] ..... 1636446.156002: sys_ptrace(request: 1f, pid: 10058a, addr: 0, data: 0)
             exe-1049981 [000] ..... 1636446.156010: sys_ptrace -> 0x0
             exe-1049981 [000] ..... 1636446.156012: sys_wait4(upid: 10058a, stat_addr: c0022e7bf4, options: 40000002, ru: 0)
             exe-1049673 [001] ..... 1636446.156014: sys_nanosleep -> 0x0
             exe-1049673 [001] ..... 1636446.156016: sys_nanosleep(rqtp: c000069f10, rmtp: 0)
             exe-1049994 [003] ..... 1636446.156040: sys_write -> 0x5f
             exe-1049981 [000] ..... 1636446.156065: sys_wait4 -> 0x10058a
             exe-1049567 [003] ..... 1636446.156067: sys_nanosleep -> 0x0
             exe-1049981 [000] ..... 1636446.156068: sys_ptrace(request: 4204, pid: 10058a, addr: 1, data: c0022e7c70)
             exe-1049981 [000] ..... 1636446.156071: sys_ptrace -> 0x0
             exe-1049981 [000] ..... 1636446.156072: sys_ptrace(request: 4204, pid: 10058a, addr: 202, data: c0022e7c70)
             exe-1049567 [003] ..... 1636446.156073: sys_nanosleep(rqtp: c000069f10, rmtp: 0)
             exe-1049981 [000] ..... 1636446.156074: sys_ptrace -> 0x0
             exe-1049981 [000] ..... 1636446.156082: sys_ptrace(request: 4205, pid: 10058a, addr: 1, data: c0022e7c70)
             exe-1049981 [000] ..... 1636446.156085: sys_ptrace -> 0x0
             exe-1049981 [000] ..... 1636446.156086: sys_ptrace(request: 4205, pid: 10058a, addr: 202, data: c0022e7c70)
             exe-1049981 [000] ..... 1636446.156096: sys_ptrace -> 0x0
             exe-1049981 [000] ..... 1636446.156098: sys_ptrace(request: 1f, pid: 10058a, addr: 0, data: 0)
             exe-1049981 [000] ..... 1636446.156104: sys_ptrace -> 0x0
             exe-1049981 [000] ..... 1636446.156106: sys_wait4(upid: 10058a, stat_addr: c0022e7bf4, options: 40000002, ru: 0)
             exe-1049994 [003] ..... 1636446.156121: sys_sendto -> 0xffffffffffffffea
             exe-1049981 [000] ..... 1636446.156144: sys_wait4 -> 0x10058a
             exe-1049981 [000] ..... 1636446.156146: sys_ptrace(request: 4204, pid: 10058a, addr: 1, data: c0022e7c70)
             exe-1049981 [000] ..... 1636446.156149: sys_ptrace -> 0x0
             exe-1049981 [000] ..... 1636446.156150: sys_ptrace(request: 4204, pid: 10058a, addr: 202, data: c0022e7c70)
             exe-1049981 [000] ..... 1636446.156152: sys_ptrace -> 0x0
             exe-1049981 [000] ..... 1636446.156158: sys_pwrite64(fd: 63, buf: 7fd66e1fd080, count: 5d, pos: 5f)
             exe-1049981 [000] ..... 1636446.156160: tracing_mark_write: sendto(fd=342, buff=0x564597017800, len=1, flags=0x8, addr=0x5645970afda0, addr_len=1667) end
             exe-1049981 [000] ..... 1636446.227969: tracing_mark_write: sendto(fd=309, buff=0x564597017800, len=1, flags=0x8, addr=0x5645970b0db0, addr_len=110) start
             exe-1049981 [000] ..... 1636446.227971: sys_pwrite64 -> 0x5e
             exe-1049981 [000] ..... 1636446.227976: sys_ptrace(request: 4205, pid: 10058a, addr: 1, data: c0022e7c70)
             exe-1049981 [000] ..... 1636446.227979: sys_ptrace -> 0x0
             exe-1049981 [000] ..... 1636446.227981: sys_ptrace(request: 4205, pid: 10058a, addr: 202, data: c0022e7c70)
             exe-1049981 [000] ..... 1636446.227989: sys_ptrace -> 0x0
             exe-1049981 [000] ..... 1636446.227991: sys_ptrace(request: 1f, pid: 10058a, addr: 0, data: 0)
             exe-1049981 [000] ..... 1636446.227998: sys_ptrace -> 0x0
             exe-1049981 [000] ..... 1636446.228000: sys_wait4(upid: 10058a, stat_addr: c0022e7bf4, options: 40000002, ru: 0)
             exe-1049673 [001] ..... 1636446.228002: sys_nanosleep -> 0x0
             exe-1049673 [001] ..... 1636446.228008: sys_nanosleep(rqtp: c000069f10, rmtp: 0)
             exe-1049994 [003] ..... 1636446.228012: sys_write -> 0x5e
             exe-1049981 [000] ..... 1636446.228032: sys_wait4 -> 0x10058a
             exe-1049981 [000] ..... 1636446.228034: sys_ptrace(request: 4204, pid: 10058a, addr: 1, data: c0022e7c70)
             exe-1049981 [000] ..... 1636446.228041: sys_ptrace -> 0x0
             exe-1049981 [000] ..... 1636446.228043: sys_ptrace(request: 4204, pid: 10058a, addr: 202, data: c0022e7c70)
             exe-1049981 [000] ..... 1636446.228046: sys_ptrace -> 0x0
             exe-1049567 [003] ..... 1636446.228059: sys_nanosleep -> 0x0
             exe-1049567 [003] ..... 1636446.228064: sys_nanosleep(rqtp: c000069f10, rmtp: 0)
             exe-1049981 [000] ..... 1636446.228099: sys_ptrace(request: 4205, pid: 10058a, addr: 1, data: c0022e7c70)
             exe-1049981 [000] ..... 1636446.228102: sys_ptrace -> 0x0
             exe-1049981 [000] ..... 1636446.228104: sys_ptrace(request: 4205, pid: 10058a, addr: 202, data: c0022e7c70)
             exe-1049981 [000] ..... 1636446.228114: sys_ptrace -> 0x0
             exe-1049981 [000] ..... 1636446.228116: sys_ptrace(request: 1f, pid: 10058a, addr: 0, data: 0)
             exe-1049981 [000] ..... 1636446.228123: sys_ptrace -> 0x0
             exe-1049981 [000] ..... 1636446.228125: sys_wait4(upid: 10058a, stat_addr: c0022e7bf4, options: 40000002, ru: 0)
             exe-1049994 [003] ..... 1636446.228159: sys_sendto -> 0xffffffffffffff95
             exe-1049567 [003] ..... 1636446.228181: sys_nanosleep -> 0x0
             exe-1049722 [000] ..... 1636446.228184: sys_epoll_pwait -> 0x0
             exe-1049567 [003] ..... 1636446.228186: sys_nanosleep(rqtp: c000069f10, rmtp: 0)
             exe-1049722 [000] ..... 1636446.228195: sys_epoll_pwait(epfd: 11, events: c000409840, maxevents: 80, timeout: 1, sigmask: 0, sigsetsize: 0)
             exe-1049981 [000] ..... 1636446.228206: sys_wait4 -> 0x10058a
             exe-1049673 [001] ..... 1636446.228208: sys_nanosleep -> 0x0
             exe-1049981 [000] ..... 1636446.228209: sys_ptrace(request: 4204, pid: 10058a, addr: 1, data: c0022e7c70)
             exe-1049981 [000] ..... 1636446.228212: sys_ptrace -> 0x0
             exe-1049981 [000] ..... 1636446.228213: sys_ptrace(request: 4204, pid: 10058a, addr: 202, data: c0022e7c70)
             exe-1049673 [001] ..... 1636446.228214: sys_nanosleep(rqtp: c000069f10, rmtp: 0)
             exe-1049981 [000] ..... 1636446.228216: sys_ptrace -> 0x0
             exe-1049981 [000] ..... 1636446.228225: sys_pwrite64(fd: 63, buf: 7fd66e1fd080, count: 5c, pos: 5e)
             exe-1049981 [000] ..... 1636446.228227: tracing_mark_write: sendto(fd=309, buff=0x564597017800, len=1, flags=0x8, addr=0x5645970b0db0, addr_len=110) end
             exe-1049981 [001] ..... 1636446.308844: tracing_mark_write: sendto(fd=349, buff=0x564597017800, len=1, flags=0x8, addr=0x5645970b0e30, addr_len=681) start
             exe-1049981 [001] ..... 1636446.308846: sys_pwrite64 -> 0x5e
             exe-1049981 [001] ..... 1636446.308894: sys_ptrace(request: 4205, pid: 10058a, addr: 1, data: c0022e7c70)
             exe-1049981 [001] .N... 1636446.308898: sys_ptrace -> 0x0
             exe-1049673 [001] ..... 1636446.308909: sys_nanosleep -> 0x0
             exe-1049673 [001] ..... 1636446.308917: sys_futex(uaddr: 1f09dc0, op: 80, val: 0, utime: c000069eb0, uaddr2: 0, val3: 0)
             exe-1049981 [001] ..... 1636446.308937: sys_ptrace(request: 4205, pid: 10058a, addr: 202, data: c0022e7c70)
             exe-1049981 [001] ..... 1636446.308954: sys_ptrace -> 0x0
             exe-1049981 [001] ..... 1636446.308956: sys_ptrace(request: 1f, pid: 10058a, addr: 0, data: 0)
             exe-1049981 [001] ..... 1636446.308972: sys_ptrace -> 0x0
             exe-1049981 [001] ..... 1636446.308975: sys_wait4(upid: 10058a, stat_addr: c0022e7bf4, options: 40000002, ru: 0)
             exe-1049994 [003] ..... 1636446.309007: sys_write -> 0x5e
             exe-1049981 [001] ..... 1636446.309031: sys_wait4 -> 0x10058a
             exe-1049981 [001] ..... 1636446.309034: sys_ptrace(request: 4204, pid: 10058a, addr: 1, data: c0022e7c70)
             exe-1049981 [001] ..... 1636446.309038: sys_ptrace -> 0x0
             exe-1049981 [001] ..... 1636446.309039: sys_ptrace(request: 4204, pid: 10058a, addr: 202, data: c0022e7c70)
             exe-1049981 [001] ..... 1636446.309042: sys_ptrace -> 0x0
             exe-1049981 [001] ..... 1636446.309055: sys_ptrace(request: 4205, pid: 10058a, addr: 1, data: c0022e7c70)
             exe-1049981 [001] ..... 1636446.309058: sys_ptrace -> 0x0
             exe-1049981 [001] ..... 1636446.309060: sys_ptrace(request: 4205, pid: 10058a, addr: 202, data: c0022e7c70)
             exe-1049981 [001] ..... 1636446.309068: sys_ptrace -> 0x0
             exe-1049981 [001] ..... 1636446.309070: sys_ptrace(request: 1f, pid: 10058a, addr: 0, data: 0)
             exe-1049981 [001] ..... 1636446.309077: sys_ptrace -> 0x0
             exe-1049981 [001] .N... 1636446.309100: sys_wait4(upid: 10058a, stat_addr: c0022e7bf4, options: 40000002, ru: 0)
             exe-1049994 [003] ..... 1636446.309135: sys_sendto -> 0xffffffffffffffea
             exe-1049981 [001] ..... 1636446.309160: sys_wait4 -> 0x10058a
             exe-1049981 [001] ..... 1636446.309167: sys_ptrace(request: 4204, pid: 10058a, addr: 1, data: c0022e7c70)
             exe-1049981 [001] ..... 1636446.309171: sys_ptrace -> 0x0
             exe-1049981 [001] ..... 1636446.309173: sys_ptrace(request: 4204, pid: 10058a, addr: 202, data: c0022e7c70)
             exe-1049981 [001] ..... 1636446.309176: sys_ptrace -> 0x0
             exe-1049981 [001] ..... 1636446.309192: sys_pwrite64(fd: 63, buf: 7fd66e1fd080, count: 5c, pos: 5e)
             exe-1049981 [001] ..... 1636446.309195: tracing_mark_write: sendto(fd=349, buff=0x564597017800, len=1, flags=0x8, addr=0x5645970b0e30, addr_len=681) end
             exe-1049981 [001] ..... 1636446.378234: tracing_mark_write: sendto(fd=334, buff=0x564597017800, len=1, flags=0x8, addr=0x5645970719d0, addr_len=30) start
             exe-1049981 [001] ..... 1636446.378236: sys_pwrite64 -> 0x5d
             exe-1049673 [003] ..... 1636446.378250: sys_nanosleep -> 0x0
             exe-1049673 [003] ..... 1636446.378258: sys_nanosleep(rqtp: c000069f10, rmtp: 0)
             exe-1049567 [003] ..... 1636446.378287: sys_nanosleep -> 0x0
             exe-1049567 [003] ..... 1636446.378293: sys_nanosleep(rqtp: c000069f10, rmtp: 0)
             exe-1049981 [001] ..... 1636446.378319: sys_ptrace(request: 4205, pid: 10058a, addr: 1, data: c0022e7c70)
             exe-1049981 [001] ..... 1636446.378324: sys_ptrace -> 0x0
             exe-1049981 [001] ..... 1636446.378326: sys_ptrace(request: 4205, pid: 10058a, addr: 202, data: c0022e7c70)
             exe-1049981 [001] ..... 1636446.378340: sys_ptrace -> 0x0
             exe-1049981 [001] ..... 1636446.378343: sys_ptrace(request: 1f, pid: 10058a, addr: 0, data: 0)
             exe-1049981 [001] ..... 1636446.378354: sys_ptrace -> 0x0
             exe-1049981 [001] ..... 1636446.378357: sys_wait4(upid: 10058a, stat_addr: c0022e7bf4, options: 40000002, ru: 0)
             exe-1049994 [003] ..... 1636446.378399: sys_write -> 0x5d
             exe-1049981 [001] ..... 1636446.378424: sys_wait4 -> 0x10058a
             exe-1049567 [003] ..... 1636446.378424: sys_nanosleep -> 0x0
             exe-1049981 [001] ..... 1636446.378427: sys_ptrace(request: 4204, pid: 10058a, addr: 1, data: c0022e7c70)
             exe-1049567 [003] ..... 1636446.378430: sys_nanosleep(rqtp: c000069f10, rmtp: 0)
             exe-1049981 [001] ..... 1636446.378431: sys_ptrace -> 0x0
             exe-1049981 [001] ..... 1636446.378432: sys_ptrace(request: 4204, pid: 10058a, addr: 202, data: c0022e7c70)
             exe-1049981 [001] ..... 1636446.378441: sys_ptrace -> 0x0
             exe-1049981 [001] ..... 1636446.378488: sys_ptrace(request: 4205, pid: 10058a, addr: 1, data: c0022e7c70)
             exe-1049673 [003] ..... 1636446.378509: sys_nanosleep -> 0x0
             exe-1049981 [001] .N... 1636446.378515: sys_ptrace -> 0x0
             exe-1049673 [003] ..... 1636446.378516: sys_nanosleep(rqtp: c000069f10, rmtp: 0)
             exe-1049567 [003] ..... 1636446.378542: sys_nanosleep -> 0x0
             exe-1049567 [003] ..... 1636446.378548: sys_nanosleep(rqtp: c000069f10, rmtp: 0)
             exe-1049981 [001] ..... 1636446.378562: sys_ptrace(request: 4205, pid: 10058a, addr: 202, data: c0022e7c70)
             exe-1049981 [001] ..... 1636446.378579: sys_ptrace -> 0x0
             exe-1049981 [001] ..... 1636446.378581: sys_ptrace(request: 1f, pid: 10058a, addr: 0, data: 0)
             exe-1049981 [001] ..... 1636446.378591: sys_ptrace -> 0x0
             exe-1049981 [001] ..... 1636446.378594: sys_wait4(upid: 10058a, stat_addr: c0022e7bf4, options: 40000002, ru: 0)
             exe-1049994 [003] ..... 1636446.378609: sys_sendto -> 0xffffffffffffffea
             exe-1049981 [001] ..... 1636446.378639: sys_wait4 -> 0x10058a
             exe-1049981 [001] ..... 1636446.378642: sys_ptrace(request: 4204, pid: 10058a, addr: 1, data: c0022e7c70)
             exe-1049567 [003] ..... 1636446.378659: sys_nanosleep -> 0x0
             exe-1049981 [001] ..... 1636446.378661: sys_ptrace -> 0x0
             exe-1049981 [001] ..... 1636446.378663: sys_ptrace(request: 4204, pid: 10058a, addr: 202, data: c0022e7c70)
             exe-1049567 [003] ..... 1636446.378665: sys_nanosleep(rqtp: c000069f10, rmtp: 0)
             exe-1049981 [001] ..... 1636446.378665: sys_ptrace -> 0x0
             exe-1049981 [001] ..... 1636446.378684: sys_pwrite64(fd: 63, buf: 7fd66e1fd080, count: 5b, pos: 5d)
             exe-1049981 [001] ..... 1636446.378686: tracing_mark_write: sendto(fd=334, buff=0x564597017800, len=1, flags=0x8, addr=0x5645970719d0, addr_len=30) end
             exe-1049981 [001] ..... 1636446.450309: tracing_mark_write: sendto(fd=297, buff=0x564597017800, len=1, flags=0x8, addr=0x5645970b1e40, addr_len=110) start
             exe-1049981 [001] ..... 1636446.450311: sys_pwrite64 -> 0x5e
             exe-1049981 [001] ..... 1636446.450316: sys_ptrace(request: 4205, pid: 10058a, addr: 1, data: c0022e7c70)
             exe-1049981 [001] ..... 1636446.450319: sys_ptrace -> 0x0
             exe-1049981 [001] ..... 1636446.450320: sys_ptrace(request: 4205, pid: 10058a, addr: 202, data: c0022e7c70)
             exe-1049981 [001] ..... 1636446.450329: sys_ptrace -> 0x0
             exe-1049981 [001] ..... 1636446.450331: sys_ptrace(request: 1f, pid: 10058a, addr: 0, data: 0)
             exe-1049981 [001] ..... 1636446.450339: sys_ptrace -> 0x0
             exe-1049981 [001] ..... 1636446.450341: sys_wait4(upid: 10058a, stat_addr: c0022e7bf4, options: 40000002, ru: 0)
             exe-1049994 [003] ..... 1636446.450356: sys_write -> 0x5e
             exe-1049981 [001] ..... 1636446.450376: sys_wait4 -> 0x10058a
             exe-1049981 [001] ..... 1636446.450379: sys_ptrace(request: 4204, pid: 10058a, addr: 1, data: c0022e7c70)
             exe-1049981 [001] ..... 1636446.450381: sys_ptrace -> 0x0
             exe-1049981 [001] ..... 1636446.450383: sys_ptrace(request: 4204, pid: 10058a, addr: 202, data: c0022e7c70)
             exe-1049981 [001] ..... 1636446.450385: sys_ptrace -> 0x0
             exe-1049981 [001] ..... 1636446.450443: sys_ptrace(request: 4205, pid: 10058a, addr: 1, data: c0022e7c70)
             exe-1049981 [001] ..... 1636446.450446: sys_ptrace -> 0x0
             exe-1049981 [001] ..... 1636446.450447: sys_ptrace(request: 4205, pid: 10058a, addr: 202, data: c0022e7c70)
             exe-1049981 [001] ..... 1636446.450456: sys_ptrace -> 0x0
             exe-1049981 [001] ..... 1636446.450458: sys_ptrace(request: 1f, pid: 10058a, addr: 0, data: 0)
             exe-1049981 [001] ..... 1636446.450465: sys_ptrace -> 0x0
             exe-1049981 [001] ..... 1636446.450467: sys_wait4(upid: 10058a, stat_addr: c0022e7bf4, options: 40000002, ru: 0)
             exe-1049994 [003] ..... 1636446.450476: sys_sendto -> 0xffffffffffffffea
             exe-1049981 [001] ..... 1636446.450492: sys_wait4 -> 0x10058a
             exe-1049981 [001] ..... 1636446.450495: sys_ptrace(request: 4204, pid: 10058a, addr: 1, data: c0022e7c70)
             exe-1049981 [001] ..... 1636446.450498: sys_ptrace -> 0x0
             exe-1049981 [001] ..... 1636446.450500: sys_ptrace(request: 4204, pid: 10058a, addr: 202, data: c0022e7c70)
             exe-1049981 [001] ..... 1636446.450502: sys_ptrace -> 0x0
             exe-1049981 [001] ..... 1636446.450509: sys_pwrite64(fd: 63, buf: 7fd66e1fd080, count: 5c, pos: 5e)
             exe-1049981 [001] ..... 1636446.450511: tracing_mark_write: sendto(fd=297, buff=0x564597017800, len=1, flags=0x8, addr=0x5645970b1e40, addr_len=110) end
             exe-1049981 [002] ..... 1636446.534932: tracing_mark_write: sendto(fd=316, buff=0x564597017890, len=1, flags=0x9, addr=0x564597017800, addr_len=16) start
             exe-1049981 [002] ..... 1636446.534934: sys_pwrite64 -> 0x5d
             exe-1049981 [002] ..... 1636446.534940: sys_ptrace(request: 4205, pid: 10058a, addr: 1, data: c0022e7c70)
             exe-1049981 [002] ..... 1636446.534943: sys_ptrace -> 0x0
             exe-1049981 [002] ..... 1636446.534944: sys_ptrace(request: 4205, pid: 10058a, addr: 202, data: c0022e7c70)
             exe-1049981 [002] ..... 1636446.534956: sys_ptrace -> 0x0
             exe-1049981 [002] ..... 1636446.534957: sys_ptrace(request: 1f, pid: 10058a, addr: 0, data: 0)
             exe-1049981 [002] .N... 1636446.534964: sys_ptrace -> 0x0
             exe-1049994 [002] ..... 1636446.534975: sys_write -> 0x5d
             exe-1049981 [002] ..... 1636446.534994: sys_wait4(upid: 10058a, stat_addr: c0022e7bf4, options: 40000002, ru: 0)
             exe-1049981 [002] ..... 1636446.534996: sys_wait4 -> 0x10058a
             exe-1049981 [002] ..... 1636446.534998: sys_ptrace(request: 4204, pid: 10058a, addr: 1, data: c0022e7c70)
             exe-1049981 [002] ..... 1636446.535002: sys_ptrace -> 0x0
             exe-1049981 [002] ..... 1636446.535003: sys_ptrace(request: 4204, pid: 10058a, addr: 202, data: c0022e7c70)
             exe-1049981 [002] ..... 1636446.535005: sys_ptrace -> 0x0
             exe-1049981 [002] ..... 1636446.535110: sys_ptrace(request: 4205, pid: 10058a, addr: 1, data: c0022e7c70)
             exe-1049981 [002] ..... 1636446.535113: sys_ptrace -> 0x0
             exe-1049981 [002] ..... 1636446.535121: sys_ptrace(request: 4205, pid: 10058a, addr: 202, data: c0022e7c70)
             exe-1049981 [002] ..... 1636446.535134: sys_ptrace -> 0x0
             exe-1049981 [002] ..... 1636446.535136: sys_ptrace(request: 1f, pid: 10058a, addr: 0, data: 0)
             exe-1049981 [002] .N... 1636446.535144: sys_ptrace -> 0x0
             exe-1049994 [002] ..... 1636446.535155: sys_sendto -> 0xffffffffffffffea
             exe-1049981 [002] ..... 1636446.535177: sys_wait4(upid: 10058a, stat_addr: c0022e7bf4, options: 40000002, ru: 0)
             exe-1049981 [002] ..... 1636446.535180: sys_wait4 -> 0x10058a
             exe-1049981 [002] ..... 1636446.535183: sys_ptrace(request: 4204, pid: 10058a, addr: 1, data: c0022e7c70)
             exe-1049981 [002] ..... 1636446.535186: sys_ptrace -> 0x0
             exe-1049981 [002] ..... 1636446.535188: sys_ptrace(request: 4204, pid: 10058a, addr: 202, data: c0022e7c70)
             exe-1049981 [002] ..... 1636446.535190: sys_ptrace -> 0x0
             exe-1049981 [002] ..... 1636446.535202: sys_pwrite64(fd: 63, buf: 7fd66e1fd080, count: 5b, pos: 5d)
             exe-1049981 [002] ..... 1636446.535204: tracing_mark_write: sendto(fd=316, buff=0x564597017890, len=1, flags=0x9, addr=0x564597017800, addr_len=16) end
             exe-1049981 [002] ..... 1636446.601514: tracing_mark_write: sendto(fd=314, buff=0x564597017890, len=1, flags=0x9, addr=0x5645970b1ec0, addr_len=110) start
             exe-1049981 [002] ..... 1636446.601516: sys_pwrite64 -> 0x5e
             exe-1049673 [000] ..... 1636446.601519: sys_nanosleep -> 0x0
             exe-1049981 [002] ..... 1636446.601523: sys_ptrace(request: 4205, pid: 10058a, addr: 1, data: c0022e7c70)
             exe-1049981 [002] ..... 1636446.601526: sys_ptrace -> 0x0
             exe-1049673 [000] ..... 1636446.601526: sys_futex(uaddr: 1f09dc0, op: 80, val: 0, utime: c000069eb0, uaddr2: 0, val3: 0)
             exe-1049981 [002] ..... 1636446.601527: sys_ptrace(request: 4205, pid: 10058a, addr: 202, data: c0022e7c70)
             exe-1049981 [002] ..... 1636446.601540: sys_ptrace -> 0x0
             exe-1049981 [002] ..... 1636446.601541: sys_ptrace(request: 1f, pid: 10058a, addr: 0, data: 0)
             exe-1049567 [000] ..... 1636446.601543: sys_nanosleep -> 0x0
             exe-1049567 [000] ..... 1636446.601549: sys_nanosleep(rqtp: c000069f10, rmtp: 0)
             exe-1049981 [002] .N... 1636446.601549: sys_ptrace -> 0x0
             exe-1049994 [002] ..... 1636446.601560: sys_write -> 0x5e
             exe-1049981 [002] ..... 1636446.601580: sys_wait4(upid: 10058a, stat_addr: c0022e7bf4, options: 40000002, ru: 0)
             exe-1049981 [002] ..... 1636446.601583: sys_wait4 -> 0x10058a
             exe-1049981 [002] ..... 1636446.601585: sys_ptrace(request: 4204, pid: 10058a, addr: 1, data: c0022e7c70)
             exe-1049981 [002] ..... 1636446.601588: sys_ptrace -> 0x0
             exe-1049981 [002] ..... 1636446.601590: sys_ptrace(request: 4204, pid: 10058a, addr: 202, data: c0022e7c70)
             exe-1049981 [002] ..... 1636446.601592: sys_ptrace -> 0x0
             exe-1049567 [000] ..... 1636446.601644: sys_nanosleep -> 0x0
             exe-1049981 [002] ..... 1636446.601645: sys_ptrace(request: 4205, pid: 10058a, addr: 1, data: c0022e7c70)
             exe-1049567 [000] ..... 1636446.601648: sys_nanosleep(rqtp: c000069f10, rmtp: 0)
             exe-1049981 [002] ..... 1636446.601648: sys_ptrace -> 0x0
             exe-1049981 [002] ..... 1636446.601650: sys_ptrace(request: 4205, pid: 10058a, addr: 202, data: c0022e7c70)
             exe-1049981 [002] ..... 1636446.601663: sys_ptrace -> 0x0
             exe-1049981 [002] ..... 1636446.601665: sys_ptrace(request: 1f, pid: 10058a, addr: 0, data: 0)
             exe-1049981 [002] .N... 1636446.601675: sys_ptrace -> 0x0
             exe-1049994 [002] ..... 1636446.601687: sys_sendto -> 0xffffffffffffff95
             exe-1049981 [002] ..... 1636446.601709: sys_wait4(upid: 10058a, stat_addr: c0022e7bf4, options: 40000002, ru: 0)
             exe-1049981 [002] ..... 1636446.601712: sys_wait4 -> 0x10058a
             exe-1049981 [002] ..... 1636446.601714: sys_ptrace(request: 4204, pid: 10058a, addr: 1, data: c0022e7c70)
             exe-1049981 [002] ..... 1636446.601719: sys_ptrace -> 0x0
             exe-1049981 [002] ..... 1636446.601721: sys_ptrace(request: 4204, pid: 10058a, addr: 202, data: c0022e7c70)
             exe-1049981 [002] ..... 1636446.601723: sys_ptrace -> 0x0
             exe-1049567 [000] ..... 1636446.601734: sys_nanosleep -> 0x0
             exe-1049981 [002] ..... 1636446.601734: sys_pwrite64(fd: 63, buf: 7fd66e1fd080, count: 5c, pos: 5e)
             exe-1049567 [000] ..... 1636446.601736: sys_nanosleep(rqtp: c000069f10, rmtp: 0)
             exe-1049981 [002] ..... 1636446.601737: tracing_mark_write: sendto(fd=314, buff=0x564597017890, len=1, flags=0x9, addr=0x5645970b1ec0, addr_len=110) end
             exe-1049981 [002] ..... 1636446.661747: tracing_mark_write: sendto(fd=308, buff=0x564597017890, len=1, flags=0x9, addr=0x5645970b1f40, addr_len=110) start
