             exe-1049981 [002] ..... 1636448.811023: sys_pwrite64(fd: 63, buf: 7fd66e1fd080, count: 5f, pos: 61)
             exe-1049981 [002] ..... 1636448.811026: tracing_mark_write: sendto(fd=330, buff=0x5645970b8e90, len=2051, flags=0xb, addr=0x5645970b8e10, addr_len=110) end
             exe-1049981 [001] ..... 1636448.905007: tracing_mark_write: sendto(fd=325, buff=0x5645970b8f10, len=3710, flags=0xb, addr=0x5645970b8e90, addr_len=110) start
             exe-1049981 [001] ..... 1636448.905009: sys_pwrite64 -> 0x61
             exe-1049673 [002] ..... 1636448.905022: sys_nanosleep -> 0x0
             exe-1049673 [002] ..... 1636448.905029: sys_nanosleep(rqtp: c000069f10, rmtp: 0)
             exe-1049673 [002] ..... 1636448.905141: sys_nanosleep -> 0x0
             exe-1049673 [002] ..... 1636448.905146: sys_nanosleep(rqtp: c000069f10, rmtp: 0)
             exe-1049673 [002] ..... 1636448.905238: sys_nanosleep -> 0x0
             exe-1049673 [002] ..... 1636448.905241: sys_nanosleep(rqtp: c000069f10, rmtp: 0)
             exe-1049673 [002] ..... 1636448.905335: sys_nanosleep -> 0x0
             exe-1049673 [002] ..... 1636448.905338: sys_nanosleep(rqtp: c000069f10, rmtp: 0)
             exe-1049673 [002] ..... 1636448.905428: sys_nanosleep -> 0x0
             exe-1049673 [002] ..... 1636448.905431: sys_nanosleep(rqtp: c000069f10, rmtp: 0)
             exe-1049567 [002] ..... 1636448.905533: sys_nanosleep -> 0x0
             exe-1049567 [002] ..... 1636448.905541: sys_nanosleep(rqtp: c000069f10, rmtp: 0)
             exe-1049673 [002] ..... 1636448.905562: sys_nanosleep -> 0x0
             exe-1049673 [002] ..... 1636448.905569: sys_nanosleep(rqtp: c000069f10, rmtp: 0)
             exe-1049722 [001] ..... 1636448.905598: sys_epoll_pwait -> 0x0
             exe-1049722 [001] ..... 1636448.905632: sys_epoll_pwait(epfd: 11, events: c000409840, maxevents: 80, timeout: 1, sigmask: 0, sigsetsize: 0)
             exe-1049981 [001] ..... 1636448.905659: sys_ptrace(request: 4205, pid: 10058a, addr: 1, data: c0022e7c70)
             exe-1049981 [001] ..... 1636448.905665: sys_ptrace -> 0x0
             exe-1049981 [001] ..... 1636448.905666: sys_ptrace(request: 4205, pid: 10058a, addr: 202, data: c0022e7c70)
             exe-1049673 [002] ..... 1636448.905669: sys_nanosleep -> 0x0
             exe-1049673 [002] ..... 1636448.905673: sys_nanosleep(rqtp: c000069f10, rmtp: 0)
             exe-1049981 [001] ..... 1636448.905688: sys_ptrace -> 0x0
             exe-1049981 [001] ..... 1636448.905690: sys_ptrace(request: 1f, pid: 10058a, addr: 0, data: 0)
             exe-1049981 [001] ..... 1636448.905698: sys_ptrace -> 0x0
             exe-1049981 [001] ..... 1636448.905701: sys_wait4(upid: 10058a, stat_addr: c0022e7bf4, options: 40000002, ru: 0)
             exe-1049994 [002] ..... 1636448.905717: sys_write -> 0x61
             exe-1049673 [002] ..... 1636448.905781: sys_nanosleep -> 0x0
             exe-1049673 [002] ..... 1636448.905788: sys_nanosleep(rqtp: c000069f10, rmtp: 0)
             exe-1049673 [002] ..... 1636448.905891: sys_nanosleep -> 0x0
             exe-1049673 [002] ..... 1636448.905896: sys_nanosleep(rqtp: c000069f10, rmtp: 0)
             exe-1049673 [002] ..... 1636448.905992: sys_nanosleep -> 0x0
             exe-1049673 [002] ..... 1636448.905997: sys_nanosleep(rqtp: c000069f10, rmtp: 0)
             exe-1049673 [002] ..... 1636448.906089: sys_nanosleep -> 0x0
             exe-1049673 [002] ..... 1636448.906093: sys_nanosleep(rqtp: c000069f10, rmtp: 0)
             exe-1049673 [002] ..... 1636448.906188: sys_nanosleep -> 0x0
             exe-1049673 [002] ..... 1636448.906193: sys_epoll_pwait(epfd: 10, events: c000069920, maxevents: 80, timeout: 0, sigmask: 0, sigsetsize: 0)
             exe-1049673 [002] ..... 1636448.906196: sys_epoll_pwait -> 0x0
             exe-1049673 [002] ..... 1636448.906199: sys_nanosleep(rqtp: c000069f10, rmtp: 0)
             exe-1049673 [002] ..... 1636448.906294: sys_nanosleep -> 0x0
             exe-1049673 [002] ..... 1636448.906299: sys_nanosleep(rqtp: c000069f10, rmtp: 0)
             exe-1049673 [002] ..... 1636448.906394: sys_nanosleep -> 0x0
             exe-1049673 [002] ..... 1636448.906400: sys_nanosleep(rqtp: c000069f10, rmtp: 0)
             exe-1049673 [002] ..... 1636448.906555: sys_nanosleep -> 0x0
             exe-1049673 [002] ..... 1636448.906562: sys_nanosleep(rqtp: c000069f10, rmtp: 0)
             exe-1049981 [001] ..... 1636448.906635: sys_wait4 -> 0x10058a
             exe-1049981 [001] ..... 1636448.906642: sys_ptrace(request: 4204, pid: 10058a, addr: 1, data: c0022e7c70)
             exe-1049981 [001] ..... 1636448.906649: sys_ptrace -> 0x0
             exe-1049981 [001] ..... 1636448.906650: sys_ptrace(request: 4204, pid: 10058a, addr: 202, data: c0022e7c70)
             exe-1049981 [001] ..... 1636448.906654: sys_ptrace -> 0x0
             exe-1049673 [002] ..... 1636448.906677: sys_nanosleep -> 0x0
             exe-1049673 [002] ..... 1636448.906685: sys_nanosleep(rqtp: c000069f10, rmtp: 0)
             exe-1049673 [002] ..... 1636448.906786: sys_nanosleep -> 0x0
             exe-1049673 [002] ..... 1636448.906850: sys_nanosleep(rqtp: c000069f10, rmtp: 0)
             exe-1049673 [002] ..... 1636448.906962: sys_nanosleep -> 0x0
             exe-1049673 [002] ..... 1636448.906969: sys_nanosleep(rqtp: c000069f10, rmtp: 0)
             exe-1049673 [002] ..... 1636448.907099: sys_nanosleep -> 0x0
             exe-1049673 [002] ..... 1636448.907105: sys_nanosleep(rqtp: c000069f10, rmtp: 0)
             exe-1049673 [002] ..... 1636448.907212: sys_nanosleep -> 0x0
             exe-1049673 [002] ..... 1636448.907218: sys_nanosleep(rqtp: c000069f10, rmtp: 0)
             exe-1049673 [002] ..... 1636448.907338: sys_nanosleep -> 0x0
             exe-1049673 [002] ..... 1636448.907346: sys_nanosleep(rqtp: c000069f10, rmtp: 0)
             exe-1049673 [002] ..... 1636448.907457: sys_nanosleep -> 0x0
             exe-1049673 [002] ..... 1636448.907464: sys_nanosleep(rqtp: c000069f10, rmtp: 0)
             exe-1049722 [001] ..... 1636448.907558: sys_epoll_pwait -> 0x0
             exe-1049673 [002] ..... 1636448.907569: sys_nanosleep -> 0x0
             exe-1049722 [001] ..... 1636448.907574: sys_epoll_pwait(epfd: 11, events: c000409840, maxevents: 80, timeout: 1, sigmask: 0, sigsetsize: 0)
             exe-1049673 [002] ..... 1636448.907576: sys_nanosleep(rqtp: c000069f10, rmtp: 0)
             exe-1049673 [002] ..... 1636448.907685: sys_nanosleep -> 0x0
             exe-1049673 [002] ..... 1636448.907692: sys_nanosleep(rqtp: c000069f10, rmtp: 0)
             exe-1049673 [002] ..... 1636448.907802: sys_nanosleep -> 0x0
             exe-1049673 [002] ..... 1636448.907809: sys_nanosleep(rqtp: c000069f10, rmtp: 0)
             exe-1049673 [002] ..... 1636448.907931: sys_nanosleep -> 0x0
             exe-1049673 [002] ..... 1636448.907938: sys_nanosleep(rqtp: c000069f10, rmtp: 0)
             exe-1049673 [002] ..... 1636448.908054: sys_nanosleep -> 0x0
             exe-1049673 [002] ..... 1636448.908061: sys_nanosleep(rqtp: c000069f10, rmtp: 0)
             exe-1049673 [002] ..... 1636448.908176: sys_nanosleep -> 0x0
             exe-1049673 [002] ..... 1636448.908183: sys_nanosleep(rqtp: c000069f10, rmtp: 0)
             exe-1049673 [002] ..... 1636448.908290: sys_nanosleep -> 0x0
             exe-1049673 [002] ..... 1636448.908296: sys_nanosleep(rqtp: c000069f10, rmtp: 0)
             exe-1049981 [001] ..... 1636448.908386: sys_ptrace(request: 4205, pid: 10058a, addr: 1, data: c0022e7c70)
             exe-1049981 [001] ..... 1636448.908392: sys_ptrace -> 0x0
             exe-1049981 [001] ..... 1636448.908394: sys_ptrace(request: 4205, pid: 10058a, addr: 202, data: c0022e7c70)
             exe-1049673 [002] ..... 1636448.908404: sys_nanosleep -> 0x0
             exe-1049673 [002] ..... 1636448.908411: sys_nanosleep(rqtp: c000069f10, rmtp: 0)
             exe-1049981 [001] ..... 1636448.908426: sys_ptrace -> 0x0
             exe-1049981 [001] ..... 1636448.908428: sys_ptrace(request: 1f, pid: 10058a, addr: 0, data: 0)
             exe-1049981 [001] ..... 1636448.908436: sys_ptrace -> 0x0
             exe-1049981 [001] ..... 1636448.908440: sys_wait4(upid: 10058a, stat_addr: c0022e7bf4, options: 40000002, ru: 0)
             exe-1049994 [002] ..... 1636448.908578: sys_sendto -> 0xffffffffffffffea
             exe-1049673 [002] ..... 1636448.908615: sys_nanosleep -> 0x0
             exe-1049673 [002] ..... 1636448.908623: sys_nanosleep(rqtp: c000069f10, rmtp: 0)
             exe-1049673 [002] ..... 1636448.908881: sys_nanosleep -> 0x0
             exe-1049673 [002] ..... 1636448.908888: sys_nanosleep(rqtp: c000069f10, rmtp: 0)
             exe-1049722 [001] ..... 1636448.909104: sys_epoll_pwait -> 0x0
             exe-1049722 [001] ..... 1636448.909120: sys_futex(uaddr: c000435948, op: 81, val: 1, utime: 0, uaddr2: 0, val3: 0)
             exe-1049722 [001] ..... 1636448.909129: sys_futex -> 0x1
             exe-1049722 [001] ..... 1636448.909146: sys_epoll_pwait(epfd: 11, events: c000409840, maxevents: 80, timeout: 4, sigmask: 0, sigsetsize: 0)
             exe-1049981 [001] ..... 1636448.909161: sys_wait4 -> 0x10058a
             exe-1049981 [001] ..... 1636448.909166: sys_ptrace(request: 4204, pid: 10058a, addr: 1, data: c0022e7c70)
             exe-1049981 [001] ..... 1636448.909175: sys_ptrace -> 0x0
             exe-1049981 [001] ..... 1636448.909176: sys_ptrace(request: 4204, pid: 10058a, addr: 202, data: c0022e7c70)
             exe-1050008 [002] ..... 1636448.909178: sys_futex -> 0x0
             exe-1049981 [001] ..... 1636448.909180: sys_ptrace -> 0x0
             exe-1049981 [001] ..... 1636448.909196: sys_pwrite64(fd: 63, buf: 7fd66e1fd080, count: 5f, pos: 61)
             exe-1049981 [001] ..... 1636448.909199: tracing_mark_write: sendto(fd=325, buff=0x5645970b8f10, len=3710, flags=0xb, addr=0x5645970b8e90, addr_len=110) end
             exe-1049981 [001] ..... 1636448.993247: tracing_mark_write: sendto(fd=323, buff=0x5645970b8f90, len=3659, flags=0xc, addr=0x5645970b8f10, addr_len=110) start
             exe-1049981 [001] ..... 1636448.993249: sys_pwrite64 -> 0x61
             exe-1049981 [001] ..... 1636448.993254: sys_ptrace(request: 4205, pid: 10058a, addr: 1, data: c0022e7c70)
             exe-1049981 [001] ..... 1636448.993256: sys_ptrace -> 0x0
             exe-1049981 [001] ..... 1636448.993257: sys_ptrace(request: 4205, pid: 10058a, addr: 202, data: c0022e7c70)
             exe-1049981 [001] ..... 1636448.993264: sys_ptrace -> 0x0
             exe-1049981 [001] ..... 1636448.993266: sys_ptrace(request: 1f, pid: 10058a, addr: 0, data: 0)
             exe-1049981 [001] ..... 1636448.993272: sys_ptrace -> 0x0
             exe-1049981 [001] ..... 1636448.993274: sys_wait4(upid: 10058a, stat_addr: c0022e7bf4, options: 40000002, ru: 0)
             exe-1049567 [002] ..... 1636448.993301: sys_nanosleep -> 0x0
             exe-1049567 [002] ..... 1636448.993308: sys_nanosleep(rqtp: c000069f10, rmtp: 0)
             exe-1049673 [002] ..... 1636448.993336: sys_nanosleep -> 0x0
             exe-1049673 [002] ..... 1636448.993342: sys_nanosleep(rqtp: c000069f10, rmtp: 0)
             exe-1049994 [002] ..... 1636448.993367: sys_write -> 0x61
             exe-1049981 [001] ..... 1636448.993393: sys_wait4 -> 0x10058a
             exe-1049981 [001] ..... 1636448.993395: sys_ptrace(request: 4204, pid: 10058a, addr: 1, data: c0022e7c70)
             exe-1049981 [001] ..... 1636448.993397: sys_ptrace -> 0x0
             exe-1049981 [001] ..... 1636448.993398: sys_ptrace(request: 4204, pid: 10058a, addr: 202, data: c0022e7c70)
             exe-1049981 [001] ..... 1636448.993400: sys_ptrace -> 0x0
             exe-1049981 [001] ..... 1636448.993420: sys_ptrace(request: 4205, pid: 10058a, addr: 1, data: c0022e7c70)
             exe-1049981 [001] ..... 1636448.993423: sys_ptrace -> 0x0
             exe-1049981 [001] ..... 1636448.993424: sys_ptrace(request: 4205, pid: 10058a, addr: 202, data: c0022e7c70)
             exe-1049981 [001] ..... 1636448.993432: sys_ptrace -> 0x0
             exe-1049981 [001] ..... 1636448.993433: sys_ptrace(request: 1f, pid: 10058a, addr: 0, data: 0)
             exe-1049981 [001] ..... 1636448.993439: sys_ptrace -> 0x0
             exe-1049981 [001] ..... 1636448.993441: sys_wait4(upid: 10058a, stat_addr: c0022e7bf4, options: 40000002, ru: 0)
             exe-1049673 [002] ..... 1636448.993450: sys_nanosleep -> 0x0
             exe-1049673 [002] ..... 1636448.993457: sys_nanosleep(rqtp: c000069f10, rmtp: 0)
             exe-1049994 [002] ..... 1636448.993481: sys_sendto -> 0xffffffffffffffea
             exe-1049981 [001] ..... 1636448.993505: sys_wait4 -> 0x10058a
             exe-1049981 [001] ..... 1636448.993507: sys_ptrace(request: 4204, pid: 10058a, addr: 1, data: c0022e7c70)
             exe-1049981 [001] ..... 1636448.993509: sys_ptrace -> 0x0
             exe-1049981 [001] ..... 1636448.993510: sys_ptrace(request: 4204, pid: 10058a, addr: 202, data: c0022e7c70)
             exe-1049981 [001] ..... 1636448.993512: sys_ptrace -> 0x0
             exe-1049981 [001] ..... 1636448.993517: sys_pwrite64(fd: 63, buf: 7fd66e1fd080, count: 5f, pos: 61)
             exe-1049981 [001] ..... 1636448.993519: tracing_mark_write: sendto(fd=323, buff=0x5645970b8f90, len=3659, flags=0xc, addr=0x5645970b8f10, addr_len=110) end
             exe-1049981 [003] ..... 1636449.078803: tracing_mark_write: sendto(fd=292, buff=0x5645970b8f90, len=2978, flags=0xc, addr=0x5645970174a0, addr_len=16) start
             exe-1049981 [003] ..... 1636449.078805: sys_pwrite64 -> 0x60
             exe-1049981 [003] ..... 1636449.078810: sys_ptrace(request: 4205, pid: 10058a, addr: 1, data: c0022e7c70)
             exe-1049981 [003] ..... 1636449.078813: sys_ptrace -> 0x0
             exe-1049981 [003] ..... 1636449.078814: sys_ptrace(request: 4205, pid: 10058a, addr: 202, data: c0022e7c70)
             exe-1049981 [003] ..... 1636449.078822: sys_ptrace -> 0x0
             exe-1049981 [003] ..... 1636449.078824: sys_ptrace(request: 1f, pid: 10058a, addr: 0, data: 0)
             exe-1049981 [003] ..... 1636449.078832: sys_ptrace -> 0x0
             exe-1049981 [003] ..... 1636449.078834: sys_wait4(upid: 10058a, stat_addr: c0022e7bf4, options: 40000002, ru: 0)
             exe-1049567 [002] ..... 1636449.078840: sys_nanosleep -> 0x0
             exe-1049567 [002] ..... 1636449.078846: sys_nanosleep(rqtp: c000069f10, rmtp: 0)
             exe-1049994 [002] ..... 1636449.078866: sys_write -> 0x60
             exe-1049981 [003] ..... 1636449.078885: sys_wait4 -> 0x10058a
             exe-1049981 [003] ..... 1636449.078887: sys_ptrace(request: 4204, pid: 10058a, addr: 1, data: c0022e7c70)
             exe-1049981 [003] ..... 1636449.078890: sys_ptrace -> 0x0
             exe-1049981 [003] ..... 1636449.078892: sys_ptrace(request: 4204, pid: 10058a, addr: 202, data: c0022e7c70)
             exe-1049981 [003] ..... 1636449.078894: sys_ptrace -> 0x0
             exe-1049981 [003] ..... 1636449.078920: sys_ptrace(request: 4205, pid: 10058a, addr: 1, data: c0022e7c70)
             exe-1049981 [003] ..... 1636449.078923: sys_ptrace -> 0x0
             exe-1049981 [003] ..... 1636449.078924: sys_ptrace(request: 4205, pid: 10058a, addr: 202, data: c0022e7c70)
             exe-1049981 [003] ..... 1636449.078931: sys_ptrace -> 0x0
             exe-1049981 [003] ..... 1636449.078933: sys_ptrace(request: 1f, pid: 10058a, addr: 0, data: 0)
             exe-1049981 [003] ..... 1636449.078935: sys_ptrace -> 0x0
             exe-1049981 [003] ..... 1636449.078937: sys_wait4(upid: 10058a, stat_addr: c0022e7bf4, options: 40000002, ru: 0)
             exe-1049567 [002] ..... 1636449.078945: sys_nanosleep -> 0x0
             exe-1049567 [002] ..... 1636449.078951: sys_nanosleep(rqtp: c000069f10, rmtp: 0)
             exe-1049994 [002] ..... 1636449.078971: sys_sendto -> 0xffffffffffffff95
             exe-1049981 [003] ..... 1636449.078990: sys_wait4 -> 0x10058a
             exe-1049981 [003] ..... 1636449.078993: sys_ptrace(request: 4204, pid: 10058a, addr: 1, data: c0022e7c70)
             exe-1049981 [003] ..... 1636449.078995: sys_ptrace -> 0x0
             exe-1049981 [003] ..... 1636449.078996: sys_ptrace(request: 4204, pid: 10058a, addr: 202, data: c0022e7c70)
             exe-1049981 [003] ..... 1636449.078998: sys_ptrace -> 0x0
             exe-1049981 [003] ..... 1636449.079004: sys_pwrite64(fd: 63, buf: 7fd66e1fd080, count: 5e, pos: 60)
             exe-1049981 [003] ..... 1636449.079006: tracing_mark_write: sendto(fd=292, buff=0x5645970b8f90, len=2978, flags=0xc, addr=0x5645970174a0, addr_len=16) end
             exe-1049981 [003] ..... 1636449.167432: tracing_mark_write: sendto(fd=320, buff=0x5645970b8f90, len=401, flags=0xc, addr=0x564597017530, addr_len=16) start
             exe-1049981 [003] ..... 1636449.167434: sys_pwrite64 -> 0x5f
             exe-1049981 [003] ..... 1636449.167441: sys_ptrace(request: 4205, pid: 10058a, addr: 1, data: c0022e7c70)
             exe-1049981 [003] ..... 1636449.167445: sys_ptrace -> 0x0
             exe-1049981 [003] ..... 1636449.167447: sys_ptrace(request: 4205, pid: 10058a, addr: 202, data: c0022e7c70)
             exe-1049981 [003] ..... 1636449.167458: sys_ptrace -> 0x0
             exe-1049981 [003] ..... 1636449.167460: sys_ptrace(request: 1f, pid: 10058a, addr: 0, data: 0)
             exe-1049981 [003] ..... 1636449.167471: sys_ptrace -> 0x0
             exe-1049981 [003] ..... 1636449.167474: sys_wait4(upid: 10058a, stat_addr: c0022e7bf4, options: 40000002, ru: 0)
             exe-1049994 [002] ..... 1636449.167511: sys_write -> 0x5f
             exe-1049673 [002] ..... 1636449.167534: sys_nanosleep -> 0x0
             exe-1049981 [003] ..... 1636449.167534: sys_wait4 -> 0x10058a
             exe-1049981 [003] ..... 1636449.167538: sys_ptrace(request: 4204, pid: 10058a, addr: 1, data: c0022e7c70)
             exe-1049673 [002] ..... 1636449.167539: sys_nanosleep(rqtp: c000069f10, rmtp: 0)
             exe-1049981 [003] ..... 1636449.167541: sys_ptrace -> 0x0
             exe-1049981 [003] ..... 1636449.167543: sys_ptrace(request: 4204, pid: 10058a, addr: 202, data: c0022e7c70)
             exe-1049981 [003] ..... 1636449.167546: sys_ptrace -> 0x0
             exe-1049981 [003] ..... 1636449.167590: sys_ptrace(request: 4205, pid: 10058a, addr: 1, data: c0022e7c70)
             exe-1049981 [003] ..... 1636449.167594: sys_ptrace -> 0x0
             exe-1049981 [003] ..... 1636449.167596: sys_ptrace(request: 4205, pid: 10058a, addr: 202, data: c0022e7c70)
             exe-1049981 [003] ..... 1636449.167609: sys_ptrace -> 0x0
             exe-1049981 [003] ..... 1636449.167611: sys_ptrace(request: 1f, pid: 10058a, addr: 0, data: 0)
             exe-1049981 [003] ..... 1636449.167620: sys_ptrace -> 0x0
             exe-1049981 [003] ..... 1636449.167623: sys_wait4(upid: 10058a, stat_addr: c0022e7bf4, options: 40000002, ru: 0)
             exe-1049994 [002] ..... 1636449.167645: sys_sendto -> 0xffffffffffffffea
             exe-1049981 [003] ..... 1636449.167670: sys_wait4 -> 0x10058a
             exe-1049673 [002] ..... 1636449.167671: sys_nanosleep -> 0x0
             exe-1049981 [003] ..... 1636449.167674: sys_ptrace(request: 4204, pid: 10058a, addr: 1, data: c0022e7c70)
             exe-1049673 [002] ..... 1636449.167677: sys_nanosleep(rqtp: c000069f10, rmtp: 0)
             exe-1049981 [003] ..... 1636449.167677: sys_ptrace -> 0x0
             exe-1049981 [003] ..... 1636449.167679: sys_ptrace(request: 4204, pid: 10058a, addr: 202, data: c0022e7c70)
             exe-1049981 [003] ..... 1636449.167694: sys_ptrace -> 0x0
             exe-1049981 [003] ..... 1636449.167704: sys_pwrite64(fd: 63, buf: 7fd66e1fd080, count: 5d, pos: 5f)
             exe-1049981 [003] ..... 1636449.167707: tracing_mark_write: sendto(fd=320, buff=0x5645970b8f90, len=401, flags=0xc, addr=0x564597017530, addr_len=16) end
             exe-1049981 [003] ..... 1636449.228934: tracing_mark_write: sendto(fd=329, buff=0x5645970b9130, len=2269, flags=0xc, addr=0x564597024e00, addr_len=28) start
             exe-1049567 [002] ..... 1636449.228935: sys_nanosleep -> 0x0
             exe-1049981 [003] ..... 1636449.228936: sys_pwrite64 -> 0x60
             exe-1049981 [003] ..... 1636449.228941: sys_ptrace(request: 4205, pid: 10058a, addr: 1, data: c0022e7c70)
             exe-1049567 [002] ..... 1636449.228941: sys_nanosleep(rqtp: c000069f10, rmtp: 0)
             exe-1049981 [003] ..... 1636449.228943: sys_ptrace -> 0x0
             exe-1049981 [003] ..... 1636449.228945: sys_ptrace(request: 4205, pid: 10058a, addr: 202, data: c0022e7c70)
             exe-1049981 [003] ..... 1636449.228952: sys_ptrace -> 0x0
             exe-1049981 [003] ..... 1636449.228954: sys_ptrace(request: 1f, pid: 10058a, addr: 0, data: 0)
             exe-1049673 [002] ..... 1636449.228964: sys_nanosleep -> 0x0
             exe-1049981 [003] ..... 1636449.228968: sys_ptrace -> 0x0
             exe-1049981 [003] ..... 1636449.228970: sys_wait4(upid: 10058a, stat_addr: c0022e7bf4, options: 40000002, ru: 0)
             exe-1049994 [002] ..... 1636449.228985: sys_write -> 0x60
             exe-1049981 [003] ..... 1636449.229004: sys_wait4 -> 0x10058a
             exe-1049981 [003] ..... 1636449.229006: sys_ptrace(request: 4204, pid: 10058a, addr: 1, data: c0022e7c70)
             exe-1049981 [003] ..... 1636449.229012: sys_ptrace -> 0x0
             exe-1049981 [003] ..... 1636449.229013: sys_ptrace(request: 4204, pid: 10058a, addr: 202, data: c0022e7c70)
             exe-1049981 [003] ..... 1636449.229015: sys_ptrace -> 0x0
             exe-1049673 [002] ..... 1636449.229015: sys_nanosleep(rqtp: c000069f10, rmtp: 0)
             exe-1049981 [003] ..... 1636449.229072: sys_ptrace(request: 4205, pid: 10058a, addr: 1, data: c0022e7c70)
             exe-1049981 [003] ..... 1636449.229075: sys_ptrace -> 0x0
             exe-1049981 [003] ..... 1636449.229077: sys_ptrace(request: 4205, pid: 10058a, addr: 202, data: c0022e7c70)
             exe-1049981 [003] ..... 1636449.229086: sys_ptrace -> 0x0
             exe-1049981 [003] ..... 1636449.229088: sys_ptrace(request: 1f, pid: 10058a, addr: 0, data: 0)
             exe-1049981 [003] ..... 1636449.229095: sys_ptrace -> 0x0
             exe-1049981 [003] ..... 1636449.229097: sys_wait4(upid: 10058a, stat_addr: c0022e7bf4, options: 40000002, ru: 0)
             exe-1049994 [002] ..... 1636449.229117: sys_sendto -> 0xffffffffffffff95
             exe-1049981 [003] ..... 1636449.229135: sys_wait4 -> 0x10058a
             exe-1049981 [003] ..... 1636449.229138: sys_ptrace(request: 4204, pid: 10058a, addr: 1, data: c0022e7c70)
             exe-1049673 [002] ..... 1636449.229139: sys_nanosleep -> 0x0
             exe-1049981 [003] ..... 1636449.229141: sys_ptrace -> 0x0
             exe-1049981 [003] ..... 1636449.229142: sys_ptrace(request: 4204, pid: 10058a, addr: 202, data: c0022e7c70)
             exe-1049673 [002] ..... 1636449.229144: sys_nanosleep(rqtp: c000069f10, rmtp: 0)
             exe-1049981 [003] ..... 1636449.229144: sys_ptrace -> 0x0
             exe-1049981 [003] ..... 1636449.229151: sys_pwrite64(fd: 63, buf: 7fd66e1fd080, count: 5e, pos: 60)
             exe-1049981 [003] ..... 1636449.229153: tracing_mark_write: sendto(fd=329, buff=0x5645970b9130, len=2269, flags=0xc, addr=0x564597024e00, addr_len=28) end
             exe-1049981 [001] ..... 1636449.305706: tracing_mark_write: sendto(fd=309, buff=0x5645970b91b0, len=2311, flags=0xc, addr=0x5645970b9130, addr_len=110) start
             exe-1049981 [001] ..... 1636449.305708: sys_pwrite64 -> 0x61
             exe-1049981 [001] ..... 1636449.305713: sys_ptrace(request: 4205, pid: 10058a, addr: 1, data: c0022e7c70)
             exe-1049673 [002] ..... 1636449.305715: sys_nanosleep -> 0x0
             exe-1049981 [001] ..... 1636449.305716: sys_ptrace -> 0x0
             exe-1049981 [001] ..... 1636449.305717: sys_ptrace(request: 4205, pid: 10058a, addr: 202, data: c0022e7c70)
             exe-1049673 [002] ..... 1636449.305721: sys_futex(uaddr: 1f09dc0, op: 80, val: 0, utime: c000069eb0, uaddr2: 0, val3: 0)
             exe-1049981 [001] ..... 1636449.305726: sys_ptrace -> 0x0
             exe-1049981 [001] ..... 1636449.305728: sys_ptrace(request: 1f, pid: 10058a, addr: 0, data: 0)
             exe-1049981 [001] ..... 1636449.305732: sys_ptrace -> 0x0
             exe-1049981 [001] ..... 1636449.305734: sys_wait4(upid: 10058a, stat_addr: c0022e7bf4, options: 40000002, ru: 0)
             exe-1049994 [002] ..... 1636449.305746: sys_write -> 0x61
             exe-1049981 [001] ..... 1636449.305767: sys_wait4 -> 0x10058a
             exe-1049981 [001] ..... 1636449.305769: sys_ptrace(request: 4204, pid: 10058a, addr: 1, data: c0022e7c70)
             exe-1049981 [001] ..... 1636449.305772: sys_ptrace -> 0x0
             exe-1049981 [001] ..... 1636449.305773: sys_ptrace(request: 4204, pid: 10058a, addr: 202, data: c0022e7c70)
             exe-1049981 [001] ..... 1636449.305775: sys_ptrace -> 0x0
             exe-1049981 [001] ..... 1636449.305812: sys_ptrace(request: 4205, pid: 10058a, addr: 1, data: c0022e7c70)
             exe-1049981 [001] ..... 1636449.305815: sys_ptrace -> 0x0
             exe-1049981 [001] ..... 1636449.305817: sys_ptrace(request: 4205, pid: 10058a, addr: 202, data: c0022e7c70)
             exe-1049981 [001] ..... 1636449.305826: sys_ptrace -> 0x0
             exe-1049981 [001] ..... 1636449.305828: sys_ptrace(request: 1f, pid: 10058a, addr: 0, data: 0)
             exe-1049981 [001] ..... 1636449.305835: sys_ptrace -> 0x0
             exe-1049981 [001] ..... 1636449.305837: sys_wait4(upid: 10058a, stat_addr: c0022e7bf4, options: 40000002, ru: 0)
             exe-1049994 [002] ..... 1636449.305843: sys_sendto -> 0xffffffffffffff95
             exe-1049981 [001] ..... 1636449.305853: sys_wait4 -> 0x10058a
             exe-1049981 [001] ..... 1636449.305857: sys_ptrace(request: 4204, pid: 10058a, addr: 1, data: c0022e7c70)
             exe-1049981 [001] ..... 1636449.305861: sys_ptrace -> 0x0
             exe-1049981 [001] ..... 1636449.305862: sys_ptrace(request: 4204, pid: 10058a, addr: 202, data: c0022e7c70)
             exe-1049981 [001] ..... 1636449.305866: sys_ptrace -> 0x0
             exe-1049981 [001] ..... 1636449.305877: sys_pwrite64(fd: 63, buf: 7fd66e1fd080, count: 5f, pos: 61)
             exe-1049981 [001] ..... 1636449.305880: tracing_mark_write: sendto(fd=309, buff=0x5645970b91b0, len=2311, flags=0xc, addr=0x5645970b9130, addr_len=110) end
             exe-1049981 [001] ..... 1636449.391177: tracing_mark_write: sendto(fd=337, buff=0x5645970175c0, len=1, flags=0xc, addr=0x5645970b91b0, addr_len=2330) start
             exe-1049981 [001] ..... 1636449.391178: sys_pwrite64 -> 0x5f
             exe-1049567 [002] ..... 1636449.391179: sys_nanosleep -> 0x0
             exe-1049981 [001] ..... 1636449.391183: sys_ptrace(request: 4205, pid: 10058a, addr: 1, data: c0022e7c70)
             exe-1049567 [002] ..... 1636449.391184: sys_nanosleep(rqtp: c000069f10, rmtp: 0)
             exe-1049981 [001] ..... 1636449.391186: sys_ptrace -> 0x0
             exe-1049981 [001] ..... 1636449.391197: sys_ptrace(request: 4205, pid: 10058a, addr: 202, data: c0022e7c70)
             exe-1049673 [002] ..... 1636449.391210: sys_nanosleep -> 0x0
             exe-1049673 [002] ..... 1636449.391215: sys_nanosleep(rqtp: c000069f10, rmtp: 0)
             exe-1049981 [001] ..... 1636449.391218: sys_ptrace -> 0x0
             exe-1049981 [001] ..... 1636449.391223: sys_ptrace(request: 1f, pid: 10058a, addr: 0, data: 0)
             exe-1049981 [001] ..... 1636449.391231: sys_ptrace -> 0x0
             exe-1049981 [001] ..... 1636449.391233: sys_wait4(upid: 10058a, stat_addr: c0022e7bf4, options: 40000002, ru: 0)
             exe-1049994 [002] ..... 1636449.391246: sys_write -> 0x5f
             exe-1049981 [001] ..... 1636449.391276: sys_wait4 -> 0x10058a
             exe-1049981 [001] ..... 1636449.391281: sys_ptrace(request: 4204, pid: 10058a, addr: 1, data: c0022e7c70)
             exe-1049567 [002] ..... 1636449.391287: sys_nanosleep -> 0x0
             exe-1049981 [001] ..... 1636449.391290: sys_ptrace -> 0x0
             exe-1049981 [001] ..... 1636449.391292: sys_ptrace(request: 4204, pid: 10058a, addr: 202, data: c0022e7c70)
             exe-1049567 [002] ..... 1636449.391293: sys_nanosleep(rqtp: c000069f10, rmtp: 0)
             exe-1049981 [001] ..... 1636449.391297: sys_ptrace -> 0x0
             exe-1049981 [001] ..... 1636449.391308: sys_ptrace(request: 4205, pid: 10058a, addr: 1, data: c0022e7c70)
             exe-1049673 [002] ..... 1636449.391321: sys_nanosleep -> 0x0
             exe-1049981 [001] ..... 1636449.391322: sys_ptrace -> 0x0
             exe-1049981 [001] ..... 1636449.391324: sys_ptrace(request: 4205, pid: 10058a, addr: 202, data: c0022e7c70)
             exe-1049673 [002] ..... 1636449.391327: sys_nanosleep(rqtp: c000069f10, rmtp: 0)
             exe-1049981 [001] ..... 1636449.391339: sys_ptrace -> 0x0
             exe-1049981 [001] ..... 1636449.391342: sys_ptrace(request: 1f, pid: 10058a, addr: 0, data: 0)
             exe-1049981 [001] ..... 1636449.391345: sys_ptrace -> 0x0
             exe-1049981 [001] ..... 1636449.391349: sys_wait4(upid: 10058a, stat_addr: c0022e7bf4, options: 40000002, ru: 0)
             exe-1049994 [002] ..... 1636449.391363: sys_sendto -> 0xffffffffffffffea
             exe-1049981 [001] ..... 1636449.391393: sys_wait4 -> 0x10058a
             exe-1049981 [001] ..... 1636449.391396: sys_ptrace(request: 4204, pid: 10058a, addr: 1, data: c0022e7c70)
             exe-1049981 [001] ..... 1636449.391402: sys_ptrace -> 0x0
             exe-1049981 [001] ..... 1636449.391403: sys_ptrace(request: 4204, pid: 10058a, addr: 202, data: c0022e7c70)
             exe-1049981 [001] ..... 1636449.391407: sys_ptrace -> 0x0
             exe-1049981 [001] ..... 1636449.391417: sys_pwrite64(fd: 63, buf: 7fd66e1fd080, count: 5d, pos: 5f)
             exe-1049981 [001] ..... 1636449.391420: tracing_mark_write: sendto(fd=337, buff=0x5645970175c0, len=1, flags=0xc, addr=0x5645970b91b0, addr_len=2330) end
             exe-1049981 [001] ..... 1636449.446304: tracing_mark_write: sendto(fd=340, buff=0x5645970bb1d0, len=650, flags=0xc, addr=0x5645970ba1c0, addr_len=358) start
             exe-1049981 [001] ..... 1636449.446306: sys_pwrite64 -> 0x60
             exe-1049981 [001] ..... 1636449.446310: sys_ptrace(request: 4205, pid: 10058a, addr: 1, data: c0022e7c70)
             exe-1049567 [002] ..... 1636449.446321: sys_nanosleep -> 0x0
             exe-1049981 [001] ..... 1636449.446321: sys_ptrace -> 0x0
             exe-1049981 [001] ..... 1636449.446322: sys_ptrace(request: 4205, pid: 10058a, addr: 202, data: c0022e7c70)
             exe-1049567 [002] ..... 1636449.446326: sys_nanosleep(rqtp: c000069f10, rmtp: 0)
             exe-1049981 [001] ..... 1636449.446329: sys_ptrace -> 0x0
             exe-1049981 [001] ..... 1636449.446331: sys_ptrace(request: 1f, pid: 10058a, addr: 0, data: 0)
             exe-1049981 [001] ..... 1636449.446337: sys_ptrace -> 0x0
             exe-1049981 [001] ..... 1636449.446339: sys_wait4(upid: 10058a, stat_addr: c0022e7bf4, options: 40000002, ru: 0)
             exe-1049994 [002] ..... 1636449.446355: sys_write -> 0x60
             exe-1049981 [001] ..... 1636449.446376: sys_wait4 -> 0x10058a
             exe-1049981 [001] ..... 1636449.446379: sys_ptrace(request: 4204, pid: 10058a, addr: 1, data: c0022e7c70)
             exe-1049981 [001] ..... 1636449.446382: sys_ptrace -> 0x0
             exe-1049981 [001] ..... 1636449.446383: sys_ptrace(request: 4204, pid: 10058a, addr: 202, data: c0022e7c70)
             exe-1049981 [001] ..... 1636449.446385: sys_ptrace -> 0x0
             exe-1049673 [002] ..... 1636449.446386: sys_nanosleep(rqtp: c000069f10, rmtp: 0)
             exe-1049981 [001] ..... 1636449.446391: sys_ptrace(request: 4205, pid: 10058a, addr: 1, data: c0022e7c70)
             exe-1049981 [001] ..... 1636449.446398: sys_ptrace -> 0x0
             exe-1049981 [001] ..... 1636449.446400: sys_ptrace(request: 4205, pid: 10058a, addr: 202, data: c0022e7c70)
             exe-1049981 [001] ..... 1636449.446405: sys_ptrace -> 0x0
             exe-1049981 [001] ..... 1636449.446406: sys_ptrace(request: 1f, pid: 10058a, addr: 0, data: 0)
             exe-1049981 [001] ..... 1636449.446412: sys_ptrace -> 0x0
             exe-1049981 [001] ..... 1636449.446413: sys_wait4(upid: 10058a, stat_addr: c0022e7bf4, options: 40000002, ru: 0)
             exe-1049567 [002] ..... 1636449.446437: sys_nanosleep -> 0x0
             exe-1049567 [002] ..... 1636449.446442: sys_nanosleep(rqtp: c000069f10, rmtp: 0)
             exe-1049994 [002] ..... 1636449.446466: sys_sendto -> 0xffffffffffffffea
             exe-1049981 [001] ..... 1636449.446487: sys_wait4 -> 0x10058a
             exe-1049981 [001] ..... 1636449.446489: sys_ptrace(request: 4204, pid: 10058a, addr: 1, data: c0022e7c70)
             exe-1049673 [002] ..... 1636449.446492: sys_nanosleep -> 0x0
             exe-1049981 [001] ..... 1636449.446492: sys_ptrace -> 0x0
             exe-1049981 [001] ..... 1636449.446493: sys_ptrace(request: 4204, pid: 10058a, addr: 202, data: c0022e7c70)
             exe-1049981 [001] ..... 1636449.446495: sys_ptrace -> 0x0
             exe-1049673 [002] ..... 1636449.446497: sys_nanosleep(rqtp: c000069f10, rmtp: 0)
             exe-1049981 [001] ..... 1636449.446500: sys_pwrite64(fd: 63, buf: 7fd66e1fd080, count: 5e, pos: 60)
             exe-1049981 [001] ..... 1636449.446502: tracing_mark_write: sendto(fd=340, buff=0x5645970bb1d0, len=650, flags=0xc, addr=0x5645970ba1c0, addr_len=358) end
             exe-1049981 [001] ..... 1636449.522077: tracing_mark_write: sendto(fd=296, buff=0x5645970175c0, len=1, flags=0xc, addr=0x5645970bb470, addr_len=110) start
             exe-1049981 [001] ..... 1636449.522079: sys_pwrite64 -> 0x5e
             exe-1049981 [001] ..... 1636449.522088: sys_ptrace(request: 4205, pid: 10058a, addr: 1, data: c0022e7c70)
             exe-1049981 [001] ..... 1636449.522092: sys_ptrace -> 0x0
             exe-1049981 [001] ..... 1636449.522094: sys_ptrace(request: 4205, pid: 10058a, addr: 202, data: c0022e7c70)
             exe-1049567 [000] ..... 1636449.522101: sys_nanosleep -> 0x0
             exe-1049567 [000] ..... 1636449.522106: sys_nanosleep(rqtp: c000069f10, rmtp: 0)
             exe-1049981 [001] ..... 1636449.522110: sys_ptrace -> 0x0
             exe-1049981 [001] ..... 1636449.522111: sys_ptrace(request: 1f, pid: 10058a, addr: 0, data: 0)
             exe-1049981 [001] .N... 1636449.522120: sys_ptrace -> 0x0
             exe-1049673 [000] ..... 1636449.522127: sys_nanosleep -> 0x0
             exe-1049994 [001] ..... 1636449.522131: sys_write -> 0x5e
             exe-1049673 [000] ..... 1636449.522132: sys_nanosleep(rqtp: c000069f10, rmtp: 0)
             exe-1049981 [001] ..... 1636449.522151: sys_wait4(upid: 10058a, stat_addr: c0022e7bf4, options: 40000002, ru: 0)
             exe-1049981 [001] ..... 1636449.522154: sys_wait4 -> 0x10058a
             exe-1049981 [001] ..... 1636449.522156: sys_ptrace(request: 4204, pid: 10058a, addr: 1, data: c0022e7c70)
             exe-1049981 [001] ..... 1636449.522159: sys_ptrace -> 0x0
             exe-1049981 [001] ..... 1636449.522160: sys_ptrace(request: 4204, pid: 10058a, addr: 202, data: c0022e7c70)
             exe-1049981 [001] ..... 1636449.522163: sys_ptrace -> 0x0
             exe-1049981 [001] ..... 1636449.522210: sys_ptrace(request: 4205, pid: 10058a, addr: 1, data: c0022e7c70)
             exe-1049981 [001] ..... 1636449.522214: sys_ptrace -> 0x0
             exe-1049567 [000] ..... 1636449.522215: sys_nanosleep -> 0x0
             exe-1049981 [001] ..... 1636449.522216: sys_ptrace(request: 4205, pid: 10058a, addr: 202, data: c0022e7c70)
             exe-1049567 [000] ..... 1636449.522220: sys_nanosleep(rqtp: c000069f10, rmtp: 0)
             exe-1049981 [001] ..... 1636449.522231: sys_ptrace -> 0x0
             exe-1049981 [001] ..... 1636449.522233: sys_ptrace(request: 1f, pid: 10058a, addr: 0, data: 0)
             exe-1049673 [000] ..... 1636449.522242: sys_nanosleep -> 0x0
             exe-1049981 [001] .N... 1636449.522245: sys_ptrace -> 0x0
             exe-1049673 [000] ..... 1636449.522247: sys_nanosleep(rqtp: c000069f10, rmtp: 0)
             exe-1049994 [001] ..... 1636449.522258: sys_sendto -> 0xffffffffffffffea
             exe-1049981 [001] ..... 1636449.522286: sys_wait4(upid: 10058a, stat_addr: c0022e7bf4, options: 40000002, ru: 0)
             exe-1049981 [001] ..... 1636449.522292: sys_wait4 -> 0x10058a
             exe-1049981 [001] ..... 1636449.522295: sys_ptrace(request: 4204, pid: 10058a, addr: 1, data: c0022e7c70)
             exe-1049981 [001] ..... 1636449.522300: sys_ptrace -> 0x0
             exe-1049981 [001] ..... 1636449.522302: sys_ptrace(request: 4204, pid: 10058a, addr: 202, data: c0022e7c70)
             exe-1049981 [001] ..... 1636449.522306: sys_ptrace -> 0x0
             exe-1049981 [001] ..... 1636449.522321: sys_pwrite64(fd: 63, buf: 7fd66e1fd080, count: 5c, pos: 5e)
             exe-1049981 [001] ..... 1636449.522324: tracing_mark_write: sendto(fd=296, buff=0x5645970175c0, len=1, flags=0xc, addr=0x5645970bb470, addr_len=110) end
             exe-1049981 [001] ..... 1636449.593544: tracing_mark_write: sendto(fd=322, buff=0x5645970175c0, len=1, flags=0xc, addr=0x5645970bb4f0, addr_len=110) start
             exe-1049981 [001] ..... 1636449.593546: sys_pwrite64 -> 0x5e
             exe-1049981 [001] ..... 1636449.593555: sys_ptrace(request: 4205, pid: 10058a, addr: 1, data: c0022e7c70)
             exe-1049981 [001] ..... 1636449.593558: sys_ptrace -> 0x0
             exe-1049981 [001] ..... 1636449.593560: sys_ptrace(request: 4205, pid: 10058a, addr: 202, data: c0022e7c70)
             exe-1049981 [001] ..... 1636449.593574: sys_ptrace -> 0x0
             exe-1049981 [001] ..... 1636449.593576: sys_ptrace(request: 1f, pid: 10058a, addr: 0, data: 0)
             exe-1049981 [001] .N... 1636449.593584: sys_ptrace -> 0x0
             exe-1049994 [001] ..... 1636449.593594: sys_write -> 0x5e
             exe-1049567 [000] ..... 1636449.593608: sys_nanosleep -> 0x0
             exe-1049567 [000] ..... 1636449.593613: sys_nanosleep(rqtp: c000069f10, rmtp: 0)
             exe-1049981 [001] ..... 1636449.593617: sys_wait4(upid: 10058a, stat_addr: c0022e7bf4, options: 40000002, ru: 0)
             exe-1049981 [001] ..... 1636449.593621: sys_wait4 -> 0x10058a
             exe-1049981 [001] ..... 1636449.593625: sys_ptrace(request: 4204, pid: 10058a, addr: 1, data: c0022e7c70)
             exe-1049981 [001] ..... 1636449.593630: sys_ptrace -> 0x0
             exe-1049673 [000] ..... 1636449.593630: sys_nanosleep -> 0x0
             exe-1049981 [001] ..... 1636449.593631: sys_ptrace(request: 4204, pid: 10058a, addr: 202, data: c0022e7c70)
             exe-1049673 [000] ..... 1636449.593635: sys_nanosleep(rqtp: c000069f10, rmtp: 0)
             exe-1050008 [003] ..... 1636449.593636: sys_futex -> 0x0
             exe-1049981 [001] ..... 1636449.593637: sys_ptrace -> 0x0
             exe-1050008 [003] ..... 1636449.593645: sys_nanosleep(rqtp: c000a2dd60, rmtp: 0)
             exe-1049981 [001] ..... 1636449.593664: sys_ptrace(request: 4205, pid: 10058a, addr: 1, data: c0022e7c70)
             exe-1049981 [001] ..... 1636449.593668: sys_ptrace -> 0x0
             exe-1049981 [001] ..... 1636449.593670: sys_ptrace(request: 4205, pid: 10058a, addr: 202, data: c0022e7c70)
             exe-1049981 [001] ..... 1636449.593688: sys_ptrace -> 0x0
             exe-1049981 [001] ..... 1636449.593690: sys_ptrace(request: 1f, pid: 10058a, addr: 0, data: 0)
             exe-1049981 [001] .N... 1636449.593702: sys_ptrace -> 0x0
             exe-1049567 [000] ..... 1636449.593709: sys_nanosleep -> 0x0
             exe-1049567 [000] ..... 1636449.593713: sys_nanosleep(rqtp: c000069f10, rmtp: 0)
             exe-1049994 [001] ..... 1636449.593714: sys_sendto -> 0xffffffffffffffea
             exe-1049673 [000] ..... 1636449.593731: sys_nanosleep -> 0x0
             exe-1049673 [000] ..... 1636449.593735: sys_nanosleep(rqtp: c000069f10, rmtp: 0)
             exe-1049981 [001] ..... 1636449.593740: sys_wait4(upid: 10058a, stat_addr: c0022e7bf4, options: 40000002, ru: 0)
             exe-1049981 [001] ..... 1636449.593744: sys_wait4 -> 0x10058a
             exe-1050008 [003] ..... 1636449.593745: sys_nanosleep -> 0x0
             exe-1049981 [001] ..... 1636449.593747: sys_ptrace(request: 4204, pid: 10058a, addr: 1, data: c0022e7c70)
             exe-1050008 [003] ..... 1636449.593752: sys_futex(uaddr: c0002d0548, op: 81, val: 1, utime: 0, uaddr2: 0, val3: 0)
             exe-1049981 [001] ..... 1636449.593752: sys_ptrace -> 0x0
             exe-1049981 [001] ..... 1636449.593754: sys_ptrace(request: 4204, pid: 10058a, addr: 202, data: c0022e7c70)
             exe-1049981 [001] ..... 1636449.593758: sys_ptrace -> 0x0
             exe-1050008 [003] ..... 1636449.593762: sys_futex -> 0x1
             exe-1050008 [003] ..... 1636449.593773: sys_futex(uaddr: c000435948, op: 80, val: 0, utime: 0, uaddr2: 0, val3: 0)
             exe-1049722 [001] ..... 1636449.593777: sys_futex -> 0x0
             exe-1049722 [001] ..... 1636449.593790: sys_futex(uaddr: c0002d0548, op: 80, val: 0, utime: 0, uaddr2: 0, val3: 0)
             exe-1049567 [000] ..... 1636449.593810: sys_nanosleep -> 0x0
             exe-1049981 [001] ..... 1636449.593812: sys_pwrite64(fd: 63, buf: 7fd66e1fd080, count: 5c, pos: 5e)
             exe-1049567 [000] ..... 1636449.593814: sys_nanosleep(rqtp: c000069f10, rmtp: 0)
             exe-1049981 [001] ..... 1636449.593814: tracing_mark_write: sendto(fd=322, buff=0x5645970175c0, len=1, flags=0xc, addr=0x5645970bb4f0, addr_len=110) end
             exe-1049981 [001] ..... 1636449.667463: tracing_mark_write: sendto(fd=312, buff=0x5645970175c0, len=1, flags=0xc, addr=0x5645970bb570, addr_len=110) start
             exe-1049981 [001] ..... 1636449.667465: sys_pwrite64 -> 0x5e
             exe-1049981 [001] ..... 1636449.667472: sys_ptrace(request: 4205, pid: 10058a, addr: 1, data: c0022e7c70)
             exe-1049981 [001] ..... 1636449.667476: sys_ptrace -> 0x0
             exe-1049981 [001] ..... 1636449.667477: sys_ptrace(request: 4205, pid: 10058a, addr: 202, data: c0022e7c70)
             exe-1049981 [001] ..... 1636449.667492: sys_ptrace -> 0x0
             exe-1049981 [001] ..... 1636449.667494: sys_ptrace(request: 1f, pid: 10058a, addr: 0, data: 0)
             exe-1049981 [001] .N... 1636449.667503: sys_ptrace -> 0x0
             exe-1049994 [001] ..... 1636449.667514: sys_write -> 0x5e
             exe-1049981 [001] ..... 1636449.667534: sys_wait4(upid: 10058a, stat_addr: c0022e7bf4, options: 40000002, ru: 0)
             exe-1049981 [001] ..... 1636449.667538: sys_wait4 -> 0x10058a
             exe-1049567 [000] ..... 1636449.667540: sys_nanosleep -> 0x0
             exe-1049981 [001] ..... 1636449.667540: sys_ptrace(request: 4204, pid: 10058a, addr: 1, data: c0022e7c70)
             exe-1049981 [001] ..... 1636449.667545: sys_ptrace -> 0x0
             exe-1049567 [000] ..... 1636449.667545: sys_nanosleep(rqtp: c000069f10, rmtp: 0)
             exe-1049981 [001] ..... 1636449.667547: sys_ptrace(request: 4204, pid: 10058a, addr: 202, data: c0022e7c70)
             exe-1049981 [001] ..... 1636449.667550: sys_ptrace -> 0x0
             exe-1049673 [000] ..... 1636449.667567: sys_nanosleep -> 0x0
             exe-1049673 [000] ..... 1636449.667573: sys_nanosleep(rqtp: c000069f10, rmtp: 0)
             exe-1049981 [001] ..... 1636449.667598: sys_ptrace(request: 4205, pid: 10058a, addr: 1, data: c0022e7c70)
             exe-1049981 [001] ..... 1636449.667603: sys_ptrace -> 0x0
             exe-1049981 [001] ..... 1636449.667604: sys_ptrace(request: 4205, pid: 10058a, addr: 202, data: c0022e7c70)
             exe-1049981 [001] ..... 1636449.667620: sys_ptrace -> 0x0
             exe-1049981 [001] ..... 1636449.667621: sys_ptrace(request: 1f, pid: 10058a, addr: 0, data: 0)
             exe-1049981 [001] .N... 1636449.667631: sys_ptrace -> 0x0
             exe-1049994 [001] ..... 1636449.667643: sys_sendto -> 0xffffffffffffff95
             exe-1049981 [001] ..... 1636449.667673: sys_wait4(upid: 10058a, stat_addr: c0022e7bf4, options: 40000002, ru: 0)
             exe-1049673 [000] ..... 1636449.667675: sys_nanosleep -> 0x0
             exe-1049981 [001] ..... 1636449.667676: sys_wait4 -> 0x10058a
             exe-1049673 [000] ..... 1636449.667678: sys_nanosleep(rqtp: c000069f10, rmtp: 0)
             exe-1049981 [001] ..... 1636449.667679: sys_ptrace(request: 4204, pid: 10058a, addr: 1, data: c0022e7c70)
             exe-1049981 [001] ..... 1636449.667684: sys_ptrace -> 0x0
             exe-1049981 [001] ..... 1636449.667686: sys_ptrace(request: 4204, pid: 10058a, addr: 202, data: c0022e7c70)
             exe-1049981 [001] ..... 1636449.667690: sys_ptrace -> 0x0
             exe-1049981 [001] ..... 1636449.667703: sys_pwrite64(fd: 63, buf: 7fd66e1fd080, count: 5c, pos: 5e)
             exe-1049981 [001] ..... 1636449.667706: tracing_mark_write: sendto(fd=312, buff=0x5645970175c0, len=1, flags=0xc, addr=0x5645970bb570, addr_len=110) end
             exe-1049981 [001] ..... 1636449.737346: tracing_mark_write: sendto(fd=339, buff=0x5645970bb670, len=277, flags=0xc, addr=0x5645970bb5f0, addr_len=110) start
             exe-1049981 [001] ..... 1636449.737348: sys_pwrite64 -> 0x60
             exe-1049981 [001] ..... 1636449.737354: sys_ptrace(request: 4205, pid: 10058a, addr: 1, data: c0022e7c70)
             exe-1049981 [001] ..... 1636449.737357: sys_ptrace -> 0x0
             exe-1049981 [001] ..... 1636449.737359: sys_ptrace(request: 4205, pid: 10058a, addr: 202, data: c0022e7c70)
             exe-1049981 [001] ..... 1636449.737372: sys_ptrace -> 0x0
             exe-1049981 [001] ..... 1636449.737373: sys_ptrace(request: 1f, pid: 10058a, addr: 0, data: 0)
             exe-1049981 [001] .N... 1636449.737381: sys_ptrace -> 0x0
             exe-1049567 [000] ..... 1636449.737385: sys_nanosleep -> 0x0
             exe-1049567 [000] ..... 1636449.737390: sys_nanosleep(rqtp: c000069f10, rmtp: 0)
             exe-1049994 [001] ..... 1636449.737392: sys_write -> 0x60
             exe-1049673 [000] ..... 1636449.737412: sys_nanosleep -> 0x0
             exe-1049981 [001] ..... 1636449.737412: sys_wait4(upid: 10058a, stat_addr: c0022e7bf4, options: 40000002, ru: 0)
             exe-1049981 [001] ..... 1636449.737414: sys_wait4 -> 0x10058a
             exe-1049981 [001] ..... 1636449.737417: sys_ptrace(request: 4204, pid: 10058a, addr: 1, data: c0022e7c70)
             exe-1049673 [000] ..... 1636449.737417: sys_nanosleep(rqtp: c000069f10, rmtp: 0)
             exe-1049981 [001] ..... 1636449.737420: sys_ptrace -> 0x0
             exe-1049981 [001] ..... 1636449.737422: sys_ptrace(request: 4204, pid: 10058a, addr: 202, data: c0022e7c70)
             exe-1049981 [001] ..... 1636449.737424: sys_ptrace -> 0x0
             exe-1049981 [001] ..... 1636449.737466: sys_ptrace(request: 4205, pid: 10058a, addr: 1, data: c0022e7c70)
             exe-1049981 [001] ..... 1636449.737470: sys_ptrace -> 0x0
             exe-1049981 [001] ..... 1636449.737471: sys_ptrace(request: 4205, pid: 10058a, addr: 202, data: c0022e7c70)
             exe-1049981 [001] ..... 1636449.737483: sys_ptrace -> 0x0
             exe-1049981 [001] ..... 1636449.737485: sys_ptrace(request: 1f, pid: 10058a, addr: 0, data: 0)
             exe-1049981 [001] .N... 1636449.737493: sys_ptrace -> 0x0
             exe-1049567 [000] ..... 1636449.737499: sys_nanosleep -> 0x0
             exe-1049994 [001] ..... 1636449.737504: sys_sendto -> 0xffffffffffffffea
             exe-1049567 [000] ..... 1636449.737504: sys_nanosleep(rqtp: c000069f10, rmtp: 0)
             exe-1049981 [001] ..... 1636449.737525: sys_wait4(upid: 10058a, stat_addr: c0022e7bf4, options: 40000002, ru: 0)
             exe-1049673 [000] ..... 1636449.737526: sys_nanosleep -> 0x0
             exe-1049981 [001] ..... 1636449.737528: sys_wait4 -> 0x10058a
             exe-1049981 [001] ..... 1636449.737530: sys_ptrace(request: 4204, pid: 10058a, addr: 1, data: c0022e7c70)
             exe-1049673 [000] ..... 1636449.737532: sys_nanosleep(rqtp: c000069f10, rmtp: 0)
             exe-1049981 [001] ..... 1636449.737535: sys_ptrace -> 0x0
             exe-1049981 [001] ..... 1636449.737537: sys_ptrace(request: 4204, pid: 10058a, addr: 202, data: c0022e7c70)
             exe-1049981 [001] ..... 1636449.737539: sys_ptrace -> 0x0
             exe-1049981 [001] ..... 1636449.737549: sys_pwrite64(fd: 63, buf: 7fd66e1fd080, count: 5e, pos: 60)
             exe-1049981 [001] ..... 1636449.737551: tracing_mark_write: sendto(fd=339, buff=0x5645970bb670, len=277, flags=0xc, addr=0x5645970bb5f0, addr_len=110) end
             exe-1049981 [001] ..... 1636449.797265: tracing_mark_write: sendto(fd=315, buff=0x5645970bb790, len=416, flags=0xd, addr=0x5645970175c0, addr_len=18) start
             exe-1049981 [001] ..... 1636449.797267: sys_pwrite64 -> 0x5f
             exe-1049981 [001] ..... 1636449.797279: sys_ptrace(request: 4205, pid: 10058a, addr: 1, data: c0022e7c70)
             exe-1049981 [001] ..... 1636449.797283: sys_ptrace -> 0x0
             exe-1049981 [001] ..... 1636449.797286: sys_ptrace(request: 4205, pid: 10058a, addr: 202, data: c0022e7c70)
             exe-1049981 [001] ..... 1636449.797307: sys_ptrace -> 0x0
             exe-1049981 [001] ..... 1636449.797309: sys_ptrace(request: 1f, pid: 10058a, addr: 0, data: 0)
