             exe-1049673 [000] ..... 1636606.471871: sys_nanosleep(rqtp: c000069f10, rmtp: 0)
             exe-1049567 [000] ..... 1636606.471933: sys_nanosleep -> 0x0
             exe-1049567 [000] ..... 1636606.471939: sys_nanosleep(rqtp: c000069f10, rmtp: 0)
             exe-1049722 [000] ..... 1636606.471949: sys_ptrace -> 0x0
             exe-1049722 [000] ..... 1636606.471952: sys_ptrace(request: 1f, pid: 100616, addr: 0, data: 0)
             exe-1049722 [000] ..... 1636606.471969: sys_ptrace -> 0x0
             exe-1050134 [001] ..... 1636606.472011: sys_write -> 0x25
             exe-1049673 [000] ..... 1636606.472026: sys_nanosleep -> 0x0
             exe-1049673 [000] ..... 1636606.472032: sys_nanosleep(rqtp: c000069f10, rmtp: 0)
             exe-1049722 [000] ..... 1636606.472053: sys_wait4(upid: 100616, stat_addr: c0005d3bf4, options: 40000002, ru: 0)
             exe-1049722 [000] ..... 1636606.472056: sys_wait4 -> 0x100616
             exe-1049722 [000] ..... 1636606.472059: sys_ptrace(request: 4204, pid: 100616, addr: 1, data: c0005d3c70)
             exe-1049722 [000] ..... 1636606.472063: sys_ptrace -> 0x0
             exe-1049722 [000] ..... 1636606.472065: sys_ptrace(request: 4204, pid: 100616, addr: 202, data: c0005d3c70)
             exe-1049722 [000] ..... 1636606.472068: sys_ptrace -> 0x0
             exe-1049673 [000] ..... 1636606.472145: sys_nanosleep -> 0x0
             exe-1049673 [000] ..... 1636606.472151: sys_nanosleep(rqtp: c000069f10, rmtp: 0)
             exe-1049722 [000] ..... 1636606.472186: sys_ptrace(request: 4205, pid: 100616, addr: 1, data: c0005d3c70)
             exe-1049722 [000] ..... 1636606.472191: sys_ptrace -> 0x0
             exe-1049722 [000] ..... 1636606.472193: sys_ptrace(request: 4205, pid: 100616, addr: 202, data: c0005d3c70)
             exe-1049673 [000] ..... 1636606.472263: sys_nanosleep -> 0x0
             exe-1049673 [000] ..... 1636606.472269: sys_nanosleep(rqtp: c000069f10, rmtp: 0)
             exe-1049722 [000] ..... 1636606.472303: sys_ptrace -> 0x0
             exe-1049722 [000] ..... 1636606.472307: sys_ptrace(request: 1f, pid: 100616, addr: 0, data: 0)
             exe-1049722 [000] .N... 1636606.472346: sys_ptrace -> 0x0
             exe-1050134 [001] ..... 1636606.472369: sys_setns -> 0xffffffffffffffa1
             exe-1049673 [000] ..... 1636606.472386: sys_nanosleep -> 0x0
             exe-1049673 [000] ..... 1636606.472392: sys_nanosleep(rqtp: c000069f10, rmtp: 0)
             exe-1049722 [000] ..... 1636606.472412: sys_wait4(upid: 100616, stat_addr: c0005d3bf4, options: 40000002, ru: 0)
             exe-1049722 [000] ..... 1636606.472416: sys_wait4 -> 0x100616
             exe-1049722 [000] ..... 1636606.472418: sys_ptrace(request: 4204, pid: 100616, addr: 1, data: c0005d3c70)
             exe-1049722 [000] ..... 1636606.472423: sys_ptrace -> 0x0
             exe-1049722 [000] ..... 1636606.472424: sys_ptrace(request: 4204, pid: 100616, addr: 202, data: c0005d3c70)
             exe-1049722 [000] ..... 1636606.472427: sys_ptrace -> 0x0
             exe-1091254 [003] ..... 1636606.472480: sys_futex -> 0xffffffffffffff92
             exe-1091254 [003] ..... 1636606.472502: sys_nanosleep(rqtp: c000069f10, rmtp: 0)
             exe-1049673 [000] ..... 1636606.472507: sys_nanosleep -> 0x0
             exe-1049673 [000] ..... 1636606.472513: sys_nanosleep(rqtp: c000069f10, rmtp: 0)
             exe-1049722 [000] ..... 1636606.472541: sys_pwrite64(fd: 63, buf: 7fd66e1ec080, count: 23, pos: 25)
             exe-1049722 [000] ..... 1636606.472544: tracing_mark_write: setns(fd=13, nstype=0x48000000) end
             exe-1049722 [003] ..... 1636606.561560: tracing_mark_write: setns(fd=326, nstype=0x4000000) start
             exe-975407  [001] ..... 1636606.561561: sys_ptrace -> 0x0
             exe-975407  [001] ..... 1636606.561562: sys_ptrace(request: 4205, pid: eea21, addr: 202, data: c0006b1c70)
             exe-1049722 [003] ..... 1636606.561562: sys_pwrite64 -> 0x25
             exe-1049722 [003] ..... 1636606.561570: sys_ptrace(request: 4205, pid: 100616, addr: 1, data: c0005d3c70)
             exe-1049722 [003] ..... 1636606.561572: sys_ptrace -> 0x0
             exe-975407  [001] ..... 1636606.561572: sys_ptrace -> 0x0
             exe-1049722 [003] ..... 1636606.561574: sys_ptrace(request: 4205, pid: 100616, addr: 202, data: c0005d3c70)
             exe-975407  [001] ..... 1636606.561574: sys_ptrace(request: 1f, pid: eea21, addr: 0, data: 0)
             exe-975407  [001] .N... 1636606.561580: sys_ptrace -> 0x0
             exe-1049722 [003] ..... 1636606.561585: sys_ptrace -> 0x0
             exe-1049722 [003] ..... 1636606.561586: sys_ptrace(request: 1f, pid: 100616, addr: 0, data: 0)
             exe-1049567 [002] ..... 1636606.561589: sys_nanosleep -> 0x0
             exe-1049567 [002] ..... 1636606.561592: sys_nanosleep(rqtp: c000069f10, rmtp: 0)
             exe-1049722 [003] ..... 1636606.561593: sys_ptrace -> 0x0
             exe-1049722 [003] ..... 1636606.561595: sys_wait4(upid: 100616, stat_addr: c0005d3bf4, options: 40000002, ru: 0)
             exe-1050134 [003] ..... 1636606.561606: sys_write -> 0x25
             exe-975407  [001] ..... 1636606.561614: sys_wait4(upid: eea21, stat_addr: c0006b1bf4, options: 40000002, ru: 0)
             exe-975407  [001] ..... 1636606.561617: sys_wait4 -> 0xeea21
             exe-975407  [001] ..... 1636606.561619: sys_ptrace(request: 4204, pid: eea21, addr: 1, data: c0006b1c70)
             exe-975407  [001] ..... 1636606.561622: sys_ptrace -> 0x0
             exe-975407  [001] ..... 1636606.561623: sys_ptrace(request: 4204, pid: eea21, addr: 202, data: c0006b1c70)
             exe-1049722 [003] ..... 1636606.561624: sys_wait4 -> 0x100616
             exe-975407  [001] ..... 1636606.561626: sys_ptrace -> 0x0
             exe-975407  [001] ..... 1636606.561627: sys_ptrace(request: 4202, pid: eea21, addr: 0, data: c008090aa0)
             exe-1049722 [003] ..... 1636606.561627: sys_ptrace(request: 4204, pid: 100616, addr: 1, data: c0005d3c70)
             exe-1049673 [000] ..... 1636606.561628: sys_nanosleep -> 0x0
             exe-975407  [001] ..... 1636606.561628: sys_ptrace -> 0x0
             exe-1049722 [003] ..... 1636606.561630: sys_ptrace -> 0x0
             exe-1049722 [003] ..... 1636606.561632: sys_ptrace(request: 4204, pid: 100616, addr: 202, data: c0005d3c70)
             exe-1049673 [000] ..... 1636606.561634: sys_futex(uaddr: 1f09dc0, op: 80, val: 0, utime: c000069eb0, uaddr2: 0, val3: 0)
             exe-1049722 [003] ..... 1636606.561634: sys_ptrace -> 0x0
             exe-975407  [001] ..... 1636606.561642: sys_ptrace(request: 4205, pid: eea22, addr: 1, data: c0006b1900)
             exe-975407  [001] ..... 1636606.561644: sys_ptrace -> 0x0
             exe-975407  [001] ..... 1636606.561646: sys_ptrace(request: 7, pid: eea22, addr: 0, data: 0)
             exe-975407  [001] .N... 1636606.561652: sys_ptrace -> 0x0
             exe-1049722 [003] ..... 1636606.561656: sys_ptrace(request: 4205, pid: 100616, addr: 1, data: c0005d3c70)
             exe-1049722 [003] ..... 1636606.561658: sys_ptrace -> 0x0
             exe-1049722 [003] ..... 1636606.561659: sys_ptrace(request: 4205, pid: 100616, addr: 202, data: c0005d3c70)
             exe-977442  [001] ..... 1636606.561663: sys_mmap(addr: 7f8817400000, len: 28000, prot: 1, flags: 11, fd: 26, off: 0)
             exe-1049722 [003] ..... 1636606.561669: sys_ptrace -> 0x0
             exe-1049722 [003] ..... 1636606.561670: sys_ptrace(request: 1f, pid: 100616, addr: 0, data: 0)
             exe-977442  [001] ..... 1636606.561672: sys_mmap -> 0x7f8817400000
             exe-1049722 [003] ..... 1636606.561676: sys_ptrace -> 0x0
             exe-1049722 [003] ..... 1636606.561678: sys_wait4(upid: 100616, stat_addr: c0005d3bf4, options: 40000002, ru: 0)
             exe-1049567 [002] ..... 1636606.561684: sys_nanosleep -> 0x0
             exe-1049567 [002] ..... 1636606.561687: sys_nanosleep(rqtp: c000069f10, rmtp: 0)
             exe-1050134 [003] ..... 1636606.561689: sys_setns -> 0xffffffffffffffa1
             exe-975407  [001] ..... 1636606.561692: sys_wait4(upid: eea22, stat_addr: c0006b1884, options: 40000002, ru: 0)
             exe-975407  [001] ..... 1636606.561694: sys_wait4 -> 0xeea22
             exe-975407  [001] ..... 1636606.561696: sys_ptrace(request: 4204, pid: eea22, addr: 1, data: c0006b1900)
             exe-975407  [001] ..... 1636606.561699: sys_ptrace -> 0x0
             exe-975407  [001] ..... 1636606.561703: sys_ptrace(request: 4205, pid: eea21, addr: 1, data: c0006b1c70)
             exe-975407  [001] ..... 1636606.561705: sys_ptrace -> 0x0
             exe-1049722 [003] ..... 1636606.561705: sys_wait4 -> 0x100616
             exe-975407  [001] ..... 1636606.561706: sys_ptrace(request: 4205, pid: eea21, addr: 202, data: c0006b1c70)
             exe-1049722 [003] ..... 1636606.561708: sys_ptrace(request: 4204, pid: 100616, addr: 1, data: c0005d3c70)
             exe-1049722 [003] ..... 1636606.561711: sys_ptrace -> 0x0
             exe-1049722 [003] ..... 1636606.561712: sys_ptrace(request: 4204, pid: 100616, addr: 202, data: c0005d3c70)
             exe-1049722 [003] ..... 1636606.561714: sys_ptrace -> 0x0
             exe-975407  [001] ..... 1636606.561717: sys_ptrace -> 0x0
             exe-975407  [001] ..... 1636606.561718: sys_ptrace(request: 1f, pid: eea21, addr: 0, data: 0)
             exe-1049722 [003] ..... 1636606.561723: sys_pwrite64(fd: 63, buf: 7fd66e1ec080, count: 23, pos: 25)
             exe-975407  [001] .N... 1636606.561724: sys_ptrace -> 0x0
             exe-1049722 [003] ..... 1636606.561725: tracing_mark_write: setns(fd=326, nstype=0x4000000) end
             exe-1049722 [003] ..... 1636606.619614: tracing_mark_write: setns(fd=326, nstype=0x4000000) start
             exe-1049722 [003] ..... 1636606.619616: sys_pwrite64 -> 0x25
             exe-1049722 [003] ..... 1636606.619623: sys_ptrace(request: 4205, pid: 100616, addr: 1, data: c0005d3c70)
             exe-1049673 [000] ..... 1636606.619624: sys_nanosleep -> 0x0
             exe-1049722 [003] ..... 1636606.619625: sys_ptrace -> 0x0
             exe-1049567 [002] ..... 1636606.619626: sys_nanosleep -> 0x0
             exe-1049722 [003] ..... 1636606.619627: sys_ptrace(request: 4205, pid: 100616, addr: 202, data: c0005d3c70)
             exe-1049567 [002] ..... 1636606.619628: sys_nanosleep(rqtp: c000069f10, rmtp: 0)
             exe-1049673 [000] ..... 1636606.619629: sys_nanosleep(rqtp: c000069f10, rmtp: 0)
             exe-1049722 [003] ..... 1636606.619638: sys_ptrace -> 0x0
             exe-1049722 [003] ..... 1636606.619640: sys_ptrace(request: 1f, pid: 100616, addr: 0, data: 0)
             exe-1049722 [003] ..... 1636606.619646: sys_ptrace -> 0x0
             exe-1049722 [003] ..... 1636606.619648: sys_wait4(upid: 100616, stat_addr: c0005d3bf4, options: 40000002, ru: 0)
             exe-1050134 [003] ..... 1636606.619661: sys_write -> 0x25
             exe-1049722 [003] ..... 1636606.619681: sys_wait4 -> 0x100616
             exe-1049722 [003] ..... 1636606.619684: sys_ptrace(request: 4204, pid: 100616, addr: 1, data: c0005d3c70)
             exe-1049722 [003] ..... 1636606.619688: sys_ptrace -> 0x0
             exe-1049722 [003] ..... 1636606.619690: sys_ptrace(request: 4204, pid: 100616, addr: 202, data: c0005d3c70)
             exe-1049722 [003] ..... 1636606.619693: sys_ptrace -> 0x0
             exe-1049722 [003] ..... 1636606.619712: sys_ptrace(request: 4205, pid: 100616, addr: 1, data: c0005d3c70)
             exe-1049722 [003] ..... 1636606.619715: sys_ptrace -> 0x0
             exe-1049722 [003] ..... 1636606.619716: sys_ptrace(request: 4205, pid: 100616, addr: 202, data: c0005d3c70)
             exe-1049567 [002] ..... 1636606.619718: sys_nanosleep -> 0x0
             exe-1049567 [002] ..... 1636606.619720: sys_nanosleep(rqtp: c000069f10, rmtp: 0)
             exe-1049722 [003] ..... 1636606.619727: sys_ptrace -> 0x0
             exe-1049673 [000] ..... 1636606.619727: sys_nanosleep -> 0x0
             exe-1049722 [003] ..... 1636606.619728: sys_ptrace(request: 1f, pid: 100616, addr: 0, data: 0)
             exe-1049673 [000] ..... 1636606.619732: sys_nanosleep(rqtp: c000069f10, rmtp: 0)
             exe-1049722 [003] ..... 1636606.619735: sys_ptrace -> 0x0
             exe-1049722 [003] ..... 1636606.619737: sys_wait4(upid: 100616, stat_addr: c0005d3bf4, options: 40000002, ru: 0)
             exe-1050134 [003] ..... 1636606.619749: sys_setns -> 0xffffffffffffffa1
             exe-1049722 [003] ..... 1636606.619769: sys_wait4 -> 0x100616
             exe-1049722 [003] ..... 1636606.619773: sys_ptrace(request: 4204, pid: 100616, addr: 1, data: c0005d3c70)
             exe-1049722 [003] ..... 1636606.619777: sys_ptrace -> 0x0
             exe-1049722 [003] ..... 1636606.619778: sys_ptrace(request: 4204, pid: 100616, addr: 202, data: c0005d3c70)
             exe-1049722 [003] ..... 1636606.619781: sys_ptrace -> 0x0
             exe-1049722 [003] ..... 1636606.619790: sys_pwrite64(fd: 63, buf: 7fd66e1ec080, count: 23, pos: 25)
             exe-1049722 [003] ..... 1636606.619792: tracing_mark_write: setns(fd=326, nstype=0x4000000) end
             exe-1049722 [003] ..... 1636606.702173: tracing_mark_write: setns(fd=326, nstype=0x4000000) start
             exe-1049722 [003] ..... 1636606.702175: sys_pwrite64 -> 0x25
             exe-1049722 [003] ..... 1636606.702181: sys_ptrace(request: 4205, pid: 100616, addr: 1, data: c0005d3c70)
             exe-1049722 [003] ..... 1636606.702184: sys_ptrace -> 0x0
             exe-1049722 [003] ..... 1636606.702185: sys_ptrace(request: 4205, pid: 100616, addr: 202, data: c0005d3c70)
             exe-1049722 [003] ..... 1636606.702197: sys_ptrace -> 0x0
             exe-1049722 [003] ..... 1636606.702198: sys_ptrace(request: 1f, pid: 100616, addr: 0, data: 0)
             exe-1049673 [000] ..... 1636606.702201: sys_nanosleep -> 0x0
             exe-1049722 [003] .N... 1636606.702206: sys_ptrace -> 0x0
             exe-1049673 [000] ..... 1636606.702206: sys_nanosleep(rqtp: c000069f10, rmtp: 0)
             exe-1049567 [002] ..... 1636606.702214: sys_nanosleep -> 0x0
             exe-1050134 [003] ..... 1636606.702216: sys_write -> 0x25
             exe-1049567 [002] ..... 1636606.702217: sys_nanosleep(rqtp: c000069f10, rmtp: 0)
             exe-1049722 [003] ..... 1636606.702234: sys_wait4(upid: 100616, stat_addr: c0005d3bf4, options: 40000002, ru: 0)
             exe-1049722 [003] ..... 1636606.702237: sys_wait4 -> 0x100616
             exe-1049722 [003] ..... 1636606.702239: sys_ptrace(request: 4204, pid: 100616, addr: 1, data: c0005d3c70)
             exe-1049722 [003] ..... 1636606.702243: sys_ptrace -> 0x0
             exe-1049722 [003] ..... 1636606.702244: sys_ptrace(request: 4204, pid: 100616, addr: 202, data: c0005d3c70)
             exe-1049722 [003] ..... 1636606.702247: sys_ptrace -> 0x0
             exe-1049722 [003] ..... 1636606.702288: sys_ptrace(request: 4205, pid: 100616, addr: 1, data: c0005d3c70)
             exe-1049722 [003] ..... 1636606.702291: sys_ptrace -> 0x0
             exe-1049722 [003] ..... 1636606.702293: sys_ptrace(request: 4205, pid: 100616, addr: 202, data: c0005d3c70)
             exe-1049567 [002] ..... 1636606.702304: sys_nanosleep -> 0x0
             exe-1049722 [003] ..... 1636606.702305: sys_ptrace -> 0x0
             exe-1049567 [002] ..... 1636606.702306: sys_nanosleep(rqtp: c000069f10, rmtp: 0)
             exe-1049722 [003] ..... 1636606.702307: sys_ptrace(request: 1f, pid: 100616, addr: 0, data: 0)
             exe-1049722 [003] .N... 1636606.702315: sys_ptrace -> 0x0
             exe-1049673 [000] ..... 1636606.702320: sys_nanosleep -> 0x0
             exe-1049673 [000] ..... 1636606.702325: sys_nanosleep(rqtp: c000069f10, rmtp: 0)
             exe-1050134 [003] ..... 1636606.702328: sys_setns -> 0xffffffffffffffa1
             exe-1049722 [003] ..... 1636606.702350: sys_wait4(upid: 100616, stat_addr: c0005d3bf4, options: 40000002, ru: 0)
             exe-1049722 [003] ..... 1636606.702353: sys_wait4 -> 0x100616
             exe-1049722 [003] ..... 1636606.702356: sys_ptrace(request: 4204, pid: 100616, addr: 1, data: c0005d3c70)
             exe-1049722 [003] ..... 1636606.702359: sys_ptrace -> 0x0
             exe-1049722 [003] ..... 1636606.702361: sys_ptrace(request: 4204, pid: 100616, addr: 202, data: c0005d3c70)
             exe-1049722 [003] ..... 1636606.702363: sys_ptrace -> 0x0
             exe-1049722 [003] ..... 1636606.702374: sys_pwrite64(fd: 63, buf: 7fd66e1ec080, count: 23, pos: 25)
             exe-1049722 [003] ..... 1636606.702376: tracing_mark_write: setns(fd=326, nstype=0x4000000) end
             exe-1049722 [003] ..... 1636606.767836: tracing_mark_write: setns(fd=326, nstype=0x4000000) start
             exe-1049722 [003] ..... 1636606.767838: sys_pwrite64 -> 0x25
             exe-1049567 [002] ..... 1636606.767868: sys_nanosleep -> 0x0
             exe-1049567 [002] ..... 1636606.767870: sys_nanosleep(rqtp: c000069f10, rmtp: 0)
             exe-1049673 [000] ..... 1636606.767904: sys_nanosleep -> 0x0
             exe-1049673 [000] ..... 1636606.767907: sys_nanosleep(rqtp: c000069f10, rmtp: 0)
             exe-1049567 [002] ..... 1636606.767956: sys_nanosleep -> 0x0
             exe-1049567 [002] ..... 1636606.767958: sys_nanosleep(rqtp: c000069f10, rmtp: 0)
             exe-1049567 [002] ..... 1636606.768044: sys_nanosleep -> 0x0
             exe-1049567 [002] ..... 1636606.768046: sys_nanosleep(rqtp: c000069f10, rmtp: 0)
             exe-1049673 [000] ..... 1636606.768051: sys_nanosleep -> 0x0
             exe-1049722 [003] ..... 1636606.768051: sys_ptrace(request: 4205, pid: 100616, addr: 1, data: c0005d3c70)
             exe-1049673 [000] ..... 1636606.768053: sys_nanosleep(rqtp: c000069f10, rmtp: 0)
             exe-1049722 [003] ..... 1636606.768055: sys_ptrace -> 0x0
             exe-1049722 [003] ..... 1636606.768056: sys_ptrace(request: 4205, pid: 100616, addr: 202, data: c0005d3c70)
             exe-1049722 [003] ..... 1636606.768069: sys_ptrace -> 0x0
             exe-1049722 [003] ..... 1636606.768070: sys_ptrace(request: 1f, pid: 100616, addr: 0, data: 0)
             exe-1049722 [003] .N... 1636606.768078: sys_ptrace -> 0x0
             exe-1050134 [003] ..... 1636606.768091: sys_write -> 0x25
             exe-1049722 [003] ..... 1636606.768113: sys_wait4(upid: 100616, stat_addr: c0005d3bf4, options: 40000002, ru: 0)
             exe-1049722 [003] ..... 1636606.768116: sys_wait4 -> 0x100616
             exe-1049722 [003] ..... 1636606.768118: sys_ptrace(request: 4204, pid: 100616, addr: 1, data: c0005d3c70)
             exe-1049722 [003] ..... 1636606.768121: sys_ptrace -> 0x0
             exe-1049722 [003] ..... 1636606.768123: sys_ptrace(request: 4204, pid: 100616, addr: 202, data: c0005d3c70)
             exe-1049722 [003] ..... 1636606.768125: sys_ptrace -> 0x0
             exe-1049567 [002] ..... 1636606.768132: sys_nanosleep -> 0x0
             exe-1049567 [002] ..... 1636606.768134: sys_nanosleep(rqtp: c000069f10, rmtp: 0)
             exe-1049722 [003] ..... 1636606.768145: sys_ptrace(request: 4205, pid: 100616, addr: 1, data: c0005d3c70)
             exe-1049722 [003] ..... 1636606.768148: sys_ptrace -> 0x0
             exe-1049722 [003] ..... 1636606.768149: sys_ptrace(request: 4205, pid: 100616, addr: 202, data: c0005d3c70)
             exe-1049722 [003] ..... 1636606.768159: sys_ptrace -> 0x0
             exe-1049722 [003] ..... 1636606.768161: sys_ptrace(request: 1f, pid: 100616, addr: 0, data: 0)
             exe-1049722 [003] .N... 1636606.768168: sys_ptrace -> 0x0
             exe-1050134 [003] ..... 1636606.768177: sys_setns -> 0xffffffffffffffa1
             exe-1049722 [003] ..... 1636606.768194: sys_wait4(upid: 100616, stat_addr: c0005d3bf4, options: 40000002, ru: 0)
             exe-1049722 [003] ..... 1636606.768197: sys_wait4 -> 0x100616
             exe-1049722 [003] ..... 1636606.768199: sys_ptrace(request: 4204, pid: 100616, addr: 1, data: c0005d3c70)
             exe-1049722 [003] ..... 1636606.768202: sys_ptrace -> 0x0
             exe-1049722 [003] ..... 1636606.768204: sys_ptrace(request: 4204, pid: 100616, addr: 202, data: c0005d3c70)
             exe-1049722 [003] ..... 1636606.768206: sys_ptrace -> 0x0
             exe-1049722 [003] ..... 1636606.768217: sys_pwrite64(fd: 63, buf: 7fd66e1ec080, count: 23, pos: 25)
             exe-1049722 [003] ..... 1636606.768219: tracing_mark_write: setns(fd=326, nstype=0x4000000) end
             exe-1049722 [003] ..... 1636606.831329: tracing_mark_write: setns(fd=326, nstype=0x4000000) start
             exe-1049722 [003] ..... 1636606.831362: sys_pwrite64 -> 0x25
             exe-1049722 [003] ..... 1636606.831372: sys_ptrace(request: 4205, pid: 100616, addr: 1, data: c0005d3c70)
             exe-1049722 [003] ..... 1636606.831375: sys_ptrace -> 0x0
             exe-1049722 [003] ..... 1636606.831376: sys_ptrace(request: 4205, pid: 100616, addr: 202, data: c0005d3c70)
             exe-1049722 [003] ..... 1636606.831395: sys_ptrace -> 0x0
             exe-1049722 [003] ..... 1636606.831396: sys_ptrace(request: 1f, pid: 100616, addr: 0, data: 0)
             exe-1049722 [003] .N... 1636606.831402: sys_ptrace -> 0x0
             exe-1050134 [003] ..... 1636606.831416: sys_write -> 0x25
             exe-1049673 [003] ..... 1636606.831438: sys_nanosleep -> 0x0
             exe-1049673 [003] ..... 1636606.831444: sys_nanosleep(rqtp: c000069f10, rmtp: 0)
             exe-1049722 [003] ..... 1636606.831478: sys_wait4(upid: 100616, stat_addr: c0005d3bf4, options: 40000002, ru: 0)
             exe-1049722 [003] ..... 1636606.831482: sys_wait4 -> 0x100616
             exe-1049722 [003] ..... 1636606.831484: sys_ptrace(request: 4204, pid: 100616, addr: 1, data: c0005d3c70)
             exe-1049722 [003] ..... 1636606.831490: sys_ptrace -> 0x0
             exe-1049722 [003] ..... 1636606.831492: sys_ptrace(request: 4204, pid: 100616, addr: 202, data: c0005d3c70)
             exe-1049722 [003] ..... 1636606.831495: sys_ptrace -> 0x0
             exe-1049722 [003] ..... 1636606.831550: sys_ptrace(request: 4205, pid: 100616, addr: 1, data: c0005d3c70)
             exe-1049722 [003] ..... 1636606.831553: sys_ptrace -> 0x0
             exe-1049722 [003] ..... 1636606.831555: sys_ptrace(request: 4205, pid: 100616, addr: 202, data: c0005d3c70)
             exe-1049722 [003] ..... 1636606.831573: sys_ptrace -> 0x0
             exe-1049722 [003] ..... 1636606.831574: sys_ptrace(request: 1f, pid: 100616, addr: 0, data: 0)
             exe-1049722 [003] .N... 1636606.831578: sys_ptrace -> 0x0
             exe-1050134 [003] ..... 1636606.831592: sys_setns -> 0xffffffffffffffa1
             exe-1049673 [003] ..... 1636606.831614: sys_nanosleep -> 0x0
             exe-1049673 [003] ..... 1636606.831621: sys_nanosleep(rqtp: c000069f10, rmtp: 0)
             exe-1049722 [003] ..... 1636606.831654: sys_wait4(upid: 100616, stat_addr: c0005d3bf4, options: 40000002, ru: 0)
             exe-1049722 [003] ..... 1636606.831658: sys_wait4 -> 0x100616
             exe-1049722 [003] ..... 1636606.831661: sys_ptrace(request: 4204, pid: 100616, addr: 1, data: c0005d3c70)
             exe-1049722 [003] ..... 1636606.831665: sys_ptrace -> 0x0
             exe-1049722 [003] ..... 1636606.831667: sys_ptrace(request: 4204, pid: 100616, addr: 202, data: c0005d3c70)
             exe-1049722 [003] ..... 1636606.831670: sys_ptrace -> 0x0
             exe-1049722 [003] ..... 1636606.831686: sys_pwrite64(fd: 63, buf: 7fd66e1ec080, count: 23, pos: 25)
             exe-1049722 [003] ..... 1636606.831690: tracing_mark_write: setns(fd=326, nstype=0x4000000) end
             exe-1049722 [001] ..... 1636606.909227: tracing_mark_write: setns(fd=326, nstype=0x4000000) start
             exe-1049722 [001] ..... 1636606.909229: sys_pwrite64 -> 0x25
             exe-1049722 [001] ..... 1636606.909233: sys_ptrace(request: 4205, pid: 100616, addr: 1, data: c0005d3c70)
             exe-1049722 [001] ..... 1636606.909236: sys_ptrace -> 0x0
             exe-1049722 [001] ..... 1636606.909237: sys_ptrace(request: 4205, pid: 100616, addr: 202, data: c0005d3c70)
             exe-1049722 [001] ..... 1636606.909245: sys_ptrace -> 0x0
             exe-1049722 [001] ..... 1636606.909246: sys_ptrace(request: 1f, pid: 100616, addr: 0, data: 0)
             exe-1049722 [001] ..... 1636606.909257: sys_ptrace -> 0x0
             exe-1049722 [001] ..... 1636606.909259: sys_wait4(upid: 100616, stat_addr: c0005d3bf4, options: 40000002, ru: 0)
             exe-1050134 [003] ..... 1636606.909280: sys_write -> 0x25
             exe-1049722 [001] ..... 1636606.909301: sys_wait4 -> 0x100616
             exe-1049722 [001] ..... 1636606.909303: sys_ptrace(request: 4204, pid: 100616, addr: 1, data: c0005d3c70)
             exe-1049722 [001] ..... 1636606.909306: sys_ptrace -> 0x0
             exe-1049722 [001] ..... 1636606.909307: sys_ptrace(request: 4204, pid: 100616, addr: 202, data: c0005d3c70)
             exe-1049722 [001] ..... 1636606.909309: sys_ptrace -> 0x0
             exe-1049722 [001] ..... 1636606.909340: sys_ptrace(request: 4205, pid: 100616, addr: 1, data: c0005d3c70)
             exe-1049722 [001] ..... 1636606.909343: sys_ptrace -> 0x0
             exe-1049722 [001] ..... 1636606.909344: sys_ptrace(request: 4205, pid: 100616, addr: 202, data: c0005d3c70)
             exe-1049722 [001] ..... 1636606.909354: sys_ptrace -> 0x0
             exe-1049722 [001] ..... 1636606.909355: sys_ptrace(request: 1f, pid: 100616, addr: 0, data: 0)
             exe-1049722 [001] ..... 1636606.909365: sys_ptrace -> 0x0
             exe-1049722 [001] ..... 1636606.909367: sys_wait4(upid: 100616, stat_addr: c0005d3bf4, options: 40000002, ru: 0)
             exe-1050134 [003] ..... 1636606.909389: sys_setns -> 0xffffffffffffffa1
             exe-1049722 [001] ..... 1636606.909410: sys_wait4 -> 0x100616
             exe-1049722 [001] ..... 1636606.909412: sys_ptrace(request: 4204, pid: 100616, addr: 1, data: c0005d3c70)
             exe-1049722 [001] ..... 1636606.909415: sys_ptrace -> 0x0
             exe-1049722 [001] ..... 1636606.909416: sys_ptrace(request: 4204, pid: 100616, addr: 202, data: c0005d3c70)
             exe-1049722 [001] ..... 1636606.909419: sys_ptrace -> 0x0
             exe-1049722 [001] ..... 1636606.909425: sys_pwrite64(fd: 63, buf: 7fd66e1ec080, count: 23, pos: 25)
             exe-1049722 [001] ..... 1636606.909427: tracing_mark_write: setns(fd=326, nstype=0x4000000) end
             exe-1049722 [001] ..... 1636606.972324: tracing_mark_write: setns(fd=150, nstype=0x4000000) start
             exe-1049722 [001] ..... 1636606.972326: sys_pwrite64 -> 0x25
             exe-1049722 [001] ..... 1636606.972332: sys_ptrace(request: 4205, pid: 100616, addr: 1, data: c0005d3c70)
             exe-1049722 [001] ..... 1636606.972334: sys_ptrace -> 0x0
             exe-1049722 [001] ..... 1636606.972335: sys_ptrace(request: 4205, pid: 100616, addr: 202, data: c0005d3c70)
             exe-1049722 [001] ..... 1636606.972344: sys_ptrace -> 0x0
             exe-1049722 [001] ..... 1636606.972346: sys_ptrace(request: 1f, pid: 100616, addr: 0, data: 0)
             exe-1049722 [001] ..... 1636606.972357: sys_ptrace -> 0x0
             exe-1049673 [002] ..... 1636606.972359: sys_nanosleep -> 0x0
             exe-1049722 [001] ..... 1636606.972359: sys_wait4(upid: 100616, stat_addr: c0005d3bf4, options: 40000002, ru: 0)
             exe-1049673 [002] ..... 1636606.972365: sys_nanosleep(rqtp: c000069f10, rmtp: 0)
             exe-1050134 [003] ..... 1636606.972380: sys_write -> 0x25
             exe-1049567 [002] ..... 1636606.972385: sys_nanosleep -> 0x0
             exe-1049567 [002] ..... 1636606.972390: sys_nanosleep(rqtp: c000069f10, rmtp: 0)
             exe-1049722 [001] ..... 1636606.972397: sys_wait4 -> 0x100616
             exe-1049722 [001] ..... 1636606.972399: sys_ptrace(request: 4204, pid: 100616, addr: 1, data: c0005d3c70)
             exe-1049722 [001] ..... 1636606.972402: sys_ptrace -> 0x0
             exe-1049722 [001] ..... 1636606.972403: sys_ptrace(request: 4204, pid: 100616, addr: 202, data: c0005d3c70)
             exe-1049722 [001] ..... 1636606.972405: sys_ptrace -> 0x0
             exe-1049722 [001] ..... 1636606.972423: sys_ptrace(request: 4205, pid: 100616, addr: 1, data: c0005d3c70)
             exe-1049722 [001] ..... 1636606.972425: sys_ptrace -> 0x0
             exe-1049722 [001] ..... 1636606.972427: sys_ptrace(request: 4205, pid: 100616, addr: 202, data: c0005d3c70)
             exe-1049722 [001] ..... 1636606.972434: sys_ptrace -> 0x0
             exe-1049722 [001] ..... 1636606.972436: sys_ptrace(request: 1f, pid: 100616, addr: 0, data: 0)
             exe-1049722 [001] ..... 1636606.972446: sys_ptrace -> 0x0
             exe-1049722 [001] ..... 1636606.972448: sys_wait4(upid: 100616, stat_addr: c0005d3bf4, options: 40000002, ru: 0)
             exe-1049673 [002] ..... 1636606.972466: sys_nanosleep -> 0x0
             exe-1050134 [003] ..... 1636606.972470: sys_setns -> 0xffffffffffffffa1
             exe-1049673 [002] ..... 1636606.972471: sys_nanosleep(rqtp: c000069f10, rmtp: 0)
             exe-1049722 [001] ..... 1636606.972489: sys_wait4 -> 0x100616
             exe-1049722 [001] ..... 1636606.972492: sys_ptrace(request: 4204, pid: 100616, addr: 1, data: c0005d3c70)
             exe-1049567 [002] ..... 1636606.972492: sys_nanosleep -> 0x0
             exe-1049722 [001] ..... 1636606.972494: sys_ptrace -> 0x0
             exe-1049722 [001] ..... 1636606.972496: sys_ptrace(request: 4204, pid: 100616, addr: 202, data: c0005d3c70)
             exe-1049567 [002] ..... 1636606.972497: sys_nanosleep(rqtp: c000069f10, rmtp: 0)
             exe-1049722 [001] ..... 1636606.972498: sys_ptrace -> 0x0
             exe-1049722 [001] ..... 1636606.972504: sys_pwrite64(fd: 63, buf: 7fd66e1ec080, count: 23, pos: 25)
             exe-1049722 [001] ..... 1636606.972505: tracing_mark_write: setns(fd=150, nstype=0x4000000) end
             exe-1049981 [000] ..... 1636607.045666: tracing_mark_write: setns(fd=150, nstype=0x4000000) start
             exe-1049981 [000] ..... 1636607.045668: sys_pwrite64 -> 0x25
             exe-1049567 [002] ..... 1636607.045674: sys_nanosleep -> 0x0
             exe-1049981 [000] ..... 1636607.045679: sys_ptrace(request: 4205, pid: 10058a, addr: 1, data: c0005d3c70)
             exe-1049567 [002] ..... 1636607.045680: sys_nanosleep(rqtp: c000069f10, rmtp: 0)
             exe-1049981 [000] ..... 1636607.045683: sys_ptrace -> 0x0
             exe-1049981 [000] ..... 1636607.045685: sys_ptrace(request: 4205, pid: 10058a, addr: 202, data: c0005d3c70)
             exe-1049981 [000] ..... 1636607.045703: sys_ptrace -> 0x0
             exe-1049981 [000] ..... 1636607.045705: sys_ptrace(request: 1f, pid: 10058a, addr: 0, data: 0)
             exe-975407  [001] ..... 1636607.045727: sys_epoll_pwait -> 0x0
             exe-1049981 [000] .N... 1636607.045734: sys_ptrace -> 0x0
             exe-975407  [001] ..... 1636607.045750: sys_epoll_pwait(epfd: 11, events: c00053d840, maxevents: 80, timeout: 1, sigmask: 0, sigsetsize: 0)
             exe-1049673 [002] ..... 1636607.045756: sys_nanosleep -> 0x0
             exe-1049673 [002] ..... 1636607.045762: sys_nanosleep(rqtp: c000069f10, rmtp: 0)
             exe-1049994 [000] ..... 1636607.045772: sys_write -> 0x25
             exe-1049981 [000] ..... 1636607.045796: sys_wait4(upid: 10058a, stat_addr: c0005d3bf4, options: 40000002, ru: 0)
             exe-1049981 [000] ..... 1636607.045799: sys_wait4 -> 0x10058a
             exe-1049981 [000] ..... 1636607.045802: sys_ptrace(request: 4204, pid: 10058a, addr: 1, data: c0005d3c70)
             exe-1049981 [000] ..... 1636607.045806: sys_ptrace -> 0x0
             exe-1049981 [000] ..... 1636607.045808: sys_ptrace(request: 4204, pid: 10058a, addr: 202, data: c0005d3c70)
             exe-1049981 [000] ..... 1636607.045810: sys_ptrace -> 0x0
             exe-1049673 [002] ..... 1636607.045835: sys_nanosleep -> 0x0
             exe-1049673 [002] ..... 1636607.045838: sys_nanosleep(rqtp: c000069f10, rmtp: 0)
             exe-1049567 [002] ..... 1636607.045851: sys_nanosleep -> 0x0
             exe-1049567 [002] ..... 1636607.045857: sys_nanosleep(rqtp: c000069f10, rmtp: 0)
             exe-1049981 [000] ..... 1636607.045908: sys_ptrace(request: 4205, pid: 10058a, addr: 1, data: c0005d3c70)
             exe-1049981 [000] ..... 1636607.045913: sys_ptrace -> 0x0
             exe-1049981 [000] ..... 1636607.045915: sys_ptrace(request: 4205, pid: 10058a, addr: 202, data: c0005d3c70)
             exe-1049981 [000] ..... 1636607.045933: sys_ptrace -> 0x0
             exe-1049981 [000] ..... 1636607.045934: sys_ptrace(request: 1f, pid: 10058a, addr: 0, data: 0)
             exe-1049673 [002] ..... 1636607.045935: sys_nanosleep -> 0x0
             exe-1049673 [002] ..... 1636607.045940: sys_nanosleep(rqtp: c000069f10, rmtp: 0)
             exe-1049981 [000] .N... 1636607.045962: sys_ptrace -> 0x0
             exe-1049994 [000] ..... 1636607.046001: sys_setns -> 0xffffffffffffffa1
             exe-1049981 [000] ..... 1636607.046025: sys_wait4(upid: 10058a, stat_addr: c0005d3bf4, options: 40000002, ru: 0)
             exe-1049981 [000] ..... 1636607.046028: sys_wait4 -> 0x10058a
             exe-1049981 [000] ..... 1636607.046031: sys_ptrace(request: 4204, pid: 10058a, addr: 1, data: c0005d3c70)
             exe-1049673 [002] ..... 1636607.046031: sys_nanosleep -> 0x0
             exe-1049673 [002] ..... 1636607.046034: sys_nanosleep(rqtp: c000069f10, rmtp: 0)
             exe-1049981 [000] ..... 1636607.046035: sys_ptrace -> 0x0
             exe-1049981 [000] ..... 1636607.046037: sys_ptrace(request: 4204, pid: 10058a, addr: 202, data: c0005d3c70)
             exe-1049981 [000] ..... 1636607.046039: sys_ptrace -> 0x0
             exe-1049567 [002] ..... 1636607.046047: sys_nanosleep -> 0x0
             exe-1049567 [002] ..... 1636607.046051: sys_nanosleep(rqtp: c000069f10, rmtp: 0)
             exe-1049981 [000] ..... 1636607.046125: sys_pwrite64(fd: 63, buf: 7fd66e1ec080, count: 23, pos: 25)
             exe-1049981 [000] ..... 1636607.046128: tracing_mark_write: setns(fd=150, nstype=0x4000000) end
             exe-1049981 [000] ..... 1636607.114683: tracing_mark_write: setns(fd=150, nstype=0x4000000) start
             exe-1049567 [002] ..... 1636607.114685: sys_nanosleep -> 0x0
             exe-1049981 [000] ..... 1636607.114685: sys_pwrite64 -> 0x25
             exe-1049567 [002] ..... 1636607.114691: sys_nanosleep(rqtp: c000069f10, rmtp: 0)
             exe-1049981 [000] ..... 1636607.114695: sys_ptrace(request: 4205, pid: 10058a, addr: 1, data: c0005d3c70)
             exe-1049981 [000] ..... 1636607.114700: sys_ptrace -> 0x0
             exe-1049981 [000] ..... 1636607.114702: sys_ptrace(request: 4205, pid: 10058a, addr: 202, data: c0005d3c70)
             exe-1049673 [002] ..... 1636607.114771: sys_nanosleep -> 0x0
             exe-1049673 [002] ..... 1636607.114778: sys_nanosleep(rqtp: c000069f10, rmtp: 0)
             exe-1049981 [000] ..... 1636607.114797: sys_ptrace -> 0x0
             exe-1049981 [000] ..... 1636607.114803: sys_ptrace(request: 1f, pid: 10058a, addr: 0, data: 0)
             exe-1049981 [000] .N... 1636607.114811: sys_ptrace -> 0x0
             exe-1049994 [000] ..... 1636607.114825: sys_write -> 0x25
             exe-1049673 [002] ..... 1636607.114872: sys_nanosleep -> 0x0
             exe-1049673 [002] ..... 1636607.114875: sys_nanosleep(rqtp: c000069f10, rmtp: 0)
             exe-1049981 [000] ..... 1636607.114930: sys_wait4(upid: 10058a, stat_addr: c0005d3bf4, options: 40000002, ru: 0)
             exe-1049981 [000] ..... 1636607.114933: sys_wait4 -> 0x10058a
             exe-1049981 [000] ..... 1636607.114936: sys_ptrace(request: 4204, pid: 10058a, addr: 1, data: c0005d3c70)
             exe-1049981 [000] ..... 1636607.114940: sys_ptrace -> 0x0
             exe-1049981 [000] ..... 1636607.114942: sys_ptrace(request: 4204, pid: 10058a, addr: 202, data: c0005d3c70)
             exe-1049981 [000] ..... 1636607.114945: sys_ptrace -> 0x0
             exe-1049673 [002] ..... 1636607.114961: sys_nanosleep -> 0x0
             exe-1049673 [002] ..... 1636607.114964: sys_nanosleep(rqtp: c000069f10, rmtp: 0)
             exe-1049673 [002] ..... 1636607.115050: sys_nanosleep -> 0x0
             exe-1049673 [002] ..... 1636607.115053: sys_nanosleep(rqtp: c000069f10, rmtp: 0)
             exe-1049981 [000] ..... 1636607.115068: sys_ptrace(request: 4205, pid: 10058a, addr: 1, data: c0005d3c70)
             exe-1049981 [000] ..... 1636607.115074: sys_ptrace -> 0x0
             exe-1049981 [000] ..... 1636607.115075: sys_ptrace(request: 4205, pid: 10058a, addr: 202, data: c0005d3c70)
             exe-1049981 [000] .N... 1636607.115119: sys_ptrace -> 0x0
             exe-1049673 [002] ..... 1636607.115139: sys_nanosleep -> 0x0
             exe-1049673 [002] ..... 1636607.115141: sys_nanosleep(rqtp: c000069f10, rmtp: 0)
             exe-1049981 [000] ..... 1636607.115164: sys_ptrace(request: 1f, pid: 10058a, addr: 0, data: 0)
             exe-1049981 [000] .N... 1636607.115173: sys_ptrace -> 0x0
             exe-1049994 [000] ..... 1636607.115186: sys_setns -> 0xffffffffffffffa1
             exe-1049673 [002] ..... 1636607.115227: sys_nanosleep -> 0x0
             exe-1049673 [002] ..... 1636607.115230: sys_nanosleep(rqtp: c000069f10, rmtp: 0)
             exe-1049981 [000] ..... 1636607.115284: sys_wait4(upid: 10058a, stat_addr: c0005d3bf4, options: 40000002, ru: 0)
             exe-1049981 [000] ..... 1636607.115287: sys_wait4 -> 0x10058a
             exe-1049981 [000] ..... 1636607.115290: sys_ptrace(request: 4204, pid: 10058a, addr: 1, data: c0005d3c70)
             exe-1049981 [000] ..... 1636607.115294: sys_ptrace -> 0x0
             exe-1049981 [000] ..... 1636607.115296: sys_ptrace(request: 4204, pid: 10058a, addr: 202, data: c0005d3c70)
             exe-1049981 [000] ..... 1636607.115299: sys_ptrace -> 0x0
             exe-1049673 [002] ..... 1636607.115316: sys_nanosleep -> 0x0
             exe-1049981 [000] ..... 1636607.115316: sys_pwrite64(fd: 63, buf: 7fd66e1ec080, count: 23, pos: 25)
             exe-1049673 [002] ..... 1636607.115318: sys_nanosleep(rqtp: c000069f10, rmtp: 0)
             exe-1049981 [000] ..... 1636607.115319: tracing_mark_write: setns(fd=150, nstype=0x4000000) end
             exe-1049981 [000] ..... 1636607.198003: tracing_mark_write: setns(fd=150, nstype=0x4000000) start
             exe-1049981 [000] ..... 1636607.198004: sys_pwrite64 -> 0x25
             exe-1049673 [002] ..... 1636607.198068: sys_nanosleep -> 0x0
             exe-1049673 [002] ..... 1636607.198071: sys_nanosleep(rqtp: c000069f10, rmtp: 0)
             exe-1049981 [000] ..... 1636607.198089: sys_ptrace(request: 4205, pid: 10058a, addr: 1, data: c0005d3c70)
             exe-1049981 [000] ..... 1636607.198095: sys_ptrace -> 0x0
             exe-1049981 [000] ..... 1636607.198096: sys_ptrace(request: 4205, pid: 10058a, addr: 202, data: c0005d3c70)
             exe-1049981 [000] ..... 1636607.198112: sys_ptrace -> 0x0
             exe-1049981 [000] ..... 1636607.198114: sys_ptrace(request: 1f, pid: 10058a, addr: 0, data: 0)
             exe-1049981 [000] .N... 1636607.198121: sys_ptrace -> 0x0
             exe-1049567 [002] ..... 1636607.198187: sys_nanosleep -> 0x0
             exe-1049567 [002] ..... 1636607.198193: sys_nanosleep(rqtp: c000069f10, rmtp: 0)
             exe-1049994 [000] ..... 1636607.198208: sys_write -> 0x25
             exe-1049981 [000] ..... 1636607.198235: sys_wait4(upid: 10058a, stat_addr: c0005d3bf4, options: 40000002, ru: 0)
             exe-1049981 [000] ..... 1636607.198239: sys_wait4 -> 0x10058a
             exe-1049981 [000] ..... 1636607.198242: sys_ptrace(request: 4204, pid: 10058a, addr: 1, data: c0005d3c70)
             exe-1049981 [000] ..... 1636607.198248: sys_ptrace -> 0x0
             exe-1049981 [000] ..... 1636607.198249: sys_ptrace(request: 4204, pid: 10058a, addr: 202, data: c0005d3c70)
             exe-1049981 [000] ..... 1636607.198253: sys_ptrace -> 0x0
             exe-1049673 [002] ..... 1636607.198317: sys_nanosleep -> 0x0
             exe-1049673 [002] ..... 1636607.198323: sys_nanosleep(rqtp: c000069f10, rmtp: 0)
             exe-1049981 [000] ..... 1636607.198362: sys_ptrace(request: 4205, pid: 10058a, addr: 1, data: c0005d3c70)
             exe-1049981 [000] ..... 1636607.198367: sys_ptrace -> 0x0
             exe-1049981 [000] ..... 1636607.198369: sys_ptrace(request: 4205, pid: 10058a, addr: 202, data: c0005d3c70)
             exe-1049981 [000] ..... 1636607.198502: sys_ptrace -> 0x0
             exe-1049981 [000] ..... 1636607.198508: sys_ptrace(request: 1f, pid: 10058a, addr: 0, data: 0)
             exe-1049981 [000] .N... 1636607.198517: sys_ptrace -> 0x0
             exe-1049994 [000] ..... 1636607.198531: sys_setns -> 0xffffffffffffffa1
             exe-1049981 [000] ..... 1636607.198639: sys_wait4(upid: 10058a, stat_addr: c0005d3bf4, options: 40000002, ru: 0)
             exe-1049981 [000] ..... 1636607.198643: sys_wait4 -> 0x10058a
             exe-1049981 [000] ..... 1636607.198646: sys_ptrace(request: 4204, pid: 10058a, addr: 1, data: c0005d3c70)
             exe-1049981 [000] ..... 1636607.198652: sys_ptrace -> 0x0
             exe-1049981 [000] ..... 1636607.198654: sys_ptrace(request: 4204, pid: 10058a, addr: 202, data: c0005d3c70)
             exe-1049981 [000] ..... 1636607.198657: sys_ptrace -> 0x0
             exe-1049673 [002] ..... 1636607.198734: sys_nanosleep -> 0x0
             exe-1049673 [002] ..... 1636607.198738: sys_nanosleep(rqtp: c000069f10, rmtp: 0)
             exe-1049981 [000] ..... 1636607.198750: sys_pwrite64(fd: 63, buf: 7fd66e1ec080, count: 23, pos: 25)
             exe-1049981 [000] ..... 1636607.198754: tracing_mark_write: setns(fd=150, nstype=0x4000000) end
             exe-1049981 [000] ..... 1636607.271361: tracing_mark_write: setns(fd=19, nstype=0x4000000) start
             exe-1049981 [000] ..... 1636607.271362: sys_pwrite64 -> 0x24
             exe-1049981 [000] ..... 1636607.271369: sys_ptrace(request: 4205, pid: 10058a, addr: 1, data: c0005d3c70)
             exe-1049981 [000] ..... 1636607.271372: sys_ptrace -> 0x0
             exe-1049981 [000] ..... 1636607.271373: sys_ptrace(request: 4205, pid: 10058a, addr: 202, data: c0005d3c70)
             exe-1049981 [000] ..... 1636607.271405: sys_ptrace -> 0x0
             exe-1049981 [000] ..... 1636607.271407: sys_ptrace(request: 1f, pid: 10058a, addr: 0, data: 0)
             exe-1049673 [002] ..... 1636607.271408: sys_nanosleep -> 0x0
             exe-1049673 [002] ..... 1636607.271413: sys_nanosleep(rqtp: c000069f10, rmtp: 0)
             exe-1049981 [000] .N... 1636607.271416: sys_ptrace -> 0x0
             exe-1049994 [000] ..... 1636607.271426: sys_write -> 0x24
             exe-1049567 [002] ..... 1636607.271434: sys_nanosleep -> 0x0
             exe-1049567 [002] ..... 1636607.271438: sys_nanosleep(rqtp: c000069f10, rmtp: 0)
             exe-1049981 [000] ..... 1636607.271447: sys_wait4(upid: 10058a, stat_addr: c0005d3bf4, options: 40000002, ru: 0)
             exe-1049981 [000] ..... 1636607.271450: sys_wait4 -> 0x10058a
             exe-1049981 [000] ..... 1636607.271452: sys_ptrace(request: 4204, pid: 10058a, addr: 1, data: c0005d3c70)
             exe-1049981 [000] ..... 1636607.271456: sys_ptrace -> 0x0
             exe-1049981 [000] ..... 1636607.271457: sys_ptrace(request: 4204, pid: 10058a, addr: 202, data: c0005d3c70)
             exe-1049981 [000] ..... 1636607.271460: sys_ptrace -> 0x0
             exe-1049981 [000] ..... 1636607.271481: sys_ptrace(request: 4205, pid: 10058a, addr: 1, data: c0005d3c70)
             exe-1049981 [000] ..... 1636607.271484: sys_ptrace -> 0x0
             exe-1049981 [000] ..... 1636607.271485: sys_ptrace(request: 4205, pid: 10058a, addr: 202, data: c0005d3c70)
             exe-1049981 [000] ..... 1636607.271496: sys_ptrace -> 0x0
             exe-1049981 [000] ..... 1636607.271498: sys_ptrace(request: 1f, pid: 10058a, addr: 0, data: 0)
             exe-1049981 [000] .N... 1636607.271505: sys_ptrace -> 0x0
             exe-1049994 [000] ..... 1636607.271515: sys_setns -> 0xffffffffffffffa1
             exe-1049673 [002] ..... 1636607.271515: sys_nanosleep -> 0x0
             exe-1049673 [002] ..... 1636607.271520: sys_nanosleep(rqtp: c000069f10, rmtp: 0)
             exe-1049981 [000] ..... 1636607.271534: sys_wait4(upid: 10058a, stat_addr: c0005d3bf4, options: 40000002, ru: 0)
             exe-1049981 [000] ..... 1636607.271536: sys_wait4 -> 0x10058a
             exe-1049981 [000] ..... 1636607.271538: sys_ptrace(request: 4204, pid: 10058a, addr: 1, data: c0005d3c70)
             exe-1049567 [002] ..... 1636607.271541: sys_nanosleep -> 0x0
             exe-1049981 [000] ..... 1636607.271542: sys_ptrace -> 0x0
             exe-1049981 [000] ..... 1636607.271543: sys_ptrace(request: 4204, pid: 10058a, addr: 202, data: c0005d3c70)
             exe-1049567 [002] ..... 1636607.271545: sys_nanosleep(rqtp: c000069f10, rmtp: 0)
             exe-1049981 [000] ..... 1636607.271546: sys_ptrace -> 0x0
             exe-1049981 [000] ..... 1636607.271555: sys_pwrite64(fd: 63, buf: 7fd66e1ec080, count: 22, pos: 24)
             exe-1049981 [000] ..... 1636607.271557: tracing_mark_write: setns(fd=19, nstype=0x4000000) end
             exe-1049981 [000] ..... 1636607.371026: tracing_mark_write: setns(fd=19, nstype=0x4000000) start
             exe-1049981 [000] ..... 1636607.371027: sys_pwrite64 -> 0x24
             exe-1049981 [000] ..... 1636607.371036: sys_ptrace(request: 4205, pid: 10058a, addr: 1, data: c0005d3c70)
             exe-1049981 [000] ..... 1636607.371039: sys_ptrace -> 0x0
             exe-1049981 [000] ..... 1636607.371040: sys_ptrace(request: 4205, pid: 10058a, addr: 202, data: c0005d3c70)
             exe-1049981 [000] ..... 1636607.371061: sys_ptrace -> 0x0
             exe-1049981 [000] ..... 1636607.371062: sys_ptrace(request: 1f, pid: 10058a, addr: 0, data: 0)
             exe-1049981 [000] .N... 1636607.371073: sys_ptrace -> 0x0
             exe-1049994 [000] ..... 1636607.371085: sys_write -> 0x24
             exe-1049981 [000] ..... 1636607.371105: sys_wait4(upid: 10058a, stat_addr: c0005d3bf4, options: 40000002, ru: 0)
             exe-1049981 [000] ..... 1636607.371108: sys_wait4 -> 0x10058a
             exe-1049981 [000] ..... 1636607.371111: sys_ptrace(request: 4204, pid: 10058a, addr: 1, data: c0005d3c70)
             exe-1049981 [000] ..... 1636607.371115: sys_ptrace -> 0x0
             exe-1049981 [000] ..... 1636607.371116: sys_ptrace(request: 4204, pid: 10058a, addr: 202, data: c0005d3c70)
             exe-1049981 [000] ..... 1636607.371119: sys_ptrace -> 0x0
             exe-1049981 [000] ..... 1636607.371141: sys_ptrace(request: 4205, pid: 10058a, addr: 1, data: c0005d3c70)
             exe-1049981 [000] ..... 1636607.371144: sys_ptrace -> 0x0
             exe-1049981 [000] ..... 1636607.371146: sys_ptrace(request: 4205, pid: 10058a, addr: 202, data: c0005d3c70)
             exe-1049981 [000] ..... 1636607.371158: sys_ptrace -> 0x0
             exe-1049981 [000] ..... 1636607.371160: sys_ptrace(request: 1f, pid: 10058a, addr: 0, data: 0)
             exe-1049981 [000] .N... 1636607.371167: sys_ptrace -> 0x0
             exe-1049994 [000] ..... 1636607.371178: sys_setns -> 0xffffffffffffffa1
             exe-1049981 [000] ..... 1636607.371199: sys_wait4(upid: 10058a, stat_addr: c0005d3bf4, options: 40000002, ru: 0)
             exe-1049981 [000] ..... 1636607.371201: sys_wait4 -> 0x10058a
             exe-1049981 [000] ..... 1636607.371204: sys_ptrace(request: 4204, pid: 10058a, addr: 1, data: c0005d3c70)
             exe-1049981 [000] ..... 1636607.371208: sys_ptrace -> 0x0
             exe-1049981 [000] ..... 1636607.371209: sys_ptrace(request: 4204, pid: 10058a, addr: 202, data: c0005d3c70)
             exe-1049981 [000] ..... 1636607.371212: sys_ptrace -> 0x0
             exe-1049981 [000] ..... 1636607.371222: sys_pwrite64(fd: 63, buf: 7fd66e1ec080, count: 22, pos: 24)
             exe-1049981 [000] ..... 1636607.371224: tracing_mark_write: setns(fd=19, nstype=0x4000000) end
             exe-1049981 [000] ..... 1636607.427944: tracing_mark_write: setns(fd=19, nstype=0x4000000) start
             exe-1049981 [000] ..... 1636607.427945: sys_pwrite64 -> 0x24
             exe-1049673 [003] ..... 1636607.427951: sys_nanosleep -> 0x0
             exe-1049981 [000] ..... 1636607.427952: sys_ptrace(request: 4205, pid: 10058a, addr: 1, data: c0005d3c70)
             exe-1049981 [000] ..... 1636607.427955: sys_ptrace -> 0x0
             exe-1049981 [000] ..... 1636607.427956: sys_ptrace(request: 4205, pid: 10058a, addr: 202, data: c0005d3c70)
             exe-1049567 [002] ..... 1636607.427958: sys_nanosleep -> 0x0
             exe-1049673 [003] ..... 1636607.427958: sys_nanosleep(rqtp: c000069f10, rmtp: 0)
             exe-1049567 [002] ..... 1636607.427960: sys_nanosleep(rqtp: c000069f10, rmtp: 0)
             exe-1049981 [000] ..... 1636607.427968: sys_ptrace -> 0x0
             exe-1049981 [000] ..... 1636607.427970: sys_ptrace(request: 1f, pid: 10058a, addr: 0, data: 0)
             exe-1049981 [000] .N... 1636607.427977: sys_ptrace -> 0x0
             exe-1049994 [000] ..... 1636607.427988: sys_write -> 0x24
             exe-1049981 [000] ..... 1636607.428008: sys_wait4(upid: 10058a, stat_addr: c0005d3bf4, options: 40000002, ru: 0)
             exe-1049981 [000] ..... 1636607.428010: sys_wait4 -> 0x10058a
