             exe-1049981 [000] ..... 1636607.428013: sys_ptrace(request: 4204, pid: 10058a, addr: 1, data: c0005d3c70)
             exe-1049981 [000] ..... 1636607.428016: sys_ptrace -> 0x0
             exe-1049981 [000] ..... 1636607.428018: sys_ptrace(request: 4204, pid: 10058a, addr: 202, data: c0005d3c70)
             exe-1049981 [000] ..... 1636607.428020: sys_ptrace -> 0x0
             exe-1049981 [000] ..... 1636607.428047: sys_ptrace(request: 4205, pid: 10058a, addr: 1, data: c0005d3c70)
             exe-1049981 [000] ..... 1636607.428050: sys_ptrace -> 0x0
             exe-1049673 [003] ..... 1636607.428051: sys_nanosleep -> 0x0
             exe-1049981 [000] ..... 1636607.428052: sys_ptrace(request: 4205, pid: 10058a, addr: 202, data: c0005d3c70)
             exe-1049673 [003] ..... 1636607.428054: sys_nanosleep(rqtp: c000069f10, rmtp: 0)
             exe-1049981 [000] ..... 1636607.428063: sys_ptrace -> 0x0
             exe-1049981 [000] ..... 1636607.428064: sys_ptrace(request: 1f, pid: 10058a, addr: 0, data: 0)
             exe-1049981 [000] .N... 1636607.428073: sys_ptrace -> 0x0
             exe-1049994 [000] ..... 1636607.428083: sys_setns -> 0xffffffffffffffa1
             exe-1049981 [000] ..... 1636607.428103: sys_wait4(upid: 10058a, stat_addr: c0005d3bf4, options: 40000002, ru: 0)
             exe-1049981 [000] ..... 1636607.428105: sys_wait4 -> 0x10058a
             exe-1049981 [000] ..... 1636607.428107: sys_ptrace(request: 4204, pid: 10058a, addr: 1, data: c0005d3c70)
             exe-1049981 [000] ..... 1636607.428111: sys_ptrace -> 0x0
             exe-1049981 [000] ..... 1636607.428112: sys_ptrace(request: 4204, pid: 10058a, addr: 202, data: c0005d3c70)
             exe-1049981 [000] ..... 1636607.428115: sys_ptrace -> 0x0
             exe-1049981 [000] ..... 1636607.428125: sys_pwrite64(fd: 63, buf: 7fd66e1ec080, count: 22, pos: 24)
             exe-1049981 [000] ..... 1636607.428127: tracing_mark_write: setns(fd=19, nstype=0x4000000) end
             exe-1049981 [000] ..... 1636607.510094: tracing_mark_write: setns(fd=21, nstype=0x4000000) start
             exe-1049981 [000] ..... 1636607.510096: sys_pwrite64 -> 0x24
             exe-1049981 [000] ..... 1636607.510106: sys_ptrace(request: 4205, pid: 10058a, addr: 1, data: c0005d3c70)
             exe-1049981 [000] ..... 1636607.510111: sys_ptrace -> 0x0
             exe-1049981 [000] ..... 1636607.510112: sys_ptrace(request: 4205, pid: 10058a, addr: 202, data: c0005d3c70)
             exe-1049673 [003] ..... 1636607.510139: sys_nanosleep -> 0x0
             exe-1049673 [003] ..... 1636607.510141: sys_nanosleep(rqtp: c000069f10, rmtp: 0)
             exe-1049981 [000] ..... 1636607.510204: sys_ptrace -> 0x0
             exe-1049981 [000] ..... 1636607.510209: sys_ptrace(request: 1f, pid: 10058a, addr: 0, data: 0)
             exe-1049981 [000] .N... 1636607.510218: sys_ptrace -> 0x0
             exe-1049673 [003] ..... 1636607.510227: sys_nanosleep -> 0x0
             exe-1049673 [003] ..... 1636607.510229: sys_nanosleep(rqtp: c000069f10, rmtp: 0)
             exe-1049994 [000] ..... 1636607.510231: sys_write -> 0x24
             exe-1049673 [003] ..... 1636607.510315: sys_nanosleep -> 0x0
             exe-1049673 [003] ..... 1636607.510317: sys_nanosleep(rqtp: c000069f10, rmtp: 0)
             exe-1049981 [000] ..... 1636607.510328: sys_wait4(upid: 10058a, stat_addr: c0005d3bf4, options: 40000002, ru: 0)
             exe-1049981 [000] ..... 1636607.510332: sys_wait4 -> 0x10058a
             exe-1049981 [000] ..... 1636607.510335: sys_ptrace(request: 4204, pid: 10058a, addr: 1, data: c0005d3c70)
             exe-1049981 [000] ..... 1636607.510339: sys_ptrace -> 0x0
             exe-1049981 [000] ..... 1636607.510341: sys_ptrace(request: 4204, pid: 10058a, addr: 202, data: c0005d3c70)
             exe-1049981 [000] ..... 1636607.510344: sys_ptrace -> 0x0
             exe-1049981 [000] ..... 1636607.510370: sys_ptrace(request: 4205, pid: 10058a, addr: 1, data: c0005d3c70)
             exe-1049981 [000] .N... 1636607.510402: sys_ptrace -> 0x0
             exe-1049673 [003] ..... 1636607.510403: sys_nanosleep -> 0x0
             exe-1049673 [003] ..... 1636607.510405: sys_nanosleep(rqtp: c000069f10, rmtp: 0)
             exe-1049981 [000] ..... 1636607.510493: sys_ptrace(request: 4205, pid: 10058a, addr: 202, data: c0005d3c70)
             exe-1049673 [003] ..... 1636607.510494: sys_nanosleep -> 0x0
             exe-1049673 [003] ..... 1636607.510497: sys_nanosleep(rqtp: c000069f10, rmtp: 0)
             exe-1049981 [000] ..... 1636607.510510: sys_ptrace -> 0x0
             exe-1049981 [000] ..... 1636607.510512: sys_ptrace(request: 1f, pid: 10058a, addr: 0, data: 0)
             exe-1049981 [000] .N... 1636607.510520: sys_ptrace -> 0x0
             exe-1049994 [000] ..... 1636607.510534: sys_setns -> 0xffffffffffffffa1
             exe-1049673 [003] ..... 1636607.510585: sys_nanosleep -> 0x0
             exe-1049673 [003] ..... 1636607.510587: sys_nanosleep(rqtp: c000069f10, rmtp: 0)
             exe-1049981 [000] ..... 1636607.510642: sys_wait4(upid: 10058a, stat_addr: c0005d3bf4, options: 40000002, ru: 0)
             exe-1049981 [000] ..... 1636607.510646: sys_wait4 -> 0x10058a
             exe-1049981 [000] ..... 1636607.510649: sys_ptrace(request: 4204, pid: 10058a, addr: 1, data: c0005d3c70)
             exe-1049981 [000] ..... 1636607.510655: sys_ptrace -> 0x0
             exe-1049981 [000] ..... 1636607.510657: sys_ptrace(request: 4204, pid: 10058a, addr: 202, data: c0005d3c70)
             exe-1049981 [000] ..... 1636607.510660: sys_ptrace -> 0x0
             exe-1049673 [003] ..... 1636607.510675: sys_nanosleep -> 0x0
             exe-1049673 [003] ..... 1636607.510678: sys_nanosleep(rqtp: c000069f10, rmtp: 0)
             exe-1049981 [000] ..... 1636607.510753: sys_pwrite64(fd: 63, buf: 7fd66e1ec080, count: 22, pos: 24)
             exe-1049981 [000] ..... 1636607.510757: tracing_mark_write: setns(fd=21, nstype=0x4000000) end
             exe-1049981 [000] ..... 1636607.582873: tracing_mark_write: setns(fd=21, nstype=0x4000000) start
             exe-1049981 [000] ..... 1636607.582875: sys_pwrite64 -> 0x24
             exe-1049673 [003] ..... 1636607.582885: sys_nanosleep -> 0x0
             exe-1049981 [000] ..... 1636607.582885: sys_ptrace(request: 4205, pid: 10058a, addr: 1, data: c0005d3c70)
             exe-1049673 [003] ..... 1636607.582889: sys_nanosleep(rqtp: c000069f10, rmtp: 0)
             exe-1049981 [000] ..... 1636607.582889: sys_ptrace -> 0x0
             exe-1049981 [000] ..... 1636607.582891: sys_ptrace(request: 4205, pid: 10058a, addr: 202, data: c0005d3c70)
             exe-1049567 [003] ..... 1636607.582906: sys_nanosleep -> 0x0
             exe-1049567 [003] ..... 1636607.582912: sys_nanosleep(rqtp: c000069f10, rmtp: 0)
             exe-1049981 [000] ..... 1636607.582978: sys_ptrace -> 0x0
             exe-1049981 [000] ..... 1636607.582983: sys_ptrace(request: 1f, pid: 10058a, addr: 0, data: 0)
             exe-1049981 [000] .N... 1636607.582991: sys_ptrace -> 0x0
             exe-1049673 [003] ..... 1636607.582993: sys_nanosleep -> 0x0
             exe-1049673 [003] ..... 1636607.582999: sys_nanosleep(rqtp: c000069f10, rmtp: 0)
             exe-1049994 [000] ..... 1636607.583003: sys_write -> 0x24
             exe-1049981 [000] ..... 1636607.583093: sys_wait4(upid: 10058a, stat_addr: c0005d3bf4, options: 40000002, ru: 0)
             exe-1049673 [003] ..... 1636607.583094: sys_nanosleep -> 0x0
             exe-1049981 [000] ..... 1636607.583096: sys_wait4 -> 0x10058a
             exe-1049673 [003] ..... 1636607.583097: sys_nanosleep(rqtp: c000069f10, rmtp: 0)
             exe-1049981 [000] ..... 1636607.583099: sys_ptrace(request: 4204, pid: 10058a, addr: 1, data: c0005d3c70)
             exe-1049981 [000] ..... 1636607.583103: sys_ptrace -> 0x0
             exe-1049981 [000] ..... 1636607.583105: sys_ptrace(request: 4204, pid: 10058a, addr: 202, data: c0005d3c70)
             exe-1049981 [000] ..... 1636607.583107: sys_ptrace -> 0x0
             exe-1049981 [000] ..... 1636607.583132: sys_ptrace(request: 4205, pid: 10058a, addr: 1, data: c0005d3c70)
             exe-1049981 [000] ..... 1636607.583135: sys_ptrace -> 0x0
             exe-1049981 [000] ..... 1636607.583137: sys_ptrace(request: 4205, pid: 10058a, addr: 202, data: c0005d3c70)
             exe-1049673 [003] ..... 1636607.583205: sys_nanosleep -> 0x0
             exe-1049673 [003] ..... 1636607.583208: sys_nanosleep(rqtp: c000069f10, rmtp: 0)
             exe-1049981 [000] ..... 1636607.583218: sys_ptrace -> 0x0
             exe-1049981 [000] ..... 1636607.583223: sys_ptrace(request: 1f, pid: 10058a, addr: 0, data: 0)
             exe-1049981 [000] .N... 1636607.583231: sys_ptrace -> 0x0
             exe-1049994 [000] ..... 1636607.583244: sys_setns -> 0xffffffffffffffa1
             exe-1049673 [003] ..... 1636607.583304: sys_nanosleep -> 0x0
             exe-1049673 [003] ..... 1636607.583307: sys_nanosleep(rqtp: c000069f10, rmtp: 0)
             exe-1049567 [003] ..... 1636607.583323: sys_nanosleep -> 0x0
             exe-1049567 [003] ..... 1636607.583328: sys_nanosleep(rqtp: c000069f10, rmtp: 0)
             exe-1049981 [000] ..... 1636607.583336: sys_wait4(upid: 10058a, stat_addr: c0005d3bf4, options: 40000002, ru: 0)
             exe-1049981 [000] ..... 1636607.583339: sys_wait4 -> 0x10058a
             exe-1049981 [000] ..... 1636607.583342: sys_ptrace(request: 4204, pid: 10058a, addr: 1, data: c0005d3c70)
             exe-1049981 [000] ..... 1636607.583346: sys_ptrace -> 0x0
             exe-1049981 [000] ..... 1636607.583347: sys_ptrace(request: 4204, pid: 10058a, addr: 202, data: c0005d3c70)
             exe-1049981 [000] ..... 1636607.583350: sys_ptrace -> 0x0
             exe-1049981 [000] ..... 1636607.583366: sys_pwrite64(fd: 63, buf: 7fd66e1ec080, count: 22, pos: 24)
             exe-1049981 [000] ..... 1636607.583369: tracing_mark_write: setns(fd=21, nstype=0x4000000) end
             exe-1049981 [000] ..... 1636607.656507: tracing_mark_write: setns(fd=21, nstype=0x4000000) start
             exe-1049981 [000] ..... 1636607.656509: sys_pwrite64 -> 0x24
             exe-1049981 [000] ..... 1636607.656517: sys_ptrace(request: 4205, pid: 10058a, addr: 1, data: c0005d3c70)
             exe-1049981 [000] ..... 1636607.656519: sys_ptrace -> 0x0
             exe-1049981 [000] ..... 1636607.656521: sys_ptrace(request: 4205, pid: 10058a, addr: 202, data: c0005d3c70)
             exe-1049673 [003] ..... 1636607.656526: sys_nanosleep -> 0x0
             exe-1049673 [003] ..... 1636607.656531: sys_nanosleep(rqtp: c000069f10, rmtp: 0)
             exe-1049567 [003] ..... 1636607.656552: sys_nanosleep -> 0x0
             exe-1049567 [003] ..... 1636607.656557: sys_nanosleep(rqtp: c000069f10, rmtp: 0)
             exe-1049981 [000] ..... 1636607.656596: sys_ptrace -> 0x0
             exe-1049981 [000] ..... 1636607.656601: sys_ptrace(request: 1f, pid: 10058a, addr: 0, data: 0)
             exe-1049981 [000] .N... 1636607.656609: sys_ptrace -> 0x0
             exe-1049994 [000] ..... 1636607.656621: sys_write -> 0x24
             exe-1049567 [003] ..... 1636607.656634: sys_nanosleep -> 0x0
             exe-1049567 [003] ..... 1636607.656637: sys_nanosleep(rqtp: c000069f10, rmtp: 0)
             exe-1049981 [000] ..... 1636607.656643: sys_wait4(upid: 10058a, stat_addr: c0005d3bf4, options: 40000002, ru: 0)
             exe-1049673 [003] ..... 1636607.656652: sys_nanosleep -> 0x0
             exe-1049673 [003] ..... 1636607.656657: sys_nanosleep(rqtp: c000069f10, rmtp: 0)
             exe-1049981 [000] .N... 1636607.656669: sys_wait4 -> 0x10058a
             exe-1049981 [000] ..... 1636607.656713: sys_ptrace(request: 4204, pid: 10058a, addr: 1, data: c0005d3c70)
             exe-1049981 [000] ..... 1636607.656718: sys_ptrace -> 0x0
             exe-1049981 [000] ..... 1636607.656720: sys_ptrace(request: 4204, pid: 10058a, addr: 202, data: c0005d3c70)
             exe-1049981 [000] ..... 1636607.656722: sys_ptrace -> 0x0
             exe-1049567 [003] ..... 1636607.656744: sys_nanosleep -> 0x0
             exe-1049567 [003] ..... 1636607.656750: sys_nanosleep(rqtp: c000069f10, rmtp: 0)
             exe-1049981 [000] ..... 1636607.656751: sys_ptrace(request: 4205, pid: 10058a, addr: 1, data: c0005d3c70)
             exe-1049981 [000] ..... 1636607.656754: sys_ptrace -> 0x0
             exe-1049981 [000] ..... 1636607.656755: sys_ptrace(request: 4205, pid: 10058a, addr: 202, data: c0005d3c70)
             exe-1049673 [003] ..... 1636607.656771: sys_nanosleep -> 0x0
             exe-1049673 [003] ..... 1636607.656776: sys_nanosleep(rqtp: c000069f10, rmtp: 0)
             exe-1049981 [000] ..... 1636607.656829: sys_ptrace -> 0x0
             exe-1049981 [000] ..... 1636607.656834: sys_ptrace(request: 1f, pid: 10058a, addr: 0, data: 0)
             exe-1049981 [000] .N... 1636607.656841: sys_ptrace -> 0x0
             exe-1049673 [003] ..... 1636607.656852: sys_nanosleep -> 0x0
             exe-1049994 [000] ..... 1636607.656853: sys_setns -> 0xffffffffffffffa1
             exe-1049673 [003] ..... 1636607.656854: sys_nanosleep(rqtp: c000069f10, rmtp: 0)
             exe-1049567 [003] ..... 1636607.656869: sys_nanosleep -> 0x0
             exe-1049567 [003] ..... 1636607.656874: sys_nanosleep(rqtp: c000069f10, rmtp: 0)
             exe-1049981 [000] ..... 1636607.656939: sys_wait4(upid: 10058a, stat_addr: c0005d3bf4, options: 40000002, ru: 0)
             exe-1049981 [000] ..... 1636607.656942: sys_wait4 -> 0x10058a
             exe-1049981 [000] ..... 1636607.656944: sys_ptrace(request: 4204, pid: 10058a, addr: 1, data: c0005d3c70)
             exe-1049981 [000] ..... 1636607.656948: sys_ptrace -> 0x0
             exe-1049981 [000] ..... 1636607.656950: sys_ptrace(request: 4204, pid: 10058a, addr: 202, data: c0005d3c70)
             exe-1049981 [000] ..... 1636607.656952: sys_ptrace -> 0x0
             exe-1049673 [003] ..... 1636607.656962: sys_nanosleep -> 0x0
             exe-1049673 [003] ..... 1636607.656967: sys_nanosleep(rqtp: c000069f10, rmtp: 0)
             exe-1049981 [000] ..... 1636607.656968: sys_pwrite64(fd: 63, buf: 7fd66e1ec080, count: 22, pos: 24)
             exe-1049981 [000] ..... 1636607.656971: tracing_mark_write: setns(fd=21, nstype=0x4000000) end
             exe-1049981 [000] ..... 1636607.731158: tracing_mark_write: setns(fd=355, nstype=0x4000000) start
             exe-1049981 [000] ..... 1636607.731160: sys_pwrite64 -> 0x25
             exe-1049981 [000] ..... 1636607.731166: sys_ptrace(request: 4205, pid: 10058a, addr: 1, data: c0005d3c70)
             exe-1049981 [000] ..... 1636607.731169: sys_ptrace -> 0x0
             exe-1049981 [000] ..... 1636607.731170: sys_ptrace(request: 4205, pid: 10058a, addr: 202, data: c0005d3c70)
             exe-1049981 [000] ..... 1636607.731181: sys_ptrace -> 0x0
             exe-1049981 [000] ..... 1636607.731183: sys_ptrace(request: 1f, pid: 10058a, addr: 0, data: 0)
             exe-1049673 [003] ..... 1636607.731185: sys_nanosleep -> 0x0
             exe-1049981 [000] .N... 1636607.731190: sys_ptrace -> 0x0
             exe-1049673 [003] ..... 1636607.731190: sys_nanosleep(rqtp: c000069f10, rmtp: 0)
             exe-1049994 [000] ..... 1636607.731199: sys_write -> 0x25
             exe-1049567 [003] ..... 1636607.731212: sys_nanosleep -> 0x0
             exe-1049567 [003] ..... 1636607.731217: sys_nanosleep(rqtp: c000069f10, rmtp: 0)
             exe-1049981 [000] ..... 1636607.731217: sys_wait4(upid: 10058a, stat_addr: c0005d3bf4, options: 40000002, ru: 0)
             exe-1049981 [000] ..... 1636607.731220: sys_wait4 -> 0x10058a
             exe-1049981 [000] ..... 1636607.731222: sys_ptrace(request: 4204, pid: 10058a, addr: 1, data: c0005d3c70)
             exe-1049981 [000] ..... 1636607.731225: sys_ptrace -> 0x0
             exe-1049981 [000] ..... 1636607.731226: sys_ptrace(request: 4204, pid: 10058a, addr: 202, data: c0005d3c70)
             exe-1049981 [000] ..... 1636607.731229: sys_ptrace -> 0x0
             exe-1049981 [000] ..... 1636607.731248: sys_ptrace(request: 4205, pid: 10058a, addr: 1, data: c0005d3c70)
             exe-1049981 [000] ..... 1636607.731250: sys_ptrace -> 0x0
             exe-1049981 [000] ..... 1636607.731252: sys_ptrace(request: 4205, pid: 10058a, addr: 202, data: c0005d3c70)
             exe-1049981 [000] ..... 1636607.731262: sys_ptrace -> 0x0
             exe-1049981 [000] ..... 1636607.731264: sys_ptrace(request: 1f, pid: 10058a, addr: 0, data: 0)
             exe-1049981 [000] .N... 1636607.731270: sys_ptrace -> 0x0
             exe-1049994 [000] ..... 1636607.731280: sys_setns -> 0xffffffffffffffa1
             exe-1049567 [003] ..... 1636607.731287: sys_nanosleep -> 0x0
             exe-1049567 [003] ..... 1636607.731290: sys_nanosleep(rqtp: c000069f10, rmtp: 0)
             exe-1049981 [000] ..... 1636607.731298: sys_wait4(upid: 10058a, stat_addr: c0005d3bf4, options: 40000002, ru: 0)
             exe-1049981 [000] ..... 1636607.731300: sys_wait4 -> 0x10058a
             exe-1049981 [000] ..... 1636607.731303: sys_ptrace(request: 4204, pid: 10058a, addr: 1, data: c0005d3c70)
             exe-1049673 [003] ..... 1636607.731306: sys_nanosleep -> 0x0
             exe-1049981 [000] ..... 1636607.731306: sys_ptrace -> 0x0
             exe-1049981 [000] ..... 1636607.731307: sys_ptrace(request: 4204, pid: 10058a, addr: 202, data: c0005d3c70)
             exe-1049981 [000] ..... 1636607.731310: sys_ptrace -> 0x0
             exe-1049673 [003] ..... 1636607.731311: sys_nanosleep(rqtp: c000069f10, rmtp: 0)
             exe-1049981 [000] ..... 1636607.731319: sys_pwrite64(fd: 63, buf: 7fd66e1ec080, count: 23, pos: 25)
             exe-1049981 [000] ..... 1636607.731321: tracing_mark_write: setns(fd=355, nstype=0x4000000) end
             exe-1049981 [000] ..... 1636607.814382: tracing_mark_write: setns(fd=355, nstype=0x4000000) start
             exe-1049981 [000] ..... 1636607.814384: sys_pwrite64 -> 0x25
             exe-1049981 [000] ..... 1636607.814397: sys_ptrace(request: 4205, pid: 10058a, addr: 1, data: c0005d3c70)
             exe-1049981 [000] ..... 1636607.814402: sys_ptrace -> 0x0
             exe-1049981 [000] ..... 1636607.814403: sys_ptrace(request: 4205, pid: 10058a, addr: 202, data: c0005d3c70)
             exe-1049673 [003] ..... 1636607.814457: sys_nanosleep -> 0x0
             exe-1049673 [003] ..... 1636607.814460: sys_nanosleep(rqtp: c000069f10, rmtp: 0)
             exe-1049981 [000] ..... 1636607.814508: sys_ptrace -> 0x0
             exe-1049981 [000] ..... 1636607.814513: sys_ptrace(request: 1f, pid: 10058a, addr: 0, data: 0)
             exe-1049981 [000] .N... 1636607.814521: sys_ptrace -> 0x0
             exe-1049994 [000] ..... 1636607.814535: sys_write -> 0x25
             exe-1049673 [003] ..... 1636607.814545: sys_nanosleep -> 0x0
             exe-1049673 [003] ..... 1636607.814548: sys_nanosleep(rqtp: c000069f10, rmtp: 0)
             exe-1049673 [003] ..... 1636607.814634: sys_nanosleep -> 0x0
             exe-1049673 [003] ..... 1636607.814637: sys_nanosleep(rqtp: c000069f10, rmtp: 0)
             exe-1049981 [000] ..... 1636607.814643: sys_wait4(upid: 10058a, stat_addr: c0005d3bf4, options: 40000002, ru: 0)
             exe-1049981 [000] ..... 1636607.814646: sys_wait4 -> 0x10058a
             exe-1049981 [000] ..... 1636607.814649: sys_ptrace(request: 4204, pid: 10058a, addr: 1, data: c0005d3c70)
             exe-1049981 [000] ..... 1636607.814653: sys_ptrace -> 0x0
             exe-1049981 [000] ..... 1636607.814655: sys_ptrace(request: 4204, pid: 10058a, addr: 202, data: c0005d3c70)
             exe-1049981 [000] ..... 1636607.814658: sys_ptrace -> 0x0
             exe-1049673 [003] ..... 1636607.814722: sys_nanosleep -> 0x0
             exe-1049673 [003] ..... 1636607.814724: sys_nanosleep(rqtp: c000069f10, rmtp: 0)
             exe-1049981 [000] ..... 1636607.814759: sys_ptrace(request: 4205, pid: 10058a, addr: 1, data: c0005d3c70)
             exe-1049981 [000] ..... 1636607.814765: sys_ptrace -> 0x0
             exe-1049981 [000] ..... 1636607.814766: sys_ptrace(request: 4205, pid: 10058a, addr: 202, data: c0005d3c70)
             exe-1049981 [000] ..... 1636607.814781: sys_ptrace -> 0x0
             exe-1049981 [000] ..... 1636607.814783: sys_ptrace(request: 1f, pid: 10058a, addr: 0, data: 0)
             exe-1049673 [003] ..... 1636607.814809: sys_nanosleep -> 0x0
             exe-1049673 [003] ..... 1636607.814811: sys_nanosleep(rqtp: c000069f10, rmtp: 0)
             exe-1049981 [000] .N... 1636607.814814: sys_ptrace -> 0x0
             exe-1049994 [000] ..... 1636607.814858: sys_setns -> 0xffffffffffffffa1
             exe-1049981 [000] ..... 1636607.814887: sys_wait4(upid: 10058a, stat_addr: c0005d3bf4, options: 40000002, ru: 0)
             exe-1049981 [000] ..... 1636607.814891: sys_wait4 -> 0x10058a
             exe-1049981 [000] ..... 1636607.814894: sys_ptrace(request: 4204, pid: 10058a, addr: 1, data: c0005d3c70)
             exe-1049981 [000] ..... 1636607.814899: sys_ptrace -> 0x0
             exe-1049981 [000] ..... 1636607.814901: sys_ptrace(request: 4204, pid: 10058a, addr: 202, data: c0005d3c70)
             exe-1050282 [003] ..... 1636607.814906: sys_epoll_pwait -> 0x0
             exe-1050282 [003] ..... 1636607.814919: sys_epoll_pwait(epfd: 11, events: c000695840, maxevents: 80, timeout: 1, sigmask: 0, sigsetsize: 0)
             exe-1049981 [000] .N... 1636607.814935: sys_ptrace -> 0x0
             exe-1049673 [003] ..... 1636607.814937: sys_nanosleep -> 0x0
             exe-1049673 [003] ..... 1636607.814943: sys_nanosleep(rqtp: c000069f10, rmtp: 0)
             exe-1049981 [000] ..... 1636607.815002: sys_pwrite64(fd: 63, buf: 7fd66e1ec080, count: 23, pos: 25)
             exe-1049981 [000] ..... 1636607.815005: tracing_mark_write: setns(fd=355, nstype=0x4000000) end
             exe-1049981 [000] ..... 1636607.898040: tracing_mark_write: setns(fd=289, nstype=0x4000000) start
             exe-1049981 [000] ..... 1636607.898042: sys_pwrite64 -> 0x25
             exe-1049567 [003] ..... 1636607.898085: sys_nanosleep -> 0x0
             exe-1049567 [003] ..... 1636607.898091: sys_nanosleep(rqtp: c000069f10, rmtp: 0)
             exe-1049673 [003] ..... 1636607.898114: sys_nanosleep -> 0x0
             exe-1049673 [003] ..... 1636607.898119: sys_nanosleep(rqtp: c000069f10, rmtp: 0)
             exe-1049981 [000] ..... 1636607.898120: sys_ptrace(request: 4205, pid: 10058a, addr: 1, data: c0005d3c70)
             exe-1049981 [000] ..... 1636607.898124: sys_ptrace -> 0x0
             exe-1049981 [000] ..... 1636607.898126: sys_ptrace(request: 4205, pid: 10058a, addr: 202, data: c0005d3c70)
             exe-1049981 [000] ..... 1636607.898140: sys_ptrace -> 0x0
             exe-1049981 [000] ..... 1636607.898142: sys_ptrace(request: 1f, pid: 10058a, addr: 0, data: 0)
             exe-1049981 [000] .N... 1636607.898149: sys_ptrace -> 0x0
             exe-1049994 [000] ..... 1636607.898162: sys_write -> 0x25
             exe-1049567 [003] ..... 1636607.898231: sys_nanosleep -> 0x0
             exe-1049567 [003] ..... 1636607.898238: sys_nanosleep(rqtp: c000069f10, rmtp: 0)
             exe-1049981 [000] ..... 1636607.898257: sys_wait4(upid: 10058a, stat_addr: c0005d3bf4, options: 40000002, ru: 0)
             exe-1049981 [000] ..... 1636607.898261: sys_wait4 -> 0x10058a
             exe-1049673 [003] ..... 1636607.898262: sys_nanosleep -> 0x0
             exe-1049981 [000] ..... 1636607.898264: sys_ptrace(request: 4204, pid: 10058a, addr: 1, data: c0005d3c70)
             exe-1049673 [003] ..... 1636607.898268: sys_nanosleep(rqtp: c000069f10, rmtp: 0)
             exe-1049981 [000] ..... 1636607.898269: sys_ptrace -> 0x0
             exe-1049981 [000] ..... 1636607.898270: sys_ptrace(request: 4204, pid: 10058a, addr: 202, data: c0005d3c70)
             exe-1049981 [000] ..... 1636607.898273: sys_ptrace -> 0x0
             exe-1049567 [003] ..... 1636607.898374: sys_nanosleep -> 0x0
             exe-1049981 [000] ..... 1636607.898375: sys_ptrace(request: 4205, pid: 10058a, addr: 1, data: c0005d3c70)
             exe-1049981 [000] ..... 1636607.898380: sys_ptrace -> 0x0
             exe-1049567 [003] ..... 1636607.898380: sys_nanosleep(rqtp: c000069f10, rmtp: 0)
             exe-1049981 [000] ..... 1636607.898381: sys_ptrace(request: 4205, pid: 10058a, addr: 202, data: c0005d3c70)
             exe-1049673 [003] ..... 1636607.898395: sys_nanosleep -> 0x0
             exe-1049673 [003] ..... 1636607.898401: sys_nanosleep(rqtp: c000069f10, rmtp: 0)
             exe-1049981 [000] ..... 1636607.898403: sys_ptrace -> 0x0
             exe-1049981 [000] ..... 1636607.898404: sys_ptrace(request: 1f, pid: 10058a, addr: 0, data: 0)
             exe-1049981 [000] .N... 1636607.898464: sys_ptrace -> 0x0
             exe-1049673 [003] ..... 1636607.898494: sys_nanosleep -> 0x0
             exe-1049673 [003] ..... 1636607.898498: sys_nanosleep(rqtp: c000069f10, rmtp: 0)
             exe-1049994 [000] ..... 1636607.898507: sys_setns -> 0xffffffffffffffa1
             exe-1049981 [000] ..... 1636607.898535: sys_wait4(upid: 10058a, stat_addr: c0005d3bf4, options: 40000002, ru: 0)
             exe-1049981 [000] ..... 1636607.898538: sys_wait4 -> 0x10058a
             exe-1049981 [000] ..... 1636607.898541: sys_ptrace(request: 4204, pid: 10058a, addr: 1, data: c0005d3c70)
             exe-1049981 [000] ..... 1636607.898546: sys_ptrace -> 0x0
             exe-1049981 [000] ..... 1636607.898548: sys_ptrace(request: 4204, pid: 10058a, addr: 202, data: c0005d3c70)
             exe-1049981 [000] ..... 1636607.898551: sys_ptrace -> 0x0
             exe-1049567 [003] ..... 1636607.898597: sys_nanosleep -> 0x0
             exe-1049567 [003] ..... 1636607.898603: sys_nanosleep(rqtp: c000069f10, rmtp: 0)
             exe-1049673 [003] ..... 1636607.898647: sys_nanosleep -> 0x0
             exe-1049673 [003] ..... 1636607.898653: sys_nanosleep(rqtp: c000069f10, rmtp: 0)
             exe-1049981 [000] ..... 1636607.898659: sys_pwrite64(fd: 63, buf: 7fd66e1ec080, count: 23, pos: 25)
             exe-1049981 [000] ..... 1636607.898663: tracing_mark_write: setns(fd=289, nstype=0x4000000) end
             exe-1049981 [000] ..... 1636607.981271: tracing_mark_write: setns(fd=289, nstype=0x4000000) start
             exe-1049981 [000] ..... 1636607.981272: sys_pwrite64 -> 0x25
             exe-1049673 [003] ..... 1636607.981279: sys_nanosleep -> 0x0
             exe-1049981 [000] ..... 1636607.981280: sys_ptrace(request: 4205, pid: 10058a, addr: 1, data: c0005d3c70)
             exe-1049673 [003] ..... 1636607.981284: sys_nanosleep(rqtp: c000069f10, rmtp: 0)
             exe-1049981 [000] .N... 1636607.981309: sys_ptrace -> 0x0
             exe-1049981 [000] ..... 1636607.981349: sys_ptrace(request: 4205, pid: 10058a, addr: 202, data: c0005d3c70)
             exe-1049981 [000] ..... 1636607.981363: sys_ptrace -> 0x0
             exe-1049567 [003] ..... 1636607.981364: sys_nanosleep -> 0x0
             exe-1049981 [000] ..... 1636607.981365: sys_ptrace(request: 1f, pid: 10058a, addr: 0, data: 0)
             exe-1049567 [003] ..... 1636607.981370: sys_nanosleep(rqtp: c000069f10, rmtp: 0)
             exe-1049981 [000] .N... 1636607.981371: sys_ptrace -> 0x0
             exe-1049994 [000] ..... 1636607.981383: sys_write -> 0x25
             exe-1049673 [003] ..... 1636607.981392: sys_nanosleep -> 0x0
             exe-1049673 [003] ..... 1636607.981398: sys_nanosleep(rqtp: c000069f10, rmtp: 0)
             exe-1049981 [000] ..... 1636607.981470: sys_wait4(upid: 10058a, stat_addr: c0005d3bf4, options: 40000002, ru: 0)
             exe-1049981 [000] ..... 1636607.981473: sys_wait4 -> 0x10058a
             exe-1049981 [000] ..... 1636607.981475: sys_ptrace(request: 4204, pid: 10058a, addr: 1, data: c0005d3c70)
             exe-1049567 [003] ..... 1636607.981477: sys_nanosleep -> 0x0
             exe-1049981 [000] ..... 1636607.981479: sys_ptrace -> 0x0
             exe-1049981 [000] ..... 1636607.981481: sys_ptrace(request: 4204, pid: 10058a, addr: 202, data: c0005d3c70)
             exe-1049981 [000] ..... 1636607.981483: sys_ptrace -> 0x0
             exe-1049567 [003] ..... 1636607.981483: sys_nanosleep(rqtp: c000069f10, rmtp: 0)
             exe-1049673 [003] ..... 1636607.981506: sys_nanosleep -> 0x0
             exe-1049981 [000] ..... 1636607.981508: sys_ptrace(request: 4205, pid: 10058a, addr: 1, data: c0005d3c70)
             exe-1049981 [000] ..... 1636607.981510: sys_ptrace -> 0x0
             exe-1049981 [000] ..... 1636607.981511: sys_ptrace(request: 4205, pid: 10058a, addr: 202, data: c0005d3c70)
             exe-1049673 [003] ..... 1636607.981511: sys_nanosleep(rqtp: c000069f10, rmtp: 0)
             exe-1049981 [000] ..... 1636607.981587: sys_ptrace -> 0x0
             exe-1049567 [003] ..... 1636607.981591: sys_nanosleep -> 0x0
             exe-1049981 [000] ..... 1636607.981592: sys_ptrace(request: 1f, pid: 10058a, addr: 0, data: 0)
             exe-1049567 [003] ..... 1636607.981597: sys_nanosleep(rqtp: c000069f10, rmtp: 0)
             exe-1049981 [000] .N... 1636607.981599: sys_ptrace -> 0x0
             exe-1049994 [000] ..... 1636607.981611: sys_setns -> 0xffffffffffffffa1
             exe-1049673 [003] ..... 1636607.981620: sys_nanosleep -> 0x0
             exe-1049673 [003] ..... 1636607.981625: sys_nanosleep(rqtp: c000069f10, rmtp: 0)
             exe-1049981 [000] ..... 1636607.981700: sys_wait4(upid: 10058a, stat_addr: c0005d3bf4, options: 40000002, ru: 0)
             exe-1049981 [000] ..... 1636607.981703: sys_wait4 -> 0x10058a
             exe-1049981 [000] ..... 1636607.981706: sys_ptrace(request: 4204, pid: 10058a, addr: 1, data: c0005d3c70)
             exe-1049567 [003] ..... 1636607.981706: sys_nanosleep -> 0x0
             exe-1049981 [000] ..... 1636607.981709: sys_ptrace -> 0x0
             exe-1049981 [000] ..... 1636607.981711: sys_ptrace(request: 4204, pid: 10058a, addr: 202, data: c0005d3c70)
             exe-1049567 [003] ..... 1636607.981712: sys_nanosleep(rqtp: c000069f10, rmtp: 0)
             exe-1049981 [000] ..... 1636607.981713: sys_ptrace -> 0x0
             exe-1049981 [000] ..... 1636607.981730: sys_pwrite64(fd: 63, buf: 7fd66e1ec080, count: 23, pos: 25)
             exe-1049981 [000] ..... 1636607.981732: tracing_mark_write: setns(fd=289, nstype=0x4000000) end
             exe-1049981 [000] ..... 1636608.050120: tracing_mark_write: setns(fd=289, nstype=0x4000000) start
             exe-1049981 [000] ..... 1636608.050122: sys_pwrite64 -> 0x25
             exe-1049981 [000] ..... 1636608.050132: sys_ptrace(request: 4205, pid: 10058a, addr: 1, data: c0005d3c70)
             exe-1049981 [000] ..... 1636608.050136: sys_ptrace -> 0x0
             exe-1049981 [000] ..... 1636608.050138: sys_ptrace(request: 4205, pid: 10058a, addr: 202, data: c0005d3c70)
             exe-1049673 [003] ..... 1636608.050144: sys_nanosleep -> 0x0
             exe-1049673 [003] ..... 1636608.050151: sys_nanosleep(rqtp: c000069f10, rmtp: 0)
             exe-1049981 [000] ..... 1636608.050158: sys_ptrace -> 0x0
             exe-1049981 [000] ..... 1636608.050160: sys_ptrace(request: 1f, pid: 10058a, addr: 0, data: 0)
             exe-1049981 [000] .N... 1636608.050171: sys_ptrace -> 0x0
             exe-1049994 [000] ..... 1636608.050185: sys_write -> 0x25
             exe-1049981 [000] ..... 1636608.050212: sys_wait4(upid: 10058a, stat_addr: c0005d3bf4, options: 40000002, ru: 0)
             exe-1049981 [000] ..... 1636608.050216: sys_wait4 -> 0x10058a
             exe-1049981 [000] ..... 1636608.050219: sys_ptrace(request: 4204, pid: 10058a, addr: 1, data: c0005d3c70)
             exe-1049981 [000] ..... 1636608.050225: sys_ptrace -> 0x0
             exe-1049981 [000] ..... 1636608.050227: sys_ptrace(request: 4204, pid: 10058a, addr: 202, data: c0005d3c70)
             exe-1049981 [000] ..... 1636608.050230: sys_ptrace -> 0x0
             exe-1049567 [003] ..... 1636608.050235: sys_nanosleep -> 0x0
             exe-1049567 [003] ..... 1636608.050244: sys_nanosleep(rqtp: c000069f10, rmtp: 0)
             exe-1049673 [003] ..... 1636608.050268: sys_nanosleep -> 0x0
             exe-1049673 [003] ..... 1636608.050276: sys_nanosleep(rqtp: c000069f10, rmtp: 0)
             exe-1049981 [000] ..... 1636608.050279: sys_ptrace(request: 4205, pid: 10058a, addr: 1, data: c0005d3c70)
             exe-1049981 [000] ..... 1636608.050282: sys_ptrace -> 0x0
             exe-1049981 [000] ..... 1636608.050283: sys_ptrace(request: 4205, pid: 10058a, addr: 202, data: c0005d3c70)
             exe-1049981 [000] ..... 1636608.050297: sys_ptrace -> 0x0
             exe-1049981 [000] ..... 1636608.050299: sys_ptrace(request: 1f, pid: 10058a, addr: 0, data: 0)
             exe-1049981 [000] .N... 1636608.050308: sys_ptrace -> 0x0
             exe-1049994 [000] ..... 1636608.050319: sys_setns -> 0xffffffffffffffa1
             exe-1049981 [000] ..... 1636608.050342: sys_wait4(upid: 10058a, stat_addr: c0005d3bf4, options: 40000002, ru: 0)
             exe-1049981 [000] ..... 1636608.050345: sys_wait4 -> 0x10058a
             exe-1049981 [000] ..... 1636608.050347: sys_ptrace(request: 4204, pid: 10058a, addr: 1, data: c0005d3c70)
             exe-1049981 [000] ..... 1636608.050351: sys_ptrace -> 0x0
             exe-1049981 [000] ..... 1636608.050353: sys_ptrace(request: 4204, pid: 10058a, addr: 202, data: c0005d3c70)
             exe-1049981 [000] ..... 1636608.050355: sys_ptrace -> 0x0
             exe-1049567 [003] ..... 1636608.050365: sys_nanosleep -> 0x0
             exe-1049981 [000] ..... 1636608.050367: sys_pwrite64(fd: 63, buf: 7fd66e1ec080, count: 23, pos: 25)
             exe-1049981 [000] ..... 1636608.050370: tracing_mark_write: setns(fd=289, nstype=0x4000000) end
             exe-1049981 [000] ..... 1636608.131075: tracing_mark_write: setns(fd=289, nstype=0x4000000) start
             exe-1049981 [000] ..... 1636608.131076: sys_pwrite64 -> 0x25
             exe-1049673 [003] ..... 1636608.131079: sys_futex(uaddr: c000482548, op: 81, val: 1, utime: 0, uaddr2: 0, val3: 0)
             exe-1049981 [000] ..... 1636608.131083: sys_ptrace(request: 4205, pid: 10058a, addr: 1, data: c0005d3c70)
             exe-1049981 [000] ..... 1636608.131085: sys_ptrace -> 0x0
             exe-1049981 [000] ..... 1636608.131087: sys_ptrace(request: 4205, pid: 10058a, addr: 202, data: c0005d3c70)
             exe-1049673 [003] ..... 1636608.131095: sys_futex -> 0x1
             exe-1049981 [000] ..... 1636608.131097: sys_ptrace -> 0x0
             exe-1049673 [003] ..... 1636608.131098: sys_nanosleep(rqtp: c000069f10, rmtp: 0)
             exe-1049981 [000] ..... 1636608.131099: sys_ptrace(request: 1f, pid: 10058a, addr: 0, data: 0)
             exe-1049981 [000] .N... 1636608.131106: sys_ptrace -> 0x0
             exe-1049994 [000] ..... 1636608.131116: sys_write -> 0x25
             exe-1049723 [002] ..... 1636608.131119: sys_futex -> 0x0
             exe-1049723 [002] ..... 1636608.131125: sys_futex(uaddr: c000482548, op: 80, val: 0, utime: 0, uaddr2: 0, val3: 0)
             exe-1049981 [000] ..... 1636608.131133: sys_wait4(upid: 10058a, stat_addr: c0005d3bf4, options: 40000002, ru: 0)
             exe-1049981 [000] ..... 1636608.131136: sys_wait4 -> 0x10058a
             exe-1049981 [000] ..... 1636608.131138: sys_ptrace(request: 4204, pid: 10058a, addr: 1, data: c0005d3c70)
             exe-1049981 [000] ..... 1636608.131141: sys_ptrace -> 0x0
             exe-1049981 [000] ..... 1636608.131143: sys_ptrace(request: 4204, pid: 10058a, addr: 202, data: c0005d3c70)
             exe-1049981 [000] ..... 1636608.131145: sys_ptrace -> 0x0
             exe-1049567 [003] ..... 1636608.131157: sys_nanosleep -> 0x0
             exe-1049567 [003] ..... 1636608.131164: sys_nanosleep(rqtp: c000069f10, rmtp: 0)
             exe-1049981 [000] ..... 1636608.131170: sys_ptrace(request: 4205, pid: 10058a, addr: 1, data: c0005d3c70)
             exe-1049981 [000] ..... 1636608.131172: sys_ptrace -> 0x0
             exe-1049981 [000] ..... 1636608.131173: sys_ptrace(request: 4205, pid: 10058a, addr: 202, data: c0005d3c70)
             exe-1049981 [000] ..... 1636608.131183: sys_ptrace -> 0x0
             exe-1049981 [000] ..... 1636608.131185: sys_ptrace(request: 1f, pid: 10058a, addr: 0, data: 0)
             exe-1049673 [003] ..... 1636608.131187: sys_nanosleep -> 0x0
             exe-1049981 [000] .N... 1636608.131192: sys_ptrace -> 0x0
             exe-1049673 [003] ..... 1636608.131194: sys_futex(uaddr: 1f09dc0, op: 80, val: 0, utime: c000069eb0, uaddr2: 0, val3: 0)
             exe-1049994 [000] ..... 1636608.131201: sys_setns -> 0xffffffffffffffa1
             exe-1049981 [000] ..... 1636608.131219: sys_wait4(upid: 10058a, stat_addr: c0005d3bf4, options: 40000002, ru: 0)
             exe-1049981 [000] ..... 1636608.131222: sys_wait4 -> 0x10058a
             exe-1049981 [000] ..... 1636608.131224: sys_ptrace(request: 4204, pid: 10058a, addr: 1, data: c0005d3c70)
             exe-1049981 [000] ..... 1636608.131227: sys_ptrace -> 0x0
             exe-1049981 [000] ..... 1636608.131229: sys_ptrace(request: 4204, pid: 10058a, addr: 202, data: c0005d3c70)
             exe-1049981 [000] ..... 1636608.131231: sys_ptrace -> 0x0
             exe-1049981 [000] ..... 1636608.131259: sys_pwrite64(fd: 63, buf: 7fd66e1ec080, count: 23, pos: 25)
             exe-1049981 [000] ..... 1636608.131261: tracing_mark_write: setns(fd=289, nstype=0x4000000) end
             exe-1049981 [000] ..... 1636608.209698: tracing_mark_write: setns(fd=289, nstype=0xc000000) start
             exe-1049981 [000] ..... 1636608.209700: sys_pwrite64 -> 0x25
             exe-1049981 [000] ..... 1636608.209706: sys_ptrace(request: 4205, pid: 10058a, addr: 1, data: c0005d3c70)
             exe-1049981 [000] ..... 1636608.209709: sys_ptrace -> 0x0
             exe-1049981 [000] ..... 1636608.209711: sys_ptrace(request: 4205, pid: 10058a, addr: 202, data: c0005d3c70)
             exe-1049981 [000] ..... 1636608.209722: sys_ptrace -> 0x0
             exe-1049981 [000] ..... 1636608.209723: sys_ptrace(request: 1f, pid: 10058a, addr: 0, data: 0)
             exe-1049981 [000] .N... 1636608.209730: sys_ptrace -> 0x0
             exe-1049567 [002] ..... 1636608.209739: sys_nanosleep -> 0x0
             exe-1049994 [000] ..... 1636608.209741: sys_write -> 0x25
             exe-1049567 [002] ..... 1636608.209742: sys_nanosleep(rqtp: c000069f10, rmtp: 0)
             exe-1049981 [000] ..... 1636608.209760: sys_wait4(upid: 10058a, stat_addr: c0005d3bf4, options: 40000002, ru: 0)
             exe-1049981 [000] ..... 1636608.209762: sys_wait4 -> 0x10058a
             exe-1049981 [000] ..... 1636608.209765: sys_ptrace(request: 4204, pid: 10058a, addr: 1, data: c0005d3c70)
             exe-1049981 [000] ..... 1636608.209768: sys_ptrace -> 0x0
             exe-1049981 [000] ..... 1636608.209770: sys_ptrace(request: 4204, pid: 10058a, addr: 202, data: c0005d3c70)
             exe-1049981 [000] ..... 1636608.209773: sys_ptrace -> 0x0
             exe-1049981 [000] ..... 1636608.209801: sys_ptrace(request: 4205, pid: 10058a, addr: 1, data: c0005d3c70)
             exe-1049981 [000] ..... 1636608.209803: sys_ptrace -> 0x0
             exe-1049981 [000] ..... 1636608.209805: sys_ptrace(request: 4205, pid: 10058a, addr: 202, data: c0005d3c70)
             exe-1049981 [000] ..... 1636608.209815: sys_ptrace -> 0x0
             exe-1049981 [000] ..... 1636608.209817: sys_ptrace(request: 1f, pid: 10058a, addr: 0, data: 0)
             exe-1049981 [000] .N... 1636608.209824: sys_ptrace -> 0x0
             exe-1049567 [002] ..... 1636608.209834: sys_nanosleep -> 0x0
             exe-1049994 [000] ..... 1636608.209835: sys_setns -> 0xffffffffffffffa1
             exe-1049567 [002] ..... 1636608.209836: sys_nanosleep(rqtp: c000069f10, rmtp: 0)
             exe-1049981 [000] ..... 1636608.209854: sys_wait4(upid: 10058a, stat_addr: c0005d3bf4, options: 40000002, ru: 0)
             exe-1049981 [000] ..... 1636608.209856: sys_wait4 -> 0x10058a
             exe-1049981 [000] ..... 1636608.209859: sys_ptrace(request: 4204, pid: 10058a, addr: 1, data: c0005d3c70)
             exe-1049981 [000] ..... 1636608.209862: sys_ptrace -> 0x0
             exe-1049981 [000] ..... 1636608.209864: sys_ptrace(request: 4204, pid: 10058a, addr: 202, data: c0005d3c70)
             exe-1049981 [000] ..... 1636608.209866: sys_ptrace -> 0x0
             exe-1049981 [000] ..... 1636608.209876: sys_pwrite64(fd: 63, buf: 7fd66e1ec080, count: 23, pos: 25)
             exe-1049981 [000] ..... 1636608.209878: tracing_mark_write: setns(fd=289, nstype=0xc000000) end
             exe-1049981 [000] ..... 1636608.279013: tracing_mark_write: setns(fd=289, nstype=0xc000000) start
             exe-1049981 [000] ..... 1636608.279015: sys_pwrite64 -> 0x25
             exe-1049981 [000] ..... 1636608.279022: sys_ptrace(request: 4205, pid: 10058a, addr: 1, data: c0005d3c70)
             exe-1049981 [000] ..... 1636608.279024: sys_ptrace -> 0x0
             exe-1049981 [000] ..... 1636608.279026: sys_ptrace(request: 4205, pid: 10058a, addr: 202, data: c0005d3c70)
             exe-1049981 [000] ..... 1636608.279037: sys_ptrace -> 0x0
             exe-1049981 [000] ..... 1636608.279039: sys_ptrace(request: 1f, pid: 10058a, addr: 0, data: 0)
             exe-1049981 [000] .N... 1636608.279046: sys_ptrace -> 0x0
             exe-1049994 [000] ..... 1636608.279056: sys_write -> 0x25
             exe-1049673 [001] ..... 1636608.279072: sys_nanosleep -> 0x0
             exe-1049981 [000] ..... 1636608.279075: sys_wait4(upid: 10058a, stat_addr: c0005d3bf4, options: 40000002, ru: 0)
             exe-1049673 [001] ..... 1636608.279077: sys_nanosleep(rqtp: c000069f10, rmtp: 0)
             exe-1049981 [000] ..... 1636608.279077: sys_wait4 -> 0x10058a
             exe-1049981 [000] ..... 1636608.279080: sys_ptrace(request: 4204, pid: 10058a, addr: 1, data: c0005d3c70)
             exe-1049981 [000] ..... 1636608.279084: sys_ptrace -> 0x0
             exe-1049981 [000] ..... 1636608.279085: sys_ptrace(request: 4204, pid: 10058a, addr: 202, data: c0005d3c70)
             exe-1049981 [000] ..... 1636608.279088: sys_ptrace -> 0x0
             exe-1049567 [003] ..... 1636608.279102: sys_nanosleep -> 0x0
             exe-1049567 [003] ..... 1636608.279104: sys_nanosleep(rqtp: c000069f10, rmtp: 0)
             exe-1049981 [000] ..... 1636608.279130: sys_ptrace(request: 4205, pid: 10058a, addr: 1, data: c0005d3c70)
             exe-1049981 [000] ..... 1636608.279133: sys_ptrace -> 0x0
             exe-1049981 [000] ..... 1636608.279134: sys_ptrace(request: 4205, pid: 10058a, addr: 202, data: c0005d3c70)
             exe-1049981 [000] ..... 1636608.279146: sys_ptrace -> 0x0
             exe-1049981 [000] ..... 1636608.279148: sys_ptrace(request: 1f, pid: 10058a, addr: 0, data: 0)
             exe-1049981 [000] .N... 1636608.279156: sys_ptrace -> 0x0
             exe-1049994 [000] ..... 1636608.279167: sys_setns -> 0xffffffffffffffa1
             exe-1049673 [001] ..... 1636608.279184: sys_nanosleep -> 0x0
             exe-1049981 [000] ..... 1636608.279189: sys_wait4(upid: 10058a, stat_addr: c0005d3bf4, options: 40000002, ru: 0)
             exe-1049673 [001] ..... 1636608.279190: sys_nanosleep(rqtp: c000069f10, rmtp: 0)
             exe-1049981 [000] ..... 1636608.279191: sys_wait4 -> 0x10058a
             exe-1049981 [000] ..... 1636608.279194: sys_ptrace(request: 4204, pid: 10058a, addr: 1, data: c0005d3c70)
             exe-1049567 [003] ..... 1636608.279194: sys_nanosleep -> 0x0
             exe-1049567 [003] ..... 1636608.279196: sys_nanosleep(rqtp: c000069f10, rmtp: 0)
             exe-1049981 [000] ..... 1636608.279197: sys_ptrace -> 0x0
             exe-1049981 [000] ..... 1636608.279199: sys_ptrace(request: 4204, pid: 10058a, addr: 202, data: c0005d3c70)
             exe-1049981 [000] ..... 1636608.279201: sys_ptrace -> 0x0
             exe-1049981 [000] ..... 1636608.279213: sys_pwrite64(fd: 63, buf: 7fd66e1ec080, count: 23, pos: 25)
             exe-1049981 [000] ..... 1636608.279214: tracing_mark_write: setns(fd=289, nstype=0xc000000) end
             exe-1049981 [000] ..... 1636608.339442: tracing_mark_write: setns(fd=8, nstype=0xc000000) start
             exe-1049981 [000] ..... 1636608.339444: sys_pwrite64 -> 0x23
             exe-1050008 [001] ..... 1636608.339450: sys_futex -> 0x1
             exe-1049981 [000] ..... 1636608.339451: sys_ptrace(request: 4205, pid: 10058a, addr: 1, data: c0005d3c70)
             exe-1049567 [002] ..... 1636608.339452: sys_nanosleep -> 0x0
             exe-1049981 [000] ..... 1636608.339454: sys_ptrace -> 0x0
             exe-1049567 [002] ..... 1636608.339455: sys_getpid()
             exe-1049981 [000] ..... 1636608.339456: sys_ptrace(request: 4205, pid: 10058a, addr: 202, data: c0005d3c70)
             exe-1049567 [002] ..... 1636608.339456: sys_getpid -> 0x1003ce
             exe-1049567 [002] ..... 1636608.339459: sys_tgkill(tgid: 1003ce, pid: 100598, sig: 17)
             exe-1050008 [001] ..... 1636608.339467: sys_futex(uaddr: c000435948, op: 80, val: 0, utime: 0, uaddr2: 0, val3: 0)
             exe-1049981 [000] ..... 1636608.339468: sys_ptrace -> 0x0
             exe-1049981 [000] ..... 1636608.339470: sys_ptrace(request: 1f, pid: 10058a, addr: 0, data: 0)
             exe-1049981 [000] .N... 1636608.339478: sys_ptrace -> 0x0
             exe-1049673 [001] ..... 1636608.339483: sys_nanosleep -> 0x0
             exe-1050232 [003] ..... 1636608.339486: sys_futex -> 0x0
             exe-1049994 [000] ..... 1636608.339489: sys_write -> 0x23
             exe-1049567 [002] ..... 1636608.339490: sys_tgkill -> 0x0
             exe-1049567 [002] ..... 1636608.339492: sys_nanosleep(rqtp: c000069f10, rmtp: 0)
             exe-1050232 [003] ..... 1636608.339496: sys_futex(uaddr: c001f2d948, op: 80, val: 0, utime: 0, uaddr2: 0, val3: 0)
             exe-1049981 [000] ..... 1636608.339510: sys_wait4(upid: 10058a, stat_addr: c0005d3bf4, options: 40000002, ru: 0)
             exe-1050008 [001] ..... 1636608.339510: sys_futex -> 0xfffffffffffffe00
             exe-1049981 [000] ..... 1636608.339513: sys_wait4 -> 0x10058a
             exe-1049981 [000] ..... 1636608.339515: sys_ptrace(request: 4204, pid: 10058a, addr: 1, data: c0005d3c70)
             exe-1049981 [000] ..... 1636608.339519: sys_ptrace -> 0x0
             exe-1049981 [000] ..... 1636608.339521: sys_ptrace(request: 4204, pid: 10058a, addr: 202, data: c0005d3c70)
             exe-1049981 [000] ..... 1636608.339524: sys_ptrace -> 0x0
             exe-1049981 [000] ..... 1636608.339547: sys_ptrace(request: 4205, pid: 10058a, addr: 1, data: c0005d3c70)
             exe-1050008 [001] ..... 1636608.339549: sys_rt_sigreturn()
             exe-1049981 [000] ..... 1636608.339550: sys_ptrace -> 0x0
             exe-1049981 [000] ..... 1636608.339551: sys_ptrace(request: 4205, pid: 10058a, addr: 202, data: c0005d3c70)
             exe-1050008 [001] ..... 1636608.339554: sys_futex(uaddr: c000435948, op: 80, val: 0, utime: 0, uaddr2: 0, val3: 0)
             exe-1049981 [000] ..... 1636608.339563: sys_ptrace -> 0x0
             exe-1049981 [000] ..... 1636608.339564: sys_ptrace(request: 1f, pid: 10058a, addr: 0, data: 0)
             exe-1049981 [000] .N... 1636608.339572: sys_ptrace -> 0x0
             exe-1049673 [001] ..... 1636608.339578: sys_nanosleep(rqtp: c000069f10, rmtp: 0)
             exe-1049994 [000] ..... 1636608.339583: sys_setns -> 0xffffffffffffffa1
             exe-1049567 [002] ..... 1636608.339585: sys_nanosleep -> 0x0
             exe-1049567 [002] ..... 1636608.339587: sys_nanosleep(rqtp: c000069f10, rmtp: 0)
             exe-1049981 [000] ..... 1636608.339604: sys_wait4(upid: 10058a, stat_addr: c0005d3bf4, options: 40000002, ru: 0)
             exe-1049981 [000] ..... 1636608.339607: sys_wait4 -> 0x10058a
             exe-1049981 [000] ..... 1636608.339609: sys_ptrace(request: 4204, pid: 10058a, addr: 1, data: c0005d3c70)
             exe-1049981 [000] ..... 1636608.339613: sys_ptrace -> 0x0
             exe-1049981 [000] ..... 1636608.339615: sys_ptrace(request: 4204, pid: 10058a, addr: 202, data: c0005d3c70)
             exe-1049981 [000] ..... 1636608.339617: sys_ptrace -> 0x0
             exe-1049981 [000] ..... 1636608.339628: sys_pwrite64(fd: 63, buf: 7fd66e1ec080, count: 21, pos: 23)
             exe-1049981 [000] ..... 1636608.339630: tracing_mark_write: setns(fd=8, nstype=0xc000000) end
             exe-1049981 [000] ..... 1636608.398862: tracing_mark_write: setns(fd=8, nstype=0xc000000) start
             exe-1049981 [000] ..... 1636608.398864: sys_pwrite64 -> 0x23
             exe-1049981 [000] ..... 1636608.398870: sys_ptrace(request: 4205, pid: 10058a, addr: 1, data: c0005d3c70)
             exe-1049981 [000] ..... 1636608.398873: sys_ptrace -> 0x0
             exe-1049981 [000] ..... 1636608.398874: sys_ptrace(request: 4205, pid: 10058a, addr: 202, data: c0005d3c70)
             exe-1049981 [000] ..... 1636608.398886: sys_ptrace -> 0x0
             exe-1049981 [000] ..... 1636608.398887: sys_ptrace(request: 1f, pid: 10058a, addr: 0, data: 0)
             exe-1049981 [000] .N... 1636608.398895: sys_ptrace -> 0x0
             exe-1049994 [000] ..... 1636608.398905: sys_write -> 0x23
             exe-1049981 [000] ..... 1636608.398924: sys_wait4(upid: 10058a, stat_addr: c0005d3bf4, options: 40000002, ru: 0)
             exe-1049673 [001] ..... 1636608.398927: sys_nanosleep -> 0x0
             exe-1049981 [000] ..... 1636608.398927: sys_wait4 -> 0x10058a
             exe-1049981 [000] ..... 1636608.398929: sys_ptrace(request: 4204, pid: 10058a, addr: 1, data: c0005d3c70)
