             exe-1049981 [000] ..... 1636604.297422: sys_pwrite64(fd: 63, buf: 7fd66e1ec080, count: 24, pos: 26)
             exe-1049981 [000] ..... 1636604.297424: tracing_mark_write: setns(fd=250, nstype=0x40000000) end
             exe-1049981 [000] ..... 1636604.390938: tracing_mark_write: setns(fd=221, nstype=0x40000000) start
             exe-1049981 [000] ..... 1636604.390939: sys_pwrite64 -> 0x26
             exe-1049981 [000] ..... 1636604.390945: sys_ptrace(request: 4205, pid: 10058a, addr: 1, data: c0005d3c70)
             exe-1049981 [000] ..... 1636604.390947: sys_ptrace -> 0x0
             exe-1049981 [000] ..... 1636604.390949: sys_ptrace(request: 4205, pid: 10058a, addr: 202, data: c0005d3c70)
             exe-1049981 [000] ..... 1636604.390958: sys_ptrace -> 0x0
             exe-1049981 [000] ..... 1636604.390960: sys_ptrace(request: 1f, pid: 10058a, addr: 0, data: 0)
             exe-1049981 [000] .N... 1636604.390966: sys_ptrace -> 0x0
             exe-1049994 [000] ..... 1636604.390976: sys_write -> 0x26
             exe-1049981 [000] ..... 1636604.390992: sys_wait4(upid: 10058a, stat_addr: c0005d3bf4, options: 40000002, ru: 0)
             exe-1049981 [000] ..... 1636604.390995: sys_wait4 -> 0x10058a
             exe-1049981 [000] ..... 1636604.390997: sys_ptrace(request: 4204, pid: 10058a, addr: 1, data: c0005d3c70)
             exe-1049981 [000] ..... 1636604.391001: sys_ptrace -> 0x0
             exe-1049981 [000] ..... 1636604.391002: sys_ptrace(request: 4204, pid: 10058a, addr: 202, data: c0005d3c70)
             exe-1049981 [000] ..... 1636604.391004: sys_ptrace -> 0x0
             exe-1049673 [003] ..... 1636604.391007: sys_nanosleep -> 0x0
             exe-1049673 [003] ..... 1636604.391009: sys_nanosleep(rqtp: c000069f10, rmtp: 0)
             exe-1049981 [000] ..... 1636604.391025: sys_ptrace(request: 4205, pid: 10058a, addr: 1, data: c0005d3c70)
             exe-1050008 [001] ..... 1636604.391027: sys_epoll_pwait -> 0x0
             exe-1049981 [000] ..... 1636604.391027: sys_ptrace -> 0x0
             exe-1049981 [000] ..... 1636604.391029: sys_ptrace(request: 4205, pid: 10058a, addr: 202, data: c0005d3c70)
             exe-1050008 [001] ..... 1636604.391036: sys_epoll_pwait(epfd: 11, events: c000a2d840, maxevents: 80, timeout: 1, sigmask: 0, sigsetsize: 0)
             exe-1049981 [000] ..... 1636604.391038: sys_ptrace -> 0x0
             exe-1049981 [000] ..... 1636604.391040: sys_ptrace(request: 1f, pid: 10058a, addr: 0, data: 0)
             exe-1049981 [000] .N... 1636604.391046: sys_ptrace -> 0x0
             exe-1049567 [001] ..... 1636604.391048: sys_nanosleep -> 0x0
             exe-1049567 [001] ..... 1636604.391051: sys_nanosleep(rqtp: c000069f10, rmtp: 0)
             exe-1049994 [000] ..... 1636604.391055: sys_setns -> 0xffffffffffffffa1
             exe-1049981 [000] ..... 1636604.391073: sys_wait4(upid: 10058a, stat_addr: c0005d3bf4, options: 40000002, ru: 0)
             exe-1049981 [000] ..... 1636604.391075: sys_wait4 -> 0x10058a
             exe-1049981 [000] ..... 1636604.391077: sys_ptrace(request: 4204, pid: 10058a, addr: 1, data: c0005d3c70)
             exe-1049981 [000] ..... 1636604.391080: sys_ptrace -> 0x0
             exe-1049981 [000] ..... 1636604.391082: sys_ptrace(request: 4204, pid: 10058a, addr: 202, data: c0005d3c70)
             exe-1049981 [000] ..... 1636604.391084: sys_ptrace -> 0x0
             exe-1049981 [000] ..... 1636604.391092: sys_pwrite64(fd: 63, buf: 7fd66e1ec080, count: 24, pos: 26)
             exe-1049981 [000] ..... 1636604.391093: tracing_mark_write: setns(fd=221, nstype=0x40000000) end
             exe-1049981 [000] ..... 1636604.452509: tracing_mark_write: setns(fd=221, nstype=0x40000000) start
             exe-1049981 [000] ..... 1636604.452510: sys_pwrite64 -> 0x26
             exe-1049981 [000] ..... 1636604.452517: sys_ptrace(request: 4205, pid: 10058a, addr: 1, data: c0005d3c70)
             exe-1049981 [000] ..... 1636604.452520: sys_ptrace -> 0x0
             exe-1049673 [003] ..... 1636604.452539: sys_nanosleep -> 0x0
             exe-1049673 [003] ..... 1636604.452541: sys_nanosleep(rqtp: c000069f10, rmtp: 0)
             exe-1049567 [001] ..... 1636604.452578: sys_nanosleep -> 0x0
             exe-1049567 [001] ..... 1636604.452580: sys_nanosleep(rqtp: c000069f10, rmtp: 0)
             exe-1049981 [000] ..... 1636604.452587: sys_ptrace(request: 4205, pid: 10058a, addr: 202, data: c0005d3c70)
             exe-1049981 [000] ..... 1636604.452601: sys_ptrace -> 0x0
             exe-1049981 [000] ..... 1636604.452603: sys_ptrace(request: 1f, pid: 10058a, addr: 0, data: 0)
             exe-1049981 [000] .N... 1636604.452610: sys_ptrace -> 0x0
             exe-1049994 [000] ..... 1636604.452622: sys_write -> 0x26
             exe-1049673 [003] ..... 1636604.452631: sys_nanosleep -> 0x0
             exe-1049673 [003] ..... 1636604.452633: sys_nanosleep(rqtp: c000069f10, rmtp: 0)
             exe-1049567 [001] ..... 1636604.452666: sys_nanosleep -> 0x0
             exe-1049567 [001] ..... 1636604.452668: sys_nanosleep(rqtp: c000069f10, rmtp: 0)
             exe-1049981 [000] ..... 1636604.452708: sys_wait4(upid: 10058a, stat_addr: c0005d3bf4, options: 40000002, ru: 0)
             exe-1049981 [000] ..... 1636604.452711: sys_wait4 -> 0x10058a
             exe-1049981 [000] ..... 1636604.452713: sys_ptrace(request: 4204, pid: 10058a, addr: 1, data: c0005d3c70)
             exe-1049981 [000] ..... 1636604.452717: sys_ptrace -> 0x0
             exe-1049981 [000] ..... 1636604.452719: sys_ptrace(request: 4204, pid: 10058a, addr: 202, data: c0005d3c70)
             exe-1049981 [000] ..... 1636604.452721: sys_ptrace -> 0x0
             exe-1049673 [003] ..... 1636604.452724: sys_nanosleep -> 0x0
             exe-1049673 [003] ..... 1636604.452726: sys_nanosleep(rqtp: c000069f10, rmtp: 0)
             exe-1049981 [000] ..... 1636604.452742: sys_ptrace(request: 4205, pid: 10058a, addr: 1, data: c0005d3c70)
             exe-1049981 [000] ..... 1636604.452745: sys_ptrace -> 0x0
             exe-1049981 [000] ..... 1636604.452746: sys_ptrace(request: 4205, pid: 10058a, addr: 202, data: c0005d3c70)
             exe-1049567 [001] ..... 1636604.452790: sys_nanosleep -> 0x0
             exe-1049567 [001] ..... 1636604.452793: sys_nanosleep(rqtp: c000069f10, rmtp: 0)
             exe-1049673 [003] ..... 1636604.452816: sys_nanosleep -> 0x0
             exe-1049673 [003] ..... 1636604.452818: sys_nanosleep(rqtp: c000069f10, rmtp: 0)
             exe-1049981 [000] ..... 1636604.452821: sys_ptrace -> 0x0
             exe-1049981 [000] ..... 1636604.452826: sys_ptrace(request: 1f, pid: 10058a, addr: 0, data: 0)
             exe-1049981 [000] .N... 1636604.452833: sys_ptrace -> 0x0
             exe-1049994 [000] ..... 1636604.452845: sys_setns -> 0xffffffffffffffa1
             exe-1050232 [001] ..... 1636604.452880: sys_epoll_pwait -> 0x0
             exe-1049981 [000] ..... 1636604.452891: sys_wait4(upid: 10058a, stat_addr: c0005d3bf4, options: 40000002, ru: 0)
             exe-1049981 [000] .N... 1636604.452895: sys_wait4 -> 0x10058a
             exe-1050232 [001] ..... 1636604.452896: sys_futex(uaddr: c000435948, op: 81, val: 1, utime: 0, uaddr2: 0, val3: 0)
             exe-1050232 [001] ..... 1636604.452902: sys_futex -> 0x1
             exe-1049673 [003] ..... 1636604.452908: sys_nanosleep -> 0x0
             exe-1049673 [003] ..... 1636604.452910: sys_nanosleep(rqtp: c000069f10, rmtp: 0)
             exe-1050232 [001] ..... 1636604.452918: sys_epoll_pwait(epfd: 11, events: c000693840, maxevents: 80, timeout: 9, sigmask: 0, sigsetsize: 0)
             exe-1049981 [000] ..... 1636604.452939: sys_ptrace(request: 4204, pid: 10058a, addr: 1, data: c0005d3c70)
             exe-1049981 [000] ..... 1636604.452943: sys_ptrace -> 0x0
             exe-1050008 [001] ..... 1636604.452943: sys_futex -> 0x0
             exe-1049981 [000] ..... 1636604.452945: sys_ptrace(request: 4204, pid: 10058a, addr: 202, data: c0005d3c70)
             exe-1049981 [000] ..... 1636604.452948: sys_ptrace -> 0x0
             exe-1050008 [001] ..... 1636604.452949: sys_futex(uaddr: c000435948, op: 80, val: 0, utime: 0, uaddr2: 0, val3: 0)
             exe-1049567 [001] ..... 1636604.452954: sys_nanosleep -> 0x0
             exe-1049567 [001] ..... 1636604.452957: sys_nanosleep(rqtp: c000069f10, rmtp: 0)
             exe-1049981 [000] ..... 1636604.452962: sys_pwrite64(fd: 63, buf: 7fd66e1ec080, count: 24, pos: 26)
             exe-1049981 [000] ..... 1636604.452965: tracing_mark_write: setns(fd=221, nstype=0x40000000) end
             exe-1049981 [002] ..... 1636604.536124: tracing_mark_write: setns(fd=221, nstype=0x40000000) start
             exe-1049981 [002] ..... 1636604.536126: sys_pwrite64 -> 0x26
             exe-1049981 [002] ..... 1636604.536131: sys_ptrace(request: 4205, pid: 10058a, addr: 1, data: c0005d3c70)
             exe-1049981 [002] ..... 1636604.536134: sys_ptrace -> 0x0
             exe-1049981 [002] ..... 1636604.536136: sys_ptrace(request: 4205, pid: 10058a, addr: 202, data: c0005d3c70)
             exe-1049981 [002] ..... 1636604.536142: sys_ptrace -> 0x0
             exe-1049981 [002] ..... 1636604.536144: sys_ptrace(request: 1f, pid: 10058a, addr: 0, data: 0)
             exe-1049981 [002] ..... 1636604.536155: sys_ptrace -> 0x0
             exe-1049981 [002] ..... 1636604.536157: sys_wait4(upid: 10058a, stat_addr: c0005d3bf4, options: 40000002, ru: 0)
             exe-1049994 [000] ..... 1636604.536183: sys_write -> 0x26
             exe-1049673 [002] ..... 1636604.536202: sys_nanosleep -> 0x0
             exe-1049673 [002] ..... 1636604.536208: sys_nanosleep(rqtp: c000069f10, rmtp: 0)
             exe-1049981 [002] ..... 1636604.536230: sys_wait4 -> 0x10058a
             exe-1049981 [002] ..... 1636604.536235: sys_ptrace(request: 4204, pid: 10058a, addr: 1, data: c0005d3c70)
             exe-1049981 [002] ..... 1636604.536240: sys_ptrace -> 0x0
             exe-1049981 [002] ..... 1636604.536242: sys_ptrace(request: 4204, pid: 10058a, addr: 202, data: c0005d3c70)
             exe-1049981 [002] ..... 1636604.536244: sys_ptrace -> 0x0
             exe-1049981 [002] ..... 1636604.536266: sys_ptrace(request: 4205, pid: 10058a, addr: 1, data: c0005d3c70)
             exe-1049981 [002] ..... 1636604.536269: sys_ptrace -> 0x0
             exe-1049981 [002] ..... 1636604.536270: sys_ptrace(request: 4205, pid: 10058a, addr: 202, data: c0005d3c70)
             exe-1049981 [002] ..... 1636604.536281: sys_ptrace -> 0x0
             exe-1049981 [002] ..... 1636604.536282: sys_ptrace(request: 1f, pid: 10058a, addr: 0, data: 0)
             exe-1049981 [002] ..... 1636604.536292: sys_ptrace -> 0x0
             exe-1049981 [002] ..... 1636604.536294: sys_wait4(upid: 10058a, stat_addr: c0005d3bf4, options: 40000002, ru: 0)
             exe-1049994 [000] ..... 1636604.536306: sys_setns -> 0xffffffffffffffa1
             exe-1049981 [002] ..... 1636604.536327: sys_wait4 -> 0x10058a
             exe-1049981 [002] ..... 1636604.536329: sys_ptrace(request: 4204, pid: 10058a, addr: 1, data: c0005d3c70)
             exe-1049981 [002] ..... 1636604.536332: sys_ptrace -> 0x0
             exe-1049981 [002] ..... 1636604.536333: sys_ptrace(request: 4204, pid: 10058a, addr: 202, data: c0005d3c70)
             exe-1049981 [002] ..... 1636604.536335: sys_ptrace -> 0x0
             exe-1049981 [002] ..... 1636604.536346: sys_pwrite64(fd: 63, buf: 7fd66e1ec080, count: 24, pos: 26)
             exe-1049981 [002] ..... 1636604.536348: tracing_mark_write: setns(fd=221, nstype=0x40000000) end
             exe-1049981 [002] ..... 1636604.601648: tracing_mark_write: setns(fd=221, nstype=0x40000000) start
             exe-1049981 [002] ..... 1636604.601650: sys_pwrite64 -> 0x26
             exe-1049981 [002] ..... 1636604.601656: sys_ptrace(request: 4205, pid: 10058a, addr: 1, data: c0005d3c70)
             exe-1049981 [002] ..... 1636604.601659: sys_ptrace -> 0x0
             exe-1049981 [002] ..... 1636604.601660: sys_ptrace(request: 4205, pid: 10058a, addr: 202, data: c0005d3c70)
             exe-1049981 [002] ..... 1636604.601671: sys_ptrace -> 0x0
             exe-1049981 [002] ..... 1636604.601672: sys_ptrace(request: 1f, pid: 10058a, addr: 0, data: 0)
             exe-1049981 [002] ..... 1636604.601681: sys_ptrace -> 0x0
             exe-1049981 [002] ..... 1636604.601683: sys_wait4(upid: 10058a, stat_addr: c0005d3bf4, options: 40000002, ru: 0)
             exe-1049994 [000] ..... 1636604.601694: sys_write -> 0x26
             exe-1049673 [002] ..... 1636604.601724: sys_nanosleep -> 0x0
             exe-1049673 [002] ..... 1636604.601730: sys_nanosleep(rqtp: c000069f10, rmtp: 0)
             exe-1049981 [002] ..... 1636604.601750: sys_wait4 -> 0x10058a
             exe-1049981 [002] ..... 1636604.601755: sys_ptrace(request: 4204, pid: 10058a, addr: 1, data: c0005d3c70)
             exe-1049981 [002] ..... 1636604.601760: sys_ptrace -> 0x0
             exe-1049981 [002] ..... 1636604.601762: sys_ptrace(request: 4204, pid: 10058a, addr: 202, data: c0005d3c70)
             exe-1049981 [002] ..... 1636604.601764: sys_ptrace -> 0x0
             exe-1049981 [002] ..... 1636604.601786: sys_ptrace(request: 4205, pid: 10058a, addr: 1, data: c0005d3c70)
             exe-1049981 [002] ..... 1636604.601788: sys_ptrace -> 0x0
             exe-1049981 [002] ..... 1636604.601790: sys_ptrace(request: 4205, pid: 10058a, addr: 202, data: c0005d3c70)
             exe-1049981 [002] ..... 1636604.601800: sys_ptrace -> 0x0
             exe-1049981 [002] ..... 1636604.601801: sys_ptrace(request: 1f, pid: 10058a, addr: 0, data: 0)
             exe-1049981 [002] ..... 1636604.601810: sys_ptrace -> 0x0
             exe-1049981 [002] ..... 1636604.601813: sys_wait4(upid: 10058a, stat_addr: c0005d3bf4, options: 40000002, ru: 0)
             exe-1049994 [000] ..... 1636604.601876: sys_setns -> 0xffffffffffffffa1
             exe-1049673 [002] ..... 1636604.601893: sys_nanosleep -> 0x0
             exe-1049673 [002] ..... 1636604.601900: sys_nanosleep(rqtp: c000069f10, rmtp: 0)
             exe-1049981 [002] ..... 1636604.601921: sys_wait4 -> 0x10058a
             exe-1049981 [002] ..... 1636604.601926: sys_ptrace(request: 4204, pid: 10058a, addr: 1, data: c0005d3c70)
             exe-1049981 [002] ..... 1636604.601931: sys_ptrace -> 0x0
             exe-1049981 [002] ..... 1636604.601932: sys_ptrace(request: 4204, pid: 10058a, addr: 202, data: c0005d3c70)
             exe-1049981 [002] ..... 1636604.601934: sys_ptrace -> 0x0
             exe-1049981 [002] ..... 1636604.601949: sys_pwrite64(fd: 63, buf: 7fd66e1ec080, count: 24, pos: 26)
             exe-1049981 [002] ..... 1636604.601950: tracing_mark_write: setns(fd=221, nstype=0x40000000) end
             exe-1049981 [002] ..... 1636604.669822: tracing_mark_write: setns(fd=273, nstype=0x40000000) start
             exe-1049981 [002] ..... 1636604.669824: sys_pwrite64 -> 0x26
             exe-1049981 [002] ..... 1636604.669830: sys_ptrace(request: 4205, pid: 10058a, addr: 1, data: c0005d3c70)
             exe-1049981 [002] ..... 1636604.669833: sys_ptrace -> 0x0
             exe-1049981 [002] ..... 1636604.669834: sys_ptrace(request: 4205, pid: 10058a, addr: 202, data: c0005d3c70)
             exe-1049981 [002] ..... 1636604.669843: sys_ptrace -> 0x0
             exe-1049981 [002] ..... 1636604.669845: sys_ptrace(request: 1f, pid: 10058a, addr: 0, data: 0)
             exe-1049981 [002] ..... 1636604.669850: sys_ptrace -> 0x0
             exe-1049981 [002] ..... 1636604.669852: sys_wait4(upid: 10058a, stat_addr: c0005d3bf4, options: 40000002, ru: 0)
             exe-1049994 [000] ..... 1636604.669864: sys_write -> 0x26
             exe-1049981 [002] ..... 1636604.669887: sys_wait4 -> 0x10058a
             exe-1049981 [002] ..... 1636604.669890: sys_ptrace(request: 4204, pid: 10058a, addr: 1, data: c0005d3c70)
             exe-1049981 [002] ..... 1636604.669892: sys_ptrace -> 0x0
             exe-1049981 [002] ..... 1636604.669894: sys_ptrace(request: 4204, pid: 10058a, addr: 202, data: c0005d3c70)
             exe-1049981 [002] ..... 1636604.669896: sys_ptrace -> 0x0
             exe-1049981 [002] ..... 1636604.669914: sys_ptrace(request: 4205, pid: 10058a, addr: 1, data: c0005d3c70)
             exe-1049981 [002] ..... 1636604.669917: sys_ptrace -> 0x0
             exe-1049981 [002] ..... 1636604.669918: sys_ptrace(request: 4205, pid: 10058a, addr: 202, data: c0005d3c70)
             exe-1049981 [002] ..... 1636604.669927: sys_ptrace -> 0x0
             exe-1049981 [002] ..... 1636604.669929: sys_ptrace(request: 1f, pid: 10058a, addr: 0, data: 0)
             exe-1049981 [002] ..... 1636604.669945: sys_ptrace -> 0x0
             exe-1049981 [002] ..... 1636604.669947: sys_wait4(upid: 10058a, stat_addr: c0005d3bf4, options: 40000002, ru: 0)
             exe-1049994 [000] ..... 1636604.670226: sys_setns -> 0xffffffffffffffa1
             exe-1049981 [002] ..... 1636604.670272: sys_wait4 -> 0x10058a
             exe-1049981 [002] ..... 1636604.670279: sys_ptrace(request: 4204, pid: 10058a, addr: 1, data: c0005d3c70)
             exe-1049981 [002] ..... 1636604.670285: sys_ptrace -> 0x0
             exe-1049981 [002] ..... 1636604.670286: sys_ptrace(request: 4204, pid: 10058a, addr: 202, data: c0005d3c70)
             exe-1049981 [002] ..... 1636604.670293: sys_ptrace -> 0x0
             exe-1049981 [002] ..... 1636604.670311: sys_pwrite64(fd: 63, buf: 7fd66e1ec080, count: 24, pos: 26)
             exe-1049981 [002] ..... 1636604.670313: tracing_mark_write: setns(fd=273, nstype=0x40000000) end
             exe-1049981 [003] ..... 1636604.736405: tracing_mark_write: setns(fd=273, nstype=0x40000000) start
             exe-1049981 [003] ..... 1636604.736407: sys_pwrite64 -> 0x26
             exe-1049981 [003] ..... 1636604.736412: sys_ptrace(request: 4205, pid: 10058a, addr: 1, data: c0005d3c70)
             exe-1049981 [003] ..... 1636604.736415: sys_ptrace -> 0x0
             exe-1049981 [003] ..... 1636604.736416: sys_ptrace(request: 4205, pid: 10058a, addr: 202, data: c0005d3c70)
             exe-1049981 [003] ..... 1636604.736424: sys_ptrace -> 0x0
             exe-1049673 [002] ..... 1636604.736425: sys_nanosleep -> 0x0
             exe-1049981 [003] ..... 1636604.736425: sys_ptrace(request: 1f, pid: 10058a, addr: 0, data: 0)
             exe-1049673 [002] ..... 1636604.736427: sys_nanosleep(rqtp: c000069f10, rmtp: 0)
             exe-1049981 [003] ..... 1636604.736437: sys_ptrace -> 0x0
             exe-1049981 [003] ..... 1636604.736439: sys_wait4(upid: 10058a, stat_addr: c0005d3bf4, options: 40000002, ru: 0)
             exe-1049567 [001] ..... 1636604.736452: sys_nanosleep -> 0x0
             exe-1049567 [001] ..... 1636604.736455: sys_nanosleep(rqtp: c000069f10, rmtp: 0)
             exe-1049994 [000] ..... 1636604.736466: sys_write -> 0x26
             exe-1049981 [003] ..... 1636604.736485: sys_wait4 -> 0x10058a
             exe-1049981 [003] ..... 1636604.736487: sys_ptrace(request: 4204, pid: 10058a, addr: 1, data: c0005d3c70)
             exe-1049981 [003] ..... 1636604.736490: sys_ptrace -> 0x0
             exe-1049981 [003] ..... 1636604.736491: sys_ptrace(request: 4204, pid: 10058a, addr: 202, data: c0005d3c70)
             exe-1049981 [003] ..... 1636604.736494: sys_ptrace -> 0x0
             exe-1049981 [003] ..... 1636604.736513: sys_ptrace(request: 4205, pid: 10058a, addr: 1, data: c0005d3c70)
             exe-1049673 [002] ..... 1636604.736515: sys_nanosleep -> 0x0
             exe-1049981 [003] ..... 1636604.736515: sys_ptrace -> 0x0
             exe-1049673 [002] ..... 1636604.736517: sys_nanosleep(rqtp: c000069f10, rmtp: 0)
             exe-1049981 [003] ..... 1636604.736517: sys_ptrace(request: 4205, pid: 10058a, addr: 202, data: c0005d3c70)
             exe-1049981 [003] ..... 1636604.736524: sys_ptrace -> 0x0
             exe-1049981 [003] ..... 1636604.736526: sys_ptrace(request: 1f, pid: 10058a, addr: 0, data: 0)
             exe-1049981 [003] ..... 1636604.736535: sys_ptrace -> 0x0
             exe-1049981 [003] ..... 1636604.736538: sys_wait4(upid: 10058a, stat_addr: c0005d3bf4, options: 40000002, ru: 0)
             exe-1049994 [000] ..... 1636604.736573: sys_setns -> 0xffffffffffffffa1
             exe-1049981 [003] ..... 1636604.736592: sys_wait4 -> 0x10058a
             exe-1049981 [003] ..... 1636604.736594: sys_ptrace(request: 4204, pid: 10058a, addr: 1, data: c0005d3c70)
             exe-1049981 [003] ..... 1636604.736596: sys_ptrace -> 0x0
             exe-1049981 [003] ..... 1636604.736598: sys_ptrace(request: 4204, pid: 10058a, addr: 202, data: c0005d3c70)
             exe-1049981 [003] ..... 1636604.736600: sys_ptrace -> 0x0
             exe-1049673 [002] ..... 1636604.736604: sys_nanosleep -> 0x0
             exe-1049981 [003] ..... 1636604.736606: sys_pwrite64(fd: 63, buf: 7fd66e1ec080, count: 24, pos: 26)
             exe-1049673 [002] ..... 1636604.736606: sys_nanosleep(rqtp: c000069f10, rmtp: 0)
             exe-1049981 [003] ..... 1636604.736608: tracing_mark_write: setns(fd=273, nstype=0x40000000) end
             exe-1049981 [003] ..... 1636604.803435: tracing_mark_write: setns(fd=273, nstype=0x40000000) start
             exe-1049981 [003] ..... 1636604.803436: sys_pwrite64 -> 0x26
             exe-1049981 [003] ..... 1636604.803440: sys_ptrace(request: 4205, pid: 10058a, addr: 1, data: c0005d3c70)
             exe-1049981 [003] ..... 1636604.803443: sys_ptrace -> 0x0
             exe-1049567 [001] ..... 1636604.803444: sys_nanosleep -> 0x0
             exe-1049981 [003] ..... 1636604.803444: sys_ptrace(request: 4205, pid: 10058a, addr: 202, data: c0005d3c70)
             exe-1049567 [001] ..... 1636604.803446: sys_nanosleep(rqtp: c000069f10, rmtp: 0)
             exe-1049981 [003] ..... 1636604.803453: sys_ptrace -> 0x0
             exe-1049981 [003] ..... 1636604.803454: sys_ptrace(request: 1f, pid: 10058a, addr: 0, data: 0)
             exe-1049981 [003] ..... 1636604.803460: sys_ptrace -> 0x0
             exe-1049981 [003] ..... 1636604.803461: sys_wait4(upid: 10058a, stat_addr: c0005d3bf4, options: 40000002, ru: 0)
             exe-1049673 [002] ..... 1636604.803463: sys_nanosleep -> 0x0
             exe-1049673 [002] ..... 1636604.803465: sys_nanosleep(rqtp: c000069f10, rmtp: 0)
             exe-1049994 [000] ..... 1636604.803475: sys_write -> 0x26
             exe-1049981 [003] ..... 1636604.803491: sys_wait4 -> 0x10058a
             exe-1049981 [003] ..... 1636604.803493: sys_ptrace(request: 4204, pid: 10058a, addr: 1, data: c0005d3c70)
             exe-1049981 [003] ..... 1636604.803495: sys_ptrace -> 0x0
             exe-1049981 [003] ..... 1636604.803497: sys_ptrace(request: 4204, pid: 10058a, addr: 202, data: c0005d3c70)
             exe-1049981 [003] ..... 1636604.803498: sys_ptrace -> 0x0
             exe-1049981 [003] ..... 1636604.803513: sys_ptrace(request: 4205, pid: 10058a, addr: 1, data: c0005d3c70)
             exe-1049981 [003] ..... 1636604.803516: sys_ptrace -> 0x0
             exe-1049981 [003] ..... 1636604.803517: sys_ptrace(request: 4205, pid: 10058a, addr: 202, data: c0005d3c70)
             exe-1049981 [003] ..... 1636604.803527: sys_ptrace -> 0x0
             exe-1049981 [003] ..... 1636604.803528: sys_ptrace(request: 1f, pid: 10058a, addr: 0, data: 0)
             exe-1049567 [001] ..... 1636604.803532: sys_nanosleep -> 0x0
             exe-1049567 [001] ..... 1636604.803534: sys_nanosleep(rqtp: c000069f10, rmtp: 0)
             exe-1049981 [003] ..... 1636604.803534: sys_ptrace -> 0x0
             exe-1049981 [003] ..... 1636604.803536: sys_wait4(upid: 10058a, stat_addr: c0005d3bf4, options: 40000002, ru: 0)
             exe-1049673 [002] ..... 1636604.803551: sys_nanosleep -> 0x0
             exe-1049994 [000] ..... 1636604.803552: sys_setns -> 0xffffffffffffffa1
             exe-1049673 [002] ..... 1636604.803553: sys_nanosleep(rqtp: c000069f10, rmtp: 0)
             exe-1049981 [003] ..... 1636604.803568: sys_wait4 -> 0x10058a
             exe-1049981 [003] ..... 1636604.803570: sys_ptrace(request: 4204, pid: 10058a, addr: 1, data: c0005d3c70)
             exe-1049981 [003] ..... 1636604.803572: sys_ptrace -> 0x0
             exe-1049981 [003] ..... 1636604.803574: sys_ptrace(request: 4204, pid: 10058a, addr: 202, data: c0005d3c70)
             exe-1049981 [003] ..... 1636604.803575: sys_ptrace -> 0x0
             exe-1049981 [003] ..... 1636604.803580: sys_pwrite64(fd: 63, buf: 7fd66e1ec080, count: 24, pos: 26)
             exe-1049981 [003] ..... 1636604.803581: tracing_mark_write: setns(fd=273, nstype=0x40000000) end
             exe-1049981 [003] ..... 1636604.885083: tracing_mark_write: setns(fd=273, nstype=0x40000000) start
             exe-1049981 [003] ..... 1636604.885084: sys_pwrite64 -> 0x26
             exe-1049981 [003] ..... 1636604.885090: sys_ptrace(request: 4205, pid: 10058a, addr: 1, data: c0005d3c70)
             exe-1049981 [003] ..... 1636604.885092: sys_ptrace -> 0x0
             exe-1049981 [003] ..... 1636604.885094: sys_ptrace(request: 4205, pid: 10058a, addr: 202, data: c0005d3c70)
             exe-1049981 [003] ..... 1636604.885102: sys_ptrace -> 0x0
             exe-1049981 [003] ..... 1636604.885104: sys_ptrace(request: 1f, pid: 10058a, addr: 0, data: 0)
             exe-1049673 [002] ..... 1636604.885111: sys_nanosleep -> 0x0
             exe-1049673 [002] ..... 1636604.885114: sys_nanosleep(rqtp: c000069f10, rmtp: 0)
             exe-1049981 [003] ..... 1636604.885115: sys_ptrace -> 0x0
             exe-1049981 [003] ..... 1636604.885117: sys_wait4(upid: 10058a, stat_addr: c0005d3bf4, options: 40000002, ru: 0)
             exe-1049994 [000] ..... 1636604.885136: sys_write -> 0x26
             exe-1049981 [003] ..... 1636604.885159: sys_wait4 -> 0x10058a
             exe-1049981 [003] ..... 1636604.885161: sys_ptrace(request: 4204, pid: 10058a, addr: 1, data: c0005d3c70)
             exe-1049981 [003] ..... 1636604.885164: sys_ptrace -> 0x0
             exe-1049981 [003] ..... 1636604.885165: sys_ptrace(request: 4204, pid: 10058a, addr: 202, data: c0005d3c70)
             exe-1049981 [003] ..... 1636604.885167: sys_ptrace -> 0x0
             exe-1049981 [003] ..... 1636604.885186: sys_ptrace(request: 4205, pid: 10058a, addr: 1, data: c0005d3c70)
             exe-1049981 [003] ..... 1636604.885189: sys_ptrace -> 0x0
             exe-1049981 [003] ..... 1636604.885190: sys_ptrace(request: 4205, pid: 10058a, addr: 202, data: c0005d3c70)
             exe-1049981 [003] ..... 1636604.885198: sys_ptrace -> 0x0
             exe-1049981 [003] ..... 1636604.885200: sys_ptrace(request: 1f, pid: 10058a, addr: 0, data: 0)
             exe-1049673 [002] ..... 1636604.885203: sys_nanosleep -> 0x0
             exe-1049673 [002] ..... 1636604.885205: sys_nanosleep(rqtp: c000069f10, rmtp: 0)
             exe-1049981 [003] ..... 1636604.885211: sys_ptrace -> 0x0
             exe-1049981 [003] ..... 1636604.885213: sys_wait4(upid: 10058a, stat_addr: c0005d3bf4, options: 40000002, ru: 0)
             exe-1049994 [000] ..... 1636604.885226: sys_setns -> 0xffffffffffffffa1
             exe-1049981 [003] ..... 1636604.885248: sys_wait4 -> 0x10058a
             exe-1049981 [003] ..... 1636604.885251: sys_ptrace(request: 4204, pid: 10058a, addr: 1, data: c0005d3c70)
             exe-1049981 [003] ..... 1636604.885254: sys_ptrace -> 0x0
             exe-1049981 [003] ..... 1636604.885255: sys_ptrace(request: 4204, pid: 10058a, addr: 202, data: c0005d3c70)
             exe-1049981 [003] ..... 1636604.885257: sys_ptrace -> 0x0
             exe-1049981 [003] ..... 1636604.885263: sys_pwrite64(fd: 63, buf: 7fd66e1ec080, count: 24, pos: 26)
             exe-1049981 [003] ..... 1636604.885264: tracing_mark_write: setns(fd=273, nstype=0x40000000) end
             exe-1049981 [003] ..... 1636604.956788: tracing_mark_write: setns(fd=273, nstype=0x48000000) start
             exe-1049981 [003] ..... 1636604.956790: sys_pwrite64 -> 0x26
             exe-1049981 [003] ..... 1636604.956794: sys_ptrace(request: 4205, pid: 10058a, addr: 1, data: c0005d3c70)
             exe-1049981 [003] ..... 1636604.956796: sys_ptrace -> 0x0
             exe-1049981 [003] ..... 1636604.956798: sys_ptrace(request: 4205, pid: 10058a, addr: 202, data: c0005d3c70)
             exe-1049981 [003] ..... 1636604.956805: sys_ptrace -> 0x0
             exe-1049981 [003] ..... 1636604.956807: sys_ptrace(request: 1f, pid: 10058a, addr: 0, data: 0)
             exe-1049981 [003] ..... 1636604.956813: sys_ptrace -> 0x0
             exe-1049673 [002] ..... 1636604.956814: sys_nanosleep -> 0x0
             exe-1049981 [003] ..... 1636604.956815: sys_wait4(upid: 10058a, stat_addr: c0005d3bf4, options: 40000002, ru: 0)
             exe-1049673 [002] ..... 1636604.956816: sys_nanosleep(rqtp: c000069f10, rmtp: 0)
             exe-1049994 [000] ..... 1636604.956862: sys_write -> 0x26
             exe-1049981 [003] ..... 1636604.956887: sys_wait4 -> 0x10058a
             exe-1049981 [003] ..... 1636604.956890: sys_ptrace(request: 4204, pid: 10058a, addr: 1, data: c0005d3c70)
             exe-1049981 [003] ..... 1636604.956892: sys_ptrace -> 0x0
             exe-1049981 [003] ..... 1636604.956894: sys_ptrace(request: 4204, pid: 10058a, addr: 202, data: c0005d3c70)
             exe-1049981 [003] ..... 1636604.956896: sys_ptrace -> 0x0
             exe-1049673 [002] ..... 1636604.956902: sys_nanosleep -> 0x0
             exe-1049673 [002] ..... 1636604.956905: sys_nanosleep(rqtp: c000069f10, rmtp: 0)
             exe-1049567 [001] ..... 1636604.956922: sys_nanosleep -> 0x0
             exe-1049567 [001] ..... 1636604.956925: sys_nanosleep(rqtp: c000069f10, rmtp: 0)
             exe-1049981 [003] ..... 1636604.956945: sys_ptrace(request: 4205, pid: 10058a, addr: 1, data: c0005d3c70)
             exe-1049981 [003] ..... 1636604.956949: sys_ptrace -> 0x0
             exe-1049981 [003] ..... 1636604.956950: sys_ptrace(request: 4205, pid: 10058a, addr: 202, data: c0005d3c70)
             exe-1049981 [003] ..... 1636604.956958: sys_ptrace -> 0x0
             exe-1049981 [003] ..... 1636604.956960: sys_ptrace(request: 1f, pid: 10058a, addr: 0, data: 0)
             exe-1049981 [003] ..... 1636604.956964: sys_ptrace -> 0x0
             exe-1049981 [003] ..... 1636604.956966: sys_wait4(upid: 10058a, stat_addr: c0005d3bf4, options: 40000002, ru: 0)
             exe-1049994 [000] ..... 1636604.956978: sys_setns -> 0xffffffffffffffa1
             exe-1049673 [002] ..... 1636604.956991: sys_nanosleep -> 0x0
             exe-1049673 [002] ..... 1636604.956993: sys_nanosleep(rqtp: c000069f10, rmtp: 0)
             exe-1049981 [003] ..... 1636604.957004: sys_wait4 -> 0x10058a
             exe-1049981 [003] ..... 1636604.957006: sys_ptrace(request: 4204, pid: 10058a, addr: 1, data: c0005d3c70)
             exe-1049981 [003] ..... 1636604.957009: sys_ptrace -> 0x0
             exe-1049981 [003] ..... 1636604.957010: sys_ptrace(request: 4204, pid: 10058a, addr: 202, data: c0005d3c70)
             exe-1049981 [003] ..... 1636604.957012: sys_ptrace -> 0x0
             exe-1049981 [003] ..... 1636604.957020: sys_pwrite64(fd: 63, buf: 7fd66e1ec080, count: 24, pos: 26)
             exe-1049981 [003] ..... 1636604.957022: tracing_mark_write: setns(fd=273, nstype=0x48000000) end
             exe-1049722 [003] ..... 1636605.021300: tracing_mark_write: setns(fd=273, nstype=0x48000000) start
             exe-1049722 [003] ..... 1636605.021302: sys_pwrite64 -> 0x26
             exe-1049673 [002] ..... 1636605.021307: sys_nanosleep -> 0x0
             exe-1049722 [003] ..... 1636605.021309: sys_ptrace(request: 4205, pid: 100616, addr: 1, data: c0005d3c70)
             exe-1049673 [002] ..... 1636605.021309: sys_nanosleep(rqtp: c000069f10, rmtp: 0)
             exe-1049722 [003] ..... 1636605.021312: sys_ptrace -> 0x0
             exe-1049722 [003] ..... 1636605.021313: sys_ptrace(request: 4205, pid: 100616, addr: 202, data: c0005d3c70)
             exe-1049722 [003] ..... 1636605.021325: sys_ptrace -> 0x0
             exe-1049722 [003] ..... 1636605.021327: sys_ptrace(request: 1f, pid: 100616, addr: 0, data: 0)
             exe-1049722 [003] ..... 1636605.021334: sys_ptrace -> 0x0
             exe-1049722 [003] ..... 1636605.021336: sys_wait4(upid: 100616, stat_addr: c0005d3bf4, options: 40000002, ru: 0)
             exe-1049567 [001] ..... 1636605.021350: sys_nanosleep -> 0x0
             exe-1050134 [003] ..... 1636605.021350: sys_write -> 0x26
             exe-1049567 [001] ..... 1636605.021352: sys_nanosleep(rqtp: c000069f10, rmtp: 0)
             exe-1049722 [003] ..... 1636605.021372: sys_wait4 -> 0x100616
             exe-1049722 [003] ..... 1636605.021376: sys_ptrace(request: 4204, pid: 100616, addr: 1, data: c0005d3c70)
             exe-1049722 [003] ..... 1636605.021380: sys_ptrace -> 0x0
             exe-1049722 [003] ..... 1636605.021382: sys_ptrace(request: 4204, pid: 100616, addr: 202, data: c0005d3c70)
             exe-1049722 [003] ..... 1636605.021384: sys_ptrace -> 0x0
             exe-1049722 [003] ..... 1636605.021408: sys_ptrace(request: 4205, pid: 100616, addr: 1, data: c0005d3c70)
             exe-1049722 [003] ..... 1636605.021411: sys_ptrace -> 0x0
             exe-1049722 [003] ..... 1636605.021412: sys_ptrace(request: 4205, pid: 100616, addr: 202, data: c0005d3c70)
             exe-1049722 [003] ..... 1636605.021423: sys_ptrace -> 0x0
             exe-1049722 [003] ..... 1636605.021425: sys_ptrace(request: 1f, pid: 100616, addr: 0, data: 0)
             exe-1049673 [002] ..... 1636605.021425: sys_nanosleep -> 0x0
             exe-1049673 [002] ..... 1636605.021428: sys_nanosleep(rqtp: c000069f10, rmtp: 0)
             exe-1049722 [003] ..... 1636605.021432: sys_ptrace -> 0x0
             exe-1049722 [003] ..... 1636605.021435: sys_wait4(upid: 100616, stat_addr: c0005d3bf4, options: 40000002, ru: 0)
             exe-1049567 [001] ..... 1636605.021437: sys_nanosleep -> 0x0
             exe-1049567 [001] ..... 1636605.021439: sys_nanosleep(rqtp: c000069f10, rmtp: 0)
             exe-1050134 [003] ..... 1636605.021449: sys_setns -> 0xffffffffffffffa1
             exe-1049722 [003] ..... 1636605.021471: sys_wait4 -> 0x100616
             exe-1049722 [003] ..... 1636605.021474: sys_ptrace(request: 4204, pid: 100616, addr: 1, data: c0005d3c70)
             exe-1049722 [003] ..... 1636605.021478: sys_ptrace -> 0x0
             exe-1049722 [003] ..... 1636605.021481: sys_ptrace(request: 4204, pid: 100616, addr: 202, data: c0005d3c70)
             exe-1049722 [003] ..... 1636605.021483: sys_ptrace -> 0x0
             exe-1049722 [003] ..... 1636605.021495: sys_pwrite64(fd: 63, buf: 7fd66e1ec080, count: 24, pos: 26)
             exe-1049722 [003] ..... 1636605.021497: tracing_mark_write: setns(fd=273, nstype=0x48000000) end
             exe-1049722 [003] ..... 1636605.083428: tracing_mark_write: setns(fd=5, nstype=0x48000000) start
             exe-1049722 [003] ..... 1636605.083430: sys_pwrite64 -> 0x24
             exe-1049673 [002] ..... 1636605.083431: sys_nanosleep -> 0x0
             exe-1049673 [002] ..... 1636605.083433: sys_nanosleep(rqtp: c000069f10, rmtp: 0)
             exe-1049722 [003] ..... 1636605.083436: sys_ptrace(request: 4205, pid: 100616, addr: 1, data: c0005d3c70)
             exe-1049722 [003] ..... 1636605.083438: sys_ptrace -> 0x0
             exe-1049722 [003] ..... 1636605.083440: sys_ptrace(request: 4205, pid: 100616, addr: 202, data: c0005d3c70)
             exe-1049722 [003] ..... 1636605.083450: sys_ptrace -> 0x0
             exe-1049722 [003] ..... 1636605.083452: sys_ptrace(request: 1f, pid: 100616, addr: 0, data: 0)
             exe-1049567 [001] ..... 1636605.083452: sys_nanosleep -> 0x0
             exe-1049567 [001] ..... 1636605.083455: sys_nanosleep(rqtp: c000069f10, rmtp: 0)
             exe-1049722 [003] .N... 1636605.083458: sys_ptrace -> 0x0
             exe-1050134 [003] ..... 1636605.083468: sys_write -> 0x24
             exe-1049722 [003] ..... 1636605.083485: sys_wait4(upid: 100616, stat_addr: c0005d3bf4, options: 40000002, ru: 0)
             exe-1049722 [003] ..... 1636605.083488: sys_wait4 -> 0x100616
             exe-1049722 [003] ..... 1636605.083490: sys_ptrace(request: 4204, pid: 100616, addr: 1, data: c0005d3c70)
             exe-1049722 [003] ..... 1636605.083493: sys_ptrace -> 0x0
             exe-1049722 [003] ..... 1636605.083495: sys_ptrace(request: 4204, pid: 100616, addr: 202, data: c0005d3c70)
             exe-1049722 [003] ..... 1636605.083497: sys_ptrace -> 0x0
             exe-1049722 [003] ..... 1636605.083517: sys_ptrace(request: 4205, pid: 100616, addr: 1, data: c0005d3c70)
             exe-1049722 [003] ..... 1636605.083519: sys_ptrace -> 0x0
             exe-1049722 [003] ..... 1636605.083520: sys_ptrace(request: 4205, pid: 100616, addr: 202, data: c0005d3c70)
             exe-1049673 [002] ..... 1636605.083523: sys_nanosleep -> 0x0
             exe-1049673 [002] ..... 1636605.083526: sys_nanosleep(rqtp: c000069f10, rmtp: 0)
             exe-1049722 [003] ..... 1636605.083530: sys_ptrace -> 0x0
             exe-1049722 [003] ..... 1636605.083532: sys_ptrace(request: 1f, pid: 100616, addr: 0, data: 0)
             exe-1049722 [003] .N... 1636605.083539: sys_ptrace -> 0x0
             exe-1049567 [001] ..... 1636605.083539: sys_nanosleep -> 0x0
             exe-1049567 [001] ..... 1636605.083542: sys_nanosleep(rqtp: c000069f10, rmtp: 0)
             exe-1050134 [003] ..... 1636605.083548: sys_setns -> 0xffffffffffffffa1
             exe-1049722 [003] ..... 1636605.083565: sys_wait4(upid: 100616, stat_addr: c0005d3bf4, options: 40000002, ru: 0)
             exe-1049722 [003] ..... 1636605.083568: sys_wait4 -> 0x100616
             exe-1049722 [003] ..... 1636605.083570: sys_ptrace(request: 4204, pid: 100616, addr: 1, data: c0005d3c70)
             exe-1049722 [003] ..... 1636605.083573: sys_ptrace -> 0x0
             exe-1049722 [003] ..... 1636605.083574: sys_ptrace(request: 4204, pid: 100616, addr: 202, data: c0005d3c70)
             exe-1049722 [003] ..... 1636605.083576: sys_ptrace -> 0x0
             exe-1049722 [003] ..... 1636605.083585: sys_pwrite64(fd: 63, buf: 7fd66e1ec080, count: 22, pos: 24)
             exe-1049722 [003] ..... 1636605.083587: tracing_mark_write: setns(fd=5, nstype=0x48000000) end
             exe-1049722 [003] ..... 1636605.156052: tracing_mark_write: setns(fd=5, nstype=0x48000000) start
             exe-1049722 [003] ..... 1636605.156054: sys_pwrite64 -> 0x24
             exe-1049722 [003] ..... 1636605.156061: sys_ptrace(request: 4205, pid: 100616, addr: 1, data: c0005d3c70)
             exe-1049722 [003] ..... 1636605.156064: sys_ptrace -> 0x0
             exe-1049722 [003] ..... 1636605.156065: sys_ptrace(request: 4205, pid: 100616, addr: 202, data: c0005d3c70)
             exe-1049722 [003] ..... 1636605.156077: sys_ptrace -> 0x0
             exe-1049722 [003] ..... 1636605.156079: sys_ptrace(request: 1f, pid: 100616, addr: 0, data: 0)
             exe-1049567 [001] ..... 1636605.156081: sys_nanosleep -> 0x0
             exe-1049567 [001] ..... 1636605.156083: sys_nanosleep(rqtp: c000069f10, rmtp: 0)
             exe-1049722 [003] .N... 1636605.156086: sys_ptrace -> 0x0
             exe-1050134 [003] ..... 1636605.156097: sys_write -> 0x24
             exe-1049722 [003] ..... 1636605.156116: sys_wait4(upid: 100616, stat_addr: c0005d3bf4, options: 40000002, ru: 0)
             exe-1049722 [003] ..... 1636605.156119: sys_wait4 -> 0x100616
             exe-1049722 [003] ..... 1636605.156122: sys_ptrace(request: 4204, pid: 100616, addr: 1, data: c0005d3c70)
             exe-1049673 [002] ..... 1636605.156124: sys_nanosleep -> 0x0
             exe-1049722 [003] ..... 1636605.156125: sys_ptrace -> 0x0
             exe-1049673 [002] ..... 1636605.156126: sys_nanosleep(rqtp: c000069f10, rmtp: 0)
             exe-1049722 [003] ..... 1636605.156127: sys_ptrace(request: 4204, pid: 100616, addr: 202, data: c0005d3c70)
             exe-1049722 [003] ..... 1636605.156129: sys_ptrace -> 0x0
             exe-1049722 [003] ..... 1636605.156149: sys_ptrace(request: 4205, pid: 100616, addr: 1, data: c0005d3c70)
             exe-1049722 [003] ..... 1636605.156152: sys_ptrace -> 0x0
             exe-1049722 [003] ..... 1636605.156154: sys_ptrace(request: 4205, pid: 100616, addr: 202, data: c0005d3c70)
             exe-1049722 [003] ..... 1636605.156164: sys_ptrace -> 0x0
             exe-1049722 [003] ..... 1636605.156166: sys_ptrace(request: 1f, pid: 100616, addr: 0, data: 0)
             exe-1049567 [001] ..... 1636605.156167: sys_nanosleep -> 0x0
             exe-1049567 [001] ..... 1636605.156169: sys_nanosleep(rqtp: c000069f10, rmtp: 0)
             exe-1049722 [003] .N... 1636605.156173: sys_ptrace -> 0x0
             exe-1050134 [003] ..... 1636605.156184: sys_setns -> 0xffffffffffffffa1
             exe-1049722 [003] ..... 1636605.156204: sys_wait4(upid: 100616, stat_addr: c0005d3bf4, options: 40000002, ru: 0)
             exe-1049722 [003] ..... 1636605.156206: sys_wait4 -> 0x100616
             exe-1049722 [003] ..... 1636605.156209: sys_ptrace(request: 4204, pid: 100616, addr: 1, data: c0005d3c70)
             exe-1049673 [002] ..... 1636605.156212: sys_nanosleep -> 0x0
             exe-1049722 [003] ..... 1636605.156213: sys_ptrace -> 0x0
             exe-1049673 [002] ..... 1636605.156214: sys_nanosleep(rqtp: c000069f10, rmtp: 0)
             exe-1049722 [003] ..... 1636605.156214: sys_ptrace(request: 4204, pid: 100616, addr: 202, data: c0005d3c70)
             exe-1049722 [003] ..... 1636605.156217: sys_ptrace -> 0x0
             exe-1049722 [003] ..... 1636605.156226: sys_pwrite64(fd: 63, buf: 7fd66e1ec080, count: 22, pos: 24)
             exe-1049722 [003] ..... 1636605.156228: tracing_mark_write: setns(fd=5, nstype=0x48000000) end
             exe-1049722 [003] ..... 1636605.216634: tracing_mark_write: setns(fd=313, nstype=0x48000000) start
             exe-1049722 [003] ..... 1636605.216636: sys_pwrite64 -> 0x26
             exe-1049722 [003] ..... 1636605.216642: sys_ptrace(request: 4205, pid: 100616, addr: 1, data: c0005d3c70)
             exe-1049722 [003] ..... 1636605.216644: sys_ptrace -> 0x0
             exe-1049722 [003] ..... 1636605.216646: sys_ptrace(request: 4205, pid: 100616, addr: 202, data: c0005d3c70)
             exe-1049722 [003] ..... 1636605.216656: sys_ptrace -> 0x0
             exe-1049722 [003] ..... 1636605.216658: sys_ptrace(request: 1f, pid: 100616, addr: 0, data: 0)
             exe-1049567 [001] ..... 1636605.216659: sys_nanosleep -> 0x0
             exe-1049567 [001] ..... 1636605.216661: sys_nanosleep(rqtp: c000069f10, rmtp: 0)
             exe-1049722 [003] .N... 1636605.216665: sys_ptrace -> 0x0
             exe-1050134 [003] ..... 1636605.216675: sys_write -> 0x26
             exe-1049722 [003] ..... 1636605.216693: sys_wait4(upid: 100616, stat_addr: c0005d3bf4, options: 40000002, ru: 0)
             exe-1049722 [003] ..... 1636605.216696: sys_wait4 -> 0x100616
             exe-1049722 [003] ..... 1636605.216698: sys_ptrace(request: 4204, pid: 100616, addr: 1, data: c0005d3c70)
             exe-1049722 [003] ..... 1636605.216702: sys_ptrace -> 0x0
             exe-1049722 [003] ..... 1636605.216703: sys_ptrace(request: 4204, pid: 100616, addr: 202, data: c0005d3c70)
             exe-1049722 [003] ..... 1636605.216705: sys_ptrace -> 0x0
             exe-1049722 [003] ..... 1636605.216726: sys_ptrace(request: 4205, pid: 100616, addr: 1, data: c0005d3c70)
             exe-1049722 [003] ..... 1636605.216729: sys_ptrace -> 0x0
             exe-1049722 [003] ..... 1636605.216730: sys_ptrace(request: 4205, pid: 100616, addr: 202, data: c0005d3c70)
             exe-1049722 [003] ..... 1636605.216740: sys_ptrace -> 0x0
             exe-1049722 [003] ..... 1636605.216742: sys_ptrace(request: 1f, pid: 100616, addr: 0, data: 0)
             exe-1049567 [001] ..... 1636605.216746: sys_nanosleep -> 0x0
             exe-1049567 [001] ..... 1636605.216748: sys_nanosleep(rqtp: c000069f10, rmtp: 0)
             exe-1049722 [003] .N... 1636605.216748: sys_ptrace -> 0x0
             exe-1049673 [002] ..... 1636605.216754: sys_nanosleep -> 0x0
             exe-1049673 [002] ..... 1636605.216756: sys_nanosleep(rqtp: c000069f10, rmtp: 0)
             exe-1050134 [003] ..... 1636605.216758: sys_setns -> 0xffffffffffffffa1
             exe-1049722 [003] ..... 1636605.216777: sys_wait4(upid: 100616, stat_addr: c0005d3bf4, options: 40000002, ru: 0)
             exe-1049722 [003] ..... 1636605.216779: sys_wait4 -> 0x100616
             exe-1049722 [003] ..... 1636605.216781: sys_ptrace(request: 4204, pid: 100616, addr: 1, data: c0005d3c70)
             exe-1049722 [003] ..... 1636605.216785: sys_ptrace -> 0x0
             exe-1049722 [003] ..... 1636605.216786: sys_ptrace(request: 4204, pid: 100616, addr: 202, data: c0005d3c70)
             exe-1049722 [003] ..... 1636605.216789: sys_ptrace -> 0x0
             exe-1049722 [003] ..... 1636605.216798: sys_pwrite64(fd: 63, buf: 7fd66e1ec080, count: 24, pos: 26)
             exe-1049722 [003] ..... 1636605.216799: tracing_mark_write: setns(fd=313, nstype=0x48000000) end
             exe-1049722 [003] ..... 1636605.295898: tracing_mark_write: setns(fd=313, nstype=0x48000000) start
             exe-1049722 [003] ..... 1636605.295899: sys_pwrite64 -> 0x26
             exe-1049722 [003] ..... 1636605.295906: sys_ptrace(request: 4205, pid: 100616, addr: 1, data: c0005d3c70)
             exe-1049722 [003] ..... 1636605.295908: sys_ptrace -> 0x0
             exe-1049722 [003] ..... 1636605.295910: sys_ptrace(request: 4205, pid: 100616, addr: 202, data: c0005d3c70)
             exe-1049722 [003] ..... 1636605.295920: sys_ptrace -> 0x0
             exe-1049722 [003] ..... 1636605.295922: sys_ptrace(request: 1f, pid: 100616, addr: 0, data: 0)
             exe-1049722 [003] .N... 1636605.295929: sys_ptrace -> 0x0
             exe-1050134 [003] ..... 1636605.295939: sys_write -> 0x26
             exe-1049722 [003] ..... 1636605.295956: sys_wait4(upid: 100616, stat_addr: c0005d3bf4, options: 40000002, ru: 0)
             exe-1049722 [003] ..... 1636605.295959: sys_wait4 -> 0x100616
             exe-1049722 [003] ..... 1636605.295961: sys_ptrace(request: 4204, pid: 100616, addr: 1, data: c0005d3c70)
             exe-1049722 [003] ..... 1636605.295965: sys_ptrace -> 0x0
             exe-1049567 [001] ..... 1636605.295972: sys_nanosleep -> 0x0
             exe-1049567 [001] ..... 1636605.295975: sys_nanosleep(rqtp: c000069f10, rmtp: 0)
             exe-1049673 [002] ..... 1636605.295981: sys_nanosleep -> 0x0
             exe-1049673 [002] ..... 1636605.295983: sys_nanosleep(rqtp: c000069f10, rmtp: 0)
             exe-1049722 [003] .N... 1636605.295995: sys_ptrace(request: 4204, pid: 100616, addr: 202, data: c0005d3c70)
             exe-1050232 [003] ..... 1636605.296001: sys_epoll_pwait -> 0x0
             exe-1050232 [003] ..... 1636605.296015: sys_futex(uaddr: c000435948, op: 81, val: 1, utime: 0, uaddr2: 0, val3: 0)
             exe-1050232 [003] ..... 1636605.296023: sys_futex -> 0x1
             exe-1050008 [001] ..... 1636605.296031: sys_futex -> 0x0
             exe-1050232 [003] ..... 1636605.296038: sys_epoll_pwait(epfd: 11, events: c000693840, maxevents: 80, timeout: 9, sigmask: 0, sigsetsize: 0)
             exe-1050008 [001] ..... 1636605.296040: sys_futex(uaddr: c000435948, op: 80, val: 0, utime: 0, uaddr2: 0, val3: 0)
             exe-1049722 [003] ..... 1636605.296049: sys_ptrace -> 0x0
             exe-1049673 [002] ..... 1636605.296070: sys_nanosleep -> 0x0
             exe-1049722 [003] ..... 1636605.296070: sys_ptrace(request: 4205, pid: 100616, addr: 1, data: c0005d3c70)
             exe-1049673 [002] ..... 1636605.296072: sys_nanosleep(rqtp: c000069f10, rmtp: 0)
             exe-1049722 [003] ..... 1636605.296073: sys_ptrace -> 0x0
             exe-1049722 [003] ..... 1636605.296075: sys_ptrace(request: 4205, pid: 100616, addr: 202, data: c0005d3c70)
             exe-1049722 [003] ..... 1636605.296087: sys_ptrace -> 0x0
             exe-1049722 [003] ..... 1636605.296089: sys_ptrace(request: 1f, pid: 100616, addr: 0, data: 0)
             exe-1049722 [003] .N... 1636605.296093: sys_ptrace -> 0x0
             exe-1050134 [003] ..... 1636605.296103: sys_setns -> 0xffffffffffffffa1
             exe-1049722 [003] ..... 1636605.296124: sys_wait4(upid: 100616, stat_addr: c0005d3bf4, options: 40000002, ru: 0)
             exe-1049722 [003] ..... 1636605.296127: sys_wait4 -> 0x100616
             exe-1049722 [003] ..... 1636605.296129: sys_ptrace(request: 4204, pid: 100616, addr: 1, data: c0005d3c70)
             exe-1049722 [003] ..... 1636605.296133: sys_ptrace -> 0x0
             exe-1049722 [003] ..... 1636605.296134: sys_ptrace(request: 4204, pid: 100616, addr: 202, data: c0005d3c70)
             exe-1049722 [003] ..... 1636605.296136: sys_ptrace -> 0x0
             exe-1049722 [003] ..... 1636605.296147: sys_pwrite64(fd: 63, buf: 7fd66e1ec080, count: 24, pos: 26)
             exe-1049722 [003] ..... 1636605.296148: tracing_mark_write: setns(fd=313, nstype=0x48000000) end
             exe-1049722 [003] ..... 1636605.376291: tracing_mark_write: setns(fd=313, nstype=0x48000000) start
             exe-1049722 [003] ..... 1636605.376292: sys_pwrite64 -> 0x26
             exe-1049722 [003] ..... 1636605.376299: sys_ptrace(request: 4205, pid: 100616, addr: 1, data: c0005d3c70)
             exe-1049722 [003] ..... 1636605.376302: sys_ptrace -> 0x0
             exe-1049722 [003] ..... 1636605.376303: sys_ptrace(request: 4205, pid: 100616, addr: 202, data: c0005d3c70)
             exe-1049722 [003] ..... 1636605.376315: sys_ptrace -> 0x0
