             exe-1049981 [002] ..... 1636603.318996: sys_ptrace(request: 4204, pid: 10058a, addr: 1, data: c0005d3c70)
             exe-1049567 [003] ..... 1636603.319000: sys_nanosleep -> 0x0
             exe-1049981 [002] ..... 1636603.319000: sys_ptrace -> 0x0
             exe-1049567 [003] ..... 1636603.319002: sys_nanosleep(rqtp: c000069f10, rmtp: 0)
             exe-1049981 [002] ..... 1636603.319002: sys_ptrace(request: 4204, pid: 10058a, addr: 202, data: c0005d3c70)
             exe-1049981 [002] ..... 1636603.319031: sys_ptrace -> 0x0
             exe-1049981 [002] ..... 1636603.319056: sys_ptrace(request: 4205, pid: 10058a, addr: 1, data: c0005d3c70)
             exe-1049981 [002] ..... 1636603.319059: sys_ptrace -> 0x0
             exe-1049981 [002] ..... 1636603.319061: sys_ptrace(request: 4205, pid: 10058a, addr: 202, data: c0005d3c70)
             exe-1049981 [002] ..... 1636603.319074: sys_ptrace -> 0x0
             exe-1049981 [002] ..... 1636603.319075: sys_ptrace(request: 1f, pid: 10058a, addr: 0, data: 0)
             exe-1049981 [002] ..... 1636603.319083: sys_ptrace -> 0x0
             exe-1049567 [003] ..... 1636603.319085: sys_nanosleep -> 0x0
             exe-1049981 [002] ..... 1636603.319086: sys_wait4(upid: 10058a, stat_addr: c0005d3bf4, options: 40000002, ru: 0)
             exe-1049567 [003] ..... 1636603.319087: sys_nanosleep(rqtp: c000069f10, rmtp: 0)
             exe-1049994 [001] ..... 1636603.319098: sys_setns -> 0xffffffffffffffa1
             exe-1049673 [002] ..... 1636603.319101: sys_nanosleep -> 0x0
             exe-1049673 [002] ..... 1636603.319107: sys_nanosleep(rqtp: c000069f10, rmtp: 0)
             exe-1049981 [002] ..... 1636603.319141: sys_wait4 -> 0x10058a
             exe-1049981 [002] ..... 1636603.319147: sys_ptrace(request: 4204, pid: 10058a, addr: 1, data: c0005d3c70)
             exe-1049981 [002] ..... 1636603.319152: sys_ptrace -> 0x0
             exe-1049981 [002] ..... 1636603.319154: sys_ptrace(request: 4204, pid: 10058a, addr: 202, data: c0005d3c70)
             exe-1049981 [002] ..... 1636603.319161: sys_ptrace -> 0x0
             exe-1049567 [003] ..... 1636603.319171: sys_nanosleep -> 0x0
             exe-1049567 [003] ..... 1636603.319173: sys_nanosleep(rqtp: c000069f10, rmtp: 0)
             exe-1049981 [002] ..... 1636603.319177: sys_pwrite64(fd: 63, buf: 7fd66e1ec080, count: 23, pos: 25)
             exe-1049981 [002] ..... 1636603.319179: tracing_mark_write: setns(fd=281, nstype=0x8000000) end
             exe-1049981 [002] ..... 1636603.396296: tracing_mark_write: setns(fd=281, nstype=0x40000000) start
             exe-1049981 [002] ..... 1636603.396298: sys_pwrite64 -> 0x26
             exe-1049981 [002] ..... 1636603.396302: sys_ptrace(request: 4205, pid: 10058a, addr: 1, data: c0005d3c70)
             exe-1049981 [002] ..... 1636603.396305: sys_ptrace -> 0x0
             exe-1049981 [002] ..... 1636603.396306: sys_ptrace(request: 4205, pid: 10058a, addr: 202, data: c0005d3c70)
             exe-1049981 [002] ..... 1636603.396314: sys_ptrace -> 0x0
             exe-1049981 [002] ..... 1636603.396315: sys_ptrace(request: 1f, pid: 10058a, addr: 0, data: 0)
             exe-1049981 [002] ..... 1636603.396322: sys_ptrace -> 0x0
             exe-1049981 [002] ..... 1636603.396324: sys_wait4(upid: 10058a, stat_addr: c0005d3bf4, options: 40000002, ru: 0)
             exe-1049567 [003] ..... 1636603.396356: sys_nanosleep -> 0x0
             exe-1049567 [003] ..... 1636603.396362: sys_nanosleep(rqtp: c000069f10, rmtp: 0)
             exe-1049994 [003] ..... 1636603.396387: sys_write -> 0x26
             exe-1049981 [002] ..... 1636603.396406: sys_wait4 -> 0x10058a
             exe-1049981 [002] ..... 1636603.396408: sys_ptrace(request: 4204, pid: 10058a, addr: 1, data: c0005d3c70)
             exe-1049981 [002] ..... 1636603.396411: sys_ptrace -> 0x0
             exe-1049981 [002] ..... 1636603.396412: sys_ptrace(request: 4204, pid: 10058a, addr: 202, data: c0005d3c70)
             exe-1049981 [002] ..... 1636603.396414: sys_ptrace -> 0x0
             exe-1049981 [002] ..... 1636603.396433: sys_ptrace(request: 4205, pid: 10058a, addr: 1, data: c0005d3c70)
             exe-1049981 [002] ..... 1636603.396436: sys_ptrace -> 0x0
             exe-1049981 [002] ..... 1636603.396437: sys_ptrace(request: 4205, pid: 10058a, addr: 202, data: c0005d3c70)
             exe-1049981 [002] ..... 1636603.396444: sys_ptrace -> 0x0
             exe-1049981 [002] ..... 1636603.396446: sys_ptrace(request: 1f, pid: 10058a, addr: 0, data: 0)
             exe-1049981 [002] ..... 1636603.396452: sys_ptrace -> 0x0
             exe-1049981 [002] ..... 1636603.396454: sys_wait4(upid: 10058a, stat_addr: c0005d3bf4, options: 40000002, ru: 0)
             exe-1049994 [003] ..... 1636603.396461: sys_setns -> 0xffffffffffffffa1
             exe-1049981 [002] ..... 1636603.396476: sys_wait4 -> 0x10058a
             exe-1049981 [002] ..... 1636603.396478: sys_ptrace(request: 4204, pid: 10058a, addr: 1, data: c0005d3c70)
             exe-1049981 [002] ..... 1636603.396481: sys_ptrace -> 0x0
             exe-1049981 [002] ..... 1636603.396482: sys_ptrace(request: 4204, pid: 10058a, addr: 202, data: c0005d3c70)
             exe-1049981 [002] ..... 1636603.396484: sys_ptrace -> 0x0
             exe-1049981 [002] ..... 1636603.396490: sys_pwrite64(fd: 63, buf: 7fd66e1ec080, count: 24, pos: 26)
             exe-1049981 [002] ..... 1636603.396491: tracing_mark_write: setns(fd=281, nstype=0x40000000) end
             exe-1049981 [002] ..... 1636603.472193: tracing_mark_write: setns(fd=281, nstype=0x40000000) start
             exe-1049981 [002] ..... 1636603.472194: sys_pwrite64 -> 0x26
             exe-1049981 [002] ..... 1636603.472201: sys_ptrace(request: 4205, pid: 10058a, addr: 1, data: c0005d3c70)
             exe-1049981 [002] ..... 1636603.472205: sys_ptrace -> 0x0
             exe-1049981 [002] ..... 1636603.472206: sys_ptrace(request: 4205, pid: 10058a, addr: 202, data: c0005d3c70)
             exe-1049981 [002] ..... 1636603.472219: sys_ptrace -> 0x0
             exe-1049981 [002] ..... 1636603.472221: sys_ptrace(request: 1f, pid: 10058a, addr: 0, data: 0)
             exe-1049981 [002] ..... 1636603.472229: sys_ptrace -> 0x0
             exe-1049981 [002] ..... 1636603.472231: sys_wait4(upid: 10058a, stat_addr: c0005d3bf4, options: 40000002, ru: 0)
             exe-1049567 [003] ..... 1636603.472235: sys_nanosleep -> 0x0
             exe-1049567 [003] ..... 1636603.472239: sys_nanosleep(rqtp: c000069f10, rmtp: 0)
             exe-1049994 [002] ..... 1636603.472245: sys_write -> 0x26
             exe-1049981 [002] ..... 1636603.472267: sys_wait4 -> 0x10058a
             exe-1049981 [002] ..... 1636603.472271: sys_ptrace(request: 4204, pid: 10058a, addr: 1, data: c0005d3c70)
             exe-1049981 [002] ..... 1636603.472276: sys_ptrace -> 0x0
             exe-1049981 [002] ..... 1636603.472277: sys_ptrace(request: 4204, pid: 10058a, addr: 202, data: c0005d3c70)
             exe-1049981 [002] ..... 1636603.472280: sys_ptrace -> 0x0
             exe-1049981 [002] ..... 1636603.472301: sys_ptrace(request: 4205, pid: 10058a, addr: 1, data: c0005d3c70)
             exe-1049981 [002] ..... 1636603.472304: sys_ptrace -> 0x0
             exe-1049981 [002] ..... 1636603.472305: sys_ptrace(request: 4205, pid: 10058a, addr: 202, data: c0005d3c70)
             exe-1049981 [002] ..... 1636603.472317: sys_ptrace -> 0x0
             exe-1049981 [002] ..... 1636603.472319: sys_ptrace(request: 1f, pid: 10058a, addr: 0, data: 0)
             exe-1049981 [002] ..... 1636603.472326: sys_ptrace -> 0x0
             exe-1049981 [002] ..... 1636603.472328: sys_wait4(upid: 10058a, stat_addr: c0005d3bf4, options: 40000002, ru: 0)
             exe-1049994 [002] ..... 1636603.472343: sys_setns -> 0xffffffffffffffa1
             exe-1049981 [002] ..... 1636603.472364: sys_wait4 -> 0x10058a
             exe-1049981 [002] ..... 1636603.472368: sys_ptrace(request: 4204, pid: 10058a, addr: 1, data: c0005d3c70)
             exe-1049981 [002] ..... 1636603.472372: sys_ptrace -> 0x0
             exe-1049981 [002] ..... 1636603.472373: sys_ptrace(request: 4204, pid: 10058a, addr: 202, data: c0005d3c70)
             exe-1049981 [002] ..... 1636603.472376: sys_ptrace -> 0x0
             exe-1049981 [002] ..... 1636603.472386: sys_pwrite64(fd: 63, buf: 7fd66e1ec080, count: 24, pos: 26)
             exe-1049981 [002] ..... 1636603.472388: tracing_mark_write: setns(fd=281, nstype=0x40000000) end
             exe-1049981 [000] ..... 1636603.539533: tracing_mark_write: setns(fd=19, nstype=0x40000000) start
             exe-1049981 [000] ..... 1636603.539535: sys_pwrite64 -> 0x25
             exe-1049981 [000] ..... 1636603.539540: sys_ptrace(request: 4205, pid: 10058a, addr: 1, data: c0005d3c70)
             exe-1049981 [000] ..... 1636603.539543: sys_ptrace -> 0x0
             exe-1049981 [000] ..... 1636603.539544: sys_ptrace(request: 4205, pid: 10058a, addr: 202, data: c0005d3c70)
             exe-1049981 [000] ..... 1636603.539552: sys_ptrace -> 0x0
             exe-1049981 [000] ..... 1636603.539554: sys_ptrace(request: 1f, pid: 10058a, addr: 0, data: 0)
             exe-1049981 [000] ..... 1636603.539556: sys_ptrace -> 0x0
             exe-1049981 [000] ..... 1636603.539558: sys_wait4(upid: 10058a, stat_addr: c0005d3bf4, options: 40000002, ru: 0)
             exe-1049673 [002] ..... 1636603.539569: sys_nanosleep -> 0x0
             exe-1049673 [002] ..... 1636603.539575: sys_nanosleep(rqtp: c000069f10, rmtp: 0)
             exe-1049994 [002] ..... 1636603.539596: sys_write -> 0x25
             exe-1049567 [003] ..... 1636603.539610: sys_nanosleep -> 0x0
             exe-1049567 [003] ..... 1636603.539613: sys_nanosleep(rqtp: c000069f10, rmtp: 0)
             exe-1049981 [000] ..... 1636603.539614: sys_wait4 -> 0x10058a
             exe-1049981 [000] ..... 1636603.539616: sys_ptrace(request: 4204, pid: 10058a, addr: 1, data: c0005d3c70)
             exe-1049981 [000] ..... 1636603.539619: sys_ptrace -> 0x0
             exe-1049981 [000] ..... 1636603.539620: sys_ptrace(request: 4204, pid: 10058a, addr: 202, data: c0005d3c70)
             exe-1049981 [000] ..... 1636603.539622: sys_ptrace -> 0x0
             exe-1049981 [000] ..... 1636603.539639: sys_ptrace(request: 4205, pid: 10058a, addr: 1, data: c0005d3c70)
             exe-1049981 [000] ..... 1636603.539641: sys_ptrace -> 0x0
             exe-1049981 [000] ..... 1636603.539643: sys_ptrace(request: 4205, pid: 10058a, addr: 202, data: c0005d3c70)
             exe-1049981 [000] ..... 1636603.539650: sys_ptrace -> 0x0
             exe-1049981 [000] ..... 1636603.539652: sys_ptrace(request: 1f, pid: 10058a, addr: 0, data: 0)
             exe-1049981 [000] ..... 1636603.539659: sys_ptrace -> 0x0
             exe-1049981 [000] ..... 1636603.539661: sys_wait4(upid: 10058a, stat_addr: c0005d3bf4, options: 40000002, ru: 0)
             exe-1049673 [002] ..... 1636603.539680: sys_nanosleep -> 0x0
             exe-1049673 [002] ..... 1636603.539686: sys_nanosleep(rqtp: c000069f10, rmtp: 0)
             exe-1049567 [003] ..... 1636603.539697: sys_nanosleep -> 0x0
             exe-1049567 [003] ..... 1636603.539699: sys_nanosleep(rqtp: c000069f10, rmtp: 0)
             exe-1049994 [002] ..... 1636603.539706: sys_setns -> 0xffffffffffffffa1
             exe-1049981 [000] ..... 1636603.539724: sys_wait4 -> 0x10058a
             exe-1049981 [000] ..... 1636603.539727: sys_ptrace(request: 4204, pid: 10058a, addr: 1, data: c0005d3c70)
             exe-1049981 [000] ..... 1636603.539729: sys_ptrace -> 0x0
             exe-1049981 [000] ..... 1636603.539731: sys_ptrace(request: 4204, pid: 10058a, addr: 202, data: c0005d3c70)
             exe-1049981 [000] ..... 1636603.539733: sys_ptrace -> 0x0
             exe-1049981 [000] ..... 1636603.539738: sys_pwrite64(fd: 63, buf: 7fd66e1ec080, count: 23, pos: 25)
             exe-1049981 [000] ..... 1636603.539739: tracing_mark_write: setns(fd=19, nstype=0x40000000) end
             exe-1049981 [000] ..... 1636603.600608: tracing_mark_write: setns(fd=19, nstype=0x40000000) start
             exe-1049981 [000] ..... 1636603.600610: sys_pwrite64 -> 0x25
             exe-1049981 [000] ..... 1636603.600615: sys_ptrace(request: 4205, pid: 10058a, addr: 1, data: c0005d3c70)
             exe-1049981 [000] ..... 1636603.600618: sys_ptrace -> 0x0
             exe-1049981 [000] ..... 1636603.600619: sys_ptrace(request: 4205, pid: 10058a, addr: 202, data: c0005d3c70)
             exe-1049981 [000] ..... 1636603.600627: sys_ptrace -> 0x0
             exe-1049981 [000] ..... 1636603.600628: sys_ptrace(request: 1f, pid: 10058a, addr: 0, data: 0)
             exe-1049673 [002] ..... 1636603.600635: sys_nanosleep -> 0x0
             exe-1049981 [000] ..... 1636603.600640: sys_ptrace -> 0x0
             exe-1049981 [000] ..... 1636603.600642: sys_wait4(upid: 10058a, stat_addr: c0005d3bf4, options: 40000002, ru: 0)
             exe-1049673 [002] ..... 1636603.600652: sys_nanosleep(rqtp: c000069f10, rmtp: 0)
             exe-1049994 [002] ..... 1636603.600668: sys_write -> 0x25
             exe-1049981 [000] ..... 1636603.600701: sys_wait4 -> 0x10058a
             exe-1049981 [000] ..... 1636603.600704: sys_ptrace(request: 4204, pid: 10058a, addr: 1, data: c0005d3c70)
             exe-1049673 [002] ..... 1636603.600724: sys_nanosleep -> 0x0
             exe-1049981 [000] ..... 1636603.600725: sys_ptrace -> 0x0
             exe-1049981 [000] ..... 1636603.600726: sys_ptrace(request: 4204, pid: 10058a, addr: 202, data: c0005d3c70)
             exe-1049981 [000] ..... 1636603.600728: sys_ptrace -> 0x0
             exe-1049673 [002] ..... 1636603.600730: sys_nanosleep(rqtp: c000069f10, rmtp: 0)
             exe-1049981 [000] ..... 1636603.600748: sys_ptrace(request: 4205, pid: 10058a, addr: 1, data: c0005d3c70)
             exe-1049567 [002] ..... 1636603.600754: sys_nanosleep -> 0x0
             exe-1049981 [000] ..... 1636603.600755: sys_ptrace -> 0x0
             exe-1049981 [000] ..... 1636603.600757: sys_ptrace(request: 4205, pid: 10058a, addr: 202, data: c0005d3c70)
             exe-1049567 [002] ..... 1636603.600760: sys_nanosleep(rqtp: c000069f10, rmtp: 0)
             exe-1049981 [000] ..... 1636603.600764: sys_ptrace -> 0x0
             exe-1049981 [000] ..... 1636603.600766: sys_ptrace(request: 1f, pid: 10058a, addr: 0, data: 0)
             exe-1049981 [000] ..... 1636603.600771: sys_ptrace -> 0x0
             exe-1049981 [000] ..... 1636603.600773: sys_wait4(upid: 10058a, stat_addr: c0005d3bf4, options: 40000002, ru: 0)
             exe-1049994 [002] ..... 1636603.600786: sys_setns -> 0xffffffffffffffa1
             exe-1049981 [000] ..... 1636603.600811: sys_wait4 -> 0x10058a
             exe-1049981 [000] ..... 1636603.600814: sys_ptrace(request: 4204, pid: 10058a, addr: 1, data: c0005d3c70)
             exe-1049673 [002] ..... 1636603.600841: sys_nanosleep -> 0x0
             exe-1049981 [000] ..... 1636603.600845: sys_ptrace -> 0x0
             exe-1049981 [000] ..... 1636603.600847: sys_ptrace(request: 4204, pid: 10058a, addr: 202, data: c0005d3c70)
             exe-1049673 [002] ..... 1636603.600847: sys_nanosleep(rqtp: c000069f10, rmtp: 0)
             exe-1049981 [000] ..... 1636603.600850: sys_ptrace -> 0x0
             exe-1049981 [000] ..... 1636603.600859: sys_pwrite64(fd: 63, buf: 7fd66e1ec080, count: 23, pos: 25)
             exe-1049981 [000] ..... 1636603.600862: tracing_mark_write: setns(fd=19, nstype=0x40000000) end
             exe-1049981 [000] ..... 1636603.672383: tracing_mark_write: setns(fd=19, nstype=0x40000000) start
             exe-1049981 [000] ..... 1636603.672385: sys_pwrite64 -> 0x25
             exe-1049567 [002] ..... 1636603.672389: sys_nanosleep -> 0x0
             exe-1049981 [000] ..... 1636603.672390: sys_ptrace(request: 4205, pid: 10058a, addr: 1, data: c0005d3c70)
             exe-1049981 [000] ..... 1636603.672392: sys_ptrace -> 0x0
             exe-1049981 [000] ..... 1636603.672393: sys_ptrace(request: 4205, pid: 10058a, addr: 202, data: c0005d3c70)
             exe-1049567 [002] ..... 1636603.672394: sys_nanosleep(rqtp: c000069f10, rmtp: 0)
             exe-1049981 [000] ..... 1636603.672401: sys_ptrace -> 0x0
             exe-1049981 [000] ..... 1636603.672403: sys_ptrace(request: 1f, pid: 10058a, addr: 0, data: 0)
             exe-1049981 [000] ..... 1636603.672413: sys_ptrace -> 0x0
             exe-1049981 [000] ..... 1636603.672415: sys_wait4(upid: 10058a, stat_addr: c0005d3bf4, options: 40000002, ru: 0)
             exe-1049994 [003] ..... 1636603.672428: sys_write -> 0x25
             exe-1049981 [000] ..... 1636603.672460: sys_wait4 -> 0x10058a
             exe-1049981 [000] ..... 1636603.672462: sys_ptrace(request: 4204, pid: 10058a, addr: 1, data: c0005d3c70)
             exe-1049981 [000] ..... 1636603.672465: sys_ptrace -> 0x0
             exe-1049981 [000] ..... 1636603.672467: sys_ptrace(request: 4204, pid: 10058a, addr: 202, data: c0005d3c70)
             exe-1049981 [000] ..... 1636603.672469: sys_ptrace -> 0x0
             exe-1049673 [002] ..... 1636603.672483: sys_nanosleep -> 0x0
             exe-1049981 [000] ..... 1636603.672487: sys_ptrace(request: 4205, pid: 10058a, addr: 1, data: c0005d3c70)
             exe-1049981 [000] ..... 1636603.672489: sys_ptrace -> 0x0
             exe-1049673 [002] ..... 1636603.672489: sys_nanosleep(rqtp: c000069f10, rmtp: 0)
             exe-1049981 [000] ..... 1636603.672490: sys_ptrace(request: 4205, pid: 10058a, addr: 202, data: c0005d3c70)
             exe-1049981 [000] ..... 1636603.672498: sys_ptrace -> 0x0
             exe-1049981 [000] ..... 1636603.672500: sys_ptrace(request: 1f, pid: 10058a, addr: 0, data: 0)
             exe-1049567 [002] ..... 1636603.672507: sys_nanosleep -> 0x0
             exe-1049567 [002] ..... 1636603.672513: sys_nanosleep(rqtp: c000069f10, rmtp: 0)
             exe-1049981 [000] ..... 1636603.672514: sys_ptrace -> 0x0
             exe-1049981 [000] ..... 1636603.672516: sys_wait4(upid: 10058a, stat_addr: c0005d3bf4, options: 40000002, ru: 0)
             exe-1049994 [003] ..... 1636603.672557: sys_setns -> 0xffffffffffffffa1
             exe-1049981 [000] ..... 1636603.672592: sys_wait4 -> 0x10058a
             exe-1049981 [000] ..... 1636603.672595: sys_ptrace(request: 4204, pid: 10058a, addr: 1, data: c0005d3c70)
             exe-1049981 [000] ..... 1636603.672597: sys_ptrace -> 0x0
             exe-1049981 [000] ..... 1636603.672599: sys_ptrace(request: 4204, pid: 10058a, addr: 202, data: c0005d3c70)
             exe-1049981 [000] ..... 1636603.672601: sys_ptrace -> 0x0
             exe-1049673 [002] ..... 1636603.672601: sys_nanosleep -> 0x0
             exe-1049981 [000] ..... 1636603.672607: sys_pwrite64(fd: 63, buf: 7fd66e1ec080, count: 23, pos: 25)
             exe-1049673 [002] ..... 1636603.672607: sys_nanosleep(rqtp: c000069f10, rmtp: 0)
             exe-1049981 [000] ..... 1636603.672608: tracing_mark_write: setns(fd=19, nstype=0x40000000) end
             exe-1049981 [000] ..... 1636603.741108: tracing_mark_write: setns(fd=19, nstype=0x40000000) start
             exe-1049981 [000] ..... 1636603.741110: sys_pwrite64 -> 0x25
             exe-1049981 [000] ..... 1636603.741114: sys_ptrace(request: 4205, pid: 10058a, addr: 1, data: c0005d3c70)
             exe-1049981 [000] ..... 1636603.741117: sys_ptrace -> 0x0
             exe-1049981 [000] ..... 1636603.741118: sys_ptrace(request: 4205, pid: 10058a, addr: 202, data: c0005d3c70)
             exe-1049981 [000] ..... 1636603.741126: sys_ptrace -> 0x0
             exe-1049981 [000] ..... 1636603.741128: sys_ptrace(request: 1f, pid: 10058a, addr: 0, data: 0)
             exe-1049673 [002] ..... 1636603.741134: sys_nanosleep -> 0x0
             exe-1049981 [000] ..... 1636603.741135: sys_ptrace -> 0x0
             exe-1049981 [000] ..... 1636603.741137: sys_wait4(upid: 10058a, stat_addr: c0005d3bf4, options: 40000002, ru: 0)
             exe-1049673 [002] ..... 1636603.741139: sys_nanosleep(rqtp: c000069f10, rmtp: 0)
             exe-1049994 [003] ..... 1636603.741143: sys_write -> 0x25
             exe-1049981 [000] ..... 1636603.741157: sys_wait4 -> 0x10058a
             exe-1049981 [000] ..... 1636603.741160: sys_ptrace(request: 4204, pid: 10058a, addr: 1, data: c0005d3c70)
             exe-1049567 [002] ..... 1636603.741161: sys_nanosleep -> 0x0
             exe-1049981 [000] ..... 1636603.741162: sys_ptrace -> 0x0
             exe-1049981 [000] ..... 1636603.741163: sys_ptrace(request: 4204, pid: 10058a, addr: 202, data: c0005d3c70)
             exe-1049981 [000] ..... 1636603.741165: sys_ptrace -> 0x0
             exe-1049567 [002] ..... 1636603.741166: sys_nanosleep(rqtp: c000069f10, rmtp: 0)
             exe-1049981 [000] ..... 1636603.741208: sys_ptrace(request: 4205, pid: 10058a, addr: 1, data: c0005d3c70)
             exe-1049981 [000] ..... 1636603.741210: sys_ptrace -> 0x0
             exe-1049981 [000] ..... 1636603.741212: sys_ptrace(request: 4205, pid: 10058a, addr: 202, data: c0005d3c70)
             exe-1049981 [000] ..... 1636603.741220: sys_ptrace -> 0x0
             exe-1049981 [000] ..... 1636603.741222: sys_ptrace(request: 1f, pid: 10058a, addr: 0, data: 0)
             exe-1049981 [000] ..... 1636603.741228: sys_ptrace -> 0x0
             exe-1049981 [000] ..... 1636603.741230: sys_wait4(upid: 10058a, stat_addr: c0005d3bf4, options: 40000002, ru: 0)
             exe-1049994 [003] ..... 1636603.741235: sys_setns -> 0xffffffffffffffa1
             exe-1049673 [002] ..... 1636603.741247: sys_nanosleep -> 0x0
             exe-1049981 [000] ..... 1636603.741250: sys_wait4 -> 0x10058a
             exe-1049981 [000] ..... 1636603.741252: sys_ptrace(request: 4204, pid: 10058a, addr: 1, data: c0005d3c70)
             exe-1049673 [002] ..... 1636603.741253: sys_nanosleep(rqtp: c000069f10, rmtp: 0)
             exe-1049981 [000] ..... 1636603.741254: sys_ptrace -> 0x0
             exe-1049981 [000] ..... 1636603.741255: sys_ptrace(request: 4204, pid: 10058a, addr: 202, data: c0005d3c70)
             exe-1049981 [000] ..... 1636603.741257: sys_ptrace -> 0x0
             exe-1049981 [000] ..... 1636603.741263: sys_pwrite64(fd: 63, buf: 7fd66e1ec080, count: 23, pos: 25)
             exe-1049981 [000] ..... 1636603.741265: tracing_mark_write: setns(fd=19, nstype=0x40000000) end
             exe-1049981 [000] ..... 1636603.816104: tracing_mark_write: setns(fd=19, nstype=0x40000000) start
             exe-1049981 [000] ..... 1636603.816106: sys_pwrite64 -> 0x25
             exe-1049673 [002] ..... 1636603.816108: sys_nanosleep(rqtp: c000069f10, rmtp: 0)
             exe-1049981 [000] ..... 1636603.816111: sys_ptrace(request: 4205, pid: 10058a, addr: 1, data: c0005d3c70)
             exe-1049981 [000] ..... 1636603.816114: sys_ptrace -> 0x0
             exe-1049981 [000] ..... 1636603.816115: sys_ptrace(request: 4205, pid: 10058a, addr: 202, data: c0005d3c70)
             exe-1049981 [000] ..... 1636603.816125: sys_ptrace -> 0x0
             exe-1049981 [000] ..... 1636603.816127: sys_ptrace(request: 1f, pid: 10058a, addr: 0, data: 0)
             exe-1049567 [002] ..... 1636603.816135: sys_nanosleep -> 0x0
             exe-1049981 [000] ..... 1636603.816139: sys_ptrace -> 0x0
             exe-1049981 [000] ..... 1636603.816140: sys_wait4(upid: 10058a, stat_addr: c0005d3bf4, options: 40000002, ru: 0)
             exe-1049567 [002] ..... 1636603.816151: sys_nanosleep(rqtp: c000069f10, rmtp: 0)
             exe-1049994 [002] ..... 1636603.816167: sys_write -> 0x25
             exe-1049981 [000] ..... 1636603.816190: sys_wait4 -> 0x10058a
             exe-1049981 [000] ..... 1636603.816192: sys_ptrace(request: 4204, pid: 10058a, addr: 1, data: c0005d3c70)
             exe-1049673 [002] ..... 1636603.816220: sys_nanosleep -> 0x0
             exe-1049981 [000] ..... 1636603.816221: sys_ptrace -> 0x0
             exe-1049981 [000] ..... 1636603.816222: sys_ptrace(request: 4204, pid: 10058a, addr: 202, data: c0005d3c70)
             exe-1049981 [000] ..... 1636603.816224: sys_ptrace -> 0x0
             exe-1049673 [002] ..... 1636603.816225: sys_nanosleep(rqtp: c000069f10, rmtp: 0)
             exe-1049981 [000] ..... 1636603.816242: sys_ptrace(request: 4205, pid: 10058a, addr: 1, data: c0005d3c70)
             exe-1049567 [002] ..... 1636603.816251: sys_nanosleep -> 0x0
             exe-1049981 [000] ..... 1636603.816251: sys_ptrace -> 0x0
             exe-1049981 [000] ..... 1636603.816253: sys_ptrace(request: 4205, pid: 10058a, addr: 202, data: c0005d3c70)
             exe-1049567 [002] ..... 1636603.816257: sys_nanosleep(rqtp: c000069f10, rmtp: 0)
             exe-1049981 [000] ..... 1636603.816260: sys_ptrace -> 0x0
             exe-1049981 [000] ..... 1636603.816262: sys_ptrace(request: 1f, pid: 10058a, addr: 0, data: 0)
             exe-1049981 [000] ..... 1636603.816267: sys_ptrace -> 0x0
             exe-1049981 [000] ..... 1636603.816269: sys_wait4(upid: 10058a, stat_addr: c0005d3bf4, options: 40000002, ru: 0)
             exe-1049994 [002] ..... 1636603.816283: sys_setns -> 0xffffffffffffffa1
             exe-1049981 [000] ..... 1636603.816307: sys_wait4 -> 0x10058a
             exe-1049981 [000] ..... 1636603.816309: sys_ptrace(request: 4204, pid: 10058a, addr: 1, data: c0005d3c70)
             exe-1049673 [002] ..... 1636603.816337: sys_nanosleep -> 0x0
             exe-1049981 [000] ..... 1636603.816337: sys_ptrace -> 0x0
             exe-1049981 [000] ..... 1636603.816338: sys_ptrace(request: 4204, pid: 10058a, addr: 202, data: c0005d3c70)
             exe-1049981 [000] ..... 1636603.816340: sys_ptrace -> 0x0
             exe-1049673 [002] ..... 1636603.816343: sys_nanosleep(rqtp: c000069f10, rmtp: 0)
             exe-1049981 [000] ..... 1636603.816345: sys_pwrite64(fd: 63, buf: 7fd66e1ec080, count: 23, pos: 25)
             exe-1049981 [000] ..... 1636603.816346: tracing_mark_write: setns(fd=19, nstype=0x40000000) end
             exe-1049981 [000] ..... 1636603.875661: tracing_mark_write: setns(fd=19, nstype=0x40000000) start
             exe-1049981 [000] ..... 1636603.875662: sys_pwrite64 -> 0x25
             exe-1049981 [000] ..... 1636603.875669: sys_ptrace(request: 4205, pid: 10058a, addr: 1, data: c0005d3c70)
             exe-1049981 [000] ..... 1636603.875671: sys_ptrace -> 0x0
             exe-1049981 [000] ..... 1636603.875673: sys_ptrace(request: 4205, pid: 10058a, addr: 202, data: c0005d3c70)
             exe-1049567 [002] ..... 1636603.875676: sys_nanosleep -> 0x0
             exe-1049567 [002] ..... 1636603.875681: sys_nanosleep(rqtp: c000069f10, rmtp: 0)
             exe-1049981 [000] ..... 1636603.875683: sys_ptrace -> 0x0
             exe-1049981 [000] ..... 1636603.875685: sys_ptrace(request: 1f, pid: 10058a, addr: 0, data: 0)
             exe-1049981 [000] ..... 1636603.875692: sys_ptrace -> 0x0
             exe-1049981 [000] ..... 1636603.875694: sys_wait4(upid: 10058a, stat_addr: c0005d3bf4, options: 40000002, ru: 0)
             exe-1049994 [000] ..... 1636603.875706: sys_write -> 0x25
             exe-1049981 [000] ..... 1636603.875726: sys_wait4 -> 0x10058a
             exe-1049981 [000] ..... 1636603.875730: sys_ptrace(request: 4204, pid: 10058a, addr: 1, data: c0005d3c70)
             exe-1049981 [000] ..... 1636603.875734: sys_ptrace -> 0x0
             exe-1049981 [000] ..... 1636603.875735: sys_ptrace(request: 4204, pid: 10058a, addr: 202, data: c0005d3c70)
             exe-1049981 [000] ..... 1636603.875737: sys_ptrace -> 0x0
             exe-1049981 [000] ..... 1636603.875755: sys_ptrace(request: 4205, pid: 10058a, addr: 1, data: c0005d3c70)
             exe-1049673 [002] ..... 1636603.875756: sys_nanosleep -> 0x0
             exe-1049981 [000] ..... 1636603.875757: sys_ptrace -> 0x0
             exe-1049981 [000] ..... 1636603.875759: sys_ptrace(request: 4205, pid: 10058a, addr: 202, data: c0005d3c70)
             exe-1049673 [002] ..... 1636603.875762: sys_nanosleep(rqtp: c000069f10, rmtp: 0)
             exe-1049981 [000] ..... 1636603.875768: sys_ptrace -> 0x0
             exe-1049981 [000] ..... 1636603.875770: sys_ptrace(request: 1f, pid: 10058a, addr: 0, data: 0)
             exe-1049981 [000] ..... 1636603.875776: sys_ptrace -> 0x0
             exe-1049981 [000] ..... 1636603.875778: sys_wait4(upid: 10058a, stat_addr: c0005d3bf4, options: 40000002, ru: 0)
             exe-1049567 [002] ..... 1636603.875784: sys_nanosleep -> 0x0
             exe-1049567 [002] ..... 1636603.875789: sys_nanosleep(rqtp: c000069f10, rmtp: 0)
             exe-1049994 [000] ..... 1636603.875791: sys_setns -> 0xffffffffffffffa1
             exe-1049981 [000] ..... 1636603.875811: sys_wait4 -> 0x10058a
             exe-1049981 [000] ..... 1636603.875814: sys_ptrace(request: 4204, pid: 10058a, addr: 1, data: c0005d3c70)
             exe-1049981 [000] ..... 1636603.875818: sys_ptrace -> 0x0
             exe-1049981 [000] ..... 1636603.875820: sys_ptrace(request: 4204, pid: 10058a, addr: 202, data: c0005d3c70)
             exe-1049981 [000] ..... 1636603.875822: sys_ptrace -> 0x0
             exe-1049981 [000] ..... 1636603.875830: sys_pwrite64(fd: 63, buf: 7fd66e1ec080, count: 23, pos: 25)
             exe-1049981 [000] ..... 1636603.875832: tracing_mark_write: setns(fd=19, nstype=0x40000000) end
             exe-1049981 [000] ..... 1636603.942800: tracing_mark_write: setns(fd=250, nstype=0x40000000) start
             exe-1049981 [000] ..... 1636603.942802: sys_pwrite64 -> 0x26
             exe-1049981 [000] ..... 1636603.942808: sys_ptrace(request: 4205, pid: 10058a, addr: 1, data: c0005d3c70)
             exe-1049981 [000] ..... 1636603.942810: sys_ptrace -> 0x0
             exe-1049981 [000] ..... 1636603.942812: sys_ptrace(request: 4205, pid: 10058a, addr: 202, data: c0005d3c70)
             exe-1049981 [000] ..... 1636603.942823: sys_ptrace -> 0x0
             exe-1049981 [000] ..... 1636603.942825: sys_ptrace(request: 1f, pid: 10058a, addr: 0, data: 0)
             exe-1049981 [000] .N... 1636603.942832: sys_ptrace -> 0x0
             exe-1049994 [000] ..... 1636603.942842: sys_write -> 0x26
             exe-1049981 [000] ..... 1636603.942860: sys_wait4(upid: 10058a, stat_addr: c0005d3bf4, options: 40000002, ru: 0)
             exe-1049981 [000] ..... 1636603.942863: sys_wait4 -> 0x10058a
             exe-1049981 [000] ..... 1636603.942865: sys_ptrace(request: 4204, pid: 10058a, addr: 1, data: c0005d3c70)
             exe-1049981 [000] ..... 1636603.942869: sys_ptrace -> 0x0
             exe-1049981 [000] ..... 1636603.942870: sys_ptrace(request: 4204, pid: 10058a, addr: 202, data: c0005d3c70)
             exe-1049981 [000] ..... 1636603.942872: sys_ptrace -> 0x0
             exe-1049673 [002] ..... 1636603.942876: sys_nanosleep -> 0x0
             exe-1049722 [003] ..... 1636603.942880: sys_epoll_pwait -> 0x0
             exe-1049673 [002] ..... 1636603.942882: sys_nanosleep(rqtp: c000069f10, rmtp: 0)
             exe-1049981 [000] ..... 1636603.942892: sys_ptrace(request: 4205, pid: 10058a, addr: 1, data: c0005d3c70)
             exe-1049981 [000] ..... 1636603.942895: sys_ptrace -> 0x0
             exe-1049981 [000] ..... 1636603.942896: sys_ptrace(request: 4205, pid: 10058a, addr: 202, data: c0005d3c70)
             exe-1049722 [003] ..... 1636603.942897: sys_futex(uaddr: c001f2d948, op: 81, val: 1, utime: 0, uaddr2: 0, val3: 0)
             exe-1049567 [002] ..... 1636603.942904: sys_nanosleep -> 0x0
             exe-1049981 [000] ..... 1636603.942907: sys_ptrace -> 0x0
             exe-1049981 [000] ..... 1636603.942908: sys_ptrace(request: 1f, pid: 10058a, addr: 0, data: 0)
             exe-1049567 [002] ..... 1636603.942909: sys_nanosleep(rqtp: c000069f10, rmtp: 0)
             exe-1049722 [003] ..... 1636603.942911: sys_futex -> 0x1
             exe-1049981 [000] .N... 1636603.942915: sys_ptrace -> 0x0
             exe-1049994 [000] ..... 1636603.942925: sys_setns -> 0xffffffffffffffa1
             exe-1049722 [003] ..... 1636603.942926: sys_epoll_pwait(epfd: 11, events: c000409840, maxevents: 80, timeout: 9, sigmask: 0, sigsetsize: 0)
             exe-1049981 [000] ..... 1636603.942943: sys_wait4(upid: 10058a, stat_addr: c0005d3bf4, options: 40000002, ru: 0)
             exe-1049981 [000] ..... 1636603.942946: sys_wait4 -> 0x10058a
             exe-1050232 [001] ..... 1636603.942947: sys_futex -> 0x0
             exe-1049981 [000] ..... 1636603.942948: sys_ptrace(request: 4204, pid: 10058a, addr: 1, data: c0005d3c70)
             exe-1049981 [000] ..... 1636603.942952: sys_ptrace -> 0x0
             exe-1049981 [000] ..... 1636603.942953: sys_ptrace(request: 4204, pid: 10058a, addr: 202, data: c0005d3c70)
             exe-1049981 [000] ..... 1636603.942956: sys_ptrace -> 0x0
             exe-1050232 [001] ..... 1636603.942961: sys_futex(uaddr: c001f2d948, op: 80, val: 0, utime: 0, uaddr2: 0, val3: 0)
             exe-1049981 [000] ..... 1636603.942965: sys_pwrite64(fd: 63, buf: 7fd66e1ec080, count: 24, pos: 26)
             exe-1049981 [000] ..... 1636603.942966: tracing_mark_write: setns(fd=250, nstype=0x40000000) end
             exe-1049981 [000] ..... 1636604.004378: tracing_mark_write: setns(fd=250, nstype=0x40000000) start
             exe-1049981 [000] ..... 1636604.004381: sys_pwrite64 -> 0x26
             exe-1049981 [000] ..... 1636604.004390: sys_ptrace(request: 4205, pid: 10058a, addr: 1, data: c0005d3c70)
             exe-1049981 [000] ..... 1636604.004394: sys_ptrace -> 0x0
             exe-1049981 [000] ..... 1636604.004396: sys_ptrace(request: 4205, pid: 10058a, addr: 202, data: c0005d3c70)
             exe-1049981 [000] ..... 1636604.004412: sys_ptrace -> 0x0
             exe-1049981 [000] ..... 1636604.004414: sys_ptrace(request: 1f, pid: 10058a, addr: 0, data: 0)
             exe-1050232 [001] ..... 1636604.004416: sys_futex(uaddr: c001f2d948, op: 80, val: 0, utime: 0, uaddr2: 0, val3: 0)
             exe-1049981 [000] .N... 1636604.004426: sys_ptrace -> 0x0
             exe-1049567 [002] ..... 1636604.004427: sys_nanosleep -> 0x0
             exe-1049673 [001] ..... 1636604.004429: sys_nanosleep -> 0x0
             exe-1049567 [002] ..... 1636604.004430: sys_nanosleep(rqtp: c000069f10, rmtp: 0)
             exe-1049673 [001] ..... 1636604.004435: sys_nanosleep(rqtp: c000069f10, rmtp: 0)
             exe-1049994 [000] ..... 1636604.004440: sys_write -> 0x26
             exe-1049981 [000] ..... 1636604.004465: sys_wait4(upid: 10058a, stat_addr: c0005d3bf4, options: 40000002, ru: 0)
             exe-1049981 [000] ..... 1636604.004468: sys_wait4 -> 0x10058a
             exe-1049981 [000] ..... 1636604.004471: sys_ptrace(request: 4204, pid: 10058a, addr: 1, data: c0005d3c70)
             exe-1049981 [000] ..... 1636604.004476: sys_ptrace -> 0x0
             exe-1049981 [000] ..... 1636604.004478: sys_ptrace(request: 4204, pid: 10058a, addr: 202, data: c0005d3c70)
             exe-1049981 [000] ..... 1636604.004482: sys_ptrace -> 0x0
             exe-1049981 [000] ..... 1636604.004523: sys_ptrace(request: 4205, pid: 10058a, addr: 1, data: c0005d3c70)
             exe-1049981 [000] ..... 1636604.004527: sys_ptrace -> 0x0
             exe-1049981 [000] ..... 1636604.004529: sys_ptrace(request: 4205, pid: 10058a, addr: 202, data: c0005d3c70)
             exe-1049673 [001] ..... 1636604.004530: sys_nanosleep -> 0x0
             exe-1049673 [001] ..... 1636604.004533: sys_nanosleep(rqtp: c000069f10, rmtp: 0)
             exe-1049981 [000] ..... 1636604.004545: sys_ptrace -> 0x0
             exe-1049981 [000] ..... 1636604.004547: sys_ptrace(request: 1f, pid: 10058a, addr: 0, data: 0)
             exe-1049981 [000] .N... 1636604.004556: sys_ptrace -> 0x0
             exe-1049994 [000] ..... 1636604.004576: sys_setns -> 0xffffffffffffffa1
             exe-1049981 [000] ..... 1636604.004602: sys_wait4(upid: 10058a, stat_addr: c0005d3bf4, options: 40000002, ru: 0)
             exe-1049981 [000] ..... 1636604.004606: sys_wait4 -> 0x10058a
             exe-1049981 [000] ..... 1636604.004609: sys_ptrace(request: 4204, pid: 10058a, addr: 1, data: c0005d3c70)
             exe-1049981 [000] ..... 1636604.004614: sys_ptrace -> 0x0
             exe-1049981 [000] ..... 1636604.004616: sys_ptrace(request: 4204, pid: 10058a, addr: 202, data: c0005d3c70)
             exe-1049981 [000] ..... 1636604.004619: sys_ptrace -> 0x0
             exe-1049673 [001] ..... 1636604.004621: sys_nanosleep -> 0x0
             exe-1049673 [001] ..... 1636604.004623: sys_nanosleep(rqtp: c000069f10, rmtp: 0)
             exe-1049981 [000] ..... 1636604.004632: sys_pwrite64(fd: 63, buf: 7fd66e1ec080, count: 24, pos: 26)
             exe-1049981 [000] ..... 1636604.004635: tracing_mark_write: setns(fd=250, nstype=0x40000000) end
             exe-1049981 [000] ..... 1636604.073700: tracing_mark_write: setns(fd=250, nstype=0x40000000) start
             exe-1049981 [000] ..... 1636604.073701: sys_pwrite64 -> 0x26
             exe-1049981 [000] ..... 1636604.073707: sys_ptrace(request: 4205, pid: 10058a, addr: 1, data: c0005d3c70)
             exe-1049981 [000] ..... 1636604.073709: sys_ptrace -> 0x0
             exe-1049981 [000] ..... 1636604.073710: sys_ptrace(request: 4205, pid: 10058a, addr: 202, data: c0005d3c70)
             exe-1049981 [000] ..... 1636604.073720: sys_ptrace -> 0x0
             exe-1049981 [000] ..... 1636604.073722: sys_ptrace(request: 1f, pid: 10058a, addr: 0, data: 0)
             exe-1049981 [000] .N... 1636604.073728: sys_ptrace -> 0x0
             exe-1049994 [000] ..... 1636604.073737: sys_write -> 0x26
             exe-1049981 [000] ..... 1636604.073752: sys_wait4(upid: 10058a, stat_addr: c0005d3bf4, options: 40000002, ru: 0)
             exe-1049981 [000] ..... 1636604.073754: sys_wait4 -> 0x10058a
             exe-1049981 [000] ..... 1636604.073756: sys_ptrace(request: 4204, pid: 10058a, addr: 1, data: c0005d3c70)
             exe-1049981 [000] ..... 1636604.073760: sys_ptrace -> 0x0
             exe-1049981 [000] ..... 1636604.073761: sys_ptrace(request: 4204, pid: 10058a, addr: 202, data: c0005d3c70)
             exe-1049981 [000] ..... 1636604.073763: sys_ptrace -> 0x0
             exe-1049981 [000] ..... 1636604.073785: sys_ptrace(request: 4205, pid: 10058a, addr: 1, data: c0005d3c70)
             exe-1049981 [000] ..... 1636604.073787: sys_ptrace -> 0x0
             exe-1049981 [000] ..... 1636604.073788: sys_ptrace(request: 4205, pid: 10058a, addr: 202, data: c0005d3c70)
             exe-1049981 [000] ..... 1636604.073798: sys_ptrace -> 0x0
             exe-1049981 [000] ..... 1636604.073799: sys_ptrace(request: 1f, pid: 10058a, addr: 0, data: 0)
             exe-1049981 [000] .N... 1636604.073806: sys_ptrace -> 0x0
             exe-1049673 [001] ..... 1636604.073810: sys_nanosleep -> 0x0
             exe-1049994 [000] ..... 1636604.073814: sys_setns -> 0xffffffffffffffa1
             exe-1049673 [001] ..... 1636604.073823: sys_futex(uaddr: c0002dd548, op: 81, val: 1, utime: 0, uaddr2: 0, val3: 0)
             exe-1049981 [000] ..... 1636604.073830: sys_wait4(upid: 10058a, stat_addr: c0005d3bf4, options: 40000002, ru: 0)
             exe-1049981 [000] ..... 1636604.073833: sys_wait4 -> 0x10058a
             exe-1049981 [000] ..... 1636604.073834: sys_ptrace(request: 4204, pid: 10058a, addr: 1, data: c0005d3c70)
             exe-1049981 [000] ..... 1636604.073838: sys_ptrace -> 0x0
             exe-1049981 [000] ..... 1636604.073839: sys_ptrace(request: 4204, pid: 10058a, addr: 202, data: c0005d3c70)
             exe-1049981 [000] ..... 1636604.073841: sys_ptrace -> 0x0
             exe-1049981 [000] ..... 1636604.073849: sys_pwrite64(fd: 63, buf: 7fd66e1ec080, count: 24, pos: 26)
             exe-1049981 [000] ..... 1636604.073851: tracing_mark_write: setns(fd=250, nstype=0x40000000) end
             exe-1049981 [000] ..... 1636604.136793: tracing_mark_write: setns(fd=250, nstype=0x40000000) start
             exe-1049981 [000] ..... 1636604.136795: sys_pwrite64 -> 0x26
             exe-1049981 [000] ..... 1636604.136803: sys_ptrace(request: 4205, pid: 10058a, addr: 1, data: c0005d3c70)
             exe-1049981 [000] ..... 1636604.136805: sys_ptrace -> 0x0
             exe-1049981 [000] ..... 1636604.136807: sys_ptrace(request: 4205, pid: 10058a, addr: 202, data: c0005d3c70)
             exe-1049673 [000] ..... 1636604.136850: sys_nanosleep -> 0x0
             exe-1049673 [000] ..... 1636604.136856: sys_nanosleep(rqtp: c000069f10, rmtp: 0)
             exe-1049981 [000] ..... 1636604.136881: sys_ptrace -> 0x0
             exe-1049981 [000] ..... 1636604.136885: sys_ptrace(request: 1f, pid: 10058a, addr: 0, data: 0)
             exe-1049981 [000] .N... 1636604.136893: sys_ptrace -> 0x0
             exe-1049994 [000] ..... 1636604.136904: sys_write -> 0x26
             exe-1049981 [000] ..... 1636604.136925: sys_wait4(upid: 10058a, stat_addr: c0005d3bf4, options: 40000002, ru: 0)
             exe-1049981 [000] .N... 1636604.136952: sys_wait4 -> 0x10058a
             exe-1049673 [000] ..... 1636604.136963: sys_nanosleep -> 0x0
             exe-1049673 [000] ..... 1636604.136969: sys_nanosleep(rqtp: c000069f10, rmtp: 0)
             exe-1049981 [000] ..... 1636604.136995: sys_ptrace(request: 4204, pid: 10058a, addr: 1, data: c0005d3c70)
             exe-1049981 [000] ..... 1636604.137000: sys_ptrace -> 0x0
             exe-1049981 [000] ..... 1636604.137001: sys_ptrace(request: 4204, pid: 10058a, addr: 202, data: c0005d3c70)
             exe-1049981 [000] ..... 1636604.137004: sys_ptrace -> 0x0
             exe-1049981 [000] ..... 1636604.137033: sys_ptrace(request: 4205, pid: 10058a, addr: 1, data: c0005d3c70)
             exe-1049981 [000] ..... 1636604.137035: sys_ptrace -> 0x0
             exe-1049981 [000] ..... 1636604.137036: sys_ptrace(request: 4205, pid: 10058a, addr: 202, data: c0005d3c70)
             exe-1049673 [000] ..... 1636604.137076: sys_nanosleep -> 0x0
             exe-1049673 [000] ..... 1636604.137082: sys_nanosleep(rqtp: c000069f10, rmtp: 0)
             exe-1049981 [000] ..... 1636604.137111: sys_ptrace -> 0x0
             exe-1049981 [000] ..... 1636604.137115: sys_ptrace(request: 1f, pid: 10058a, addr: 0, data: 0)
             exe-1049981 [000] .N... 1636604.137122: sys_ptrace -> 0x0
             exe-1049994 [000] ..... 1636604.137134: sys_setns -> 0xffffffffffffffa1
             exe-1049673 [000] ..... 1636604.137187: sys_nanosleep -> 0x0
             exe-1049673 [000] ..... 1636604.137193: sys_nanosleep(rqtp: c000069f10, rmtp: 0)
             exe-1049981 [000] ..... 1636604.137219: sys_wait4(upid: 10058a, stat_addr: c0005d3bf4, options: 40000002, ru: 0)
             exe-1049981 [000] ..... 1636604.137222: sys_wait4 -> 0x10058a
             exe-1049981 [000] ..... 1636604.137224: sys_ptrace(request: 4204, pid: 10058a, addr: 1, data: c0005d3c70)
             exe-1049981 [000] ..... 1636604.137228: sys_ptrace -> 0x0
             exe-1049981 [000] ..... 1636604.137230: sys_ptrace(request: 4204, pid: 10058a, addr: 202, data: c0005d3c70)
             exe-1049981 [000] ..... 1636604.137232: sys_ptrace -> 0x0
             exe-1049981 [000] ..... 1636604.137247: sys_pwrite64(fd: 63, buf: 7fd66e1ec080, count: 24, pos: 26)
             exe-1049981 [000] ..... 1636604.137250: tracing_mark_write: setns(fd=250, nstype=0x40000000) end
             exe-1049981 [000] ..... 1636604.223261: tracing_mark_write: setns(fd=250, nstype=0x40000000) start
             exe-1049567 [003] ..... 1636604.223262: sys_nanosleep(rqtp: c000069f10, rmtp: 0)
             exe-1049981 [000] ..... 1636604.223262: sys_pwrite64 -> 0x26
             exe-1049981 [000] ..... 1636604.223269: sys_ptrace(request: 4205, pid: 10058a, addr: 1, data: c0005d3c70)
             exe-1049981 [000] ..... 1636604.223272: sys_ptrace -> 0x0
             exe-1049981 [000] ..... 1636604.223273: sys_ptrace(request: 4205, pid: 10058a, addr: 202, data: c0005d3c70)
             exe-1049981 [000] ..... 1636604.223284: sys_ptrace -> 0x0
             exe-1049981 [000] ..... 1636604.223286: sys_ptrace(request: 1f, pid: 10058a, addr: 0, data: 0)
             exe-1049981 [000] .N... 1636604.223292: sys_ptrace -> 0x0
             exe-1049994 [000] ..... 1636604.223303: sys_write -> 0x26
             exe-975375  [003] ..... 1636604.223314: sys_nanosleep -> 0x0
             exe-975375  [003] ..... 1636604.223321: sys_futex(uaddr: 1f09dc0, op: 80, val: 0, utime: c000069eb0, uaddr2: 0, val3: 0)
             exe-1049981 [000] ..... 1636604.223323: sys_wait4(upid: 10058a, stat_addr: c0005d3bf4, options: 40000002, ru: 0)
             exe-1049981 [000] ..... 1636604.223326: sys_wait4 -> 0x10058a
             exe-1049981 [000] ..... 1636604.223328: sys_ptrace(request: 4204, pid: 10058a, addr: 1, data: c0005d3c70)
             exe-1049981 [000] ..... 1636604.223331: sys_ptrace -> 0x0
             exe-1049981 [000] ..... 1636604.223332: sys_ptrace(request: 4204, pid: 10058a, addr: 202, data: c0005d3c70)
             exe-1049981 [000] ..... 1636604.223335: sys_ptrace -> 0x0
           <...>-1049673 [003] ..... 1636604.223341: sys_nanosleep -> 0x0
           <...>-1049673 [003] ..... 1636604.223346: sys_nanosleep(rqtp: c000069f10, rmtp: 0)
             exe-1049981 [000] ..... 1636604.223358: sys_ptrace(request: 4205, pid: 10058a, addr: 1, data: c0005d3c70)
             exe-1049981 [000] ..... 1636604.223360: sys_ptrace -> 0x0
             exe-1049981 [000] ..... 1636604.223361: sys_ptrace(request: 4205, pid: 10058a, addr: 202, data: c0005d3c70)
             exe-1049981 [000] ..... 1636604.223371: sys_ptrace -> 0x0
             exe-1049567 [003] ..... 1636604.223372: sys_nanosleep -> 0x0
             exe-1049981 [000] ..... 1636604.223373: sys_ptrace(request: 1f, pid: 10058a, addr: 0, data: 0)
             exe-1049567 [003] ..... 1636604.223377: sys_nanosleep(rqtp: c000069f10, rmtp: 0)
             exe-1049981 [000] .N... 1636604.223379: sys_ptrace -> 0x0
             exe-1049994 [000] ..... 1636604.223388: sys_setns -> 0xffffffffffffffa1
             exe-1049981 [000] ..... 1636604.223404: sys_wait4(upid: 10058a, stat_addr: c0005d3bf4, options: 40000002, ru: 0)
             exe-1049981 [000] ..... 1636604.223407: sys_wait4 -> 0x10058a
             exe-1049981 [000] ..... 1636604.223409: sys_ptrace(request: 4204, pid: 10058a, addr: 1, data: c0005d3c70)
             exe-1049981 [000] ..... 1636604.223412: sys_ptrace -> 0x0
             exe-1049981 [000] ..... 1636604.223413: sys_ptrace(request: 4204, pid: 10058a, addr: 202, data: c0005d3c70)
             exe-1049981 [000] ..... 1636604.223415: sys_ptrace -> 0x0
             exe-1049981 [000] ..... 1636604.223423: sys_pwrite64(fd: 63, buf: 7fd66e1ec080, count: 24, pos: 26)
             exe-1049981 [000] ..... 1636604.223425: tracing_mark_write: setns(fd=250, nstype=0x40000000) end
             exe-1049981 [000] ..... 1636604.296977: tracing_mark_write: setns(fd=250, nstype=0x40000000) start
             exe-1049981 [000] ..... 1636604.296979: sys_pwrite64 -> 0x26
             exe-1049981 [000] ..... 1636604.296986: sys_ptrace(request: 4205, pid: 10058a, addr: 1, data: c0005d3c70)
             exe-1049981 [000] ..... 1636604.296988: sys_ptrace -> 0x0
             exe-1049981 [000] ..... 1636604.296990: sys_ptrace(request: 4205, pid: 10058a, addr: 202, data: c0005d3c70)
             exe-1049673 [003] ..... 1636604.297017: sys_nanosleep -> 0x0
             exe-1049673 [003] ..... 1636604.297019: sys_nanosleep(rqtp: c000069f10, rmtp: 0)
             exe-1049981 [000] ..... 1636604.297063: sys_ptrace -> 0x0
             exe-1049981 [000] ..... 1636604.297068: sys_ptrace(request: 1f, pid: 10058a, addr: 0, data: 0)
             exe-1049981 [000] .N... 1636604.297075: sys_ptrace -> 0x0
             exe-1049994 [000] ..... 1636604.297086: sys_write -> 0x26
             exe-1049981 [000] ..... 1636604.297131: sys_wait4(upid: 10058a, stat_addr: c0005d3bf4, options: 40000002, ru: 0)
             exe-1049981 [000] .N... 1636604.297134: sys_wait4 -> 0x10058a
             exe-1049981 [000] ..... 1636604.297176: sys_ptrace(request: 4204, pid: 10058a, addr: 1, data: c0005d3c70)
             exe-1049981 [000] ..... 1636604.297181: sys_ptrace -> 0x0
             exe-1049981 [000] ..... 1636604.297182: sys_ptrace(request: 4204, pid: 10058a, addr: 202, data: c0005d3c70)
             exe-1049981 [000] ..... 1636604.297185: sys_ptrace -> 0x0
             exe-1049981 [000] ..... 1636604.297209: sys_ptrace(request: 4205, pid: 10058a, addr: 1, data: c0005d3c70)
             exe-1049981 [000] ..... 1636604.297211: sys_ptrace -> 0x0
             exe-1049981 [000] ..... 1636604.297213: sys_ptrace(request: 4205, pid: 10058a, addr: 202, data: c0005d3c70)
             exe-1049981 [000] ..... 1636604.297284: sys_ptrace -> 0x0
             exe-1049981 [000] ..... 1636604.297288: sys_ptrace(request: 1f, pid: 10058a, addr: 0, data: 0)
             exe-1049981 [000] .N... 1636604.297295: sys_ptrace -> 0x0
             exe-1049994 [000] ..... 1636604.297307: sys_setns -> 0xffffffffffffffa1
             exe-1049981 [000] ..... 1636604.297328: sys_wait4(upid: 10058a, stat_addr: c0005d3bf4, options: 40000002, ru: 0)
             exe-1049981 [000] ..... 1636604.297330: sys_wait4 -> 0x10058a
             exe-1049981 [000] ..... 1636604.297333: sys_ptrace(request: 4204, pid: 10058a, addr: 1, data: c0005d3c70)
             exe-1049981 [000] .N... 1636604.297360: sys_ptrace -> 0x0
             exe-1049981 [000] ..... 1636604.297401: sys_ptrace(request: 4204, pid: 10058a, addr: 202, data: c0005d3c70)
             exe-1049981 [000] ..... 1636604.297406: sys_ptrace -> 0x0
             exe-1049673 [003] ..... 1636604.297410: sys_nanosleep -> 0x0
             exe-1049673 [003] ..... 1636604.297412: sys_nanosleep(rqtp: c000069f10, rmtp: 0)
