             exe-1050232 [000] ..... 1636741.335872: sys_wait4(upid: 100706, stat_addr: c000a29bf4, options: 40000002, ru: 0)
             exe-1050232 [000] ..... 1636741.335875: sys_wait4 -> 0x100706
             exe-1050232 [000] ..... 1636741.335877: sys_ptrace(request: 4204, pid: 100706, addr: 1, data: c000a29c70)
             exe-1050232 [000] ..... 1636741.335881: sys_ptrace -> 0x0
             exe-1050232 [000] ..... 1636741.335883: sys_ptrace(request: 4204, pid: 100706, addr: 202, data: c000a29c70)
             exe-1050232 [000] ..... 1636741.335885: sys_ptrace -> 0x0
             exe-1050232 [000] ..... 1636741.335893: sys_ptrace(request: 4205, pid: 100706, addr: 1, data: c000a29c70)
             exe-1050232 [000] ..... 1636741.335896: sys_ptrace -> 0x0
             exe-1050232 [000] ..... 1636741.335897: sys_ptrace(request: 4205, pid: 100706, addr: 202, data: c000a29c70)
             exe-1050232 [000] ..... 1636741.335906: sys_ptrace -> 0x0
             exe-1050232 [000] ..... 1636741.335908: sys_ptrace(request: 1f, pid: 100706, addr: 0, data: 0)
             exe-1050232 [000] .N... 1636741.335914: sys_ptrace -> 0x0
             exe-1050374 [000] ..... 1636741.335924: sys_shutdown -> 0xffffffffffffffa8
             exe-1049673 [003] ..... 1636741.335938: sys_nanosleep -> 0x0
             exe-1050232 [000] ..... 1636741.335942: sys_wait4(upid: 100706, stat_addr: c000a29bf4, options: 40000002, ru: 0)
             exe-1049673 [003] ..... 1636741.335944: sys_futex(uaddr: 1f09dc0, op: 80, val: 0, utime: c000069eb0, uaddr2: 0, val3: 0)
             exe-1050232 [000] ..... 1636741.335945: sys_wait4 -> 0x100706
             exe-1050232 [000] ..... 1636741.335947: sys_ptrace(request: 4204, pid: 100706, addr: 1, data: c000a29c70)
             exe-1050232 [000] ..... 1636741.335950: sys_ptrace -> 0x0
             exe-1050232 [000] ..... 1636741.335952: sys_ptrace(request: 4204, pid: 100706, addr: 202, data: c000a29c70)
             exe-1050232 [000] ..... 1636741.335954: sys_ptrace -> 0x0
             exe-1049567 [003] ..... 1636741.335958: sys_nanosleep -> 0x0
             exe-1049567 [003] ..... 1636741.335962: sys_nanosleep(rqtp: c000069f10, rmtp: 0)
             exe-1050232 [000] ..... 1636741.335963: sys_pwrite64(fd: 63, buf: 7fd66e20f080, count: 1e, pos: 20)
             exe-1050232 [000] ..... 1636741.335964: tracing_mark_write: shutdown(fd=275, how=0x35) end
             exe-1050232 [000] ..... 1636741.402334: tracing_mark_write: shutdown(fd=275, how=0x35) start
             exe-1050232 [000] ..... 1636741.402336: sys_pwrite64 -> 0x20
             exe-1049673 [002] ..... 1636741.402346: sys_nanosleep -> 0x0
             exe-1049673 [002] ..... 1636741.402349: sys_nanosleep(rqtp: c000069f10, rmtp: 0)
             exe-1049567 [003] ..... 1636741.402364: sys_nanosleep -> 0x0
             exe-1049567 [003] ..... 1636741.402371: sys_nanosleep(rqtp: c000069f10, rmtp: 0)
             exe-1050232 [000] ..... 1636741.402399: sys_ptrace(request: 4205, pid: 100706, addr: 1, data: c000a29c70)
             exe-1050232 [000] ..... 1636741.402404: sys_ptrace -> 0x0
             exe-1050232 [000] ..... 1636741.402405: sys_ptrace(request: 4205, pid: 100706, addr: 202, data: c000a29c70)
             exe-1050232 [000] ..... 1636741.402417: sys_ptrace -> 0x0
             exe-1050232 [000] ..... 1636741.402419: sys_ptrace(request: 1f, pid: 100706, addr: 0, data: 0)
             exe-1050232 [000] .N... 1636741.402426: sys_ptrace -> 0x0
             exe-1050374 [000] ..... 1636741.402439: sys_write -> 0x20
             exe-1049567 [003] ..... 1636741.402445: sys_nanosleep -> 0x0
             exe-1049567 [003] ..... 1636741.402451: sys_nanosleep(rqtp: c000069f10, rmtp: 0)
             exe-1050232 [000] ..... 1636741.402462: sys_wait4(upid: 100706, stat_addr: c000a29bf4, options: 40000002, ru: 0)
             exe-1050232 [000] ..... 1636741.402465: sys_wait4 -> 0x100706
             exe-1049673 [002] ..... 1636741.402465: sys_nanosleep -> 0x0
             exe-1050232 [000] ..... 1636741.402468: sys_ptrace(request: 4204, pid: 100706, addr: 1, data: c000a29c70)
             exe-1049673 [002] ..... 1636741.402471: sys_nanosleep(rqtp: c000069f10, rmtp: 0)
             exe-1050232 [000] ..... 1636741.402472: sys_ptrace -> 0x0
             exe-1050232 [000] ..... 1636741.402474: sys_ptrace(request: 4204, pid: 100706, addr: 202, data: c000a29c70)
             exe-1050232 [000] ..... 1636741.402476: sys_ptrace -> 0x0
             exe-1050232 [000] ..... 1636741.402485: sys_ptrace(request: 4205, pid: 100706, addr: 1, data: c000a29c70)
             exe-1050232 [000] ..... 1636741.402487: sys_ptrace -> 0x0
             exe-1050232 [000] ..... 1636741.402489: sys_ptrace(request: 4205, pid: 100706, addr: 202, data: c000a29c70)
             exe-1050232 [000] ..... 1636741.402502: sys_ptrace -> 0x0
             exe-1050232 [000] ..... 1636741.402503: sys_ptrace(request: 1f, pid: 100706, addr: 0, data: 0)
             exe-1050232 [000] .N... 1636741.402512: sys_ptrace -> 0x0
             exe-1050374 [000] ..... 1636741.402522: sys_shutdown -> 0xffffffffffffffa8
             exe-1050232 [000] ..... 1636741.402542: sys_wait4(upid: 100706, stat_addr: c000a29bf4, options: 40000002, ru: 0)
             exe-1050232 [000] ..... 1636741.402545: sys_wait4 -> 0x100706
             exe-1050232 [000] ..... 1636741.402547: sys_ptrace(request: 4204, pid: 100706, addr: 1, data: c000a29c70)
             exe-1050232 [000] ..... 1636741.402551: sys_ptrace -> 0x0
             exe-1050232 [000] ..... 1636741.402552: sys_ptrace(request: 4204, pid: 100706, addr: 202, data: c000a29c70)
             exe-1050232 [000] ..... 1636741.402555: sys_ptrace -> 0x0
             exe-1050232 [000] ..... 1636741.402564: sys_pwrite64(fd: 63, buf: 7fd66e20f080, count: 1e, pos: 20)
             exe-1050232 [000] ..... 1636741.402566: tracing_mark_write: shutdown(fd=275, how=0x35) end
             exe-1050232 [000] ..... 1636741.470939: tracing_mark_write: shutdown(fd=277, how=0x35) start
             exe-1050232 [000] ..... 1636741.470940: sys_pwrite64 -> 0x20
             exe-1049673 [002] ..... 1636741.470941: sys_nanosleep -> 0x0
             exe-1049673 [002] ..... 1636741.470943: sys_nanosleep(rqtp: c000069f10, rmtp: 0)
             exe-1050232 [000] ..... 1636741.470946: sys_ptrace(request: 4205, pid: 100706, addr: 1, data: c000a29c70)
             exe-1050232 [000] ..... 1636741.470948: sys_ptrace -> 0x0
             exe-1050232 [000] ..... 1636741.470950: sys_ptrace(request: 4205, pid: 100706, addr: 202, data: c000a29c70)
             exe-1049567 [003] ..... 1636741.470957: sys_nanosleep -> 0x0
             exe-1049567 [003] ..... 1636741.470959: sys_nanosleep(rqtp: c000069f10, rmtp: 0)
             exe-1050232 [000] ..... 1636741.470959: sys_ptrace -> 0x0
             exe-1050232 [000] ..... 1636741.470961: sys_ptrace(request: 1f, pid: 100706, addr: 0, data: 0)
             exe-1050232 [000] .N... 1636741.470968: sys_ptrace -> 0x0
             exe-1050374 [000] ..... 1636741.470977: sys_write -> 0x20
             exe-1050232 [000] ..... 1636741.470994: sys_wait4(upid: 100706, stat_addr: c000a29bf4, options: 40000002, ru: 0)
             exe-1050232 [000] ..... 1636741.470996: sys_wait4 -> 0x100706
             exe-1050232 [000] ..... 1636741.470998: sys_ptrace(request: 4204, pid: 100706, addr: 1, data: c000a29c70)
             exe-1050232 [000] ..... 1636741.471002: sys_ptrace -> 0x0
             exe-1050232 [000] ..... 1636741.471003: sys_ptrace(request: 4204, pid: 100706, addr: 202, data: c000a29c70)
             exe-1050232 [000] ..... 1636741.471005: sys_ptrace -> 0x0
             exe-1050232 [000] ..... 1636741.471015: sys_ptrace(request: 4205, pid: 100706, addr: 1, data: c000a29c70)
             exe-1050232 [000] ..... 1636741.471017: sys_ptrace -> 0x0
             exe-1050232 [000] ..... 1636741.471019: sys_ptrace(request: 4205, pid: 100706, addr: 202, data: c000a29c70)
             exe-1050232 [000] ..... 1636741.471028: sys_ptrace -> 0x0
             exe-1050232 [000] ..... 1636741.471029: sys_ptrace(request: 1f, pid: 100706, addr: 0, data: 0)
             exe-1049673 [002] ..... 1636741.471030: sys_nanosleep -> 0x0
             exe-1049673 [002] ..... 1636741.471032: sys_nanosleep(rqtp: c000069f10, rmtp: 0)
             exe-1050232 [000] .N... 1636741.471035: sys_ptrace -> 0x0
             exe-1050374 [000] ..... 1636741.471045: sys_shutdown -> 0xffffffffffffffa8
             exe-1049567 [003] ..... 1636741.471045: sys_nanosleep -> 0x0
             exe-1049567 [003] ..... 1636741.471047: sys_nanosleep(rqtp: c000069f10, rmtp: 0)
             exe-1050232 [000] ..... 1636741.471061: sys_wait4(upid: 100706, stat_addr: c000a29bf4, options: 40000002, ru: 0)
             exe-1050232 [000] ..... 1636741.471064: sys_wait4 -> 0x100706
             exe-1050232 [000] ..... 1636741.471066: sys_ptrace(request: 4204, pid: 100706, addr: 1, data: c000a29c70)
             exe-1050232 [000] ..... 1636741.471069: sys_ptrace -> 0x0
             exe-1050232 [000] ..... 1636741.471070: sys_ptrace(request: 4204, pid: 100706, addr: 202, data: c000a29c70)
             exe-1050232 [000] ..... 1636741.471072: sys_ptrace -> 0x0
             exe-1050232 [000] ..... 1636741.471081: sys_pwrite64(fd: 63, buf: 7fd66e20f080, count: 1e, pos: 20)
             exe-1050232 [000] ..... 1636741.471083: tracing_mark_write: shutdown(fd=277, how=0x35) end
             exe-1050232 [001] ..... 1636741.534563: tracing_mark_write: shutdown(fd=277, how=0x1) start
             exe-1050232 [001] ..... 1636741.534565: sys_pwrite64 -> 0x1f
             exe-1050232 [001] ..... 1636741.534573: sys_ptrace(request: 4205, pid: 100706, addr: 1, data: c000a29c70)
             exe-1050232 [001] ..... 1636741.534576: sys_ptrace -> 0x0
             exe-1049567 [002] ..... 1636741.534620: sys_nanosleep -> 0x0
             exe-1049567 [002] ..... 1636741.534623: sys_nanosleep(rqtp: c000069f10, rmtp: 0)
             exe-1049673 [002] ..... 1636741.534639: sys_nanosleep -> 0x0
             exe-1049673 [002] ..... 1636741.534644: sys_nanosleep(rqtp: c000069f10, rmtp: 0)
             exe-1050232 [001] ..... 1636741.534649: sys_ptrace(request: 4205, pid: 100706, addr: 202, data: c000a29c70)
             exe-1050232 [001] ..... 1636741.534685: sys_ptrace -> 0x0
             exe-1050232 [001] ..... 1636741.534688: sys_ptrace(request: 1f, pid: 100706, addr: 0, data: 0)
             exe-1050374 [000] ..... 1636741.534714: sys_write -> 0x1f
             exe-1050232 [001] .N... 1636741.534718: sys_ptrace -> 0x0
             exe-1049567 [002] ..... 1636741.534727: sys_nanosleep -> 0x0
             exe-1049567 [002] ..... 1636741.534732: sys_nanosleep(rqtp: c000069f10, rmtp: 0)
             exe-1049673 [002] ..... 1636741.534755: sys_nanosleep -> 0x0
             exe-1049673 [002] ..... 1636741.534761: sys_nanosleep(rqtp: c000069f10, rmtp: 0)
             exe-1050232 [001] ..... 1636741.534763: sys_wait4(upid: 100706, stat_addr: c000a29bf4, options: 40000002, ru: 0)
             exe-1050232 [001] ..... 1636741.534766: sys_wait4 -> 0x100706
             exe-1050232 [001] ..... 1636741.534784: sys_ptrace(request: 4204, pid: 100706, addr: 1, data: c000a29c70)
             exe-1050232 [001] ..... 1636741.534789: sys_ptrace -> 0x0
             exe-1050232 [001] ..... 1636741.534791: sys_ptrace(request: 4204, pid: 100706, addr: 202, data: c000a29c70)
             exe-1050232 [001] ..... 1636741.534794: sys_ptrace -> 0x0
             exe-1050232 [001] ..... 1636741.534806: sys_ptrace(request: 4205, pid: 100706, addr: 1, data: c000a29c70)
             exe-1049673 [002] ..... 1636741.534830: sys_nanosleep -> 0x0
             exe-1049673 [002] ..... 1636741.534833: sys_nanosleep(rqtp: c000069f10, rmtp: 0)
             exe-1050232 [001] .N... 1636741.534834: sys_ptrace -> 0x0
             exe-1049567 [002] ..... 1636741.534849: sys_nanosleep -> 0x0
             exe-1049567 [002] ..... 1636741.534854: sys_nanosleep(rqtp: c000069f10, rmtp: 0)
             exe-1050232 [001] ..... 1636741.534878: sys_ptrace(request: 4205, pid: 100706, addr: 202, data: c000a29c70)
             exe-1050232 [001] ..... 1636741.534893: sys_ptrace -> 0x0
             exe-1050232 [001] ..... 1636741.534896: sys_ptrace(request: 1f, pid: 100706, addr: 0, data: 0)
             exe-1050232 [001] ..... 1636741.534911: sys_ptrace -> 0x0
             exe-1050232 [001] ..... 1636741.534914: sys_wait4(upid: 100706, stat_addr: c000a29bf4, options: 40000002, ru: 0)
             exe-1050374 [000] ..... 1636741.534922: sys_shutdown -> 0xffffffffffffffa8
             exe-1049673 [002] ..... 1636741.534936: sys_nanosleep -> 0x0
             exe-1049673 [002] ..... 1636741.534941: sys_nanosleep(rqtp: c000069f10, rmtp: 0)
             exe-1049567 [002] ..... 1636741.534964: sys_nanosleep -> 0x0
             exe-1049567 [002] ..... 1636741.534970: sys_nanosleep(rqtp: c000069f10, rmtp: 0)
             exe-1050232 [001] ..... 1636741.534993: sys_wait4 -> 0x100706
             exe-1050232 [001] ..... 1636741.534999: sys_ptrace(request: 4204, pid: 100706, addr: 1, data: c000a29c70)
             exe-1050232 [001] ..... 1636741.535004: sys_ptrace -> 0x0
             exe-1050232 [001] ..... 1636741.535006: sys_ptrace(request: 4204, pid: 100706, addr: 202, data: c000a29c70)
             exe-1050232 [001] ..... 1636741.535009: sys_ptrace -> 0x0
             exe-1050232 [001] ..... 1636741.535025: sys_pwrite64(fd: 63, buf: 7fd66e20f080, count: 1d, pos: 1f)
             exe-1050232 [001] ..... 1636741.535027: tracing_mark_write: shutdown(fd=277, how=0x1) end
             exe-1050232 [003] ..... 1636741.618098: tracing_mark_write: shutdown(fd=277, how=0x1) start
             exe-1050232 [003] ..... 1636741.618100: sys_pwrite64 -> 0x1f
             exe-1050232 [003] ..... 1636741.618106: sys_ptrace(request: 4205, pid: 100706, addr: 1, data: c000a29c70)
             exe-1050232 [003] ..... 1636741.618109: sys_ptrace -> 0x0
             exe-1050232 [003] ..... 1636741.618111: sys_ptrace(request: 4205, pid: 100706, addr: 202, data: c000a29c70)
             exe-1049567 [002] ..... 1636741.618116: sys_nanosleep -> 0x0
             exe-1049567 [002] ..... 1636741.618121: sys_nanosleep(rqtp: c000069f10, rmtp: 0)
             exe-1050232 [003] ..... 1636741.618123: sys_ptrace -> 0x0
             exe-1050232 [003] ..... 1636741.618124: sys_ptrace(request: 1f, pid: 100706, addr: 0, data: 0)
             exe-1050232 [003] .N... 1636741.618132: sys_ptrace -> 0x0
             exe-1050374 [003] ..... 1636741.618143: sys_write -> 0x1f
             exe-1050232 [003] ..... 1636741.618163: sys_wait4(upid: 100706, stat_addr: c000a29bf4, options: 40000002, ru: 0)
             exe-1050232 [003] ..... 1636741.618165: sys_wait4 -> 0x100706
             exe-1050232 [003] ..... 1636741.618168: sys_ptrace(request: 4204, pid: 100706, addr: 1, data: c000a29c70)
             exe-1050232 [003] ..... 1636741.618171: sys_ptrace -> 0x0
             exe-1050232 [003] ..... 1636741.618173: sys_ptrace(request: 4204, pid: 100706, addr: 202, data: c000a29c70)
             exe-1050232 [003] ..... 1636741.618176: sys_ptrace -> 0x0
             exe-1050232 [003] ..... 1636741.618185: sys_ptrace(request: 4205, pid: 100706, addr: 1, data: c000a29c70)
             exe-1050232 [003] ..... 1636741.618187: sys_ptrace -> 0x0
             exe-1050232 [003] ..... 1636741.618189: sys_ptrace(request: 4205, pid: 100706, addr: 202, data: c000a29c70)
             exe-1049673 [002] ..... 1636741.618197: sys_nanosleep -> 0x0
             exe-1050232 [003] ..... 1636741.618199: sys_ptrace -> 0x0
             exe-1050232 [003] ..... 1636741.618201: sys_ptrace(request: 1f, pid: 100706, addr: 0, data: 0)
             exe-1049673 [002] ..... 1636741.618203: sys_nanosleep(rqtp: c000069f10, rmtp: 0)
             exe-1050232 [003] .N... 1636741.618208: sys_ptrace -> 0x0
             exe-1050374 [003] ..... 1636741.618218: sys_shutdown -> 0xffffffffffffffa8
             exe-1049567 [002] ..... 1636741.618225: sys_nanosleep -> 0x0
             exe-1049567 [002] ..... 1636741.618230: sys_nanosleep(rqtp: c000069f10, rmtp: 0)
             exe-1050232 [003] ..... 1636741.618238: sys_wait4(upid: 100706, stat_addr: c000a29bf4, options: 40000002, ru: 0)
             exe-1050232 [003] ..... 1636741.618240: sys_wait4 -> 0x100706
             exe-1050232 [003] ..... 1636741.618242: sys_ptrace(request: 4204, pid: 100706, addr: 1, data: c000a29c70)
             exe-1050232 [003] ..... 1636741.618246: sys_ptrace -> 0x0
             exe-1050232 [003] ..... 1636741.618249: sys_ptrace(request: 4204, pid: 100706, addr: 202, data: c000a29c70)
             exe-1050232 [003] ..... 1636741.618251: sys_ptrace -> 0x0
             exe-1050232 [003] ..... 1636741.618261: sys_pwrite64(fd: 63, buf: 7fd66e20f080, count: 1d, pos: 1f)
             exe-1050232 [003] ..... 1636741.618263: tracing_mark_write: shutdown(fd=277, how=0x1) end
             exe-1050232 [003] ..... 1636741.687459: tracing_mark_write: shutdown(fd=367, how=0x1) start
             exe-1050232 [003] ..... 1636741.687462: sys_pwrite64 -> 0x1f
             exe-1050232 [003] ..... 1636741.687467: sys_ptrace(request: 4205, pid: 100706, addr: 1, data: c000a29c70)
             exe-1049567 [002] ..... 1636741.687477: sys_nanosleep -> 0x0
             exe-1050232 [003] ..... 1636741.687477: sys_ptrace -> 0x0
             exe-1050232 [003] ..... 1636741.687478: sys_ptrace(request: 4205, pid: 100706, addr: 202, data: c000a29c70)
             exe-1049567 [002] ..... 1636741.687483: sys_nanosleep(rqtp: c000069f10, rmtp: 0)
             exe-1050232 [003] ..... 1636741.687486: sys_ptrace -> 0x0
             exe-1050232 [003] ..... 1636741.687488: sys_ptrace(request: 1f, pid: 100706, addr: 0, data: 0)
             exe-1050232 [003] ..... 1636741.687494: sys_ptrace -> 0x0
             exe-1050232 [003] ..... 1636741.687495: sys_wait4(upid: 100706, stat_addr: c000a29bf4, options: 40000002, ru: 0)
             exe-1050374 [002] ..... 1636741.687509: sys_write -> 0x1f
             exe-1050232 [003] ..... 1636741.687539: sys_wait4 -> 0x100706
             exe-1050232 [003] ..... 1636741.687541: sys_ptrace(request: 4204, pid: 100706, addr: 1, data: c000a29c70)
             exe-1049673 [002] ..... 1636741.687564: sys_nanosleep -> 0x0
             exe-1050232 [003] ..... 1636741.687564: sys_ptrace -> 0x0
             exe-1050232 [003] ..... 1636741.687565: sys_ptrace(request: 4204, pid: 100706, addr: 202, data: c000a29c70)
             exe-1050232 [003] ..... 1636741.687568: sys_ptrace -> 0x0
             exe-1049673 [002] ..... 1636741.687570: sys_nanosleep(rqtp: c000069f10, rmtp: 0)
             exe-1049567 [002] ..... 1636741.687596: sys_nanosleep -> 0x0
             exe-1050232 [003] ..... 1636741.687598: sys_ptrace(request: 4205, pid: 100706, addr: 1, data: c000a29c70)
             exe-1050232 [003] ..... 1636741.687601: sys_ptrace -> 0x0
             exe-1049567 [002] ..... 1636741.687602: sys_nanosleep(rqtp: c000069f10, rmtp: 0)
             exe-1050232 [003] ..... 1636741.687603: sys_ptrace(request: 4205, pid: 100706, addr: 202, data: c000a29c70)
             exe-1050232 [003] ..... 1636741.687611: sys_ptrace -> 0x0
             exe-1050232 [003] ..... 1636741.687613: sys_ptrace(request: 1f, pid: 100706, addr: 0, data: 0)
             exe-1050232 [003] ..... 1636741.687619: sys_ptrace -> 0x0
             exe-1050232 [003] ..... 1636741.687621: sys_wait4(upid: 100706, stat_addr: c000a29bf4, options: 40000002, ru: 0)
             exe-1050374 [002] ..... 1636741.687639: sys_shutdown -> 0xffffffffffffffa8
             exe-1050232 [003] ..... 1636741.687695: sys_wait4 -> 0x100706
             exe-1050232 [003] ..... 1636741.687698: sys_ptrace(request: 4204, pid: 100706, addr: 1, data: c000a29c70)
             exe-1049673 [002] ..... 1636741.687698: sys_nanosleep -> 0x0
             exe-1050232 [003] ..... 1636741.687700: sys_ptrace -> 0x0
             exe-1050232 [003] ..... 1636741.687702: sys_ptrace(request: 4204, pid: 100706, addr: 202, data: c000a29c70)
             exe-1049673 [002] ..... 1636741.687704: sys_nanosleep(rqtp: c000069f10, rmtp: 0)
             exe-1050232 [003] ..... 1636741.687704: sys_ptrace -> 0x0
             exe-1050232 [003] ..... 1636741.687711: sys_pwrite64(fd: 63, buf: 7fd66e20f080, count: 1d, pos: 1f)
             exe-1050232 [003] ..... 1636741.687712: tracing_mark_write: shutdown(fd=367, how=0x1) end
             exe-1050232 [000] ..... 1636741.752660: tracing_mark_write: shutdown(fd=367, how=0x1) start
             exe-1050232 [000] ..... 1636741.752661: sys_pwrite64 -> 0x1f
             exe-1050232 [000] ..... 1636741.752666: sys_ptrace(request: 4205, pid: 100706, addr: 1, data: c000a29c70)
             exe-1049567 [002] ..... 1636741.752675: sys_nanosleep -> 0x0
             exe-1050232 [000] ..... 1636741.752675: sys_ptrace -> 0x0
             exe-1050232 [000] ..... 1636741.752677: sys_ptrace(request: 4205, pid: 100706, addr: 202, data: c000a29c70)
             exe-1049567 [002] ..... 1636741.752681: sys_nanosleep(rqtp: c000069f10, rmtp: 0)
             exe-1050232 [000] ..... 1636741.752685: sys_ptrace -> 0x0
             exe-1050232 [000] ..... 1636741.752687: sys_ptrace(request: 1f, pid: 100706, addr: 0, data: 0)
             exe-1050232 [000] ..... 1636741.752693: sys_ptrace -> 0x0
             exe-1050232 [000] ..... 1636741.752695: sys_wait4(upid: 100706, stat_addr: c000a29bf4, options: 40000002, ru: 0)
             exe-1050374 [002] ..... 1636741.752709: sys_write -> 0x1f
             exe-1050232 [000] ..... 1636741.752731: sys_wait4 -> 0x100706
             exe-1050232 [000] ..... 1636741.752733: sys_ptrace(request: 4204, pid: 100706, addr: 1, data: c000a29c70)
             exe-1050232 [000] ..... 1636741.752736: sys_ptrace -> 0x0
             exe-1050232 [000] ..... 1636741.752737: sys_ptrace(request: 4204, pid: 100706, addr: 202, data: c000a29c70)
             exe-1050232 [000] ..... 1636741.752739: sys_ptrace -> 0x0
             exe-1050232 [000] ..... 1636741.752746: sys_ptrace(request: 4205, pid: 100706, addr: 1, data: c000a29c70)
             exe-1050232 [000] ..... 1636741.752748: sys_ptrace -> 0x0
             exe-1050232 [000] ..... 1636741.752750: sys_ptrace(request: 4205, pid: 100706, addr: 202, data: c000a29c70)
             exe-1050232 [000] ..... 1636741.752756: sys_ptrace -> 0x0
             exe-1050232 [000] ..... 1636741.752758: sys_ptrace(request: 1f, pid: 100706, addr: 0, data: 0)
             exe-1050232 [000] ..... 1636741.752764: sys_ptrace -> 0x0
             exe-1050232 [000] ..... 1636741.752766: sys_wait4(upid: 100706, stat_addr: c000a29bf4, options: 40000002, ru: 0)
             exe-1050374 [002] ..... 1636741.752771: sys_shutdown -> 0xffffffffffffffa8
             exe-1050232 [000] ..... 1636741.752786: sys_wait4 -> 0x100706
             exe-1050232 [000] ..... 1636741.752788: sys_ptrace(request: 4204, pid: 100706, addr: 1, data: c000a29c70)
             exe-1050232 [000] ..... 1636741.752792: sys_ptrace -> 0x0
             exe-1049673 [002] ..... 1636741.752792: sys_nanosleep -> 0x0
             exe-1050232 [000] ..... 1636741.752793: sys_ptrace(request: 4204, pid: 100706, addr: 202, data: c000a29c70)
             exe-1050232 [000] ..... 1636741.752795: sys_ptrace -> 0x0
             exe-1049673 [002] ..... 1636741.752798: sys_nanosleep(rqtp: c000069f10, rmtp: 0)
             exe-1050232 [000] ..... 1636741.752801: sys_pwrite64(fd: 63, buf: 7fd66e20f080, count: 1d, pos: 1f)
             exe-1050232 [000] ..... 1636741.752802: tracing_mark_write: shutdown(fd=367, how=0x1) end
             exe-1050232 [003] ..... 1636741.814019: tracing_mark_write: shutdown(fd=38, how=0x1) start
             exe-1049702 [002] ..... 1636741.814019: sys_futex -> 0x0
             exe-1050232 [003] ..... 1636741.814020: sys_pwrite64 -> 0x1e
             exe-1050232 [003] ..... 1636741.814025: sys_ptrace(request: 4205, pid: 100706, addr: 1, data: c000a29c70)
             exe-1049702 [002] ..... 1636741.814025: sys_futex(uaddr: c000303548, op: 80, val: 0, utime: 0, uaddr2: 0, val3: 0)
             exe-1050232 [003] ..... 1636741.814027: sys_ptrace -> 0x0
             exe-1050232 [003] ..... 1636741.814029: sys_ptrace(request: 4205, pid: 100706, addr: 202, data: c000a29c70)
             exe-1049673 [002] ..... 1636741.814032: sys_nanosleep(rqtp: c000069f10, rmtp: 0)
             exe-1050232 [003] ..... 1636741.814036: sys_ptrace -> 0x0
             exe-1050232 [003] ..... 1636741.814038: sys_ptrace(request: 1f, pid: 100706, addr: 0, data: 0)
             exe-1050232 [003] ..... 1636741.814045: sys_ptrace -> 0x0
             exe-1050232 [003] ..... 1636741.814047: sys_wait4(upid: 100706, stat_addr: c000a29bf4, options: 40000002, ru: 0)
             exe-1050374 [002] ..... 1636741.814059: sys_write -> 0x1e
             exe-1049567 [003] ..... 1636741.814084: sys_nanosleep -> 0x0
             exe-1049567 [003] ..... 1636741.814086: sys_nanosleep(rqtp: c000069f10, rmtp: 0)
             exe-1050232 [003] ..... 1636741.814096: sys_wait4 -> 0x100706
             exe-1050232 [003] ..... 1636741.814098: sys_ptrace(request: 4204, pid: 100706, addr: 1, data: c000a29c70)
             exe-1050232 [003] ..... 1636741.814101: sys_ptrace -> 0x0
             exe-1050232 [003] ..... 1636741.814102: sys_ptrace(request: 4204, pid: 100706, addr: 202, data: c000a29c70)
             exe-1050232 [003] ..... 1636741.814104: sys_ptrace -> 0x0
             exe-1049673 [002] ..... 1636741.814132: sys_nanosleep -> 0x0
             exe-1049673 [002] ..... 1636741.814138: sys_futex(uaddr: 1f09dc0, op: 80, val: 0, utime: c000069eb0, uaddr2: 0, val3: 0)
             exe-1050232 [003] ..... 1636741.814154: sys_ptrace(request: 4205, pid: 100706, addr: 1, data: c000a29c70)
             exe-1050232 [003] ..... 1636741.814157: sys_ptrace -> 0x0
             exe-1050232 [003] ..... 1636741.814177: sys_ptrace(request: 4205, pid: 100706, addr: 202, data: c000a29c70)
             exe-1050232 [003] ..... 1636741.814186: sys_ptrace -> 0x0
             exe-1050232 [003] ..... 1636741.814188: sys_ptrace(request: 1f, pid: 100706, addr: 0, data: 0)
             exe-1050232 [003] ..... 1636741.814194: sys_ptrace -> 0x0
             exe-1050232 [003] ..... 1636741.814196: sys_wait4(upid: 100706, stat_addr: c000a29bf4, options: 40000002, ru: 0)
             exe-1049567 [003] ..... 1636741.814201: sys_nanosleep -> 0x0
             exe-1049567 [003] ..... 1636741.814204: sys_nanosleep(rqtp: c000069f10, rmtp: 0)
             exe-1050374 [002] ..... 1636741.814210: sys_shutdown -> 0xffffffffffffffa8
             exe-1050232 [003] ..... 1636741.814229: sys_wait4 -> 0x100706
             exe-1050232 [003] ..... 1636741.814232: sys_ptrace(request: 4204, pid: 100706, addr: 1, data: c000a29c70)
             exe-1050232 [003] ..... 1636741.814235: sys_ptrace -> 0x0
             exe-1050232 [003] ..... 1636741.814236: sys_ptrace(request: 4204, pid: 100706, addr: 202, data: c000a29c70)
             exe-1050232 [003] ..... 1636741.814238: sys_ptrace -> 0x0
             exe-1050232 [003] ..... 1636741.814247: sys_pwrite64(fd: 63, buf: 7fd66e20f080, count: 1c, pos: 1e)
             exe-1050232 [003] ..... 1636741.814248: tracing_mark_write: shutdown(fd=38, how=0x1) end
             exe-1049981 [002] ..... 1636741.878545: tracing_mark_write: shutdown(fd=38, how=0x1) start
             exe-1049981 [002] ..... 1636741.878547: sys_pwrite64 -> 0x1e
             exe-1049981 [002] ..... 1636741.878554: sys_ptrace(request: 4205, pid: 1005d9, addr: 1, data: c000a29c70)
             exe-1049981 [002] ..... 1636741.878557: sys_ptrace -> 0x0
             exe-1049981 [002] ..... 1636741.878558: sys_ptrace(request: 4205, pid: 1005d9, addr: 202, data: c000a29c70)
             exe-1049981 [002] ..... 1636741.878570: sys_ptrace -> 0x0
             exe-1049981 [002] ..... 1636741.878572: sys_ptrace(request: 1f, pid: 1005d9, addr: 0, data: 0)
             exe-1049981 [002] ..... 1636741.878580: sys_ptrace -> 0x0
             exe-1049981 [002] ..... 1636741.878583: sys_wait4(upid: 1005d9, stat_addr: c000a29bf4, options: 40000002, ru: 0)
             exe-1050073 [003] ..... 1636741.878597: sys_write -> 0x1e
             exe-1049673 [002] ..... 1636741.878609: sys_futex(uaddr: c000303548, op: 81, val: 1, utime: 0, uaddr2: 0, val3: 0)
             exe-1049673 [002] .N... 1636741.878618: sys_futex -> 0x1
             exe-1049702 [002] ..... 1636741.878622: sys_futex -> 0x0
             exe-1049702 [002] ..... 1636741.878628: sys_futex(uaddr: c000303548, op: 80, val: 0, utime: 0, uaddr2: 0, val3: 0)
             exe-1049567 [003] ..... 1636741.878644: sys_nanosleep -> 0x0
             exe-1049981 [002] ..... 1636741.878647: sys_wait4 -> 0x1005d9
             exe-1049567 [003] ..... 1636741.878649: sys_nanosleep(rqtp: c000069f10, rmtp: 0)
             exe-1049981 [002] ..... 1636741.878652: sys_ptrace(request: 4204, pid: 1005d9, addr: 1, data: c000a29c70)
             exe-1049981 [002] ..... 1636741.878656: sys_ptrace -> 0x0
             exe-1049981 [002] ..... 1636741.878658: sys_ptrace(request: 4204, pid: 1005d9, addr: 202, data: c000a29c70)
             exe-1049981 [002] ..... 1636741.878687: sys_ptrace -> 0x0
             exe-1049981 [002] ..... 1636741.878697: sys_ptrace(request: 4205, pid: 1005d9, addr: 1, data: c000a29c70)
             exe-1049981 [002] ..... 1636741.878700: sys_ptrace -> 0x0
             exe-1049981 [002] ..... 1636741.878702: sys_ptrace(request: 4205, pid: 1005d9, addr: 202, data: c000a29c70)
             exe-1049981 [002] ..... 1636741.878714: sys_ptrace -> 0x0
             exe-1049981 [002] ..... 1636741.878715: sys_ptrace(request: 1f, pid: 1005d9, addr: 0, data: 0)
             exe-1049981 [002] ..... 1636741.878724: sys_ptrace -> 0x0
             exe-1049981 [002] ..... 1636741.878727: sys_wait4(upid: 1005d9, stat_addr: c000a29bf4, options: 40000002, ru: 0)
             exe-1049673 [002] ..... 1636741.878749: sys_nanosleep(rqtp: c000069f10, rmtp: 0)
             exe-1050073 [003] ..... 1636741.878760: sys_shutdown -> 0xffffffffffffffa8
             exe-1049567 [003] ..... 1636741.878787: sys_nanosleep -> 0x0
             exe-1049981 [002] ..... 1636741.878792: sys_wait4 -> 0x1005d9
             exe-1049567 [003] ..... 1636741.878793: sys_nanosleep(rqtp: c000069f10, rmtp: 0)
             exe-1049981 [002] ..... 1636741.878799: sys_ptrace(request: 4204, pid: 1005d9, addr: 1, data: c000a29c70)
             exe-1049981 [002] ..... 1636741.878804: sys_ptrace -> 0x0
             exe-1049981 [002] ..... 1636741.878806: sys_ptrace(request: 4204, pid: 1005d9, addr: 202, data: c000a29c70)
             exe-1049981 [002] ..... 1636741.878811: sys_ptrace -> 0x0
             exe-1049981 [002] ..... 1636741.878858: sys_pwrite64(fd: 63, buf: 7fd66e20f080, count: 1c, pos: 1e)
             exe-1049981 [002] ..... 1636741.878860: tracing_mark_write: shutdown(fd=38, how=0x1) end
             exe-1049981 [003] ..... 1636741.956213: tracing_mark_write: shutdown(fd=38, how=0x1) start
             exe-1049981 [003] ..... 1636741.956215: sys_pwrite64 -> 0x1e
             exe-1049981 [003] ..... 1636741.956222: sys_ptrace(request: 4205, pid: 1005d9, addr: 1, data: c000a29c70)
             exe-1049981 [003] ..... 1636741.956225: sys_ptrace -> 0x0
             exe-1049981 [003] ..... 1636741.956226: sys_ptrace(request: 4205, pid: 1005d9, addr: 202, data: c000a29c70)
             exe-1049981 [003] ..... 1636741.956238: sys_ptrace -> 0x0
             exe-1049981 [003] ..... 1636741.956240: sys_ptrace(request: 1f, pid: 1005d9, addr: 0, data: 0)
             exe-1049981 [003] .N... 1636741.956248: sys_ptrace -> 0x0
             exe-1050073 [003] ..... 1636741.956260: sys_write -> 0x1e
             exe-1049567 [003] ..... 1636741.956310: sys_nanosleep -> 0x0
             exe-1049567 [003] ..... 1636741.956316: sys_nanosleep(rqtp: c000069f10, rmtp: 0)
             exe-1049981 [003] ..... 1636741.956331: sys_wait4(upid: 1005d9, stat_addr: c000a29bf4, options: 40000002, ru: 0)
             exe-1049981 [003] ..... 1636741.956333: sys_wait4 -> 0x1005d9
             exe-1049981 [003] ..... 1636741.956335: sys_ptrace(request: 4204, pid: 1005d9, addr: 1, data: c000a29c70)
             exe-1049981 [003] ..... 1636741.956340: sys_ptrace -> 0x0
             exe-1049981 [003] ..... 1636741.956341: sys_ptrace(request: 4204, pid: 1005d9, addr: 202, data: c000a29c70)
             exe-1049981 [003] ..... 1636741.956344: sys_ptrace -> 0x0
             exe-1049981 [003] ..... 1636741.956355: sys_ptrace(request: 4205, pid: 1005d9, addr: 1, data: c000a29c70)
             exe-1049981 [003] ..... 1636741.956357: sys_ptrace -> 0x0
             exe-1049981 [003] ..... 1636741.956359: sys_ptrace(request: 4205, pid: 1005d9, addr: 202, data: c000a29c70)
             exe-1049981 [003] ..... 1636741.956375: sys_ptrace -> 0x0
             exe-1049981 [003] ..... 1636741.956377: sys_ptrace(request: 1f, pid: 1005d9, addr: 0, data: 0)
             exe-1049981 [003] .N... 1636741.956381: sys_ptrace -> 0x0
             exe-1050073 [003] ..... 1636741.956391: sys_shutdown -> 0xffffffffffffffa8
             exe-1049981 [003] ..... 1636741.956413: sys_wait4(upid: 1005d9, stat_addr: c000a29bf4, options: 40000002, ru: 0)
             exe-1049981 [003] ..... 1636741.956416: sys_wait4 -> 0x1005d9
             exe-1049981 [003] ..... 1636741.956418: sys_ptrace(request: 4204, pid: 1005d9, addr: 1, data: c000a29c70)
             exe-1049981 [003] ..... 1636741.956422: sys_ptrace -> 0x0
             exe-1049981 [003] ..... 1636741.956423: sys_ptrace(request: 4204, pid: 1005d9, addr: 202, data: c000a29c70)
             exe-1049981 [003] ..... 1636741.956426: sys_ptrace -> 0x0
             exe-1049981 [003] ..... 1636741.956440: sys_pwrite64(fd: 63, buf: 7fd66e20f080, count: 1c, pos: 1e)
             exe-1049981 [003] ..... 1636741.956442: tracing_mark_write: shutdown(fd=38, how=0x1) end
             exe-1049981 [002] ..... 1636742.024027: tracing_mark_write: shutdown(fd=19, how=0x1) start
             exe-1049981 [002] ..... 1636742.024029: sys_pwrite64 -> 0x1e
             exe-1049567 [003] ..... 1636742.024080: sys_nanosleep -> 0x0
             exe-1049567 [003] ..... 1636742.024086: sys_nanosleep(rqtp: c000069f10, rmtp: 0)
             exe-1049673 [003] ..... 1636742.024109: sys_nanosleep -> 0x0
             exe-1049673 [003] ..... 1636742.024115: sys_nanosleep(rqtp: c000069f10, rmtp: 0)
             exe-1049981 [002] ..... 1636742.024136: sys_ptrace(request: 4205, pid: 1005d9, addr: 1, data: c000a29c70)
             exe-1049981 [002] ..... 1636742.024141: sys_ptrace -> 0x0
             exe-1049981 [002] ..... 1636742.024143: sys_ptrace(request: 4205, pid: 1005d9, addr: 202, data: c000a29c70)
             exe-1049981 [002] ..... 1636742.024155: sys_ptrace -> 0x0
             exe-1049981 [002] ..... 1636742.024157: sys_ptrace(request: 1f, pid: 1005d9, addr: 0, data: 0)
             exe-1049981 [002] ..... 1636742.024167: sys_ptrace -> 0x0
             exe-1049981 [002] ..... 1636742.024170: sys_wait4(upid: 1005d9, stat_addr: c000a29bf4, options: 40000002, ru: 0)
             exe-1050073 [003] ..... 1636742.024184: sys_write -> 0x1e
             exe-1049567 [003] ..... 1636742.024251: sys_nanosleep -> 0x0
             exe-1049567 [003] ..... 1636742.024257: sys_nanosleep(rqtp: c000069f10, rmtp: 0)
             exe-1049673 [003] ..... 1636742.024285: sys_nanosleep -> 0x0
             exe-1049673 [003] ..... 1636742.024291: sys_nanosleep(rqtp: c000069f10, rmtp: 0)
             exe-1049981 [002] ..... 1636742.024301: sys_wait4 -> 0x1005d9
             exe-1049981 [002] ..... 1636742.024307: sys_ptrace(request: 4204, pid: 1005d9, addr: 1, data: c000a29c70)
             exe-1049981 [002] ..... 1636742.024312: sys_ptrace -> 0x0
             exe-1049981 [002] ..... 1636742.024313: sys_ptrace(request: 4204, pid: 1005d9, addr: 202, data: c000a29c70)
             exe-1049981 [002] ..... 1636742.024316: sys_ptrace -> 0x0
             exe-1049981 [002] ..... 1636742.024356: sys_ptrace(request: 4205, pid: 1005d9, addr: 1, data: c000a29c70)
             exe-1049981 [002] ..... 1636742.024359: sys_ptrace -> 0x0
             exe-1049981 [002] ..... 1636742.024361: sys_ptrace(request: 4205, pid: 1005d9, addr: 202, data: c000a29c70)
             exe-1049981 [002] ..... 1636742.024373: sys_ptrace -> 0x0
             exe-1049981 [002] ..... 1636742.024375: sys_ptrace(request: 1f, pid: 1005d9, addr: 0, data: 0)
             exe-1049981 [002] ..... 1636742.024383: sys_ptrace -> 0x0
             exe-1049981 [002] ..... 1636742.024386: sys_wait4(upid: 1005d9, stat_addr: c000a29bf4, options: 40000002, ru: 0)
             exe-1050073 [003] ..... 1636742.024414: sys_shutdown -> 0xffffffffffffffa8
             exe-1049981 [002] ..... 1636742.024439: sys_wait4 -> 0x1005d9
             exe-1049981 [002] ..... 1636742.024441: sys_ptrace(request: 4204, pid: 1005d9, addr: 1, data: c000a29c70)
             exe-1049673 [003] ..... 1636742.024445: sys_nanosleep -> 0x0
             exe-1049981 [002] ..... 1636742.024446: sys_ptrace -> 0x0
             exe-1049981 [002] ..... 1636742.024447: sys_ptrace(request: 4204, pid: 1005d9, addr: 202, data: c000a29c70)
             exe-1049981 [002] ..... 1636742.024449: sys_ptrace -> 0x0
             exe-1049673 [003] ..... 1636742.024451: sys_nanosleep(rqtp: c000069f10, rmtp: 0)
             exe-1049981 [002] ..... 1636742.024462: sys_pwrite64(fd: 63, buf: 7fd66e20f080, count: 1c, pos: 1e)
             exe-1049981 [002] ..... 1636742.024464: tracing_mark_write: shutdown(fd=19, how=0x1) end
             exe-1049981 [003] ..... 1636742.091092: tracing_mark_write: shutdown(fd=19, how=0x1) start
             exe-1049981 [003] .N... 1636742.091124: sys_pwrite64 -> 0x1e
             exe-1049673 [003] ..... 1636742.091136: sys_nanosleep -> 0x0
             exe-1049673 [003] ..... 1636742.091142: sys_nanosleep(rqtp: c000069f10, rmtp: 0)
             exe-1049981 [003] ..... 1636742.091180: sys_ptrace(request: 4205, pid: 1005d9, addr: 1, data: c000a29c70)
             exe-1049981 [003] ..... 1636742.091185: sys_ptrace -> 0x0
             exe-1049981 [003] ..... 1636742.091187: sys_ptrace(request: 4205, pid: 1005d9, addr: 202, data: c000a29c70)
             exe-1049981 [003] ..... 1636742.091210: sys_ptrace -> 0x0
             exe-1049981 [003] ..... 1636742.091212: sys_ptrace(request: 1f, pid: 1005d9, addr: 0, data: 0)
             exe-1049981 [003] .N... 1636742.091243: sys_ptrace -> 0x0
             exe-1050073 [003] ..... 1636742.091257: sys_write -> 0x1e
             exe-1049673 [003] ..... 1636742.091280: sys_nanosleep -> 0x0
             exe-1049673 [003] ..... 1636742.091287: sys_nanosleep(rqtp: c000069f10, rmtp: 0)
             exe-1049981 [003] ..... 1636742.091319: sys_wait4(upid: 1005d9, stat_addr: c000a29bf4, options: 40000002, ru: 0)
             exe-1049981 [003] ..... 1636742.091323: sys_wait4 -> 0x1005d9
             exe-1049981 [003] ..... 1636742.091326: sys_ptrace(request: 4204, pid: 1005d9, addr: 1, data: c000a29c70)
             exe-1049981 [003] ..... 1636742.091348: sys_ptrace -> 0x0
             exe-1049981 [003] ..... 1636742.091350: sys_ptrace(request: 4204, pid: 1005d9, addr: 202, data: c000a29c70)
             exe-1049981 [003] ..... 1636742.091354: sys_ptrace -> 0x0
             exe-1049673 [003] ..... 1636742.091404: sys_nanosleep -> 0x0
             exe-1049673 [003] ..... 1636742.091411: sys_nanosleep(rqtp: c000069f10, rmtp: 0)
             exe-1049981 [003] ..... 1636742.091444: sys_ptrace(request: 4205, pid: 1005d9, addr: 1, data: c000a29c70)
             exe-1049981 [003] ..... 1636742.091449: sys_ptrace -> 0x0
             exe-1049981 [003] ..... 1636742.091451: sys_ptrace(request: 4205, pid: 1005d9, addr: 202, data: c000a29c70)
             exe-1049981 [003] ..... 1636742.091470: sys_ptrace -> 0x0
             exe-1049981 [003] ..... 1636742.091472: sys_ptrace(request: 1f, pid: 1005d9, addr: 0, data: 0)
             exe-1049981 [003] .N... 1636742.091480: sys_ptrace -> 0x0
             exe-1050073 [003] ..... 1636742.091524: sys_shutdown -> 0xffffffffffffffa8
             exe-1049673 [003] ..... 1636742.091546: sys_nanosleep -> 0x0
             exe-1049673 [003] ..... 1636742.091552: sys_nanosleep(rqtp: c000069f10, rmtp: 0)
             exe-1049981 [003] ..... 1636742.091585: sys_wait4(upid: 1005d9, stat_addr: c000a29bf4, options: 40000002, ru: 0)
             exe-1049981 [003] ..... 1636742.091589: sys_wait4 -> 0x1005d9
             exe-1049981 [003] ..... 1636742.091592: sys_ptrace(request: 4204, pid: 1005d9, addr: 1, data: c000a29c70)
             exe-1049981 [003] ..... 1636742.091597: sys_ptrace -> 0x0
             exe-1049981 [003] ..... 1636742.091599: sys_ptrace(request: 4204, pid: 1005d9, addr: 202, data: c000a29c70)
             exe-1049981 [003] ..... 1636742.091602: sys_ptrace -> 0x0
             exe-1049981 [003] ..... 1636742.091619: sys_pwrite64(fd: 63, buf: 7fd66e20f080, count: 1c, pos: 1e)
             exe-1049981 [003] ..... 1636742.091623: tracing_mark_write: shutdown(fd=19, how=0x1) end
             exe-1049981 [003] ..... 1636742.157752: tracing_mark_write: shutdown(fd=19, how=0x1) start
             exe-1049981 [003] ..... 1636742.157753: sys_pwrite64 -> 0x1e
             exe-1049981 [003] ..... 1636742.157760: sys_ptrace(request: 4205, pid: 1005d9, addr: 1, data: c000a29c70)
             exe-1049981 [003] ..... 1636742.157763: sys_ptrace -> 0x0
             exe-1049981 [003] ..... 1636742.157764: sys_ptrace(request: 4205, pid: 1005d9, addr: 202, data: c000a29c70)
             exe-1049981 [003] ..... 1636742.157776: sys_ptrace -> 0x0
             exe-1049981 [003] ..... 1636742.157778: sys_ptrace(request: 1f, pid: 1005d9, addr: 0, data: 0)
             exe-1049981 [003] .N... 1636742.157785: sys_ptrace -> 0x0
             exe-1050073 [003] ..... 1636742.157796: sys_write -> 0x1e
             exe-1049981 [003] ..... 1636742.157816: sys_wait4(upid: 1005d9, stat_addr: c000a29bf4, options: 40000002, ru: 0)
             exe-1049981 [003] ..... 1636742.157819: sys_wait4 -> 0x1005d9
             exe-1049981 [003] ..... 1636742.157821: sys_ptrace(request: 4204, pid: 1005d9, addr: 1, data: c000a29c70)
             exe-1049981 [003] ..... 1636742.157825: sys_ptrace -> 0x0
             exe-1049981 [003] ..... 1636742.157826: sys_ptrace(request: 4204, pid: 1005d9, addr: 202, data: c000a29c70)
             exe-1049981 [003] ..... 1636742.157829: sys_ptrace -> 0x0
             exe-1049981 [003] ..... 1636742.157836: sys_ptrace(request: 4205, pid: 1005d9, addr: 1, data: c000a29c70)
             exe-1049981 [003] ..... 1636742.157839: sys_ptrace -> 0x0
             exe-1049981 [003] ..... 1636742.157841: sys_ptrace(request: 4205, pid: 1005d9, addr: 202, data: c000a29c70)
             exe-1049981 [003] ..... 1636742.157851: sys_ptrace -> 0x0
             exe-1049981 [003] ..... 1636742.157853: sys_ptrace(request: 1f, pid: 1005d9, addr: 0, data: 0)
             exe-1049981 [003] .N... 1636742.157859: sys_ptrace -> 0x0
             exe-1050073 [003] ..... 1636742.157869: sys_shutdown -> 0xffffffffffffffa8
             exe-1049981 [003] ..... 1636742.157889: sys_wait4(upid: 1005d9, stat_addr: c000a29bf4, options: 40000002, ru: 0)
             exe-1049981 [003] ..... 1636742.157891: sys_wait4 -> 0x1005d9
             exe-1049981 [003] ..... 1636742.157894: sys_ptrace(request: 4204, pid: 1005d9, addr: 1, data: c000a29c70)
             exe-1049981 [003] ..... 1636742.157898: sys_ptrace -> 0x0
             exe-1049981 [003] ..... 1636742.157899: sys_ptrace(request: 4204, pid: 1005d9, addr: 202, data: c000a29c70)
             exe-1049981 [003] ..... 1636742.157902: sys_ptrace -> 0x0
             exe-1049981 [003] ..... 1636742.157911: sys_pwrite64(fd: 63, buf: 7fd66e20f080, count: 1c, pos: 1e)
             exe-1049981 [003] ..... 1636742.157913: tracing_mark_write: shutdown(fd=19, how=0x1) end
             exe-1049981 [003] ..... 1636742.235672: tracing_mark_write: shutdown(fd=19, how=0x1) start
             exe-1049981 [003] ..... 1636742.235674: sys_pwrite64 -> 0x1e
             exe-1049981 [003] ..... 1636742.235685: sys_ptrace(request: 4205, pid: 1005d9, addr: 1, data: c000a29c70)
             exe-1049981 [003] ..... 1636742.235688: sys_ptrace -> 0x0
             exe-1049981 [003] ..... 1636742.235690: sys_ptrace(request: 4205, pid: 1005d9, addr: 202, data: c000a29c70)
             exe-1050008 [003] ..... 1636742.235717: sys_epoll_pwait -> 0x0
             exe-1050008 [003] ..... 1636742.235726: sys_epoll_pwait(epfd: 11, events: c000a2d840, maxevents: 80, timeout: 1, sigmask: 0, sigsetsize: 0)
             exe-1049567 [003] ..... 1636742.235732: sys_nanosleep -> 0x0
             exe-1049567 [003] ..... 1636742.235735: sys_nanosleep(rqtp: c000069f10, rmtp: 0)
             exe-1049981 [003] ..... 1636742.235757: sys_ptrace -> 0x0
             exe-1049981 [003] ..... 1636742.235760: sys_ptrace(request: 1f, pid: 1005d9, addr: 0, data: 0)
             exe-1049981 [003] .N... 1636742.235765: sys_ptrace -> 0x0
             exe-1050073 [003] ..... 1636742.235775: sys_write -> 0x1e
             exe-1049981 [003] ..... 1636742.235798: sys_wait4(upid: 1005d9, stat_addr: c000a29bf4, options: 40000002, ru: 0)
             exe-1049981 [003] ..... 1636742.235801: sys_wait4 -> 0x1005d9
             exe-1049981 [003] ..... 1636742.235803: sys_ptrace(request: 4204, pid: 1005d9, addr: 1, data: c000a29c70)
             exe-1049981 [003] .N... 1636742.235836: sys_ptrace -> 0x0
             exe-1049567 [003] ..... 1636742.235839: sys_nanosleep -> 0x0
             exe-1049567 [003] ..... 1636742.235843: sys_nanosleep(rqtp: c000069f10, rmtp: 0)
             exe-1049981 [003] ..... 1636742.235855: sys_ptrace(request: 4204, pid: 1005d9, addr: 202, data: c000a29c70)
             exe-1049981 [003] ..... 1636742.235858: sys_ptrace -> 0x0
             exe-1049981 [003] ..... 1636742.235867: sys_ptrace(request: 4205, pid: 1005d9, addr: 1, data: c000a29c70)
             exe-1049981 [003] ..... 1636742.235869: sys_ptrace -> 0x0
             exe-1049981 [003] ..... 1636742.235871: sys_ptrace(request: 4205, pid: 1005d9, addr: 202, data: c000a29c70)
             exe-1049981 [003] ..... 1636742.235883: sys_ptrace -> 0x0
             exe-1049981 [003] ..... 1636742.235885: sys_ptrace(request: 1f, pid: 1005d9, addr: 0, data: 0)
             exe-1049981 [003] .N... 1636742.235888: sys_ptrace -> 0x0
             exe-1050073 [003] ..... 1636742.235898: sys_shutdown -> 0xffffffffffffffa8
             exe-1049567 [003] ..... 1636742.235947: sys_nanosleep -> 0x0
             exe-1049567 [003] ..... 1636742.235953: sys_nanosleep(rqtp: c000069f10, rmtp: 0)
             exe-1049981 [003] ..... 1636742.235963: sys_wait4(upid: 1005d9, stat_addr: c000a29bf4, options: 40000002, ru: 0)
             exe-1049981 [003] ..... 1636742.235965: sys_wait4 -> 0x1005d9
             exe-1049981 [003] ..... 1636742.235968: sys_ptrace(request: 4204, pid: 1005d9, addr: 1, data: c000a29c70)
             exe-1049981 [003] ..... 1636742.235972: sys_ptrace -> 0x0
             exe-1049981 [003] ..... 1636742.235974: sys_ptrace(request: 4204, pid: 1005d9, addr: 202, data: c000a29c70)
             exe-1049981 [003] ..... 1636742.235976: sys_ptrace -> 0x0
             exe-1049981 [003] ..... 1636742.235991: sys_pwrite64(fd: 63, buf: 7fd66e20f080, count: 1c, pos: 1e)
             exe-1049981 [003] ..... 1636742.235994: tracing_mark_write: shutdown(fd=19, how=0x1) end
             exe-1049981 [000] ..... 1636742.299887: tracing_mark_write: shutdown(fd=355, how=0x2) start
             exe-1049981 [000] ..... 1636742.299889: sys_pwrite64 -> 0x1f
             exe-1049981 [000] ..... 1636742.299896: sys_ptrace(request: 4205, pid: 1005d9, addr: 1, data: c000a29c70)
             exe-1049981 [000] ..... 1636742.299899: sys_ptrace -> 0x0
             exe-1049981 [000] ..... 1636742.299901: sys_ptrace(request: 4205, pid: 1005d9, addr: 202, data: c000a29c70)
             exe-1049981 [000] ..... 1636742.299910: sys_ptrace -> 0x0
             exe-1049981 [000] ..... 1636742.299912: sys_ptrace(request: 1f, pid: 1005d9, addr: 0, data: 0)
             exe-1049567 [003] ..... 1636742.299916: sys_nanosleep -> 0x0
             exe-1049981 [000] ..... 1636742.299921: sys_ptrace -> 0x0
             exe-1049981 [000] ..... 1636742.299923: sys_wait4(upid: 1005d9, stat_addr: c000a29bf4, options: 40000002, ru: 0)
             exe-1049567 [003] ..... 1636742.299935: sys_nanosleep(rqtp: c000069f10, rmtp: 0)
             exe-1050073 [003] ..... 1636742.299963: sys_write -> 0x1f
             exe-1049981 [000] ..... 1636742.299987: sys_wait4 -> 0x1005d9
             exe-1049981 [000] ..... 1636742.299989: sys_ptrace(request: 4204, pid: 1005d9, addr: 1, data: c000a29c70)
             exe-1049981 [000] ..... 1636742.299993: sys_ptrace -> 0x0
             exe-1049981 [000] ..... 1636742.299994: sys_ptrace(request: 4204, pid: 1005d9, addr: 202, data: c000a29c70)
             exe-1049981 [000] ..... 1636742.299996: sys_ptrace -> 0x0
             exe-1049981 [000] ..... 1636742.300019: sys_ptrace(request: 4205, pid: 1005d9, addr: 1, data: c000a29c70)
             exe-1049981 [000] ..... 1636742.300022: sys_ptrace -> 0x0
             exe-1049981 [000] ..... 1636742.300023: sys_ptrace(request: 4205, pid: 1005d9, addr: 202, data: c000a29c70)
             exe-1049981 [000] ..... 1636742.300033: sys_ptrace -> 0x0
             exe-1049981 [000] ..... 1636742.300034: sys_ptrace(request: 1f, pid: 1005d9, addr: 0, data: 0)
             exe-1049981 [000] ..... 1636742.300036: sys_ptrace -> 0x0
             exe-1049981 [000] ..... 1636742.300076: sys_wait4(upid: 1005d9, stat_addr: c000a29bf4, options: 40000002, ru: 0)
             exe-1049567 [003] ..... 1636742.300077: sys_nanosleep -> 0x0
