             exe-1049567 [003] ..... 1636742.300084: sys_nanosleep(rqtp: c000069f10, rmtp: 0)
             exe-1050073 [003] ..... 1636742.300116: sys_shutdown -> 0xffffffffffffffa8
             exe-1049981 [000] ..... 1636742.300138: sys_wait4 -> 0x1005d9
             exe-1049981 [000] ..... 1636742.300141: sys_ptrace(request: 4204, pid: 1005d9, addr: 1, data: c000a29c70)
             exe-1049981 [000] ..... 1636742.300144: sys_ptrace -> 0x0
             exe-1049981 [000] ..... 1636742.300145: sys_ptrace(request: 4204, pid: 1005d9, addr: 202, data: c000a29c70)
             exe-1049981 [000] ..... 1636742.300148: sys_ptrace -> 0x0
             exe-1049981 [000] ..... 1636742.300155: sys_pwrite64(fd: 63, buf: 7fd66e20f080, count: 1d, pos: 1f)
             exe-1049981 [000] ..... 1636742.300156: tracing_mark_write: shutdown(fd=355, how=0x2) end
             exe-1049981 [000] ..... 1636742.366373: tracing_mark_write: shutdown(fd=355, how=0x2) start
             exe-1049981 [000] ..... 1636742.366374: sys_pwrite64 -> 0x1f
             exe-1049981 [000] ..... 1636742.366382: sys_ptrace(request: 4205, pid: 1005d9, addr: 1, data: c000a29c70)
             exe-1049567 [003] ..... 1636742.366390: sys_nanosleep -> 0x0
             exe-1049567 [003] ..... 1636742.366395: sys_nanosleep(rqtp: c000069f10, rmtp: 0)
             exe-1049981 [000] .N... 1636742.366411: sys_ptrace -> 0x0
             exe-1049567 [003] ..... 1636742.366490: sys_nanosleep -> 0x0
             exe-1049567 [003] ..... 1636742.366492: sys_nanosleep(rqtp: c000069f10, rmtp: 0)
             exe-1049567 [003] ..... 1636742.366579: sys_nanosleep -> 0x0
             exe-1049567 [003] ..... 1636742.366582: sys_nanosleep(rqtp: c000069f10, rmtp: 0)
             exe-1049567 [003] ..... 1636742.366682: sys_nanosleep -> 0x0
             exe-1049567 [003] ..... 1636742.366685: sys_nanosleep(rqtp: c000069f10, rmtp: 0)
             exe-1049981 [000] ..... 1636742.366714: sys_ptrace(request: 4205, pid: 1005d9, addr: 202, data: c000a29c70)
             exe-1049981 [000] ..... 1636742.366734: sys_ptrace -> 0x0
             exe-1049981 [000] ..... 1636742.366736: sys_ptrace(request: 1f, pid: 1005d9, addr: 0, data: 0)
             exe-1049981 [000] ..... 1636742.366747: sys_ptrace -> 0x0
             exe-1049981 [000] ..... 1636742.366751: sys_wait4(upid: 1005d9, stat_addr: c000a29bf4, options: 40000002, ru: 0)
             exe-1050073 [003] ..... 1636742.366778: sys_write -> 0x1f
             exe-1049981 [000] ..... 1636742.366800: sys_wait4 -> 0x1005d9
             exe-1049567 [003] ..... 1636742.366800: sys_nanosleep -> 0x0
             exe-1049981 [000] ..... 1636742.366803: sys_ptrace(request: 4204, pid: 1005d9, addr: 1, data: c000a29c70)
             exe-1049567 [003] ..... 1636742.366805: sys_nanosleep(rqtp: c000069f10, rmtp: 0)
             exe-1049981 [000] ..... 1636742.366806: sys_ptrace -> 0x0
             exe-1049981 [000] ..... 1636742.366808: sys_ptrace(request: 4204, pid: 1005d9, addr: 202, data: c000a29c70)
             exe-1049981 [000] ..... 1636742.366811: sys_ptrace -> 0x0
             exe-1049981 [000] ..... 1636742.366822: sys_ptrace(request: 4205, pid: 1005d9, addr: 1, data: c000a29c70)
             exe-1049981 [000] ..... 1636742.366825: sys_ptrace -> 0x0
             exe-1049981 [000] ..... 1636742.366826: sys_ptrace(request: 4205, pid: 1005d9, addr: 202, data: c000a29c70)
             exe-1049981 [000] ..... 1636742.366833: sys_ptrace -> 0x0
             exe-1049981 [000] ..... 1636742.366835: sys_ptrace(request: 1f, pid: 1005d9, addr: 0, data: 0)
             exe-1049981 [000] ..... 1636742.366841: sys_ptrace -> 0x0
             exe-1049981 [000] ..... 1636742.366843: sys_wait4(upid: 1005d9, stat_addr: c000a29bf4, options: 40000002, ru: 0)
             exe-1050073 [003] ..... 1636742.366857: sys_shutdown -> 0xffffffffffffffa8
             exe-1049981 [000] ..... 1636742.366875: sys_wait4 -> 0x1005d9
             exe-1049981 [000] ..... 1636742.366877: sys_ptrace(request: 4204, pid: 1005d9, addr: 1, data: c000a29c70)
             exe-1049981 [000] ..... 1636742.366880: sys_ptrace -> 0x0
             exe-1049981 [000] ..... 1636742.366881: sys_ptrace(request: 4204, pid: 1005d9, addr: 202, data: c000a29c70)
             exe-1049981 [000] ..... 1636742.366883: sys_ptrace -> 0x0
             exe-1049981 [000] ..... 1636742.366896: sys_pwrite64(fd: 63, buf: 7fd66e20f080, count: 1d, pos: 1f)
             exe-1049981 [000] ..... 1636742.366898: tracing_mark_write: shutdown(fd=355, how=0x2) end
             exe-1049981 [000] ..... 1636742.457762: tracing_mark_write: shutdown(fd=355, how=0x2) start
             exe-1049981 [000] ..... 1636742.457764: sys_pwrite64 -> 0x1f
             exe-1049981 [000] ..... 1636742.457777: sys_ptrace(request: 4205, pid: 1005d9, addr: 1, data: c000a29c70)
             exe-1049981 [000] ..... 1636742.457780: sys_ptrace -> 0x0
             exe-1049981 [000] ..... 1636742.457782: sys_ptrace(request: 4205, pid: 1005d9, addr: 202, data: c000a29c70)
             exe-1049981 [000] ..... 1636742.457793: sys_ptrace -> 0x0
             exe-1049981 [000] ..... 1636742.457795: sys_ptrace(request: 1f, pid: 1005d9, addr: 0, data: 0)
             exe-1049981 [000] ..... 1636742.457810: sys_ptrace -> 0x0
             exe-1049981 [000] ..... 1636742.457812: sys_wait4(upid: 1005d9, stat_addr: c000a29bf4, options: 40000002, ru: 0)
             exe-1050073 [003] ..... 1636742.458121: sys_write -> 0x1f
             exe-1049981 [000] ..... 1636742.458192: sys_wait4 -> 0x1005d9
             exe-1049981 [000] ..... 1636742.458200: sys_ptrace(request: 4204, pid: 1005d9, addr: 1, data: c000a29c70)
             exe-1049981 [000] ..... 1636742.458208: sys_ptrace -> 0x0
             exe-1049981 [000] ..... 1636742.458209: sys_ptrace(request: 4204, pid: 1005d9, addr: 202, data: c000a29c70)
             exe-1049981 [000] ..... 1636742.458213: sys_ptrace -> 0x0
             exe-1049981 [000] ..... 1636742.458227: sys_ptrace(request: 4205, pid: 1005d9, addr: 1, data: c000a29c70)
             exe-1049981 [000] ..... 1636742.458231: sys_ptrace -> 0x0
             exe-1049981 [000] ..... 1636742.458232: sys_ptrace(request: 4205, pid: 1005d9, addr: 202, data: c000a29c70)
             exe-1049981 [000] ..... 1636742.458254: sys_ptrace -> 0x0
             exe-1049981 [000] ..... 1636742.458256: sys_ptrace(request: 1f, pid: 1005d9, addr: 0, data: 0)
             exe-1049981 [000] ..... 1636742.458273: sys_ptrace -> 0x0
             exe-1049981 [000] ..... 1636742.458276: sys_wait4(upid: 1005d9, stat_addr: c000a29bf4, options: 40000002, ru: 0)
             exe-1050073 [003] ..... 1636742.458362: sys_shutdown -> 0xffffffffffffffa8
             exe-1049981 [000] ..... 1636742.458403: sys_wait4 -> 0x1005d9
             exe-1049981 [000] ..... 1636742.458406: sys_ptrace(request: 4204, pid: 1005d9, addr: 1, data: c000a29c70)
             exe-1049981 [000] ..... 1636742.458409: sys_ptrace -> 0x0
             exe-1049981 [000] ..... 1636742.458411: sys_ptrace(request: 4204, pid: 1005d9, addr: 202, data: c000a29c70)
             exe-1049981 [000] ..... 1636742.458413: sys_ptrace -> 0x0
             exe-1049981 [000] ..... 1636742.458430: sys_pwrite64(fd: 63, buf: 7fd66e20f080, count: 1d, pos: 1f)
             exe-1049981 [000] ..... 1636742.458434: tracing_mark_write: shutdown(fd=355, how=0x2) end
             exe-1049981 [000] ..... 1636742.539424: tracing_mark_write: shutdown(fd=355, how=0x2) start
             exe-1049981 [000] ..... 1636742.539426: sys_pwrite64 -> 0x1f
             exe-1049981 [000] ..... 1636742.539432: sys_ptrace(request: 4205, pid: 1005d9, addr: 1, data: c000a29c70)
             exe-1049567 [003] ..... 1636742.539441: sys_nanosleep -> 0x0
             exe-1049981 [000] ..... 1636742.539444: sys_ptrace -> 0x0
             exe-1049567 [003] ..... 1636742.539448: sys_nanosleep(rqtp: c000069f10, rmtp: 0)
             exe-1049673 [002] ..... 1636742.539476: sys_nanosleep -> 0x0
             exe-1049673 [002] ..... 1636742.539478: sys_nanosleep(rqtp: c000069f10, rmtp: 0)
             exe-1049981 [000] ..... 1636742.539520: sys_ptrace(request: 4205, pid: 1005d9, addr: 202, data: c000a29c70)
             exe-1049981 [000] ..... 1636742.539533: sys_ptrace -> 0x0
             exe-1049981 [000] ..... 1636742.539534: sys_ptrace(request: 1f, pid: 1005d9, addr: 0, data: 0)
             exe-1049981 [000] ..... 1636742.539542: sys_ptrace -> 0x0
             exe-1049981 [000] ..... 1636742.539545: sys_wait4(upid: 1005d9, stat_addr: c000a29bf4, options: 40000002, ru: 0)
             exe-1050073 [003] ..... 1636742.539558: sys_write -> 0x1f
             exe-1049981 [000] ..... 1636742.539620: sys_wait4 -> 0x1005d9
             exe-1049981 [000] ..... 1636742.539625: sys_ptrace(request: 4204, pid: 1005d9, addr: 1, data: c000a29c70)
             exe-1049981 [000] ..... 1636742.539629: sys_ptrace -> 0x0
             exe-1049981 [000] ..... 1636742.539631: sys_ptrace(request: 4204, pid: 1005d9, addr: 202, data: c000a29c70)
             exe-1049981 [000] ..... 1636742.539633: sys_ptrace -> 0x0
             exe-1049673 [002] ..... 1636742.539641: sys_nanosleep -> 0x0
             exe-1049981 [000] ..... 1636742.539643: sys_ptrace(request: 4205, pid: 1005d9, addr: 1, data: c000a29c70)
             exe-1049673 [002] ..... 1636742.539643: sys_nanosleep(rqtp: c000069f10, rmtp: 0)
             exe-1049981 [000] ..... 1636742.539645: sys_ptrace -> 0x0
             exe-1049981 [000] ..... 1636742.539647: sys_ptrace(request: 4205, pid: 1005d9, addr: 202, data: c000a29c70)
             exe-1049981 [000] ..... 1636742.539658: sys_ptrace -> 0x0
             exe-1049981 [000] ..... 1636742.539659: sys_ptrace(request: 1f, pid: 1005d9, addr: 0, data: 0)
             exe-1049981 [000] ..... 1636742.539668: sys_ptrace -> 0x0
             exe-1049981 [000] ..... 1636742.539670: sys_wait4(upid: 1005d9, stat_addr: c000a29bf4, options: 40000002, ru: 0)
             exe-1049567 [003] ..... 1636742.539694: sys_nanosleep -> 0x0
             exe-1049567 [003] ..... 1636742.539700: sys_nanosleep(rqtp: c000069f10, rmtp: 0)
             exe-1050073 [003] ..... 1636742.539714: sys_shutdown -> 0xffffffffffffffa8
             exe-1049981 [000] ..... 1636742.539732: sys_wait4 -> 0x1005d9
             exe-1049981 [000] ..... 1636742.539738: sys_ptrace(request: 4204, pid: 1005d9, addr: 1, data: c000a29c70)
             exe-1049981 [000] ..... 1636742.539742: sys_ptrace -> 0x0
             exe-1049981 [000] ..... 1636742.539743: sys_ptrace(request: 4204, pid: 1005d9, addr: 202, data: c000a29c70)
             exe-1049981 [000] ..... 1636742.539745: sys_ptrace -> 0x0
             exe-1049981 [000] ..... 1636742.539758: sys_pwrite64(fd: 63, buf: 7fd66e20f080, count: 1d, pos: 1f)
             exe-1049981 [000] ..... 1636742.539760: tracing_mark_write: shutdown(fd=355, how=0x2) end
             exe-1049981 [002] ..... 1636742.619087: tracing_mark_write: shutdown(fd=355, how=0x2) start
             exe-1049981 [002] ..... 1636742.619089: sys_pwrite64 -> 0x1f
             exe-1049981 [002] ..... 1636742.619094: sys_ptrace(request: 4205, pid: 1005d9, addr: 1, data: c000a29c70)
             exe-1049981 [002] ..... 1636742.619097: sys_ptrace -> 0x0
             exe-1049981 [002] ..... 1636742.619098: sys_ptrace(request: 4205, pid: 1005d9, addr: 202, data: c000a29c70)
             exe-1049981 [002] ..... 1636742.619106: sys_ptrace -> 0x0
             exe-1049981 [002] ..... 1636742.619108: sys_ptrace(request: 1f, pid: 1005d9, addr: 0, data: 0)
             exe-1049981 [002] ..... 1636742.619115: sys_ptrace -> 0x0
             exe-1049981 [002] ..... 1636742.619117: sys_wait4(upid: 1005d9, stat_addr: c000a29bf4, options: 40000002, ru: 0)
             exe-1050073 [000] ..... 1636742.619123: sys_write -> 0x1f
             exe-1049981 [002] ..... 1636742.619158: sys_wait4 -> 0x1005d9
             exe-1049981 [002] ..... 1636742.619161: sys_ptrace(request: 4204, pid: 1005d9, addr: 1, data: c000a29c70)
             exe-1049981 [002] ..... 1636742.619164: sys_ptrace -> 0x0
             exe-1049981 [002] ..... 1636742.619166: sys_ptrace(request: 4204, pid: 1005d9, addr: 202, data: c000a29c70)
             exe-1049981 [002] ..... 1636742.619168: sys_ptrace -> 0x0
             exe-1049981 [002] ..... 1636742.619190: sys_ptrace(request: 4205, pid: 1005d9, addr: 1, data: c000a29c70)
             exe-1049981 [002] ..... 1636742.619193: sys_ptrace -> 0x0
             exe-1049981 [002] ..... 1636742.619194: sys_ptrace(request: 4205, pid: 1005d9, addr: 202, data: c000a29c70)
             exe-1049981 [002] ..... 1636742.619202: sys_ptrace -> 0x0
             exe-1049981 [002] ..... 1636742.619203: sys_ptrace(request: 1f, pid: 1005d9, addr: 0, data: 0)
             exe-1049981 [002] ..... 1636742.619210: sys_ptrace -> 0x0
             exe-1049981 [002] ..... 1636742.619211: sys_wait4(upid: 1005d9, stat_addr: c000a29bf4, options: 40000002, ru: 0)
             exe-1050073 [000] ..... 1636742.619216: sys_shutdown -> 0xffffffffffffffa8
             exe-1049981 [002] ..... 1636742.619231: sys_wait4 -> 0x1005d9
             exe-1049981 [002] ..... 1636742.619233: sys_ptrace(request: 4204, pid: 1005d9, addr: 1, data: c000a29c70)
             exe-1049981 [002] ..... 1636742.619235: sys_ptrace -> 0x0
             exe-1049981 [002] ..... 1636742.619237: sys_ptrace(request: 4204, pid: 1005d9, addr: 202, data: c000a29c70)
             exe-1049981 [002] ..... 1636742.619239: sys_ptrace -> 0x0
             exe-1049981 [002] ..... 1636742.619259: sys_pwrite64(fd: 63, buf: 7fd66e20f080, count: 1d, pos: 1f)
             exe-1049981 [002] ..... 1636742.619260: tracing_mark_write: shutdown(fd=355, how=0x2) end
             exe-1049981 [002] ..... 1636742.683275: tracing_mark_write: shutdown(fd=293, how=0x2) start
             exe-1049981 [002] ..... 1636742.683277: sys_pwrite64 -> 0x1f
             exe-1049981 [002] ..... 1636742.683295: sys_ptrace(request: 4205, pid: 1005d9, addr: 1, data: c000a29c70)
             exe-1049981 [002] ..... 1636742.683300: sys_ptrace -> 0x0
             exe-1049981 [002] ..... 1636742.683303: sys_ptrace(request: 4205, pid: 1005d9, addr: 202, data: c000a29c70)
             exe-1049673 [002] ..... 1636742.683361: sys_nanosleep -> 0x0
             exe-1049673 [002] ..... 1636742.683368: sys_nanosleep(rqtp: c000069f10, rmtp: 0)
             exe-1049981 [002] ..... 1636742.683402: sys_ptrace -> 0x0
             exe-1049981 [002] ..... 1636742.683407: sys_ptrace(request: 1f, pid: 1005d9, addr: 0, data: 0)
             exe-1049981 [002] ..... 1636742.683419: sys_ptrace -> 0x0
             exe-1049981 [002] ..... 1636742.683423: sys_wait4(upid: 1005d9, stat_addr: c000a29bf4, options: 40000002, ru: 0)
             exe-1050073 [003] ..... 1636742.683444: sys_write -> 0x1f
             exe-1049673 [002] ..... 1636742.683492: sys_nanosleep -> 0x0
             exe-1049673 [002] ..... 1636742.683499: sys_nanosleep(rqtp: c000069f10, rmtp: 0)
             exe-1049981 [002] ..... 1636742.683529: sys_wait4 -> 0x1005d9
             exe-1049981 [002] ..... 1636742.683535: sys_ptrace(request: 4204, pid: 1005d9, addr: 1, data: c000a29c70)
             exe-1049981 [002] ..... 1636742.683542: sys_ptrace -> 0x0
             exe-1049981 [002] ..... 1636742.683544: sys_ptrace(request: 4204, pid: 1005d9, addr: 202, data: c000a29c70)
             exe-1049981 [002] ..... 1636742.683548: sys_ptrace -> 0x0
             exe-1049673 [002] ..... 1636742.683615: sys_nanosleep -> 0x0
             exe-1049673 [002] ..... 1636742.683622: sys_nanosleep(rqtp: c000069f10, rmtp: 0)
             exe-1049673 [002] ..... 1636742.683729: sys_nanosleep -> 0x0
             exe-1049673 [002] ..... 1636742.683735: sys_nanosleep(rqtp: c000069f10, rmtp: 0)
             exe-1049981 [002] ..... 1636742.683764: sys_ptrace(request: 4205, pid: 1005d9, addr: 1, data: c000a29c70)
             exe-1049981 [002] ..... 1636742.683769: sys_ptrace -> 0x0
             exe-1049981 [002] ..... 1636742.683771: sys_ptrace(request: 4205, pid: 1005d9, addr: 202, data: c000a29c70)
             exe-1049981 [002] ..... 1636742.683785: sys_ptrace -> 0x0
             exe-1049981 [002] ..... 1636742.683787: sys_ptrace(request: 1f, pid: 1005d9, addr: 0, data: 0)
             exe-1049981 [002] ..... 1636742.683803: sys_ptrace -> 0x0
             exe-1050073 [003] ..... 1636742.683849: sys_shutdown -> 0xffffffffffffff95
             exe-1049673 [002] ..... 1636742.683850: sys_nanosleep -> 0x0
             exe-1049673 [002] ..... 1636742.683859: sys_nanosleep(rqtp: c000069f10, rmtp: 0)
             exe-1049981 [002] ..... 1636742.683891: sys_wait4(upid: 1005d9, stat_addr: c000a29bf4, options: 40000002, ru: 0)
             exe-1049981 [002] ..... 1636742.683894: sys_wait4 -> 0x1005d9
             exe-1049981 [002] ..... 1636742.683900: sys_ptrace(request: 4204, pid: 1005d9, addr: 1, data: c000a29c70)
             exe-1049981 [002] ..... 1636742.683905: sys_ptrace -> 0x0
             exe-1049981 [002] ..... 1636742.683906: sys_ptrace(request: 4204, pid: 1005d9, addr: 202, data: c000a29c70)
             exe-1049981 [002] ..... 1636742.683909: sys_ptrace -> 0x0
             exe-1049981 [002] ..... 1636742.683926: sys_pwrite64(fd: 63, buf: 7fd66e20f080, count: 1d, pos: 1f)
             exe-1049981 [002] ..... 1636742.683929: tracing_mark_write: shutdown(fd=293, how=0x2) end
             exe-1049981 [002] ..... 1636742.783111: tracing_mark_write: shutdown(fd=293, how=0x2) start
             exe-1049981 [002] ..... 1636742.783113: sys_pwrite64 -> 0x1f
             exe-1049981 [002] ..... 1636742.783121: sys_ptrace(request: 4205, pid: 1005d9, addr: 1, data: c000a29c70)
             exe-1049981 [002] ..... 1636742.783125: sys_ptrace -> 0x0
             exe-1049981 [002] ..... 1636742.783127: sys_ptrace(request: 4205, pid: 1005d9, addr: 202, data: c000a29c70)
             exe-1049981 [002] ..... 1636742.783142: sys_ptrace -> 0x0
             exe-1049981 [002] ..... 1636742.783144: sys_ptrace(request: 1f, pid: 1005d9, addr: 0, data: 0)
             exe-1049981 [002] ..... 1636742.783154: sys_ptrace -> 0x0
             exe-1049981 [002] ..... 1636742.783157: sys_wait4(upid: 1005d9, stat_addr: c000a29bf4, options: 40000002, ru: 0)
             exe-1049673 [000] ..... 1636742.783197: sys_nanosleep -> 0x0
             exe-1050073 [003] ..... 1636742.783202: sys_write -> 0x1f
             exe-1049673 [000] ..... 1636742.783202: sys_nanosleep(rqtp: c000069f10, rmtp: 0)
             exe-1049567 [003] ..... 1636742.783235: sys_nanosleep -> 0x0
             exe-1049567 [003] ..... 1636742.783242: sys_nanosleep(rqtp: c000069f10, rmtp: 0)
             exe-1049981 [002] ..... 1636742.783243: sys_wait4 -> 0x1005d9
             exe-1049981 [002] ..... 1636742.783247: sys_ptrace(request: 4204, pid: 1005d9, addr: 1, data: c000a29c70)
             exe-1049981 [002] ..... 1636742.783253: sys_ptrace -> 0x0
             exe-1049981 [002] ..... 1636742.783255: sys_ptrace(request: 4204, pid: 1005d9, addr: 202, data: c000a29c70)
             exe-1049981 [002] ..... 1636742.783269: sys_ptrace -> 0x0
             exe-1049981 [002] ..... 1636742.783283: sys_ptrace(request: 4205, pid: 1005d9, addr: 1, data: c000a29c70)
             exe-1049981 [002] ..... 1636742.783286: sys_ptrace -> 0x0
             exe-1049981 [002] ..... 1636742.783288: sys_ptrace(request: 4205, pid: 1005d9, addr: 202, data: c000a29c70)
             exe-1049981 [002] ..... 1636742.783303: sys_ptrace -> 0x0
             exe-1049673 [000] ..... 1636742.783305: sys_nanosleep -> 0x0
             exe-1049981 [002] ..... 1636742.783305: sys_ptrace(request: 1f, pid: 1005d9, addr: 0, data: 0)
             exe-1049673 [000] ..... 1636742.783310: sys_nanosleep(rqtp: c000069f10, rmtp: 0)
             exe-1049981 [002] ..... 1636742.783314: sys_ptrace -> 0x0
             exe-1049981 [002] ..... 1636742.783317: sys_wait4(upid: 1005d9, stat_addr: c000a29bf4, options: 40000002, ru: 0)
             exe-1050073 [003] ..... 1636742.783363: sys_shutdown -> 0xffffffffffffff95
             exe-1049567 [003] ..... 1636742.783393: sys_nanosleep -> 0x0
             exe-1049981 [002] ..... 1636742.783397: sys_wait4 -> 0x1005d9
             exe-1049567 [003] ..... 1636742.783400: sys_nanosleep(rqtp: c000069f10, rmtp: 0)
             exe-1049981 [002] ..... 1636742.783401: sys_ptrace(request: 4204, pid: 1005d9, addr: 1, data: c000a29c70)
             exe-1049981 [002] ..... 1636742.783406: sys_ptrace -> 0x0
             exe-1049981 [002] ..... 1636742.783408: sys_ptrace(request: 4204, pid: 1005d9, addr: 202, data: c000a29c70)
             exe-1049981 [002] ..... 1636742.783412: sys_ptrace -> 0x0
             exe-1049673 [000] ..... 1636742.783413: sys_nanosleep -> 0x0
             exe-1049673 [000] ..... 1636742.783418: sys_nanosleep(rqtp: c000069f10, rmtp: 0)
             exe-1049981 [002] ..... 1636742.783426: sys_pwrite64(fd: 63, buf: 7fd66e20f080, count: 1d, pos: 1f)
             exe-1049981 [002] ..... 1636742.783428: tracing_mark_write: shutdown(fd=293, how=0x2) end
             exe-1049981 [002] ..... 1636742.867835: tracing_mark_write: shutdown(fd=293, how=0x2) start
             exe-1049981 [002] ..... 1636742.867836: sys_pwrite64 -> 0x1f
             exe-1049981 [002] ..... 1636742.867845: sys_ptrace(request: 4205, pid: 1005d9, addr: 1, data: c000a29c70)
             exe-1049981 [002] ..... 1636742.867849: sys_ptrace -> 0x0
             exe-1049981 [002] ..... 1636742.867851: sys_ptrace(request: 4205, pid: 1005d9, addr: 202, data: c000a29c70)
             exe-1049981 [002] ..... 1636742.867870: sys_ptrace -> 0x0
             exe-1049981 [002] ..... 1636742.867873: sys_ptrace(request: 1f, pid: 1005d9, addr: 0, data: 0)
             exe-1049981 [002] ..... 1636742.867886: sys_ptrace -> 0x0
             exe-1049981 [002] ..... 1636742.867889: sys_wait4(upid: 1005d9, stat_addr: c000a29bf4, options: 40000002, ru: 0)
             exe-1050073 [003] ..... 1636742.867915: sys_write -> 0x1f
             exe-1049567 [003] ..... 1636742.867948: sys_nanosleep -> 0x0
             exe-1049567 [003] ..... 1636742.867955: sys_nanosleep(rqtp: c000069f10, rmtp: 0)
             exe-1049981 [002] ..... 1636742.867962: sys_wait4 -> 0x1005d9
             exe-1049981 [002] ..... 1636742.867967: sys_ptrace(request: 4204, pid: 1005d9, addr: 1, data: c000a29c70)
             exe-1049981 [002] ..... 1636742.867979: sys_ptrace -> 0x0
             exe-1049981 [002] ..... 1636742.867982: sys_ptrace(request: 4204, pid: 1005d9, addr: 202, data: c000a29c70)
             exe-1049673 [000] ..... 1636742.867982: sys_nanosleep -> 0x0
             exe-1049981 [002] ..... 1636742.867986: sys_ptrace -> 0x0
             exe-1049673 [000] ..... 1636742.867988: sys_nanosleep(rqtp: c000069f10, rmtp: 0)
             exe-1049981 [002] ..... 1636742.867998: sys_ptrace(request: 4205, pid: 1005d9, addr: 1, data: c000a29c70)
             exe-1049981 [002] ..... 1636742.868001: sys_ptrace -> 0x0
             exe-1049981 [002] ..... 1636742.868003: sys_ptrace(request: 4205, pid: 1005d9, addr: 202, data: c000a29c70)
             exe-1049981 [002] ..... 1636742.868020: sys_ptrace -> 0x0
             exe-1049981 [002] ..... 1636742.868022: sys_ptrace(request: 1f, pid: 1005d9, addr: 0, data: 0)
             exe-1049981 [002] ..... 1636742.868031: sys_ptrace -> 0x0
             exe-1049981 [002] ..... 1636742.868037: sys_wait4(upid: 1005d9, stat_addr: c000a29bf4, options: 40000002, ru: 0)
             exe-1050073 [003] ..... 1636742.868086: sys_shutdown -> 0xffffffffffffff95
             exe-1049567 [003] ..... 1636742.868120: sys_nanosleep -> 0x0
             exe-1049981 [002] ..... 1636742.868123: sys_wait4 -> 0x1005d9
             exe-1049981 [002] ..... 1636742.868128: sys_ptrace(request: 4204, pid: 1005d9, addr: 1, data: c000a29c70)
             exe-1049567 [003] ..... 1636742.868128: sys_nanosleep(rqtp: c000069f10, rmtp: 0)
             exe-1049981 [002] ..... 1636742.868135: sys_ptrace -> 0x0
             exe-1049981 [002] ..... 1636742.868137: sys_ptrace(request: 4204, pid: 1005d9, addr: 202, data: c000a29c70)
             exe-1049981 [002] ..... 1636742.868142: sys_ptrace -> 0x0
             exe-1049981 [002] ..... 1636742.868157: sys_pwrite64(fd: 63, buf: 7fd66e20f080, count: 1d, pos: 1f)
             exe-1049981 [002] ..... 1636742.868160: tracing_mark_write: shutdown(fd=293, how=0x2) end
             exe-1049981 [002] ..... 1636742.973148: tracing_mark_write: shutdown(fd=281, how=0x2) start
             exe-1049981 [002] ..... 1636742.973150: sys_pwrite64 -> 0x1f
             exe-1049981 [002] ..... 1636742.973158: sys_ptrace(request: 4205, pid: 1005d9, addr: 1, data: c000a29c70)
             exe-1049981 [002] ..... 1636742.973162: sys_ptrace -> 0x0
             exe-1049981 [002] ..... 1636742.973163: sys_ptrace(request: 4205, pid: 1005d9, addr: 202, data: c000a29c70)
             exe-1049981 [002] ..... 1636742.973179: sys_ptrace -> 0x0
             exe-1049981 [002] ..... 1636742.973181: sys_ptrace(request: 1f, pid: 1005d9, addr: 0, data: 0)
             exe-1049981 [002] ..... 1636742.973194: sys_ptrace -> 0x0
             exe-1049981 [002] ..... 1636742.973196: sys_wait4(upid: 1005d9, stat_addr: c000a29bf4, options: 40000002, ru: 0)
             exe-1050073 [003] ..... 1636742.973223: sys_write -> 0x1f
             exe-1049567 [003] ..... 1636742.973274: sys_nanosleep -> 0x0
             exe-1049567 [003] ..... 1636742.973281: sys_nanosleep(rqtp: c000069f10, rmtp: 0)
             exe-1049981 [002] ..... 1636742.973287: sys_wait4 -> 0x1005d9
             exe-1049981 [002] ..... 1636742.973292: sys_ptrace(request: 4204, pid: 1005d9, addr: 1, data: c000a29c70)
             exe-1049981 [002] ..... 1636742.973307: sys_ptrace -> 0x0
             exe-1049981 [002] ..... 1636742.973310: sys_ptrace(request: 4204, pid: 1005d9, addr: 202, data: c000a29c70)
             exe-1049981 [002] ..... 1636742.973314: sys_ptrace -> 0x0
             exe-1049981 [002] ..... 1636742.973339: sys_ptrace(request: 4205, pid: 1005d9, addr: 1, data: c000a29c70)
             exe-1049981 [002] ..... 1636742.973342: sys_ptrace -> 0x0
             exe-1049981 [002] ..... 1636742.973344: sys_ptrace(request: 4205, pid: 1005d9, addr: 202, data: c000a29c70)
             exe-1049981 [002] ..... 1636742.973359: sys_ptrace -> 0x0
             exe-1049981 [002] ..... 1636742.973363: sys_ptrace(request: 1f, pid: 1005d9, addr: 0, data: 0)
             exe-1049981 [002] ..... 1636742.973373: sys_ptrace -> 0x0
             exe-1049981 [002] ..... 1636742.973376: sys_wait4(upid: 1005d9, stat_addr: c000a29bf4, options: 40000002, ru: 0)
             exe-1050073 [003] ..... 1636742.973401: sys_shutdown -> 0xffffffffffffffa8
             exe-1049567 [003] ..... 1636742.973443: sys_nanosleep -> 0x0
             exe-1049567 [003] ..... 1636742.973450: sys_nanosleep(rqtp: c000069f10, rmtp: 0)
             exe-1049981 [002] ..... 1636742.973454: sys_wait4 -> 0x1005d9
             exe-1049981 [002] ..... 1636742.973458: sys_ptrace(request: 4204, pid: 1005d9, addr: 1, data: c000a29c70)
             exe-1049981 [002] ..... 1636742.973464: sys_ptrace -> 0x0
             exe-1049981 [002] ..... 1636742.973466: sys_ptrace(request: 4204, pid: 1005d9, addr: 202, data: c000a29c70)
             exe-1049981 [002] ..... 1636742.973472: sys_ptrace -> 0x0
             exe-1049981 [002] ..... 1636742.973486: sys_pwrite64(fd: 63, buf: 7fd66e20f080, count: 1d, pos: 1f)
             exe-1049981 [002] ..... 1636742.973488: tracing_mark_write: shutdown(fd=281, how=0x2) end
             exe-1049981 [001] ..... 1636743.037651: tracing_mark_write: shutdown(fd=281, how=0x2) start
             exe-1049981 [001] ..... 1636743.037653: sys_pwrite64 -> 0x1f
             exe-1049981 [001] ..... 1636743.037657: sys_ptrace(request: 4205, pid: 1005d9, addr: 1, data: c000a29c70)
             exe-1049567 [003] ..... 1636743.037669: sys_nanosleep -> 0x0
             exe-1049981 [001] ..... 1636743.037669: sys_ptrace -> 0x0
             exe-1049981 [001] ..... 1636743.037671: sys_ptrace(request: 4205, pid: 1005d9, addr: 202, data: c000a29c70)
             exe-1049567 [003] ..... 1636743.037676: sys_nanosleep(rqtp: c000069f10, rmtp: 0)
             exe-1049981 [001] ..... 1636743.037677: sys_ptrace -> 0x0
             exe-1049981 [001] ..... 1636743.037678: sys_ptrace(request: 1f, pid: 1005d9, addr: 0, data: 0)
             exe-1049981 [001] ..... 1636743.037685: sys_ptrace -> 0x0
             exe-1049981 [001] ..... 1636743.037687: sys_wait4(upid: 1005d9, stat_addr: c000a29bf4, options: 40000002, ru: 0)
             exe-1049673 [000] ..... 1636743.037704: sys_nanosleep -> 0x0
             exe-1049673 [000] ..... 1636743.037710: sys_futex(uaddr: 1f09dc0, op: 80, val: 0, utime: c000069eb0, uaddr2: 0, val3: 0)
             exe-1050073 [003] ..... 1636743.037711: sys_write -> 0x1f
             exe-1049981 [001] ..... 1636743.037731: sys_wait4 -> 0x1005d9
             exe-1049981 [001] ..... 1636743.037733: sys_ptrace(request: 4204, pid: 1005d9, addr: 1, data: c000a29c70)
             exe-1049981 [001] ..... 1636743.037736: sys_ptrace -> 0x0
             exe-1049981 [001] ..... 1636743.037737: sys_ptrace(request: 4204, pid: 1005d9, addr: 202, data: c000a29c70)
             exe-1049981 [001] ..... 1636743.037739: sys_ptrace -> 0x0
             exe-1049981 [001] ..... 1636743.037746: sys_ptrace(request: 4205, pid: 1005d9, addr: 1, data: c000a29c70)
             exe-1049981 [001] ..... 1636743.037748: sys_ptrace -> 0x0
             exe-1049981 [001] ..... 1636743.037750: sys_ptrace(request: 4205, pid: 1005d9, addr: 202, data: c000a29c70)
             exe-1049981 [001] ..... 1636743.037755: sys_ptrace -> 0x0
             exe-1049981 [001] ..... 1636743.037757: sys_ptrace(request: 1f, pid: 1005d9, addr: 0, data: 0)
             exe-1049981 [001] ..... 1636743.037763: sys_ptrace -> 0x0
             exe-1049981 [001] ..... 1636743.037764: sys_wait4(upid: 1005d9, stat_addr: c000a29bf4, options: 40000002, ru: 0)
             exe-1050073 [003] ..... 1636743.037780: sys_shutdown -> 0xffffffffffffffa8
             exe-1049981 [001] ..... 1636743.037793: sys_wait4 -> 0x1005d9
             exe-1049981 [001] ..... 1636743.037796: sys_ptrace(request: 4204, pid: 1005d9, addr: 1, data: c000a29c70)
             exe-1049567 [003] ..... 1636743.037798: sys_nanosleep -> 0x0
             exe-1049981 [001] ..... 1636743.037798: sys_ptrace -> 0x0
             exe-1049981 [001] ..... 1636743.037800: sys_ptrace(request: 4204, pid: 1005d9, addr: 202, data: c000a29c70)
             exe-1049981 [001] ..... 1636743.037802: sys_ptrace -> 0x0
             exe-1049567 [003] ..... 1636743.037803: sys_nanosleep(rqtp: c000069f10, rmtp: 0)
             exe-1049981 [001] ..... 1636743.037806: sys_pwrite64(fd: 63, buf: 7fd66e20f080, count: 1d, pos: 1f)
             exe-1049981 [001] ..... 1636743.037807: tracing_mark_write: shutdown(fd=281, how=0x2) end
             exe-1050232 [002] ..... 1636743.102030: tracing_mark_write: shutdown(fd=281, how=0x2) start
             exe-1050232 [002] ..... 1636743.102031: sys_pwrite64 -> 0x1f
             exe-1050232 [002] ..... 1636743.102038: sys_ptrace(request: 4205, pid: 100706, addr: 1, data: c000a29c70)
             exe-1050232 [002] ..... 1636743.102040: sys_ptrace -> 0x0
             exe-1050232 [002] ..... 1636743.102042: sys_ptrace(request: 4205, pid: 100706, addr: 202, data: c000a29c70)
             exe-1050232 [002] ..... 1636743.102054: sys_ptrace -> 0x0
             exe-1050232 [002] ..... 1636743.102056: sys_ptrace(request: 1f, pid: 100706, addr: 0, data: 0)
             exe-1050232 [002] ..... 1636743.102063: sys_ptrace -> 0x0
             exe-1050232 [002] ..... 1636743.102066: sys_wait4(upid: 100706, stat_addr: c000a29bf4, options: 40000002, ru: 0)
             exe-1049673 [000] ..... 1636743.102074: sys_nanosleep -> 0x0
             exe-1049673 [000] ..... 1636743.102079: sys_nanosleep(rqtp: c000069f10, rmtp: 0)
             exe-1050374 [002] ..... 1636743.102080: sys_write -> 0x1f
             exe-1049567 [003] ..... 1636743.102097: sys_nanosleep -> 0x0
             exe-1049567 [003] ..... 1636743.102099: sys_nanosleep(rqtp: c000069f10, rmtp: 0)
             exe-1050232 [002] ..... 1636743.102102: sys_wait4 -> 0x100706
             exe-1050232 [002] ..... 1636743.102106: sys_ptrace(request: 4204, pid: 100706, addr: 1, data: c000a29c70)
             exe-1050232 [002] ..... 1636743.102110: sys_ptrace -> 0x0
             exe-1050232 [002] ..... 1636743.102112: sys_ptrace(request: 4204, pid: 100706, addr: 202, data: c000a29c70)
             exe-1050232 [002] ..... 1636743.102114: sys_ptrace -> 0x0
             exe-1050232 [002] ..... 1636743.102124: sys_ptrace(request: 4205, pid: 100706, addr: 1, data: c000a29c70)
             exe-1050232 [002] ..... 1636743.102127: sys_ptrace -> 0x0
             exe-1050232 [002] ..... 1636743.102128: sys_ptrace(request: 4205, pid: 100706, addr: 202, data: c000a29c70)
             exe-1050232 [002] ..... 1636743.102138: sys_ptrace -> 0x0
             exe-1050232 [002] ..... 1636743.102140: sys_ptrace(request: 1f, pid: 100706, addr: 0, data: 0)
             exe-1050232 [002] ..... 1636743.102147: sys_ptrace -> 0x0
             exe-1050232 [002] ..... 1636743.102149: sys_wait4(upid: 100706, stat_addr: c000a29bf4, options: 40000002, ru: 0)
             exe-1050374 [002] ..... 1636743.102162: sys_shutdown -> 0xffffffffffffffa8
             exe-1049673 [000] ..... 1636743.102181: sys_nanosleep -> 0x0
             exe-1050232 [002] ..... 1636743.102183: sys_wait4 -> 0x100706
             exe-1049673 [000] ..... 1636743.102186: sys_nanosleep(rqtp: c000069f10, rmtp: 0)
             exe-1050232 [002] ..... 1636743.102187: sys_ptrace(request: 4204, pid: 100706, addr: 1, data: c000a29c70)
             exe-1050232 [002] ..... 1636743.102191: sys_ptrace -> 0x0
             exe-1050232 [002] ..... 1636743.102193: sys_ptrace(request: 4204, pid: 100706, addr: 202, data: c000a29c70)
             exe-1050232 [002] ..... 1636743.102196: sys_ptrace -> 0x0
             exe-1050232 [002] ..... 1636743.102206: sys_pwrite64(fd: 63, buf: 7fd66e20f080, count: 1d, pos: 1f)
             exe-1050232 [002] ..... 1636743.102208: tracing_mark_write: shutdown(fd=281, how=0x2) end
             exe-1050232 [002] ..... 1636743.161524: tracing_mark_write: shutdown(fd=356, how=0x2) start
             exe-1050232 [002] ..... 1636743.161526: sys_pwrite64 -> 0x1f
             exe-1050232 [002] ..... 1636743.161533: sys_ptrace(request: 4205, pid: 100706, addr: 1, data: c000a29c70)
             exe-1049567 [000] ..... 1636743.161533: sys_nanosleep -> 0x0
             exe-1050232 [002] ..... 1636743.161535: sys_ptrace -> 0x0
             exe-1050232 [002] ..... 1636743.161537: sys_ptrace(request: 4205, pid: 100706, addr: 202, data: c000a29c70)
             exe-1049567 [000] ..... 1636743.161539: sys_nanosleep(rqtp: c000069f10, rmtp: 0)
             exe-1050232 [002] ..... 1636743.161548: sys_ptrace -> 0x0
             exe-1050232 [002] ..... 1636743.161549: sys_ptrace(request: 1f, pid: 100706, addr: 0, data: 0)
             exe-1050232 [002] .N... 1636743.161557: sys_ptrace -> 0x0
             exe-1050374 [002] ..... 1636743.161568: sys_write -> 0x1f
             exe-1050232 [002] ..... 1636743.161587: sys_wait4(upid: 100706, stat_addr: c000a29bf4, options: 40000002, ru: 0)
             exe-1050232 [002] ..... 1636743.161590: sys_wait4 -> 0x100706
             exe-1050232 [002] ..... 1636743.161592: sys_ptrace(request: 4204, pid: 100706, addr: 1, data: c000a29c70)
             exe-1050232 [002] ..... 1636743.161596: sys_ptrace -> 0x0
             exe-1050232 [002] ..... 1636743.161598: sys_ptrace(request: 4204, pid: 100706, addr: 202, data: c000a29c70)
             exe-1050232 [002] ..... 1636743.161600: sys_ptrace -> 0x0
             exe-1050232 [002] ..... 1636743.161609: sys_ptrace(request: 4205, pid: 100706, addr: 1, data: c000a29c70)
             exe-1050232 [002] ..... 1636743.161612: sys_ptrace -> 0x0
             exe-1050232 [002] ..... 1636743.161613: sys_ptrace(request: 4205, pid: 100706, addr: 202, data: c000a29c70)
             exe-1049673 [000] ..... 1636743.161622: sys_nanosleep -> 0x0
             exe-1050232 [002] ..... 1636743.161623: sys_ptrace -> 0x0
             exe-1050232 [002] ..... 1636743.161624: sys_ptrace(request: 1f, pid: 100706, addr: 0, data: 0)
             exe-1049673 [000] ..... 1636743.161628: sys_nanosleep(rqtp: c000069f10, rmtp: 0)
             exe-1050232 [002] .N... 1636743.161631: sys_ptrace -> 0x0
             exe-1050374 [002] ..... 1636743.161642: sys_shutdown -> 0xffffffffffffffa8
             exe-1049567 [000] ..... 1636743.161646: sys_nanosleep -> 0x0
             exe-1049567 [000] ..... 1636743.161652: sys_nanosleep(rqtp: c000069f10, rmtp: 0)
             exe-1050232 [002] ..... 1636743.161661: sys_wait4(upid: 100706, stat_addr: c000a29bf4, options: 40000002, ru: 0)
             exe-1050232 [002] ..... 1636743.161663: sys_wait4 -> 0x100706
             exe-1050232 [002] ..... 1636743.161665: sys_ptrace(request: 4204, pid: 100706, addr: 1, data: c000a29c70)
             exe-1050232 [002] ..... 1636743.161669: sys_ptrace -> 0x0
             exe-1050232 [002] ..... 1636743.161671: sys_ptrace(request: 4204, pid: 100706, addr: 202, data: c000a29c70)
             exe-1050232 [002] ..... 1636743.161674: sys_ptrace -> 0x0
             exe-1050232 [002] ..... 1636743.161683: sys_pwrite64(fd: 63, buf: 7fd66e20f080, count: 1d, pos: 1f)
             exe-1050232 [002] ..... 1636743.161685: tracing_mark_write: shutdown(fd=356, how=0x2) end
             exe-1050232 [002] ..... 1636743.225200: tracing_mark_write: shutdown(fd=356, how=0x2) start
             exe-1050232 [002] ..... 1636743.225202: sys_pwrite64 -> 0x1f
             exe-1050232 [002] ..... 1636743.225208: sys_ptrace(request: 4205, pid: 100706, addr: 1, data: c000a29c70)
             exe-1050232 [002] ..... 1636743.225211: sys_ptrace -> 0x0
             exe-1050232 [002] ..... 1636743.225212: sys_ptrace(request: 4205, pid: 100706, addr: 202, data: c000a29c70)
             exe-1050232 [002] ..... 1636743.225223: sys_ptrace -> 0x0
             exe-1050232 [002] ..... 1636743.225225: sys_ptrace(request: 1f, pid: 100706, addr: 0, data: 0)
             exe-1050232 [002] .N... 1636743.225232: sys_ptrace -> 0x0
             exe-1049673 [000] ..... 1636743.225236: sys_nanosleep -> 0x0
             exe-1049673 [000] ..... 1636743.225241: sys_nanosleep(rqtp: c000069f10, rmtp: 0)
             exe-1050374 [002] ..... 1636743.225243: sys_write -> 0x1f
             exe-1049567 [000] ..... 1636743.225257: sys_nanosleep -> 0x0
             exe-1050232 [002] ..... 1636743.225261: sys_wait4(upid: 100706, stat_addr: c000a29bf4, options: 40000002, ru: 0)
             exe-1049567 [000] ..... 1636743.225262: sys_nanosleep(rqtp: c000069f10, rmtp: 0)
             exe-1050232 [002] ..... 1636743.225264: sys_wait4 -> 0x100706
             exe-1050232 [002] ..... 1636743.225266: sys_ptrace(request: 4204, pid: 100706, addr: 1, data: c000a29c70)
             exe-1050232 [002] ..... 1636743.225269: sys_ptrace -> 0x0
             exe-1050232 [002] ..... 1636743.225271: sys_ptrace(request: 4204, pid: 100706, addr: 202, data: c000a29c70)
             exe-1050232 [002] ..... 1636743.225273: sys_ptrace -> 0x0
             exe-1050232 [002] ..... 1636743.225280: sys_ptrace(request: 4205, pid: 100706, addr: 1, data: c000a29c70)
             exe-1050232 [002] ..... 1636743.225282: sys_ptrace -> 0x0
             exe-1050232 [002] ..... 1636743.225284: sys_ptrace(request: 4205, pid: 100706, addr: 202, data: c000a29c70)
             exe-1050232 [002] ..... 1636743.225293: sys_ptrace -> 0x0
             exe-1050232 [002] ..... 1636743.225295: sys_ptrace(request: 1f, pid: 100706, addr: 0, data: 0)
             exe-1050232 [002] .N... 1636743.225301: sys_ptrace -> 0x0
             exe-1050374 [002] ..... 1636743.225311: sys_shutdown -> 0xffffffffffffffa8
             exe-1050232 [002] ..... 1636743.225329: sys_wait4(upid: 100706, stat_addr: c000a29bf4, options: 40000002, ru: 0)
             exe-1050232 [002] ..... 1636743.225331: sys_wait4 -> 0x100706
             exe-1050232 [002] ..... 1636743.225333: sys_ptrace(request: 4204, pid: 100706, addr: 1, data: c000a29c70)
             exe-1050232 [002] ..... 1636743.225336: sys_ptrace -> 0x0
             exe-1050232 [002] ..... 1636743.225338: sys_ptrace(request: 4204, pid: 100706, addr: 202, data: c000a29c70)
             exe-1050232 [002] ..... 1636743.225340: sys_ptrace -> 0x0
             exe-1049673 [000] ..... 1636743.225343: sys_nanosleep -> 0x0
             exe-1049673 [000] ..... 1636743.225348: sys_nanosleep(rqtp: c000069f10, rmtp: 0)
             exe-1050232 [002] ..... 1636743.225349: sys_pwrite64(fd: 63, buf: 7fd66e20f080, count: 1d, pos: 1f)
             exe-1050232 [002] ..... 1636743.225350: tracing_mark_write: shutdown(fd=356, how=0x2) end
             exe-1050232 [002] ..... 1636743.298151: tracing_mark_write: shutdown(fd=356, how=0x2) start
             exe-1050232 [002] ..... 1636743.298167: sys_pwrite64 -> 0x1f
             exe-1050232 [002] ..... 1636743.298175: sys_ptrace(request: 4205, pid: 100706, addr: 1, data: c000a29c70)
             exe-1050232 [002] ..... 1636743.298178: sys_ptrace -> 0x0
             exe-1050232 [002] ..... 1636743.298179: sys_ptrace(request: 4205, pid: 100706, addr: 202, data: c000a29c70)
             exe-1050232 [002] ..... 1636743.298192: sys_ptrace -> 0x0
             exe-1050232 [002] ..... 1636743.298193: sys_ptrace(request: 1f, pid: 100706, addr: 0, data: 0)
             exe-1050232 [002] .N... 1636743.298201: sys_ptrace -> 0x0
             exe-1049673 [000] ..... 1636743.298209: sys_nanosleep -> 0x0
             exe-1050374 [002] ..... 1636743.298211: sys_write -> 0x1f
             exe-1049673 [000] ..... 1636743.298215: sys_nanosleep(rqtp: c000069f10, rmtp: 0)
             exe-1050232 [002] ..... 1636743.298231: sys_wait4(upid: 100706, stat_addr: c000a29bf4, options: 40000002, ru: 0)
             exe-1050232 [002] ..... 1636743.298233: sys_wait4 -> 0x100706
             exe-1050232 [002] ..... 1636743.298235: sys_ptrace(request: 4204, pid: 100706, addr: 1, data: c000a29c70)
             exe-1050232 [002] ..... 1636743.298239: sys_ptrace -> 0x0
             exe-1050232 [002] ..... 1636743.298240: sys_ptrace(request: 4204, pid: 100706, addr: 202, data: c000a29c70)
             exe-1050232 [002] ..... 1636743.298243: sys_ptrace -> 0x0
             exe-1050232 [002] ..... 1636743.298251: sys_ptrace(request: 4205, pid: 100706, addr: 1, data: c000a29c70)
             exe-1050232 [002] ..... 1636743.298254: sys_ptrace -> 0x0
             exe-1050232 [002] ..... 1636743.298255: sys_ptrace(request: 4205, pid: 100706, addr: 202, data: c000a29c70)
             exe-1050232 [002] ..... 1636743.298265: sys_ptrace -> 0x0
             exe-1050232 [002] ..... 1636743.298267: sys_ptrace(request: 1f, pid: 100706, addr: 0, data: 0)
             exe-1050232 [002] .N... 1636743.298273: sys_ptrace -> 0x0
             exe-1050374 [002] ..... 1636743.298283: sys_shutdown -> 0xffffffffffffffa8
             exe-1050232 [002] ..... 1636743.298302: sys_wait4(upid: 100706, stat_addr: c000a29bf4, options: 40000002, ru: 0)
             exe-1050232 [002] ..... 1636743.298305: sys_wait4 -> 0x100706
             exe-1050232 [002] ..... 1636743.298307: sys_ptrace(request: 4204, pid: 100706, addr: 1, data: c000a29c70)
             exe-1050232 [002] ..... 1636743.298310: sys_ptrace -> 0x0
             exe-1050232 [002] ..... 1636743.298312: sys_ptrace(request: 4204, pid: 100706, addr: 202, data: c000a29c70)
             exe-1050232 [002] ..... 1636743.298314: sys_ptrace -> 0x0
             exe-1049673 [000] ..... 1636743.298318: sys_nanosleep -> 0x0
             exe-1050232 [002] ..... 1636743.298323: sys_pwrite64(fd: 63, buf: 7fd66e20f080, count: 1d, pos: 1f)
             exe-1049673 [000] ..... 1636743.298324: sys_epoll_pwait(epfd: 10, events: c000069920, maxevents: 80, timeout: 0, sigmask: 0, sigsetsize: 0)
             exe-1050232 [002] ..... 1636743.298324: tracing_mark_write: shutdown(fd=356, how=0x2) end
             exe-1050232 [002] ..... 1636743.356381: tracing_mark_write: shutdown(fd=356, how=0x2) start
             exe-1050232 [002] ..... 1636743.356383: sys_pwrite64 -> 0x1f
             exe-1049567 [003] ..... 1636743.356384: sys_nanosleep -> 0x0
             exe-1049567 [003] ..... 1636743.356386: sys_nanosleep(rqtp: c000069f10, rmtp: 0)
             exe-1050232 [002] ..... 1636743.356389: sys_ptrace(request: 4205, pid: 100706, addr: 1, data: c000a29c70)
             exe-1050232 [002] ..... 1636743.356392: sys_ptrace -> 0x0
             exe-1050232 [002] ..... 1636743.356393: sys_ptrace(request: 4205, pid: 100706, addr: 202, data: c000a29c70)
             exe-1050232 [002] ..... 1636743.356404: sys_ptrace -> 0x0
             exe-1049673 [000] ..... 1636743.356405: sys_nanosleep -> 0x0
             exe-1050232 [002] ..... 1636743.356406: sys_ptrace(request: 1f, pid: 100706, addr: 0, data: 0)
             exe-1049673 [000] ..... 1636743.356408: sys_nanosleep(rqtp: c000069f10, rmtp: 0)
             exe-1050232 [002] .N... 1636743.356413: sys_ptrace -> 0x0
             exe-1050374 [002] ..... 1636743.356424: sys_write -> 0x1f
             exe-1050232 [002] ..... 1636743.356443: sys_wait4(upid: 100706, stat_addr: c000a29bf4, options: 40000002, ru: 0)
             exe-1050232 [002] ..... 1636743.356446: sys_wait4 -> 0x100706
             exe-1050232 [002] ..... 1636743.356449: sys_ptrace(request: 4204, pid: 100706, addr: 1, data: c000a29c70)
             exe-1050232 [002] ..... 1636743.356452: sys_ptrace -> 0x0
             exe-1050232 [002] ..... 1636743.356454: sys_ptrace(request: 4204, pid: 100706, addr: 202, data: c000a29c70)
             exe-1050232 [002] ..... 1636743.356456: sys_ptrace -> 0x0
             exe-1049567 [003] ..... 1636743.356464: sys_nanosleep -> 0x0
             exe-1050232 [002] ..... 1636743.356464: sys_ptrace(request: 4205, pid: 100706, addr: 1, data: c000a29c70)
             exe-1049567 [003] ..... 1636743.356465: sys_nanosleep(rqtp: c000069f10, rmtp: 0)
             exe-1050232 [002] ..... 1636743.356466: sys_ptrace -> 0x0
             exe-1050232 [002] ..... 1636743.356468: sys_ptrace(request: 4205, pid: 100706, addr: 202, data: c000a29c70)
             exe-1050232 [002] ..... 1636743.356478: sys_ptrace -> 0x0
             exe-1050232 [002] ..... 1636743.356479: sys_ptrace(request: 1f, pid: 100706, addr: 0, data: 0)
             exe-1050232 [002] .N... 1636743.356486: sys_ptrace -> 0x0
             exe-1049673 [000] ..... 1636743.356492: sys_nanosleep -> 0x0
             exe-1049673 [000] ..... 1636743.356494: sys_nanosleep(rqtp: c000069f10, rmtp: 0)
             exe-1050374 [002] ..... 1636743.356497: sys_shutdown -> 0xffffffffffffffa8
             exe-1050232 [002] ..... 1636743.356516: sys_wait4(upid: 100706, stat_addr: c000a29bf4, options: 40000002, ru: 0)
             exe-1050232 [002] ..... 1636743.356518: sys_wait4 -> 0x100706
             exe-1050232 [002] ..... 1636743.356521: sys_ptrace(request: 4204, pid: 100706, addr: 1, data: c000a29c70)
             exe-1050232 [002] ..... 1636743.356524: sys_ptrace -> 0x0
             exe-1050232 [002] ..... 1636743.356526: sys_ptrace(request: 4204, pid: 100706, addr: 202, data: c000a29c70)
             exe-1050232 [002] ..... 1636743.356528: sys_ptrace -> 0x0
             exe-1050232 [002] ..... 1636743.356537: sys_pwrite64(fd: 63, buf: 7fd66e20f080, count: 1d, pos: 1f)
             exe-1050232 [002] ..... 1636743.356539: tracing_mark_write: shutdown(fd=356, how=0x2) end
             exe-1050232 [001] ..... 1636743.417810: tracing_mark_write: shutdown(fd=356, how=0x2) start
             exe-1050232 [001] ..... 1636743.417811: sys_pwrite64 -> 0x1f
             exe-1050232 [001] ..... 1636743.417818: sys_ptrace(request: 4205, pid: 100706, addr: 1, data: c000a29c70)
             exe-1049673 [000] ..... 1636743.417820: sys_nanosleep -> 0x0
             exe-1050232 [001] ..... 1636743.417820: sys_ptrace -> 0x0
             exe-1050232 [001] ..... 1636743.417822: sys_ptrace(request: 4205, pid: 100706, addr: 202, data: c000a29c70)
             exe-1049673 [000] ..... 1636743.417822: sys_nanosleep(rqtp: c000069f10, rmtp: 0)
             exe-1050232 [001] ..... 1636743.417833: sys_ptrace -> 0x0
             exe-1050232 [001] ..... 1636743.417835: sys_ptrace(request: 1f, pid: 100706, addr: 0, data: 0)
             exe-1050232 [001] .N... 1636743.417843: sys_ptrace -> 0x0
             exe-1050374 [001] ..... 1636743.417855: sys_write -> 0x1f
             exe-1049567 [003] ..... 1636743.417868: sys_nanosleep -> 0x0
             exe-1049567 [003] ..... 1636743.417871: sys_nanosleep(rqtp: c000069f10, rmtp: 0)
             exe-1050232 [001] ..... 1636743.417874: sys_wait4(upid: 100706, stat_addr: c000a29bf4, options: 40000002, ru: 0)
             exe-1050232 [001] ..... 1636743.417877: sys_wait4 -> 0x100706
             exe-1050232 [001] ..... 1636743.417879: sys_ptrace(request: 4204, pid: 100706, addr: 1, data: c000a29c70)
             exe-1050232 [001] ..... 1636743.417883: sys_ptrace -> 0x0
             exe-1050232 [001] ..... 1636743.417884: sys_ptrace(request: 4204, pid: 100706, addr: 202, data: c000a29c70)
             exe-1050232 [001] ..... 1636743.417887: sys_ptrace -> 0x0
             exe-1050232 [001] ..... 1636743.417894: sys_ptrace(request: 4205, pid: 100706, addr: 1, data: c000a29c70)
             exe-1050232 [001] ..... 1636743.417897: sys_ptrace -> 0x0
             exe-1050232 [001] ..... 1636743.417899: sys_ptrace(request: 4205, pid: 100706, addr: 202, data: c000a29c70)
             exe-1050232 [001] ..... 1636743.417909: sys_ptrace -> 0x0
