             exe-1049673 [002] ..... 1636765.428046: sys_nanosleep(rqtp: c000069f10, rmtp: 0)
             exe-1050026 [002] ..... 1636765.428069: sys_write -> 0x4b
             exe-1049981 [003] ..... 1636765.428086: sys_wait4 -> 0x1005aa
             exe-1049981 [003] ..... 1636765.428088: sys_ptrace(request: 4204, pid: 1005aa, addr: 1, data: c0004bdc70)
             exe-1049981 [003] ..... 1636765.428090: sys_ptrace -> 0x0
             exe-1049981 [003] ..... 1636765.428091: sys_ptrace(request: 4204, pid: 1005aa, addr: 202, data: c0004bdc70)
             exe-1049981 [003] ..... 1636765.428093: sys_ptrace -> 0x0
             exe-1049981 [003] ..... 1636765.428096: sys_ptrace(request: 4205, pid: 1005aa, addr: 1, data: c0004bdc70)
             exe-1049981 [003] ..... 1636765.428098: sys_ptrace -> 0x0
             exe-1049981 [003] ..... 1636765.428099: sys_ptrace(request: 4205, pid: 1005aa, addr: 202, data: c0004bdc70)
             exe-1049981 [003] ..... 1636765.428105: sys_ptrace -> 0x0
             exe-1049981 [003] ..... 1636765.428106: sys_ptrace(request: 1f, pid: 1005aa, addr: 0, data: 0)
             exe-1049981 [003] ..... 1636765.428111: sys_ptrace -> 0x0
             exe-1049981 [003] ..... 1636765.428112: sys_wait4(upid: 1005aa, stat_addr: c0004bdbf4, options: 40000002, ru: 0)
             exe-1050026 [002] ..... 1636765.428139: sys_signalfd4 -> 0xffffffffffffffea
             exe-1049673 [002] ..... 1636765.428157: sys_nanosleep -> 0x0
           <...>-1050289 [003] ..... 1636765.428158: sys_epoll_pwait -> 0x0
             exe-1049673 [002] ..... 1636765.428163: sys_nanosleep(rqtp: c000069f10, rmtp: 0)
           <...>-1050289 [003] ..... 1636765.428169: sys_futex(uaddr: c0025a9548, op: 81, val: 1, utime: 0, uaddr2: 0, val3: 0)
           <...>-1050289 [003] ..... 1636765.428174: sys_futex -> 0x1
           <...>-1050289 [003] ..... 1636765.428186: sys_epoll_pwait(epfd: 11, events: c0022e5840, maxevents: 80, timeout: 3, sigmask: 0, sigsetsize: 0)
             exe-1049981 [003] ..... 1636765.428193: sys_wait4 -> 0x1005aa
             exe-1049981 [003] ..... 1636765.428196: sys_ptrace(request: 4204, pid: 1005aa, addr: 1, data: c0004bdc70)
           <...>-1050233 [002] ..... 1636765.428196: sys_futex -> 0x0
             exe-1049981 [003] ..... 1636765.428198: sys_ptrace -> 0x0
             exe-1049981 [003] ..... 1636765.428199: sys_ptrace(request: 4204, pid: 1005aa, addr: 202, data: c0004bdc70)
             exe-1049981 [003] ..... 1636765.428201: sys_ptrace -> 0x0
             exe-1049981 [003] ..... 1636765.428207: sys_pwrite64(fd: 63, buf: 7fd66edc9080, count: 49, pos: 4b)
             exe-1049981 [003] ..... 1636765.428208: tracing_mark_write: signalfd4(ufd=287, user_mask=0x1, sizemask=222, flags=0x7f8ff3099d00) end
             exe-1049981 [000] ..... 1636765.500933: tracing_mark_write: signalfd4(ufd=22, user_mask=0x7f8ff1200000, sizemask=0x56a3144885a0, flags=0x7f8ff3099d00) start
             exe-1049981 [000] ..... 1636765.500939: sys_pwrite64 -> 0x60
             exe-1049981 [000] ..... 1636765.500944: sys_ptrace(request: 4205, pid: 1005aa, addr: 1, data: c0004bdc70)
             exe-1049981 [000] ..... 1636765.500947: sys_ptrace -> 0x0
             exe-1049981 [000] ..... 1636765.500948: sys_ptrace(request: 4205, pid: 1005aa, addr: 202, data: c0004bdc70)
             exe-1049981 [000] ..... 1636765.500957: sys_ptrace -> 0x0
             exe-1049981 [000] ..... 1636765.500958: sys_ptrace(request: 1f, pid: 1005aa, addr: 0, data: 0)
             exe-1049981 [000] ..... 1636765.500966: sys_ptrace -> 0x0
             exe-1049981 [000] ..... 1636765.500968: sys_wait4(upid: 1005aa, stat_addr: c0004bdbf4, options: 40000002, ru: 0)
             exe-1050026 [002] ..... 1636765.500984: sys_write -> 0x60
             exe-1049567 [001] ..... 1636765.501022: sys_nanosleep -> 0x0
             exe-1049981 [000] ..... 1636765.501027: sys_wait4 -> 0x1005aa
             exe-1049567 [001] ..... 1636765.501028: sys_nanosleep(rqtp: c000069f10, rmtp: 0)
             exe-1049981 [000] ..... 1636765.501029: sys_ptrace(request: 4204, pid: 1005aa, addr: 1, data: c0004bdc70)
             exe-1049981 [000] ..... 1636765.501033: sys_ptrace -> 0x0
             exe-1049981 [000] ..... 1636765.501034: sys_ptrace(request: 4204, pid: 1005aa, addr: 202, data: c0004bdc70)
             exe-1049981 [000] ..... 1636765.501036: sys_ptrace -> 0x0
             exe-1049981 [000] ..... 1636765.501042: sys_ptrace(request: 4205, pid: 1005aa, addr: 1, data: c0004bdc70)
             exe-1049981 [000] ..... 1636765.501045: sys_ptrace -> 0x0
             exe-1049981 [000] ..... 1636765.501046: sys_ptrace(request: 4205, pid: 1005aa, addr: 202, data: c0004bdc70)
             exe-1049981 [000] ..... 1636765.501058: sys_ptrace -> 0x0
             exe-1049981 [000] ..... 1636765.501060: sys_ptrace(request: 1f, pid: 1005aa, addr: 0, data: 0)
             exe-1049981 [000] ..... 1636765.501065: sys_ptrace -> 0x0
             exe-1049981 [000] ..... 1636765.501067: sys_wait4(upid: 1005aa, stat_addr: c0004bdbf4, options: 40000002, ru: 0)
             exe-1050026 [002] ..... 1636765.501082: sys_signalfd4 -> 0xffffffffffffffea
             exe-1049981 [000] ..... 1636765.501100: sys_wait4 -> 0x1005aa
             exe-1049981 [000] ..... 1636765.501103: sys_ptrace(request: 4204, pid: 1005aa, addr: 1, data: c0004bdc70)
             exe-1049981 [000] ..... 1636765.501105: sys_ptrace -> 0x0
             exe-1049981 [000] ..... 1636765.501106: sys_ptrace(request: 4204, pid: 1005aa, addr: 202, data: c0004bdc70)
             exe-1049981 [000] ..... 1636765.501108: sys_ptrace -> 0x0
             exe-1049981 [000] ..... 1636765.501114: sys_pwrite64(fd: 63, buf: 7fd66edc9080, count: 5e, pos: 60)
             exe-1049981 [000] ..... 1636765.501115: tracing_mark_write: signalfd4(ufd=22, user_mask=0x7f8ff1200000, sizemask=0x56a3144885a0, flags=0x7f8ff3099d00) end
             exe-1049981 [003] ..... 1636765.571373: tracing_mark_write: signalfd4(ufd=22, user_mask=0x7f8ff303f000, sizemask=0x8000000, flags=0x7f8ff3099d00) start
             exe-1049981 [003] ..... 1636765.571374: sys_pwrite64 -> 0x5b
             exe-1049981 [003] ..... 1636765.571381: sys_ptrace(request: 4205, pid: 1005aa, addr: 1, data: c0004bdc70)
             exe-1049981 [003] ..... 1636765.571384: sys_ptrace -> 0x0
             exe-1049981 [003] ..... 1636765.571385: sys_ptrace(request: 4205, pid: 1005aa, addr: 202, data: c0004bdc70)
             exe-1049981 [003] ..... 1636765.571397: sys_ptrace -> 0x0
             exe-1049981 [003] ..... 1636765.571400: sys_ptrace(request: 1f, pid: 1005aa, addr: 0, data: 0)
             exe-1049673 [002] ..... 1636765.571401: sys_nanosleep -> 0x0
             exe-1049673 [002] ..... 1636765.571404: sys_futex(uaddr: 1f09dc0, op: 80, val: 0, utime: c000069eb0, uaddr2: 0, val3: 0)
             exe-1049981 [003] .N... 1636765.571407: sys_ptrace -> 0x0
             exe-1050026 [003] ..... 1636765.571419: sys_write -> 0x5b
             exe-1049981 [003] ..... 1636765.571438: sys_wait4(upid: 1005aa, stat_addr: c0004bdbf4, options: 40000002, ru: 0)
             exe-1049981 [003] ..... 1636765.571441: sys_wait4 -> 0x1005aa
             exe-1049981 [003] ..... 1636765.571444: sys_ptrace(request: 4204, pid: 1005aa, addr: 1, data: c0004bdc70)
             exe-1049981 [003] ..... 1636765.571447: sys_ptrace -> 0x0
             exe-1049981 [003] ..... 1636765.571449: sys_ptrace(request: 4204, pid: 1005aa, addr: 202, data: c0004bdc70)
             exe-1049981 [003] ..... 1636765.571452: sys_ptrace -> 0x0
             exe-1049981 [003] ..... 1636765.571459: sys_ptrace(request: 4205, pid: 1005aa, addr: 1, data: c0004bdc70)
             exe-1049981 [003] ..... 1636765.571461: sys_ptrace -> 0x0
             exe-1049981 [003] ..... 1636765.571463: sys_ptrace(request: 4205, pid: 1005aa, addr: 202, data: c0004bdc70)
             exe-1049981 [003] ..... 1636765.571473: sys_ptrace -> 0x0
             exe-1049981 [003] ..... 1636765.571475: sys_ptrace(request: 1f, pid: 1005aa, addr: 0, data: 0)
             exe-1049981 [003] .N... 1636765.571481: sys_ptrace -> 0x0
             exe-1050026 [003] ..... 1636765.571492: sys_signalfd4 -> 0xffffffffffffffea
             exe-1049981 [003] ..... 1636765.571511: sys_wait4(upid: 1005aa, stat_addr: c0004bdbf4, options: 40000002, ru: 0)
             exe-1049981 [003] ..... 1636765.571514: sys_wait4 -> 0x1005aa
             exe-1049981 [003] ..... 1636765.571517: sys_ptrace(request: 4204, pid: 1005aa, addr: 1, data: c0004bdc70)
             exe-1049981 [003] ..... 1636765.571520: sys_ptrace -> 0x0
             exe-1049981 [003] ..... 1636765.571522: sys_ptrace(request: 4204, pid: 1005aa, addr: 202, data: c0004bdc70)
             exe-1049981 [003] ..... 1636765.571524: sys_ptrace -> 0x0
             exe-1049981 [003] ..... 1636765.571533: sys_pwrite64(fd: 63, buf: 7fd66edc9080, count: 59, pos: 5b)
             exe-1049981 [003] ..... 1636765.571535: tracing_mark_write: signalfd4(ufd=22, user_mask=0x7f8ff303f000, sizemask=0x8000000, flags=0x7f8ff3099d00) end
             exe-1049981 [003] ..... 1636765.640964: tracing_mark_write: signalfd4(ufd=22, user_mask=0x7f8ff1400000, sizemask=-2, flags=0x7f8ff3099d00) start
             exe-1049981 [003] ..... 1636765.640966: sys_pwrite64 -> 0x54
             exe-1049981 [003] ..... 1636765.640973: sys_ptrace(request: 4205, pid: 1005aa, addr: 1, data: c0004bdc70)
           <...>-1049643 [000] ..... 1636765.640973: sys_futex -> 0x0
             exe-1049981 [003] ..... 1636765.640976: sys_ptrace -> 0x0
             exe-1049981 [003] ..... 1636765.640977: sys_ptrace(request: 4205, pid: 1005aa, addr: 202, data: c0004bdc70)
           <...>-1049643 [000] ..... 1636765.640982: sys_futex(uaddr: c00005c548, op: 80, val: 0, utime: 0, uaddr2: 0, val3: 0)
             exe-1049673 [002] ..... 1636765.641301: sys_nanosleep -> 0x0
             exe-1049673 [002] ..... 1636765.641309: sys_nanosleep(rqtp: c000069f10, rmtp: 0)
             exe-1050289 [000] ..... 1636765.641351: sys_epoll_pwait -> 0x0
             exe-1050289 [000] ..... 1636765.641366: sys_epoll_pwait(epfd: 11, events: c0022e5840, maxevents: 80, timeout: 1, sigmask: 0, sigsetsize: 0)
             exe-1049981 [003] ..... 1636765.641401: sys_ptrace -> 0x0
             exe-1049981 [003] ..... 1636765.641406: sys_ptrace(request: 1f, pid: 1005aa, addr: 0, data: 0)
             exe-1049981 [003] .N... 1636765.641412: sys_ptrace -> 0x0
             exe-1050026 [003] ..... 1636765.641424: sys_write -> 0x54
             exe-1049981 [003] ..... 1636765.641448: sys_wait4(upid: 1005aa, stat_addr: c0004bdbf4, options: 40000002, ru: 0)
             exe-1049981 [003] ..... 1636765.641450: sys_wait4 -> 0x1005aa
             exe-1049981 [003] ..... 1636765.641453: sys_ptrace(request: 4204, pid: 1005aa, addr: 1, data: c0004bdc70)
             exe-1049981 [003] ..... 1636765.641457: sys_ptrace -> 0x0
             exe-1049981 [003] ..... 1636765.641459: sys_ptrace(request: 4204, pid: 1005aa, addr: 202, data: c0004bdc70)
             exe-1049981 [003] ..... 1636765.641462: sys_ptrace -> 0x0
             exe-1049981 [003] ..... 1636765.641470: sys_ptrace(request: 4205, pid: 1005aa, addr: 1, data: c0004bdc70)
             exe-1049981 [003] ..... 1636765.641473: sys_ptrace -> 0x0
             exe-1049981 [003] ..... 1636765.641474: sys_ptrace(request: 4205, pid: 1005aa, addr: 202, data: c0004bdc70)
             exe-1049981 [003] ..... 1636765.641486: sys_ptrace -> 0x0
             exe-1049981 [003] ..... 1636765.641488: sys_ptrace(request: 1f, pid: 1005aa, addr: 0, data: 0)
             exe-1049981 [003] .N... 1636765.641494: sys_ptrace -> 0x0
             exe-1050026 [003] ..... 1636765.641505: sys_signalfd4 -> 0xffffffffffffffea
             exe-1049981 [003] ..... 1636765.641524: sys_wait4(upid: 1005aa, stat_addr: c0004bdbf4, options: 40000002, ru: 0)
             exe-1049981 [003] ..... 1636765.641526: sys_wait4 -> 0x1005aa
             exe-1049981 [003] ..... 1636765.641528: sys_ptrace(request: 4204, pid: 1005aa, addr: 1, data: c0004bdc70)
             exe-1049981 [003] ..... 1636765.641532: sys_ptrace -> 0x0
             exe-1049981 [003] ..... 1636765.641533: sys_ptrace(request: 4204, pid: 1005aa, addr: 202, data: c0004bdc70)
             exe-1049981 [003] ..... 1636765.641535: sys_ptrace -> 0x0
             exe-1049981 [003] ..... 1636765.641547: sys_pwrite64(fd: 63, buf: 7fd66edc9080, count: 52, pos: 54)
             exe-1049981 [003] ..... 1636765.641549: tracing_mark_write: signalfd4(ufd=22, user_mask=0x7f8ff1400000, sizemask=-2, flags=0x7f8ff3099d00) end
             exe-1049981 [003] ..... 1636765.710333: tracing_mark_write: signalfd4(ufd=22, user_mask=0x7f8ff2100000, sizemask=204, flags=0x7f8ff3099d00) start
             exe-1049981 [003] ..... 1636765.710335: sys_pwrite64 -> 0x55
             exe-1049981 [003] ..... 1636765.710341: sys_ptrace(request: 4205, pid: 1005aa, addr: 1, data: c0004bdc70)
             exe-1049981 [003] ..... 1636765.710344: sys_ptrace -> 0x0
             exe-1049981 [003] ..... 1636765.710345: sys_ptrace(request: 4205, pid: 1005aa, addr: 202, data: c0004bdc70)
             exe-1049567 [002] ..... 1636765.710353: sys_nanosleep -> 0x0
             exe-1049981 [003] ..... 1636765.710356: sys_ptrace -> 0x0
             exe-1049981 [003] ..... 1636765.710358: sys_ptrace(request: 1f, pid: 1005aa, addr: 0, data: 0)
             exe-1049567 [002] ..... 1636765.710359: sys_nanosleep(rqtp: c000069f10, rmtp: 0)
             exe-1049981 [003] .N... 1636765.710365: sys_ptrace -> 0x0
             exe-1050026 [003] ..... 1636765.710376: sys_write -> 0x55
             exe-1049673 [002] ..... 1636765.710378: sys_nanosleep -> 0x0
             exe-1049673 [002] ..... 1636765.710384: sys_nanosleep(rqtp: c000069f10, rmtp: 0)
             exe-1049673 [002] ..... 1636765.710456: sys_nanosleep -> 0x0
             exe-1049673 [002] ..... 1636765.710459: sys_nanosleep(rqtp: c000069f10, rmtp: 0)
             exe-1049567 [002] ..... 1636765.710473: sys_nanosleep -> 0x0
             exe-1049567 [002] ..... 1636765.710478: sys_nanosleep(rqtp: c000069f10, rmtp: 0)
             exe-1049673 [002] ..... 1636765.710559: sys_nanosleep -> 0x0
             exe-1049673 [002] ..... 1636765.710564: sys_nanosleep(rqtp: c000069f10, rmtp: 0)
             exe-1049567 [002] ..... 1636765.710583: sys_nanosleep -> 0x0
             exe-1049567 [002] ..... 1636765.710588: sys_nanosleep(rqtp: c000069f10, rmtp: 0)
             exe-1049981 [003] ..... 1636765.710615: sys_wait4(upid: 1005aa, stat_addr: c0004bdbf4, options: 40000002, ru: 0)
             exe-1049981 [003] ..... 1636765.710618: sys_wait4 -> 0x1005aa
             exe-1049981 [003] ..... 1636765.710621: sys_ptrace(request: 4204, pid: 1005aa, addr: 1, data: c0004bdc70)
             exe-1049981 [003] ..... 1636765.710626: sys_ptrace -> 0x0
             exe-1049981 [003] ..... 1636765.710628: sys_ptrace(request: 4204, pid: 1005aa, addr: 202, data: c0004bdc70)
             exe-1049981 [003] ..... 1636765.710631: sys_ptrace -> 0x0
             exe-1049981 [003] ..... 1636765.710641: sys_ptrace(request: 4205, pid: 1005aa, addr: 1, data: c0004bdc70)
             exe-1049981 [003] ..... 1636765.710643: sys_ptrace -> 0x0
             exe-1049981 [003] ..... 1636765.710645: sys_ptrace(request: 4205, pid: 1005aa, addr: 202, data: c0004bdc70)
             exe-1049981 [003] ..... 1636765.710657: sys_ptrace -> 0x0
             exe-1049567 [002] ..... 1636765.710657: sys_nanosleep -> 0x0
             exe-1049981 [003] ..... 1636765.710660: sys_ptrace(request: 1f, pid: 1005aa, addr: 0, data: 0)
             exe-1049567 [002] ..... 1636765.710660: sys_nanosleep(rqtp: c000069f10, rmtp: 0)
             exe-1049981 [003] .N... 1636765.710669: sys_ptrace -> 0x0
             exe-1049673 [002] ..... 1636765.710673: sys_nanosleep -> 0x0
             exe-1049673 [002] ..... 1636765.710678: sys_nanosleep(rqtp: c000069f10, rmtp: 0)
             exe-1050026 [003] ..... 1636765.710682: sys_signalfd4 -> 0xffffffffffffffea
             exe-1049981 [003] ..... 1636765.710729: sys_wait4(upid: 1005aa, stat_addr: c0004bdbf4, options: 40000002, ru: 0)
             exe-1049981 [003] ..... 1636765.710732: sys_wait4 -> 0x1005aa
             exe-1049981 [003] ..... 1636765.710734: sys_ptrace(request: 4204, pid: 1005aa, addr: 1, data: c0004bdc70)
             exe-1049981 [003] ..... 1636765.710738: sys_ptrace -> 0x0
             exe-1049981 [003] ..... 1636765.710740: sys_ptrace(request: 4204, pid: 1005aa, addr: 202, data: c0004bdc70)
             exe-1049981 [003] ..... 1636765.710742: sys_ptrace -> 0x0
             exe-1049981 [003] ..... 1636765.710757: sys_pwrite64(fd: 63, buf: 7fd66edc9080, count: 53, pos: 55)
             exe-1049567 [002] ..... 1636765.710760: sys_nanosleep -> 0x0
             exe-1049981 [003] ..... 1636765.710760: tracing_mark_write: signalfd4(ufd=22, user_mask=0x7f8ff2100000, sizemask=204, flags=0x7f8ff3099d00) end
             exe-1049981 [003] ..... 1636765.765098: tracing_mark_write: signalfd4(ufd=22, user_mask=0x7f8ff303f000, sizemask=0x5b9a8000, flags=0x7f8ff3099d00) start
             exe-1049981 [003] ..... 1636765.765100: sys_pwrite64 -> 0x5c
           <...>-1050233 [002] ..... 1636765.765106: sys_futex(uaddr: c0025a9548, op: 80, val: 0, utime: 0, uaddr2: 0, val3: 0)
             exe-1049981 [003] ..... 1636765.765107: sys_ptrace(request: 4205, pid: 1005aa, addr: 1, data: c0004bdc70)
             exe-1049981 [003] ..... 1636765.765110: sys_ptrace -> 0x0
             exe-1049981 [003] ..... 1636765.765111: sys_ptrace(request: 4205, pid: 1005aa, addr: 202, data: c0004bdc70)
             exe-1050008 [002] ..... 1636765.765111: sys_futex -> 0x0
             exe-1050008 [002] ..... 1636765.765115: sys_futex(uaddr: c000435948, op: 80, val: 0, utime: 0, uaddr2: 0, val3: 0)
             exe-1049567 [002] ..... 1636765.765119: sys_nanosleep -> 0x0
             exe-1049567 [002] ..... 1636765.765121: sys_nanosleep(rqtp: c000069f10, rmtp: 0)
             exe-1049981 [003] ..... 1636765.765122: sys_ptrace -> 0x0
             exe-1049981 [003] ..... 1636765.765125: sys_ptrace(request: 1f, pid: 1005aa, addr: 0, data: 0)
             exe-1049981 [003] .N... 1636765.765134: sys_ptrace -> 0x0
             exe-1050026 [003] ..... 1636765.765145: sys_write -> 0x5c
             exe-1049981 [003] ..... 1636765.765165: sys_wait4(upid: 1005aa, stat_addr: c0004bdbf4, options: 40000002, ru: 0)
             exe-1049981 [003] ..... 1636765.765168: sys_wait4 -> 0x1005aa
             exe-1049981 [003] ..... 1636765.765171: sys_ptrace(request: 4204, pid: 1005aa, addr: 1, data: c0004bdc70)
             exe-1049981 [003] ..... 1636765.765175: sys_ptrace -> 0x0
             exe-1049981 [003] ..... 1636765.765176: sys_ptrace(request: 4204, pid: 1005aa, addr: 202, data: c0004bdc70)
             exe-1049981 [003] ..... 1636765.765179: sys_ptrace -> 0x0
             exe-1049567 [002] ..... 1636765.765185: sys_nanosleep -> 0x0
             exe-1049981 [003] ..... 1636765.765186: sys_ptrace(request: 4205, pid: 1005aa, addr: 1, data: c0004bdc70)
             exe-1049981 [003] ..... 1636765.765188: sys_ptrace -> 0x0
             exe-1049567 [002] ..... 1636765.765189: sys_nanosleep(rqtp: c000069f10, rmtp: 0)
             exe-1049981 [003] ..... 1636765.765190: sys_ptrace(request: 4205, pid: 1005aa, addr: 202, data: c0004bdc70)
             exe-1049981 [003] ..... 1636765.765199: sys_ptrace -> 0x0
             exe-1049981 [003] ..... 1636765.765201: sys_ptrace(request: 1f, pid: 1005aa, addr: 0, data: 0)
             exe-1049981 [003] .N... 1636765.765208: sys_ptrace -> 0x0
             exe-1050026 [003] ..... 1636765.765219: sys_signalfd4 -> 0xffffffffffffffea
             exe-1049981 [003] ..... 1636765.765238: sys_wait4(upid: 1005aa, stat_addr: c0004bdbf4, options: 40000002, ru: 0)
             exe-1049981 [003] ..... 1636765.765241: sys_wait4 -> 0x1005aa
             exe-1049981 [003] ..... 1636765.765243: sys_ptrace(request: 4204, pid: 1005aa, addr: 1, data: c0004bdc70)
             exe-1049981 [003] ..... 1636765.765247: sys_ptrace -> 0x0
             exe-1049981 [003] ..... 1636765.765248: sys_ptrace(request: 4204, pid: 1005aa, addr: 202, data: c0004bdc70)
             exe-1049981 [003] ..... 1636765.765251: sys_ptrace -> 0x0
             exe-1049981 [003] ..... 1636765.765260: sys_pwrite64(fd: 63, buf: 7fd66edc9080, count: 5a, pos: 5c)
             exe-1049981 [003] ..... 1636765.765262: tracing_mark_write: signalfd4(ufd=22, user_mask=0x7f8ff303f000, sizemask=0x5b9a8000, flags=0x7f8ff3099d00) end
             exe-1049981 [003] ..... 1636765.821759: tracing_mark_write: signalfd4(ufd=372, user_mask=0x7f8ff1000000, sizemask=0xa424007c28, flags=0x7f8ff3099d00) start
             exe-1049981 [003] ..... 1636765.821761: sys_pwrite64 -> 0x5f
             exe-1049981 [003] ..... 1636765.821768: sys_ptrace(request: 4205, pid: 1005aa, addr: 1, data: c0004bdc70)
             exe-1049981 [003] ..... 1636765.821771: sys_ptrace -> 0x0
             exe-1049981 [003] ..... 1636765.821773: sys_ptrace(request: 4205, pid: 1005aa, addr: 202, data: c0004bdc70)
             exe-1049981 [003] ..... 1636765.821785: sys_ptrace -> 0x0
             exe-1049981 [003] ..... 1636765.821787: sys_ptrace(request: 1f, pid: 1005aa, addr: 0, data: 0)
             exe-1049981 [003] .N... 1636765.821794: sys_ptrace -> 0x0
             exe-1050026 [003] ..... 1636765.821806: sys_write -> 0x5f
             exe-1049981 [003] ..... 1636765.821826: sys_wait4(upid: 1005aa, stat_addr: c0004bdbf4, options: 40000002, ru: 0)
             exe-1049981 [003] ..... 1636765.821829: sys_wait4 -> 0x1005aa
             exe-1049981 [003] ..... 1636765.821831: sys_ptrace(request: 4204, pid: 1005aa, addr: 1, data: c0004bdc70)
             exe-1049981 [003] ..... 1636765.821835: sys_ptrace -> 0x0
             exe-1049981 [003] ..... 1636765.821837: sys_ptrace(request: 4204, pid: 1005aa, addr: 202, data: c0004bdc70)
             exe-1049981 [003] ..... 1636765.821839: sys_ptrace -> 0x0
             exe-1049981 [003] ..... 1636765.821846: sys_ptrace(request: 4205, pid: 1005aa, addr: 1, data: c0004bdc70)
             exe-1049981 [003] ..... 1636765.821849: sys_ptrace -> 0x0
             exe-1049981 [003] ..... 1636765.821851: sys_ptrace(request: 4205, pid: 1005aa, addr: 202, data: c0004bdc70)
             exe-1049567 [002] ..... 1636765.821853: sys_nanosleep -> 0x0
             exe-1049567 [002] ..... 1636765.821858: sys_nanosleep(rqtp: c000069f10, rmtp: 0)
             exe-1049981 [003] ..... 1636765.821861: sys_ptrace -> 0x0
             exe-1049981 [003] ..... 1636765.821863: sys_ptrace(request: 1f, pid: 1005aa, addr: 0, data: 0)
             exe-1049981 [003] .N... 1636765.821870: sys_ptrace -> 0x0
             exe-1050026 [003] ..... 1636765.821880: sys_signalfd4 -> 0xffffffffffffffea
             exe-1049981 [003] ..... 1636765.821900: sys_wait4(upid: 1005aa, stat_addr: c0004bdbf4, options: 40000002, ru: 0)
             exe-1049981 [003] ..... 1636765.821902: sys_wait4 -> 0x1005aa
             exe-1049981 [003] ..... 1636765.821904: sys_ptrace(request: 4204, pid: 1005aa, addr: 1, data: c0004bdc70)
             exe-1049981 [003] ..... 1636765.821908: sys_ptrace -> 0x0
             exe-1049981 [003] ..... 1636765.821910: sys_ptrace(request: 4204, pid: 1005aa, addr: 202, data: c0004bdc70)
             exe-1049981 [003] ..... 1636765.821912: sys_ptrace -> 0x0
             exe-1049981 [003] ..... 1636765.821922: sys_pwrite64(fd: 63, buf: 7fd66edc9080, count: 5d, pos: 5f)
             exe-1049981 [003] ..... 1636765.821924: tracing_mark_write: signalfd4(ufd=372, user_mask=0x7f8ff1000000, sizemask=0xa424007c28, flags=0x7f8ff3099d00) end
             exe-1049981 [003] ..... 1636765.883499: tracing_mark_write: signalfd4(ufd=372, user_mask=0x7f8ff2d00000, sizemask=0x183c05c, flags=0x5621ece2ba65) start
             exe-1049981 [003] ..... 1636765.883501: sys_pwrite64 -> 0x5c
             exe-1049981 [003] ..... 1636765.883507: sys_ptrace(request: 4205, pid: 1005aa, addr: 1, data: c0004bdc70)
             exe-1049981 [003] ..... 1636765.883510: sys_ptrace -> 0x0
             exe-1049673 [000] ..... 1636765.883511: sys_nanosleep -> 0x0
             exe-1049981 [003] ..... 1636765.883512: sys_ptrace(request: 4205, pid: 1005aa, addr: 202, data: c0004bdc70)
             exe-1049673 [000] ..... 1636765.883513: sys_nanosleep(rqtp: c000069f10, rmtp: 0)
             exe-1049981 [003] ..... 1636765.883523: sys_ptrace -> 0x0
             exe-1049981 [003] ..... 1636765.883525: sys_ptrace(request: 1f, pid: 1005aa, addr: 0, data: 0)
             exe-1049567 [002] ..... 1636765.883527: sys_nanosleep -> 0x0
             exe-1049567 [002] ..... 1636765.883531: sys_nanosleep(rqtp: c000069f10, rmtp: 0)
             exe-1049981 [003] .N... 1636765.883532: sys_ptrace -> 0x0
             exe-1050026 [003] ..... 1636765.883545: sys_write -> 0x5c
             exe-1049981 [003] ..... 1636765.883568: sys_wait4(upid: 1005aa, stat_addr: c0004bdbf4, options: 40000002, ru: 0)
             exe-1049981 [003] ..... 1636765.883570: sys_wait4 -> 0x1005aa
             exe-1049981 [003] ..... 1636765.883572: sys_ptrace(request: 4204, pid: 1005aa, addr: 1, data: c0004bdc70)
             exe-1049981 [003] ..... 1636765.883576: sys_ptrace -> 0x0
             exe-1049981 [003] ..... 1636765.883578: sys_ptrace(request: 4204, pid: 1005aa, addr: 202, data: c0004bdc70)
             exe-1049981 [003] ..... 1636765.883580: sys_ptrace -> 0x0
             exe-1049981 [003] ..... 1636765.883587: sys_ptrace(request: 4205, pid: 1005aa, addr: 1, data: c0004bdc70)
             exe-1049981 [003] ..... 1636765.883589: sys_ptrace -> 0x0
             exe-1049981 [003] ..... 1636765.883590: sys_ptrace(request: 4205, pid: 1005aa, addr: 202, data: c0004bdc70)
             exe-1049981 [003] ..... 1636765.883600: sys_ptrace -> 0x0
             exe-1049981 [003] ..... 1636765.883601: sys_ptrace(request: 1f, pid: 1005aa, addr: 0, data: 0)
             exe-1049981 [003] .N... 1636765.883609: sys_ptrace -> 0x0
             exe-1050026 [003] ..... 1636765.883619: sys_signalfd4 -> 0xffffffffffffffea
             exe-1049981 [003] ..... 1636765.883637: sys_wait4(upid: 1005aa, stat_addr: c0004bdbf4, options: 40000002, ru: 0)
             exe-1049981 [003] ..... 1636765.883640: sys_wait4 -> 0x1005aa
             exe-1049981 [003] ..... 1636765.883642: sys_ptrace(request: 4204, pid: 1005aa, addr: 1, data: c0004bdc70)
             exe-1049981 [003] ..... 1636765.883645: sys_ptrace -> 0x0
             exe-1049981 [003] ..... 1636765.883647: sys_ptrace(request: 4204, pid: 1005aa, addr: 202, data: c0004bdc70)
             exe-1049981 [003] ..... 1636765.883649: sys_ptrace -> 0x0
             exe-1049981 [003] ..... 1636765.883658: sys_pwrite64(fd: 63, buf: 7fd66edc9080, count: 5a, pos: 5c)
             exe-1049981 [003] ..... 1636765.883660: tracing_mark_write: signalfd4(ufd=372, user_mask=0x7f8ff2d00000, sizemask=0x183c05c, flags=0x5621ece2ba65) end
             exe-1049981 [003] ..... 1636765.974220: tracing_mark_write: signalfd4(ufd=372, user_mask=0x7f8ff1000000, sizemask=0xffff5d6daa53bd66, flags=0x5621ece2ba65) start
             exe-1049981 [003] ..... 1636765.974221: sys_pwrite64 -> 0x65
             exe-1049981 [003] ..... 1636765.974226: sys_ptrace(request: 4205, pid: 1005aa, addr: 1, data: c0004bdc70)
             exe-1049981 [003] ..... 1636765.974228: sys_ptrace -> 0x0
             exe-1049981 [003] ..... 1636765.974230: sys_ptrace(request: 4205, pid: 1005aa, addr: 202, data: c0004bdc70)
             exe-1049567 [000] ..... 1636765.974238: sys_nanosleep -> 0x0
             exe-1049981 [003] ..... 1636765.974239: sys_ptrace -> 0x0
             exe-1049981 [003] ..... 1636765.974240: sys_ptrace(request: 1f, pid: 1005aa, addr: 0, data: 0)
             exe-1049567 [000] ..... 1636765.974244: sys_nanosleep(rqtp: c000069f10, rmtp: 0)
             exe-1049981 [003] .N... 1636765.974246: sys_ptrace -> 0x0
             exe-1050026 [003] ..... 1636765.974255: sys_write -> 0x65
             exe-1049673 [000] ..... 1636765.974265: sys_nanosleep -> 0x0
             exe-1049673 [000] ..... 1636765.974271: sys_nanosleep(rqtp: c000069f10, rmtp: 0)
             exe-1049981 [003] ..... 1636765.974271: sys_wait4(upid: 1005aa, stat_addr: c0004bdbf4, options: 40000002, ru: 0)
             exe-1049981 [003] ..... 1636765.974274: sys_wait4 -> 0x1005aa
             exe-1049981 [003] ..... 1636765.974276: sys_ptrace(request: 4204, pid: 1005aa, addr: 1, data: c0004bdc70)
             exe-1049981 [003] ..... 1636765.974279: sys_ptrace -> 0x0
             exe-1049981 [003] ..... 1636765.974280: sys_ptrace(request: 4204, pid: 1005aa, addr: 202, data: c0004bdc70)
             exe-1049981 [003] ..... 1636765.974282: sys_ptrace -> 0x0
             exe-1049981 [003] ..... 1636765.974288: sys_ptrace(request: 4205, pid: 1005aa, addr: 1, data: c0004bdc70)
             exe-1049981 [003] ..... 1636765.974290: sys_ptrace -> 0x0
             exe-1049981 [003] ..... 1636765.974291: sys_ptrace(request: 4205, pid: 1005aa, addr: 202, data: c0004bdc70)
             exe-1049981 [003] ..... 1636765.974299: sys_ptrace -> 0x0
             exe-1049981 [003] ..... 1636765.974301: sys_ptrace(request: 1f, pid: 1005aa, addr: 0, data: 0)
             exe-1049981 [003] .N... 1636765.974306: sys_ptrace -> 0x0
             exe-1050026 [003] ..... 1636765.974315: sys_signalfd4 -> 0xffffffffffffffea
             exe-1049981 [003] ..... 1636765.974330: sys_wait4(upid: 1005aa, stat_addr: c0004bdbf4, options: 40000002, ru: 0)
             exe-1049981 [003] ..... 1636765.974332: sys_wait4 -> 0x1005aa
             exe-1049981 [003] ..... 1636765.974334: sys_ptrace(request: 4204, pid: 1005aa, addr: 1, data: c0004bdc70)
             exe-1049981 [003] ..... 1636765.974337: sys_ptrace -> 0x0
             exe-1049981 [003] ..... 1636765.974339: sys_ptrace(request: 4204, pid: 1005aa, addr: 202, data: c0004bdc70)
             exe-1049981 [003] ..... 1636765.974341: sys_ptrace -> 0x0
             exe-1049981 [003] ..... 1636765.974348: sys_pwrite64(fd: 63, buf: 7fd66edc9080, count: 63, pos: 65)
             exe-1049981 [003] ..... 1636765.974349: tracing_mark_write: signalfd4(ufd=372, user_mask=0x7f8ff1000000, sizemask=0xffff5d6daa53bd66, flags=0x5621ece2ba65) end
             exe-1049981 [003] ..... 1636766.036715: tracing_mark_write: signalfd4(ufd=289, user_mask=0x0, sizemask=0x138451021006260, flags=0x5621ece2ba65) start
             exe-1049981 [003] ..... 1636766.036717: sys_pwrite64 -> 0x59
             exe-1049673 [000] ..... 1636766.036719: sys_nanosleep -> 0x0
             exe-1049981 [003] ..... 1636766.036723: sys_ptrace(request: 4205, pid: 1005aa, addr: 1, data: c0004bdc70)
             exe-1049673 [000] ..... 1636766.036724: sys_nanosleep(rqtp: c000069f10, rmtp: 0)
             exe-1049981 [003] ..... 1636766.036726: sys_ptrace -> 0x0
             exe-1049981 [003] ..... 1636766.036728: sys_ptrace(request: 4205, pid: 1005aa, addr: 202, data: c0004bdc70)
             exe-1049981 [003] ..... 1636766.036739: sys_ptrace -> 0x0
             exe-1049981 [003] ..... 1636766.036741: sys_ptrace(request: 1f, pid: 1005aa, addr: 0, data: 0)
             exe-1049981 [003] .N... 1636766.036749: sys_ptrace -> 0x0
             exe-1050026 [003] ..... 1636766.036760: sys_write -> 0x59
             exe-1049981 [003] ..... 1636766.036780: sys_wait4(upid: 1005aa, stat_addr: c0004bdbf4, options: 40000002, ru: 0)
             exe-1049981 [003] ..... 1636766.036783: sys_wait4 -> 0x1005aa
             exe-1049981 [003] ..... 1636766.036785: sys_ptrace(request: 4204, pid: 1005aa, addr: 1, data: c0004bdc70)
             exe-1049981 [003] ..... 1636766.036789: sys_ptrace -> 0x0
             exe-1049981 [003] ..... 1636766.036791: sys_ptrace(request: 4204, pid: 1005aa, addr: 202, data: c0004bdc70)
             exe-1049981 [003] ..... 1636766.036794: sys_ptrace -> 0x0
             exe-1049981 [003] ..... 1636766.036801: sys_ptrace(request: 4205, pid: 1005aa, addr: 1, data: c0004bdc70)
             exe-1049981 [003] ..... 1636766.036803: sys_ptrace -> 0x0
             exe-1049567 [000] ..... 1636766.036803: sys_nanosleep -> 0x0
             exe-1049981 [003] ..... 1636766.036805: sys_ptrace(request: 4205, pid: 1005aa, addr: 202, data: c0004bdc70)
             exe-1049567 [000] ..... 1636766.036809: sys_nanosleep(rqtp: c000069f10, rmtp: 0)
             exe-1049981 [003] ..... 1636766.036815: sys_ptrace -> 0x0
             exe-1049981 [003] ..... 1636766.036816: sys_ptrace(request: 1f, pid: 1005aa, addr: 0, data: 0)
             exe-1049981 [003] .N... 1636766.036823: sys_ptrace -> 0x0
             exe-1049673 [000] ..... 1636766.036832: sys_nanosleep -> 0x0
             exe-1050026 [003] ..... 1636766.036834: sys_signalfd4 -> 0xffffffffffffffea
             exe-1049673 [000] ..... 1636766.036837: sys_nanosleep(rqtp: c000069f10, rmtp: 0)
             exe-1049981 [003] ..... 1636766.036853: sys_wait4(upid: 1005aa, stat_addr: c0004bdbf4, options: 40000002, ru: 0)
             exe-1049981 [003] ..... 1636766.036856: sys_wait4 -> 0x1005aa
             exe-1049981 [003] ..... 1636766.036859: sys_ptrace(request: 4204, pid: 1005aa, addr: 1, data: c0004bdc70)
             exe-1049981 [003] ..... 1636766.036862: sys_ptrace -> 0x0
             exe-1049981 [003] ..... 1636766.036864: sys_ptrace(request: 4204, pid: 1005aa, addr: 202, data: c0004bdc70)
             exe-1049981 [003] ..... 1636766.036866: sys_ptrace -> 0x0
             exe-1049981 [003] ..... 1636766.036876: sys_pwrite64(fd: 63, buf: 7fd66edc9080, count: 57, pos: 59)
             exe-1049981 [003] ..... 1636766.036878: tracing_mark_write: signalfd4(ufd=289, user_mask=0x0, sizemask=0x138451021006260, flags=0x5621ece2ba65) end
             exe-1049981 [003] ..... 1636766.121188: tracing_mark_write: signalfd4(ufd=289, user_mask=0x7f8ff2d00000, sizemask=0x22092000, flags=0x5621ece2ba65) start
             exe-1049981 [003] ..... 1636766.121189: sys_pwrite64 -> 0x5d
             exe-1049981 [003] ..... 1636766.121196: sys_ptrace(request: 4205, pid: 1005aa, addr: 1, data: c0004bdc70)
             exe-1049981 [003] ..... 1636766.121199: sys_ptrace -> 0x0
             exe-1049981 [003] ..... 1636766.121200: sys_ptrace(request: 4205, pid: 1005aa, addr: 202, data: c0004bdc70)
             exe-1049673 [001] ..... 1636766.121201: sys_nanosleep -> 0x0
             exe-1049673 [001] ..... 1636766.121203: sys_nanosleep(rqtp: c000069f10, rmtp: 0)
             exe-1049981 [003] ..... 1636766.121211: sys_ptrace -> 0x0
             exe-1049981 [003] ..... 1636766.121213: sys_ptrace(request: 1f, pid: 1005aa, addr: 0, data: 0)
             exe-1049981 [003] .N... 1636766.121220: sys_ptrace -> 0x0
             exe-1050026 [003] ..... 1636766.121231: sys_write -> 0x5d
             exe-1049981 [003] ..... 1636766.121251: sys_wait4(upid: 1005aa, stat_addr: c0004bdbf4, options: 40000002, ru: 0)
             exe-1049981 [003] ..... 1636766.121253: sys_wait4 -> 0x1005aa
             exe-1049981 [003] ..... 1636766.121256: sys_ptrace(request: 4204, pid: 1005aa, addr: 1, data: c0004bdc70)
             exe-1049981 [003] ..... 1636766.121260: sys_ptrace -> 0x0
             exe-1049981 [003] ..... 1636766.121261: sys_ptrace(request: 4204, pid: 1005aa, addr: 202, data: c0004bdc70)
             exe-1049981 [003] ..... 1636766.121264: sys_ptrace -> 0x0
             exe-1049567 [000] ..... 1636766.121266: sys_nanosleep -> 0x0
             exe-1049567 [000] ..... 1636766.121268: sys_nanosleep(rqtp: c000069f10, rmtp: 0)
             exe-1049981 [003] ..... 1636766.121270: sys_ptrace(request: 4205, pid: 1005aa, addr: 1, data: c0004bdc70)
             exe-1049981 [003] ..... 1636766.121273: sys_ptrace -> 0x0
             exe-1049981 [003] ..... 1636766.121274: sys_ptrace(request: 4205, pid: 1005aa, addr: 202, data: c0004bdc70)
             exe-1049981 [003] ..... 1636766.121283: sys_ptrace -> 0x0
             exe-1049981 [003] ..... 1636766.121285: sys_ptrace(request: 1f, pid: 1005aa, addr: 0, data: 0)
             exe-1049673 [001] ..... 1636766.121290: sys_nanosleep -> 0x0
             exe-1049981 [003] .N... 1636766.121292: sys_ptrace -> 0x0
             exe-1049673 [001] ..... 1636766.121292: sys_nanosleep(rqtp: c000069f10, rmtp: 0)
             exe-1050026 [003] ..... 1636766.121302: sys_signalfd4 -> 0xffffffffffffffea
             exe-1049981 [003] ..... 1636766.121321: sys_wait4(upid: 1005aa, stat_addr: c0004bdbf4, options: 40000002, ru: 0)
             exe-1049981 [003] ..... 1636766.121324: sys_wait4 -> 0x1005aa
             exe-1049981 [003] ..... 1636766.121326: sys_ptrace(request: 4204, pid: 1005aa, addr: 1, data: c0004bdc70)
             exe-1049981 [003] ..... 1636766.121330: sys_ptrace -> 0x0
             exe-1049981 [003] ..... 1636766.121331: sys_ptrace(request: 4204, pid: 1005aa, addr: 202, data: c0004bdc70)
             exe-1049981 [003] ..... 1636766.121333: sys_ptrace -> 0x0
             exe-1049981 [003] ..... 1636766.121342: sys_pwrite64(fd: 63, buf: 7fd66edc9080, count: 5b, pos: 5d)
             exe-1049981 [003] ..... 1636766.121344: tracing_mark_write: signalfd4(ufd=289, user_mask=0x7f8ff2d00000, sizemask=0x22092000, flags=0x5621ece2ba65) end
             exe-1049981 [003] ..... 1636766.205771: tracing_mark_write: signalfd4(ufd=289, user_mask=0x1, sizemask=16384, flags=0x5621ece2ba65) start
             exe-1049981 [003] ..... 1636766.205773: sys_pwrite64 -> 0x4d
             exe-1049567 [000] ..... 1636766.205773: sys_nanosleep(rqtp: c000069f10, rmtp: 0)
             exe-1049981 [003] ..... 1636766.205779: sys_ptrace(request: 4205, pid: 1005aa, addr: 1, data: c0004bdc70)
             exe-1049981 [003] ..... 1636766.205782: sys_ptrace -> 0x0
             exe-1049981 [003] ..... 1636766.205783: sys_ptrace(request: 4205, pid: 1005aa, addr: 202, data: c0004bdc70)
             exe-1049673 [000] ..... 1636766.205789: sys_nanosleep -> 0x0
             exe-1049981 [003] ..... 1636766.205793: sys_ptrace -> 0x0
             exe-1049673 [000] ..... 1636766.205794: sys_nanosleep(rqtp: c000069f10, rmtp: 0)
             exe-1049981 [003] ..... 1636766.205795: sys_ptrace(request: 1f, pid: 1005aa, addr: 0, data: 0)
             exe-1049981 [003] .N... 1636766.205802: sys_ptrace -> 0x0
             exe-1050026 [003] ..... 1636766.205812: sys_write -> 0x4d
             exe-1049981 [003] ..... 1636766.205830: sys_wait4(upid: 1005aa, stat_addr: c0004bdbf4, options: 40000002, ru: 0)
             exe-1049981 [003] ..... 1636766.205833: sys_wait4 -> 0x1005aa
             exe-1049981 [003] ..... 1636766.205835: sys_ptrace(request: 4204, pid: 1005aa, addr: 1, data: c0004bdc70)
             exe-1049981 [003] ..... 1636766.205838: sys_ptrace -> 0x0
             exe-1049981 [003] ..... 1636766.205840: sys_ptrace(request: 4204, pid: 1005aa, addr: 202, data: c0004bdc70)
             exe-1049981 [003] ..... 1636766.205843: sys_ptrace -> 0x0
             exe-1049981 [003] ..... 1636766.205850: sys_ptrace(request: 4205, pid: 1005aa, addr: 1, data: c0004bdc70)
             exe-1049981 [003] ..... 1636766.205852: sys_ptrace -> 0x0
             exe-1049981 [003] ..... 1636766.205854: sys_ptrace(request: 4205, pid: 1005aa, addr: 202, data: c0004bdc70)
             exe-1049981 [003] ..... 1636766.205863: sys_ptrace -> 0x0
             exe-1049981 [003] ..... 1636766.205864: sys_ptrace(request: 1f, pid: 1005aa, addr: 0, data: 0)
             exe-1049981 [003] .N... 1636766.205870: sys_ptrace -> 0x0
             exe-1049567 [000] ..... 1636766.205880: sys_nanosleep -> 0x0
             exe-1050026 [003] ..... 1636766.205880: sys_signalfd4 -> 0xffffffffffffffea
             exe-1049567 [000] ..... 1636766.205885: sys_nanosleep(rqtp: c000069f10, rmtp: 0)
             exe-1049981 [003] ..... 1636766.205898: sys_wait4(upid: 1005aa, stat_addr: c0004bdbf4, options: 40000002, ru: 0)
             exe-1049981 [003] ..... 1636766.205900: sys_wait4 -> 0x1005aa
             exe-1049981 [003] ..... 1636766.205902: sys_ptrace(request: 4204, pid: 1005aa, addr: 1, data: c0004bdc70)
             exe-1049981 [003] ..... 1636766.205906: sys_ptrace -> 0x0
             exe-1049673 [000] ..... 1636766.205907: sys_nanosleep -> 0x0
             exe-1049981 [003] ..... 1636766.205907: sys_ptrace(request: 4204, pid: 1005aa, addr: 202, data: c0004bdc70)
             exe-1049981 [003] ..... 1636766.205910: sys_ptrace -> 0x0
             exe-1049673 [000] ..... 1636766.205912: sys_nanosleep(rqtp: c000069f10, rmtp: 0)
             exe-1049981 [003] ..... 1636766.205918: sys_pwrite64(fd: 63, buf: 7fd66edc9080, count: 4b, pos: 4d)
             exe-1049981 [003] ..... 1636766.205920: tracing_mark_write: signalfd4(ufd=289, user_mask=0x1, sizemask=16384, flags=0x5621ece2ba65) end
             exe-1049981 [003] ..... 1636766.281447: tracing_mark_write: signalfd4(ufd=289, user_mask=0x7f8ff2100000, sizemask=4096, flags=0x5621ece2ba65) start
             exe-1049981 [003] ..... 1636766.281448: sys_pwrite64 -> 0x57
             exe-1049981 [003] ..... 1636766.281454: sys_ptrace(request: 4205, pid: 1005aa, addr: 1, data: c0004bdc70)
             exe-1049981 [003] ..... 1636766.281457: sys_ptrace -> 0x0
             exe-1049673 [000] ..... 1636766.281457: sys_nanosleep -> 0x0
             exe-1049981 [003] ..... 1636766.281458: sys_ptrace(request: 4205, pid: 1005aa, addr: 202, data: c0004bdc70)
             exe-1049673 [000] ..... 1636766.281462: sys_nanosleep(rqtp: c000069f10, rmtp: 0)
             exe-1049981 [003] ..... 1636766.281468: sys_ptrace -> 0x0
             exe-1049981 [003] ..... 1636766.281470: sys_ptrace(request: 1f, pid: 1005aa, addr: 0, data: 0)
             exe-1049981 [003] .N... 1636766.281477: sys_ptrace -> 0x0
             exe-1050026 [003] ..... 1636766.281487: sys_write -> 0x57
             exe-1049981 [003] ..... 1636766.281505: sys_wait4(upid: 1005aa, stat_addr: c0004bdbf4, options: 40000002, ru: 0)
             exe-1049981 [003] ..... 1636766.281508: sys_wait4 -> 0x1005aa
             exe-1049981 [003] ..... 1636766.281510: sys_ptrace(request: 4204, pid: 1005aa, addr: 1, data: c0004bdc70)
             exe-1049981 [003] ..... 1636766.281514: sys_ptrace -> 0x0
             exe-1049981 [003] ..... 1636766.281515: sys_ptrace(request: 4204, pid: 1005aa, addr: 202, data: c0004bdc70)
             exe-1049981 [003] ..... 1636766.281518: sys_ptrace -> 0x0
             exe-1049981 [003] ..... 1636766.281524: sys_ptrace(request: 4205, pid: 1005aa, addr: 1, data: c0004bdc70)
             exe-1049981 [003] ..... 1636766.281526: sys_ptrace -> 0x0
             exe-1049981 [003] ..... 1636766.281528: sys_ptrace(request: 4205, pid: 1005aa, addr: 202, data: c0004bdc70)
             exe-1049673 [000] ..... 1636766.281535: sys_nanosleep -> 0x0
             exe-1049981 [003] ..... 1636766.281537: sys_ptrace -> 0x0
             exe-1049673 [000] ..... 1636766.281538: sys_nanosleep(rqtp: c000069f10, rmtp: 0)
             exe-1049981 [003] ..... 1636766.281538: sys_ptrace(request: 1f, pid: 1005aa, addr: 0, data: 0)
             exe-1049981 [003] .N... 1636766.281544: sys_ptrace -> 0x0
             exe-1049567 [000] ..... 1636766.281552: sys_nanosleep -> 0x0
             exe-1050026 [003] ..... 1636766.281554: sys_signalfd4 -> 0xffffffffffffffea
             exe-1049567 [000] ..... 1636766.281557: sys_nanosleep(rqtp: c000069f10, rmtp: 0)
             exe-1049981 [003] ..... 1636766.281572: sys_wait4(upid: 1005aa, stat_addr: c0004bdbf4, options: 40000002, ru: 0)
             exe-1049981 [003] ..... 1636766.281575: sys_wait4 -> 0x1005aa
             exe-1049981 [003] ..... 1636766.281577: sys_ptrace(request: 4204, pid: 1005aa, addr: 1, data: c0004bdc70)
             exe-1049981 [003] ..... 1636766.281580: sys_ptrace -> 0x0
             exe-1049981 [003] ..... 1636766.281582: sys_ptrace(request: 4204, pid: 1005aa, addr: 202, data: c0004bdc70)
             exe-1049981 [003] ..... 1636766.281584: sys_ptrace -> 0x0
             exe-1049981 [003] ..... 1636766.281592: sys_pwrite64(fd: 63, buf: 7fd66edc9080, count: 55, pos: 57)
             exe-1049981 [003] ..... 1636766.281594: tracing_mark_write: signalfd4(ufd=289, user_mask=0x7f8ff2100000, sizemask=4096, flags=0x5621ece2ba65) end
             exe-1049981 [003] ..... 1636766.341270: tracing_mark_write: signalfd4(ufd=285, user_mask=0x7f8ff2d00000, sizemask=0x14e081004022, flags=0x5621ece2ba65) start
             exe-1049673 [002] ..... 1636766.341270: sys_nanosleep(rqtp: c000069f10, rmtp: 0)
             exe-1049981 [003] ..... 1636766.341271: sys_pwrite64 -> 0x61
             exe-1049981 [003] ..... 1636766.341278: sys_ptrace(request: 4205, pid: 1005aa, addr: 1, data: c0004bdc70)
             exe-1049981 [003] ..... 1636766.341280: sys_ptrace -> 0x0
             exe-1049981 [003] ..... 1636766.341282: sys_ptrace(request: 4205, pid: 1005aa, addr: 202, data: c0004bdc70)
             exe-1049981 [003] ..... 1636766.341293: sys_ptrace -> 0x0
             exe-1049981 [003] ..... 1636766.341296: sys_ptrace(request: 1f, pid: 1005aa, addr: 0, data: 0)
             exe-1049981 [003] .N... 1636766.341303: sys_ptrace -> 0x0
             exe-1050026 [003] ..... 1636766.341314: sys_write -> 0x61
             exe-1049981 [003] ..... 1636766.341332: sys_wait4(upid: 1005aa, stat_addr: c0004bdbf4, options: 40000002, ru: 0)
             exe-1049981 [003] ..... 1636766.341335: sys_wait4 -> 0x1005aa
             exe-1049981 [003] ..... 1636766.341338: sys_ptrace(request: 4204, pid: 1005aa, addr: 1, data: c0004bdc70)
             exe-1049981 [003] ..... 1636766.341341: sys_ptrace -> 0x0
             exe-1049981 [003] ..... 1636766.341343: sys_ptrace(request: 4204, pid: 1005aa, addr: 202, data: c0004bdc70)
             exe-1049981 [003] ..... 1636766.341345: sys_ptrace -> 0x0
             exe-1049567 [002] ..... 1636766.341349: sys_nanosleep -> 0x0
             exe-1049981 [003] ..... 1636766.341351: sys_ptrace(request: 4205, pid: 1005aa, addr: 1, data: c0004bdc70)
             exe-1049981 [003] ..... 1636766.341353: sys_ptrace -> 0x0
             exe-1049981 [003] ..... 1636766.341355: sys_ptrace(request: 4205, pid: 1005aa, addr: 202, data: c0004bdc70)
             exe-1049567 [002] ..... 1636766.341355: sys_nanosleep(rqtp: c000069f10, rmtp: 0)
             exe-1049981 [003] ..... 1636766.341364: sys_ptrace -> 0x0
             exe-1049981 [003] ..... 1636766.341366: sys_ptrace(request: 1f, pid: 1005aa, addr: 0, data: 0)
             exe-1049673 [002] ..... 1636766.341372: sys_nanosleep -> 0x0
             exe-1049981 [003] .N... 1636766.341372: sys_ptrace -> 0x0
             exe-1049673 [002] ..... 1636766.341377: sys_nanosleep(rqtp: c000069f10, rmtp: 0)
             exe-1050026 [003] ..... 1636766.341382: sys_signalfd4 -> 0xffffffffffffffea
             exe-1049981 [003] ..... 1636766.341400: sys_wait4(upid: 1005aa, stat_addr: c0004bdbf4, options: 40000002, ru: 0)
             exe-1049981 [003] ..... 1636766.341403: sys_wait4 -> 0x1005aa
             exe-1049981 [003] ..... 1636766.341405: sys_ptrace(request: 4204, pid: 1005aa, addr: 1, data: c0004bdc70)
             exe-1049981 [003] ..... 1636766.341409: sys_ptrace -> 0x0
             exe-1049981 [003] ..... 1636766.341410: sys_ptrace(request: 4204, pid: 1005aa, addr: 202, data: c0004bdc70)
             exe-1049981 [003] ..... 1636766.341412: sys_ptrace -> 0x0
             exe-1049981 [003] ..... 1636766.341422: sys_pwrite64(fd: 63, buf: 7fd66edc9080, count: 5f, pos: 61)
             exe-1049981 [003] ..... 1636766.341423: tracing_mark_write: signalfd4(ufd=285, user_mask=0x7f8ff2d00000, sizemask=0x14e081004022, flags=0x5621ece2ba65) end
             exe-1049981 [003] ..... 1636766.407908: tracing_mark_write: signalfd4(ufd=285, user_mask=0x1, sizemask=0x8204c13104, flags=0x5621ece2ba65) start
             exe-1049981 [003] ..... 1636766.407909: sys_pwrite64 -> 0x54
             exe-1049981 [003] ..... 1636766.407917: sys_ptrace(request: 4205, pid: 1005aa, addr: 1, data: c0004bdc70)
             exe-1049981 [003] ..... 1636766.407920: sys_ptrace -> 0x0
           <...>-1050233 [000] ..... 1636766.407920: sys_futex -> 0x0
             exe-1049981 [003] ..... 1636766.407921: sys_ptrace(request: 4205, pid: 1005aa, addr: 202, data: c0004bdc70)
             exe-1049981 [003] ..... 1636766.407933: sys_ptrace -> 0x0
           <...>-1050233 [000] ..... 1636766.407935: sys_futex(uaddr: c0025a9548, op: 80, val: 0, utime: 0, uaddr2: 0, val3: 0)
             exe-1049981 [003] ..... 1636766.407935: sys_ptrace(request: 1f, pid: 1005aa, addr: 0, data: 0)
             exe-1049981 [003] .N... 1636766.407942: sys_ptrace -> 0x0
             exe-1049567 [002] ..... 1636766.407951: sys_nanosleep -> 0x0
             exe-1050026 [003] ..... 1636766.407952: sys_write -> 0x54
             exe-1049567 [002] ..... 1636766.407957: sys_nanosleep(rqtp: c000069f10, rmtp: 0)
             exe-1049673 [002] ..... 1636766.407973: sys_nanosleep -> 0x0
             exe-1049981 [003] ..... 1636766.407974: sys_wait4(upid: 1005aa, stat_addr: c0004bdbf4, options: 40000002, ru: 0)
             exe-1049981 [003] ..... 1636766.407977: sys_wait4 -> 0x1005aa
             exe-1049673 [002] ..... 1636766.407979: sys_nanosleep(rqtp: c000069f10, rmtp: 0)
             exe-1049981 [003] ..... 1636766.407980: sys_ptrace(request: 4204, pid: 1005aa, addr: 1, data: c0004bdc70)
             exe-1049981 [003] ..... 1636766.407983: sys_ptrace -> 0x0
             exe-1049981 [003] ..... 1636766.407985: sys_ptrace(request: 4204, pid: 1005aa, addr: 202, data: c0004bdc70)
             exe-1049981 [003] ..... 1636766.407987: sys_ptrace -> 0x0
             exe-1049981 [003] ..... 1636766.408017: sys_ptrace(request: 4205, pid: 1005aa, addr: 1, data: c0004bdc70)
             exe-1049981 [003] ..... 1636766.408020: sys_ptrace -> 0x0
