             exe-1049981 [003] ..... 1636766.408022: sys_ptrace(request: 4205, pid: 1005aa, addr: 202, data: c0004bdc70)
             exe-1049981 [003] ..... 1636766.408033: sys_ptrace -> 0x0
             exe-1049981 [003] ..... 1636766.408035: sys_ptrace(request: 1f, pid: 1005aa, addr: 0, data: 0)
             exe-1049981 [003] .N... 1636766.408042: sys_ptrace -> 0x0
             exe-1050026 [003] ..... 1636766.408052: sys_signalfd4 -> 0xffffffffffffffea
             exe-1049567 [002] ..... 1636766.408068: sys_nanosleep -> 0x0
             exe-1049981 [003] ..... 1636766.408073: sys_wait4(upid: 1005aa, stat_addr: c0004bdbf4, options: 40000002, ru: 0)
             exe-1049567 [002] ..... 1636766.408074: sys_nanosleep(rqtp: c000069f10, rmtp: 0)
             exe-1049981 [003] ..... 1636766.408076: sys_wait4 -> 0x1005aa
             exe-1049981 [003] ..... 1636766.408078: sys_ptrace(request: 4204, pid: 1005aa, addr: 1, data: c0004bdc70)
             exe-1049981 [003] ..... 1636766.408081: sys_ptrace -> 0x0
             exe-1049981 [003] ..... 1636766.408083: sys_ptrace(request: 4204, pid: 1005aa, addr: 202, data: c0004bdc70)
             exe-1049981 [003] ..... 1636766.408085: sys_ptrace -> 0x0
             exe-1049673 [002] ..... 1636766.408090: sys_nanosleep -> 0x0
             exe-1049981 [003] ..... 1636766.408095: sys_pwrite64(fd: 63, buf: 7fd66edc9080, count: 52, pos: 54)
             exe-1049673 [002] ..... 1636766.408096: sys_nanosleep(rqtp: c000069f10, rmtp: 0)
             exe-1049981 [003] ..... 1636766.408097: tracing_mark_write: signalfd4(ufd=285, user_mask=0x1, sizemask=0x8204c13104, flags=0x5621ece2ba65) end
             exe-1049981 [003] ..... 1636766.467853: tracing_mark_write: signalfd4(ufd=285, user_mask=0x0, sizemask=4096, flags=0x5621ece2ba65) start
             exe-1049981 [003] ..... 1636766.467855: sys_pwrite64 -> 0x4c
             exe-1049981 [003] ..... 1636766.467861: sys_ptrace(request: 4205, pid: 1005aa, addr: 1, data: c0004bdc70)
             exe-1049981 [003] ..... 1636766.467864: sys_ptrace -> 0x0
             exe-1049981 [003] ..... 1636766.467866: sys_ptrace(request: 4205, pid: 1005aa, addr: 202, data: c0004bdc70)
             exe-1049567 [002] ..... 1636766.467868: sys_nanosleep -> 0x0
             exe-1049567 [002] ..... 1636766.467873: sys_nanosleep(rqtp: c000069f10, rmtp: 0)
             exe-1049981 [003] ..... 1636766.467878: sys_ptrace -> 0x0
             exe-1049981 [003] ..... 1636766.467880: sys_ptrace(request: 1f, pid: 1005aa, addr: 0, data: 0)
             exe-1049981 [003] .N... 1636766.467884: sys_ptrace -> 0x0
             exe-1050026 [003] ..... 1636766.467895: sys_write -> 0x4c
             exe-1049673 [002] ..... 1636766.467896: sys_nanosleep -> 0x0
             exe-1049673 [002] ..... 1636766.467901: sys_nanosleep(rqtp: c000069f10, rmtp: 0)
             exe-1049981 [003] ..... 1636766.467917: sys_wait4(upid: 1005aa, stat_addr: c0004bdbf4, options: 40000002, ru: 0)
             exe-1049981 [003] ..... 1636766.467920: sys_wait4 -> 0x1005aa
             exe-1049981 [003] ..... 1636766.467923: sys_ptrace(request: 4204, pid: 1005aa, addr: 1, data: c0004bdc70)
             exe-1049981 [003] ..... 1636766.467927: sys_ptrace -> 0x0
             exe-1049981 [003] ..... 1636766.467928: sys_ptrace(request: 4204, pid: 1005aa, addr: 202, data: c0004bdc70)
             exe-1049981 [003] ..... 1636766.467931: sys_ptrace -> 0x0
             exe-1049981 [003] ..... 1636766.467938: sys_ptrace(request: 4205, pid: 1005aa, addr: 1, data: c0004bdc70)
             exe-1049981 [003] ..... 1636766.467940: sys_ptrace -> 0x0
             exe-1049981 [003] ..... 1636766.467942: sys_ptrace(request: 4205, pid: 1005aa, addr: 202, data: c0004bdc70)
             exe-1049981 [003] ..... 1636766.467951: sys_ptrace -> 0x0
             exe-1049981 [003] ..... 1636766.467953: sys_ptrace(request: 1f, pid: 1005aa, addr: 0, data: 0)
             exe-1049981 [003] .N... 1636766.467960: sys_ptrace -> 0x0
             exe-1050026 [003] ..... 1636766.467971: sys_signalfd4 -> 0xffffffffffffffea
             exe-1049567 [002] ..... 1636766.467980: sys_nanosleep -> 0x0
             exe-1049567 [002] ..... 1636766.467985: sys_nanosleep(rqtp: c000069f10, rmtp: 0)
             exe-1049981 [003] ..... 1636766.467990: sys_wait4(upid: 1005aa, stat_addr: c0004bdbf4, options: 40000002, ru: 0)
             exe-1049981 [003] ..... 1636766.467993: sys_wait4 -> 0x1005aa
             exe-1049981 [003] ..... 1636766.467995: sys_ptrace(request: 4204, pid: 1005aa, addr: 1, data: c0004bdc70)
             exe-1049981 [003] ..... 1636766.467999: sys_ptrace -> 0x0
             exe-1049981 [003] ..... 1636766.468000: sys_ptrace(request: 4204, pid: 1005aa, addr: 202, data: c0004bdc70)
             exe-1049981 [003] ..... 1636766.468003: sys_ptrace -> 0x0
             exe-1049673 [002] ..... 1636766.468008: sys_nanosleep -> 0x0
             exe-1049981 [003] ..... 1636766.468012: sys_pwrite64(fd: 63, buf: 7fd66edc9080, count: 4a, pos: 4c)
             exe-1049673 [002] ..... 1636766.468013: sys_nanosleep(rqtp: c000069f10, rmtp: 0)
             exe-1049981 [003] ..... 1636766.468014: tracing_mark_write: signalfd4(ufd=285, user_mask=0x0, sizemask=4096, flags=0x5621ece2ba65) end
             exe-1049981 [003] ..... 1636766.537493: tracing_mark_write: signalfd4(ufd=285, user_mask=0x7f8ff314d000, sizemask=256, flags=0x5621ece2ba65) start
             exe-1049981 [003] ..... 1636766.537495: sys_pwrite64 -> 0x56
             exe-1049981 [003] ..... 1636766.537503: sys_ptrace(request: 4205, pid: 1005aa, addr: 1, data: c0004bdc70)
             exe-1049981 [003] ..... 1636766.537506: sys_ptrace -> 0x0
             exe-1049981 [003] ..... 1636766.537508: sys_ptrace(request: 4205, pid: 1005aa, addr: 202, data: c0004bdc70)
             exe-1049981 [003] ..... 1636766.537521: sys_ptrace -> 0x0
             exe-1049981 [003] ..... 1636766.537524: sys_ptrace(request: 1f, pid: 1005aa, addr: 0, data: 0)
             exe-1049981 [003] .N... 1636766.537532: sys_ptrace -> 0x0
             exe-1049673 [002] ..... 1636766.537540: sys_nanosleep -> 0x0
             exe-1050026 [003] ..... 1636766.537544: sys_write -> 0x56
             exe-1049673 [002] ..... 1636766.537545: sys_nanosleep(rqtp: c000069f10, rmtp: 0)
             exe-1049981 [003] ..... 1636766.537564: sys_wait4(upid: 1005aa, stat_addr: c0004bdbf4, options: 40000002, ru: 0)
             exe-1049567 [002] ..... 1636766.537566: sys_nanosleep -> 0x0
             exe-1049981 [003] ..... 1636766.537567: sys_wait4 -> 0x1005aa
             exe-1049981 [003] ..... 1636766.537569: sys_ptrace(request: 4204, pid: 1005aa, addr: 1, data: c0004bdc70)
             exe-1049567 [002] ..... 1636766.537570: sys_nanosleep(rqtp: c000069f10, rmtp: 0)
             exe-1049981 [003] ..... 1636766.537573: sys_ptrace -> 0x0
             exe-1049981 [003] ..... 1636766.537575: sys_ptrace(request: 4204, pid: 1005aa, addr: 202, data: c0004bdc70)
             exe-1049981 [003] ..... 1636766.537578: sys_ptrace -> 0x0
             exe-1049981 [003] ..... 1636766.537585: sys_ptrace(request: 4205, pid: 1005aa, addr: 1, data: c0004bdc70)
             exe-1049981 [003] ..... 1636766.537588: sys_ptrace -> 0x0
             exe-1049981 [003] ..... 1636766.537590: sys_ptrace(request: 4205, pid: 1005aa, addr: 202, data: c0004bdc70)
             exe-1049981 [003] ..... 1636766.537600: sys_ptrace -> 0x0
             exe-1049981 [003] ..... 1636766.537602: sys_ptrace(request: 1f, pid: 1005aa, addr: 0, data: 0)
             exe-1049981 [003] .N... 1636766.537609: sys_ptrace -> 0x0
             exe-1050026 [003] ..... 1636766.537619: sys_signalfd4 -> 0xffffffffffffffea
             exe-1049981 [003] ..... 1636766.537639: sys_wait4(upid: 1005aa, stat_addr: c0004bdbf4, options: 40000002, ru: 0)
             exe-1049981 [003] ..... 1636766.537642: sys_wait4 -> 0x1005aa
             exe-1049567 [002] ..... 1636766.537643: sys_nanosleep -> 0x0
             exe-1049981 [003] ..... 1636766.537644: sys_ptrace(request: 4204, pid: 1005aa, addr: 1, data: c0004bdc70)
             exe-1049567 [002] ..... 1636766.537646: sys_nanosleep(rqtp: c000069f10, rmtp: 0)
             exe-1049981 [003] ..... 1636766.537648: sys_ptrace -> 0x0
             exe-1049981 [003] ..... 1636766.537650: sys_ptrace(request: 4204, pid: 1005aa, addr: 202, data: c0004bdc70)
             exe-1049981 [003] ..... 1636766.537652: sys_ptrace -> 0x0
             exe-1049673 [002] ..... 1636766.537661: sys_nanosleep -> 0x0
             exe-1049981 [003] ..... 1636766.537662: sys_pwrite64(fd: 63, buf: 7fd66edc9080, count: 54, pos: 56)
             exe-1049981 [003] ..... 1636766.537664: tracing_mark_write: signalfd4(ufd=285, user_mask=0x7f8ff314d000, sizemask=256, flags=0x5621ece2ba65) end
             exe-1049981 [003] ..... 1636766.601334: tracing_mark_write: signalfd4(ufd=287, user_mask=0x7f8ff314d000, sizemask=0x8000000, flags=0x5621ece2ba65) start
             exe-1049981 [003] ..... 1636766.601335: sys_pwrite64 -> 0x5c
             exe-1049981 [003] ..... 1636766.601342: sys_ptrace(request: 4205, pid: 1005aa, addr: 1, data: c0004bdc70)
             exe-1049981 [003] ..... 1636766.601344: sys_ptrace -> 0x0
             exe-1049981 [003] ..... 1636766.601346: sys_ptrace(request: 4205, pid: 1005aa, addr: 202, data: c0004bdc70)
             exe-1049981 [003] ..... 1636766.601357: sys_ptrace -> 0x0
             exe-1049981 [003] ..... 1636766.601359: sys_ptrace(request: 1f, pid: 1005aa, addr: 0, data: 0)
             exe-1049981 [003] .N... 1636766.601366: sys_ptrace -> 0x0
             exe-1050026 [003] ..... 1636766.601376: sys_write -> 0x5c
             exe-1049702 [002] ..... 1636766.601380: sys_futex -> 0x0
             exe-1049702 [002] ..... 1636766.601389: sys_futex(uaddr: c000303548, op: 80, val: 0, utime: 0, uaddr2: 0, val3: 0)
             exe-1049981 [003] ..... 1636766.601395: sys_wait4(upid: 1005aa, stat_addr: c0004bdbf4, options: 40000002, ru: 0)
             exe-1049981 [003] ..... 1636766.601398: sys_wait4 -> 0x1005aa
             exe-1049981 [003] ..... 1636766.601400: sys_ptrace(request: 4204, pid: 1005aa, addr: 1, data: c0004bdc70)
             exe-1049981 [003] ..... 1636766.601404: sys_ptrace -> 0x0
             exe-1049567 [002] ..... 1636766.601405: sys_nanosleep -> 0x0
             exe-1049981 [003] ..... 1636766.601406: sys_ptrace(request: 4204, pid: 1005aa, addr: 202, data: c0004bdc70)
             exe-1049981 [003] ..... 1636766.601408: sys_ptrace -> 0x0
             exe-1049567 [002] ..... 1636766.601411: sys_nanosleep(rqtp: c000069f10, rmtp: 0)
             exe-1049981 [003] ..... 1636766.601415: sys_ptrace(request: 4205, pid: 1005aa, addr: 1, data: c0004bdc70)
             exe-1049981 [003] ..... 1636766.601417: sys_ptrace -> 0x0
             exe-1049981 [003] ..... 1636766.601419: sys_ptrace(request: 4205, pid: 1005aa, addr: 202, data: c0004bdc70)
             exe-1049981 [003] ..... 1636766.601428: sys_ptrace -> 0x0
             exe-1049981 [003] ..... 1636766.601430: sys_ptrace(request: 1f, pid: 1005aa, addr: 0, data: 0)
             exe-1049981 [003] .N... 1636766.601436: sys_ptrace -> 0x0
             exe-1050026 [003] ..... 1636766.601446: sys_signalfd4 -> 0xffffffffffffffea
             exe-1049567 [002] ..... 1636766.601501: sys_nanosleep -> 0x0
             exe-1049567 [002] ..... 1636766.601506: sys_nanosleep(rqtp: c000069f10, rmtp: 0)
             exe-1049673 [002] ..... 1636766.601529: sys_nanosleep(rqtp: c000069f10, rmtp: 0)
             exe-1049567 [002] ..... 1636766.601620: sys_nanosleep -> 0x0
             exe-1049567 [002] ..... 1636766.601626: sys_nanosleep(rqtp: c000069f10, rmtp: 0)
             exe-1049673 [002] ..... 1636766.601644: sys_nanosleep -> 0x0
             exe-1049673 [002] ..... 1636766.601651: sys_futex(uaddr: 1f09dc0, op: 80, val: 0, utime: c000069eb0, uaddr2: 0, val3: 0)
             exe-1049981 [003] ..... 1636766.601683: sys_wait4(upid: 1005aa, stat_addr: c0004bdbf4, options: 40000002, ru: 0)
             exe-1049981 [003] ..... 1636766.601686: sys_wait4 -> 0x1005aa
             exe-1049981 [003] ..... 1636766.601688: sys_ptrace(request: 4204, pid: 1005aa, addr: 1, data: c0004bdc70)
             exe-1049981 [003] ..... 1636766.601693: sys_ptrace -> 0x0
             exe-1049981 [003] ..... 1636766.601695: sys_ptrace(request: 4204, pid: 1005aa, addr: 202, data: c0004bdc70)
             exe-1049981 [003] ..... 1636766.601697: sys_ptrace -> 0x0
             exe-1049981 [003] ..... 1636766.601714: sys_pwrite64(fd: 63, buf: 7fd66edc9080, count: 5a, pos: 5c)
             exe-1049981 [003] ..... 1636766.601716: tracing_mark_write: signalfd4(ufd=287, user_mask=0x7f8ff314d000, sizemask=0x8000000, flags=0x5621ece2ba65) end
             exe-1049981 [003] ..... 1636766.661491: tracing_mark_write: signalfd4(ufd=287, user_mask=0x7f8ff303f000, sizemask=255, flags=0x56248ea9f860) start
             exe-1049981 [003] ..... 1636766.661492: sys_pwrite64 -> 0x56
             exe-1049981 [003] ..... 1636766.661499: sys_ptrace(request: 4205, pid: 1005aa, addr: 1, data: c0004bdc70)
             exe-1049981 [003] ..... 1636766.661502: sys_ptrace -> 0x0
             exe-1049981 [003] ..... 1636766.661503: sys_ptrace(request: 4205, pid: 1005aa, addr: 202, data: c0004bdc70)
             exe-1049981 [003] ..... 1636766.661514: sys_ptrace -> 0x0
             exe-1049981 [003] ..... 1636766.661516: sys_ptrace(request: 1f, pid: 1005aa, addr: 0, data: 0)
             exe-1049567 [002] ..... 1636766.661521: sys_nanosleep -> 0x0
             exe-1049981 [003] .N... 1636766.661524: sys_ptrace -> 0x0
             exe-1049567 [002] ..... 1636766.661526: sys_nanosleep(rqtp: c000069f10, rmtp: 0)
             exe-1050026 [003] ..... 1636766.661535: sys_write -> 0x56
             exe-1049981 [003] ..... 1636766.661555: sys_wait4(upid: 1005aa, stat_addr: c0004bdbf4, options: 40000002, ru: 0)
             exe-1049981 [003] ..... 1636766.661557: sys_wait4 -> 0x1005aa
             exe-1049981 [003] ..... 1636766.661560: sys_ptrace(request: 4204, pid: 1005aa, addr: 1, data: c0004bdc70)
             exe-1049981 [003] ..... 1636766.661564: sys_ptrace -> 0x0
             exe-1049981 [003] ..... 1636766.661566: sys_ptrace(request: 4204, pid: 1005aa, addr: 202, data: c0004bdc70)
             exe-1049981 [003] ..... 1636766.661568: sys_ptrace -> 0x0
             exe-1049981 [003] ..... 1636766.661575: sys_ptrace(request: 4205, pid: 1005aa, addr: 1, data: c0004bdc70)
             exe-1049981 [003] ..... 1636766.661578: sys_ptrace -> 0x0
             exe-1049981 [003] ..... 1636766.661579: sys_ptrace(request: 4205, pid: 1005aa, addr: 202, data: c0004bdc70)
             exe-1049981 [003] ..... 1636766.661589: sys_ptrace -> 0x0
             exe-1049981 [003] ..... 1636766.661591: sys_ptrace(request: 1f, pid: 1005aa, addr: 0, data: 0)
             exe-1049567 [002] ..... 1636766.661622: sys_nanosleep -> 0x0
             exe-1049567 [002] ..... 1636766.661625: sys_nanosleep(rqtp: c000069f10, rmtp: 0)
             exe-1049567 [002] ..... 1636766.661712: sys_nanosleep -> 0x0
             exe-1049567 [002] ..... 1636766.661714: sys_nanosleep(rqtp: c000069f10, rmtp: 0)
             exe-1049567 [002] ..... 1636766.661802: sys_nanosleep -> 0x0
             exe-1049567 [002] ..... 1636766.661804: sys_nanosleep(rqtp: c000069f10, rmtp: 0)
             exe-1049981 [003] .N... 1636766.661860: sys_ptrace -> 0x0
             exe-1050026 [003] ..... 1636766.661877: sys_signalfd4 -> 0xffffffffffffffea
             exe-1049567 [002] ..... 1636766.661891: sys_nanosleep -> 0x0
             exe-1049567 [002] ..... 1636766.661893: sys_nanosleep(rqtp: c000069f10, rmtp: 0)
             exe-1050232 [003] ..... 1636766.661901: sys_epoll_pwait -> 0x0
             exe-1050232 [003] ..... 1636766.661912: sys_epoll_pwait(epfd: 11, events: c000693840, maxevents: 80, timeout: 1, sigmask: 0, sigsetsize: 0)
             exe-1049981 [003] ..... 1636766.661937: sys_wait4(upid: 1005aa, stat_addr: c0004bdbf4, options: 40000002, ru: 0)
             exe-1049981 [003] ..... 1636766.661940: sys_wait4 -> 0x1005aa
             exe-1049981 [003] ..... 1636766.661942: sys_ptrace(request: 4204, pid: 1005aa, addr: 1, data: c0004bdc70)
             exe-1049981 [003] ..... 1636766.661947: sys_ptrace -> 0x0
             exe-1049981 [003] ..... 1636766.661949: sys_ptrace(request: 4204, pid: 1005aa, addr: 202, data: c0004bdc70)
             exe-1049981 [003] ..... 1636766.661951: sys_ptrace -> 0x0
             exe-1049981 [003] ..... 1636766.661966: sys_pwrite64(fd: 63, buf: 7fd66edc9080, count: 54, pos: 56)
             exe-1049981 [003] ..... 1636766.661968: tracing_mark_write: signalfd4(ufd=287, user_mask=0x7f8ff303f000, sizemask=255, flags=0x56248ea9f860) end
             exe-1049981 [001] ..... 1636766.737207: tracing_mark_write: signalfd4(ufd=287, user_mask=0x7f8ff303f000, sizemask=0xe4e4e4e4, flags=0x56248ea9f860) start
             exe-1049981 [001] ..... 1636766.737225: sys_pwrite64 -> 0x5d
             exe-1049981 [001] ..... 1636766.737235: sys_ptrace(request: 4205, pid: 1005aa, addr: 1, data: c0004bdc70)
             exe-1049981 [001] ..... 1636766.737239: sys_ptrace -> 0x0
             exe-1049981 [001] ..... 1636766.737241: sys_ptrace(request: 4205, pid: 1005aa, addr: 202, data: c0004bdc70)
             exe-1049981 [001] ..... 1636766.737254: sys_ptrace -> 0x0
             exe-1049567 [000] ..... 1636766.737254: sys_nanosleep -> 0x0
             exe-1049567 [000] ..... 1636766.737255: sys_nanosleep(rqtp: c000069f10, rmtp: 0)
             exe-1049981 [001] ..... 1636766.737257: sys_ptrace(request: 1f, pid: 1005aa, addr: 0, data: 0)
             exe-1049673 [002] ..... 1636766.737262: sys_nanosleep -> 0x0
             exe-1049673 [002] ..... 1636766.737265: sys_futex(uaddr: 1f09dc0, op: 80, val: 0, utime: c000069eb0, uaddr2: 0, val3: 0)
             exe-1049981 [001] ..... 1636766.737268: sys_ptrace -> 0x0
             exe-1049981 [001] ..... 1636766.737271: sys_wait4(upid: 1005aa, stat_addr: c0004bdbf4, options: 40000002, ru: 0)
             exe-1050026 [003] ..... 1636766.737283: sys_write -> 0x5d
             exe-1049981 [001] ..... 1636766.737307: sys_wait4 -> 0x1005aa
             exe-1049981 [001] ..... 1636766.737309: sys_ptrace(request: 4204, pid: 1005aa, addr: 1, data: c0004bdc70)
             exe-1049981 [001] ..... 1636766.737312: sys_ptrace -> 0x0
             exe-1049981 [001] ..... 1636766.737313: sys_ptrace(request: 4204, pid: 1005aa, addr: 202, data: c0004bdc70)
             exe-1049981 [001] ..... 1636766.737316: sys_ptrace -> 0x0
             exe-1049981 [001] ..... 1636766.737322: sys_ptrace(request: 4205, pid: 1005aa, addr: 1, data: c0004bdc70)
             exe-1049981 [001] ..... 1636766.737324: sys_ptrace -> 0x0
             exe-1049981 [001] ..... 1636766.737326: sys_ptrace(request: 4205, pid: 1005aa, addr: 202, data: c0004bdc70)
             exe-1049981 [001] ..... 1636766.737332: sys_ptrace -> 0x0
             exe-1049567 [000] ..... 1636766.737333: sys_nanosleep -> 0x0
             exe-1049981 [001] ..... 1636766.737334: sys_ptrace(request: 1f, pid: 1005aa, addr: 0, data: 0)
             exe-1049567 [000] ..... 1636766.737335: sys_nanosleep(rqtp: c000069f10, rmtp: 0)
             exe-1049981 [001] ..... 1636766.737340: sys_ptrace -> 0x0
             exe-1049981 [001] ..... 1636766.737342: sys_wait4(upid: 1005aa, stat_addr: c0004bdbf4, options: 40000002, ru: 0)
             exe-1050026 [003] ..... 1636766.737344: sys_signalfd4 -> 0xffffffffffffffea
             exe-1049981 [001] ..... 1636766.737352: sys_wait4 -> 0x1005aa
             exe-1049981 [001] ..... 1636766.737354: sys_ptrace(request: 4204, pid: 1005aa, addr: 1, data: c0004bdc70)
             exe-1049981 [001] ..... 1636766.737356: sys_ptrace -> 0x0
             exe-1049981 [001] ..... 1636766.737358: sys_ptrace(request: 4204, pid: 1005aa, addr: 202, data: c0004bdc70)
             exe-1049981 [001] ..... 1636766.737360: sys_ptrace -> 0x0
             exe-1049981 [001] ..... 1636766.737367: sys_pwrite64(fd: 63, buf: 7fd66edc9080, count: 5b, pos: 5d)
             exe-1049981 [001] ..... 1636766.737378: tracing_mark_write: signalfd4(ufd=287, user_mask=0x7f8ff303f000, sizemask=0xe4e4e4e4, flags=0x56248ea9f860) end
             exe-1049981 [001] ..... 1636766.800076: tracing_mark_write: signalfd4(ufd=287, user_mask=0x0, sizemask=16384, flags=0x56248ea9f860) start
             exe-1049981 [001] ..... 1636766.800077: sys_pwrite64 -> 0x4d
             exe-1049981 [001] ..... 1636766.800082: sys_ptrace(request: 4205, pid: 1005aa, addr: 1, data: c0004bdc70)
             exe-1049981 [001] ..... 1636766.800085: sys_ptrace -> 0x0
             exe-1049981 [001] ..... 1636766.800086: sys_ptrace(request: 4205, pid: 1005aa, addr: 202, data: c0004bdc70)
             exe-1049981 [001] ..... 1636766.800093: sys_ptrace -> 0x0
             exe-1049981 [001] ..... 1636766.800095: sys_ptrace(request: 1f, pid: 1005aa, addr: 0, data: 0)
             exe-1049981 [001] ..... 1636766.800102: sys_ptrace -> 0x0
             exe-1049981 [001] ..... 1636766.800104: sys_wait4(upid: 1005aa, stat_addr: c0004bdbf4, options: 40000002, ru: 0)
             exe-1050026 [003] ..... 1636766.800112: sys_write -> 0x4d
             exe-1049981 [001] ..... 1636766.800130: sys_wait4 -> 0x1005aa
             exe-1049981 [001] ..... 1636766.800133: sys_ptrace(request: 4204, pid: 1005aa, addr: 1, data: c0004bdc70)
             exe-1049981 [001] ..... 1636766.800135: sys_ptrace -> 0x0
             exe-1049981 [001] ..... 1636766.800136: sys_ptrace(request: 4204, pid: 1005aa, addr: 202, data: c0004bdc70)
             exe-1049981 [001] ..... 1636766.800138: sys_ptrace -> 0x0
             exe-1049981 [001] ..... 1636766.800143: sys_ptrace(request: 4205, pid: 1005aa, addr: 1, data: c0004bdc70)
             exe-1049981 [001] ..... 1636766.800145: sys_ptrace -> 0x0
             exe-1049981 [001] ..... 1636766.800146: sys_ptrace(request: 4205, pid: 1005aa, addr: 202, data: c0004bdc70)
             exe-1049981 [001] ..... 1636766.800157: sys_ptrace -> 0x0
             exe-1049981 [001] ..... 1636766.800159: sys_ptrace(request: 1f, pid: 1005aa, addr: 0, data: 0)
             exe-1049981 [001] ..... 1636766.800164: sys_ptrace -> 0x0
             exe-1049981 [001] ..... 1636766.800166: sys_wait4(upid: 1005aa, stat_addr: c0004bdbf4, options: 40000002, ru: 0)
             exe-1049567 [000] ..... 1636766.800166: sys_nanosleep -> 0x0
             exe-1049567 [000] ..... 1636766.800170: sys_nanosleep(rqtp: c000069f10, rmtp: 0)
             exe-1050026 [003] ..... 1636766.800170: sys_signalfd4 -> 0xffffffffffffffea
             exe-1049981 [001] ..... 1636766.800183: sys_wait4 -> 0x1005aa
             exe-1049981 [001] ..... 1636766.800185: sys_ptrace(request: 4204, pid: 1005aa, addr: 1, data: c0004bdc70)
             exe-1049981 [001] ..... 1636766.800187: sys_ptrace -> 0x0
             exe-1049981 [001] ..... 1636766.800189: sys_ptrace(request: 4204, pid: 1005aa, addr: 202, data: c0004bdc70)
             exe-1049981 [001] ..... 1636766.800191: sys_ptrace -> 0x0
             exe-1049981 [001] ..... 1636766.800196: sys_pwrite64(fd: 63, buf: 7fd66edc9080, count: 4b, pos: 4d)
             exe-1049981 [001] ..... 1636766.800198: tracing_mark_write: signalfd4(ufd=287, user_mask=0x0, sizemask=16384, flags=0x56248ea9f860) end
             exe-1049981 [001] ..... 1636766.858766: tracing_mark_write: signalfd4(ufd=287, user_mask=0x7f8ff1000000, sizemask=0xe50f, flags=0x56248ea9f860) start
             exe-1049981 [001] ..... 1636766.858767: sys_pwrite64 -> 0x59
             exe-1049981 [001] ..... 1636766.858772: sys_ptrace(request: 4205, pid: 1005aa, addr: 1, data: c0004bdc70)
             exe-1049981 [001] ..... 1636766.858775: sys_ptrace -> 0x0
             exe-1049981 [001] ..... 1636766.858777: sys_ptrace(request: 4205, pid: 1005aa, addr: 202, data: c0004bdc70)
             exe-1049981 [001] ..... 1636766.858785: sys_ptrace -> 0x0
             exe-1049981 [001] ..... 1636766.858786: sys_ptrace(request: 1f, pid: 1005aa, addr: 0, data: 0)
             exe-1049673 [000] ..... 1636766.858791: sys_nanosleep -> 0x0
             exe-1049981 [001] ..... 1636766.858794: sys_ptrace -> 0x0
             exe-1049981 [001] ..... 1636766.858796: sys_wait4(upid: 1005aa, stat_addr: c0004bdbf4, options: 40000002, ru: 0)
             exe-1049673 [000] ..... 1636766.858797: sys_nanosleep(rqtp: c000069f10, rmtp: 0)
             exe-1050026 [003] ..... 1636766.858810: sys_write -> 0x59
             exe-1049981 [001] ..... 1636766.858834: sys_wait4 -> 0x1005aa
             exe-1049981 [001] ..... 1636766.858837: sys_ptrace(request: 4204, pid: 1005aa, addr: 1, data: c0004bdc70)
             exe-1049981 [001] ..... 1636766.858840: sys_ptrace -> 0x0
             exe-1049981 [001] ..... 1636766.858842: sys_ptrace(request: 4204, pid: 1005aa, addr: 202, data: c0004bdc70)
             exe-1049981 [001] ..... 1636766.858846: sys_ptrace -> 0x0
             exe-1049981 [001] ..... 1636766.858851: sys_ptrace(request: 4205, pid: 1005aa, addr: 1, data: c0004bdc70)
             exe-1049567 [003] ..... 1636766.858859: sys_nanosleep -> 0x0
             exe-1049981 [001] ..... 1636766.858862: sys_ptrace -> 0x0
             exe-1049981 [001] ..... 1636766.858863: sys_ptrace(request: 4205, pid: 1005aa, addr: 202, data: c0004bdc70)
             exe-1049567 [003] ..... 1636766.858865: sys_nanosleep(rqtp: c000069f10, rmtp: 0)
             exe-1049981 [001] ..... 1636766.858869: sys_ptrace -> 0x0
             exe-1049981 [001] ..... 1636766.858871: sys_ptrace(request: 1f, pid: 1005aa, addr: 0, data: 0)
             exe-1049981 [001] ..... 1636766.858877: sys_ptrace -> 0x0
             exe-1049981 [001] ..... 1636766.858879: sys_wait4(upid: 1005aa, stat_addr: c0004bdbf4, options: 40000002, ru: 0)
             exe-1050026 [003] ..... 1636766.858895: sys_signalfd4 -> 0xffffffffffffffea
             exe-1049673 [000] ..... 1636766.858902: sys_nanosleep -> 0x0
             exe-1049673 [000] ..... 1636766.858908: sys_nanosleep(rqtp: c000069f10, rmtp: 0)
             exe-1049981 [001] ..... 1636766.858917: sys_wait4 -> 0x1005aa
             exe-1049981 [001] ..... 1636766.858920: sys_ptrace(request: 4204, pid: 1005aa, addr: 1, data: c0004bdc70)
             exe-1049981 [001] ..... 1636766.858922: sys_ptrace -> 0x0
             exe-1049981 [001] ..... 1636766.858924: sys_ptrace(request: 4204, pid: 1005aa, addr: 202, data: c0004bdc70)
             exe-1049981 [001] ..... 1636766.858925: sys_ptrace -> 0x0
             exe-1049981 [001] ..... 1636766.858931: sys_pwrite64(fd: 63, buf: 7fd66edc9080, count: 57, pos: 59)
             exe-1049981 [001] ..... 1636766.858933: tracing_mark_write: signalfd4(ufd=287, user_mask=0x7f8ff1000000, sizemask=0xe50f, flags=0x56248ea9f860) end
             exe-1049981 [001] ..... 1636766.940784: tracing_mark_write: signalfd4(ufd=20, user_mask=0x8, sizemask=0xffffffff30b0b0b1, flags=0x56248ea9f860) start
             exe-1049981 [001] ..... 1636766.940787: sys_pwrite64 -> 0x59
             exe-1049981 [001] ..... 1636766.940796: sys_ptrace(request: 4205, pid: 1005aa, addr: 1, data: c0004bdc70)
             exe-1049981 [001] ..... 1636766.940800: sys_ptrace -> 0x0
             exe-1049981 [001] ..... 1636766.940802: sys_ptrace(request: 4205, pid: 1005aa, addr: 202, data: c0004bdc70)
             exe-1049981 [001] ..... 1636766.940818: sys_ptrace -> 0x0
             exe-1049981 [001] ..... 1636766.940820: sys_ptrace(request: 1f, pid: 1005aa, addr: 0, data: 0)
             exe-1049981 [001] ..... 1636766.940831: sys_ptrace -> 0x0
             exe-1049981 [001] ..... 1636766.940834: sys_wait4(upid: 1005aa, stat_addr: c0004bdbf4, options: 40000002, ru: 0)
             exe-1050026 [003] ..... 1636766.940839: sys_write -> 0x59
             exe-1049981 [001] ..... 1636766.940881: sys_wait4 -> 0x1005aa
             exe-1049981 [001] ..... 1636766.940885: sys_ptrace(request: 4204, pid: 1005aa, addr: 1, data: c0004bdc70)
             exe-1049981 [001] ..... 1636766.940889: sys_ptrace -> 0x0
             exe-1049981 [001] ..... 1636766.940891: sys_ptrace(request: 4204, pid: 1005aa, addr: 202, data: c0004bdc70)
             exe-1049981 [001] ..... 1636766.940894: sys_ptrace -> 0x0
             exe-1049981 [001] ..... 1636766.940902: sys_ptrace(request: 4205, pid: 1005aa, addr: 1, data: c0004bdc70)
             exe-1049981 [001] ..... 1636766.940905: sys_ptrace -> 0x0
             exe-1049981 [001] ..... 1636766.940907: sys_ptrace(request: 4205, pid: 1005aa, addr: 202, data: c0004bdc70)
             exe-1049981 [001] ..... 1636766.940916: sys_ptrace -> 0x0
             exe-1049981 [001] ..... 1636766.940918: sys_ptrace(request: 1f, pid: 1005aa, addr: 0, data: 0)
             exe-1049981 [001] ..... 1636766.940926: sys_ptrace -> 0x0
             exe-1049981 [001] ..... 1636766.940928: sys_wait4(upid: 1005aa, stat_addr: c0004bdbf4, options: 40000002, ru: 0)
             exe-1050026 [003] ..... 1636766.940931: sys_signalfd4 -> 0xffffffffffffffea
             exe-1049981 [001] ..... 1636766.940956: sys_wait4 -> 0x1005aa
             exe-1049981 [001] ..... 1636766.940960: sys_ptrace(request: 4204, pid: 1005aa, addr: 1, data: c0004bdc70)
             exe-1049981 [001] ..... 1636766.940964: sys_ptrace -> 0x0
             exe-1049981 [001] ..... 1636766.940966: sys_ptrace(request: 4204, pid: 1005aa, addr: 202, data: c0004bdc70)
             exe-1049981 [001] ..... 1636766.940968: sys_ptrace -> 0x0
             exe-1049981 [001] ..... 1636766.940980: sys_pwrite64(fd: 63, buf: 7fd66edc9080, count: 57, pos: 59)
             exe-1049981 [001] ..... 1636766.940981: tracing_mark_write: signalfd4(ufd=20, user_mask=0x8, sizemask=0xffffffff30b0b0b1, flags=0x56248ea9f860) end
             exe-1049981 [000] ..... 1636767.036606: tracing_mark_write: signalfd4(ufd=20, user_mask=0x7f8ff1400000, sizemask=105, flags=0x56248ea9f860) start
             exe-1049981 [000] ..... 1636767.036607: sys_pwrite64 -> 0x55
             exe-1049981 [000] ..... 1636767.036612: sys_ptrace(request: 4205, pid: 1005aa, addr: 1, data: c0004bdc70)
             exe-1049981 [000] ..... 1636767.036614: sys_ptrace -> 0x0
             exe-1049981 [000] .N... 1636767.036634: sys_ptrace(request: 4205, pid: 1005aa, addr: 202, data: c0004bdc70)
             exe-1049567 [003] ..... 1636767.036661: sys_nanosleep -> 0x0
             exe-1049567 [003] ..... 1636767.036668: sys_nanosleep(rqtp: c000069f10, rmtp: 0)
             exe-1049981 [000] ..... 1636767.036706: sys_ptrace -> 0x0
             exe-1049981 [000] ..... 1636767.036710: sys_ptrace(request: 1f, pid: 1005aa, addr: 0, data: 0)
             exe-1049981 [000] ..... 1636767.036721: sys_ptrace -> 0x0
             exe-1049981 [000] ..... 1636767.036724: sys_wait4(upid: 1005aa, stat_addr: c0004bdbf4, options: 40000002, ru: 0)
             exe-1050026 [003] ..... 1636767.036736: sys_write -> 0x55
             exe-1049981 [000] ..... 1636767.036775: sys_wait4 -> 0x1005aa
             exe-1049981 [000] ..... 1636767.036779: sys_ptrace(request: 4204, pid: 1005aa, addr: 1, data: c0004bdc70)
             exe-1049981 [000] ..... 1636767.036782: sys_ptrace -> 0x0
             exe-1049981 [000] ..... 1636767.036783: sys_ptrace(request: 4204, pid: 1005aa, addr: 202, data: c0004bdc70)
             exe-1049981 [000] ..... 1636767.036786: sys_ptrace -> 0x0
             exe-1049981 [000] ..... 1636767.036795: sys_ptrace(request: 4205, pid: 1005aa, addr: 1, data: c0004bdc70)
             exe-1049981 [000] ..... 1636767.036797: sys_ptrace -> 0x0
             exe-1049981 [000] ..... 1636767.036798: sys_ptrace(request: 4205, pid: 1005aa, addr: 202, data: c0004bdc70)
             exe-1049981 [000] ..... 1636767.036806: sys_ptrace -> 0x0
             exe-1049981 [000] ..... 1636767.036808: sys_ptrace(request: 1f, pid: 1005aa, addr: 0, data: 0)
             exe-1049981 [000] ..... 1636767.036813: sys_ptrace -> 0x0
             exe-1049981 [000] ..... 1636767.036815: sys_wait4(upid: 1005aa, stat_addr: c0004bdbf4, options: 40000002, ru: 0)
             exe-1050026 [003] ..... 1636767.036824: sys_signalfd4 -> 0xffffffffffffffea
             exe-1049981 [000] ..... 1636767.036851: sys_wait4 -> 0x1005aa
             exe-1049981 [000] ..... 1636767.036854: sys_ptrace(request: 4204, pid: 1005aa, addr: 1, data: c0004bdc70)
             exe-1049981 [000] ..... 1636767.036857: sys_ptrace -> 0x0
             exe-1049981 [000] ..... 1636767.036858: sys_ptrace(request: 4204, pid: 1005aa, addr: 202, data: c0004bdc70)
             exe-1049981 [000] ..... 1636767.036860: sys_ptrace -> 0x0
             exe-1049981 [000] ..... 1636767.036873: sys_pwrite64(fd: 63, buf: 7fd66edc9080, count: 53, pos: 55)
             exe-1049981 [000] ..... 1636767.036875: tracing_mark_write: signalfd4(ufd=20, user_mask=0x7f8ff1400000, sizemask=105, flags=0x56248ea9f860) end
             exe-1049981 [002] ..... 1636767.124025: tracing_mark_write: signalfd4(ufd=20, user_mask=0x7f8ff1400000, sizemask=-4, flags=0x56248ea9f860) start
             exe-1049981 [002] ..... 1636767.124027: sys_pwrite64 -> 0x54
             exe-1049981 [002] ..... 1636767.124033: sys_ptrace(request: 4205, pid: 1005aa, addr: 1, data: c0004bdc70)
             exe-1049981 [002] ..... 1636767.124036: sys_ptrace -> 0x0
             exe-1049981 [002] ..... 1636767.124037: sys_ptrace(request: 4205, pid: 1005aa, addr: 202, data: c0004bdc70)
             exe-1049673 [002] ..... 1636767.124077: sys_nanosleep -> 0x0
             exe-1049673 [002] ..... 1636767.124083: sys_nanosleep(rqtp: c000069f10, rmtp: 0)
             exe-1049981 [002] ..... 1636767.124111: sys_ptrace -> 0x0
             exe-1049981 [002] ..... 1636767.124115: sys_ptrace(request: 1f, pid: 1005aa, addr: 0, data: 0)
             exe-1049981 [002] .N... 1636767.124122: sys_ptrace -> 0x0
             exe-1050026 [002] ..... 1636767.124134: sys_write -> 0x54
             exe-1049981 [002] .N... 1636767.124179: sys_wait4(upid: 1005aa, stat_addr: c0004bdbf4, options: 40000002, ru: 0)
             exe-1049981 [002] .N... 1636767.124181: sys_wait4 -> 0x1005aa
             exe-1049673 [002] ..... 1636767.124192: sys_nanosleep -> 0x0
             exe-1049673 [002] ..... 1636767.124210: sys_nanosleep(rqtp: c000069f10, rmtp: 0)
             exe-1049981 [002] ..... 1636767.124237: sys_ptrace(request: 4204, pid: 1005aa, addr: 1, data: c0004bdc70)
             exe-1049981 [002] ..... 1636767.124242: sys_ptrace -> 0x0
             exe-1049981 [002] ..... 1636767.124243: sys_ptrace(request: 4204, pid: 1005aa, addr: 202, data: c0004bdc70)
             exe-1049981 [002] ..... 1636767.124246: sys_ptrace -> 0x0
             exe-1049981 [002] ..... 1636767.124265: sys_ptrace(request: 4205, pid: 1005aa, addr: 1, data: c0004bdc70)
             exe-1049981 [002] ..... 1636767.124268: sys_ptrace -> 0x0
             exe-1049981 [002] ..... 1636767.124269: sys_ptrace(request: 4205, pid: 1005aa, addr: 202, data: c0004bdc70)
             exe-1049981 [002] ..... 1636767.124280: sys_ptrace -> 0x0
             exe-1049981 [002] ..... 1636767.124282: sys_ptrace(request: 1f, pid: 1005aa, addr: 0, data: 0)
             exe-1049981 [002] .N... 1636767.124308: sys_ptrace -> 0x0
             exe-1049673 [002] ..... 1636767.124362: sys_nanosleep -> 0x0
             exe-1049673 [002] ..... 1636767.124368: sys_nanosleep(rqtp: c000069f10, rmtp: 0)
             exe-1050026 [002] ..... 1636767.124389: sys_signalfd4 -> 0xffffffffffffffea
             exe-1049981 [002] ..... 1636767.124414: sys_wait4(upid: 1005aa, stat_addr: c0004bdbf4, options: 40000002, ru: 0)
             exe-1049981 [002] ..... 1636767.124417: sys_wait4 -> 0x1005aa
             exe-1049981 [002] ..... 1636767.124419: sys_ptrace(request: 4204, pid: 1005aa, addr: 1, data: c0004bdc70)
             exe-1049981 [002] ..... 1636767.124424: sys_ptrace -> 0x0
             exe-1049981 [002] ..... 1636767.124425: sys_ptrace(request: 4204, pid: 1005aa, addr: 202, data: c0004bdc70)
             exe-1049981 [002] ..... 1636767.124428: sys_ptrace -> 0x0
             exe-1049673 [002] ..... 1636767.124478: sys_nanosleep -> 0x0
             exe-1049673 [002] ..... 1636767.124484: sys_nanosleep(rqtp: c000069f10, rmtp: 0)
             exe-1049981 [002] ..... 1636767.124512: sys_pwrite64(fd: 63, buf: 7fd66edc9080, count: 52, pos: 54)
             exe-1049981 [002] ..... 1636767.124515: tracing_mark_write: signalfd4(ufd=20, user_mask=0x7f8ff1400000, sizemask=-4, flags=0x56248ea9f860) end
             exe-1049981 [000] ..... 1636767.205650: tracing_mark_write: signalfd4(ufd=20, user_mask=0x0, sizemask=25, flags=0x56248ea9f860) start
             exe-1049981 [000] ..... 1636767.205652: sys_pwrite64 -> 0x49
             exe-1049981 [000] ..... 1636767.205657: sys_ptrace(request: 4205, pid: 1005aa, addr: 1, data: c0004bdc70)
             exe-1049981 [000] ..... 1636767.205659: sys_ptrace -> 0x0
             exe-1049981 [000] ..... 1636767.205661: sys_ptrace(request: 4205, pid: 1005aa, addr: 202, data: c0004bdc70)
             exe-1049981 [000] ..... 1636767.205668: sys_ptrace -> 0x0
             exe-1049981 [000] ..... 1636767.205670: sys_ptrace(request: 1f, pid: 1005aa, addr: 0, data: 0)
             exe-1049981 [000] ..... 1636767.205682: sys_ptrace -> 0x0
             exe-1049981 [000] ..... 1636767.205684: sys_wait4(upid: 1005aa, stat_addr: c0004bdbf4, options: 40000002, ru: 0)
             exe-1050026 [002] ..... 1636767.205698: sys_write -> 0x49
             exe-1049673 [001] ..... 1636767.205711: sys_nanosleep -> 0x0
             exe-1049673 [001] ..... 1636767.205713: sys_nanosleep(rqtp: c000069f10, rmtp: 0)
             exe-1049981 [000] ..... 1636767.205720: sys_wait4 -> 0x1005aa
             exe-1049981 [000] ..... 1636767.205722: sys_ptrace(request: 4204, pid: 1005aa, addr: 1, data: c0004bdc70)
             exe-1049567 [002] ..... 1636767.205742: sys_nanosleep -> 0x0
             exe-1049981 [000] ..... 1636767.205743: sys_ptrace -> 0x0
             exe-1049981 [000] ..... 1636767.205744: sys_ptrace(request: 4204, pid: 1005aa, addr: 202, data: c0004bdc70)
             exe-1049981 [000] ..... 1636767.205746: sys_ptrace -> 0x0
             exe-1049567 [002] ..... 1636767.205747: sys_nanosleep(rqtp: c000069f10, rmtp: 0)
             exe-1049981 [000] ..... 1636767.205752: sys_ptrace(request: 4205, pid: 1005aa, addr: 1, data: c0004bdc70)
             exe-1049981 [000] ..... 1636767.205754: sys_ptrace -> 0x0
             exe-1049981 [000] ..... 1636767.205756: sys_ptrace(request: 4205, pid: 1005aa, addr: 202, data: c0004bdc70)
             exe-1049981 [000] ..... 1636767.205768: sys_ptrace -> 0x0
             exe-1049981 [000] ..... 1636767.205770: sys_ptrace(request: 1f, pid: 1005aa, addr: 0, data: 0)
             exe-1049981 [000] ..... 1636767.205776: sys_ptrace -> 0x0
             exe-1049981 [000] ..... 1636767.205778: sys_wait4(upid: 1005aa, stat_addr: c0004bdbf4, options: 40000002, ru: 0)
             exe-1050026 [002] ..... 1636767.205794: sys_signalfd4 -> 0xffffffffffffffea
             exe-1049673 [001] ..... 1636767.205802: sys_nanosleep -> 0x0
             exe-1049673 [001] ..... 1636767.205804: sys_nanosleep(rqtp: c000069f10, rmtp: 0)
             exe-1049981 [000] ..... 1636767.205812: sys_wait4 -> 0x1005aa
             exe-1049981 [000] ..... 1636767.205814: sys_ptrace(request: 4204, pid: 1005aa, addr: 1, data: c0004bdc70)
             exe-1049981 [000] ..... 1636767.205817: sys_ptrace -> 0x0
             exe-1049981 [000] ..... 1636767.205818: sys_ptrace(request: 4204, pid: 1005aa, addr: 202, data: c0004bdc70)
             exe-1049981 [000] ..... 1636767.205821: sys_ptrace -> 0x0
             exe-1049981 [000] ..... 1636767.205826: sys_pwrite64(fd: 63, buf: 7fd66edc9080, count: 47, pos: 49)
             exe-1049981 [000] ..... 1636767.205827: tracing_mark_write: signalfd4(ufd=20, user_mask=0x0, sizemask=25, flags=0x56248ea9f860) end
             exe-1049981 [000] ..... 1636767.279646: tracing_mark_write: signalfd4(ufd=20, user_mask=0x7f8ff1000000, sizemask=0x20354100006c02, flags=0x56248ea9f860) start
             exe-1049981 [000] ..... 1636767.279648: sys_pwrite64 -> 0x62
             exe-1049981 [000] ..... 1636767.279653: sys_ptrace(request: 4205, pid: 1005aa, addr: 1, data: c0004bdc70)
             exe-1049981 [000] ..... 1636767.279655: sys_ptrace -> 0x0
             exe-1049981 [000] ..... 1636767.279656: sys_ptrace(request: 4205, pid: 1005aa, addr: 202, data: c0004bdc70)
             exe-1049981 [000] ..... 1636767.279664: sys_ptrace -> 0x0
             exe-1049981 [000] ..... 1636767.279665: sys_ptrace(request: 1f, pid: 1005aa, addr: 0, data: 0)
             exe-1049981 [000] ..... 1636767.279672: sys_ptrace -> 0x0
             exe-1049981 [000] ..... 1636767.279674: sys_wait4(upid: 1005aa, stat_addr: c0004bdbf4, options: 40000002, ru: 0)
             exe-1050026 [002] ..... 1636767.279700: sys_write -> 0x62
             exe-1049981 [000] ..... 1636767.279730: sys_wait4 -> 0x1005aa
             exe-1049981 [000] ..... 1636767.279741: sys_ptrace(request: 4204, pid: 1005aa, addr: 1, data: c0004bdc70)
             exe-1049981 [000] ..... 1636767.279768: sys_ptrace -> 0x0
             exe-1049981 [000] ..... 1636767.279770: sys_ptrace(request: 4204, pid: 1005aa, addr: 202, data: c0004bdc70)
             exe-1049981 [000] ..... 1636767.279772: sys_ptrace -> 0x0
             exe-1049981 [000] ..... 1636767.279777: sys_ptrace(request: 4205, pid: 1005aa, addr: 1, data: c0004bdc70)
             exe-1049981 [000] ..... 1636767.279779: sys_ptrace -> 0x0
             exe-1049981 [000] ..... 1636767.279781: sys_ptrace(request: 4205, pid: 1005aa, addr: 202, data: c0004bdc70)
             exe-1049673 [002] ..... 1636767.279814: sys_nanosleep -> 0x0
             exe-1049981 [000] ..... 1636767.279818: sys_ptrace -> 0x0
             exe-1049981 [000] ..... 1636767.279819: sys_ptrace(request: 1f, pid: 1005aa, addr: 0, data: 0)
             exe-1049673 [002] ..... 1636767.279821: sys_nanosleep(rqtp: c000069f10, rmtp: 0)
             exe-1049981 [000] ..... 1636767.279825: sys_ptrace -> 0x0
             exe-1049981 [000] ..... 1636767.279826: sys_wait4(upid: 1005aa, stat_addr: c0004bdbf4, options: 40000002, ru: 0)
             exe-1050026 [002] ..... 1636767.279857: sys_signalfd4 -> 0xffffffffffffffea
             exe-1049981 [000] ..... 1636767.279876: sys_wait4 -> 0x1005aa
             exe-1049981 [000] ..... 1636767.279879: sys_ptrace(request: 4204, pid: 1005aa, addr: 1, data: c0004bdc70)
             exe-1049981 [000] ..... 1636767.279888: sys_ptrace -> 0x0
             exe-1049567 [002] ..... 1636767.279888: sys_nanosleep -> 0x0
             exe-1049981 [000] ..... 1636767.279890: sys_ptrace(request: 4204, pid: 1005aa, addr: 202, data: c0004bdc70)
             exe-1049981 [000] ..... 1636767.279891: sys_ptrace -> 0x0
             exe-1049981 [000] ..... 1636767.279896: sys_pwrite64(fd: 63, buf: 7fd66edc9080, count: 60, pos: 62)
             exe-1049981 [000] ..... 1636767.279897: tracing_mark_write: signalfd4(ufd=20, user_mask=0x7f8ff1000000, sizemask=0x20354100006c02, flags=0x56248ea9f860) end
             exe-1049981 [000] ..... 1636767.345263: tracing_mark_write: signalfd4(ufd=289, user_mask=0x4, sizemask=0xfff7, flags=0x56248ea9f860) start
             exe-1049981 [000] ..... 1636767.345264: sys_pwrite64 -> 0x4e
             exe-1049981 [000] ..... 1636767.345272: sys_ptrace(request: 4205, pid: 1005aa, addr: 1, data: c0004bdc70)
             exe-1049981 [000] .N... 1636767.345302: sys_ptrace -> 0x0
             exe-1049673 [002] ..... 1636767.345315: sys_nanosleep -> 0x0
             exe-1049673 [002] ..... 1636767.345317: sys_nanosleep(rqtp: c000069f10, rmtp: 0)
             exe-1049981 [000] ..... 1636767.345346: sys_ptrace(request: 4205, pid: 1005aa, addr: 202, data: c0004bdc70)
             exe-1049981 [000] ..... 1636767.345362: sys_ptrace -> 0x0
             exe-1049981 [000] ..... 1636767.345364: sys_ptrace(request: 1f, pid: 1005aa, addr: 0, data: 0)
             exe-1049981 [000] .N... 1636767.345371: sys_ptrace -> 0x0
             exe-1050026 [000] ..... 1636767.345384: sys_write -> 0x4e
             exe-1049673 [002] ..... 1636767.345404: sys_nanosleep -> 0x0
             exe-1049673 [002] ..... 1636767.345406: sys_nanosleep(rqtp: c000069f10, rmtp: 0)
             exe-1049981 [000] ..... 1636767.345477: sys_wait4(upid: 1005aa, stat_addr: c0004bdbf4, options: 40000002, ru: 0)
             exe-1049981 [000] ..... 1636767.345480: sys_wait4 -> 0x1005aa
             exe-1049981 [000] ..... 1636767.345482: sys_ptrace(request: 4204, pid: 1005aa, addr: 1, data: c0004bdc70)
             exe-1049981 [000] ..... 1636767.345487: sys_ptrace -> 0x0
             exe-1049981 [000] ..... 1636767.345488: sys_ptrace(request: 4204, pid: 1005aa, addr: 202, data: c0004bdc70)
             exe-1049981 [000] ..... 1636767.345491: sys_ptrace -> 0x0
             exe-1049673 [002] ..... 1636767.345493: sys_nanosleep -> 0x0
             exe-1049673 [002] ..... 1636767.345495: sys_nanosleep(rqtp: c000069f10, rmtp: 0)
             exe-1049981 [000] ..... 1636767.345499: sys_ptrace(request: 4205, pid: 1005aa, addr: 1, data: c0004bdc70)
             exe-1049981 [000] ..... 1636767.345502: sys_ptrace -> 0x0
             exe-1049981 [000] ..... 1636767.345503: sys_ptrace(request: 4205, pid: 1005aa, addr: 202, data: c0004bdc70)
             exe-1049981 [000] ..... 1636767.345515: sys_ptrace -> 0x0
             exe-1049981 [000] ..... 1636767.345517: sys_ptrace(request: 1f, pid: 1005aa, addr: 0, data: 0)
             exe-1049981 [000] .N... 1636767.345547: sys_ptrace -> 0x0
             exe-1049673 [002] ..... 1636767.345582: sys_nanosleep -> 0x0
             exe-1049673 [002] ..... 1636767.345584: sys_nanosleep(rqtp: c000069f10, rmtp: 0)
             exe-1050026 [000] ..... 1636767.345589: sys_signalfd4 -> 0xffffffffffffffea
             exe-1049981 [000] ..... 1636767.345616: sys_wait4(upid: 1005aa, stat_addr: c0004bdbf4, options: 40000002, ru: 0)
             exe-1049981 [000] ..... 1636767.345620: sys_wait4 -> 0x1005aa
             exe-1049981 [000] ..... 1636767.345623: sys_ptrace(request: 4204, pid: 1005aa, addr: 1, data: c0004bdc70)
             exe-1049981 [000] ..... 1636767.345628: sys_ptrace -> 0x0
             exe-1049981 [000] ..... 1636767.345629: sys_ptrace(request: 4204, pid: 1005aa, addr: 202, data: c0004bdc70)
             exe-1049981 [000] ..... 1636767.345632: sys_ptrace -> 0x0
             exe-1049673 [002] ..... 1636767.345672: sys_nanosleep -> 0x0
             exe-1049673 [002] ..... 1636767.345674: sys_nanosleep(rqtp: c000069f10, rmtp: 0)
             exe-1049981 [000] ..... 1636767.345721: sys_pwrite64(fd: 63, buf: 7fd66edc9080, count: 4c, pos: 4e)
             exe-1049981 [000] ..... 1636767.345725: tracing_mark_write: signalfd4(ufd=289, user_mask=0x4, sizemask=0xfff7, flags=0x56248ea9f860) end
             exe-1049981 [000] ..... 1636767.410147: tracing_mark_write: signalfd4(ufd=289, user_mask=0x7f8ff1200000, sizemask=227, flags=0x56248ea9f860) start
             exe-1049981 [000] ..... 1636767.410149: sys_pwrite64 -> 0x56
             exe-1049981 [000] ..... 1636767.410160: sys_ptrace(request: 4205, pid: 1005aa, addr: 1, data: c0004bdc70)
             exe-1049981 [000] ..... 1636767.410165: sys_ptrace -> 0x0
             exe-1049981 [000] ..... 1636767.410166: sys_ptrace(request: 4205, pid: 1005aa, addr: 202, data: c0004bdc70)
             exe-1049981 [000] ..... 1636767.410185: sys_ptrace -> 0x0
             exe-1049981 [000] ..... 1636767.410187: sys_ptrace(request: 1f, pid: 1005aa, addr: 0, data: 0)
             exe-1049981 [000] .N... 1636767.410195: sys_ptrace -> 0x0
             exe-1050026 [000] ..... 1636767.410208: sys_write -> 0x56
             exe-1049981 [000] ..... 1636767.410232: sys_wait4(upid: 1005aa, stat_addr: c0004bdbf4, options: 40000002, ru: 0)
             exe-1049981 [000] ..... 1636767.410234: sys_wait4 -> 0x1005aa
             exe-1049981 [000] ..... 1636767.410237: sys_ptrace(request: 4204, pid: 1005aa, addr: 1, data: c0004bdc70)
             exe-1049981 [000] ..... 1636767.410241: sys_ptrace -> 0x0
             exe-1049981 [000] ..... 1636767.410242: sys_ptrace(request: 4204, pid: 1005aa, addr: 202, data: c0004bdc70)
             exe-1049981 [000] .N... 1636767.410273: sys_ptrace -> 0x0
             exe-1049981 [000] ..... 1636767.410328: sys_ptrace(request: 4205, pid: 1005aa, addr: 1, data: c0004bdc70)
             exe-1049981 [000] ..... 1636767.410332: sys_ptrace -> 0x0
             exe-1049981 [000] ..... 1636767.410334: sys_ptrace(request: 4205, pid: 1005aa, addr: 202, data: c0004bdc70)
             exe-1049981 [000] ..... 1636767.410346: sys_ptrace -> 0x0
             exe-1049981 [000] ..... 1636767.410348: sys_ptrace(request: 1f, pid: 1005aa, addr: 0, data: 0)
             exe-1049981 [000] .N... 1636767.410355: sys_ptrace -> 0x0
             exe-1050026 [000] ..... 1636767.410368: sys_signalfd4 -> 0xffffffffffffffea
             exe-1049981 [000] ..... 1636767.410392: sys_wait4(upid: 1005aa, stat_addr: c0004bdbf4, options: 40000002, ru: 0)
             exe-1049981 [000] ..... 1636767.410395: sys_wait4 -> 0x1005aa
             exe-1049981 [000] ..... 1636767.410398: sys_ptrace(request: 4204, pid: 1005aa, addr: 1, data: c0004bdc70)
             exe-1049981 [000] ..... 1636767.410402: sys_ptrace -> 0x0
             exe-1049981 [000] ..... 1636767.410403: sys_ptrace(request: 4204, pid: 1005aa, addr: 202, data: c0004bdc70)
             exe-1049981 [000] ..... 1636767.410406: sys_ptrace -> 0x0
             exe-1049981 [000] ..... 1636767.410419: sys_pwrite64(fd: 63, buf: 7fd66edc9080, count: 54, pos: 56)
             exe-1049981 [000] ..... 1636767.410421: tracing_mark_write: signalfd4(ufd=289, user_mask=0x7f8ff1200000, sizemask=227, flags=0x56248ea9f860) end
