             exe-1050282 [000] .N... 1636802.925187: sys_ptrace -> 0x0
             exe-1050381 [000] ..... 1636802.925201: sys_splice -> 0xffffffffffffffea
             exe-1050282 [000] ..... 1636802.925228: sys_wait4(upid: 10070d, stat_addr: c000a29bf4, options: 40000002, ru: 0)
             exe-1050282 [000] ..... 1636802.925231: sys_wait4 -> 0x10070d
             exe-1050282 [000] ..... 1636802.925233: sys_ptrace(request: 4204, pid: 10070d, addr: 1, data: c000a29c70)
             exe-1050282 [000] ..... 1636802.925237: sys_ptrace -> 0x0
             exe-1050282 [000] ..... 1636802.925239: sys_ptrace(request: 4204, pid: 10070d, addr: 202, data: c000a29c70)
             exe-1050282 [000] ..... 1636802.925242: sys_ptrace -> 0x0
             exe-1049567 [002] ..... 1636802.925254: sys_nanosleep -> 0x0
             exe-1050282 [000] ..... 1636802.925258: sys_pwrite64(fd: 63, buf: 7fd66edf3080, count: 57, pos: 59)
             exe-1049567 [002] ..... 1636802.925260: sys_nanosleep(rqtp: c000069f10, rmtp: 0)
             exe-1050282 [000] ..... 1636802.925261: tracing_mark_write: splice(fd_in=362, off_in=0x1, fd_out=280, off_out=0x7fc289500000, len=1, flags=0x4) end
             exe-1050282 [000] ..... 1636803.002163: tracing_mark_write: splice(fd_in=362, off_in=0x1, fd_out=22, off_out=0x7fc287d00000, len=0xfffb, flags=0x4) start
             exe-1050282 [000] ..... 1636803.002165: sys_pwrite64 -> 0x5d
             exe-1050282 [000] ..... 1636803.002173: sys_ptrace(request: 4205, pid: 10070d, addr: 1, data: c000a29c70)
             exe-1050282 [000] ..... 1636803.002176: sys_ptrace -> 0x0
             exe-1050282 [000] ..... 1636803.002177: sys_ptrace(request: 4205, pid: 10070d, addr: 202, data: c000a29c70)
             exe-1049567 [002] ..... 1636803.002177: sys_nanosleep -> 0x0
             exe-1049567 [002] ..... 1636803.002180: sys_nanosleep(rqtp: c000069f10, rmtp: 0)
             exe-1050282 [000] ..... 1636803.002192: sys_ptrace -> 0x0
             exe-1050282 [000] ..... 1636803.002194: sys_ptrace(request: 1f, pid: 10070d, addr: 0, data: 0)
             exe-1050282 [000] .N... 1636803.002202: sys_ptrace -> 0x0
             exe-1050381 [000] ..... 1636803.002214: sys_write -> 0x5d
             exe-1049673 [001] ..... 1636803.002222: sys_nanosleep -> 0x0
             exe-1049673 [001] ..... 1636803.002226: sys_futex(uaddr: 1f09dc0, op: 80, val: 0, utime: c000069eb0, uaddr2: 0, val3: 0)
             exe-1050282 [000] ..... 1636803.002235: sys_wait4(upid: 10070d, stat_addr: c000a29bf4, options: 40000002, ru: 0)
             exe-1050282 [000] ..... 1636803.002238: sys_wait4 -> 0x10070d
             exe-1050282 [000] ..... 1636803.002241: sys_ptrace(request: 4204, pid: 10070d, addr: 1, data: c000a29c70)
             exe-1050282 [000] ..... 1636803.002245: sys_ptrace -> 0x0
             exe-1050282 [000] ..... 1636803.002247: sys_ptrace(request: 4204, pid: 10070d, addr: 202, data: c000a29c70)
             exe-1050282 [000] ..... 1636803.002249: sys_ptrace -> 0x0
             exe-1050282 [000] ..... 1636803.002258: sys_ptrace(request: 4205, pid: 10070d, addr: 1, data: c000a29c70)
             exe-1050282 [000] ..... 1636803.002261: sys_ptrace -> 0x0
             exe-1050282 [000] ..... 1636803.002262: sys_ptrace(request: 4205, pid: 10070d, addr: 202, data: c000a29c70)
             exe-1050282 [000] ..... 1636803.002274: sys_ptrace -> 0x0
             exe-1049567 [002] ..... 1636803.002275: sys_nanosleep -> 0x0
             exe-1050282 [000] ..... 1636803.002275: sys_ptrace(request: 1f, pid: 10070d, addr: 0, data: 0)
             exe-1049567 [002] ..... 1636803.002279: sys_nanosleep(rqtp: c000069f10, rmtp: 0)
             exe-1050282 [000] .N... 1636803.002283: sys_ptrace -> 0x0
             exe-1050381 [000] ..... 1636803.002294: sys_splice -> 0xffffffffffffffea
             exe-1050282 [000] ..... 1636803.002314: sys_wait4(upid: 10070d, stat_addr: c000a29bf4, options: 40000002, ru: 0)
             exe-1050282 [000] ..... 1636803.002317: sys_wait4 -> 0x10070d
             exe-1050282 [000] ..... 1636803.002319: sys_ptrace(request: 4204, pid: 10070d, addr: 1, data: c000a29c70)
             exe-1050282 [000] ..... 1636803.002322: sys_ptrace -> 0x0
             exe-1050282 [000] ..... 1636803.002324: sys_ptrace(request: 4204, pid: 10070d, addr: 202, data: c000a29c70)
             exe-1050282 [000] ..... 1636803.002327: sys_ptrace -> 0x0
             exe-1050282 [000] ..... 1636803.002337: sys_pwrite64(fd: 63, buf: 7fd66edf3080, count: 5b, pos: 5d)
             exe-1050282 [000] ..... 1636803.002339: tracing_mark_write: splice(fd_in=362, off_in=0x1, fd_out=22, off_out=0x7fc287d00000, len=0xfffb, flags=0x4) end
             exe-1050282 [000] ..... 1636803.065539: tracing_mark_write: splice(fd_in=362, off_in=0x4, fd_out=275, off_out=0x5, len=4, flags=0x4) start
             exe-1050282 [000] ..... 1636803.065541: sys_pwrite64 -> 0x4e
             exe-1050282 [000] ..... 1636803.065548: sys_ptrace(request: 4205, pid: 10070d, addr: 1, data: c000a29c70)
             exe-1050282 [000] ..... 1636803.065551: sys_ptrace -> 0x0
             exe-1050282 [000] ..... 1636803.065552: sys_ptrace(request: 4205, pid: 10070d, addr: 202, data: c000a29c70)
             exe-1049673 [001] ..... 1636803.065561: sys_nanosleep -> 0x0
             exe-1049673 [001] ..... 1636803.065563: sys_nanosleep(rqtp: c000069f10, rmtp: 0)
             exe-1050282 [000] ..... 1636803.065565: sys_ptrace -> 0x0
             exe-1050282 [000] ..... 1636803.065567: sys_ptrace(request: 1f, pid: 10070d, addr: 0, data: 0)
             exe-1050282 [000] .N... 1636803.065575: sys_ptrace -> 0x0
             exe-1050381 [000] ..... 1636803.065587: sys_write -> 0x4e
             exe-1050282 [000] ..... 1636803.065606: sys_wait4(upid: 10070d, stat_addr: c000a29bf4, options: 40000002, ru: 0)
             exe-1050282 [000] ..... 1636803.065609: sys_wait4 -> 0x10070d
             exe-1050282 [000] ..... 1636803.065612: sys_ptrace(request: 4204, pid: 10070d, addr: 1, data: c000a29c70)
             exe-1050282 [000] ..... 1636803.065616: sys_ptrace -> 0x0
             exe-1050282 [000] ..... 1636803.065617: sys_ptrace(request: 4204, pid: 10070d, addr: 202, data: c000a29c70)
             exe-1050282 [000] ..... 1636803.065620: sys_ptrace -> 0x0
             exe-1049567 [002] ..... 1636803.065627: sys_nanosleep -> 0x0
             exe-1050282 [000] ..... 1636803.065629: sys_ptrace(request: 4205, pid: 10070d, addr: 1, data: c000a29c70)
             exe-1049567 [002] ..... 1636803.065630: sys_nanosleep(rqtp: c000069f10, rmtp: 0)
             exe-1050282 [000] ..... 1636803.065632: sys_ptrace -> 0x0
             exe-1050282 [000] ..... 1636803.065634: sys_ptrace(request: 4205, pid: 10070d, addr: 202, data: c000a29c70)
             exe-1050282 [000] ..... 1636803.065644: sys_ptrace -> 0x0
             exe-1050282 [000] ..... 1636803.065646: sys_ptrace(request: 1f, pid: 10070d, addr: 0, data: 0)
             exe-1049673 [001] ..... 1636803.065650: sys_nanosleep -> 0x0
             exe-1049673 [001] ..... 1636803.065652: sys_nanosleep(rqtp: c000069f10, rmtp: 0)
             exe-1050282 [000] .N... 1636803.065652: sys_ptrace -> 0x0
             exe-1050381 [000] ..... 1636803.065664: sys_splice -> 0xfffffffffffffff7
             exe-1050282 [000] ..... 1636803.065683: sys_wait4(upid: 10070d, stat_addr: c000a29bf4, options: 40000002, ru: 0)
             exe-1050282 [000] ..... 1636803.065686: sys_wait4 -> 0x10070d
             exe-1050282 [000] ..... 1636803.065689: sys_ptrace(request: 4204, pid: 10070d, addr: 1, data: c000a29c70)
             exe-1050282 [000] ..... 1636803.065693: sys_ptrace -> 0x0
             exe-1050282 [000] ..... 1636803.065694: sys_ptrace(request: 4204, pid: 10070d, addr: 202, data: c000a29c70)
             exe-1050282 [000] ..... 1636803.065697: sys_ptrace -> 0x0
             exe-1050282 [000] ..... 1636803.065707: sys_pwrite64(fd: 63, buf: 7fd66edf3080, count: 4c, pos: 4e)
             exe-1050282 [000] ..... 1636803.065709: tracing_mark_write: splice(fd_in=362, off_in=0x4, fd_out=275, off_out=0x5, len=4, flags=0x4) end
             exe-1050282 [000] ..... 1636803.125809: tracing_mark_write: splice(fd_in=275, off_in=0x4, fd_out=275, off_out=0x7fc287a00000, len=8, flags=0x5) start
             exe-1050282 [000] ..... 1636803.125811: sys_pwrite64 -> 0x59
             exe-1050282 [000] ..... 1636803.125818: sys_ptrace(request: 4205, pid: 10070d, addr: 1, data: c000a29c70)
             exe-1050282 [000] ..... 1636803.125821: sys_ptrace -> 0x0
             exe-1050282 [000] ..... 1636803.125823: sys_ptrace(request: 4205, pid: 10070d, addr: 202, data: c000a29c70)
             exe-1049673 [001] ..... 1636803.125854: sys_nanosleep -> 0x0
             exe-1049673 [001] ..... 1636803.125857: sys_nanosleep(rqtp: c000069f10, rmtp: 0)
             exe-1049567 [002] ..... 1636803.125858: sys_nanosleep -> 0x0
             exe-1049567 [002] ..... 1636803.125861: sys_nanosleep(rqtp: c000069f10, rmtp: 0)
             exe-1050282 [000] ..... 1636803.125865: sys_ptrace -> 0x0
             exe-1050282 [000] ..... 1636803.125868: sys_ptrace(request: 1f, pid: 10070d, addr: 0, data: 0)
             exe-1050282 [000] .N... 1636803.125878: sys_ptrace -> 0x0
             exe-1050381 [000] ..... 1636803.125891: sys_write -> 0x59
             exe-1050282 [000] ..... 1636803.125914: sys_wait4(upid: 10070d, stat_addr: c000a29bf4, options: 40000002, ru: 0)
             exe-1050282 [000] ..... 1636803.125917: sys_wait4 -> 0x10070d
             exe-1050282 [000] ..... 1636803.125919: sys_ptrace(request: 4204, pid: 10070d, addr: 1, data: c000a29c70)
             exe-1050282 [000] ..... 1636803.125923: sys_ptrace -> 0x0
             exe-1050282 [000] ..... 1636803.125925: sys_ptrace(request: 4204, pid: 10070d, addr: 202, data: c000a29c70)
             exe-1050282 [000] ..... 1636803.125927: sys_ptrace -> 0x0
             exe-1050282 [000] ..... 1636803.125936: sys_ptrace(request: 4205, pid: 10070d, addr: 1, data: c000a29c70)
             exe-1050282 [000] ..... 1636803.125939: sys_ptrace -> 0x0
             exe-1050282 [000] ..... 1636803.125940: sys_ptrace(request: 4205, pid: 10070d, addr: 202, data: c000a29c70)
             exe-1049673 [001] ..... 1636803.125946: sys_nanosleep -> 0x0
             exe-1049567 [002] ..... 1636803.125947: sys_nanosleep -> 0x0
             exe-1049673 [001] ..... 1636803.125948: sys_nanosleep(rqtp: c000069f10, rmtp: 0)
             exe-1049567 [002] ..... 1636803.125950: sys_nanosleep(rqtp: c000069f10, rmtp: 0)
             exe-1050282 [000] ..... 1636803.125952: sys_ptrace -> 0x0
             exe-1050282 [000] ..... 1636803.125954: sys_ptrace(request: 1f, pid: 10070d, addr: 0, data: 0)
             exe-1050282 [000] .N... 1636803.125961: sys_ptrace -> 0x0
             exe-1050381 [000] ..... 1636803.125972: sys_splice -> 0xfffffffffffffff7
             exe-1050282 [000] ..... 1636803.125992: sys_wait4(upid: 10070d, stat_addr: c000a29bf4, options: 40000002, ru: 0)
             exe-1050282 [000] ..... 1636803.125995: sys_wait4 -> 0x10070d
             exe-1050282 [000] ..... 1636803.125997: sys_ptrace(request: 4204, pid: 10070d, addr: 1, data: c000a29c70)
             exe-1050282 [000] ..... 1636803.126001: sys_ptrace -> 0x0
             exe-1050282 [000] ..... 1636803.126003: sys_ptrace(request: 4204, pid: 10070d, addr: 202, data: c000a29c70)
             exe-1050282 [000] ..... 1636803.126005: sys_ptrace -> 0x0
             exe-1050282 [000] ..... 1636803.126015: sys_pwrite64(fd: 63, buf: 7fd66edf3080, count: 57, pos: 59)
             exe-1050282 [000] ..... 1636803.126017: tracing_mark_write: splice(fd_in=275, off_in=0x4, fd_out=275, off_out=0x7fc287a00000, len=8, flags=0x5) end
             exe-1050282 [000] ..... 1636803.193742: tracing_mark_write: splice(fd_in=281, off_in=0x8, fd_out=281, off_out=0x10, len=255, flags=0x5) start
             exe-1050282 [000] ..... 1636803.193744: sys_pwrite64 -> 0x51
             exe-1050282 [000] ..... 1636803.193750: sys_ptrace(request: 4205, pid: 10070d, addr: 1, data: c000a29c70)
             exe-1050282 [000] ..... 1636803.193753: sys_ptrace -> 0x0
             exe-1050282 [000] ..... 1636803.193755: sys_ptrace(request: 4205, pid: 10070d, addr: 202, data: c000a29c70)
             exe-1050282 [000] ..... 1636803.193767: sys_ptrace -> 0x0
             exe-1050282 [000] ..... 1636803.193768: sys_ptrace(request: 1f, pid: 10070d, addr: 0, data: 0)
             exe-1050282 [000] .N... 1636803.193776: sys_ptrace -> 0x0
             exe-1050381 [000] ..... 1636803.193787: sys_write -> 0x51
             exe-1050282 [000] ..... 1636803.193807: sys_wait4(upid: 10070d, stat_addr: c000a29bf4, options: 40000002, ru: 0)
             exe-1050282 [000] ..... 1636803.193810: sys_wait4 -> 0x10070d
             exe-1050282 [000] ..... 1636803.193812: sys_ptrace(request: 4204, pid: 10070d, addr: 1, data: c000a29c70)
             exe-1050282 [000] ..... 1636803.193816: sys_ptrace -> 0x0
             exe-1050282 [000] ..... 1636803.193818: sys_ptrace(request: 4204, pid: 10070d, addr: 202, data: c000a29c70)
             exe-1049567 [002] ..... 1636803.193820: sys_nanosleep -> 0x0
             exe-1050282 [000] ..... 1636803.193820: sys_ptrace -> 0x0
             exe-1049567 [002] ..... 1636803.193825: sys_nanosleep(rqtp: c000069f10, rmtp: 0)
             exe-1050282 [000] ..... 1636803.193828: sys_ptrace(request: 4205, pid: 10070d, addr: 1, data: c000a29c70)
             exe-1049673 [001] ..... 1636803.193829: sys_nanosleep -> 0x0
             exe-1050282 [000] ..... 1636803.193831: sys_ptrace -> 0x0
             exe-1049673 [001] ..... 1636803.193831: sys_nanosleep(rqtp: c000069f10, rmtp: 0)
             exe-1050282 [000] ..... 1636803.193832: sys_ptrace(request: 4205, pid: 10070d, addr: 202, data: c000a29c70)
             exe-1050282 [000] ..... 1636803.193843: sys_ptrace -> 0x0
             exe-1050282 [000] ..... 1636803.193844: sys_ptrace(request: 1f, pid: 10070d, addr: 0, data: 0)
             exe-1050282 [000] .N... 1636803.193852: sys_ptrace -> 0x0
             exe-1050381 [000] ..... 1636803.193862: sys_splice -> 0xffffffffffffffea
             exe-1050282 [000] ..... 1636803.193882: sys_wait4(upid: 10070d, stat_addr: c000a29bf4, options: 40000002, ru: 0)
             exe-1050282 [000] ..... 1636803.193885: sys_wait4 -> 0x10070d
             exe-1050282 [000] ..... 1636803.193887: sys_ptrace(request: 4204, pid: 10070d, addr: 1, data: c000a29c70)
             exe-1050282 [000] ..... 1636803.193891: sys_ptrace -> 0x0
             exe-1050282 [000] ..... 1636803.193893: sys_ptrace(request: 4204, pid: 10070d, addr: 202, data: c000a29c70)
             exe-1050282 [000] ..... 1636803.193896: sys_ptrace -> 0x0
             exe-1050282 [000] ..... 1636803.193906: sys_pwrite64(fd: 63, buf: 7fd66edf3080, count: 4f, pos: 51)
             exe-1050282 [000] ..... 1636803.193907: tracing_mark_write: splice(fd_in=281, off_in=0x8, fd_out=281, off_out=0x10, len=255, flags=0x5) end
             exe-1050282 [000] ..... 1636803.261345: tracing_mark_write: splice(fd_in=281, off_in=0x4, fd_out=281, off_out=0x5, len=2, flags=0x5) start
             exe-1050282 [000] ..... 1636803.261346: sys_pwrite64 -> 0x4e
             exe-1050282 [000] ..... 1636803.261353: sys_ptrace(request: 4205, pid: 10070d, addr: 1, data: c000a29c70)
             exe-1050282 [000] ..... 1636803.261355: sys_ptrace -> 0x0
             exe-1050282 [000] ..... 1636803.261356: sys_ptrace(request: 4205, pid: 10070d, addr: 202, data: c000a29c70)
             exe-1050282 [000] ..... 1636803.261367: sys_ptrace -> 0x0
             exe-1050282 [000] ..... 1636803.261369: sys_ptrace(request: 1f, pid: 10070d, addr: 0, data: 0)
             exe-1050282 [000] .N... 1636803.261376: sys_ptrace -> 0x0
             exe-1050381 [000] ..... 1636803.261385: sys_write -> 0x4e
             exe-1050282 [000] ..... 1636803.261402: sys_wait4(upid: 10070d, stat_addr: c000a29bf4, options: 40000002, ru: 0)
             exe-1050282 [000] ..... 1636803.261404: sys_wait4 -> 0x10070d
             exe-1050282 [000] ..... 1636803.261407: sys_ptrace(request: 4204, pid: 10070d, addr: 1, data: c000a29c70)
             exe-1050282 [000] ..... 1636803.261410: sys_ptrace -> 0x0
             exe-1050282 [000] ..... 1636803.261411: sys_ptrace(request: 4204, pid: 10070d, addr: 202, data: c000a29c70)
             exe-1050282 [000] ..... 1636803.261413: sys_ptrace -> 0x0
             exe-1050282 [000] ..... 1636803.261420: sys_ptrace(request: 4205, pid: 10070d, addr: 1, data: c000a29c70)
             exe-1049567 [002] ..... 1636803.261420: sys_nanosleep -> 0x0
             exe-1050282 [000] ..... 1636803.261422: sys_ptrace -> 0x0
             exe-1050282 [000] ..... 1636803.261423: sys_ptrace(request: 4205, pid: 10070d, addr: 202, data: c000a29c70)
             exe-1049567 [002] ..... 1636803.261426: sys_nanosleep(rqtp: c000069f10, rmtp: 0)
             exe-1050282 [000] ..... 1636803.261432: sys_ptrace -> 0x0
             exe-1049673 [001] ..... 1636803.261432: sys_nanosleep -> 0x0
             exe-1050282 [000] ..... 1636803.261433: sys_ptrace(request: 1f, pid: 10070d, addr: 0, data: 0)
             exe-1049673 [001] ..... 1636803.261439: sys_nanosleep(rqtp: c000069f10, rmtp: 0)
             exe-1050282 [000] .N... 1636803.261439: sys_ptrace -> 0x0
             exe-1050381 [000] ..... 1636803.261448: sys_splice -> 0xffffffffffffffea
             exe-1050282 [000] ..... 1636803.261465: sys_wait4(upid: 10070d, stat_addr: c000a29bf4, options: 40000002, ru: 0)
             exe-1050282 [000] ..... 1636803.261467: sys_wait4 -> 0x10070d
             exe-1050282 [000] ..... 1636803.261469: sys_ptrace(request: 4204, pid: 10070d, addr: 1, data: c000a29c70)
             exe-1050282 [000] ..... 1636803.261472: sys_ptrace -> 0x0
             exe-1050282 [000] ..... 1636803.261473: sys_ptrace(request: 4204, pid: 10070d, addr: 202, data: c000a29c70)
             exe-1050282 [000] ..... 1636803.261475: sys_ptrace -> 0x0
             exe-1050282 [000] ..... 1636803.261484: sys_pwrite64(fd: 63, buf: 7fd66edf3080, count: 4c, pos: 4e)
             exe-1050282 [000] ..... 1636803.261485: tracing_mark_write: splice(fd_in=281, off_in=0x4, fd_out=281, off_out=0x5, len=2, flags=0x5) end
             exe-1050282 [000] ..... 1636803.318455: tracing_mark_write: splice(fd_in=289, off_in=0x7fc287d00000, fd_out=289, off_out=0x7fc2894ff000, len=4096, flags=0x5) start
             exe-1050282 [000] ..... 1636803.318457: sys_pwrite64 -> 0x67
             exe-1049567 [002] ..... 1636803.318458: sys_nanosleep(rqtp: c000069f10, rmtp: 0)
             exe-1050282 [000] ..... 1636803.318464: sys_ptrace(request: 4205, pid: 10070d, addr: 1, data: c000a29c70)
             exe-1050282 [000] ..... 1636803.318467: sys_ptrace -> 0x0
             exe-1050282 [000] ..... 1636803.318468: sys_ptrace(request: 4205, pid: 10070d, addr: 202, data: c000a29c70)
             exe-1050282 [000] ..... 1636803.318480: sys_ptrace -> 0x0
             exe-1050282 [000] ..... 1636803.318482: sys_ptrace(request: 1f, pid: 10070d, addr: 0, data: 0)
             exe-1050282 [000] .N... 1636803.318490: sys_ptrace -> 0x0
             exe-1050381 [000] ..... 1636803.318501: sys_write -> 0x67
             exe-1050282 [000] ..... 1636803.318521: sys_wait4(upid: 10070d, stat_addr: c000a29bf4, options: 40000002, ru: 0)
             exe-1050282 [000] ..... 1636803.318524: sys_wait4 -> 0x10070d
             exe-1050282 [000] ..... 1636803.318526: sys_ptrace(request: 4204, pid: 10070d, addr: 1, data: c000a29c70)
             exe-1050282 [000] ..... 1636803.318530: sys_ptrace -> 0x0
             exe-1050282 [000] ..... 1636803.318532: sys_ptrace(request: 4204, pid: 10070d, addr: 202, data: c000a29c70)
             exe-1050282 [000] ..... 1636803.318535: sys_ptrace -> 0x0
             exe-1050282 [000] ..... 1636803.318543: sys_ptrace(request: 4205, pid: 10070d, addr: 1, data: c000a29c70)
             exe-1049673 [001] ..... 1636803.318545: sys_nanosleep -> 0x0
             exe-1050282 [000] ..... 1636803.318546: sys_ptrace -> 0x0
             exe-1050282 [000] ..... 1636803.318547: sys_ptrace(request: 4205, pid: 10070d, addr: 202, data: c000a29c70)
             exe-1049673 [001] ..... 1636803.318551: sys_nanosleep(rqtp: c000069f10, rmtp: 0)
             exe-1050282 [000] ..... 1636803.318557: sys_ptrace -> 0x0
             exe-1050282 [000] ..... 1636803.318559: sys_ptrace(request: 1f, pid: 10070d, addr: 0, data: 0)
             exe-1049567 [002] ..... 1636803.318564: sys_nanosleep -> 0x0
             exe-1050282 [000] .N... 1636803.318566: sys_ptrace -> 0x0
             exe-1049567 [002] ..... 1636803.318569: sys_nanosleep(rqtp: c000069f10, rmtp: 0)
             exe-1050381 [000] ..... 1636803.318577: sys_splice -> 0xfffffffffffffff7
             exe-1050282 [000] ..... 1636803.318597: sys_wait4(upid: 10070d, stat_addr: c000a29bf4, options: 40000002, ru: 0)
             exe-1050282 [000] ..... 1636803.318599: sys_wait4 -> 0x10070d
             exe-1050282 [000] ..... 1636803.318602: sys_ptrace(request: 4204, pid: 10070d, addr: 1, data: c000a29c70)
             exe-1050282 [000] ..... 1636803.318605: sys_ptrace -> 0x0
             exe-1050282 [000] ..... 1636803.318607: sys_ptrace(request: 4204, pid: 10070d, addr: 202, data: c000a29c70)
             exe-1050282 [000] ..... 1636803.318609: sys_ptrace -> 0x0
             exe-1050282 [000] ..... 1636803.318619: sys_pwrite64(fd: 63, buf: 7fd66edf3080, count: 65, pos: 67)
             exe-1050282 [000] ..... 1636803.318621: tracing_mark_write: splice(fd_in=289, off_in=0x7fc287d00000, fd_out=289, off_out=0x7fc2894ff000, len=4096, flags=0x5) end
             exe-1050282 [000] ..... 1636803.385671: tracing_mark_write: splice(fd_in=289, off_in=0x8, fd_out=375, off_out=0x7fc289839000, len=0x5f5f5f, flags=0x5) start
             exe-1050282 [000] ..... 1636803.385673: sys_pwrite64 -> 0x60
             exe-1050282 [000] ..... 1636803.385679: sys_ptrace(request: 4205, pid: 10070d, addr: 1, data: c000a29c70)
             exe-1050282 [000] ..... 1636803.385682: sys_ptrace -> 0x0
             exe-1050282 [000] ..... 1636803.385683: sys_ptrace(request: 4205, pid: 10070d, addr: 202, data: c000a29c70)
             exe-1050282 [000] ..... 1636803.385694: sys_ptrace -> 0x0
             exe-1050282 [000] ..... 1636803.385696: sys_ptrace(request: 1f, pid: 10070d, addr: 0, data: 0)
             exe-1050282 [000] .N... 1636803.385703: sys_ptrace -> 0x0
             exe-1050381 [000] ..... 1636803.385714: sys_write -> 0x60
             exe-1050282 [000] ..... 1636803.385733: sys_wait4(upid: 10070d, stat_addr: c000a29bf4, options: 40000002, ru: 0)
             exe-1050282 [000] ..... 1636803.385735: sys_wait4 -> 0x10070d
             exe-1050282 [000] ..... 1636803.385738: sys_ptrace(request: 4204, pid: 10070d, addr: 1, data: c000a29c70)
             exe-1049673 [001] ..... 1636803.385739: sys_nanosleep -> 0x0
             exe-1049567 [002] ..... 1636803.385741: sys_nanosleep -> 0x0
             exe-1050282 [000] ..... 1636803.385741: sys_ptrace -> 0x0
             exe-1049673 [001] ..... 1636803.385741: sys_nanosleep(rqtp: c000069f10, rmtp: 0)
             exe-1050282 [000] ..... 1636803.385743: sys_ptrace(request: 4204, pid: 10070d, addr: 202, data: c000a29c70)
             exe-1049567 [002] ..... 1636803.385743: sys_nanosleep(rqtp: c000069f10, rmtp: 0)
             exe-1050282 [000] ..... 1636803.385746: sys_ptrace -> 0x0
             exe-1050282 [000] ..... 1636803.385753: sys_ptrace(request: 4205, pid: 10070d, addr: 1, data: c000a29c70)
             exe-1050282 [000] ..... 1636803.385756: sys_ptrace -> 0x0
             exe-1050282 [000] ..... 1636803.385757: sys_ptrace(request: 4205, pid: 10070d, addr: 202, data: c000a29c70)
             exe-1050282 [000] ..... 1636803.385766: sys_ptrace -> 0x0
             exe-1050282 [000] ..... 1636803.385768: sys_ptrace(request: 1f, pid: 10070d, addr: 0, data: 0)
             exe-1050282 [000] .N... 1636803.385775: sys_ptrace -> 0x0
             exe-1050381 [000] ..... 1636803.385785: sys_splice -> 0xfffffffffffffff7
             exe-1050282 [000] ..... 1636803.385803: sys_wait4(upid: 10070d, stat_addr: c000a29bf4, options: 40000002, ru: 0)
             exe-1050282 [000] ..... 1636803.385806: sys_wait4 -> 0x10070d
             exe-1050282 [000] ..... 1636803.385808: sys_ptrace(request: 4204, pid: 10070d, addr: 1, data: c000a29c70)
             exe-1050282 [000] ..... 1636803.385811: sys_ptrace -> 0x0
             exe-1050282 [000] ..... 1636803.385813: sys_ptrace(request: 4204, pid: 10070d, addr: 202, data: c000a29c70)
             exe-1050282 [000] ..... 1636803.385815: sys_ptrace -> 0x0
             exe-1050282 [000] ..... 1636803.385824: sys_pwrite64(fd: 63, buf: 7fd66edf3080, count: 5e, pos: 60)
             exe-1050282 [000] ..... 1636803.385826: tracing_mark_write: splice(fd_in=289, off_in=0x8, fd_out=375, off_out=0x7fc289839000, len=0x5f5f5f, flags=0x5) end
             exe-1050289 [002] ..... 1636803.460369: tracing_mark_write: splice(fd_in=361, off_in=0x7fc287600000, fd_out=361, off_out=0x7fc289838000, len=1, flags=0x5) start
             exe-1050289 [002] ..... 1636803.460371: sys_pwrite64 -> 0x64
             exe-1049567 [000] ..... 1636803.460397: sys_nanosleep -> 0x0
             exe-1049567 [000] ..... 1636803.460400: sys_nanosleep(rqtp: c000069f10, rmtp: 0)
             exe-1049673 [003] ..... 1636803.460418: sys_nanosleep -> 0x0
             exe-1049673 [003] ..... 1636803.460421: sys_nanosleep(rqtp: c000069f10, rmtp: 0)
             exe-1050289 [002] ..... 1636803.460455: sys_ptrace(request: 4205, pid: 10071e, addr: 1, data: c000a29c70)
             exe-1050289 [002] ..... 1636803.460460: sys_ptrace -> 0x0
             exe-1050289 [002] ..... 1636803.460463: sys_ptrace(request: 4205, pid: 10071e, addr: 202, data: c000a29c70)
             exe-1050289 [002] ..... 1636803.460477: sys_ptrace -> 0x0
             exe-1050289 [002] ..... 1636803.460479: sys_ptrace(request: 1f, pid: 10071e, addr: 0, data: 0)
             exe-1050289 [002] ..... 1636803.460490: sys_ptrace -> 0x0
             exe-1050289 [002] ..... 1636803.460494: sys_wait4(upid: 10071e, stat_addr: c000a29bf4, options: 40000002, ru: 0)
             exe-1050398 [000] ..... 1636803.460498: sys_write -> 0x64
             exe-1049673 [003] ..... 1636803.460507: sys_nanosleep -> 0x0
             exe-1049673 [003] ..... 1636803.460509: sys_nanosleep(rqtp: c000069f10, rmtp: 0)
             exe-1049567 [000] ..... 1636803.460524: sys_nanosleep -> 0x0
             exe-1049567 [000] ..... 1636803.460530: sys_nanosleep(rqtp: c000069f10, rmtp: 0)
             exe-1050289 [002] ..... 1636803.460569: sys_wait4 -> 0x10071e
             exe-1050289 [002] ..... 1636803.460575: sys_ptrace(request: 4204, pid: 10071e, addr: 1, data: c000a29c70)
             exe-1050289 [002] ..... 1636803.460580: sys_ptrace -> 0x0
             exe-1050289 [002] ..... 1636803.460582: sys_ptrace(request: 4204, pid: 10071e, addr: 202, data: c000a29c70)
             exe-1050289 [002] ..... 1636803.460585: sys_ptrace -> 0x0
             exe-1049673 [003] ..... 1636803.460595: sys_nanosleep -> 0x0
             exe-1049673 [003] ..... 1636803.460597: sys_nanosleep(rqtp: c000069f10, rmtp: 0)
             exe-1050289 [002] ..... 1636803.460597: sys_ptrace(request: 4205, pid: 10071e, addr: 1, data: c000a29c70)
             exe-1050289 [002] ..... 1636803.460600: sys_ptrace -> 0x0
             exe-1050289 [002] ..... 1636803.460601: sys_ptrace(request: 4205, pid: 10071e, addr: 202, data: c000a29c70)
             exe-1050289 [002] ..... 1636803.460614: sys_ptrace -> 0x0
             exe-1049567 [000] ..... 1636803.460643: sys_nanosleep -> 0x0
             exe-1050289 [002] .N... 1636803.460644: sys_ptrace(request: 1f, pid: 10071e, addr: 0, data: 0)
             exe-1049567 [000] ..... 1636803.460646: sys_nanosleep(rqtp: c000069f10, rmtp: 0)
             exe-1050289 [002] .N... 1636803.460651: sys_ptrace -> 0x0
             exe-1050398 [000] ..... 1636803.460664: sys_splice -> 0xfffffffffffffff7
             exe-1049673 [003] ..... 1636803.460692: sys_nanosleep -> 0x0
             exe-1049673 [003] ..... 1636803.460694: sys_nanosleep(rqtp: c000069f10, rmtp: 0)
             exe-1050289 [002] ..... 1636803.460764: sys_wait4(upid: 10071e, stat_addr: c000a29bf4, options: 40000002, ru: 0)
             exe-1050289 [002] ..... 1636803.460768: sys_wait4 -> 0x10071e
             exe-1050289 [002] ..... 1636803.460770: sys_ptrace(request: 4204, pid: 10071e, addr: 1, data: c000a29c70)
             exe-1050289 [002] ..... 1636803.460775: sys_ptrace -> 0x0
             exe-1050289 [002] ..... 1636803.460776: sys_ptrace(request: 4204, pid: 10071e, addr: 202, data: c000a29c70)
             exe-1050289 [002] ..... 1636803.460779: sys_ptrace -> 0x0
             exe-1049673 [003] ..... 1636803.460781: sys_nanosleep -> 0x0
             exe-1049673 [003] ..... 1636803.460784: sys_nanosleep(rqtp: c000069f10, rmtp: 0)
             exe-1050289 [002] ..... 1636803.460796: sys_pwrite64(fd: 63, buf: 7fd66edf3080, count: 62, pos: 64)
             exe-1050289 [002] ..... 1636803.460798: tracing_mark_write: splice(fd_in=361, off_in=0x7fc287600000, fd_out=361, off_out=0x7fc289838000, len=1, flags=0x5) end
             exe-1050282 [002] ..... 1636803.551409: tracing_mark_write: splice(fd_in=40, off_in=0x4, fd_out=40, off_out=0x4, len=22, flags=0x5) start
             exe-1050282 [002] ..... 1636803.551411: sys_pwrite64 -> 0x4d
             exe-1050282 [002] ..... 1636803.551415: sys_ptrace(request: 4205, pid: 10070d, addr: 1, data: c000a29c70)
             exe-1050282 [002] ..... 1636803.551418: sys_ptrace -> 0x0
             exe-1050282 [002] ..... 1636803.551419: sys_ptrace(request: 4205, pid: 10070d, addr: 202, data: c000a29c70)
             exe-1050282 [002] ..... 1636803.551426: sys_ptrace -> 0x0
             exe-1050282 [002] ..... 1636803.551428: sys_ptrace(request: 1f, pid: 10070d, addr: 0, data: 0)
             exe-1050282 [002] ..... 1636803.551434: sys_ptrace -> 0x0
             exe-1050282 [002] ..... 1636803.551436: sys_wait4(upid: 10070d, stat_addr: c000a29bf4, options: 40000002, ru: 0)
             exe-1050381 [001] ..... 1636803.551450: sys_write -> 0x4d
             exe-1050282 [002] ..... 1636803.551465: sys_wait4 -> 0x10070d
             exe-1050282 [002] ..... 1636803.551467: sys_ptrace(request: 4204, pid: 10070d, addr: 1, data: c000a29c70)
             exe-1050282 [002] ..... 1636803.551469: sys_ptrace -> 0x0
             exe-1050282 [002] ..... 1636803.551471: sys_ptrace(request: 4204, pid: 10070d, addr: 202, data: c000a29c70)
             exe-1050282 [002] ..... 1636803.551473: sys_ptrace -> 0x0
             exe-1050282 [002] ..... 1636803.551479: sys_ptrace(request: 4205, pid: 10070d, addr: 1, data: c000a29c70)
             exe-1050282 [002] ..... 1636803.551481: sys_ptrace -> 0x0
             exe-1050282 [002] ..... 1636803.551483: sys_ptrace(request: 4205, pid: 10070d, addr: 202, data: c000a29c70)
             exe-1050282 [002] ..... 1636803.551488: sys_ptrace -> 0x0
             exe-1050282 [002] ..... 1636803.551490: sys_ptrace(request: 1f, pid: 10070d, addr: 0, data: 0)
             exe-1050282 [002] ..... 1636803.551495: sys_ptrace -> 0x0
             exe-1050282 [002] ..... 1636803.551497: sys_wait4(upid: 10070d, stat_addr: c000a29bf4, options: 40000002, ru: 0)
             exe-1050381 [001] ..... 1636803.551507: sys_splice -> 0xfffffffffffffff7
             exe-1050282 [002] ..... 1636803.551522: sys_wait4 -> 0x10070d
             exe-1050282 [002] ..... 1636803.551524: sys_ptrace(request: 4204, pid: 10070d, addr: 1, data: c000a29c70)
             exe-1050282 [002] ..... 1636803.551526: sys_ptrace -> 0x0
             exe-1050282 [002] ..... 1636803.551527: sys_ptrace(request: 4204, pid: 10070d, addr: 202, data: c000a29c70)
             exe-1050282 [002] ..... 1636803.551529: sys_ptrace -> 0x0
             exe-1050282 [002] ..... 1636803.551534: sys_pwrite64(fd: 63, buf: 7fd66edf3080, count: 4b, pos: 4d)
             exe-1050282 [002] ..... 1636803.551536: tracing_mark_write: splice(fd_in=40, off_in=0x4, fd_out=40, off_out=0x4, len=22, flags=0x5) end
             exe-1050282 [002] ..... 1636803.628911: tracing_mark_write: splice(fd_in=40, off_in=0x7fc287a00000, fd_out=278, off_out=0x7fc287600000, len=8, flags=0x5) start
             exe-1050282 [002] ..... 1636803.628913: sys_pwrite64 -> 0x63
             exe-1049567 [001] ..... 1636803.628947: sys_nanosleep -> 0x0
             exe-1049567 [001] ..... 1636803.628952: sys_nanosleep(rqtp: c000069f10, rmtp: 0)
             exe-1049673 [001] ..... 1636803.628973: sys_nanosleep -> 0x0
             exe-1049673 [001] ..... 1636803.628979: sys_nanosleep(rqtp: c000069f10, rmtp: 0)
             exe-1050282 [002] ..... 1636803.628995: sys_ptrace(request: 4205, pid: 10070d, addr: 1, data: c000a29c70)
             exe-1050282 [002] ..... 1636803.629000: sys_ptrace -> 0x0
             exe-1050282 [002] ..... 1636803.629003: sys_ptrace(request: 4205, pid: 10070d, addr: 202, data: c000a29c70)
             exe-1050282 [002] ..... 1636803.629016: sys_ptrace -> 0x0
             exe-1050282 [002] ..... 1636803.629019: sys_ptrace(request: 1f, pid: 10070d, addr: 0, data: 0)
             exe-1050282 [002] ..... 1636803.629028: sys_ptrace -> 0x0
             exe-1050282 [002] ..... 1636803.629032: sys_wait4(upid: 10070d, stat_addr: c000a29bf4, options: 40000002, ru: 0)
             exe-1050381 [001] ..... 1636803.629043: sys_write -> 0x63
             exe-1049673 [001] ..... 1636803.629088: sys_nanosleep -> 0x0
             exe-1049673 [001] ..... 1636803.629093: sys_nanosleep(rqtp: c000069f10, rmtp: 0)
             exe-1050282 [002] ..... 1636803.629108: sys_wait4 -> 0x10070d
             exe-1050282 [002] ..... 1636803.629114: sys_ptrace(request: 4204, pid: 10070d, addr: 1, data: c000a29c70)
             exe-1050282 [002] ..... 1636803.629120: sys_ptrace -> 0x0
             exe-1050282 [002] ..... 1636803.629121: sys_ptrace(request: 4204, pid: 10070d, addr: 202, data: c000a29c70)
             exe-1050282 [002] ..... 1636803.629124: sys_ptrace -> 0x0
             exe-1050282 [002] ..... 1636803.629137: sys_ptrace(request: 4205, pid: 10070d, addr: 1, data: c000a29c70)
             exe-1050282 [002] ..... 1636803.629140: sys_ptrace -> 0x0
             exe-1050282 [002] ..... 1636803.629141: sys_ptrace(request: 4205, pid: 10070d, addr: 202, data: c000a29c70)
             exe-1050282 [002] ..... 1636803.629154: sys_ptrace -> 0x0
             exe-1050282 [002] ..... 1636803.629156: sys_ptrace(request: 1f, pid: 10070d, addr: 0, data: 0)
             exe-1049673 [001] ..... 1636803.629185: sys_nanosleep -> 0x0
             exe-1049673 [001] ..... 1636803.629187: sys_nanosleep(rqtp: c000069f10, rmtp: 0)
             exe-1050282 [002] .N... 1636803.629191: sys_ptrace -> 0x0
             exe-1050381 [001] ..... 1636803.629208: sys_splice -> 0xffffffffffffffea
             exe-1050282 [002] ..... 1636803.629237: sys_wait4(upid: 10070d, stat_addr: c000a29bf4, options: 40000002, ru: 0)
             exe-1050282 [002] ..... 1636803.629240: sys_wait4 -> 0x10070d
             exe-1050282 [002] ..... 1636803.629243: sys_ptrace(request: 4204, pid: 10070d, addr: 1, data: c000a29c70)
             exe-1050282 [002] ..... 1636803.629247: sys_ptrace -> 0x0
             exe-1050282 [002] ..... 1636803.629249: sys_ptrace(request: 4204, pid: 10070d, addr: 202, data: c000a29c70)
             exe-1050282 [002] ..... 1636803.629252: sys_ptrace -> 0x0
             exe-1050282 [002] ..... 1636803.629269: sys_pwrite64(fd: 63, buf: 7fd66edf3080, count: 61, pos: 63)
             exe-1050282 [002] ..... 1636803.629271: tracing_mark_write: splice(fd_in=40, off_in=0x7fc287a00000, fd_out=278, off_out=0x7fc287600000, len=8, flags=0x5) end
             exe-1050282 [002] ..... 1636803.716791: tracing_mark_write: splice(fd_in=278, off_in=0x7fc287a00000, fd_out=370, off_out=0x7fc287a00008, len=4096, flags=0x5) start
             exe-1050282 [002] ..... 1636803.716793: sys_pwrite64 -> 0x67
             exe-1050282 [002] ..... 1636803.716802: sys_ptrace(request: 4205, pid: 10070d, addr: 1, data: c000a29c70)
             exe-1050282 [002] ..... 1636803.716805: sys_ptrace -> 0x0
             exe-1050282 [002] ..... 1636803.716807: sys_ptrace(request: 4205, pid: 10070d, addr: 202, data: c000a29c70)
             exe-1050282 [002] ..... 1636803.716892: sys_ptrace -> 0x0
             exe-1050282 [002] ..... 1636803.716897: sys_ptrace(request: 1f, pid: 10070d, addr: 0, data: 0)
             exe-1050282 [002] ..... 1636803.716914: sys_ptrace -> 0x0
             exe-1050282 [002] ..... 1636803.716918: sys_wait4(upid: 10070d, stat_addr: c000a29bf4, options: 40000002, ru: 0)
             exe-1050381 [001] ..... 1636803.716946: sys_write -> 0x67
             exe-1049673 [003] ..... 1636803.716983: sys_nanosleep -> 0x0
             exe-1049673 [003] ..... 1636803.716986: sys_nanosleep(rqtp: c000069f10, rmtp: 0)
             exe-1050282 [002] ..... 1636803.716996: sys_wait4 -> 0x10070d
             exe-1050282 [002] ..... 1636803.717002: sys_ptrace(request: 4204, pid: 10070d, addr: 1, data: c000a29c70)
             exe-1050282 [002] ..... 1636803.717008: sys_ptrace -> 0x0
             exe-1050282 [002] ..... 1636803.717010: sys_ptrace(request: 4204, pid: 10070d, addr: 202, data: c000a29c70)
             exe-1050282 [002] ..... 1636803.717012: sys_ptrace -> 0x0
             exe-1050282 [002] ..... 1636803.717024: sys_ptrace(request: 4205, pid: 10070d, addr: 1, data: c000a29c70)
             exe-1050282 [002] ..... 1636803.717027: sys_ptrace -> 0x0
             exe-1050282 [002] ..... 1636803.717028: sys_ptrace(request: 4205, pid: 10070d, addr: 202, data: c000a29c70)
             exe-1050282 [002] ..... 1636803.717041: sys_ptrace -> 0x0
             exe-1050282 [002] ..... 1636803.717043: sys_ptrace(request: 1f, pid: 10070d, addr: 0, data: 0)
             exe-1050282 [002] .N... 1636803.717083: sys_ptrace -> 0x0
             exe-1050381 [001] ..... 1636803.717093: sys_splice -> 0xffffffffffffffea
             exe-1050282 [002] ..... 1636803.717129: sys_wait4(upid: 10070d, stat_addr: c000a29bf4, options: 40000002, ru: 0)
             exe-1050282 [002] ..... 1636803.717133: sys_wait4 -> 0x10070d
             exe-1050282 [002] ..... 1636803.717135: sys_ptrace(request: 4204, pid: 10070d, addr: 1, data: c000a29c70)
             exe-1050282 [002] ..... 1636803.717140: sys_ptrace -> 0x0
             exe-1050282 [002] ..... 1636803.717142: sys_ptrace(request: 4204, pid: 10070d, addr: 202, data: c000a29c70)
             exe-1050282 [002] ..... 1636803.717144: sys_ptrace -> 0x0
             exe-1050282 [002] ..... 1636803.717162: sys_pwrite64(fd: 63, buf: 7fd66edf3080, count: 65, pos: 67)
             exe-1050282 [002] ..... 1636803.717164: tracing_mark_write: splice(fd_in=278, off_in=0x7fc287a00000, fd_out=370, off_out=0x7fc287a00008, len=4096, flags=0x5) end
             exe-1050282 [002] ..... 1636803.795327: tracing_mark_write: splice(fd_in=278, off_in=0x8, fd_out=278, off_out=0x10, len=98, flags=0x5) start
             exe-1049567 [003] ..... 1636803.795328: sys_nanosleep(rqtp: c000069f10, rmtp: 0)
             exe-1050282 [002] ..... 1636803.795329: sys_pwrite64 -> 0x50
             exe-1050282 [002] ..... 1636803.795337: sys_ptrace(request: 4205, pid: 10070d, addr: 1, data: c000a29c70)
             exe-1050282 [002] ..... 1636803.795341: sys_ptrace -> 0x0
             exe-1050282 [002] ..... 1636803.795343: sys_ptrace(request: 4205, pid: 10070d, addr: 202, data: c000a29c70)
             exe-1049673 [003] ..... 1636803.795349: sys_nanosleep -> 0x0
             exe-1049673 [003] ..... 1636803.795354: sys_nanosleep(rqtp: c000069f10, rmtp: 0)
             exe-1050282 [002] ..... 1636803.795424: sys_ptrace -> 0x0
             exe-1050282 [002] ..... 1636803.795429: sys_ptrace(request: 1f, pid: 10070d, addr: 0, data: 0)
             exe-1049567 [003] ..... 1636803.795434: sys_nanosleep -> 0x0
             exe-1049567 [003] ..... 1636803.795439: sys_nanosleep(rqtp: c000069f10, rmtp: 0)
             exe-1050282 [002] ..... 1636803.795444: sys_ptrace -> 0x0
             exe-1050282 [002] ..... 1636803.795448: sys_wait4(upid: 10070d, stat_addr: c000a29bf4, options: 40000002, ru: 0)
             exe-1049673 [003] ..... 1636803.795460: sys_nanosleep -> 0x0
             exe-1049673 [003] ..... 1636803.795465: sys_nanosleep(rqtp: c000069f10, rmtp: 0)
             exe-1050381 [001] ..... 1636803.795466: sys_write -> 0x50
             exe-1050282 [002] ..... 1636803.795533: sys_wait4 -> 0x10070d
             exe-1050282 [002] ..... 1636803.795540: sys_ptrace(request: 4204, pid: 10070d, addr: 1, data: c000a29c70)
             exe-1049567 [003] ..... 1636803.795544: sys_nanosleep -> 0x0
             exe-1050282 [002] ..... 1636803.795545: sys_ptrace -> 0x0
             exe-1050282 [002] ..... 1636803.795547: sys_ptrace(request: 4204, pid: 10070d, addr: 202, data: c000a29c70)
             exe-1049567 [003] ..... 1636803.795550: sys_nanosleep(rqtp: c000069f10, rmtp: 0)
             exe-1050282 [002] ..... 1636803.795550: sys_ptrace -> 0x0
             exe-1050282 [002] ..... 1636803.795561: sys_ptrace(request: 4205, pid: 10070d, addr: 1, data: c000a29c70)
             exe-1050282 [002] ..... 1636803.795563: sys_ptrace -> 0x0
             exe-1050282 [002] ..... 1636803.795565: sys_ptrace(request: 4205, pid: 10070d, addr: 202, data: c000a29c70)
             exe-1049673 [003] ..... 1636803.795571: sys_nanosleep -> 0x0
             exe-1049673 [003] ..... 1636803.795576: sys_nanosleep(rqtp: c000069f10, rmtp: 0)
             exe-1050282 [002] ..... 1636803.795577: sys_ptrace -> 0x0
             exe-1050282 [002] ..... 1636803.795578: sys_ptrace(request: 1f, pid: 10070d, addr: 0, data: 0)
             exe-1050282 [002] .N... 1636803.795615: sys_ptrace -> 0x0
             exe-1050381 [001] ..... 1636803.795629: sys_splice -> 0xffffffffffffffea
             exe-1049567 [003] ..... 1636803.795655: sys_nanosleep -> 0x0
             exe-1050282 [002] ..... 1636803.795658: sys_wait4(upid: 10070d, stat_addr: c000a29bf4, options: 40000002, ru: 0)
             exe-1049567 [003] ..... 1636803.795661: sys_nanosleep(rqtp: c000069f10, rmtp: 0)
             exe-1050282 [002] ..... 1636803.795662: sys_wait4 -> 0x10070d
             exe-1050282 [002] ..... 1636803.795664: sys_ptrace(request: 4204, pid: 10070d, addr: 1, data: c000a29c70)
             exe-1050282 [002] ..... 1636803.795668: sys_ptrace -> 0x0
             exe-1050282 [002] ..... 1636803.795670: sys_ptrace(request: 4204, pid: 10070d, addr: 202, data: c000a29c70)
             exe-1050282 [002] ..... 1636803.795672: sys_ptrace -> 0x0
             exe-1049673 [003] ..... 1636803.795681: sys_nanosleep -> 0x0
             exe-1049673 [003] ..... 1636803.795686: sys_nanosleep(rqtp: c000069f10, rmtp: 0)
             exe-1050282 [002] ..... 1636803.795690: sys_pwrite64(fd: 63, buf: 7fd66edf3080, count: 4e, pos: 50)
             exe-1050282 [002] ..... 1636803.795692: tracing_mark_write: splice(fd_in=278, off_in=0x8, fd_out=278, off_out=0x10, len=98, flags=0x5) end
             exe-1050282 [003] ..... 1636803.888157: tracing_mark_write: splice(fd_in=278, off_in=0x7fc287600000, fd_out=364, off_out=0x7fc287600001, len=4096, flags=0x5) start
             exe-1050282 [003] ..... 1636803.888160: sys_pwrite64 -> 0x67
             exe-1050282 [003] ..... 1636803.888165: sys_ptrace(request: 4205, pid: 10070d, addr: 1, data: c000a29c70)
             exe-1050282 [003] ..... 1636803.888168: sys_ptrace -> 0x0
             exe-1050282 [003] ..... 1636803.888169: sys_ptrace(request: 4205, pid: 10070d, addr: 202, data: c000a29c70)
             exe-1050282 [003] ..... 1636803.888178: sys_ptrace -> 0x0
             exe-1050282 [003] ..... 1636803.888180: sys_ptrace(request: 1f, pid: 10070d, addr: 0, data: 0)
             exe-1050282 [003] ..... 1636803.888191: sys_ptrace -> 0x0
             exe-1050282 [003] ..... 1636803.888193: sys_wait4(upid: 10070d, stat_addr: c000a29bf4, options: 40000002, ru: 0)
             exe-1050381 [002] ..... 1636803.888212: sys_write -> 0x67
             exe-1050282 [003] ..... 1636803.888229: sys_wait4 -> 0x10070d
             exe-1050282 [003] ..... 1636803.888231: sys_ptrace(request: 4204, pid: 10070d, addr: 1, data: c000a29c70)
             exe-1050282 [003] ..... 1636803.888234: sys_ptrace -> 0x0
             exe-1050282 [003] ..... 1636803.888235: sys_ptrace(request: 4204, pid: 10070d, addr: 202, data: c000a29c70)
             exe-1050282 [003] ..... 1636803.888238: sys_ptrace -> 0x0
             exe-1050282 [003] ..... 1636803.888245: sys_ptrace(request: 4205, pid: 10070d, addr: 1, data: c000a29c70)
             exe-1050282 [003] ..... 1636803.888248: sys_ptrace -> 0x0
             exe-1050282 [003] ..... 1636803.888249: sys_ptrace(request: 4205, pid: 10070d, addr: 202, data: c000a29c70)
             exe-1050282 [003] ..... 1636803.888256: sys_ptrace -> 0x0
             exe-1050282 [003] ..... 1636803.888257: sys_ptrace(request: 1f, pid: 10070d, addr: 0, data: 0)
             exe-1050282 [003] ..... 1636803.888268: sys_ptrace -> 0x0
             exe-1050282 [003] ..... 1636803.888270: sys_wait4(upid: 10070d, stat_addr: c000a29bf4, options: 40000002, ru: 0)
             exe-1050381 [002] ..... 1636803.888305: sys_splice -> 0xfffffffffffffff7
             exe-1050282 [003] ..... 1636803.888383: sys_wait4 -> 0x10070d
             exe-1050282 [003] ..... 1636803.888390: sys_ptrace(request: 4204, pid: 10070d, addr: 1, data: c000a29c70)
             exe-1050282 [003] ..... 1636803.888395: sys_ptrace -> 0x0
             exe-1050282 [003] ..... 1636803.888397: sys_ptrace(request: 4204, pid: 10070d, addr: 202, data: c000a29c70)
             exe-1050282 [003] ..... 1636803.888401: sys_ptrace -> 0x0
             exe-1050282 [003] ..... 1636803.888418: sys_pwrite64(fd: 63, buf: 7fd66edf3080, count: 65, pos: 67)
             exe-1050282 [003] ..... 1636803.888420: tracing_mark_write: splice(fd_in=278, off_in=0x7fc287600000, fd_out=364, off_out=0x7fc287600001, len=4096, flags=0x5) end
             exe-1050282 [002] ..... 1636803.972942: tracing_mark_write: splice(fd_in=364, off_in=0x0, fd_out=364, off_out=0x0, len=0x2000000, flags=0x6) start
             exe-1050282 [002] .N... 1636803.972950: sys_pwrite64 -> 0x56
             exe-1049673 [002] ..... 1636803.972961: sys_nanosleep -> 0x0
             exe-1049673 [002] ..... 1636803.972968: sys_nanosleep(rqtp: c000069f10, rmtp: 0)
             exe-1050282 [002] ..... 1636803.973007: sys_ptrace(request: 4205, pid: 10070d, addr: 1, data: c000a29c70)
             exe-1050282 [002] ..... 1636803.973012: sys_ptrace -> 0x0
             exe-1050282 [002] ..... 1636803.973014: sys_ptrace(request: 4205, pid: 10070d, addr: 202, data: c000a29c70)
             exe-1050282 [002] ..... 1636803.973028: sys_ptrace -> 0x0
             exe-1050282 [002] ..... 1636803.973030: sys_ptrace(request: 1f, pid: 10070d, addr: 0, data: 0)
             exe-1050282 [002] .N... 1636803.973070: sys_ptrace -> 0x0
             exe-1049673 [002] ..... 1636803.973080: sys_nanosleep -> 0x0
             exe-1050381 [001] ..... 1636803.973081: sys_write -> 0x56
             exe-1049673 [002] ..... 1636803.973087: sys_nanosleep(rqtp: c000069f10, rmtp: 0)
             exe-1050282 [002] ..... 1636803.973116: sys_wait4(upid: 10070d, stat_addr: c000a29bf4, options: 40000002, ru: 0)
             exe-1050282 [002] ..... 1636803.973119: sys_wait4 -> 0x10070d
             exe-1050282 [002] ..... 1636803.973121: sys_ptrace(request: 4204, pid: 10070d, addr: 1, data: c000a29c70)
             exe-1050282 [002] ..... 1636803.973125: sys_ptrace -> 0x0
             exe-1050282 [002] ..... 1636803.973127: sys_ptrace(request: 4204, pid: 10070d, addr: 202, data: c000a29c70)
             exe-1050282 [002] ..... 1636803.973130: sys_ptrace -> 0x0
             exe-1050282 [002] ..... 1636803.973141: sys_ptrace(request: 4205, pid: 10070d, addr: 1, data: c000a29c70)
             exe-1050282 [002] ..... 1636803.973144: sys_ptrace -> 0x0
             exe-1050282 [002] ..... 1636803.973145: sys_ptrace(request: 4205, pid: 10070d, addr: 202, data: c000a29c70)
             exe-1050282 [002] ..... 1636803.973157: sys_ptrace -> 0x0
             exe-1049673 [002] ..... 1636803.973196: sys_nanosleep -> 0x0
             exe-1049673 [002] ..... 1636803.973203: sys_nanosleep(rqtp: c000069f10, rmtp: 0)
             exe-1050282 [002] ..... 1636803.973228: sys_ptrace(request: 1f, pid: 10070d, addr: 0, data: 0)
             exe-1050282 [002] ..... 1636803.973243: sys_ptrace -> 0x0
             exe-1050282 [002] ..... 1636803.973247: sys_wait4(upid: 10070d, stat_addr: c000a29bf4, options: 40000002, ru: 0)
             exe-1050381 [001] ..... 1636803.973272: sys_splice -> 0xfffffffffffffff7
             exe-1049673 [002] ..... 1636803.973309: sys_nanosleep -> 0x0
             exe-1049673 [002] ..... 1636803.973315: sys_nanosleep(rqtp: c000069f10, rmtp: 0)
             exe-1050282 [002] ..... 1636803.973338: sys_wait4 -> 0x10070d
             exe-1050282 [002] ..... 1636803.973345: sys_ptrace(request: 4204, pid: 10070d, addr: 1, data: c000a29c70)
             exe-1050282 [002] ..... 1636803.973350: sys_ptrace -> 0x0
             exe-1050282 [002] ..... 1636803.973351: sys_ptrace(request: 4204, pid: 10070d, addr: 202, data: c000a29c70)
             exe-1050282 [002] ..... 1636803.973354: sys_ptrace -> 0x0
             exe-1050282 [002] ..... 1636803.973372: sys_pwrite64(fd: 63, buf: 7fd66edf3080, count: 54, pos: 56)
             exe-1050282 [002] ..... 1636803.973374: tracing_mark_write: splice(fd_in=364, off_in=0x0, fd_out=364, off_out=0x0, len=0x2000000, flags=0x6) end
