             exe-1050289 [000] ..... 1636800.898081: tracing_mark_write: splice(fd_in=278, off_in=0x7fc287800000, fd_out=305, off_out=0x7fc289829000, len=128, flags=0x7fc289819ce0) start
             exe-1049673 [001] ..... 1636800.898091: sys_nanosleep -> 0x0
             exe-1050289 [000] ..... 1636800.898092: sys_pwrite64 -> 0x71
             exe-1049673 [001] ..... 1636800.898093: sys_nanosleep(rqtp: c000069f10, rmtp: 0)
             exe-1050289 [000] ..... 1636800.898097: sys_ptrace(request: 4205, pid: 10071e, addr: 1, data: c000a29c70)
             exe-1050289 [000] ..... 1636800.898098: sys_ptrace -> 0x0
             exe-1050289 [000] ..... 1636800.898099: sys_ptrace(request: 4205, pid: 10071e, addr: 202, data: c000a29c70)
             exe-1050289 [000] ..... 1636800.898106: sys_ptrace -> 0x0
             exe-1050289 [000] ..... 1636800.898107: sys_ptrace(request: 1f, pid: 10071e, addr: 0, data: 0)
             exe-1050289 [000] .N... 1636800.898112: sys_ptrace -> 0x0
             exe-1050398 [000] ..... 1636800.898120: sys_write -> 0x71
             exe-1050289 [000] ..... 1636800.898132: sys_wait4(upid: 10071e, stat_addr: c000a29bf4, options: 40000002, ru: 0)
             exe-1050289 [000] ..... 1636800.898134: sys_wait4 -> 0x10071e
             exe-1050289 [000] ..... 1636800.898135: sys_ptrace(request: 4204, pid: 10071e, addr: 1, data: c000a29c70)
             exe-1050289 [000] ..... 1636800.898137: sys_ptrace -> 0x0
             exe-1050289 [000] ..... 1636800.898138: sys_ptrace(request: 4204, pid: 10071e, addr: 202, data: c000a29c70)
             exe-1050289 [000] ..... 1636800.898140: sys_ptrace -> 0x0
             exe-1050289 [000] ..... 1636800.898156: sys_ptrace(request: 4205, pid: 10071e, addr: 1, data: c000a29c70)
             exe-1050289 [000] ..... 1636800.898158: sys_ptrace -> 0x0
             exe-1050289 [000] ..... 1636800.898158: sys_ptrace(request: 4205, pid: 10071e, addr: 202, data: c000a29c70)
             exe-1050289 [000] ..... 1636800.898175: sys_ptrace -> 0x0
             exe-1050289 [000] ..... 1636800.898176: sys_ptrace(request: 1f, pid: 10071e, addr: 0, data: 0)
             exe-1050289 [000] .N... 1636800.898185: sys_ptrace -> 0x0
             exe-1050398 [000] ..... 1636800.898199: sys_splice -> 0xffffffffffffffea
             exe-1049673 [001] ..... 1636800.898211: sys_nanosleep -> 0x0
             exe-1050289 [000] ..... 1636800.898214: sys_wait4(upid: 10071e, stat_addr: c000a29bf4, options: 40000002, ru: 0)
             exe-1050289 [000] ..... 1636800.898216: sys_wait4 -> 0x10071e
             exe-1049673 [001] ..... 1636800.898216: sys_nanosleep(rqtp: c000069f10, rmtp: 0)
             exe-1050289 [000] ..... 1636800.898217: sys_ptrace(request: 4204, pid: 10071e, addr: 1, data: c000a29c70)
             exe-1050289 [000] ..... 1636800.898219: sys_ptrace -> 0x0
             exe-1050289 [000] ..... 1636800.898220: sys_ptrace(request: 4204, pid: 10071e, addr: 202, data: c000a29c70)
             exe-1050289 [000] ..... 1636800.898222: sys_ptrace -> 0x0
             exe-1050289 [000] ..... 1636800.898231: sys_pwrite64(fd: 63, buf: 7fd66edf3080, count: 6f, pos: 71)
             exe-1050289 [000] ..... 1636800.898232: tracing_mark_write: splice(fd_in=278, off_in=0x7fc287800000, fd_out=305, off_out=0x7fc289829000, len=128, flags=0x7fc289819ce0) end
             exe-1049981 [002] ..... 1636800.955152: tracing_mark_write: splice(fd_in=305, off_in=0x7fc289829000, fd_out=324, off_out=0x0, len=0xffffffff95959595, flags=0x7fc289819ce0) start
             exe-1049981 [002] ..... 1636800.955168: sys_pwrite64 -> 0x75
             exe-1049673 [001] ..... 1636800.955176: sys_nanosleep -> 0x0
             exe-1049981 [002] ..... 1636800.955176: sys_ptrace(request: 4205, pid: 1005d9, addr: 1, data: c000a29c70)
             exe-1049981 [002] ..... 1636800.955179: sys_ptrace -> 0x0
             exe-1049981 [002] ..... 1636800.955180: sys_ptrace(request: 4205, pid: 1005d9, addr: 202, data: c000a29c70)
             exe-1049673 [001] ..... 1636800.955182: sys_nanosleep(rqtp: c000069f10, rmtp: 0)
             exe-1049981 [002] ..... 1636800.955198: sys_ptrace -> 0x0
             exe-1049981 [002] ..... 1636800.955200: sys_ptrace(request: 1f, pid: 1005d9, addr: 0, data: 0)
             exe-1050289 [000] ..... 1636800.955207: sys_epoll_pwait -> 0x0
             exe-1049981 [002] .N... 1636800.955209: sys_ptrace -> 0x0
             exe-1050289 [000] ..... 1636800.955220: sys_futex(uaddr: c0002d0548, op: 81, val: 1, utime: 0, uaddr2: 0, val3: 0)
             exe-1050073 [002] ..... 1636800.955222: sys_write -> 0x75
             exe-1050289 [000] ..... 1636800.955231: sys_futex -> 0x1
             exe-1049981 [002] ..... 1636800.955244: sys_wait4(upid: 1005d9, stat_addr: c000a29bf4, options: 40000002, ru: 0)
             exe-1049981 [002] ..... 1636800.955246: sys_wait4 -> 0x1005d9
             exe-1050289 [000] ..... 1636800.955247: sys_epoll_pwait(epfd: 11, events: c0022e5840, maxevents: 80, timeout: 9, sigmask: 0, sigsetsize: 0)
             exe-1049722 [003] ..... 1636800.955248: sys_futex -> 0x0
             exe-1049981 [002] ..... 1636800.955248: sys_ptrace(request: 4204, pid: 1005d9, addr: 1, data: c000a29c70)
             exe-1049981 [002] ..... 1636800.955252: sys_ptrace -> 0x0
             exe-1049981 [002] ..... 1636800.955253: sys_ptrace(request: 4204, pid: 1005d9, addr: 202, data: c000a29c70)
             exe-1049981 [002] ..... 1636800.955256: sys_ptrace -> 0x0
             exe-1049722 [003] ..... 1636800.955256: sys_futex(uaddr: c0002d0548, op: 80, val: 0, utime: 0, uaddr2: 0, val3: 0)
             exe-1049981 [002] ..... 1636800.955262: sys_ptrace(request: 4205, pid: 1005d9, addr: 1, data: c000a29c70)
             exe-1049981 [002] ..... 1636800.955264: sys_ptrace -> 0x0
             exe-1049981 [002] ..... 1636800.955266: sys_ptrace(request: 4205, pid: 1005d9, addr: 202, data: c000a29c70)
             exe-1049981 [002] ..... 1636800.955275: sys_ptrace -> 0x0
             exe-1049981 [002] ..... 1636800.955276: sys_ptrace(request: 1f, pid: 1005d9, addr: 0, data: 0)
             exe-1049981 [002] .N... 1636800.955284: sys_ptrace -> 0x0
             exe-1049673 [001] ..... 1636800.955286: sys_nanosleep -> 0x0
             exe-1049673 [001] ..... 1636800.955291: sys_nanosleep(rqtp: c000069f10, rmtp: 0)
             exe-1050073 [002] ..... 1636800.955294: sys_splice -> 0xffffffffffffffea
             exe-1049981 [002] ..... 1636800.955312: sys_wait4(upid: 1005d9, stat_addr: c000a29bf4, options: 40000002, ru: 0)
             exe-1049981 [002] ..... 1636800.955314: sys_wait4 -> 0x1005d9
             exe-1049981 [002] ..... 1636800.955317: sys_ptrace(request: 4204, pid: 1005d9, addr: 1, data: c000a29c70)
             exe-1049981 [002] ..... 1636800.955321: sys_ptrace -> 0x0
             exe-1049981 [002] ..... 1636800.955322: sys_ptrace(request: 4204, pid: 1005d9, addr: 202, data: c000a29c70)
             exe-1049981 [002] ..... 1636800.955324: sys_ptrace -> 0x0
             exe-1049981 [002] ..... 1636800.955333: sys_pwrite64(fd: 63, buf: 7fd66edf3080, count: 73, pos: 75)
             exe-1049981 [002] ..... 1636800.955334: tracing_mark_write: splice(fd_in=305, off_in=0x7fc289829000, fd_out=324, off_out=0x0, len=0xffffffff95959595, flags=0x7fc289819ce0) end
             exe-1049981 [002] ..... 1636801.013390: tracing_mark_write: splice(fd_in=305, off_in=0x4, fd_out=184, off_out=0x4, len=0, flags=0x7fc289819ce0) start
             exe-1049673 [003] ..... 1636801.013390: sys_futex(uaddr: 1f09dc0, op: 80, val: 0, utime: c000069eb0, uaddr2: 0, val3: 0)
             exe-1049981 [002] ..... 1636801.013391: sys_pwrite64 -> 0x59
             exe-1049981 [002] ..... 1636801.013397: sys_ptrace(request: 4205, pid: 1005d9, addr: 1, data: c000a29c70)
             exe-1049567 [000] ..... 1636801.013399: sys_nanosleep -> 0x0
             exe-1049981 [002] ..... 1636801.013400: sys_ptrace -> 0x0
             exe-1049981 [002] ..... 1636801.013401: sys_ptrace(request: 4205, pid: 1005d9, addr: 202, data: c000a29c70)
             exe-1049567 [000] ..... 1636801.013401: sys_nanosleep(rqtp: c000069f10, rmtp: 0)
             exe-1049981 [002] ..... 1636801.013411: sys_ptrace -> 0x0
             exe-1049981 [002] ..... 1636801.013413: sys_ptrace(request: 1f, pid: 1005d9, addr: 0, data: 0)
             exe-1049981 [002] .N... 1636801.013419: sys_ptrace -> 0x0
             exe-1050073 [002] ..... 1636801.013429: sys_write -> 0x59
             exe-1049981 [002] ..... 1636801.013447: sys_wait4(upid: 1005d9, stat_addr: c000a29bf4, options: 40000002, ru: 0)
             exe-1049981 [002] ..... 1636801.013449: sys_wait4 -> 0x1005d9
             exe-1049981 [002] ..... 1636801.013452: sys_ptrace(request: 4204, pid: 1005d9, addr: 1, data: c000a29c70)
             exe-1049981 [002] ..... 1636801.013456: sys_ptrace -> 0x0
             exe-1049981 [002] ..... 1636801.013457: sys_ptrace(request: 4204, pid: 1005d9, addr: 202, data: c000a29c70)
             exe-1049981 [002] ..... 1636801.013460: sys_ptrace -> 0x0
             exe-1049981 [002] ..... 1636801.013465: sys_ptrace(request: 4205, pid: 1005d9, addr: 1, data: c000a29c70)
             exe-1049981 [002] ..... 1636801.013467: sys_ptrace -> 0x0
             exe-1049981 [002] ..... 1636801.013468: sys_ptrace(request: 4205, pid: 1005d9, addr: 202, data: c000a29c70)
             exe-1049981 [002] ..... 1636801.013477: sys_ptrace -> 0x0
             exe-1049981 [002] ..... 1636801.013478: sys_ptrace(request: 1f, pid: 1005d9, addr: 0, data: 0)
             exe-1049981 [002] .N... 1636801.013484: sys_ptrace -> 0x0
             exe-1049567 [000] ..... 1636801.013486: sys_nanosleep -> 0x0
             exe-1049567 [000] ..... 1636801.013488: sys_nanosleep(rqtp: c000069f10, rmtp: 0)
             exe-1050073 [002] ..... 1636801.013494: sys_splice -> 0x0
             exe-1049981 [002] ..... 1636801.013511: sys_wait4(upid: 1005d9, stat_addr: c000a29bf4, options: 40000002, ru: 0)
             exe-1049981 [002] ..... 1636801.013514: sys_wait4 -> 0x1005d9
             exe-1049981 [002] ..... 1636801.013516: sys_ptrace(request: 4204, pid: 1005d9, addr: 1, data: c000a29c70)
             exe-1049981 [002] ..... 1636801.013519: sys_ptrace -> 0x0
             exe-1049981 [002] ..... 1636801.013520: sys_ptrace(request: 4204, pid: 1005d9, addr: 202, data: c000a29c70)
             exe-1049981 [002] ..... 1636801.013523: sys_ptrace -> 0x0
             exe-1049981 [002] ..... 1636801.013531: sys_pwrite64(fd: 63, buf: 7fd66edf3080, count: 57, pos: 59)
             exe-1049981 [002] ..... 1636801.013532: tracing_mark_write: splice(fd_in=305, off_in=0x4, fd_out=184, off_out=0x4, len=0, flags=0x7fc289819ce0) end
             exe-1049981 [003] ..... 1636801.073436: tracing_mark_write: splice(fd_in=305, off_in=0x7fc287600000, fd_out=305, off_out=0x7fc289500000, len=4096, flags=0x7fc289819ce1) start
             exe-1049981 [003] ..... 1636801.073448: sys_pwrite64 -> 0x72
             exe-1049981 [003] ..... 1636801.073454: sys_ptrace(request: 4205, pid: 1005d9, addr: 1, data: c000a29c70)
             exe-1049981 [003] ..... 1636801.073457: sys_ptrace -> 0x0
             exe-1049981 [003] ..... 1636801.073458: sys_ptrace(request: 4205, pid: 1005d9, addr: 202, data: c000a29c70)
             exe-1049981 [003] ..... 1636801.073467: sys_ptrace -> 0x0
             exe-1049981 [003] ..... 1636801.073469: sys_ptrace(request: 1f, pid: 1005d9, addr: 0, data: 0)
             exe-1049981 [003] ..... 1636801.073476: sys_ptrace -> 0x0
             exe-1049981 [003] ..... 1636801.073477: sys_wait4(upid: 1005d9, stat_addr: c000a29bf4, options: 40000002, ru: 0)
             exe-1050073 [002] ..... 1636801.073485: sys_write -> 0x72
             exe-1049981 [003] ..... 1636801.073500: sys_wait4 -> 0x1005d9
             exe-1049981 [003] ..... 1636801.073502: sys_ptrace(request: 4204, pid: 1005d9, addr: 1, data: c000a29c70)
             exe-1049981 [003] ..... 1636801.073505: sys_ptrace -> 0x0
             exe-1049981 [003] ..... 1636801.073506: sys_ptrace(request: 4204, pid: 1005d9, addr: 202, data: c000a29c70)
             exe-1049981 [003] ..... 1636801.073509: sys_ptrace -> 0x0
             exe-1049981 [003] ..... 1636801.073514: sys_ptrace(request: 4205, pid: 1005d9, addr: 1, data: c000a29c70)
             exe-1049981 [003] ..... 1636801.073517: sys_ptrace -> 0x0
             exe-1049981 [003] ..... 1636801.073518: sys_ptrace(request: 4205, pid: 1005d9, addr: 202, data: c000a29c70)
             exe-1049981 [003] ..... 1636801.073526: sys_ptrace -> 0x0
             exe-1049981 [003] ..... 1636801.073528: sys_ptrace(request: 1f, pid: 1005d9, addr: 0, data: 0)
             exe-1049981 [003] ..... 1636801.073533: sys_ptrace -> 0x0
             exe-1049981 [003] ..... 1636801.073535: sys_wait4(upid: 1005d9, stat_addr: c000a29bf4, options: 40000002, ru: 0)
             exe-1050073 [002] ..... 1636801.073539: sys_splice -> 0xffffffffffffffea
             exe-1049981 [003] ..... 1636801.073553: sys_wait4 -> 0x1005d9
             exe-1049981 [003] ..... 1636801.073555: sys_ptrace(request: 4204, pid: 1005d9, addr: 1, data: c000a29c70)
             exe-1049981 [003] ..... 1636801.073557: sys_ptrace -> 0x0
             exe-1049981 [003] ..... 1636801.073559: sys_ptrace(request: 4204, pid: 1005d9, addr: 202, data: c000a29c70)
             exe-1049981 [003] ..... 1636801.073561: sys_ptrace -> 0x0
             exe-1049981 [003] ..... 1636801.073567: sys_pwrite64(fd: 63, buf: 7fd66edf3080, count: 70, pos: 72)
             exe-1049981 [003] ..... 1636801.073568: tracing_mark_write: splice(fd_in=305, off_in=0x7fc287600000, fd_out=305, off_out=0x7fc289500000, len=4096, flags=0x7fc289819ce1) end
             exe-1049981 [003] ..... 1636801.140549: tracing_mark_write: splice(fd_in=337, off_in=0x7fc287a00000, fd_out=337, off_out=0x7fc289829000, len=209, flags=0x7fc289819ce1) start
             exe-1049981 [003] ..... 1636801.140550: sys_pwrite64 -> 0x71
             exe-1049981 [003] ..... 1636801.140556: sys_ptrace(request: 4205, pid: 1005d9, addr: 1, data: c000a29c70)
             exe-1049981 [003] ..... 1636801.140559: sys_ptrace -> 0x0
             exe-1049981 [003] ..... 1636801.140560: sys_ptrace(request: 4205, pid: 1005d9, addr: 202, data: c000a29c70)
             exe-1049981 [003] ..... 1636801.140569: sys_ptrace -> 0x0
             exe-1049981 [003] ..... 1636801.140571: sys_ptrace(request: 1f, pid: 1005d9, addr: 0, data: 0)
             exe-1049981 [003] ..... 1636801.140582: sys_ptrace -> 0x0
             exe-1049981 [003] ..... 1636801.140585: sys_wait4(upid: 1005d9, stat_addr: c000a29bf4, options: 40000002, ru: 0)
             exe-1050073 [002] ..... 1636801.140598: sys_write -> 0x71
             exe-1049981 [003] ..... 1636801.140618: sys_wait4 -> 0x1005d9
             exe-1049981 [003] ..... 1636801.140620: sys_ptrace(request: 4204, pid: 1005d9, addr: 1, data: c000a29c70)
             exe-1049981 [003] ..... 1636801.140623: sys_ptrace -> 0x0
             exe-1049981 [003] ..... 1636801.140624: sys_ptrace(request: 4204, pid: 1005d9, addr: 202, data: c000a29c70)
             exe-1049981 [003] ..... 1636801.140627: sys_ptrace -> 0x0
             exe-1049981 [003] ..... 1636801.140633: sys_ptrace(request: 4205, pid: 1005d9, addr: 1, data: c000a29c70)
             exe-1049981 [003] ..... 1636801.140635: sys_ptrace -> 0x0
             exe-1049981 [003] ..... 1636801.140636: sys_ptrace(request: 4205, pid: 1005d9, addr: 202, data: c000a29c70)
             exe-1049981 [003] ..... 1636801.140643: sys_ptrace -> 0x0
             exe-1049981 [003] ..... 1636801.140646: sys_ptrace(request: 1f, pid: 1005d9, addr: 0, data: 0)
             exe-1049981 [003] ..... 1636801.140680: sys_ptrace -> 0x0
             exe-1049981 [003] ..... 1636801.140682: sys_wait4(upid: 1005d9, stat_addr: c000a29bf4, options: 40000002, ru: 0)
             exe-1050073 [002] ..... 1636801.140698: sys_splice -> 0xffffffffffffffea
             exe-1049981 [003] ..... 1636801.140712: sys_wait4 -> 0x1005d9
             exe-1049981 [003] ..... 1636801.140714: sys_ptrace(request: 4204, pid: 1005d9, addr: 1, data: c000a29c70)
             exe-1049981 [003] ..... 1636801.140717: sys_ptrace -> 0x0
             exe-1049981 [003] ..... 1636801.140718: sys_ptrace(request: 4204, pid: 1005d9, addr: 202, data: c000a29c70)
             exe-1049981 [003] ..... 1636801.140721: sys_ptrace -> 0x0
             exe-1049981 [003] ..... 1636801.140727: sys_pwrite64(fd: 63, buf: 7fd66edf3080, count: 6f, pos: 71)
             exe-1049981 [003] ..... 1636801.140729: tracing_mark_write: splice(fd_in=337, off_in=0x7fc287a00000, fd_out=337, off_out=0x7fc289829000, len=209, flags=0x7fc289819ce1) end
             exe-1049981 [002] ..... 1636801.197753: tracing_mark_write: splice(fd_in=337, off_in=0x7fc289829000, fd_out=337, off_out=0x7fc287800000, len=128, flags=0x7fc289819ce1) start
             exe-1049981 [002] ..... 1636801.197755: sys_pwrite64 -> 0x71
             exe-1049981 [002] ..... 1636801.197761: sys_ptrace(request: 4205, pid: 1005d9, addr: 1, data: c000a29c70)
             exe-1049981 [002] ..... 1636801.197763: sys_ptrace -> 0x0
             exe-1049981 [002] ..... 1636801.197765: sys_ptrace(request: 4205, pid: 1005d9, addr: 202, data: c000a29c70)
             exe-1049981 [002] ..... 1636801.197775: sys_ptrace -> 0x0
             exe-1049981 [002] ..... 1636801.197777: sys_ptrace(request: 1f, pid: 1005d9, addr: 0, data: 0)
             exe-1049981 [002] .N... 1636801.197783: sys_ptrace -> 0x0
             exe-1050073 [002] ..... 1636801.197794: sys_write -> 0x71
             exe-1049567 [000] ..... 1636801.197811: sys_nanosleep -> 0x0
             exe-1049981 [002] ..... 1636801.197811: sys_wait4(upid: 1005d9, stat_addr: c000a29bf4, options: 40000002, ru: 0)
             exe-1049567 [000] ..... 1636801.197813: sys_nanosleep(rqtp: c000069f10, rmtp: 0)
             exe-1049981 [002] ..... 1636801.197814: sys_wait4 -> 0x1005d9
             exe-1049981 [002] ..... 1636801.197816: sys_ptrace(request: 4204, pid: 1005d9, addr: 1, data: c000a29c70)
             exe-1049981 [002] ..... 1636801.197819: sys_ptrace -> 0x0
             exe-1049981 [002] ..... 1636801.197821: sys_ptrace(request: 4204, pid: 1005d9, addr: 202, data: c000a29c70)
             exe-1049981 [002] ..... 1636801.197824: sys_ptrace -> 0x0
             exe-1049673 [003] ..... 1636801.197826: sys_nanosleep -> 0x0
             exe-1049673 [003] ..... 1636801.197828: sys_nanosleep(rqtp: c000069f10, rmtp: 0)
             exe-1049981 [002] ..... 1636801.197830: sys_ptrace(request: 4205, pid: 1005d9, addr: 1, data: c000a29c70)
             exe-1049981 [002] ..... 1636801.197832: sys_ptrace -> 0x0
             exe-1049981 [002] ..... 1636801.197833: sys_ptrace(request: 4205, pid: 1005d9, addr: 202, data: c000a29c70)
             exe-1049981 [002] ..... 1636801.197843: sys_ptrace -> 0x0
             exe-1049981 [002] ..... 1636801.197844: sys_ptrace(request: 1f, pid: 1005d9, addr: 0, data: 0)
             exe-1049981 [002] .N... 1636801.197851: sys_ptrace -> 0x0
             exe-1050073 [002] ..... 1636801.197860: sys_splice -> 0xffffffffffffffea
             exe-1049981 [002] ..... 1636801.197878: sys_wait4(upid: 1005d9, stat_addr: c000a29bf4, options: 40000002, ru: 0)
             exe-1049981 [002] ..... 1636801.197880: sys_wait4 -> 0x1005d9
             exe-1049981 [002] ..... 1636801.197882: sys_ptrace(request: 4204, pid: 1005d9, addr: 1, data: c000a29c70)
             exe-1049981 [002] ..... 1636801.197885: sys_ptrace -> 0x0
             exe-1049981 [002] ..... 1636801.197887: sys_ptrace(request: 4204, pid: 1005d9, addr: 202, data: c000a29c70)
             exe-1049981 [002] ..... 1636801.197889: sys_ptrace -> 0x0
             exe-1049981 [002] ..... 1636801.197898: sys_pwrite64(fd: 63, buf: 7fd66edf3080, count: 6f, pos: 71)
             exe-1049567 [000] ..... 1636801.197899: sys_nanosleep -> 0x0
             exe-1049981 [002] ..... 1636801.197899: tracing_mark_write: splice(fd_in=337, off_in=0x7fc289829000, fd_out=337, off_out=0x7fc287800000, len=128, flags=0x7fc289819ce1) end
             exe-1049981 [002] ..... 1636801.261055: tracing_mark_write: splice(fd_in=337, off_in=0x1, fd_out=368, off_out=0x7fc289829000, len=1409, flags=0x7fc289819ce1) start
             exe-1049981 [002] ..... 1636801.261057: sys_pwrite64 -> 0x67
             exe-1049981 [002] ..... 1636801.261064: sys_ptrace(request: 4205, pid: 1005d9, addr: 1, data: c000a29c70)
             exe-1049981 [002] ..... 1636801.261066: sys_ptrace -> 0x0
             exe-1049981 [002] ..... 1636801.261068: sys_ptrace(request: 4205, pid: 1005d9, addr: 202, data: c000a29c70)
             exe-1049981 [002] ..... 1636801.261079: sys_ptrace -> 0x0
             exe-1049981 [002] ..... 1636801.261080: sys_ptrace(request: 1f, pid: 1005d9, addr: 0, data: 0)
             exe-1049981 [002] .N... 1636801.261087: sys_ptrace -> 0x0
             exe-1050073 [002] ..... 1636801.261097: sys_write -> 0x67
             exe-1049981 [002] ..... 1636801.261115: sys_wait4(upid: 1005d9, stat_addr: c000a29bf4, options: 40000002, ru: 0)
             exe-1049981 [002] ..... 1636801.261118: sys_wait4 -> 0x1005d9
             exe-1049981 [002] ..... 1636801.261130: sys_ptrace(request: 4204, pid: 1005d9, addr: 1, data: c000a29c70)
             exe-1049981 [002] ..... 1636801.261134: sys_ptrace -> 0x0
             exe-1049981 [002] ..... 1636801.261135: sys_ptrace(request: 4204, pid: 1005d9, addr: 202, data: c000a29c70)
             exe-1049981 [002] ..... 1636801.261137: sys_ptrace -> 0x0
             exe-1049981 [002] ..... 1636801.261144: sys_ptrace(request: 4205, pid: 1005d9, addr: 1, data: c000a29c70)
             exe-1049981 [002] ..... 1636801.261146: sys_ptrace -> 0x0
             exe-1049981 [002] ..... 1636801.261147: sys_ptrace(request: 4205, pid: 1005d9, addr: 202, data: c000a29c70)
             exe-1049981 [002] ..... 1636801.261157: sys_ptrace -> 0x0
             exe-1049981 [002] ..... 1636801.261158: sys_ptrace(request: 1f, pid: 1005d9, addr: 0, data: 0)
             exe-1050289 [000] ..... 1636801.261161: sys_epoll_pwait -> 0x0
             exe-1049981 [002] .N... 1636801.261165: sys_ptrace -> 0x0
             exe-1050073 [002] ..... 1636801.261174: sys_splice -> 0xffffffffffffffea
             exe-1050289 [000] ..... 1636801.261175: sys_epoll_pwait(epfd: 11, events: c0022e5840, maxevents: 80, timeout: 1, sigmask: 0, sigsetsize: 0)
             exe-1049981 [002] ..... 1636801.261192: sys_wait4(upid: 1005d9, stat_addr: c000a29bf4, options: 40000002, ru: 0)
             exe-1049981 [002] ..... 1636801.261194: sys_wait4 -> 0x1005d9
             exe-1049981 [002] ..... 1636801.261196: sys_ptrace(request: 4204, pid: 1005d9, addr: 1, data: c000a29c70)
             exe-1049981 [002] ..... 1636801.261200: sys_ptrace -> 0x0
             exe-1049981 [002] ..... 1636801.261201: sys_ptrace(request: 4204, pid: 1005d9, addr: 202, data: c000a29c70)
             exe-1049981 [002] ..... 1636801.261203: sys_ptrace -> 0x0
             exe-1049981 [002] ..... 1636801.261212: sys_pwrite64(fd: 63, buf: 7fd66edf3080, count: 65, pos: 67)
             exe-1049981 [002] ..... 1636801.261213: tracing_mark_write: splice(fd_in=337, off_in=0x1, fd_out=368, off_out=0x7fc289829000, len=1409, flags=0x7fc289819ce1) end
             exe-1049981 [002] ..... 1636801.318721: tracing_mark_write: splice(fd_in=368, off_in=0x0, fd_out=368, off_out=0x1, len=4, flags=0x7fc289819ce1) start
             exe-1049981 [002] ..... 1636801.318724: sys_pwrite64 -> 0x59
             exe-1049981 [002] ..... 1636801.318740: sys_ptrace(request: 4205, pid: 1005d9, addr: 1, data: c000a29c70)
             exe-1049981 [002] ..... 1636801.318745: sys_ptrace -> 0x0
             exe-1049981 [002] ..... 1636801.318746: sys_ptrace(request: 4205, pid: 1005d9, addr: 202, data: c000a29c70)
             exe-1049981 [002] ..... 1636801.318767: sys_ptrace -> 0x0
             exe-1049981 [002] ..... 1636801.318769: sys_ptrace(request: 1f, pid: 1005d9, addr: 0, data: 0)
             exe-1049981 [002] .N... 1636801.318818: sys_ptrace -> 0x0
             exe-1049673 [002] ..... 1636801.318830: sys_nanosleep -> 0x0
             exe-1049673 [002] ..... 1636801.318836: sys_nanosleep(rqtp: c000069f10, rmtp: 0)
             exe-1049567 [000] ..... 1636801.318854: sys_nanosleep -> 0x0
             exe-1049567 [000] ..... 1636801.318857: sys_nanosleep(rqtp: c000069f10, rmtp: 0)
             exe-1050073 [002] ..... 1636801.318863: sys_write -> 0x59
             exe-1049981 [002] ..... 1636801.318891: sys_wait4(upid: 1005d9, stat_addr: c000a29bf4, options: 40000002, ru: 0)
             exe-1049981 [002] ..... 1636801.318895: sys_wait4 -> 0x1005d9
             exe-1049981 [002] ..... 1636801.318897: sys_ptrace(request: 4204, pid: 1005d9, addr: 1, data: c000a29c70)
             exe-1049981 [002] ..... 1636801.318902: sys_ptrace -> 0x0
             exe-1049981 [002] ..... 1636801.318904: sys_ptrace(request: 4204, pid: 1005d9, addr: 202, data: c000a29c70)
             exe-1049981 [002] ..... 1636801.318907: sys_ptrace -> 0x0
             exe-1049673 [002] ..... 1636801.318951: sys_nanosleep -> 0x0
             exe-1049673 [002] ..... 1636801.318957: sys_nanosleep(rqtp: c000069f10, rmtp: 0)
             exe-1049981 [002] ..... 1636801.318993: sys_ptrace(request: 4205, pid: 1005d9, addr: 1, data: c000a29c70)
             exe-1049981 [002] ..... 1636801.318998: sys_ptrace -> 0x0
             exe-1049981 [002] ..... 1636801.318999: sys_ptrace(request: 4205, pid: 1005d9, addr: 202, data: c000a29c70)
             exe-1049981 [002] ..... 1636801.319019: sys_ptrace -> 0x0
             exe-1049981 [002] ..... 1636801.319021: sys_ptrace(request: 1f, pid: 1005d9, addr: 0, data: 0)
             exe-1049981 [002] .N... 1636801.319028: sys_ptrace -> 0x0
             exe-1050073 [002] ..... 1636801.319084: sys_splice -> 0xffffffffffffffea
             exe-1049567 [000] ..... 1636801.319094: sys_nanosleep -> 0x0
             exe-1049567 [000] ..... 1636801.319097: sys_nanosleep(rqtp: c000069f10, rmtp: 0)
             exe-1049673 [002] ..... 1636801.319107: sys_nanosleep -> 0x0
             exe-1049673 [002] ..... 1636801.319114: sys_nanosleep(rqtp: c000069f10, rmtp: 0)
             exe-1049981 [002] ..... 1636801.319147: sys_wait4(upid: 1005d9, stat_addr: c000a29bf4, options: 40000002, ru: 0)
             exe-1049981 [002] ..... 1636801.319151: sys_wait4 -> 0x1005d9
             exe-1049981 [002] ..... 1636801.319154: sys_ptrace(request: 4204, pid: 1005d9, addr: 1, data: c000a29c70)
             exe-1049981 [002] ..... 1636801.319159: sys_ptrace -> 0x0
             exe-1049981 [002] ..... 1636801.319161: sys_ptrace(request: 4204, pid: 1005d9, addr: 202, data: c000a29c70)
             exe-1049981 [002] ..... 1636801.319164: sys_ptrace -> 0x0
             exe-1049981 [002] ..... 1636801.319180: sys_pwrite64(fd: 63, buf: 7fd66edf3080, count: 57, pos: 59)
             exe-1049981 [002] ..... 1636801.319184: tracing_mark_write: splice(fd_in=368, off_in=0x0, fd_out=368, off_out=0x1, len=4, flags=0x7fc289819ce1) end
             exe-1049981 [003] ..... 1636801.398864: tracing_mark_write: splice(fd_in=283, off_in=0x7fc289829000, fd_out=273, off_out=0x7fc289500000, len=4096, flags=0x7fc289819ce1) start
             exe-1049981 [003] ..... 1636801.398867: sys_pwrite64 -> 0x72
             exe-1049981 [003] ..... 1636801.398878: sys_ptrace(request: 4205, pid: 1005d9, addr: 1, data: c000a29c70)
             exe-1049981 [003] ..... 1636801.398882: sys_ptrace -> 0x0
             exe-1049981 [003] ..... 1636801.398884: sys_ptrace(request: 4205, pid: 1005d9, addr: 202, data: c000a29c70)
             exe-1049981 [003] ..... 1636801.398897: sys_ptrace -> 0x0
             exe-1049981 [003] ..... 1636801.398898: sys_ptrace(request: 1f, pid: 1005d9, addr: 0, data: 0)
             exe-1049981 [003] ..... 1636801.398913: sys_ptrace -> 0x0
             exe-1049981 [003] ..... 1636801.398916: sys_wait4(upid: 1005d9, stat_addr: c000a29bf4, options: 40000002, ru: 0)
             exe-1050073 [002] ..... 1636801.398934: sys_write -> 0x72
             exe-1049981 [003] ..... 1636801.398954: sys_wait4 -> 0x1005d9
             exe-1049981 [003] ..... 1636801.398956: sys_ptrace(request: 4204, pid: 1005d9, addr: 1, data: c000a29c70)
             exe-1049981 [003] ..... 1636801.398959: sys_ptrace -> 0x0
             exe-1049981 [003] ..... 1636801.398961: sys_ptrace(request: 4204, pid: 1005d9, addr: 202, data: c000a29c70)
             exe-1049981 [003] ..... 1636801.398964: sys_ptrace -> 0x0
             exe-1049981 [003] ..... 1636801.398970: sys_ptrace(request: 4205, pid: 1005d9, addr: 1, data: c000a29c70)
             exe-1049981 [003] ..... 1636801.398972: sys_ptrace -> 0x0
             exe-1049981 [003] ..... 1636801.398974: sys_ptrace(request: 4205, pid: 1005d9, addr: 202, data: c000a29c70)
             exe-1049981 [003] ..... 1636801.398981: sys_ptrace -> 0x0
             exe-1049981 [003] ..... 1636801.398983: sys_ptrace(request: 1f, pid: 1005d9, addr: 0, data: 0)
             exe-1049981 [003] ..... 1636801.398993: sys_ptrace -> 0x0
             exe-1049981 [003] ..... 1636801.398995: sys_wait4(upid: 1005d9, stat_addr: c000a29bf4, options: 40000002, ru: 0)
             exe-1050073 [002] ..... 1636801.399077: sys_splice -> 0xffffffffffffffea
             exe-1049981 [003] ..... 1636801.399118: sys_wait4 -> 0x1005d9
             exe-1049981 [003] ..... 1636801.399121: sys_ptrace(request: 4204, pid: 1005d9, addr: 1, data: c000a29c70)
             exe-1049981 [003] ..... 1636801.399124: sys_ptrace -> 0x0
             exe-1049981 [003] ..... 1636801.399126: sys_ptrace(request: 4204, pid: 1005d9, addr: 202, data: c000a29c70)
             exe-1049981 [003] ..... 1636801.399128: sys_ptrace -> 0x0
             exe-1049981 [003] ..... 1636801.399138: sys_pwrite64(fd: 63, buf: 7fd66edf3080, count: 70, pos: 72)
             exe-1049981 [003] ..... 1636801.399139: tracing_mark_write: splice(fd_in=283, off_in=0x7fc289829000, fd_out=273, off_out=0x7fc289500000, len=4096, flags=0x7fc289819ce1) end
             exe-1049981 [000] ..... 1636801.473141: tracing_mark_write: splice(fd_in=283, off_in=0x7fc287600000, fd_out=9, off_out=0x7fc287600008, len=1, flags=0x7fc289819ce1) start
             exe-1049981 [000] ..... 1636801.473144: sys_pwrite64 -> 0x6d
             exe-1049981 [000] ..... 1636801.473150: sys_ptrace(request: 4205, pid: 1005d9, addr: 1, data: c000a29c70)
             exe-1049981 [000] ..... 1636801.473153: sys_ptrace -> 0x0
             exe-1049981 [000] ..... 1636801.473155: sys_ptrace(request: 4205, pid: 1005d9, addr: 202, data: c000a29c70)
             exe-1049981 [000] ..... 1636801.473164: sys_ptrace -> 0x0
             exe-1049981 [000] ..... 1636801.473166: sys_ptrace(request: 1f, pid: 1005d9, addr: 0, data: 0)
             exe-1049981 [000] ..... 1636801.473178: sys_ptrace -> 0x0
             exe-1049981 [000] ..... 1636801.473180: sys_wait4(upid: 1005d9, stat_addr: c000a29bf4, options: 40000002, ru: 0)
             exe-1050073 [002] ..... 1636801.473204: sys_write -> 0x6d
             exe-1049981 [000] ..... 1636801.473241: sys_wait4 -> 0x1005d9
             exe-1049981 [000] ..... 1636801.473244: sys_ptrace(request: 4204, pid: 1005d9, addr: 1, data: c000a29c70)
             exe-1049981 [000] ..... 1636801.473247: sys_ptrace -> 0x0
             exe-1049981 [000] ..... 1636801.473249: sys_ptrace(request: 4204, pid: 1005d9, addr: 202, data: c000a29c70)
             exe-1049981 [000] ..... 1636801.473252: sys_ptrace -> 0x0
             exe-1049981 [000] ..... 1636801.473258: sys_ptrace(request: 4205, pid: 1005d9, addr: 1, data: c000a29c70)
             exe-1049981 [000] ..... 1636801.473260: sys_ptrace -> 0x0
             exe-1049981 [000] ..... 1636801.473262: sys_ptrace(request: 4205, pid: 1005d9, addr: 202, data: c000a29c70)
             exe-1049981 [000] ..... 1636801.473269: sys_ptrace -> 0x0
             exe-1049981 [000] ..... 1636801.473271: sys_ptrace(request: 1f, pid: 1005d9, addr: 0, data: 0)
             exe-1049981 [000] ..... 1636801.473285: sys_ptrace -> 0x0
             exe-1049981 [000] ..... 1636801.473287: sys_wait4(upid: 1005d9, stat_addr: c000a29bf4, options: 40000002, ru: 0)
             exe-1050073 [002] ..... 1636801.473305: sys_splice -> 0xffffffffffffffea
             exe-1049981 [000] ..... 1636801.473321: sys_wait4 -> 0x1005d9
             exe-1049981 [000] ..... 1636801.473324: sys_ptrace(request: 4204, pid: 1005d9, addr: 1, data: c000a29c70)
             exe-1049981 [000] ..... 1636801.473326: sys_ptrace -> 0x0
             exe-1049981 [000] ..... 1636801.473328: sys_ptrace(request: 4204, pid: 1005d9, addr: 202, data: c000a29c70)
             exe-1049981 [000] ..... 1636801.473330: sys_ptrace -> 0x0
             exe-1049981 [000] ..... 1636801.473336: sys_pwrite64(fd: 63, buf: 7fd66edf3080, count: 6b, pos: 6d)
             exe-1049981 [000] ..... 1636801.473338: tracing_mark_write: splice(fd_in=283, off_in=0x7fc287600000, fd_out=9, off_out=0x7fc287600008, len=1, flags=0x7fc289819ce1) end
             exe-1049981 [000] ..... 1636801.590655: tracing_mark_write: splice(fd_in=283, off_in=0x0, fd_out=283, off_out=0x7fc287800000, len=4, flags=0x7fc289819ce1) start
             exe-1049981 [000] ..... 1636801.590657: sys_pwrite64 -> 0x64
             exe-1049981 [000] ..... 1636801.590664: sys_ptrace(request: 4205, pid: 1005d9, addr: 1, data: c000a29c70)
             exe-1049981 [000] ..... 1636801.590667: sys_ptrace -> 0x0
             exe-1049981 [000] ..... 1636801.590668: sys_ptrace(request: 4205, pid: 1005d9, addr: 202, data: c000a29c70)
             exe-1049567 [000] ..... 1636801.590700: sys_nanosleep -> 0x0
             exe-1049567 [000] ..... 1636801.590703: sys_nanosleep(rqtp: c000069f10, rmtp: 0)
             exe-1049981 [000] ..... 1636801.590712: sys_ptrace -> 0x0
             exe-1049981 [000] ..... 1636801.590714: sys_ptrace(request: 1f, pid: 1005d9, addr: 0, data: 0)
             exe-1049981 [000] ..... 1636801.590720: sys_ptrace -> 0x0
             exe-1049981 [000] ..... 1636801.590723: sys_wait4(upid: 1005d9, stat_addr: c000a29bf4, options: 40000002, ru: 0)
             exe-1050073 [002] ..... 1636801.590751: sys_write -> 0x64
             exe-1049981 [000] ..... 1636801.590770: sys_wait4 -> 0x1005d9
             exe-1049981 [000] ..... 1636801.590772: sys_ptrace(request: 4204, pid: 1005d9, addr: 1, data: c000a29c70)
             exe-1049673 [002] ..... 1636801.590778: sys_nanosleep -> 0x0
             exe-1049673 [002] ..... 1636801.590783: sys_nanosleep(rqtp: c000069f10, rmtp: 0)
             exe-1049567 [000] ..... 1636801.590817: sys_nanosleep -> 0x0
             exe-1049567 [000] ..... 1636801.590820: sys_nanosleep(rqtp: c000069f10, rmtp: 0)
             exe-1049981 [000] ..... 1636801.590831: sys_ptrace -> 0x0
             exe-1049981 [000] ..... 1636801.590833: sys_ptrace(request: 4204, pid: 1005d9, addr: 202, data: c000a29c70)
             exe-1049981 [000] ..... 1636801.590836: sys_ptrace -> 0x0
             exe-1049981 [000] ..... 1636801.590841: sys_ptrace(request: 4205, pid: 1005d9, addr: 1, data: c000a29c70)
             exe-1049981 [000] ..... 1636801.590844: sys_ptrace -> 0x0
             exe-1049981 [000] ..... 1636801.590846: sys_ptrace(request: 4205, pid: 1005d9, addr: 202, data: c000a29c70)
             exe-1049981 [000] ..... 1636801.590853: sys_ptrace -> 0x0
             exe-1049981 [000] ..... 1636801.590854: sys_ptrace(request: 1f, pid: 1005d9, addr: 0, data: 0)
             exe-1049673 [002] ..... 1636801.590861: sys_nanosleep -> 0x0
             exe-1049981 [000] ..... 1636801.590866: sys_ptrace -> 0x0
             exe-1049981 [000] ..... 1636801.590868: sys_wait4(upid: 1005d9, stat_addr: c000a29bf4, options: 40000002, ru: 0)
             exe-1050073 [002] ..... 1636801.590893: sys_splice -> 0xffffffffffffffea
             exe-1049567 [000] ..... 1636801.590915: sys_nanosleep -> 0x0
             exe-1049567 [000] ..... 1636801.590918: sys_nanosleep(rqtp: c000069f10, rmtp: 0)
             exe-1049981 [000] ..... 1636801.590927: sys_wait4 -> 0x1005d9
             exe-1049981 [000] ..... 1636801.590930: sys_ptrace(request: 4204, pid: 1005d9, addr: 1, data: c000a29c70)
             exe-1049981 [000] ..... 1636801.590934: sys_ptrace -> 0x0
             exe-1049981 [000] ..... 1636801.590936: sys_ptrace(request: 4204, pid: 1005d9, addr: 202, data: c000a29c70)
             exe-1049981 [000] ..... 1636801.590938: sys_ptrace -> 0x0
             exe-1049981 [000] ..... 1636801.590944: sys_pwrite64(fd: 63, buf: 7fd66edf3080, count: 62, pos: 64)
             exe-1049981 [000] ..... 1636801.590945: tracing_mark_write: splice(fd_in=283, off_in=0x0, fd_out=283, off_out=0x7fc287800000, len=4, flags=0x7fc289819ce1) end
             exe-1049981 [000] ..... 1636801.660462: tracing_mark_write: splice(fd_in=283, off_in=0x7fc28983a000, fd_out=292, off_out=0x7fc28983a000, len=4, flags=0x7fc289819ce1) start
             exe-1049981 [000] ..... 1636801.660464: sys_pwrite64 -> 0x6f
             exe-1049673 [002] ..... 1636801.660467: sys_nanosleep(rqtp: c000069f10, rmtp: 0)
             exe-1049981 [000] ..... 1636801.660469: sys_ptrace(request: 4205, pid: 1005d9, addr: 1, data: c000a29c70)
             exe-1049981 [000] ..... 1636801.660472: sys_ptrace -> 0x0
             exe-1049981 [000] ..... 1636801.660473: sys_ptrace(request: 4205, pid: 1005d9, addr: 202, data: c000a29c70)
             exe-1049981 [000] ..... 1636801.660481: sys_ptrace -> 0x0
             exe-1049981 [000] ..... 1636801.660482: sys_ptrace(request: 1f, pid: 1005d9, addr: 0, data: 0)
             exe-1049981 [000] ..... 1636801.660484: sys_ptrace -> 0x0
             exe-1049981 [000] ..... 1636801.660486: sys_wait4(upid: 1005d9, stat_addr: c000a29bf4, options: 40000002, ru: 0)
             exe-1050073 [002] ..... 1636801.660499: sys_write -> 0x6f
             exe-1049981 [000] ..... 1636801.660518: sys_wait4 -> 0x1005d9
             exe-1049981 [000] ..... 1636801.660521: sys_ptrace(request: 4204, pid: 1005d9, addr: 1, data: c000a29c70)
             exe-1049981 [000] ..... 1636801.660523: sys_ptrace -> 0x0
             exe-1049981 [000] ..... 1636801.660525: sys_ptrace(request: 4204, pid: 1005d9, addr: 202, data: c000a29c70)
             exe-1049981 [000] ..... 1636801.660527: sys_ptrace -> 0x0
             exe-1049981 [000] ..... 1636801.660533: sys_ptrace(request: 4205, pid: 1005d9, addr: 1, data: c000a29c70)
             exe-1049981 [000] ..... 1636801.660535: sys_ptrace -> 0x0
             exe-1049981 [000] ..... 1636801.660537: sys_ptrace(request: 4205, pid: 1005d9, addr: 202, data: c000a29c70)
             exe-1049981 [000] ..... 1636801.660542: sys_ptrace -> 0x0
             exe-1049981 [000] ..... 1636801.660544: sys_ptrace(request: 1f, pid: 1005d9, addr: 0, data: 0)
             exe-1049981 [000] ..... 1636801.660550: sys_ptrace -> 0x0
             exe-1049981 [000] ..... 1636801.660552: sys_wait4(upid: 1005d9, stat_addr: c000a29bf4, options: 40000002, ru: 0)
             exe-1050073 [002] ..... 1636801.660573: sys_splice -> 0xffffffffffffffea
             exe-1049981 [000] ..... 1636801.660587: sys_wait4 -> 0x1005d9
             exe-1049981 [000] ..... 1636801.660590: sys_ptrace(request: 4204, pid: 1005d9, addr: 1, data: c000a29c70)
             exe-1049673 [002] ..... 1636801.660591: sys_nanosleep -> 0x0
             exe-1049981 [000] ..... 1636801.660592: sys_ptrace -> 0x0
             exe-1049981 [000] ..... 1636801.660593: sys_ptrace(request: 4204, pid: 1005d9, addr: 202, data: c000a29c70)
             exe-1049981 [000] ..... 1636801.660595: sys_ptrace -> 0x0
             exe-1049673 [002] ..... 1636801.660597: sys_nanosleep(rqtp: c000069f10, rmtp: 0)
             exe-1049981 [000] ..... 1636801.660600: sys_pwrite64(fd: 63, buf: 7fd66edf3080, count: 6d, pos: 6f)
             exe-1049981 [000] ..... 1636801.660601: tracing_mark_write: splice(fd_in=283, off_in=0x7fc28983a000, fd_out=292, off_out=0x7fc28983a000, len=4, flags=0x7fc289819ce1) end
             exe-1049981 [000] ..... 1636801.727870: tracing_mark_write: splice(fd_in=370, off_in=0x8, fd_out=370, off_out=0x10, len=0x3ffffd, flags=0x7fc289819ce1) start
             exe-1049981 [000] ..... 1636801.727872: sys_pwrite64 -> 0x61
             exe-1049981 [000] ..... 1636801.727876: sys_ptrace(request: 4205, pid: 1005d9, addr: 1, data: c000a29c70)
             exe-1049981 [000] ..... 1636801.727881: sys_ptrace -> 0x0
             exe-1049981 [000] ..... 1636801.727882: sys_ptrace(request: 4205, pid: 1005d9, addr: 202, data: c000a29c70)
             exe-1049981 [000] ..... 1636801.727891: sys_ptrace -> 0x0
             exe-1049981 [000] ..... 1636801.727893: sys_ptrace(request: 1f, pid: 1005d9, addr: 0, data: 0)
             exe-1049981 [000] ..... 1636801.727910: sys_ptrace -> 0x0
             exe-1049981 [000] ..... 1636801.727911: sys_wait4(upid: 1005d9, stat_addr: c000a29bf4, options: 40000002, ru: 0)
             exe-1049567 [000] ..... 1636801.727939: sys_nanosleep -> 0x0
             exe-1049567 [000] ..... 1636801.727944: sys_nanosleep(rqtp: c000069f10, rmtp: 0)
             exe-1050073 [002] ..... 1636801.727944: sys_write -> 0x61
             exe-1049981 [000] ..... 1636801.727962: sys_wait4 -> 0x1005d9
             exe-1049981 [000] ..... 1636801.727965: sys_ptrace(request: 4204, pid: 1005d9, addr: 1, data: c000a29c70)
             exe-1049673 [002] ..... 1636801.727974: sys_nanosleep -> 0x0
             exe-1049981 [000] ..... 1636801.727974: sys_ptrace -> 0x0
             exe-1049981 [000] ..... 1636801.727976: sys_ptrace(request: 4204, pid: 1005d9, addr: 202, data: c000a29c70)
             exe-1049981 [000] ..... 1636801.727978: sys_ptrace -> 0x0
             exe-1049673 [002] ..... 1636801.727980: sys_nanosleep(rqtp: c000069f10, rmtp: 0)
             exe-1049981 [000] ..... 1636801.727982: sys_ptrace(request: 4205, pid: 1005d9, addr: 1, data: c000a29c70)
             exe-1049981 [000] ..... 1636801.727985: sys_ptrace -> 0x0
             exe-1049981 [000] ..... 1636801.727986: sys_ptrace(request: 4205, pid: 1005d9, addr: 202, data: c000a29c70)
             exe-1049981 [000] ..... 1636801.727996: sys_ptrace -> 0x0
             exe-1049981 [000] ..... 1636801.727997: sys_ptrace(request: 1f, pid: 1005d9, addr: 0, data: 0)
             exe-1049981 [000] ..... 1636801.727999: sys_ptrace -> 0x0
             exe-1049981 [000] ..... 1636801.728001: sys_wait4(upid: 1005d9, stat_addr: c000a29bf4, options: 40000002, ru: 0)
             exe-1050073 [002] ..... 1636801.728067: sys_splice -> 0xffffffffffffffea
             exe-1049981 [000] ..... 1636801.728088: sys_wait4 -> 0x1005d9
             exe-1049981 [000] ..... 1636801.728090: sys_ptrace(request: 4204, pid: 1005d9, addr: 1, data: c000a29c70)
             exe-1049981 [000] ..... 1636801.728099: sys_ptrace -> 0x0
             exe-1049673 [002] ..... 1636801.728099: sys_nanosleep -> 0x0
             exe-1049981 [000] ..... 1636801.728100: sys_ptrace(request: 4204, pid: 1005d9, addr: 202, data: c000a29c70)
             exe-1049981 [000] ..... 1636801.728102: sys_ptrace -> 0x0
             exe-1049673 [002] ..... 1636801.728105: sys_nanosleep(rqtp: c000069f10, rmtp: 0)
             exe-1049981 [000] ..... 1636801.728107: sys_pwrite64(fd: 63, buf: 7fd66edf3080, count: 5f, pos: 61)
             exe-1049981 [000] ..... 1636801.728109: tracing_mark_write: splice(fd_in=370, off_in=0x8, fd_out=370, off_out=0x10, len=0x3ffffd, flags=0x7fc289819ce1) end
             exe-1049981 [000] ..... 1636801.792386: tracing_mark_write: splice(fd_in=370, off_in=0x7fc287600000, fd_out=283, off_out=0x7fc287a00000, len=251, flags=0x7fc289819ce1) start
             exe-1049981 [000] ..... 1636801.792388: sys_pwrite64 -> 0x71
             exe-1049981 [000] ..... 1636801.792393: sys_ptrace(request: 4205, pid: 1005d9, addr: 1, data: c000a29c70)
             exe-1049981 [000] ..... 1636801.792395: sys_ptrace -> 0x0
             exe-1049981 [000] ..... 1636801.792397: sys_ptrace(request: 4205, pid: 1005d9, addr: 202, data: c000a29c70)
             exe-1049981 [000] ..... 1636801.792404: sys_ptrace -> 0x0
             exe-1049981 [000] ..... 1636801.792406: sys_ptrace(request: 1f, pid: 1005d9, addr: 0, data: 0)
             exe-1049981 [000] ..... 1636801.792412: sys_ptrace -> 0x0
             exe-1049981 [000] ..... 1636801.792414: sys_wait4(upid: 1005d9, stat_addr: c000a29bf4, options: 40000002, ru: 0)
             exe-1050073 [002] ..... 1636801.792429: sys_write -> 0x71
             exe-1049981 [000] ..... 1636801.792447: sys_wait4 -> 0x1005d9
             exe-1049981 [000] ..... 1636801.792449: sys_ptrace(request: 4204, pid: 1005d9, addr: 1, data: c000a29c70)
             exe-1049981 [000] ..... 1636801.792457: sys_ptrace -> 0x0
             exe-1049981 [000] ..... 1636801.792459: sys_ptrace(request: 4204, pid: 1005d9, addr: 202, data: c000a29c70)
             exe-1049981 [000] ..... 1636801.792462: sys_ptrace -> 0x0
             exe-1049981 [000] ..... 1636801.792468: sys_ptrace(request: 4205, pid: 1005d9, addr: 1, data: c000a29c70)
             exe-1049673 [002] ..... 1636801.792475: sys_nanosleep -> 0x0
             exe-1049981 [000] ..... 1636801.792476: sys_ptrace -> 0x0
             exe-1049981 [000] ..... 1636801.792478: sys_ptrace(request: 4205, pid: 1005d9, addr: 202, data: c000a29c70)
             exe-1049673 [002] ..... 1636801.792481: sys_nanosleep(rqtp: c000069f10, rmtp: 0)
             exe-1049981 [000] ..... 1636801.792483: sys_ptrace -> 0x0
             exe-1049981 [000] ..... 1636801.792485: sys_ptrace(request: 1f, pid: 1005d9, addr: 0, data: 0)
             exe-1049981 [000] ..... 1636801.792490: sys_ptrace -> 0x0
             exe-1049981 [000] ..... 1636801.792492: sys_wait4(upid: 1005d9, stat_addr: c000a29bf4, options: 40000002, ru: 0)
             exe-1050073 [002] ..... 1636801.792510: sys_splice -> 0xffffffffffffffea
             exe-1049981 [000] ..... 1636801.792528: sys_wait4 -> 0x1005d9
             exe-1049981 [000] ..... 1636801.792530: sys_ptrace(request: 4204, pid: 1005d9, addr: 1, data: c000a29c70)
             exe-1049981 [000] ..... 1636801.792532: sys_ptrace -> 0x0
             exe-1049981 [000] ..... 1636801.792534: sys_ptrace(request: 4204, pid: 1005d9, addr: 202, data: c000a29c70)
             exe-1049981 [000] ..... 1636801.792536: sys_ptrace -> 0x0
             exe-1049981 [000] ..... 1636801.792540: sys_pwrite64(fd: 63, buf: 7fd66edf3080, count: 6f, pos: 71)
             exe-1049981 [000] ..... 1636801.792541: tracing_mark_write: splice(fd_in=370, off_in=0x7fc287600000, fd_out=283, off_out=0x7fc287a00000, len=251, flags=0x7fc289819ce1) end
             exe-1050282 [001] ..... 1636801.854918: tracing_mark_write: splice(fd_in=283, off_in=0x1, fd_out=283, off_out=0x7fc287a00000, len=83, flags=0x2) start
             exe-1050282 [001] ..... 1636801.854919: sys_pwrite64 -> 0x5a
             exe-1050282 [001] ..... 1636801.854924: sys_ptrace(request: 4205, pid: 10070d, addr: 1, data: c000a29c70)
             exe-1050282 [001] ..... 1636801.854927: sys_ptrace -> 0x0
             exe-1050282 [001] ..... 1636801.854928: sys_ptrace(request: 4205, pid: 10070d, addr: 202, data: c000a29c70)
             exe-1049673 [003] ..... 1636801.854930: sys_nanosleep -> 0x0
             exe-1049673 [003] ..... 1636801.854932: sys_nanosleep(rqtp: c000069f10, rmtp: 0)
             exe-1050282 [001] ..... 1636801.854934: sys_ptrace -> 0x0
             exe-1050282 [001] ..... 1636801.854936: sys_ptrace(request: 1f, pid: 10070d, addr: 0, data: 0)
             exe-1049567 [000] ..... 1636801.854940: sys_nanosleep -> 0x0
             exe-1050282 [001] ..... 1636801.854946: sys_ptrace -> 0x0
             exe-1050282 [001] ..... 1636801.854948: sys_wait4(upid: 10070d, stat_addr: c000a29bf4, options: 40000002, ru: 0)
             exe-1049567 [000] ..... 1636801.854955: sys_nanosleep(rqtp: c000069f10, rmtp: 0)
             exe-1050381 [000] ..... 1636801.854979: sys_write -> 0x5a
             exe-1050282 [001] ..... 1636801.855003: sys_wait4 -> 0x10070d
             exe-1050282 [001] ..... 1636801.855006: sys_ptrace(request: 4204, pid: 10070d, addr: 1, data: c000a29c70)
             exe-1050282 [001] ..... 1636801.855008: sys_ptrace -> 0x0
             exe-1050282 [001] ..... 1636801.855010: sys_ptrace(request: 4204, pid: 10070d, addr: 202, data: c000a29c70)
             exe-1050282 [001] ..... 1636801.855012: sys_ptrace -> 0x0
             exe-1050282 [001] ..... 1636801.855017: sys_ptrace(request: 4205, pid: 10070d, addr: 1, data: c000a29c70)
             exe-1050282 [001] ..... 1636801.855020: sys_ptrace -> 0x0
             exe-1050282 [001] ..... 1636801.855021: sys_ptrace(request: 4205, pid: 10070d, addr: 202, data: c000a29c70)
             exe-1049673 [003] ..... 1636801.855023: sys_nanosleep -> 0x0
             exe-1049673 [003] ..... 1636801.855025: sys_nanosleep(rqtp: c000069f10, rmtp: 0)
             exe-1050282 [001] ..... 1636801.855027: sys_ptrace -> 0x0
             exe-1050282 [001] ..... 1636801.855029: sys_ptrace(request: 1f, pid: 10070d, addr: 0, data: 0)
             exe-1050282 [001] ..... 1636801.855035: sys_ptrace -> 0x0
             exe-1050282 [001] ..... 1636801.855037: sys_wait4(upid: 10070d, stat_addr: c000a29bf4, options: 40000002, ru: 0)
             exe-1050381 [000] ..... 1636801.855054: sys_splice -> 0xfffffffffffffff7
             exe-1050282 [001] ..... 1636801.855072: sys_wait4 -> 0x10070d
             exe-1049567 [000] ..... 1636801.855073: sys_nanosleep -> 0x0
             exe-1050282 [001] ..... 1636801.855074: sys_ptrace(request: 4204, pid: 10070d, addr: 1, data: c000a29c70)
             exe-1050282 [001] ..... 1636801.855077: sys_ptrace -> 0x0
             exe-1049567 [000] ..... 1636801.855078: sys_nanosleep(rqtp: c000069f10, rmtp: 0)
