             exe-1050282 [002] ..... 1636807.224543: sys_ptrace -> 0x0
             exe-1050282 [002] ..... 1636807.224553: sys_pwrite64(fd: 63, buf: 7fd66edf3080, count: 62, pos: 64)
             exe-1050282 [002] ..... 1636807.224554: tracing_mark_write: splice(fd_in=116, off_in=0x7fc287d00000, fd_out=351, off_out=0x7fc287800000, len=8, flags=0xb) end
             exe-1050282 [002] ..... 1636807.295520: tracing_mark_write: splice(fd_in=276, off_in=0x8, fd_out=158, off_out=0x7fc287800000, len=8, flags=0xb) start
             exe-1050282 [002] ..... 1636807.295522: sys_pwrite64 -> 0x59
             exe-1050282 [002] ..... 1636807.295528: sys_ptrace(request: 4205, pid: 10070d, addr: 1, data: c000a29c70)
             exe-1050282 [002] ..... 1636807.295532: sys_ptrace -> 0x0
             exe-1050282 [002] ..... 1636807.295533: sys_ptrace(request: 4205, pid: 10070d, addr: 202, data: c000a29c70)
             exe-1049673 [003] ..... 1636807.295539: sys_nanosleep -> 0x0
             exe-1049673 [003] ..... 1636807.295542: sys_nanosleep(rqtp: c000069f10, rmtp: 0)
             exe-1050282 [002] ..... 1636807.295544: sys_ptrace -> 0x0
             exe-1050282 [002] ..... 1636807.295546: sys_ptrace(request: 1f, pid: 10070d, addr: 0, data: 0)
             exe-1050282 [002] .N... 1636807.295553: sys_ptrace -> 0x0
             exe-1049567 [003] ..... 1636807.295556: sys_nanosleep -> 0x0
             exe-1049567 [003] ..... 1636807.295560: sys_nanosleep(rqtp: c000069f10, rmtp: 0)
             exe-1050381 [002] ..... 1636807.295564: sys_write -> 0x59
             exe-1050282 [002] ..... 1636807.295583: sys_wait4(upid: 10070d, stat_addr: c000a29bf4, options: 40000002, ru: 0)
             exe-1050282 [002] ..... 1636807.295585: sys_wait4 -> 0x10070d
             exe-1050282 [002] ..... 1636807.295588: sys_ptrace(request: 4204, pid: 10070d, addr: 1, data: c000a29c70)
             exe-1050282 [002] ..... 1636807.295591: sys_ptrace -> 0x0
             exe-1050282 [002] ..... 1636807.295593: sys_ptrace(request: 4204, pid: 10070d, addr: 202, data: c000a29c70)
             exe-1050282 [002] ..... 1636807.295595: sys_ptrace -> 0x0
             exe-1050282 [002] ..... 1636807.295632: sys_ptrace(request: 4205, pid: 10070d, addr: 1, data: c000a29c70)
             exe-1050282 [002] ..... 1636807.295634: sys_ptrace -> 0x0
             exe-1050282 [002] ..... 1636807.295636: sys_ptrace(request: 4205, pid: 10070d, addr: 202, data: c000a29c70)
             exe-1049673 [003] ..... 1636807.295641: sys_nanosleep -> 0x0
             exe-1049673 [003] ..... 1636807.295646: sys_nanosleep(rqtp: c000069f10, rmtp: 0)
             exe-1050282 [002] ..... 1636807.295648: sys_ptrace -> 0x0
             exe-1050282 [002] ..... 1636807.295649: sys_ptrace(request: 1f, pid: 10070d, addr: 0, data: 0)
             exe-1050282 [002] .N... 1636807.295657: sys_ptrace -> 0x0
             exe-1049567 [003] ..... 1636807.295664: sys_nanosleep -> 0x0
             exe-1049567 [003] ..... 1636807.295668: sys_nanosleep(rqtp: c000069f10, rmtp: 0)
             exe-1050381 [002] ..... 1636807.295670: sys_splice -> 0xfffffffffffffff7
             exe-1050282 [002] ..... 1636807.295693: sys_wait4(upid: 10070d, stat_addr: c000a29bf4, options: 40000002, ru: 0)
             exe-1050282 [002] ..... 1636807.295695: sys_wait4 -> 0x10070d
             exe-1050282 [002] ..... 1636807.295698: sys_ptrace(request: 4204, pid: 10070d, addr: 1, data: c000a29c70)
             exe-1050282 [002] ..... 1636807.295701: sys_ptrace -> 0x0
             exe-1050282 [002] ..... 1636807.295703: sys_ptrace(request: 4204, pid: 10070d, addr: 202, data: c000a29c70)
             exe-1050282 [002] ..... 1636807.295705: sys_ptrace -> 0x0
             exe-1050282 [002] ..... 1636807.295716: sys_pwrite64(fd: 63, buf: 7fd66edf3080, count: 57, pos: 59)
             exe-1050282 [002] ..... 1636807.295718: tracing_mark_write: splice(fd_in=276, off_in=0x8, fd_out=158, off_out=0x7fc287800000, len=8, flags=0xb) end
             exe-1050282 [000] ..... 1636807.394680: tracing_mark_write: splice(fd_in=276, off_in=0x7fc287a00000, fd_out=276, off_out=0x7fc287a00000, len=0, flags=0xb) start
             exe-1050282 [000] ..... 1636807.394682: sys_pwrite64 -> 0x64
             exe-1050282 [000] ..... 1636807.394688: sys_ptrace(request: 4205, pid: 10070d, addr: 1, data: c000a29c70)
             exe-1050282 [000] ..... 1636807.394691: sys_ptrace -> 0x0
             exe-1050282 [000] ..... 1636807.394693: sys_ptrace(request: 4205, pid: 10070d, addr: 202, data: c000a29c70)
             exe-1050282 [000] ..... 1636807.394704: sys_ptrace -> 0x0
             exe-1050282 [000] ..... 1636807.394706: sys_ptrace(request: 1f, pid: 10070d, addr: 0, data: 0)
             exe-1050282 [000] ..... 1636807.394713: sys_ptrace -> 0x0
             exe-1050282 [000] ..... 1636807.394715: sys_wait4(upid: 10070d, stat_addr: c000a29bf4, options: 40000002, ru: 0)
             exe-1050381 [002] ..... 1636807.394721: sys_write -> 0x64
             exe-1050282 [000] ..... 1636807.394735: sys_wait4 -> 0x10070d
             exe-1050282 [000] ..... 1636807.394737: sys_ptrace(request: 4204, pid: 10070d, addr: 1, data: c000a29c70)
             exe-1050282 [000] ..... 1636807.394739: sys_ptrace -> 0x0
             exe-1050282 [000] ..... 1636807.394741: sys_ptrace(request: 4204, pid: 10070d, addr: 202, data: c000a29c70)
             exe-1050282 [000] ..... 1636807.394743: sys_ptrace -> 0x0
             exe-1050282 [000] ..... 1636807.394747: sys_ptrace(request: 4205, pid: 10070d, addr: 1, data: c000a29c70)
             exe-1050282 [000] ..... 1636807.394749: sys_ptrace -> 0x0
             exe-1050282 [000] ..... 1636807.394750: sys_ptrace(request: 4205, pid: 10070d, addr: 202, data: c000a29c70)
             exe-1050282 [000] ..... 1636807.394756: sys_ptrace -> 0x0
             exe-1050282 [000] ..... 1636807.394758: sys_ptrace(request: 1f, pid: 10070d, addr: 0, data: 0)
             exe-1050282 [000] ..... 1636807.394763: sys_ptrace -> 0x0
             exe-1050282 [000] ..... 1636807.394765: sys_wait4(upid: 10070d, stat_addr: c000a29bf4, options: 40000002, ru: 0)
             exe-1050381 [002] ..... 1636807.394768: sys_splice -> 0x0
             exe-1050282 [000] ..... 1636807.394780: sys_wait4 -> 0x10070d
             exe-1050282 [000] ..... 1636807.394782: sys_ptrace(request: 4204, pid: 10070d, addr: 1, data: c000a29c70)
             exe-1050282 [000] ..... 1636807.394784: sys_ptrace -> 0x0
             exe-1050282 [000] ..... 1636807.394786: sys_ptrace(request: 4204, pid: 10070d, addr: 202, data: c000a29c70)
             exe-1050282 [000] ..... 1636807.394788: sys_ptrace -> 0x0
             exe-1050282 [000] ..... 1636807.394793: sys_pwrite64(fd: 63, buf: 7fd66edf3080, count: 62, pos: 64)
             exe-1050282 [000] ..... 1636807.394795: tracing_mark_write: splice(fd_in=276, off_in=0x7fc287a00000, fd_out=276, off_out=0x7fc287a00000, len=0, flags=0xb) end
             exe-1050282 [000] ..... 1636807.473640: tracing_mark_write: splice(fd_in=276, off_in=0x7fc287d00000, fd_out=274, off_out=0x7fc287d00004, len=4, flags=0xc) start
             exe-1050282 [000] ..... 1636807.473642: sys_pwrite64 -> 0x64
             exe-1050282 [000] ..... 1636807.473650: sys_ptrace(request: 4205, pid: 10070d, addr: 1, data: c000a29c70)
             exe-1050282 [000] .N... 1636807.473681: sys_ptrace -> 0x0
             exe-1050282 [000] ..... 1636807.473723: sys_ptrace(request: 4205, pid: 10070d, addr: 202, data: c000a29c70)
             exe-1050282 [000] ..... 1636807.473758: sys_ptrace -> 0x0
             exe-1050282 [000] ..... 1636807.473760: sys_ptrace(request: 1f, pid: 10070d, addr: 0, data: 0)
             exe-1050282 [000] .N... 1636807.473794: sys_ptrace -> 0x0
             exe-1050381 [002] ..... 1636807.473798: sys_write -> 0x64
             exe-1050282 [000] ..... 1636807.473839: sys_wait4(upid: 10070d, stat_addr: c000a29bf4, options: 40000002, ru: 0)
             exe-1050282 [000] ..... 1636807.473842: sys_wait4 -> 0x10070d
             exe-1050282 [000] ..... 1636807.473845: sys_ptrace(request: 4204, pid: 10070d, addr: 1, data: c000a29c70)
             exe-1050282 [000] ..... 1636807.473849: sys_ptrace -> 0x0
             exe-1050282 [000] ..... 1636807.473851: sys_ptrace(request: 4204, pid: 10070d, addr: 202, data: c000a29c70)
             exe-1050282 [000] ..... 1636807.473854: sys_ptrace -> 0x0
             exe-1050282 [000] ..... 1636807.473866: sys_ptrace(request: 4205, pid: 10070d, addr: 1, data: c000a29c70)
             exe-1050282 [000] ..... 1636807.473868: sys_ptrace -> 0x0
             exe-1050282 [000] ..... 1636807.473870: sys_ptrace(request: 4205, pid: 10070d, addr: 202, data: c000a29c70)
             exe-1050282 [000] ..... 1636807.473882: sys_ptrace -> 0x0
             exe-1050282 [000] .N... 1636807.473911: sys_ptrace(request: 1f, pid: 10070d, addr: 0, data: 0)
             exe-1050282 [000] .N... 1636807.473917: sys_ptrace -> 0x0
             exe-1050381 [002] ..... 1636807.473942: sys_splice -> 0xfffffffffffffff7
             exe-1049567 [002] ..... 1636807.473957: sys_nanosleep -> 0x0
             exe-1050282 [000] ..... 1636807.473961: sys_wait4(upid: 10070d, stat_addr: c000a29bf4, options: 40000002, ru: 0)
             exe-1050282 [000] ..... 1636807.473964: sys_wait4 -> 0x10070d
             exe-1049567 [002] ..... 1636807.473964: sys_nanosleep(rqtp: c000069f10, rmtp: 0)
             exe-1050282 [000] ..... 1636807.473966: sys_ptrace(request: 4204, pid: 10070d, addr: 1, data: c000a29c70)
             exe-1050282 [000] ..... 1636807.473971: sys_ptrace -> 0x0
             exe-1050282 [000] ..... 1636807.473972: sys_ptrace(request: 4204, pid: 10070d, addr: 202, data: c000a29c70)
             exe-1050282 [000] ..... 1636807.473975: sys_ptrace -> 0x0
             exe-1050282 [000] ..... 1636807.473992: sys_pwrite64(fd: 63, buf: 7fd66edf3080, count: 62, pos: 64)
             exe-1050282 [000] ..... 1636807.473994: tracing_mark_write: splice(fd_in=276, off_in=0x7fc287d00000, fd_out=274, off_out=0x7fc287d00004, len=4, flags=0xc) end
             exe-1050282 [000] ..... 1636807.544946: tracing_mark_write: splice(fd_in=276, off_in=0x7fc289839000, fd_out=6, off_out=0x7fc289829000, len=0, flags=0xc) start
             exe-1050282 [000] ..... 1636807.544948: sys_pwrite64 -> 0x62
             exe-1050282 [000] ..... 1636807.544953: sys_ptrace(request: 4205, pid: 10070d, addr: 1, data: c000a29c70)
             exe-1050282 [000] ..... 1636807.544956: sys_ptrace -> 0x0
             exe-1050282 [000] ..... 1636807.544957: sys_ptrace(request: 4205, pid: 10070d, addr: 202, data: c000a29c70)
             exe-1050282 [000] ..... 1636807.544965: sys_ptrace -> 0x0
             exe-1050282 [000] ..... 1636807.544967: sys_ptrace(request: 1f, pid: 10070d, addr: 0, data: 0)
             exe-1050282 [000] ..... 1636807.544979: sys_ptrace -> 0x0
             exe-1050282 [000] ..... 1636807.544981: sys_wait4(upid: 10070d, stat_addr: c000a29bf4, options: 40000002, ru: 0)
             exe-1050381 [002] ..... 1636807.545002: sys_write -> 0x62
             exe-1049673 [001] ..... 1636807.545016: sys_nanosleep -> 0x0
             exe-1049673 [001] ..... 1636807.545020: sys_nanosleep(rqtp: c000069f10, rmtp: 0)
             exe-1050282 [000] ..... 1636807.545020: sys_wait4 -> 0x10070d
             exe-1050282 [000] ..... 1636807.545022: sys_ptrace(request: 4204, pid: 10070d, addr: 1, data: c000a29c70)
             exe-1050282 [000] ..... 1636807.545025: sys_ptrace -> 0x0
             exe-1050282 [000] ..... 1636807.545026: sys_ptrace(request: 4204, pid: 10070d, addr: 202, data: c000a29c70)
             exe-1050282 [000] ..... 1636807.545028: sys_ptrace -> 0x0
             exe-1050282 [000] ..... 1636807.545033: sys_ptrace(request: 4205, pid: 10070d, addr: 1, data: c000a29c70)
             exe-1050282 [000] ..... 1636807.545035: sys_ptrace -> 0x0
             exe-1050282 [000] ..... 1636807.545036: sys_ptrace(request: 4205, pid: 10070d, addr: 202, data: c000a29c70)
             exe-1050282 [000] ..... 1636807.545043: sys_ptrace -> 0x0
             exe-1050282 [000] ..... 1636807.545044: sys_ptrace(request: 1f, pid: 10070d, addr: 0, data: 0)
             exe-1050282 [000] ..... 1636807.545055: sys_ptrace -> 0x0
             exe-1050282 [000] ..... 1636807.545057: sys_wait4(upid: 10070d, stat_addr: c000a29bf4, options: 40000002, ru: 0)
             exe-1050381 [002] ..... 1636807.545070: sys_splice -> 0x0
             exe-1050282 [000] ..... 1636807.545085: sys_wait4 -> 0x10070d
             exe-1050282 [000] ..... 1636807.545088: sys_ptrace(request: 4204, pid: 10070d, addr: 1, data: c000a29c70)
             exe-1050282 [000] ..... 1636807.545090: sys_ptrace -> 0x0
             exe-1050282 [000] ..... 1636807.545092: sys_ptrace(request: 4204, pid: 10070d, addr: 202, data: c000a29c70)
             exe-1050282 [000] ..... 1636807.545094: sys_ptrace -> 0x0
             exe-1050282 [000] ..... 1636807.545099: sys_pwrite64(fd: 63, buf: 7fd66edf3080, count: 60, pos: 62)
             exe-1050282 [000] ..... 1636807.545100: tracing_mark_write: splice(fd_in=276, off_in=0x7fc289839000, fd_out=6, off_out=0x7fc289829000, len=0, flags=0xc) end
             exe-1050282 [000] ..... 1636807.618584: tracing_mark_write: splice(fd_in=6, off_in=0x4, fd_out=281, off_out=0x7fc289829000, len=1, flags=0xd) start
             exe-1050282 [000] ..... 1636807.618586: sys_pwrite64 -> 0x57
             exe-1050282 [000] ..... 1636807.618591: sys_ptrace(request: 4205, pid: 10070d, addr: 1, data: c000a29c70)
             exe-1050282 [000] ..... 1636807.618593: sys_ptrace -> 0x0
             exe-1050282 [000] ..... 1636807.618595: sys_ptrace(request: 4205, pid: 10070d, addr: 202, data: c000a29c70)
             exe-1050282 [000] ..... 1636807.618602: sys_ptrace -> 0x0
             exe-1050282 [000] ..... 1636807.618604: sys_ptrace(request: 1f, pid: 10070d, addr: 0, data: 0)
             exe-1050282 [000] ..... 1636807.618610: sys_ptrace -> 0x0
             exe-1050282 [000] ..... 1636807.618612: sys_wait4(upid: 10070d, stat_addr: c000a29bf4, options: 40000002, ru: 0)
             exe-1049567 [000] ..... 1636807.618618: sys_nanosleep -> 0x0
             exe-1049567 [000] ..... 1636807.618620: sys_nanosleep(rqtp: c000069f10, rmtp: 0)
             exe-1050381 [001] ..... 1636807.618654: sys_write -> 0x57
             exe-1050282 [000] ..... 1636807.618674: sys_wait4 -> 0x10070d
             exe-1050282 [000] ..... 1636807.618677: sys_ptrace(request: 4204, pid: 10070d, addr: 1, data: c000a29c70)
             exe-1049673 [001] ..... 1636807.618684: sys_nanosleep -> 0x0
             exe-1050282 [000] ..... 1636807.618685: sys_ptrace -> 0x0
             exe-1050282 [000] ..... 1636807.618686: sys_ptrace(request: 4204, pid: 10070d, addr: 202, data: c000a29c70)
             exe-1050282 [000] ..... 1636807.618688: sys_ptrace -> 0x0
             exe-1049673 [001] ..... 1636807.618690: sys_nanosleep(rqtp: c000069f10, rmtp: 0)
             exe-1050282 [000] ..... 1636807.618713: sys_ptrace(request: 4205, pid: 10070d, addr: 1, data: c000a29c70)
             exe-1050282 [000] ..... 1636807.618716: sys_ptrace -> 0x0
             exe-1050282 [000] ..... 1636807.618717: sys_ptrace(request: 4205, pid: 10070d, addr: 202, data: c000a29c70)
             exe-1050282 [000] ..... 1636807.618724: sys_ptrace -> 0x0
             exe-1050282 [000] ..... 1636807.618726: sys_ptrace(request: 1f, pid: 10070d, addr: 0, data: 0)
             exe-1050282 [000] ..... 1636807.618732: sys_ptrace -> 0x0
             exe-1050282 [000] ..... 1636807.618733: sys_wait4(upid: 10070d, stat_addr: c000a29bf4, options: 40000002, ru: 0)
             exe-1049567 [000] ..... 1636807.618739: sys_nanosleep -> 0x0
             exe-1049567 [000] ..... 1636807.618741: sys_nanosleep(rqtp: c000069f10, rmtp: 0)
             exe-1050381 [001] ..... 1636807.618751: sys_splice -> 0xffffffffffffffea
             exe-1050282 [000] ..... 1636807.618773: sys_wait4 -> 0x10070d
             exe-1050282 [000] ..... 1636807.618776: sys_ptrace(request: 4204, pid: 10070d, addr: 1, data: c000a29c70)
             exe-1049673 [001] ..... 1636807.618829: sys_nanosleep -> 0x0
             exe-1050282 [000] ..... 1636807.618832: sys_ptrace -> 0x0
             exe-1050282 [000] ..... 1636807.618834: sys_ptrace(request: 4204, pid: 10070d, addr: 202, data: c000a29c70)
             exe-1049673 [001] ..... 1636807.618836: sys_nanosleep(rqtp: c000069f10, rmtp: 0)
             exe-1050282 [000] ..... 1636807.618837: sys_ptrace -> 0x0
             exe-1050282 [000] ..... 1636807.618843: sys_pwrite64(fd: 63, buf: 7fd66edf3080, count: 55, pos: 57)
             exe-1050282 [000] ..... 1636807.618845: tracing_mark_write: splice(fd_in=6, off_in=0x4, fd_out=281, off_out=0x7fc289829000, len=1, flags=0xd) end
             exe-1050282 [002] ..... 1636807.798159: tracing_mark_write: splice(fd_in=6, off_in=0x7fc287d00000, fd_out=6, off_out=0x7fc287d00000, len=0, flags=0xd) start
             exe-1050282 [002] ..... 1636807.798161: sys_pwrite64 -> 0x60
             exe-1050282 [002] ..... 1636807.798167: sys_ptrace(request: 4205, pid: 10070d, addr: 1, data: c000a29c70)
             exe-1050282 [002] ..... 1636807.798170: sys_ptrace -> 0x0
             exe-1050282 [002] ..... 1636807.798171: sys_ptrace(request: 4205, pid: 10070d, addr: 202, data: c000a29c70)
             exe-1050282 [002] ..... 1636807.798183: sys_ptrace -> 0x0
             exe-1050282 [002] ..... 1636807.798184: sys_ptrace(request: 1f, pid: 10070d, addr: 0, data: 0)
             exe-1050282 [002] .N... 1636807.798191: sys_ptrace -> 0x0
             exe-1050381 [002] ..... 1636807.798201: sys_write -> 0x60
             exe-1050282 [002] ..... 1636807.798220: sys_wait4(upid: 10070d, stat_addr: c000a29bf4, options: 40000002, ru: 0)
             exe-1050282 [002] ..... 1636807.798222: sys_wait4 -> 0x10070d
             exe-1050282 [002] ..... 1636807.798224: sys_ptrace(request: 4204, pid: 10070d, addr: 1, data: c000a29c70)
             exe-1050282 [002] ..... 1636807.798228: sys_ptrace -> 0x0
             exe-1050282 [002] ..... 1636807.798229: sys_ptrace(request: 4204, pid: 10070d, addr: 202, data: c000a29c70)
             exe-1050282 [002] ..... 1636807.798232: sys_ptrace -> 0x0
             exe-1050282 [002] ..... 1636807.798252: sys_ptrace(request: 4205, pid: 10070d, addr: 1, data: c000a29c70)
             exe-1050282 [002] ..... 1636807.798255: sys_ptrace -> 0x0
             exe-1050282 [002] ..... 1636807.798257: sys_ptrace(request: 4205, pid: 10070d, addr: 202, data: c000a29c70)
             exe-1050282 [002] ..... 1636807.798267: sys_ptrace -> 0x0
             exe-1050282 [002] ..... 1636807.798269: sys_ptrace(request: 1f, pid: 10070d, addr: 0, data: 0)
             exe-1050282 [002] .N... 1636807.798275: sys_ptrace -> 0x0
             exe-1050381 [002] ..... 1636807.798286: sys_splice -> 0x0
             exe-1050282 [002] ..... 1636807.798307: sys_wait4(upid: 10070d, stat_addr: c000a29bf4, options: 40000002, ru: 0)
             exe-1050282 [002] ..... 1636807.798310: sys_wait4 -> 0x10070d
             exe-1050282 [002] ..... 1636807.798312: sys_ptrace(request: 4204, pid: 10070d, addr: 1, data: c000a29c70)
             exe-1050282 [002] ..... 1636807.798315: sys_ptrace -> 0x0
             exe-1050282 [002] ..... 1636807.798316: sys_ptrace(request: 4204, pid: 10070d, addr: 202, data: c000a29c70)
             exe-1050282 [002] ..... 1636807.798319: sys_ptrace -> 0x0
             exe-1050282 [002] ..... 1636807.798328: sys_pwrite64(fd: 63, buf: 7fd66edf3080, count: 5e, pos: 60)
             exe-1050282 [002] ..... 1636807.798330: tracing_mark_write: splice(fd_in=6, off_in=0x7fc287d00000, fd_out=6, off_out=0x7fc287d00000, len=0, flags=0xd) end
             exe-1050282 [002] ..... 1636807.911895: tracing_mark_write: splice(fd_in=6, off_in=0x7fc28983a000, fd_out=275, off_out=0x7fc28983a000, len=4096, flags=0xe) start
             exe-1050282 [002] ..... 1636807.911897: sys_pwrite64 -> 0x65
             exe-1050282 [002] ..... 1636807.911904: sys_ptrace(request: 4205, pid: 10070d, addr: 1, data: c000a29c70)
             exe-1050282 [002] ..... 1636807.911907: sys_ptrace -> 0x0
             exe-1050282 [002] ..... 1636807.911908: sys_ptrace(request: 4205, pid: 10070d, addr: 202, data: c000a29c70)
             exe-1050282 [002] ..... 1636807.911919: sys_ptrace -> 0x0
             exe-1050282 [002] ..... 1636807.911920: sys_ptrace(request: 1f, pid: 10070d, addr: 0, data: 0)
             exe-1050282 [002] .N... 1636807.911925: sys_ptrace -> 0x0
             exe-1050381 [002] ..... 1636807.911934: sys_write -> 0x65
             exe-1050282 [002] ..... 1636807.911953: sys_wait4(upid: 10070d, stat_addr: c000a29bf4, options: 40000002, ru: 0)
             exe-1050282 [002] ..... 1636807.911955: sys_wait4 -> 0x10070d
             exe-1050282 [002] ..... 1636807.911957: sys_ptrace(request: 4204, pid: 10070d, addr: 1, data: c000a29c70)
             exe-1050282 [002] ..... 1636807.911961: sys_ptrace -> 0x0
             exe-1050282 [002] ..... 1636807.911962: sys_ptrace(request: 4204, pid: 10070d, addr: 202, data: c000a29c70)
             exe-1049673 [003] ..... 1636807.911964: sys_nanosleep -> 0x0
             exe-1050282 [002] ..... 1636807.911965: sys_ptrace -> 0x0
             exe-1049673 [003] ..... 1636807.911966: sys_nanosleep(rqtp: c000069f10, rmtp: 0)
             exe-1050282 [002] ..... 1636807.911993: sys_ptrace(request: 4205, pid: 10070d, addr: 1, data: c000a29c70)
             exe-1050282 [002] ..... 1636807.911996: sys_ptrace -> 0x0
             exe-1050282 [002] ..... 1636807.911997: sys_ptrace(request: 4205, pid: 10070d, addr: 202, data: c000a29c70)
             exe-1050282 [002] ..... 1636807.912007: sys_ptrace -> 0x0
             exe-1050282 [002] ..... 1636807.912009: sys_ptrace(request: 1f, pid: 10070d, addr: 0, data: 0)
             exe-1050282 [002] .N... 1636807.912015: sys_ptrace -> 0x0
             exe-1050381 [002] ..... 1636807.912025: sys_splice -> 0xfffffffffffffff7
             exe-1050282 [002] ..... 1636807.912044: sys_wait4(upid: 10070d, stat_addr: c000a29bf4, options: 40000002, ru: 0)
             exe-1050282 [002] ..... 1636807.912047: sys_wait4 -> 0x10070d
             exe-1050282 [002] ..... 1636807.912049: sys_ptrace(request: 4204, pid: 10070d, addr: 1, data: c000a29c70)
             exe-1049673 [003] ..... 1636807.912050: sys_nanosleep -> 0x0
             exe-1050282 [002] ..... 1636807.912052: sys_ptrace -> 0x0
             exe-1049673 [003] ..... 1636807.912052: sys_nanosleep(rqtp: c000069f10, rmtp: 0)
             exe-1050282 [002] ..... 1636807.912054: sys_ptrace(request: 4204, pid: 10070d, addr: 202, data: c000a29c70)
             exe-1050282 [002] ..... 1636807.912056: sys_ptrace -> 0x0
             exe-1050282 [002] ..... 1636807.912065: sys_pwrite64(fd: 63, buf: 7fd66edf3080, count: 63, pos: 65)
             exe-1050282 [002] ..... 1636807.912066: tracing_mark_write: splice(fd_in=6, off_in=0x7fc28983a000, fd_out=275, off_out=0x7fc28983a000, len=4096, flags=0xe) end
             exe-1050282 [002] ..... 1636808.005401: tracing_mark_write: splice(fd_in=275, off_in=0x7fc287600000, fd_out=274, off_out=0x7fc287600008, len=8, flags=0xe) start
             exe-1050282 [002] ..... 1636808.005403: sys_pwrite64 -> 0x64
             exe-1050282 [002] ..... 1636808.005409: sys_ptrace(request: 4205, pid: 10070d, addr: 1, data: c000a29c70)
             exe-1050282 [002] ..... 1636808.005412: sys_ptrace -> 0x0
             exe-1050282 [002] ..... 1636808.005413: sys_ptrace(request: 4205, pid: 10070d, addr: 202, data: c000a29c70)
             exe-1050282 [002] ..... 1636808.005425: sys_ptrace -> 0x0
             exe-1050282 [002] ..... 1636808.005426: sys_ptrace(request: 1f, pid: 10070d, addr: 0, data: 0)
             exe-1050282 [002] .N... 1636808.005431: sys_ptrace -> 0x0
             exe-1050381 [002] ..... 1636808.005440: sys_write -> 0x64
             exe-1050282 [002] ..... 1636808.005461: sys_wait4(upid: 10070d, stat_addr: c000a29bf4, options: 40000002, ru: 0)
             exe-1050282 [002] ..... 1636808.005463: sys_wait4 -> 0x10070d
             exe-1050282 [002] ..... 1636808.005465: sys_ptrace(request: 4204, pid: 10070d, addr: 1, data: c000a29c70)
             exe-1050282 [002] ..... 1636808.005469: sys_ptrace -> 0x0
             exe-1050282 [002] ..... 1636808.005470: sys_ptrace(request: 4204, pid: 10070d, addr: 202, data: c000a29c70)
             exe-1049673 [003] ..... 1636808.005472: sys_nanosleep -> 0x0
             exe-1050282 [002] ..... 1636808.005473: sys_ptrace -> 0x0
             exe-1049673 [003] ..... 1636808.005477: sys_nanosleep(rqtp: c000069f10, rmtp: 0)
             exe-1050282 [002] ..... 1636808.005480: sys_ptrace(request: 4205, pid: 10070d, addr: 1, data: c000a29c70)
             exe-1050282 [002] ..... 1636808.005483: sys_ptrace -> 0x0
             exe-1050282 [002] ..... 1636808.005485: sys_ptrace(request: 4205, pid: 10070d, addr: 202, data: c000a29c70)
             exe-1050282 [002] ..... 1636808.005493: sys_ptrace -> 0x0
             exe-1050282 [002] ..... 1636808.005495: sys_ptrace(request: 1f, pid: 10070d, addr: 0, data: 0)
             exe-1050282 [002] .N... 1636808.005501: sys_ptrace -> 0x0
             exe-1050381 [002] ..... 1636808.005512: sys_splice -> 0xfffffffffffffff7
             exe-1050282 [002] ..... 1636808.005530: sys_wait4(upid: 10070d, stat_addr: c000a29bf4, options: 40000002, ru: 0)
             exe-1050282 [002] ..... 1636808.005532: sys_wait4 -> 0x10070d
             exe-1050282 [002] ..... 1636808.005534: sys_ptrace(request: 4204, pid: 10070d, addr: 1, data: c000a29c70)
             exe-1050282 [002] ..... 1636808.005538: sys_ptrace -> 0x0
             exe-1050282 [002] ..... 1636808.005539: sys_ptrace(request: 4204, pid: 10070d, addr: 202, data: c000a29c70)
             exe-1050282 [002] ..... 1636808.005541: sys_ptrace -> 0x0
             exe-1050282 [002] ..... 1636808.005551: sys_pwrite64(fd: 63, buf: 7fd66edf3080, count: 62, pos: 64)
             exe-1050282 [002] ..... 1636808.005552: tracing_mark_write: splice(fd_in=275, off_in=0x7fc287600000, fd_out=274, off_out=0x7fc287600008, len=8, flags=0xe) end
             exe-1050282 [002] ..... 1636808.086492: tracing_mark_write: splice(fd_in=275, off_in=0x0, fd_out=276, off_out=0x7fc287800000, len=4096, flags=0xe) start
             exe-1050282 [002] ..... 1636808.086494: sys_pwrite64 -> 0x5c
             exe-1050282 [002] ..... 1636808.086501: sys_ptrace(request: 4205, pid: 10070d, addr: 1, data: c000a29c70)
             exe-1050282 [002] ..... 1636808.086504: sys_ptrace -> 0x0
             exe-1050282 [002] ..... 1636808.086505: sys_ptrace(request: 4205, pid: 10070d, addr: 202, data: c000a29c70)
             exe-1050282 [002] ..... 1636808.086516: sys_ptrace -> 0x0
             exe-1050282 [002] ..... 1636808.086518: sys_ptrace(request: 1f, pid: 10070d, addr: 0, data: 0)
             exe-1050282 [002] .N... 1636808.086525: sys_ptrace -> 0x0
             exe-1049673 [003] ..... 1636808.086534: sys_nanosleep -> 0x0
             exe-1050381 [002] ..... 1636808.086535: sys_write -> 0x5c
             exe-1049673 [003] ..... 1636808.086540: sys_nanosleep(rqtp: c000069f10, rmtp: 0)
             exe-1050282 [002] ..... 1636808.086554: sys_wait4(upid: 10070d, stat_addr: c000a29bf4, options: 40000002, ru: 0)
             exe-1050282 [002] ..... 1636808.086556: sys_wait4 -> 0x10070d
             exe-1050282 [002] ..... 1636808.086558: sys_ptrace(request: 4204, pid: 10070d, addr: 1, data: c000a29c70)
             exe-1050282 [002] ..... 1636808.086562: sys_ptrace -> 0x0
             exe-1050282 [002] ..... 1636808.086563: sys_ptrace(request: 4204, pid: 10070d, addr: 202, data: c000a29c70)
             exe-1050282 [002] ..... 1636808.086566: sys_ptrace -> 0x0
             exe-1050282 [002] ..... 1636808.086575: sys_ptrace(request: 4205, pid: 10070d, addr: 1, data: c000a29c70)
             exe-1050282 [002] ..... 1636808.086577: sys_ptrace -> 0x0
             exe-1050282 [002] ..... 1636808.086578: sys_ptrace(request: 4205, pid: 10070d, addr: 202, data: c000a29c70)
             exe-1050282 [002] ..... 1636808.086587: sys_ptrace -> 0x0
             exe-1050282 [002] ..... 1636808.086589: sys_ptrace(request: 1f, pid: 10070d, addr: 0, data: 0)
             exe-1050282 [002] .N... 1636808.086596: sys_ptrace -> 0x0
             exe-1050381 [002] ..... 1636808.086606: sys_splice -> 0xfffffffffffffff7
             exe-1050282 [002] ..... 1636808.086624: sys_wait4(upid: 10070d, stat_addr: c000a29bf4, options: 40000002, ru: 0)
             exe-1050282 [002] ..... 1636808.086626: sys_wait4 -> 0x10070d
             exe-1050282 [002] ..... 1636808.086629: sys_ptrace(request: 4204, pid: 10070d, addr: 1, data: c000a29c70)
             exe-1050282 [002] ..... 1636808.086632: sys_ptrace -> 0x0
             exe-1050282 [002] ..... 1636808.086633: sys_ptrace(request: 4204, pid: 10070d, addr: 202, data: c000a29c70)
             exe-1050282 [002] ..... 1636808.086636: sys_ptrace -> 0x0
             exe-1049673 [003] ..... 1636808.086640: sys_nanosleep -> 0x0
             exe-1050282 [002] ..... 1636808.086645: sys_pwrite64(fd: 63, buf: 7fd66edf3080, count: 5a, pos: 5c)
             exe-1049673 [003] ..... 1636808.086646: sys_nanosleep(rqtp: c000069f10, rmtp: 0)
             exe-1050282 [002] ..... 1636808.086646: tracing_mark_write: splice(fd_in=275, off_in=0x0, fd_out=276, off_out=0x7fc287800000, len=4096, flags=0xe) end
             exe-1050282 [002] ..... 1636808.158946: tracing_mark_write: splice(fd_in=275, off_in=0x7fc289838000, fd_out=285, off_out=0x7fc289838001, len=8, flags=0xe) start
             exe-1050282 [002] ..... 1636808.158948: sys_pwrite64 -> 0x64
             exe-1050282 [002] ..... 1636808.158956: sys_ptrace(request: 4205, pid: 10070d, addr: 1, data: c000a29c70)
             exe-1050282 [002] ..... 1636808.158959: sys_ptrace -> 0x0
             exe-1050282 [002] ..... 1636808.158960: sys_ptrace(request: 4205, pid: 10070d, addr: 202, data: c000a29c70)
             exe-1050282 [002] ..... 1636808.159000: sys_ptrace -> 0x0
             exe-1050282 [002] ..... 1636808.159002: sys_ptrace(request: 1f, pid: 10070d, addr: 0, data: 0)
             exe-1049567 [003] ..... 1636808.159011: sys_nanosleep -> 0x0
             exe-1050282 [002] .N... 1636808.159013: sys_ptrace -> 0x0
             exe-1049567 [003] ..... 1636808.159019: sys_nanosleep(rqtp: c000069f10, rmtp: 0)
             exe-1050381 [002] ..... 1636808.159026: sys_write -> 0x64
             exe-1049673 [003] ..... 1636808.159040: sys_nanosleep -> 0x0
             exe-1049673 [003] ..... 1636808.159046: sys_nanosleep(rqtp: c000069f10, rmtp: 0)
             exe-1050282 [002] ..... 1636808.159049: sys_wait4(upid: 10070d, stat_addr: c000a29bf4, options: 40000002, ru: 0)
             exe-1050282 [002] ..... 1636808.159052: sys_wait4 -> 0x10070d
             exe-1050282 [002] ..... 1636808.159054: sys_ptrace(request: 4204, pid: 10070d, addr: 1, data: c000a29c70)
             exe-1050282 [002] ..... 1636808.159059: sys_ptrace -> 0x0
             exe-1050282 [002] ..... 1636808.159060: sys_ptrace(request: 4204, pid: 10070d, addr: 202, data: c000a29c70)
             exe-1050282 [002] ..... 1636808.159063: sys_ptrace -> 0x0
             exe-1050282 [002] ..... 1636808.159076: sys_ptrace(request: 4205, pid: 10070d, addr: 1, data: c000a29c70)
             exe-1050282 [002] ..... 1636808.159078: sys_ptrace -> 0x0
             exe-1050282 [002] ..... 1636808.159080: sys_ptrace(request: 4205, pid: 10070d, addr: 202, data: c000a29c70)
             exe-1050282 [002] ..... 1636808.159091: sys_ptrace -> 0x0
             exe-1050282 [002] ..... 1636808.159093: sys_ptrace(request: 1f, pid: 10070d, addr: 0, data: 0)
             exe-1050282 [002] .N... 1636808.159101: sys_ptrace -> 0x0
             exe-1050381 [002] ..... 1636808.159112: sys_splice -> 0xffffffffffffffea
             exe-1049567 [003] ..... 1636808.159120: sys_nanosleep -> 0x0
             exe-1049567 [003] ..... 1636808.159126: sys_nanosleep(rqtp: c000069f10, rmtp: 0)
             exe-1050282 [002] ..... 1636808.159132: sys_wait4(upid: 10070d, stat_addr: c000a29bf4, options: 40000002, ru: 0)
             exe-1050282 [002] ..... 1636808.159134: sys_wait4 -> 0x10070d
             exe-1050282 [002] ..... 1636808.159137: sys_ptrace(request: 4204, pid: 10070d, addr: 1, data: c000a29c70)
             exe-1050282 [002] ..... 1636808.159140: sys_ptrace -> 0x0
             exe-1050282 [002] ..... 1636808.159142: sys_ptrace(request: 4204, pid: 10070d, addr: 202, data: c000a29c70)
             exe-1049673 [003] ..... 1636808.159142: sys_nanosleep -> 0x0
             exe-1050282 [002] ..... 1636808.159144: sys_ptrace -> 0x0
             exe-1049673 [003] ..... 1636808.159147: sys_nanosleep(rqtp: c000069f10, rmtp: 0)
             exe-1050282 [002] ..... 1636808.159168: sys_pwrite64(fd: 63, buf: 7fd66edf3080, count: 62, pos: 64)
             exe-1050282 [002] ..... 1636808.159170: tracing_mark_write: splice(fd_in=275, off_in=0x7fc289838000, fd_out=285, off_out=0x7fc289838001, len=8, flags=0xe) end
             exe-1050282 [001] ..... 1636808.223607: tracing_mark_write: splice(fd_in=10, off_in=0x7fc289829000, fd_out=273, off_out=0x7fc28983a000, len=4096, flags=0xe) start
             exe-1050282 [001] ..... 1636808.223609: sys_pwrite64 -> 0x66
             exe-1050282 [001] ..... 1636808.223618: sys_ptrace(request: 4205, pid: 10070d, addr: 1, data: c000a29c70)
             exe-1050282 [001] ..... 1636808.223622: sys_ptrace -> 0x0
             exe-1050282 [001] ..... 1636808.223624: sys_ptrace(request: 4205, pid: 10070d, addr: 202, data: c000a29c70)
             exe-1050282 [001] ..... 1636808.223639: sys_ptrace -> 0x0
             exe-1050282 [001] ..... 1636808.223642: sys_ptrace(request: 1f, pid: 10070d, addr: 0, data: 0)
             exe-1067990 [003] ..... 1636808.223650: sys_futex(uaddr: 7febaa293000, op: 0, val: 0, utime: 0, uaddr2: 0, val3: 0)
             exe-1050282 [001] ..... 1636808.223651: sys_ptrace -> 0x0
             exe-1050282 [001] ..... 1636808.223654: sys_wait4(upid: 10070d, stat_addr: c000a29bf4, options: 40000002, ru: 0)
             exe-1049673 [003] ..... 1636808.223664: sys_nanosleep -> 0x0
             exe-1049673 [003] ..... 1636808.223669: sys_nanosleep(rqtp: c000069f10, rmtp: 0)
             exe-1050381 [002] ..... 1636808.223671: sys_write -> 0x66
             exe-1050282 [001] ..... 1636808.223695: sys_wait4 -> 0x10070d
             exe-1049567 [002] ..... 1636808.223696: sys_nanosleep -> 0x0
             exe-1050282 [001] ..... 1636808.223698: sys_ptrace(request: 4204, pid: 10070d, addr: 1, data: c000a29c70)
             exe-1050282 [001] ..... 1636808.223701: sys_ptrace -> 0x0
             exe-1049567 [002] ..... 1636808.223702: sys_nanosleep(rqtp: c000069f10, rmtp: 0)
             exe-1050282 [001] ..... 1636808.223703: sys_ptrace(request: 4204, pid: 10070d, addr: 202, data: c000a29c70)
             exe-1050282 [001] ..... 1636808.223705: sys_ptrace -> 0x0
             exe-1050282 [001] ..... 1636808.223713: sys_ptrace(request: 4205, pid: 10070d, addr: 1, data: c000a29c70)
             exe-1050282 [001] ..... 1636808.223718: sys_ptrace -> 0x0
             exe-1050282 [001] ..... 1636808.223720: sys_ptrace(request: 4205, pid: 10070d, addr: 202, data: c000a29c70)
             exe-1050282 [001] ..... 1636808.223728: sys_ptrace -> 0x0
             exe-1050282 [001] ..... 1636808.223730: sys_ptrace(request: 1f, pid: 10070d, addr: 0, data: 0)
             exe-1050282 [001] ..... 1636808.223736: sys_ptrace -> 0x0
             exe-1050282 [001] ..... 1636808.223738: sys_wait4(upid: 10070d, stat_addr: c000a29bf4, options: 40000002, ru: 0)
             exe-1049673 [003] ..... 1636808.223749: sys_nanosleep -> 0x0
             exe-1050381 [002] ..... 1636808.223751: sys_splice -> 0xfffffffffffffff7
             exe-1049673 [003] ..... 1636808.223755: sys_nanosleep(rqtp: c000069f10, rmtp: 0)
             exe-1050282 [001] ..... 1636808.223775: sys_wait4 -> 0x10070d
             exe-1050282 [001] ..... 1636808.223779: sys_ptrace(request: 4204, pid: 10070d, addr: 1, data: c000a29c70)
             exe-1050282 [001] ..... 1636808.223783: sys_ptrace -> 0x0
             exe-1050282 [001] ..... 1636808.223785: sys_ptrace(request: 4204, pid: 10070d, addr: 202, data: c000a29c70)
             exe-1050282 [001] ..... 1636808.223791: sys_ptrace -> 0x0
             exe-1049567 [002] ..... 1636808.223801: sys_nanosleep -> 0x0
             exe-1050282 [001] ..... 1636808.223804: sys_pwrite64(fd: 63, buf: 7fd66edf3080, count: 64, pos: 66)
             exe-1049567 [002] ..... 1636808.223806: sys_nanosleep(rqtp: c000069f10, rmtp: 0)
             exe-1050282 [001] ..... 1636808.223807: tracing_mark_write: splice(fd_in=10, off_in=0x7fc289829000, fd_out=273, off_out=0x7fc28983a000, len=4096, flags=0xe) end
             exe-1050282 [001] ..... 1636808.294161: tracing_mark_write: splice(fd_in=10, off_in=0x1, fd_out=10, off_out=0x7fc289839000, len=4, flags=0xe) start
             exe-1050282 [001] ..... 1636808.294163: sys_pwrite64 -> 0x57
             exe-1050282 [001] ..... 1636808.294168: sys_ptrace(request: 4205, pid: 10070d, addr: 1, data: c000a29c70)
             exe-1050282 [001] ..... 1636808.294171: sys_ptrace -> 0x0
             exe-1050282 [001] ..... 1636808.294173: sys_ptrace(request: 4205, pid: 10070d, addr: 202, data: c000a29c70)
             exe-1050282 [001] ..... 1636808.294183: sys_ptrace -> 0x0
             exe-1050282 [001] ..... 1636808.294186: sys_ptrace(request: 1f, pid: 10070d, addr: 0, data: 0)
             exe-1050282 [001] ..... 1636808.294194: sys_ptrace -> 0x0
             exe-1050282 [001] ..... 1636808.294197: sys_wait4(upid: 10070d, stat_addr: c000a29bf4, options: 40000002, ru: 0)
             exe-1049567 [002] ..... 1636808.294201: sys_nanosleep -> 0x0
             exe-1049567 [002] ..... 1636808.294207: sys_nanosleep(rqtp: c000069f10, rmtp: 0)
             exe-1050381 [002] ..... 1636808.294228: sys_write -> 0x57
             exe-1050282 [001] ..... 1636808.294253: sys_wait4 -> 0x10070d
             exe-1050282 [001] ..... 1636808.294257: sys_ptrace(request: 4204, pid: 10070d, addr: 1, data: c000a29c70)
             exe-1050282 [001] ..... 1636808.294262: sys_ptrace -> 0x0
             exe-1050282 [001] ..... 1636808.294263: sys_ptrace(request: 4204, pid: 10070d, addr: 202, data: c000a29c70)
             exe-1050282 [001] ..... 1636808.294266: sys_ptrace -> 0x0
             exe-1050282 [001] ..... 1636808.294275: sys_ptrace(request: 4205, pid: 10070d, addr: 1, data: c000a29c70)
             exe-1050282 [001] ..... 1636808.294278: sys_ptrace -> 0x0
             exe-1050282 [001] ..... 1636808.294280: sys_ptrace(request: 4205, pid: 10070d, addr: 202, data: c000a29c70)
             exe-1050282 [001] ..... 1636808.294293: sys_ptrace -> 0x0
             exe-1050282 [001] ..... 1636808.294295: sys_ptrace(request: 1f, pid: 10070d, addr: 0, data: 0)
             exe-1050282 [001] ..... 1636808.294305: sys_ptrace -> 0x0
             exe-1050282 [001] ..... 1636808.294308: sys_wait4(upid: 10070d, stat_addr: c000a29bf4, options: 40000002, ru: 0)
             exe-1049567 [002] ..... 1636808.294312: sys_nanosleep -> 0x0
             exe-1049567 [002] ..... 1636808.294318: sys_nanosleep(rqtp: c000069f10, rmtp: 0)
             exe-1050381 [002] ..... 1636808.294338: sys_splice -> 0xffffffffffffffea
             exe-1050282 [001] ..... 1636808.294364: sys_wait4 -> 0x10070d
             exe-1050282 [001] ..... 1636808.294368: sys_ptrace(request: 4204, pid: 10070d, addr: 1, data: c000a29c70)
             exe-1050282 [001] ..... 1636808.294372: sys_ptrace -> 0x0
             exe-1050282 [001] ..... 1636808.294374: sys_ptrace(request: 4204, pid: 10070d, addr: 202, data: c000a29c70)
             exe-1050282 [001] ..... 1636808.294377: sys_ptrace -> 0x0
             exe-1050282 [001] ..... 1636808.294390: sys_pwrite64(fd: 63, buf: 7fd66edf3080, count: 55, pos: 57)
             exe-1050282 [001] ..... 1636808.294393: tracing_mark_write: splice(fd_in=10, off_in=0x1, fd_out=10, off_out=0x7fc289839000, len=4, flags=0xe) end
             exe-1050282 [001] ..... 1636808.368255: tracing_mark_write: splice(fd_in=311, off_in=0x7fc287800000, fd_out=121, off_out=0x7fc288900000, len=0, flags=0xe) start
             exe-1050282 [001] ..... 1636808.368257: sys_pwrite64 -> 0x64
             exe-1050282 [001] ..... 1636808.368269: sys_ptrace(request: 4205, pid: 10070d, addr: 1, data: c000a29c70)
             exe-1050282 [001] ..... 1636808.368273: sys_ptrace -> 0x0
             exe-1050282 [001] ..... 1636808.368275: sys_ptrace(request: 4205, pid: 10070d, addr: 202, data: c000a29c70)
             exe-1050282 [001] ..... 1636808.368293: sys_ptrace -> 0x0
             exe-1050282 [001] ..... 1636808.368295: sys_ptrace(request: 1f, pid: 10070d, addr: 0, data: 0)
             exe-1049567 [003] ..... 1636808.368302: sys_nanosleep -> 0x0
             exe-1050282 [001] .N... 1636808.368306: sys_ptrace -> 0x0
             exe-1049567 [003] ..... 1636808.368308: sys_nanosleep(rqtp: c000069f10, rmtp: 0)
             exe-1050381 [001] ..... 1636808.368319: sys_write -> 0x64
             exe-1050282 [001] ..... 1636808.368345: sys_wait4(upid: 10070d, stat_addr: c000a29bf4, options: 40000002, ru: 0)
             exe-1050282 [001] ..... 1636808.368349: sys_wait4 -> 0x10070d
             exe-1050282 [001] ..... 1636808.368352: sys_ptrace(request: 4204, pid: 10070d, addr: 1, data: c000a29c70)
             exe-1050282 [001] ..... 1636808.368358: sys_ptrace -> 0x0
             exe-1050282 [001] ..... 1636808.368360: sys_ptrace(request: 4204, pid: 10070d, addr: 202, data: c000a29c70)
             exe-1050282 [001] ..... 1636808.368364: sys_ptrace -> 0x0
             exe-1050282 [001] ..... 1636808.368372: sys_ptrace(request: 4205, pid: 10070d, addr: 1, data: c000a29c70)
             exe-1050282 [001] ..... 1636808.368375: sys_ptrace -> 0x0
             exe-1050282 [001] ..... 1636808.368377: sys_ptrace(request: 4205, pid: 10070d, addr: 202, data: c000a29c70)
             exe-1050282 [001] ..... 1636808.368392: sys_ptrace -> 0x0
             exe-1050282 [001] ..... 1636808.368396: sys_ptrace(request: 1f, pid: 10070d, addr: 0, data: 0)
             exe-1050282 [001] .N... 1636808.368407: sys_ptrace -> 0x0
             exe-1050381 [001] ..... 1636808.368420: sys_splice -> 0x0
             exe-1049567 [003] ..... 1636808.368445: sys_nanosleep -> 0x0
             exe-1050282 [001] ..... 1636808.368446: sys_wait4(upid: 10070d, stat_addr: c000a29bf4, options: 40000002, ru: 0)
             exe-1050282 [001] ..... 1636808.368450: sys_wait4 -> 0x10070d
             exe-1049567 [003] ..... 1636808.368450: sys_nanosleep(rqtp: c000069f10, rmtp: 0)
             exe-1050282 [001] ..... 1636808.368453: sys_ptrace(request: 4204, pid: 10070d, addr: 1, data: c000a29c70)
             exe-1050282 [001] ..... 1636808.368458: sys_ptrace -> 0x0
             exe-1050282 [001] ..... 1636808.368460: sys_ptrace(request: 4204, pid: 10070d, addr: 202, data: c000a29c70)
             exe-1050282 [001] ..... 1636808.368465: sys_ptrace -> 0x0
             exe-1050282 [001] ..... 1636808.368480: sys_pwrite64(fd: 63, buf: 7fd66edf3080, count: 62, pos: 64)
             exe-1050282 [001] ..... 1636808.368482: tracing_mark_write: splice(fd_in=311, off_in=0x7fc287800000, fd_out=121, off_out=0x7fc288900000, len=0, flags=0xe) end
             exe-1050282 [001] ..... 1636808.441269: tracing_mark_write: splice(fd_in=311, off_in=0x1, fd_out=219, off_out=0x9, len=0xc0c0d, flags=0xf) start
             exe-1050282 [001] ..... 1636808.441271: sys_pwrite64 -> 0x54
             exe-1050282 [001] ..... 1636808.441282: sys_ptrace(request: 4205, pid: 10070d, addr: 1, data: c000a29c70)
             exe-1050282 [001] ..... 1636808.441285: sys_ptrace -> 0x0
             exe-1050282 [001] ..... 1636808.441287: sys_ptrace(request: 4205, pid: 10070d, addr: 202, data: c000a29c70)
             exe-1050282 [001] ..... 1636808.441303: sys_ptrace -> 0x0
             exe-1050282 [001] ..... 1636808.441305: sys_ptrace(request: 1f, pid: 10070d, addr: 0, data: 0)
             exe-1049673 [003] ..... 1636808.441312: sys_nanosleep -> 0x0
             exe-1050282 [001] .N... 1636808.441315: sys_ptrace -> 0x0
             exe-1049673 [003] ..... 1636808.441323: sys_nanosleep(rqtp: c000069f10, rmtp: 0)
             exe-1050381 [001] ..... 1636808.441326: sys_write -> 0x54
             exe-1050282 [001] ..... 1636808.441350: sys_wait4(upid: 10070d, stat_addr: c000a29bf4, options: 40000002, ru: 0)
             exe-1050282 [001] ..... 1636808.441354: sys_wait4 -> 0x10070d
             exe-1050282 [001] ..... 1636808.441357: sys_ptrace(request: 4204, pid: 10070d, addr: 1, data: c000a29c70)
             exe-1050282 [001] ..... 1636808.441362: sys_ptrace -> 0x0
             exe-1050282 [001] ..... 1636808.441364: sys_ptrace(request: 4204, pid: 10070d, addr: 202, data: c000a29c70)
             exe-1050282 [001] ..... 1636808.441367: sys_ptrace -> 0x0
             exe-1050282 [001] ..... 1636808.441398: sys_ptrace(request: 4205, pid: 10070d, addr: 1, data: c000a29c70)
             exe-1050282 [001] ..... 1636808.441403: sys_ptrace -> 0x0
             exe-1050282 [001] ..... 1636808.441407: sys_ptrace(request: 4205, pid: 10070d, addr: 202, data: c000a29c70)
             exe-1050282 [001] ..... 1636808.441422: sys_ptrace -> 0x0
             exe-1050282 [001] ..... 1636808.441424: sys_ptrace(request: 1f, pid: 10070d, addr: 0, data: 0)
             exe-1050282 [001] .N... 1636808.441433: sys_ptrace -> 0x0
             exe-1049673 [003] ..... 1636808.441434: sys_nanosleep -> 0x0
             exe-1049673 [003] ..... 1636808.441444: sys_nanosleep(rqtp: c000069f10, rmtp: 0)
             exe-1050381 [001] ..... 1636808.441448: sys_splice -> 0xfffffffffffffff7
             exe-1050282 [001] ..... 1636808.441474: sys_wait4(upid: 10070d, stat_addr: c000a29bf4, options: 40000002, ru: 0)
             exe-1050282 [001] ..... 1636808.441477: sys_wait4 -> 0x10070d
             exe-1050282 [001] ..... 1636808.441480: sys_ptrace(request: 4204, pid: 10070d, addr: 1, data: c000a29c70)
             exe-1050282 [001] ..... 1636808.441486: sys_ptrace -> 0x0
             exe-1050282 [001] ..... 1636808.441488: sys_ptrace(request: 4204, pid: 10070d, addr: 202, data: c000a29c70)
             exe-1050282 [001] ..... 1636808.441492: sys_ptrace -> 0x0
             exe-1050282 [001] ..... 1636808.441508: sys_pwrite64(fd: 63, buf: 7fd66edf3080, count: 52, pos: 54)
             exe-1050282 [001] ..... 1636808.441511: tracing_mark_write: splice(fd_in=311, off_in=0x1, fd_out=219, off_out=0x9, len=0xc0c0d, flags=0xf) end
             exe-1050008 [002] ..... 1636808.502033: tracing_mark_write: splice(fd_in=7, off_in=0x7fc289828000, fd_out=310, off_out=0x7fc287800000, len=8, flags=0xf) start
             exe-1050008 [002] ..... 1636808.502035: sys_pwrite64 -> 0x62
             exe-1050008 [002] ..... 1636808.502046: sys_ptrace(request: 4205, pid: 1005d0, addr: 1, data: c000a29c70)
             exe-1050008 [002] ..... 1636808.502049: sys_ptrace -> 0x0
             exe-1050008 [002] ..... 1636808.502050: sys_ptrace(request: 4205, pid: 1005d0, addr: 202, data: c000a29c70)
             exe-1050008 [002] ..... 1636808.502067: sys_ptrace -> 0x0
             exe-1050008 [002] ..... 1636808.502068: sys_ptrace(request: 1f, pid: 1005d0, addr: 0, data: 0)
             exe-1049567 [003] ..... 1636808.502070: sys_nanosleep -> 0x0
             exe-1050008 [002] ..... 1636808.502074: sys_ptrace -> 0x0
             exe-1050008 [002] ..... 1636808.502076: sys_wait4(upid: 1005d0, stat_addr: c000a29bf4, options: 40000002, ru: 0)
             exe-1049567 [003] ..... 1636808.502078: sys_nanosleep(rqtp: c000069f10, rmtp: 0)
             exe-1049673 [003] ..... 1636808.502107: sys_nanosleep -> 0x0
             exe-1049673 [003] ..... 1636808.502114: sys_nanosleep(rqtp: c000069f10, rmtp: 0)
             exe-1050064 [002] ..... 1636808.502145: sys_write -> 0x62
             exe-1050008 [002] ..... 1636808.502165: sys_wait4 -> 0x1005d0
             exe-1050008 [002] ..... 1636808.502170: sys_ptrace(request: 4204, pid: 1005d0, addr: 1, data: c000a29c70)
             exe-1050008 [002] ..... 1636808.502175: sys_ptrace -> 0x0
             exe-1050008 [002] ..... 1636808.502176: sys_ptrace(request: 4204, pid: 1005d0, addr: 202, data: c000a29c70)
             exe-1050008 [002] ..... 1636808.502179: sys_ptrace -> 0x0
             exe-1050008 [002] ..... 1636808.502189: sys_ptrace(request: 4205, pid: 1005d0, addr: 1, data: c000a29c70)
             exe-1050008 [002] ..... 1636808.502191: sys_ptrace -> 0x0
             exe-1050008 [002] ..... 1636808.502192: sys_ptrace(request: 4205, pid: 1005d0, addr: 202, data: c000a29c70)
             exe-1049673 [003] ..... 1636808.502239: sys_nanosleep -> 0x0
             exe-1049673 [003] ..... 1636808.502244: sys_nanosleep(rqtp: c000069f10, rmtp: 0)
             exe-1050008 [002] ..... 1636808.502267: sys_ptrace -> 0x0
             exe-1050008 [002] ..... 1636808.502271: sys_ptrace(request: 1f, pid: 1005d0, addr: 0, data: 0)
             exe-1050008 [002] ..... 1636808.502278: sys_ptrace -> 0x0
             exe-1050008 [002] ..... 1636808.502280: sys_wait4(upid: 1005d0, stat_addr: c000a29bf4, options: 40000002, ru: 0)
             exe-1050064 [002] ..... 1636808.502293: sys_splice -> 0xffffffffffffffea
             exe-1050008 [002] .N... 1636808.502332: sys_wait4 -> 0x1005d0
             exe-1050008 [002] ..... 1636808.502369: sys_ptrace(request: 4204, pid: 1005d0, addr: 1, data: c000a29c70)
             exe-1050008 [002] ..... 1636808.502373: sys_ptrace -> 0x0
             exe-1050008 [002] ..... 1636808.502375: sys_ptrace(request: 4204, pid: 1005d0, addr: 202, data: c000a29c70)
