             exe-1050282 [001] ..... 1636801.855078: sys_ptrace(request: 4204, pid: 10070d, addr: 202, data: c000a29c70)
             exe-1050282 [001] ..... 1636801.855080: sys_ptrace -> 0x0
             exe-1050282 [001] ..... 1636801.855085: sys_pwrite64(fd: 63, buf: 7fd66edf3080, count: 58, pos: 5a)
             exe-1050282 [001] ..... 1636801.855087: tracing_mark_write: splice(fd_in=283, off_in=0x1, fd_out=283, off_out=0x7fc287a00000, len=83, flags=0x2) end
             exe-1050282 [001] ..... 1636801.919524: tracing_mark_write: splice(fd_in=283, off_in=0x8, fd_out=283, off_out=0x7fc287800000, len=0, flags=0x2) start
             exe-1050282 [001] ..... 1636801.919526: sys_pwrite64 -> 0x59
             exe-1050282 [001] ..... 1636801.919530: sys_ptrace(request: 4205, pid: 10070d, addr: 1, data: c000a29c70)
             exe-1050282 [001] ..... 1636801.919533: sys_ptrace -> 0x0
             exe-1050282 [001] ..... 1636801.919534: sys_ptrace(request: 4205, pid: 10070d, addr: 202, data: c000a29c70)
             exe-1050282 [001] ..... 1636801.919541: sys_ptrace -> 0x0
             exe-1050282 [001] ..... 1636801.919543: sys_ptrace(request: 1f, pid: 10070d, addr: 0, data: 0)
             exe-1050282 [001] ..... 1636801.919549: sys_ptrace -> 0x0
             exe-1050282 [001] ..... 1636801.919551: sys_wait4(upid: 10070d, stat_addr: c000a29bf4, options: 40000002, ru: 0)
             exe-1050381 [000] ..... 1636801.919566: sys_write -> 0x59
             exe-1050282 [001] ..... 1636801.919588: sys_wait4 -> 0x10070d
             exe-1050282 [001] ..... 1636801.919590: sys_ptrace(request: 4204, pid: 10070d, addr: 1, data: c000a29c70)
             exe-1050282 [001] ..... 1636801.919593: sys_ptrace -> 0x0
             exe-1050282 [001] ..... 1636801.919594: sys_ptrace(request: 4204, pid: 10070d, addr: 202, data: c000a29c70)
             exe-1050282 [001] ..... 1636801.919596: sys_ptrace -> 0x0
             exe-1050282 [001] ..... 1636801.919600: sys_ptrace(request: 4205, pid: 10070d, addr: 1, data: c000a29c70)
             exe-1050282 [001] ..... 1636801.919603: sys_ptrace -> 0x0
             exe-1050282 [001] ..... 1636801.919605: sys_ptrace(request: 4205, pid: 10070d, addr: 202, data: c000a29c70)
             exe-1050282 [001] ..... 1636801.919610: sys_ptrace -> 0x0
             exe-1050282 [001] ..... 1636801.919612: sys_ptrace(request: 1f, pid: 10070d, addr: 0, data: 0)
             exe-1049673 [003] ..... 1636801.919613: sys_nanosleep -> 0x0
             exe-1049567 [000] ..... 1636801.919616: sys_nanosleep -> 0x0
             exe-1049673 [003] ..... 1636801.919617: sys_nanosleep(rqtp: c000069f10, rmtp: 0)
             exe-1050282 [001] ..... 1636801.919621: sys_ptrace -> 0x0
             exe-1050282 [001] ..... 1636801.919623: sys_wait4(upid: 10070d, stat_addr: c000a29bf4, options: 40000002, ru: 0)
             exe-1049567 [000] ..... 1636801.919632: sys_nanosleep(rqtp: c000069f10, rmtp: 0)
             exe-1050381 [000] ..... 1636801.919654: sys_splice -> 0x0
             exe-1050282 [001] ..... 1636801.919676: sys_wait4 -> 0x10070d
             exe-1050282 [001] ..... 1636801.919678: sys_ptrace(request: 4204, pid: 10070d, addr: 1, data: c000a29c70)
             exe-1050282 [001] ..... 1636801.919681: sys_ptrace -> 0x0
             exe-1050282 [001] ..... 1636801.919682: sys_ptrace(request: 4204, pid: 10070d, addr: 202, data: c000a29c70)
             exe-1050282 [001] ..... 1636801.919684: sys_ptrace -> 0x0
             exe-1050282 [001] ..... 1636801.919689: sys_pwrite64(fd: 63, buf: 7fd66edf3080, count: 57, pos: 59)
             exe-1050282 [001] ..... 1636801.919691: tracing_mark_write: splice(fd_in=283, off_in=0x8, fd_out=283, off_out=0x7fc287800000, len=0, flags=0x2) end
             exe-1050282 [001] ..... 1636801.994713: tracing_mark_write: splice(fd_in=22, off_in=0x0, fd_out=22, off_out=0x7fc287a00000, len=8, flags=0x3) start
             exe-1050282 [001] ..... 1636801.994715: sys_pwrite64 -> 0x57
             exe-1050282 [001] ..... 1636801.994720: sys_ptrace(request: 4205, pid: 10070d, addr: 1, data: c000a29c70)
             exe-1050282 [001] ..... 1636801.994722: sys_ptrace -> 0x0
             exe-1050282 [001] ..... 1636801.994723: sys_ptrace(request: 4205, pid: 10070d, addr: 202, data: c000a29c70)
             exe-1050282 [001] ..... 1636801.994730: sys_ptrace -> 0x0
             exe-1050282 [001] ..... 1636801.994732: sys_ptrace(request: 1f, pid: 10070d, addr: 0, data: 0)
             exe-1050282 [001] ..... 1636801.994738: sys_ptrace -> 0x0
             exe-1050282 [001] ..... 1636801.994740: sys_wait4(upid: 10070d, stat_addr: c000a29bf4, options: 40000002, ru: 0)
             exe-1050381 [000] ..... 1636801.994754: sys_write -> 0x57
             exe-1050282 [001] ..... 1636801.994775: sys_wait4 -> 0x10070d
             exe-1050282 [001] ..... 1636801.994777: sys_ptrace(request: 4204, pid: 10070d, addr: 1, data: c000a29c70)
             exe-1050282 [001] ..... 1636801.994779: sys_ptrace -> 0x0
             exe-1050282 [001] ..... 1636801.994780: sys_ptrace(request: 4204, pid: 10070d, addr: 202, data: c000a29c70)
             exe-1050282 [001] ..... 1636801.994783: sys_ptrace -> 0x0
             exe-1050282 [001] ..... 1636801.994808: sys_ptrace(request: 4205, pid: 10070d, addr: 1, data: c000a29c70)
             exe-1050282 [001] ..... 1636801.994810: sys_ptrace -> 0x0
             exe-1050282 [001] ..... 1636801.994812: sys_ptrace(request: 4205, pid: 10070d, addr: 202, data: c000a29c70)
             exe-1050282 [001] ..... 1636801.994818: sys_ptrace -> 0x0
             exe-1050282 [001] ..... 1636801.994820: sys_ptrace(request: 1f, pid: 10070d, addr: 0, data: 0)
             exe-1050282 [001] ..... 1636801.994825: sys_ptrace -> 0x0
             exe-1050282 [001] ..... 1636801.994827: sys_wait4(upid: 10070d, stat_addr: c000a29bf4, options: 40000002, ru: 0)
             exe-1050381 [000] ..... 1636801.994836: sys_splice -> 0xffffffffffffffea
             exe-1050282 [001] ..... 1636801.994854: sys_wait4 -> 0x10070d
             exe-1050282 [001] ..... 1636801.994856: sys_ptrace(request: 4204, pid: 10070d, addr: 1, data: c000a29c70)
             exe-1050282 [001] ..... 1636801.994858: sys_ptrace -> 0x0
             exe-1050282 [001] ..... 1636801.994860: sys_ptrace(request: 4204, pid: 10070d, addr: 202, data: c000a29c70)
             exe-1050282 [001] ..... 1636801.994862: sys_ptrace -> 0x0
             exe-1050282 [001] ..... 1636801.994867: sys_pwrite64(fd: 63, buf: 7fd66edf3080, count: 55, pos: 57)
             exe-1050282 [001] ..... 1636801.994869: tracing_mark_write: splice(fd_in=22, off_in=0x0, fd_out=22, off_out=0x7fc287a00000, len=8, flags=0x3) end
             exe-1050282 [001] ..... 1636802.081600: tracing_mark_write: splice(fd_in=22, off_in=0x7fc287800000, fd_out=22, off_out=0x7fc287800004, len=247, flags=0x3) start
             exe-1050282 [001] ..... 1636802.081601: sys_pwrite64 -> 0x64
             exe-1050282 [001] ..... 1636802.081606: sys_ptrace(request: 4205, pid: 10070d, addr: 1, data: c000a29c70)
             exe-1050282 [001] ..... 1636802.081608: sys_ptrace -> 0x0
             exe-1050282 [001] ..... 1636802.081609: sys_ptrace(request: 4205, pid: 10070d, addr: 202, data: c000a29c70)
             exe-1050282 [001] ..... 1636802.081615: sys_ptrace -> 0x0
             exe-1050282 [001] ..... 1636802.081617: sys_ptrace(request: 1f, pid: 10070d, addr: 0, data: 0)
             exe-1050282 [001] ..... 1636802.081622: sys_ptrace -> 0x0
             exe-1050282 [001] ..... 1636802.081624: sys_wait4(upid: 10070d, stat_addr: c000a29bf4, options: 40000002, ru: 0)
             exe-1050381 [000] ..... 1636802.081640: sys_write -> 0x64
             exe-1050282 [001] ..... 1636802.081658: sys_wait4 -> 0x10070d
             exe-1050282 [001] ..... 1636802.081660: sys_ptrace(request: 4204, pid: 10070d, addr: 1, data: c000a29c70)
             exe-1050282 [001] ..... 1636802.081666: sys_ptrace -> 0x0
             exe-1050282 [001] ..... 1636802.081667: sys_ptrace(request: 4204, pid: 10070d, addr: 202, data: c000a29c70)
             exe-1050282 [001] ..... 1636802.081669: sys_ptrace -> 0x0
             exe-1050282 [001] ..... 1636802.081675: sys_ptrace(request: 4205, pid: 10070d, addr: 1, data: c000a29c70)
             exe-1050282 [001] ..... 1636802.081677: sys_ptrace -> 0x0
             exe-1050282 [001] ..... 1636802.081678: sys_ptrace(request: 4205, pid: 10070d, addr: 202, data: c000a29c70)
             exe-1050282 [001] ..... 1636802.081683: sys_ptrace -> 0x0
             exe-1050282 [001] ..... 1636802.081685: sys_ptrace(request: 1f, pid: 10070d, addr: 0, data: 0)
             exe-1050282 [001] ..... 1636802.081689: sys_ptrace -> 0x0
             exe-1050282 [001] ..... 1636802.081691: sys_wait4(upid: 10070d, stat_addr: c000a29bf4, options: 40000002, ru: 0)
             exe-1050381 [000] ..... 1636802.081712: sys_splice -> 0xffffffffffffffea
             exe-1050282 [001] ..... 1636802.081729: sys_wait4 -> 0x10070d
             exe-1050282 [001] ..... 1636802.081732: sys_ptrace(request: 4204, pid: 10070d, addr: 1, data: c000a29c70)
             exe-1050282 [001] ..... 1636802.081738: sys_ptrace -> 0x0
             exe-1050282 [001] ..... 1636802.081739: sys_ptrace(request: 4204, pid: 10070d, addr: 202, data: c000a29c70)
             exe-1050282 [001] ..... 1636802.081741: sys_ptrace -> 0x0
             exe-1050282 [001] ..... 1636802.081746: sys_pwrite64(fd: 63, buf: 7fd66edf3080, count: 62, pos: 64)
             exe-1050282 [001] ..... 1636802.081747: tracing_mark_write: splice(fd_in=22, off_in=0x7fc287800000, fd_out=22, off_out=0x7fc287800004, len=247, flags=0x3) end
             exe-1050282 [001] ..... 1636802.157092: tracing_mark_write: splice(fd_in=178, off_in=0x7fc287600000, fd_out=178, off_out=0x7fc287600001, len=4, flags=0x3) start
             exe-1050282 [001] ..... 1636802.157093: sys_pwrite64 -> 0x64
             exe-1050282 [001] ..... 1636802.157097: sys_ptrace(request: 4205, pid: 10070d, addr: 1, data: c000a29c70)
             exe-1050282 [001] ..... 1636802.157099: sys_ptrace -> 0x0
             exe-1050282 [001] ..... 1636802.157100: sys_ptrace(request: 4205, pid: 10070d, addr: 202, data: c000a29c70)
             exe-1050282 [001] ..... 1636802.157106: sys_ptrace -> 0x0
             exe-1050282 [001] ..... 1636802.157107: sys_ptrace(request: 1f, pid: 10070d, addr: 0, data: 0)
             exe-1050282 [001] ..... 1636802.157112: sys_ptrace -> 0x0
             exe-1050282 [001] ..... 1636802.157114: sys_wait4(upid: 10070d, stat_addr: c000a29bf4, options: 40000002, ru: 0)
             exe-1050381 [000] ..... 1636802.157123: sys_write -> 0x64
             exe-1050282 [001] ..... 1636802.157135: sys_wait4 -> 0x10070d
             exe-1050282 [001] ..... 1636802.157137: sys_ptrace(request: 4204, pid: 10070d, addr: 1, data: c000a29c70)
             exe-1050282 [001] ..... 1636802.157139: sys_ptrace -> 0x0
             exe-1050282 [001] ..... 1636802.157140: sys_ptrace(request: 4204, pid: 10070d, addr: 202, data: c000a29c70)
             exe-1050282 [001] ..... 1636802.157141: sys_ptrace -> 0x0
             exe-1050282 [001] ..... 1636802.157146: sys_ptrace(request: 4205, pid: 10070d, addr: 1, data: c000a29c70)
             exe-1050282 [001] ..... 1636802.157148: sys_ptrace -> 0x0
             exe-1050282 [001] ..... 1636802.157149: sys_ptrace(request: 4205, pid: 10070d, addr: 202, data: c000a29c70)
             exe-1050282 [001] ..... 1636802.157154: sys_ptrace -> 0x0
             exe-1050282 [001] ..... 1636802.157155: sys_ptrace(request: 1f, pid: 10070d, addr: 0, data: 0)
             exe-1050282 [001] ..... 1636802.157159: sys_ptrace -> 0x0
             exe-1050282 [001] ..... 1636802.157161: sys_wait4(upid: 10070d, stat_addr: c000a29bf4, options: 40000002, ru: 0)
             exe-1050381 [000] ..... 1636802.157166: sys_splice -> 0xfffffffffffffff7
             exe-1050282 [001] ..... 1636802.157177: sys_wait4 -> 0x10070d
             exe-1050282 [001] ..... 1636802.157179: sys_ptrace(request: 4204, pid: 10070d, addr: 1, data: c000a29c70)
             exe-1050282 [001] ..... 1636802.157181: sys_ptrace -> 0x0
             exe-1050282 [001] ..... 1636802.157182: sys_ptrace(request: 4204, pid: 10070d, addr: 202, data: c000a29c70)
             exe-1050282 [001] ..... 1636802.157184: sys_ptrace -> 0x0
             exe-1050282 [001] ..... 1636802.157189: sys_pwrite64(fd: 63, buf: 7fd66edf3080, count: 62, pos: 64)
             exe-1050282 [001] ..... 1636802.157190: tracing_mark_write: splice(fd_in=178, off_in=0x7fc287600000, fd_out=178, off_out=0x7fc287600001, len=4, flags=0x3) end
             exe-1050282 [000] ..... 1636802.220467: tracing_mark_write: splice(fd_in=178, off_in=0x4, fd_out=178, off_out=0xc, len=4, flags=0x3) start
             exe-1050282 [000] ..... 1636802.220469: sys_pwrite64 -> 0x4e
             exe-1050282 [000] ..... 1636802.220476: sys_ptrace(request: 4205, pid: 10070d, addr: 1, data: c000a29c70)
             exe-1050282 [000] ..... 1636802.220479: sys_ptrace -> 0x0
             exe-1050282 [000] ..... 1636802.220480: sys_ptrace(request: 4205, pid: 10070d, addr: 202, data: c000a29c70)
             exe-1050282 [000] ..... 1636802.220494: sys_ptrace -> 0x0
             exe-1050282 [000] ..... 1636802.220496: sys_ptrace(request: 1f, pid: 10070d, addr: 0, data: 0)
             exe-1050282 [000] ..... 1636802.220504: sys_ptrace -> 0x0
             exe-1050282 [000] ..... 1636802.220506: sys_wait4(upid: 10070d, stat_addr: c000a29bf4, options: 40000002, ru: 0)
             exe-1050381 [000] ..... 1636802.220520: sys_write -> 0x4e
             exe-1049673 [002] ..... 1636802.220528: sys_nanosleep -> 0x0
             exe-1049673 [002] ..... 1636802.220530: sys_nanosleep(rqtp: c000069f10, rmtp: 0)
             exe-1050282 [000] ..... 1636802.220542: sys_wait4 -> 0x10070d
             exe-1050282 [000] ..... 1636802.220546: sys_ptrace(request: 4204, pid: 10070d, addr: 1, data: c000a29c70)
             exe-1050282 [000] ..... 1636802.220551: sys_ptrace -> 0x0
             exe-1050282 [000] ..... 1636802.220552: sys_ptrace(request: 4204, pid: 10070d, addr: 202, data: c000a29c70)
             exe-1050282 [000] ..... 1636802.220555: sys_ptrace -> 0x0
             exe-1050282 [000] ..... 1636802.220563: sys_ptrace(request: 4205, pid: 10070d, addr: 1, data: c000a29c70)
             exe-1050282 [000] ..... 1636802.220566: sys_ptrace -> 0x0
             exe-1050282 [000] ..... 1636802.220567: sys_ptrace(request: 4205, pid: 10070d, addr: 202, data: c000a29c70)
             exe-1050282 [000] ..... 1636802.220578: sys_ptrace -> 0x0
             exe-1050282 [000] ..... 1636802.220580: sys_ptrace(request: 1f, pid: 10070d, addr: 0, data: 0)
             exe-1050282 [000] ..... 1636802.220586: sys_ptrace -> 0x0
             exe-1050282 [000] ..... 1636802.220589: sys_wait4(upid: 10070d, stat_addr: c000a29bf4, options: 40000002, ru: 0)
             exe-1050381 [000] ..... 1636802.220602: sys_splice -> 0xfffffffffffffff7
             exe-1049673 [002] ..... 1636802.220622: sys_nanosleep -> 0x0
             exe-1050282 [000] ..... 1636802.220624: sys_wait4 -> 0x10070d
             exe-1049673 [002] ..... 1636802.220624: sys_nanosleep(rqtp: c000069f10, rmtp: 0)
             exe-1050282 [000] ..... 1636802.220628: sys_ptrace(request: 4204, pid: 10070d, addr: 1, data: c000a29c70)
             exe-1050282 [000] ..... 1636802.220632: sys_ptrace -> 0x0
             exe-1050282 [000] ..... 1636802.220634: sys_ptrace(request: 4204, pid: 10070d, addr: 202, data: c000a29c70)
             exe-1050282 [000] ..... 1636802.220636: sys_ptrace -> 0x0
             exe-1050282 [000] ..... 1636802.220646: sys_pwrite64(fd: 63, buf: 7fd66edf3080, count: 4c, pos: 4e)
             exe-1050282 [000] ..... 1636802.220648: tracing_mark_write: splice(fd_in=178, off_in=0x4, fd_out=178, off_out=0xc, len=4, flags=0x3) end
             exe-1050282 [000] ..... 1636802.295096: tracing_mark_write: splice(fd_in=178, off_in=0x0, fd_out=178, off_out=0x1, len=0, flags=0x3) start
             exe-1050282 [000] ..... 1636802.295098: sys_pwrite64 -> 0x4e
             exe-1050282 [000] ..... 1636802.295109: sys_ptrace(request: 4205, pid: 10070d, addr: 1, data: c000a29c70)
             exe-1050282 [000] ..... 1636802.295114: sys_ptrace -> 0x0
             exe-1050282 [000] ..... 1636802.295116: sys_ptrace(request: 4205, pid: 10070d, addr: 202, data: c000a29c70)
             exe-1050282 [000] ..... 1636802.295135: sys_ptrace -> 0x0
             exe-1050282 [000] ..... 1636802.295137: sys_ptrace(request: 1f, pid: 10070d, addr: 0, data: 0)
             exe-1049673 [002] ..... 1636802.295152: sys_nanosleep -> 0x0
             exe-1049673 [002] ..... 1636802.295154: sys_nanosleep(rqtp: c000069f10, rmtp: 0)
             exe-1050282 [000] .N... 1636802.295171: sys_ptrace -> 0x0
             exe-1050381 [000] ..... 1636802.295184: sys_write -> 0x4e
             exe-1049567 [000] ..... 1636802.295203: sys_nanosleep -> 0x0
             exe-1049567 [000] ..... 1636802.295209: sys_nanosleep(rqtp: c000069f10, rmtp: 0)
             exe-1050282 [000] ..... 1636802.295230: sys_wait4(upid: 10070d, stat_addr: c000a29bf4, options: 40000002, ru: 0)
             exe-1050282 [000] ..... 1636802.295233: sys_wait4 -> 0x10070d
             exe-1050282 [000] ..... 1636802.295235: sys_ptrace(request: 4204, pid: 10070d, addr: 1, data: c000a29c70)
             exe-1050282 [000] ..... 1636802.295239: sys_ptrace -> 0x0
             exe-1050282 [000] ..... 1636802.295241: sys_ptrace(request: 4204, pid: 10070d, addr: 202, data: c000a29c70)
             exe-1050282 [000] ..... 1636802.295243: sys_ptrace -> 0x0
             exe-1049673 [002] ..... 1636802.295245: sys_nanosleep -> 0x0
             exe-1049673 [002] ..... 1636802.295248: sys_nanosleep(rqtp: c000069f10, rmtp: 0)
             exe-1050282 [000] ..... 1636802.295250: sys_ptrace(request: 4205, pid: 10070d, addr: 1, data: c000a29c70)
             exe-1050282 [000] ..... 1636802.295253: sys_ptrace -> 0x0
             exe-1050282 [000] ..... 1636802.295254: sys_ptrace(request: 4205, pid: 10070d, addr: 202, data: c000a29c70)
             exe-1050282 [000] ..... 1636802.295266: sys_ptrace -> 0x0
             exe-1050282 [000] ..... 1636802.295268: sys_ptrace(request: 1f, pid: 10070d, addr: 0, data: 0)
             exe-1050282 [000] .N... 1636802.295273: sys_ptrace -> 0x0
             exe-1050381 [000] ..... 1636802.295283: sys_splice -> 0x0
             exe-1050282 [000] ..... 1636802.295303: sys_wait4(upid: 10070d, stat_addr: c000a29bf4, options: 40000002, ru: 0)
             exe-1050282 [000] ..... 1636802.295306: sys_wait4 -> 0x10070d
             exe-1050282 [000] ..... 1636802.295308: sys_ptrace(request: 4204, pid: 10070d, addr: 1, data: c000a29c70)
             exe-1050282 [000] ..... 1636802.295311: sys_ptrace -> 0x0
             exe-1050282 [000] ..... 1636802.295313: sys_ptrace(request: 4204, pid: 10070d, addr: 202, data: c000a29c70)
             exe-1050282 [000] ..... 1636802.295315: sys_ptrace -> 0x0
             exe-1050282 [000] ..... 1636802.295329: sys_pwrite64(fd: 63, buf: 7fd66edf3080, count: 4c, pos: 4e)
             exe-1050282 [000] ..... 1636802.295330: tracing_mark_write: splice(fd_in=178, off_in=0x0, fd_out=178, off_out=0x1, len=0, flags=0x3) end
             exe-1050282 [000] ..... 1636802.350451: tracing_mark_write: splice(fd_in=289, off_in=0x8, fd_out=371, off_out=0x10, len=0x3af70001, flags=0x4) start
             exe-1050282 [000] ..... 1636802.350453: sys_pwrite64 -> 0x58
             exe-1050282 [000] ..... 1636802.350461: sys_ptrace(request: 4205, pid: 10070d, addr: 1, data: c000a29c70)
             exe-1050282 [000] ..... 1636802.350464: sys_ptrace -> 0x0
             exe-1050282 [000] ..... 1636802.350465: sys_ptrace(request: 4205, pid: 10070d, addr: 202, data: c000a29c70)
             exe-1050282 [000] ..... 1636802.350478: sys_ptrace -> 0x0
             exe-1050282 [000] ..... 1636802.350480: sys_ptrace(request: 1f, pid: 10070d, addr: 0, data: 0)
             exe-1050282 [000] .N... 1636802.350484: sys_ptrace -> 0x0
             exe-1050381 [000] ..... 1636802.350495: sys_write -> 0x58
             exe-1049673 [002] ..... 1636802.350503: sys_nanosleep -> 0x0
             exe-1049673 [002] ..... 1636802.350508: sys_nanosleep(rqtp: c000069f10, rmtp: 0)
             exe-1049567 [000] ..... 1636802.350544: sys_nanosleep -> 0x0
             exe-1049567 [000] ..... 1636802.350550: sys_nanosleep(rqtp: c000069f10, rmtp: 0)
             exe-1050282 [000] ..... 1636802.350565: sys_wait4(upid: 10070d, stat_addr: c000a29bf4, options: 40000002, ru: 0)
             exe-1050282 [000] ..... 1636802.350567: sys_wait4 -> 0x10070d
             exe-1050282 [000] ..... 1636802.350569: sys_ptrace(request: 4204, pid: 10070d, addr: 1, data: c000a29c70)
             exe-1050282 [000] ..... 1636802.350573: sys_ptrace -> 0x0
             exe-1050282 [000] ..... 1636802.350575: sys_ptrace(request: 4204, pid: 10070d, addr: 202, data: c000a29c70)
             exe-1050282 [000] ..... 1636802.350578: sys_ptrace -> 0x0
             exe-1050282 [000] ..... 1636802.350589: sys_ptrace(request: 4205, pid: 10070d, addr: 1, data: c000a29c70)
             exe-1050282 [000] ..... 1636802.350591: sys_ptrace -> 0x0
             exe-1050282 [000] ..... 1636802.350593: sys_ptrace(request: 4205, pid: 10070d, addr: 202, data: c000a29c70)
             exe-1049673 [002] ..... 1636802.350599: sys_nanosleep -> 0x0
             exe-1049673 [002] ..... 1636802.350602: sys_nanosleep(rqtp: c000069f10, rmtp: 0)
             exe-1050282 [000] ..... 1636802.350605: sys_ptrace -> 0x0
             exe-1050282 [000] ..... 1636802.350607: sys_ptrace(request: 1f, pid: 10070d, addr: 0, data: 0)
             exe-1050282 [000] .N... 1636802.350611: sys_ptrace -> 0x0
             exe-1050381 [000] ..... 1636802.350621: sys_splice -> 0xfffffffffffffff7
             exe-1049567 [000] ..... 1636802.350665: sys_nanosleep -> 0x0
             exe-1049567 [000] ..... 1636802.350671: sys_nanosleep(rqtp: c000069f10, rmtp: 0)
             exe-1049673 [002] ..... 1636802.350685: sys_nanosleep -> 0x0
             exe-1049673 [002] ..... 1636802.350687: sys_nanosleep(rqtp: c000069f10, rmtp: 0)
             exe-1050282 [000] ..... 1636802.350691: sys_wait4(upid: 10070d, stat_addr: c000a29bf4, options: 40000002, ru: 0)
             exe-1050282 [000] ..... 1636802.350694: sys_wait4 -> 0x10070d
             exe-1050282 [000] ..... 1636802.350696: sys_ptrace(request: 4204, pid: 10070d, addr: 1, data: c000a29c70)
             exe-1050282 [000] ..... 1636802.350700: sys_ptrace -> 0x0
             exe-1050282 [000] ..... 1636802.350702: sys_ptrace(request: 4204, pid: 10070d, addr: 202, data: c000a29c70)
             exe-1050282 [000] ..... 1636802.350705: sys_ptrace -> 0x0
             exe-1050282 [000] ..... 1636802.350720: sys_pwrite64(fd: 63, buf: 7fd66edf3080, count: 56, pos: 58)
             exe-1050282 [000] ..... 1636802.350721: tracing_mark_write: splice(fd_in=289, off_in=0x8, fd_out=371, off_out=0x10, len=0x3af70001, flags=0x4) end
             exe-1050282 [000] ..... 1636802.428650: tracing_mark_write: splice(fd_in=289, off_in=0x7fc287800000, fd_out=275, off_out=0x7fc287800008, len=18, flags=0x4) start
             exe-1050282 [000] ..... 1636802.428652: sys_pwrite64 -> 0x65
             exe-1050282 [000] ..... 1636802.428659: sys_ptrace(request: 4205, pid: 10070d, addr: 1, data: c000a29c70)
             exe-1050282 [000] ..... 1636802.428662: sys_ptrace -> 0x0
             exe-1050282 [000] ..... 1636802.428663: sys_ptrace(request: 4205, pid: 10070d, addr: 202, data: c000a29c70)
             exe-1049567 [001] ..... 1636802.428679: sys_nanosleep -> 0x0
             exe-1049567 [001] ..... 1636802.428681: sys_nanosleep(rqtp: c000069f10, rmtp: 0)
             exe-1049673 [003] ..... 1636802.428731: sys_nanosleep -> 0x0
             exe-1049673 [003] ..... 1636802.428733: sys_nanosleep(rqtp: c000069f10, rmtp: 0)
             exe-1050282 [000] ..... 1636802.428739: sys_ptrace -> 0x0
             exe-1050282 [000] ..... 1636802.428742: sys_ptrace(request: 1f, pid: 10070d, addr: 0, data: 0)
             exe-1050282 [000] .N... 1636802.428750: sys_ptrace -> 0x0
             exe-1050381 [000] ..... 1636802.428762: sys_write -> 0x65
             exe-1049567 [001] ..... 1636802.428771: sys_nanosleep -> 0x0
             exe-1049567 [001] ..... 1636802.428773: sys_nanosleep(rqtp: c000069f10, rmtp: 0)
             exe-1050282 [000] ..... 1636802.428785: sys_wait4(upid: 10070d, stat_addr: c000a29bf4, options: 40000002, ru: 0)
             exe-1050282 [000] ..... 1636802.428789: sys_wait4 -> 0x10070d
             exe-1050282 [000] ..... 1636802.428791: sys_ptrace(request: 4204, pid: 10070d, addr: 1, data: c000a29c70)
             exe-1050282 [000] ..... 1636802.428795: sys_ptrace -> 0x0
             exe-1050282 [000] ..... 1636802.428797: sys_ptrace(request: 4204, pid: 10070d, addr: 202, data: c000a29c70)
             exe-1050282 [000] ..... 1636802.428800: sys_ptrace -> 0x0
             exe-1050282 [000] ..... 1636802.428810: sys_ptrace(request: 4205, pid: 10070d, addr: 1, data: c000a29c70)
             exe-1050282 [000] ..... 1636802.428813: sys_ptrace -> 0x0
             exe-1050282 [000] ..... 1636802.428815: sys_ptrace(request: 4205, pid: 10070d, addr: 202, data: c000a29c70)
             exe-1050282 [000] ..... 1636802.428826: sys_ptrace -> 0x0
             exe-1050282 [000] ..... 1636802.428828: sys_ptrace(request: 1f, pid: 10070d, addr: 0, data: 0)
             exe-1050282 [000] .N... 1636802.428835: sys_ptrace -> 0x0
             exe-1050381 [000] ..... 1636802.428846: sys_splice -> 0xfffffffffffffff7
             exe-1049567 [001] ..... 1636802.428863: sys_nanosleep -> 0x0
             exe-1049567 [001] ..... 1636802.428865: sys_nanosleep(rqtp: c000069f10, rmtp: 0)
             exe-1050282 [000] ..... 1636802.428867: sys_wait4(upid: 10070d, stat_addr: c000a29bf4, options: 40000002, ru: 0)
             exe-1050282 [000] ..... 1636802.428869: sys_wait4 -> 0x10070d
             exe-1050282 [000] ..... 1636802.428872: sys_ptrace(request: 4204, pid: 10070d, addr: 1, data: c000a29c70)
             exe-1050282 [000] ..... 1636802.428876: sys_ptrace -> 0x0
             exe-1050282 [000] ..... 1636802.428877: sys_ptrace(request: 4204, pid: 10070d, addr: 202, data: c000a29c70)
             exe-1050282 [000] ..... 1636802.428880: sys_ptrace -> 0x0
             exe-1050282 [000] ..... 1636802.428890: sys_pwrite64(fd: 63, buf: 7fd66edf3080, count: 63, pos: 65)
             exe-1050282 [000] ..... 1636802.428892: tracing_mark_write: splice(fd_in=289, off_in=0x7fc287800000, fd_out=275, off_out=0x7fc287800008, len=18, flags=0x4) end
             exe-1050282 [000] ..... 1636802.509168: tracing_mark_write: splice(fd_in=289, off_in=0x1, fd_out=289, off_out=0x7fc287d00000, len=0x20000000, flags=0x4) start
             exe-1050282 [000] ..... 1636802.509170: sys_pwrite64 -> 0x62
             exe-1050282 [000] ..... 1636802.509177: sys_ptrace(request: 4205, pid: 10070d, addr: 1, data: c000a29c70)
             exe-1050282 [000] ..... 1636802.509180: sys_ptrace -> 0x0
             exe-1050282 [000] ..... 1636802.509182: sys_ptrace(request: 4205, pid: 10070d, addr: 202, data: c000a29c70)
             exe-1050282 [000] ..... 1636802.509194: sys_ptrace -> 0x0
             exe-1050282 [000] ..... 1636802.509196: sys_ptrace(request: 1f, pid: 10070d, addr: 0, data: 0)
             exe-1050282 [000] .N... 1636802.509204: sys_ptrace -> 0x0
             exe-1049673 [003] ..... 1636802.509205: sys_nanosleep -> 0x0
             exe-1049673 [003] ..... 1636802.509211: sys_nanosleep(rqtp: c000069f10, rmtp: 0)
             exe-1050381 [000] ..... 1636802.509215: sys_write -> 0x62
             exe-1049567 [002] ..... 1636802.509235: sys_nanosleep -> 0x0
             exe-1050282 [000] ..... 1636802.509235: sys_wait4(upid: 10070d, stat_addr: c000a29bf4, options: 40000002, ru: 0)
             exe-1050282 [000] ..... 1636802.509238: sys_wait4 -> 0x10070d
             exe-1049567 [002] ..... 1636802.509240: sys_nanosleep(rqtp: c000069f10, rmtp: 0)
             exe-1050282 [000] ..... 1636802.509241: sys_ptrace(request: 4204, pid: 10070d, addr: 1, data: c000a29c70)
             exe-1050282 [000] ..... 1636802.509244: sys_ptrace -> 0x0
             exe-1050282 [000] ..... 1636802.509246: sys_ptrace(request: 4204, pid: 10070d, addr: 202, data: c000a29c70)
             exe-1050282 [000] ..... 1636802.509249: sys_ptrace -> 0x0
             exe-1050282 [000] ..... 1636802.509258: sys_ptrace(request: 4205, pid: 10070d, addr: 1, data: c000a29c70)
             exe-1050282 [000] ..... 1636802.509260: sys_ptrace -> 0x0
             exe-1050282 [000] ..... 1636802.509262: sys_ptrace(request: 4205, pid: 10070d, addr: 202, data: c000a29c70)
             exe-1050282 [000] ..... 1636802.509272: sys_ptrace -> 0x0
             exe-1050282 [000] ..... 1636802.509274: sys_ptrace(request: 1f, pid: 10070d, addr: 0, data: 0)
             exe-1050282 [000] .N... 1636802.509282: sys_ptrace -> 0x0
             exe-1050381 [000] ..... 1636802.509293: sys_splice -> 0xfffffffffffffff7
             exe-1049673 [003] ..... 1636802.509305: sys_nanosleep -> 0x0
             exe-1049673 [003] ..... 1636802.509307: sys_nanosleep(rqtp: c000069f10, rmtp: 0)
             exe-1050282 [000] ..... 1636802.509313: sys_wait4(upid: 10070d, stat_addr: c000a29bf4, options: 40000002, ru: 0)
             exe-1050282 [000] ..... 1636802.509316: sys_wait4 -> 0x10070d
             exe-1050282 [000] ..... 1636802.509318: sys_ptrace(request: 4204, pid: 10070d, addr: 1, data: c000a29c70)
             exe-1050282 [000] ..... 1636802.509322: sys_ptrace -> 0x0
             exe-1050282 [000] ..... 1636802.509324: sys_ptrace(request: 4204, pid: 10070d, addr: 202, data: c000a29c70)
             exe-1050282 [000] ..... 1636802.509326: sys_ptrace -> 0x0
             exe-1050282 [000] ..... 1636802.509338: sys_pwrite64(fd: 63, buf: 7fd66edf3080, count: 60, pos: 62)
             exe-1050282 [000] ..... 1636802.509341: tracing_mark_write: splice(fd_in=289, off_in=0x1, fd_out=289, off_out=0x7fc287d00000, len=0x20000000, flags=0x4) end
             exe-1050282 [000] ..... 1636802.585749: tracing_mark_write: splice(fd_in=375, off_in=0x0, fd_out=358, off_out=0x7fc289500000, len=0x108001, flags=0x4) start
             exe-1050282 [000] ..... 1636802.585751: sys_pwrite64 -> 0x60
             exe-1049673 [001] ..... 1636802.585752: sys_nanosleep(rqtp: c000069f10, rmtp: 0)
             exe-1050282 [000] ..... 1636802.585758: sys_ptrace(request: 4205, pid: 10070d, addr: 1, data: c000a29c70)
             exe-1050282 [000] ..... 1636802.585761: sys_ptrace -> 0x0
             exe-1050282 [000] ..... 1636802.585763: sys_ptrace(request: 4205, pid: 10070d, addr: 202, data: c000a29c70)
             exe-1050282 [000] ..... 1636802.585775: sys_ptrace -> 0x0
             exe-1050282 [000] ..... 1636802.585776: sys_ptrace(request: 1f, pid: 10070d, addr: 0, data: 0)
             exe-1050282 [000] .N... 1636802.585784: sys_ptrace -> 0x0
             exe-1050381 [000] ..... 1636802.585796: sys_write -> 0x60
             exe-1049567 [002] ..... 1636802.585801: sys_nanosleep -> 0x0
             exe-1049567 [002] ..... 1636802.585805: sys_nanosleep(rqtp: c000069f10, rmtp: 0)
             exe-1050282 [000] ..... 1636802.585816: sys_wait4(upid: 10070d, stat_addr: c000a29bf4, options: 40000002, ru: 0)
             exe-1050282 [000] ..... 1636802.585819: sys_wait4 -> 0x10070d
             exe-1050282 [000] ..... 1636802.585822: sys_ptrace(request: 4204, pid: 10070d, addr: 1, data: c000a29c70)
             exe-1050282 [000] ..... 1636802.585825: sys_ptrace -> 0x0
             exe-1050282 [000] ..... 1636802.585827: sys_ptrace(request: 4204, pid: 10070d, addr: 202, data: c000a29c70)
             exe-1050282 [000] ..... 1636802.585830: sys_ptrace -> 0x0
             exe-1050282 [000] ..... 1636802.585840: sys_ptrace(request: 4205, pid: 10070d, addr: 1, data: c000a29c70)
             exe-1049673 [001] ..... 1636802.585841: sys_nanosleep -> 0x0
             exe-1050282 [000] ..... 1636802.585843: sys_ptrace -> 0x0
             exe-1049673 [001] ..... 1636802.585843: sys_nanosleep(rqtp: c000069f10, rmtp: 0)
             exe-1050282 [000] ..... 1636802.585844: sys_ptrace(request: 4205, pid: 10070d, addr: 202, data: c000a29c70)
             exe-1050282 [000] ..... 1636802.585855: sys_ptrace -> 0x0
             exe-1050282 [000] ..... 1636802.585857: sys_ptrace(request: 1f, pid: 10070d, addr: 0, data: 0)
             exe-1050282 [000] .N... 1636802.585865: sys_ptrace -> 0x0
             exe-1050381 [000] ..... 1636802.585876: sys_splice -> 0xffffffffffffffea
             exe-1050282 [000] ..... 1636802.585896: sys_wait4(upid: 10070d, stat_addr: c000a29bf4, options: 40000002, ru: 0)
             exe-1050282 [000] ..... 1636802.585899: sys_wait4 -> 0x10070d
             exe-1050282 [000] ..... 1636802.585901: sys_ptrace(request: 4204, pid: 10070d, addr: 1, data: c000a29c70)
             exe-1050282 [000] ..... 1636802.585904: sys_ptrace -> 0x0
             exe-1050282 [000] ..... 1636802.585906: sys_ptrace(request: 4204, pid: 10070d, addr: 202, data: c000a29c70)
             exe-1050282 [000] ..... 1636802.585909: sys_ptrace -> 0x0
             exe-1050282 [000] ..... 1636802.585918: sys_pwrite64(fd: 63, buf: 7fd66edf3080, count: 5e, pos: 60)
             exe-1050282 [000] ..... 1636802.585920: tracing_mark_write: splice(fd_in=375, off_in=0x0, fd_out=358, off_out=0x7fc289500000, len=0x108001, flags=0x4) end
             exe-1050282 [000] ..... 1636802.657421: tracing_mark_write: splice(fd_in=375, off_in=0x0, fd_out=375, off_out=0x7fc289828000, len=8, flags=0x4) start
             exe-1050282 [000] ..... 1636802.657422: sys_pwrite64 -> 0x59
             exe-1049673 [001] ..... 1636802.657428: sys_nanosleep -> 0x0
             exe-1050282 [000] ..... 1636802.657429: sys_ptrace(request: 4205, pid: 10070d, addr: 1, data: c000a29c70)
             exe-1049673 [001] ..... 1636802.657431: sys_nanosleep(rqtp: c000069f10, rmtp: 0)
             exe-1050282 [000] ..... 1636802.657431: sys_ptrace -> 0x0
             exe-1050282 [000] ..... 1636802.657433: sys_ptrace(request: 4205, pid: 10070d, addr: 202, data: c000a29c70)
             exe-1050282 [000] ..... 1636802.657444: sys_ptrace -> 0x0
             exe-1050282 [000] ..... 1636802.657446: sys_ptrace(request: 1f, pid: 10070d, addr: 0, data: 0)
             exe-1050282 [000] .N... 1636802.657454: sys_ptrace -> 0x0
             exe-1050381 [000] ..... 1636802.657464: sys_write -> 0x59
             exe-1050282 [000] ..... 1636802.657483: sys_wait4(upid: 10070d, stat_addr: c000a29bf4, options: 40000002, ru: 0)
             exe-1050282 [000] ..... 1636802.657486: sys_wait4 -> 0x10070d
             exe-1050282 [000] ..... 1636802.657488: sys_ptrace(request: 4204, pid: 10070d, addr: 1, data: c000a29c70)
             exe-1050282 [000] ..... 1636802.657491: sys_ptrace -> 0x0
             exe-1050282 [000] ..... 1636802.657493: sys_ptrace(request: 4204, pid: 10070d, addr: 202, data: c000a29c70)
             exe-1050282 [000] ..... 1636802.657496: sys_ptrace -> 0x0
             exe-1050282 [000] ..... 1636802.657504: sys_ptrace(request: 4205, pid: 10070d, addr: 1, data: c000a29c70)
             exe-1050282 [000] ..... 1636802.657507: sys_ptrace -> 0x0
             exe-1050282 [000] ..... 1636802.657508: sys_ptrace(request: 4205, pid: 10070d, addr: 202, data: c000a29c70)
             exe-1050282 [000] ..... 1636802.657518: sys_ptrace -> 0x0
             exe-1049673 [001] ..... 1636802.657519: sys_nanosleep -> 0x0
             exe-1050282 [000] ..... 1636802.657519: sys_ptrace(request: 1f, pid: 10070d, addr: 0, data: 0)
             exe-1049673 [001] ..... 1636802.657522: sys_nanosleep(rqtp: c000069f10, rmtp: 0)
             exe-1050282 [000] .N... 1636802.657526: sys_ptrace -> 0x0
             exe-1050381 [000] ..... 1636802.657537: sys_splice -> 0xffffffffffffffea
             exe-1049567 [002] ..... 1636802.657544: sys_nanosleep -> 0x0
             exe-1049567 [002] ..... 1636802.657551: sys_nanosleep(rqtp: c000069f10, rmtp: 0)
             exe-1050282 [000] ..... 1636802.657555: sys_wait4(upid: 10070d, stat_addr: c000a29bf4, options: 40000002, ru: 0)
             exe-1050282 [000] ..... 1636802.657558: sys_wait4 -> 0x10070d
             exe-1050282 [000] ..... 1636802.657560: sys_ptrace(request: 4204, pid: 10070d, addr: 1, data: c000a29c70)
             exe-1050282 [000] ..... 1636802.657564: sys_ptrace -> 0x0
             exe-1050282 [000] ..... 1636802.657565: sys_ptrace(request: 4204, pid: 10070d, addr: 202, data: c000a29c70)
             exe-1050282 [000] ..... 1636802.657568: sys_ptrace -> 0x0
             exe-1050282 [000] ..... 1636802.657577: sys_pwrite64(fd: 63, buf: 7fd66edf3080, count: 57, pos: 59)
             exe-1050282 [000] ..... 1636802.657578: tracing_mark_write: splice(fd_in=375, off_in=0x0, fd_out=375, off_out=0x7fc289828000, len=8, flags=0x4) end
             exe-1050282 [000] ..... 1636802.740459: tracing_mark_write: splice(fd_in=375, off_in=0x7fc287800000, fd_out=281, off_out=0x7fc287800008, len=1, flags=0x4) start
             exe-1050282 [000] ..... 1636802.740461: sys_pwrite64 -> 0x64
             exe-1049567 [001] ..... 1636802.740461: sys_nanosleep(rqtp: c000069f10, rmtp: 0)
             exe-1050282 [000] ..... 1636802.740466: sys_ptrace(request: 4205, pid: 10070d, addr: 1, data: c000a29c70)
             exe-1050282 [000] ..... 1636802.740469: sys_ptrace -> 0x0
             exe-1050282 [000] ..... 1636802.740470: sys_ptrace(request: 4205, pid: 10070d, addr: 202, data: c000a29c70)
             exe-1050282 [000] ..... 1636802.740481: sys_ptrace -> 0x0
             exe-1050282 [000] ..... 1636802.740482: sys_ptrace(request: 1f, pid: 10070d, addr: 0, data: 0)
             exe-1049673 [001] ..... 1636802.740483: sys_nanosleep -> 0x0
             exe-1049673 [001] ..... 1636802.740489: sys_nanosleep(rqtp: c000069f10, rmtp: 0)
             exe-1050282 [000] .N... 1636802.740489: sys_ptrace -> 0x0
             exe-1050381 [000] ..... 1636802.740498: sys_write -> 0x64
             exe-1050282 [000] ..... 1636802.740515: sys_wait4(upid: 10070d, stat_addr: c000a29bf4, options: 40000002, ru: 0)
             exe-1050282 [000] ..... 1636802.740518: sys_wait4 -> 0x10070d
             exe-1050282 [000] ..... 1636802.740520: sys_ptrace(request: 4204, pid: 10070d, addr: 1, data: c000a29c70)
             exe-1050282 [000] ..... 1636802.740523: sys_ptrace -> 0x0
             exe-1050282 [000] ..... 1636802.740525: sys_ptrace(request: 4204, pid: 10070d, addr: 202, data: c000a29c70)
             exe-1050282 [000] ..... 1636802.740527: sys_ptrace -> 0x0
             exe-1050282 [000] ..... 1636802.740535: sys_ptrace(request: 4205, pid: 10070d, addr: 1, data: c000a29c70)
             exe-1050282 [000] ..... 1636802.740537: sys_ptrace -> 0x0
             exe-1050282 [000] ..... 1636802.740538: sys_ptrace(request: 4205, pid: 10070d, addr: 202, data: c000a29c70)
             exe-1050282 [000] ..... 1636802.740547: sys_ptrace -> 0x0
             exe-1050282 [000] ..... 1636802.740548: sys_ptrace(request: 1f, pid: 10070d, addr: 0, data: 0)
             exe-1050282 [000] .N... 1636802.740554: sys_ptrace -> 0x0
             exe-1050381 [000] ..... 1636802.740563: sys_splice -> 0xffffffffffffffea
             exe-1049567 [001] ..... 1636802.740564: sys_nanosleep -> 0x0
             exe-1049567 [001] ..... 1636802.740570: sys_nanosleep(rqtp: c000069f10, rmtp: 0)
             exe-1050282 [000] ..... 1636802.740579: sys_wait4(upid: 10070d, stat_addr: c000a29bf4, options: 40000002, ru: 0)
             exe-1050282 [000] ..... 1636802.740581: sys_wait4 -> 0x10070d
             exe-1050282 [000] ..... 1636802.740584: sys_ptrace(request: 4204, pid: 10070d, addr: 1, data: c000a29c70)
             exe-1050282 [000] ..... 1636802.740587: sys_ptrace -> 0x0
             exe-1050282 [000] ..... 1636802.740588: sys_ptrace(request: 4204, pid: 10070d, addr: 202, data: c000a29c70)
             exe-1050282 [000] ..... 1636802.740590: sys_ptrace -> 0x0
             exe-1049673 [001] ..... 1636802.740593: sys_nanosleep -> 0x0
             exe-1049673 [001] ..... 1636802.740598: sys_nanosleep(rqtp: c000069f10, rmtp: 0)
             exe-1050282 [000] ..... 1636802.740599: sys_pwrite64(fd: 63, buf: 7fd66edf3080, count: 62, pos: 64)
             exe-1050282 [000] ..... 1636802.740600: tracing_mark_write: splice(fd_in=375, off_in=0x7fc287800000, fd_out=281, off_out=0x7fc287800008, len=1, flags=0x4) end
             exe-1050282 [000] ..... 1636802.796923: tracing_mark_write: splice(fd_in=375, off_in=0x7fc289839000, fd_out=281, off_out=0x7fc289839008, len=8, flags=0x4) start
             exe-1050282 [000] ..... 1636802.796925: sys_pwrite64 -> 0x64
             exe-1049567 [001] ..... 1636802.796935: sys_nanosleep -> 0x0
             exe-1050282 [000] ..... 1636802.796935: sys_ptrace(request: 4205, pid: 10070d, addr: 1, data: c000a29c70)
             exe-1050282 [000] ..... 1636802.796939: sys_ptrace -> 0x0
             exe-1049567 [001] ..... 1636802.796940: sys_nanosleep(rqtp: c000069f10, rmtp: 0)
             exe-1050282 [000] ..... 1636802.796941: sys_ptrace(request: 4205, pid: 10070d, addr: 202, data: c000a29c70)
             exe-1050282 [000] ..... 1636802.796961: sys_ptrace -> 0x0
             exe-1050282 [000] ..... 1636802.796963: sys_ptrace(request: 1f, pid: 10070d, addr: 0, data: 0)
             exe-1050282 [000] .N... 1636802.796974: sys_ptrace -> 0x0
             exe-1050381 [000] ..... 1636802.796988: sys_write -> 0x64
             exe-1050282 [000] ..... 1636802.797014: sys_wait4(upid: 10070d, stat_addr: c000a29bf4, options: 40000002, ru: 0)
             exe-1050282 [000] ..... 1636802.797018: sys_wait4 -> 0x10070d
             exe-1050282 [000] ..... 1636802.797022: sys_ptrace(request: 4204, pid: 10070d, addr: 1, data: c000a29c70)
             exe-1050282 [000] ..... 1636802.797028: sys_ptrace -> 0x0
             exe-1050282 [000] ..... 1636802.797030: sys_ptrace(request: 4204, pid: 10070d, addr: 202, data: c000a29c70)
             exe-1049567 [001] ..... 1636802.797033: sys_nanosleep -> 0x0
             exe-1050282 [000] ..... 1636802.797034: sys_ptrace -> 0x0
             exe-1049567 [001] ..... 1636802.797036: sys_nanosleep(rqtp: c000069f10, rmtp: 0)
             exe-1050282 [000] ..... 1636802.797050: sys_ptrace(request: 4205, pid: 10070d, addr: 1, data: c000a29c70)
             exe-1050282 [000] ..... 1636802.797053: sys_ptrace -> 0x0
             exe-1050282 [000] ..... 1636802.797056: sys_ptrace(request: 4205, pid: 10070d, addr: 202, data: c000a29c70)
             exe-1050282 [000] ..... 1636802.797072: sys_ptrace -> 0x0
             exe-1050282 [000] ..... 1636802.797074: sys_ptrace(request: 1f, pid: 10070d, addr: 0, data: 0)
             exe-1050282 [000] .N... 1636802.797085: sys_ptrace -> 0x0
             exe-1050381 [000] ..... 1636802.797098: sys_splice -> 0xffffffffffffffea
             exe-1049567 [001] ..... 1636802.797121: sys_nanosleep -> 0x0
             exe-1049567 [001] ..... 1636802.797124: sys_nanosleep(rqtp: c000069f10, rmtp: 0)
             exe-1050282 [000] ..... 1636802.797125: sys_wait4(upid: 10070d, stat_addr: c000a29bf4, options: 40000002, ru: 0)
             exe-1050282 [000] ..... 1636802.797128: sys_wait4 -> 0x10070d
             exe-1050282 [000] ..... 1636802.797131: sys_ptrace(request: 4204, pid: 10070d, addr: 1, data: c000a29c70)
             exe-1050282 [000] ..... 1636802.797137: sys_ptrace -> 0x0
             exe-1050282 [000] ..... 1636802.797139: sys_ptrace(request: 4204, pid: 10070d, addr: 202, data: c000a29c70)
             exe-1050282 [000] ..... 1636802.797142: sys_ptrace -> 0x0
             exe-1050282 [000] ..... 1636802.797161: sys_pwrite64(fd: 63, buf: 7fd66edf3080, count: 62, pos: 64)
             exe-1050282 [000] ..... 1636802.797165: tracing_mark_write: splice(fd_in=375, off_in=0x7fc289839000, fd_out=281, off_out=0x7fc289839008, len=8, flags=0x4) end
             exe-1050282 [000] ..... 1636802.865719: tracing_mark_write: splice(fd_in=281, off_in=0x1, fd_out=362, off_out=0x7fc287a00000, len=1605, flags=0x4) start
             exe-1050282 [000] ..... 1636802.865721: sys_pwrite64 -> 0x5c
             exe-1050282 [000] ..... 1636802.865728: sys_ptrace(request: 4205, pid: 10070d, addr: 1, data: c000a29c70)
             exe-1050282 [000] ..... 1636802.865731: sys_ptrace -> 0x0
             exe-1050282 [000] ..... 1636802.865732: sys_ptrace(request: 4205, pid: 10070d, addr: 202, data: c000a29c70)
             exe-1050282 [000] ..... 1636802.865745: sys_ptrace -> 0x0
             exe-1050282 [000] ..... 1636802.865747: sys_ptrace(request: 1f, pid: 10070d, addr: 0, data: 0)
             exe-1050282 [000] .N... 1636802.865755: sys_ptrace -> 0x0
             exe-1050381 [000] ..... 1636802.865766: sys_write -> 0x5c
             exe-1049567 [001] ..... 1636802.865769: sys_nanosleep -> 0x0
             exe-1049567 [001] ..... 1636802.865774: sys_nanosleep(rqtp: c000069f10, rmtp: 0)
             exe-1050282 [000] ..... 1636802.865786: sys_wait4(upid: 10070d, stat_addr: c000a29bf4, options: 40000002, ru: 0)
             exe-1050282 [000] ..... 1636802.865789: sys_wait4 -> 0x10070d
             exe-1050282 [000] ..... 1636802.865792: sys_ptrace(request: 4204, pid: 10070d, addr: 1, data: c000a29c70)
             exe-1050282 [000] ..... 1636802.865796: sys_ptrace -> 0x0
             exe-1050282 [000] ..... 1636802.865798: sys_ptrace(request: 4204, pid: 10070d, addr: 202, data: c000a29c70)
             exe-1049673 [001] ..... 1636802.865798: sys_nanosleep -> 0x0
             exe-1050282 [000] ..... 1636802.865801: sys_ptrace -> 0x0
             exe-1049673 [001] ..... 1636802.865804: sys_nanosleep(rqtp: c000069f10, rmtp: 0)
             exe-1050282 [000] ..... 1636802.865809: sys_ptrace(request: 4205, pid: 10070d, addr: 1, data: c000a29c70)
             exe-1050282 [000] ..... 1636802.865812: sys_ptrace -> 0x0
             exe-1050282 [000] ..... 1636802.865814: sys_ptrace(request: 4205, pid: 10070d, addr: 202, data: c000a29c70)
             exe-1050282 [000] ..... 1636802.865824: sys_ptrace -> 0x0
             exe-1050282 [000] ..... 1636802.865826: sys_ptrace(request: 1f, pid: 10070d, addr: 0, data: 0)
             exe-1050282 [000] .N... 1636802.865835: sys_ptrace -> 0x0
             exe-1050381 [000] ..... 1636802.865846: sys_splice -> 0xffffffffffffffea
             exe-1050282 [000] ..... 1636802.865866: sys_wait4(upid: 10070d, stat_addr: c000a29bf4, options: 40000002, ru: 0)
             exe-1050282 [000] ..... 1636802.865868: sys_wait4 -> 0x10070d
             exe-1050282 [000] ..... 1636802.865871: sys_ptrace(request: 4204, pid: 10070d, addr: 1, data: c000a29c70)
             exe-1050282 [000] ..... 1636802.865875: sys_ptrace -> 0x0
             exe-1050282 [000] ..... 1636802.865876: sys_ptrace(request: 4204, pid: 10070d, addr: 202, data: c000a29c70)
             exe-1050282 [000] ..... 1636802.865879: sys_ptrace -> 0x0
             exe-1049567 [001] ..... 1636802.865882: sys_nanosleep -> 0x0
             exe-1049567 [001] ..... 1636802.865888: sys_nanosleep(rqtp: c000069f10, rmtp: 0)
             exe-1050282 [000] ..... 1636802.865888: sys_pwrite64(fd: 63, buf: 7fd66edf3080, count: 5a, pos: 5c)
             exe-1050282 [000] ..... 1636802.865891: tracing_mark_write: splice(fd_in=281, off_in=0x1, fd_out=362, off_out=0x7fc287a00000, len=1605, flags=0x4) end
             exe-1050282 [000] ..... 1636802.924964: tracing_mark_write: splice(fd_in=362, off_in=0x1, fd_out=280, off_out=0x7fc289500000, len=1, flags=0x4) start
             exe-1050282 [000] ..... 1636802.924966: sys_pwrite64 -> 0x59
             exe-1050282 [000] ..... 1636802.924973: sys_ptrace(request: 4205, pid: 10070d, addr: 1, data: c000a29c70)
             exe-1050282 [000] ..... 1636802.924976: sys_ptrace -> 0x0
             exe-1050282 [000] ..... 1636802.924977: sys_ptrace(request: 4205, pid: 10070d, addr: 202, data: c000a29c70)
             exe-1050282 [000] ..... 1636802.924990: sys_ptrace -> 0x0
             exe-1050282 [000] ..... 1636802.924992: sys_ptrace(request: 1f, pid: 10070d, addr: 0, data: 0)
             exe-1050282 [000] .N... 1636802.925000: sys_ptrace -> 0x0
             exe-1050381 [000] ..... 1636802.925011: sys_write -> 0x59
             exe-1050282 [000] ..... 1636802.925031: sys_wait4(upid: 10070d, stat_addr: c000a29bf4, options: 40000002, ru: 0)
             exe-1050282 [000] ..... 1636802.925034: sys_wait4 -> 0x10070d
             exe-1050282 [000] ..... 1636802.925037: sys_ptrace(request: 4204, pid: 10070d, addr: 1, data: c000a29c70)
             exe-1050282 [000] ..... 1636802.925040: sys_ptrace -> 0x0
             exe-1050282 [000] ..... 1636802.925042: sys_ptrace(request: 4204, pid: 10070d, addr: 202, data: c000a29c70)
             exe-1050282 [000] ..... 1636802.925045: sys_ptrace -> 0x0
             exe-1049567 [002] ..... 1636802.925137: sys_nanosleep -> 0x0
             exe-1049567 [002] ..... 1636802.925144: sys_nanosleep(rqtp: c000069f10, rmtp: 0)
             exe-1050282 [000] ..... 1636802.925158: sys_ptrace(request: 4205, pid: 10070d, addr: 1, data: c000a29c70)
             exe-1049673 [002] ..... 1636802.925160: sys_nanosleep -> 0x0
             exe-1050282 [000] ..... 1636802.925163: sys_ptrace -> 0x0
             exe-1050282 [000] ..... 1636802.925165: sys_ptrace(request: 4205, pid: 10070d, addr: 202, data: c000a29c70)
             exe-1049673 [002] ..... 1636802.925167: sys_nanosleep(rqtp: c000069f10, rmtp: 0)
             exe-1050282 [000] ..... 1636802.925178: sys_ptrace -> 0x0
             exe-1050282 [000] ..... 1636802.925180: sys_ptrace(request: 1f, pid: 10070d, addr: 0, data: 0)
