             exe-1050008 [000] ..... 1636822.230695: tracing_mark_write: statfs(pathname="/victims/usr/share/perl/5.34.0/Test2/API", buf=0x0) start
             exe-1050008 [000] ..... 1636822.230704: sys_pwrite64 -> 0x4a
             exe-1050008 [000] ..... 1636822.230711: sys_ptrace(request: 4205, pid: 1005d0, addr: 1, data: c0022e3c70)
             exe-1050008 [000] ..... 1636822.230714: sys_ptrace -> 0x0
             exe-1050008 [000] ..... 1636822.230715: sys_ptrace(request: 4205, pid: 1005d0, addr: 202, data: c0022e3c70)
             exe-1050008 [000] ..... 1636822.230728: sys_ptrace -> 0x0
             exe-1050008 [000] ..... 1636822.230729: sys_ptrace(request: 1f, pid: 1005d0, addr: 0, data: 0)
             exe-1050008 [000] .N... 1636822.230736: sys_ptrace -> 0x0
             exe-1050064 [000] ..... 1636822.230745: sys_write -> 0x4a
             exe-1050008 [000] ..... 1636822.230771: sys_wait4(upid: 1005d0, stat_addr: c0022e3bf4, options: 40000002, ru: 0)
             exe-1050008 [000] ..... 1636822.230773: sys_wait4 -> 0x1005d0
             exe-1050008 [000] ..... 1636822.230775: sys_ptrace(request: 4204, pid: 1005d0, addr: 1, data: c0022e3c70)
             exe-1050008 [000] ..... 1636822.230778: sys_ptrace -> 0x0
             exe-1050008 [000] ..... 1636822.230779: sys_ptrace(request: 4204, pid: 1005d0, addr: 202, data: c0022e3c70)
             exe-1050008 [000] ..... 1636822.230781: sys_ptrace -> 0x0
             exe-1050008 [000] ..... 1636822.230853: sys_ptrace(request: 4205, pid: 1005d0, addr: 1, data: c0022e3c70)
             exe-1050008 [000] ..... 1636822.230855: sys_ptrace -> 0x0
             exe-1050008 [000] ..... 1636822.230856: sys_ptrace(request: 4205, pid: 1005d0, addr: 202, data: c0022e3c70)
             exe-1050008 [000] ..... 1636822.230867: sys_ptrace -> 0x0
             exe-1050008 [000] ..... 1636822.230868: sys_ptrace(request: 1f, pid: 1005d0, addr: 0, data: 0)
             exe-1050008 [000] .N... 1636822.230874: sys_ptrace -> 0x0
             exe-1050064 [000] ..... 1636822.230892: sys_statfs -> 0xfffffffffffffff2
             exe-1050008 [000] ..... 1636822.230910: sys_wait4(upid: 1005d0, stat_addr: c0022e3bf4, options: 40000002, ru: 0)
             exe-1050008 [000] ..... 1636822.230912: sys_wait4 -> 0x1005d0
             exe-1050008 [000] ..... 1636822.230913: sys_ptrace(request: 4204, pid: 1005d0, addr: 1, data: c0022e3c70)
             exe-1050008 [000] ..... 1636822.230916: sys_ptrace -> 0x0
             exe-1050008 [000] ..... 1636822.230917: sys_ptrace(request: 4204, pid: 1005d0, addr: 202, data: c0022e3c70)
             exe-1050008 [000] ..... 1636822.230919: sys_ptrace -> 0x0
             exe-1050008 [000] ..... 1636822.230931: sys_pwrite64(fd: 63, buf: 7fd66eda5080, count: 48, pos: 4a)
             exe-1050008 [000] ..... 1636822.230932: tracing_mark_write: statfs(pathname="/victims/usr/share/perl/5.34.0/Test2/API", buf=0x0) end
             exe-1050008 [000] ..... 1636822.295915: tracing_mark_write: statfs(pathname=".//victims/proc/self/root/usr/share/X11/locale/zh_TW.UTF-8", buf=0x8) start
             exe-1050008 [000] ..... 1636822.295916: sys_pwrite64 -> 0x5c
             exe-1050008 [000] ..... 1636822.295921: sys_ptrace(request: 4205, pid: 1005d0, addr: 1, data: c0022e3c70)
             exe-1050008 [000] ..... 1636822.295923: sys_ptrace -> 0x0
             exe-1050008 [000] ..... 1636822.295924: sys_ptrace(request: 4205, pid: 1005d0, addr: 202, data: c0022e3c70)
             exe-1050008 [000] ..... 1636822.295936: sys_ptrace -> 0x0
             exe-1050008 [000] ..... 1636822.295937: sys_ptrace(request: 1f, pid: 1005d0, addr: 0, data: 0)
             exe-1050008 [000] .N... 1636822.295950: sys_ptrace -> 0x0
             exe-1050064 [000] ..... 1636822.295959: sys_write -> 0x5c
             exe-1049673 [000] ..... 1636822.295990: sys_nanosleep -> 0x0
             exe-1049673 [000] ..... 1636822.295995: sys_nanosleep(rqtp: c000069f10, rmtp: 0)
             exe-1050008 [000] ..... 1636822.296015: sys_wait4(upid: 1005d0, stat_addr: c0022e3bf4, options: 40000002, ru: 0)
             exe-1050008 [000] ..... 1636822.296018: sys_wait4 -> 0x1005d0
             exe-1050008 [000] ..... 1636822.296019: sys_ptrace(request: 4204, pid: 1005d0, addr: 1, data: c0022e3c70)
             exe-1050008 [000] ..... 1636822.296022: sys_ptrace -> 0x0
             exe-1050008 [000] ..... 1636822.296023: sys_ptrace(request: 4204, pid: 1005d0, addr: 202, data: c0022e3c70)
             exe-1050008 [000] ..... 1636822.296025: sys_ptrace -> 0x0
             exe-1050008 [000] ..... 1636822.296057: sys_ptrace(request: 4205, pid: 1005d0, addr: 1, data: c0022e3c70)
             exe-1050008 [000] ..... 1636822.296059: sys_ptrace -> 0x0
             exe-1050008 [000] ..... 1636822.296060: sys_ptrace(request: 4205, pid: 1005d0, addr: 202, data: c0022e3c70)
             exe-1050008 [000] ..... 1636822.296073: sys_ptrace -> 0x0
             exe-1050008 [000] ..... 1636822.296074: sys_ptrace(request: 1f, pid: 1005d0, addr: 0, data: 0)
             exe-1050008 [000] .N... 1636822.296081: sys_ptrace -> 0x0
             exe-1050064 [000] ..... 1636822.296089: sys_statfs -> 0xfffffffffffffffe
             exe-1050008 [000] ..... 1636822.296104: sys_wait4(upid: 1005d0, stat_addr: c0022e3bf4, options: 40000002, ru: 0)
             exe-1050008 [000] ..... 1636822.296106: sys_wait4 -> 0x1005d0
             exe-1050008 [000] ..... 1636822.296107: sys_ptrace(request: 4204, pid: 1005d0, addr: 1, data: c0022e3c70)
             exe-1050008 [000] ..... 1636822.296110: sys_ptrace -> 0x0
             exe-1050008 [000] ..... 1636822.296111: sys_ptrace(request: 4204, pid: 1005d0, addr: 202, data: c0022e3c70)
             exe-1050008 [000] ..... 1636822.296112: sys_ptrace -> 0x0
             exe-1050008 [000] ..... 1636822.296121: sys_pwrite64(fd: 63, buf: 7fd66eda5080, count: 5a, pos: 5c)
             exe-1050008 [000] ..... 1636822.296123: tracing_mark_write: statfs(pathname=".//victims/proc/self/root/usr/share/X11/locale/zh_TW.UTF-8", buf=0x8) end
             exe-1050008 [000] ..... 1636822.357927: tracing_mark_write: statfs(pathname="/victims/proc/3864/task/3864/fd", buf=0x8) start
             exe-1050008 [000] ..... 1636822.357928: sys_pwrite64 -> 0x41
             exe-1050008 [000] ..... 1636822.357933: sys_ptrace(request: 4205, pid: 1005d0, addr: 1, data: c0022e3c70)
             exe-1050008 [000] ..... 1636822.357935: sys_ptrace -> 0x0
             exe-1050008 [000] ..... 1636822.357936: sys_ptrace(request: 4205, pid: 1005d0, addr: 202, data: c0022e3c70)
             exe-1050008 [000] ..... 1636822.357949: sys_ptrace -> 0x0
             exe-1050008 [000] ..... 1636822.357950: sys_ptrace(request: 1f, pid: 1005d0, addr: 0, data: 0)
             exe-1050008 [000] .N... 1636822.357973: sys_ptrace -> 0x0
             exe-1050064 [000] ..... 1636822.357981: sys_write -> 0x41
             exe-1049673 [000] ..... 1636822.357995: sys_nanosleep -> 0x0
             exe-1049673 [000] ..... 1636822.358000: sys_nanosleep(rqtp: c000069f10, rmtp: 0)
             exe-1049567 [003] ..... 1636822.358008: sys_nanosleep -> 0x0
             exe-1049567 [003] ..... 1636822.358009: sys_nanosleep(rqtp: c000069f10, rmtp: 0)
             exe-1050008 [000] ..... 1636822.358021: sys_wait4(upid: 1005d0, stat_addr: c0022e3bf4, options: 40000002, ru: 0)
             exe-1050008 [000] ..... 1636822.358023: sys_wait4 -> 0x1005d0
             exe-1050008 [000] ..... 1636822.358025: sys_ptrace(request: 4204, pid: 1005d0, addr: 1, data: c0022e3c70)
             exe-1050008 [000] ..... 1636822.358029: sys_ptrace -> 0x0
             exe-1050008 [000] ..... 1636822.358030: sys_ptrace(request: 4204, pid: 1005d0, addr: 202, data: c0022e3c70)
             exe-1050008 [000] ..... 1636822.358031: sys_ptrace -> 0x0
             exe-1049673 [000] ..... 1636822.358099: sys_nanosleep -> 0x0
             exe-1049673 [000] ..... 1636822.358104: sys_nanosleep(rqtp: c000069f10, rmtp: 0)
             exe-1049567 [003] ..... 1636822.358119: sys_nanosleep -> 0x0
             exe-1049567 [003] ..... 1636822.358121: sys_nanosleep(rqtp: c000069f10, rmtp: 0)
             exe-1049673 [000] ..... 1636822.358199: sys_nanosleep -> 0x0
             exe-1049673 [000] ..... 1636822.358203: sys_nanosleep(rqtp: c000069f10, rmtp: 0)
             exe-1050008 [000] ..... 1636822.358258: sys_ptrace(request: 4205, pid: 1005d0, addr: 1, data: c0022e3c70)
             exe-1050008 [000] ..... 1636822.358261: sys_ptrace -> 0x0
             exe-1050008 [000] ..... 1636822.358263: sys_ptrace(request: 4205, pid: 1005d0, addr: 202, data: c0022e3c70)
             exe-1049567 [003] ..... 1636822.358264: sys_nanosleep -> 0x0
             exe-1049567 [003] ..... 1636822.358265: sys_nanosleep(rqtp: c000069f10, rmtp: 0)
             exe-1049673 [000] ..... 1636822.358301: sys_nanosleep -> 0x0
             exe-1049673 [000] ..... 1636822.358305: sys_nanosleep(rqtp: c000069f10, rmtp: 0)
             exe-1050008 [000] ..... 1636822.358320: sys_ptrace -> 0x0
             exe-1050008 [000] ..... 1636822.358323: sys_ptrace(request: 1f, pid: 1005d0, addr: 0, data: 0)
             exe-1050008 [000] .N... 1636822.358328: sys_ptrace -> 0x0
             exe-1050064 [000] ..... 1636822.358336: sys_statfs -> 0xfffffffffffffff2
             exe-1050008 [000] ..... 1636822.358352: sys_wait4(upid: 1005d0, stat_addr: c0022e3bf4, options: 40000002, ru: 0)
             exe-1050008 [000] ..... 1636822.358354: sys_wait4 -> 0x1005d0
             exe-1050008 [000] ..... 1636822.358355: sys_ptrace(request: 4204, pid: 1005d0, addr: 1, data: c0022e3c70)
             exe-1050008 [000] ..... 1636822.358358: sys_ptrace -> 0x0
             exe-1050008 [000] ..... 1636822.358359: sys_ptrace(request: 4204, pid: 1005d0, addr: 202, data: c0022e3c70)
             exe-1050008 [000] ..... 1636822.358361: sys_ptrace -> 0x0
             exe-1050008 [000] ..... 1636822.358372: sys_pwrite64(fd: 63, buf: 7fd66eda5080, count: 3f, pos: 41)
             exe-1050008 [000] ..... 1636822.358374: tracing_mark_write: statfs(pathname="/victims/proc/3864/task/3864/fd", buf=0x8) end
             exe-1050008 [000] ..... 1636822.413649: tracing_mark_write: statfs(pathname="/victims/proc/self/root/usr/lib/x86_64-linux-gnu/perl-base/Scalar", buf=0x4) start
             exe-1050008 [000] ..... 1636822.413651: sys_pwrite64 -> 0x63
             exe-1050008 [000] ..... 1636822.413657: sys_ptrace(request: 4205, pid: 1005d0, addr: 1, data: c0022e3c70)
             exe-1050008 [000] ..... 1636822.413660: sys_ptrace -> 0x0
             exe-1050008 [000] ..... 1636822.413662: sys_ptrace(request: 4205, pid: 1005d0, addr: 202, data: c0022e3c70)
             exe-1050008 [000] ..... 1636822.413673: sys_ptrace -> 0x0
             exe-1049567 [003] ..... 1636822.413674: sys_nanosleep -> 0x0
             exe-1050008 [000] ..... 1636822.413675: sys_ptrace(request: 1f, pid: 1005d0, addr: 0, data: 0)
             exe-1049567 [003] ..... 1636822.413677: sys_nanosleep(rqtp: c000069f10, rmtp: 0)
             exe-1050008 [000] .N... 1636822.413683: sys_ptrace -> 0x0
             exe-1050064 [000] ..... 1636822.413694: sys_write -> 0x63
             exe-1050008 [000] ..... 1636822.413716: sys_wait4(upid: 1005d0, stat_addr: c0022e3bf4, options: 40000002, ru: 0)
             exe-1050008 [000] ..... 1636822.413719: sys_wait4 -> 0x1005d0
             exe-1050008 [000] ..... 1636822.413722: sys_ptrace(request: 4204, pid: 1005d0, addr: 1, data: c0022e3c70)
             exe-1050008 [000] ..... 1636822.413727: sys_ptrace -> 0x0
             exe-1050008 [000] ..... 1636822.413729: sys_ptrace(request: 4204, pid: 1005d0, addr: 202, data: c0022e3c70)
             exe-1050008 [000] ..... 1636822.413735: sys_ptrace -> 0x0
             exe-1049567 [003] ..... 1636822.413784: sys_nanosleep -> 0x0
             exe-1049567 [003] ..... 1636822.413787: sys_nanosleep(rqtp: c000069f10, rmtp: 0)
             exe-1049567 [003] ..... 1636822.413879: sys_nanosleep -> 0x0
             exe-1049567 [003] ..... 1636822.413881: sys_nanosleep(rqtp: c000069f10, rmtp: 0)
             exe-1050008 [000] ..... 1636822.413961: sys_ptrace(request: 4205, pid: 1005d0, addr: 1, data: c0022e3c70)
             exe-1050008 [000] ..... 1636822.413966: sys_ptrace -> 0x0
             exe-1050008 [000] ..... 1636822.413969: sys_ptrace(request: 4205, pid: 1005d0, addr: 202, data: c0022e3c70)
             exe-1050008 [000] ..... 1636822.413988: sys_ptrace -> 0x0
             exe-1050008 [000] ..... 1636822.413992: sys_ptrace(request: 1f, pid: 1005d0, addr: 0, data: 0)
             exe-1049567 [003] ..... 1636822.414004: sys_nanosleep -> 0x0
             exe-1050008 [000] .N... 1636822.414005: sys_ptrace -> 0x0
             exe-1049567 [003] ..... 1636822.414007: sys_nanosleep(rqtp: c000069f10, rmtp: 0)
             exe-1050064 [000] ..... 1636822.414020: sys_statfs -> 0xfffffffffffffff2
             exe-1050008 [000] ..... 1636822.414050: sys_wait4(upid: 1005d0, stat_addr: c0022e3bf4, options: 40000002, ru: 0)
             exe-1050008 [000] ..... 1636822.414054: sys_wait4 -> 0x1005d0
             exe-1050008 [000] ..... 1636822.414059: sys_ptrace(request: 4204, pid: 1005d0, addr: 1, data: c0022e3c70)
             exe-1050008 [000] ..... 1636822.414065: sys_ptrace -> 0x0
             exe-1050008 [000] ..... 1636822.414067: sys_ptrace(request: 4204, pid: 1005d0, addr: 202, data: c0022e3c70)
             exe-1050008 [000] ..... 1636822.414073: sys_ptrace -> 0x0
             exe-1050008 [000] ..... 1636822.414091: sys_pwrite64(fd: 63, buf: 7fd66eda5080, count: 61, pos: 63)
             exe-1050008 [000] ..... 1636822.414097: tracing_mark_write: statfs(pathname="/victims/proc/self/root/usr/lib/x86_64-linux-gnu/perl-base/Scalar", buf=0x4) end
             exe-1050008 [000] ..... 1636822.472964: tracing_mark_write: statfs(pathname="/victims/proc/self/root/usr/lib/terminfo/l", buf=0x1) start
             exe-1050008 [000] ..... 1636822.472966: sys_pwrite64 -> 0x4c
             exe-1050008 [000] ..... 1636822.472974: sys_ptrace(request: 4205, pid: 1005d0, addr: 1, data: c0022e3c70)
             exe-1050008 [000] ..... 1636822.472976: sys_ptrace -> 0x0
             exe-1050008 [000] ..... 1636822.472978: sys_ptrace(request: 4205, pid: 1005d0, addr: 202, data: c0022e3c70)
             exe-1050008 [000] ..... 1636822.472991: sys_ptrace -> 0x0
             exe-1050008 [000] ..... 1636822.472993: sys_ptrace(request: 1f, pid: 1005d0, addr: 0, data: 0)
             exe-1050008 [000] .N... 1636822.472999: sys_ptrace -> 0x0
             exe-1050064 [000] ..... 1636822.473008: sys_write -> 0x4c
             exe-1050008 [000] ..... 1636822.473029: sys_wait4(upid: 1005d0, stat_addr: c0022e3bf4, options: 40000002, ru: 0)
             exe-1050008 [000] ..... 1636822.473032: sys_wait4 -> 0x1005d0
             exe-1050008 [000] ..... 1636822.473034: sys_ptrace(request: 4204, pid: 1005d0, addr: 1, data: c0022e3c70)
             exe-1050008 [000] ..... 1636822.473038: sys_ptrace -> 0x0
             exe-1050008 [000] ..... 1636822.473039: sys_ptrace(request: 4204, pid: 1005d0, addr: 202, data: c0022e3c70)
             exe-1050008 [000] ..... 1636822.473041: sys_ptrace -> 0x0
             exe-1049673 [001] ..... 1636822.473061: sys_nanosleep -> 0x0
             exe-1049673 [001] ..... 1636822.473067: sys_nanosleep(rqtp: c000069f10, rmtp: 0)
             exe-1049567 [003] ..... 1636822.473151: sys_nanosleep -> 0x0
             exe-1049567 [003] ..... 1636822.473159: sys_nanosleep(rqtp: c000069f10, rmtp: 0)
             exe-1050008 [000] ..... 1636822.473186: sys_ptrace(request: 4205, pid: 1005d0, addr: 1, data: c0022e3c70)
             exe-1049673 [001] ..... 1636822.473189: sys_nanosleep -> 0x0
             exe-1050008 [000] ..... 1636822.473190: sys_ptrace -> 0x0
             exe-1050008 [000] ..... 1636822.473191: sys_ptrace(request: 4205, pid: 1005d0, addr: 202, data: c0022e3c70)
             exe-1049673 [001] ..... 1636822.473195: sys_nanosleep(rqtp: c000069f10, rmtp: 0)
             exe-1050008 [000] ..... 1636822.473206: sys_ptrace -> 0x0
             exe-1050008 [000] ..... 1636822.473208: sys_ptrace(request: 1f, pid: 1005d0, addr: 0, data: 0)
             exe-1050008 [000] .N... 1636822.473218: sys_ptrace -> 0x0
             exe-1050064 [000] ..... 1636822.473229: sys_statfs -> 0xfffffffffffffff2
             exe-1050008 [000] ..... 1636822.473252: sys_wait4(upid: 1005d0, stat_addr: c0022e3bf4, options: 40000002, ru: 0)
             exe-1050008 [000] ..... 1636822.473255: sys_wait4 -> 0x1005d0
             exe-1050008 [000] ..... 1636822.473257: sys_ptrace(request: 4204, pid: 1005d0, addr: 1, data: c0022e3c70)
             exe-1050008 [000] ..... 1636822.473261: sys_ptrace -> 0x0
             exe-1050008 [000] ..... 1636822.473262: sys_ptrace(request: 4204, pid: 1005d0, addr: 202, data: c0022e3c70)
             exe-1050008 [000] ..... 1636822.473265: sys_ptrace -> 0x0
             exe-1050008 [000] ..... 1636822.473276: sys_pwrite64(fd: 63, buf: 7fd66eda5080, count: 4a, pos: 4c)
             exe-1050008 [000] ..... 1636822.473278: tracing_mark_write: statfs(pathname="/victims/proc/self/root/usr/lib/terminfo/l", buf=0x1) end
             exe-1050008 [002] ..... 1636822.555037: tracing_mark_write: statfs(pathname="/victims/proc/self/root/usr/share/X11/locale", buf=0x0) start
             exe-1050008 [002] ..... 1636822.555050: sys_pwrite64 -> 0x4e
             exe-1050008 [002] ..... 1636822.555059: sys_ptrace(request: 4205, pid: 1005d0, addr: 1, data: c0022e3c70)
             exe-1050008 [002] ..... 1636822.555062: sys_ptrace -> 0x0
             exe-1050008 [002] ..... 1636822.555063: sys_ptrace(request: 4205, pid: 1005d0, addr: 202, data: c0022e3c70)
             exe-1049673 [003] ..... 1636822.555066: sys_nanosleep -> 0x0
             exe-1049673 [003] ..... 1636822.555069: sys_nanosleep(rqtp: c000069f10, rmtp: 0)
             exe-1050008 [002] ..... 1636822.555074: sys_ptrace -> 0x0
             exe-1050008 [002] ..... 1636822.555076: sys_ptrace(request: 1f, pid: 1005d0, addr: 0, data: 0)
             exe-1050008 [002] .N... 1636822.555080: sys_ptrace -> 0x0
             exe-1050064 [002] ..... 1636822.555090: sys_write -> 0x4e
             exe-1049567 [002] ..... 1636822.555106: sys_nanosleep -> 0x0
             exe-1049567 [002] ..... 1636822.555111: sys_nanosleep(rqtp: c000069f10, rmtp: 0)
             exe-1050008 [002] ..... 1636822.555130: sys_wait4(upid: 1005d0, stat_addr: c0022e3bf4, options: 40000002, ru: 0)
             exe-1050008 [002] ..... 1636822.555132: sys_wait4 -> 0x1005d0
             exe-1050008 [002] ..... 1636822.555134: sys_ptrace(request: 4204, pid: 1005d0, addr: 1, data: c0022e3c70)
             exe-1050008 [002] ..... 1636822.555138: sys_ptrace -> 0x0
             exe-1050008 [002] ..... 1636822.555139: sys_ptrace(request: 4204, pid: 1005d0, addr: 202, data: c0022e3c70)
             exe-1050008 [002] ..... 1636822.555141: sys_ptrace -> 0x0
             exe-1049673 [003] ..... 1636822.555157: sys_nanosleep -> 0x0
             exe-1049673 [003] ..... 1636822.555160: sys_nanosleep(rqtp: c000069f10, rmtp: 0)
             exe-1049673 [003] ..... 1636822.555249: sys_nanosleep -> 0x0
             exe-1049673 [003] ..... 1636822.555251: sys_nanosleep(rqtp: c000069f10, rmtp: 0)
             exe-1050008 [002] ..... 1636822.555306: sys_ptrace(request: 4205, pid: 1005d0, addr: 1, data: c0022e3c70)
             exe-1050008 [002] ..... 1636822.555309: sys_ptrace -> 0x0
             exe-1050008 [002] ..... 1636822.555311: sys_ptrace(request: 4205, pid: 1005d0, addr: 202, data: c0022e3c70)
             exe-1050008 [002] ..... 1636822.555323: sys_ptrace -> 0x0
             exe-1050008 [002] ..... 1636822.555324: sys_ptrace(request: 1f, pid: 1005d0, addr: 0, data: 0)
             exe-1050008 [002] .N... 1636822.555331: sys_ptrace -> 0x0
             exe-1049673 [003] ..... 1636822.555340: sys_nanosleep -> 0x0
             exe-1050064 [002] ..... 1636822.555341: sys_statfs -> 0xfffffffffffffff2
             exe-1049673 [003] ..... 1636822.555342: sys_nanosleep(rqtp: c000069f10, rmtp: 0)
             exe-1050008 [002] ..... 1636822.555360: sys_wait4(upid: 1005d0, stat_addr: c0022e3bf4, options: 40000002, ru: 0)
             exe-1050008 [002] ..... 1636822.555363: sys_wait4 -> 0x1005d0
             exe-1050008 [002] ..... 1636822.555365: sys_ptrace(request: 4204, pid: 1005d0, addr: 1, data: c0022e3c70)
             exe-1050008 [002] ..... 1636822.555368: sys_ptrace -> 0x0
             exe-1050008 [002] ..... 1636822.555369: sys_ptrace(request: 4204, pid: 1005d0, addr: 202, data: c0022e3c70)
             exe-1050008 [002] ..... 1636822.555393: sys_ptrace -> 0x0
             exe-1050008 [002] ..... 1636822.555405: sys_pwrite64(fd: 63, buf: 7fd66eda5080, count: 4c, pos: 4e)
             exe-1050008 [002] ..... 1636822.555407: tracing_mark_write: statfs(pathname="/victims/proc/self/root/usr/share/X11/locale", buf=0x0) end
             exe-1050008 [002] ..... 1636822.623291: tracing_mark_write: statfs(pathname="/victims/proc/self/root/usr/lib/x86_64-linux-gnu/perl/5.34.0/auto/Compress/Raw/Zlib", buf=0x0) start
             exe-1050008 [002] ..... 1636822.623293: sys_pwrite64 -> 0x75
             exe-1050008 [002] ..... 1636822.623304: sys_ptrace(request: 4205, pid: 1005d0, addr: 1, data: c0022e3c70)
             exe-1050008 [002] ..... 1636822.623308: sys_ptrace -> 0x0
             exe-1050008 [002] ..... 1636822.623309: sys_ptrace(request: 4205, pid: 1005d0, addr: 202, data: c0022e3c70)
             exe-1050008 [002] ..... 1636822.623399: sys_ptrace -> 0x0
             exe-1050008 [002] ..... 1636822.623404: sys_ptrace(request: 1f, pid: 1005d0, addr: 0, data: 0)
             exe-1050008 [002] .N... 1636822.623412: sys_ptrace -> 0x0
             exe-1050064 [002] ..... 1636822.623425: sys_write -> 0x75
             exe-1049567 [002] ..... 1636822.623519: sys_nanosleep -> 0x0
             exe-1049567 [002] ..... 1636822.623526: sys_nanosleep(rqtp: c000069f10, rmtp: 0)
             exe-1050008 [002] ..... 1636822.623539: sys_wait4(upid: 1005d0, stat_addr: c0022e3bf4, options: 40000002, ru: 0)
             exe-1050008 [002] ..... 1636822.623541: sys_wait4 -> 0x1005d0
             exe-1050008 [002] ..... 1636822.623544: sys_ptrace(request: 4204, pid: 1005d0, addr: 1, data: c0022e3c70)
             exe-1050008 [002] ..... 1636822.623548: sys_ptrace -> 0x0
             exe-1050008 [002] ..... 1636822.623550: sys_ptrace(request: 4204, pid: 1005d0, addr: 202, data: c0022e3c70)
             exe-1050008 [002] ..... 1636822.623552: sys_ptrace -> 0x0
             exe-1050008 [002] ..... 1636822.623848: sys_ptrace(request: 4205, pid: 1005d0, addr: 1, data: c0022e3c70)
             exe-1050008 [002] ..... 1636822.623853: sys_ptrace -> 0x0
             exe-1050008 [002] ..... 1636822.623855: sys_ptrace(request: 4205, pid: 1005d0, addr: 202, data: c0022e3c70)
             exe-1050008 [002] ..... 1636822.623872: sys_ptrace -> 0x0
             exe-1050008 [002] ..... 1636822.623874: sys_ptrace(request: 1f, pid: 1005d0, addr: 0, data: 0)
             exe-1050008 [002] .N... 1636822.623905: sys_ptrace -> 0x0
             exe-1050064 [002] ..... 1636822.623950: sys_statfs -> 0xfffffffffffffff2
             exe-1050008 [002] ..... 1636822.623978: sys_wait4(upid: 1005d0, stat_addr: c0022e3bf4, options: 40000002, ru: 0)
             exe-1050008 [002] ..... 1636822.623982: sys_wait4 -> 0x1005d0
             exe-1050008 [002] ..... 1636822.623985: sys_ptrace(request: 4204, pid: 1005d0, addr: 1, data: c0022e3c70)
             exe-1050008 [002] ..... 1636822.623990: sys_ptrace -> 0x0
             exe-1050008 [002] ..... 1636822.623991: sys_ptrace(request: 4204, pid: 1005d0, addr: 202, data: c0022e3c70)
             exe-1050008 [002] ..... 1636822.623994: sys_ptrace -> 0x0
             exe-1050008 [002] ..... 1636822.624012: sys_pwrite64(fd: 63, buf: 7fd66eda5080, count: 73, pos: 75)
             exe-1050008 [002] ..... 1636822.624016: tracing_mark_write: statfs(pathname="/victims/proc/self/root/usr/lib/x86_64-linux-gnu/perl/5.34.0/auto/Compress/Raw/Zlib", buf=0x0) end
             exe-1050008 [002] ..... 1636822.685879: tracing_mark_write: statfs(pathname="/victims/proc/self/root/etc/rcS.d", buf=0x4) start
             exe-1050008 [002] ..... 1636822.685881: sys_pwrite64 -> 0x43
             exe-1050008 [002] ..... 1636822.685891: sys_ptrace(request: 4205, pid: 1005d0, addr: 1, data: c0022e3c70)
             exe-1050008 [002] ..... 1636822.685895: sys_ptrace -> 0x0
             exe-1050008 [002] ..... 1636822.685897: sys_ptrace(request: 4205, pid: 1005d0, addr: 202, data: c0022e3c70)
             exe-1049673 [003] ..... 1636822.685922: sys_nanosleep -> 0x0
             exe-1049673 [003] ..... 1636822.685925: sys_nanosleep(rqtp: c000069f10, rmtp: 0)
             exe-1050008 [002] ..... 1636822.685991: sys_ptrace -> 0x0
             exe-1050008 [002] ..... 1636822.685996: sys_ptrace(request: 1f, pid: 1005d0, addr: 0, data: 0)
             exe-1050008 [002] .N... 1636822.686005: sys_ptrace -> 0x0
             exe-1050064 [002] ..... 1636822.686019: sys_write -> 0x43
             exe-1050008 [002] ..... 1636822.686117: sys_wait4(upid: 1005d0, stat_addr: c0022e3bf4, options: 40000002, ru: 0)
             exe-1050008 [002] ..... 1636822.686120: sys_wait4 -> 0x1005d0
             exe-1050008 [002] ..... 1636822.686122: sys_ptrace(request: 4204, pid: 1005d0, addr: 1, data: c0022e3c70)
             exe-1050008 [002] ..... 1636822.686127: sys_ptrace -> 0x0
             exe-1050008 [002] ..... 1636822.686129: sys_ptrace(request: 4204, pid: 1005d0, addr: 202, data: c0022e3c70)
             exe-1050008 [002] ..... 1636822.686132: sys_ptrace -> 0x0
             exe-1049673 [003] ..... 1636822.686323: sys_nanosleep -> 0x0
             exe-1049673 [003] ..... 1636822.686325: sys_nanosleep(rqtp: c000069f10, rmtp: 0)
             exe-1050008 [002] ..... 1636822.686501: sys_futex(uaddr: 7fd66a44d000, op: 1, val: 1, utime: 0, uaddr2: 0, val3: 0)
             exe-1050008 [002] .N... 1636822.686514: sys_futex -> 0x1
             exe-1049716 [002] ..... 1636822.686600: sys_futex -> 0x0
             exe-1049716 [002] ..... 1636822.686626: sys_openat(dfd: 33, filename: c0005a2950, flags: a0800, mode: 0)
             exe-1049716 [002] ..... 1636822.686747: sys_openat -> 0x1327
             exe-1049716 [002] ..... 1636822.686755: sys_newfstat(fd: 1327, statbuf: c0004c5638)
             exe-1049716 [002] ..... 1636822.686760: sys_newfstat -> 0x0
             exe-1049716 [002] ..... 1636822.686780: sys_futex(uaddr: 7febabcd3000, op: 1, val: 1, utime: 0, uaddr2: 0, val3: 0)
             exe-1049716 [002] ..... 1636822.686784: sys_futex -> 0x0
             exe-1049716 [002] ..... 1636822.686878: sys_futex(uaddr: 7febabcd3000, op: 0, val: 0, utime: 0, uaddr2: 0, val3: 0)
             exe-1049673 [003] ..... 1636822.687044: sys_nanosleep -> 0x0
             exe-1049673 [003] ..... 1636822.687047: sys_nanosleep(rqtp: c000069f10, rmtp: 0)
             exe-1049567 [002] ..... 1636822.687100: sys_nanosleep -> 0x0
             exe-1049567 [002] ..... 1636822.687107: sys_nanosleep(rqtp: c000069f10, rmtp: 0)
             exe-1050008 [002] ..... 1636822.687223: sys_ptrace(request: 4205, pid: 1005d0, addr: 1, data: c0022e3c70)
             exe-1050008 [002] ..... 1636822.687230: sys_ptrace -> 0x0
             exe-1050008 [002] ..... 1636822.687232: sys_ptrace(request: 4205, pid: 1005d0, addr: 202, data: c0022e3c70)
             exe-1050008 [002] ..... 1636822.687255: sys_ptrace -> 0x0
             exe-1050008 [002] ..... 1636822.687257: sys_ptrace(request: 1f, pid: 1005d0, addr: 0, data: 0)
             exe-1050008 [002] .N... 1636822.687288: sys_ptrace -> 0x0
             exe-1050064 [002] ..... 1636822.687331: sys_statfs -> 0xfffffffffffffff2
             exe-1050008 [002] ..... 1636822.687360: sys_wait4(upid: 1005d0, stat_addr: c0022e3bf4, options: 40000002, ru: 0)
             exe-1050008 [002] ..... 1636822.687364: sys_wait4 -> 0x1005d0
             exe-1050008 [002] ..... 1636822.687367: sys_ptrace(request: 4204, pid: 1005d0, addr: 1, data: c0022e3c70)
             exe-1050008 [002] ..... 1636822.687372: sys_ptrace -> 0x0
             exe-1050008 [002] ..... 1636822.687374: sys_ptrace(request: 4204, pid: 1005d0, addr: 202, data: c0022e3c70)
             exe-1050008 [002] .N... 1636822.687416: sys_ptrace -> 0x0
             exe-1050008 [002] ..... 1636822.687483: sys_pwrite64(fd: 63, buf: 7fd66eda5080, count: 41, pos: 43)
             exe-1050008 [002] ..... 1636822.687487: tracing_mark_write: statfs(pathname="/victims/proc/self/root/etc/rcS.d", buf=0x4) end
             exe-1050008 [000] ..... 1636822.754003: tracing_mark_write: statfs(pathname="/victims/proc/self/root/usr/lib/x86_64-linux-gnu/perl/5.34.0/PerlIO", buf=0x8) start
             exe-1050008 [000] ..... 1636822.754006: sys_pwrite64 -> 0x65
             exe-1050008 [000] ..... 1636822.754013: sys_ptrace(request: 4205, pid: 1005d0, addr: 1, data: c0022e3c70)
             exe-1050008 [000] ..... 1636822.754016: sys_ptrace -> 0x0
             exe-1050008 [000] ..... 1636822.754018: sys_ptrace(request: 4205, pid: 1005d0, addr: 202, data: c0022e3c70)
             exe-1050008 [000] ..... 1636822.754030: sys_ptrace -> 0x0
             exe-1050008 [000] ..... 1636822.754032: sys_ptrace(request: 1f, pid: 1005d0, addr: 0, data: 0)
             exe-1050008 [000] .N... 1636822.754040: sys_ptrace -> 0x0
             exe-1050064 [000] ..... 1636822.754051: sys_write -> 0x65
             exe-1050008 [000] ..... 1636822.754078: sys_wait4(upid: 1005d0, stat_addr: c0022e3bf4, options: 40000002, ru: 0)
             exe-1049567 [002] ..... 1636822.754079: sys_nanosleep -> 0x0
             exe-1050008 [000] ..... 1636822.754081: sys_wait4 -> 0x1005d0
             exe-1050008 [000] ..... 1636822.754084: sys_ptrace(request: 4204, pid: 1005d0, addr: 1, data: c0022e3c70)
             exe-1049567 [002] ..... 1636822.754084: sys_nanosleep(rqtp: c000069f10, rmtp: 0)
             exe-1050008 [000] ..... 1636822.754088: sys_ptrace -> 0x0
             exe-1050008 [000] ..... 1636822.754089: sys_ptrace(request: 4204, pid: 1005d0, addr: 202, data: c0022e3c70)
             exe-1050008 [000] ..... 1636822.754092: sys_ptrace -> 0x0
             exe-1049673 [002] ..... 1636822.754106: sys_nanosleep -> 0x0
             exe-1049673 [002] ..... 1636822.754112: sys_nanosleep(rqtp: c000069f10, rmtp: 0)
             exe-1049567 [002] ..... 1636822.754193: sys_nanosleep -> 0x0
             exe-1049567 [002] ..... 1636822.754198: sys_nanosleep(rqtp: c000069f10, rmtp: 0)
             exe-1049673 [002] ..... 1636822.754221: sys_nanosleep -> 0x0
             exe-1049673 [002] ..... 1636822.754226: sys_nanosleep(rqtp: c000069f10, rmtp: 0)
             exe-1050008 [000] ..... 1636822.754272: sys_ptrace(request: 4205, pid: 1005d0, addr: 1, data: c0022e3c70)
             exe-1050008 [000] ..... 1636822.754277: sys_ptrace -> 0x0
             exe-1050008 [000] ..... 1636822.754278: sys_ptrace(request: 4205, pid: 1005d0, addr: 202, data: c0022e3c70)
             exe-1050008 [000] ..... 1636822.754293: sys_ptrace -> 0x0
             exe-1050008 [000] ..... 1636822.754295: sys_ptrace(request: 1f, pid: 1005d0, addr: 0, data: 0)
             exe-1050008 [000] .N... 1636822.754305: sys_ptrace -> 0x0
             exe-1049567 [002] ..... 1636822.754306: sys_nanosleep -> 0x0
             exe-1049567 [002] ..... 1636822.754311: sys_nanosleep(rqtp: c000069f10, rmtp: 0)
             exe-1050064 [000] ..... 1636822.754318: sys_statfs -> 0xfffffffffffffff2
             exe-1049673 [002] ..... 1636822.754334: sys_nanosleep -> 0x0
             exe-1049673 [002] ..... 1636822.754339: sys_nanosleep(rqtp: c000069f10, rmtp: 0)
             exe-1050008 [000] ..... 1636822.754341: sys_wait4(upid: 1005d0, stat_addr: c0022e3bf4, options: 40000002, ru: 0)
             exe-1050008 [000] ..... 1636822.754344: sys_wait4 -> 0x1005d0
             exe-1050008 [000] ..... 1636822.754346: sys_ptrace(request: 4204, pid: 1005d0, addr: 1, data: c0022e3c70)
             exe-1050008 [000] ..... 1636822.754351: sys_ptrace -> 0x0
             exe-1050008 [000] ..... 1636822.754354: sys_ptrace(request: 4204, pid: 1005d0, addr: 202, data: c0022e3c70)
             exe-1050008 [000] ..... 1636822.754358: sys_ptrace -> 0x0
             exe-1050008 [000] ..... 1636822.754373: sys_pwrite64(fd: 63, buf: 7fd66eda5080, count: 63, pos: 65)
             exe-1050008 [000] ..... 1636822.754376: tracing_mark_write: statfs(pathname="/victims/proc/self/root/usr/lib/x86_64-linux-gnu/perl/5.34.0/PerlIO", buf=0x8) end
             exe-1050008 [003] ..... 1636822.823309: tracing_mark_write: statfs(pathname="/victims/usr/share/perl/5.34.0/unicore/lib/BidiC", buf=0x7f3f17200000) start
             exe-1050008 [003] ..... 1636822.823322: sys_pwrite64 -> 0x5d
             exe-1049567 [000] ..... 1636822.823325: sys_nanosleep -> 0x0
             exe-1050008 [003] ..... 1636822.823327: sys_ptrace(request: 4205, pid: 1005d0, addr: 1, data: c0022e3c70)
             exe-1050008 [003] ..... 1636822.823329: sys_ptrace -> 0x0
             exe-1050008 [003] ..... 1636822.823330: sys_ptrace(request: 4205, pid: 1005d0, addr: 202, data: c0022e3c70)
             exe-1049567 [000] ..... 1636822.823331: sys_nanosleep(rqtp: c000069f10, rmtp: 0)
             exe-1050008 [003] ..... 1636822.823337: sys_ptrace -> 0x0
             exe-1050008 [003] ..... 1636822.823338: sys_ptrace(request: 1f, pid: 1005d0, addr: 0, data: 0)
             exe-1050008 [003] ..... 1636822.823344: sys_ptrace -> 0x0
             exe-1050008 [003] ..... 1636822.823345: sys_wait4(upid: 1005d0, stat_addr: c0022e3bf4, options: 40000002, ru: 0)
             exe-1050064 [000] ..... 1636822.823362: sys_write -> 0x5d
             exe-1049673 [002] ..... 1636822.823383: sys_nanosleep -> 0x0
             exe-1049673 [002] ..... 1636822.823386: sys_nanosleep(rqtp: c000069f10, rmtp: 0)
             exe-1050008 [003] ..... 1636822.823388: sys_wait4 -> 0x1005d0
             exe-1050008 [003] ..... 1636822.823390: sys_ptrace(request: 4204, pid: 1005d0, addr: 1, data: c0022e3c70)
             exe-1050008 [003] ..... 1636822.823392: sys_ptrace -> 0x0
             exe-1050008 [003] ..... 1636822.823393: sys_ptrace(request: 4204, pid: 1005d0, addr: 202, data: c0022e3c70)
             exe-1050008 [003] ..... 1636822.823394: sys_ptrace -> 0x0
             exe-1049567 [000] ..... 1636822.823438: sys_nanosleep -> 0x0
             exe-1049567 [000] ..... 1636822.823444: sys_nanosleep(rqtp: c000069f10, rmtp: 0)
             exe-1049673 [002] ..... 1636822.823493: sys_nanosleep -> 0x0
             exe-1049673 [002] ..... 1636822.823498: sys_nanosleep(rqtp: c000069f10, rmtp: 0)
             exe-1049567 [000] ..... 1636822.823536: sys_nanosleep -> 0x0
             exe-1049567 [000] ..... 1636822.823539: sys_nanosleep(rqtp: c000069f10, rmtp: 0)
             exe-1050008 [003] ..... 1636822.823545: sys_ptrace(request: 4205, pid: 1005d0, addr: 1, data: c0022e3c70)
             exe-1050008 [003] ..... 1636822.823549: sys_ptrace -> 0x0
             exe-1050008 [003] ..... 1636822.823550: sys_ptrace(request: 4205, pid: 1005d0, addr: 202, data: c0022e3c70)
             exe-1050008 [003] ..... 1636822.823561: sys_ptrace -> 0x0
             exe-1050008 [003] ..... 1636822.823562: sys_ptrace(request: 1f, pid: 1005d0, addr: 0, data: 0)
             exe-1050008 [003] ..... 1636822.823568: sys_ptrace -> 0x0
             exe-1050008 [003] ..... 1636822.823571: sys_wait4(upid: 1005d0, stat_addr: c0022e3bf4, options: 40000002, ru: 0)
             exe-1050064 [000] ..... 1636822.823581: sys_statfs -> 0x0
             exe-1049673 [002] ..... 1636822.823595: sys_nanosleep -> 0x0
             exe-1049673 [002] ..... 1636822.823598: sys_nanosleep(rqtp: c000069f10, rmtp: 0)
             exe-1050008 [003] ..... 1636822.823602: sys_wait4 -> 0x1005d0
             exe-1050008 [003] ..... 1636822.823604: sys_ptrace(request: 4204, pid: 1005d0, addr: 1, data: c0022e3c70)
             exe-1050008 [003] ..... 1636822.823607: sys_ptrace -> 0x0
             exe-1050008 [003] ..... 1636822.823608: sys_ptrace(request: 4204, pid: 1005d0, addr: 202, data: c0022e3c70)
             exe-1050008 [003] ..... 1636822.823609: sys_ptrace -> 0x0
             exe-1050008 [003] ..... 1636822.823618: sys_pwrite64(fd: 63, buf: 7fd66eda5080, count: 5b, pos: 5d)
             exe-1050008 [003] ..... 1636822.823620: tracing_mark_write: statfs(pathname="/victims/usr/share/perl/5.34.0/unicore/lib/BidiC", buf=0x7f3f17200000) end
             exe-1050008 [003] ..... 1636822.879794: tracing_mark_write: statfs(pathname="/victims/usr/share/base-passwd", buf=0x4) start
             exe-1050008 [003] ..... 1636822.879796: sys_pwrite64 -> 0x40
             exe-1050008 [003] ..... 1636822.879801: sys_ptrace(request: 4205, pid: 1005d0, addr: 1, data: c0022e3c70)
             exe-1050008 [003] ..... 1636822.879804: sys_ptrace -> 0x0
             exe-1050008 [003] ..... 1636822.879805: sys_ptrace(request: 4205, pid: 1005d0, addr: 202, data: c0022e3c70)
             exe-1049567 [000] ..... 1636822.879814: sys_nanosleep -> 0x0
             exe-1050008 [003] ..... 1636822.879820: sys_ptrace -> 0x0
             exe-1049567 [000] ..... 1636822.879821: sys_nanosleep(rqtp: c000069f10, rmtp: 0)
             exe-1050008 [003] ..... 1636822.879822: sys_ptrace(request: 1f, pid: 1005d0, addr: 0, data: 0)
             exe-1050008 [003] ..... 1636822.879829: sys_ptrace -> 0x0
             exe-1050008 [003] ..... 1636822.879831: sys_wait4(upid: 1005d0, stat_addr: c0022e3bf4, options: 40000002, ru: 0)
             exe-1050064 [000] ..... 1636822.879852: sys_write -> 0x40
             exe-1050008 [003] ..... 1636822.879876: sys_wait4 -> 0x1005d0
             exe-1050008 [003] ..... 1636822.879878: sys_ptrace(request: 4204, pid: 1005d0, addr: 1, data: c0022e3c70)
             exe-1050008 [003] ..... 1636822.879881: sys_ptrace -> 0x0
             exe-1050008 [003] ..... 1636822.879882: sys_ptrace(request: 4204, pid: 1005d0, addr: 202, data: c0022e3c70)
             exe-1050008 [003] ..... 1636822.879884: sys_ptrace -> 0x0
             exe-1050008 [003] ..... 1636822.879958: sys_ptrace(request: 4205, pid: 1005d0, addr: 1, data: c0022e3c70)
             exe-1050008 [003] ..... 1636822.879962: sys_ptrace -> 0x0
             exe-1050008 [003] ..... 1636822.879963: sys_ptrace(request: 4205, pid: 1005d0, addr: 202, data: c0022e3c70)
             exe-1050008 [003] ..... 1636822.879974: sys_ptrace -> 0x0
             exe-1050008 [003] ..... 1636822.879975: sys_ptrace(request: 1f, pid: 1005d0, addr: 0, data: 0)
             exe-1050008 [003] ..... 1636822.879983: sys_ptrace -> 0x0
             exe-1050008 [003] ..... 1636822.879986: sys_wait4(upid: 1005d0, stat_addr: c0022e3bf4, options: 40000002, ru: 0)
             exe-1050064 [000] ..... 1636822.879993: sys_statfs -> 0xfffffffffffffff2
             exe-1050008 [003] ..... 1636822.880014: sys_wait4 -> 0x1005d0
             exe-1050008 [003] ..... 1636822.880017: sys_ptrace(request: 4204, pid: 1005d0, addr: 1, data: c0022e3c70)
             exe-1050008 [003] ..... 1636822.880020: sys_ptrace -> 0x0
             exe-1050008 [003] ..... 1636822.880022: sys_ptrace(request: 4204, pid: 1005d0, addr: 202, data: c0022e3c70)
             exe-1050008 [003] ..... 1636822.880024: sys_ptrace -> 0x0
             exe-1050008 [003] ..... 1636822.880032: sys_pwrite64(fd: 63, buf: 7fd66eda5080, count: 3e, pos: 40)
             exe-1050008 [003] ..... 1636822.880034: tracing_mark_write: statfs(pathname="/victims/usr/share/base-passwd", buf=0x4) end
