             exe-1050232 [001] ..... 1636865.282146: sys_ptrace(request: 4204, pid: 1006b9, addr: 1, data: c0005d3c70)
             exe-1050232 [001] ..... 1636865.282149: sys_ptrace -> 0x0
             exe-1050232 [001] ..... 1636865.282150: sys_ptrace(request: 4204, pid: 1006b9, addr: 202, data: c0005d3c70)
             exe-1050232 [001] ..... 1636865.282153: sys_ptrace -> 0x0
             exe-1050232 [001] ..... 1636865.282158: sys_ptrace(request: 4205, pid: 1006b9, addr: 1, data: c0005d3c70)
             exe-1050232 [001] ..... 1636865.282160: sys_ptrace -> 0x0
             exe-1050232 [001] ..... 1636865.282161: sys_ptrace(request: 4205, pid: 1006b9, addr: 202, data: c0005d3c70)
             exe-1050232 [001] ..... 1636865.282189: sys_ptrace -> 0x0
             exe-1050232 [001] ..... 1636865.282190: sys_ptrace(request: 1f, pid: 1006b9, addr: 0, data: 0)
             exe-1050232 [001] .N... 1636865.282196: sys_ptrace -> 0x0
             exe-1050297 [001] ..... 1636865.282204: sys_swapon -> 0xffffffffffffffff
             exe-1050232 [001] ..... 1636865.282220: sys_wait4(upid: 1006b9, stat_addr: c0005d3bf4, options: 40000002, ru: 0)
             exe-1050232 [001] ..... 1636865.282222: sys_wait4 -> 0x1006b9
             exe-1050232 [001] ..... 1636865.282224: sys_ptrace(request: 4204, pid: 1006b9, addr: 1, data: c0005d3c70)
             exe-1050232 [001] ..... 1636865.282227: sys_ptrace -> 0x0
             exe-1050232 [001] ..... 1636865.282229: sys_ptrace(request: 4204, pid: 1006b9, addr: 202, data: c0005d3c70)
             exe-1050232 [001] ..... 1636865.282231: sys_ptrace -> 0x0
             exe-1050232 [001] ..... 1636865.282242: sys_pwrite64(fd: 63, buf: 7fd66e43a080, count: 53, pos: 55)
             exe-1050232 [001] ..... 1636865.282244: tracing_mark_write: swapon(path="/victims/usr/share/git-core/templates", swap_flags=0x5648a11fa4ff) end
             exe-1050232 [001] ..... 1636865.351767: tracing_mark_write: swapon(path="/victims/usr/lib/terminfo/v", swap_flags=0x5648a11fa4ff) start
             exe-1050232 [001] ..... 1636865.351768: sys_pwrite64 -> 0x4b
             exe-1050232 [001] ..... 1636865.351774: sys_ptrace(request: 4205, pid: 1006b9, addr: 1, data: c0005d3c70)
             exe-1050232 [001] ..... 1636865.351777: sys_ptrace -> 0x0
             exe-1050232 [001] ..... 1636865.351778: sys_ptrace(request: 4205, pid: 1006b9, addr: 202, data: c0005d3c70)
             exe-1050232 [001] ..... 1636865.351789: sys_ptrace -> 0x0
             exe-1050232 [001] ..... 1636865.351790: sys_ptrace(request: 1f, pid: 1006b9, addr: 0, data: 0)
             exe-1050232 [001] .N... 1636865.351797: sys_ptrace -> 0x0
             exe-1050297 [001] ..... 1636865.351806: sys_write -> 0x4b
             exe-1050232 [001] ..... 1636865.351823: sys_wait4(upid: 1006b9, stat_addr: c0005d3bf4, options: 40000002, ru: 0)
             exe-1050232 [001] ..... 1636865.351826: sys_wait4 -> 0x1006b9
             exe-1050232 [001] ..... 1636865.351828: sys_ptrace(request: 4204, pid: 1006b9, addr: 1, data: c0005d3c70)
             exe-1050232 [001] ..... 1636865.351831: sys_ptrace -> 0x0
             exe-1050232 [001] ..... 1636865.351833: sys_ptrace(request: 4204, pid: 1006b9, addr: 202, data: c0005d3c70)
             exe-1050232 [001] ..... 1636865.351835: sys_ptrace -> 0x0
             exe-1050232 [001] ..... 1636865.351840: sys_ptrace(request: 4205, pid: 1006b9, addr: 1, data: c0005d3c70)
             exe-1050232 [001] ..... 1636865.351843: sys_ptrace -> 0x0
             exe-1050232 [001] ..... 1636865.351844: sys_ptrace(request: 4205, pid: 1006b9, addr: 202, data: c0005d3c70)
             exe-1050232 [001] ..... 1636865.351853: sys_ptrace -> 0x0
             exe-1050232 [001] ..... 1636865.351854: sys_ptrace(request: 1f, pid: 1006b9, addr: 0, data: 0)
             exe-1050232 [001] .N... 1636865.351860: sys_ptrace -> 0x0
             exe-1050297 [001] ..... 1636865.351869: sys_swapon -> 0xffffffffffffffff
             exe-1050232 [001] ..... 1636865.351885: sys_wait4(upid: 1006b9, stat_addr: c0005d3bf4, options: 40000002, ru: 0)
             exe-1050232 [001] ..... 1636865.351888: sys_wait4 -> 0x1006b9
             exe-1050232 [001] ..... 1636865.351891: sys_ptrace(request: 4204, pid: 1006b9, addr: 1, data: c0005d3c70)
             exe-1050232 [001] ..... 1636865.351895: sys_ptrace -> 0x0
             exe-1050232 [001] ..... 1636865.351897: sys_ptrace(request: 4204, pid: 1006b9, addr: 202, data: c0005d3c70)
             exe-1050232 [001] ..... 1636865.351900: sys_ptrace -> 0x0
             exe-1050232 [001] ..... 1636865.351912: sys_pwrite64(fd: 63, buf: 7fd66e43a080, count: 49, pos: 4b)
             exe-1050232 [001] ..... 1636865.351914: tracing_mark_write: swapon(path="/victims/usr/lib/terminfo/v", swap_flags=0x5648a11fa4ff) end
             exe-1050232 [001] ..... 1636865.427227: tracing_mark_write: swapon(path="/victims/proc/self/root/usr/share/perl/5.34.0/B", swap_flags=0x5648a11fa4ff) start
             exe-1050232 [001] ..... 1636865.427229: sys_pwrite64 -> 0x5f
             exe-1050232 [001] ..... 1636865.427243: sys_ptrace(request: 4205, pid: 1006b9, addr: 1, data: c0005d3c70)
             exe-1050232 [001] ..... 1636865.427248: sys_ptrace -> 0x0
             exe-1050232 [001] ..... 1636865.427250: sys_ptrace(request: 4205, pid: 1006b9, addr: 202, data: c0005d3c70)
             exe-1049673 [000] ..... 1636865.427263: sys_nanosleep -> 0x0
             exe-1049673 [000] ..... 1636865.427270: sys_nanosleep(rqtp: c000069f10, rmtp: 0)
             exe-1050232 [001] ..... 1636865.427348: sys_ptrace -> 0x0
             exe-1050232 [001] ..... 1636865.427356: sys_ptrace(request: 1f, pid: 1006b9, addr: 0, data: 0)
             exe-1050232 [001] .N... 1636865.427366: sys_ptrace -> 0x0
             exe-1049673 [000] ..... 1636865.427395: sys_nanosleep -> 0x0
             exe-1049673 [000] ..... 1636865.427401: sys_nanosleep(rqtp: c000069f10, rmtp: 0)
             exe-1050297 [001] ..... 1636865.427465: sys_write -> 0x5f
             exe-1050232 [001] ..... 1636865.427499: sys_wait4(upid: 1006b9, stat_addr: c0005d3bf4, options: 40000002, ru: 0)
             exe-1050232 [001] ..... 1636865.427504: sys_wait4 -> 0x1006b9
             exe-1049673 [000] ..... 1636865.427523: sys_nanosleep -> 0x0
             exe-1049673 [000] ..... 1636865.427529: sys_nanosleep(rqtp: c000069f10, rmtp: 0)
             exe-1050232 [001] ..... 1636865.427540: sys_ptrace(request: 4204, pid: 1006b9, addr: 1, data: c0005d3c70)
             exe-1050232 [001] ..... 1636865.427599: sys_ptrace -> 0x0
             exe-1050232 [001] ..... 1636865.427604: sys_ptrace(request: 4204, pid: 1006b9, addr: 202, data: c0005d3c70)
             exe-1050232 [001] ..... 1636865.427612: sys_ptrace -> 0x0
             exe-1050232 [001] ..... 1636865.427623: sys_ptrace(request: 4205, pid: 1006b9, addr: 1, data: c0005d3c70)
             exe-1050232 [001] ..... 1636865.427627: sys_ptrace -> 0x0
             exe-1050232 [001] ..... 1636865.427629: sys_ptrace(request: 4205, pid: 1006b9, addr: 202, data: c0005d3c70)
             exe-1049673 [000] ..... 1636865.427643: sys_nanosleep -> 0x0
             exe-1049673 [000] ..... 1636865.427653: sys_epoll_pwait(epfd: 10, events: c000069920, maxevents: 80, timeout: 0, sigmask: 0, sigsetsize: 0)
             exe-1049673 [000] ..... 1636865.427656: sys_epoll_pwait -> 0x0
             exe-1049673 [000] ..... 1636865.427659: sys_nanosleep(rqtp: c000069f10, rmtp: 0)
             exe-1050232 [001] ..... 1636865.427734: sys_ptrace -> 0x0
             exe-1050232 [001] ..... 1636865.427742: sys_ptrace(request: 1f, pid: 1006b9, addr: 0, data: 0)
             exe-1050232 [001] .N... 1636865.427753: sys_ptrace -> 0x0
             exe-1050297 [001] ..... 1636865.427768: sys_swapon -> 0xffffffffffffffff
             exe-1049673 [000] ..... 1636865.427782: sys_nanosleep -> 0x0
             exe-1049673 [000] ..... 1636865.427788: sys_nanosleep(rqtp: c000069f10, rmtp: 0)
             exe-1050232 [001] ..... 1636865.427886: sys_wait4(upid: 1006b9, stat_addr: c0005d3bf4, options: 40000002, ru: 0)
             exe-1050232 [001] ..... 1636865.427891: sys_wait4 -> 0x1006b9
             exe-1050232 [001] ..... 1636865.427894: sys_ptrace(request: 4204, pid: 1006b9, addr: 1, data: c0005d3c70)
             exe-1050232 [001] ..... 1636865.427900: sys_ptrace -> 0x0
             exe-1050232 [001] ..... 1636865.427902: sys_ptrace(request: 4204, pid: 1006b9, addr: 202, data: c0005d3c70)
             exe-1050232 [001] ..... 1636865.427907: sys_ptrace -> 0x0
             exe-1049673 [000] ..... 1636865.427908: sys_nanosleep -> 0x0
             exe-1049673 [000] ..... 1636865.427914: sys_nanosleep(rqtp: c000069f10, rmtp: 0)
             exe-1050232 [001] ..... 1636865.427929: sys_pwrite64(fd: 63, buf: 7fd66e43a080, count: 5d, pos: 5f)
             exe-1050232 [001] ..... 1636865.427934: tracing_mark_write: swapon(path="/victims/proc/self/root/usr/share/perl/5.34.0/B", swap_flags=0x5648a11fa4ff) end
             exe-1050232 [001] ..... 1636865.513597: tracing_mark_write: swapon(path="/victims/usr/share/X11/locale/iso8859-10", swap_flags=0x5648a11fa4ff) start
             exe-1050232 [001] ..... 1636865.513600: sys_pwrite64 -> 0x58
             exe-1050232 [001] ..... 1636865.513608: sys_ptrace(request: 4205, pid: 1006b9, addr: 1, data: c0005d3c70)
             exe-1050232 [001] ..... 1636865.513612: sys_ptrace -> 0x0
             exe-1050232 [001] ..... 1636865.513613: sys_ptrace(request: 4205, pid: 1006b9, addr: 202, data: c0005d3c70)
             exe-1050232 [001] ..... 1636865.513626: sys_ptrace -> 0x0
             exe-1050232 [001] ..... 1636865.513628: sys_ptrace(request: 1f, pid: 1006b9, addr: 0, data: 0)
             exe-1050232 [001] ..... 1636865.513642: sys_ptrace -> 0x0
             exe-1050232 [001] ..... 1636865.513644: sys_wait4(upid: 1006b9, stat_addr: c0005d3bf4, options: 40000002, ru: 0)
             exe-1050297 [003] ..... 1636865.513660: sys_write -> 0x58
             exe-1050232 [001] ..... 1636865.513680: sys_wait4 -> 0x1006b9
             exe-1050232 [001] ..... 1636865.513684: sys_ptrace(request: 4204, pid: 1006b9, addr: 1, data: c0005d3c70)
             exe-1050232 [001] ..... 1636865.513688: sys_ptrace -> 0x0
             exe-1049673 [000] ..... 1636865.513690: sys_nanosleep -> 0x0
             exe-1050232 [001] ..... 1636865.513691: sys_ptrace(request: 4204, pid: 1006b9, addr: 202, data: c0005d3c70)
             exe-1050232 [001] ..... 1636865.513694: sys_ptrace -> 0x0
             exe-1049673 [000] ..... 1636865.513695: sys_nanosleep(rqtp: c000069f10, rmtp: 0)
             exe-1050232 [001] ..... 1636865.513700: sys_ptrace(request: 4205, pid: 1006b9, addr: 1, data: c0005d3c70)
             exe-1050232 [001] ..... 1636865.513703: sys_ptrace -> 0x0
             exe-1050232 [001] ..... 1636865.513705: sys_ptrace(request: 4205, pid: 1006b9, addr: 202, data: c0005d3c70)
             exe-1050232 [001] ..... 1636865.513715: sys_ptrace -> 0x0
             exe-1050232 [001] ..... 1636865.513717: sys_ptrace(request: 1f, pid: 1006b9, addr: 0, data: 0)
             exe-1050232 [001] ..... 1636865.513729: sys_ptrace -> 0x0
             exe-1050232 [001] ..... 1636865.513732: sys_wait4(upid: 1006b9, stat_addr: c0005d3bf4, options: 40000002, ru: 0)
             exe-1050297 [003] ..... 1636865.513751: sys_swapon -> 0xffffffffffffffff
             exe-1050232 [001] ..... 1636865.513769: sys_wait4 -> 0x1006b9
             exe-1050232 [001] ..... 1636865.513774: sys_ptrace(request: 4204, pid: 1006b9, addr: 1, data: c0005d3c70)
             exe-1050232 [001] ..... 1636865.513778: sys_ptrace -> 0x0
             exe-1050232 [001] ..... 1636865.513779: sys_ptrace(request: 4204, pid: 1006b9, addr: 202, data: c0005d3c70)
             exe-1050232 [001] ..... 1636865.513783: sys_ptrace -> 0x0
             exe-1050232 [001] ..... 1636865.513792: sys_pwrite64(fd: 63, buf: 7fd66e43a080, count: 56, pos: 58)
             exe-1050232 [001] ..... 1636865.513795: tracing_mark_write: swapon(path="/victims/usr/share/X11/locale/iso8859-10", swap_flags=0x5648a11fa4ff) end
             exe-1050232 [001] ..... 1636865.599629: tracing_mark_write: swapon(path="/victims/proc/self/root/usr/include/x86_64-linux-gnu/bits", swap_flags=0x564dc5bb9060) start
             exe-1050232 [001] ..... 1636865.599631: sys_pwrite64 -> 0x69
             exe-1050232 [001] ..... 1636865.599640: sys_ptrace(request: 4205, pid: 1006b9, addr: 1, data: c0005d3c70)
             exe-1050232 [001] ..... 1636865.599645: sys_ptrace -> 0x0
             exe-1050232 [001] ..... 1636865.599646: sys_ptrace(request: 4205, pid: 1006b9, addr: 202, data: c0005d3c70)
             exe-1050232 [001] ..... 1636865.599666: sys_ptrace -> 0x0
             exe-1050232 [001] ..... 1636865.599668: sys_ptrace(request: 1f, pid: 1006b9, addr: 0, data: 0)
             exe-1050232 [001] .N... 1636865.599677: sys_ptrace -> 0x0
             exe-1050297 [001] ..... 1636865.599691: sys_write -> 0x69
             exe-1049673 [000] ..... 1636865.599705: sys_nanosleep -> 0x0
             exe-1050232 [001] ..... 1636865.599718: sys_wait4(upid: 1006b9, stat_addr: c0005d3bf4, options: 40000002, ru: 0)
             exe-1049673 [000] ..... 1636865.599720: sys_epoll_pwait(epfd: 10, events: c000069920, maxevents: 80, timeout: 0, sigmask: 0, sigsetsize: 0)
             exe-1050232 [001] ..... 1636865.599722: sys_wait4 -> 0x1006b9
             exe-1049673 [000] ..... 1636865.599724: sys_epoll_pwait -> 0x0
             exe-1050232 [001] ..... 1636865.599726: sys_ptrace(request: 4204, pid: 1006b9, addr: 1, data: c0005d3c70)
             exe-1049673 [000] ..... 1636865.599728: sys_nanosleep(rqtp: c000069f10, rmtp: 0)
             exe-1050232 [001] ..... 1636865.599731: sys_ptrace -> 0x0
             exe-1050232 [001] ..... 1636865.599733: sys_ptrace(request: 4204, pid: 1006b9, addr: 202, data: c0005d3c70)
             exe-1050232 [001] ..... 1636865.599738: sys_ptrace -> 0x0
             exe-1050232 [001] ..... 1636865.599747: sys_ptrace(request: 4205, pid: 1006b9, addr: 1, data: c0005d3c70)
             exe-1050232 [001] ..... 1636865.599750: sys_ptrace -> 0x0
             exe-1050232 [001] ..... 1636865.599752: sys_ptrace(request: 4205, pid: 1006b9, addr: 202, data: c0005d3c70)
             exe-1050232 [001] ..... 1636865.599768: sys_ptrace -> 0x0
             exe-1050232 [001] ..... 1636865.599770: sys_ptrace(request: 1f, pid: 1006b9, addr: 0, data: 0)
             exe-1050232 [001] .N... 1636865.599785: sys_ptrace -> 0x0
             exe-1050297 [001] ..... 1636865.599799: sys_swapon -> 0xffffffffffffffff
             exe-1050232 [001] ..... 1636865.599826: sys_wait4(upid: 1006b9, stat_addr: c0005d3bf4, options: 40000002, ru: 0)
             exe-1050232 [001] ..... 1636865.599830: sys_wait4 -> 0x1006b9
             exe-1050232 [001] ..... 1636865.599834: sys_ptrace(request: 4204, pid: 1006b9, addr: 1, data: c0005d3c70)
             exe-1050232 [001] ..... 1636865.599839: sys_ptrace -> 0x0
             exe-1050232 [001] ..... 1636865.599841: sys_ptrace(request: 4204, pid: 1006b9, addr: 202, data: c0005d3c70)
             exe-1050232 [001] ..... 1636865.599845: sys_ptrace -> 0x0
             exe-1050232 [001] ..... 1636865.599862: sys_pwrite64(fd: 63, buf: 7fd66e43a080, count: 67, pos: 69)
             exe-1050232 [001] ..... 1636865.599865: tracing_mark_write: swapon(path="/victims/proc/self/root/usr/include/x86_64-linux-gnu/bits", swap_flags=0x564dc5bb9060) end
             exe-1050232 [001] ..... 1636865.692500: tracing_mark_write: swapon(path="/victims/proc/self/root/usr/share/vim/vim82/lang/ja", swap_flags=0x564dc5bb9060) start
             exe-1050232 [001] ..... 1636865.692502: sys_pwrite64 -> 0x63
             exe-1050232 [001] ..... 1636865.692511: sys_ptrace(request: 4205, pid: 1006b9, addr: 1, data: c0005d3c70)
             exe-1050232 [001] ..... 1636865.692514: sys_ptrace -> 0x0
             exe-1050232 [001] ..... 1636865.692516: sys_ptrace(request: 4205, pid: 1006b9, addr: 202, data: c0005d3c70)
             exe-1050232 [001] ..... 1636865.692530: sys_ptrace -> 0x0
             exe-1050232 [001] ..... 1636865.692532: sys_ptrace(request: 1f, pid: 1006b9, addr: 0, data: 0)
             exe-1050232 [001] .N... 1636865.692541: sys_ptrace -> 0x0
             exe-1050297 [001] ..... 1636865.692551: sys_write -> 0x63
             exe-1050232 [001] ..... 1636865.692572: sys_wait4(upid: 1006b9, stat_addr: c0005d3bf4, options: 40000002, ru: 0)
             exe-1050232 [001] ..... 1636865.692577: sys_wait4 -> 0x1006b9
             exe-1050232 [001] ..... 1636865.692580: sys_ptrace(request: 4204, pid: 1006b9, addr: 1, data: c0005d3c70)
             exe-1050232 [001] ..... 1636865.692585: sys_ptrace -> 0x0
             exe-1050232 [001] ..... 1636865.692586: sys_ptrace(request: 4204, pid: 1006b9, addr: 202, data: c0005d3c70)
             exe-1050232 [001] ..... 1636865.692590: sys_ptrace -> 0x0
             exe-1050232 [001] ..... 1636865.692597: sys_ptrace(request: 4205, pid: 1006b9, addr: 1, data: c0005d3c70)
             exe-1050232 [001] ..... 1636865.692600: sys_ptrace -> 0x0
             exe-1050232 [001] ..... 1636865.692601: sys_ptrace(request: 4205, pid: 1006b9, addr: 202, data: c0005d3c70)
             exe-1049673 [000] ..... 1636865.692607: sys_nanosleep -> 0x0
             exe-1049673 [000] ..... 1636865.692613: sys_nanosleep(rqtp: c000069f10, rmtp: 0)
             exe-1050232 [001] ..... 1636865.692614: sys_ptrace -> 0x0
             exe-1050232 [001] ..... 1636865.692617: sys_ptrace(request: 1f, pid: 1006b9, addr: 0, data: 0)
             exe-1050232 [001] .N... 1636865.692625: sys_ptrace -> 0x0
             exe-1050297 [001] ..... 1636865.692635: sys_swapon -> 0xffffffffffffffff
             exe-1050232 [001] ..... 1636865.692656: sys_wait4(upid: 1006b9, stat_addr: c0005d3bf4, options: 40000002, ru: 0)
             exe-1050232 [001] ..... 1636865.692659: sys_wait4 -> 0x1006b9
             exe-1050232 [001] ..... 1636865.692662: sys_ptrace(request: 4204, pid: 1006b9, addr: 1, data: c0005d3c70)
             exe-1050232 [001] ..... 1636865.692666: sys_ptrace -> 0x0
             exe-1050232 [001] ..... 1636865.692668: sys_ptrace(request: 4204, pid: 1006b9, addr: 202, data: c0005d3c70)
             exe-1050232 [001] ..... 1636865.692671: sys_ptrace -> 0x0
             exe-1049567 [003] ..... 1636865.692681: sys_nanosleep -> 0x0
             exe-1049567 [003] ..... 1636865.692683: sys_nanosleep(rqtp: c000069f10, rmtp: 0)
             exe-1050232 [001] ..... 1636865.692684: sys_pwrite64(fd: 63, buf: 7fd66e43a080, count: 61, pos: 63)
             exe-1050232 [001] ..... 1636865.692686: tracing_mark_write: swapon(path="/victims/proc/self/root/usr/share/vim/vim82/lang/ja", swap_flags=0x564dc5bb9060) end
             exe-1050008 [000] ..... 1636865.754428: tracing_mark_write: swapon(path="/victims/usr/share/locale/nn/LC_MESSAGES", swap_flags=0x564dc5bb9060) start
             exe-1050008 [000] ..... 1636865.754430: sys_pwrite64 -> 0x58
             exe-1050008 [000] ..... 1636865.754437: sys_ptrace(request: 4205, pid: 10059f, addr: 1, data: c0005d3c70)
             exe-1050008 [000] ..... 1636865.754440: sys_ptrace -> 0x0
             exe-1050008 [000] ..... 1636865.754441: sys_ptrace(request: 4205, pid: 10059f, addr: 202, data: c0005d3c70)
             exe-1050008 [000] ..... 1636865.754454: sys_ptrace -> 0x0
             exe-1050008 [000] ..... 1636865.754456: sys_ptrace(request: 1f, pid: 10059f, addr: 0, data: 0)
             exe-1049567 [002] ..... 1636865.754461: sys_nanosleep -> 0x0
             exe-1049567 [002] ..... 1636865.754463: sys_nanosleep(rqtp: c000069f10, rmtp: 0)
             exe-1050008 [000] ..... 1636865.754463: sys_ptrace -> 0x0
             exe-1050008 [000] ..... 1636865.754466: sys_wait4(upid: 10059f, stat_addr: c0005d3bf4, options: 40000002, ru: 0)
             exe-1050015 [000] ..... 1636865.754478: sys_write -> 0x58
             exe-1050008 [000] ..... 1636865.754498: sys_wait4 -> 0x10059f
             exe-1050008 [000] ..... 1636865.754501: sys_ptrace(request: 4204, pid: 10059f, addr: 1, data: c0005d3c70)
             exe-1050008 [000] ..... 1636865.754506: sys_ptrace -> 0x0
             exe-1050008 [000] ..... 1636865.754507: sys_ptrace(request: 4204, pid: 10059f, addr: 202, data: c0005d3c70)
             exe-1049673 [001] ..... 1636865.754509: sys_nanosleep -> 0x0
             exe-1050008 [000] ..... 1636865.754511: sys_ptrace -> 0x0
             exe-1049673 [001] ..... 1636865.754514: sys_nanosleep(rqtp: c000069f10, rmtp: 0)
             exe-1050008 [000] ..... 1636865.754518: sys_ptrace(request: 4205, pid: 10059f, addr: 1, data: c0005d3c70)
             exe-1050008 [000] ..... 1636865.754521: sys_ptrace -> 0x0
             exe-1050008 [000] ..... 1636865.754522: sys_ptrace(request: 4205, pid: 10059f, addr: 202, data: c0005d3c70)
             exe-1050008 [000] ..... 1636865.754534: sys_ptrace -> 0x0
             exe-1050008 [000] ..... 1636865.754536: sys_ptrace(request: 1f, pid: 10059f, addr: 0, data: 0)
             exe-1050008 [000] ..... 1636865.754542: sys_ptrace -> 0x0
             exe-1050008 [000] ..... 1636865.754545: sys_wait4(upid: 10059f, stat_addr: c0005d3bf4, options: 40000002, ru: 0)
             exe-1049567 [002] ..... 1636865.754553: sys_nanosleep -> 0x0
             exe-1049567 [002] ..... 1636865.754555: sys_nanosleep(rqtp: c000069f10, rmtp: 0)
             exe-1050015 [000] ..... 1636865.754556: sys_swapon -> 0xffffffffffffffff
             exe-1050008 [000] ..... 1636865.754573: sys_wait4 -> 0x10059f
             exe-1050008 [000] ..... 1636865.754576: sys_ptrace(request: 4204, pid: 10059f, addr: 1, data: c0005d3c70)
             exe-1050008 [000] ..... 1636865.754580: sys_ptrace -> 0x0
             exe-1050008 [000] ..... 1636865.754582: sys_ptrace(request: 4204, pid: 10059f, addr: 202, data: c0005d3c70)
             exe-1050008 [000] ..... 1636865.754585: sys_ptrace -> 0x0
             exe-1050008 [000] ..... 1636865.754597: sys_pwrite64(fd: 63, buf: 7fd66e43a080, count: 56, pos: 58)
             exe-1050008 [000] ..... 1636865.754599: tracing_mark_write: swapon(path="/victims/usr/share/locale/nn/LC_MESSAGES", swap_flags=0x564dc5bb9060) end
             exe-1050008 [000] ..... 1636865.822409: tracing_mark_write: swapon(path="/victims/usr/share/man/sv/man5", swap_flags=0x564dc5bb9060) start
             exe-1050008 [000] ..... 1636865.822411: sys_pwrite64 -> 0x4e
             exe-1050008 [000] ..... 1636865.822418: sys_ptrace(request: 4205, pid: 10059f, addr: 1, data: c0005d3c70)
             exe-1050008 [000] ..... 1636865.822421: sys_ptrace -> 0x0
             exe-1050008 [000] ..... 1636865.822422: sys_ptrace(request: 4205, pid: 10059f, addr: 202, data: c0005d3c70)
             exe-1049673 [002] ..... 1636865.822423: sys_nanosleep -> 0x0
             exe-1049673 [002] ..... 1636865.822425: sys_nanosleep(rqtp: c000069f10, rmtp: 0)
             exe-1050008 [000] ..... 1636865.822435: sys_ptrace -> 0x0
             exe-1050008 [000] ..... 1636865.822437: sys_ptrace(request: 1f, pid: 10059f, addr: 0, data: 0)
             exe-1050008 [000] .N... 1636865.822445: sys_ptrace -> 0x0
             exe-1050015 [000] ..... 1636865.822456: sys_write -> 0x4e
             exe-1049567 [003] ..... 1636865.822470: sys_nanosleep -> 0x0
             exe-1049567 [003] ..... 1636865.822472: sys_nanosleep(rqtp: c000069f10, rmtp: 0)
             exe-1050008 [000] ..... 1636865.822476: sys_wait4(upid: 10059f, stat_addr: c0005d3bf4, options: 40000002, ru: 0)
             exe-1050008 [000] ..... 1636865.822479: sys_wait4 -> 0x10059f
             exe-1050008 [000] ..... 1636865.822481: sys_ptrace(request: 4204, pid: 10059f, addr: 1, data: c0005d3c70)
             exe-1050008 [000] ..... 1636865.822485: sys_ptrace -> 0x0
             exe-1050008 [000] ..... 1636865.822487: sys_ptrace(request: 4204, pid: 10059f, addr: 202, data: c0005d3c70)
             exe-1050008 [000] ..... 1636865.822490: sys_ptrace -> 0x0
             exe-1050008 [000] ..... 1636865.822496: sys_ptrace(request: 4205, pid: 10059f, addr: 1, data: c0005d3c70)
             exe-1050008 [000] ..... 1636865.822499: sys_ptrace -> 0x0
             exe-1050008 [000] ..... 1636865.822500: sys_ptrace(request: 4205, pid: 10059f, addr: 202, data: c0005d3c70)
             exe-1050008 [000] ..... 1636865.822510: sys_ptrace -> 0x0
             exe-1049673 [002] ..... 1636865.822511: sys_nanosleep -> 0x0
             exe-1050008 [000] ..... 1636865.822512: sys_ptrace(request: 1f, pid: 10059f, addr: 0, data: 0)
             exe-1049673 [002] ..... 1636865.822513: sys_nanosleep(rqtp: c000069f10, rmtp: 0)
             exe-1050008 [000] .N... 1636865.822519: sys_ptrace -> 0x0
             exe-1050015 [000] ..... 1636865.822530: sys_swapon -> 0xffffffffffffffff
             exe-1050008 [000] ..... 1636865.822549: sys_wait4(upid: 10059f, stat_addr: c0005d3bf4, options: 40000002, ru: 0)
             exe-1050008 [000] ..... 1636865.822552: sys_wait4 -> 0x10059f
             exe-1049567 [003] ..... 1636865.822554: sys_nanosleep -> 0x0
             exe-1050008 [000] ..... 1636865.822554: sys_ptrace(request: 4204, pid: 10059f, addr: 1, data: c0005d3c70)
             exe-1049567 [003] ..... 1636865.822555: sys_nanosleep(rqtp: c000069f10, rmtp: 0)
             exe-1050008 [000] ..... 1636865.822558: sys_ptrace -> 0x0
             exe-1050008 [000] ..... 1636865.822559: sys_ptrace(request: 4204, pid: 10059f, addr: 202, data: c0005d3c70)
             exe-1050008 [000] ..... 1636865.822562: sys_ptrace -> 0x0
             exe-1050008 [000] ..... 1636865.822572: sys_pwrite64(fd: 63, buf: 7fd66e43a080, count: 4c, pos: 4e)
             exe-1050008 [000] ..... 1636865.822574: tracing_mark_write: swapon(path="/victims/usr/share/man/sv/man5", swap_flags=0x564dc5bb9060) end
             exe-1050008 [000] ..... 1636865.885862: tracing_mark_write: swapon(path="/victims/usr/share/perl5/Debian", swap_flags=0x564dc5bb9060) start
             exe-1050008 [000] ..... 1636865.885864: sys_pwrite64 -> 0x4f
             exe-1050008 [000] ..... 1636865.885872: sys_ptrace(request: 4205, pid: 10059f, addr: 1, data: c0005d3c70)
             exe-1050008 [000] ..... 1636865.885875: sys_ptrace -> 0x0
             exe-1050008 [000] ..... 1636865.885876: sys_ptrace(request: 4205, pid: 10059f, addr: 202, data: c0005d3c70)
             exe-1050008 [000] ..... 1636865.885889: sys_ptrace -> 0x0
             exe-1050008 [000] ..... 1636865.885891: sys_ptrace(request: 1f, pid: 10059f, addr: 0, data: 0)
             exe-1049567 [002] ..... 1636865.885893: sys_nanosleep -> 0x0
             exe-1049567 [002] ..... 1636865.885899: sys_nanosleep(rqtp: c000069f10, rmtp: 0)
             exe-1050008 [000] .N... 1636865.885899: sys_ptrace -> 0x0
             exe-1050015 [000] ..... 1636865.885911: sys_write -> 0x4f
             exe-1049673 [002] ..... 1636865.885917: sys_nanosleep -> 0x0
             exe-1049673 [002] ..... 1636865.885923: sys_nanosleep(rqtp: c000069f10, rmtp: 0)
             exe-1050008 [000] ..... 1636865.885931: sys_wait4(upid: 10059f, stat_addr: c0005d3bf4, options: 40000002, ru: 0)
             exe-1050008 [000] ..... 1636865.885933: sys_wait4 -> 0x10059f
             exe-1050008 [000] ..... 1636865.885936: sys_ptrace(request: 4204, pid: 10059f, addr: 1, data: c0005d3c70)
             exe-1050008 [000] ..... 1636865.885940: sys_ptrace -> 0x0
             exe-1050008 [000] ..... 1636865.885941: sys_ptrace(request: 4204, pid: 10059f, addr: 202, data: c0005d3c70)
             exe-1050008 [000] ..... 1636865.885944: sys_ptrace -> 0x0
             exe-1050008 [000] ..... 1636865.885950: sys_ptrace(request: 4205, pid: 10059f, addr: 1, data: c0005d3c70)
             exe-1050008 [000] ..... 1636865.885953: sys_ptrace -> 0x0
             exe-1050008 [000] ..... 1636865.885954: sys_ptrace(request: 4205, pid: 10059f, addr: 202, data: c0005d3c70)
             exe-1050008 [000] ..... 1636865.885965: sys_ptrace -> 0x0
             exe-1050008 [000] ..... 1636865.885966: sys_ptrace(request: 1f, pid: 10059f, addr: 0, data: 0)
             exe-1050008 [000] .N... 1636865.885973: sys_ptrace -> 0x0
             exe-1050015 [000] ..... 1636865.885984: sys_swapon -> 0xffffffffffffffff
             exe-1050008 [000] ..... 1636865.886003: sys_wait4(upid: 10059f, stat_addr: c0005d3bf4, options: 40000002, ru: 0)
             exe-1050008 [000] ..... 1636865.886006: sys_wait4 -> 0x10059f
             exe-1050008 [000] ..... 1636865.886008: sys_ptrace(request: 4204, pid: 10059f, addr: 1, data: c0005d3c70)
             exe-1050008 [000] ..... 1636865.886012: sys_ptrace -> 0x0
             exe-1050008 [000] ..... 1636865.886014: sys_ptrace(request: 4204, pid: 10059f, addr: 202, data: c0005d3c70)
             exe-1049567 [002] ..... 1636865.886016: sys_nanosleep -> 0x0
             exe-1050008 [000] ..... 1636865.886017: sys_ptrace -> 0x0
             exe-1049567 [002] ..... 1636865.886022: sys_nanosleep(rqtp: c000069f10, rmtp: 0)
             exe-1050008 [000] ..... 1636865.886027: sys_pwrite64(fd: 63, buf: 7fd66e43a080, count: 4d, pos: 4f)
             exe-1050008 [000] ..... 1636865.886029: tracing_mark_write: swapon(path="/victims/usr/share/perl5/Debian", swap_flags=0x564dc5bb9060) end
             exe-1050008 [000] ..... 1636865.946451: tracing_mark_write: swapon(path="/victims/proc/self/root/usr/share/doc/libsasl2-modules", swap_flags=0x564dc5bb9060) start
             exe-1050008 [000] ..... 1636865.946453: sys_pwrite64 -> 0x66
             exe-1050008 [000] ..... 1636865.946464: sys_ptrace(request: 4205, pid: 10059f, addr: 1, data: c0005d3c70)
             exe-1050008 [000] ..... 1636865.946469: sys_ptrace -> 0x0
             exe-1050008 [000] ..... 1636865.946472: sys_ptrace(request: 4205, pid: 10059f, addr: 202, data: c0005d3c70)
             exe-1050008 [000] ..... 1636865.946494: sys_ptrace -> 0x0
             exe-1050008 [000] ..... 1636865.946497: sys_ptrace(request: 1f, pid: 10059f, addr: 0, data: 0)
             exe-1050008 [000] .N... 1636865.946508: sys_ptrace -> 0x0
             exe-1049567 [002] ..... 1636865.946516: sys_nanosleep -> 0x0
             exe-1049567 [002] ..... 1636865.946522: sys_nanosleep(rqtp: c000069f10, rmtp: 0)
             exe-1050015 [000] ..... 1636865.946524: sys_write -> 0x66
             exe-1049673 [002] ..... 1636865.946541: sys_nanosleep -> 0x0
             exe-1049673 [002] ..... 1636865.946547: sys_nanosleep(rqtp: c000069f10, rmtp: 0)
             exe-1050008 [000] ..... 1636865.946552: sys_wait4(upid: 10059f, stat_addr: c0005d3bf4, options: 40000002, ru: 0)
             exe-1050008 [000] ..... 1636865.946556: sys_wait4 -> 0x10059f
             exe-1050008 [000] ..... 1636865.946560: sys_ptrace(request: 4204, pid: 10059f, addr: 1, data: c0005d3c70)
             exe-1050008 [000] ..... 1636865.946566: sys_ptrace -> 0x0
             exe-1050008 [000] ..... 1636865.946568: sys_ptrace(request: 4204, pid: 10059f, addr: 202, data: c0005d3c70)
             exe-1050008 [000] ..... 1636865.946572: sys_ptrace -> 0x0
             exe-1050008 [000] ..... 1636865.946582: sys_ptrace(request: 4205, pid: 10059f, addr: 1, data: c0005d3c70)
             exe-1050008 [000] ..... 1636865.946587: sys_ptrace -> 0x0
             exe-1050008 [000] ..... 1636865.946588: sys_ptrace(request: 4205, pid: 10059f, addr: 202, data: c0005d3c70)
             exe-1050008 [000] ..... 1636865.946610: sys_ptrace -> 0x0
             exe-1050008 [000] ..... 1636865.946613: sys_ptrace(request: 1f, pid: 10059f, addr: 0, data: 0)
             exe-1050008 [000] .N... 1636865.946624: sys_ptrace -> 0x0
             exe-1050015 [000] ..... 1636865.946638: sys_swapon -> 0xffffffffffffffff
             exe-1049567 [002] ..... 1636865.946639: sys_nanosleep -> 0x0
             exe-1049567 [002] ..... 1636865.946645: sys_nanosleep(rqtp: c000069f10, rmtp: 0)
             exe-1049673 [002] ..... 1636865.946663: sys_nanosleep -> 0x0
             exe-1050008 [000] ..... 1636865.946665: sys_wait4(upid: 10059f, stat_addr: c0005d3bf4, options: 40000002, ru: 0)
             exe-1049673 [002] ..... 1636865.946669: sys_nanosleep(rqtp: c000069f10, rmtp: 0)
             exe-1050008 [000] ..... 1636865.946669: sys_wait4 -> 0x10059f
             exe-1050008 [000] ..... 1636865.946673: sys_ptrace(request: 4204, pid: 10059f, addr: 1, data: c0005d3c70)
             exe-1050008 [000] ..... 1636865.946678: sys_ptrace -> 0x0
             exe-1050008 [000] ..... 1636865.946681: sys_ptrace(request: 4204, pid: 10059f, addr: 202, data: c0005d3c70)
             exe-1050008 [000] ..... 1636865.946685: sys_ptrace -> 0x0
             exe-1050008 [000] ..... 1636865.946702: sys_pwrite64(fd: 63, buf: 7fd66e43a080, count: 64, pos: 66)
             exe-1050008 [000] ..... 1636865.946706: tracing_mark_write: swapon(path="/victims/proc/self/root/usr/share/doc/libsasl2-modules", swap_flags=0x564dc5bb9060) end
             exe-1050008 [000] ..... 1636866.014744: tracing_mark_write: swapon(path="/victims/proc/self/root/usr/lib/x86_64-linux-gnu/perl-base/unicore", swap_flags=0x564dc5bb9060) start
             exe-1050008 [000] ..... 1636866.014746: sys_pwrite64 -> 0x72
             exe-1050008 [000] ..... 1636866.014758: sys_ptrace(request: 4205, pid: 10059f, addr: 1, data: c0005d3c70)
             exe-1050008 [000] ..... 1636866.014762: sys_ptrace -> 0x0
             exe-1050008 [000] ..... 1636866.014764: sys_ptrace(request: 4205, pid: 10059f, addr: 202, data: c0005d3c70)
             exe-1050008 [000] ..... 1636866.014783: sys_ptrace -> 0x0
             exe-1050008 [000] ..... 1636866.014786: sys_ptrace(request: 1f, pid: 10059f, addr: 0, data: 0)
             exe-1050008 [000] .N... 1636866.014799: sys_ptrace -> 0x0
             exe-1049567 [002] ..... 1636866.014802: sys_nanosleep -> 0x0
             exe-1049567 [002] ..... 1636866.014808: sys_nanosleep(rqtp: c000069f10, rmtp: 0)
             exe-1050015 [000] ..... 1636866.014814: sys_write -> 0x72
             exe-1049673 [002] ..... 1636866.014827: sys_nanosleep -> 0x0
             exe-1049673 [002] ..... 1636866.014833: sys_nanosleep(rqtp: c000069f10, rmtp: 0)
             exe-1050008 [000] ..... 1636866.014843: sys_wait4(upid: 10059f, stat_addr: c0005d3bf4, options: 40000002, ru: 0)
             exe-1050008 [000] ..... 1636866.014847: sys_wait4 -> 0x10059f
             exe-1050008 [000] ..... 1636866.014851: sys_ptrace(request: 4204, pid: 10059f, addr: 1, data: c0005d3c70)
             exe-1050008 [000] ..... 1636866.014857: sys_ptrace -> 0x0
             exe-1050008 [000] ..... 1636866.014860: sys_ptrace(request: 4204, pid: 10059f, addr: 202, data: c0005d3c70)
             exe-1050008 [000] ..... 1636866.014864: sys_ptrace -> 0x0
             exe-1050008 [000] ..... 1636866.014874: sys_ptrace(request: 4205, pid: 10059f, addr: 1, data: c0005d3c70)
             exe-1050008 [000] ..... 1636866.014878: sys_ptrace -> 0x0
             exe-1050008 [000] ..... 1636866.014880: sys_ptrace(request: 4205, pid: 10059f, addr: 202, data: c0005d3c70)
             exe-1050008 [000] ..... 1636866.014901: sys_ptrace -> 0x0
             exe-1050008 [000] ..... 1636866.014904: sys_ptrace(request: 1f, pid: 10059f, addr: 0, data: 0)
             exe-1050008 [000] .N... 1636866.014916: sys_ptrace -> 0x0
             exe-1049567 [002] ..... 1636866.014921: sys_nanosleep -> 0x0
             exe-1049567 [002] ..... 1636866.014927: sys_nanosleep(rqtp: c000069f10, rmtp: 0)
             exe-1050015 [000] ..... 1636866.014931: sys_swapon -> 0xffffffffffffffff
             exe-1049673 [002] ..... 1636866.014946: sys_nanosleep -> 0x0
             exe-1049673 [002] ..... 1636866.014951: sys_nanosleep(rqtp: c000069f10, rmtp: 0)
             exe-1050008 [000] ..... 1636866.014959: sys_wait4(upid: 10059f, stat_addr: c0005d3bf4, options: 40000002, ru: 0)
             exe-1050008 [000] ..... 1636866.014963: sys_wait4 -> 0x10059f
             exe-1050008 [000] ..... 1636866.014967: sys_ptrace(request: 4204, pid: 10059f, addr: 1, data: c0005d3c70)
             exe-1050008 [000] ..... 1636866.014973: sys_ptrace -> 0x0
             exe-1050008 [000] ..... 1636866.014975: sys_ptrace(request: 4204, pid: 10059f, addr: 202, data: c0005d3c70)
             exe-1050008 [000] ..... 1636866.015007: sys_ptrace -> 0x0
             exe-1050008 [000] ..... 1636866.015030: sys_pwrite64(fd: 63, buf: 7fd66e43a080, count: 70, pos: 72)
             exe-1050008 [000] ..... 1636866.015034: tracing_mark_write: swapon(path="/victims/proc/self/root/usr/lib/x86_64-linux-gnu/perl-base/unicore", swap_flags=0x564dc5bb9060) end
             exe-1050008 [000] ..... 1636866.078507: tracing_mark_write: swapon(path="/victims/usr/share/vim/vim82/lang/zh_TW/LC_MESSAGES/", swap_flags=0x564dc5bb9060) start
             exe-1050008 [000] ..... 1636866.078509: sys_pwrite64 -> 0x64
             exe-1050008 [000] ..... 1636866.078516: sys_ptrace(request: 4205, pid: 10059f, addr: 1, data: c0005d3c70)
             exe-1050008 [000] ..... 1636866.078519: sys_ptrace -> 0x0
             exe-1050008 [000] ..... 1636866.078520: sys_ptrace(request: 4205, pid: 10059f, addr: 202, data: c0005d3c70)
             exe-1050008 [000] ..... 1636866.078533: sys_ptrace -> 0x0
             exe-1050008 [000] ..... 1636866.078534: sys_ptrace(request: 1f, pid: 10059f, addr: 0, data: 0)
             exe-1050008 [000] .N... 1636866.078542: sys_ptrace -> 0x0
             exe-1050015 [000] ..... 1636866.078553: sys_write -> 0x64
             exe-1050008 [000] ..... 1636866.078573: sys_wait4(upid: 10059f, stat_addr: c0005d3bf4, options: 40000002, ru: 0)
             exe-1050008 [000] ..... 1636866.078576: sys_wait4 -> 0x10059f
             exe-1050008 [000] ..... 1636866.078579: sys_ptrace(request: 4204, pid: 10059f, addr: 1, data: c0005d3c70)
             exe-1050008 [000] ..... 1636866.078582: sys_ptrace -> 0x0
             exe-1050008 [000] ..... 1636866.078584: sys_ptrace(request: 4204, pid: 10059f, addr: 202, data: c0005d3c70)
             exe-1050008 [000] ..... 1636866.078587: sys_ptrace -> 0x0
             exe-1050008 [000] ..... 1636866.078593: sys_ptrace(request: 4205, pid: 10059f, addr: 1, data: c0005d3c70)
             exe-1050008 [000] ..... 1636866.078595: sys_ptrace -> 0x0
             exe-1050008 [000] ..... 1636866.078597: sys_ptrace(request: 4205, pid: 10059f, addr: 202, data: c0005d3c70)
             exe-1050008 [000] ..... 1636866.078607: sys_ptrace -> 0x0
             exe-1050008 [000] ..... 1636866.078609: sys_ptrace(request: 1f, pid: 10059f, addr: 0, data: 0)
             exe-1050008 [000] .N... 1636866.078615: sys_ptrace -> 0x0
             exe-1050015 [000] ..... 1636866.078626: sys_swapon -> 0xffffffffffffffff
             exe-1050008 [000] ..... 1636866.078646: sys_wait4(upid: 10059f, stat_addr: c0005d3bf4, options: 40000002, ru: 0)
             exe-1050008 [000] ..... 1636866.078649: sys_wait4 -> 0x10059f
             exe-1050008 [000] ..... 1636866.078651: sys_ptrace(request: 4204, pid: 10059f, addr: 1, data: c0005d3c70)
             exe-1050008 [000] ..... 1636866.078654: sys_ptrace -> 0x0
             exe-1050008 [000] ..... 1636866.078657: sys_ptrace(request: 4204, pid: 10059f, addr: 202, data: c0005d3c70)
             exe-1050008 [000] ..... 1636866.078659: sys_ptrace -> 0x0
             exe-1050008 [000] ..... 1636866.078669: sys_pwrite64(fd: 63, buf: 7fd66e43a080, count: 62, pos: 64)
             exe-1050008 [000] ..... 1636866.078671: tracing_mark_write: swapon(path="/victims/usr/share/vim/vim82/lang/zh_TW/LC_MESSAGES/", swap_flags=0x564dc5bb9060) end
             exe-1050008 [000] ..... 1636866.137444: tracing_mark_write: swapon(path="/victims/usr/share/locale/ru/LC_MESSAGES", swap_flags=0x564dc5bb9060) start
             exe-1050008 [000] ..... 1636866.137445: sys_pwrite64 -> 0x58
             exe-1050008 [000] ..... 1636866.137453: sys_ptrace(request: 4205, pid: 10059f, addr: 1, data: c0005d3c70)
             exe-1050008 [000] ..... 1636866.137456: sys_ptrace -> 0x0
             exe-1050008 [000] ..... 1636866.137457: sys_ptrace(request: 4205, pid: 10059f, addr: 202, data: c0005d3c70)
             exe-1050008 [000] ..... 1636866.137470: sys_ptrace -> 0x0
             exe-1050008 [000] ..... 1636866.137472: sys_ptrace(request: 1f, pid: 10059f, addr: 0, data: 0)
             exe-1050008 [000] .N... 1636866.137480: sys_ptrace -> 0x0
             exe-1050015 [000] ..... 1636866.137492: sys_write -> 0x58
             exe-1050008 [000] ..... 1636866.137512: sys_wait4(upid: 10059f, stat_addr: c0005d3bf4, options: 40000002, ru: 0)
             exe-1050008 [000] ..... 1636866.137515: sys_wait4 -> 0x10059f
             exe-1050008 [000] ..... 1636866.137517: sys_ptrace(request: 4204, pid: 10059f, addr: 1, data: c0005d3c70)
             exe-1050008 [000] ..... 1636866.137521: sys_ptrace -> 0x0
             exe-1050008 [000] ..... 1636866.137522: sys_ptrace(request: 4204, pid: 10059f, addr: 202, data: c0005d3c70)
             exe-1050008 [000] ..... 1636866.137525: sys_ptrace -> 0x0
             exe-1049567 [002] ..... 1636866.137525: sys_nanosleep -> 0x0
             exe-1050008 [000] ..... 1636866.137531: sys_ptrace(request: 4205, pid: 10059f, addr: 1, data: c0005d3c70)
             exe-1049567 [002] ..... 1636866.137532: sys_nanosleep(rqtp: c000069f10, rmtp: 0)
             exe-1050008 [000] ..... 1636866.137533: sys_ptrace -> 0x0
             exe-1050008 [000] ..... 1636866.137535: sys_ptrace(request: 4205, pid: 10059f, addr: 202, data: c0005d3c70)
             exe-1050008 [000] ..... 1636866.137545: sys_ptrace -> 0x0
             exe-1050008 [000] ..... 1636866.137547: sys_ptrace(request: 1f, pid: 10059f, addr: 0, data: 0)
             exe-1049673 [002] ..... 1636866.137550: sys_nanosleep -> 0x0
             exe-1050008 [000] .N... 1636866.137554: sys_ptrace -> 0x0
             exe-1049673 [002] ..... 1636866.137556: sys_nanosleep(rqtp: c000069f10, rmtp: 0)
             exe-1050015 [000] ..... 1636866.137564: sys_swapon -> 0xffffffffffffffff
             exe-1050008 [000] ..... 1636866.137584: sys_wait4(upid: 10059f, stat_addr: c0005d3bf4, options: 40000002, ru: 0)
             exe-1050008 [000] ..... 1636866.137587: sys_wait4 -> 0x10059f
             exe-1050008 [000] ..... 1636866.137589: sys_ptrace(request: 4204, pid: 10059f, addr: 1, data: c0005d3c70)
             exe-1050008 [000] ..... 1636866.137593: sys_ptrace -> 0x0
             exe-1050008 [000] ..... 1636866.137595: sys_ptrace(request: 4204, pid: 10059f, addr: 202, data: c0005d3c70)
             exe-1050008 [000] ..... 1636866.137597: sys_ptrace -> 0x0
             exe-1050008 [000] ..... 1636866.137608: sys_pwrite64(fd: 63, buf: 7fd66e43a080, count: 56, pos: 58)
             exe-1050008 [000] ..... 1636866.137609: tracing_mark_write: swapon(path="/victims/usr/share/locale/ru/LC_MESSAGES", swap_flags=0x564dc5bb9060) end
             exe-1050008 [000] ..... 1636866.193718: tracing_mark_write: swapon(path="/victims/usr/bin", swap_flags=0x564dc5bb9060) start
             exe-1050008 [000] ..... 1636866.193720: sys_pwrite64 -> 0x40
             exe-1049673 [001] ..... 1636866.193722: sys_nanosleep -> 0x0
             exe-1049567 [002] ..... 1636866.193725: sys_nanosleep -> 0x0
             exe-1049673 [001] ..... 1636866.193726: sys_futex(uaddr: 1f09dc0, op: 80, val: 0, utime: c000069eb0, uaddr2: 0, val3: 0)
             exe-1050008 [000] ..... 1636866.193727: sys_ptrace(request: 4205, pid: 10059f, addr: 1, data: c0005d3c70)
             exe-1050008 [000] ..... 1636866.193730: sys_ptrace -> 0x0
             exe-1049567 [002] ..... 1636866.193731: sys_nanosleep(rqtp: c000069f10, rmtp: 0)
             exe-1050008 [000] ..... 1636866.193732: sys_ptrace(request: 4205, pid: 10059f, addr: 202, data: c0005d3c70)
             exe-1050008 [000] ..... 1636866.193744: sys_ptrace -> 0x0
             exe-1050008 [000] ..... 1636866.193745: sys_ptrace(request: 1f, pid: 10059f, addr: 0, data: 0)
             exe-1050008 [000] .N... 1636866.193753: sys_ptrace -> 0x0
             exe-1050015 [000] ..... 1636866.193764: sys_write -> 0x40
             exe-1050008 [000] ..... 1636866.193784: sys_wait4(upid: 10059f, stat_addr: c0005d3bf4, options: 40000002, ru: 0)
             exe-1050008 [000] ..... 1636866.193787: sys_wait4 -> 0x10059f
             exe-1050008 [000] ..... 1636866.193789: sys_ptrace(request: 4204, pid: 10059f, addr: 1, data: c0005d3c70)
             exe-1050008 [000] ..... 1636866.193793: sys_ptrace -> 0x0
             exe-1050008 [000] ..... 1636866.193795: sys_ptrace(request: 4204, pid: 10059f, addr: 202, data: c0005d3c70)
             exe-1050008 [000] ..... 1636866.193797: sys_ptrace -> 0x0
             exe-1050008 [000] ..... 1636866.193803: sys_ptrace(request: 4205, pid: 10059f, addr: 1, data: c0005d3c70)
             exe-1050008 [000] ..... 1636866.193806: sys_ptrace -> 0x0
             exe-1050008 [000] ..... 1636866.193807: sys_ptrace(request: 4205, pid: 10059f, addr: 202, data: c0005d3c70)
             exe-1050008 [000] ..... 1636866.193817: sys_ptrace -> 0x0
             exe-1050008 [000] ..... 1636866.193819: sys_ptrace(request: 1f, pid: 10059f, addr: 0, data: 0)
             exe-1050008 [000] .N... 1636866.193826: sys_ptrace -> 0x0
             exe-1049567 [002] ..... 1636866.193834: sys_nanosleep -> 0x0
             exe-1050015 [000] ..... 1636866.193836: sys_swapon -> 0xffffffffffffffff
             exe-1049567 [002] ..... 1636866.193840: sys_nanosleep(rqtp: c000069f10, rmtp: 0)
             exe-1050008 [000] ..... 1636866.193856: sys_wait4(upid: 10059f, stat_addr: c0005d3bf4, options: 40000002, ru: 0)
             exe-1050008 [000] ..... 1636866.193859: sys_wait4 -> 0x10059f
             exe-1050008 [000] ..... 1636866.193861: sys_ptrace(request: 4204, pid: 10059f, addr: 1, data: c0005d3c70)
             exe-1050008 [000] ..... 1636866.193865: sys_ptrace -> 0x0
             exe-1050008 [000] ..... 1636866.193867: sys_ptrace(request: 4204, pid: 10059f, addr: 202, data: c0005d3c70)
             exe-1050008 [000] ..... 1636866.193869: sys_ptrace -> 0x0
             exe-1050008 [000] ..... 1636866.193879: sys_pwrite64(fd: 63, buf: 7fd66e43a080, count: 3e, pos: 40)
             exe-1050008 [000] ..... 1636866.193881: tracing_mark_write: swapon(path="/victims/usr/bin", swap_flags=0x564dc5bb9060) end
             exe-1050008 [000] ..... 1636866.273435: tracing_mark_write: swapon(path="/victims/usr/share/doc/lsb-base", swap_flags=0x564dc5bb9060) start
             exe-1050008 [000] ..... 1636866.273437: sys_pwrite64 -> 0x4f
             exe-1050008 [000] ..... 1636866.273445: sys_ptrace(request: 4205, pid: 10059f, addr: 1, data: c0005d3c70)
             exe-1050008 [000] ..... 1636866.273448: sys_ptrace -> 0x0
             exe-1050008 [000] ..... 1636866.273450: sys_ptrace(request: 4205, pid: 10059f, addr: 202, data: c0005d3c70)
             exe-1050008 [000] ..... 1636866.273462: sys_ptrace -> 0x0
             exe-1050008 [000] ..... 1636866.273464: sys_ptrace(request: 1f, pid: 10059f, addr: 0, data: 0)
             exe-1050008 [000] .N... 1636866.273473: sys_ptrace -> 0x0
             exe-1050015 [000] ..... 1636866.273484: sys_write -> 0x4f
             exe-1049567 [002] ..... 1636866.273500: sys_nanosleep -> 0x0
             exe-1050008 [000] ..... 1636866.273504: sys_wait4(upid: 10059f, stat_addr: c0005d3bf4, options: 40000002, ru: 0)
             exe-1049567 [002] ..... 1636866.273505: sys_nanosleep(rqtp: c000069f10, rmtp: 0)
             exe-1050008 [000] ..... 1636866.273507: sys_wait4 -> 0x10059f
             exe-1049673 [001] ..... 1636866.273508: sys_nanosleep -> 0x0
             exe-1050008 [000] ..... 1636866.273510: sys_ptrace(request: 4204, pid: 10059f, addr: 1, data: c0005d3c70)
             exe-1049673 [001] ..... 1636866.273510: sys_nanosleep(rqtp: c000069f10, rmtp: 0)
             exe-1050008 [000] ..... 1636866.273514: sys_ptrace -> 0x0
             exe-1050008 [000] ..... 1636866.273515: sys_ptrace(request: 4204, pid: 10059f, addr: 202, data: c0005d3c70)
             exe-1050008 [000] ..... 1636866.273518: sys_ptrace -> 0x0
             exe-1050008 [000] ..... 1636866.273524: sys_ptrace(request: 4205, pid: 10059f, addr: 1, data: c0005d3c70)
             exe-1050008 [000] ..... 1636866.273527: sys_ptrace -> 0x0
             exe-1050008 [000] ..... 1636866.273528: sys_ptrace(request: 4205, pid: 10059f, addr: 202, data: c0005d3c70)
             exe-1050008 [000] ..... 1636866.273540: sys_ptrace -> 0x0
             exe-1050008 [000] ..... 1636866.273542: sys_ptrace(request: 1f, pid: 10059f, addr: 0, data: 0)
             exe-1050008 [000] .N... 1636866.273549: sys_ptrace -> 0x0
             exe-1050015 [000] ..... 1636866.273560: sys_swapon -> 0xffffffffffffffff
             exe-1050008 [000] ..... 1636866.273579: sys_wait4(upid: 10059f, stat_addr: c0005d3bf4, options: 40000002, ru: 0)
             exe-1050008 [000] ..... 1636866.273581: sys_wait4 -> 0x10059f
             exe-1050008 [000] ..... 1636866.273584: sys_ptrace(request: 4204, pid: 10059f, addr: 1, data: c0005d3c70)
             exe-1050008 [000] ..... 1636866.273587: sys_ptrace -> 0x0
             exe-1050008 [000] ..... 1636866.273589: sys_ptrace(request: 4204, pid: 10059f, addr: 202, data: c0005d3c70)
             exe-1050008 [000] ..... 1636866.273592: sys_ptrace -> 0x0
             exe-1049673 [001] ..... 1636866.273596: sys_nanosleep -> 0x0
             exe-1049673 [001] ..... 1636866.273599: sys_nanosleep(rqtp: c000069f10, rmtp: 0)
             exe-1050008 [000] ..... 1636866.273602: sys_pwrite64(fd: 63, buf: 7fd66e43a080, count: 4d, pos: 4f)
             exe-1050008 [000] ..... 1636866.273604: tracing_mark_write: swapon(path="/victims/usr/share/doc/lsb-base", swap_flags=0x564dc5bb9060) end
