             exe-1049722 [000] ..... 1636863.278492: tracing_mark_write: swapon(path="/victims/proc/self/root/usr/share/locale/fr", swap_flags=0x7fd5e6819d00) start
             exe-1049722 [000] ..... 1636863.278509: sys_pwrite64 -> 0x5b
             exe-1049722 [000] ..... 1636863.278517: sys_ptrace(request: 4205, pid: 1005f3, addr: 1, data: c0005d3c70)
             exe-1049722 [000] ..... 1636863.278519: sys_ptrace -> 0x0
             exe-1049722 [000] ..... 1636863.278520: sys_ptrace(request: 4205, pid: 1005f3, addr: 202, data: c0005d3c70)
             exe-1049722 [000] ..... 1636863.278531: sys_ptrace -> 0x0
             exe-1049722 [000] ..... 1636863.278533: sys_ptrace(request: 1f, pid: 1005f3, addr: 0, data: 0)
             exe-1049722 [000] .N... 1636863.278540: sys_ptrace -> 0x0
             exe-1050099 [000] ..... 1636863.278549: sys_write -> 0x5b
             exe-1049722 [000] ..... 1636863.278568: sys_wait4(upid: 1005f3, stat_addr: c0005d3bf4, options: 40000002, ru: 0)
             exe-1049722 [000] ..... 1636863.278570: sys_wait4 -> 0x1005f3
             exe-1049722 [000] ..... 1636863.278572: sys_ptrace(request: 4204, pid: 1005f3, addr: 1, data: c0005d3c70)
             exe-1049722 [000] ..... 1636863.278575: sys_ptrace -> 0x0
             exe-1049722 [000] ..... 1636863.278577: sys_ptrace(request: 4204, pid: 1005f3, addr: 202, data: c0005d3c70)
             exe-1049722 [000] ..... 1636863.278579: sys_ptrace -> 0x0
             exe-1049722 [000] ..... 1636863.278584: sys_ptrace(request: 4205, pid: 1005f3, addr: 1, data: c0005d3c70)
             exe-1049722 [000] ..... 1636863.278586: sys_ptrace -> 0x0
             exe-1049722 [000] ..... 1636863.278588: sys_ptrace(request: 4205, pid: 1005f3, addr: 202, data: c0005d3c70)
             exe-1049722 [000] ..... 1636863.278596: sys_ptrace -> 0x0
             exe-1049722 [000] ..... 1636863.278598: sys_ptrace(request: 1f, pid: 1005f3, addr: 0, data: 0)
             exe-1049722 [000] .N... 1636863.278603: sys_ptrace -> 0x0
             exe-1050099 [000] ..... 1636863.278612: sys_swapon -> 0xffffffffffffffff
             exe-1049722 [000] ..... 1636863.278628: sys_wait4(upid: 1005f3, stat_addr: c0005d3bf4, options: 40000002, ru: 0)
             exe-1049722 [000] ..... 1636863.278630: sys_wait4 -> 0x1005f3
             exe-1049722 [000] ..... 1636863.278633: sys_ptrace(request: 4204, pid: 1005f3, addr: 1, data: c0005d3c70)
             exe-1049722 [000] ..... 1636863.278636: sys_ptrace -> 0x0
             exe-1049722 [000] ..... 1636863.278637: sys_ptrace(request: 4204, pid: 1005f3, addr: 202, data: c0005d3c70)
             exe-1049722 [000] ..... 1636863.278639: sys_ptrace -> 0x0
             exe-1049722 [000] ..... 1636863.278648: sys_pwrite64(fd: 63, buf: 7fd66e43a080, count: 59, pos: 5b)
             exe-1049722 [000] ..... 1636863.278649: tracing_mark_write: swapon(path="/victims/proc/self/root/usr/share/locale/fr", swap_flags=0x7fd5e6819d00) end
             exe-1049722 [000] ..... 1636863.350325: tracing_mark_write: swapon(path="/victims/proc/self/root/usr/share/perl/5.34.0/CPAN/LWP", swap_flags=0x7fd5e6819d00) start
             exe-1049722 [000] ..... 1636863.350327: sys_pwrite64 -> 0x66
             exe-1049673 [000] ..... 1636863.350369: sys_nanosleep -> 0x0
             exe-1049673 [000] ..... 1636863.350375: sys_nanosleep(rqtp: c000069f10, rmtp: 0)
             exe-1049722 [000] ..... 1636863.350405: sys_ptrace(request: 4205, pid: 1005f3, addr: 1, data: c0005d3c70)
             exe-1049722 [000] ..... 1636863.350411: sys_ptrace -> 0x0
             exe-1049722 [000] ..... 1636863.350412: sys_ptrace(request: 4205, pid: 1005f3, addr: 202, data: c0005d3c70)
             exe-1049722 [000] ..... 1636863.350434: sys_ptrace -> 0x0
             exe-1049722 [000] ..... 1636863.350436: sys_ptrace(request: 1f, pid: 1005f3, addr: 0, data: 0)
             exe-1049722 [000] .N... 1636863.350443: sys_ptrace -> 0x0
             exe-1050099 [000] ..... 1636863.350484: sys_write -> 0x66
             exe-1050289 [002] ..... 1636863.350489: sys_epoll_pwait -> 0x0
             exe-1049673 [000] ..... 1636863.350504: sys_nanosleep -> 0x0
             exe-1050289 [002] ..... 1636863.350505: sys_epoll_pwait(epfd: 11, events: c0022e5840, maxevents: 80, timeout: 1, sigmask: 0, sigsetsize: 0)
             exe-1049673 [000] ..... 1636863.350511: sys_nanosleep(rqtp: c000069f10, rmtp: 0)
             exe-1049722 [000] ..... 1636863.350543: sys_wait4(upid: 1005f3, stat_addr: c0005d3bf4, options: 40000002, ru: 0)
             exe-1049722 [000] ..... 1636863.350547: sys_wait4 -> 0x1005f3
             exe-1049722 [000] ..... 1636863.350550: sys_ptrace(request: 4204, pid: 1005f3, addr: 1, data: c0005d3c70)
             exe-1049722 [000] ..... 1636863.350555: sys_ptrace -> 0x0
             exe-1049722 [000] ..... 1636863.350556: sys_ptrace(request: 4204, pid: 1005f3, addr: 202, data: c0005d3c70)
             exe-1049722 [000] ..... 1636863.350560: sys_ptrace -> 0x0
             exe-1049722 [000] ..... 1636863.350568: sys_ptrace(request: 4205, pid: 1005f3, addr: 1, data: c0005d3c70)
             exe-1049722 [000] ..... 1636863.350571: sys_ptrace -> 0x0
             exe-1049722 [000] ..... 1636863.350573: sys_ptrace(request: 4205, pid: 1005f3, addr: 202, data: c0005d3c70)
             exe-1049673 [000] ..... 1636863.350623: sys_nanosleep -> 0x0
             exe-1049673 [000] ..... 1636863.350630: sys_nanosleep(rqtp: c000069f10, rmtp: 0)
             exe-1049722 [000] ..... 1636863.350660: sys_ptrace -> 0x0
             exe-1049722 [000] ..... 1636863.350664: sys_ptrace(request: 1f, pid: 1005f3, addr: 0, data: 0)
             exe-1049722 [000] .N... 1636863.350672: sys_ptrace -> 0x0
             exe-1050099 [000] ..... 1636863.350685: sys_swapon -> 0xffffffffffffffff
             exe-1049673 [000] ..... 1636863.350740: sys_nanosleep -> 0x0
             exe-1049673 [000] ..... 1636863.350763: sys_nanosleep(rqtp: c000069f10, rmtp: 0)
             exe-1049722 [000] ..... 1636863.350792: sys_wait4(upid: 1005f3, stat_addr: c0005d3bf4, options: 40000002, ru: 0)
             exe-1049722 [000] ..... 1636863.350796: sys_wait4 -> 0x1005f3
             exe-1049722 [000] ..... 1636863.350798: sys_ptrace(request: 4204, pid: 1005f3, addr: 1, data: c0005d3c70)
             exe-1049722 [000] ..... 1636863.350802: sys_ptrace -> 0x0
             exe-1049722 [000] ..... 1636863.350804: sys_ptrace(request: 4204, pid: 1005f3, addr: 202, data: c0005d3c70)
             exe-1049722 [000] ..... 1636863.350807: sys_ptrace -> 0x0
             exe-1049722 [000] ..... 1636863.350824: sys_pwrite64(fd: 63, buf: 7fd66e43a080, count: 64, pos: 66)
             exe-1049722 [000] ..... 1636863.350827: tracing_mark_write: swapon(path="/victims/proc/self/root/usr/share/perl/5.34.0/CPAN/LWP", swap_flags=0x7fd5e6819d00) end
             exe-1049722 [001] ..... 1636863.435250: tracing_mark_write: swapon(path="/victims/proc/self/root/usr/share/locale/sk/LC_TIME", swap_flags=0x7fd5e6819d00) start
             exe-1049722 [001] ..... 1636863.435268: sys_pwrite64 -> 0x63
             exe-1049722 [001] ..... 1636863.435275: sys_ptrace(request: 4205, pid: 1005f3, addr: 1, data: c0005d3c70)
             exe-1049673 [000] ..... 1636863.435281: sys_futex -> 0x0
             exe-1049722 [001] ..... 1636863.435282: sys_ptrace -> 0x0
             exe-1049722 [001] ..... 1636863.435283: sys_ptrace(request: 4205, pid: 1005f3, addr: 202, data: c0005d3c70)
             exe-1049673 [000] ..... 1636863.435289: sys_futex(uaddr: c000383948, op: 81, val: 1, utime: 0, uaddr2: 0, val3: 0)
             exe-1049722 [001] ..... 1636863.435293: sys_ptrace -> 0x0
             exe-1049722 [001] ..... 1636863.435295: sys_ptrace(request: 1f, pid: 1005f3, addr: 0, data: 0)
             exe-1049722 [001] ..... 1636863.435320: sys_ptrace -> 0x0
             exe-1049722 [001] ..... 1636863.435322: sys_wait4(upid: 1005f3, stat_addr: c0005d3bf4, options: 40000002, ru: 0)
             exe-1049673 [000] .N... 1636863.435346: sys_futex -> 0x1
             exe-1050099 [000] ..... 1636863.435383: sys_write -> 0x63
             exe-1049722 [001] ..... 1636863.435405: sys_wait4 -> 0x1005f3
             exe-1049722 [001] ..... 1636863.435408: sys_ptrace(request: 4204, pid: 1005f3, addr: 1, data: c0005d3c70)
             exe-1050525 [003] ..... 1636863.435410: sys_futex -> 0x0
             exe-1049722 [001] ..... 1636863.435413: sys_ptrace -> 0x0
             exe-1049722 [001] ..... 1636863.435414: sys_ptrace(request: 4204, pid: 1005f3, addr: 202, data: c0005d3c70)
             exe-1049722 [001] ..... 1636863.435416: sys_ptrace -> 0x0
             exe-1049673 [000] ..... 1636863.435417: sys_nanosleep(rqtp: c000069f10, rmtp: 0)
             exe-1049722 [001] ..... 1636863.435422: sys_ptrace(request: 4205, pid: 1005f3, addr: 1, data: c0005d3c70)
             exe-1050525 [003] ..... 1636863.435424: sys_futex(uaddr: c000383948, op: 80, val: 0, utime: 0, uaddr2: 0, val3: 0)
             exe-1049722 [001] ..... 1636863.435429: sys_ptrace -> 0x0
             exe-1049722 [001] ..... 1636863.435430: sys_ptrace(request: 4205, pid: 1005f3, addr: 202, data: c0005d3c70)
             exe-1049722 [001] ..... 1636863.435438: sys_ptrace -> 0x0
             exe-1049722 [001] ..... 1636863.435440: sys_ptrace(request: 1f, pid: 1005f3, addr: 0, data: 0)
             exe-1049722 [001] ..... 1636863.435446: sys_ptrace -> 0x0
             exe-1049722 [001] ..... 1636863.435448: sys_wait4(upid: 1005f3, stat_addr: c0005d3bf4, options: 40000002, ru: 0)
             exe-1050099 [000] ..... 1636863.435497: sys_swapon -> 0xffffffffffffffff
             exe-1049722 [001] ..... 1636863.435516: sys_wait4 -> 0x1005f3
             exe-1049722 [001] ..... 1636863.435518: sys_ptrace(request: 4204, pid: 1005f3, addr: 1, data: c0005d3c70)
             exe-1049673 [000] ..... 1636863.435525: sys_nanosleep -> 0x0
             exe-1049722 [001] ..... 1636863.435525: sys_ptrace -> 0x0
             exe-1049722 [001] ..... 1636863.435526: sys_ptrace(request: 4204, pid: 1005f3, addr: 202, data: c0005d3c70)
             exe-1049722 [001] ..... 1636863.435528: sys_ptrace -> 0x0
             exe-1049673 [000] ..... 1636863.435532: sys_futex(uaddr: 1f09dc0, op: 80, val: 0, utime: c000069eb0, uaddr2: 0, val3: 0)
             exe-1049722 [001] ..... 1636863.435534: sys_pwrite64(fd: 63, buf: 7fd66e43a080, count: 61, pos: 63)
             exe-1049722 [001] ..... 1636863.435535: tracing_mark_write: swapon(path="/victims/proc/self/root/usr/share/locale/sk/LC_TIME", swap_flags=0x7fd5e6819d00) end
             exe-1049722 [001] ..... 1636863.496096: tracing_mark_write: swapon(path="/victims/usr/share/doc/libsasl2-2", swap_flags=0x7fd5e6819d00) start
             exe-1049722 [001] ..... 1636863.496098: sys_pwrite64 -> 0x51
             exe-1049722 [001] ..... 1636863.496103: sys_ptrace(request: 4205, pid: 1005f3, addr: 1, data: c0005d3c70)
             exe-1049673 [000] ..... 1636863.496111: sys_nanosleep -> 0x0
             exe-1049722 [001] ..... 1636863.496112: sys_ptrace -> 0x0
             exe-1049722 [001] ..... 1636863.496113: sys_ptrace(request: 4205, pid: 1005f3, addr: 202, data: c0005d3c70)
             exe-1049673 [000] ..... 1636863.496118: sys_nanosleep(rqtp: c000069f10, rmtp: 0)
             exe-1049722 [001] ..... 1636863.496120: sys_ptrace -> 0x0
             exe-1049722 [001] ..... 1636863.496122: sys_ptrace(request: 1f, pid: 1005f3, addr: 0, data: 0)
             exe-1049567 [002] ..... 1636863.496123: sys_nanosleep -> 0x0
             exe-1049567 [002] ..... 1636863.496126: sys_nanosleep(rqtp: c000069f10, rmtp: 0)
             exe-1049722 [001] ..... 1636863.496130: sys_ptrace -> 0x0
             exe-1049722 [001] ..... 1636863.496131: sys_wait4(upid: 1005f3, stat_addr: c0005d3bf4, options: 40000002, ru: 0)
             exe-1050099 [000] ..... 1636863.496146: sys_write -> 0x51
             exe-1049722 [001] ..... 1636863.496173: sys_wait4 -> 0x1005f3
             exe-1049722 [001] ..... 1636863.496175: sys_ptrace(request: 4204, pid: 1005f3, addr: 1, data: c0005d3c70)
             exe-1049722 [001] ..... 1636863.496202: sys_ptrace -> 0x0
             exe-1049722 [001] ..... 1636863.496204: sys_ptrace(request: 4204, pid: 1005f3, addr: 202, data: c0005d3c70)
             exe-1049722 [001] ..... 1636863.496206: sys_ptrace -> 0x0
             exe-1049722 [001] ..... 1636863.496210: sys_ptrace(request: 4205, pid: 1005f3, addr: 1, data: c0005d3c70)
             exe-1049722 [001] ..... 1636863.496213: sys_ptrace -> 0x0
             exe-1049722 [001] ..... 1636863.496214: sys_ptrace(request: 4205, pid: 1005f3, addr: 202, data: c0005d3c70)
             exe-1049567 [002] ..... 1636863.496215: sys_nanosleep -> 0x0
             exe-1049567 [002] ..... 1636863.496217: sys_nanosleep(rqtp: c000069f10, rmtp: 0)
             exe-1049722 [001] ..... 1636863.496221: sys_ptrace -> 0x0
             exe-1049722 [001] ..... 1636863.496223: sys_ptrace(request: 1f, pid: 1005f3, addr: 0, data: 0)
             exe-1049673 [000] ..... 1636863.496234: sys_nanosleep -> 0x0
             exe-1049722 [001] ..... 1636863.496238: sys_ptrace -> 0x0
             exe-1049722 [001] ..... 1636863.496240: sys_wait4(upid: 1005f3, stat_addr: c0005d3bf4, options: 40000002, ru: 0)
             exe-1049673 [000] ..... 1636863.496251: sys_nanosleep(rqtp: c000069f10, rmtp: 0)
             exe-1050099 [000] ..... 1636863.496268: sys_swapon -> 0xffffffffffffffff
             exe-1049722 [001] ..... 1636863.496293: sys_wait4 -> 0x1005f3
             exe-1049722 [001] ..... 1636863.496295: sys_ptrace(request: 4204, pid: 1005f3, addr: 1, data: c0005d3c70)
             exe-1049722 [001] ..... 1636863.496322: sys_ptrace -> 0x0
             exe-1049722 [001] ..... 1636863.496324: sys_ptrace(request: 4204, pid: 1005f3, addr: 202, data: c0005d3c70)
             exe-1049722 [001] ..... 1636863.496326: sys_ptrace -> 0x0
             exe-1049567 [002] ..... 1636863.496327: sys_nanosleep -> 0x0
             exe-1049567 [002] ..... 1636863.496329: sys_nanosleep(rqtp: c000069f10, rmtp: 0)
             exe-1049722 [001] ..... 1636863.496331: sys_pwrite64(fd: 63, buf: 7fd66e43a080, count: 4f, pos: 51)
             exe-1049722 [001] ..... 1636863.496332: tracing_mark_write: swapon(path="/victims/usr/share/doc/libsasl2-2", swap_flags=0x7fd5e6819d00) end
             exe-1049722 [001] ..... 1636863.562410: tracing_mark_write: swapon(path="/victims/proc/self/root/usr/share/perl/5.34.0/unicore/lib/ExtPict", swap_flags=0x7fd5e6819d00) start
             exe-1049722 [001] ..... 1636863.562411: sys_pwrite64 -> 0x71
             exe-1049722 [001] ..... 1636863.562420: sys_ptrace(request: 4205, pid: 1005f3, addr: 1, data: c0005d3c70)
             exe-1049722 [001] ..... 1636863.562423: sys_ptrace -> 0x0
             exe-1049722 [001] ..... 1636863.562425: sys_ptrace(request: 4205, pid: 1005f3, addr: 202, data: c0005d3c70)
             exe-1049722 [001] ..... 1636863.562442: sys_ptrace -> 0x0
             exe-1049722 [001] ..... 1636863.562444: sys_ptrace(request: 1f, pid: 1005f3, addr: 0, data: 0)
             exe-1049722 [001] .N... 1636863.562454: sys_ptrace -> 0x0
             exe-1050099 [001] ..... 1636863.562466: sys_write -> 0x71
             exe-1049673 [003] ..... 1636863.562487: sys_nanosleep -> 0x0
             exe-1049722 [001] ..... 1636863.562488: sys_wait4(upid: 1005f3, stat_addr: c0005d3bf4, options: 40000002, ru: 0)
             exe-1049673 [003] ..... 1636863.562489: sys_nanosleep(rqtp: c000069f10, rmtp: 0)
             exe-1049722 [001] ..... 1636863.562491: sys_wait4 -> 0x1005f3
             exe-1049722 [001] ..... 1636863.562494: sys_ptrace(request: 4204, pid: 1005f3, addr: 1, data: c0005d3c70)
             exe-1049567 [002] ..... 1636863.562498: sys_nanosleep -> 0x0
             exe-1049722 [001] ..... 1636863.562499: sys_ptrace -> 0x0
             exe-1049722 [001] ..... 1636863.562501: sys_ptrace(request: 4204, pid: 1005f3, addr: 202, data: c0005d3c70)
             exe-1049722 [001] ..... 1636863.562505: sys_ptrace -> 0x0
             exe-1049567 [002] ..... 1636863.562508: sys_nanosleep(rqtp: c000069f10, rmtp: 0)
             exe-1049722 [001] ..... 1636863.562512: sys_ptrace(request: 4205, pid: 1005f3, addr: 1, data: c0005d3c70)
             exe-1049722 [001] ..... 1636863.562515: sys_ptrace -> 0x0
             exe-1049722 [001] ..... 1636863.562517: sys_ptrace(request: 4205, pid: 1005f3, addr: 202, data: c0005d3c70)
             exe-1049722 [001] ..... 1636863.562529: sys_ptrace -> 0x0
             exe-1049722 [001] ..... 1636863.562531: sys_ptrace(request: 1f, pid: 1005f3, addr: 0, data: 0)
             exe-1049722 [001] .N... 1636863.562540: sys_ptrace -> 0x0
             exe-1050099 [001] ..... 1636863.562551: sys_swapon -> 0xffffffffffffffff
             exe-1049722 [001] ..... 1636863.562574: sys_wait4(upid: 1005f3, stat_addr: c0005d3bf4, options: 40000002, ru: 0)
             exe-1049673 [003] ..... 1636863.562577: sys_nanosleep -> 0x0
             exe-1049722 [001] ..... 1636863.562577: sys_wait4 -> 0x1005f3
             exe-1049673 [003] ..... 1636863.562579: sys_nanosleep(rqtp: c000069f10, rmtp: 0)
             exe-1049722 [001] ..... 1636863.562581: sys_ptrace(request: 4204, pid: 1005f3, addr: 1, data: c0005d3c70)
             exe-1049722 [001] ..... 1636863.562585: sys_ptrace -> 0x0
             exe-1049722 [001] ..... 1636863.562587: sys_ptrace(request: 4204, pid: 1005f3, addr: 202, data: c0005d3c70)
             exe-1049722 [001] ..... 1636863.562591: sys_ptrace -> 0x0
             exe-1049722 [001] ..... 1636863.562602: sys_pwrite64(fd: 63, buf: 7fd66e43a080, count: 6f, pos: 71)
             exe-1049722 [001] ..... 1636863.562604: tracing_mark_write: swapon(path="/victims/proc/self/root/usr/share/perl/5.34.0/unicore/lib/ExtPict", swap_flags=0x7fd5e6819d00) end
             exe-1049722 [001] ..... 1636863.634308: tracing_mark_write: swapon(path="/victims/proc/self/root/usr/share/vim/vim82/lang/ru/LC_MESSAGES", swap_flags=0x7fd5e6819d00) start
             exe-1049722 [001] ..... 1636863.634309: sys_pwrite64 -> 0x6f
             exe-1049722 [001] ..... 1636863.634316: sys_ptrace(request: 4205, pid: 1005f3, addr: 1, data: c0005d3c70)
             exe-1049722 [001] ..... 1636863.634318: sys_ptrace -> 0x0
             exe-1049722 [001] ..... 1636863.634320: sys_ptrace(request: 4205, pid: 1005f3, addr: 202, data: c0005d3c70)
             exe-1049567 [002] ..... 1636863.634327: sys_nanosleep -> 0x0
             exe-1049567 [002] ..... 1636863.634329: sys_nanosleep(rqtp: c000069f10, rmtp: 0)
             exe-1049722 [001] ..... 1636863.634331: sys_ptrace -> 0x0
             exe-1049722 [001] ..... 1636863.634332: sys_ptrace(request: 1f, pid: 1005f3, addr: 0, data: 0)
             exe-1049722 [001] .N... 1636863.634339: sys_ptrace -> 0x0
             exe-1050099 [001] ..... 1636863.634350: sys_write -> 0x6f
             exe-1049673 [003] ..... 1636863.634356: sys_nanosleep -> 0x0
             exe-1049673 [003] ..... 1636863.634360: sys_nanosleep(rqtp: c000069f10, rmtp: 0)
             exe-1049722 [001] ..... 1636863.634367: sys_wait4(upid: 1005f3, stat_addr: c0005d3bf4, options: 40000002, ru: 0)
             exe-1049722 [001] ..... 1636863.634370: sys_wait4 -> 0x1005f3
             exe-1049722 [001] ..... 1636863.634371: sys_ptrace(request: 4204, pid: 1005f3, addr: 1, data: c0005d3c70)
             exe-1049722 [001] ..... 1636863.634375: sys_ptrace -> 0x0
             exe-1049722 [001] ..... 1636863.634376: sys_ptrace(request: 4204, pid: 1005f3, addr: 202, data: c0005d3c70)
             exe-1049722 [001] ..... 1636863.634378: sys_ptrace -> 0x0
             exe-1049722 [001] ..... 1636863.634385: sys_ptrace(request: 4205, pid: 1005f3, addr: 1, data: c0005d3c70)
             exe-1049722 [001] ..... 1636863.634387: sys_ptrace -> 0x0
             exe-1049722 [001] ..... 1636863.634388: sys_ptrace(request: 4205, pid: 1005f3, addr: 202, data: c0005d3c70)
             exe-1049722 [001] ..... 1636863.634398: sys_ptrace -> 0x0
             exe-1049722 [001] ..... 1636863.634399: sys_ptrace(request: 1f, pid: 1005f3, addr: 0, data: 0)
             exe-1049722 [001] .N... 1636863.634406: sys_ptrace -> 0x0
             exe-1050099 [001] ..... 1636863.634415: sys_swapon -> 0xffffffffffffffff
             exe-1049567 [002] ..... 1636863.634415: sys_nanosleep -> 0x0
             exe-1049567 [002] ..... 1636863.634418: sys_nanosleep(rqtp: c000069f10, rmtp: 0)
             exe-1049722 [001] ..... 1636863.634431: sys_wait4(upid: 1005f3, stat_addr: c0005d3bf4, options: 40000002, ru: 0)
             exe-1049722 [001] ..... 1636863.634434: sys_wait4 -> 0x1005f3
             exe-1049722 [001] ..... 1636863.634436: sys_ptrace(request: 4204, pid: 1005f3, addr: 1, data: c0005d3c70)
             exe-1049722 [001] ..... 1636863.634439: sys_ptrace -> 0x0
             exe-1049722 [001] ..... 1636863.634440: sys_ptrace(request: 4204, pid: 1005f3, addr: 202, data: c0005d3c70)
             exe-1049722 [001] ..... 1636863.634442: sys_ptrace -> 0x0
             exe-1049722 [001] ..... 1636863.634452: sys_pwrite64(fd: 63, buf: 7fd66e43a080, count: 6d, pos: 6f)
             exe-1049722 [001] ..... 1636863.634453: tracing_mark_write: swapon(path="/victims/proc/self/root/usr/share/vim/vim82/lang/ru/LC_MESSAGES", swap_flags=0x7fd5e6819d00) end
             exe-1050232 [003] ..... 1636863.695829: tracing_mark_write: swapon(path="/victims/usr/share/doc/util-linux/examples", swap_flags=0x7fd5e6819d00) start
             exe-1050232 [003] ..... 1636863.695846: sys_pwrite64 -> 0x5a
             exe-1050232 [003] ..... 1636863.695856: sys_ptrace(request: 4205, pid: 1006b9, addr: 1, data: c0005d3c70)
             exe-1050232 [003] ..... 1636863.695859: sys_ptrace -> 0x0
             exe-1050232 [003] ..... 1636863.695861: sys_ptrace(request: 4205, pid: 1006b9, addr: 202, data: c0005d3c70)
             exe-1050232 [003] ..... 1636863.695876: sys_ptrace -> 0x0
             exe-1050232 [003] ..... 1636863.695878: sys_ptrace(request: 1f, pid: 1006b9, addr: 0, data: 0)
             exe-1050232 [003] ..... 1636863.695887: sys_ptrace -> 0x0
             exe-1050232 [003] ..... 1636863.695889: sys_wait4(upid: 1006b9, stat_addr: c0005d3bf4, options: 40000002, ru: 0)
             exe-1049673 [003] ..... 1636863.695908: sys_nanosleep -> 0x0
             exe-1049673 [003] ..... 1636863.695916: sys_nanosleep(rqtp: c000069f10, rmtp: 0)
             exe-1050297 [000] ..... 1636863.695917: sys_write -> 0x5a
             exe-1050232 [003] ..... 1636863.695950: sys_wait4 -> 0x1006b9
             exe-1050232 [003] ..... 1636863.695956: sys_ptrace(request: 4204, pid: 1006b9, addr: 1, data: c0005d3c70)
             exe-1050232 [003] ..... 1636863.695961: sys_ptrace -> 0x0
             exe-1050232 [003] ..... 1636863.695963: sys_ptrace(request: 4204, pid: 1006b9, addr: 202, data: c0005d3c70)
             exe-1050232 [003] ..... 1636863.695966: sys_ptrace -> 0x0
             exe-1050232 [003] ..... 1636863.695975: sys_ptrace(request: 4205, pid: 1006b9, addr: 1, data: c0005d3c70)
             exe-1050232 [003] ..... 1636863.695978: sys_ptrace -> 0x0
             exe-1050232 [003] ..... 1636863.696020: sys_ptrace(request: 4205, pid: 1006b9, addr: 202, data: c0005d3c70)
             exe-1050232 [003] ..... 1636863.696034: sys_ptrace -> 0x0
             exe-1050232 [003] ..... 1636863.696037: sys_ptrace(request: 1f, pid: 1006b9, addr: 0, data: 0)
             exe-1050232 [003] ..... 1636863.696045: sys_ptrace -> 0x0
             exe-1050232 [003] ..... 1636863.696048: sys_wait4(upid: 1006b9, stat_addr: c0005d3bf4, options: 40000002, ru: 0)
             exe-1050297 [000] ..... 1636863.696060: sys_swapon -> 0xffffffffffffffff
             exe-1049673 [003] ..... 1636863.696063: sys_nanosleep -> 0x0
             exe-1049673 [003] ..... 1636863.696070: sys_nanosleep(rqtp: c000069f10, rmtp: 0)
             exe-1050232 [003] ..... 1636863.696104: sys_wait4 -> 0x1006b9
             exe-1050232 [003] ..... 1636863.696110: sys_ptrace(request: 4204, pid: 1006b9, addr: 1, data: c0005d3c70)
             exe-1050232 [003] ..... 1636863.696115: sys_ptrace -> 0x0
             exe-1050232 [003] ..... 1636863.696117: sys_ptrace(request: 4204, pid: 1006b9, addr: 202, data: c0005d3c70)
             exe-1050232 [003] ..... 1636863.696120: sys_ptrace -> 0x0
             exe-1050232 [003] ..... 1636863.696138: sys_pwrite64(fd: 63, buf: 7fd66e43a080, count: 58, pos: 5a)
             exe-1050232 [003] ..... 1636863.696140: tracing_mark_write: swapon(path="/victims/usr/share/doc/util-linux/examples", swap_flags=0x7fd5e6819d00) end
             exe-1050232 [003] ..... 1636863.758800: tracing_mark_write: swapon(path="/victims/proc/self/root/usr/share/doc/libnghttp2-14/", swap_flags=0x7fd5e6819d00) start
             exe-1050232 [003] ..... 1636863.758802: sys_pwrite64 -> 0x64
             exe-1050232 [003] ..... 1636863.758808: sys_ptrace(request: 4205, pid: 1006b9, addr: 1, data: c0005d3c70)
             exe-1050232 [003] ..... 1636863.758810: sys_ptrace -> 0x0
             exe-1050232 [003] ..... 1636863.758812: sys_ptrace(request: 4205, pid: 1006b9, addr: 202, data: c0005d3c70)
             exe-1049673 [003] ..... 1636863.758859: sys_nanosleep -> 0x0
             exe-1049673 [003] ..... 1636863.758867: sys_nanosleep(rqtp: c000069f10, rmtp: 0)
             exe-1050232 [003] ..... 1636863.758885: sys_ptrace -> 0x0
             exe-1050232 [003] ..... 1636863.758890: sys_ptrace(request: 1f, pid: 1006b9, addr: 0, data: 0)
             exe-1050232 [003] ..... 1636863.758908: sys_ptrace -> 0x0
             exe-1050232 [003] ..... 1636863.758911: sys_wait4(upid: 1006b9, stat_addr: c0005d3bf4, options: 40000002, ru: 0)
             exe-1050297 [001] ..... 1636863.758927: sys_write -> 0x64
             exe-1050232 [003] ..... 1636863.758947: sys_wait4 -> 0x1006b9
             exe-1050232 [003] ..... 1636863.758950: sys_ptrace(request: 4204, pid: 1006b9, addr: 1, data: c0005d3c70)
             exe-1050232 [003] ..... 1636863.758954: sys_ptrace -> 0x0
             exe-1050232 [003] ..... 1636863.758956: sys_ptrace(request: 4204, pid: 1006b9, addr: 202, data: c0005d3c70)
             exe-1050232 [003] ..... 1636863.758959: sys_ptrace -> 0x0
             exe-1050232 [003] ..... 1636863.758968: sys_ptrace(request: 4205, pid: 1006b9, addr: 1, data: c0005d3c70)
             exe-1050232 [003] ..... 1636863.758991: sys_ptrace -> 0x0
             exe-1050232 [003] ..... 1636863.758993: sys_ptrace(request: 4205, pid: 1006b9, addr: 202, data: c0005d3c70)
             exe-1050232 [003] ..... 1636863.759008: sys_ptrace -> 0x0
             exe-1050232 [003] ..... 1636863.759010: sys_ptrace(request: 1f, pid: 1006b9, addr: 0, data: 0)
             exe-1050232 [003] ..... 1636863.759020: sys_ptrace -> 0x0
             exe-1050232 [003] ..... 1636863.759023: sys_wait4(upid: 1006b9, stat_addr: c0005d3bf4, options: 40000002, ru: 0)
             exe-1050297 [001] ..... 1636863.759038: sys_swapon -> 0xffffffffffffffff
             exe-1050232 [003] ..... 1636863.759055: sys_wait4 -> 0x1006b9
             exe-1050232 [003] ..... 1636863.759058: sys_ptrace(request: 4204, pid: 1006b9, addr: 1, data: c0005d3c70)
             exe-1050232 [003] ..... 1636863.759060: sys_ptrace -> 0x0
             exe-1050232 [003] ..... 1636863.759062: sys_ptrace(request: 4204, pid: 1006b9, addr: 202, data: c0005d3c70)
             exe-1050232 [003] ..... 1636863.759064: sys_ptrace -> 0x0
             exe-1050232 [003] ..... 1636863.759080: sys_pwrite64(fd: 63, buf: 7fd66e43a080, count: 62, pos: 64)
             exe-1050232 [003] ..... 1636863.759083: tracing_mark_write: swapon(path="/victims/proc/self/root/usr/share/doc/libnghttp2-14/", swap_flags=0x7fd5e6819d00) end
             exe-1050232 [003] ..... 1636863.834351: tracing_mark_write: swapon(path="/victims/usr/share/doc/libuuid1", swap_flags=0x7fd5e6819d00) start
             exe-1050232 [003] ..... 1636863.834353: sys_pwrite64 -> 0x4f
             exe-1050232 [003] ..... 1636863.834360: sys_ptrace(request: 4205, pid: 1006b9, addr: 1, data: c0005d3c70)
             exe-1050232 [003] ..... 1636863.834363: sys_ptrace -> 0x0
             exe-1050232 [003] ..... 1636863.834364: sys_ptrace(request: 4205, pid: 1006b9, addr: 202, data: c0005d3c70)
             exe-1050232 [003] ..... 1636863.834373: sys_ptrace -> 0x0
             exe-1050232 [003] ..... 1636863.834375: sys_ptrace(request: 1f, pid: 1006b9, addr: 0, data: 0)
             exe-1050232 [003] ..... 1636863.834386: sys_ptrace -> 0x0
             exe-1050232 [003] ..... 1636863.834388: sys_wait4(upid: 1006b9, stat_addr: c0005d3bf4, options: 40000002, ru: 0)
             exe-1050297 [001] ..... 1636863.834404: sys_write -> 0x4f
             exe-1050232 [003] ..... 1636863.834420: sys_wait4 -> 0x1006b9
             exe-1050232 [003] ..... 1636863.834422: sys_ptrace(request: 4204, pid: 1006b9, addr: 1, data: c0005d3c70)
             exe-1050232 [003] ..... 1636863.834425: sys_ptrace -> 0x0
             exe-1050232 [003] ..... 1636863.834426: sys_ptrace(request: 4204, pid: 1006b9, addr: 202, data: c0005d3c70)
             exe-1050232 [003] ..... 1636863.834428: sys_ptrace -> 0x0
             exe-1050232 [003] ..... 1636863.834433: sys_ptrace(request: 4205, pid: 1006b9, addr: 1, data: c0005d3c70)
             exe-1050232 [003] ..... 1636863.834435: sys_ptrace -> 0x0
             exe-1050232 [003] ..... 1636863.834436: sys_ptrace(request: 4205, pid: 1006b9, addr: 202, data: c0005d3c70)
             exe-1050232 [003] ..... 1636863.834442: sys_ptrace -> 0x0
             exe-1050232 [003] ..... 1636863.834443: sys_ptrace(request: 1f, pid: 1006b9, addr: 0, data: 0)
             exe-1050232 [003] ..... 1636863.834452: sys_ptrace -> 0x0
             exe-1050232 [003] ..... 1636863.834454: sys_wait4(upid: 1006b9, stat_addr: c0005d3bf4, options: 40000002, ru: 0)
             exe-1050297 [001] ..... 1636863.834468: sys_swapon -> 0xffffffffffffffff
             exe-1050232 [003] ..... 1636863.834483: sys_wait4 -> 0x1006b9
             exe-1050232 [003] ..... 1636863.834485: sys_ptrace(request: 4204, pid: 1006b9, addr: 1, data: c0005d3c70)
             exe-1050232 [003] ..... 1636863.834488: sys_ptrace -> 0x0
             exe-1050232 [003] ..... 1636863.834489: sys_ptrace(request: 4204, pid: 1006b9, addr: 202, data: c0005d3c70)
             exe-1050232 [003] ..... 1636863.834491: sys_ptrace -> 0x0
             exe-1050232 [003] ..... 1636863.834496: sys_pwrite64(fd: 63, buf: 7fd66e43a080, count: 4d, pos: 4f)
             exe-1050232 [003] ..... 1636863.834497: tracing_mark_write: swapon(path="/victims/usr/share/doc/libuuid1", swap_flags=0x7fd5e6819d00) end
             exe-1050232 [003] ..... 1636863.907549: tracing_mark_write: swapon(path="/victims/proc/self/root/usr/lib/x86_64-linux-gnu/perl/5.34.0/auto/List", swap_flags=0x7fd5e6819d00) start
             exe-1050232 [003] ..... 1636863.907551: sys_pwrite64 -> 0x76
             exe-1050232 [003] ..... 1636863.907557: sys_ptrace(request: 4205, pid: 1006b9, addr: 1, data: c0005d3c70)
             exe-1050232 [003] ..... 1636863.907560: sys_ptrace -> 0x0
             exe-1050232 [003] ..... 1636863.907561: sys_ptrace(request: 4205, pid: 1006b9, addr: 202, data: c0005d3c70)
             exe-1050232 [003] ..... 1636863.907573: sys_ptrace -> 0x0
             exe-1050232 [003] ..... 1636863.907575: sys_ptrace(request: 1f, pid: 1006b9, addr: 0, data: 0)
             exe-1050232 [003] .N... 1636863.907582: sys_ptrace -> 0x0
             exe-1049673 [000] ..... 1636863.907584: sys_nanosleep -> 0x0
             exe-1049673 [000] ..... 1636863.907586: sys_nanosleep(rqtp: c000069f10, rmtp: 0)
             exe-1050297 [003] ..... 1636863.907593: sys_write -> 0x76
             exe-1050232 [003] ..... 1636863.907613: sys_wait4(upid: 1006b9, stat_addr: c0005d3bf4, options: 40000002, ru: 0)
             exe-1050232 [003] ..... 1636863.907616: sys_wait4 -> 0x1006b9
             exe-1049567 [002] ..... 1636863.907617: sys_nanosleep -> 0x0
             exe-1050232 [003] ..... 1636863.907618: sys_ptrace(request: 4204, pid: 1006b9, addr: 1, data: c0005d3c70)
             exe-1050232 [003] ..... 1636863.907622: sys_ptrace -> 0x0
             exe-1049567 [002] ..... 1636863.907623: sys_nanosleep(rqtp: c000069f10, rmtp: 0)
             exe-1050232 [003] ..... 1636863.907623: sys_ptrace(request: 4204, pid: 1006b9, addr: 202, data: c0005d3c70)
             exe-1050232 [003] ..... 1636863.907625: sys_ptrace -> 0x0
             exe-1050232 [003] ..... 1636863.907631: sys_ptrace(request: 4205, pid: 1006b9, addr: 1, data: c0005d3c70)
             exe-1050232 [003] ..... 1636863.907633: sys_ptrace -> 0x0
             exe-1050232 [003] ..... 1636863.907635: sys_ptrace(request: 4205, pid: 1006b9, addr: 202, data: c0005d3c70)
             exe-1050232 [003] ..... 1636863.907644: sys_ptrace -> 0x0
             exe-1050232 [003] ..... 1636863.907646: sys_ptrace(request: 1f, pid: 1006b9, addr: 0, data: 0)
             exe-1050232 [003] .N... 1636863.907652: sys_ptrace -> 0x0
             exe-1050297 [003] ..... 1636863.907663: sys_swapon -> 0xffffffffffffffff
             exe-1049673 [000] ..... 1636863.907672: sys_nanosleep -> 0x0
             exe-1049673 [000] ..... 1636863.907674: sys_nanosleep(rqtp: c000069f10, rmtp: 0)
             exe-1050232 [003] ..... 1636863.907681: sys_wait4(upid: 1006b9, stat_addr: c0005d3bf4, options: 40000002, ru: 0)
             exe-1050232 [003] ..... 1636863.907683: sys_wait4 -> 0x1006b9
             exe-1050232 [003] ..... 1636863.907685: sys_ptrace(request: 4204, pid: 1006b9, addr: 1, data: c0005d3c70)
             exe-1050232 [003] ..... 1636863.907689: sys_ptrace -> 0x0
             exe-1050232 [003] ..... 1636863.907690: sys_ptrace(request: 4204, pid: 1006b9, addr: 202, data: c0005d3c70)
             exe-1050232 [003] ..... 1636863.907693: sys_ptrace -> 0x0
             exe-1050232 [003] ..... 1636863.907703: sys_pwrite64(fd: 63, buf: 7fd66e43a080, count: 74, pos: 76)
             exe-1050232 [003] ..... 1636863.907704: tracing_mark_write: swapon(path="/victims/proc/self/root/usr/lib/x86_64-linux-gnu/perl/5.34.0/auto/List", swap_flags=0x7fd5e6819d00) end
             exe-1050232 [003] ..... 1636863.974846: tracing_mark_write: swapon(path="/victims/usr/share/vim/vim82/lang", swap_flags=0x7fd5e6819d00) start
             exe-1050232 [003] ..... 1636863.974847: sys_pwrite64 -> 0x51
             exe-1049567 [002] ..... 1636863.974851: sys_nanosleep -> 0x0
             exe-1050232 [003] ..... 1636863.974852: sys_ptrace(request: 4205, pid: 1006b9, addr: 1, data: c0005d3c70)
             exe-1049567 [002] ..... 1636863.974853: sys_nanosleep(rqtp: c000069f10, rmtp: 0)
             exe-1050232 [003] ..... 1636863.974854: sys_ptrace -> 0x0
             exe-1050232 [003] ..... 1636863.974855: sys_ptrace(request: 4205, pid: 1006b9, addr: 202, data: c0005d3c70)
             exe-1050232 [003] ..... 1636863.974865: sys_ptrace -> 0x0
             exe-1050232 [003] ..... 1636863.974866: sys_ptrace(request: 1f, pid: 1006b9, addr: 0, data: 0)
             exe-1050232 [003] .N... 1636863.974872: sys_ptrace -> 0x0
             exe-1050297 [003] ..... 1636863.974880: sys_write -> 0x51
             exe-1050232 [003] ..... 1636863.974893: sys_wait4(upid: 1006b9, stat_addr: c0005d3bf4, options: 40000002, ru: 0)
             exe-1050232 [003] ..... 1636863.974895: sys_wait4 -> 0x1006b9
             exe-1050232 [003] ..... 1636863.974897: sys_ptrace(request: 4204, pid: 1006b9, addr: 1, data: c0005d3c70)
             exe-1050232 [003] ..... 1636863.974900: sys_ptrace -> 0x0
             exe-1050232 [003] ..... 1636863.974901: sys_ptrace(request: 4204, pid: 1006b9, addr: 202, data: c0005d3c70)
             exe-1050232 [003] ..... 1636863.974903: sys_ptrace -> 0x0
             exe-1049673 [000] ..... 1636863.974905: sys_nanosleep -> 0x0
             exe-1049673 [000] ..... 1636863.974907: sys_nanosleep(rqtp: c000069f10, rmtp: 0)
             exe-1050232 [003] ..... 1636863.974907: sys_ptrace(request: 4205, pid: 1006b9, addr: 1, data: c0005d3c70)
             exe-1050232 [003] ..... 1636863.974909: sys_ptrace -> 0x0
             exe-1050232 [003] ..... 1636863.974910: sys_ptrace(request: 4205, pid: 1006b9, addr: 202, data: c0005d3c70)
             exe-1050232 [003] ..... 1636863.974918: sys_ptrace -> 0x0
             exe-1050232 [003] ..... 1636863.974919: sys_ptrace(request: 1f, pid: 1006b9, addr: 0, data: 0)
             exe-1050232 [003] .N... 1636863.974923: sys_ptrace -> 0x0
             exe-1050297 [003] ..... 1636863.974931: sys_swapon -> 0xffffffffffffffff
             exe-1050232 [003] ..... 1636863.974944: sys_wait4(upid: 1006b9, stat_addr: c0005d3bf4, options: 40000002, ru: 0)
             exe-1050289 [002] ..... 1636863.974945: sys_epoll_pwait -> 0x0
             exe-1050232 [003] ..... 1636863.974946: sys_wait4 -> 0x1006b9
             exe-1050232 [003] ..... 1636863.974947: sys_ptrace(request: 4204, pid: 1006b9, addr: 1, data: c0005d3c70)
             exe-1050232 [003] ..... 1636863.974950: sys_ptrace -> 0x0
             exe-1050232 [003] ..... 1636863.974951: sys_ptrace(request: 4204, pid: 1006b9, addr: 202, data: c0005d3c70)
             exe-1050232 [003] ..... 1636863.974953: sys_ptrace -> 0x0
             exe-1050289 [002] ..... 1636863.974954: sys_epoll_pwait(epfd: 11, events: c0022e5840, maxevents: 80, timeout: 1, sigmask: 0, sigsetsize: 0)
             exe-1050232 [003] ..... 1636863.974961: sys_pwrite64(fd: 63, buf: 7fd66e43a080, count: 4f, pos: 51)
             exe-1050232 [003] ..... 1636863.974962: tracing_mark_write: swapon(path="/victims/usr/share/vim/vim82/lang", swap_flags=0x7fd5e6819d00) end
             exe-1050232 [003] ..... 1636864.030042: tracing_mark_write: swapon(path="/victims/proc/self/root/usr/share/locale/it/LC_MESSAGES", swap_flags=0x7fd5e6819d00) start
             exe-1050232 [003] ..... 1636864.030044: sys_pwrite64 -> 0x67
             exe-1050232 [003] ..... 1636864.030050: sys_ptrace(request: 4205, pid: 1006b9, addr: 1, data: c0005d3c70)
             exe-1050232 [003] ..... 1636864.030053: sys_ptrace -> 0x0
             exe-1050232 [003] ..... 1636864.030055: sys_ptrace(request: 4205, pid: 1006b9, addr: 202, data: c0005d3c70)
             exe-1050232 [003] ..... 1636864.030066: sys_ptrace -> 0x0
             exe-1050232 [003] ..... 1636864.030068: sys_ptrace(request: 1f, pid: 1006b9, addr: 0, data: 0)
             exe-1050232 [003] .N... 1636864.030075: sys_ptrace -> 0x0
             exe-1050297 [003] ..... 1636864.030086: sys_write -> 0x67
             exe-1049567 [002] ..... 1636864.030103: sys_nanosleep -> 0x0
             exe-1050232 [003] ..... 1636864.030104: sys_wait4(upid: 1006b9, stat_addr: c0005d3bf4, options: 40000002, ru: 0)
             exe-1050232 [003] ..... 1636864.030107: sys_wait4 -> 0x1006b9
             exe-1049567 [002] ..... 1636864.030109: sys_nanosleep(rqtp: c000069f10, rmtp: 0)
             exe-1050232 [003] ..... 1636864.030109: sys_ptrace(request: 4204, pid: 1006b9, addr: 1, data: c0005d3c70)
             exe-1050232 [003] ..... 1636864.030113: sys_ptrace -> 0x0
             exe-1050232 [003] ..... 1636864.030114: sys_ptrace(request: 4204, pid: 1006b9, addr: 202, data: c0005d3c70)
             exe-1050232 [003] ..... 1636864.030117: sys_ptrace -> 0x0
             exe-1050232 [003] ..... 1636864.030122: sys_ptrace(request: 4205, pid: 1006b9, addr: 1, data: c0005d3c70)
             exe-1050232 [003] ..... 1636864.030125: sys_ptrace -> 0x0
             exe-1050232 [003] ..... 1636864.030126: sys_ptrace(request: 4205, pid: 1006b9, addr: 202, data: c0005d3c70)
             exe-1050232 [003] ..... 1636864.030135: sys_ptrace -> 0x0
             exe-1050232 [003] ..... 1636864.030137: sys_ptrace(request: 1f, pid: 1006b9, addr: 0, data: 0)
             exe-1050232 [003] .N... 1636864.030143: sys_ptrace -> 0x0
             exe-1050297 [003] ..... 1636864.030153: sys_swapon -> 0xffffffffffffffff
             exe-1049673 [000] ..... 1636864.030157: sys_nanosleep -> 0x0
             exe-1049673 [000] ..... 1636864.030164: sys_nanosleep(rqtp: c000069f10, rmtp: 0)
             exe-1050232 [003] ..... 1636864.030172: sys_wait4(upid: 1006b9, stat_addr: c0005d3bf4, options: 40000002, ru: 0)
             exe-1050232 [003] ..... 1636864.030174: sys_wait4 -> 0x1006b9
             exe-1050232 [003] ..... 1636864.030176: sys_ptrace(request: 4204, pid: 1006b9, addr: 1, data: c0005d3c70)
             exe-1050232 [003] ..... 1636864.030180: sys_ptrace -> 0x0
             exe-1050232 [003] ..... 1636864.030182: sys_ptrace(request: 4204, pid: 1006b9, addr: 202, data: c0005d3c70)
             exe-1050232 [003] ..... 1636864.030184: sys_ptrace -> 0x0
             exe-1050232 [003] ..... 1636864.030194: sys_pwrite64(fd: 63, buf: 7fd66e43a080, count: 65, pos: 67)
             exe-1050232 [003] ..... 1636864.030195: tracing_mark_write: swapon(path="/victims/proc/self/root/usr/share/locale/it/LC_MESSAGES", swap_flags=0x7fd5e6819d00) end
             exe-1050232 [003] ..... 1636864.094871: tracing_mark_write: swapon(path="/victims/proc/self/root/usr/share/locale/sr/LC_TIME", swap_flags=0x7fd5e6819d00) start
             exe-1050232 [003] ..... 1636864.094873: sys_pwrite64 -> 0x63
             exe-1050232 [003] ..... 1636864.094878: sys_ptrace(request: 4205, pid: 1006b9, addr: 1, data: c0005d3c70)
             exe-1050232 [003] ..... 1636864.094881: sys_ptrace -> 0x0
             exe-1050232 [003] ..... 1636864.094883: sys_ptrace(request: 4205, pid: 1006b9, addr: 202, data: c0005d3c70)
             exe-1049567 [000] ..... 1636864.094892: sys_nanosleep -> 0x0
             exe-1050232 [003] ..... 1636864.094892: sys_ptrace -> 0x0
             exe-1050232 [003] ..... 1636864.094894: sys_ptrace(request: 1f, pid: 1006b9, addr: 0, data: 0)
             exe-1049567 [000] ..... 1636864.094897: sys_nanosleep(rqtp: c000069f10, rmtp: 0)
             exe-1050232 [003] ..... 1636864.094906: sys_ptrace -> 0x0
             exe-1050232 [003] ..... 1636864.094908: sys_wait4(upid: 1006b9, stat_addr: c0005d3bf4, options: 40000002, ru: 0)
             exe-1050297 [001] ..... 1636864.094926: sys_write -> 0x63
             exe-1050232 [003] ..... 1636864.094943: sys_wait4 -> 0x1006b9
             exe-1050232 [003] ..... 1636864.094945: sys_ptrace(request: 4204, pid: 1006b9, addr: 1, data: c0005d3c70)
             exe-1050232 [003] ..... 1636864.094948: sys_ptrace -> 0x0
             exe-1050232 [003] ..... 1636864.094950: sys_ptrace(request: 4204, pid: 1006b9, addr: 202, data: c0005d3c70)
             exe-1050232 [003] ..... 1636864.094952: sys_ptrace -> 0x0
             exe-1050232 [003] ..... 1636864.094957: sys_ptrace(request: 4205, pid: 1006b9, addr: 1, data: c0005d3c70)
             exe-1050232 [003] ..... 1636864.094959: sys_ptrace -> 0x0
             exe-1050232 [003] ..... 1636864.094961: sys_ptrace(request: 4205, pid: 1006b9, addr: 202, data: c0005d3c70)
             exe-1050232 [003] ..... 1636864.094967: sys_ptrace -> 0x0
             exe-1050232 [003] ..... 1636864.094969: sys_ptrace(request: 1f, pid: 1006b9, addr: 0, data: 0)
             exe-1049673 [000] ..... 1636864.094997: sys_nanosleep -> 0x0
             exe-1050232 [003] ..... 1636864.094999: sys_ptrace -> 0x0
             exe-1050232 [003] ..... 1636864.095001: sys_wait4(upid: 1006b9, stat_addr: c0005d3bf4, options: 40000002, ru: 0)
             exe-1049673 [000] ..... 1636864.095004: sys_nanosleep(rqtp: c000069f10, rmtp: 0)
             exe-1050297 [001] ..... 1636864.095017: sys_swapon -> 0xffffffffffffffff
             exe-1049567 [000] ..... 1636864.095027: sys_nanosleep -> 0x0
             exe-1050232 [003] ..... 1636864.095032: sys_wait4 -> 0x1006b9
             exe-1049567 [000] ..... 1636864.095033: sys_nanosleep(rqtp: c000069f10, rmtp: 0)
             exe-1050232 [003] ..... 1636864.095035: sys_ptrace(request: 4204, pid: 1006b9, addr: 1, data: c0005d3c70)
             exe-1050232 [003] ..... 1636864.095038: sys_ptrace -> 0x0
             exe-1050232 [003] ..... 1636864.095039: sys_ptrace(request: 4204, pid: 1006b9, addr: 202, data: c0005d3c70)
             exe-1050232 [003] ..... 1636864.095041: sys_ptrace -> 0x0
             exe-1050232 [003] ..... 1636864.095048: sys_pwrite64(fd: 63, buf: 7fd66e43a080, count: 61, pos: 63)
             exe-1050232 [003] ..... 1636864.095050: tracing_mark_write: swapon(path="/victims/proc/self/root/usr/share/locale/sr/LC_TIME", swap_flags=0x7fd5e6819d00) end
             exe-1050232 [003] ..... 1636864.154947: tracing_mark_write: swapon(path="/victims/proc/self/root/usr/local/sbin", swap_flags=0x7fd5e6819d00) start
             exe-1050232 [003] ..... 1636864.154949: sys_pwrite64 -> 0x56
             exe-1050232 [003] ..... 1636864.154952: sys_ptrace(request: 4205, pid: 1006b9, addr: 1, data: c0005d3c70)
             exe-1050232 [003] ..... 1636864.154954: sys_ptrace -> 0x0
             exe-1050232 [003] ..... 1636864.154954: sys_ptrace(request: 4205, pid: 1006b9, addr: 202, data: c0005d3c70)
             exe-1050232 [003] ..... 1636864.154962: sys_ptrace -> 0x0
             exe-1050232 [003] ..... 1636864.154963: sys_ptrace(request: 1f, pid: 1006b9, addr: 0, data: 0)
             exe-1050232 [003] ..... 1636864.154968: sys_ptrace -> 0x0
             exe-1050232 [003] ..... 1636864.154969: sys_wait4(upid: 1006b9, stat_addr: c0005d3bf4, options: 40000002, ru: 0)
             exe-1049673 [000] ..... 1636864.154996: sys_nanosleep -> 0x0
             exe-1049673 [000] ..... 1636864.155003: sys_nanosleep(rqtp: c000069f10, rmtp: 0)
             exe-1049567 [000] ..... 1636864.155026: sys_nanosleep -> 0x0
             exe-1049567 [000] ..... 1636864.155032: sys_nanosleep(rqtp: c000069f10, rmtp: 0)
             exe-1050297 [001] ..... 1636864.155045: sys_write -> 0x56
             exe-1050232 [003] ..... 1636864.155077: sys_wait4 -> 0x1006b9
             exe-1050232 [003] ..... 1636864.155080: sys_ptrace(request: 4204, pid: 1006b9, addr: 1, data: c0005d3c70)
             exe-1050232 [003] ..... 1636864.155082: sys_ptrace -> 0x0
             exe-1050232 [003] ..... 1636864.155083: sys_ptrace(request: 4204, pid: 1006b9, addr: 202, data: c0005d3c70)
             exe-1050232 [003] ..... 1636864.155084: sys_ptrace -> 0x0
             exe-1050232 [003] ..... 1636864.155088: sys_ptrace(request: 4205, pid: 1006b9, addr: 1, data: c0005d3c70)
             exe-1050232 [003] ..... 1636864.155090: sys_ptrace -> 0x0
             exe-1050232 [003] ..... 1636864.155090: sys_ptrace(request: 4205, pid: 1006b9, addr: 202, data: c0005d3c70)
             exe-1050232 [003] ..... 1636864.155098: sys_ptrace -> 0x0
             exe-1050232 [003] ..... 1636864.155099: sys_ptrace(request: 1f, pid: 1006b9, addr: 0, data: 0)
             exe-1050232 [003] ..... 1636864.155104: sys_ptrace -> 0x0
             exe-1050232 [003] ..... 1636864.155105: sys_wait4(upid: 1006b9, stat_addr: c0005d3bf4, options: 40000002, ru: 0)
             exe-1049673 [000] ..... 1636864.155113: sys_nanosleep -> 0x0
             exe-1049673 [000] ..... 1636864.155120: sys_nanosleep(rqtp: c000069f10, rmtp: 0)
             exe-1049567 [000] ..... 1636864.155142: sys_nanosleep -> 0x0
             exe-1049567 [000] ..... 1636864.155148: sys_nanosleep(rqtp: c000069f10, rmtp: 0)
             exe-1050297 [001] ..... 1636864.155157: sys_swapon -> 0xffffffffffffffff
             exe-1050232 [003] ..... 1636864.155174: sys_wait4 -> 0x1006b9
             exe-1050232 [003] ..... 1636864.155175: sys_ptrace(request: 4204, pid: 1006b9, addr: 1, data: c0005d3c70)
             exe-1050232 [003] ..... 1636864.155178: sys_ptrace -> 0x0
             exe-1050232 [003] ..... 1636864.155179: sys_ptrace(request: 4204, pid: 1006b9, addr: 202, data: c0005d3c70)
             exe-1050232 [003] ..... 1636864.155180: sys_ptrace -> 0x0
             exe-1050232 [003] ..... 1636864.155185: sys_pwrite64(fd: 63, buf: 7fd66e43a080, count: 54, pos: 56)
             exe-1050232 [003] ..... 1636864.155186: tracing_mark_write: swapon(path="/victims/proc/self/root/usr/local/sbin", swap_flags=0x7fd5e6819d00) end
             exe-1050232 [002] ..... 1636864.232380: tracing_mark_write: swapon(path="/victims/usr/share/doc/libidn2-0", swap_flags=0x7fd5e6819d00) start
             exe-1050232 [002] ..... 1636864.232382: sys_pwrite64 -> 0x50
             exe-1050232 [002] ..... 1636864.232387: sys_ptrace(request: 4205, pid: 1006b9, addr: 1, data: c0005d3c70)
             exe-1050232 [002] ..... 1636864.232390: sys_ptrace -> 0x0
             exe-1050232 [002] ..... 1636864.232391: sys_ptrace(request: 4205, pid: 1006b9, addr: 202, data: c0005d3c70)
             exe-1049673 [000] ..... 1636864.232397: sys_nanosleep -> 0x0
             exe-1050232 [002] ..... 1636864.232399: sys_ptrace -> 0x0
             exe-1050232 [002] ..... 1636864.232401: sys_ptrace(request: 1f, pid: 1006b9, addr: 0, data: 0)
             exe-1049673 [000] ..... 1636864.232403: sys_nanosleep(rqtp: c000069f10, rmtp: 0)
             exe-1050232 [002] ..... 1636864.232409: sys_ptrace -> 0x0
             exe-1050232 [002] ..... 1636864.232411: sys_wait4(upid: 1006b9, stat_addr: c0005d3bf4, options: 40000002, ru: 0)
             exe-1050297 [001] ..... 1636864.232441: sys_write -> 0x50
             exe-1050232 [002] ..... 1636864.232478: sys_wait4 -> 0x1006b9
             exe-1050232 [002] ..... 1636864.232481: sys_ptrace(request: 4204, pid: 1006b9, addr: 1, data: c0005d3c70)
             exe-1050232 [002] ..... 1636864.232484: sys_ptrace -> 0x0
             exe-1050232 [002] ..... 1636864.232485: sys_ptrace(request: 4204, pid: 1006b9, addr: 202, data: c0005d3c70)
             exe-1050232 [002] ..... 1636864.232487: sys_ptrace -> 0x0
             exe-1050232 [002] ..... 1636864.232492: sys_ptrace(request: 4205, pid: 1006b9, addr: 1, data: c0005d3c70)
