             exe-1050233 [001] ..... 1636906.289384: sys_ptrace(request: 4205, pid: 10068d, addr: 1, data: c0004bdc70)
             exe-1050233 [001] ..... 1636906.289386: sys_ptrace -> 0x0
             exe-1050233 [001] ..... 1636906.289387: sys_ptrace(request: 4205, pid: 10068d, addr: 202, data: c0004bdc70)
             exe-1050233 [001] ..... 1636906.289396: sys_ptrace -> 0x0
             exe-1050233 [001] ..... 1636906.289398: sys_ptrace(request: 1f, pid: 10068d, addr: 0, data: 0)
             exe-1050233 [001] ..... 1636906.289409: sys_ptrace -> 0x0
             exe-1050233 [001] ..... 1636906.289411: sys_wait4(upid: 10068d, stat_addr: c0004bdbf4, options: 40000002, ru: 0)
             exe-1050253 [003] ..... 1636906.289430: sys_sync_file_range -> 0xffffffffffffffea
             exe-1050233 [001] ..... 1636906.289472: sys_wait4 -> 0x10068d
             exe-1050233 [001] ..... 1636906.289477: sys_ptrace(request: 4204, pid: 10068d, addr: 1, data: c0004bdc70)
             exe-1050233 [001] ..... 1636906.289481: sys_ptrace -> 0x0
             exe-1050233 [001] ..... 1636906.289482: sys_ptrace(request: 4204, pid: 10068d, addr: 202, data: c0004bdc70)
             exe-1050233 [001] ..... 1636906.289485: sys_ptrace -> 0x0
             exe-1050233 [001] ..... 1636906.289498: sys_pwrite64(fd: 63, buf: 7fd66edc6080, count: 45, pos: 47)
             exe-1050233 [001] ..... 1636906.289499: tracing_mark_write: sync_file_range(fd=371, offset=215, nbytes=137, flags=0xffffe000) end
             exe-1050008 [000] ..... 1636906.368184: tracing_mark_write: sync_file_range(fd=371, offset=8, nbytes=2048, flags=0x10000000) start
             exe-1050008 [000] ..... 1636906.368186: sys_pwrite64 -> 0x46
             exe-1050008 [000] ..... 1636906.368189: sys_ptrace(request: 4205, pid: 10059f, addr: 1, data: c0004bdc70)
             exe-1050008 [000] ..... 1636906.368191: sys_ptrace -> 0x0
             exe-1050008 [000] ..... 1636906.368192: sys_ptrace(request: 4205, pid: 10059f, addr: 202, data: c0004bdc70)
             exe-1050008 [000] ..... 1636906.368198: sys_ptrace -> 0x0
             exe-1049673 [002] ..... 1636906.368198: sys_nanosleep -> 0x0
             exe-1050008 [000] ..... 1636906.368199: sys_ptrace(request: 1f, pid: 10059f, addr: 0, data: 0)
             exe-1049673 [002] ..... 1636906.368200: sys_nanosleep(rqtp: c000069f10, rmtp: 0)
             exe-1050008 [000] ..... 1636906.368204: sys_ptrace -> 0x0
             exe-1050008 [000] ..... 1636906.368206: sys_wait4(upid: 10059f, stat_addr: c0004bdbf4, options: 40000002, ru: 0)
             exe-1050282 [001] ..... 1636906.368252: sys_epoll_pwait -> 0x0
             exe-1050282 [001] ..... 1636906.368262: sys_epoll_pwait(epfd: 11, events: c000695840, maxevents: 80, timeout: 1, sigmask: 0, sigsetsize: 0)
             exe-1050015 [001] ..... 1636906.368277: sys_write -> 0x46
             exe-1049673 [002] ..... 1636906.368286: sys_nanosleep -> 0x0
             exe-1049673 [002] ..... 1636906.368288: sys_nanosleep(rqtp: c000069f10, rmtp: 0)
             exe-1050008 [000] ..... 1636906.368299: sys_wait4 -> 0x10059f
             exe-1050008 [000] ..... 1636906.368301: sys_ptrace(request: 4204, pid: 10059f, addr: 1, data: c0004bdc70)
             exe-1050008 [000] ..... 1636906.368303: sys_ptrace -> 0x0
             exe-1050008 [000] ..... 1636906.368304: sys_ptrace(request: 4204, pid: 10059f, addr: 202, data: c0004bdc70)
             exe-1050008 [000] ..... 1636906.368306: sys_ptrace -> 0x0
             exe-1050008 [000] ..... 1636906.368309: sys_ptrace(request: 4205, pid: 10059f, addr: 1, data: c0004bdc70)
             exe-1050008 [000] ..... 1636906.368311: sys_ptrace -> 0x0
             exe-1050008 [000] ..... 1636906.368312: sys_ptrace(request: 4205, pid: 10059f, addr: 202, data: c0004bdc70)
             exe-1050008 [000] ..... 1636906.368316: sys_ptrace -> 0x0
             exe-1050008 [000] ..... 1636906.368318: sys_ptrace(request: 1f, pid: 10059f, addr: 0, data: 0)
             exe-1050008 [000] ..... 1636906.368322: sys_ptrace -> 0x0
             exe-1050008 [000] ..... 1636906.368324: sys_wait4(upid: 10059f, stat_addr: c0004bdbf4, options: 40000002, ru: 0)
             exe-1050015 [001] ..... 1636906.368358: sys_sync_file_range -> 0xffffffffffffffea
             exe-1049673 [002] ..... 1636906.368373: sys_nanosleep -> 0x0
             exe-1049673 [002] ..... 1636906.368376: sys_nanosleep(rqtp: c000069f10, rmtp: 0)
             exe-1050008 [000] ..... 1636906.368377: sys_wait4 -> 0x10059f
             exe-1050008 [000] ..... 1636906.368379: sys_ptrace(request: 4204, pid: 10059f, addr: 1, data: c0004bdc70)
             exe-1050008 [000] ..... 1636906.368380: sys_ptrace -> 0x0
             exe-1050008 [000] ..... 1636906.368382: sys_ptrace(request: 4204, pid: 10059f, addr: 202, data: c0004bdc70)
             exe-1050008 [000] ..... 1636906.368383: sys_ptrace -> 0x0
             exe-1050008 [000] ..... 1636906.368387: sys_pwrite64(fd: 63, buf: 7fd66edc6080, count: 44, pos: 46)
             exe-1050008 [000] ..... 1636906.368388: tracing_mark_write: sync_file_range(fd=371, offset=8, nbytes=2048, flags=0x10000000) end
             exe-1050008 [000] ..... 1636906.428139: tracing_mark_write: sync_file_range(fd=371, offset=0x8c0002000c4, nbytes=255, flags=0xffffffffffffffc) start
             exe-1050008 [000] ..... 1636906.428141: sys_pwrite64 -> 0x58
             exe-1050008 [000] ..... 1636906.428147: sys_ptrace(request: 4205, pid: 10059f, addr: 1, data: c0004bdc70)
             exe-1050008 [000] ..... 1636906.428150: sys_ptrace -> 0x0
             exe-1050008 [000] ..... 1636906.428151: sys_ptrace(request: 4205, pid: 10059f, addr: 202, data: c0004bdc70)
             exe-1050008 [000] ..... 1636906.428163: sys_ptrace -> 0x0
             exe-1050008 [000] ..... 1636906.428165: sys_ptrace(request: 1f, pid: 10059f, addr: 0, data: 0)
             exe-1050008 [000] .N... 1636906.428172: sys_ptrace -> 0x0
             exe-1050015 [000] ..... 1636906.428183: sys_write -> 0x58
             exe-1050008 [000] ..... 1636906.428203: sys_wait4(upid: 10059f, stat_addr: c0004bdbf4, options: 40000002, ru: 0)
             exe-1050008 [000] ..... 1636906.428206: sys_wait4 -> 0x10059f
             exe-1050008 [000] ..... 1636906.428208: sys_ptrace(request: 4204, pid: 10059f, addr: 1, data: c0004bdc70)
             exe-1050008 [000] ..... 1636906.428212: sys_ptrace -> 0x0
             exe-1050008 [000] ..... 1636906.428214: sys_ptrace(request: 4204, pid: 10059f, addr: 202, data: c0004bdc70)
             exe-1050008 [000] ..... 1636906.428216: sys_ptrace -> 0x0
             exe-1050008 [000] ..... 1636906.428223: sys_ptrace(request: 4205, pid: 10059f, addr: 1, data: c0004bdc70)
             exe-1050008 [000] ..... 1636906.428225: sys_ptrace -> 0x0
             exe-1050008 [000] ..... 1636906.428227: sys_ptrace(request: 4205, pid: 10059f, addr: 202, data: c0004bdc70)
             exe-1050008 [000] ..... 1636906.428237: sys_ptrace -> 0x0
             exe-1050008 [000] ..... 1636906.428238: sys_ptrace(request: 1f, pid: 10059f, addr: 0, data: 0)
             exe-1050008 [000] .N... 1636906.428245: sys_ptrace -> 0x0
             exe-1050015 [000] ..... 1636906.428256: sys_sync_file_range -> 0xffffffffffffffea
             exe-1050008 [000] ..... 1636906.428275: sys_wait4(upid: 10059f, stat_addr: c0004bdbf4, options: 40000002, ru: 0)
             exe-1050008 [000] ..... 1636906.428277: sys_wait4 -> 0x10059f
             exe-1050008 [000] ..... 1636906.428280: sys_ptrace(request: 4204, pid: 10059f, addr: 1, data: c0004bdc70)
             exe-1050008 [000] ..... 1636906.428283: sys_ptrace -> 0x0
             exe-1050008 [000] ..... 1636906.428285: sys_ptrace(request: 4204, pid: 10059f, addr: 202, data: c0004bdc70)
             exe-1050008 [000] ..... 1636906.428287: sys_ptrace -> 0x0
             exe-1050008 [000] ..... 1636906.428296: sys_pwrite64(fd: 63, buf: 7fd66edc6080, count: 56, pos: 58)
             exe-1050008 [000] ..... 1636906.428298: tracing_mark_write: sync_file_range(fd=371, offset=0x8c0002000c4, nbytes=255, flags=0xffffffffffffffc) end
             exe-1050008 [003] ..... 1636906.522769: tracing_mark_write: sync_file_range(fd=371, offset=0x5c17ec4278d9fb53, nbytes=0xfff9, flags=0xcd9347040d7b) start
             exe-1050008 [003] ..... 1636906.522771: sys_pwrite64 -> 0x5d
             exe-1050008 [003] ..... 1636906.522777: sys_ptrace(request: 4205, pid: 10059f, addr: 1, data: c0004bdc70)
             exe-1050008 [003] ..... 1636906.522780: sys_ptrace -> 0x0
             exe-1050008 [003] ..... 1636906.522781: sys_ptrace(request: 4205, pid: 10059f, addr: 202, data: c0004bdc70)
             exe-1050008 [003] ..... 1636906.522792: sys_ptrace -> 0x0
             exe-1050008 [003] ..... 1636906.522794: sys_ptrace(request: 1f, pid: 10059f, addr: 0, data: 0)
             exe-1050008 [003] .N... 1636906.522802: sys_ptrace -> 0x0
             exe-1050015 [003] ..... 1636906.522812: sys_write -> 0x5d
             exe-1050008 [003] ..... 1636906.522831: sys_wait4(upid: 10059f, stat_addr: c0004bdbf4, options: 40000002, ru: 0)
             exe-1050008 [003] ..... 1636906.522834: sys_wait4 -> 0x10059f
             exe-1050008 [003] ..... 1636906.522836: sys_ptrace(request: 4204, pid: 10059f, addr: 1, data: c0004bdc70)
             exe-1050008 [003] ..... 1636906.522840: sys_ptrace -> 0x0
             exe-1050008 [003] ..... 1636906.522841: sys_ptrace(request: 4204, pid: 10059f, addr: 202, data: c0004bdc70)
             exe-1050008 [003] ..... 1636906.522843: sys_ptrace -> 0x0
             exe-1050008 [003] ..... 1636906.522849: sys_ptrace(request: 4205, pid: 10059f, addr: 1, data: c0004bdc70)
             exe-1050008 [003] ..... 1636906.522851: sys_ptrace -> 0x0
             exe-1050008 [003] ..... 1636906.522853: sys_ptrace(request: 4205, pid: 10059f, addr: 202, data: c0004bdc70)
             exe-1050008 [003] ..... 1636906.522862: sys_ptrace -> 0x0
             exe-1050008 [003] ..... 1636906.522864: sys_ptrace(request: 1f, pid: 10059f, addr: 0, data: 0)
             exe-1050008 [003] .N... 1636906.522871: sys_ptrace -> 0x0
             exe-1050015 [003] ..... 1636906.522881: sys_sync_file_range -> 0xffffffffffffffea
             exe-1050008 [003] ..... 1636906.522899: sys_wait4(upid: 10059f, stat_addr: c0004bdbf4, options: 40000002, ru: 0)
             exe-1050008 [003] ..... 1636906.522901: sys_wait4 -> 0x10059f
             exe-1050008 [003] ..... 1636906.522903: sys_ptrace(request: 4204, pid: 10059f, addr: 1, data: c0004bdc70)
             exe-1050008 [003] ..... 1636906.522907: sys_ptrace -> 0x0
             exe-1050008 [003] ..... 1636906.522908: sys_ptrace(request: 4204, pid: 10059f, addr: 202, data: c0004bdc70)
             exe-1050008 [003] ..... 1636906.522910: sys_ptrace -> 0x0
             exe-1050008 [003] ..... 1636906.522919: sys_pwrite64(fd: 63, buf: 7fd66edc6080, count: 5b, pos: 5d)
             exe-1050008 [003] ..... 1636906.522920: tracing_mark_write: sync_file_range(fd=371, offset=0x5c17ec4278d9fb53, nbytes=0xfff9, flags=0xcd9347040d7b) end
             exe-1050008 [002] ..... 1636906.622408: tracing_mark_write: sync_file_range(fd=371, offset=-6, nbytes=256, flags=0xffffffffffc0000) start
             exe-1050008 [002] ..... 1636906.622410: sys_pwrite64 -> 0x4d
             exe-1050008 [002] ..... 1636906.622420: sys_ptrace(request: 4205, pid: 10059f, addr: 1, data: c0004bdc70)
             exe-1050008 [002] ..... 1636906.622424: sys_ptrace -> 0x0
             exe-1050008 [002] ..... 1636906.622426: sys_ptrace(request: 4205, pid: 10059f, addr: 202, data: c0004bdc70)
             exe-1050008 [002] ..... 1636906.622442: sys_ptrace -> 0x0
             exe-1050008 [002] ..... 1636906.622444: sys_ptrace(request: 1f, pid: 10059f, addr: 0, data: 0)
             exe-1050008 [002] .N... 1636906.622472: sys_ptrace -> 0x0
             exe-1050015 [002] ..... 1636906.622512: sys_write -> 0x4d
             exe-1050008 [002] ..... 1636906.622538: sys_wait4(upid: 10059f, stat_addr: c0004bdbf4, options: 40000002, ru: 0)
             exe-1050008 [002] ..... 1636906.622541: sys_wait4 -> 0x10059f
             exe-1050008 [002] ..... 1636906.622543: sys_ptrace(request: 4204, pid: 10059f, addr: 1, data: c0004bdc70)
             exe-1050008 [002] ..... 1636906.622548: sys_ptrace -> 0x0
             exe-1050008 [002] ..... 1636906.622550: sys_ptrace(request: 4204, pid: 10059f, addr: 202, data: c0004bdc70)
             exe-1050008 [002] ..... 1636906.622553: sys_ptrace -> 0x0
             exe-1050008 [002] ..... 1636906.622560: sys_ptrace(request: 4205, pid: 10059f, addr: 1, data: c0004bdc70)
             exe-1050008 [002] .N... 1636906.622591: sys_ptrace -> 0x0
             exe-1050008 [002] ..... 1636906.622634: sys_ptrace(request: 4205, pid: 10059f, addr: 202, data: c0004bdc70)
             exe-1050008 [002] ..... 1636906.622652: sys_ptrace -> 0x0
             exe-1050008 [002] ..... 1636906.622654: sys_ptrace(request: 1f, pid: 10059f, addr: 0, data: 0)
             exe-1050008 [002] .N... 1636906.622661: sys_ptrace -> 0x0
             exe-1050015 [002] ..... 1636906.622673: sys_sync_file_range -> 0xffffffffffffffea
             exe-1050008 [002] ..... 1636906.622759: sys_wait4(upid: 10059f, stat_addr: c0004bdbf4, options: 40000002, ru: 0)
             exe-1050008 [002] ..... 1636906.622761: sys_wait4 -> 0x10059f
             exe-1050008 [002] ..... 1636906.622764: sys_ptrace(request: 4204, pid: 10059f, addr: 1, data: c0004bdc70)
             exe-1050008 [002] ..... 1636906.622768: sys_ptrace -> 0x0
             exe-1050008 [002] ..... 1636906.622769: sys_ptrace(request: 4204, pid: 10059f, addr: 202, data: c0004bdc70)
             exe-1050008 [002] ..... 1636906.622772: sys_ptrace -> 0x0
             exe-1050008 [002] ..... 1636906.622786: sys_pwrite64(fd: 63, buf: 7fd66edc6080, count: 4b, pos: 4d)
             exe-1050008 [002] ..... 1636906.622789: tracing_mark_write: sync_file_range(fd=371, offset=-6, nbytes=256, flags=0xffffffffffc0000) end
             exe-1050008 [002] ..... 1636906.722265: tracing_mark_write: sync_file_range(fd=51, offset=0x16c6146f49c0fac5, nbytes=163, flags=0x98989898) start
             exe-1050008 [002] ..... 1636906.722266: sys_pwrite64 -> 0x55
             exe-1050008 [002] ..... 1636906.722272: sys_ptrace(request: 4205, pid: 10059f, addr: 1, data: c0004bdc70)
             exe-1050008 [002] ..... 1636906.722275: sys_ptrace -> 0x0
             exe-1050008 [002] ..... 1636906.722276: sys_ptrace(request: 4205, pid: 10059f, addr: 202, data: c0004bdc70)
             exe-1050008 [002] ..... 1636906.722286: sys_ptrace -> 0x0
             exe-1050008 [002] ..... 1636906.722287: sys_ptrace(request: 1f, pid: 10059f, addr: 0, data: 0)
             exe-1050008 [002] .N... 1636906.722312: sys_ptrace -> 0x0
           <...>-1050015 [002] ..... 1636906.722347: sys_write -> 0x55
             exe-1050008 [002] ..... 1636906.722369: sys_wait4(upid: 10059f, stat_addr: c0004bdbf4, options: 40000002, ru: 0)
             exe-1050008 [002] ..... 1636906.722372: sys_wait4 -> 0x10059f
             exe-1050008 [002] ..... 1636906.722374: sys_ptrace(request: 4204, pid: 10059f, addr: 1, data: c0004bdc70)
             exe-1050008 [002] ..... 1636906.722378: sys_ptrace -> 0x0
             exe-1050008 [002] ..... 1636906.722380: sys_ptrace(request: 4204, pid: 10059f, addr: 202, data: c0004bdc70)
             exe-1050008 [002] ..... 1636906.722382: sys_ptrace -> 0x0
             exe-1050008 [002] ..... 1636906.722389: sys_ptrace(request: 4205, pid: 10059f, addr: 1, data: c0004bdc70)
             exe-1050008 [002] ..... 1636906.722391: sys_ptrace -> 0x0
             exe-1050008 [002] ..... 1636906.722393: sys_ptrace(request: 4205, pid: 10059f, addr: 202, data: c0004bdc70)
             exe-1050008 [002] ..... 1636906.722474: sys_ptrace -> 0x0
             exe-1050008 [002] ..... 1636906.722478: sys_ptrace(request: 1f, pid: 10059f, addr: 0, data: 0)
             exe-1050008 [002] .N... 1636906.722484: sys_ptrace -> 0x0
           <...>-1050015 [002] ..... 1636906.722495: sys_sync_file_range -> 0xffffffffffffffea
             exe-1050008 [002] ..... 1636906.722570: sys_wait4(upid: 10059f, stat_addr: c0004bdbf4, options: 40000002, ru: 0)
             exe-1050008 [002] ..... 1636906.722573: sys_wait4 -> 0x10059f
             exe-1050008 [002] ..... 1636906.722575: sys_ptrace(request: 4204, pid: 10059f, addr: 1, data: c0004bdc70)
             exe-1050008 [002] ..... 1636906.722578: sys_ptrace -> 0x0
             exe-1050008 [002] ..... 1636906.722580: sys_ptrace(request: 4204, pid: 10059f, addr: 202, data: c0004bdc70)
             exe-1050008 [002] ..... 1636906.722582: sys_ptrace -> 0x0
             exe-1050008 [002] ..... 1636906.722594: sys_pwrite64(fd: 63, buf: 7fd66edc6080, count: 53, pos: 55)
             exe-1050008 [002] ..... 1636906.722597: tracing_mark_write: sync_file_range(fd=51, offset=0x16c6146f49c0fac5, nbytes=163, flags=0x98989898) end
             exe-1050008 [003] ..... 1636906.828188: tracing_mark_write: sync_file_range(fd=51, offset=252, nbytes=0x6800009f, flags=0xffffffffffffff8) start
             exe-1050008 [003] ..... 1636906.828189: sys_pwrite64 -> 0x54
             exe-1050008 [003] ..... 1636906.828193: sys_ptrace(request: 4205, pid: 10059f, addr: 1, data: c0004bdc70)
             exe-1050008 [003] ..... 1636906.828195: sys_ptrace -> 0x0
             exe-1050008 [003] ..... 1636906.828196: sys_ptrace(request: 4205, pid: 10059f, addr: 202, data: c0004bdc70)
             exe-977603  [001] ..... 1636906.828196: sys_ptrace(request: 4205, pid: eeaf5, addr: 1, data: c002497900)
             exe-977603  [001] ..... 1636906.828199: sys_ptrace -> 0x0
             exe-977603  [001] ..... 1636906.828200: sys_ptrace(request: 7, pid: eeaf5, addr: 0, data: 0)
             exe-1050008 [003] ..... 1636906.828202: sys_ptrace -> 0x0
             exe-1050008 [003] ..... 1636906.828204: sys_ptrace(request: 1f, pid: 10059f, addr: 0, data: 0)
             exe-977603  [001] ..... 1636906.828207: sys_ptrace -> 0x0
             exe-1050008 [003] .N... 1636906.828208: sys_ptrace -> 0x0
             exe-977603  [001] ..... 1636906.828209: sys_wait4(upid: eeaf5, stat_addr: c002497884, options: 40000002, ru: 0)
             exe-1049673 [002] ..... 1636906.828210: sys_nanosleep -> 0x0
             exe-1049673 [002] ..... 1636906.828214: sys_futex(uaddr: 1f09dc0, op: 80, val: 0, utime: c000069eb0, uaddr2: 0, val3: 0)
             exe-1050015 [003] ..... 1636906.828214: sys_write -> 0x54
             exe-977653  [001] ..... 1636906.828225: sys_mmap(addr: 7f93c1e15000, len: 4000, prot: 1, flags: 11, fd: b, off: 2ce000)
             exe-1050008 [003] ..... 1636906.828226: sys_wait4(upid: 10059f, stat_addr: c0004bdbf4, options: 40000002, ru: 0)
             exe-1050008 [003] ..... 1636906.828227: sys_wait4 -> 0x10059f
             exe-1050008 [003] ..... 1636906.828229: sys_ptrace(request: 4204, pid: 10059f, addr: 1, data: c0004bdc70)
             exe-1050008 [003] ..... 1636906.828231: sys_ptrace -> 0x0
             exe-1050008 [003] ..... 1636906.828232: sys_ptrace(request: 4204, pid: 10059f, addr: 202, data: c0004bdc70)
             exe-977653  [001] ..... 1636906.828233: sys_mmap -> 0x7f93c1e15000
             exe-1050008 [003] ..... 1636906.828233: sys_ptrace -> 0x0
             exe-1050008 [003] ..... 1636906.828237: sys_ptrace(request: 4205, pid: 10059f, addr: 1, data: c0004bdc70)
             exe-1050008 [003] ..... 1636906.828239: sys_ptrace -> 0x0
             exe-1050008 [003] ..... 1636906.828240: sys_ptrace(request: 4205, pid: 10059f, addr: 202, data: c0004bdc70)
             exe-1050008 [003] ..... 1636906.828245: sys_ptrace -> 0x0
             exe-1050008 [003] ..... 1636906.828246: sys_ptrace(request: 1f, pid: 10059f, addr: 0, data: 0)
             exe-1050008 [003] .N... 1636906.828250: sys_ptrace -> 0x0
             exe-1050015 [003] ..... 1636906.828256: sys_sync_file_range -> 0xffffffffffffffea
             exe-977603  [001] ..... 1636906.828257: sys_wait4 -> 0xeeaf5
             exe-977603  [001] ..... 1636906.828261: sys_ptrace(request: 4204, pid: eeaf5, addr: 1, data: c002497900)
             exe-977603  [001] ..... 1636906.828266: sys_ptrace -> 0x0
             exe-1050008 [003] ..... 1636906.828267: sys_wait4(upid: 10059f, stat_addr: c0004bdbf4, options: 40000002, ru: 0)
             exe-1050008 [003] ..... 1636906.828268: sys_wait4 -> 0x10059f
             exe-1050008 [003] ..... 1636906.828270: sys_ptrace(request: 4204, pid: 10059f, addr: 1, data: c0004bdc70)
             exe-977603  [001] ..... 1636906.828270: sys_ptrace(request: 4205, pid: eeaf2, addr: 1, data: c002497c70)
             exe-1050008 [003] ..... 1636906.828272: sys_ptrace -> 0x0
             exe-977603  [001] ..... 1636906.828272: sys_ptrace -> 0x0
             exe-1050008 [003] ..... 1636906.828273: sys_ptrace(request: 4204, pid: 10059f, addr: 202, data: c0004bdc70)
             exe-977603  [001] ..... 1636906.828274: sys_ptrace(request: 4205, pid: eeaf2, addr: 202, data: c002497c70)
             exe-1050008 [003] ..... 1636906.828274: sys_ptrace -> 0x0
             exe-1050008 [003] ..... 1636906.828280: sys_pwrite64(fd: 63, buf: 7fd66edc6080, count: 52, pos: 54)
             exe-1050008 [003] ..... 1636906.828280: tracing_mark_write: sync_file_range(fd=51, offset=252, nbytes=0x6800009f, flags=0xffffffffffffff8) end
             exe-1050008 [003] ..... 1636906.891297: tracing_mark_write: sync_file_range(fd=51, offset=0x8b8b8b8b, nbytes=77, flags=0x1a0800003004) start
             exe-1050008 [003] ..... 1636906.891299: sys_pwrite64 -> 0x50
             exe-1050008 [003] ..... 1636906.891306: sys_ptrace(request: 4205, pid: 10059f, addr: 1, data: c0004bdc70)
             exe-1050008 [003] ..... 1636906.891308: sys_ptrace -> 0x0
             exe-1050008 [003] ..... 1636906.891310: sys_ptrace(request: 4205, pid: 10059f, addr: 202, data: c0004bdc70)
             exe-1050008 [003] ..... 1636906.891321: sys_ptrace -> 0x0
             exe-1050008 [003] ..... 1636906.891323: sys_ptrace(request: 1f, pid: 10059f, addr: 0, data: 0)
             exe-1050008 [003] .N... 1636906.891330: sys_ptrace -> 0x0
             exe-1050015 [003] ..... 1636906.891341: sys_write -> 0x50
             exe-1049673 [002] ..... 1636906.891343: sys_nanosleep -> 0x0
             exe-1049673 [002] ..... 1636906.891348: sys_nanosleep(rqtp: c000069f10, rmtp: 0)
             exe-1050008 [003] ..... 1636906.891361: sys_wait4(upid: 10059f, stat_addr: c0004bdbf4, options: 40000002, ru: 0)
             exe-1050008 [003] ..... 1636906.891363: sys_wait4 -> 0x10059f
             exe-1050008 [003] ..... 1636906.891365: sys_ptrace(request: 4204, pid: 10059f, addr: 1, data: c0004bdc70)
             exe-1050008 [003] ..... 1636906.891369: sys_ptrace -> 0x0
             exe-1050008 [003] ..... 1636906.891371: sys_ptrace(request: 4204, pid: 10059f, addr: 202, data: c0004bdc70)
             exe-1050008 [003] ..... 1636906.891373: sys_ptrace -> 0x0
             exe-1050008 [003] ..... 1636906.891379: sys_ptrace(request: 4205, pid: 10059f, addr: 1, data: c0004bdc70)
             exe-1050008 [003] ..... 1636906.891382: sys_ptrace -> 0x0
             exe-1050008 [003] ..... 1636906.891383: sys_ptrace(request: 4205, pid: 10059f, addr: 202, data: c0004bdc70)
             exe-1050008 [003] ..... 1636906.891393: sys_ptrace -> 0x0
             exe-1050008 [003] ..... 1636906.891395: sys_ptrace(request: 1f, pid: 10059f, addr: 0, data: 0)
             exe-1050008 [003] .N... 1636906.891402: sys_ptrace -> 0x0
             exe-1050015 [003] ..... 1636906.891412: sys_sync_file_range -> 0xffffffffffffffea
             exe-1049567 [000] ..... 1636906.891426: sys_nanosleep -> 0x0
             exe-1049567 [000] ..... 1636906.891428: sys_nanosleep(rqtp: c000069f10, rmtp: 0)
             exe-1050008 [003] ..... 1636906.891431: sys_wait4(upid: 10059f, stat_addr: c0004bdbf4, options: 40000002, ru: 0)
             exe-1050008 [003] ..... 1636906.891434: sys_wait4 -> 0x10059f
             exe-1050008 [003] ..... 1636906.891436: sys_ptrace(request: 4204, pid: 10059f, addr: 1, data: c0004bdc70)
             exe-1050008 [003] ..... 1636906.891440: sys_ptrace -> 0x0
             exe-1050008 [003] ..... 1636906.891442: sys_ptrace(request: 4204, pid: 10059f, addr: 202, data: c0004bdc70)
             exe-1050008 [003] ..... 1636906.891444: sys_ptrace -> 0x0
             exe-1049673 [002] ..... 1636906.891450: sys_nanosleep -> 0x0
             exe-1050008 [003] ..... 1636906.891453: sys_pwrite64(fd: 63, buf: 7fd66edc6080, count: 4e, pos: 50)
             exe-1050008 [003] ..... 1636906.891455: tracing_mark_write: sync_file_range(fd=51, offset=0x8b8b8b8b, nbytes=77, flags=0x1a0800003004) end
             exe-1050008 [003] ..... 1636906.989464: tracing_mark_write: sync_file_range(fd=51, offset=-9, nbytes=0, flags=0x80e0a223b0135d8) start
             exe-1050008 [003] ..... 1636906.989467: sys_pwrite64 -> 0x4a
             exe-1049567 [003] ..... 1636906.989503: sys_nanosleep -> 0x0
             exe-1049567 [003] ..... 1636906.989508: sys_nanosleep(rqtp: c000069f10, rmtp: 0)
             exe-1050008 [003] ..... 1636906.989528: sys_ptrace(request: 4205, pid: 10059f, addr: 1, data: c0004bdc70)
             exe-1050008 [003] ..... 1636906.989532: sys_ptrace -> 0x0
             exe-1050008 [003] ..... 1636906.989535: sys_ptrace(request: 4205, pid: 10059f, addr: 202, data: c0004bdc70)
             exe-1049673 [002] ..... 1636906.989539: sys_nanosleep -> 0x0
             exe-1049673 [002] ..... 1636906.989541: sys_nanosleep(rqtp: c000069f10, rmtp: 0)
             exe-1050008 [003] ..... 1636906.989556: sys_ptrace -> 0x0
             exe-1050008 [003] ..... 1636906.989559: sys_ptrace(request: 1f, pid: 10059f, addr: 0, data: 0)
             exe-1050008 [003] .N... 1636906.989566: sys_ptrace -> 0x0
             exe-1050015 [003] ..... 1636906.989578: sys_write -> 0x4a
             exe-1049673 [002] ..... 1636906.989625: sys_nanosleep -> 0x0
             exe-1049673 [002] ..... 1636906.989627: sys_nanosleep(rqtp: c000069f10, rmtp: 0)
             exe-1049567 [003] ..... 1636906.989633: sys_nanosleep -> 0x0
             exe-1049567 [003] ..... 1636906.989640: sys_nanosleep(rqtp: c000069f10, rmtp: 0)
             exe-1050008 [003] ..... 1636906.989667: sys_wait4(upid: 10059f, stat_addr: c0004bdbf4, options: 40000002, ru: 0)
             exe-1050008 [003] ..... 1636906.989671: sys_wait4 -> 0x10059f
             exe-1050008 [003] ..... 1636906.989677: sys_ptrace(request: 4204, pid: 10059f, addr: 1, data: c0004bdc70)
             exe-1050008 [003] ..... 1636906.989683: sys_ptrace -> 0x0
             exe-1050008 [003] ..... 1636906.989685: sys_ptrace(request: 4204, pid: 10059f, addr: 202, data: c0004bdc70)
             exe-1050008 [003] ..... 1636906.989689: sys_ptrace -> 0x0
             exe-1050008 [003] ..... 1636906.989698: sys_ptrace(request: 4205, pid: 10059f, addr: 1, data: c0004bdc70)
             exe-1050008 [003] ..... 1636906.989702: sys_ptrace -> 0x0
             exe-1050008 [003] ..... 1636906.989703: sys_ptrace(request: 4205, pid: 10059f, addr: 202, data: c0004bdc70)
             exe-1049673 [002] ..... 1636906.989712: sys_nanosleep -> 0x0
             exe-1049673 [002] ..... 1636906.989719: sys_nanosleep(rqtp: c000069f10, rmtp: 0)
             exe-1049567 [003] ..... 1636906.989761: sys_nanosleep -> 0x0
             exe-1049567 [003] ..... 1636906.989768: sys_nanosleep(rqtp: c000069f10, rmtp: 0)
             exe-1050008 [003] ..... 1636906.989790: sys_ptrace -> 0x0
             exe-1050008 [003] ..... 1636906.989793: sys_ptrace(request: 1f, pid: 10059f, addr: 0, data: 0)
             exe-1050008 [003] .N... 1636906.989799: sys_ptrace -> 0x0
             exe-1049673 [002] ..... 1636906.989804: sys_nanosleep -> 0x0
             exe-1049673 [002] ..... 1636906.989806: sys_nanosleep(rqtp: c000069f10, rmtp: 0)
             exe-1050015 [003] ..... 1636906.989811: sys_sync_file_range -> 0xffffffffffffffea
             exe-1049567 [003] ..... 1636906.989891: sys_nanosleep -> 0x0
             exe-1049673 [002] ..... 1636906.989891: sys_nanosleep -> 0x0
             exe-1049673 [002] ..... 1636906.989893: sys_nanosleep(rqtp: c000069f10, rmtp: 0)
             exe-1049567 [003] ..... 1636906.989898: sys_nanosleep(rqtp: c000069f10, rmtp: 0)
             exe-1050008 [003] ..... 1636906.989918: sys_wait4(upid: 10059f, stat_addr: c0004bdbf4, options: 40000002, ru: 0)
             exe-1050008 [003] ..... 1636906.989921: sys_wait4 -> 0x10059f
             exe-1050008 [003] ..... 1636906.989924: sys_ptrace(request: 4204, pid: 10059f, addr: 1, data: c0004bdc70)
             exe-1050008 [003] ..... 1636906.989930: sys_ptrace -> 0x0
             exe-1050008 [003] ..... 1636906.989932: sys_ptrace(request: 4204, pid: 10059f, addr: 202, data: c0004bdc70)
             exe-1050008 [003] ..... 1636906.989935: sys_ptrace -> 0x0
             exe-1050008 [003] ..... 1636906.989953: sys_pwrite64(fd: 63, buf: 7fd66edc6080, count: 48, pos: 4a)
             exe-1050008 [003] ..... 1636906.989957: tracing_mark_write: sync_file_range(fd=51, offset=-9, nbytes=0, flags=0x80e0a223b0135d8) end
             exe-1050008 [002] ..... 1636907.060615: tracing_mark_write: sync_file_range(fd=51, offset=0x400000, nbytes=131, flags=0x10) start
             exe-1050008 [002] ..... 1636907.060617: sys_pwrite64 -> 0x45
             exe-1050008 [002] ..... 1636907.060622: sys_ptrace(request: 4205, pid: 10059f, addr: 1, data: c0004bdc70)
             exe-1050008 [002] ..... 1636907.060624: sys_ptrace -> 0x0
             exe-1050008 [002] ..... 1636907.060625: sys_ptrace(request: 4205, pid: 10059f, addr: 202, data: c0004bdc70)
             exe-1050008 [002] ..... 1636907.060633: sys_ptrace -> 0x0
             exe-1050008 [002] ..... 1636907.060635: sys_ptrace(request: 1f, pid: 10059f, addr: 0, data: 0)
             exe-1050008 [002] ..... 1636907.060645: sys_ptrace -> 0x0
             exe-1050008 [002] ..... 1636907.060647: sys_wait4(upid: 10059f, stat_addr: c0004bdbf4, options: 40000002, ru: 0)
             exe-1050015 [003] ..... 1636907.060674: sys_write -> 0x45
             exe-1050008 [002] ..... 1636907.060693: sys_wait4 -> 0x10059f
             exe-1050008 [002] ..... 1636907.060695: sys_ptrace(request: 4204, pid: 10059f, addr: 1, data: c0004bdc70)
             exe-1050008 [002] ..... 1636907.060697: sys_ptrace -> 0x0
             exe-1050008 [002] ..... 1636907.060698: sys_ptrace(request: 4204, pid: 10059f, addr: 202, data: c0004bdc70)
             exe-1050008 [002] ..... 1636907.060700: sys_ptrace -> 0x0
             exe-1050008 [002] ..... 1636907.060705: sys_ptrace(request: 4205, pid: 10059f, addr: 1, data: c0004bdc70)
             exe-1050008 [002] ..... 1636907.060708: sys_ptrace -> 0x0
             exe-1050008 [002] ..... 1636907.060709: sys_ptrace(request: 4205, pid: 10059f, addr: 202, data: c0004bdc70)
             exe-1050008 [002] ..... 1636907.060715: sys_ptrace -> 0x0
             exe-1050008 [002] ..... 1636907.060716: sys_ptrace(request: 1f, pid: 10059f, addr: 0, data: 0)
             exe-1050008 [002] ..... 1636907.060721: sys_ptrace -> 0x0
             exe-1050008 [002] ..... 1636907.060724: sys_wait4(upid: 10059f, stat_addr: c0004bdbf4, options: 40000002, ru: 0)
             exe-1050015 [003] ..... 1636907.060729: sys_sync_file_range -> 0xffffffffffffffea
             exe-1050008 [002] ..... 1636907.060742: sys_wait4 -> 0x10059f
             exe-1050008 [002] ..... 1636907.060745: sys_ptrace(request: 4204, pid: 10059f, addr: 1, data: c0004bdc70)
             exe-1050008 [002] ..... 1636907.060747: sys_ptrace -> 0x0
             exe-1050008 [002] ..... 1636907.060748: sys_ptrace(request: 4204, pid: 10059f, addr: 202, data: c0004bdc70)
             exe-1050008 [002] ..... 1636907.060750: sys_ptrace -> 0x0
             exe-1050008 [002] ..... 1636907.060754: sys_pwrite64(fd: 63, buf: 7fd66edc6080, count: 43, pos: 45)
             exe-1050008 [002] ..... 1636907.060756: tracing_mark_write: sync_file_range(fd=51, offset=0x400000, nbytes=131, flags=0x10) end
             exe-1050008 [000] ..... 1636907.137841: tracing_mark_write: sync_file_range(fd=51, offset=4, nbytes=29, flags=0x95483bb464) start
             exe-1050008 [000] ..... 1636907.137843: sys_pwrite64 -> 0x45
             exe-1050008 [000] ..... 1636907.137848: sys_ptrace(request: 4205, pid: 10059f, addr: 1, data: c0004bdc70)
             exe-1050008 [000] ..... 1636907.137850: sys_ptrace -> 0x0
             exe-1050008 [000] ..... 1636907.137851: sys_ptrace(request: 4205, pid: 10059f, addr: 202, data: c0004bdc70)
             exe-1050008 [000] ..... 1636907.137861: sys_ptrace -> 0x0
             exe-1050008 [000] ..... 1636907.137862: sys_ptrace(request: 1f, pid: 10059f, addr: 0, data: 0)
             exe-1050008 [000] ..... 1636907.137869: sys_ptrace -> 0x0
             exe-1050008 [000] ..... 1636907.137870: sys_wait4(upid: 10059f, stat_addr: c0004bdbf4, options: 40000002, ru: 0)
             exe-1050015 [003] ..... 1636907.137878: sys_write -> 0x45
             exe-1050008 [000] ..... 1636907.137898: sys_wait4 -> 0x10059f
             exe-1050008 [000] ..... 1636907.137900: sys_ptrace(request: 4204, pid: 10059f, addr: 1, data: c0004bdc70)
             exe-1049673 [002] ..... 1636907.137902: sys_nanosleep -> 0x0
             exe-1050008 [000] ..... 1636907.137903: sys_ptrace -> 0x0
             exe-1050008 [000] ..... 1636907.137904: sys_ptrace(request: 4204, pid: 10059f, addr: 202, data: c0004bdc70)
             exe-1050008 [000] ..... 1636907.137906: sys_ptrace -> 0x0
             exe-1049673 [002] ..... 1636907.137907: sys_nanosleep(rqtp: c000069f10, rmtp: 0)
             exe-1050008 [000] ..... 1636907.137910: sys_ptrace(request: 4205, pid: 10059f, addr: 1, data: c0004bdc70)
             exe-1050008 [000] ..... 1636907.137912: sys_ptrace -> 0x0
             exe-1050008 [000] ..... 1636907.137914: sys_ptrace(request: 4205, pid: 10059f, addr: 202, data: c0004bdc70)
             exe-1050008 [000] ..... 1636907.137919: sys_ptrace -> 0x0
             exe-1050008 [000] ..... 1636907.137921: sys_ptrace(request: 1f, pid: 10059f, addr: 0, data: 0)
             exe-1050008 [000] ..... 1636907.137927: sys_ptrace -> 0x0
             exe-1050008 [000] ..... 1636907.137928: sys_wait4(upid: 10059f, stat_addr: c0004bdbf4, options: 40000002, ru: 0)
             exe-1050015 [003] ..... 1636907.137938: sys_sync_file_range -> 0xffffffffffffffea
             exe-1049567 [003] ..... 1636907.137957: sys_nanosleep -> 0x0
             exe-1050008 [000] ..... 1636907.137957: sys_wait4 -> 0x10059f
             exe-1050008 [000] ..... 1636907.137959: sys_ptrace(request: 4204, pid: 10059f, addr: 1, data: c0004bdc70)
             exe-1050008 [000] ..... 1636907.137961: sys_ptrace -> 0x0
             exe-1049567 [003] ..... 1636907.137963: sys_nanosleep(rqtp: c000069f10, rmtp: 0)
             exe-1050008 [000] ..... 1636907.137963: sys_ptrace(request: 4204, pid: 10059f, addr: 202, data: c0004bdc70)
             exe-1050008 [000] ..... 1636907.137964: sys_ptrace -> 0x0
             exe-1050008 [000] ..... 1636907.137969: sys_pwrite64(fd: 63, buf: 7fd66edc6080, count: 43, pos: 45)
             exe-1050008 [000] ..... 1636907.137971: tracing_mark_write: sync_file_range(fd=51, offset=4, nbytes=29, flags=0x95483bb464) end
             exe-1050233 [000] ..... 1636907.229173: tracing_mark_write: sync_file_range(fd=359, offset=0x1be506724, nbytes=1, flags=0xffffffffffffffc) start
             exe-1050233 [000] ..... 1636907.229175: sys_pwrite64 -> 0x54
             exe-1050233 [000] ..... 1636907.229180: sys_ptrace(request: 4205, pid: 10068d, addr: 1, data: c0004bdc70)
             exe-1050233 [000] ..... 1636907.229182: sys_ptrace -> 0x0
             exe-1050233 [000] ..... 1636907.229184: sys_ptrace(request: 4205, pid: 10068d, addr: 202, data: c0004bdc70)
             exe-1050233 [000] ..... 1636907.229191: sys_ptrace -> 0x0
             exe-1050233 [000] ..... 1636907.229193: sys_ptrace(request: 1f, pid: 10068d, addr: 0, data: 0)
             exe-1050233 [000] ..... 1636907.229200: sys_ptrace -> 0x0
             exe-1050233 [000] ..... 1636907.229201: sys_wait4(upid: 10068d, stat_addr: c0004bdbf4, options: 40000002, ru: 0)
             exe-1050253 [003] ..... 1636907.229216: sys_write -> 0x54
             exe-1049673 [002] ..... 1636907.229257: sys_nanosleep -> 0x0
             exe-1049673 [002] ..... 1636907.229262: sys_nanosleep(rqtp: c000069f10, rmtp: 0)
             exe-1049567 [003] ..... 1636907.229275: sys_nanosleep -> 0x0
             exe-1050233 [000] ..... 1636907.229277: sys_wait4 -> 0x10068d
             exe-1050233 [000] ..... 1636907.229280: sys_ptrace(request: 4204, pid: 10068d, addr: 1, data: c0004bdc70)
             exe-1049567 [003] ..... 1636907.229282: sys_nanosleep(rqtp: c000069f10, rmtp: 0)
             exe-1050233 [000] ..... 1636907.229282: sys_ptrace -> 0x0
             exe-1050233 [000] ..... 1636907.229283: sys_ptrace(request: 4204, pid: 10068d, addr: 202, data: c0004bdc70)
             exe-1050233 [000] ..... 1636907.229285: sys_ptrace -> 0x0
             exe-1050233 [000] ..... 1636907.229291: sys_ptrace(request: 4205, pid: 10068d, addr: 1, data: c0004bdc70)
             exe-1050233 [000] ..... 1636907.229293: sys_ptrace -> 0x0
             exe-1050233 [000] ..... 1636907.229295: sys_ptrace(request: 4205, pid: 10068d, addr: 202, data: c0004bdc70)
             exe-1050233 [000] ..... 1636907.229307: sys_ptrace -> 0x0
             exe-1050233 [000] ..... 1636907.229308: sys_ptrace(request: 1f, pid: 10068d, addr: 0, data: 0)
             exe-1050233 [000] ..... 1636907.229314: sys_ptrace -> 0x0
             exe-1050233 [000] ..... 1636907.229316: sys_wait4(upid: 10068d, stat_addr: c0004bdbf4, options: 40000002, ru: 0)
             exe-1050253 [003] ..... 1636907.229331: sys_sync_file_range -> 0xffffffffffffffea
             exe-1050233 [000] ..... 1636907.229356: sys_wait4 -> 0x10068d
             exe-1050233 [000] ..... 1636907.229359: sys_ptrace(request: 4204, pid: 10068d, addr: 1, data: c0004bdc70)
             exe-1050233 [000] ..... 1636907.229361: sys_ptrace -> 0x0
             exe-1050233 [000] ..... 1636907.229362: sys_ptrace(request: 4204, pid: 10068d, addr: 202, data: c0004bdc70)
             exe-1050233 [000] ..... 1636907.229364: sys_ptrace -> 0x0
             exe-1049673 [002] ..... 1636907.229364: sys_nanosleep -> 0x0
             exe-1050233 [000] ..... 1636907.229370: sys_pwrite64(fd: 63, buf: 7fd66edc6080, count: 52, pos: 54)
             exe-1049673 [002] ..... 1636907.229370: sys_nanosleep(rqtp: c000069f10, rmtp: 0)
             exe-1050233 [000] ..... 1636907.229372: tracing_mark_write: sync_file_range(fd=359, offset=0x1be506724, nbytes=1, flags=0xffffffffffffffc) end
             exe-1050233 [001] ..... 1636907.304569: tracing_mark_write: sync_file_range(fd=359, offset=2048, nbytes=244, flags=0x3207094041574a4) start
             exe-1050233 [001] ..... 1636907.304571: sys_pwrite64 -> 0x4f
             exe-1050233 [001] ..... 1636907.304606: sys_ptrace(request: 4205, pid: 10068d, addr: 1, data: c0004bdc70)
             exe-1050233 [001] ..... 1636907.304608: sys_ptrace -> 0x0
             exe-1050233 [001] ..... 1636907.304610: sys_ptrace(request: 4205, pid: 10068d, addr: 202, data: c0004bdc70)
             exe-1050233 [001] ..... 1636907.304621: sys_ptrace -> 0x0
             exe-1050233 [001] ..... 1636907.304623: sys_ptrace(request: 1f, pid: 10068d, addr: 0, data: 0)
             exe-1049567 [003] ..... 1636907.304630: sys_nanosleep -> 0x0
             exe-1049567 [003] ..... 1636907.304633: sys_nanosleep(rqtp: c000069f10, rmtp: 0)
             exe-1050233 [001] ..... 1636907.304635: sys_ptrace -> 0x0
             exe-1050233 [001] ..... 1636907.304637: sys_wait4(upid: 10068d, stat_addr: c0004bdbf4, options: 40000002, ru: 0)
             exe-1050253 [000] ..... 1636907.304645: sys_write -> 0x4f
             exe-1049673 [001] ..... 1636907.304658: sys_nanosleep -> 0x0
             exe-1049673 [001] ..... 1636907.304664: sys_nanosleep(rqtp: c000069f10, rmtp: 0)
             exe-1050233 [001] ..... 1636907.304688: sys_wait4 -> 0x10068d
             exe-1050233 [001] ..... 1636907.304693: sys_ptrace(request: 4204, pid: 10068d, addr: 1, data: c0004bdc70)
             exe-1050233 [001] ..... 1636907.304697: sys_ptrace -> 0x0
             exe-1050233 [001] ..... 1636907.304699: sys_ptrace(request: 4204, pid: 10068d, addr: 202, data: c0004bdc70)
             exe-1050233 [001] ..... 1636907.304701: sys_ptrace -> 0x0
             exe-1050233 [001] ..... 1636907.304709: sys_ptrace(request: 4205, pid: 10068d, addr: 1, data: c0004bdc70)
             exe-1050233 [001] ..... 1636907.304712: sys_ptrace -> 0x0
             exe-1050233 [001] ..... 1636907.304714: sys_ptrace(request: 4205, pid: 10068d, addr: 202, data: c0004bdc70)
             exe-1050233 [001] ..... 1636907.304724: sys_ptrace -> 0x0
             exe-1050233 [001] ..... 1636907.304726: sys_ptrace(request: 1f, pid: 10068d, addr: 0, data: 0)
             exe-1050253 [000] ..... 1636907.304751: sys_sync_file_range -> 0xffffffffffffffea
             exe-1050233 [001] ..... 1636907.304759: sys_ptrace -> 0x0
             exe-1050233 [001] ..... 1636907.304762: sys_wait4(upid: 10068d, stat_addr: c0004bdbf4, options: 40000002, ru: 0)
             exe-1050233 [001] ..... 1636907.304763: sys_wait4 -> 0x10068d
             exe-1050233 [001] ..... 1636907.304765: sys_ptrace(request: 4204, pid: 10068d, addr: 1, data: c0004bdc70)
             exe-1050233 [001] ..... 1636907.304768: sys_ptrace -> 0x0
             exe-1050233 [001] ..... 1636907.304769: sys_ptrace(request: 4204, pid: 10068d, addr: 202, data: c0004bdc70)
             exe-1050233 [001] ..... 1636907.304771: sys_ptrace -> 0x0
             exe-1050233 [001] ..... 1636907.304783: sys_pwrite64(fd: 63, buf: 7fd66edc6080, count: 4d, pos: 4f)
             exe-1050233 [001] ..... 1636907.304784: tracing_mark_write: sync_file_range(fd=359, offset=2048, nbytes=244, flags=0x3207094041574a4) end
             exe-1050233 [003] ..... 1636907.372450: tracing_mark_write: sync_file_range(fd=359, offset=4096, nbytes=0x186e0000, flags=0xb3) start
             exe-1050233 [003] ..... 1636907.372452: sys_pwrite64 -> 0x49
             exe-1049673 [001] ..... 1636907.372452: sys_nanosleep -> 0x0
             exe-1049673 [001] ..... 1636907.372454: sys_nanosleep(rqtp: c000069f10, rmtp: 0)
             exe-1050233 [003] ..... 1636907.372478: sys_ptrace(request: 4205, pid: 10068d, addr: 1, data: c0004bdc70)
             exe-1050233 [003] ..... 1636907.372480: sys_ptrace -> 0x0
             exe-1050233 [003] ..... 1636907.372482: sys_ptrace(request: 4205, pid: 10068d, addr: 202, data: c0004bdc70)
             exe-1050233 [003] ..... 1636907.372490: sys_ptrace -> 0x0
             exe-1050233 [003] ..... 1636907.372492: sys_ptrace(request: 1f, pid: 10068d, addr: 0, data: 0)
             exe-1050233 [003] ..... 1636907.372502: sys_ptrace -> 0x0
             exe-1050233 [003] ..... 1636907.372504: sys_wait4(upid: 10068d, stat_addr: c0004bdbf4, options: 40000002, ru: 0)
             exe-1049567 [003] ..... 1636907.372510: sys_nanosleep -> 0x0
             exe-1049567 [003] ..... 1636907.372513: sys_nanosleep(rqtp: c000069f10, rmtp: 0)
             exe-1050253 [000] ..... 1636907.372521: sys_write -> 0x49
             exe-1050233 [003] ..... 1636907.372536: sys_wait4 -> 0x10068d
             exe-1050233 [003] ..... 1636907.372538: sys_ptrace(request: 4204, pid: 10068d, addr: 1, data: c0004bdc70)
             exe-1050233 [003] ..... 1636907.372541: sys_ptrace -> 0x0
             exe-1050233 [003] ..... 1636907.372542: sys_ptrace(request: 4204, pid: 10068d, addr: 202, data: c0004bdc70)
             exe-1049673 [001] ..... 1636907.372543: sys_nanosleep -> 0x0
             exe-1050233 [003] ..... 1636907.372545: sys_ptrace -> 0x0
             exe-1049673 [001] ..... 1636907.372545: sys_nanosleep(rqtp: c000069f10, rmtp: 0)
             exe-1050233 [003] ..... 1636907.372549: sys_ptrace(request: 4205, pid: 10068d, addr: 1, data: c0004bdc70)
             exe-1050233 [003] ..... 1636907.372552: sys_ptrace -> 0x0
             exe-1050233 [003] ..... 1636907.372553: sys_ptrace(request: 4205, pid: 10068d, addr: 202, data: c0004bdc70)
             exe-1050233 [003] ..... 1636907.372564: sys_ptrace -> 0x0
             exe-1050233 [003] ..... 1636907.372566: sys_ptrace(request: 1f, pid: 10068d, addr: 0, data: 0)
             exe-1050233 [003] ..... 1636907.372575: sys_ptrace -> 0x0
             exe-1050233 [003] ..... 1636907.372577: sys_wait4(upid: 10068d, stat_addr: c0004bdbf4, options: 40000002, ru: 0)
             exe-1050253 [000] ..... 1636907.372593: sys_sync_file_range -> 0xffffffffffffffea
             exe-1049567 [003] ..... 1636907.372606: sys_nanosleep -> 0x0
             exe-1049567 [003] ..... 1636907.372609: sys_nanosleep(rqtp: c000069f10, rmtp: 0)
             exe-1050233 [003] ..... 1636907.372618: sys_wait4 -> 0x10068d
             exe-1050233 [003] ..... 1636907.372621: sys_ptrace(request: 4204, pid: 10068d, addr: 1, data: c0004bdc70)
             exe-1050233 [003] ..... 1636907.372623: sys_ptrace -> 0x0
             exe-1050233 [003] ..... 1636907.372625: sys_ptrace(request: 4204, pid: 10068d, addr: 202, data: c0004bdc70)
             exe-1050233 [003] ..... 1636907.372627: sys_ptrace -> 0x0
             exe-1050233 [003] ..... 1636907.372633: sys_pwrite64(fd: 63, buf: 7fd66edc6080, count: 47, pos: 49)
             exe-1050233 [003] ..... 1636907.372634: tracing_mark_write: sync_file_range(fd=359, offset=4096, nbytes=0x186e0000, flags=0xb3) end
             exe-1050233 [003] ..... 1636907.452923: tracing_mark_write: sync_file_range(fd=359, offset=0xfefefefe, nbytes=0x65656565, flags=0x9) start
             exe-1049673 [002] ..... 1636907.452924: sys_nanosleep(rqtp: c000069f10, rmtp: 0)
             exe-1050233 [003] ..... 1636907.452925: sys_pwrite64 -> 0x4e
             exe-1050233 [003] ..... 1636907.452930: sys_ptrace(request: 4205, pid: 10068d, addr: 1, data: c0004bdc70)
             exe-1050233 [003] ..... 1636907.452933: sys_ptrace -> 0x0
             exe-1050233 [003] ..... 1636907.452934: sys_ptrace(request: 4205, pid: 10068d, addr: 202, data: c0004bdc70)
             exe-1050233 [003] ..... 1636907.452942: sys_ptrace -> 0x0
             exe-1050233 [003] ..... 1636907.452944: sys_ptrace(request: 1f, pid: 10068d, addr: 0, data: 0)
             exe-1050233 [003] ..... 1636907.452954: sys_ptrace -> 0x0
             exe-1050233 [003] ..... 1636907.452957: sys_wait4(upid: 10068d, stat_addr: c0004bdbf4, options: 40000002, ru: 0)
             exe-1050253 [000] ..... 1636907.452978: sys_write -> 0x4e
             exe-1049567 [003] ..... 1636907.452994: sys_nanosleep -> 0x0
             exe-1049567 [003] ..... 1636907.452998: sys_nanosleep(rqtp: c000069f10, rmtp: 0)
             exe-1049673 [002] ..... 1636907.453008: sys_nanosleep -> 0x0
             exe-1050233 [003] ..... 1636907.453008: sys_wait4 -> 0x10068d
             exe-1049673 [002] ..... 1636907.453010: sys_nanosleep(rqtp: c000069f10, rmtp: 0)
             exe-1050233 [003] ..... 1636907.453011: sys_ptrace(request: 4204, pid: 10068d, addr: 1, data: c0004bdc70)
             exe-1050233 [003] ..... 1636907.453013: sys_ptrace -> 0x0
             exe-1050233 [003] ..... 1636907.453015: sys_ptrace(request: 4204, pid: 10068d, addr: 202, data: c0004bdc70)
             exe-1050233 [003] ..... 1636907.453017: sys_ptrace -> 0x0
             exe-1050233 [003] ..... 1636907.453021: sys_ptrace(request: 4205, pid: 10068d, addr: 1, data: c0004bdc70)
             exe-1050233 [003] ..... 1636907.453024: sys_ptrace -> 0x0
             exe-1050233 [003] ..... 1636907.453025: sys_ptrace(request: 4205, pid: 10068d, addr: 202, data: c0004bdc70)
             exe-1050233 [003] ..... 1636907.453032: sys_ptrace -> 0x0
             exe-1050233 [003] ..... 1636907.453034: sys_ptrace(request: 1f, pid: 10068d, addr: 0, data: 0)
             exe-1050233 [003] ..... 1636907.453043: sys_ptrace -> 0x0
             exe-1050233 [003] ..... 1636907.453045: sys_wait4(upid: 10068d, stat_addr: c0004bdbf4, options: 40000002, ru: 0)
             exe-1050253 [000] ..... 1636907.453063: sys_sync_file_range -> 0xffffffffffffffea
             exe-1050233 [003] ..... 1636907.453078: sys_wait4 -> 0x10068d
             exe-1050233 [003] ..... 1636907.453080: sys_ptrace(request: 4204, pid: 10068d, addr: 1, data: c0004bdc70)
             exe-1050233 [003] ..... 1636907.453083: sys_ptrace -> 0x0
             exe-1050233 [003] ..... 1636907.453084: sys_ptrace(request: 4204, pid: 10068d, addr: 202, data: c0004bdc70)
             exe-1050233 [003] ..... 1636907.453086: sys_ptrace -> 0x0
             exe-1050233 [003] ..... 1636907.453092: sys_pwrite64(fd: 63, buf: 7fd66edc6080, count: 4c, pos: 4e)
             exe-1049673 [002] ..... 1636907.453093: sys_nanosleep -> 0x0
             exe-1050233 [003] ..... 1636907.453094: tracing_mark_write: sync_file_range(fd=359, offset=0xfefefefe, nbytes=0x65656565, flags=0x9) end
             exe-1050233 [002] ..... 1636907.539830: tracing_mark_write: sync_file_range(fd=359, offset=0xedbcde4af8c5b39f, nbytes=0, flags=0x6c322a145c84b8) start
             exe-1050233 [002] ..... 1636907.539843: sys_pwrite64 -> 0x5a
             exe-1050233 [002] ..... 1636907.539850: sys_ptrace(request: 4205, pid: 10068d, addr: 1, data: c0004bdc70)
             exe-1050233 [002] ..... 1636907.539854: sys_ptrace -> 0x0
             exe-1050233 [002] ..... 1636907.539855: sys_ptrace(request: 4205, pid: 10068d, addr: 202, data: c0004bdc70)
             exe-1050233 [002] ..... 1636907.539868: sys_ptrace -> 0x0
             exe-1050233 [002] ..... 1636907.539870: sys_ptrace(request: 1f, pid: 10068d, addr: 0, data: 0)
