             exe-1049981 [003] ..... 1636903.203873: tracing_mark_write: sync_file_range(fd=276, offset=0xffffffde, nbytes=238, flags=0x2fcbe238) start
             exe-1049981 [003] ..... 1636903.203882: sys_pwrite64 -> 0x4e
             exe-1049981 [003] ..... 1636903.203886: sys_ptrace(request: 4205, pid: 1005aa, addr: 1, data: c0004bdc70)
             exe-1049981 [003] ..... 1636903.203888: sys_ptrace -> 0x0
             exe-1049981 [003] ..... 1636903.203889: sys_ptrace(request: 4205, pid: 1005aa, addr: 202, data: c0004bdc70)
             exe-1049981 [003] ..... 1636903.203894: sys_ptrace -> 0x0
             exe-1049673 [000] ..... 1636903.203894: sys_nanosleep -> 0x0
             exe-1049981 [003] ..... 1636903.203895: sys_ptrace(request: 1f, pid: 1005aa, addr: 0, data: 0)
             exe-1049673 [000] ..... 1636903.203897: sys_futex(uaddr: 1f09dc0, op: 80, val: 0, utime: c000069eb0, uaddr2: 0, val3: 0)
             exe-1049981 [003] ..... 1636903.203901: sys_ptrace -> 0x0
             exe-1049981 [003] ..... 1636903.203903: sys_wait4(upid: 1005aa, stat_addr: c0004bdbf4, options: 40000002, ru: 0)
             exe-1050026 [002] ..... 1636903.203914: sys_write -> 0x4e
             exe-1049981 [003] ..... 1636903.203928: sys_wait4 -> 0x1005aa
             exe-1049981 [003] ..... 1636903.203930: sys_ptrace(request: 4204, pid: 1005aa, addr: 1, data: c0004bdc70)
             exe-1049981 [003] ..... 1636903.203932: sys_ptrace -> 0x0
             exe-1049981 [003] ..... 1636903.203933: sys_ptrace(request: 4204, pid: 1005aa, addr: 202, data: c0004bdc70)
             exe-1049981 [003] ..... 1636903.203934: sys_ptrace -> 0x0
             exe-1049981 [003] ..... 1636903.203938: sys_ptrace(request: 4205, pid: 1005aa, addr: 1, data: c0004bdc70)
             exe-1049981 [003] ..... 1636903.203939: sys_ptrace -> 0x0
             exe-1049981 [003] ..... 1636903.203940: sys_ptrace(request: 4205, pid: 1005aa, addr: 202, data: c0004bdc70)
             exe-1049981 [003] ..... 1636903.203944: sys_ptrace -> 0x0
             exe-1049981 [003] ..... 1636903.203945: sys_ptrace(request: 1f, pid: 1005aa, addr: 0, data: 0)
             exe-1049981 [003] ..... 1636903.203951: sys_ptrace -> 0x0
             exe-1049981 [003] ..... 1636903.203953: sys_wait4(upid: 1005aa, stat_addr: c0004bdbf4, options: 40000002, ru: 0)
             exe-1050026 [002] ..... 1636903.203968: sys_sync_file_range -> 0xffffffffffffffea
             exe-1049981 [003] ..... 1636903.203981: sys_wait4 -> 0x1005aa
             exe-1049981 [003] ..... 1636903.203983: sys_ptrace(request: 4204, pid: 1005aa, addr: 1, data: c0004bdc70)
             exe-1049981 [003] ..... 1636903.203984: sys_ptrace -> 0x0
             exe-1049981 [003] ..... 1636903.203985: sys_ptrace(request: 4204, pid: 1005aa, addr: 202, data: c0004bdc70)
             exe-1049981 [003] ..... 1636903.203987: sys_ptrace -> 0x0
             exe-1049981 [003] ..... 1636903.203991: sys_pwrite64(fd: 63, buf: 7fd66edc6080, count: 4c, pos: 4e)
             exe-1049981 [003] ..... 1636903.203997: tracing_mark_write: sync_file_range(fd=276, offset=0xffffffde, nbytes=238, flags=0x2fcbe238) end
             exe-1049981 [003] ..... 1636903.293080: tracing_mark_write: sync_file_range(fd=276, offset=0x4300007c, nbytes=137, flags=0xfffe) start
             exe-1049981 [003] ..... 1636903.293082: sys_pwrite64 -> 0x4a
             exe-1049981 [003] ..... 1636903.293088: sys_ptrace(request: 4205, pid: 1005aa, addr: 1, data: c0004bdc70)
             exe-1049981 [003] ..... 1636903.293091: sys_ptrace -> 0x0
             exe-1049981 [003] ..... 1636903.293093: sys_ptrace(request: 4205, pid: 1005aa, addr: 202, data: c0004bdc70)
             exe-1049981 [003] ..... 1636903.293100: sys_ptrace -> 0x0
             exe-1049981 [003] ..... 1636903.293101: sys_ptrace(request: 1f, pid: 1005aa, addr: 0, data: 0)
             exe-1049981 [003] ..... 1636903.293107: sys_ptrace -> 0x0
             exe-1049981 [003] ..... 1636903.293109: sys_wait4(upid: 1005aa, stat_addr: c0004bdbf4, options: 40000002, ru: 0)
             exe-1050026 [002] ..... 1636903.293123: sys_write -> 0x4a
             exe-1049567 [003] ..... 1636903.293171: sys_nanosleep -> 0x0
             exe-1049567 [003] ..... 1636903.293173: sys_nanosleep(rqtp: c000069f10, rmtp: 0)
             exe-1049981 [003] ..... 1636903.293182: sys_wait4 -> 0x1005aa
             exe-1049981 [003] ..... 1636903.293184: sys_ptrace(request: 4204, pid: 1005aa, addr: 1, data: c0004bdc70)
             exe-1049981 [003] ..... 1636903.293189: sys_ptrace -> 0x0
             exe-1049981 [003] ..... 1636903.293190: sys_ptrace(request: 4204, pid: 1005aa, addr: 202, data: c0004bdc70)
             exe-1049981 [003] ..... 1636903.293192: sys_ptrace -> 0x0
             exe-1049981 [003] ..... 1636903.293209: sys_ptrace(request: 4205, pid: 1005aa, addr: 1, data: c0004bdc70)
             exe-1049981 [003] ..... 1636903.293211: sys_ptrace -> 0x0
             exe-1049981 [003] ..... 1636903.293213: sys_ptrace(request: 4205, pid: 1005aa, addr: 202, data: c0004bdc70)
             exe-1049981 [003] ..... 1636903.293220: sys_ptrace -> 0x0
             exe-1049981 [003] ..... 1636903.293222: sys_ptrace(request: 1f, pid: 1005aa, addr: 0, data: 0)
             exe-1049981 [003] ..... 1636903.293227: sys_ptrace -> 0x0
             exe-1049981 [003] ..... 1636903.293229: sys_wait4(upid: 1005aa, stat_addr: c0004bdbf4, options: 40000002, ru: 0)
             exe-1050026 [002] ..... 1636903.293243: sys_sync_file_range -> 0xffffffffffffffea
             exe-1049567 [003] ..... 1636903.293271: sys_nanosleep -> 0x0
             exe-1049567 [003] ..... 1636903.293273: sys_nanosleep(rqtp: c000069f10, rmtp: 0)
             exe-1049981 [003] ..... 1636903.293282: sys_wait4 -> 0x1005aa
             exe-1049981 [003] ..... 1636903.293285: sys_ptrace(request: 4204, pid: 1005aa, addr: 1, data: c0004bdc70)
             exe-1049981 [003] ..... 1636903.293290: sys_ptrace -> 0x0
             exe-1049981 [003] ..... 1636903.293292: sys_ptrace(request: 4204, pid: 1005aa, addr: 202, data: c0004bdc70)
             exe-1049981 [003] ..... 1636903.293294: sys_ptrace -> 0x0
             exe-1049981 [003] ..... 1636903.293301: sys_pwrite64(fd: 63, buf: 7fd66edc6080, count: 48, pos: 4a)
             exe-1049981 [003] ..... 1636903.293302: tracing_mark_write: sync_file_range(fd=276, offset=0x4300007c, nbytes=137, flags=0xfffe) end
             exe-1049981 [003] ..... 1636903.362539: tracing_mark_write: sync_file_range(fd=276, offset=0x6a3ee0d226, nbytes=171, flags=0x4a07) start
             exe-1049981 [003] ..... 1636903.362542: sys_pwrite64 -> 0x4c
             exe-1049981 [003] ..... 1636903.362546: sys_ptrace(request: 4205, pid: 1005aa, addr: 1, data: c0004bdc70)
             exe-1049981 [003] ..... 1636903.362549: sys_ptrace -> 0x0
             exe-1049981 [003] ..... 1636903.362550: sys_ptrace(request: 4205, pid: 1005aa, addr: 202, data: c0004bdc70)
             exe-1049981 [003] ..... 1636903.362570: sys_ptrace -> 0x0
             exe-1049981 [003] ..... 1636903.362573: sys_ptrace(request: 1f, pid: 1005aa, addr: 0, data: 0)
             exe-1049981 [003] ..... 1636903.362585: sys_ptrace -> 0x0
             exe-1049981 [003] ..... 1636903.362586: sys_wait4(upid: 1005aa, stat_addr: c0004bdbf4, options: 40000002, ru: 0)
             exe-1050026 [002] ..... 1636903.362624: sys_write -> 0x4c
             exe-1049981 [003] ..... 1636903.362645: sys_wait4 -> 0x1005aa
             exe-1049981 [003] ..... 1636903.362648: sys_ptrace(request: 4204, pid: 1005aa, addr: 1, data: c0004bdc70)
             exe-1049981 [003] ..... 1636903.362651: sys_ptrace -> 0x0
             exe-1049981 [003] ..... 1636903.362652: sys_ptrace(request: 4204, pid: 1005aa, addr: 202, data: c0004bdc70)
             exe-1049981 [003] ..... 1636903.362654: sys_ptrace -> 0x0
             exe-1049981 [003] ..... 1636903.362660: sys_ptrace(request: 4205, pid: 1005aa, addr: 1, data: c0004bdc70)
             exe-1049981 [003] ..... 1636903.362663: sys_ptrace -> 0x0
             exe-1049981 [003] ..... 1636903.362664: sys_ptrace(request: 4205, pid: 1005aa, addr: 202, data: c0004bdc70)
             exe-1049981 [003] ..... 1636903.362671: sys_ptrace -> 0x0
             exe-1049981 [003] ..... 1636903.362672: sys_ptrace(request: 1f, pid: 1005aa, addr: 0, data: 0)
             exe-1049981 [003] ..... 1636903.362678: sys_ptrace -> 0x0
             exe-1049981 [003] ..... 1636903.362680: sys_wait4(upid: 1005aa, stat_addr: c0004bdbf4, options: 40000002, ru: 0)
             exe-1050026 [002] ..... 1636903.362735: sys_sync_file_range -> 0xffffffffffffffea
             exe-1049981 [003] ..... 1636903.362756: sys_wait4 -> 0x1005aa
             exe-1049981 [003] ..... 1636903.362758: sys_ptrace(request: 4204, pid: 1005aa, addr: 1, data: c0004bdc70)
             exe-1049981 [003] ..... 1636903.362760: sys_ptrace -> 0x0
             exe-1049981 [003] ..... 1636903.362762: sys_ptrace(request: 4204, pid: 1005aa, addr: 202, data: c0004bdc70)
             exe-1049981 [003] ..... 1636903.362764: sys_ptrace -> 0x0
             exe-1049981 [003] ..... 1636903.362770: sys_pwrite64(fd: 63, buf: 7fd66edc6080, count: 4a, pos: 4c)
             exe-1049981 [003] ..... 1636903.362771: tracing_mark_write: sync_file_range(fd=276, offset=0x6a3ee0d226, nbytes=171, flags=0x4a07) end
             exe-1049981 [003] ..... 1636903.421667: tracing_mark_write: sync_file_range(fd=21, offset=0x44c6d279123432f2, nbytes=2007, flags=0x2020202) start
             exe-1049981 [003] ..... 1636903.421669: sys_pwrite64 -> 0x55
             exe-1049673 [000] ..... 1636903.421671: sys_nanosleep -> 0x0
             exe-1049673 [000] ..... 1636903.421673: sys_nanosleep(rqtp: c000069f10, rmtp: 0)
             exe-1049981 [003] ..... 1636903.421673: sys_ptrace(request: 4205, pid: 1005aa, addr: 1, data: c0004bdc70)
             exe-1049981 [003] ..... 1636903.421676: sys_ptrace -> 0x0
             exe-1049981 [003] ..... 1636903.421677: sys_ptrace(request: 4205, pid: 1005aa, addr: 202, data: c0004bdc70)
             exe-1049981 [003] ..... 1636903.421685: sys_ptrace -> 0x0
             exe-1049981 [003] ..... 1636903.421687: sys_ptrace(request: 1f, pid: 1005aa, addr: 0, data: 0)
             exe-1049981 [003] ..... 1636903.421694: sys_ptrace -> 0x0
             exe-1049673 [000] ..... 1636903.421708: sys_nanosleep -> 0x0
             exe-1049673 [000] ..... 1636903.421710: sys_nanosleep(rqtp: c000069f10, rmtp: 0)
             exe-1049981 [003] ..... 1636903.421726: sys_wait4(upid: 1005aa, stat_addr: c0004bdbf4, options: 40000002, ru: 0)
             exe-1050026 [002] ..... 1636903.421762: sys_write -> 0x55
             exe-1049981 [003] ..... 1636903.421782: sys_wait4 -> 0x1005aa
             exe-1049981 [003] ..... 1636903.421785: sys_ptrace(request: 4204, pid: 1005aa, addr: 1, data: c0004bdc70)
             exe-1049981 [003] ..... 1636903.421788: sys_ptrace -> 0x0
             exe-1049673 [000] ..... 1636903.421788: sys_nanosleep -> 0x0
             exe-1049981 [003] ..... 1636903.421789: sys_ptrace(request: 4204, pid: 1005aa, addr: 202, data: c0004bdc70)
             exe-1049673 [000] ..... 1636903.421790: sys_nanosleep(rqtp: c000069f10, rmtp: 0)
             exe-1049981 [003] ..... 1636903.421791: sys_ptrace -> 0x0
             exe-1049981 [003] ..... 1636903.421797: sys_ptrace(request: 4205, pid: 1005aa, addr: 1, data: c0004bdc70)
             exe-1049981 [003] ..... 1636903.421799: sys_ptrace -> 0x0
             exe-1049981 [003] ..... 1636903.421801: sys_ptrace(request: 4205, pid: 1005aa, addr: 202, data: c0004bdc70)
             exe-1049981 [003] ..... 1636903.421809: sys_ptrace -> 0x0
             exe-1049981 [003] ..... 1636903.421811: sys_ptrace(request: 1f, pid: 1005aa, addr: 0, data: 0)
             exe-1049567 [001] ..... 1636903.421814: sys_nanosleep -> 0x0
             exe-1049981 [003] ..... 1636903.421818: sys_ptrace -> 0x0
             exe-1049981 [003] ..... 1636903.421820: sys_wait4(upid: 1005aa, stat_addr: c0004bdbf4, options: 40000002, ru: 0)
             exe-1049567 [001] ..... 1636903.421822: sys_nanosleep(rqtp: c000069f10, rmtp: 0)
             exe-1050026 [002] ..... 1636903.421828: sys_sync_file_range -> 0xffffffffffffffea
             exe-1049981 [003] ..... 1636903.421842: sys_wait4 -> 0x1005aa
             exe-1049981 [003] ..... 1636903.421845: sys_ptrace(request: 4204, pid: 1005aa, addr: 1, data: c0004bdc70)
             exe-1049981 [003] ..... 1636903.421847: sys_ptrace -> 0x0
             exe-1049981 [003] ..... 1636903.421849: sys_ptrace(request: 4204, pid: 1005aa, addr: 202, data: c0004bdc70)
             exe-1049981 [003] ..... 1636903.421851: sys_ptrace -> 0x0
             exe-1049981 [003] ..... 1636903.421857: sys_pwrite64(fd: 63, buf: 7fd66edc6080, count: 53, pos: 55)
             exe-1049981 [003] ..... 1636903.421859: tracing_mark_write: sync_file_range(fd=21, offset=0x44c6d279123432f2, nbytes=2007, flags=0x2020202) end
             exe-1049981 [003] ..... 1636903.500397: tracing_mark_write: sync_file_range(fd=21, offset=0, nbytes=0xbffffff0, flags=0x1091304312c45b6) start
             exe-1049673 [000] ..... 1636903.500398: sys_nanosleep(rqtp: c000069f10, rmtp: 0)
             exe-1049981 [003] ..... 1636903.500399: sys_pwrite64 -> 0x52
             exe-1049981 [003] ..... 1636903.500403: sys_ptrace(request: 4205, pid: 1005aa, addr: 1, data: c0004bdc70)
             exe-1049981 [003] ..... 1636903.500406: sys_ptrace -> 0x0
             exe-1049981 [003] ..... 1636903.500408: sys_ptrace(request: 4205, pid: 1005aa, addr: 202, data: c0004bdc70)
             exe-1049981 [003] ..... 1636903.500415: sys_ptrace -> 0x0
             exe-1049981 [003] ..... 1636903.500417: sys_ptrace(request: 1f, pid: 1005aa, addr: 0, data: 0)
             exe-1049981 [003] ..... 1636903.500425: sys_ptrace -> 0x0
             exe-1049981 [003] ..... 1636903.500427: sys_wait4(upid: 1005aa, stat_addr: c0004bdbf4, options: 40000002, ru: 0)
             exe-1050026 [002] ..... 1636903.500462: sys_write -> 0x52
             exe-1049673 [000] ..... 1636903.500484: sys_nanosleep -> 0x0
             exe-1049673 [000] ..... 1636903.500486: sys_nanosleep(rqtp: c000069f10, rmtp: 0)
             exe-1049981 [003] ..... 1636903.500487: sys_wait4 -> 0x1005aa
             exe-1049981 [003] ..... 1636903.500490: sys_ptrace(request: 4204, pid: 1005aa, addr: 1, data: c0004bdc70)
             exe-1049981 [003] ..... 1636903.500492: sys_ptrace -> 0x0
             exe-1049981 [003] ..... 1636903.500494: sys_ptrace(request: 4204, pid: 1005aa, addr: 202, data: c0004bdc70)
             exe-1049981 [003] ..... 1636903.500496: sys_ptrace -> 0x0
             exe-1049981 [003] ..... 1636903.500500: sys_ptrace(request: 4205, pid: 1005aa, addr: 1, data: c0004bdc70)
             exe-1049981 [003] ..... 1636903.500503: sys_ptrace -> 0x0
             exe-1049981 [003] ..... 1636903.500504: sys_ptrace(request: 4205, pid: 1005aa, addr: 202, data: c0004bdc70)
             exe-1049981 [003] ..... 1636903.500511: sys_ptrace -> 0x0
             exe-1049981 [003] ..... 1636903.500513: sys_ptrace(request: 1f, pid: 1005aa, addr: 0, data: 0)
             exe-1049981 [003] ..... 1636903.500519: sys_ptrace -> 0x0
             exe-1049981 [003] ..... 1636903.500521: sys_wait4(upid: 1005aa, stat_addr: c0004bdbf4, options: 40000002, ru: 0)
             exe-1050026 [002] ..... 1636903.500569: sys_sync_file_range -> 0xffffffffffffffea
             exe-1049673 [000] ..... 1636903.500572: sys_nanosleep -> 0x0
             exe-1049673 [000] ..... 1636903.500574: sys_nanosleep(rqtp: c000069f10, rmtp: 0)
             exe-1049981 [003] ..... 1636903.500593: sys_wait4 -> 0x1005aa
             exe-1049981 [003] ..... 1636903.500595: sys_ptrace(request: 4204, pid: 1005aa, addr: 1, data: c0004bdc70)
             exe-1049981 [003] ..... 1636903.500598: sys_ptrace -> 0x0
             exe-1049981 [003] ..... 1636903.500599: sys_ptrace(request: 4204, pid: 1005aa, addr: 202, data: c0004bdc70)
             exe-1049981 [003] ..... 1636903.500601: sys_ptrace -> 0x0
             exe-1049981 [003] ..... 1636903.500606: sys_pwrite64(fd: 63, buf: 7fd66edc6080, count: 50, pos: 52)
             exe-1049981 [003] ..... 1636903.500608: tracing_mark_write: sync_file_range(fd=21, offset=0, nbytes=0xbffffff0, flags=0x1091304312c45b6) end
             exe-1049981 [000] ..... 1636903.573167: tracing_mark_write: sync_file_range(fd=21, offset=188, nbytes=512, flags=0xffff) start
             exe-1049981 [000] ..... 1636903.573211: sys_pwrite64 -> 0x42
             exe-1049981 [000] ..... 1636903.573221: sys_ptrace(request: 4205, pid: 1005aa, addr: 1, data: c0004bdc70)
             exe-1049981 [000] ..... 1636903.573224: sys_ptrace -> 0x0
             exe-1049981 [000] ..... 1636903.573226: sys_ptrace(request: 4205, pid: 1005aa, addr: 202, data: c0004bdc70)
             exe-1049981 [000] ..... 1636903.573244: sys_ptrace -> 0x0
             exe-1049981 [000] ..... 1636903.573246: sys_ptrace(request: 1f, pid: 1005aa, addr: 0, data: 0)
             exe-1049981 [000] ..... 1636903.573250: sys_ptrace -> 0x0
             exe-1049981 [000] ..... 1636903.573253: sys_wait4(upid: 1005aa, stat_addr: c0004bdbf4, options: 40000002, ru: 0)
             exe-1050026 [000] ..... 1636903.573269: sys_write -> 0x42
             exe-1049673 [000] ..... 1636903.573295: sys_nanosleep -> 0x0
             exe-1049673 [000] ..... 1636903.573302: sys_nanosleep(rqtp: c000069f10, rmtp: 0)
             exe-1049981 [000] ..... 1636903.573332: sys_wait4 -> 0x1005aa
             exe-1049981 [000] ..... 1636903.573352: sys_ptrace(request: 4204, pid: 1005aa, addr: 1, data: c0004bdc70)
             exe-1049981 [000] ..... 1636903.573358: sys_ptrace -> 0x0
             exe-1049981 [000] ..... 1636903.573361: sys_ptrace(request: 4204, pid: 1005aa, addr: 202, data: c0004bdc70)
             exe-1049981 [000] ..... 1636903.573364: sys_ptrace -> 0x0
             exe-1049981 [000] ..... 1636903.573372: sys_ptrace(request: 4205, pid: 1005aa, addr: 1, data: c0004bdc70)
             exe-1049981 [000] ..... 1636903.573403: sys_ptrace -> 0x0
             exe-1049981 [000] ..... 1636903.573405: sys_ptrace(request: 4205, pid: 1005aa, addr: 202, data: c0004bdc70)
             exe-1049981 [000] ..... 1636903.573423: sys_ptrace -> 0x0
             exe-1049981 [000] ..... 1636903.573425: sys_ptrace(request: 1f, pid: 1005aa, addr: 0, data: 0)
             exe-1049981 [000] .N... 1636903.573429: sys_ptrace -> 0x0
             exe-1050026 [000] ..... 1636903.573442: sys_sync_file_range -> 0xffffffffffffffea
             exe-1049673 [000] ..... 1636903.573466: sys_nanosleep -> 0x0
             exe-1049673 [000] ..... 1636903.573472: sys_nanosleep(rqtp: c000069f10, rmtp: 0)
             exe-1049981 [000] ..... 1636903.573505: sys_wait4(upid: 1005aa, stat_addr: c0004bdbf4, options: 40000002, ru: 0)
             exe-1049981 [000] ..... 1636903.573509: sys_wait4 -> 0x1005aa
             exe-1049981 [000] ..... 1636903.573511: sys_ptrace(request: 4204, pid: 1005aa, addr: 1, data: c0004bdc70)
             exe-1049981 [000] ..... 1636903.573516: sys_ptrace -> 0x0
             exe-1049981 [000] ..... 1636903.573518: sys_ptrace(request: 4204, pid: 1005aa, addr: 202, data: c0004bdc70)
             exe-1049981 [000] ..... 1636903.573521: sys_ptrace -> 0x0
             exe-1049981 [000] ..... 1636903.573536: sys_pwrite64(fd: 63, buf: 7fd66edc6080, count: 40, pos: 42)
             exe-1049981 [000] ..... 1636903.573539: tracing_mark_write: sync_file_range(fd=21, offset=188, nbytes=512, flags=0xffff) end
             exe-1049981 [002] ..... 1636903.655095: tracing_mark_write: sync_file_range(fd=21, offset=0xd3a442c442, nbytes=0x200000, flags=0x7df62ff1dbbd1fb) start
             exe-1049981 [002] ..... 1636903.655097: sys_pwrite64 -> 0x5b
             exe-1049981 [002] ..... 1636903.655104: sys_ptrace(request: 4205, pid: 1005aa, addr: 1, data: c0004bdc70)
             exe-1049981 [002] ..... 1636903.655107: sys_ptrace -> 0x0
             exe-1049981 [002] ..... 1636903.655108: sys_ptrace(request: 4205, pid: 1005aa, addr: 202, data: c0004bdc70)
             exe-1049567 [003] ..... 1636903.655164: sys_nanosleep -> 0x0
             exe-1049567 [003] ..... 1636903.655170: sys_nanosleep(rqtp: c000069f10, rmtp: 0)
             exe-1049673 [003] ..... 1636903.655192: sys_nanosleep -> 0x0
             exe-1049673 [003] ..... 1636903.655197: sys_nanosleep(rqtp: c000069f10, rmtp: 0)
             exe-1049981 [002] ..... 1636903.655211: sys_ptrace -> 0x0
             exe-1049981 [002] ..... 1636903.655215: sys_ptrace(request: 1f, pid: 1005aa, addr: 0, data: 0)
             exe-1049981 [002] ..... 1636903.655230: sys_ptrace -> 0x0
             exe-1049981 [002] ..... 1636903.655233: sys_wait4(upid: 1005aa, stat_addr: c0004bdbf4, options: 40000002, ru: 0)
             exe-1050026 [000] ..... 1636903.655256: sys_write -> 0x5b
             exe-1049567 [003] ..... 1636903.655278: sys_nanosleep -> 0x0
             exe-1049567 [003] ..... 1636903.655283: sys_nanosleep(rqtp: c000069f10, rmtp: 0)
             exe-1049673 [003] ..... 1636903.655304: sys_nanosleep -> 0x0
             exe-1049673 [003] ..... 1636903.655309: sys_nanosleep(rqtp: c000069f10, rmtp: 0)
             exe-1049981 [002] ..... 1636903.655312: sys_wait4 -> 0x1005aa
             exe-1049981 [002] ..... 1636903.655318: sys_ptrace(request: 4204, pid: 1005aa, addr: 1, data: c0004bdc70)
             exe-1049981 [002] ..... 1636903.655322: sys_ptrace -> 0x0
             exe-1049981 [002] ..... 1636903.655324: sys_ptrace(request: 4204, pid: 1005aa, addr: 202, data: c0004bdc70)
             exe-1049981 [002] ..... 1636903.655327: sys_ptrace -> 0x0
             exe-1049981 [002] ..... 1636903.655335: sys_ptrace(request: 4205, pid: 1005aa, addr: 1, data: c0004bdc70)
             exe-1049981 [002] ..... 1636903.655337: sys_ptrace -> 0x0
             exe-1049981 [002] ..... 1636903.655339: sys_ptrace(request: 4205, pid: 1005aa, addr: 202, data: c0004bdc70)
             exe-1049981 [002] ..... 1636903.655350: sys_ptrace -> 0x0
             exe-1049981 [002] ..... 1636903.655352: sys_ptrace(request: 1f, pid: 1005aa, addr: 0, data: 0)
             exe-1049981 [002] .N... 1636903.655385: sys_ptrace -> 0x0
             exe-1050026 [000] ..... 1636903.655385: sys_sync_file_range -> 0xffffffffffffffea
             exe-1049567 [003] ..... 1636903.655391: sys_nanosleep -> 0x0
             exe-1049567 [003] ..... 1636903.655396: sys_nanosleep(rqtp: c000069f10, rmtp: 0)
             exe-1049673 [003] ..... 1636903.655417: sys_nanosleep -> 0x0
             exe-1049673 [003] ..... 1636903.655422: sys_nanosleep(rqtp: c000069f10, rmtp: 0)
             exe-1049981 [002] ..... 1636903.655427: sys_wait4(upid: 1005aa, stat_addr: c0004bdbf4, options: 40000002, ru: 0)
             exe-1049981 [002] ..... 1636903.655430: sys_wait4 -> 0x1005aa
             exe-1049981 [002] ..... 1636903.655432: sys_ptrace(request: 4204, pid: 1005aa, addr: 1, data: c0004bdc70)
             exe-1049981 [002] ..... 1636903.655436: sys_ptrace -> 0x0
             exe-1049981 [002] ..... 1636903.655438: sys_ptrace(request: 4204, pid: 1005aa, addr: 202, data: c0004bdc70)
             exe-1049981 [002] ..... 1636903.655440: sys_ptrace -> 0x0
             exe-1049981 [002] ..... 1636903.655456: sys_pwrite64(fd: 63, buf: 7fd66edc6080, count: 59, pos: 5b)
             exe-1049981 [002] ..... 1636903.655458: tracing_mark_write: sync_file_range(fd=21, offset=0xd3a442c442, nbytes=0x200000, flags=0x7df62ff1dbbd1fb) end
             exe-1050233 [003] ..... 1636903.722008: tracing_mark_write: sync_file_range(fd=21, offset=-4, nbytes=0xc223d078f2, flags=0x2810410a0422211) start
             exe-1050233 [003] ..... 1636903.722010: sys_pwrite64 -> 0x55
             exe-1050233 [003] ..... 1636903.722018: sys_ptrace(request: 4205, pid: 10068d, addr: 1, data: c0004bdc70)
             exe-1050233 [003] ..... 1636903.722020: sys_ptrace -> 0x0
             exe-1050233 [003] ..... 1636903.722022: sys_ptrace(request: 4205, pid: 10068d, addr: 202, data: c0004bdc70)
             exe-1050233 [003] ..... 1636903.722034: sys_ptrace -> 0x0
             exe-1050233 [003] ..... 1636903.722035: sys_ptrace(request: 1f, pid: 10068d, addr: 0, data: 0)
             exe-1050233 [003] ..... 1636903.722043: sys_ptrace -> 0x0
             exe-1050233 [003] ..... 1636903.722045: sys_wait4(upid: 10068d, stat_addr: c0004bdbf4, options: 40000002, ru: 0)
             exe-1050253 [001] ..... 1636903.722053: sys_write -> 0x55
             exe-1049567 [003] ..... 1636903.722054: sys_nanosleep -> 0x0
             exe-1049567 [003] ..... 1636903.722058: sys_nanosleep(rqtp: c000069f10, rmtp: 0)
             exe-1050233 [003] ..... 1636903.722074: sys_wait4 -> 0x10068d
             exe-1050233 [003] ..... 1636903.722076: sys_ptrace(request: 4204, pid: 10068d, addr: 1, data: c0004bdc70)
             exe-1050233 [003] ..... 1636903.722079: sys_ptrace -> 0x0
             exe-1050233 [003] ..... 1636903.722080: sys_ptrace(request: 4204, pid: 10068d, addr: 202, data: c0004bdc70)
             exe-1050233 [003] ..... 1636903.722082: sys_ptrace -> 0x0
             exe-1050233 [003] ..... 1636903.722087: sys_ptrace(request: 4205, pid: 10068d, addr: 1, data: c0004bdc70)
             exe-1050233 [003] ..... 1636903.722089: sys_ptrace -> 0x0
             exe-1050233 [003] ..... 1636903.722090: sys_ptrace(request: 4205, pid: 10068d, addr: 202, data: c0004bdc70)
             exe-1050233 [003] ..... 1636903.722097: sys_ptrace -> 0x0
             exe-1050233 [003] ..... 1636903.722098: sys_ptrace(request: 1f, pid: 10068d, addr: 0, data: 0)
             exe-1050233 [003] ..... 1636903.722103: sys_ptrace -> 0x0
             exe-1050233 [003] ..... 1636903.722105: sys_wait4(upid: 10068d, stat_addr: c0004bdbf4, options: 40000002, ru: 0)
             exe-1050253 [001] ..... 1636903.722110: sys_sync_file_range -> 0xffffffffffffffea
             exe-1049673 [003] ..... 1636903.722115: sys_nanosleep -> 0x0
             exe-1050233 [003] ..... 1636903.722156: sys_wait4 -> 0x10068d
             exe-1050233 [003] ..... 1636903.722162: sys_ptrace(request: 4204, pid: 10068d, addr: 1, data: c0004bdc70)
             exe-1050233 [003] ..... 1636903.722166: sys_ptrace -> 0x0
             exe-1050233 [003] ..... 1636903.722168: sys_ptrace(request: 4204, pid: 10068d, addr: 202, data: c0004bdc70)
             exe-1050233 [003] ..... 1636903.722170: sys_ptrace -> 0x0
             exe-1050233 [003] ..... 1636903.722186: sys_pwrite64(fd: 63, buf: 7fd66edc6080, count: 53, pos: 55)
             exe-1050233 [003] ..... 1636903.722188: tracing_mark_write: sync_file_range(fd=21, offset=-4, nbytes=0xc223d078f2, flags=0x2810410a0422211) end
             exe-1050233 [001] ..... 1636903.806722: tracing_mark_write: sync_file_range(fd=21, offset=0x1000000, nbytes=182, flags=0x39393939) start
             exe-1049673 [002] ..... 1636903.806723: sys_nanosleep(rqtp: c000069f10, rmtp: 0)
             exe-1050233 [001] ..... 1636903.806724: sys_pwrite64 -> 0x4c
             exe-1050233 [001] ..... 1636903.806730: sys_ptrace(request: 4205, pid: 10068d, addr: 1, data: c0004bdc70)
             exe-1050233 [001] ..... 1636903.806732: sys_ptrace -> 0x0
             exe-1050233 [001] ..... 1636903.806734: sys_ptrace(request: 4205, pid: 10068d, addr: 202, data: c0004bdc70)
             exe-1050233 [001] ..... 1636903.806745: sys_ptrace -> 0x0
             exe-1050233 [001] ..... 1636903.806747: sys_ptrace(request: 1f, pid: 10068d, addr: 0, data: 0)
             exe-1050233 [001] .N... 1636903.806754: sys_ptrace -> 0x0
             exe-1050253 [001] ..... 1636903.806764: sys_write -> 0x4c
             exe-1050233 [001] ..... 1636903.806783: sys_wait4(upid: 10068d, stat_addr: c0004bdbf4, options: 40000002, ru: 0)
             exe-1050233 [001] ..... 1636903.806785: sys_wait4 -> 0x10068d
             exe-1050233 [001] ..... 1636903.806788: sys_ptrace(request: 4204, pid: 10068d, addr: 1, data: c0004bdc70)
             exe-1050233 [001] ..... 1636903.806791: sys_ptrace -> 0x0
             exe-1050233 [001] ..... 1636903.806793: sys_ptrace(request: 4204, pid: 10068d, addr: 202, data: c0004bdc70)
             exe-1050233 [001] ..... 1636903.806796: sys_ptrace -> 0x0
             exe-1050233 [001] ..... 1636903.806801: sys_ptrace(request: 4205, pid: 10068d, addr: 1, data: c0004bdc70)
             exe-1050233 [001] ..... 1636903.806804: sys_ptrace -> 0x0
             exe-1050233 [001] ..... 1636903.806805: sys_ptrace(request: 4205, pid: 10068d, addr: 202, data: c0004bdc70)
             exe-1049567 [002] ..... 1636903.806805: sys_nanosleep -> 0x0
             exe-1049567 [002] ..... 1636903.806811: sys_nanosleep(rqtp: c000069f10, rmtp: 0)
             exe-1050233 [001] ..... 1636903.806814: sys_ptrace -> 0x0
             exe-1050233 [001] ..... 1636903.806816: sys_ptrace(request: 1f, pid: 10068d, addr: 0, data: 0)
             exe-1050233 [001] .N... 1636903.806822: sys_ptrace -> 0x0
             exe-1049673 [002] ..... 1636903.806830: sys_nanosleep -> 0x0
             exe-1050253 [001] ..... 1636903.806833: sys_sync_file_range -> 0xffffffffffffffea
             exe-1049673 [002] ..... 1636903.806835: sys_nanosleep(rqtp: c000069f10, rmtp: 0)
             exe-1050233 [001] ..... 1636903.806850: sys_wait4(upid: 10068d, stat_addr: c0004bdbf4, options: 40000002, ru: 0)
             exe-1050233 [001] ..... 1636903.806853: sys_wait4 -> 0x10068d
             exe-1050233 [001] ..... 1636903.806855: sys_ptrace(request: 4204, pid: 10068d, addr: 1, data: c0004bdc70)
             exe-1050233 [001] ..... 1636903.806858: sys_ptrace -> 0x0
             exe-1050233 [001] ..... 1636903.806860: sys_ptrace(request: 4204, pid: 10068d, addr: 202, data: c0004bdc70)
             exe-1050233 [001] ..... 1636903.806862: sys_ptrace -> 0x0
             exe-1050233 [001] ..... 1636903.806871: sys_pwrite64(fd: 63, buf: 7fd66edc6080, count: 4a, pos: 4c)
             exe-1050233 [001] ..... 1636903.806872: tracing_mark_write: sync_file_range(fd=21, offset=0x1000000, nbytes=182, flags=0x39393939) end
             exe-1050233 [001] ..... 1636903.871745: tracing_mark_write: sync_file_range(fd=287, offset=2048, nbytes=0xf5f5f5f5, flags=0x89841c000c92b8) start
             exe-1050233 [001] ..... 1636903.871746: sys_pwrite64 -> 0x55
             exe-1050233 [001] ..... 1636903.871753: sys_ptrace(request: 4205, pid: 10068d, addr: 1, data: c0004bdc70)
             exe-1050233 [001] ..... 1636903.871756: sys_ptrace -> 0x0
             exe-1050233 [001] ..... 1636903.871758: sys_ptrace(request: 4205, pid: 10068d, addr: 202, data: c0004bdc70)
             exe-1050233 [001] ..... 1636903.871769: sys_ptrace -> 0x0
             exe-1050233 [001] ..... 1636903.871771: sys_ptrace(request: 1f, pid: 10068d, addr: 0, data: 0)
             exe-1050233 [001] .N... 1636903.871779: sys_ptrace -> 0x0
             exe-1050253 [001] ..... 1636903.871790: sys_write -> 0x55
             exe-1050233 [001] ..... 1636903.871810: sys_wait4(upid: 10068d, stat_addr: c0004bdbf4, options: 40000002, ru: 0)
             exe-1050233 [001] ..... 1636903.871812: sys_wait4 -> 0x10068d
             exe-1050233 [001] ..... 1636903.871815: sys_ptrace(request: 4204, pid: 10068d, addr: 1, data: c0004bdc70)
             exe-1050233 [001] ..... 1636903.871819: sys_ptrace -> 0x0
             exe-1050233 [001] ..... 1636903.871821: sys_ptrace(request: 4204, pid: 10068d, addr: 202, data: c0004bdc70)
             exe-1050233 [001] ..... 1636903.871823: sys_ptrace -> 0x0
             exe-1050233 [001] ..... 1636903.871830: sys_ptrace(request: 4205, pid: 10068d, addr: 1, data: c0004bdc70)
             exe-1049567 [002] ..... 1636903.871830: sys_nanosleep -> 0x0
             exe-1050233 [001] ..... 1636903.871832: sys_ptrace -> 0x0
             exe-1050233 [001] ..... 1636903.871834: sys_ptrace(request: 4205, pid: 10068d, addr: 202, data: c0004bdc70)
             exe-1049567 [002] ..... 1636903.871836: sys_nanosleep(rqtp: c000069f10, rmtp: 0)
             exe-1050233 [001] ..... 1636903.871844: sys_ptrace -> 0x0
             exe-1050233 [001] ..... 1636903.871846: sys_ptrace(request: 1f, pid: 10068d, addr: 0, data: 0)
             exe-1050233 [001] .N... 1636903.871852: sys_ptrace -> 0x0
             exe-1050253 [001] ..... 1636903.871863: sys_sync_file_range -> 0xffffffffffffffea
             exe-1050233 [001] ..... 1636903.871882: sys_wait4(upid: 10068d, stat_addr: c0004bdbf4, options: 40000002, ru: 0)
             exe-1050233 [001] ..... 1636903.871885: sys_wait4 -> 0x10068d
             exe-1050233 [001] ..... 1636903.871887: sys_ptrace(request: 4204, pid: 10068d, addr: 1, data: c0004bdc70)
             exe-1050233 [001] ..... 1636903.871891: sys_ptrace -> 0x0
             exe-1050233 [001] ..... 1636903.871892: sys_ptrace(request: 4204, pid: 10068d, addr: 202, data: c0004bdc70)
             exe-1050233 [001] ..... 1636903.871895: sys_ptrace -> 0x0
             exe-1050233 [001] ..... 1636903.871904: sys_pwrite64(fd: 63, buf: 7fd66edc6080, count: 53, pos: 55)
             exe-1050233 [001] ..... 1636903.871906: tracing_mark_write: sync_file_range(fd=287, offset=2048, nbytes=0xf5f5f5f5, flags=0x89841c000c92b8) end
             exe-1050233 [001] ..... 1636903.927088: tracing_mark_write: sync_file_range(fd=287, offset=0x6326e1f4bf, nbytes=0xe0e0e0e0, flags=0x428e6408ceb8) start
             exe-1050233 [001] ..... 1636903.927089: sys_pwrite64 -> 0x5b
             exe-1049673 [000] ..... 1636903.927093: sys_nanosleep -> 0x0
             exe-1049673 [000] ..... 1636903.927095: sys_nanosleep(rqtp: c000069f10, rmtp: 0)
             exe-1050233 [001] ..... 1636903.927096: sys_ptrace(request: 4205, pid: 10068d, addr: 1, data: c0004bdc70)
             exe-1050233 [001] ..... 1636903.927098: sys_ptrace -> 0x0
             exe-1050233 [001] ..... 1636903.927100: sys_ptrace(request: 4205, pid: 10068d, addr: 202, data: c0004bdc70)
             exe-1050233 [001] ..... 1636903.927111: sys_ptrace -> 0x0
             exe-1050233 [001] ..... 1636903.927113: sys_ptrace(request: 1f, pid: 10068d, addr: 0, data: 0)
             exe-1050233 [001] .N... 1636903.927144: sys_ptrace -> 0x0
             exe-1050253 [001] ..... 1636903.927156: sys_write -> 0x5b
             exe-1050233 [001] ..... 1636903.927179: sys_wait4(upid: 10068d, stat_addr: c0004bdbf4, options: 40000002, ru: 0)
             exe-1050233 [001] ..... 1636903.927182: sys_wait4 -> 0x10068d
             exe-1050233 [001] ..... 1636903.927184: sys_ptrace(request: 4204, pid: 10068d, addr: 1, data: c0004bdc70)
             exe-1049567 [002] ..... 1636903.927185: sys_nanosleep -> 0x0
             exe-1049673 [000] ..... 1636903.927188: sys_nanosleep -> 0x0
             exe-1050233 [001] ..... 1636903.927189: sys_ptrace -> 0x0
             exe-1049673 [000] ..... 1636903.927190: sys_nanosleep(rqtp: c000069f10, rmtp: 0)
             exe-1050233 [001] ..... 1636903.927190: sys_ptrace(request: 4204, pid: 10068d, addr: 202, data: c0004bdc70)
             exe-1049567 [002] ..... 1636903.927191: sys_nanosleep(rqtp: c000069f10, rmtp: 0)
             exe-1050233 [001] ..... 1636903.927193: sys_ptrace -> 0x0
             exe-1050233 [001] ..... 1636903.927201: sys_ptrace(request: 4205, pid: 10068d, addr: 1, data: c0004bdc70)
             exe-1050233 [001] ..... 1636903.927204: sys_ptrace -> 0x0
             exe-1050233 [001] ..... 1636903.927205: sys_ptrace(request: 4205, pid: 10068d, addr: 202, data: c0004bdc70)
             exe-1050233 [001] ..... 1636903.927216: sys_ptrace -> 0x0
             exe-1050233 [001] ..... 1636903.927218: sys_ptrace(request: 1f, pid: 10068d, addr: 0, data: 0)
             exe-1050233 [001] .N... 1636903.927225: sys_ptrace -> 0x0
             exe-1050253 [001] ..... 1636903.927235: sys_sync_file_range -> 0xffffffffffffffea
             exe-1050233 [001] ..... 1636903.927255: sys_wait4(upid: 10068d, stat_addr: c0004bdbf4, options: 40000002, ru: 0)
             exe-1050233 [001] ..... 1636903.927258: sys_wait4 -> 0x10068d
             exe-1050233 [001] ..... 1636903.927260: sys_ptrace(request: 4204, pid: 10068d, addr: 1, data: c0004bdc70)
             exe-1050233 [001] ..... 1636903.927264: sys_ptrace -> 0x0
             exe-1050233 [001] ..... 1636903.927266: sys_ptrace(request: 4204, pid: 10068d, addr: 202, data: c0004bdc70)
             exe-1050233 [001] ..... 1636903.927277: sys_ptrace -> 0x0
             exe-1050233 [001] ..... 1636903.927292: sys_pwrite64(fd: 63, buf: 7fd66edc6080, count: 59, pos: 5b)
             exe-1049673 [000] ..... 1636903.927293: sys_nanosleep -> 0x0
             exe-1050233 [001] ..... 1636903.927294: tracing_mark_write: sync_file_range(fd=287, offset=0x6326e1f4bf, nbytes=0xe0e0e0e0, flags=0x428e6408ceb8) end
             exe-1050233 [001] ..... 1636903.983375: tracing_mark_write: sync_file_range(fd=287, offset=0xffffffffffff0002, nbytes=0x62180682, flags=0x18181818) start
             exe-1050233 [001] ..... 1636903.983377: sys_pwrite64 -> 0x5d
             exe-1050233 [001] ..... 1636903.983383: sys_ptrace(request: 4205, pid: 10068d, addr: 1, data: c0004bdc70)
             exe-1050233 [001] ..... 1636903.983386: sys_ptrace -> 0x0
             exe-1050233 [001] ..... 1636903.983387: sys_ptrace(request: 4205, pid: 10068d, addr: 202, data: c0004bdc70)
             exe-1049567 [002] ..... 1636903.983393: sys_nanosleep -> 0x0
             exe-1049567 [002] ..... 1636903.983399: sys_nanosleep(rqtp: c000069f10, rmtp: 0)
             exe-1050233 [001] ..... 1636903.983400: sys_ptrace -> 0x0
             exe-1050233 [001] ..... 1636903.983402: sys_ptrace(request: 1f, pid: 10068d, addr: 0, data: 0)
             exe-1050233 [001] .N... 1636903.983409: sys_ptrace -> 0x0
             exe-1050253 [001] ..... 1636903.983420: sys_write -> 0x5d
             exe-1050233 [001] ..... 1636903.983440: sys_wait4(upid: 10068d, stat_addr: c0004bdbf4, options: 40000002, ru: 0)
             exe-1050233 [001] ..... 1636903.983442: sys_wait4 -> 0x10068d
             exe-1050233 [001] ..... 1636903.983445: sys_ptrace(request: 4204, pid: 10068d, addr: 1, data: c0004bdc70)
             exe-1050233 [001] ..... 1636903.983449: sys_ptrace -> 0x0
             exe-1050233 [001] ..... 1636903.983450: sys_ptrace(request: 4204, pid: 10068d, addr: 202, data: c0004bdc70)
             exe-1050233 [001] ..... 1636903.983453: sys_ptrace -> 0x0
             exe-1050233 [001] ..... 1636903.983459: sys_ptrace(request: 4205, pid: 10068d, addr: 1, data: c0004bdc70)
             exe-1050233 [001] ..... 1636903.983461: sys_ptrace -> 0x0
             exe-1050233 [001] ..... 1636903.983463: sys_ptrace(request: 4205, pid: 10068d, addr: 202, data: c0004bdc70)
             exe-1050233 [001] ..... 1636903.983473: sys_ptrace -> 0x0
             exe-1050233 [001] ..... 1636903.983474: sys_ptrace(request: 1f, pid: 10068d, addr: 0, data: 0)
             exe-1050233 [001] .N... 1636903.983481: sys_ptrace -> 0x0
             exe-1050253 [001] ..... 1636903.983492: sys_sync_file_range -> 0xffffffffffffffea
             exe-1049567 [002] ..... 1636903.983501: sys_nanosleep -> 0x0
             exe-1049567 [002] ..... 1636903.983506: sys_nanosleep(rqtp: c000069f10, rmtp: 0)
             exe-1050233 [001] ..... 1636903.983511: sys_wait4(upid: 10068d, stat_addr: c0004bdbf4, options: 40000002, ru: 0)
             exe-1050233 [001] ..... 1636903.983513: sys_wait4 -> 0x10068d
             exe-1050233 [001] ..... 1636903.983516: sys_ptrace(request: 4204, pid: 10068d, addr: 1, data: c0004bdc70)
             exe-1050233 [001] ..... 1636903.983520: sys_ptrace -> 0x0
             exe-1050233 [001] ..... 1636903.983521: sys_ptrace(request: 4204, pid: 10068d, addr: 202, data: c0004bdc70)
             exe-1050233 [001] ..... 1636903.983524: sys_ptrace -> 0x0
             exe-1050233 [001] ..... 1636903.983533: sys_pwrite64(fd: 63, buf: 7fd66edc6080, count: 5b, pos: 5d)
             exe-1050233 [001] ..... 1636903.983535: tracing_mark_write: sync_file_range(fd=287, offset=0xffffffffffff0002, nbytes=0x62180682, flags=0x18181818) end
             exe-1050233 [000] ..... 1636904.061462: tracing_mark_write: sync_file_range(fd=287, offset=223, nbytes=0x30000069, flags=0x4a4a4a4a) start
             exe-1050233 [000] ..... 1636904.061464: sys_pwrite64 -> 0x4e
             exe-1049673 [000] ..... 1636904.061549: sys_nanosleep -> 0x0
             exe-1049673 [000] ..... 1636904.061555: sys_nanosleep(rqtp: c000069f10, rmtp: 0)
             exe-1050233 [000] ..... 1636904.061576: sys_ptrace(request: 4205, pid: 10068d, addr: 1, data: c0004bdc70)
             exe-1050233 [000] ..... 1636904.061581: sys_ptrace -> 0x0
             exe-1050233 [000] ..... 1636904.061583: sys_ptrace(request: 4205, pid: 10068d, addr: 202, data: c0004bdc70)
             exe-1050233 [000] ..... 1636904.061668: sys_ptrace -> 0x0
             exe-1050233 [000] ..... 1636904.061672: sys_ptrace(request: 1f, pid: 10068d, addr: 0, data: 0)
             exe-1050233 [000] .N... 1636904.061730: sys_ptrace -> 0x0
             exe-1050253 [001] ..... 1636904.061769: sys_write -> 0x4e
             exe-1049673 [000] ..... 1636904.061773: sys_nanosleep -> 0x0
             exe-1049673 [000] ..... 1636904.061780: sys_nanosleep(rqtp: c000069f10, rmtp: 0)
             exe-1050233 [000] ..... 1636904.061802: sys_wait4(upid: 10068d, stat_addr: c0004bdbf4, options: 40000002, ru: 0)
             exe-1050233 [000] ..... 1636904.061806: sys_wait4 -> 0x10068d
             exe-1050233 [000] ..... 1636904.061809: sys_ptrace(request: 4204, pid: 10068d, addr: 1, data: c0004bdc70)
             exe-1050233 [000] ..... 1636904.061814: sys_ptrace -> 0x0
             exe-1050233 [000] ..... 1636904.061815: sys_ptrace(request: 4204, pid: 10068d, addr: 202, data: c0004bdc70)
             exe-1050233 [000] ..... 1636904.061818: sys_ptrace -> 0x0
             exe-1050233 [000] ..... 1636904.061900: sys_ptrace(request: 4205, pid: 10068d, addr: 1, data: c0004bdc70)
             exe-1050233 [000] ..... 1636904.061904: sys_ptrace -> 0x0
             exe-1050233 [000] ..... 1636904.061906: sys_ptrace(request: 4205, pid: 10068d, addr: 202, data: c0004bdc70)
             exe-1050233 [000] ..... 1636904.061925: sys_ptrace -> 0x0
             exe-1050233 [000] ..... 1636904.061927: sys_ptrace(request: 1f, pid: 10068d, addr: 0, data: 0)
             exe-1050253 [001] ..... 1636904.061960: sys_sync_file_range -> 0xffffffffffffffea
             exe-1050233 [000] .N... 1636904.061964: sys_ptrace -> 0x0
             exe-1049673 [000] ..... 1636904.062005: sys_nanosleep -> 0x0
             exe-1049673 [000] ..... 1636904.062012: sys_nanosleep(rqtp: c000069f10, rmtp: 0)
             exe-1050233 [000] ..... 1636904.062034: sys_wait4(upid: 10068d, stat_addr: c0004bdbf4, options: 40000002, ru: 0)
             exe-1050233 [000] ..... 1636904.062038: sys_wait4 -> 0x10068d
             exe-1050233 [000] ..... 1636904.062041: sys_ptrace(request: 4204, pid: 10068d, addr: 1, data: c0004bdc70)
             exe-1050233 [000] ..... 1636904.062046: sys_ptrace -> 0x0
             exe-1050233 [000] ..... 1636904.062047: sys_ptrace(request: 4204, pid: 10068d, addr: 202, data: c0004bdc70)
             exe-1050233 [000] ..... 1636904.062050: sys_ptrace -> 0x0
             exe-1050233 [000] ..... 1636904.062139: sys_pwrite64(fd: 63, buf: 7fd66edc6080, count: 4c, pos: 4e)
             exe-1050233 [000] ..... 1636904.062143: tracing_mark_write: sync_file_range(fd=287, offset=223, nbytes=0x30000069, flags=0x4a4a4a4a) end
             exe-1050233 [000] ..... 1636904.129936: tracing_mark_write: sync_file_range(fd=277, offset=4, nbytes=4096, flags=0x0) start
             exe-1050233 [000] ..... 1636904.129938: sys_pwrite64 -> 0x3f
             exe-1050233 [000] ..... 1636904.129946: sys_ptrace(request: 4205, pid: 10068d, addr: 1, data: c0004bdc70)
             exe-1050233 [000] ..... 1636904.129949: sys_ptrace -> 0x0
             exe-1050233 [000] ..... 1636904.129950: sys_ptrace(request: 4205, pid: 10068d, addr: 202, data: c0004bdc70)
             exe-1049673 [000] ..... 1636904.129991: sys_nanosleep -> 0x0
             exe-1049673 [000] ..... 1636904.129997: sys_nanosleep(rqtp: c000069f10, rmtp: 0)
             exe-1050233 [000] ..... 1636904.130035: sys_ptrace -> 0x0
             exe-1050233 [000] ..... 1636904.130040: sys_ptrace(request: 1f, pid: 10068d, addr: 0, data: 0)
             exe-1050233 [000] ..... 1636904.130055: sys_ptrace -> 0x0
             exe-1050233 [000] ..... 1636904.130059: sys_wait4(upid: 10068d, stat_addr: c0004bdbf4, options: 40000002, ru: 0)
             exe-1050253 [003] ..... 1636904.130076: sys_write -> 0x3f
             exe-1049673 [000] ..... 1636904.130107: sys_nanosleep -> 0x0
             exe-1049673 [000] ..... 1636904.130114: sys_nanosleep(rqtp: c000069f10, rmtp: 0)
             exe-1050233 [000] ..... 1636904.130137: sys_wait4 -> 0x10068d
             exe-1050233 [000] ..... 1636904.130143: sys_ptrace(request: 4204, pid: 10068d, addr: 1, data: c0004bdc70)
             exe-1050233 [000] ..... 1636904.130148: sys_ptrace -> 0x0
             exe-1050233 [000] ..... 1636904.130150: sys_ptrace(request: 4204, pid: 10068d, addr: 202, data: c0004bdc70)
             exe-1050233 [000] ..... 1636904.130152: sys_ptrace -> 0x0
             exe-1050233 [000] ..... 1636904.130162: sys_ptrace(request: 4205, pid: 10068d, addr: 1, data: c0004bdc70)
             exe-1050233 [000] ..... 1636904.130164: sys_ptrace -> 0x0
             exe-1050233 [000] ..... 1636904.130166: sys_ptrace(request: 4205, pid: 10068d, addr: 202, data: c0004bdc70)
             exe-1050233 [000] ..... 1636904.130180: sys_ptrace -> 0x0
             exe-1050233 [000] ..... 1636904.130182: sys_ptrace(request: 1f, pid: 10068d, addr: 0, data: 0)
             exe-1050253 [003] ..... 1636904.130199: sys_sync_file_range -> 0x0
             exe-1050233 [000] .N... 1636904.130213: sys_ptrace -> 0x0
             exe-1049673 [000] ..... 1636904.130224: sys_nanosleep -> 0x0
             exe-1049673 [000] ..... 1636904.130230: sys_nanosleep(rqtp: c000069f10, rmtp: 0)
             exe-1050233 [000] ..... 1636904.130257: sys_wait4(upid: 10068d, stat_addr: c0004bdbf4, options: 40000002, ru: 0)
             exe-1050233 [000] ..... 1636904.130260: sys_wait4 -> 0x10068d
             exe-1050233 [000] ..... 1636904.130262: sys_ptrace(request: 4204, pid: 10068d, addr: 1, data: c0004bdc70)
             exe-1050233 [000] ..... 1636904.130267: sys_ptrace -> 0x0
             exe-1050233 [000] ..... 1636904.130268: sys_ptrace(request: 4204, pid: 10068d, addr: 202, data: c0004bdc70)
             exe-1050233 [000] ..... 1636904.130271: sys_ptrace -> 0x0
             exe-1050233 [000] ..... 1636904.130286: sys_pwrite64(fd: 63, buf: 7fd66edc6080, count: 3d, pos: 3f)
             exe-1050233 [000] ..... 1636904.130288: tracing_mark_write: sync_file_range(fd=277, offset=4, nbytes=4096, flags=0x0) end
             exe-1050233 [003] ..... 1636904.196587: tracing_mark_write: sync_file_range(fd=277, offset=0x8e8e8e8e, nbytes=253, flags=0x60) start
             exe-1050233 [003] ..... 1636904.196589: sys_pwrite64 -> 0x48
             exe-1050233 [003] ..... 1636904.196596: sys_ptrace(request: 4205, pid: 10068d, addr: 1, data: c0004bdc70)
             exe-1050233 [003] ..... 1636904.196599: sys_ptrace -> 0x0
             exe-1050233 [003] ..... 1636904.196601: sys_ptrace(request: 4205, pid: 10068d, addr: 202, data: c0004bdc70)
             exe-1050233 [003] ..... 1636904.196614: sys_ptrace -> 0x0
             exe-1050233 [003] ..... 1636904.196615: sys_ptrace(request: 1f, pid: 10068d, addr: 0, data: 0)
             exe-1050233 [003] .N... 1636904.196623: sys_ptrace -> 0x0
             exe-1050253 [003] ..... 1636904.196634: sys_write -> 0x48
             exe-1050233 [003] ..... 1636904.196652: sys_wait4(upid: 10068d, stat_addr: c0004bdbf4, options: 40000002, ru: 0)
             exe-1050233 [003] ..... 1636904.196655: sys_wait4 -> 0x10068d
             exe-1050233 [003] ..... 1636904.196657: sys_ptrace(request: 4204, pid: 10068d, addr: 1, data: c0004bdc70)
             exe-1050233 [003] ..... 1636904.196661: sys_ptrace -> 0x0
             exe-1050233 [003] ..... 1636904.196662: sys_ptrace(request: 4204, pid: 10068d, addr: 202, data: c0004bdc70)
             exe-1050233 [003] ..... 1636904.196665: sys_ptrace -> 0x0
             exe-1050233 [003] ..... 1636904.196670: sys_ptrace(request: 4205, pid: 10068d, addr: 1, data: c0004bdc70)
             exe-1050233 [003] ..... 1636904.196672: sys_ptrace -> 0x0
             exe-1050233 [003] ..... 1636904.196674: sys_ptrace(request: 4205, pid: 10068d, addr: 202, data: c0004bdc70)
             exe-1050233 [003] ..... 1636904.196684: sys_ptrace -> 0x0
             exe-1050233 [003] ..... 1636904.196686: sys_ptrace(request: 1f, pid: 10068d, addr: 0, data: 0)
             exe-1050233 [003] .N... 1636904.196692: sys_ptrace -> 0x0
             exe-1050253 [003] ..... 1636904.196702: sys_sync_file_range -> 0xffffffffffffffea
             exe-1050233 [003] ..... 1636904.196719: sys_wait4(upid: 10068d, stat_addr: c0004bdbf4, options: 40000002, ru: 0)
             exe-1050233 [003] ..... 1636904.196722: sys_wait4 -> 0x10068d
             exe-1050233 [003] ..... 1636904.196724: sys_ptrace(request: 4204, pid: 10068d, addr: 1, data: c0004bdc70)
             exe-1050233 [003] ..... 1636904.196728: sys_ptrace -> 0x0
             exe-1050233 [003] ..... 1636904.196729: sys_ptrace(request: 4204, pid: 10068d, addr: 202, data: c0004bdc70)
             exe-1050233 [003] ..... 1636904.196731: sys_ptrace -> 0x0
             exe-1050233 [003] ..... 1636904.196740: sys_pwrite64(fd: 63, buf: 7fd66edc6080, count: 46, pos: 48)
             exe-1050233 [003] ..... 1636904.196742: tracing_mark_write: sync_file_range(fd=277, offset=0x8e8e8e8e, nbytes=253, flags=0x60) end
