             exe-1049719 [001] ..... 1636892.787016: sys_futex(uaddr: 7feba8293000, op: 0, val: 0, utime: 0, uaddr2: 0, val3: 0)
             exe-1050289 [003] ..... 1636892.787031: sys_futex -> 0x0
             exe-1050289 [003] ..... 1636892.787042: sys_futex(uaddr: 7fd666a4d000, op: 1, val: 1, utime: 0, uaddr2: 0, val3: 0)
             exe-1050289 [003] ..... 1636892.787049: sys_futex -> 0x1
             exe-1050289 [003] ..... 1636892.787051: sys_futex(uaddr: 7fd666a4d000, op: 0, val: 1, utime: 0, uaddr2: 0, val3: 0)
             exe-1049719 [001] ..... 1636892.787065: sys_futex -> 0x0
             exe-1049719 [001] ..... 1636892.787069: sys_fsync(fd: a9)
             exe-1049719 [001] ..... 1636892.787070: sys_fsync -> 0x0
             exe-1049719 [001] ..... 1636892.787072: sys_futex(uaddr: 7feba8293000, op: 1, val: 1, utime: 0, uaddr2: 0, val3: 0)
             exe-1049719 [001] ..... 1636892.787085: sys_futex -> 0x1
             exe-1049719 [001] ..... 1636892.787086: sys_futex(uaddr: 7feba8293000, op: 0, val: 0, utime: 0, uaddr2: 0, val3: 0)
             exe-1050289 [003] ..... 1636892.787096: sys_futex -> 0x0
             exe-1050289 [003] ..... 1636892.788887: sys_futex(uaddr: 7fd668a4d000, op: 1, val: 1, utime: 0, uaddr2: 0, val3: 0)
             exe-1049673 [002] ..... 1636892.788892: sys_nanosleep -> 0x0
             exe-1049673 [002] ..... 1636892.788896: sys_nanosleep(rqtp: c000069f10, rmtp: 0)
             exe-1050289 [003] ..... 1636892.788897: sys_futex -> 0x1
             exe-1050289 [003] ..... 1636892.788899: sys_futex(uaddr: 7fd668a4d000, op: 0, val: 1, utime: 0, uaddr2: 0, val3: 0)
             exe-1067990 [000] ..... 1636892.788950: sys_futex -> 0x0
             exe-1067990 [000] ..... 1636892.788968: sys_fsync(fd: 122)
             exe-1067990 [000] ..... 1636892.788970: sys_fsync -> 0x0
             exe-1067990 [000] ..... 1636892.788975: sys_futex(uaddr: 7febaa293000, op: 1, val: 1, utime: 0, uaddr2: 0, val3: 0)
             exe-1049673 [002] ..... 1636892.788987: sys_nanosleep -> 0x0
             exe-1067990 [000] ..... 1636892.788988: sys_futex -> 0x1
             exe-1049673 [002] ..... 1636892.788989: sys_getpid()
             exe-1049673 [002] ..... 1636892.788990: sys_getpid -> 0x1
             exe-1049673 [002] ..... 1636892.788992: sys_tgkill(tgid: 1, pid: 38, sig: 17)
             exe-1067990 [000] ..... 1636892.788993: sys_futex(uaddr: 7febaa293000, op: 0, val: 0, utime: 0, uaddr2: 0, val3: 0)
             exe-1050289 [003] ..... 1636892.788994: sys_futex -> 0x0
             exe-1050289 [003] ..... 1636892.788999: sys_futex(uaddr: 7fd668a4d000, op: 1, val: 1, utime: 0, uaddr2: 0, val3: 0)
             exe-1050289 [003] ..... 1636892.789000: sys_futex -> 0x1
             exe-1049673 [002] ..... 1636892.789001: sys_tgkill -> 0x0
             exe-1050289 [003] ..... 1636892.789002: sys_futex(uaddr: 7fd668a4d000, op: 0, val: 1, utime: 0, uaddr2: 0, val3: 0)
             exe-1049673 [002] ..... 1636892.789002: sys_nanosleep(rqtp: c000069f10, rmtp: 0)
             exe-1067990 [000] ..... 1636892.789015: sys_futex -> 0x0
             exe-1067990 [000] ..... 1636892.789042: sys_rt_sigreturn()
             exe-1067990 [000] ..... 1636892.789056: sys_fsync(fd: 16b)
             exe-1067990 [000] ..... 1636892.789057: sys_fsync -> 0x0
             exe-1067990 [000] ..... 1636892.789060: sys_futex(uaddr: 7febaa293000, op: 1, val: 1, utime: 0, uaddr2: 0, val3: 0)
             exe-1067990 [000] ..... 1636892.789067: sys_futex -> 0x1
             exe-1067990 [000] ..... 1636892.789069: sys_futex(uaddr: 7febaa293000, op: 0, val: 0, utime: 0, uaddr2: 0, val3: 0)
             exe-1050289 [003] ..... 1636892.789073: sys_futex -> 0x0
             exe-1050289 [003] ..... 1636892.789077: sys_futex(uaddr: 7fd668a4d000, op: 1, val: 1, utime: 0, uaddr2: 0, val3: 0)
             exe-1050289 [003] ..... 1636892.789078: sys_futex -> 0x1
             exe-1050289 [003] ..... 1636892.789080: sys_futex(uaddr: 7fd668a4d000, op: 0, val: 1, utime: 0, uaddr2: 0, val3: 0)
             exe-1049673 [002] ..... 1636892.789094: sys_nanosleep -> 0x0
             exe-1049673 [002] ..... 1636892.789096: sys_nanosleep(rqtp: c000069f10, rmtp: 0)
             exe-1067990 [000] ..... 1636892.789097: sys_futex -> 0x0
             exe-1067990 [000] ..... 1636892.789115: sys_fsync(fd: a7f)
             exe-1067990 [000] ..... 1636892.789116: sys_fsync -> 0x0
             exe-1067990 [000] ..... 1636892.789119: sys_futex(uaddr: 7febaa293000, op: 1, val: 1, utime: 0, uaddr2: 0, val3: 0)
             exe-1067990 [000] ..... 1636892.789124: sys_futex -> 0x1
             exe-1067990 [000] ..... 1636892.789126: sys_futex(uaddr: 7febaa293000, op: 0, val: 0, utime: 0, uaddr2: 0, val3: 0)
             exe-1050289 [003] ..... 1636892.789131: sys_futex -> 0x0
             exe-1050289 [003] ..... 1636892.789134: sys_futex(uaddr: 7fd668a4d000, op: 1, val: 1, utime: 0, uaddr2: 0, val3: 0)
             exe-1050289 [003] ..... 1636892.789136: sys_futex -> 0x1
             exe-1050289 [003] ..... 1636892.789137: sys_futex(uaddr: 7fd668a4d000, op: 0, val: 1, utime: 0, uaddr2: 0, val3: 0)
             exe-1067990 [000] ..... 1636892.789144: sys_futex -> 0x0
             exe-1067990 [000] ..... 1636892.789154: sys_fsync(fd: eeb)
             exe-1067990 [000] ..... 1636892.789167: sys_fsync -> 0x0
             exe-1067990 [000] ..... 1636892.789169: sys_futex(uaddr: 7febaa293000, op: 1, val: 1, utime: 0, uaddr2: 0, val3: 0)
             exe-1067990 [000] ..... 1636892.789175: sys_futex -> 0x1
             exe-1067990 [000] ..... 1636892.789177: sys_futex(uaddr: 7febaa293000, op: 0, val: 0, utime: 0, uaddr2: 0, val3: 0)
             exe-1050289 [003] ..... 1636892.789182: sys_futex -> 0x0
             exe-1050289 [003] ..... 1636892.789185: sys_futex(uaddr: 7fd668a4d000, op: 1, val: 1, utime: 0, uaddr2: 0, val3: 0)
             exe-1049673 [002] ..... 1636892.789185: sys_nanosleep -> 0x0
             exe-1049673 [002] ..... 1636892.789187: sys_nanosleep(rqtp: c000069f10, rmtp: 0)
             exe-1050289 [003] ..... 1636892.789189: sys_futex -> 0x1
             exe-1050289 [003] ..... 1636892.789190: sys_futex(uaddr: 7fd668a4d000, op: 0, val: 1, utime: 0, uaddr2: 0, val3: 0)
             exe-1067990 [000] ..... 1636892.789200: sys_futex -> 0x0
             exe-1067990 [000] ..... 1636892.789204: sys_fsync(fd: ef1)
             exe-1067990 [000] ..... 1636892.789212: sys_fsync -> 0x0
             exe-1067990 [000] ..... 1636892.789215: sys_futex(uaddr: 7febaa293000, op: 1, val: 1, utime: 0, uaddr2: 0, val3: 0)
             exe-1067990 [000] ..... 1636892.789220: sys_futex -> 0x1
             exe-1067990 [000] ..... 1636892.789222: sys_futex(uaddr: 7febaa293000, op: 0, val: 0, utime: 0, uaddr2: 0, val3: 0)
             exe-1050289 [003] ..... 1636892.789227: sys_futex -> 0x0
             exe-1050289 [003] ..... 1636892.789230: sys_futex(uaddr: 7fd668a4d000, op: 1, val: 1, utime: 0, uaddr2: 0, val3: 0)
             exe-1050289 [003] ..... 1636892.789236: sys_futex -> 0x1
             exe-1050289 [003] ..... 1636892.789237: sys_futex(uaddr: 7fd668a4d000, op: 0, val: 1, utime: 0, uaddr2: 0, val3: 0)
             exe-1067990 [000] ..... 1636892.789267: sys_futex -> 0x0
             exe-1067990 [000] ..... 1636892.789275: sys_fsync(fd: efb)
             exe-1049673 [002] ..... 1636892.789277: sys_nanosleep -> 0x0
             exe-1049673 [002] ..... 1636892.789279: sys_nanosleep(rqtp: c000069f10, rmtp: 0)
             exe-1067990 [000] ..... 1636892.789281: sys_fsync -> 0x0
             exe-1067990 [000] ..... 1636892.789282: sys_futex(uaddr: 7febaa293000, op: 1, val: 1, utime: 0, uaddr2: 0, val3: 0)
             exe-1067990 [000] ..... 1636892.789286: sys_futex -> 0x1
             exe-1067990 [000] ..... 1636892.789288: sys_futex(uaddr: 7febaa293000, op: 0, val: 0, utime: 0, uaddr2: 0, val3: 0)
             exe-1050289 [003] ..... 1636892.789294: sys_futex -> 0x0
             exe-1050289 [003] ..... 1636892.789297: sys_futex(uaddr: 7fd668a4d000, op: 1, val: 1, utime: 0, uaddr2: 0, val3: 0)
             exe-1050289 [003] ..... 1636892.789301: sys_futex -> 0x1
             exe-1050289 [003] ..... 1636892.789303: sys_futex(uaddr: 7fd668a4d000, op: 0, val: 1, utime: 0, uaddr2: 0, val3: 0)
             exe-1067990 [000] ..... 1636892.789307: sys_futex -> 0x0
             exe-1067990 [000] ..... 1636892.789314: sys_fsync(fd: f09)
             exe-1067990 [000] ..... 1636892.789316: sys_fsync -> 0x0
             exe-1067990 [000] ..... 1636892.789317: sys_futex(uaddr: 7febaa293000, op: 1, val: 1, utime: 0, uaddr2: 0, val3: 0)
             exe-1067990 [000] ..... 1636892.789321: sys_futex -> 0x1
             exe-1067990 [000] ..... 1636892.789322: sys_futex(uaddr: 7febaa293000, op: 0, val: 0, utime: 0, uaddr2: 0, val3: 0)
             exe-1050289 [003] ..... 1636892.789328: sys_futex -> 0x0
             exe-1050289 [003] ..... 1636892.789331: sys_futex(uaddr: 7fd668a4d000, op: 1, val: 1, utime: 0, uaddr2: 0, val3: 0)
             exe-1050289 [003] ..... 1636892.789335: sys_futex -> 0x1
             exe-1050289 [003] ..... 1636892.789337: sys_futex(uaddr: 7fd668a4d000, op: 0, val: 1, utime: 0, uaddr2: 0, val3: 0)
             exe-1067990 [000] ..... 1636892.789341: sys_futex -> 0x0
             exe-1067990 [000] ..... 1636892.789356: sys_fsync(fd: f15)
             exe-1067990 [000] ..... 1636892.789357: sys_fsync -> 0x0
             exe-1067990 [000] ..... 1636892.789358: sys_futex(uaddr: 7febaa293000, op: 1, val: 1, utime: 0, uaddr2: 0, val3: 0)
             exe-1067990 [000] ..... 1636892.789362: sys_futex -> 0x1
             exe-1049673 [002] ..... 1636892.789363: sys_nanosleep -> 0x0
             exe-1067990 [000] ..... 1636892.789364: sys_futex(uaddr: 7febaa293000, op: 0, val: 0, utime: 0, uaddr2: 0, val3: 0)
             exe-1049673 [002] ..... 1636892.789365: sys_nanosleep(rqtp: c000069f10, rmtp: 0)
             exe-1050289 [003] ..... 1636892.789370: sys_futex -> 0x0
             exe-1050289 [003] ..... 1636892.789373: sys_futex(uaddr: 7fd668a4d000, op: 1, val: 1, utime: 0, uaddr2: 0, val3: 0)
             exe-1050289 [003] ..... 1636892.789377: sys_futex -> 0x1
             exe-1050289 [003] ..... 1636892.789378: sys_futex(uaddr: 7fd668a4d000, op: 0, val: 1, utime: 0, uaddr2: 0, val3: 0)
             exe-1067990 [000] ..... 1636892.789383: sys_futex -> 0x0
             exe-1067990 [000] ..... 1636892.789390: sys_fsync(fd: f39)
             exe-1067990 [000] ..... 1636892.789391: sys_fsync -> 0x0
             exe-1067990 [000] ..... 1636892.789392: sys_futex(uaddr: 7febaa293000, op: 1, val: 1, utime: 0, uaddr2: 0, val3: 0)
             exe-1067990 [000] ..... 1636892.789396: sys_futex -> 0x1
             exe-1067990 [000] ..... 1636892.789397: sys_futex(uaddr: 7febaa293000, op: 0, val: 0, utime: 0, uaddr2: 0, val3: 0)
             exe-1050289 [003] ..... 1636892.789403: sys_futex -> 0x0
             exe-1050289 [003] ..... 1636892.789406: sys_futex(uaddr: 7fd668a4d000, op: 1, val: 1, utime: 0, uaddr2: 0, val3: 0)
             exe-1050289 [003] ..... 1636892.789410: sys_futex -> 0x1
             exe-1050289 [003] ..... 1636892.789412: sys_futex(uaddr: 7fd668a4d000, op: 0, val: 1, utime: 0, uaddr2: 0, val3: 0)
             exe-1067990 [000] ..... 1636892.789416: sys_futex -> 0x0
             exe-1067990 [000] ..... 1636892.789424: sys_fsync(fd: feb)
             exe-1067990 [000] ..... 1636892.789428: sys_fsync -> 0x0
             exe-1067990 [000] ..... 1636892.789430: sys_futex(uaddr: 7febaa293000, op: 1, val: 1, utime: 0, uaddr2: 0, val3: 0)
             exe-1067990 [000] ..... 1636892.789434: sys_futex -> 0x1
             exe-1067990 [000] ..... 1636892.789435: sys_futex(uaddr: 7febaa293000, op: 0, val: 0, utime: 0, uaddr2: 0, val3: 0)
             exe-1050289 [003] ..... 1636892.789441: sys_futex -> 0x0
             exe-1050289 [003] ..... 1636892.789444: sys_futex(uaddr: 7fd668a4d000, op: 1, val: 1, utime: 0, uaddr2: 0, val3: 0)
             exe-1050289 [003] ..... 1636892.789448: sys_futex -> 0x1
             exe-1049673 [002] ..... 1636892.789449: sys_nanosleep -> 0x0
             exe-1050289 [003] ..... 1636892.789450: sys_futex(uaddr: 7fd668a4d000, op: 0, val: 1, utime: 0, uaddr2: 0, val3: 0)
             exe-1049673 [002] ..... 1636892.789451: sys_nanosleep(rqtp: c000069f10, rmtp: 0)
             exe-1067990 [000] ..... 1636892.789454: sys_futex -> 0x0
             exe-1067990 [000] ..... 1636892.789457: sys_fsync(fd: ff3)
             exe-1067990 [000] ..... 1636892.789463: sys_fsync -> 0x0
             exe-1067990 [000] ..... 1636892.789464: sys_futex(uaddr: 7febaa293000, op: 1, val: 1, utime: 0, uaddr2: 0, val3: 0)
             exe-1067990 [000] ..... 1636892.789468: sys_futex -> 0x1
             exe-1067990 [000] ..... 1636892.789469: sys_futex(uaddr: 7febaa293000, op: 0, val: 0, utime: 0, uaddr2: 0, val3: 0)
             exe-1050289 [003] ..... 1636892.789475: sys_futex -> 0x0
             exe-1050289 [003] ..... 1636892.789478: sys_futex(uaddr: 7fd668a4d000, op: 1, val: 1, utime: 0, uaddr2: 0, val3: 0)
             exe-1050289 [003] ..... 1636892.789488: sys_futex -> 0x1
             exe-1067990 [000] ..... 1636892.789488: sys_futex -> 0x0
             exe-1050289 [003] ..... 1636892.789490: sys_futex(uaddr: 7fd668a4d000, op: 0, val: 1, utime: 0, uaddr2: 0, val3: 0)
             exe-1067990 [000] ..... 1636892.789491: sys_fsync(fd: ffd)
             exe-1067990 [000] ..... 1636892.789496: sys_fsync -> 0x0
             exe-1067990 [000] ..... 1636892.789498: sys_futex(uaddr: 7febaa293000, op: 1, val: 1, utime: 0, uaddr2: 0, val3: 0)
             exe-1067990 [000] ..... 1636892.789502: sys_futex -> 0x1
             exe-1067990 [000] ..... 1636892.789503: sys_futex(uaddr: 7febaa293000, op: 0, val: 0, utime: 0, uaddr2: 0, val3: 0)
             exe-1050289 [003] ..... 1636892.789509: sys_futex -> 0x0
             exe-1050289 [003] ..... 1636892.789517: sys_futex(uaddr: 7fd668a4d000, op: 1, val: 1, utime: 0, uaddr2: 0, val3: 0)
             exe-1050289 [003] ..... 1636892.789521: sys_futex -> 0x1
             exe-1050289 [003] ..... 1636892.789523: sys_futex(uaddr: 7fd668a4d000, op: 0, val: 1, utime: 0, uaddr2: 0, val3: 0)
             exe-1067990 [000] ..... 1636892.789527: sys_futex -> 0x0
             exe-1067990 [000] ..... 1636892.789534: sys_fsync(fd: 1001)
             exe-1049673 [002] ..... 1636892.789535: sys_nanosleep -> 0x0
             exe-1067990 [000] ..... 1636892.789535: sys_fsync -> 0x0
             exe-1067990 [000] ..... 1636892.789537: sys_futex(uaddr: 7febaa293000, op: 1, val: 1, utime: 0, uaddr2: 0, val3: 0)
             exe-1049673 [002] ..... 1636892.789537: sys_nanosleep(rqtp: c000069f10, rmtp: 0)
             exe-1067990 [000] ..... 1636892.789541: sys_futex -> 0x1
             exe-1067990 [000] ..... 1636892.789542: sys_futex(uaddr: 7febaa293000, op: 0, val: 0, utime: 0, uaddr2: 0, val3: 0)
             exe-1050289 [003] ..... 1636892.789548: sys_futex -> 0x0
             exe-1050289 [003] ..... 1636892.789551: sys_futex(uaddr: 7fd668a4d000, op: 1, val: 1, utime: 0, uaddr2: 0, val3: 0)
             exe-1050289 [003] ..... 1636892.789555: sys_futex -> 0x1
             exe-1050289 [003] ..... 1636892.789557: sys_futex(uaddr: 7fd668a4d000, op: 0, val: 1, utime: 0, uaddr2: 0, val3: 0)
             exe-1067990 [000] ..... 1636892.789561: sys_futex -> 0x0
             exe-1067990 [000] ..... 1636892.789564: sys_fsync(fd: 1005)
             exe-1067990 [000] ..... 1636892.789565: sys_fsync -> 0x0
             exe-1067990 [000] ..... 1636892.789567: sys_futex(uaddr: 7febaa293000, op: 1, val: 1, utime: 0, uaddr2: 0, val3: 0)
             exe-1067990 [000] ..... 1636892.789571: sys_futex -> 0x1
             exe-1067990 [000] ..... 1636892.789572: sys_futex(uaddr: 7febaa293000, op: 0, val: 0, utime: 0, uaddr2: 0, val3: 0)
             exe-1050289 [003] ..... 1636892.789578: sys_futex -> 0x0
             exe-1050289 [003] ..... 1636892.789581: sys_futex(uaddr: 7fd668a4d000, op: 1, val: 1, utime: 0, uaddr2: 0, val3: 0)
             exe-1067990 [000] ..... 1636892.789591: sys_futex -> 0x0
             exe-1067990 [000] ..... 1636892.789594: sys_fsync(fd: 1009)
             exe-1067990 [000] ..... 1636892.789594: sys_fsync -> 0x0
             exe-1067990 [000] ..... 1636892.789596: sys_futex(uaddr: 7febaa293000, op: 1, val: 1, utime: 0, uaddr2: 0, val3: 0)
             exe-1067990 [000] ..... 1636892.789596: sys_futex -> 0x0
             exe-1067990 [000] ..... 1636892.789598: sys_futex(uaddr: 7febaa293000, op: 0, val: 0, utime: 0, uaddr2: 0, val3: 0)
             exe-1050289 [003] ..... 1636892.789604: sys_futex -> 0x1
             exe-1050289 [003] ..... 1636892.789607: sys_futex(uaddr: 7fd668a4d000, op: 1, val: 1, utime: 0, uaddr2: 0, val3: 0)
             exe-1050289 [003] ..... 1636892.789611: sys_futex -> 0x1
             exe-1050289 [003] ..... 1636892.789613: sys_futex(uaddr: 7fd668a4d000, op: 0, val: 1, utime: 0, uaddr2: 0, val3: 0)
             exe-1067990 [000] ..... 1636892.789615: sys_futex -> 0x0
             exe-1049673 [002] ..... 1636892.789622: sys_nanosleep -> 0x0
             exe-1067990 [000] ..... 1636892.789622: sys_fsync(fd: 1017)
             exe-1067990 [000] ..... 1636892.789623: sys_fsync -> 0x0
             exe-1067990 [000] ..... 1636892.789625: sys_futex(uaddr: 7febaa293000, op: 1, val: 1, utime: 0, uaddr2: 0, val3: 0)
             exe-1067990 [000] ..... 1636892.789629: sys_futex -> 0x1
             exe-1049673 [002] ..... 1636892.789629: sys_nanosleep(rqtp: c000069f10, rmtp: 0)
             exe-1067990 [000] ..... 1636892.789630: sys_futex(uaddr: 7febaa293000, op: 0, val: 0, utime: 0, uaddr2: 0, val3: 0)
             exe-1050289 [003] ..... 1636892.789634: sys_futex -> 0x0
             exe-1050289 [003] ..... 1636892.789637: sys_futex(uaddr: 7fd668a4d000, op: 1, val: 1, utime: 0, uaddr2: 0, val3: 0)
             exe-1050289 [003] ..... 1636892.789642: sys_futex -> 0x1
             exe-1050289 [003] ..... 1636892.789644: sys_futex(uaddr: 7fd668a4d000, op: 0, val: 1, utime: 0, uaddr2: 0, val3: 0)
             exe-1067990 [000] ..... 1636892.789646: sys_futex -> 0x0
             exe-1067990 [000] ..... 1636892.789648: sys_fsync(fd: 101f)
             exe-1067990 [000] ..... 1636892.789649: sys_fsync -> 0x0
             exe-1067990 [000] ..... 1636892.789651: sys_futex(uaddr: 7febaa293000, op: 1, val: 1, utime: 0, uaddr2: 0, val3: 0)
             exe-1067990 [000] ..... 1636892.789655: sys_futex -> 0x1
             exe-1067990 [000] ..... 1636892.789656: sys_futex(uaddr: 7febaa293000, op: 0, val: 0, utime: 0, uaddr2: 0, val3: 0)
             exe-1050289 [003] ..... 1636892.789659: sys_futex -> 0x0
             exe-1050289 [003] ..... 1636892.789662: sys_futex(uaddr: 7fd668a4d000, op: 1, val: 1, utime: 0, uaddr2: 0, val3: 0)
             exe-1050289 [003] ..... 1636892.789667: sys_futex -> 0x1
             exe-1050289 [003] ..... 1636892.789668: sys_futex(uaddr: 7fd668a4d000, op: 0, val: 1, utime: 0, uaddr2: 0, val3: 0)
             exe-1067990 [000] ..... 1636892.789670: sys_futex -> 0x0
             exe-1067990 [000] ..... 1636892.789678: sys_fsync(fd: 1045)
             exe-1067990 [000] ..... 1636892.789679: sys_fsync -> 0x0
             exe-1067990 [000] ..... 1636892.789680: sys_futex(uaddr: 7febaa293000, op: 1, val: 1, utime: 0, uaddr2: 0, val3: 0)
             exe-1067990 [000] ..... 1636892.789684: sys_futex -> 0x1
             exe-1067990 [000] ..... 1636892.789685: sys_futex(uaddr: 7febaa293000, op: 0, val: 0, utime: 0, uaddr2: 0, val3: 0)
             exe-1050289 [003] ..... 1636892.789689: sys_futex -> 0x0
             exe-1050289 [003] ..... 1636892.789692: sys_futex(uaddr: 7fd668a4d000, op: 1, val: 1, utime: 0, uaddr2: 0, val3: 0)
             exe-1050289 [003] ..... 1636892.789696: sys_futex -> 0x1
             exe-1050289 [003] ..... 1636892.789697: sys_futex(uaddr: 7fd668a4d000, op: 0, val: 1, utime: 0, uaddr2: 0, val3: 0)
             exe-1067990 [000] ..... 1636892.789700: sys_futex -> 0x0
             exe-1067990 [000] ..... 1636892.789703: sys_fsync(fd: 1049)
             exe-1067990 [000] ..... 1636892.789708: sys_fsync -> 0x0
             exe-1067990 [000] ..... 1636892.789710: sys_futex(uaddr: 7febaa293000, op: 1, val: 1, utime: 0, uaddr2: 0, val3: 0)
             exe-1067990 [000] ..... 1636892.789713: sys_futex -> 0x1
             exe-1049673 [002] ..... 1636892.789714: sys_nanosleep -> 0x0
             exe-1067990 [000] ..... 1636892.789715: sys_futex(uaddr: 7febaa293000, op: 0, val: 0, utime: 0, uaddr2: 0, val3: 0)
             exe-1049673 [002] ..... 1636892.789716: sys_nanosleep(rqtp: c000069f10, rmtp: 0)
             exe-1050289 [003] ..... 1636892.789718: sys_futex -> 0x0
             exe-1050289 [003] ..... 1636892.789721: sys_futex(uaddr: 7fd668a4d000, op: 1, val: 1, utime: 0, uaddr2: 0, val3: 0)
             exe-1050289 [003] ..... 1636892.789725: sys_futex -> 0x1
             exe-1050289 [003] ..... 1636892.789727: sys_futex(uaddr: 7fd668a4d000, op: 0, val: 1, utime: 0, uaddr2: 0, val3: 0)
             exe-1067990 [000] ..... 1636892.789729: sys_futex -> 0x0
             exe-1067990 [000] ..... 1636892.789739: sys_fsync(fd: 1053)
             exe-1067990 [000] ..... 1636892.789744: sys_fsync -> 0x0
             exe-1067990 [000] ..... 1636892.789746: sys_futex(uaddr: 7febaa293000, op: 1, val: 1, utime: 0, uaddr2: 0, val3: 0)
             exe-1067990 [000] ..... 1636892.789750: sys_futex -> 0x1
             exe-1067990 [000] ..... 1636892.789751: sys_futex(uaddr: 7febaa293000, op: 0, val: 0, utime: 0, uaddr2: 0, val3: 0)
             exe-1050289 [003] ..... 1636892.789755: sys_futex -> 0x0
             exe-1050289 [003] ..... 1636892.789758: sys_futex(uaddr: 7fd668a4d000, op: 1, val: 1, utime: 0, uaddr2: 0, val3: 0)
             exe-1050289 [003] ..... 1636892.789762: sys_futex -> 0x1
             exe-1050289 [003] ..... 1636892.789763: sys_futex(uaddr: 7fd668a4d000, op: 0, val: 1, utime: 0, uaddr2: 0, val3: 0)
             exe-1067990 [000] ..... 1636892.789766: sys_futex -> 0x0
             exe-1067990 [000] ..... 1636892.789768: sys_fsync(fd: 1057)
             exe-1067990 [000] ..... 1636892.789769: sys_fsync -> 0x0
             exe-1067990 [000] ..... 1636892.789771: sys_futex(uaddr: 7febaa293000, op: 1, val: 1, utime: 0, uaddr2: 0, val3: 0)
             exe-1067990 [000] ..... 1636892.789774: sys_futex -> 0x1
             exe-1067990 [000] ..... 1636892.789776: sys_futex(uaddr: 7febaa293000, op: 0, val: 0, utime: 0, uaddr2: 0, val3: 0)
             exe-1050289 [003] ..... 1636892.789779: sys_futex -> 0x0
             exe-1050289 [003] ..... 1636892.789782: sys_futex(uaddr: 7fd668a4d000, op: 1, val: 1, utime: 0, uaddr2: 0, val3: 0)
             exe-1050289 [003] ..... 1636892.789786: sys_futex -> 0x1
             exe-1050289 [003] ..... 1636892.789788: sys_futex(uaddr: 7fd668a4d000, op: 0, val: 1, utime: 0, uaddr2: 0, val3: 0)
             exe-1067990 [000] ..... 1636892.789790: sys_futex -> 0x0
             exe-1067990 [000] ..... 1636892.789797: sys_fsync(fd: 1069)
             exe-1049673 [002] ..... 1636892.789800: sys_nanosleep -> 0x0
             exe-1049673 [002] ..... 1636892.789802: sys_nanosleep(rqtp: c000069f10, rmtp: 0)
             exe-1067990 [000] ..... 1636892.789802: sys_fsync -> 0x0
             exe-1067990 [000] ..... 1636892.789804: sys_futex(uaddr: 7febaa293000, op: 1, val: 1, utime: 0, uaddr2: 0, val3: 0)
             exe-1067990 [000] ..... 1636892.789808: sys_futex -> 0x1
             exe-1067990 [000] ..... 1636892.789809: sys_futex(uaddr: 7febaa293000, op: 0, val: 0, utime: 0, uaddr2: 0, val3: 0)
             exe-1050289 [003] ..... 1636892.789813: sys_futex -> 0x0
             exe-1050289 [003] ..... 1636892.789816: sys_futex(uaddr: 7fd668a4d000, op: 1, val: 1, utime: 0, uaddr2: 0, val3: 0)
             exe-1050289 [003] ..... 1636892.789820: sys_futex -> 0x1
             exe-1050289 [003] ..... 1636892.789821: sys_futex(uaddr: 7fd668a4d000, op: 0, val: 1, utime: 0, uaddr2: 0, val3: 0)
             exe-1067990 [000] ..... 1636892.789824: sys_futex -> 0x0
             exe-1067990 [000] ..... 1636892.789826: sys_fsync(fd: 106d)
             exe-1067990 [000] ..... 1636892.789832: sys_fsync -> 0x0
             exe-1067990 [000] ..... 1636892.789833: sys_futex(uaddr: 7febaa293000, op: 1, val: 1, utime: 0, uaddr2: 0, val3: 0)
             exe-1067990 [000] ..... 1636892.789837: sys_futex -> 0x1
             exe-1067990 [000] ..... 1636892.789839: sys_futex(uaddr: 7febaa293000, op: 0, val: 0, utime: 0, uaddr2: 0, val3: 0)
             exe-1050289 [003] ..... 1636892.789842: sys_futex -> 0x0
             exe-1050289 [003] ..... 1636892.789845: sys_futex(uaddr: 7fd668a4d000, op: 1, val: 1, utime: 0, uaddr2: 0, val3: 0)
             exe-1050289 [003] ..... 1636892.789849: sys_futex -> 0x1
             exe-1050289 [003] ..... 1636892.789851: sys_futex(uaddr: 7fd668a4d000, op: 0, val: 1, utime: 0, uaddr2: 0, val3: 0)
             exe-1067990 [000] ..... 1636892.789853: sys_futex -> 0x0
             exe-1067990 [000] ..... 1636892.789863: sys_fsync(fd: 1079)
             exe-1067990 [000] ..... 1636892.789868: sys_fsync -> 0x0
             exe-1067990 [000] ..... 1636892.789869: sys_futex(uaddr: 7febaa293000, op: 1, val: 1, utime: 0, uaddr2: 0, val3: 0)
             exe-1067990 [000] ..... 1636892.789873: sys_futex -> 0x1
             exe-1067990 [000] ..... 1636892.789874: sys_futex(uaddr: 7febaa293000, op: 0, val: 0, utime: 0, uaddr2: 0, val3: 0)
             exe-1050289 [003] ..... 1636892.789878: sys_futex -> 0x0
             exe-1050289 [003] ..... 1636892.789881: sys_futex(uaddr: 7fd668a4d000, op: 1, val: 1, utime: 0, uaddr2: 0, val3: 0)
             exe-1050289 [003] ..... 1636892.789885: sys_futex -> 0x1
             exe-1049673 [002] ..... 1636892.789885: sys_nanosleep -> 0x0
             exe-1050289 [003] ..... 1636892.789887: sys_futex(uaddr: 7fd668a4d000, op: 0, val: 1, utime: 0, uaddr2: 0, val3: 0)
             exe-1049673 [002] ..... 1636892.789887: sys_nanosleep(rqtp: c000069f10, rmtp: 0)
             exe-1067990 [000] ..... 1636892.789889: sys_futex -> 0x0
             exe-1067990 [000] ..... 1636892.789897: sys_fsync(fd: 1083)
             exe-1067990 [000] ..... 1636892.789897: sys_fsync -> 0x0
             exe-1067990 [000] ..... 1636892.789899: sys_futex(uaddr: 7febaa293000, op: 1, val: 1, utime: 0, uaddr2: 0, val3: 0)
             exe-1067990 [000] ..... 1636892.789903: sys_futex -> 0x1
             exe-1067990 [000] ..... 1636892.789904: sys_futex(uaddr: 7febaa293000, op: 0, val: 0, utime: 0, uaddr2: 0, val3: 0)
             exe-1050289 [003] ..... 1636892.789907: sys_futex -> 0x0
             exe-1050289 [003] ..... 1636892.789910: sys_futex(uaddr: 7fd668a4d000, op: 1, val: 1, utime: 0, uaddr2: 0, val3: 0)
             exe-1050289 [003] ..... 1636892.789915: sys_futex -> 0x1
             exe-1050289 [003] ..... 1636892.789916: sys_futex(uaddr: 7fd668a4d000, op: 0, val: 1, utime: 0, uaddr2: 0, val3: 0)
             exe-1067990 [000] ..... 1636892.789918: sys_futex -> 0x0
             exe-1067990 [000] ..... 1636892.789921: sys_fsync(fd: 108d)
             exe-1067990 [000] ..... 1636892.789927: sys_fsync -> 0x0
             exe-1067990 [000] ..... 1636892.789928: sys_futex(uaddr: 7febaa293000, op: 1, val: 1, utime: 0, uaddr2: 0, val3: 0)
             exe-1067990 [000] ..... 1636892.789932: sys_futex -> 0x1
             exe-1067990 [000] ..... 1636892.789934: sys_futex(uaddr: 7febaa293000, op: 0, val: 0, utime: 0, uaddr2: 0, val3: 0)
             exe-1050289 [003] ..... 1636892.789937: sys_futex -> 0x0
             exe-1050289 [003] ..... 1636892.789940: sys_futex(uaddr: 7fd668a4d000, op: 1, val: 1, utime: 0, uaddr2: 0, val3: 0)
             exe-1050289 [003] ..... 1636892.789944: sys_futex -> 0x1
             exe-1050289 [003] ..... 1636892.789946: sys_futex(uaddr: 7fd668a4d000, op: 0, val: 1, utime: 0, uaddr2: 0, val3: 0)
             exe-1067990 [000] ..... 1636892.789948: sys_futex -> 0x0
             exe-1067990 [000] ..... 1636892.789959: sys_fsync(fd: 109d)
             exe-1067990 [000] ..... 1636892.789963: sys_fsync -> 0x0
             exe-1067990 [000] ..... 1636892.789965: sys_futex(uaddr: 7febaa293000, op: 1, val: 1, utime: 0, uaddr2: 0, val3: 0)
             exe-1067990 [000] ..... 1636892.789969: sys_futex -> 0x1
             exe-1067990 [000] ..... 1636892.789970: sys_futex(uaddr: 7febaa293000, op: 0, val: 0, utime: 0, uaddr2: 0, val3: 0)
             exe-1049673 [002] ..... 1636892.789971: sys_nanosleep -> 0x0
             exe-1049673 [002] ..... 1636892.789973: sys_nanosleep(rqtp: c000069f10, rmtp: 0)
             exe-1050289 [003] ..... 1636892.789974: sys_futex -> 0x0
             exe-1050289 [003] ..... 1636892.789977: sys_futex(uaddr: 7fd668a4d000, op: 1, val: 1, utime: 0, uaddr2: 0, val3: 0)
             exe-1050289 [003] ..... 1636892.789981: sys_futex -> 0x1
             exe-1050289 [003] ..... 1636892.789983: sys_futex(uaddr: 7fd668a4d000, op: 0, val: 1, utime: 0, uaddr2: 0, val3: 0)
             exe-1067990 [000] ..... 1636892.789985: sys_futex -> 0x0
             exe-1067990 [000] ..... 1636892.789988: sys_fsync(fd: 10a3)
             exe-1049673 [002] ..... 1636892.790057: sys_nanosleep -> 0x0
             exe-1049673 [002] ..... 1636892.790059: sys_nanosleep(rqtp: c000069f10, rmtp: 0)
             exe-1067990 [000] ..... 1636892.790084: sys_fsync -> 0x0
             exe-1067990 [000] ..... 1636892.790086: sys_futex(uaddr: 7febaa293000, op: 1, val: 1, utime: 0, uaddr2: 0, val3: 0)
             exe-1067990 [000] ..... 1636892.790091: sys_futex -> 0x1
             exe-1067990 [000] ..... 1636892.790092: sys_futex(uaddr: 7febaa293000, op: 0, val: 0, utime: 0, uaddr2: 0, val3: 0)
             exe-1050289 [003] ..... 1636892.790095: sys_futex -> 0x0
             exe-1050289 [003] ..... 1636892.790098: sys_futex(uaddr: 7fd668a4d000, op: 1, val: 1, utime: 0, uaddr2: 0, val3: 0)
             exe-1050289 [003] ..... 1636892.790103: sys_futex -> 0x1
             exe-1050289 [003] ..... 1636892.790104: sys_futex(uaddr: 7fd668a4d000, op: 0, val: 1, utime: 0, uaddr2: 0, val3: 0)
             exe-1067990 [000] ..... 1636892.790107: sys_futex -> 0x0
             exe-1067990 [000] ..... 1636892.790115: sys_fsync(fd: 10b1)
             exe-1067990 [000] ..... 1636892.790116: sys_fsync -> 0x0
             exe-1067990 [000] ..... 1636892.790118: sys_futex(uaddr: 7febaa293000, op: 1, val: 1, utime: 0, uaddr2: 0, val3: 0)
             exe-1067990 [000] ..... 1636892.790122: sys_futex -> 0x1
             exe-1067990 [000] ..... 1636892.790123: sys_futex(uaddr: 7febaa293000, op: 0, val: 0, utime: 0, uaddr2: 0, val3: 0)
             exe-1050289 [003] ..... 1636892.790126: sys_futex -> 0x0
             exe-1050289 [003] ..... 1636892.790129: sys_futex(uaddr: 7fd668a4d000, op: 1, val: 1, utime: 0, uaddr2: 0, val3: 0)
             exe-1050289 [003] ..... 1636892.790133: sys_futex -> 0x1
             exe-1050289 [003] ..... 1636892.790135: sys_futex(uaddr: 7fd668a4d000, op: 0, val: 1, utime: 0, uaddr2: 0, val3: 0)
             exe-1067990 [000] ..... 1636892.790138: sys_futex -> 0x0
             exe-1067990 [000] ..... 1636892.790140: sys_fsync(fd: 10b7)
             exe-1049673 [002] ..... 1636892.790142: sys_nanosleep -> 0x0
             exe-1049673 [002] ..... 1636892.790144: sys_nanosleep(rqtp: c000069f10, rmtp: 0)
             exe-1067990 [000] ..... 1636892.790145: sys_fsync -> 0x0
             exe-1067990 [000] ..... 1636892.790147: sys_futex(uaddr: 7febaa293000, op: 1, val: 1, utime: 0, uaddr2: 0, val3: 0)
             exe-1067990 [000] ..... 1636892.790155: sys_futex -> 0x1
             exe-1050289 [003] ..... 1636892.790155: sys_futex -> 0x0
             exe-1067990 [000] ..... 1636892.790156: sys_futex(uaddr: 7febaa293000, op: 0, val: 0, utime: 0, uaddr2: 0, val3: 0)
             exe-1050289 [003] ..... 1636892.790159: sys_futex(uaddr: 7fd668a4d000, op: 1, val: 1, utime: 0, uaddr2: 0, val3: 0)
             exe-1050289 [003] ..... 1636892.790163: sys_futex -> 0x1
             exe-1050289 [003] ..... 1636892.790164: sys_futex(uaddr: 7fd668a4d000, op: 0, val: 1, utime: 0, uaddr2: 0, val3: 0)
             exe-1067990 [000] ..... 1636892.790167: sys_futex -> 0x0
             exe-1067990 [000] ..... 1636892.790170: sys_fsync(fd: 10bd)
             exe-1067990 [000] ..... 1636892.790171: sys_fsync -> 0x0
             exe-1067990 [000] ..... 1636892.790172: sys_futex(uaddr: 7febaa293000, op: 1, val: 1, utime: 0, uaddr2: 0, val3: 0)
             exe-1067990 [000] ..... 1636892.790176: sys_futex -> 0x1
             exe-1067990 [000] ..... 1636892.790177: sys_futex(uaddr: 7febaa293000, op: 0, val: 0, utime: 0, uaddr2: 0, val3: 0)
             exe-1050289 [003] ..... 1636892.790181: sys_futex -> 0x0
             exe-1050289 [003] ..... 1636892.790184: sys_futex(uaddr: 7fd668a4d000, op: 1, val: 1, utime: 0, uaddr2: 0, val3: 0)
             exe-1050289 [003] ..... 1636892.790188: sys_futex -> 0x1
             exe-1050289 [003] ..... 1636892.790190: sys_futex(uaddr: 7fd668a4d000, op: 0, val: 1, utime: 0, uaddr2: 0, val3: 0)
             exe-1067990 [000] ..... 1636892.790192: sys_futex -> 0x0
             exe-1067990 [000] ..... 1636892.790194: sys_fsync(fd: 10c3)
             exe-1067990 [000] ..... 1636892.790200: sys_fsync -> 0x0
             exe-1067990 [000] ..... 1636892.790202: sys_futex(uaddr: 7febaa293000, op: 1, val: 1, utime: 0, uaddr2: 0, val3: 0)
             exe-1067990 [000] ..... 1636892.790206: sys_futex -> 0x1
             exe-1067990 [000] ..... 1636892.790207: sys_futex(uaddr: 7febaa293000, op: 0, val: 0, utime: 0, uaddr2: 0, val3: 0)
             exe-1050289 [003] ..... 1636892.790211: sys_futex -> 0x0
             exe-1050289 [003] ..... 1636892.790214: sys_futex(uaddr: 7fd668a4d000, op: 1, val: 1, utime: 0, uaddr2: 0, val3: 0)
             exe-1050289 [003] ..... 1636892.790218: sys_futex -> 0x1
             exe-1050289 [003] ..... 1636892.790219: sys_futex(uaddr: 7fd668a4d000, op: 0, val: 1, utime: 0, uaddr2: 0, val3: 0)
             exe-1067990 [000] ..... 1636892.790222: sys_futex -> 0x0
             exe-1049673 [002] ..... 1636892.790228: sys_nanosleep -> 0x0
             exe-1067990 [000] ..... 1636892.790229: sys_fsync(fd: 10c7)
             exe-1067990 [000] ..... 1636892.790230: sys_fsync -> 0x0
             exe-1049673 [002] ..... 1636892.790230: sys_nanosleep(rqtp: c000069f10, rmtp: 0)
             exe-1067990 [000] ..... 1636892.790231: sys_futex(uaddr: 7febaa293000, op: 1, val: 1, utime: 0, uaddr2: 0, val3: 0)
             exe-1067990 [000] ..... 1636892.790235: sys_futex -> 0x1
             exe-1067990 [000] ..... 1636892.790236: sys_futex(uaddr: 7febaa293000, op: 0, val: 0, utime: 0, uaddr2: 0, val3: 0)
             exe-1050289 [003] ..... 1636892.790240: sys_futex -> 0x0
             exe-1050289 [003] ..... 1636892.790248: sys_futex(uaddr: 7fd668a4d000, op: 1, val: 1, utime: 0, uaddr2: 0, val3: 0)
             exe-1050289 [003] ..... 1636892.790252: sys_futex -> 0x1
             exe-1050289 [003] ..... 1636892.790254: sys_futex(uaddr: 7fd668a4d000, op: 0, val: 1, utime: 0, uaddr2: 0, val3: 0)
             exe-1067990 [000] ..... 1636892.790256: sys_futex -> 0x0
             exe-1067990 [000] ..... 1636892.790258: sys_fsync(fd: 10cd)
             exe-1067990 [000] ..... 1636892.790263: sys_fsync -> 0x0
             exe-1067990 [000] ..... 1636892.790265: sys_futex(uaddr: 7febaa293000, op: 1, val: 1, utime: 0, uaddr2: 0, val3: 0)
             exe-1067990 [000] ..... 1636892.790269: sys_futex -> 0x1
             exe-1067990 [000] ..... 1636892.790270: sys_futex(uaddr: 7febaa293000, op: 0, val: 0, utime: 0, uaddr2: 0, val3: 0)
             exe-1050289 [003] ..... 1636892.790273: sys_futex -> 0x0
             exe-1050289 [003] ..... 1636892.790277: sys_futex(uaddr: 7fd668a4d000, op: 1, val: 1, utime: 0, uaddr2: 0, val3: 0)
             exe-1050289 [003] ..... 1636892.790281: sys_futex -> 0x1
             exe-1050289 [003] ..... 1636892.790282: sys_futex(uaddr: 7fd668a4d000, op: 0, val: 1, utime: 0, uaddr2: 0, val3: 0)
             exe-1067990 [000] ..... 1636892.790287: sys_futex -> 0x0
             exe-1067990 [000] ..... 1636892.790289: sys_fsync(fd: 10d9)
             exe-1067990 [000] ..... 1636892.790294: sys_fsync -> 0x0
             exe-1067990 [000] ..... 1636892.790296: sys_futex(uaddr: 7febaa293000, op: 1, val: 1, utime: 0, uaddr2: 0, val3: 0)
             exe-1067990 [000] ..... 1636892.790300: sys_futex -> 0x1
             exe-1067990 [000] ..... 1636892.790301: sys_futex(uaddr: 7febaa293000, op: 0, val: 0, utime: 0, uaddr2: 0, val3: 0)
             exe-1050289 [003] ..... 1636892.790304: sys_futex -> 0x0
             exe-1050289 [003] ..... 1636892.790308: sys_futex(uaddr: 7fd668a4d000, op: 1, val: 1, utime: 0, uaddr2: 0, val3: 0)
             exe-1050289 [003] ..... 1636892.790312: sys_futex -> 0x1
             exe-1050289 [003] ..... 1636892.790313: sys_futex(uaddr: 7fd668a4d000, op: 0, val: 1, utime: 0, uaddr2: 0, val3: 0)
             exe-1049673 [002] ..... 1636892.790314: sys_nanosleep -> 0x0
             exe-1049673 [002] ..... 1636892.790316: sys_nanosleep(rqtp: c000069f10, rmtp: 0)
             exe-1067990 [000] ..... 1636892.790316: sys_futex -> 0x0
             exe-1067990 [000] ..... 1636892.790323: sys_fsync(fd: 10e1)
             exe-1067990 [000] ..... 1636892.790324: sys_fsync -> 0x0
             exe-1067990 [000] ..... 1636892.790325: sys_futex(uaddr: 7febaa293000, op: 1, val: 1, utime: 0, uaddr2: 0, val3: 0)
             exe-1067990 [000] ..... 1636892.790329: sys_futex -> 0x1
             exe-1067990 [000] ..... 1636892.790330: sys_futex(uaddr: 7febaa293000, op: 0, val: 0, utime: 0, uaddr2: 0, val3: 0)
             exe-1050289 [003] ..... 1636892.790334: sys_futex -> 0x0
             exe-1050289 [003] ..... 1636892.790337: sys_futex(uaddr: 7fd668a4d000, op: 1, val: 1, utime: 0, uaddr2: 0, val3: 0)
             exe-1050289 [003] ..... 1636892.790341: sys_futex -> 0x1
             exe-1050289 [003] ..... 1636892.790343: sys_futex(uaddr: 7fd668a4d000, op: 0, val: 1, utime: 0, uaddr2: 0, val3: 0)
             exe-1067990 [000] ..... 1636892.790345: sys_futex -> 0x0
             exe-1067990 [000] ..... 1636892.790352: sys_fsync(fd: 10eb)
             exe-1067990 [000] ..... 1636892.790353: sys_fsync -> 0x0
             exe-1067990 [000] ..... 1636892.790354: sys_futex(uaddr: 7febaa293000, op: 1, val: 1, utime: 0, uaddr2: 0, val3: 0)
             exe-1067990 [000] ..... 1636892.790358: sys_futex -> 0x1
             exe-1067990 [000] ..... 1636892.790359: sys_futex(uaddr: 7febaa293000, op: 0, val: 0, utime: 0, uaddr2: 0, val3: 0)
             exe-1050289 [003] ..... 1636892.790363: sys_futex -> 0x0
             exe-1050289 [003] ..... 1636892.790366: sys_futex(uaddr: 7fd668a4d000, op: 1, val: 1, utime: 0, uaddr2: 0, val3: 0)
             exe-1050289 [003] ..... 1636892.790370: sys_futex -> 0x1
             exe-1050289 [003] ..... 1636892.790372: sys_futex(uaddr: 7fd668a4d000, op: 0, val: 1, utime: 0, uaddr2: 0, val3: 0)
             exe-1067990 [000] ..... 1636892.790374: sys_futex -> 0x0
             exe-1067990 [000] ..... 1636892.790381: sys_fsync(fd: 10f5)
             exe-1067990 [000] ..... 1636892.790382: sys_fsync -> 0x0
             exe-1067990 [000] ..... 1636892.790384: sys_futex(uaddr: 7febaa293000, op: 1, val: 1, utime: 0, uaddr2: 0, val3: 0)
             exe-1067990 [000] ..... 1636892.790387: sys_futex -> 0x1
             exe-1067990 [000] ..... 1636892.790389: sys_futex(uaddr: 7febaa293000, op: 0, val: 0, utime: 0, uaddr2: 0, val3: 0)
             exe-1050289 [003] ..... 1636892.790392: sys_futex -> 0x0
             exe-1050289 [003] ..... 1636892.790395: sys_futex(uaddr: 7fd668a4d000, op: 1, val: 1, utime: 0, uaddr2: 0, val3: 0)
             exe-1050289 [003] ..... 1636892.790399: sys_futex -> 0x1
             exe-1049673 [002] ..... 1636892.790399: sys_nanosleep -> 0x0
             exe-1050289 [003] ..... 1636892.790401: sys_futex(uaddr: 7fd668a4d000, op: 0, val: 1, utime: 0, uaddr2: 0, val3: 0)
             exe-1049673 [002] ..... 1636892.790401: sys_nanosleep(rqtp: c000069f10, rmtp: 0)
             exe-1067990 [000] ..... 1636892.790403: sys_futex -> 0x0
             exe-1067990 [000] ..... 1636892.790406: sys_fsync(fd: 110f)
             exe-1067990 [000] ..... 1636892.790411: sys_fsync -> 0x0
             exe-1067990 [000] ..... 1636892.790413: sys_futex(uaddr: 7febaa293000, op: 1, val: 1, utime: 0, uaddr2: 0, val3: 0)
             exe-1067990 [000] ..... 1636892.790417: sys_futex -> 0x1
             exe-1067990 [000] ..... 1636892.790418: sys_futex(uaddr: 7febaa293000, op: 0, val: 0, utime: 0, uaddr2: 0, val3: 0)
             exe-1050289 [003] ..... 1636892.790422: sys_futex -> 0x0
             exe-1050289 [003] ..... 1636892.790425: sys_futex(uaddr: 7fd668a4d000, op: 1, val: 1, utime: 0, uaddr2: 0, val3: 0)
             exe-1050289 [003] ..... 1636892.790429: sys_futex -> 0x1
             exe-1050289 [003] ..... 1636892.790431: sys_futex(uaddr: 7fd668a4d000, op: 0, val: 1, utime: 0, uaddr2: 0, val3: 0)
             exe-1067990 [000] ..... 1636892.790433: sys_futex -> 0x0
             exe-1067990 [000] ..... 1636892.790440: sys_fsync(fd: 5c5)
             exe-1067990 [000] ..... 1636892.790445: sys_fsync -> 0x0
             exe-1067990 [000] ..... 1636892.790447: sys_futex(uaddr: 7febaa293000, op: 1, val: 1, utime: 0, uaddr2: 0, val3: 0)
             exe-1067990 [000] ..... 1636892.790451: sys_futex -> 0x1
             exe-1067990 [000] ..... 1636892.790452: sys_futex(uaddr: 7febaa293000, op: 0, val: 0, utime: 0, uaddr2: 0, val3: 0)
             exe-1050289 [003] ..... 1636892.790455: sys_futex -> 0x0
             exe-1050289 [003] ..... 1636892.790458: sys_futex(uaddr: 7fd668a4d000, op: 1, val: 1, utime: 0, uaddr2: 0, val3: 0)
             exe-1050289 [003] ..... 1636892.790463: sys_futex -> 0x1
             exe-1050289 [003] ..... 1636892.790464: sys_futex(uaddr: 7fd668a4d000, op: 0, val: 1, utime: 0, uaddr2: 0, val3: 0)
             exe-1067990 [000] ..... 1636892.790466: sys_futex -> 0x0
             exe-1067990 [000] ..... 1636892.790469: sys_fsync(fd: 5e7)
             exe-1067990 [000] ..... 1636892.790470: sys_fsync -> 0x0
             exe-1067990 [000] ..... 1636892.790471: sys_futex(uaddr: 7febaa293000, op: 1, val: 1, utime: 0, uaddr2: 0, val3: 0)
             exe-1067990 [000] ..... 1636892.790475: sys_futex -> 0x1
             exe-1067990 [000] ..... 1636892.790477: sys_futex(uaddr: 7febaa293000, op: 0, val: 0, utime: 0, uaddr2: 0, val3: 0)
             exe-1050289 [003] ..... 1636892.790480: sys_futex -> 0x0
             exe-1050289 [003] ..... 1636892.790483: sys_futex(uaddr: 7fd668a4d000, op: 1, val: 1, utime: 0, uaddr2: 0, val3: 0)
             exe-1049673 [002] ..... 1636892.790485: sys_nanosleep -> 0x0
             exe-1049673 [002] ..... 1636892.790487: sys_nanosleep(rqtp: c000069f10, rmtp: 0)
             exe-1050289 [003] ..... 1636892.790487: sys_futex -> 0x1
             exe-1050289 [003] ..... 1636892.790489: sys_futex(uaddr: 7fd668a4d000, op: 0, val: 1, utime: 0, uaddr2: 0, val3: 0)
             exe-1067990 [000] ..... 1636892.790491: sys_futex -> 0x0
             exe-1067990 [000] ..... 1636892.790498: sys_fsync(fd: 60c)
             exe-1067990 [000] ..... 1636892.790503: sys_fsync -> 0x0
             exe-1067990 [000] ..... 1636892.790504: sys_futex(uaddr: 7febaa293000, op: 1, val: 1, utime: 0, uaddr2: 0, val3: 0)
             exe-1067990 [000] ..... 1636892.790508: sys_futex -> 0x1
             exe-1067990 [000] ..... 1636892.790510: sys_futex(uaddr: 7febaa293000, op: 0, val: 0, utime: 0, uaddr2: 0, val3: 0)
             exe-1050289 [003] ..... 1636892.790513: sys_futex -> 0x0
             exe-1050289 [003] ..... 1636892.790516: sys_futex(uaddr: 7fd668a4d000, op: 1, val: 1, utime: 0, uaddr2: 0, val3: 0)
             exe-1050289 [003] ..... 1636892.790520: sys_futex -> 0x1
             exe-1050289 [003] ..... 1636892.790522: sys_futex(uaddr: 7fd668a4d000, op: 0, val: 1, utime: 0, uaddr2: 0, val3: 0)
             exe-1067990 [000] ..... 1636892.790524: sys_futex -> 0x0
             exe-1067990 [000] ..... 1636892.790531: sys_fsync(fd: 630)
             exe-1067990 [000] ..... 1636892.790532: sys_fsync -> 0x0
             exe-1067990 [000] ..... 1636892.790533: sys_futex(uaddr: 7febaa293000, op: 1, val: 1, utime: 0, uaddr2: 0, val3: 0)
             exe-1067990 [000] ..... 1636892.790537: sys_futex -> 0x1
             exe-1067990 [000] ..... 1636892.790538: sys_futex(uaddr: 7febaa293000, op: 0, val: 0, utime: 0, uaddr2: 0, val3: 0)
             exe-1050289 [003] ..... 1636892.790542: sys_futex -> 0x0
             exe-1050289 [003] ..... 1636892.790545: sys_futex(uaddr: 7fd668a4d000, op: 1, val: 1, utime: 0, uaddr2: 0, val3: 0)
             exe-1050289 [003] ..... 1636892.790549: sys_futex -> 0x1
             exe-1050289 [003] ..... 1636892.790551: sys_futex(uaddr: 7fd668a4d000, op: 0, val: 1, utime: 0, uaddr2: 0, val3: 0)
             exe-1067990 [000] ..... 1636892.790553: sys_futex -> 0x0
             exe-1067990 [000] ..... 1636892.790563: sys_fsync(fd: 1cc)
             exe-1067990 [000] ..... 1636892.790564: sys_fsync -> 0x0
             exe-1067990 [000] ..... 1636892.790565: sys_futex(uaddr: 7febaa293000, op: 1, val: 1, utime: 0, uaddr2: 0, val3: 0)
             exe-1067990 [000] ..... 1636892.790569: sys_futex -> 0x1
             exe-1067990 [000] ..... 1636892.790570: sys_futex(uaddr: 7febaa293000, op: 0, val: 0, utime: 0, uaddr2: 0, val3: 0)
             exe-1049673 [002] ..... 1636892.790571: sys_nanosleep -> 0x0
             exe-1049673 [002] ..... 1636892.790573: sys_nanosleep(rqtp: c000069f10, rmtp: 0)
             exe-1050289 [003] ..... 1636892.790574: sys_futex -> 0x0
             exe-1050289 [003] ..... 1636892.790577: sys_futex(uaddr: 7fd668a4d000, op: 1, val: 1, utime: 0, uaddr2: 0, val3: 0)
             exe-1050289 [003] ..... 1636892.790581: sys_futex -> 0x1
             exe-1050289 [003] ..... 1636892.790583: sys_futex(uaddr: 7fd668a4d000, op: 0, val: 1, utime: 0, uaddr2: 0, val3: 0)
             exe-1067990 [000] ..... 1636892.790585: sys_futex -> 0x0
             exe-1067990 [000] ..... 1636892.790592: sys_fsync(fd: 1d4)
             exe-1067990 [000] ..... 1636892.790593: sys_fsync -> 0x0
             exe-1067990 [000] ..... 1636892.790594: sys_futex(uaddr: 7febaa293000, op: 1, val: 1, utime: 0, uaddr2: 0, val3: 0)
             exe-1067990 [000] ..... 1636892.790598: sys_futex -> 0x1
             exe-1067990 [000] ..... 1636892.790599: sys_futex(uaddr: 7febaa293000, op: 0, val: 0, utime: 0, uaddr2: 0, val3: 0)
             exe-1050289 [003] ..... 1636892.790603: sys_futex -> 0x0
             exe-1050289 [003] ..... 1636892.790611: sys_futex(uaddr: 7fd668a4d000, op: 1, val: 1, utime: 0, uaddr2: 0, val3: 0)
             exe-1050289 [003] ..... 1636892.790615: sys_futex -> 0x1
             exe-1050289 [003] ..... 1636892.790616: sys_futex(uaddr: 7fd668a4d000, op: 0, val: 1, utime: 0, uaddr2: 0, val3: 0)
             exe-1067990 [000] ..... 1636892.790620: sys_futex -> 0x0
             exe-1067990 [000] ..... 1636892.790622: sys_fsync(fd: 221)
             exe-1067990 [000] ..... 1636892.790623: sys_fsync -> 0x0
             exe-1067990 [000] ..... 1636892.790625: sys_futex(uaddr: 7febaa293000, op: 1, val: 1, utime: 0, uaddr2: 0, val3: 0)
             exe-1067990 [000] ..... 1636892.790628: sys_futex -> 0x1
             exe-1067990 [000] ..... 1636892.790630: sys_futex(uaddr: 7febaa293000, op: 0, val: 0, utime: 0, uaddr2: 0, val3: 0)
             exe-1050289 [003] ..... 1636892.790633: sys_futex -> 0x0
             exe-1050289 [003] ..... 1636892.790636: sys_futex(uaddr: 7fd668a4d000, op: 1, val: 1, utime: 0, uaddr2: 0, val3: 0)
             exe-1050289 [003] ..... 1636892.790641: sys_futex -> 0x1
             exe-1050289 [003] ..... 1636892.790642: sys_futex(uaddr: 7fd668a4d000, op: 0, val: 1, utime: 0, uaddr2: 0, val3: 0)
             exe-1067990 [000] ..... 1636892.790648: sys_futex -> 0x0
             exe-1067990 [000] ..... 1636892.790651: sys_fsync(fd: 22f)
             exe-1067990 [000] ..... 1636892.790652: sys_fsync -> 0x0
             exe-1067990 [000] ..... 1636892.790654: sys_futex(uaddr: 7febaa293000, op: 1, val: 1, utime: 0, uaddr2: 0, val3: 0)
             exe-1049673 [002] ..... 1636892.790657: sys_nanosleep -> 0x0
             exe-1067990 [000] ..... 1636892.790658: sys_futex -> 0x1
             exe-1049673 [002] ..... 1636892.790659: sys_nanosleep(rqtp: c000069f10, rmtp: 0)
             exe-1067990 [000] ..... 1636892.790659: sys_futex(uaddr: 7febaa293000, op: 0, val: 0, utime: 0, uaddr2: 0, val3: 0)
             exe-1050289 [003] ..... 1636892.790662: sys_futex -> 0x0
             exe-1050289 [003] ..... 1636892.790666: sys_futex(uaddr: 7fd668a4d000, op: 1, val: 1, utime: 0, uaddr2: 0, val3: 0)
             exe-1050289 [003] ..... 1636892.790670: sys_futex -> 0x1
             exe-1050289 [003] ..... 1636892.790671: sys_futex(uaddr: 7fd668a4d000, op: 0, val: 1, utime: 0, uaddr2: 0, val3: 0)
             exe-1067990 [000] ..... 1636892.790674: sys_futex -> 0x0
             exe-1067990 [000] ..... 1636892.790676: sys_fsync(fd: 955)
             exe-1067990 [000] ..... 1636892.790682: sys_fsync -> 0x0
             exe-1067990 [000] ..... 1636892.790684: sys_futex(uaddr: 7febaa293000, op: 1, val: 1, utime: 0, uaddr2: 0, val3: 0)
             exe-1067990 [000] ..... 1636892.790687: sys_futex -> 0x1
             exe-1067990 [000] ..... 1636892.790689: sys_futex(uaddr: 7febaa293000, op: 0, val: 0, utime: 0, uaddr2: 0, val3: 0)
             exe-1050289 [003] ..... 1636892.790692: sys_futex -> 0x0
