             exe-1050289 [003] ..... 1636892.777254: sys_futex(uaddr: 7fd66a44d000, op: 0, val: 1, utime: 0, uaddr2: 0, val3: 0)
             exe-1049673 [002] ..... 1636892.777265: sys_nanosleep -> 0x0
             exe-1049673 [002] ..... 1636892.777267: sys_futex(uaddr: c000482148, op: 81, val: 1, utime: 0, uaddr2: 0, val3: 0)
             exe-1049673 [002] ..... 1636892.777272: sys_futex -> 0x1
             exe-1049673 [002] ..... 1636892.777273: sys_nanosleep(rqtp: c000069f10, rmtp: 0)
             exe-1050525 [002] ..... 1636892.777280: sys_futex -> 0x0
           <...>-1049716 [003] ..... 1636892.777281: sys_futex -> 0x0
             exe-1050525 [002] ..... 1636892.777284: sys_fsync(fd: 6c8)
             exe-1050525 [002] ..... 1636892.777286: sys_fsync -> 0x0
           <...>-1049716 [003] ..... 1636892.777287: sys_futex(uaddr: c000482148, op: 80, val: 0, utime: 0, uaddr2: 0, val3: 0)
             exe-1050525 [002] ..... 1636892.777288: sys_futex(uaddr: 7febabcd3000, op: 1, val: 1, utime: 0, uaddr2: 0, val3: 0)
             exe-1050525 [002] ..... 1636892.777293: sys_futex -> 0x1
             exe-1050525 [002] ..... 1636892.777294: sys_futex(uaddr: 7febabcd3000, op: 0, val: 0, utime: 0, uaddr2: 0, val3: 0)
             exe-1050289 [003] ..... 1636892.777304: sys_futex -> 0x0
             exe-1050289 [003] ..... 1636892.777312: sys_futex(uaddr: 7fd66a44d000, op: 1, val: 1, utime: 0, uaddr2: 0, val3: 0)
             exe-1050289 [003] ..... 1636892.777321: sys_futex -> 0x1
             exe-1050289 [003] ..... 1636892.777323: sys_futex(uaddr: 7fd66a44d000, op: 0, val: 1, utime: 0, uaddr2: 0, val3: 0)
             exe-1050525 [002] ..... 1636892.777324: sys_futex -> 0x0
             exe-1050525 [002] ..... 1636892.777334: sys_fsync(fd: 586)
             exe-1050525 [002] ..... 1636892.777339: sys_fsync -> 0x0
             exe-1050525 [002] ..... 1636892.777342: sys_futex(uaddr: 7febabcd3000, op: 1, val: 1, utime: 0, uaddr2: 0, val3: 0)
             exe-1050289 [003] ..... 1636892.777354: sys_futex -> 0x0
             exe-1050525 [002] ..... 1636892.777357: sys_futex -> 0x1
             exe-1050289 [003] ..... 1636892.777358: sys_futex(uaddr: 7fd66a44d000, op: 1, val: 1, utime: 0, uaddr2: 0, val3: 0)
             exe-1050289 [003] ..... 1636892.777359: sys_futex -> 0x0
             exe-1050525 [002] ..... 1636892.777360: sys_fsync(fd: 823)
             exe-1050289 [003] ..... 1636892.777360: sys_futex(uaddr: 7fd66a44d000, op: 0, val: 1, utime: 0, uaddr2: 0, val3: 0)
             exe-1050525 [002] ..... 1636892.777361: sys_fsync -> 0x0
             exe-1050525 [002] ..... 1636892.777363: sys_futex(uaddr: 7febabcd3000, op: 1, val: 1, utime: 0, uaddr2: 0, val3: 0)
             exe-1050525 [002] ..... 1636892.777367: sys_futex -> 0x1
             exe-1050525 [002] ..... 1636892.777369: sys_futex(uaddr: 7febabcd3000, op: 0, val: 0, utime: 0, uaddr2: 0, val3: 0)
             exe-1050289 [003] ..... 1636892.777371: sys_futex -> 0x0
             exe-1049673 [002] ..... 1636892.777372: sys_nanosleep -> 0x0
             exe-1050289 [003] ..... 1636892.777374: sys_futex(uaddr: 7fd66a44d000, op: 1, val: 1, utime: 0, uaddr2: 0, val3: 0)
             exe-1049673 [002] ..... 1636892.777375: sys_futex(uaddr: c000482148, op: 81, val: 1, utime: 0, uaddr2: 0, val3: 0)
             exe-1050289 [003] .N... 1636892.777382: sys_futex -> 0x1
             exe-1049673 [002] ..... 1636892.777382: sys_futex -> 0x1
             exe-1049673 [002] ..... 1636892.777384: sys_nanosleep(rqtp: c000069f10, rmtp: 0)
           <...>-1049716 [003] ..... 1636892.777389: sys_futex -> 0x0
             exe-1050525 [002] ..... 1636892.777391: sys_futex -> 0x0
             exe-1050525 [002] ..... 1636892.777395: sys_fsync(fd: 825)
           <...>-1049716 [003] ..... 1636892.777396: sys_futex(uaddr: c000482148, op: 80, val: 0, utime: 0, uaddr2: 0, val3: 0)
             exe-1050525 [002] ..... 1636892.777400: sys_fsync -> 0x0
             exe-1050525 [002] ..... 1636892.777402: sys_futex(uaddr: 7febabcd3000, op: 1, val: 1, utime: 0, uaddr2: 0, val3: 0)
             exe-1050525 [002] ..... 1636892.777403: sys_futex -> 0x0
             exe-1050525 [002] ..... 1636892.777405: sys_futex(uaddr: 7febabcd3000, op: 0, val: 0, utime: 0, uaddr2: 0, val3: 0)
             exe-1050289 [003] ..... 1636892.777413: sys_futex(uaddr: 7fd66a44d000, op: 1, val: 1, utime: 0, uaddr2: 0, val3: 0)
             exe-1050289 [003] ..... 1636892.777421: sys_futex -> 0x1
             exe-1050289 [003] ..... 1636892.777424: sys_futex(uaddr: 7fd66a44d000, op: 0, val: 1, utime: 0, uaddr2: 0, val3: 0)
             exe-1050525 [002] ..... 1636892.777425: sys_futex -> 0x0
             exe-1050525 [002] ..... 1636892.777434: sys_fsync(fd: aa3)
             exe-1050525 [002] ..... 1636892.777436: sys_fsync -> 0x0
             exe-1050525 [002] ..... 1636892.777438: sys_futex(uaddr: 7febabcd3000, op: 1, val: 1, utime: 0, uaddr2: 0, val3: 0)
             exe-1050525 [002] ..... 1636892.777442: sys_futex -> 0x1
             exe-1050525 [002] ..... 1636892.777444: sys_futex(uaddr: 7febabcd3000, op: 0, val: 0, utime: 0, uaddr2: 0, val3: 0)
             exe-1050289 [003] ..... 1636892.777449: sys_futex -> 0x0
             exe-1050289 [003] ..... 1636892.777453: sys_futex(uaddr: 7fd66a44d000, op: 1, val: 1, utime: 0, uaddr2: 0, val3: 0)
             exe-1050289 [003] ..... 1636892.777458: sys_futex -> 0x1
             exe-1050289 [003] ..... 1636892.777459: sys_futex(uaddr: 7fd66a44d000, op: 0, val: 1, utime: 0, uaddr2: 0, val3: 0)
             exe-1049673 [002] ..... 1636892.777473: sys_nanosleep -> 0x0
             exe-1049673 [002] ..... 1636892.777478: sys_futex(uaddr: c000482148, op: 81, val: 1, utime: 0, uaddr2: 0, val3: 0)
             exe-1049673 [002] ..... 1636892.777482: sys_futex -> 0x1
             exe-1049673 [002] ..... 1636892.777484: sys_nanosleep(rqtp: c000069f10, rmtp: 0)
             exe-1050525 [002] ..... 1636892.777490: sys_futex -> 0x0
           <...>-1049716 [003] ..... 1636892.777491: sys_futex -> 0x0
             exe-1050525 [002] ..... 1636892.777495: sys_fsync(fd: ae5)
           <...>-1049716 [003] ..... 1636892.777498: sys_futex(uaddr: c000482148, op: 80, val: 0, utime: 0, uaddr2: 0, val3: 0)
             exe-1050525 [002] ..... 1636892.777505: sys_fsync -> 0x0
             exe-1050525 [002] ..... 1636892.777507: sys_futex(uaddr: 7febabcd3000, op: 1, val: 1, utime: 0, uaddr2: 0, val3: 0)
             exe-1050525 [002] ..... 1636892.777511: sys_futex -> 0x1
             exe-1050525 [002] ..... 1636892.777513: sys_futex(uaddr: 7febabcd3000, op: 0, val: 0, utime: 0, uaddr2: 0, val3: 0)
             exe-1050289 [003] ..... 1636892.777524: sys_futex -> 0x0
             exe-1050289 [003] ..... 1636892.777542: sys_futex(uaddr: 7fd66a44d000, op: 1, val: 1, utime: 0, uaddr2: 0, val3: 0)
             exe-1050289 [003] ..... 1636892.777549: sys_futex -> 0x1
             exe-1050289 [003] ..... 1636892.777551: sys_futex(uaddr: 7fd66a44d000, op: 0, val: 1, utime: 0, uaddr2: 0, val3: 0)
             exe-1050525 [002] ..... 1636892.777554: sys_futex -> 0x0
             exe-1050525 [002] ..... 1636892.777580: sys_fsync(fd: 76)
             exe-1050525 [002] ..... 1636892.777582: sys_fsync -> 0x0
             exe-1050525 [002] ..... 1636892.777584: sys_futex(uaddr: 7febabcd3000, op: 1, val: 1, utime: 0, uaddr2: 0, val3: 0)
             exe-1050525 [002] ..... 1636892.777614: sys_futex -> 0x1
             exe-1050525 [002] ..... 1636892.777616: sys_futex(uaddr: 7febabcd3000, op: 0, val: 0, utime: 0, uaddr2: 0, val3: 0)
             exe-1050289 [003] ..... 1636892.777620: sys_futex -> 0x0
             exe-1049673 [002] ..... 1636892.777620: sys_nanosleep -> 0x0
             exe-1049673 [002] ..... 1636892.777623: sys_futex(uaddr: c000482148, op: 81, val: 1, utime: 0, uaddr2: 0, val3: 0)
             exe-1049673 [002] ..... 1636892.777627: sys_futex -> 0x1
             exe-1049673 [002] ..... 1636892.777629: sys_nanosleep(rqtp: c000069f10, rmtp: 0)
           <...>-1049716 [003] ..... 1636892.777640: sys_futex -> 0x0
           <...>-1049716 [003] ..... 1636892.777647: sys_futex(uaddr: c000482148, op: 80, val: 0, utime: 0, uaddr2: 0, val3: 0)
             exe-1049567 [000] ..... 1636892.777656: sys_nanosleep -> 0x0
             exe-1049567 [000] ..... 1636892.777661: sys_getpid()
             exe-1049567 [000] ..... 1636892.777662: sys_getpid -> 0x1003ce
             exe-1049567 [000] ..... 1636892.777664: sys_tgkill(tgid: 1003ce, pid: 1006b1, sig: 17)
             exe-1050289 [003] ..... 1636892.777664: sys_futex(uaddr: 7fd66a44d000, op: 1, val: 1, utime: 0, uaddr2: 0, val3: 0)
             exe-1049567 [000] ..... 1636892.777674: sys_tgkill -> 0x0
             exe-1049567 [000] ..... 1636892.777676: sys_nanosleep(rqtp: c000069f10, rmtp: 0)
             exe-1050525 [002] ..... 1636892.777678: sys_futex -> 0x0
             exe-1050289 [003] ..... 1636892.777679: sys_futex -> 0x1
             exe-1050289 [003] ..... 1636892.777688: sys_rt_sigreturn()
             exe-1050525 [002] ..... 1636892.777689: sys_fsync(fd: 4a6)
             exe-1050289 [003] ..... 1636892.777691: sys_futex(uaddr: 7fd66a44d000, op: 0, val: 1, utime: 0, uaddr2: 0, val3: 0)
             exe-1050525 [002] ..... 1636892.777695: sys_fsync -> 0x0
             exe-1050525 [002] ..... 1636892.777697: sys_futex(uaddr: 7febabcd3000, op: 1, val: 1, utime: 0, uaddr2: 0, val3: 0)
             exe-1050289 [003] ..... 1636892.777710: sys_futex -> 0x0
             exe-1050525 [002] ..... 1636892.777713: sys_futex -> 0x1
             exe-1050525 [002] ..... 1636892.777714: sys_futex(uaddr: 7febabcd3000, op: 0, val: 0, utime: 0, uaddr2: 0, val3: 0)
             exe-1050525 [002] ..... 1636892.777715: sys_futex -> 0xfffffffffffffff5
             exe-1050289 [003] ..... 1636892.777716: sys_futex(uaddr: 7fd66a44d000, op: 1, val: 1, utime: 0, uaddr2: 0, val3: 0)
             exe-1050289 [003] ..... 1636892.777716: sys_futex -> 0x0
             exe-1050289 [003] ..... 1636892.777718: sys_futex(uaddr: 7fd66a44d000, op: 0, val: 1, utime: 0, uaddr2: 0, val3: 0)
             exe-1050525 [002] ..... 1636892.777718: sys_fsync(fd: 107)
             exe-1050525 [002] ..... 1636892.777720: sys_fsync -> 0x0
             exe-1050525 [002] ..... 1636892.777722: sys_futex(uaddr: 7febabcd3000, op: 1, val: 1, utime: 0, uaddr2: 0, val3: 0)
             exe-1050525 [002] ..... 1636892.777726: sys_futex -> 0x1
             exe-1050525 [002] ..... 1636892.777727: sys_futex(uaddr: 7febabcd3000, op: 0, val: 0, utime: 0, uaddr2: 0, val3: 0)
             exe-1050289 [003] ..... 1636892.777730: sys_futex -> 0x0
             exe-1049673 [002] ..... 1636892.777731: sys_nanosleep -> 0x0
             exe-1050289 [003] ..... 1636892.777733: sys_futex(uaddr: 7fd66a44d000, op: 1, val: 1, utime: 0, uaddr2: 0, val3: 0)
             exe-1049673 [002] ..... 1636892.777733: sys_futex(uaddr: c000482148, op: 81, val: 1, utime: 0, uaddr2: 0, val3: 0)
             exe-1049673 [002] ..... 1636892.777741: sys_futex -> 0x1
             exe-1050289 [003] .N... 1636892.777741: sys_futex -> 0x1
             exe-1049673 [002] ..... 1636892.777742: sys_nanosleep(rqtp: c000069f10, rmtp: 0)
           <...>-1049716 [003] ..... 1636892.777748: sys_futex -> 0x0
             exe-1050525 [002] ..... 1636892.777749: sys_futex -> 0x0
             exe-1050525 [002] ..... 1636892.777753: sys_fsync(fd: 48e)
             exe-1050525 [002] ..... 1636892.777755: sys_fsync -> 0x0
           <...>-1049716 [003] ..... 1636892.777755: sys_futex(uaddr: c000482148, op: 80, val: 0, utime: 0, uaddr2: 0, val3: 0)
             exe-1050525 [002] ..... 1636892.777757: sys_futex(uaddr: 7febabcd3000, op: 1, val: 1, utime: 0, uaddr2: 0, val3: 0)
             exe-1050525 [002] ..... 1636892.777757: sys_futex -> 0x0
             exe-1050525 [002] ..... 1636892.777759: sys_futex(uaddr: 7febabcd3000, op: 0, val: 0, utime: 0, uaddr2: 0, val3: 0)
             exe-1050289 [003] ..... 1636892.777773: sys_futex(uaddr: 7fd66a44d000, op: 1, val: 1, utime: 0, uaddr2: 0, val3: 0)
             exe-1050289 [003] ..... 1636892.777781: sys_futex -> 0x1
             exe-1050289 [003] ..... 1636892.777784: sys_futex(uaddr: 7fd66a44d000, op: 0, val: 1, utime: 0, uaddr2: 0, val3: 0)
             exe-1050525 [002] ..... 1636892.777785: sys_futex -> 0x0
             exe-1050525 [002] ..... 1636892.777794: sys_fsync(fd: 274)
             exe-1050525 [002] ..... 1636892.777804: sys_fsync -> 0x0
             exe-1050525 [002] ..... 1636892.777806: sys_futex(uaddr: 7febabcd3000, op: 1, val: 1, utime: 0, uaddr2: 0, val3: 0)
             exe-1050525 [002] ..... 1636892.777811: sys_futex -> 0x1
             exe-1050525 [002] ..... 1636892.777812: sys_futex(uaddr: 7febabcd3000, op: 0, val: 0, utime: 0, uaddr2: 0, val3: 0)
             exe-1050289 [003] ..... 1636892.777818: sys_futex -> 0x0
             exe-1050289 [003] ..... 1636892.777822: sys_futex(uaddr: 7fd66a44d000, op: 1, val: 1, utime: 0, uaddr2: 0, val3: 0)
             exe-1050289 [003] ..... 1636892.777829: sys_futex -> 0x1
             exe-1050289 [003] ..... 1636892.777831: sys_futex(uaddr: 7fd66a44d000, op: 0, val: 1, utime: 0, uaddr2: 0, val3: 0)
             exe-1049673 [002] ..... 1636892.777831: sys_nanosleep -> 0x0
             exe-1049673 [002] ..... 1636892.777833: sys_futex(uaddr: c000482148, op: 81, val: 1, utime: 0, uaddr2: 0, val3: 0)
             exe-1049673 [002] ..... 1636892.777837: sys_futex -> 0x1
             exe-1049673 [002] ..... 1636892.777839: sys_nanosleep(rqtp: c000069f10, rmtp: 0)
             exe-1050525 [002] ..... 1636892.777846: sys_futex -> 0x0
           <...>-1049716 [003] ..... 1636892.777847: sys_futex -> 0x0
           <...>-1049716 [003] ..... 1636892.777853: sys_futex(uaddr: c000482148, op: 80, val: 0, utime: 0, uaddr2: 0, val3: 0)
             exe-1050525 [002] ..... 1636892.777855: sys_fsync(fd: 33e)
             exe-1050525 [002] ..... 1636892.777864: sys_fsync -> 0x0
             exe-1050525 [002] ..... 1636892.777867: sys_futex(uaddr: 7febabcd3000, op: 1, val: 1, utime: 0, uaddr2: 0, val3: 0)
             exe-1050525 [002] ..... 1636892.777871: sys_futex -> 0x1
             exe-1050525 [002] ..... 1636892.777872: sys_futex(uaddr: 7febabcd3000, op: 0, val: 0, utime: 0, uaddr2: 0, val3: 0)
             exe-1050289 [003] ..... 1636892.777883: sys_futex -> 0x0
             exe-1050289 [003] ..... 1636892.777892: sys_futex(uaddr: 7fd66a44d000, op: 1, val: 1, utime: 0, uaddr2: 0, val3: 0)
             exe-1050289 [003] ..... 1636892.777899: sys_futex -> 0x1
             exe-1050289 [003] ..... 1636892.777901: sys_futex(uaddr: 7fd66a44d000, op: 0, val: 1, utime: 0, uaddr2: 0, val3: 0)
             exe-1050525 [002] ..... 1636892.777903: sys_futex -> 0x0
             exe-1050525 [002] ..... 1636892.777907: sys_fsync(fd: 6a4)
             exe-1050525 [002] ..... 1636892.777908: sys_fsync -> 0x0
             exe-1050525 [002] ..... 1636892.777922: sys_futex(uaddr: 7febabcd3000, op: 1, val: 1, utime: 0, uaddr2: 0, val3: 0)
             exe-1050525 [002] ..... 1636892.777926: sys_futex -> 0x1
             exe-1050525 [002] ..... 1636892.777928: sys_futex(uaddr: 7febabcd3000, op: 0, val: 0, utime: 0, uaddr2: 0, val3: 0)
             exe-1049673 [002] ..... 1636892.777931: sys_nanosleep -> 0x0
             exe-1050289 [003] ..... 1636892.777933: sys_futex -> 0x0
             exe-1049673 [002] ..... 1636892.777934: sys_futex(uaddr: c000482148, op: 81, val: 1, utime: 0, uaddr2: 0, val3: 0)
             exe-1050289 [003] ..... 1636892.777936: sys_futex(uaddr: 7fd66a44d000, op: 1, val: 1, utime: 0, uaddr2: 0, val3: 0)
             exe-1049673 [002] ..... 1636892.777938: sys_futex -> 0x1
             exe-1049673 [002] ..... 1636892.777940: sys_nanosleep(rqtp: c000069f10, rmtp: 0)
             exe-1050289 [003] .N... 1636892.777945: sys_futex -> 0x1
             exe-1050525 [002] ..... 1636892.777951: sys_futex -> 0x0
           <...>-1049716 [003] ..... 1636892.777952: sys_futex -> 0x0
             exe-1050525 [002] ..... 1636892.777965: sys_fsync(fd: 2bb)
             exe-1050525 [002] ..... 1636892.777966: sys_fsync -> 0x0
             exe-1050525 [002] ..... 1636892.777968: sys_futex(uaddr: 7febabcd3000, op: 1, val: 1, utime: 0, uaddr2: 0, val3: 0)
             exe-1050525 [002] ..... 1636892.777969: sys_futex -> 0x0
           <...>-1049716 [003] ..... 1636892.777969: sys_futex(uaddr: c000482148, op: 80, val: 0, utime: 0, uaddr2: 0, val3: 0)
             exe-1050525 [002] ..... 1636892.777970: sys_futex(uaddr: 7febabcd3000, op: 0, val: 0, utime: 0, uaddr2: 0, val3: 0)
             exe-1050289 [003] ..... 1636892.777988: sys_futex(uaddr: 7fd66a44d000, op: 1, val: 1, utime: 0, uaddr2: 0, val3: 0)
             exe-1050289 [003] ..... 1636892.777996: sys_futex -> 0x1
             exe-1050289 [003] ..... 1636892.777998: sys_futex(uaddr: 7fd66a44d000, op: 0, val: 1, utime: 0, uaddr2: 0, val3: 0)
             exe-1050525 [002] ..... 1636892.778000: sys_futex -> 0x0
             exe-1050525 [002] ..... 1636892.778008: sys_fsync(fd: 36d)
             exe-1050525 [002] ..... 1636892.778009: sys_fsync -> 0x0
             exe-1050525 [002] ..... 1636892.778024: sys_futex(uaddr: 7febabcd3000, op: 1, val: 1, utime: 0, uaddr2: 0, val3: 0)
             exe-1050525 [002] ..... 1636892.778028: sys_futex -> 0x1
             exe-1050525 [002] ..... 1636892.778030: sys_futex(uaddr: 7febabcd3000, op: 0, val: 0, utime: 0, uaddr2: 0, val3: 0)
             exe-1049673 [002] ..... 1636892.778035: sys_nanosleep -> 0x0
             exe-1050289 [003] ..... 1636892.778036: sys_futex -> 0x0
             exe-1049673 [002] ..... 1636892.778037: sys_futex(uaddr: c000482148, op: 81, val: 1, utime: 0, uaddr2: 0, val3: 0)
             exe-1049673 [002] ..... 1636892.778041: sys_futex -> 0x1
             exe-1049673 [002] ..... 1636892.778043: sys_nanosleep(rqtp: c000069f10, rmtp: 0)
           <...>-1049716 [003] ..... 1636892.778051: sys_futex -> 0x0
           <...>-1049716 [003] ..... 1636892.778058: sys_futex(uaddr: c000482148, op: 80, val: 0, utime: 0, uaddr2: 0, val3: 0)
             exe-1050289 [003] ..... 1636892.778071: sys_futex(uaddr: 7fd66a44d000, op: 1, val: 1, utime: 0, uaddr2: 0, val3: 0)
             exe-1050289 [003] ..... 1636892.778081: sys_futex -> 0x1
             exe-1050289 [003] ..... 1636892.778083: sys_futex(uaddr: 7fd66a44d000, op: 0, val: 1, utime: 0, uaddr2: 0, val3: 0)
             exe-1050525 [002] ..... 1636892.778084: sys_futex -> 0x0
             exe-1050525 [002] ..... 1636892.778088: sys_fsync(fd: 772)
             exe-1050525 [002] ..... 1636892.778089: sys_fsync -> 0x0
             exe-1050525 [002] ..... 1636892.778091: sys_futex(uaddr: 7febabcd3000, op: 1, val: 1, utime: 0, uaddr2: 0, val3: 0)
             exe-1050525 [002] ..... 1636892.778096: sys_futex -> 0x1
             exe-1050525 [002] ..... 1636892.778097: sys_futex(uaddr: 7febabcd3000, op: 0, val: 0, utime: 0, uaddr2: 0, val3: 0)
             exe-1050289 [003] ..... 1636892.778102: sys_futex -> 0x0
             exe-1050289 [003] ..... 1636892.778107: sys_futex(uaddr: 7fd66a44d000, op: 1, val: 1, utime: 0, uaddr2: 0, val3: 0)
             exe-1050289 [003] ..... 1636892.778111: sys_futex -> 0x1
             exe-1050289 [003] ..... 1636892.778113: sys_futex(uaddr: 7fd66a44d000, op: 0, val: 1, utime: 0, uaddr2: 0, val3: 0)
             exe-1049673 [002] ..... 1636892.778130: sys_nanosleep -> 0x0
             exe-1049673 [002] ..... 1636892.778132: sys_futex(uaddr: c000482148, op: 81, val: 1, utime: 0, uaddr2: 0, val3: 0)
             exe-1049673 [002] ..... 1636892.778136: sys_futex -> 0x1
             exe-1049673 [002] ..... 1636892.778138: sys_nanosleep(rqtp: c000069f10, rmtp: 0)
             exe-1050525 [002] ..... 1636892.778144: sys_futex -> 0x0
           <...>-1049716 [003] ..... 1636892.778145: sys_futex -> 0x0
           <...>-1049716 [003] ..... 1636892.778152: sys_futex(uaddr: c000482148, op: 80, val: 0, utime: 0, uaddr2: 0, val3: 0)
             exe-1050525 [002] ..... 1636892.778157: sys_fsync(fd: 820)
             exe-1050525 [002] ..... 1636892.778159: sys_fsync -> 0x0
             exe-1050525 [002] ..... 1636892.778161: sys_futex(uaddr: 7febabcd3000, op: 1, val: 1, utime: 0, uaddr2: 0, val3: 0)
             exe-1050525 [002] ..... 1636892.778166: sys_futex -> 0x1
             exe-1050525 [002] ..... 1636892.778167: sys_futex(uaddr: 7febabcd3000, op: 0, val: 0, utime: 0, uaddr2: 0, val3: 0)
             exe-1050289 [003] ..... 1636892.778178: sys_futex -> 0x0
             exe-1050289 [003] ..... 1636892.778186: sys_futex(uaddr: 7fd66a44d000, op: 1, val: 1, utime: 0, uaddr2: 0, val3: 0)
             exe-1050289 [003] ..... 1636892.778193: sys_futex -> 0x1
             exe-1050289 [003] ..... 1636892.778195: sys_futex(uaddr: 7fd66a44d000, op: 0, val: 1, utime: 0, uaddr2: 0, val3: 0)
             exe-1050525 [002] ..... 1636892.778198: sys_futex -> 0x0
             exe-1050525 [002] ..... 1636892.778201: sys_fsync(fd: 2b0)
             exe-1050525 [002] ..... 1636892.778208: sys_fsync -> 0x0
             exe-1050525 [002] ..... 1636892.778223: sys_futex(uaddr: 7febabcd3000, op: 1, val: 1, utime: 0, uaddr2: 0, val3: 0)
             exe-1050525 [002] ..... 1636892.778227: sys_futex -> 0x1
             exe-1050525 [002] ..... 1636892.778229: sys_futex(uaddr: 7febabcd3000, op: 0, val: 0, utime: 0, uaddr2: 0, val3: 0)
             exe-1049673 [002] ..... 1636892.778232: sys_nanosleep -> 0x0
             exe-1050289 [003] ..... 1636892.778234: sys_futex -> 0x0
             exe-1049673 [002] ..... 1636892.778235: sys_futex(uaddr: c000482148, op: 81, val: 1, utime: 0, uaddr2: 0, val3: 0)
             exe-1050289 [003] ..... 1636892.778238: sys_futex(uaddr: 7fd66a44d000, op: 1, val: 1, utime: 0, uaddr2: 0, val3: 0)
             exe-1049673 [002] ..... 1636892.778239: sys_futex -> 0x1
             exe-1049673 [002] ..... 1636892.778241: sys_nanosleep(rqtp: c000069f10, rmtp: 0)
             exe-1050289 [003] .N... 1636892.778246: sys_futex -> 0x1
           <...>-1049716 [003] ..... 1636892.778253: sys_futex -> 0x0
             exe-1050525 [002] ..... 1636892.778257: sys_futex -> 0x0
           <...>-1049716 [003] ..... 1636892.778260: sys_futex(uaddr: c000482148, op: 80, val: 0, utime: 0, uaddr2: 0, val3: 0)
             exe-1050525 [002] ..... 1636892.778271: sys_fsync(fd: 7e3)
             exe-1050525 [002] ..... 1636892.778272: sys_fsync -> 0x0
             exe-1050289 [003] ..... 1636892.778274: sys_futex(uaddr: 7fd66a44d000, op: 0, val: 1, utime: 0, uaddr2: 0, val3: 0)
             exe-1050525 [002] ..... 1636892.778274: sys_futex(uaddr: 7febabcd3000, op: 1, val: 1, utime: 0, uaddr2: 0, val3: 0)
             exe-1050525 [002] ..... 1636892.778275: sys_futex -> 0x0
             exe-1050289 [003] ..... 1636892.778276: sys_futex -> 0xfffffffffffffff5
             exe-1050525 [002] ..... 1636892.778276: sys_futex(uaddr: 7febabcd3000, op: 0, val: 0, utime: 0, uaddr2: 0, val3: 0)
             exe-1050289 [003] ..... 1636892.778293: sys_futex(uaddr: 7fd66a44d000, op: 1, val: 1, utime: 0, uaddr2: 0, val3: 0)
             exe-1050289 [003] ..... 1636892.778299: sys_futex -> 0x1
             exe-1050289 [003] ..... 1636892.778301: sys_futex(uaddr: 7fd66a44d000, op: 0, val: 1, utime: 0, uaddr2: 0, val3: 0)
             exe-1050525 [002] ..... 1636892.778304: sys_futex -> 0x0
             exe-1050525 [002] ..... 1636892.778323: sys_fsync(fd: 1422)
             exe-1050525 [002] ..... 1636892.778325: sys_fsync -> 0x0
             exe-1050525 [002] ..... 1636892.778327: sys_futex(uaddr: 7febabcd3000, op: 1, val: 1, utime: 0, uaddr2: 0, val3: 0)
             exe-1050525 [002] ..... 1636892.778332: sys_futex -> 0x1
             exe-1050525 [002] ..... 1636892.778333: sys_futex(uaddr: 7febabcd3000, op: 0, val: 0, utime: 0, uaddr2: 0, val3: 0)
             exe-1049673 [002] ..... 1636892.778337: sys_nanosleep -> 0x0
             exe-1050289 [003] ..... 1636892.778339: sys_futex -> 0x0
             exe-1049673 [002] ..... 1636892.778339: sys_futex(uaddr: c000482148, op: 81, val: 1, utime: 0, uaddr2: 0, val3: 0)
             exe-1049673 [002] ..... 1636892.778344: sys_futex -> 0x1
             exe-1049673 [002] ..... 1636892.778345: sys_nanosleep(rqtp: c000069f10, rmtp: 0)
             exe-1050289 [003] .N... 1636892.778347: sys_futex(uaddr: 7fd66a44d000, op: 1, val: 1, utime: 0, uaddr2: 0, val3: 0)
             exe-1050289 [003] .N... 1636892.778352: sys_futex -> 0x1
             exe-1050525 [002] ..... 1636892.778356: sys_futex -> 0x0
           <...>-1049716 [003] ..... 1636892.778359: sys_futex -> 0x0
             exe-1050525 [002] ..... 1636892.778365: sys_fsync(fd: 1464)
           <...>-1049716 [003] ..... 1636892.778366: sys_futex(uaddr: c000482148, op: 80, val: 0, utime: 0, uaddr2: 0, val3: 0)
             exe-1050525 [002] ..... 1636892.778371: sys_fsync -> 0x0
             exe-1050525 [002] ..... 1636892.778373: sys_futex(uaddr: 7febabcd3000, op: 1, val: 1, utime: 0, uaddr2: 0, val3: 0)
             exe-1050525 [002] ..... 1636892.778374: sys_futex -> 0x0
             exe-1050525 [002] ..... 1636892.778375: sys_futex(uaddr: 7febabcd3000, op: 0, val: 0, utime: 0, uaddr2: 0, val3: 0)
             exe-1050289 [003] ..... 1636892.778384: sys_futex(uaddr: 7fd66a44d000, op: 1, val: 1, utime: 0, uaddr2: 0, val3: 0)
             exe-1050289 [003] ..... 1636892.778393: sys_futex -> 0x1
             exe-1050289 [003] ..... 1636892.778395: sys_futex(uaddr: 7fd66a44d000, op: 0, val: 1, utime: 0, uaddr2: 0, val3: 0)
             exe-1050525 [002] ..... 1636892.778396: sys_futex -> 0x0
             exe-1050525 [002] ..... 1636892.778405: sys_fsync(fd: 15e9)
             exe-1050525 [002] ..... 1636892.778407: sys_fsync -> 0x0
             exe-1050525 [002] ..... 1636892.778408: sys_futex(uaddr: 7febabcd3000, op: 1, val: 1, utime: 0, uaddr2: 0, val3: 0)
             exe-1050525 [002] ..... 1636892.778413: sys_futex -> 0x1
             exe-1050525 [002] ..... 1636892.778414: sys_futex(uaddr: 7febabcd3000, op: 0, val: 0, utime: 0, uaddr2: 0, val3: 0)
             exe-1050289 [003] ..... 1636892.778420: sys_futex -> 0x0
             exe-1050289 [003] ..... 1636892.778424: sys_futex(uaddr: 7fd66a44d000, op: 1, val: 1, utime: 0, uaddr2: 0, val3: 0)
             exe-1050289 [003] ..... 1636892.778428: sys_futex -> 0x1
             exe-1050289 [003] ..... 1636892.778430: sys_futex(uaddr: 7fd66a44d000, op: 0, val: 1, utime: 0, uaddr2: 0, val3: 0)
             exe-1049673 [002] ..... 1636892.778434: sys_nanosleep -> 0x0
             exe-1049673 [002] ..... 1636892.778436: sys_futex(uaddr: c000482148, op: 81, val: 1, utime: 0, uaddr2: 0, val3: 0)
             exe-1049673 [002] ..... 1636892.778440: sys_futex -> 0x1
             exe-1049673 [002] ..... 1636892.778442: sys_nanosleep(rqtp: c000069f10, rmtp: 0)
             exe-1050525 [002] ..... 1636892.778448: sys_futex -> 0x0
           <...>-1049716 [003] ..... 1636892.778450: sys_futex -> 0x0
           <...>-1049716 [003] ..... 1636892.778456: sys_futex(uaddr: c000482148, op: 80, val: 0, utime: 0, uaddr2: 0, val3: 0)
             exe-1050525 [002] ..... 1636892.778457: sys_fsync(fd: 354)
             exe-1050525 [002] ..... 1636892.778459: sys_fsync -> 0x0
             exe-1050525 [002] ..... 1636892.778461: sys_futex(uaddr: 7febabcd3000, op: 1, val: 1, utime: 0, uaddr2: 0, val3: 0)
             exe-1050525 [002] ..... 1636892.778462: sys_futex -> 0x1
             exe-1050525 [002] ..... 1636892.778464: sys_futex(uaddr: 7febabcd3000, op: 0, val: 0, utime: 0, uaddr2: 0, val3: 0)
             exe-1050289 [003] ..... 1636892.778472: sys_futex -> 0x0
             exe-1050289 [003] ..... 1636892.778480: sys_futex(uaddr: 7fd66a44d000, op: 1, val: 1, utime: 0, uaddr2: 0, val3: 0)
             exe-1050289 [003] ..... 1636892.778488: sys_futex -> 0x1
             exe-1050289 [003] ..... 1636892.778490: sys_futex(uaddr: 7fd66a44d000, op: 0, val: 1, utime: 0, uaddr2: 0, val3: 0)
             exe-1050525 [002] ..... 1636892.778492: sys_futex -> 0x0
             exe-1050525 [002] ..... 1636892.778500: sys_fsync(fd: 162a)
             exe-1050525 [002] ..... 1636892.778502: sys_fsync -> 0x0
             exe-1050525 [002] ..... 1636892.778504: sys_futex(uaddr: 7febabcd3000, op: 1, val: 1, utime: 0, uaddr2: 0, val3: 0)
             exe-1050525 [002] ..... 1636892.778508: sys_futex -> 0x1
             exe-1050525 [002] ..... 1636892.778510: sys_futex(uaddr: 7febabcd3000, op: 0, val: 0, utime: 0, uaddr2: 0, val3: 0)
             exe-1050289 [003] ..... 1636892.778515: sys_futex -> 0x0
             exe-1050289 [003] ..... 1636892.778519: sys_futex(uaddr: 7fd66a44d000, op: 1, val: 1, utime: 0, uaddr2: 0, val3: 0)
             exe-1050289 [003] ..... 1636892.778524: sys_futex -> 0x1
             exe-1050289 [003] ..... 1636892.778525: sys_futex(uaddr: 7fd66a44d000, op: 0, val: 1, utime: 0, uaddr2: 0, val3: 0)
             exe-1049673 [002] ..... 1636892.778529: sys_nanosleep -> 0x0
             exe-1049673 [002] ..... 1636892.778531: sys_futex(uaddr: c000482148, op: 81, val: 1, utime: 0, uaddr2: 0, val3: 0)
             exe-1049673 [002] ..... 1636892.778536: sys_futex -> 0x1
             exe-1049673 [002] ..... 1636892.778537: sys_nanosleep(rqtp: c000069f10, rmtp: 0)
             exe-1050525 [002] ..... 1636892.778544: sys_futex -> 0x0
           <...>-1049716 [003] ..... 1636892.778545: sys_futex -> 0x0
           <...>-1049716 [003] ..... 1636892.778551: sys_futex(uaddr: c000482148, op: 80, val: 0, utime: 0, uaddr2: 0, val3: 0)
             exe-1050525 [002] ..... 1636892.778552: sys_fsync(fd: 34e)
             exe-1050525 [002] ..... 1636892.778554: sys_fsync -> 0x0
             exe-1050525 [002] ..... 1636892.778556: sys_futex(uaddr: 7febabcd3000, op: 1, val: 1, utime: 0, uaddr2: 0, val3: 0)
             exe-1050525 [002] ..... 1636892.778557: sys_futex -> 0x1
             exe-1050525 [002] ..... 1636892.778559: sys_futex(uaddr: 7febabcd3000, op: 0, val: 0, utime: 0, uaddr2: 0, val3: 0)
             exe-1050289 [003] ..... 1636892.778567: sys_futex -> 0x0
             exe-1050289 [003] ..... 1636892.778575: sys_futex(uaddr: 7fd66a44d000, op: 1, val: 1, utime: 0, uaddr2: 0, val3: 0)
             exe-1050289 [003] ..... 1636892.778584: sys_futex -> 0x1
             exe-1050289 [003] ..... 1636892.778585: sys_futex(uaddr: 7fd66a44d000, op: 0, val: 1, utime: 0, uaddr2: 0, val3: 0)
             exe-1050525 [002] ..... 1636892.778587: sys_futex -> 0x0
             exe-1050525 [002] ..... 1636892.778596: sys_fsync(fd: 412)
             exe-1050525 [002] ..... 1636892.778597: sys_fsync -> 0x0
             exe-1050525 [002] ..... 1636892.778599: sys_futex(uaddr: 7febabcd3000, op: 1, val: 1, utime: 0, uaddr2: 0, val3: 0)
             exe-1050525 [002] ..... 1636892.778603: sys_futex -> 0x1
             exe-1050525 [002] ..... 1636892.778605: sys_futex(uaddr: 7febabcd3000, op: 0, val: 0, utime: 0, uaddr2: 0, val3: 0)
             exe-1050289 [003] ..... 1636892.778610: sys_futex -> 0x0
             exe-1050289 [003] ..... 1636892.778614: sys_futex(uaddr: 7fd66a44d000, op: 1, val: 1, utime: 0, uaddr2: 0, val3: 0)
             exe-1050289 [003] ..... 1636892.778618: sys_futex -> 0x1
             exe-1050289 [003] ..... 1636892.778620: sys_futex(uaddr: 7fd66a44d000, op: 0, val: 1, utime: 0, uaddr2: 0, val3: 0)
             exe-1049673 [002] ..... 1636892.778626: sys_nanosleep -> 0x0
             exe-1049673 [002] ..... 1636892.778628: sys_futex(uaddr: c000482148, op: 81, val: 1, utime: 0, uaddr2: 0, val3: 0)
             exe-1049673 [002] ..... 1636892.778632: sys_futex -> 0x1
             exe-1049673 [002] ..... 1636892.778634: sys_nanosleep(rqtp: c000069f10, rmtp: 0)
             exe-1050525 [002] ..... 1636892.778640: sys_futex -> 0x0
           <...>-1049716 [003] ..... 1636892.778641: sys_futex -> 0x0
           <...>-1049716 [003] ..... 1636892.778648: sys_futex(uaddr: c000482148, op: 80, val: 0, utime: 0, uaddr2: 0, val3: 0)
             exe-1050525 [002] ..... 1636892.778649: sys_fsync(fd: 237)
             exe-1050525 [002] ..... 1636892.778651: sys_fsync -> 0x0
             exe-1050525 [002] ..... 1636892.778652: sys_futex(uaddr: 7febabcd3000, op: 1, val: 1, utime: 0, uaddr2: 0, val3: 0)
             exe-1050525 [002] ..... 1636892.778654: sys_futex -> 0x1
             exe-1050525 [002] ..... 1636892.778655: sys_futex(uaddr: 7febabcd3000, op: 0, val: 0, utime: 0, uaddr2: 0, val3: 0)
             exe-1050289 [003] ..... 1636892.778664: sys_futex -> 0x0
             exe-1050289 [003] ..... 1636892.778672: sys_futex(uaddr: 7fd66a44d000, op: 1, val: 1, utime: 0, uaddr2: 0, val3: 0)
             exe-1050289 [003] ..... 1636892.778680: sys_futex -> 0x1
             exe-1050289 [003] ..... 1636892.778682: sys_futex(uaddr: 7fd66a44d000, op: 0, val: 1, utime: 0, uaddr2: 0, val3: 0)
             exe-1050525 [002] ..... 1636892.778684: sys_futex -> 0x0
             exe-1050525 [002] ..... 1636892.778692: sys_fsync(fd: 1582)
             exe-1050525 [002] ..... 1636892.778693: sys_fsync -> 0x0
             exe-1050525 [002] ..... 1636892.778695: sys_futex(uaddr: 7febabcd3000, op: 1, val: 1, utime: 0, uaddr2: 0, val3: 0)
             exe-1050525 [002] ..... 1636892.778699: sys_futex -> 0x1
             exe-1050525 [002] ..... 1636892.778701: sys_futex(uaddr: 7febabcd3000, op: 0, val: 0, utime: 0, uaddr2: 0, val3: 0)
             exe-1050289 [003] ..... 1636892.778706: sys_futex -> 0x0
             exe-1050289 [003] ..... 1636892.778710: sys_futex(uaddr: 7fd66a44d000, op: 1, val: 1, utime: 0, uaddr2: 0, val3: 0)
             exe-1050289 [003] ..... 1636892.778714: sys_futex -> 0x1
             exe-1050289 [003] ..... 1636892.778716: sys_futex(uaddr: 7fd66a44d000, op: 0, val: 1, utime: 0, uaddr2: 0, val3: 0)
             exe-1049673 [002] ..... 1636892.778726: sys_nanosleep -> 0x0
             exe-1049673 [002] ..... 1636892.778729: sys_futex(uaddr: c000482148, op: 81, val: 1, utime: 0, uaddr2: 0, val3: 0)
             exe-1049673 [002] ..... 1636892.778733: sys_futex -> 0x1
             exe-1049673 [002] ..... 1636892.778734: sys_nanosleep(rqtp: c000069f10, rmtp: 0)
             exe-1050525 [002] ..... 1636892.778741: sys_futex -> 0x0
           <...>-1049716 [003] ..... 1636892.778742: sys_futex -> 0x0
             exe-1050525 [002] ..... 1636892.778745: sys_fsync(fd: 2c8)
             exe-1050525 [002] ..... 1636892.778758: sys_fsync -> 0x0
           <...>-1049716 [003] ..... 1636892.778759: sys_futex(uaddr: c000482148, op: 80, val: 0, utime: 0, uaddr2: 0, val3: 0)
             exe-1050525 [002] ..... 1636892.778759: sys_futex(uaddr: 7febabcd3000, op: 1, val: 1, utime: 0, uaddr2: 0, val3: 0)
             exe-1050525 [002] ..... 1636892.778764: sys_futex -> 0x1
             exe-1050525 [002] ..... 1636892.778766: sys_futex(uaddr: 7febabcd3000, op: 0, val: 0, utime: 0, uaddr2: 0, val3: 0)
             exe-1050289 [003] ..... 1636892.778775: sys_futex -> 0x0
             exe-1050289 [003] ..... 1636892.778783: sys_futex(uaddr: 7fd66a44d000, op: 1, val: 1, utime: 0, uaddr2: 0, val3: 0)
             exe-1050289 [003] ..... 1636892.778792: sys_futex -> 0x1
             exe-1050289 [003] ..... 1636892.778794: sys_futex(uaddr: 7fd66a44d000, op: 0, val: 1, utime: 0, uaddr2: 0, val3: 0)
             exe-1050525 [002] ..... 1636892.778796: sys_futex -> 0x0
             exe-1050525 [002] ..... 1636892.778799: sys_fsync(fd: 424)
             exe-1050525 [002] ..... 1636892.778800: sys_fsync -> 0x0
             exe-1050525 [002] ..... 1636892.778802: sys_futex(uaddr: 7febabcd3000, op: 1, val: 1, utime: 0, uaddr2: 0, val3: 0)
             exe-1050289 [003] ..... 1636892.778813: sys_futex -> 0x0
             exe-1050289 [003] ..... 1636892.778816: sys_futex(uaddr: 7fd66a44d000, op: 1, val: 1, utime: 0, uaddr2: 0, val3: 0)
             exe-1050289 [003] ..... 1636892.778817: sys_futex -> 0x0
             exe-1050525 [002] .N... 1636892.778818: sys_futex -> 0x1
             exe-1050289 [003] ..... 1636892.778819: sys_futex(uaddr: 7fd66a44d000, op: 0, val: 1, utime: 0, uaddr2: 0, val3: 0)
             exe-1049673 [002] ..... 1636892.778821: sys_nanosleep -> 0x0
             exe-1049673 [002] ..... 1636892.778823: sys_getpid()
             exe-1049673 [002] ..... 1636892.778824: sys_getpid -> 0x1
             exe-1049673 [002] ..... 1636892.778826: sys_tgkill(tgid: 1, pid: 36, sig: 17)
             exe-1049673 [002] ..... 1636892.778832: sys_tgkill -> 0x0
             exe-1049673 [002] ..... 1636892.778834: sys_nanosleep(rqtp: c000069f10, rmtp: 0)
             exe-1050525 [002] ..... 1636892.778848: sys_rt_sigreturn()
             exe-1050525 [002] ..... 1636892.778855: sys_fsync(fd: 446)
             exe-1050525 [002] ..... 1636892.778863: sys_fsync -> 0x0
             exe-1050525 [002] ..... 1636892.778865: sys_futex(uaddr: 7febabcd3000, op: 1, val: 1, utime: 0, uaddr2: 0, val3: 0)
             exe-1050525 [002] ..... 1636892.778870: sys_futex -> 0x1
             exe-1050289 [003] ..... 1636892.778875: sys_futex -> 0x0
             exe-1050525 [002] ..... 1636892.778877: sys_futex(uaddr: 7febabcd3000, op: 0, val: 0, utime: 0, uaddr2: 0, val3: 0)
             exe-1050289 [003] ..... 1636892.778887: sys_futex(uaddr: 7fd66a44d000, op: 1, val: 1, utime: 0, uaddr2: 0, val3: 0)
             exe-1050289 [003] ..... 1636892.778895: sys_futex -> 0x1
             exe-1050525 [002] ..... 1636892.778897: sys_futex -> 0x0
             exe-1050289 [003] ..... 1636892.778897: sys_futex(uaddr: 7fd66a44d000, op: 0, val: 1, utime: 0, uaddr2: 0, val3: 0)
             exe-1050525 [002] ..... 1636892.778901: sys_fsync(fd: 49d)
             exe-1050525 [002] ..... 1636892.778902: sys_fsync -> 0x0
             exe-1050525 [002] ..... 1636892.778904: sys_futex(uaddr: 7febabcd3000, op: 1, val: 1, utime: 0, uaddr2: 0, val3: 0)
             exe-1050525 [002] .N... 1636892.778921: sys_futex -> 0x1
             exe-1049673 [002] ..... 1636892.778923: sys_nanosleep -> 0x0
             exe-1050289 [003] ..... 1636892.778925: sys_futex -> 0x0
             exe-1049673 [002] ..... 1636892.778926: sys_nanosleep(rqtp: c000069f10, rmtp: 0)
             exe-1050525 [002] ..... 1636892.778934: sys_futex(uaddr: 7febabcd3000, op: 0, val: 0, utime: 0, uaddr2: 0, val3: 0)
             exe-1050289 [003] ..... 1636892.778934: sys_futex(uaddr: 7fd66a44d000, op: 1, val: 1, utime: 0, uaddr2: 0, val3: 0)
             exe-1050525 [002] ..... 1636892.778935: sys_futex -> 0xfffffffffffffff5
             exe-1050289 [003] ..... 1636892.778935: sys_futex -> 0x0
             exe-1050289 [003] ..... 1636892.778937: sys_futex(uaddr: 7fd66a44d000, op: 0, val: 1, utime: 0, uaddr2: 0, val3: 0)
             exe-1050525 [002] ..... 1636892.778943: sys_fsync(fd: 13f7)
             exe-1050525 [002] ..... 1636892.778944: sys_fsync -> 0x0
             exe-1050525 [002] ..... 1636892.778946: sys_futex(uaddr: 7febabcd3000, op: 1, val: 1, utime: 0, uaddr2: 0, val3: 0)
             exe-1050525 [002] ..... 1636892.778950: sys_futex -> 0x1
             exe-1050525 [002] ..... 1636892.778952: sys_futex(uaddr: 7febabcd3000, op: 0, val: 0, utime: 0, uaddr2: 0, val3: 0)
             exe-1050289 [003] ..... 1636892.778954: sys_futex -> 0x0
             exe-1050289 [003] ..... 1636892.778962: sys_futex(uaddr: 7fd66a44d000, op: 1, val: 1, utime: 0, uaddr2: 0, val3: 0)
             exe-1050289 [003] ..... 1636892.778966: sys_futex -> 0x1
             exe-1050289 [003] ..... 1636892.778968: sys_futex(uaddr: 7fd66a44d000, op: 0, val: 1, utime: 0, uaddr2: 0, val3: 0)
             exe-1050525 [002] ..... 1636892.778972: sys_futex -> 0x0
             exe-1050525 [002] ..... 1636892.778975: sys_fsync(fd: 140e)
             exe-1050525 [002] ..... 1636892.778976: sys_fsync -> 0x0
             exe-1050525 [002] ..... 1636892.778978: sys_futex(uaddr: 7febabcd3000, op: 1, val: 1, utime: 0, uaddr2: 0, val3: 0)
             exe-1050525 [002] ..... 1636892.778982: sys_futex -> 0x1
             exe-1050525 [002] ..... 1636892.778984: sys_futex(uaddr: 7febabcd3000, op: 0, val: 0, utime: 0, uaddr2: 0, val3: 0)
             exe-1050289 [003] ..... 1636892.778986: sys_futex -> 0x0
             exe-1050289 [003] ..... 1636892.778990: sys_futex(uaddr: 7fd66a44d000, op: 1, val: 1, utime: 0, uaddr2: 0, val3: 0)
             exe-1050289 [003] ..... 1636892.778994: sys_futex -> 0x1
             exe-1050289 [003] ..... 1636892.778995: sys_futex(uaddr: 7fd66a44d000, op: 0, val: 1, utime: 0, uaddr2: 0, val3: 0)
             exe-1049673 [002] ..... 1636892.779009: sys_nanosleep -> 0x0
             exe-1049673 [002] ..... 1636892.779012: sys_nanosleep(rqtp: c000069f10, rmtp: 0)
             exe-1050525 [002] ..... 1636892.779018: sys_futex -> 0x0
             exe-1050525 [002] ..... 1636892.779021: sys_fsync(fd: 1424)
             exe-1050525 [002] ..... 1636892.779022: sys_fsync -> 0x0
             exe-1050525 [002] ..... 1636892.779030: sys_futex(uaddr: 7febabcd3000, op: 1, val: 1, utime: 0, uaddr2: 0, val3: 0)
             exe-1050525 [002] ..... 1636892.779034: sys_futex -> 0x1
             exe-1050525 [002] ..... 1636892.779036: sys_futex(uaddr: 7febabcd3000, op: 0, val: 0, utime: 0, uaddr2: 0, val3: 0)
             exe-1050289 [003] ..... 1636892.779038: sys_futex -> 0x0
             exe-1050289 [003] ..... 1636892.779046: sys_futex(uaddr: 7fd66a44d000, op: 1, val: 1, utime: 0, uaddr2: 0, val3: 0)
             exe-1050289 [003] ..... 1636892.779050: sys_futex -> 0x1
             exe-1050289 [003] ..... 1636892.779052: sys_futex(uaddr: 7fd66a44d000, op: 0, val: 1, utime: 0, uaddr2: 0, val3: 0)
             exe-1050525 [002] ..... 1636892.779055: sys_futex -> 0x0
             exe-1050525 [002] ..... 1636892.779063: sys_fsync(fd: 142e)
             exe-1050525 [002] ..... 1636892.779065: sys_fsync -> 0x0
             exe-1050525 [002] ..... 1636892.779067: sys_futex(uaddr: 7febabcd3000, op: 1, val: 1, utime: 0, uaddr2: 0, val3: 0)
             exe-1050525 [002] ..... 1636892.779071: sys_futex -> 0x1
             exe-1050289 [003] ..... 1636892.779093: sys_futex -> 0x0
             exe-1050289 [003] ..... 1636892.779097: sys_futex(uaddr: 7fd66a44d000, op: 1, val: 1, utime: 0, uaddr2: 0, val3: 0)
             exe-1050289 [003] ..... 1636892.779098: sys_futex -> 0x0
             exe-1050289 [003] ..... 1636892.779099: sys_futex(uaddr: 7fd66a44d000, op: 0, val: 1, utime: 0, uaddr2: 0, val3: 0)
             exe-1049673 [002] ..... 1636892.779102: sys_nanosleep -> 0x0
             exe-1049673 [002] ..... 1636892.779105: sys_nanosleep(rqtp: c000069f10, rmtp: 0)
             exe-1050525 [002] ..... 1636892.779115: sys_fsync(fd: 1438)
             exe-1050525 [002] ..... 1636892.779117: sys_fsync -> 0x0
             exe-1050525 [002] ..... 1636892.779119: sys_futex(uaddr: 7febabcd3000, op: 1, val: 1, utime: 0, uaddr2: 0, val3: 0)
             exe-1050525 [002] ..... 1636892.779124: sys_futex -> 0x1
             exe-1050525 [002] ..... 1636892.779126: sys_futex(uaddr: 7febabcd3000, op: 0, val: 0, utime: 0, uaddr2: 0, val3: 0)
             exe-1050289 [003] ..... 1636892.779128: sys_futex -> 0x0
             exe-1050289 [003] ..... 1636892.779131: sys_futex(uaddr: 7fd66a44d000, op: 1, val: 1, utime: 0, uaddr2: 0, val3: 0)
             exe-1050289 [003] ..... 1636892.779136: sys_futex -> 0x1
             exe-1050289 [003] ..... 1636892.779137: sys_futex(uaddr: 7fd66a44d000, op: 0, val: 1, utime: 0, uaddr2: 0, val3: 0)
             exe-1050525 [002] ..... 1636892.779141: sys_futex -> 0x0
             exe-1050525 [002] ..... 1636892.779144: sys_fsync(fd: 1443)
             exe-1050525 [002] ..... 1636892.779145: sys_fsync -> 0x0
             exe-1050525 [002] ..... 1636892.779147: sys_futex(uaddr: 7febabcd3000, op: 1, val: 1, utime: 0, uaddr2: 0, val3: 0)
             exe-1050525 [002] ..... 1636892.779152: sys_futex -> 0x1
             exe-1050525 [002] ..... 1636892.779153: sys_futex(uaddr: 7febabcd3000, op: 0, val: 0, utime: 0, uaddr2: 0, val3: 0)
             exe-1050289 [003] ..... 1636892.779156: sys_futex -> 0x0
             exe-1050289 [003] ..... 1636892.779159: sys_futex(uaddr: 7fd66a44d000, op: 1, val: 1, utime: 0, uaddr2: 0, val3: 0)
             exe-1050289 [003] ..... 1636892.779163: sys_futex -> 0x1
             exe-1050289 [003] ..... 1636892.779165: sys_futex(uaddr: 7fd66a44d000, op: 0, val: 1, utime: 0, uaddr2: 0, val3: 0)
             exe-1050525 [002] ..... 1636892.779168: sys_futex -> 0x0
             exe-1050525 [002] ..... 1636892.779171: sys_fsync(fd: 1455)
             exe-1050525 [002] ..... 1636892.779172: sys_fsync -> 0x0
             exe-1050525 [002] ..... 1636892.779174: sys_futex(uaddr: 7febabcd3000, op: 1, val: 1, utime: 0, uaddr2: 0, val3: 0)
             exe-1050289 [003] ..... 1636892.779184: sys_futex -> 0x0
             exe-1050289 [003] ..... 1636892.779188: sys_futex(uaddr: 7fd66a44d000, op: 1, val: 1, utime: 0, uaddr2: 0, val3: 0)
             exe-1050289 [003] ..... 1636892.779188: sys_futex -> 0x0
             exe-1050525 [002] .N... 1636892.779189: sys_futex -> 0x1
             exe-1050289 [003] ..... 1636892.779190: sys_futex(uaddr: 7fd66a44d000, op: 0, val: 1, utime: 0, uaddr2: 0, val3: 0)
             exe-1049673 [002] ..... 1636892.779191: sys_nanosleep -> 0x0
             exe-1049673 [002] ..... 1636892.779193: sys_nanosleep(rqtp: c000069f10, rmtp: 0)
             exe-1050525 [002] ..... 1636892.779208: sys_fsync(fd: 146a)
             exe-1050525 [002] ..... 1636892.779209: sys_fsync -> 0x0
             exe-1050525 [002] ..... 1636892.779211: sys_futex(uaddr: 7febabcd3000, op: 1, val: 1, utime: 0, uaddr2: 0, val3: 0)
             exe-1050525 [002] ..... 1636892.779216: sys_futex -> 0x1
             exe-1050525 [002] ..... 1636892.779217: sys_futex(uaddr: 7febabcd3000, op: 0, val: 0, utime: 0, uaddr2: 0, val3: 0)
             exe-1050289 [003] ..... 1636892.779220: sys_futex -> 0x0
             exe-1050289 [003] ..... 1636892.779223: sys_futex(uaddr: 7fd66a44d000, op: 1, val: 1, utime: 0, uaddr2: 0, val3: 0)
             exe-1050289 [003] ..... 1636892.779227: sys_futex -> 0x1
             exe-1050289 [003] ..... 1636892.779229: sys_futex(uaddr: 7fd66a44d000, op: 0, val: 1, utime: 0, uaddr2: 0, val3: 0)
             exe-1050525 [002] ..... 1636892.779233: sys_futex -> 0x0
             exe-1050525 [002] ..... 1636892.779241: sys_fsync(fd: 14b7)
             exe-1050525 [002] ..... 1636892.779242: sys_fsync -> 0x0
             exe-1050525 [002] ..... 1636892.779244: sys_futex(uaddr: 7febabcd3000, op: 1, val: 1, utime: 0, uaddr2: 0, val3: 0)
             exe-1050525 [002] ..... 1636892.779248: sys_futex -> 0x1
             exe-1050525 [002] ..... 1636892.779250: sys_futex(uaddr: 7febabcd3000, op: 0, val: 0, utime: 0, uaddr2: 0, val3: 0)
             exe-1050289 [003] ..... 1636892.779252: sys_futex -> 0x0
             exe-1050289 [003] ..... 1636892.779256: sys_futex(uaddr: 7fd66a44d000, op: 1, val: 1, utime: 0, uaddr2: 0, val3: 0)
             exe-1050289 [003] ..... 1636892.779260: sys_futex -> 0x1
             exe-1050289 [003] ..... 1636892.779262: sys_futex(uaddr: 7fd66a44d000, op: 0, val: 1, utime: 0, uaddr2: 0, val3: 0)
             exe-1049673 [002] ..... 1636892.779289: sys_nanosleep -> 0x0
             exe-1049673 [002] ..... 1636892.779291: sys_nanosleep(rqtp: c000069f10, rmtp: 0)
             exe-1050525 [002] ..... 1636892.779297: sys_futex -> 0x0
             exe-1050525 [002] ..... 1636892.779300: sys_fsync(fd: 15a0)
             exe-1050525 [002] ..... 1636892.779302: sys_fsync -> 0x0
             exe-1050525 [002] ..... 1636892.779303: sys_futex(uaddr: 7febabcd3000, op: 1, val: 1, utime: 0, uaddr2: 0, val3: 0)
             exe-1050525 [002] ..... 1636892.779308: sys_futex -> 0x1
             exe-1050525 [002] ..... 1636892.779309: sys_futex(uaddr: 7febabcd3000, op: 0, val: 0, utime: 0, uaddr2: 0, val3: 0)
             exe-1050289 [003] ..... 1636892.779312: sys_futex -> 0x0
             exe-1050289 [003] ..... 1636892.779315: sys_futex(uaddr: 7fd66a44d000, op: 1, val: 1, utime: 0, uaddr2: 0, val3: 0)
             exe-1050289 [003] ..... 1636892.779320: sys_futex -> 0x1
             exe-1050289 [003] ..... 1636892.779321: sys_futex(uaddr: 7fd66a44d000, op: 0, val: 1, utime: 0, uaddr2: 0, val3: 0)
             exe-1050525 [002] ..... 1636892.779324: sys_futex -> 0x0
             exe-1050525 [002] ..... 1636892.779327: sys_fsync(fd: 15a5)
             exe-1050525 [002] ..... 1636892.779328: sys_fsync -> 0x0
             exe-1050525 [002] ..... 1636892.779330: sys_futex(uaddr: 7febabcd3000, op: 1, val: 1, utime: 0, uaddr2: 0, val3: 0)
             exe-1050525 [002] ..... 1636892.779334: sys_futex -> 0x1
             exe-1050525 [002] ..... 1636892.779335: sys_futex(uaddr: 7febabcd3000, op: 0, val: 0, utime: 0, uaddr2: 0, val3: 0)
             exe-1050289 [003] ..... 1636892.779338: sys_futex -> 0x0
             exe-1050289 [003] ..... 1636892.779342: sys_futex(uaddr: 7fd66a44d000, op: 1, val: 1, utime: 0, uaddr2: 0, val3: 0)
             exe-1050289 [003] ..... 1636892.779346: sys_futex -> 0x1
             exe-1050289 [003] ..... 1636892.779347: sys_futex(uaddr: 7fd66a44d000, op: 0, val: 1, utime: 0, uaddr2: 0, val3: 0)
             exe-1050525 [002] ..... 1636892.779350: sys_futex -> 0x0
             exe-1050525 [002] ..... 1636892.779358: sys_fsync(fd: 15b4)
             exe-1050525 [002] ..... 1636892.779359: sys_fsync -> 0x0
             exe-1050525 [002] ..... 1636892.779361: sys_futex(uaddr: 7febabcd3000, op: 1, val: 1, utime: 0, uaddr2: 0, val3: 0)
             exe-1050289 [003] ..... 1636892.779374: sys_futex -> 0x0
             exe-1050525 [002] .N... 1636892.779377: sys_futex -> 0x1
             exe-1050289 [003] ..... 1636892.779378: sys_futex(uaddr: 7fd66a44d000, op: 1, val: 1, utime: 0, uaddr2: 0, val3: 0)
