             exe-1050289 [003] ..... 1636892.761511: tracing_mark_write: sync() start
             exe-1050289 [003] ..... 1636892.761534: sys_pwrite64 -> 0xc
             exe-1050289 [003] ..... 1636892.761540: sys_ptrace(request: 4205, pid: 10071e, addr: 1, data: c0022e3c70)
             exe-1049673 [002] ..... 1636892.761542: sys_nanosleep -> 0x0
             exe-1050289 [003] ..... 1636892.761543: sys_ptrace -> 0x0
             exe-1050289 [003] ..... 1636892.761544: sys_ptrace(request: 4205, pid: 10071e, addr: 202, data: c0022e3c70)
             exe-1049673 [002] ..... 1636892.761545: sys_futex(uaddr: 1f09dc0, op: 80, val: 0, utime: c000069eb0, uaddr2: 0, val3: 0)
             exe-1050289 [003] ..... 1636892.761553: sys_ptrace -> 0x0
             exe-1050289 [003] ..... 1636892.761554: sys_ptrace(request: 1f, pid: 10071e, addr: 0, data: 0)
             exe-1050289 [003] ..... 1636892.761564: sys_ptrace -> 0x0
             exe-1050289 [003] ..... 1636892.761566: sys_wait4(upid: 10071e, stat_addr: c0022e3bf4, options: 40000002, ru: 0)
             exe-1050398 [001] ..... 1636892.761573: sys_write -> 0xc
             exe-1050289 [003] .N... 1636892.761612: sys_wait4 -> 0x10071e
             exe-1050289 [003] ..... 1636892.761629: sys_ptrace(request: 4204, pid: 10071e, addr: 1, data: c0022e3c70)
             exe-1050289 [003] ..... 1636892.761632: sys_ptrace -> 0x0
             exe-1050289 [003] ..... 1636892.761633: sys_ptrace(request: 4204, pid: 10071e, addr: 202, data: c0022e3c70)
             exe-1050289 [003] ..... 1636892.761634: sys_ptrace -> 0x0
             exe-1050289 [003] ..... 1636892.761681: sys_fsync(fd: 9d)
             exe-1050008 [003] ..... 1636892.761909: sys_epoll_pwait -> 0x0
             exe-1050008 [003] ..... 1636892.761920: sys_futex(uaddr: c00097a548, op: 81, val: 1, utime: 0, uaddr2: 0, val3: 0)
             exe-1050008 [003] ..... 1636892.761924: sys_futex -> 0x1
             exe-1050008 [003] ..... 1636892.761936: sys_epoll_pwait(epfd: 11, events: c000a2d840, maxevents: 80, timeout: 9, sigmask: 0, sigsetsize: 0)
             exe-1049981 [003] ..... 1636892.761942: sys_futex -> 0x0
             exe-1049981 [003] ..... 1636892.761946: sys_futex(uaddr: c00097a548, op: 80, val: 0, utime: 0, uaddr2: 0, val3: 0)
             exe-1050289 [003] ..... 1636892.766656: sys_fsync -> 0x0
             exe-1050289 [003] ..... 1636892.766666: sys_futex(uaddr: c00097a548, op: 81, val: 1, utime: 0, uaddr2: 0, val3: 0)
             exe-1050289 [003] .N... 1636892.766675: sys_futex -> 0x1
             exe-1049981 [003] ..... 1636892.766679: sys_futex -> 0x0
             exe-1049981 [003] ..... 1636892.766683: sys_nanosleep(rqtp: c00063bd60, rmtp: 0)
             exe-1050289 [003] ..... 1636892.766715: sys_fsync(fd: e2)
             exe-1049981 [003] ..... 1636892.766910: sys_nanosleep -> 0x0
             exe-1049981 [003] ..... 1636892.766915: sys_futex(uaddr: c0025a9548, op: 81, val: 1, utime: 0, uaddr2: 0, val3: 0)
             exe-1049981 [003] ..... 1636892.766925: sys_futex -> 0x1
             exe-1049981 [003] ..... 1636892.766932: sys_futex(uaddr: c00097a548, op: 80, val: 0, utime: 0, uaddr2: 0, val3: 0)
           <...>-1050233 [001] ..... 1636892.766989: sys_futex -> 0x0
           <...>-1050233 [001] ..... 1636892.766996: sys_futex(uaddr: c0025a9548, op: 80, val: 0, utime: 0, uaddr2: 0, val3: 0)
             exe-1049567 [000] ..... 1636892.767400: sys_nanosleep -> 0x0
             exe-1049567 [000] ..... 1636892.767407: sys_nanosleep(rqtp: c000069f10, rmtp: 0)
             exe-1050289 [003] ..... 1636892.767437: sys_fsync -> 0x0
             exe-1049567 [000] ..... 1636892.767504: sys_nanosleep -> 0x0
             exe-1049567 [000] ..... 1636892.767507: sys_getpid()
             exe-1049567 [000] ..... 1636892.767508: sys_getpid -> 0x1003ce
             exe-1049567 [000] ..... 1636892.767509: sys_tgkill(tgid: 1003ce, pid: 1006b1, sig: 17)
             exe-1049567 [000] ..... 1636892.767519: sys_tgkill -> 0x0
             exe-1049567 [000] ..... 1636892.767520: sys_nanosleep(rqtp: c000069f10, rmtp: 0)
             exe-1050289 [003] ..... 1636892.767551: sys_rt_sigreturn()
             exe-1049567 [000] ..... 1636892.767608: sys_nanosleep -> 0x0
             exe-1049567 [000] ..... 1636892.767610: sys_nanosleep(rqtp: c000069f10, rmtp: 0)
             exe-1049567 [000] ..... 1636892.767696: sys_nanosleep -> 0x0
             exe-1049567 [000] ..... 1636892.767697: sys_nanosleep(rqtp: c000069f10, rmtp: 0)
             exe-1049567 [000] ..... 1636892.767783: sys_nanosleep -> 0x0
             exe-1049567 [000] ..... 1636892.767785: sys_nanosleep(rqtp: c000069f10, rmtp: 0)
             exe-1049567 [000] ..... 1636892.767866: sys_nanosleep -> 0x0
             exe-1049567 [000] ..... 1636892.767867: sys_nanosleep(rqtp: c000069f10, rmtp: 0)
             exe-1049567 [000] ..... 1636892.767948: sys_nanosleep -> 0x0
             exe-1049567 [000] ..... 1636892.767949: sys_nanosleep(rqtp: c000069f10, rmtp: 0)
             exe-1049567 [000] ..... 1636892.768030: sys_nanosleep -> 0x0
             exe-1049567 [000] ..... 1636892.768031: sys_nanosleep(rqtp: c000069f10, rmtp: 0)
             exe-1049567 [000] ..... 1636892.768112: sys_nanosleep -> 0x0
             exe-1049567 [000] ..... 1636892.768113: sys_nanosleep(rqtp: c000069f10, rmtp: 0)
             exe-1049567 [000] ..... 1636892.768194: sys_nanosleep -> 0x0
             exe-1049567 [000] ..... 1636892.768195: sys_nanosleep(rqtp: c000069f10, rmtp: 0)
             exe-1049567 [000] ..... 1636892.768276: sys_nanosleep -> 0x0
             exe-1049567 [000] ..... 1636892.768277: sys_nanosleep(rqtp: c000069f10, rmtp: 0)
             exe-1049567 [000] ..... 1636892.768358: sys_nanosleep -> 0x0
             exe-1049567 [000] ..... 1636892.768359: sys_nanosleep(rqtp: c000069f10, rmtp: 0)
             exe-1049567 [000] ..... 1636892.768440: sys_nanosleep -> 0x0
             exe-1049567 [000] ..... 1636892.768441: sys_nanosleep(rqtp: c000069f10, rmtp: 0)
             exe-1049567 [000] ..... 1636892.768522: sys_nanosleep -> 0x0
             exe-1049567 [000] ..... 1636892.768523: sys_nanosleep(rqtp: c000069f10, rmtp: 0)
             exe-1049567 [000] ..... 1636892.768604: sys_nanosleep -> 0x0
             exe-1049567 [000] ..... 1636892.768606: sys_nanosleep(rqtp: c000069f10, rmtp: 0)
             exe-1049567 [000] ..... 1636892.768686: sys_nanosleep -> 0x0
             exe-1049567 [000] ..... 1636892.768688: sys_nanosleep(rqtp: c000069f10, rmtp: 0)
             exe-1049567 [000] ..... 1636892.768768: sys_nanosleep -> 0x0
             exe-1049567 [000] ..... 1636892.768770: sys_nanosleep(rqtp: c000069f10, rmtp: 0)
             exe-1049567 [000] ..... 1636892.768850: sys_nanosleep -> 0x0
             exe-1049567 [000] ..... 1636892.768852: sys_nanosleep(rqtp: c000069f10, rmtp: 0)
             exe-1049567 [000] ..... 1636892.768932: sys_nanosleep -> 0x0
             exe-1049567 [000] ..... 1636892.768934: sys_nanosleep(rqtp: c000069f10, rmtp: 0)
             exe-1049567 [000] ..... 1636892.769014: sys_nanosleep -> 0x0
             exe-1049567 [000] ..... 1636892.769016: sys_nanosleep(rqtp: c000069f10, rmtp: 0)
             exe-1049567 [000] ..... 1636892.769096: sys_nanosleep -> 0x0
             exe-1049567 [000] ..... 1636892.769098: sys_nanosleep(rqtp: c000069f10, rmtp: 0)
             exe-1049567 [000] ..... 1636892.769178: sys_nanosleep -> 0x0
             exe-1049567 [000] ..... 1636892.769179: sys_nanosleep(rqtp: c000069f10, rmtp: 0)
             exe-1049567 [000] ..... 1636892.769260: sys_nanosleep -> 0x0
             exe-1049567 [000] ..... 1636892.769261: sys_nanosleep(rqtp: c000069f10, rmtp: 0)
             exe-1049567 [000] ..... 1636892.769342: sys_nanosleep -> 0x0
             exe-1049567 [000] ..... 1636892.769343: sys_nanosleep(rqtp: c000069f10, rmtp: 0)
             exe-1050289 [003] ..... 1636892.769370: sys_futex(uaddr: 7fd66a44d000, op: 1, val: 1, utime: 0, uaddr2: 0, val3: 0)
             exe-1050289 [003] ..... 1636892.769385: sys_futex -> 0x1
             exe-1050289 [003] ..... 1636892.769387: sys_futex(uaddr: 7fd66a44d000, op: 0, val: 1, utime: 0, uaddr2: 0, val3: 0)
             exe-1050525 [002] ..... 1636892.769408: sys_futex -> 0x0
             exe-1050525 [002] ..... 1636892.769413: sys_futex(uaddr: 1f09dc0, op: 81, val: 1, utime: 0, uaddr2: 0, val3: 0)
             exe-1050525 [002] ..... 1636892.769418: sys_futex -> 0x1
             exe-1049567 [000] ..... 1636892.769424: sys_nanosleep -> 0x0
             exe-1049567 [000] ..... 1636892.769426: sys_nanosleep(rqtp: c000069f10, rmtp: 0)
             exe-1050525 [002] ..... 1636892.769448: sys_fsync(fd: 97)
             exe-1049673 [002] ..... 1636892.769477: sys_futex -> 0x0
             exe-1049673 [002] ..... 1636892.769480: sys_futex(uaddr: c000482148, op: 81, val: 1, utime: 0, uaddr2: 0, val3: 0)
             exe-1049673 [002] ..... 1636892.769487: sys_futex -> 0x1
             exe-1049673 [002] ..... 1636892.769489: sys_nanosleep(rqtp: c000069f10, rmtp: 0)
             exe-1049567 [000] ..... 1636892.769506: sys_nanosleep -> 0x0
             exe-1049567 [000] ..... 1636892.769508: sys_nanosleep(rqtp: c000069f10, rmtp: 0)
           <...>-1049716 [003] ..... 1636892.769510: sys_futex -> 0x0
           <...>-1049716 [003] ..... 1636892.769519: sys_futex(uaddr: c000482148, op: 80, val: 0, utime: 0, uaddr2: 0, val3: 0)
             exe-1049567 [000] ..... 1636892.769924: sys_nanosleep -> 0x0
             exe-1049567 [000] ..... 1636892.769927: sys_nanosleep(rqtp: c000069f10, rmtp: 0)
             exe-1049673 [002] ..... 1636892.769934: sys_nanosleep -> 0x0
             exe-1049673 [002] ..... 1636892.769939: sys_futex(uaddr: 1f09dc0, op: 80, val: 0, utime: c000069eb0, uaddr2: 0, val3: 0)
             exe-1049567 [000] ..... 1636892.770009: sys_nanosleep -> 0x0
             exe-1049567 [000] ..... 1636892.770010: sys_nanosleep(rqtp: c000069f10, rmtp: 0)
             exe-1049567 [000] ..... 1636892.770091: sys_nanosleep -> 0x0
             exe-1049567 [000] ..... 1636892.770092: sys_nanosleep(rqtp: c000069f10, rmtp: 0)
             exe-1049567 [000] ..... 1636892.770173: sys_nanosleep -> 0x0
             exe-1049567 [000] ..... 1636892.770174: sys_nanosleep(rqtp: c000069f10, rmtp: 0)
             exe-1049567 [000] ..... 1636892.770254: sys_nanosleep -> 0x0
             exe-1049567 [000] ..... 1636892.770256: sys_nanosleep(rqtp: c000069f10, rmtp: 0)
             exe-1049567 [000] ..... 1636892.770336: sys_nanosleep -> 0x0
             exe-1049567 [000] ..... 1636892.770338: sys_nanosleep(rqtp: c000069f10, rmtp: 0)
             exe-1049567 [000] ..... 1636892.770418: sys_nanosleep -> 0x0
             exe-1049567 [000] ..... 1636892.770419: sys_nanosleep(rqtp: c000069f10, rmtp: 0)
             exe-1049567 [000] ..... 1636892.770500: sys_nanosleep -> 0x0
             exe-1049567 [000] ..... 1636892.770501: sys_nanosleep(rqtp: c000069f10, rmtp: 0)
             exe-1049567 [000] ..... 1636892.770581: sys_nanosleep -> 0x0
             exe-1049567 [000] ..... 1636892.770583: sys_nanosleep(rqtp: c000069f10, rmtp: 0)
             exe-1049567 [000] ..... 1636892.770663: sys_nanosleep -> 0x0
             exe-1049567 [000] ..... 1636892.770664: sys_nanosleep(rqtp: c000069f10, rmtp: 0)
             exe-1049567 [000] ..... 1636892.770745: sys_nanosleep -> 0x0
             exe-1049567 [000] ..... 1636892.770747: sys_nanosleep(rqtp: c000069f10, rmtp: 0)
             exe-1049567 [000] ..... 1636892.770827: sys_nanosleep -> 0x0
             exe-1049567 [000] ..... 1636892.770828: sys_nanosleep(rqtp: c000069f10, rmtp: 0)
             exe-1049567 [000] ..... 1636892.770909: sys_nanosleep -> 0x0
             exe-1049567 [000] ..... 1636892.770910: sys_nanosleep(rqtp: c000069f10, rmtp: 0)
             exe-1049567 [000] ..... 1636892.770990: sys_nanosleep -> 0x0
             exe-1049567 [000] ..... 1636892.770992: sys_nanosleep(rqtp: c000069f10, rmtp: 0)
             exe-1050008 [003] ..... 1636892.771004: sys_epoll_pwait -> 0x0
             exe-1050008 [003] ..... 1636892.771013: sys_epoll_pwait(epfd: 11, events: c000a2d840, maxevents: 80, timeout: 1, sigmask: 0, sigsetsize: 0)
             exe-1049567 [000] ..... 1636892.771081: sys_nanosleep -> 0x0
             exe-1049567 [000] ..... 1636892.771083: sys_nanosleep(rqtp: c000069f10, rmtp: 0)
             exe-1049567 [000] ..... 1636892.771163: sys_nanosleep -> 0x0
             exe-1049567 [000] ..... 1636892.771165: sys_nanosleep(rqtp: c000069f10, rmtp: 0)
             exe-1049567 [000] ..... 1636892.771245: sys_nanosleep -> 0x0
             exe-1049567 [000] ..... 1636892.771247: sys_nanosleep(rqtp: c000069f10, rmtp: 0)
             exe-1049567 [000] ..... 1636892.771327: sys_nanosleep -> 0x0
             exe-1049567 [000] ..... 1636892.771329: sys_nanosleep(rqtp: c000069f10, rmtp: 0)
             exe-1049567 [000] ..... 1636892.771409: sys_nanosleep -> 0x0
             exe-1049567 [000] ..... 1636892.771411: sys_nanosleep(rqtp: c000069f10, rmtp: 0)
             exe-1049567 [000] ..... 1636892.771491: sys_nanosleep -> 0x0
             exe-1049567 [000] ..... 1636892.771493: sys_nanosleep(rqtp: c000069f10, rmtp: 0)
             exe-1049567 [000] ..... 1636892.771573: sys_nanosleep -> 0x0
             exe-1049567 [000] ..... 1636892.771575: sys_nanosleep(rqtp: c000069f10, rmtp: 0)
             exe-1049567 [000] ..... 1636892.771655: sys_nanosleep -> 0x0
             exe-1049567 [000] ..... 1636892.771656: sys_nanosleep(rqtp: c000069f10, rmtp: 0)
             exe-1049567 [000] ..... 1636892.771737: sys_nanosleep -> 0x0
             exe-1049567 [000] ..... 1636892.771738: sys_nanosleep(rqtp: c000069f10, rmtp: 0)
             exe-1049567 [000] ..... 1636892.771819: sys_nanosleep -> 0x0
             exe-1049567 [000] ..... 1636892.771820: sys_nanosleep(rqtp: c000069f10, rmtp: 0)
             exe-1049567 [000] ..... 1636892.771911: sys_nanosleep -> 0x0
             exe-1049567 [000] ..... 1636892.771913: sys_nanosleep(rqtp: c000069f10, rmtp: 0)
             exe-1049567 [000] ..... 1636892.771994: sys_nanosleep -> 0x0
             exe-1049567 [000] ..... 1636892.771996: sys_nanosleep(rqtp: c000069f10, rmtp: 0)
             exe-1049567 [000] ..... 1636892.772101: sys_nanosleep -> 0x0
             exe-1049567 [000] ..... 1636892.772103: sys_nanosleep(rqtp: c000069f10, rmtp: 0)
             exe-1050008 [003] ..... 1636892.772159: sys_epoll_pwait -> 0x0
             exe-1050008 [003] ..... 1636892.772169: sys_futex(uaddr: c0025a9548, op: 81, val: 1, utime: 0, uaddr2: 0, val3: 0)
             exe-1050008 [003] ..... 1636892.772183: sys_futex -> 0x1
             exe-1050008 [003] ..... 1636892.772194: sys_epoll_pwait(epfd: 11, events: c000a2d840, maxevents: 80, timeout: 9, sigmask: 0, sigsetsize: 0)
           <...>-1050233 [001] ..... 1636892.772225: sys_futex -> 0x0
           <...>-1050233 [001] ..... 1636892.772232: sys_futex(uaddr: c0025a9548, op: 80, val: 0, utime: 0, uaddr2: 0, val3: 0)
             exe-1049567 [000] ..... 1636892.772243: sys_nanosleep -> 0x0
             exe-1049567 [000] ..... 1636892.772245: sys_nanosleep(rqtp: c000069f10, rmtp: 0)
             exe-1049567 [000] ..... 1636892.772470: sys_nanosleep -> 0x0
             exe-1049567 [000] ..... 1636892.772472: sys_nanosleep(rqtp: c000069f10, rmtp: 0)
             exe-1049567 [000] ..... 1636892.772862: sys_nanosleep -> 0x0
             exe-1049567 [000] ..... 1636892.772864: sys_nanosleep(rqtp: c000069f10, rmtp: 0)
             exe-1049567 [000] ..... 1636892.773575: sys_nanosleep -> 0x0
             exe-1049567 [000] ..... 1636892.773577: sys_nanosleep(rqtp: c000069f10, rmtp: 0)
             exe-1049567 [000] ..... 1636892.774975: sys_nanosleep -> 0x0
             exe-1049567 [000] ..... 1636892.774981: sys_nanosleep(rqtp: c000069f10, rmtp: 0)
             exe-1050525 [002] ..... 1636892.775350: sys_fsync -> 0x0
             exe-1050525 [002] ..... 1636892.775357: sys_futex(uaddr: 1f09dc0, op: 81, val: 1, utime: 0, uaddr2: 0, val3: 0)
             exe-1050525 [002] ..... 1636892.775363: sys_futex -> 0x1
             exe-1050525 [002] ..... 1636892.775370: sys_futex(uaddr: 7febabcd3000, op: 1, val: 1, utime: 0, uaddr2: 0, val3: 0)
             exe-1050525 [002] ..... 1636892.775383: sys_futex -> 0x1
             exe-1050525 [002] ..... 1636892.775385: sys_futex(uaddr: 7febabcd3000, op: 0, val: 0, utime: 0, uaddr2: 0, val3: 0)
             exe-1049673 [002] ..... 1636892.775392: sys_futex -> 0x0
             exe-1049673 [002] ..... 1636892.775395: sys_epoll_pwait(epfd: 10, events: c000069920, maxevents: 80, timeout: 0, sigmask: 0, sigsetsize: 0)
             exe-1049673 [002] ..... 1636892.775397: sys_epoll_pwait -> 0x0
             exe-1049673 [002] ..... 1636892.775400: sys_futex(uaddr: c000482148, op: 81, val: 1, utime: 0, uaddr2: 0, val3: 0)
             exe-1049673 [002] ..... 1636892.775402: sys_futex -> 0x1
             exe-1049673 [002] ..... 1636892.775404: sys_nanosleep(rqtp: c000069f10, rmtp: 0)
           <...>-1049716 [003] ..... 1636892.775463: sys_futex -> 0x0
           <...>-1049716 [003] ..... 1636892.775472: sys_futex(uaddr: c000482148, op: 80, val: 0, utime: 0, uaddr2: 0, val3: 0)
             exe-1050289 [003] ..... 1636892.775488: sys_futex -> 0x0
             exe-1050289 [003] ..... 1636892.775499: sys_futex(uaddr: c0025a9548, op: 81, val: 1, utime: 0, uaddr2: 0, val3: 0)
             exe-1049673 [002] ..... 1636892.775505: sys_nanosleep -> 0x0
             exe-1049673 [002] ..... 1636892.775508: sys_futex(uaddr: 1f09dc0, op: 80, val: 0, utime: c000069eb0, uaddr2: 0, val3: 0)
             exe-1050289 [003] ..... 1636892.775514: sys_futex -> 0x1
             exe-1050289 [003] ..... 1636892.775521: sys_futex(uaddr: 7fd66a44d000, op: 1, val: 1, utime: 0, uaddr2: 0, val3: 0)
             exe-1050289 [003] ..... 1636892.775528: sys_futex -> 0x1
             exe-1050289 [003] ..... 1636892.775530: sys_futex(uaddr: 7fd66a44d000, op: 0, val: 1, utime: 0, uaddr2: 0, val3: 0)
             exe-1050525 [002] ..... 1636892.775536: sys_futex -> 0x0
             exe-1050525 [002] ..... 1636892.775539: sys_futex(uaddr: 1f09dc0, op: 81, val: 1, utime: 0, uaddr2: 0, val3: 0)
             exe-1050525 [002] ..... 1636892.775542: sys_futex -> 0x1
             exe-1050525 [002] ..... 1636892.775562: sys_fsync(fd: 4a7)
             exe-1050525 [002] ..... 1636892.775565: sys_fsync -> 0x0
             exe-1050525 [002] ..... 1636892.775567: sys_futex(uaddr: 7febabcd3000, op: 1, val: 1, utime: 0, uaddr2: 0, val3: 0)
           <...>-1050233 [001] ..... 1636892.775568: sys_futex -> 0x0
           <...>-1050233 [001] ..... 1636892.775575: sys_futex(uaddr: c00097a548, op: 81, val: 1, utime: 0, uaddr2: 0, val3: 0)
             exe-1050525 [002] ..... 1636892.775576: sys_futex -> 0x1
           <...>-1050233 [001] ..... 1636892.775577: sys_futex -> 0x1
             exe-1050525 [002] ..... 1636892.775577: sys_futex(uaddr: 7febabcd3000, op: 0, val: 0, utime: 0, uaddr2: 0, val3: 0)
             exe-1049673 [002] ..... 1636892.775583: sys_futex -> 0x0
             exe-1049673 [002] ..... 1636892.775585: sys_futex(uaddr: c000482148, op: 81, val: 1, utime: 0, uaddr2: 0, val3: 0)
             exe-1049673 [002] ..... 1636892.775590: sys_futex -> 0x1
           <...>-1050233 [001] ..... 1636892.775591: sys_futex(uaddr: c0025a9548, op: 80, val: 0, utime: 0, uaddr2: 0, val3: 0)
             exe-1049673 [002] ..... 1636892.775592: sys_nanosleep(rqtp: c000069f10, rmtp: 0)
           <...>-1049716 [003] ..... 1636892.775604: sys_futex -> 0x0
           <...>-1049716 [003] ..... 1636892.775611: sys_futex(uaddr: c000482148, op: 80, val: 0, utime: 0, uaddr2: 0, val3: 0)
             exe-1049981 [002] ..... 1636892.775621: sys_futex -> 0x0
             exe-1050289 [003] ..... 1636892.775623: sys_futex -> 0x0
             exe-1049981 [002] ..... 1636892.775631: sys_futex(uaddr: c00097a548, op: 80, val: 0, utime: 0, uaddr2: 0, val3: 0)
             exe-1050289 [003] ..... 1636892.775633: sys_futex(uaddr: 7fd66a44d000, op: 1, val: 1, utime: 0, uaddr2: 0, val3: 0)
             exe-1050289 [003] ..... 1636892.775643: sys_futex -> 0x1
             exe-1050289 [003] ..... 1636892.775645: sys_futex(uaddr: 7fd66a44d000, op: 0, val: 1, utime: 0, uaddr2: 0, val3: 0)
             exe-1050525 [002] ..... 1636892.775684: sys_futex -> 0x0
             exe-1050525 [002] ..... 1636892.775709: sys_fsync(fd: 223)
             exe-1050525 [002] ..... 1636892.775717: sys_fsync -> 0x0
             exe-1050525 [002] ..... 1636892.775721: sys_futex(uaddr: 7febabcd3000, op: 1, val: 1, utime: 0, uaddr2: 0, val3: 0)
             exe-1050525 [002] ..... 1636892.775730: sys_futex -> 0x1
             exe-1050525 [002] ..... 1636892.775732: sys_futex(uaddr: 7febabcd3000, op: 0, val: 0, utime: 0, uaddr2: 0, val3: 0)
             exe-1049673 [002] ..... 1636892.775739: sys_nanosleep -> 0x0
             exe-1049673 [002] ..... 1636892.775743: sys_futex(uaddr: c000482148, op: 81, val: 1, utime: 0, uaddr2: 0, val3: 0)
             exe-1049673 [002] ..... 1636892.775748: sys_futex -> 0x1
             exe-1049673 [002] ..... 1636892.775750: sys_nanosleep(rqtp: c000069f10, rmtp: 0)
           <...>-1049716 [003] ..... 1636892.775756: sys_futex -> 0x0
           <...>-1049716 [003] ..... 1636892.775763: sys_futex(uaddr: c000482148, op: 80, val: 0, utime: 0, uaddr2: 0, val3: 0)
             exe-1050289 [003] ..... 1636892.775774: sys_futex -> 0x0
             exe-1050289 [003] ..... 1636892.775784: sys_futex(uaddr: 7fd66a44d000, op: 1, val: 1, utime: 0, uaddr2: 0, val3: 0)
             exe-1050289 [003] ..... 1636892.775798: sys_futex -> 0x1
             exe-1050289 [003] ..... 1636892.775800: sys_futex(uaddr: 7fd66a44d000, op: 0, val: 1, utime: 0, uaddr2: 0, val3: 0)
             exe-1050525 [002] ..... 1636892.775813: sys_futex -> 0x0
             exe-1050525 [002] ..... 1636892.775819: sys_fsync(fd: 397)
             exe-1050525 [002] ..... 1636892.775855: sys_fsync -> 0x0
             exe-1050525 [002] ..... 1636892.775858: sys_futex(uaddr: 7febabcd3000, op: 1, val: 1, utime: 0, uaddr2: 0, val3: 0)
             exe-1050525 [002] ..... 1636892.775866: sys_futex -> 0x1
             exe-1050525 [002] ..... 1636892.775867: sys_futex(uaddr: 7febabcd3000, op: 0, val: 0, utime: 0, uaddr2: 0, val3: 0)
             exe-1049673 [002] ..... 1636892.775872: sys_nanosleep -> 0x0
             exe-1049673 [002] ..... 1636892.775875: sys_futex(uaddr: c000482148, op: 81, val: 1, utime: 0, uaddr2: 0, val3: 0)
             exe-1049673 [002] ..... 1636892.775879: sys_futex -> 0x1
             exe-1049673 [002] ..... 1636892.775881: sys_nanosleep(rqtp: c000069f10, rmtp: 0)
           <...>-1049716 [003] ..... 1636892.775889: sys_futex -> 0x0
           <...>-1049716 [003] ..... 1636892.775896: sys_futex(uaddr: c000482148, op: 80, val: 0, utime: 0, uaddr2: 0, val3: 0)
             exe-1050289 [003] ..... 1636892.775921: sys_futex -> 0x0
             exe-1050289 [003] ..... 1636892.775932: sys_futex(uaddr: 7fd66a44d000, op: 1, val: 1, utime: 0, uaddr2: 0, val3: 0)
             exe-1050289 [003] ..... 1636892.775943: sys_futex -> 0x1
             exe-1050289 [003] ..... 1636892.775945: sys_futex(uaddr: 7fd66a44d000, op: 0, val: 1, utime: 0, uaddr2: 0, val3: 0)
             exe-1049673 [002] ..... 1636892.775971: sys_nanosleep -> 0x0
             exe-1049673 [002] ..... 1636892.775974: sys_futex(uaddr: 1f09dc0, op: 80, val: 0, utime: c000069eb0, uaddr2: 0, val3: 0)
             exe-1050525 [002] ..... 1636892.775979: sys_futex -> 0x0
             exe-1050525 [002] ..... 1636892.775982: sys_futex(uaddr: 1f09dc0, op: 81, val: 1, utime: 0, uaddr2: 0, val3: 0)
             exe-1050525 [002] ..... 1636892.775984: sys_futex -> 0x1
             exe-1050525 [002] ..... 1636892.775995: sys_fsync(fd: 4eb)
             exe-1050525 [002] ..... 1636892.776002: sys_fsync -> 0x0
             exe-1050525 [002] ..... 1636892.776004: sys_futex(uaddr: 7febabcd3000, op: 1, val: 1, utime: 0, uaddr2: 0, val3: 0)
             exe-1050525 [002] ..... 1636892.776012: sys_futex -> 0x1
             exe-1050525 [002] ..... 1636892.776013: sys_futex(uaddr: 7febabcd3000, op: 0, val: 0, utime: 0, uaddr2: 0, val3: 0)
             exe-1049673 [002] ..... 1636892.776017: sys_futex -> 0x0
             exe-1049673 [002] ..... 1636892.776019: sys_futex(uaddr: c000482148, op: 81, val: 1, utime: 0, uaddr2: 0, val3: 0)
             exe-1049673 [002] ..... 1636892.776021: sys_futex -> 0x1
             exe-1049673 [002] ..... 1636892.776022: sys_nanosleep(rqtp: c000069f10, rmtp: 0)
           <...>-1049716 [003] ..... 1636892.776035: sys_futex -> 0x0
           <...>-1049716 [003] ..... 1636892.776042: sys_futex(uaddr: c000482148, op: 80, val: 0, utime: 0, uaddr2: 0, val3: 0)
             exe-1050289 [003] ..... 1636892.776054: sys_futex -> 0x0
             exe-1050289 [003] ..... 1636892.776063: sys_futex(uaddr: 7fd66a44d000, op: 1, val: 1, utime: 0, uaddr2: 0, val3: 0)
             exe-1050289 [003] ..... 1636892.776072: sys_futex -> 0x1
             exe-1050289 [003] ..... 1636892.776074: sys_futex(uaddr: 7fd66a44d000, op: 0, val: 1, utime: 0, uaddr2: 0, val3: 0)
             exe-1050525 [002] ..... 1636892.776077: sys_futex -> 0x0
             exe-1050525 [002] ..... 1636892.776081: sys_fsync(fd: 4f2)
             exe-1050525 [002] ..... 1636892.776083: sys_fsync -> 0x0
             exe-1050525 [002] ..... 1636892.776085: sys_futex(uaddr: 7febabcd3000, op: 1, val: 1, utime: 0, uaddr2: 0, val3: 0)
             exe-1050525 [002] ..... 1636892.776090: sys_futex -> 0x1
             exe-1050525 [002] ..... 1636892.776091: sys_futex(uaddr: 7febabcd3000, op: 0, val: 0, utime: 0, uaddr2: 0, val3: 0)
             exe-1050289 [003] ..... 1636892.776097: sys_futex -> 0x0
             exe-1050289 [003] ..... 1636892.776101: sys_futex(uaddr: 7fd66a44d000, op: 1, val: 1, utime: 0, uaddr2: 0, val3: 0)
             exe-1050289 [003] ..... 1636892.776105: sys_futex -> 0x1
             exe-1050289 [003] ..... 1636892.776107: sys_futex(uaddr: 7fd66a44d000, op: 0, val: 1, utime: 0, uaddr2: 0, val3: 0)
             exe-1049673 [002] ..... 1636892.776115: sys_nanosleep -> 0x0
             exe-1049673 [002] ..... 1636892.776118: sys_futex(uaddr: c000482148, op: 81, val: 1, utime: 0, uaddr2: 0, val3: 0)
             exe-1049673 [002] ..... 1636892.776122: sys_futex -> 0x1
             exe-1049673 [002] ..... 1636892.776123: sys_nanosleep(rqtp: c000069f10, rmtp: 0)
             exe-1050525 [002] ..... 1636892.776130: sys_futex -> 0x0
           <...>-1049716 [003] ..... 1636892.776131: sys_futex -> 0x0
             exe-1050525 [002] ..... 1636892.776135: sys_fsync(fd: 4f3)
           <...>-1049716 [003] ..... 1636892.776138: sys_futex(uaddr: c000482148, op: 80, val: 0, utime: 0, uaddr2: 0, val3: 0)
             exe-1050525 [002] ..... 1636892.776142: sys_fsync -> 0x0
             exe-1050525 [002] ..... 1636892.776149: sys_futex(uaddr: 7febabcd3000, op: 1, val: 1, utime: 0, uaddr2: 0, val3: 0)
             exe-1050525 [002] ..... 1636892.776154: sys_futex -> 0x1
             exe-1050525 [002] ..... 1636892.776156: sys_futex(uaddr: 7febabcd3000, op: 0, val: 0, utime: 0, uaddr2: 0, val3: 0)
             exe-1050289 [003] ..... 1636892.776166: sys_futex -> 0x0
             exe-1050289 [003] ..... 1636892.776186: sys_futex(uaddr: 7fd66a44d000, op: 1, val: 1, utime: 0, uaddr2: 0, val3: 0)
             exe-1050289 [003] ..... 1636892.776192: sys_futex -> 0x1
             exe-1050289 [003] ..... 1636892.776194: sys_futex(uaddr: 7fd66a44d000, op: 0, val: 1, utime: 0, uaddr2: 0, val3: 0)
             exe-1049673 [002] ..... 1636892.776212: sys_nanosleep -> 0x0
             exe-1049673 [002] ..... 1636892.776214: sys_futex(uaddr: c000482148, op: 81, val: 1, utime: 0, uaddr2: 0, val3: 0)
             exe-1049673 [002] ..... 1636892.776218: sys_futex -> 0x1
             exe-1049673 [002] ..... 1636892.776220: sys_nanosleep(rqtp: c000069f10, rmtp: 0)
             exe-1050525 [002] ..... 1636892.776227: sys_futex -> 0x0
           <...>-1049716 [003] ..... 1636892.776230: sys_futex -> 0x0
             exe-1050525 [002] ..... 1636892.776231: sys_fsync(fd: 5c)
           <...>-1049716 [003] ..... 1636892.776238: sys_futex(uaddr: c000482148, op: 80, val: 0, utime: 0, uaddr2: 0, val3: 0)
             exe-1050525 [002] ..... 1636892.776242: sys_fsync -> 0x0
             exe-1050525 [002] ..... 1636892.776244: sys_futex(uaddr: 7febabcd3000, op: 1, val: 1, utime: 0, uaddr2: 0, val3: 0)
             exe-1050525 [002] ..... 1636892.776249: sys_futex -> 0x1
             exe-1050525 [002] ..... 1636892.776251: sys_futex(uaddr: 7febabcd3000, op: 0, val: 0, utime: 0, uaddr2: 0, val3: 0)
             exe-1050289 [003] ..... 1636892.776261: sys_futex -> 0x0
             exe-1050289 [003] ..... 1636892.776270: sys_futex(uaddr: 7fd66a44d000, op: 1, val: 1, utime: 0, uaddr2: 0, val3: 0)
             exe-1050289 [003] ..... 1636892.776278: sys_futex -> 0x1
             exe-1050289 [003] ..... 1636892.776279: sys_futex(uaddr: 7fd66a44d000, op: 0, val: 1, utime: 0, uaddr2: 0, val3: 0)
             exe-1050525 [002] ..... 1636892.776282: sys_futex -> 0x0
             exe-1050525 [002] ..... 1636892.776286: sys_fsync(fd: 458)
             exe-1050525 [002] ..... 1636892.776303: sys_fsync -> 0x0
             exe-1050525 [002] ..... 1636892.776306: sys_futex(uaddr: 7febabcd3000, op: 1, val: 1, utime: 0, uaddr2: 0, val3: 0)
             exe-1050525 [002] ..... 1636892.776310: sys_futex -> 0x1
             exe-1050525 [002] ..... 1636892.776312: sys_futex(uaddr: 7febabcd3000, op: 0, val: 0, utime: 0, uaddr2: 0, val3: 0)
             exe-1049673 [002] ..... 1636892.776315: sys_nanosleep -> 0x0
             exe-1050289 [003] ..... 1636892.776317: sys_futex -> 0x0
             exe-1049673 [002] ..... 1636892.776318: sys_futex(uaddr: c000482148, op: 81, val: 1, utime: 0, uaddr2: 0, val3: 0)
             exe-1050289 [003] ..... 1636892.776321: sys_futex(uaddr: 7fd66a44d000, op: 1, val: 1, utime: 0, uaddr2: 0, val3: 0)
             exe-1049673 [002] ..... 1636892.776322: sys_futex -> 0x1
             exe-1049673 [002] ..... 1636892.776324: sys_nanosleep(rqtp: c000069f10, rmtp: 0)
             exe-1050289 [003] .N... 1636892.776330: sys_futex -> 0x1
             exe-1050525 [002] ..... 1636892.776336: sys_futex -> 0x0
           <...>-1049716 [003] ..... 1636892.776338: sys_futex -> 0x0
             exe-1050525 [002] ..... 1636892.776340: sys_fsync(fd: 500)
             exe-1050525 [002] ..... 1636892.776342: sys_fsync -> 0x0
             exe-1050525 [002] ..... 1636892.776344: sys_futex(uaddr: 7febabcd3000, op: 1, val: 1, utime: 0, uaddr2: 0, val3: 0)
             exe-1050525 [002] ..... 1636892.776345: sys_futex -> 0x0
           <...>-1049716 [003] ..... 1636892.776345: sys_futex(uaddr: c000482148, op: 80, val: 0, utime: 0, uaddr2: 0, val3: 0)
             exe-1050525 [002] ..... 1636892.776346: sys_futex(uaddr: 7febabcd3000, op: 0, val: 0, utime: 0, uaddr2: 0, val3: 0)
             exe-1050289 [003] ..... 1636892.776361: sys_fsync(fd: 68)
             exe-1050289 [003] ..... 1636892.776380: sys_fsync -> 0x0
             exe-1050289 [003] ..... 1636892.776384: sys_futex(uaddr: 7fd66a44d000, op: 1, val: 1, utime: 0, uaddr2: 0, val3: 0)
             exe-1050289 [003] ..... 1636892.776391: sys_futex -> 0x1
             exe-1050289 [003] ..... 1636892.776393: sys_futex(uaddr: 7fd66a44d000, op: 0, val: 1, utime: 0, uaddr2: 0, val3: 0)
             exe-1050525 [002] ..... 1636892.776407: sys_futex -> 0x0
             exe-1050525 [002] ..... 1636892.776416: sys_fsync(fd: 432)
             exe-1050525 [002] ..... 1636892.776421: sys_fsync -> 0x0
             exe-1050525 [002] ..... 1636892.776424: sys_futex(uaddr: 7febabcd3000, op: 1, val: 1, utime: 0, uaddr2: 0, val3: 0)
             exe-1050525 [002] ..... 1636892.776428: sys_futex -> 0x1
             exe-1050525 [002] ..... 1636892.776432: sys_futex(uaddr: 7febabcd3000, op: 0, val: 0, utime: 0, uaddr2: 0, val3: 0)
             exe-1049673 [002] ..... 1636892.776435: sys_nanosleep -> 0x0
             exe-1050289 [003] ..... 1636892.776435: sys_futex -> 0x0
             exe-1049673 [002] ..... 1636892.776437: sys_futex(uaddr: c000482148, op: 81, val: 1, utime: 0, uaddr2: 0, val3: 0)
             exe-1050289 [003] ..... 1636892.776439: sys_futex(uaddr: 7fd66a44d000, op: 1, val: 1, utime: 0, uaddr2: 0, val3: 0)
             exe-1049673 [002] ..... 1636892.776442: sys_futex -> 0x1
             exe-1049673 [002] ..... 1636892.776443: sys_nanosleep(rqtp: c000069f10, rmtp: 0)
             exe-1050289 [003] .N... 1636892.776449: sys_futex -> 0x1
             exe-1050525 [002] ..... 1636892.776454: sys_futex -> 0x0
           <...>-1049716 [003] ..... 1636892.776456: sys_futex -> 0x0
             exe-1050525 [002] ..... 1636892.776458: sys_fsync(fd: 3ae)
           <...>-1049716 [003] ..... 1636892.776463: sys_futex(uaddr: c000482148, op: 80, val: 0, utime: 0, uaddr2: 0, val3: 0)
             exe-1050525 [002] ..... 1636892.776464: sys_fsync -> 0x0
             exe-1050525 [002] ..... 1636892.776466: sys_futex(uaddr: 7febabcd3000, op: 1, val: 1, utime: 0, uaddr2: 0, val3: 0)
             exe-1050525 [002] ..... 1636892.776467: sys_futex -> 0x0
             exe-1050525 [002] ..... 1636892.776468: sys_futex(uaddr: 7febabcd3000, op: 0, val: 0, utime: 0, uaddr2: 0, val3: 0)
             exe-1050289 [003] ..... 1636892.776480: sys_fsync(fd: 69)
             exe-1050289 [003] ..... 1636892.776483: sys_fsync -> 0x0
             exe-1050289 [003] ..... 1636892.776485: sys_fsync(fd: 25)
             exe-1050289 [003] ..... 1636892.776486: sys_fsync -> 0x0
             exe-1050289 [003] ..... 1636892.776488: sys_fsync(fd: 26)
             exe-1050289 [003] ..... 1636892.776499: sys_fsync -> 0x0
             exe-1050289 [003] ..... 1636892.776503: sys_futex(uaddr: 7fd66a44d000, op: 1, val: 1, utime: 0, uaddr2: 0, val3: 0)
             exe-1050289 [003] ..... 1636892.776509: sys_futex -> 0x1
             exe-1050289 [003] ..... 1636892.776511: sys_futex(uaddr: 7fd66a44d000, op: 0, val: 1, utime: 0, uaddr2: 0, val3: 0)
             exe-1050525 [002] ..... 1636892.776514: sys_futex -> 0x0
             exe-1050525 [002] ..... 1636892.776530: sys_fsync(fd: c2)
             exe-1050525 [002] ..... 1636892.776537: sys_fsync -> 0x0
             exe-1050525 [002] ..... 1636892.776539: sys_futex(uaddr: 7febabcd3000, op: 1, val: 1, utime: 0, uaddr2: 0, val3: 0)
             exe-1050525 [002] ..... 1636892.776543: sys_futex -> 0x1
             exe-1050525 [002] ..... 1636892.776545: sys_futex(uaddr: 7febabcd3000, op: 0, val: 0, utime: 0, uaddr2: 0, val3: 0)
             exe-1049673 [002] ..... 1636892.776549: sys_nanosleep -> 0x0
             exe-1049673 [002] ..... 1636892.776551: sys_futex(uaddr: c000482148, op: 81, val: 1, utime: 0, uaddr2: 0, val3: 0)
             exe-1050289 [003] ..... 1636892.776551: sys_futex -> 0x0
             exe-1049673 [002] ..... 1636892.776555: sys_futex -> 0x1
             exe-1049673 [002] ..... 1636892.776556: sys_nanosleep(rqtp: c000069f10, rmtp: 0)
           <...>-1049716 [003] ..... 1636892.776565: sys_futex -> 0x0
           <...>-1049716 [003] ..... 1636892.776572: sys_futex(uaddr: c000482148, op: 80, val: 0, utime: 0, uaddr2: 0, val3: 0)
             exe-1050289 [003] ..... 1636892.776586: sys_fsync(fd: 2a)
             exe-1050289 [003] ..... 1636892.776599: sys_fsync -> 0x0
             exe-1050289 [003] ..... 1636892.776604: sys_futex(uaddr: 7fd66a44d000, op: 1, val: 1, utime: 0, uaddr2: 0, val3: 0)
             exe-1050289 [003] ..... 1636892.776615: sys_futex -> 0x1
             exe-1050289 [003] ..... 1636892.776617: sys_futex(uaddr: 7fd66a44d000, op: 0, val: 1, utime: 0, uaddr2: 0, val3: 0)
             exe-1050525 [002] ..... 1636892.776639: sys_futex -> 0x0
             exe-1050525 [002] ..... 1636892.776644: sys_fsync(fd: 45c)
             exe-1050525 [002] ..... 1636892.776646: sys_fsync -> 0x0
             exe-1050525 [002] ..... 1636892.776648: sys_futex(uaddr: 7febabcd3000, op: 1, val: 1, utime: 0, uaddr2: 0, val3: 0)
             exe-1050525 [002] ..... 1636892.776653: sys_futex -> 0x1
             exe-1050525 [002] ..... 1636892.776654: sys_futex(uaddr: 7febabcd3000, op: 0, val: 0, utime: 0, uaddr2: 0, val3: 0)
             exe-1049673 [002] ..... 1636892.776658: sys_nanosleep -> 0x0
             exe-1050289 [003] ..... 1636892.776660: sys_futex -> 0x0
             exe-1049673 [002] ..... 1636892.776660: sys_futex(uaddr: c000482148, op: 81, val: 1, utime: 0, uaddr2: 0, val3: 0)
             exe-1049673 [002] ..... 1636892.776664: sys_futex -> 0x1
             exe-1049673 [002] ..... 1636892.776666: sys_nanosleep(rqtp: c000069f10, rmtp: 0)
           <...>-1049716 [003] ..... 1636892.776674: sys_futex -> 0x0
           <...>-1049716 [003] ..... 1636892.776681: sys_futex(uaddr: c000482148, op: 80, val: 0, utime: 0, uaddr2: 0, val3: 0)
             exe-1050289 [003] ..... 1636892.776695: sys_futex(uaddr: 7fd66a44d000, op: 1, val: 1, utime: 0, uaddr2: 0, val3: 0)
             exe-1050289 [003] ..... 1636892.776705: sys_futex -> 0x1
             exe-1050289 [003] ..... 1636892.776707: sys_futex(uaddr: 7fd66a44d000, op: 0, val: 1, utime: 0, uaddr2: 0, val3: 0)
             exe-1050525 [002] ..... 1636892.776708: sys_futex -> 0x0
             exe-1050525 [002] ..... 1636892.776713: sys_fsync(fd: c3)
             exe-1050525 [002] ..... 1636892.776715: sys_fsync -> 0x0
             exe-1050525 [002] ..... 1636892.776716: sys_futex(uaddr: 7febabcd3000, op: 1, val: 1, utime: 0, uaddr2: 0, val3: 0)
             exe-1050525 [002] ..... 1636892.776721: sys_futex -> 0x1
             exe-1050525 [002] ..... 1636892.776722: sys_futex(uaddr: 7febabcd3000, op: 0, val: 0, utime: 0, uaddr2: 0, val3: 0)
             exe-1050289 [003] ..... 1636892.776727: sys_futex -> 0x0
             exe-1050289 [003] ..... 1636892.776741: sys_futex(uaddr: 7fd66a44d000, op: 1, val: 1, utime: 0, uaddr2: 0, val3: 0)
             exe-1050289 [003] ..... 1636892.776745: sys_futex -> 0x1
             exe-1050289 [003] ..... 1636892.776747: sys_futex(uaddr: 7fd66a44d000, op: 0, val: 1, utime: 0, uaddr2: 0, val3: 0)
             exe-1049673 [002] ..... 1636892.776756: sys_nanosleep -> 0x0
             exe-1049673 [002] ..... 1636892.776758: sys_futex(uaddr: c000482148, op: 81, val: 1, utime: 0, uaddr2: 0, val3: 0)
             exe-1049673 [002] ..... 1636892.776762: sys_futex -> 0x1
             exe-1049673 [002] ..... 1636892.776764: sys_nanosleep(rqtp: c000069f10, rmtp: 0)
             exe-1050525 [002] ..... 1636892.776771: sys_futex -> 0x0
           <...>-1049716 [003] ..... 1636892.776772: sys_futex -> 0x0
             exe-1050525 [002] ..... 1636892.776774: sys_fsync(fd: 4b7)
           <...>-1049716 [003] ..... 1636892.776779: sys_futex(uaddr: c000482148, op: 80, val: 0, utime: 0, uaddr2: 0, val3: 0)
             exe-1050525 [002] ..... 1636892.776787: sys_fsync -> 0x0
             exe-1050525 [002] ..... 1636892.776789: sys_futex(uaddr: 7febabcd3000, op: 1, val: 1, utime: 0, uaddr2: 0, val3: 0)
             exe-1050525 [002] ..... 1636892.776794: sys_futex -> 0x1
             exe-1050525 [002] ..... 1636892.776795: sys_futex(uaddr: 7febabcd3000, op: 0, val: 0, utime: 0, uaddr2: 0, val3: 0)
             exe-1050289 [003] ..... 1636892.776806: sys_futex -> 0x0
             exe-1050289 [003] ..... 1636892.776815: sys_futex(uaddr: 7fd66a44d000, op: 1, val: 1, utime: 0, uaddr2: 0, val3: 0)
             exe-1050289 [003] ..... 1636892.776822: sys_futex -> 0x1
             exe-1050289 [003] ..... 1636892.776824: sys_futex(uaddr: 7fd66a44d000, op: 0, val: 1, utime: 0, uaddr2: 0, val3: 0)
             exe-1050525 [002] ..... 1636892.776827: sys_futex -> 0x0
             exe-1050525 [002] ..... 1636892.776850: sys_fsync(fd: 1c4)
             exe-1050525 [002] ..... 1636892.776856: sys_fsync -> 0x0
             exe-1050525 [002] ..... 1636892.776858: sys_futex(uaddr: 7febabcd3000, op: 1, val: 1, utime: 0, uaddr2: 0, val3: 0)
             exe-1050525 [002] ..... 1636892.776863: sys_futex -> 0x1
             exe-1050525 [002] ..... 1636892.776864: sys_futex(uaddr: 7febabcd3000, op: 0, val: 0, utime: 0, uaddr2: 0, val3: 0)
             exe-1049673 [002] ..... 1636892.776868: sys_nanosleep -> 0x0
             exe-1050289 [003] ..... 1636892.776870: sys_futex -> 0x0
             exe-1049673 [002] ..... 1636892.776870: sys_futex(uaddr: c000482148, op: 81, val: 1, utime: 0, uaddr2: 0, val3: 0)
             exe-1050289 [003] ..... 1636892.776873: sys_futex(uaddr: 7fd66a44d000, op: 1, val: 1, utime: 0, uaddr2: 0, val3: 0)
             exe-1049673 [002] ..... 1636892.776875: sys_futex -> 0x1
             exe-1049673 [002] ..... 1636892.776877: sys_nanosleep(rqtp: c000069f10, rmtp: 0)
             exe-1050289 [003] .N... 1636892.776882: sys_futex -> 0x1
             exe-1050525 [002] ..... 1636892.776887: sys_futex -> 0x0
           <...>-1049716 [003] ..... 1636892.776889: sys_futex -> 0x0
             exe-1050525 [002] ..... 1636892.776891: sys_fsync(fd: 983)
           <...>-1049716 [003] ..... 1636892.776895: sys_futex(uaddr: c000482148, op: 80, val: 0, utime: 0, uaddr2: 0, val3: 0)
             exe-1050525 [002] ..... 1636892.776898: sys_fsync -> 0x0
             exe-1050525 [002] ..... 1636892.776900: sys_futex(uaddr: 7febabcd3000, op: 1, val: 1, utime: 0, uaddr2: 0, val3: 0)
             exe-1050525 [002] ..... 1636892.776900: sys_futex -> 0x0
             exe-1050525 [002] ..... 1636892.776902: sys_futex(uaddr: 7febabcd3000, op: 0, val: 0, utime: 0, uaddr2: 0, val3: 0)
             exe-1050289 [003] ..... 1636892.776912: sys_futex(uaddr: 7fd66a44d000, op: 1, val: 1, utime: 0, uaddr2: 0, val3: 0)
             exe-1050289 [003] ..... 1636892.776921: sys_futex -> 0x1
             exe-1050289 [003] ..... 1636892.776924: sys_futex(uaddr: 7fd66a44d000, op: 0, val: 1, utime: 0, uaddr2: 0, val3: 0)
             exe-1050525 [002] ..... 1636892.776925: sys_futex -> 0x0
             exe-1050525 [002] ..... 1636892.776928: sys_fsync(fd: 984)
             exe-1050525 [002] ..... 1636892.776936: sys_fsync -> 0x0
             exe-1050525 [002] ..... 1636892.776938: sys_futex(uaddr: 7febabcd3000, op: 1, val: 1, utime: 0, uaddr2: 0, val3: 0)
             exe-1050525 [002] ..... 1636892.776943: sys_futex -> 0x1
             exe-1050525 [002] ..... 1636892.776944: sys_futex(uaddr: 7febabcd3000, op: 0, val: 0, utime: 0, uaddr2: 0, val3: 0)
             exe-1050289 [003] ..... 1636892.776949: sys_futex -> 0x0
             exe-1050289 [003] ..... 1636892.776954: sys_futex(uaddr: 7fd66a44d000, op: 1, val: 1, utime: 0, uaddr2: 0, val3: 0)
             exe-1050289 [003] ..... 1636892.776958: sys_futex -> 0x1
             exe-1050289 [003] ..... 1636892.776960: sys_futex(uaddr: 7fd66a44d000, op: 0, val: 1, utime: 0, uaddr2: 0, val3: 0)
             exe-1049673 [002] ..... 1636892.776966: sys_nanosleep -> 0x0
             exe-1049673 [002] ..... 1636892.776968: sys_futex(uaddr: c000482148, op: 81, val: 1, utime: 0, uaddr2: 0, val3: 0)
             exe-1049673 [002] ..... 1636892.776973: sys_futex -> 0x1
             exe-1049673 [002] ..... 1636892.776974: sys_nanosleep(rqtp: c000069f10, rmtp: 0)
             exe-1050525 [002] ..... 1636892.776981: sys_futex -> 0x0
           <...>-1049716 [003] ..... 1636892.776982: sys_futex -> 0x0
             exe-1050525 [002] ..... 1636892.776985: sys_fsync(fd: 464)
             exe-1050525 [002] ..... 1636892.776987: sys_fsync -> 0x0
             exe-1050525 [002] ..... 1636892.776988: sys_futex(uaddr: 7febabcd3000, op: 1, val: 1, utime: 0, uaddr2: 0, val3: 0)
           <...>-1049716 [003] ..... 1636892.776989: sys_futex(uaddr: c000482148, op: 80, val: 0, utime: 0, uaddr2: 0, val3: 0)
             exe-1050525 [002] ..... 1636892.776993: sys_futex -> 0x1
             exe-1050525 [002] ..... 1636892.776995: sys_futex(uaddr: 7febabcd3000, op: 0, val: 0, utime: 0, uaddr2: 0, val3: 0)
             exe-1050289 [003] ..... 1636892.777006: sys_futex -> 0x0
             exe-1050289 [003] ..... 1636892.777026: sys_futex(uaddr: 7fd66a44d000, op: 1, val: 1, utime: 0, uaddr2: 0, val3: 0)
             exe-1050289 [003] ..... 1636892.777032: sys_futex -> 0x1
             exe-1050289 [003] ..... 1636892.777034: sys_futex(uaddr: 7fd66a44d000, op: 0, val: 1, utime: 0, uaddr2: 0, val3: 0)
             exe-1050525 [002] ..... 1636892.777037: sys_futex -> 0x0
             exe-1050525 [002] ..... 1636892.777041: sys_fsync(fd: 8c3)
             exe-1050525 [002] ..... 1636892.777042: sys_fsync -> 0x0
             exe-1050525 [002] ..... 1636892.777044: sys_futex(uaddr: 7febabcd3000, op: 1, val: 1, utime: 0, uaddr2: 0, val3: 0)
             exe-1050525 [002] ..... 1636892.777061: sys_futex -> 0x1
             exe-1050525 [002] ..... 1636892.777063: sys_futex(uaddr: 7febabcd3000, op: 0, val: 0, utime: 0, uaddr2: 0, val3: 0)
             exe-1049673 [002] ..... 1636892.777066: sys_nanosleep -> 0x0
             exe-1050289 [003] ..... 1636892.777067: sys_futex -> 0x0
             exe-1049673 [002] ..... 1636892.777069: sys_futex(uaddr: c000482148, op: 81, val: 1, utime: 0, uaddr2: 0, val3: 0)
             exe-1050289 [003] ..... 1636892.777071: sys_futex(uaddr: 7fd66a44d000, op: 1, val: 1, utime: 0, uaddr2: 0, val3: 0)
             exe-1049673 [002] ..... 1636892.777073: sys_futex -> 0x1
             exe-1049673 [002] ..... 1636892.777074: sys_nanosleep(rqtp: c000069f10, rmtp: 0)
             exe-1050289 [003] .N... 1636892.777080: sys_futex -> 0x1
             exe-1050525 [002] ..... 1636892.777086: sys_futex -> 0x0
           <...>-1049716 [003] ..... 1636892.777087: sys_futex -> 0x0
             exe-1050525 [002] ..... 1636892.777090: sys_fsync(fd: a24)
           <...>-1049716 [003] ..... 1636892.777094: sys_futex(uaddr: c000482148, op: 80, val: 0, utime: 0, uaddr2: 0, val3: 0)
             exe-1050525 [002] ..... 1636892.777097: sys_fsync -> 0x0
             exe-1050525 [002] ..... 1636892.777100: sys_futex(uaddr: 7febabcd3000, op: 1, val: 1, utime: 0, uaddr2: 0, val3: 0)
             exe-1050525 [002] ..... 1636892.777101: sys_futex -> 0x0
             exe-1050525 [002] ..... 1636892.777102: sys_futex(uaddr: 7febabcd3000, op: 0, val: 0, utime: 0, uaddr2: 0, val3: 0)
             exe-1050289 [003] ..... 1636892.777112: sys_futex(uaddr: 7fd66a44d000, op: 1, val: 1, utime: 0, uaddr2: 0, val3: 0)
             exe-1050289 [003] ..... 1636892.777120: sys_futex -> 0x1
             exe-1050289 [003] ..... 1636892.777123: sys_futex(uaddr: 7fd66a44d000, op: 0, val: 1, utime: 0, uaddr2: 0, val3: 0)
             exe-1050525 [002] ..... 1636892.777124: sys_futex -> 0x0
             exe-1050525 [002] ..... 1636892.777133: sys_fsync(fd: 3ac)
             exe-1050525 [002] ..... 1636892.777134: sys_fsync -> 0x0
             exe-1050525 [002] ..... 1636892.777137: sys_futex(uaddr: 7febabcd3000, op: 1, val: 1, utime: 0, uaddr2: 0, val3: 0)
             exe-1050525 [002] ..... 1636892.777141: sys_futex -> 0x1
             exe-1050525 [002] ..... 1636892.777143: sys_futex(uaddr: 7febabcd3000, op: 0, val: 0, utime: 0, uaddr2: 0, val3: 0)
             exe-1050289 [003] ..... 1636892.777148: sys_futex -> 0x0
             exe-1050289 [003] ..... 1636892.777152: sys_futex(uaddr: 7fd66a44d000, op: 1, val: 1, utime: 0, uaddr2: 0, val3: 0)
             exe-1050289 [003] ..... 1636892.777157: sys_futex -> 0x1
             exe-1050289 [003] ..... 1636892.777158: sys_futex(uaddr: 7fd66a44d000, op: 0, val: 1, utime: 0, uaddr2: 0, val3: 0)
             exe-1049673 [002] ..... 1636892.777164: sys_nanosleep -> 0x0
             exe-1049673 [002] ..... 1636892.777167: sys_futex(uaddr: c000482148, op: 81, val: 1, utime: 0, uaddr2: 0, val3: 0)
             exe-1049673 [002] ..... 1636892.777171: sys_futex -> 0x1
             exe-1049673 [002] ..... 1636892.777172: sys_nanosleep(rqtp: c000069f10, rmtp: 0)
             exe-1050525 [002] ..... 1636892.777179: sys_futex -> 0x0
           <...>-1049716 [003] ..... 1636892.777180: sys_futex -> 0x0
             exe-1050525 [002] ..... 1636892.777183: sys_fsync(fd: 3ba)
           <...>-1049716 [003] ..... 1636892.777186: sys_futex(uaddr: c000482148, op: 80, val: 0, utime: 0, uaddr2: 0, val3: 0)
             exe-1050525 [002] ..... 1636892.777190: sys_fsync -> 0x0
             exe-1050525 [002] ..... 1636892.777192: sys_futex(uaddr: 7febabcd3000, op: 1, val: 1, utime: 0, uaddr2: 0, val3: 0)
             exe-1050525 [002] ..... 1636892.777197: sys_futex -> 0x1
             exe-1050525 [002] ..... 1636892.777198: sys_futex(uaddr: 7febabcd3000, op: 0, val: 0, utime: 0, uaddr2: 0, val3: 0)
             exe-1050289 [003] ..... 1636892.777208: sys_futex -> 0x0
             exe-1050289 [003] ..... 1636892.777217: sys_futex(uaddr: 7fd66a44d000, op: 1, val: 1, utime: 0, uaddr2: 0, val3: 0)
             exe-1050289 [003] ..... 1636892.777224: sys_futex -> 0x1
             exe-1050289 [003] ..... 1636892.777226: sys_futex(uaddr: 7fd66a44d000, op: 0, val: 1, utime: 0, uaddr2: 0, val3: 0)
             exe-1050525 [002] ..... 1636892.777228: sys_futex -> 0x0
             exe-1050525 [002] ..... 1636892.777231: sys_fsync(fd: 415)
             exe-1050525 [002] ..... 1636892.777232: sys_fsync -> 0x0
             exe-1050525 [002] ..... 1636892.777234: sys_futex(uaddr: 7febabcd3000, op: 1, val: 1, utime: 0, uaddr2: 0, val3: 0)
             exe-1050525 [002] ..... 1636892.777238: sys_futex -> 0x1
             exe-1050525 [002] ..... 1636892.777240: sys_futex(uaddr: 7febabcd3000, op: 0, val: 0, utime: 0, uaddr2: 0, val3: 0)
             exe-1050289 [003] ..... 1636892.777245: sys_futex -> 0x0
             exe-1050289 [003] ..... 1636892.777248: sys_futex(uaddr: 7fd66a44d000, op: 1, val: 1, utime: 0, uaddr2: 0, val3: 0)
             exe-1050289 [003] ..... 1636892.777253: sys_futex -> 0x1
