             exe-1050008 [001] ..... 1637020.847476: sys_ptrace(request: 1f, pid: 1005d0, addr: 0, data: 0)
             exe-1050008 [001] ..... 1637020.847482: sys_ptrace -> 0x0
             exe-1050008 [001] ..... 1637020.847484: sys_wait4(upid: 1005d0, stat_addr: c000a2fbf4, options: 40000002, ru: 0)
             exe-1049673 [002] ..... 1637020.847491: sys_nanosleep -> 0x0
             exe-1050064 [003] ..... 1637020.847492: sys_write -> 0x37
             exe-1049673 [002] ..... 1637020.847494: sys_nanosleep(rqtp: c000069f10, rmtp: 0)
             exe-1050008 [001] ..... 1637020.847507: sys_wait4 -> 0x1005d0
             exe-1050008 [001] ..... 1637020.847509: sys_ptrace(request: 4204, pid: 1005d0, addr: 1, data: c000a2fc70)
             exe-1050008 [001] ..... 1637020.847512: sys_ptrace -> 0x0
             exe-1050008 [001] ..... 1637020.847513: sys_ptrace(request: 4204, pid: 1005d0, addr: 202, data: c000a2fc70)
             exe-1050008 [001] ..... 1637020.847515: sys_ptrace -> 0x0
             exe-1050008 [001] ..... 1637020.847520: sys_ptrace(request: 4205, pid: 1005d0, addr: 1, data: c000a2fc70)
             exe-1050008 [001] ..... 1637020.847522: sys_ptrace -> 0x0
             exe-1050008 [001] ..... 1637020.847524: sys_ptrace(request: 4205, pid: 1005d0, addr: 202, data: c000a2fc70)
             exe-1050008 [001] ..... 1637020.847529: sys_ptrace -> 0x0
             exe-1050008 [001] ..... 1637020.847531: sys_ptrace(request: 1f, pid: 1005d0, addr: 0, data: 0)
             exe-1050008 [001] ..... 1637020.847537: sys_ptrace -> 0x0
             exe-1050008 [001] ..... 1637020.847538: sys_wait4(upid: 1005d0, stat_addr: c000a2fbf4, options: 40000002, ru: 0)
             exe-1049567 [002] ..... 1637020.847586: sys_nanosleep -> 0x0
             exe-1049567 [002] ..... 1637020.847592: sys_nanosleep(rqtp: c000069f10, rmtp: 0)
             exe-1049673 [002] ..... 1637020.847612: sys_nanosleep -> 0x0
             exe-1049673 [002] ..... 1637020.847617: sys_nanosleep(rqtp: c000069f10, rmtp: 0)
             exe-1049673 [002] ..... 1637020.847710: sys_nanosleep -> 0x0
             exe-1049673 [002] ..... 1637020.847713: sys_nanosleep(rqtp: c000069f10, rmtp: 0)
             exe-1049673 [002] ..... 1637020.847797: sys_nanosleep -> 0x0
             exe-1049673 [002] ..... 1637020.847800: sys_nanosleep(rqtp: c000069f10, rmtp: 0)
             exe-1050064 [003] ..... 1637020.847826: sys_timerfd_create -> 0xffffffffffffffea
             exe-1050008 [001] ..... 1637020.847878: sys_wait4 -> 0x1005d0
             exe-1049673 [002] ..... 1637020.847883: sys_nanosleep -> 0x0
             exe-1050008 [001] ..... 1637020.847883: sys_ptrace(request: 4204, pid: 1005d0, addr: 1, data: c000a2fc70)
             exe-1049673 [002] ..... 1637020.847885: sys_nanosleep(rqtp: c000069f10, rmtp: 0)
             exe-1050008 [001] ..... 1637020.847888: sys_ptrace -> 0x0
             exe-1050008 [001] ..... 1637020.847890: sys_ptrace(request: 4204, pid: 1005d0, addr: 202, data: c000a2fc70)
             exe-1050008 [001] ..... 1637020.847893: sys_ptrace -> 0x0
             exe-1050008 [001] ..... 1637020.847906: sys_pwrite64(fd: 63, buf: 7fd66ed81080, count: 35, pos: 37)
             exe-1050008 [001] ..... 1637020.847909: tracing_mark_write: timerfd_create(clockid=0x0, flags=0x7fa07c819d00) end
             exe-1050008 [001] ..... 1637020.927726: tracing_mark_write: timerfd_create(clockid=0x0, flags=0x7fa07c819d00) start
             exe-1050008 [001] ..... 1637020.927727: sys_pwrite64 -> 0x37
             exe-1050008 [001] ..... 1637020.927732: sys_ptrace(request: 4205, pid: 1005d0, addr: 1, data: c000a2fc70)
             exe-1050008 [001] ..... 1637020.927734: sys_ptrace -> 0x0
             exe-1050008 [001] ..... 1637020.927736: sys_ptrace(request: 4205, pid: 1005d0, addr: 202, data: c000a2fc70)
             exe-1049673 [000] ..... 1637020.927737: sys_nanosleep -> 0x0
             exe-1050008 [001] ..... 1637020.927742: sys_ptrace -> 0x0
             exe-1049673 [000] ..... 1637020.927742: sys_nanosleep(rqtp: c000069f10, rmtp: 0)
             exe-1050008 [001] ..... 1637020.927744: sys_ptrace(request: 1f, pid: 1005d0, addr: 0, data: 0)
             exe-1050008 [001] ..... 1637020.927750: sys_ptrace -> 0x0
             exe-1050008 [001] ..... 1637020.927752: sys_wait4(upid: 1005d0, stat_addr: c000a2fbf4, options: 40000002, ru: 0)
             exe-1049567 [002] ..... 1637020.927780: sys_nanosleep -> 0x0
             exe-1049567 [002] ..... 1637020.927784: sys_nanosleep(rqtp: c000069f10, rmtp: 0)
             exe-1050064 [002] ..... 1637020.927798: sys_write -> 0x37
             exe-1050008 [001] ..... 1637020.927814: sys_wait4 -> 0x1005d0
             exe-1050008 [001] ..... 1637020.927817: sys_ptrace(request: 4204, pid: 1005d0, addr: 1, data: c000a2fc70)
             exe-1050008 [001] ..... 1637020.927819: sys_ptrace -> 0x0
             exe-1050008 [001] ..... 1637020.927820: sys_ptrace(request: 4204, pid: 1005d0, addr: 202, data: c000a2fc70)
             exe-1050008 [001] ..... 1637020.927822: sys_ptrace -> 0x0
             exe-1050008 [001] ..... 1637020.927828: sys_ptrace(request: 4205, pid: 1005d0, addr: 1, data: c000a2fc70)
             exe-1050008 [001] ..... 1637020.927830: sys_ptrace -> 0x0
             exe-1050008 [001] ..... 1637020.927832: sys_ptrace(request: 4205, pid: 1005d0, addr: 202, data: c000a2fc70)
             exe-1049673 [000] ..... 1637020.927848: sys_nanosleep -> 0x0
             exe-1050008 [001] ..... 1637020.927850: sys_ptrace -> 0x0
             exe-1050008 [001] ..... 1637020.927852: sys_ptrace(request: 1f, pid: 1005d0, addr: 0, data: 0)
             exe-1049673 [000] ..... 1637020.927854: sys_nanosleep(rqtp: c000069f10, rmtp: 0)
             exe-1050008 [001] ..... 1637020.927857: sys_ptrace -> 0x0
             exe-1050008 [001] ..... 1637020.927859: sys_wait4(upid: 1005d0, stat_addr: c000a2fbf4, options: 40000002, ru: 0)
             exe-1049567 [002] ..... 1637020.927880: sys_nanosleep -> 0x0
             exe-1049567 [002] ..... 1637020.927884: sys_nanosleep(rqtp: c000069f10, rmtp: 0)
             exe-1050064 [002] ..... 1637020.927899: sys_timerfd_create -> 0xffffffffffffffea
             exe-1050008 [001] ..... 1637020.927914: sys_wait4 -> 0x1005d0
             exe-1050008 [001] ..... 1637020.927916: sys_ptrace(request: 4204, pid: 1005d0, addr: 1, data: c000a2fc70)
             exe-1050008 [001] ..... 1637020.927919: sys_ptrace -> 0x0
             exe-1050008 [001] ..... 1637020.927920: sys_ptrace(request: 4204, pid: 1005d0, addr: 202, data: c000a2fc70)
             exe-1050008 [001] ..... 1637020.927922: sys_ptrace -> 0x0
             exe-1050008 [001] ..... 1637020.927927: sys_pwrite64(fd: 63, buf: 7fd66ed81080, count: 35, pos: 37)
             exe-1050008 [001] ..... 1637020.927928: tracing_mark_write: timerfd_create(clockid=0x0, flags=0x7fa07c819d00) end
             exe-1050232 [003] ..... 1637020.988477: tracing_mark_write: timerfd_create(clockid=0x0, flags=0x7fa07c819d00) start
             exe-1050232 [003] ..... 1637020.988480: sys_pwrite64 -> 0x37
             exe-1049673 [000] ..... 1637020.988481: sys_nanosleep -> 0x0
             exe-1050232 [003] ..... 1637020.988485: sys_ptrace(request: 4205, pid: 100706, addr: 1, data: c000a2fc70)
             exe-1049673 [000] ..... 1637020.988487: sys_nanosleep(rqtp: c000069f10, rmtp: 0)
             exe-1050232 [003] ..... 1637020.988487: sys_ptrace -> 0x0
             exe-1050232 [003] ..... 1637020.988489: sys_ptrace(request: 4205, pid: 100706, addr: 202, data: c000a2fc70)
             exe-1050232 [003] ..... 1637020.988496: sys_ptrace -> 0x0
             exe-1050232 [003] ..... 1637020.988498: sys_ptrace(request: 1f, pid: 100706, addr: 0, data: 0)
             exe-1050232 [003] ..... 1637020.988509: sys_ptrace -> 0x0
             exe-1050232 [003] ..... 1637020.988511: sys_wait4(upid: 100706, stat_addr: c000a2fbf4, options: 40000002, ru: 0)
             exe-1050374 [001] ..... 1637020.988523: sys_write -> 0x37
             exe-1050232 [003] ..... 1637020.988538: sys_wait4 -> 0x100706
             exe-1050232 [003] ..... 1637020.988541: sys_ptrace(request: 4204, pid: 100706, addr: 1, data: c000a2fc70)
             exe-1049567 [002] ..... 1637020.988544: sys_nanosleep -> 0x0
             exe-1050232 [003] ..... 1637020.988544: sys_ptrace -> 0x0
             exe-1050232 [003] ..... 1637020.988545: sys_ptrace(request: 4204, pid: 100706, addr: 202, data: c000a2fc70)
             exe-1049567 [002] ..... 1637020.988546: sys_nanosleep(rqtp: c000069f10, rmtp: 0)
             exe-1050232 [003] ..... 1637020.988547: sys_ptrace -> 0x0
             exe-1050232 [003] ..... 1637020.988552: sys_ptrace(request: 4205, pid: 100706, addr: 1, data: c000a2fc70)
             exe-1050232 [003] ..... 1637020.988554: sys_ptrace -> 0x0
             exe-1050232 [003] ..... 1637020.988556: sys_ptrace(request: 4205, pid: 100706, addr: 202, data: c000a2fc70)
             exe-1050232 [003] ..... 1637020.988562: sys_ptrace -> 0x0
             exe-1050232 [003] ..... 1637020.988564: sys_ptrace(request: 1f, pid: 100706, addr: 0, data: 0)
             exe-1050232 [003] ..... 1637020.988573: sys_ptrace -> 0x0
             exe-1050232 [003] ..... 1637020.988575: sys_wait4(upid: 100706, stat_addr: c000a2fbf4, options: 40000002, ru: 0)
             exe-1050374 [001] ..... 1637020.988586: sys_timerfd_create -> 0xffffffffffffffea
             exe-1049673 [000] ..... 1637020.988591: sys_nanosleep -> 0x0
             exe-1049673 [000] ..... 1637020.988596: sys_nanosleep(rqtp: c000069f10, rmtp: 0)
             exe-1050232 [003] ..... 1637020.988600: sys_wait4 -> 0x100706
             exe-1050232 [003] ..... 1637020.988603: sys_ptrace(request: 4204, pid: 100706, addr: 1, data: c000a2fc70)
             exe-1050232 [003] ..... 1637020.988606: sys_ptrace -> 0x0
             exe-1050232 [003] ..... 1637020.988607: sys_ptrace(request: 4204, pid: 100706, addr: 202, data: c000a2fc70)
             exe-1050232 [003] ..... 1637020.988610: sys_ptrace -> 0x0
             exe-1050232 [003] ..... 1637020.988615: sys_pwrite64(fd: 63, buf: 7fd66ed81080, count: 35, pos: 37)
             exe-1050232 [003] ..... 1637020.988616: tracing_mark_write: timerfd_create(clockid=0x0, flags=0x7fa07c819d00) end
             exe-1050232 [003] ..... 1637021.069339: tracing_mark_write: timerfd_create(clockid=0x0, flags=0x7fa07c819d00) start
             exe-1049567 [002] ..... 1637021.069340: sys_nanosleep(rqtp: c000069f10, rmtp: 0)
             exe-1050232 [003] ..... 1637021.069341: sys_pwrite64 -> 0x37
             exe-1050232 [003] ..... 1637021.069345: sys_ptrace(request: 4205, pid: 100706, addr: 1, data: c000a2fc70)
             exe-1050232 [003] ..... 1637021.069348: sys_ptrace -> 0x0
             exe-1050232 [003] ..... 1637021.069349: sys_ptrace(request: 4205, pid: 100706, addr: 202, data: c000a2fc70)
             exe-1050232 [003] ..... 1637021.069357: sys_ptrace -> 0x0
             exe-1050232 [003] ..... 1637021.069359: sys_ptrace(request: 1f, pid: 100706, addr: 0, data: 0)
             exe-1050232 [003] ..... 1637021.069361: sys_ptrace -> 0x0
             exe-1050232 [003] ..... 1637021.069362: sys_wait4(upid: 100706, stat_addr: c000a2fbf4, options: 40000002, ru: 0)
             exe-1049673 [002] ..... 1637021.069363: sys_nanosleep -> 0x0
             exe-1049673 [002] ..... 1637021.069368: sys_nanosleep(rqtp: c000069f10, rmtp: 0)
             exe-1050374 [001] ..... 1637021.069396: sys_write -> 0x37
             exe-1050232 [003] ..... 1637021.069414: sys_wait4 -> 0x100706
             exe-1050232 [003] ..... 1637021.069417: sys_ptrace(request: 4204, pid: 100706, addr: 1, data: c000a2fc70)
             exe-1050232 [003] ..... 1637021.069419: sys_ptrace -> 0x0
             exe-1050232 [003] ..... 1637021.069420: sys_ptrace(request: 4204, pid: 100706, addr: 202, data: c000a2fc70)
             exe-1050232 [003] ..... 1637021.069422: sys_ptrace -> 0x0
             exe-1050232 [003] ..... 1637021.069427: sys_ptrace(request: 4205, pid: 100706, addr: 1, data: c000a2fc70)
             exe-1050232 [003] ..... 1637021.069429: sys_ptrace -> 0x0
             exe-1050232 [003] ..... 1637021.069430: sys_ptrace(request: 4205, pid: 100706, addr: 202, data: c000a2fc70)
             exe-1050232 [003] ..... 1637021.069435: sys_ptrace -> 0x0
             exe-1050232 [003] ..... 1637021.069436: sys_ptrace(request: 1f, pid: 100706, addr: 0, data: 0)
             exe-1050232 [003] ..... 1637021.069442: sys_ptrace -> 0x0
             exe-1049567 [002] ..... 1637021.069444: sys_nanosleep -> 0x0
             exe-1050232 [003] ..... 1637021.069444: sys_wait4(upid: 100706, stat_addr: c000a2fbf4, options: 40000002, ru: 0)
             exe-1049567 [002] ..... 1637021.069449: sys_nanosleep(rqtp: c000069f10, rmtp: 0)
             exe-1049673 [002] ..... 1637021.069471: sys_nanosleep -> 0x0
             exe-1049673 [002] ..... 1637021.069476: sys_nanosleep(rqtp: c000069f10, rmtp: 0)
             exe-1050374 [001] ..... 1637021.069502: sys_timerfd_create -> 0xffffffffffffffea
             exe-1050232 [003] ..... 1637021.069519: sys_wait4 -> 0x100706
             exe-1050232 [003] ..... 1637021.069521: sys_ptrace(request: 4204, pid: 100706, addr: 1, data: c000a2fc70)
             exe-1050232 [003] ..... 1637021.069523: sys_ptrace -> 0x0
             exe-1050232 [003] ..... 1637021.069525: sys_ptrace(request: 4204, pid: 100706, addr: 202, data: c000a2fc70)
             exe-1050232 [003] ..... 1637021.069527: sys_ptrace -> 0x0
             exe-1050232 [003] ..... 1637021.069532: sys_pwrite64(fd: 63, buf: 7fd66ed81080, count: 35, pos: 37)
             exe-1050232 [003] ..... 1637021.069533: tracing_mark_write: timerfd_create(clockid=0x0, flags=0x7fa07c819d00) end
             exe-1050232 [003] ..... 1637021.132652: tracing_mark_write: timerfd_create(clockid=0x0, flags=0x7fa07c819d00) start
             exe-1050232 [003] ..... 1637021.132654: sys_pwrite64 -> 0x37
             exe-1050232 [003] ..... 1637021.132659: sys_ptrace(request: 4205, pid: 100706, addr: 1, data: c000a2fc70)
             exe-1050232 [003] ..... 1637021.132661: sys_ptrace -> 0x0
             exe-1050232 [003] ..... 1637021.132663: sys_ptrace(request: 4205, pid: 100706, addr: 202, data: c000a2fc70)
             exe-1050232 [003] ..... 1637021.132670: sys_ptrace -> 0x0
             exe-1050232 [003] ..... 1637021.132672: sys_ptrace(request: 1f, pid: 100706, addr: 0, data: 0)
             exe-1050232 [003] ..... 1637021.132681: sys_ptrace -> 0x0
             exe-1050232 [003] ..... 1637021.132683: sys_wait4(upid: 100706, stat_addr: c000a2fbf4, options: 40000002, ru: 0)
             exe-1049567 [002] ..... 1637021.132696: sys_nanosleep -> 0x0
             exe-1049567 [002] ..... 1637021.132702: sys_nanosleep(rqtp: c000069f10, rmtp: 0)
             exe-1050374 [001] ..... 1637021.132704: sys_write -> 0x37
             exe-1050232 [003] ..... 1637021.132720: sys_wait4 -> 0x100706
             exe-1050232 [003] ..... 1637021.132722: sys_ptrace(request: 4204, pid: 100706, addr: 1, data: c000a2fc70)
             exe-1049673 [002] ..... 1637021.132724: sys_nanosleep(rqtp: c000069f10, rmtp: 0)
             exe-1050232 [003] ..... 1637021.132725: sys_ptrace -> 0x0
             exe-1050232 [003] ..... 1637021.132726: sys_ptrace(request: 4204, pid: 100706, addr: 202, data: c000a2fc70)
             exe-1050232 [003] ..... 1637021.132728: sys_ptrace -> 0x0
             exe-1050232 [003] ..... 1637021.132732: sys_ptrace(request: 4205, pid: 100706, addr: 1, data: c000a2fc70)
             exe-1050232 [003] ..... 1637021.132734: sys_ptrace -> 0x0
             exe-1050232 [003] ..... 1637021.132735: sys_ptrace(request: 4205, pid: 100706, addr: 202, data: c000a2fc70)
             exe-1050232 [003] ..... 1637021.132740: sys_ptrace -> 0x0
             exe-1050232 [003] ..... 1637021.132742: sys_ptrace(request: 1f, pid: 100706, addr: 0, data: 0)
             exe-1050232 [003] ..... 1637021.132750: sys_ptrace -> 0x0
             exe-1050232 [003] ..... 1637021.132752: sys_wait4(upid: 100706, stat_addr: c000a2fbf4, options: 40000002, ru: 0)
             exe-1050374 [001] ..... 1637021.132771: sys_timerfd_create -> 0xffffffffffffffea
             exe-1050232 [003] ..... 1637021.132785: sys_wait4 -> 0x100706
             exe-1050232 [003] ..... 1637021.132788: sys_ptrace(request: 4204, pid: 100706, addr: 1, data: c000a2fc70)
             exe-1050232 [003] ..... 1637021.132790: sys_ptrace -> 0x0
             exe-1050232 [003] ..... 1637021.132791: sys_ptrace(request: 4204, pid: 100706, addr: 202, data: c000a2fc70)
             exe-1050232 [003] ..... 1637021.132793: sys_ptrace -> 0x0
             exe-1049567 [002] ..... 1637021.132810: sys_nanosleep -> 0x0
             exe-1049567 [002] ..... 1637021.132816: sys_nanosleep(rqtp: c000069f10, rmtp: 0)
             exe-1049673 [002] ..... 1637021.132834: sys_nanosleep -> 0x0
             exe-1049673 [002] ..... 1637021.132841: sys_futex(uaddr: c000383948, op: 81, val: 1, utime: 0, uaddr2: 0, val3: 0)
             exe-1049673 [002] .N... 1637021.132850: sys_futex -> 0x1
             exe-1050525 [002] ..... 1637021.132854: sys_futex -> 0x0
             exe-1050525 [002] ..... 1637021.132931: sys_futex(uaddr: c000383948, op: 80, val: 0, utime: 0, uaddr2: 0, val3: 0)
             exe-1049567 [002] ..... 1637021.132947: sys_nanosleep -> 0x0
             exe-1049567 [002] ..... 1637021.132953: sys_nanosleep(rqtp: c000069f10, rmtp: 0)
             exe-1049567 [002] ..... 1637021.133043: sys_nanosleep -> 0x0
             exe-1049567 [002] ..... 1637021.133048: sys_nanosleep(rqtp: c000069f10, rmtp: 0)
             exe-1049673 [002] ..... 1637021.133070: sys_nanosleep(rqtp: c000069f10, rmtp: 0)
             exe-1049567 [002] ..... 1637021.133156: sys_nanosleep -> 0x0
             exe-1049567 [002] ..... 1637021.133162: sys_nanosleep(rqtp: c000069f10, rmtp: 0)
             exe-1049673 [002] ..... 1637021.133179: sys_nanosleep -> 0x0
             exe-1049673 [002] ..... 1637021.133186: sys_futex(uaddr: 1f09dc0, op: 80, val: 0, utime: c000069eb0, uaddr2: 0, val3: 0)
             exe-1049567 [002] ..... 1637021.133271: sys_nanosleep -> 0x0
             exe-1049567 [002] ..... 1637021.133277: sys_nanosleep(rqtp: c000069f10, rmtp: 0)
             exe-1049567 [002] ..... 1637021.133369: sys_nanosleep -> 0x0
             exe-1049567 [002] ..... 1637021.133375: sys_nanosleep(rqtp: c000069f10, rmtp: 0)
             exe-1050282 [002] ..... 1637021.133474: sys_epoll_pwait -> 0x0
             exe-1050282 [002] ..... 1637021.133486: sys_epoll_pwait(epfd: 11, events: c000695840, maxevents: 80, timeout: 1, sigmask: 0, sigsetsize: 0)
             exe-1049567 [002] ..... 1637021.133496: sys_nanosleep -> 0x0
             exe-1049567 [002] ..... 1637021.133499: sys_nanosleep(rqtp: c000069f10, rmtp: 0)
             exe-1049567 [002] ..... 1637021.133582: sys_nanosleep -> 0x0
             exe-1049567 [002] ..... 1637021.133587: sys_nanosleep(rqtp: c000069f10, rmtp: 0)
             exe-1049567 [002] ..... 1637021.133689: sys_nanosleep -> 0x0
             exe-1049567 [002] ..... 1637021.133695: sys_nanosleep(rqtp: c000069f10, rmtp: 0)
             exe-1049567 [002] ..... 1637021.133797: sys_nanosleep -> 0x0
             exe-1049567 [002] ..... 1637021.133802: sys_nanosleep(rqtp: c000069f10, rmtp: 0)
             exe-1049567 [002] ..... 1637021.133905: sys_nanosleep -> 0x0
             exe-1049567 [002] ..... 1637021.133910: sys_nanosleep(rqtp: c000069f10, rmtp: 0)
             exe-1049567 [002] ..... 1637021.134013: sys_nanosleep -> 0x0
             exe-1049567 [002] ..... 1637021.134018: sys_nanosleep(rqtp: c000069f10, rmtp: 0)
             exe-1049567 [002] ..... 1637021.134120: sys_nanosleep -> 0x0
             exe-1049567 [002] ..... 1637021.134126: sys_nanosleep(rqtp: c000069f10, rmtp: 0)
             exe-1049567 [002] ..... 1637021.134228: sys_nanosleep -> 0x0
             exe-1049567 [002] ..... 1637021.134233: sys_nanosleep(rqtp: c000069f10, rmtp: 0)
             exe-1049567 [002] ..... 1637021.134409: sys_nanosleep -> 0x0
             exe-1049567 [002] ..... 1637021.134414: sys_nanosleep(rqtp: c000069f10, rmtp: 0)
             exe-1050282 [002] ..... 1637021.134577: sys_epoll_pwait -> 0x0
             exe-1050282 [002] ..... 1637021.134591: sys_futex(uaddr: c000435948, op: 81, val: 1, utime: 0, uaddr2: 0, val3: 0)
             exe-1050282 [002] ..... 1637021.134608: sys_futex -> 0x1
             exe-1050282 [002] ..... 1637021.134624: sys_epoll_pwait(epfd: 11, events: c000695840, maxevents: 80, timeout: 9, sigmask: 0, sigsetsize: 0)
             exe-1050008 [001] ..... 1637021.134637: sys_futex -> 0x0
             exe-1050008 [001] ..... 1637021.134650: sys_futex(uaddr: c000435948, op: 80, val: 0, utime: 0, uaddr2: 0, val3: 0)
             exe-1049567 [002] ..... 1637021.134696: sys_nanosleep -> 0x0
             exe-1049567 [002] ..... 1637021.134702: sys_nanosleep(rqtp: c000069f10, rmtp: 0)
             exe-1049567 [002] ..... 1637021.135070: sys_nanosleep -> 0x0
             exe-1049567 [002] ..... 1637021.135076: sys_nanosleep(rqtp: c000069f10, rmtp: 0)
             exe-1049567 [002] ..... 1637021.135797: sys_nanosleep -> 0x0
             exe-1049567 [002] ..... 1637021.140488: sys_nanosleep(rqtp: c000069f10, rmtp: 0)
             exe-1050232 [003] ..... 1637021.140498: sys_pwrite64(fd: 63, buf: 7fd66ed81080, count: 35, pos: 37)
             exe-1050232 [003] ..... 1637021.140503: tracing_mark_write: timerfd_create(clockid=0x0, flags=0x7fa07c819d00) end
             exe-1050232 [003] ..... 1637021.201835: tracing_mark_write: timerfd_create(clockid=0x0, flags=0x7fa07c819d00) start
             exe-1050232 [003] ..... 1637021.201837: sys_pwrite64 -> 0x37
             exe-1050232 [003] ..... 1637021.201843: sys_ptrace(request: 4205, pid: 100706, addr: 1, data: c000a2fc70)
             exe-1050232 [003] ..... 1637021.201846: sys_ptrace -> 0x0
             exe-1050232 [003] ..... 1637021.201847: sys_ptrace(request: 4205, pid: 100706, addr: 202, data: c000a2fc70)
             exe-1050232 [003] ..... 1637021.201855: sys_ptrace -> 0x0
             exe-1050232 [003] ..... 1637021.201857: sys_ptrace(request: 1f, pid: 100706, addr: 0, data: 0)
             exe-1050232 [003] ..... 1637021.201859: sys_ptrace -> 0x0
             exe-1050232 [003] ..... 1637021.201861: sys_wait4(upid: 100706, stat_addr: c000a2fbf4, options: 40000002, ru: 0)
             exe-1050374 [001] ..... 1637021.201897: sys_write -> 0x37
             exe-1049567 [002] ..... 1637021.201901: sys_nanosleep -> 0x0
             exe-1049567 [002] ..... 1637021.201907: sys_nanosleep(rqtp: c000069f10, rmtp: 0)
             exe-1050232 [003] ..... 1637021.201917: sys_wait4 -> 0x100706
             exe-1050232 [003] ..... 1637021.201920: sys_ptrace(request: 4204, pid: 100706, addr: 1, data: c000a2fc70)
             exe-1050232 [003] ..... 1637021.201923: sys_ptrace -> 0x0
             exe-1050232 [003] ..... 1637021.201924: sys_ptrace(request: 4204, pid: 100706, addr: 202, data: c000a2fc70)
             exe-1050232 [003] ..... 1637021.201927: sys_ptrace -> 0x0
             exe-1050232 [003] ..... 1637021.201932: sys_ptrace(request: 4205, pid: 100706, addr: 1, data: c000a2fc70)
             exe-1050232 [003] ..... 1637021.201935: sys_ptrace -> 0x0
             exe-1050232 [003] ..... 1637021.201936: sys_ptrace(request: 4205, pid: 100706, addr: 202, data: c000a2fc70)
             exe-1050232 [003] ..... 1637021.201943: sys_ptrace -> 0x0
             exe-1050232 [003] ..... 1637021.201944: sys_ptrace(request: 1f, pid: 100706, addr: 0, data: 0)
             exe-1050232 [003] ..... 1637021.201950: sys_ptrace -> 0x0
             exe-1050232 [003] ..... 1637021.201952: sys_wait4(upid: 100706, stat_addr: c000a2fbf4, options: 40000002, ru: 0)
             exe-1050374 [001] ..... 1637021.202007: sys_timerfd_create -> 0xffffffffffffffea
             exe-1050232 [003] ..... 1637021.202026: sys_wait4 -> 0x100706
             exe-1050232 [003] ..... 1637021.202029: sys_ptrace(request: 4204, pid: 100706, addr: 1, data: c000a2fc70)
             exe-1050232 [003] ..... 1637021.202032: sys_ptrace -> 0x0
             exe-1050232 [003] ..... 1637021.202033: sys_ptrace(request: 4204, pid: 100706, addr: 202, data: c000a2fc70)
             exe-1050232 [003] ..... 1637021.202035: sys_ptrace -> 0x0
             exe-1050232 [003] ..... 1637021.202040: sys_pwrite64(fd: 63, buf: 7fd66ed81080, count: 35, pos: 37)
             exe-1050232 [003] ..... 1637021.202042: tracing_mark_write: timerfd_create(clockid=0x0, flags=0x7fa07c819d00) end
             exe-1050232 [003] ..... 1637021.261794: tracing_mark_write: timerfd_create(clockid=0x0, flags=0x55bc350e91c7) start
             exe-1050232 [003] ..... 1637021.261796: sys_pwrite64 -> 0x37
             exe-1050232 [003] ..... 1637021.261801: sys_ptrace(request: 4205, pid: 100706, addr: 1, data: c000a2fc70)
             exe-1050232 [003] ..... 1637021.261803: sys_ptrace -> 0x0
             exe-1050232 [003] ..... 1637021.261804: sys_ptrace(request: 4205, pid: 100706, addr: 202, data: c000a2fc70)
             exe-1049673 [002] ..... 1637021.261805: sys_nanosleep -> 0x0
             exe-1049673 [002] ..... 1637021.261810: sys_nanosleep(rqtp: c000069f10, rmtp: 0)
             exe-1050232 [003] ..... 1637021.261813: sys_ptrace -> 0x0
             exe-1050232 [003] ..... 1637021.261814: sys_ptrace(request: 1f, pid: 100706, addr: 0, data: 0)
             exe-1050232 [003] ..... 1637021.261821: sys_ptrace -> 0x0
             exe-1050232 [003] ..... 1637021.261823: sys_wait4(upid: 100706, stat_addr: c000a2fbf4, options: 40000002, ru: 0)
             exe-1050374 [001] ..... 1637021.261837: sys_write -> 0x37
             exe-1050232 [003] ..... 1637021.261855: sys_wait4 -> 0x100706
             exe-1050232 [003] ..... 1637021.261857: sys_ptrace(request: 4204, pid: 100706, addr: 1, data: c000a2fc70)
             exe-1050232 [003] ..... 1637021.261864: sys_ptrace -> 0x0
             exe-1050232 [003] ..... 1637021.261865: sys_ptrace(request: 4204, pid: 100706, addr: 202, data: c000a2fc70)
             exe-1050232 [003] ..... 1637021.261869: sys_ptrace -> 0x0
             exe-1050232 [003] ..... 1637021.261873: sys_ptrace(request: 4205, pid: 100706, addr: 1, data: c000a2fc70)
             exe-1050232 [003] ..... 1637021.261881: sys_ptrace -> 0x0
             exe-1050232 [003] ..... 1637021.261883: sys_ptrace(request: 4205, pid: 100706, addr: 202, data: c000a2fc70)
             exe-1049567 [002] ..... 1637021.261885: sys_nanosleep -> 0x0
             exe-1050232 [003] ..... 1637021.261889: sys_ptrace -> 0x0
             exe-1049567 [002] ..... 1637021.261890: sys_nanosleep(rqtp: c000069f10, rmtp: 0)
             exe-1050232 [003] ..... 1637021.261890: sys_ptrace(request: 1f, pid: 100706, addr: 0, data: 0)
             exe-1050232 [003] ..... 1637021.261896: sys_ptrace -> 0x0
             exe-1050232 [003] ..... 1637021.261898: sys_wait4(upid: 100706, stat_addr: c000a2fbf4, options: 40000002, ru: 0)
             exe-1049673 [002] ..... 1637021.261910: sys_nanosleep -> 0x0
             exe-1050374 [001] ..... 1637021.261912: sys_timerfd_create -> 0xffffffffffffffea
             exe-1049673 [002] ..... 1637021.261915: sys_nanosleep(rqtp: c000069f10, rmtp: 0)
             exe-1050232 [003] ..... 1637021.261929: sys_wait4 -> 0x100706
             exe-1050232 [003] ..... 1637021.261931: sys_ptrace(request: 4204, pid: 100706, addr: 1, data: c000a2fc70)
             exe-1050232 [003] ..... 1637021.261933: sys_ptrace -> 0x0
             exe-1050232 [003] ..... 1637021.261935: sys_ptrace(request: 4204, pid: 100706, addr: 202, data: c000a2fc70)
             exe-1050232 [003] ..... 1637021.261936: sys_ptrace -> 0x0
             exe-1050232 [003] ..... 1637021.261941: sys_pwrite64(fd: 63, buf: 7fd66ed81080, count: 35, pos: 37)
             exe-1050232 [003] ..... 1637021.261942: tracing_mark_write: timerfd_create(clockid=0x0, flags=0x55bc350e91c7) end
             exe-1050232 [003] ..... 1637021.325943: tracing_mark_write: timerfd_create(clockid=0x0, flags=0x55bc350e91c7) start
             exe-1050232 [003] ..... 1637021.325945: sys_pwrite64 -> 0x37
             exe-1050232 [003] ..... 1637021.325951: sys_ptrace(request: 4205, pid: 100706, addr: 1, data: c000a2fc70)
             exe-1050232 [003] ..... 1637021.325954: sys_ptrace -> 0x0
             exe-1050232 [003] ..... 1637021.325955: sys_ptrace(request: 4205, pid: 100706, addr: 202, data: c000a2fc70)
             exe-1050232 [003] ..... 1637021.325966: sys_ptrace -> 0x0
             exe-1050232 [003] ..... 1637021.325968: sys_ptrace(request: 1f, pid: 100706, addr: 0, data: 0)
             exe-1050232 [003] ..... 1637021.325975: sys_ptrace -> 0x0
             exe-1050232 [003] ..... 1637021.325977: sys_wait4(upid: 100706, stat_addr: c000a2fbf4, options: 40000002, ru: 0)
             exe-1050374 [001] ..... 1637021.325994: sys_write -> 0x37
             exe-1049567 [002] ..... 1637021.326010: sys_nanosleep -> 0x0
             exe-1050232 [003] ..... 1637021.326011: sys_wait4 -> 0x100706
             exe-1050232 [003] ..... 1637021.326014: sys_ptrace(request: 4204, pid: 100706, addr: 1, data: c000a2fc70)
             exe-1049567 [002] ..... 1637021.326016: sys_nanosleep(rqtp: c000069f10, rmtp: 0)
             exe-1050232 [003] ..... 1637021.326016: sys_ptrace -> 0x0
             exe-1050232 [003] ..... 1637021.326017: sys_ptrace(request: 4204, pid: 100706, addr: 202, data: c000a2fc70)
             exe-1050232 [003] ..... 1637021.326019: sys_ptrace -> 0x0
             exe-1050232 [003] ..... 1637021.326024: sys_ptrace(request: 4205, pid: 100706, addr: 1, data: c000a2fc70)
             exe-1050232 [003] ..... 1637021.326026: sys_ptrace -> 0x0
             exe-1050232 [003] ..... 1637021.326027: sys_ptrace(request: 4205, pid: 100706, addr: 202, data: c000a2fc70)
             exe-1050232 [003] ..... 1637021.326033: sys_ptrace -> 0x0
             exe-1050232 [003] ..... 1637021.326034: sys_ptrace(request: 1f, pid: 100706, addr: 0, data: 0)
             exe-1049673 [002] ..... 1637021.326038: sys_nanosleep -> 0x0
             exe-1050232 [003] ..... 1637021.326040: sys_ptrace -> 0x0
             exe-1050232 [003] ..... 1637021.326041: sys_wait4(upid: 100706, stat_addr: c000a2fbf4, options: 40000002, ru: 0)
             exe-1049673 [002] ..... 1637021.326044: sys_nanosleep(rqtp: c000069f10, rmtp: 0)
             exe-1050374 [001] ..... 1637021.326094: sys_timerfd_create -> 0xffffffffffffffea
             exe-1050232 [003] ..... 1637021.326111: sys_wait4 -> 0x100706
             exe-1050232 [003] ..... 1637021.326113: sys_ptrace(request: 4204, pid: 100706, addr: 1, data: c000a2fc70)
             exe-1050232 [003] ..... 1637021.326115: sys_ptrace -> 0x0
             exe-1050232 [003] ..... 1637021.326116: sys_ptrace(request: 4204, pid: 100706, addr: 202, data: c000a2fc70)
             exe-1050232 [003] ..... 1637021.326118: sys_ptrace -> 0x0
             exe-1050232 [003] ..... 1637021.326123: sys_pwrite64(fd: 63, buf: 7fd66ed81080, count: 35, pos: 37)
             exe-1050232 [003] ..... 1637021.326125: tracing_mark_write: timerfd_create(clockid=0x0, flags=0x55bc350e91c7) end
             exe-1050232 [000] ..... 1637021.402393: tracing_mark_write: timerfd_create(clockid=0x0, flags=0x55bc350e91c7) start
             exe-1050232 [000] ..... 1637021.402395: sys_pwrite64 -> 0x37
             exe-1050232 [000] ..... 1637021.402399: sys_ptrace(request: 4205, pid: 100706, addr: 1, data: c000a2fc70)
             exe-1050232 [000] ..... 1637021.402402: sys_ptrace -> 0x0
             exe-1050232 [000] ..... 1637021.402403: sys_ptrace(request: 4205, pid: 100706, addr: 202, data: c000a2fc70)
             exe-1050232 [000] ..... 1637021.402410: sys_ptrace -> 0x0
             exe-1050232 [000] ..... 1637021.402412: sys_ptrace(request: 1f, pid: 100706, addr: 0, data: 0)
             exe-1050232 [000] ..... 1637021.402418: sys_ptrace -> 0x0
             exe-1050232 [000] ..... 1637021.402420: sys_wait4(upid: 100706, stat_addr: c000a2fbf4, options: 40000002, ru: 0)
             exe-1050374 [001] ..... 1637021.402454: sys_write -> 0x37
             exe-1049673 [002] ..... 1637021.402467: sys_nanosleep -> 0x0
             exe-1049673 [002] ..... 1637021.402469: sys_nanosleep(rqtp: c000069f10, rmtp: 0)
             exe-1050232 [000] ..... 1637021.402475: sys_wait4 -> 0x100706
             exe-1050232 [000] ..... 1637021.402477: sys_ptrace(request: 4204, pid: 100706, addr: 1, data: c000a2fc70)
             exe-1050232 [000] ..... 1637021.402479: sys_ptrace -> 0x0
             exe-1050232 [000] ..... 1637021.402480: sys_ptrace(request: 4204, pid: 100706, addr: 202, data: c000a2fc70)
             exe-1050232 [000] ..... 1637021.402482: sys_ptrace -> 0x0
             exe-1050232 [000] ..... 1637021.402487: sys_ptrace(request: 4205, pid: 100706, addr: 1, data: c000a2fc70)
             exe-1050232 [000] ..... 1637021.402489: sys_ptrace -> 0x0
             exe-1050232 [000] ..... 1637021.402490: sys_ptrace(request: 4205, pid: 100706, addr: 202, data: c000a2fc70)
             exe-1050232 [000] ..... 1637021.402496: sys_ptrace -> 0x0
             exe-1050232 [000] ..... 1637021.402497: sys_ptrace(request: 1f, pid: 100706, addr: 0, data: 0)
             exe-1050232 [000] ..... 1637021.402502: sys_ptrace -> 0x0
             exe-1050232 [000] ..... 1637021.402504: sys_wait4(upid: 100706, stat_addr: c000a2fbf4, options: 40000002, ru: 0)
             exe-1049673 [002] ..... 1637021.402553: sys_nanosleep -> 0x0
             exe-1049673 [002] ..... 1637021.402555: sys_nanosleep(rqtp: c000069f10, rmtp: 0)
             exe-1050374 [001] ..... 1637021.402559: sys_timerfd_create -> 0xffffffffffffffea
             exe-1050232 [000] ..... 1637021.402579: sys_wait4 -> 0x100706
             exe-1050232 [000] ..... 1637021.402581: sys_ptrace(request: 4204, pid: 100706, addr: 1, data: c000a2fc70)
             exe-1050232 [000] ..... 1637021.402583: sys_ptrace -> 0x0
             exe-1050232 [000] ..... 1637021.402584: sys_ptrace(request: 4204, pid: 100706, addr: 202, data: c000a2fc70)
             exe-1050232 [000] ..... 1637021.402586: sys_ptrace -> 0x0
             exe-1050232 [000] ..... 1637021.402591: sys_pwrite64(fd: 63, buf: 7fd66ed81080, count: 35, pos: 37)
             exe-1050232 [000] ..... 1637021.402592: tracing_mark_write: timerfd_create(clockid=0x0, flags=0x55bc350e91c7) end
             exe-1050232 [003] ..... 1637021.477523: tracing_mark_write: timerfd_create(clockid=0x0, flags=0x55bc350e91c7) start
             exe-1050232 [003] ..... 1637021.477524: sys_pwrite64 -> 0x37
             exe-1050289 [000] ..... 1637021.477525: sys_mincore -> 0x0
             exe-1050232 [003] ..... 1637021.477560: sys_ptrace(request: 4205, pid: 100706, addr: 1, data: c000a2fc70)
             exe-1050232 [003] ..... 1637021.477563: sys_ptrace -> 0x0
             exe-1050232 [003] ..... 1637021.477565: sys_ptrace(request: 4205, pid: 100706, addr: 202, data: c000a2fc70)
             exe-1050232 [003] ..... 1637021.477577: sys_ptrace -> 0x0
             exe-1050232 [003] ..... 1637021.477579: sys_ptrace(request: 1f, pid: 100706, addr: 0, data: 0)
             exe-1050289 [000] ..... 1637021.477581: sys_mincore(start: 7fd66e1fd000, len: 1000, vec: c0000141a0)
             exe-1050289 [000] ..... 1637021.477583: sys_mincore -> 0x0
             exe-1050289 [000] ..... 1637021.477585: sys_mincore(start: 7fd66e1fe000, len: 3000, vec: c0000141a0)
             exe-1050232 [003] ..... 1637021.477585: sys_ptrace -> 0x0
             exe-1050232 [003] ..... 1637021.477588: sys_wait4(upid: 100706, stat_addr: c000a2fbf4, options: 40000002, ru: 0)
             exe-1050289 [000] ..... 1637021.477593: sys_mincore -> 0x0
             exe-1050289 [000] ..... 1637021.477596: sys_mincore(start: 7fd66e201000, len: 1000, vec: c0000141a0)
             exe-1050289 [000] ..... 1637021.477598: sys_mincore -> 0x0
             exe-1050289 [000] ..... 1637021.477600: sys_mincore(start: 7fd66e202000, len: 10000, vec: c0000141a0)
             exe-1049673 [003] ..... 1637021.477601: sys_nanosleep -> 0x0
             exe-1050374 [001] ..... 1637021.477602: sys_write -> 0x37
             exe-1050289 [000] ..... 1637021.477605: sys_mincore -> 0x0
             exe-1049673 [003] ..... 1637021.477608: sys_nanosleep(rqtp: c000069f10, rmtp: 0)
             exe-1050289 [000] ..... 1637021.477610: sys_mincore(start: 7fd66e212000, len: 1000, vec: c0000141a0)
             exe-1050289 [000] ..... 1637021.477612: sys_mincore -> 0x0
             exe-1050289 [000] ..... 1637021.477614: sys_mincore(start: 7fd66e213000, len: 5000, vec: c0000141a0)
             exe-1050289 [000] ..... 1637021.477616: sys_mincore -> 0x0
             exe-1050289 [000] ..... 1637021.477619: sys_mincore(start: 7fd66e218000, len: 4000, vec: c0000141a0)
             exe-1050289 [000] ..... 1637021.477622: sys_mincore -> 0x0
             exe-1050289 [000] ..... 1637021.477624: sys_mincore(start: 7fd66e21c000, len: 1000, vec: c0000141a0)
             exe-1050289 [000] ..... 1637021.477625: sys_mincore -> 0x0
             exe-1050289 [000] ..... 1637021.477627: sys_mincore(start: 7fd66e21d000, len: 1000, vec: c0000141a0)
             exe-1050289 [000] ..... 1637021.477629: sys_mincore -> 0x0
             exe-1050289 [000] ..... 1637021.477631: sys_mincore(start: 7fd66e21e000, len: 2000, vec: c0000141a0)
             exe-1050289 [000] ..... 1637021.477633: sys_mincore -> 0x0
             exe-1050289 [000] ..... 1637021.477635: sys_mincore(start: 7fd66e220000, len: 1000, vec: c0000141a0)
             exe-1050289 [000] ..... 1637021.477637: sys_mincore -> 0x0
             exe-1050289 [000] ..... 1637021.477639: sys_mincore(start: 7fd66e221000, len: e000, vec: c0000141a0)
             exe-1050289 [000] ..... 1637021.477643: sys_mincore -> 0x0
             exe-1050289 [000] ..... 1637021.477654: sys_mincore(start: 7fd66e22f000, len: 1000, vec: c0000141a0)
             exe-1050289 [000] ..... 1637021.477656: sys_mincore -> 0x0
             exe-1050289 [000] ..... 1637021.477658: sys_mincore(start: 7fd66e230000, len: 6000, vec: c0000141a0)
             exe-1050289 [000] ..... 1637021.477661: sys_mincore -> 0x0
             exe-1050289 [000] ..... 1637021.477663: sys_mincore(start: 7fd66e236000, len: 1000, vec: c0000141a0)
             exe-1050289 [000] ..... 1637021.477665: sys_mincore -> 0x0
             exe-1050289 [000] ..... 1637021.477667: sys_mincore(start: 7fd66e237000, len: 3000, vec: c0000141a0)
             exe-1050289 [000] ..... 1637021.477669: sys_mincore -> 0x0
             exe-1050289 [000] ..... 1637021.477672: sys_mincore(start: 7fd66e23a000, len: 1000, vec: c0000141a0)
             exe-1050289 [000] ..... 1637021.477673: sys_mincore -> 0x0
             exe-1050289 [000] ..... 1637021.477675: sys_mincore(start: 7fd66e23b000, len: 11000, vec: c0000141a0)
             exe-1050289 [000] ..... 1637021.477680: sys_mincore -> 0x0
             exe-1050289 [000] ..... 1637021.477686: sys_mincore(start: 7fd66e24c000, len: 1000, vec: c0000141a0)
             exe-1050289 [000] ..... 1637021.477688: sys_mincore -> 0x0
             exe-1050289 [000] ..... 1637021.477690: sys_mincore(start: 7fd66e24d000, len: 1000, vec: c0000141a0)
             exe-1050289 [000] ..... 1637021.477691: sys_mincore -> 0x0
             exe-1050289 [000] ..... 1637021.477693: sys_mincore(start: 7fd66ed4d000, len: 3000, vec: c0000141a0)
             exe-1049673 [003] ..... 1637021.477702: sys_nanosleep -> 0x0
             exe-1050289 [000] ..... 1637021.477705: sys_mincore -> 0x0
             exe-1049673 [003] ..... 1637021.477706: sys_nanosleep(rqtp: c000069f10, rmtp: 0)
             exe-1050289 [000] ..... 1637021.477708: sys_mincore(start: 7fd66ed50000, len: 1000, vec: c0000141a0)
             exe-1050289 [000] ..... 1637021.477710: sys_mincore -> 0x0
             exe-1050289 [000] ..... 1637021.477712: sys_mincore(start: 7fd66ed51000, len: 2000, vec: c0000141a0)
             exe-1050289 [000] ..... 1637021.477714: sys_mincore -> 0x0
             exe-1050289 [000] ..... 1637021.477716: sys_mincore(start: 7fd66ed53000, len: 1000, vec: c0000141a0)
             exe-1050289 [000] ..... 1637021.477718: sys_mincore -> 0x0
             exe-1050289 [000] ..... 1637021.477720: sys_mincore(start: 7fd66ed54000, len: 2000, vec: c0000141a0)
             exe-1050289 [000] ..... 1637021.477722: sys_mincore -> 0x0
             exe-1050232 [003] ..... 1637021.477722: sys_wait4 -> 0x100706
             exe-1050289 [000] ..... 1637021.477724: sys_mincore(start: 7fd66ed56000, len: 1000, vec: c0000141a0)
             exe-1050289 [000] ..... 1637021.477725: sys_mincore -> 0x0
             exe-1050232 [003] ..... 1637021.477728: sys_ptrace(request: 4204, pid: 100706, addr: 1, data: c000a2fc70)
             exe-1050232 [003] ..... 1637021.477732: sys_ptrace -> 0x0
             exe-1050289 [000] ..... 1637021.477733: sys_mincore(start: 7fd66ed57000, len: 2000, vec: c0000141a0)
             exe-1050232 [003] ..... 1637021.477734: sys_ptrace(request: 4204, pid: 100706, addr: 202, data: c000a2fc70)
             exe-1050289 [000] ..... 1637021.477735: sys_mincore -> 0x0
             exe-1050232 [003] ..... 1637021.477736: sys_ptrace -> 0x0
             exe-1050289 [000] ..... 1637021.477737: sys_mincore(start: 7fd66ed59000, len: 1000, vec: c0000141a0)
             exe-1050289 [000] ..... 1637021.477739: sys_mincore -> 0x0
             exe-1050289 [000] ..... 1637021.477741: sys_mincore(start: 7fd66ed5a000, len: 2000, vec: c0000141a0)
             exe-1050289 [000] ..... 1637021.477743: sys_mincore -> 0x0
             exe-1050232 [003] ..... 1637021.477744: sys_ptrace(request: 4205, pid: 100706, addr: 1, data: c000a2fc70)
             exe-1050289 [000] ..... 1637021.477745: sys_mincore(start: 7fd66ed5c000, len: 1000, vec: c0000141a0)
             exe-1050289 [000] ..... 1637021.477747: sys_mincore -> 0x0
             exe-1050232 [003] ..... 1637021.477747: sys_ptrace -> 0x0
             exe-1050232 [003] ..... 1637021.477748: sys_ptrace(request: 4205, pid: 100706, addr: 202, data: c000a2fc70)
             exe-1050289 [000] ..... 1637021.477749: sys_mincore(start: 7fd66ed5d000, len: c000, vec: c0000141a0)
             exe-1050289 [000] ..... 1637021.477753: sys_mincore -> 0x0
             exe-1050289 [000] ..... 1637021.477755: sys_mincore(start: 7fd66ed69000, len: e0000, vec: c0000141a0)
             exe-1050232 [003] ..... 1637021.477760: sys_ptrace -> 0x0
             exe-1050232 [003] ..... 1637021.477762: sys_ptrace(request: 1f, pid: 100706, addr: 0, data: 0)
             exe-1050289 [000] ..... 1637021.477765: sys_mincore -> 0x0
             exe-1050289 [000] ..... 1637021.477768: sys_mincore(start: 7fd66f921000, len: 21000, vec: c0000141a0)
             exe-1050289 [000] ..... 1637021.477770: sys_mincore -> 0x0
             exe-1050232 [003] ..... 1637021.477772: sys_ptrace -> 0x0
             exe-1050289 [000] ..... 1637021.477774: sys_mincore(start: 7fd66fa4e000, len: 200000, vec: c00a828200)
             exe-1050232 [003] ..... 1637021.477774: sys_wait4(upid: 100706, stat_addr: c000a2fbf4, options: 40000002, ru: 0)
             exe-1050374 [001] ..... 1637021.477787: sys_timerfd_create -> 0xffffffffffffffea
             exe-1049673 [003] ..... 1637021.477817: sys_nanosleep -> 0x0
             exe-1049673 [003] ..... 1637021.477823: sys_nanosleep(rqtp: c000069f10, rmtp: 0)
             exe-1050289 [000] ..... 1637021.477837: sys_mincore -> 0x0
             exe-1050232 [003] ..... 1637021.477846: sys_wait4 -> 0x100706
             exe-1050232 [003] ..... 1637021.477852: sys_ptrace(request: 4204, pid: 100706, addr: 1, data: c000a2fc70)
             exe-1050232 [003] ..... 1637021.477857: sys_ptrace -> 0x0
             exe-1050232 [003] ..... 1637021.477859: sys_ptrace(request: 4204, pid: 100706, addr: 202, data: c000a2fc70)
             exe-1050232 [003] ..... 1637021.477862: sys_ptrace -> 0x0
             exe-1050232 [003] ..... 1637021.477877: sys_pwrite64(fd: 63, buf: 7fd66ed81080, count: 35, pos: 37)
             exe-1050232 [003] ..... 1637021.477879: tracing_mark_write: timerfd_create(clockid=0x0, flags=0x55bc350e91c7) end
             exe-1050232 [003] ..... 1637021.558797: tracing_mark_write: timerfd_create(clockid=0x0, flags=0x55bc350e91c7) start
             exe-1050232 [003] ..... 1637021.558799: sys_pwrite64 -> 0x37
             exe-1050232 [003] ..... 1637021.558805: sys_ptrace(request: 4205, pid: 100706, addr: 1, data: c000a2fc70)
             exe-1050232 [003] ..... 1637021.558807: sys_ptrace -> 0x0
             exe-1050232 [003] ..... 1637021.558808: sys_ptrace(request: 4205, pid: 100706, addr: 202, data: c000a2fc70)
             exe-1049673 [003] ..... 1637021.558847: sys_nanosleep -> 0x0
             exe-1049673 [003] ..... 1637021.558852: sys_nanosleep(rqtp: c000069f10, rmtp: 0)
             exe-1050232 [003] ..... 1637021.558876: sys_ptrace -> 0x0
             exe-1050232 [003] ..... 1637021.558880: sys_ptrace(request: 1f, pid: 100706, addr: 0, data: 0)
             exe-1050232 [003] .N... 1637021.558886: sys_ptrace -> 0x0
             exe-1050374 [003] ..... 1637021.558895: sys_write -> 0x37
             exe-1050232 [003] ..... 1637021.558914: sys_wait4(upid: 100706, stat_addr: c000a2fbf4, options: 40000002, ru: 0)
             exe-1050232 [003] ..... 1637021.558916: sys_wait4 -> 0x100706
             exe-1050232 [003] ..... 1637021.558918: sys_ptrace(request: 4204, pid: 100706, addr: 1, data: c000a2fc70)
             exe-1050232 [003] ..... 1637021.558921: sys_ptrace -> 0x0
             exe-1050232 [003] ..... 1637021.558923: sys_ptrace(request: 4204, pid: 100706, addr: 202, data: c000a2fc70)
             exe-1049673 [003] ..... 1637021.558998: sys_nanosleep -> 0x0
             exe-1049673 [003] ..... 1637021.559004: sys_nanosleep(rqtp: c000069f10, rmtp: 0)
             exe-1050232 [003] ..... 1637021.559026: sys_ptrace -> 0x0
             exe-1050232 [003] ..... 1637021.559036: sys_ptrace(request: 4205, pid: 100706, addr: 1, data: c000a2fc70)
             exe-1050232 [003] ..... 1637021.559039: sys_ptrace -> 0x0
             exe-1050232 [003] ..... 1637021.559040: sys_ptrace(request: 4205, pid: 100706, addr: 202, data: c000a2fc70)
             exe-1050232 [003] ..... 1637021.559050: sys_ptrace -> 0x0
             exe-1050232 [003] ..... 1637021.559051: sys_ptrace(request: 1f, pid: 100706, addr: 0, data: 0)
             exe-1050232 [003] .N... 1637021.559057: sys_ptrace -> 0x0
             exe-1050374 [003] ..... 1637021.559067: sys_timerfd_create -> 0xffffffffffffffea
             exe-1049673 [003] ..... 1637021.559112: sys_nanosleep -> 0x0
             exe-1049673 [003] ..... 1637021.559117: sys_nanosleep(rqtp: c000069f10, rmtp: 0)
             exe-1050232 [003] ..... 1637021.559139: sys_wait4(upid: 100706, stat_addr: c000a2fbf4, options: 40000002, ru: 0)
             exe-1050232 [003] ..... 1637021.559142: sys_wait4 -> 0x100706
             exe-1050232 [003] ..... 1637021.559144: sys_ptrace(request: 4204, pid: 100706, addr: 1, data: c000a2fc70)
             exe-1050232 [003] ..... 1637021.559147: sys_ptrace -> 0x0
             exe-1050232 [003] ..... 1637021.559149: sys_ptrace(request: 4204, pid: 100706, addr: 202, data: c000a2fc70)
             exe-1050232 [003] ..... 1637021.559151: sys_ptrace -> 0x0
             exe-1050232 [003] ..... 1637021.559164: sys_pwrite64(fd: 63, buf: 7fd66ed81080, count: 35, pos: 37)
             exe-1050232 [003] ..... 1637021.559166: tracing_mark_write: timerfd_create(clockid=0x0, flags=0x55bc350e91c7) end
             exe-1050232 [002] ..... 1637021.626846: tracing_mark_write: timerfd_create(clockid=0x0, flags=0x55bc350e91c7) start
             exe-1050232 [002] ..... 1637021.626848: sys_pwrite64 -> 0x37
             exe-1050232 [002] ..... 1637021.626857: sys_ptrace(request: 4205, pid: 100706, addr: 1, data: c000a2fc70)
             exe-1050232 [002] ..... 1637021.626861: sys_ptrace -> 0x0
             exe-1050232 [002] ..... 1637021.626862: sys_ptrace(request: 4205, pid: 100706, addr: 202, data: c000a2fc70)
             exe-1050232 [002] ..... 1637021.626879: sys_ptrace -> 0x0
             exe-1049673 [002] ..... 1637021.626916: sys_nanosleep -> 0x0
             exe-1049673 [002] ..... 1637021.626922: sys_nanosleep(rqtp: c000069f10, rmtp: 0)
             exe-1049673 [002] ..... 1637021.626979: sys_nanosleep -> 0x0
             exe-1049673 [002] ..... 1637021.626983: sys_nanosleep(rqtp: c000069f10, rmtp: 0)
             exe-1050232 [002] ..... 1637021.627007: sys_ptrace(request: 1f, pid: 100706, addr: 0, data: 0)
             exe-1050232 [002] .N... 1637021.627015: sys_ptrace -> 0x0
             exe-1050374 [002] ..... 1637021.627027: sys_write -> 0x37
             exe-1050232 [002] ..... 1637021.627049: sys_wait4(upid: 100706, stat_addr: c000a2fbf4, options: 40000002, ru: 0)
             exe-1050232 [002] ..... 1637021.627052: sys_wait4 -> 0x100706
             exe-1050232 [002] ..... 1637021.627054: sys_ptrace(request: 4204, pid: 100706, addr: 1, data: c000a2fc70)
             exe-1049673 [002] ..... 1637021.627093: sys_nanosleep -> 0x0
             exe-1049673 [002] ..... 1637021.627099: sys_nanosleep(rqtp: c000069f10, rmtp: 0)
             exe-1050232 [002] ..... 1637021.627124: sys_ptrace -> 0x0
             exe-1050232 [002] ..... 1637021.627128: sys_ptrace(request: 4204, pid: 100706, addr: 202, data: c000a2fc70)
             exe-1050232 [002] ..... 1637021.627132: sys_ptrace -> 0x0
             exe-1050232 [002] ..... 1637021.627140: sys_ptrace(request: 4205, pid: 100706, addr: 1, data: c000a2fc70)
             exe-1050232 [002] ..... 1637021.627143: sys_ptrace -> 0x0
             exe-1050232 [002] ..... 1637021.627144: sys_ptrace(request: 4205, pid: 100706, addr: 202, data: c000a2fc70)
