             exe-1050008 [001] ..... 1637016.501514: tracing_mark_write: timerfd_create(clockid=0x0, flags=0x7fa07c819d00) start
             exe-1050008 [001] ..... 1637016.501519: sys_pwrite64 -> 0x37
             exe-1050008 [001] ..... 1637016.501523: sys_ptrace(request: 4205, pid: 1005d0, addr: 1, data: c000a2fc70)
             exe-1050008 [001] ..... 1637016.501524: sys_ptrace -> 0x0
             exe-1050008 [001] ..... 1637016.501525: sys_ptrace(request: 4205, pid: 1005d0, addr: 202, data: c000a2fc70)
             exe-1050008 [001] ..... 1637016.501530: sys_ptrace -> 0x0
             exe-1050008 [001] ..... 1637016.501531: sys_ptrace(request: 1f, pid: 1005d0, addr: 0, data: 0)
             exe-1050008 [001] ..... 1637016.501537: sys_ptrace -> 0x0
             exe-1050008 [001] ..... 1637016.501538: sys_wait4(upid: 1005d0, stat_addr: c000a2fbf4, options: 40000002, ru: 0)
             exe-1050064 [000] ..... 1637016.501548: sys_write -> 0x37
             exe-1049673 [003] ..... 1637016.501558: sys_nanosleep -> 0x0
             exe-1050008 [001] ..... 1637016.501560: sys_wait4 -> 0x1005d0
             exe-1050008 [001] ..... 1637016.501561: sys_ptrace(request: 4204, pid: 1005d0, addr: 1, data: c000a2fc70)
             exe-1049673 [003] ..... 1637016.501562: sys_nanosleep(rqtp: c000069f10, rmtp: 0)
             exe-1050008 [001] ..... 1637016.501563: sys_ptrace -> 0x0
             exe-1050008 [001] ..... 1637016.501564: sys_ptrace(request: 4204, pid: 1005d0, addr: 202, data: c000a2fc70)
             exe-1050008 [001] ..... 1637016.501565: sys_ptrace -> 0x0
             exe-1050008 [001] ..... 1637016.501568: sys_ptrace(request: 4205, pid: 1005d0, addr: 1, data: c000a2fc70)
             exe-1050008 [001] ..... 1637016.501569: sys_ptrace -> 0x0
             exe-1050008 [001] ..... 1637016.501570: sys_ptrace(request: 4205, pid: 1005d0, addr: 202, data: c000a2fc70)
             exe-1050008 [001] ..... 1637016.501574: sys_ptrace -> 0x0
             exe-1050008 [001] ..... 1637016.501575: sys_ptrace(request: 1f, pid: 1005d0, addr: 0, data: 0)
             exe-1050008 [001] ..... 1637016.501580: sys_ptrace -> 0x0
             exe-1050008 [001] ..... 1637016.501582: sys_wait4(upid: 1005d0, stat_addr: c000a2fbf4, options: 40000002, ru: 0)
             exe-1050064 [000] ..... 1637016.501591: sys_timerfd_create -> 0xffffffffffffffea
             exe-1050008 [001] ..... 1637016.501602: sys_wait4 -> 0x1005d0
             exe-1050008 [001] ..... 1637016.501604: sys_ptrace(request: 4204, pid: 1005d0, addr: 1, data: c000a2fc70)
             exe-1050008 [001] ..... 1637016.501605: sys_ptrace -> 0x0
             exe-1050008 [001] ..... 1637016.501606: sys_ptrace(request: 4204, pid: 1005d0, addr: 202, data: c000a2fc70)
             exe-1050008 [001] ..... 1637016.501607: sys_ptrace -> 0x0
             exe-1050008 [001] ..... 1637016.501610: sys_pwrite64(fd: 63, buf: 7fd66ed81080, count: 35, pos: 37)
             exe-1050008 [001] ..... 1637016.501611: tracing_mark_write: timerfd_create(clockid=0x0, flags=0x7fa07c819d00) end
             exe-1050008 [001] ..... 1637016.564893: tracing_mark_write: timerfd_create(clockid=0x0, flags=0x7fa07c819d00) start
             exe-1050008 [001] ..... 1637016.564895: sys_pwrite64 -> 0x37
             exe-1050008 [001] ..... 1637016.564899: sys_ptrace(request: 4205, pid: 1005d0, addr: 1, data: c000a2fc70)
             exe-1050008 [001] ..... 1637016.564902: sys_ptrace -> 0x0
             exe-1050008 [001] ..... 1637016.564903: sys_ptrace(request: 4205, pid: 1005d0, addr: 202, data: c000a2fc70)
             exe-1050008 [001] ..... 1637016.564910: sys_ptrace -> 0x0
             exe-1050008 [001] ..... 1637016.564912: sys_ptrace(request: 1f, pid: 1005d0, addr: 0, data: 0)
             exe-1050008 [001] ..... 1637016.564919: sys_ptrace -> 0x0
             exe-1050008 [001] ..... 1637016.564920: sys_wait4(upid: 1005d0, stat_addr: c000a2fbf4, options: 40000002, ru: 0)
             exe-1050064 [002] ..... 1637016.564928: sys_write -> 0x37
             exe-1049673 [003] ..... 1637016.564932: sys_nanosleep -> 0x0
             exe-1049673 [003] ..... 1637016.564935: sys_futex(uaddr: 1f09dc0, op: 80, val: 0, utime: c000069eb0, uaddr2: 0, val3: 0)
             exe-1050008 [001] ..... 1637016.564943: sys_wait4 -> 0x1005d0
             exe-1050008 [001] ..... 1637016.564945: sys_ptrace(request: 4204, pid: 1005d0, addr: 1, data: c000a2fc70)
             exe-1050008 [001] ..... 1637016.564948: sys_ptrace -> 0x0
             exe-1050008 [001] ..... 1637016.564949: sys_ptrace(request: 4204, pid: 1005d0, addr: 202, data: c000a2fc70)
             exe-1050008 [001] ..... 1637016.564951: sys_ptrace -> 0x0
             exe-1050008 [001] ..... 1637016.564956: sys_ptrace(request: 4205, pid: 1005d0, addr: 1, data: c000a2fc70)
             exe-1050008 [001] ..... 1637016.564958: sys_ptrace -> 0x0
             exe-1050008 [001] ..... 1637016.564960: sys_ptrace(request: 4205, pid: 1005d0, addr: 202, data: c000a2fc70)
             exe-1050008 [001] ..... 1637016.564971: sys_ptrace -> 0x0
             exe-1050008 [001] ..... 1637016.564972: sys_ptrace(request: 1f, pid: 1005d0, addr: 0, data: 0)
             exe-1050008 [001] ..... 1637016.564978: sys_ptrace -> 0x0
             exe-1050008 [001] ..... 1637016.564980: sys_wait4(upid: 1005d0, stat_addr: c000a2fbf4, options: 40000002, ru: 0)
             exe-1050064 [002] ..... 1637016.564984: sys_timerfd_create -> 0xffffffffffffffea
             exe-1050008 [001] ..... 1637016.564998: sys_wait4 -> 0x1005d0
             exe-1050008 [001] ..... 1637016.565000: sys_ptrace(request: 4204, pid: 1005d0, addr: 1, data: c000a2fc70)
             exe-1050008 [001] ..... 1637016.565002: sys_ptrace -> 0x0
             exe-1050008 [001] ..... 1637016.565004: sys_ptrace(request: 4204, pid: 1005d0, addr: 202, data: c000a2fc70)
             exe-1050008 [001] ..... 1637016.565006: sys_ptrace -> 0x0
             exe-1050008 [001] ..... 1637016.565011: sys_pwrite64(fd: 63, buf: 7fd66ed81080, count: 35, pos: 37)
             exe-1050008 [001] ..... 1637016.565012: tracing_mark_write: timerfd_create(clockid=0x0, flags=0x7fa07c819d00) end
             exe-1050008 [001] ..... 1637016.629115: tracing_mark_write: timerfd_create(clockid=0x0, flags=0x7fa07c819d00) start
             exe-1050008 [001] ..... 1637016.629117: sys_pwrite64 -> 0x37
             exe-1050008 [001] ..... 1637016.629122: sys_ptrace(request: 4205, pid: 1005d0, addr: 1, data: c000a2fc70)
             exe-1050008 [001] ..... 1637016.629124: sys_ptrace -> 0x0
             exe-1050008 [001] ..... 1637016.629126: sys_ptrace(request: 4205, pid: 1005d0, addr: 202, data: c000a2fc70)
             exe-1050008 [001] ..... 1637016.629134: sys_ptrace -> 0x0
             exe-1050008 [001] ..... 1637016.629136: sys_ptrace(request: 1f, pid: 1005d0, addr: 0, data: 0)
             exe-1050008 [001] ..... 1637016.629154: sys_ptrace -> 0x0
             exe-1050008 [001] ..... 1637016.629156: sys_wait4(upid: 1005d0, stat_addr: c000a2fbf4, options: 40000002, ru: 0)
             exe-1049673 [003] ..... 1637016.629159: sys_nanosleep -> 0x0
             exe-1049673 [003] ..... 1637016.629163: sys_nanosleep(rqtp: c000069f10, rmtp: 0)
             exe-1050064 [002] ..... 1637016.629180: sys_write -> 0x37
             exe-1050008 [001] ..... 1637016.629201: sys_wait4 -> 0x1005d0
             exe-1050008 [001] ..... 1637016.629203: sys_ptrace(request: 4204, pid: 1005d0, addr: 1, data: c000a2fc70)
             exe-1050008 [001] ..... 1637016.629206: sys_ptrace -> 0x0
             exe-1050008 [001] ..... 1637016.629207: sys_ptrace(request: 4204, pid: 1005d0, addr: 202, data: c000a2fc70)
             exe-1050008 [001] ..... 1637016.629210: sys_ptrace -> 0x0
             exe-1050008 [001] ..... 1637016.629214: sys_ptrace(request: 4205, pid: 1005d0, addr: 1, data: c000a2fc70)
             exe-1050008 [001] ..... 1637016.629217: sys_ptrace -> 0x0
             exe-1050008 [001] ..... 1637016.629218: sys_ptrace(request: 4205, pid: 1005d0, addr: 202, data: c000a2fc70)
             exe-1050008 [001] ..... 1637016.629224: sys_ptrace -> 0x0
             exe-1050008 [001] ..... 1637016.629226: sys_ptrace(request: 1f, pid: 1005d0, addr: 0, data: 0)
             exe-1050008 [001] ..... 1637016.629232: sys_ptrace -> 0x0
             exe-1050008 [001] ..... 1637016.629234: sys_wait4(upid: 1005d0, stat_addr: c000a2fbf4, options: 40000002, ru: 0)
             exe-1049673 [003] ..... 1637016.629257: sys_nanosleep -> 0x0
             exe-1049673 [003] ..... 1637016.629259: sys_nanosleep(rqtp: c000069f10, rmtp: 0)
             exe-1050064 [002] ..... 1637016.629284: sys_timerfd_create -> 0xffffffffffffffea
             exe-1050008 [001] ..... 1637016.629303: sys_wait4 -> 0x1005d0
             exe-1050008 [001] ..... 1637016.629306: sys_ptrace(request: 4204, pid: 1005d0, addr: 1, data: c000a2fc70)
             exe-1050008 [001] ..... 1637016.629308: sys_ptrace -> 0x0
             exe-1050008 [001] ..... 1637016.629310: sys_ptrace(request: 4204, pid: 1005d0, addr: 202, data: c000a2fc70)
             exe-1050008 [001] ..... 1637016.629312: sys_ptrace -> 0x0
             exe-1050008 [001] ..... 1637016.629318: sys_pwrite64(fd: 63, buf: 7fd66ed81080, count: 35, pos: 37)
             exe-1050008 [001] ..... 1637016.629319: tracing_mark_write: timerfd_create(clockid=0x0, flags=0x7fa07c819d00) end
             exe-1050008 [001] ..... 1637016.686883: tracing_mark_write: timerfd_create(clockid=0x0, flags=0x7fa07c819d00) start
             exe-1049673 [003] ..... 1637016.686911: sys_nanosleep -> 0x0
             exe-1049673 [003] ..... 1637016.686913: sys_nanosleep(rqtp: c000069f10, rmtp: 0)
             exe-1050008 [001] ..... 1637016.686921: sys_pwrite64 -> 0x37
             exe-1050008 [001] ..... 1637016.686932: sys_ptrace(request: 4205, pid: 1005d0, addr: 1, data: c000a2fc70)
             exe-1050008 [001] ..... 1637016.686935: sys_ptrace -> 0x0
             exe-1050008 [001] ..... 1637016.686936: sys_ptrace(request: 4205, pid: 1005d0, addr: 202, data: c000a2fc70)
             exe-1050008 [001] ..... 1637016.686949: sys_ptrace -> 0x0
             exe-1050008 [001] ..... 1637016.686951: sys_ptrace(request: 1f, pid: 1005d0, addr: 0, data: 0)
             exe-1050008 [001] ..... 1637016.686957: sys_ptrace -> 0x0
             exe-1050008 [001] ..... 1637016.686959: sys_wait4(upid: 1005d0, stat_addr: c000a2fbf4, options: 40000002, ru: 0)
             exe-1050064 [001] ..... 1637016.686973: sys_write -> 0x37
             exe-1050008 [001] ..... 1637016.686997: sys_wait4 -> 0x1005d0
             exe-1050008 [001] ..... 1637016.687000: sys_ptrace(request: 4204, pid: 1005d0, addr: 1, data: c000a2fc70)
             exe-1050008 [001] ..... 1637016.687005: sys_ptrace -> 0x0
             exe-1050008 [001] ..... 1637016.687007: sys_ptrace(request: 4204, pid: 1005d0, addr: 202, data: c000a2fc70)
             exe-1050008 [001] ..... 1637016.687010: sys_ptrace -> 0x0
             exe-1050008 [001] ..... 1637016.687017: sys_ptrace(request: 4205, pid: 1005d0, addr: 1, data: c000a2fc70)
             exe-1050008 [001] ..... 1637016.687019: sys_ptrace -> 0x0
             exe-1050008 [001] ..... 1637016.687021: sys_ptrace(request: 4205, pid: 1005d0, addr: 202, data: c000a2fc70)
             exe-1049673 [003] ..... 1637016.687023: sys_nanosleep -> 0x0
             exe-1049673 [003] ..... 1637016.687026: sys_nanosleep(rqtp: c000069f10, rmtp: 0)
             exe-1050008 [001] ..... 1637016.687031: sys_ptrace -> 0x0
             exe-1050008 [001] ..... 1637016.687033: sys_ptrace(request: 1f, pid: 1005d0, addr: 0, data: 0)
             exe-1050008 [001] ..... 1637016.687040: sys_ptrace -> 0x0
             exe-1050008 [001] ..... 1637016.687042: sys_wait4(upid: 1005d0, stat_addr: c000a2fbf4, options: 40000002, ru: 0)
             exe-1050064 [001] ..... 1637016.687055: sys_timerfd_create -> 0xffffffffffffffea
             exe-1050008 [001] ..... 1637016.687077: sys_wait4 -> 0x1005d0
             exe-1050008 [001] ..... 1637016.687080: sys_ptrace(request: 4204, pid: 1005d0, addr: 1, data: c000a2fc70)
             exe-1050008 [001] ..... 1637016.687084: sys_ptrace -> 0x0
             exe-1050008 [001] ..... 1637016.687086: sys_ptrace(request: 4204, pid: 1005d0, addr: 202, data: c000a2fc70)
             exe-1050008 [001] ..... 1637016.687089: sys_ptrace -> 0x0
             exe-1050008 [001] ..... 1637016.687099: sys_pwrite64(fd: 63, buf: 7fd66ed81080, count: 35, pos: 37)
             exe-1050008 [001] ..... 1637016.687101: tracing_mark_write: timerfd_create(clockid=0x0, flags=0x7fa07c819d00) end
             exe-1050008 [001] ..... 1637016.747478: tracing_mark_write: timerfd_create(clockid=0x0, flags=0x7fa07c819d00) start
             exe-1050008 [001] ..... 1637016.747480: sys_pwrite64 -> 0x37
             exe-1050008 [001] ..... 1637016.747488: sys_ptrace(request: 4205, pid: 1005d0, addr: 1, data: c000a2fc70)
             exe-1050008 [001] ..... 1637016.747492: sys_ptrace -> 0x0
             exe-1050008 [001] ..... 1637016.747493: sys_ptrace(request: 4205, pid: 1005d0, addr: 202, data: c000a2fc70)
             exe-1050008 [001] ..... 1637016.747512: sys_ptrace -> 0x0
             exe-1050008 [001] ..... 1637016.747514: sys_ptrace(request: 1f, pid: 1005d0, addr: 0, data: 0)
             exe-1050008 [001] .N... 1637016.747519: sys_ptrace -> 0x0
             exe-1050064 [001] ..... 1637016.747531: sys_write -> 0x37
             exe-1049673 [001] ..... 1637016.747552: sys_nanosleep -> 0x0
             exe-1049673 [001] ..... 1637016.747558: sys_nanosleep(rqtp: c000069f10, rmtp: 0)
             exe-1050008 [001] ..... 1637016.747588: sys_wait4(upid: 1005d0, stat_addr: c000a2fbf4, options: 40000002, ru: 0)
             exe-1050008 [001] ..... 1637016.747592: sys_wait4 -> 0x1005d0
             exe-1050008 [001] ..... 1637016.747595: sys_ptrace(request: 4204, pid: 1005d0, addr: 1, data: c000a2fc70)
             exe-1050008 [001] ..... 1637016.747599: sys_ptrace -> 0x0
             exe-1050008 [001] ..... 1637016.747601: sys_ptrace(request: 4204, pid: 1005d0, addr: 202, data: c000a2fc70)
             exe-1050008 [001] ..... 1637016.747604: sys_ptrace -> 0x0
             exe-1050008 [001] ..... 1637016.747612: sys_ptrace(request: 4205, pid: 1005d0, addr: 1, data: c000a2fc70)
             exe-1050008 [001] ..... 1637016.747615: sys_ptrace -> 0x0
             exe-1050008 [001] ..... 1637016.747617: sys_ptrace(request: 4205, pid: 1005d0, addr: 202, data: c000a2fc70)
             exe-1050008 [001] ..... 1637016.747690: sys_ptrace -> 0x0
             exe-1050008 [001] ..... 1637016.747694: sys_ptrace(request: 1f, pid: 1005d0, addr: 0, data: 0)
             exe-1050008 [001] .N... 1637016.747701: sys_ptrace -> 0x0
             exe-1050064 [001] ..... 1637016.747717: sys_timerfd_create -> 0xffffffffffffffea
             exe-1049673 [001] ..... 1637016.747746: sys_nanosleep -> 0x0
             exe-1049673 [001] ..... 1637016.747753: sys_nanosleep(rqtp: c000069f10, rmtp: 0)
             exe-1050008 [001] ..... 1637016.747793: sys_wait4(upid: 1005d0, stat_addr: c000a2fbf4, options: 40000002, ru: 0)
             exe-1050008 [001] ..... 1637016.747800: sys_wait4 -> 0x1005d0
             exe-1050008 [001] ..... 1637016.747804: sys_ptrace(request: 4204, pid: 1005d0, addr: 1, data: c000a2fc70)
             exe-1050008 [001] ..... 1637016.747810: sys_ptrace -> 0x0
             exe-1050008 [001] ..... 1637016.747812: sys_ptrace(request: 4204, pid: 1005d0, addr: 202, data: c000a2fc70)
             exe-1050008 [001] ..... 1637016.747816: sys_ptrace -> 0x0
             exe-1050008 [001] ..... 1637016.747837: sys_pwrite64(fd: 63, buf: 7fd66ed81080, count: 35, pos: 37)
             exe-1050008 [001] ..... 1637016.747841: tracing_mark_write: timerfd_create(clockid=0x0, flags=0x7fa07c819d00) end
             exe-1050008 [001] ..... 1637016.810353: tracing_mark_write: timerfd_create(clockid=0x0, flags=0x7fa07c819d00) start
             exe-1050008 [001] ..... 1637016.810354: sys_pwrite64 -> 0x37
             exe-1050008 [001] ..... 1637016.810362: sys_ptrace(request: 4205, pid: 1005d0, addr: 1, data: c000a2fc70)
             exe-1050008 [001] ..... 1637016.810365: sys_ptrace -> 0x0
             exe-1050008 [001] ..... 1637016.810367: sys_ptrace(request: 4205, pid: 1005d0, addr: 202, data: c000a2fc70)
             exe-1050008 [001] ..... 1637016.810378: sys_ptrace -> 0x0
             exe-1050008 [001] ..... 1637016.810380: sys_ptrace(request: 1f, pid: 1005d0, addr: 0, data: 0)
             exe-1050008 [001] .N... 1637016.810388: sys_ptrace -> 0x0
             exe-1050064 [001] ..... 1637016.810399: sys_write -> 0x37
             exe-1050008 [001] ..... 1637016.810418: sys_wait4(upid: 1005d0, stat_addr: c000a2fbf4, options: 40000002, ru: 0)
             exe-1050008 [001] ..... 1637016.810421: sys_wait4 -> 0x1005d0
             exe-1050008 [001] ..... 1637016.810424: sys_ptrace(request: 4204, pid: 1005d0, addr: 1, data: c000a2fc70)
             exe-1050008 [001] ..... 1637016.810428: sys_ptrace -> 0x0
             exe-1050008 [001] ..... 1637016.810429: sys_ptrace(request: 4204, pid: 1005d0, addr: 202, data: c000a2fc70)
             exe-1050008 [001] ..... 1637016.810432: sys_ptrace -> 0x0
             exe-1050008 [001] ..... 1637016.810438: sys_ptrace(request: 4205, pid: 1005d0, addr: 1, data: c000a2fc70)
             exe-1050008 [001] ..... 1637016.810441: sys_ptrace -> 0x0
             exe-1050008 [001] ..... 1637016.810443: sys_ptrace(request: 4205, pid: 1005d0, addr: 202, data: c000a2fc70)
             exe-1050008 [001] ..... 1637016.810452: sys_ptrace -> 0x0
             exe-1050008 [001] ..... 1637016.810454: sys_ptrace(request: 1f, pid: 1005d0, addr: 0, data: 0)
             exe-1050008 [001] .N... 1637016.810460: sys_ptrace -> 0x0
             exe-1050064 [001] ..... 1637016.810471: sys_timerfd_create -> 0xffffffffffffffea
             exe-1050008 [001] ..... 1637016.810490: sys_wait4(upid: 1005d0, stat_addr: c000a2fbf4, options: 40000002, ru: 0)
             exe-1050008 [001] ..... 1637016.810493: sys_wait4 -> 0x1005d0
             exe-1050008 [001] ..... 1637016.810495: sys_ptrace(request: 4204, pid: 1005d0, addr: 1, data: c000a2fc70)
             exe-1050008 [001] ..... 1637016.810498: sys_ptrace -> 0x0
             exe-1050008 [001] ..... 1637016.810500: sys_ptrace(request: 4204, pid: 1005d0, addr: 202, data: c000a2fc70)
             exe-1050008 [001] ..... 1637016.810502: sys_ptrace -> 0x0
             exe-1050008 [001] ..... 1637016.810512: sys_pwrite64(fd: 63, buf: 7fd66ed81080, count: 35, pos: 37)
             exe-1050008 [001] ..... 1637016.810513: tracing_mark_write: timerfd_create(clockid=0x0, flags=0x7fa07c819d00) end
             exe-1050008 [002] ..... 1637016.895903: tracing_mark_write: timerfd_create(clockid=0x0, flags=0x7fa07c819d00) start
             exe-1050008 [002] ..... 1637016.895905: sys_pwrite64 -> 0x37
             exe-1050008 [002] ..... 1637016.895912: sys_ptrace(request: 4205, pid: 1005d0, addr: 1, data: c000a2fc70)
             exe-1050008 [002] ..... 1637016.895915: sys_ptrace -> 0x0
             exe-1049567 [000] ..... 1637016.895940: sys_nanosleep -> 0x0
             exe-1049567 [000] ..... 1637016.895942: sys_nanosleep(rqtp: c000069f10, rmtp: 0)
             exe-1050008 [002] .N... 1637016.895945: sys_ptrace(request: 4205, pid: 1005d0, addr: 202, data: c000a2fc70)
             exe-1049673 [002] ..... 1637016.895957: sys_nanosleep -> 0x0
             exe-1049673 [002] ..... 1637016.895963: sys_nanosleep(rqtp: c000069f10, rmtp: 0)
             exe-1050008 [002] ..... 1637016.895997: sys_ptrace -> 0x0
             exe-1050008 [002] ..... 1637016.896001: sys_ptrace(request: 1f, pid: 1005d0, addr: 0, data: 0)
             exe-1050008 [002] ..... 1637016.896011: sys_ptrace -> 0x0
             exe-1050008 [002] ..... 1637016.896016: sys_wait4(upid: 1005d0, stat_addr: c000a2fbf4, options: 40000002, ru: 0)
             exe-1050064 [001] ..... 1637016.896019: sys_write -> 0x37
             exe-1049567 [000] ..... 1637016.896031: sys_nanosleep -> 0x0
             exe-1049567 [000] ..... 1637016.896033: sys_nanosleep(rqtp: c000069f10, rmtp: 0)
             exe-1049673 [002] ..... 1637016.896070: sys_nanosleep -> 0x0
             exe-1049673 [002] ..... 1637016.896077: sys_nanosleep(rqtp: c000069f10, rmtp: 0)
             exe-1050008 [002] ..... 1637016.896099: sys_wait4 -> 0x1005d0
             exe-1050008 [002] ..... 1637016.896105: sys_ptrace(request: 4204, pid: 1005d0, addr: 1, data: c000a2fc70)
             exe-1050008 [002] ..... 1637016.896109: sys_ptrace -> 0x0
             exe-1050008 [002] ..... 1637016.896111: sys_ptrace(request: 4204, pid: 1005d0, addr: 202, data: c000a2fc70)
             exe-1050008 [002] ..... 1637016.896114: sys_ptrace -> 0x0
             exe-1049567 [000] ..... 1637016.896117: sys_nanosleep -> 0x0
             exe-1049567 [000] ..... 1637016.896119: sys_nanosleep(rqtp: c000069f10, rmtp: 0)
             exe-1050008 [002] ..... 1637016.896122: sys_ptrace(request: 4205, pid: 1005d0, addr: 1, data: c000a2fc70)
             exe-1050008 [002] ..... 1637016.896125: sys_ptrace -> 0x0
             exe-1050008 [002] ..... 1637016.896126: sys_ptrace(request: 4205, pid: 1005d0, addr: 202, data: c000a2fc70)
             exe-1050008 [002] ..... 1637016.896137: sys_ptrace -> 0x0
             exe-1050008 [002] ..... 1637016.896139: sys_ptrace(request: 1f, pid: 1005d0, addr: 0, data: 0)
             exe-1050064 [001] ..... 1637016.896153: sys_timerfd_create -> 0xffffffffffffffea
             exe-1050008 [002] .N... 1637016.896171: sys_ptrace -> 0x0
             exe-1049673 [002] ..... 1637016.896181: sys_nanosleep -> 0x0
             exe-1049673 [002] ..... 1637016.896187: sys_nanosleep(rqtp: c000069f10, rmtp: 0)
             exe-1049567 [000] ..... 1637016.896203: sys_nanosleep -> 0x0
             exe-1049567 [000] ..... 1637016.896205: sys_nanosleep(rqtp: c000069f10, rmtp: 0)
             exe-1050008 [002] ..... 1637016.896213: sys_wait4(upid: 1005d0, stat_addr: c000a2fbf4, options: 40000002, ru: 0)
             exe-1050008 [002] ..... 1637016.896216: sys_wait4 -> 0x1005d0
             exe-1050008 [002] ..... 1637016.896218: sys_ptrace(request: 4204, pid: 1005d0, addr: 1, data: c000a2fc70)
             exe-1050008 [002] ..... 1637016.896222: sys_ptrace -> 0x0
             exe-1050008 [002] ..... 1637016.896224: sys_ptrace(request: 4204, pid: 1005d0, addr: 202, data: c000a2fc70)
             exe-1050008 [002] ..... 1637016.896226: sys_ptrace -> 0x0
             exe-1050008 [002] ..... 1637016.896243: sys_pwrite64(fd: 63, buf: 7fd66ed81080, count: 35, pos: 37)
             exe-1050008 [002] ..... 1637016.896245: tracing_mark_write: timerfd_create(clockid=0x0, flags=0x7fa07c819d00) end
             exe-1050008 [002] ..... 1637016.960811: tracing_mark_write: timerfd_create(clockid=0x0, flags=0x7fa07c819d00) start
             exe-1050008 [002] ..... 1637016.960812: sys_pwrite64 -> 0x37
             exe-1050008 [002] ..... 1637016.960818: sys_ptrace(request: 4205, pid: 1005d0, addr: 1, data: c000a2fc70)
             exe-1050008 [002] ..... 1637016.960821: sys_ptrace -> 0x0
             exe-1050008 [002] ..... 1637016.960822: sys_ptrace(request: 4205, pid: 1005d0, addr: 202, data: c000a2fc70)
             exe-1049673 [002] ..... 1637016.960860: sys_nanosleep -> 0x0
             exe-1049673 [002] ..... 1637016.960865: sys_nanosleep(rqtp: c000069f10, rmtp: 0)
             exe-1050008 [002] ..... 1637016.960883: sys_ptrace -> 0x0
             exe-1050008 [002] ..... 1637016.960886: sys_ptrace(request: 1f, pid: 1005d0, addr: 0, data: 0)
             exe-1050008 [002] ..... 1637016.960894: sys_ptrace -> 0x0
             exe-1050008 [002] ..... 1637016.960896: sys_wait4(upid: 1005d0, stat_addr: c000a2fbf4, options: 40000002, ru: 0)
             exe-1050064 [001] ..... 1637016.960912: sys_write -> 0x37
             exe-1050008 [002] ..... 1637016.960933: sys_wait4 -> 0x1005d0
             exe-1050008 [002] ..... 1637016.960935: sys_ptrace(request: 4204, pid: 1005d0, addr: 1, data: c000a2fc70)
             exe-1049673 [002] ..... 1637016.960959: sys_nanosleep -> 0x0
             exe-1049673 [002] ..... 1637016.960963: sys_nanosleep(rqtp: c000069f10, rmtp: 0)
             exe-1050008 [002] ..... 1637016.960982: sys_ptrace -> 0x0
             exe-1050008 [002] ..... 1637016.960986: sys_ptrace(request: 4204, pid: 1005d0, addr: 202, data: c000a2fc70)
             exe-1050008 [002] ..... 1637016.960989: sys_ptrace -> 0x0
             exe-1050008 [002] ..... 1637016.960995: sys_ptrace(request: 4205, pid: 1005d0, addr: 1, data: c000a2fc70)
             exe-1050008 [002] ..... 1637016.960997: sys_ptrace -> 0x0
             exe-1050008 [002] ..... 1637016.960998: sys_ptrace(request: 4205, pid: 1005d0, addr: 202, data: c000a2fc70)
             exe-1050008 [002] ..... 1637016.961007: sys_ptrace -> 0x0
             exe-1050008 [002] ..... 1637016.961008: sys_ptrace(request: 1f, pid: 1005d0, addr: 0, data: 0)
             exe-1050008 [002] ..... 1637016.961015: sys_ptrace -> 0x0
             exe-1050008 [002] ..... 1637016.961018: sys_wait4(upid: 1005d0, stat_addr: c000a2fbf4, options: 40000002, ru: 0)
             exe-1050064 [001] ..... 1637016.961024: sys_timerfd_create -> 0xffffffffffffffea
             exe-1049673 [002] ..... 1637016.961062: sys_nanosleep -> 0x0
             exe-1049673 [002] ..... 1637016.961067: sys_nanosleep(rqtp: c000069f10, rmtp: 0)
             exe-1050008 [002] ..... 1637016.961086: sys_wait4 -> 0x1005d0
             exe-1050008 [002] ..... 1637016.961090: sys_ptrace(request: 4204, pid: 1005d0, addr: 1, data: c000a2fc70)
             exe-1050008 [002] ..... 1637016.961094: sys_ptrace -> 0x0
             exe-1050008 [002] ..... 1637016.961095: sys_ptrace(request: 4204, pid: 1005d0, addr: 202, data: c000a2fc70)
             exe-1050008 [002] ..... 1637016.961098: sys_ptrace -> 0x0
             exe-1050008 [002] ..... 1637016.961110: sys_pwrite64(fd: 63, buf: 7fd66ed81080, count: 35, pos: 37)
             exe-1050008 [002] ..... 1637016.961111: tracing_mark_write: timerfd_create(clockid=0x0, flags=0x7fa07c819d00) end
             exe-1050008 [001] ..... 1637017.032515: tracing_mark_write: timerfd_create(clockid=0x0, flags=0x7fa07c819d00) start
             exe-1050008 [001] ..... 1637017.032517: sys_pwrite64 -> 0x37
             exe-1050008 [001] ..... 1637017.032525: sys_ptrace(request: 4205, pid: 1005d0, addr: 1, data: c000a2fc70)
             exe-1050008 [001] ..... 1637017.032529: sys_ptrace -> 0x0
             exe-1050008 [001] ..... 1637017.032531: sys_ptrace(request: 4205, pid: 1005d0, addr: 202, data: c000a2fc70)
             exe-1050008 [001] ..... 1637017.032545: sys_ptrace -> 0x0
             exe-1050008 [001] ..... 1637017.032547: sys_ptrace(request: 1f, pid: 1005d0, addr: 0, data: 0)
             exe-1050008 [001] .N... 1637017.032556: sys_ptrace -> 0x0
             exe-1050064 [001] ..... 1637017.032567: sys_write -> 0x37
             exe-1049567 [000] ..... 1637017.032586: sys_nanosleep -> 0x0
             exe-1050008 [001] ..... 1637017.032588: sys_wait4(upid: 1005d0, stat_addr: c000a2fbf4, options: 40000002, ru: 0)
             exe-1049567 [000] ..... 1637017.032588: sys_nanosleep(rqtp: c000069f10, rmtp: 0)
             exe-1050008 [001] ..... 1637017.032591: sys_wait4 -> 0x1005d0
             exe-1050008 [001] ..... 1637017.032593: sys_ptrace(request: 4204, pid: 1005d0, addr: 1, data: c000a2fc70)
             exe-1050008 [001] ..... 1637017.032598: sys_ptrace -> 0x0
             exe-1050008 [001] ..... 1637017.032600: sys_ptrace(request: 4204, pid: 1005d0, addr: 202, data: c000a2fc70)
             exe-1050008 [001] ..... 1637017.032603: sys_ptrace -> 0x0
             exe-1050008 [001] ..... 1637017.032609: sys_ptrace(request: 4205, pid: 1005d0, addr: 1, data: c000a2fc70)
             exe-1050008 [001] ..... 1637017.032613: sys_ptrace -> 0x0
             exe-1050008 [001] ..... 1637017.032615: sys_ptrace(request: 4205, pid: 1005d0, addr: 202, data: c000a2fc70)
             exe-1050008 [001] ..... 1637017.032626: sys_ptrace -> 0x0
             exe-1050008 [001] ..... 1637017.032628: sys_ptrace(request: 1f, pid: 1005d0, addr: 0, data: 0)
             exe-1050008 [001] .N... 1637017.032636: sys_ptrace -> 0x0
             exe-1050064 [001] ..... 1637017.032647: sys_timerfd_create -> 0xffffffffffffffea
             exe-1050008 [001] ..... 1637017.032668: sys_wait4(upid: 1005d0, stat_addr: c000a2fbf4, options: 40000002, ru: 0)
             exe-1050008 [001] ..... 1637017.032670: sys_wait4 -> 0x1005d0
             exe-1050008 [001] ..... 1637017.032673: sys_ptrace(request: 4204, pid: 1005d0, addr: 1, data: c000a2fc70)
             exe-1050008 [001] ..... 1637017.032678: sys_ptrace -> 0x0
             exe-1050008 [001] ..... 1637017.032679: sys_ptrace(request: 4204, pid: 1005d0, addr: 202, data: c000a2fc70)
             exe-1049567 [000] ..... 1637017.032680: sys_nanosleep -> 0x0
             exe-1049567 [000] ..... 1637017.032682: sys_nanosleep(rqtp: c000069f10, rmtp: 0)
             exe-1050008 [001] ..... 1637017.032683: sys_ptrace -> 0x0
             exe-1050008 [001] ..... 1637017.032693: sys_pwrite64(fd: 63, buf: 7fd66ed81080, count: 35, pos: 37)
             exe-1050008 [001] ..... 1637017.032695: tracing_mark_write: timerfd_create(clockid=0x0, flags=0x7fa07c819d00) end
             exe-1050008 [001] ..... 1637017.095407: tracing_mark_write: timerfd_create(clockid=0x0, flags=0x7fa07c819d00) start
             exe-1050008 [001] ..... 1637017.095409: sys_pwrite64 -> 0x37
             exe-1050008 [001] ..... 1637017.095416: sys_ptrace(request: 4205, pid: 1005d0, addr: 1, data: c000a2fc70)
             exe-1050008 [001] ..... 1637017.095419: sys_ptrace -> 0x0
             exe-1050008 [001] ..... 1637017.095420: sys_ptrace(request: 4205, pid: 1005d0, addr: 202, data: c000a2fc70)
             exe-1050008 [001] ..... 1637017.095432: sys_ptrace -> 0x0
             exe-1050008 [001] ..... 1637017.095433: sys_ptrace(request: 1f, pid: 1005d0, addr: 0, data: 0)
             exe-1050008 [001] .N... 1637017.095441: sys_ptrace -> 0x0
             exe-1049673 [002] ..... 1637017.095447: sys_nanosleep -> 0x0
             exe-1049673 [002] ..... 1637017.095449: sys_nanosleep(rqtp: c000069f10, rmtp: 0)
             exe-1050064 [001] ..... 1637017.095452: sys_write -> 0x37
             exe-1049567 [000] ..... 1637017.095459: sys_nanosleep -> 0x0
             exe-1049567 [000] ..... 1637017.095465: sys_nanosleep(rqtp: c000069f10, rmtp: 0)
             exe-1050008 [001] ..... 1637017.095472: sys_wait4(upid: 1005d0, stat_addr: c000a2fbf4, options: 40000002, ru: 0)
             exe-1050008 [001] ..... 1637017.095475: sys_wait4 -> 0x1005d0
             exe-1050008 [001] ..... 1637017.095477: sys_ptrace(request: 4204, pid: 1005d0, addr: 1, data: c000a2fc70)
             exe-1050008 [001] ..... 1637017.095481: sys_ptrace -> 0x0
             exe-1050008 [001] ..... 1637017.095482: sys_ptrace(request: 4204, pid: 1005d0, addr: 202, data: c000a2fc70)
             exe-1050008 [001] ..... 1637017.095485: sys_ptrace -> 0x0
             exe-1050008 [001] ..... 1637017.095491: sys_ptrace(request: 4205, pid: 1005d0, addr: 1, data: c000a2fc70)
             exe-1050008 [001] ..... 1637017.095493: sys_ptrace -> 0x0
             exe-1050008 [001] ..... 1637017.095495: sys_ptrace(request: 4205, pid: 1005d0, addr: 202, data: c000a2fc70)
             exe-1050008 [001] ..... 1637017.095504: sys_ptrace -> 0x0
             exe-1050008 [001] ..... 1637017.095506: sys_ptrace(request: 1f, pid: 1005d0, addr: 0, data: 0)
             exe-1050008 [001] .N... 1637017.095513: sys_ptrace -> 0x0
             exe-1050064 [001] ..... 1637017.095523: sys_timerfd_create -> 0xffffffffffffffea
             exe-1049673 [002] ..... 1637017.095537: sys_nanosleep -> 0x0
             exe-1049673 [002] ..... 1637017.095539: sys_nanosleep(rqtp: c000069f10, rmtp: 0)
             exe-1050008 [001] ..... 1637017.095543: sys_wait4(upid: 1005d0, stat_addr: c000a2fbf4, options: 40000002, ru: 0)
             exe-1050008 [001] ..... 1637017.095545: sys_wait4 -> 0x1005d0
             exe-1050008 [001] ..... 1637017.095548: sys_ptrace(request: 4204, pid: 1005d0, addr: 1, data: c000a2fc70)
             exe-1050008 [001] ..... 1637017.095551: sys_ptrace -> 0x0
             exe-1050008 [001] ..... 1637017.095553: sys_ptrace(request: 4204, pid: 1005d0, addr: 202, data: c000a2fc70)
             exe-1050008 [001] ..... 1637017.095556: sys_ptrace -> 0x0
             exe-1050008 [001] ..... 1637017.095565: sys_pwrite64(fd: 63, buf: 7fd66ed81080, count: 35, pos: 37)
             exe-1050008 [001] ..... 1637017.095567: tracing_mark_write: timerfd_create(clockid=0x0, flags=0x7fa07c819d00) end
             exe-1050008 [001] ..... 1637017.167090: tracing_mark_write: timerfd_create(clockid=0x0, flags=0x7fa07c819d00) start
             exe-1050008 [001] ..... 1637017.167092: sys_pwrite64 -> 0x37
             exe-1050008 [001] ..... 1637017.167098: sys_ptrace(request: 4205, pid: 1005d0, addr: 1, data: c000a2fc70)
             exe-1050008 [001] ..... 1637017.167101: sys_ptrace -> 0x0
             exe-1050008 [001] ..... 1637017.167102: sys_ptrace(request: 4205, pid: 1005d0, addr: 202, data: c000a2fc70)
             exe-1050008 [001] ..... 1637017.167113: sys_ptrace -> 0x0
             exe-1050008 [001] ..... 1637017.167114: sys_ptrace(request: 1f, pid: 1005d0, addr: 0, data: 0)
             exe-1050008 [001] .N... 1637017.167121: sys_ptrace -> 0x0
             exe-1050064 [001] ..... 1637017.167136: sys_write -> 0x37
             exe-1050008 [001] ..... 1637017.167154: sys_wait4(upid: 1005d0, stat_addr: c000a2fbf4, options: 40000002, ru: 0)
             exe-1050008 [001] ..... 1637017.167156: sys_wait4 -> 0x1005d0
             exe-1050008 [001] ..... 1637017.167158: sys_ptrace(request: 4204, pid: 1005d0, addr: 1, data: c000a2fc70)
             exe-1049567 [000] ..... 1637017.167161: sys_nanosleep -> 0x0
             exe-1050008 [001] ..... 1637017.167162: sys_ptrace -> 0x0
             exe-1050008 [001] ..... 1637017.167163: sys_ptrace(request: 4204, pid: 1005d0, addr: 202, data: c000a2fc70)
             exe-1049567 [000] ..... 1637017.167165: sys_nanosleep(rqtp: c000069f10, rmtp: 0)
             exe-1050008 [001] ..... 1637017.167166: sys_ptrace -> 0x0
             exe-1049673 [002] ..... 1637017.167166: sys_nanosleep -> 0x0
             exe-1049673 [002] ..... 1637017.167170: sys_futex(uaddr: 1f09dc0, op: 80, val: 0, utime: c000069eb0, uaddr2: 0, val3: 0)
             exe-1050008 [001] ..... 1637017.167172: sys_ptrace(request: 4205, pid: 1005d0, addr: 1, data: c000a2fc70)
             exe-1050008 [001] ..... 1637017.167174: sys_ptrace -> 0x0
             exe-1050008 [001] ..... 1637017.167175: sys_ptrace(request: 4205, pid: 1005d0, addr: 202, data: c000a2fc70)
             exe-1050008 [001] ..... 1637017.167184: sys_ptrace -> 0x0
             exe-1050008 [001] ..... 1637017.167186: sys_ptrace(request: 1f, pid: 1005d0, addr: 0, data: 0)
             exe-1050008 [001] .N... 1637017.167192: sys_ptrace -> 0x0
             exe-1050064 [001] ..... 1637017.167202: sys_timerfd_create -> 0xffffffffffffffea
             exe-1050008 [001] ..... 1637017.167219: sys_wait4(upid: 1005d0, stat_addr: c000a2fbf4, options: 40000002, ru: 0)
             exe-1050008 [001] ..... 1637017.167222: sys_wait4 -> 0x1005d0
             exe-1050008 [001] ..... 1637017.167224: sys_ptrace(request: 4204, pid: 1005d0, addr: 1, data: c000a2fc70)
             exe-1050008 [001] ..... 1637017.167228: sys_ptrace -> 0x0
             exe-1050008 [001] ..... 1637017.167230: sys_ptrace(request: 4204, pid: 1005d0, addr: 202, data: c000a2fc70)
             exe-1050008 [001] ..... 1637017.167232: sys_ptrace -> 0x0
             exe-1050008 [001] ..... 1637017.167241: sys_pwrite64(fd: 63, buf: 7fd66ed81080, count: 35, pos: 37)
             exe-1050008 [001] ..... 1637017.167242: tracing_mark_write: timerfd_create(clockid=0x0, flags=0x7fa07c819d00) end
             exe-1050008 [001] ..... 1637017.232867: tracing_mark_write: timerfd_create(clockid=0x0, flags=0x7fa07c819d00) start
             exe-1050008 [001] ..... 1637017.232868: sys_pwrite64 -> 0x37
             exe-1050008 [001] ..... 1637017.232875: sys_ptrace(request: 4205, pid: 1005d0, addr: 1, data: c000a2fc70)
             exe-1049567 [003] ..... 1637017.232877: sys_nanosleep -> 0x0
             exe-1050008 [001] ..... 1637017.232878: sys_ptrace -> 0x0
             exe-1049567 [003] ..... 1637017.232879: sys_nanosleep(rqtp: c000069f10, rmtp: 0)
             exe-1050008 [001] ..... 1637017.232880: sys_ptrace(request: 4205, pid: 1005d0, addr: 202, data: c000a2fc70)
             exe-1049673 [002] ..... 1637017.232881: sys_nanosleep -> 0x0
             exe-1049673 [002] ..... 1637017.232884: sys_futex(uaddr: 1f09dc0, op: 80, val: 0, utime: c000069eb0, uaddr2: 0, val3: 0)
             exe-1050008 [001] ..... 1637017.232892: sys_ptrace -> 0x0
             exe-1050008 [001] ..... 1637017.232894: sys_ptrace(request: 1f, pid: 1005d0, addr: 0, data: 0)
             exe-1050008 [001] .N... 1637017.232901: sys_ptrace -> 0x0
             exe-1050064 [001] ..... 1637017.232913: sys_write -> 0x37
             exe-1050008 [001] ..... 1637017.232933: sys_wait4(upid: 1005d0, stat_addr: c000a2fbf4, options: 40000002, ru: 0)
             exe-1050008 [001] ..... 1637017.232936: sys_wait4 -> 0x1005d0
             exe-1050008 [001] ..... 1637017.232938: sys_ptrace(request: 4204, pid: 1005d0, addr: 1, data: c000a2fc70)
             exe-1050008 [001] ..... 1637017.232942: sys_ptrace -> 0x0
             exe-1050008 [001] ..... 1637017.232943: sys_ptrace(request: 4204, pid: 1005d0, addr: 202, data: c000a2fc70)
             exe-1050008 [001] ..... 1637017.232946: sys_ptrace -> 0x0
             exe-1050008 [001] ..... 1637017.232952: sys_ptrace(request: 4205, pid: 1005d0, addr: 1, data: c000a2fc70)
             exe-1050008 [001] ..... 1637017.232955: sys_ptrace -> 0x0
             exe-1050008 [001] ..... 1637017.232956: sys_ptrace(request: 4205, pid: 1005d0, addr: 202, data: c000a2fc70)
             exe-1050008 [001] ..... 1637017.232966: sys_ptrace -> 0x0
             exe-1050008 [001] ..... 1637017.232968: sys_ptrace(request: 1f, pid: 1005d0, addr: 0, data: 0)
             exe-1050008 [001] .N... 1637017.232975: sys_ptrace -> 0x0
             exe-1050064 [001] ..... 1637017.232986: sys_timerfd_create -> 0xffffffffffffffea
             exe-1049567 [003] ..... 1637017.233005: sys_nanosleep -> 0x0
             exe-1050008 [001] ..... 1637017.233005: sys_wait4(upid: 1005d0, stat_addr: c000a2fbf4, options: 40000002, ru: 0)
             exe-1050008 [001] ..... 1637017.233007: sys_wait4 -> 0x1005d0
             exe-1049567 [003] ..... 1637017.233008: sys_nanosleep(rqtp: c000069f10, rmtp: 0)
             exe-1050008 [001] ..... 1637017.233010: sys_ptrace(request: 4204, pid: 1005d0, addr: 1, data: c000a2fc70)
             exe-1050008 [001] ..... 1637017.233014: sys_ptrace -> 0x0
             exe-1050008 [001] ..... 1637017.233016: sys_ptrace(request: 4204, pid: 1005d0, addr: 202, data: c000a2fc70)
             exe-1050008 [001] ..... 1637017.233018: sys_ptrace -> 0x0
             exe-1050008 [001] ..... 1637017.233028: sys_pwrite64(fd: 63, buf: 7fd66ed81080, count: 35, pos: 37)
             exe-1050008 [001] ..... 1637017.233030: tracing_mark_write: timerfd_create(clockid=0x0, flags=0x7fa07c819d00) end
             exe-1050008 [001] ..... 1637017.316127: tracing_mark_write: timerfd_create(clockid=0x0, flags=0x7fa07c819d00) start
             exe-1050008 [001] ..... 1637017.316129: sys_pwrite64 -> 0x37
             exe-1050008 [001] ..... 1637017.316137: sys_ptrace(request: 4205, pid: 1005d0, addr: 1, data: c000a2fc70)
             exe-1050008 [001] ..... 1637017.316141: sys_ptrace -> 0x0
             exe-1050008 [001] ..... 1637017.316142: sys_ptrace(request: 4205, pid: 1005d0, addr: 202, data: c000a2fc70)
             exe-1050008 [001] ..... 1637017.316160: sys_ptrace -> 0x0
             exe-1050008 [001] ..... 1637017.316162: sys_ptrace(request: 1f, pid: 1005d0, addr: 0, data: 0)
             exe-1050008 [001] .N... 1637017.316170: sys_ptrace -> 0x0
             exe-1050064 [001] ..... 1637017.316182: sys_write -> 0x37
             exe-1049567 [003] ..... 1637017.316184: sys_nanosleep -> 0x0
             exe-1049567 [003] ..... 1637017.316189: sys_nanosleep(rqtp: c000069f10, rmtp: 0)
             exe-1049673 [000] ..... 1637017.316199: sys_nanosleep -> 0x0
             exe-1049673 [000] ..... 1637017.316201: sys_nanosleep(rqtp: c000069f10, rmtp: 0)
             exe-1050008 [001] ..... 1637017.316205: sys_wait4(upid: 1005d0, stat_addr: c000a2fbf4, options: 40000002, ru: 0)
             exe-1050008 [001] ..... 1637017.316208: sys_wait4 -> 0x1005d0
             exe-1050008 [001] ..... 1637017.316211: sys_ptrace(request: 4204, pid: 1005d0, addr: 1, data: c000a2fc70)
             exe-1050008 [001] ..... 1637017.316216: sys_ptrace -> 0x0
             exe-1050008 [001] ..... 1637017.316218: sys_ptrace(request: 4204, pid: 1005d0, addr: 202, data: c000a2fc70)
             exe-1050008 [001] ..... 1637017.316222: sys_ptrace -> 0x0
             exe-1050008 [001] ..... 1637017.316230: sys_ptrace(request: 4205, pid: 1005d0, addr: 1, data: c000a2fc70)
             exe-1050008 [001] ..... 1637017.316233: sys_ptrace -> 0x0
             exe-1050008 [001] ..... 1637017.316235: sys_ptrace(request: 4205, pid: 1005d0, addr: 202, data: c000a2fc70)
             exe-1050008 [001] ..... 1637017.316247: sys_ptrace -> 0x0
             exe-1050008 [001] ..... 1637017.316250: sys_ptrace(request: 1f, pid: 1005d0, addr: 0, data: 0)
             exe-1050008 [001] .N... 1637017.316258: sys_ptrace -> 0x0
             exe-1050064 [001] ..... 1637017.316269: sys_timerfd_create -> 0xffffffffffffffea
             exe-1049673 [000] ..... 1637017.316287: sys_nanosleep -> 0x0
             exe-1049673 [000] ..... 1637017.316289: sys_nanosleep(rqtp: c000069f10, rmtp: 0)
             exe-1050008 [001] ..... 1637017.316292: sys_wait4(upid: 1005d0, stat_addr: c000a2fbf4, options: 40000002, ru: 0)
             exe-1050008 [001] ..... 1637017.316295: sys_wait4 -> 0x1005d0
             exe-1050008 [001] ..... 1637017.316298: sys_ptrace(request: 4204, pid: 1005d0, addr: 1, data: c000a2fc70)
             exe-1050008 [001] ..... 1637017.316303: sys_ptrace -> 0x0
             exe-1050008 [001] ..... 1637017.316304: sys_ptrace(request: 4204, pid: 1005d0, addr: 202, data: c000a2fc70)
             exe-1050008 [001] ..... 1637017.316308: sys_ptrace -> 0x0
             exe-1049567 [003] ..... 1637017.316310: sys_nanosleep -> 0x0
             exe-1049567 [003] ..... 1637017.316315: sys_nanosleep(rqtp: c000069f10, rmtp: 0)
             exe-1050008 [001] ..... 1637017.316321: sys_pwrite64(fd: 63, buf: 7fd66ed81080, count: 35, pos: 37)
             exe-1050008 [001] ..... 1637017.316323: tracing_mark_write: timerfd_create(clockid=0x0, flags=0x7fa07c819d00) end
             exe-1050008 [003] ..... 1637017.396993: tracing_mark_write: timerfd_create(clockid=0x0, flags=0x7fa07c819d00) start
             exe-1050008 [003] ..... 1637017.397011: sys_pwrite64 -> 0x37
             exe-1050008 [003] ..... 1637017.397021: sys_ptrace(request: 4205, pid: 1005d0, addr: 1, data: c000a2fc70)
             exe-1050008 [003] ..... 1637017.397026: sys_ptrace -> 0x0
             exe-1050008 [003] ..... 1637017.397028: sys_ptrace(request: 4205, pid: 1005d0, addr: 202, data: c000a2fc70)
             exe-1050008 [003] ..... 1637017.397046: sys_ptrace -> 0x0
             exe-1050008 [003] ..... 1637017.397048: sys_ptrace(request: 1f, pid: 1005d0, addr: 0, data: 0)
             exe-1050008 [003] ..... 1637017.397057: sys_ptrace -> 0x0
             exe-1050008 [003] ..... 1637017.397060: sys_wait4(upid: 1005d0, stat_addr: c000a2fbf4, options: 40000002, ru: 0)
             exe-1049673 [000] ..... 1637017.397077: sys_nanosleep -> 0x0
             exe-1049673 [000] ..... 1637017.397079: sys_nanosleep(rqtp: c000069f10, rmtp: 0)
             exe-1050064 [001] ..... 1637017.397112: sys_write -> 0x37
             exe-1050008 [003] ..... 1637017.397164: sys_wait4 -> 0x1005d0
             exe-1050008 [003] ..... 1637017.397171: sys_ptrace(request: 4204, pid: 1005d0, addr: 1, data: c000a2fc70)
             exe-1049673 [000] ..... 1637017.397171: sys_nanosleep -> 0x0
             exe-1049673 [000] ..... 1637017.397173: sys_nanosleep(rqtp: c000069f10, rmtp: 0)
             exe-1050008 [003] ..... 1637017.397177: sys_ptrace -> 0x0
             exe-1050008 [003] ..... 1637017.397179: sys_ptrace(request: 4204, pid: 1005d0, addr: 202, data: c000a2fc70)
             exe-1050008 [003] ..... 1637017.397183: sys_ptrace -> 0x0
             exe-1050008 [003] ..... 1637017.397209: sys_ptrace(request: 4205, pid: 1005d0, addr: 1, data: c000a2fc70)
             exe-1050008 [003] ..... 1637017.397220: sys_ptrace -> 0x0
             exe-1050008 [003] ..... 1637017.397223: sys_ptrace(request: 4205, pid: 1005d0, addr: 202, data: c000a2fc70)
             exe-1050008 [003] ..... 1637017.397238: sys_ptrace -> 0x0
             exe-1050008 [003] ..... 1637017.397241: sys_ptrace(request: 1f, pid: 1005d0, addr: 0, data: 0)
             exe-1050008 [003] ..... 1637017.397249: sys_ptrace -> 0x0
             exe-1050008 [003] ..... 1637017.397252: sys_wait4(upid: 1005d0, stat_addr: c000a2fbf4, options: 40000002, ru: 0)
             exe-1049673 [000] ..... 1637017.397265: sys_nanosleep -> 0x0
             exe-1049673 [000] ..... 1637017.397267: sys_nanosleep(rqtp: c000069f10, rmtp: 0)
             exe-1050064 [001] ..... 1637017.397267: sys_timerfd_create -> 0xffffffffffffffea
             exe-1050008 [003] ..... 1637017.397351: sys_wait4 -> 0x1005d0
             exe-1050008 [003] ..... 1637017.397355: sys_ptrace(request: 4204, pid: 1005d0, addr: 1, data: c000a2fc70)
             exe-1049673 [000] ..... 1637017.397359: sys_nanosleep -> 0x0
             exe-1049673 [000] ..... 1637017.397361: sys_nanosleep(rqtp: c000069f10, rmtp: 0)
             exe-1050008 [003] ..... 1637017.397361: sys_ptrace -> 0x0
             exe-1050008 [003] ..... 1637017.397363: sys_ptrace(request: 4204, pid: 1005d0, addr: 202, data: c000a2fc70)
             exe-1050008 [003] ..... 1637017.397367: sys_ptrace -> 0x0
             exe-1050008 [003] ..... 1637017.397380: sys_pwrite64(fd: 63, buf: 7fd66ed81080, count: 35, pos: 37)
             exe-1050008 [003] ..... 1637017.397382: tracing_mark_write: timerfd_create(clockid=0x0, flags=0x7fa07c819d00) end
             exe-1050008 [003] ..... 1637017.463612: tracing_mark_write: timerfd_create(clockid=0x0, flags=0x7fa07c819d00) start
             exe-1050008 [003] ..... 1637017.463614: sys_pwrite64 -> 0x37
             exe-1050008 [003] ..... 1637017.463644: sys_ptrace(request: 4205, pid: 1005d0, addr: 1, data: c000a2fc70)
             exe-1050008 [003] ..... 1637017.463648: sys_ptrace -> 0x0
             exe-1050008 [003] ..... 1637017.463650: sys_ptrace(request: 4205, pid: 1005d0, addr: 202, data: c000a2fc70)
             exe-1050008 [003] ..... 1637017.463669: sys_ptrace -> 0x0
             exe-1050008 [003] ..... 1637017.463671: sys_ptrace(request: 1f, pid: 1005d0, addr: 0, data: 0)
             exe-1050008 [003] ..... 1637017.463683: sys_ptrace -> 0x0
             exe-1050008 [003] ..... 1637017.463686: sys_wait4(upid: 1005d0, stat_addr: c000a2fbf4, options: 40000002, ru: 0)
             exe-1049673 [000] ..... 1637017.463699: sys_nanosleep -> 0x0
             exe-1050064 [001] ..... 1637017.463699: sys_write -> 0x37
             exe-1049673 [000] ..... 1637017.463701: sys_nanosleep(rqtp: c000069f10, rmtp: 0)
             exe-1049567 [002] ..... 1637017.463707: sys_nanosleep -> 0x0
             exe-1049567 [002] ..... 1637017.463709: sys_nanosleep(rqtp: c000069f10, rmtp: 0)
             exe-1050008 [003] ..... 1637017.463724: sys_wait4 -> 0x1005d0
             exe-1050008 [003] ..... 1637017.463727: sys_ptrace(request: 4204, pid: 1005d0, addr: 1, data: c000a2fc70)
             exe-1050008 [003] ..... 1637017.463731: sys_ptrace -> 0x0
             exe-1050008 [003] ..... 1637017.463733: sys_ptrace(request: 4204, pid: 1005d0, addr: 202, data: c000a2fc70)
             exe-1050008 [003] ..... 1637017.463737: sys_ptrace -> 0x0
             exe-1050008 [003] ..... 1637017.463743: sys_ptrace(request: 4205, pid: 1005d0, addr: 1, data: c000a2fc70)
             exe-1050008 [003] ..... 1637017.463747: sys_ptrace -> 0x0
             exe-1050008 [003] ..... 1637017.463749: sys_ptrace(request: 4205, pid: 1005d0, addr: 202, data: c000a2fc70)
             exe-1050008 [003] ..... 1637017.463758: sys_ptrace -> 0x0
             exe-1050008 [003] ..... 1637017.463761: sys_ptrace(request: 1f, pid: 1005d0, addr: 0, data: 0)
             exe-1050008 [003] ..... 1637017.463769: sys_ptrace -> 0x0
             exe-1050008 [003] ..... 1637017.463772: sys_wait4(upid: 1005d0, stat_addr: c000a2fbf4, options: 40000002, ru: 0)
             exe-1050064 [001] ..... 1637017.463780: sys_timerfd_create -> 0xffffffffffffffea
             exe-1049673 [000] ..... 1637017.463787: sys_nanosleep -> 0x0
             exe-1049673 [000] ..... 1637017.463789: sys_nanosleep(rqtp: c000069f10, rmtp: 0)
             exe-1050008 [003] ..... 1637017.463803: sys_wait4 -> 0x1005d0
             exe-1050008 [003] ..... 1637017.463806: sys_ptrace(request: 4204, pid: 1005d0, addr: 1, data: c000a2fc70)
             exe-1050008 [003] ..... 1637017.463810: sys_ptrace -> 0x0
             exe-1050008 [003] ..... 1637017.463812: sys_ptrace(request: 4204, pid: 1005d0, addr: 202, data: c000a2fc70)
             exe-1050008 [003] ..... 1637017.463815: sys_ptrace -> 0x0
             exe-1050008 [003] ..... 1637017.463825: sys_pwrite64(fd: 63, buf: 7fd66ed81080, count: 35, pos: 37)
