             exe-1050289 [000] ..... 1637025.980345: sys_wait4(upid: 10071e, stat_addr: c000a2fbf4, options: 40000002, ru: 0)
             exe-1050398 [002] ..... 1637025.980353: sys_write -> 0x37
             exe-1050289 [000] ..... 1637025.980368: sys_wait4 -> 0x10071e
             exe-1050289 [000] ..... 1637025.980370: sys_ptrace(request: 4204, pid: 10071e, addr: 1, data: c000a2fc70)
             exe-1050289 [000] ..... 1637025.980373: sys_ptrace -> 0x0
             exe-1050289 [000] ..... 1637025.980374: sys_ptrace(request: 4204, pid: 10071e, addr: 202, data: c000a2fc70)
             exe-1050289 [000] ..... 1637025.980376: sys_ptrace -> 0x0
             exe-1050289 [000] ..... 1637025.980381: sys_ptrace(request: 4205, pid: 10071e, addr: 1, data: c000a2fc70)
             exe-1050289 [000] ..... 1637025.980384: sys_ptrace -> 0x0
             exe-1050289 [000] ..... 1637025.980385: sys_ptrace(request: 4205, pid: 10071e, addr: 202, data: c000a2fc70)
             exe-1050289 [000] ..... 1637025.980391: sys_ptrace -> 0x0
             exe-1050289 [000] ..... 1637025.980392: sys_ptrace(request: 1f, pid: 10071e, addr: 0, data: 0)
             exe-1050289 [000] ..... 1637025.980397: sys_ptrace -> 0x0
             exe-1050289 [000] ..... 1637025.980399: sys_wait4(upid: 10071e, stat_addr: c000a2fbf4, options: 40000002, ru: 0)
             exe-1050398 [002] ..... 1637025.980404: sys_timerfd_create -> 0xffffffffffffffea
             exe-1050289 [000] ..... 1637025.980417: sys_wait4 -> 0x10071e
             exe-1050289 [000] ..... 1637025.980419: sys_ptrace(request: 4204, pid: 10071e, addr: 1, data: c000a2fc70)
             exe-1050289 [000] ..... 1637025.980422: sys_ptrace -> 0x0
             exe-1050289 [000] ..... 1637025.980423: sys_ptrace(request: 4204, pid: 10071e, addr: 202, data: c000a2fc70)
             exe-1050289 [000] ..... 1637025.980425: sys_ptrace -> 0x0
             exe-1050289 [000] ..... 1637025.980430: sys_pwrite64(fd: 63, buf: 7fd66ed81080, count: 35, pos: 37)
             exe-1050289 [000] ..... 1637025.980431: tracing_mark_write: timerfd_create(clockid=0x0, flags=0x55b96e881860) end
             exe-1050289 [000] ..... 1637026.036232: tracing_mark_write: timerfd_create(clockid=0x0, flags=0x7fa07c819d00) start
             exe-1050289 [000] ..... 1637026.036234: sys_pwrite64 -> 0x37
             exe-1050289 [000] ..... 1637026.036238: sys_ptrace(request: 4205, pid: 10071e, addr: 1, data: c000a2fc70)
             exe-1050289 [000] ..... 1637026.036242: sys_ptrace -> 0x0
             exe-1050289 [000] ..... 1637026.036244: sys_ptrace(request: 4205, pid: 10071e, addr: 202, data: c000a2fc70)
             exe-1050289 [000] ..... 1637026.036251: sys_ptrace -> 0x0
             exe-1050289 [000] ..... 1637026.036253: sys_ptrace(request: 1f, pid: 10071e, addr: 0, data: 0)
             exe-1050289 [000] ..... 1637026.036259: sys_ptrace -> 0x0
             exe-1050289 [000] ..... 1637026.036261: sys_wait4(upid: 10071e, stat_addr: c000a2fbf4, options: 40000002, ru: 0)
             exe-1050398 [002] ..... 1637026.036277: sys_write -> 0x37
             exe-1050289 [000] ..... 1637026.036296: sys_wait4 -> 0x10071e
             exe-1050289 [000] ..... 1637026.036299: sys_ptrace(request: 4204, pid: 10071e, addr: 1, data: c000a2fc70)
             exe-1050289 [000] ..... 1637026.036307: sys_ptrace -> 0x0
             exe-1050289 [000] ..... 1637026.036309: sys_ptrace(request: 4204, pid: 10071e, addr: 202, data: c000a2fc70)
             exe-1050289 [000] ..... 1637026.036312: sys_ptrace -> 0x0
             exe-1050289 [000] ..... 1637026.036317: sys_ptrace(request: 4205, pid: 10071e, addr: 1, data: c000a2fc70)
             exe-1049567 [003] ..... 1637026.036322: sys_nanosleep -> 0x0
             exe-1050289 [000] ..... 1637026.036325: sys_ptrace -> 0x0
             exe-1050289 [000] ..... 1637026.036327: sys_ptrace(request: 4205, pid: 10071e, addr: 202, data: c000a2fc70)
             exe-1049567 [003] ..... 1637026.036328: sys_nanosleep(rqtp: c000069f10, rmtp: 0)
             exe-1050289 [000] ..... 1637026.036333: sys_ptrace -> 0x0
             exe-1050289 [000] ..... 1637026.036335: sys_ptrace(request: 1f, pid: 10071e, addr: 0, data: 0)
             exe-1050289 [000] ..... 1637026.036340: sys_ptrace -> 0x0
             exe-1050289 [000] ..... 1637026.036342: sys_wait4(upid: 10071e, stat_addr: c000a2fbf4, options: 40000002, ru: 0)
             exe-1050398 [002] ..... 1637026.036361: sys_timerfd_create -> 0xffffffffffffffea
             exe-1050289 [000] ..... 1637026.036380: sys_wait4 -> 0x10071e
             exe-1050289 [000] ..... 1637026.036382: sys_ptrace(request: 4204, pid: 10071e, addr: 1, data: c000a2fc70)
             exe-1050289 [000] ..... 1637026.036385: sys_ptrace -> 0x0
             exe-1050289 [000] ..... 1637026.036386: sys_ptrace(request: 4204, pid: 10071e, addr: 202, data: c000a2fc70)
             exe-1050289 [000] ..... 1637026.036388: sys_ptrace -> 0x0
             exe-1050289 [000] ..... 1637026.036393: sys_pwrite64(fd: 63, buf: 7fd66ed81080, count: 35, pos: 37)
             exe-1050289 [000] ..... 1637026.036394: tracing_mark_write: timerfd_create(clockid=0x0, flags=0x7fa07c819d00) end
             exe-1050289 [001] ..... 1637026.125755: tracing_mark_write: timerfd_create(clockid=0x0, flags=0x7fa07c819d00) start
             exe-1050289 [001] ..... 1637026.125757: sys_pwrite64 -> 0x37
             exe-1049673 [000] ..... 1637026.125761: sys_nanosleep(rqtp: c000069f10, rmtp: 0)
             exe-1050289 [001] ..... 1637026.125762: sys_ptrace(request: 4205, pid: 10071e, addr: 1, data: c000a2fc70)
             exe-1050289 [001] ..... 1637026.125764: sys_ptrace -> 0x0
             exe-1050289 [001] ..... 1637026.125765: sys_ptrace(request: 4205, pid: 10071e, addr: 202, data: c000a2fc70)
             exe-1050289 [001] ..... 1637026.125773: sys_ptrace -> 0x0
             exe-1050289 [001] ..... 1637026.125775: sys_ptrace(request: 1f, pid: 10071e, addr: 0, data: 0)
             exe-1049567 [000] ..... 1637026.125785: sys_nanosleep -> 0x0
             exe-1050289 [001] ..... 1637026.125788: sys_ptrace -> 0x0
             exe-1050289 [001] ..... 1637026.125790: sys_wait4(upid: 10071e, stat_addr: c000a2fbf4, options: 40000002, ru: 0)
             exe-1049567 [000] ..... 1637026.125799: sys_nanosleep(rqtp: c000069f10, rmtp: 0)
             exe-1050398 [000] ..... 1637026.125813: sys_write -> 0x37
             exe-1050289 [001] ..... 1637026.125844: sys_wait4 -> 0x10071e
             exe-1050289 [001] ..... 1637026.125847: sys_ptrace(request: 4204, pid: 10071e, addr: 1, data: c000a2fc70)
             exe-1050289 [001] ..... 1637026.125849: sys_ptrace -> 0x0
             exe-1050289 [001] ..... 1637026.125851: sys_ptrace(request: 4204, pid: 10071e, addr: 202, data: c000a2fc70)
             exe-1050289 [001] ..... 1637026.125854: sys_ptrace -> 0x0
             exe-1050289 [001] ..... 1637026.125859: sys_ptrace(request: 4205, pid: 10071e, addr: 1, data: c000a2fc70)
             exe-1049673 [000] ..... 1637026.125869: sys_nanosleep -> 0x0
             exe-1050289 [001] ..... 1637026.125869: sys_ptrace -> 0x0
             exe-1050289 [001] ..... 1637026.125870: sys_ptrace(request: 4205, pid: 10071e, addr: 202, data: c000a2fc70)
             exe-1049673 [000] ..... 1637026.125875: sys_nanosleep(rqtp: c000069f10, rmtp: 0)
             exe-1050289 [001] ..... 1637026.125877: sys_ptrace -> 0x0
             exe-1050289 [001] ..... 1637026.125878: sys_ptrace(request: 1f, pid: 10071e, addr: 0, data: 0)
             exe-1050289 [001] ..... 1637026.125883: sys_ptrace -> 0x0
             exe-1050289 [001] ..... 1637026.125885: sys_wait4(upid: 10071e, stat_addr: c000a2fbf4, options: 40000002, ru: 0)
             exe-1049567 [000] ..... 1637026.125903: sys_nanosleep -> 0x0
             exe-1049567 [000] ..... 1637026.125908: sys_nanosleep(rqtp: c000069f10, rmtp: 0)
             exe-1050398 [000] ..... 1637026.125924: sys_timerfd_create -> 0xffffffffffffffea
             exe-1050289 [001] ..... 1637026.125955: sys_wait4 -> 0x10071e
             exe-1050289 [001] ..... 1637026.125957: sys_ptrace(request: 4204, pid: 10071e, addr: 1, data: c000a2fc70)
             exe-1050289 [001] ..... 1637026.125960: sys_ptrace -> 0x0
             exe-1050289 [001] ..... 1637026.125961: sys_ptrace(request: 4204, pid: 10071e, addr: 202, data: c000a2fc70)
             exe-1050289 [001] ..... 1637026.125965: sys_ptrace -> 0x0
             exe-1050289 [001] ..... 1637026.125970: sys_pwrite64(fd: 63, buf: 7fd66ed81080, count: 35, pos: 37)
             exe-1050289 [001] ..... 1637026.125971: tracing_mark_write: timerfd_create(clockid=0x0, flags=0x7fa07c819d00) end
             exe-1050289 [001] ..... 1637026.187323: tracing_mark_write: timerfd_create(clockid=0x0, flags=0x7fa07c819d00) start
             exe-1050289 [001] ..... 1637026.187325: sys_pwrite64 -> 0x37
             exe-1049673 [002] ..... 1637026.187327: sys_nanosleep -> 0x0
             exe-1050289 [001] ..... 1637026.187329: sys_ptrace(request: 4205, pid: 10071e, addr: 1, data: c000a2fc70)
             exe-1050289 [001] ..... 1637026.187331: sys_ptrace -> 0x0
             exe-1049673 [002] ..... 1637026.187332: sys_nanosleep(rqtp: c000069f10, rmtp: 0)
             exe-1050289 [001] ..... 1637026.187333: sys_ptrace(request: 4205, pid: 10071e, addr: 202, data: c000a2fc70)
             exe-1049567 [000] ..... 1637026.187333: sys_nanosleep -> 0x0
             exe-1049567 [000] ..... 1637026.187336: sys_nanosleep(rqtp: c000069f10, rmtp: 0)
             exe-1050289 [001] ..... 1637026.187339: sys_ptrace -> 0x0
             exe-1050289 [001] ..... 1637026.187340: sys_ptrace(request: 1f, pid: 10071e, addr: 0, data: 0)
             exe-1050289 [001] ..... 1637026.187352: sys_ptrace -> 0x0
             exe-1050289 [001] ..... 1637026.187354: sys_wait4(upid: 10071e, stat_addr: c000a2fbf4, options: 40000002, ru: 0)
             exe-1050398 [002] ..... 1637026.187366: sys_write -> 0x37
             exe-1050289 [001] ..... 1637026.187400: sys_wait4 -> 0x10071e
             exe-1050289 [001] ..... 1637026.187402: sys_ptrace(request: 4204, pid: 10071e, addr: 1, data: c000a2fc70)
             exe-1050289 [001] ..... 1637026.187405: sys_ptrace -> 0x0
             exe-1050289 [001] ..... 1637026.187406: sys_ptrace(request: 4204, pid: 10071e, addr: 202, data: c000a2fc70)
             exe-1050289 [001] ..... 1637026.187408: sys_ptrace -> 0x0
             exe-1050289 [001] ..... 1637026.187413: sys_ptrace(request: 4205, pid: 10071e, addr: 1, data: c000a2fc70)
             exe-1050289 [001] ..... 1637026.187417: sys_ptrace -> 0x0
             exe-1050289 [001] ..... 1637026.187418: sys_ptrace(request: 4205, pid: 10071e, addr: 202, data: c000a2fc70)
             exe-1049567 [000] ..... 1637026.187419: sys_nanosleep -> 0x0
             exe-1049567 [000] ..... 1637026.187421: sys_nanosleep(rqtp: c000069f10, rmtp: 0)
             exe-1050289 [001] ..... 1637026.187424: sys_ptrace -> 0x0
             exe-1050289 [001] ..... 1637026.187426: sys_ptrace(request: 1f, pid: 10071e, addr: 0, data: 0)
             exe-1049673 [002] ..... 1637026.187428: sys_nanosleep -> 0x0
             exe-1050289 [001] ..... 1637026.187433: sys_ptrace -> 0x0
             exe-1050289 [001] ..... 1637026.187434: sys_wait4(upid: 10071e, stat_addr: c000a2fbf4, options: 40000002, ru: 0)
             exe-1049673 [002] ..... 1637026.187441: sys_nanosleep(rqtp: c000069f10, rmtp: 0)
             exe-1050398 [002] ..... 1637026.187459: sys_timerfd_create -> 0xffffffffffffffea
             exe-1050289 [001] ..... 1637026.187488: sys_wait4 -> 0x10071e
             exe-1050289 [001] ..... 1637026.187490: sys_ptrace(request: 4204, pid: 10071e, addr: 1, data: c000a2fc70)
             exe-1050289 [001] ..... 1637026.187492: sys_ptrace -> 0x0
             exe-1050289 [001] ..... 1637026.187493: sys_ptrace(request: 4204, pid: 10071e, addr: 202, data: c000a2fc70)
             exe-1050289 [001] ..... 1637026.187495: sys_ptrace -> 0x0
             exe-1050289 [001] ..... 1637026.187501: sys_pwrite64(fd: 63, buf: 7fd66ed81080, count: 35, pos: 37)
             exe-1050289 [001] ..... 1637026.187503: tracing_mark_write: timerfd_create(clockid=0x0, flags=0x7fa07c819d00) end
             exe-1050289 [001] ..... 1637026.243466: tracing_mark_write: timerfd_create(clockid=0x0, flags=0x7fa07c819d00) start
             exe-1050289 [001] ..... 1637026.243467: sys_pwrite64 -> 0x37
             exe-1049567 [002] ..... 1637026.243467: sys_nanosleep(rqtp: c000069f10, rmtp: 0)
             exe-1050289 [001] ..... 1637026.243472: sys_ptrace(request: 4205, pid: 10071e, addr: 1, data: c000a2fc70)
             exe-1050289 [001] ..... 1637026.243474: sys_ptrace -> 0x0
             exe-1050289 [001] ..... 1637026.243475: sys_ptrace(request: 4205, pid: 10071e, addr: 202, data: c000a2fc70)
             exe-1050289 [001] ..... 1637026.243482: sys_ptrace -> 0x0
             exe-1050289 [001] ..... 1637026.243484: sys_ptrace(request: 1f, pid: 10071e, addr: 0, data: 0)
             exe-1049673 [002] ..... 1637026.243489: sys_nanosleep -> 0x0
             exe-1050289 [001] ..... 1637026.243490: sys_ptrace -> 0x0
             exe-1050289 [001] ..... 1637026.243491: sys_wait4(upid: 10071e, stat_addr: c000a2fbf4, options: 40000002, ru: 0)
             exe-1049673 [002] ..... 1637026.243495: sys_nanosleep(rqtp: c000069f10, rmtp: 0)
             exe-1050398 [000] ..... 1637026.243499: sys_write -> 0x37
             exe-1050289 [001] ..... 1637026.243513: sys_wait4 -> 0x10071e
             exe-1050289 [001] ..... 1637026.243515: sys_ptrace(request: 4204, pid: 10071e, addr: 1, data: c000a2fc70)
             exe-1050289 [001] ..... 1637026.243517: sys_ptrace -> 0x0
             exe-1050289 [001] ..... 1637026.243519: sys_ptrace(request: 4204, pid: 10071e, addr: 202, data: c000a2fc70)
             exe-1050289 [001] ..... 1637026.243521: sys_ptrace -> 0x0
             exe-1050289 [001] ..... 1637026.243525: sys_ptrace(request: 4205, pid: 10071e, addr: 1, data: c000a2fc70)
             exe-1050289 [001] ..... 1637026.243527: sys_ptrace -> 0x0
             exe-1050289 [001] ..... 1637026.243528: sys_ptrace(request: 4205, pid: 10071e, addr: 202, data: c000a2fc70)
             exe-1050289 [001] ..... 1637026.243534: sys_ptrace -> 0x0
             exe-1050289 [001] ..... 1637026.243535: sys_ptrace(request: 1f, pid: 10071e, addr: 0, data: 0)
             exe-1050289 [001] ..... 1637026.243540: sys_ptrace -> 0x0
             exe-1050289 [001] ..... 1637026.243542: sys_wait4(upid: 10071e, stat_addr: c000a2fbf4, options: 40000002, ru: 0)
             exe-1050398 [000] ..... 1637026.243546: sys_timerfd_create -> 0xffffffffffffffea
             exe-1050289 [001] ..... 1637026.243559: sys_wait4 -> 0x10071e
             exe-1050289 [001] ..... 1637026.243561: sys_ptrace(request: 4204, pid: 10071e, addr: 1, data: c000a2fc70)
             exe-1050289 [001] ..... 1637026.243563: sys_ptrace -> 0x0
             exe-1050289 [001] ..... 1637026.243565: sys_ptrace(request: 4204, pid: 10071e, addr: 202, data: c000a2fc70)
             exe-1050289 [001] ..... 1637026.243566: sys_ptrace -> 0x0
             exe-1049673 [002] ..... 1637026.243568: sys_nanosleep -> 0x0
             exe-1050289 [001] ..... 1637026.243571: sys_pwrite64(fd: 63, buf: 7fd66ed81080, count: 35, pos: 37)
             exe-1049673 [002] ..... 1637026.243571: sys_nanosleep(rqtp: c000069f10, rmtp: 0)
             exe-1050289 [001] ..... 1637026.243572: tracing_mark_write: timerfd_create(clockid=0x0, flags=0x7fa07c819d00) end
             exe-1050289 [001] ..... 1637026.307113: tracing_mark_write: timerfd_create(clockid=0x0, flags=0x7fa07c819d00) start
             exe-1050289 [001] ..... 1637026.307115: sys_pwrite64 -> 0x37
             exe-1050289 [001] ..... 1637026.307120: sys_ptrace(request: 4205, pid: 10071e, addr: 1, data: c000a2fc70)
             exe-1050289 [001] ..... 1637026.307122: sys_ptrace -> 0x0
             exe-1050289 [001] ..... 1637026.307123: sys_ptrace(request: 4205, pid: 10071e, addr: 202, data: c000a2fc70)
             exe-1050289 [001] ..... 1637026.307130: sys_ptrace -> 0x0
             exe-1050289 [001] ..... 1637026.307131: sys_ptrace(request: 1f, pid: 10071e, addr: 0, data: 0)
             exe-1049567 [002] ..... 1637026.307137: sys_nanosleep -> 0x0
             exe-1050289 [001] ..... 1637026.307137: sys_ptrace -> 0x0
             exe-1050289 [001] ..... 1637026.307139: sys_wait4(upid: 10071e, stat_addr: c000a2fbf4, options: 40000002, ru: 0)
             exe-1049567 [002] ..... 1637026.307142: sys_nanosleep(rqtp: c000069f10, rmtp: 0)
             exe-1050398 [000] ..... 1637026.307146: sys_write -> 0x37
             exe-1050289 [001] ..... 1637026.307160: sys_wait4 -> 0x10071e
             exe-1050289 [001] ..... 1637026.307162: sys_ptrace(request: 4204, pid: 10071e, addr: 1, data: c000a2fc70)
             exe-1050289 [001] ..... 1637026.307164: sys_ptrace -> 0x0
             exe-1049673 [002] ..... 1637026.307165: sys_nanosleep -> 0x0
             exe-1050289 [001] ..... 1637026.307165: sys_ptrace(request: 4204, pid: 10071e, addr: 202, data: c000a2fc70)
             exe-1050289 [001] ..... 1637026.307167: sys_ptrace -> 0x0
             exe-1049673 [002] ..... 1637026.307170: sys_nanosleep(rqtp: c000069f10, rmtp: 0)
             exe-1050289 [001] ..... 1637026.307172: sys_ptrace(request: 4205, pid: 10071e, addr: 1, data: c000a2fc70)
             exe-1050289 [001] ..... 1637026.307174: sys_ptrace -> 0x0
             exe-1050289 [001] ..... 1637026.307175: sys_ptrace(request: 4205, pid: 10071e, addr: 202, data: c000a2fc70)
             exe-1050289 [001] ..... 1637026.307180: sys_ptrace -> 0x0
             exe-1050289 [001] ..... 1637026.307182: sys_ptrace(request: 1f, pid: 10071e, addr: 0, data: 0)
             exe-1050289 [001] ..... 1637026.307187: sys_ptrace -> 0x0
             exe-1050289 [001] ..... 1637026.307188: sys_wait4(upid: 10071e, stat_addr: c000a2fbf4, options: 40000002, ru: 0)
             exe-1050398 [000] ..... 1637026.307193: sys_timerfd_create -> 0xffffffffffffffea
             exe-1050289 [001] ..... 1637026.307206: sys_wait4 -> 0x10071e
             exe-1050289 [001] ..... 1637026.307208: sys_ptrace(request: 4204, pid: 10071e, addr: 1, data: c000a2fc70)
             exe-1050289 [001] ..... 1637026.307210: sys_ptrace -> 0x0
             exe-1050289 [001] ..... 1637026.307211: sys_ptrace(request: 4204, pid: 10071e, addr: 202, data: c000a2fc70)
             exe-1050289 [001] ..... 1637026.307213: sys_ptrace -> 0x0
             exe-1050289 [001] ..... 1637026.307217: sys_pwrite64(fd: 63, buf: 7fd66ed81080, count: 35, pos: 37)
             exe-1050289 [001] ..... 1637026.307218: tracing_mark_write: timerfd_create(clockid=0x0, flags=0x7fa07c819d00) end
             exe-1050289 [001] ..... 1637026.367294: tracing_mark_write: timerfd_create(clockid=0x0, flags=0x7fa07c819d00) start
             exe-1050289 [001] ..... 1637026.367296: sys_pwrite64 -> 0x37
             exe-1050289 [001] ..... 1637026.367301: sys_ptrace(request: 4205, pid: 10071e, addr: 1, data: c000a2fc70)
             exe-1050289 [001] ..... 1637026.367304: sys_ptrace -> 0x0
             exe-1050289 [001] ..... 1637026.367306: sys_ptrace(request: 4205, pid: 10071e, addr: 202, data: c000a2fc70)
             exe-1049673 [002] ..... 1637026.367311: sys_nanosleep -> 0x0
             exe-1050289 [001] ..... 1637026.367314: sys_ptrace -> 0x0
             exe-1050289 [001] ..... 1637026.367315: sys_ptrace(request: 1f, pid: 10071e, addr: 0, data: 0)
             exe-1049673 [002] ..... 1637026.367317: sys_nanosleep(rqtp: c000069f10, rmtp: 0)
             exe-1050289 [001] ..... 1637026.367323: sys_ptrace -> 0x0
             exe-1050289 [001] ..... 1637026.367325: sys_wait4(upid: 10071e, stat_addr: c000a2fbf4, options: 40000002, ru: 0)
             exe-1050398 [000] ..... 1637026.367331: sys_write -> 0x37
             exe-1050289 [001] ..... 1637026.367346: sys_wait4 -> 0x10071e
             exe-1050289 [001] ..... 1637026.367349: sys_ptrace(request: 4204, pid: 10071e, addr: 1, data: c000a2fc70)
             exe-1050289 [001] ..... 1637026.367351: sys_ptrace -> 0x0
             exe-1050289 [001] ..... 1637026.367353: sys_ptrace(request: 4204, pid: 10071e, addr: 202, data: c000a2fc70)
             exe-1050289 [001] ..... 1637026.367355: sys_ptrace -> 0x0
             exe-1050289 [001] ..... 1637026.367360: sys_ptrace(request: 4205, pid: 10071e, addr: 1, data: c000a2fc70)
             exe-1050289 [001] ..... 1637026.367362: sys_ptrace -> 0x0
             exe-1050289 [001] ..... 1637026.367363: sys_ptrace(request: 4205, pid: 10071e, addr: 202, data: c000a2fc70)
             exe-1050289 [001] ..... 1637026.367369: sys_ptrace -> 0x0
             exe-1050289 [001] ..... 1637026.367371: sys_ptrace(request: 1f, pid: 10071e, addr: 0, data: 0)
             exe-1050289 [001] ..... 1637026.367377: sys_ptrace -> 0x0
             exe-1050289 [001] ..... 1637026.367379: sys_wait4(upid: 10071e, stat_addr: c000a2fbf4, options: 40000002, ru: 0)
             exe-1050398 [000] ..... 1637026.367382: sys_timerfd_create -> 0xffffffffffffffea
             exe-1050289 [001] ..... 1637026.367397: sys_wait4 -> 0x10071e
             exe-1049567 [002] ..... 1637026.367397: sys_nanosleep -> 0x0
             exe-1050289 [001] ..... 1637026.367399: sys_ptrace(request: 4204, pid: 10071e, addr: 1, data: c000a2fc70)
             exe-1050289 [001] ..... 1637026.367401: sys_ptrace -> 0x0
             exe-1049567 [002] ..... 1637026.367403: sys_nanosleep(rqtp: c000069f10, rmtp: 0)
             exe-1050289 [001] ..... 1637026.367403: sys_ptrace(request: 4204, pid: 10071e, addr: 202, data: c000a2fc70)
             exe-1050289 [001] ..... 1637026.367405: sys_ptrace -> 0x0
             exe-1050289 [001] ..... 1637026.367410: sys_pwrite64(fd: 63, buf: 7fd66ed81080, count: 35, pos: 37)
             exe-1050289 [001] ..... 1637026.367411: tracing_mark_write: timerfd_create(clockid=0x0, flags=0x7fa07c819d00) end
             exe-1050289 [001] ..... 1637026.423220: tracing_mark_write: timerfd_create(clockid=0x0, flags=0x7fa07c819d00) start
             exe-1050289 [001] ..... 1637026.423222: sys_pwrite64 -> 0x37
             exe-1049567 [002] ..... 1637026.423227: sys_nanosleep -> 0x0
             exe-1050289 [001] ..... 1637026.423227: sys_ptrace(request: 4205, pid: 10071e, addr: 1, data: c000a2fc70)
             exe-1050289 [001] ..... 1637026.423230: sys_ptrace -> 0x0
             exe-1050289 [001] ..... 1637026.423231: sys_ptrace(request: 4205, pid: 10071e, addr: 202, data: c000a2fc70)
             exe-1049567 [002] ..... 1637026.423231: sys_nanosleep(rqtp: c000069f10, rmtp: 0)
             exe-1050289 [001] ..... 1637026.423239: sys_ptrace -> 0x0
             exe-1050289 [001] ..... 1637026.423240: sys_ptrace(request: 1f, pid: 10071e, addr: 0, data: 0)
             exe-1050289 [001] ..... 1637026.423247: sys_ptrace -> 0x0
             exe-1050289 [001] ..... 1637026.423249: sys_wait4(upid: 10071e, stat_addr: c000a2fbf4, options: 40000002, ru: 0)
             exe-1050398 [000] ..... 1637026.423257: sys_write -> 0x37
             exe-1050289 [001] ..... 1637026.423272: sys_wait4 -> 0x10071e
             exe-1050289 [001] ..... 1637026.423274: sys_ptrace(request: 4204, pid: 10071e, addr: 1, data: c000a2fc70)
             exe-1050289 [001] ..... 1637026.423277: sys_ptrace -> 0x0
             exe-1050289 [001] ..... 1637026.423278: sys_ptrace(request: 4204, pid: 10071e, addr: 202, data: c000a2fc70)
             exe-1050289 [001] ..... 1637026.423280: sys_ptrace -> 0x0
             exe-1050289 [001] ..... 1637026.423285: sys_ptrace(request: 4205, pid: 10071e, addr: 1, data: c000a2fc70)
             exe-1050289 [001] ..... 1637026.423287: sys_ptrace -> 0x0
             exe-1050289 [001] ..... 1637026.423289: sys_ptrace(request: 4205, pid: 10071e, addr: 202, data: c000a2fc70)
             exe-1050289 [001] ..... 1637026.423296: sys_ptrace -> 0x0
             exe-1050289 [001] ..... 1637026.423297: sys_ptrace(request: 1f, pid: 10071e, addr: 0, data: 0)
             exe-1050289 [001] ..... 1637026.423303: sys_ptrace -> 0x0
             exe-1050289 [001] ..... 1637026.423305: sys_wait4(upid: 10071e, stat_addr: c000a2fbf4, options: 40000002, ru: 0)
             exe-1050398 [000] ..... 1637026.423309: sys_timerfd_create -> 0xffffffffffffffea
             exe-1049673 [002] ..... 1637026.423313: sys_nanosleep -> 0x0
             exe-1049673 [002] ..... 1637026.423318: sys_nanosleep(rqtp: c000069f10, rmtp: 0)
             exe-1050289 [001] ..... 1637026.423323: sys_wait4 -> 0x10071e
             exe-1050289 [001] ..... 1637026.423325: sys_ptrace(request: 4204, pid: 10071e, addr: 1, data: c000a2fc70)
             exe-1050289 [001] ..... 1637026.423327: sys_ptrace -> 0x0
             exe-1050289 [001] ..... 1637026.423329: sys_ptrace(request: 4204, pid: 10071e, addr: 202, data: c000a2fc70)
             exe-1050289 [001] ..... 1637026.423331: sys_ptrace -> 0x0
             exe-1050289 [001] ..... 1637026.423336: sys_pwrite64(fd: 63, buf: 7fd66ed81080, count: 35, pos: 37)
             exe-1050289 [001] ..... 1637026.423337: tracing_mark_write: timerfd_create(clockid=0x0, flags=0x7fa07c819d00) end
             exe-1050289 [001] ..... 1637026.478981: tracing_mark_write: timerfd_create(clockid=0x0, flags=0x7fa07c819d00) start
             exe-1050289 [001] ..... 1637026.478982: sys_pwrite64 -> 0x37
             exe-1050289 [001] ..... 1637026.478987: sys_ptrace(request: 4205, pid: 10071e, addr: 1, data: c000a2fc70)
             exe-1049673 [002] ..... 1637026.479035: sys_nanosleep -> 0x0
             exe-1050289 [001] .N... 1637026.479035: sys_ptrace -> 0x0
             exe-1049673 [002] ..... 1637026.479038: sys_nanosleep(rqtp: c000069f10, rmtp: 0)
             exe-1050289 [001] ..... 1637026.479047: sys_ptrace(request: 4205, pid: 10071e, addr: 202, data: c000a2fc70)
             exe-1049567 [002] ..... 1637026.479053: sys_nanosleep -> 0x0
             exe-1050289 [001] ..... 1637026.479057: sys_ptrace -> 0x0
             exe-1049567 [002] ..... 1637026.479058: sys_nanosleep(rqtp: c000069f10, rmtp: 0)
             exe-1050289 [001] ..... 1637026.479059: sys_ptrace(request: 1f, pid: 10071e, addr: 0, data: 0)
             exe-1050289 [001] ..... 1637026.479065: sys_ptrace -> 0x0
             exe-1050289 [001] ..... 1637026.479067: sys_wait4(upid: 10071e, stat_addr: c000a2fbf4, options: 40000002, ru: 0)
             exe-1050398 [000] ..... 1637026.479082: sys_write -> 0x37
             exe-1050289 [001] ..... 1637026.479101: sys_wait4 -> 0x10071e
             exe-1050289 [001] ..... 1637026.479104: sys_ptrace(request: 4204, pid: 10071e, addr: 1, data: c000a2fc70)
             exe-1050289 [001] ..... 1637026.479107: sys_ptrace -> 0x0
             exe-1050289 [001] ..... 1637026.479108: sys_ptrace(request: 4204, pid: 10071e, addr: 202, data: c000a2fc70)
             exe-1050289 [001] ..... 1637026.479110: sys_ptrace -> 0x0
             exe-1050289 [001] ..... 1637026.479115: sys_ptrace(request: 4205, pid: 10071e, addr: 1, data: c000a2fc70)
             exe-1050289 [001] ..... 1637026.479118: sys_ptrace -> 0x0
             exe-1050289 [001] ..... 1637026.479119: sys_ptrace(request: 4205, pid: 10071e, addr: 202, data: c000a2fc70)
             exe-1050289 [001] ..... 1637026.479125: sys_ptrace -> 0x0
             exe-1050289 [001] ..... 1637026.479126: sys_ptrace(request: 1f, pid: 10071e, addr: 0, data: 0)
             exe-1050289 [001] ..... 1637026.479132: sys_ptrace -> 0x0
             exe-1050289 [001] ..... 1637026.479134: sys_wait4(upid: 10071e, stat_addr: c000a2fbf4, options: 40000002, ru: 0)
             exe-1049567 [002] ..... 1637026.479137: sys_nanosleep -> 0x0
             exe-1049567 [002] ..... 1637026.479140: sys_nanosleep(rqtp: c000069f10, rmtp: 0)
             exe-1050398 [000] ..... 1637026.479141: sys_timerfd_create -> 0xffffffffffffffea
             exe-1050289 [001] ..... 1637026.479156: sys_wait4 -> 0x10071e
             exe-1049673 [002] ..... 1637026.479156: sys_nanosleep -> 0x0
             exe-1050289 [001] ..... 1637026.479158: sys_ptrace(request: 4204, pid: 10071e, addr: 1, data: c000a2fc70)
             exe-1050289 [001] ..... 1637026.479160: sys_ptrace -> 0x0
             exe-1049673 [002] ..... 1637026.479161: sys_nanosleep(rqtp: c000069f10, rmtp: 0)
             exe-1050289 [001] ..... 1637026.479162: sys_ptrace(request: 4204, pid: 10071e, addr: 202, data: c000a2fc70)
             exe-1050289 [001] ..... 1637026.479164: sys_ptrace -> 0x0
             exe-1050289 [001] ..... 1637026.479170: sys_pwrite64(fd: 63, buf: 7fd66ed81080, count: 35, pos: 37)
             exe-1050289 [001] ..... 1637026.479172: tracing_mark_write: timerfd_create(clockid=0x0, flags=0x7fa07c819d00) end
             exe-1050289 [001] ..... 1637026.554616: tracing_mark_write: timerfd_create(clockid=0x0, flags=0x7fa07c819d00) start
             exe-1050289 [001] ..... 1637026.554618: sys_pwrite64 -> 0x37
             exe-1050289 [001] ..... 1637026.554630: sys_ptrace(request: 4205, pid: 10071e, addr: 1, data: c000a2fc70)
             exe-1050289 [001] ..... 1637026.554632: sys_ptrace -> 0x0
             exe-1050289 [001] ..... 1637026.554634: sys_ptrace(request: 4205, pid: 10071e, addr: 202, data: c000a2fc70)
             exe-1050289 [001] ..... 1637026.554643: sys_ptrace -> 0x0
             exe-1050289 [001] ..... 1637026.554644: sys_ptrace(request: 1f, pid: 10071e, addr: 0, data: 0)
             exe-1050289 [001] ..... 1637026.554651: sys_ptrace -> 0x0
             exe-1050289 [001] ..... 1637026.554652: sys_wait4(upid: 10071e, stat_addr: c000a2fbf4, options: 40000002, ru: 0)
             exe-1050398 [000] ..... 1637026.554659: sys_write -> 0x37
             exe-1050289 [001] ..... 1637026.554674: sys_wait4 -> 0x10071e
             exe-1050289 [001] ..... 1637026.554677: sys_ptrace(request: 4204, pid: 10071e, addr: 1, data: c000a2fc70)
             exe-1050289 [001] ..... 1637026.554679: sys_ptrace -> 0x0
             exe-1050289 [001] ..... 1637026.554680: sys_ptrace(request: 4204, pid: 10071e, addr: 202, data: c000a2fc70)
             exe-1050289 [001] ..... 1637026.554683: sys_ptrace -> 0x0
             exe-1050289 [001] ..... 1637026.554688: sys_ptrace(request: 4205, pid: 10071e, addr: 1, data: c000a2fc70)
             exe-1050289 [001] ..... 1637026.554690: sys_ptrace -> 0x0
             exe-1050289 [001] ..... 1637026.554691: sys_ptrace(request: 4205, pid: 10071e, addr: 202, data: c000a2fc70)
             exe-1050289 [001] ..... 1637026.554697: sys_ptrace -> 0x0
             exe-1050289 [001] ..... 1637026.554699: sys_ptrace(request: 1f, pid: 10071e, addr: 0, data: 0)
             exe-1050289 [001] ..... 1637026.554704: sys_ptrace -> 0x0
             exe-1050289 [001] ..... 1637026.554706: sys_wait4(upid: 10071e, stat_addr: c000a2fbf4, options: 40000002, ru: 0)
             exe-1050398 [000] ..... 1637026.554720: sys_timerfd_create -> 0xffffffffffffffea
             exe-1050289 [001] ..... 1637026.554733: sys_wait4 -> 0x10071e
             exe-1050289 [001] ..... 1637026.554736: sys_ptrace(request: 4204, pid: 10071e, addr: 1, data: c000a2fc70)
             exe-1050289 [001] ..... 1637026.554738: sys_ptrace -> 0x0
             exe-1050289 [001] ..... 1637026.554740: sys_ptrace(request: 4204, pid: 10071e, addr: 202, data: c000a2fc70)
             exe-1050289 [001] ..... 1637026.554742: sys_ptrace -> 0x0
             exe-1050289 [001] ..... 1637026.554748: sys_pwrite64(fd: 63, buf: 7fd66ed81080, count: 35, pos: 37)
             exe-1050289 [001] ..... 1637026.554749: tracing_mark_write: timerfd_create(clockid=0x0, flags=0x7fa07c819d00) end
             exe-1050289 [001] ..... 1637026.617391: tracing_mark_write: timerfd_create(clockid=0x0, flags=0x7fa07c819d00) start
             exe-1050289 [001] ..... 1637026.617393: sys_pwrite64 -> 0x37
             exe-1049567 [002] ..... 1637026.617396: sys_nanosleep -> 0x0
             exe-1049567 [002] ..... 1637026.617398: sys_nanosleep(rqtp: c000069f10, rmtp: 0)
             exe-1050289 [001] ..... 1637026.617398: sys_ptrace(request: 4205, pid: 10071e, addr: 1, data: c000a2fc70)
             exe-1050289 [001] ..... 1637026.617400: sys_ptrace -> 0x0
             exe-1050289 [001] ..... 1637026.617402: sys_ptrace(request: 4205, pid: 10071e, addr: 202, data: c000a2fc70)
             exe-1050289 [001] ..... 1637026.617409: sys_ptrace -> 0x0
             exe-1050289 [001] ..... 1637026.617411: sys_ptrace(request: 1f, pid: 10071e, addr: 0, data: 0)
             exe-1050289 [001] ..... 1637026.617418: sys_ptrace -> 0x0
             exe-1050289 [001] ..... 1637026.617420: sys_wait4(upid: 10071e, stat_addr: c000a2fbf4, options: 40000002, ru: 0)
             exe-1050398 [000] ..... 1637026.617435: sys_write -> 0x37
             exe-1050289 [001] ..... 1637026.617453: sys_wait4 -> 0x10071e
             exe-1050289 [001] ..... 1637026.617456: sys_ptrace(request: 4204, pid: 10071e, addr: 1, data: c000a2fc70)
             exe-1050289 [001] ..... 1637026.617469: sys_ptrace -> 0x0
             exe-1050289 [001] ..... 1637026.617471: sys_ptrace(request: 4204, pid: 10071e, addr: 202, data: c000a2fc70)
             exe-1050289 [001] ..... 1637026.617473: sys_ptrace -> 0x0
             exe-1050289 [001] ..... 1637026.617477: sys_ptrace(request: 4205, pid: 10071e, addr: 1, data: c000a2fc70)
             exe-1049673 [000] ..... 1637026.617482: sys_nanosleep -> 0x0
             exe-1050289 [001] ..... 1637026.617483: sys_ptrace -> 0x0
             exe-1050289 [001] ..... 1637026.617484: sys_ptrace(request: 4205, pid: 10071e, addr: 202, data: c000a2fc70)
             exe-1049673 [000] ..... 1637026.617488: sys_nanosleep(rqtp: c000069f10, rmtp: 0)
             exe-1050289 [001] ..... 1637026.617490: sys_ptrace -> 0x0
             exe-1050289 [001] ..... 1637026.617492: sys_ptrace(request: 1f, pid: 10071e, addr: 0, data: 0)
             exe-1050289 [001] ..... 1637026.617497: sys_ptrace -> 0x0
             exe-1050289 [001] ..... 1637026.617499: sys_wait4(upid: 10071e, stat_addr: c000a2fbf4, options: 40000002, ru: 0)
             exe-1050398 [000] ..... 1637026.617558: sys_timerfd_create -> 0xffffffffffffffea
             exe-1050289 [001] ..... 1637026.617578: sys_wait4 -> 0x10071e
             exe-1050289 [001] ..... 1637026.617581: sys_ptrace(request: 4204, pid: 10071e, addr: 1, data: c000a2fc70)
             exe-1050289 [001] ..... 1637026.617583: sys_ptrace -> 0x0
             exe-1050289 [001] ..... 1637026.617584: sys_ptrace(request: 4204, pid: 10071e, addr: 202, data: c000a2fc70)
             exe-1050289 [001] ..... 1637026.617586: sys_ptrace -> 0x0
             exe-1050289 [001] ..... 1637026.617592: sys_pwrite64(fd: 63, buf: 7fd66ed81080, count: 35, pos: 37)
             exe-1050289 [001] ..... 1637026.617593: tracing_mark_write: timerfd_create(clockid=0x0, flags=0x7fa07c819d00) end
             exe-1050289 [001] ..... 1637026.685819: tracing_mark_write: timerfd_create(clockid=0x0, flags=0x7fa07c819d00) start
             exe-1049673 [000] ..... 1637026.685819: sys_nanosleep -> 0x0
             exe-1050289 [001] ..... 1637026.685821: sys_pwrite64 -> 0x37
             exe-1049673 [000] ..... 1637026.685825: sys_nanosleep(rqtp: c000069f10, rmtp: 0)
             exe-1050289 [001] ..... 1637026.685826: sys_ptrace(request: 4205, pid: 10071e, addr: 1, data: c000a2fc70)
             exe-1050289 [001] ..... 1637026.685828: sys_ptrace -> 0x0
             exe-1050289 [001] ..... 1637026.685830: sys_ptrace(request: 4205, pid: 10071e, addr: 202, data: c000a2fc70)
             exe-1050289 [001] ..... 1637026.685839: sys_ptrace -> 0x0
             exe-1050289 [001] ..... 1637026.685841: sys_ptrace(request: 1f, pid: 10071e, addr: 0, data: 0)
             exe-1050289 [001] ..... 1637026.685843: sys_ptrace -> 0x0
             exe-1050289 [001] ..... 1637026.685844: sys_wait4(upid: 10071e, stat_addr: c000a2fbf4, options: 40000002, ru: 0)
             exe-1050398 [000] ..... 1637026.685859: sys_write -> 0x37
             exe-1050289 [001] ..... 1637026.685880: sys_wait4 -> 0x10071e
             exe-1050289 [001] ..... 1637026.685883: sys_ptrace(request: 4204, pid: 10071e, addr: 1, data: c000a2fc70)
             exe-1050289 [001] ..... 1637026.685885: sys_ptrace -> 0x0
             exe-1050289 [001] ..... 1637026.685886: sys_ptrace(request: 4204, pid: 10071e, addr: 202, data: c000a2fc70)
             exe-1050289 [001] ..... 1637026.685889: sys_ptrace -> 0x0
             exe-1050289 [001] ..... 1637026.685893: sys_ptrace(request: 4205, pid: 10071e, addr: 1, data: c000a2fc70)
             exe-1050289 [001] ..... 1637026.685895: sys_ptrace -> 0x0
             exe-1050289 [001] ..... 1637026.685897: sys_ptrace(request: 4205, pid: 10071e, addr: 202, data: c000a2fc70)
             exe-1050289 [001] ..... 1637026.685903: sys_ptrace -> 0x0
             exe-1050289 [001] ..... 1637026.685905: sys_ptrace(request: 1f, pid: 10071e, addr: 0, data: 0)
             exe-1050289 [001] ..... 1637026.685911: sys_ptrace -> 0x0
             exe-1050289 [001] ..... 1637026.685913: sys_wait4(upid: 10071e, stat_addr: c000a2fbf4, options: 40000002, ru: 0)
             exe-1049673 [000] ..... 1637026.685932: sys_nanosleep -> 0x0
             exe-1049673 [000] ..... 1637026.685937: sys_nanosleep(rqtp: c000069f10, rmtp: 0)
             exe-1050398 [000] ..... 1637026.685961: sys_timerfd_create -> 0xffffffffffffffea
             exe-1050289 [001] ..... 1637026.685994: sys_wait4 -> 0x10071e
             exe-1050289 [001] ..... 1637026.685996: sys_ptrace(request: 4204, pid: 10071e, addr: 1, data: c000a2fc70)
             exe-1050289 [001] ..... 1637026.685999: sys_ptrace -> 0x0
             exe-1050289 [001] ..... 1637026.686000: sys_ptrace(request: 4204, pid: 10071e, addr: 202, data: c000a2fc70)
             exe-1050289 [001] ..... 1637026.686003: sys_ptrace -> 0x0
             exe-1050289 [001] ..... 1637026.686009: sys_pwrite64(fd: 63, buf: 7fd66ed81080, count: 35, pos: 37)
             exe-1050289 [001] ..... 1637026.686010: tracing_mark_write: timerfd_create(clockid=0x0, flags=0x7fa07c819d00) end
             exe-1050289 [001] ..... 1637026.743250: tracing_mark_write: timerfd_create(clockid=0x0, flags=0x7fa07c819d00) start
             exe-1050289 [001] ..... 1637026.743252: sys_pwrite64 -> 0x37
             exe-1050289 [001] ..... 1637026.743258: sys_ptrace(request: 4205, pid: 10071e, addr: 1, data: c000a2fc70)
             exe-1050289 [001] ..... 1637026.743260: sys_ptrace -> 0x0
             exe-1050289 [001] ..... 1637026.743262: sys_ptrace(request: 4205, pid: 10071e, addr: 202, data: c000a2fc70)
             exe-1050289 [001] ..... 1637026.743270: sys_ptrace -> 0x0
             exe-1050289 [001] ..... 1637026.743271: sys_ptrace(request: 1f, pid: 10071e, addr: 0, data: 0)
             exe-1050289 [001] ..... 1637026.743278: sys_ptrace -> 0x0
             exe-1050289 [001] ..... 1637026.743281: sys_wait4(upid: 10071e, stat_addr: c000a2fbf4, options: 40000002, ru: 0)
             exe-1049673 [000] ..... 1637026.743281: sys_nanosleep -> 0x0
             exe-1049673 [000] ..... 1637026.743287: sys_nanosleep(rqtp: c000069f10, rmtp: 0)
             exe-1050398 [002] ..... 1637026.743295: sys_write -> 0x37
             exe-1050289 [001] ..... 1637026.743318: sys_wait4 -> 0x10071e
             exe-1050289 [001] ..... 1637026.743321: sys_ptrace(request: 4204, pid: 10071e, addr: 1, data: c000a2fc70)
             exe-1049567 [002] ..... 1637026.743343: sys_nanosleep -> 0x0
             exe-1050289 [001] ..... 1637026.743344: sys_ptrace -> 0x0
             exe-1050289 [001] ..... 1637026.743345: sys_ptrace(request: 4204, pid: 10071e, addr: 202, data: c000a2fc70)
             exe-1050289 [001] ..... 1637026.743347: sys_ptrace -> 0x0
             exe-1049567 [002] ..... 1637026.743348: sys_nanosleep(rqtp: c000069f10, rmtp: 0)
             exe-1050289 [001] ..... 1637026.743351: sys_ptrace(request: 4205, pid: 10071e, addr: 1, data: c000a2fc70)
             exe-1050289 [001] ..... 1637026.743354: sys_ptrace -> 0x0
             exe-1050289 [001] ..... 1637026.743355: sys_ptrace(request: 4205, pid: 10071e, addr: 202, data: c000a2fc70)
             exe-1050289 [001] ..... 1637026.743361: sys_ptrace -> 0x0
             exe-1050289 [001] ..... 1637026.743362: sys_ptrace(request: 1f, pid: 10071e, addr: 0, data: 0)
             exe-1050289 [001] ..... 1637026.743364: sys_ptrace -> 0x0
             exe-1050289 [001] ..... 1637026.743366: sys_wait4(upid: 10071e, stat_addr: c000a2fbf4, options: 40000002, ru: 0)
             exe-1050398 [002] ..... 1637026.743378: sys_timerfd_create -> 0xffffffffffffffea
             exe-1050289 [001] ..... 1637026.743397: sys_wait4 -> 0x10071e
             exe-1050289 [001] ..... 1637026.743399: sys_ptrace(request: 4204, pid: 10071e, addr: 1, data: c000a2fc70)
             exe-1050289 [001] ..... 1637026.743402: sys_ptrace -> 0x0
             exe-1050289 [001] ..... 1637026.743403: sys_ptrace(request: 4204, pid: 10071e, addr: 202, data: c000a2fc70)
             exe-1050289 [001] ..... 1637026.743405: sys_ptrace -> 0x0
             exe-1050289 [001] ..... 1637026.743410: sys_pwrite64(fd: 63, buf: 7fd66ed81080, count: 35, pos: 37)
             exe-1050289 [001] ..... 1637026.743411: tracing_mark_write: timerfd_create(clockid=0x0, flags=0x7fa07c819d00) end
             exe-1050289 [001] ..... 1637026.815352: tracing_mark_write: timerfd_create(clockid=0x0, flags=0x7fa07c819d00) start
             exe-1050289 [001] ..... 1637026.815354: sys_pwrite64 -> 0x37
             exe-1050289 [001] ..... 1637026.815359: sys_ptrace(request: 4205, pid: 10071e, addr: 1, data: c000a2fc70)
             exe-1050289 [001] ..... 1637026.815362: sys_ptrace -> 0x0
             exe-1050289 [001] ..... 1637026.815363: sys_ptrace(request: 4205, pid: 10071e, addr: 202, data: c000a2fc70)
             exe-1050289 [001] ..... 1637026.815371: sys_ptrace -> 0x0
             exe-1050289 [001] ..... 1637026.815373: sys_ptrace(request: 1f, pid: 10071e, addr: 0, data: 0)
             exe-1050289 [001] ..... 1637026.815383: sys_ptrace -> 0x0
             exe-1050289 [001] ..... 1637026.815385: sys_wait4(upid: 10071e, stat_addr: c000a2fbf4, options: 40000002, ru: 0)
             exe-1050398 [002] ..... 1637026.815397: sys_write -> 0x37
             exe-1049567 [000] ..... 1637026.815406: sys_nanosleep -> 0x0
             exe-1049567 [000] ..... 1637026.815409: sys_nanosleep(rqtp: c000069f10, rmtp: 0)
             exe-1050289 [001] ..... 1637026.815413: sys_wait4 -> 0x10071e
             exe-1050289 [001] ..... 1637026.815415: sys_ptrace(request: 4204, pid: 10071e, addr: 1, data: c000a2fc70)
             exe-1050289 [001] ..... 1637026.815418: sys_ptrace -> 0x0
             exe-1050289 [001] ..... 1637026.815419: sys_ptrace(request: 4204, pid: 10071e, addr: 202, data: c000a2fc70)
             exe-1050289 [001] ..... 1637026.815421: sys_ptrace -> 0x0
             exe-1049673 [000] ..... 1637026.815426: sys_nanosleep -> 0x0
             exe-1050289 [001] ..... 1637026.815426: sys_ptrace(request: 4205, pid: 10071e, addr: 1, data: c000a2fc70)
             exe-1050289 [001] ..... 1637026.815428: sys_ptrace -> 0x0
             exe-1050289 [001] ..... 1637026.815430: sys_ptrace(request: 4205, pid: 10071e, addr: 202, data: c000a2fc70)
             exe-1049673 [000] ..... 1637026.815431: sys_nanosleep(rqtp: c000069f10, rmtp: 0)
             exe-1050289 [001] ..... 1637026.815436: sys_ptrace -> 0x0
             exe-1050289 [001] ..... 1637026.815438: sys_ptrace(request: 1f, pid: 10071e, addr: 0, data: 0)
             exe-1050289 [001] ..... 1637026.815447: sys_ptrace -> 0x0
             exe-1050289 [001] ..... 1637026.815449: sys_wait4(upid: 10071e, stat_addr: c000a2fbf4, options: 40000002, ru: 0)
             exe-1050398 [002] ..... 1637026.815461: sys_timerfd_create -> 0xffffffffffffffea
             exe-1050289 [001] ..... 1637026.815481: sys_wait4 -> 0x10071e
             exe-1050289 [001] ..... 1637026.815483: sys_ptrace(request: 4204, pid: 10071e, addr: 1, data: c000a2fc70)
             exe-1050289 [001] ..... 1637026.815486: sys_ptrace -> 0x0
             exe-1050289 [001] ..... 1637026.815487: sys_ptrace(request: 4204, pid: 10071e, addr: 202, data: c000a2fc70)
             exe-1050289 [001] ..... 1637026.815489: sys_ptrace -> 0x0
             exe-1050289 [001] ..... 1637026.815494: sys_pwrite64(fd: 63, buf: 7fd66ed81080, count: 35, pos: 37)
             exe-1050289 [001] ..... 1637026.815495: tracing_mark_write: timerfd_create(clockid=0x0, flags=0x7fa07c819d00) end
             exe-1050289 [002] ..... 1637026.886220: tracing_mark_write: timerfd_create(clockid=0x0, flags=0x7fa07c819d00) start
             exe-1050289 [002] ..... 1637026.886221: sys_pwrite64 -> 0x37
             exe-1091536 [000] ..... 1637026.886240: sys_mmap(addr: 559389194000, len: de000, prot: 5, flags: 11, fd: 68, off: 2f000)
             exe-1091536 [000] ..... 1637026.886254: sys_mmap -> 0x559389194000
             exe-1049673 [000] ..... 1637026.886291: sys_nanosleep -> 0x0
             exe-1091495 [003] ..... 1637026.886292: sys_wait4 -> 0x10a7d0
             exe-1091495 [003] ..... 1637026.886295: sys_ptrace(request: 4204, pid: 10a7d0, addr: 1, data: c0000dd900)
             exe-1049673 [000] ..... 1637026.886298: sys_nanosleep(rqtp: c000069f10, rmtp: 0)
             exe-1091495 [003] ..... 1637026.886299: sys_ptrace -> 0x0
             exe-1091495 [003] ..... 1637026.886304: sys_ptrace(request: 4205, pid: 10a7fa, addr: 1, data: c0000ddc70)
             exe-1050289 [002] ..... 1637026.886306: sys_ptrace(request: 4205, pid: 10071e, addr: 1, data: c000a2fc70)
             exe-1091495 [003] ..... 1637026.886307: sys_ptrace -> 0x0
             exe-1091495 [003] ..... 1637026.886308: sys_ptrace(request: 4205, pid: 10a7fa, addr: 202, data: c0000ddc70)
             exe-1050289 [002] ..... 1637026.886311: sys_ptrace -> 0x0
             exe-1050289 [002] ..... 1637026.886313: sys_ptrace(request: 4205, pid: 10071e, addr: 202, data: c000a2fc70)
             exe-1050289 [002] ..... 1637026.886334: sys_ptrace -> 0x0
             exe-1050289 [002] ..... 1637026.886336: sys_ptrace(request: 1f, pid: 10071e, addr: 0, data: 0)
             exe-1050289 [002] ..... 1637026.886343: sys_ptrace -> 0x0
             exe-1050289 [002] ..... 1637026.886346: sys_wait4(upid: 10071e, stat_addr: c000a2fbf4, options: 40000002, ru: 0)
             exe-1049567 [000] ..... 1637026.886375: sys_nanosleep -> 0x0
             exe-1049567 [000] ..... 1637026.886381: sys_nanosleep(rqtp: c000069f10, rmtp: 0)
             exe-1049673 [000] ..... 1637026.886405: sys_nanosleep -> 0x0
             exe-1049673 [000] ..... 1637026.886410: sys_nanosleep(rqtp: c000069f10, rmtp: 0)
             exe-1050398 [002] ..... 1637026.886429: sys_write -> 0x37
             exe-1050289 [002] ..... 1637026.886453: sys_wait4 -> 0x10071e
             exe-1050289 [002] ..... 1637026.886459: sys_ptrace(request: 4204, pid: 10071e, addr: 1, data: c000a2fc70)
             exe-1050289 [002] ..... 1637026.886465: sys_ptrace -> 0x0
             exe-1050289 [002] ..... 1637026.886467: sys_ptrace(request: 4204, pid: 10071e, addr: 202, data: c000a2fc70)
             exe-1050289 [002] ..... 1637026.886470: sys_ptrace -> 0x0
             exe-1049673 [000] ..... 1637026.886524: sys_nanosleep -> 0x0
             exe-1049673 [000] ..... 1637026.886527: sys_nanosleep(rqtp: c000069f10, rmtp: 0)
             exe-1091495 [003] ..... 1637026.886527: sys_ptrace -> 0x0
             exe-1091495 [003] ..... 1637026.886530: sys_ptrace(request: 1f, pid: 10a7fa, addr: 0, data: 0)
             exe-1091495 [003] ..... 1637026.886539: sys_ptrace -> 0x0
             exe-1091495 [003] ..... 1637026.886541: sys_wait4(upid: 10a7fa, stat_addr: c0000ddbf4, options: 40000002, ru: 0)
             exe-1050289 [002] ..... 1637026.886551: sys_ptrace(request: 4205, pid: 10071e, addr: 1, data: c000a2fc70)
             exe-1050289 [002] ..... 1637026.886555: sys_ptrace -> 0x0
             exe-1050289 [002] ..... 1637026.886557: sys_ptrace(request: 4205, pid: 10071e, addr: 202, data: c000a2fc70)
             exe-1050289 [002] ..... 1637026.886576: sys_ptrace -> 0x0
             exe-1050289 [002] ..... 1637026.886578: sys_ptrace(request: 1f, pid: 10071e, addr: 0, data: 0)
             exe-1050289 [002] ..... 1637026.886584: sys_ptrace -> 0x0
             exe-1050289 [002] ..... 1637026.886588: sys_wait4(upid: 10071e, stat_addr: c000a2fbf4, options: 40000002, ru: 0)
             exe-1050398 [002] ..... 1637026.886667: sys_timerfd_create -> 0xffffffffffffffea
             exe-1049673 [000] ..... 1637026.886687: sys_nanosleep -> 0x0
             exe-1049673 [000] ..... 1637026.886689: sys_nanosleep(rqtp: c000069f10, rmtp: 0)
             exe-1050289 [002] ..... 1637026.886692: sys_wait4 -> 0x10071e
             exe-1050289 [002] ..... 1637026.886698: sys_ptrace(request: 4204, pid: 10071e, addr: 1, data: c000a2fc70)
             exe-1050289 [002] ..... 1637026.886703: sys_ptrace -> 0x0
             exe-1050289 [002] ..... 1637026.886705: sys_ptrace(request: 4204, pid: 10071e, addr: 202, data: c000a2fc70)
             exe-1050289 [002] ..... 1637026.886708: sys_ptrace -> 0x0
             exe-1049567 [000] ..... 1637026.886776: sys_nanosleep -> 0x0
             exe-1049567 [000] ..... 1637026.886782: sys_nanosleep(rqtp: c000069f10, rmtp: 0)
             exe-1050289 [002] ..... 1637026.886800: sys_pwrite64(fd: 63, buf: 7fd66ed81080, count: 35, pos: 37)
             exe-1050289 [002] ..... 1637026.886812: tracing_mark_write: timerfd_create(clockid=0x0, flags=0x7fa07c819d00) end
             exe-1050289 [002] ..... 1637026.970280: tracing_mark_write: timerfd_create(clockid=0x0, flags=0x7fa07c819d00) start
             exe-1050289 [002] ..... 1637026.970281: sys_pwrite64 -> 0x37
