             exe-1049567 [003] ..... 1637104.313744: sys_nanosleep -> 0x0
             exe-1049567 [003] ..... 1637104.313747: sys_nanosleep(rqtp: c000069f10, rmtp: 0)
             exe-1049673 [001] ..... 1637104.313751: sys_nanosleep -> 0x0
             exe-1050289 [000] ..... 1637104.313751: sys_ptrace -> 0x0
             exe-1049673 [001] ..... 1637104.313754: sys_nanosleep(rqtp: c000069f10, rmtp: 0)
             exe-1050289 [000] ..... 1637104.313754: sys_ptrace(request: 1f, pid: 10071e, addr: 0, data: 0)
             exe-1050289 [000] .N... 1637104.313766: sys_ptrace -> 0x0
             exe-1050398 [000] ..... 1637104.313780: sys_write -> 0x53
             exe-1050289 [000] ..... 1637104.313808: sys_wait4(upid: 10071e, stat_addr: c0022e7bf4, options: 40000002, ru: 0)
             exe-1050289 [000] ..... 1637104.313812: sys_wait4 -> 0x10071e
             exe-1050289 [000] ..... 1637104.313815: sys_ptrace(request: 4204, pid: 10071e, addr: 1, data: c0022e7c70)
             exe-1050289 [000] ..... 1637104.313821: sys_ptrace -> 0x0
             exe-1050289 [000] ..... 1637104.313824: sys_ptrace(request: 4204, pid: 10071e, addr: 202, data: c0022e7c70)
             exe-1050289 [000] ..... 1637104.313828: sys_ptrace -> 0x0
             exe-1049567 [003] ..... 1637104.313836: sys_nanosleep -> 0x0
             exe-1049567 [003] ..... 1637104.313838: sys_nanosleep(rqtp: c000069f10, rmtp: 0)
             exe-1050289 [000] ..... 1637104.313838: sys_ptrace(request: 4205, pid: 10071e, addr: 1, data: c0022e7c70)
             exe-1050289 [000] ..... 1637104.313842: sys_ptrace -> 0x0
             exe-1050289 [000] ..... 1637104.313844: sys_ptrace(request: 4205, pid: 10071e, addr: 202, data: c0022e7c70)
             exe-1050289 [000] ..... 1637104.313862: sys_ptrace -> 0x0
             exe-1050289 [000] ..... 1637104.313864: sys_ptrace(request: 1f, pid: 10071e, addr: 0, data: 0)
             exe-1050289 [000] .N... 1637104.313876: sys_ptrace -> 0x0
             exe-1050398 [000] ..... 1637104.313888: sys_timerfd_settime -> 0xffffffffffffffea
             exe-1050289 [000] ..... 1637104.313909: sys_wait4(upid: 10071e, stat_addr: c0022e7bf4, options: 40000002, ru: 0)
             exe-1050289 [000] ..... 1637104.313912: sys_wait4 -> 0x10071e
             exe-1050289 [000] ..... 1637104.313914: sys_ptrace(request: 4204, pid: 10071e, addr: 1, data: c0022e7c70)
             exe-1050289 [000] ..... 1637104.313918: sys_ptrace -> 0x0
             exe-1050289 [000] ..... 1637104.313920: sys_ptrace(request: 4204, pid: 10071e, addr: 202, data: c0022e7c70)
             exe-1050289 [000] ..... 1637104.313922: sys_ptrace -> 0x0
             exe-1049567 [003] ..... 1637104.313927: sys_nanosleep -> 0x0
             exe-1049567 [003] ..... 1637104.313929: sys_nanosleep(rqtp: c000069f10, rmtp: 0)
             exe-1050289 [000] ..... 1637104.313936: sys_pwrite64(fd: 63, buf: 7fd66ed92080, count: 51, pos: 53)
             exe-1050289 [000] ..... 1637104.313938: tracing_mark_write: timerfd_settime(ufd=299, flags=0x7f194b819ce0, utmr=0x7f194b500000, otmr=0x0) end
             exe-1050289 [000] ..... 1637104.377556: tracing_mark_write: timerfd_settime(ufd=299, flags=0x7f194b819ce0, utmr=0x0, otmr=0x7f194b839000) start
             exe-1050289 [000] ..... 1637104.377558: sys_pwrite64 -> 0x53
             exe-1049673 [001] ..... 1637104.377561: sys_nanosleep -> 0x0
             exe-1050289 [000] ..... 1637104.377565: sys_ptrace(request: 4205, pid: 10071e, addr: 1, data: c0022e7c70)
             exe-1049673 [001] ..... 1637104.377566: sys_futex(uaddr: 1f09dc0, op: 80, val: 0, utime: c000069eb0, uaddr2: 0, val3: 0)
             exe-1050289 [000] ..... 1637104.377567: sys_ptrace -> 0x0
             exe-1050289 [000] ..... 1637104.377569: sys_ptrace(request: 4205, pid: 10071e, addr: 202, data: c0022e7c70)
             exe-1050289 [000] ..... 1637104.377581: sys_ptrace -> 0x0
             exe-1050289 [000] ..... 1637104.377582: sys_ptrace(request: 1f, pid: 10071e, addr: 0, data: 0)
             exe-1050289 [000] .N... 1637104.377591: sys_ptrace -> 0x0
             exe-1050398 [000] ..... 1637104.377602: sys_write -> 0x53
             exe-1049567 [003] ..... 1637104.377603: sys_nanosleep -> 0x0
             exe-1049567 [003] ..... 1637104.377605: sys_nanosleep(rqtp: c000069f10, rmtp: 0)
             exe-1050289 [000] ..... 1637104.377621: sys_wait4(upid: 10071e, stat_addr: c0022e7bf4, options: 40000002, ru: 0)
             exe-1050289 [000] ..... 1637104.377623: sys_wait4 -> 0x10071e
             exe-1050289 [000] ..... 1637104.377626: sys_ptrace(request: 4204, pid: 10071e, addr: 1, data: c0022e7c70)
             exe-1050289 [000] ..... 1637104.377630: sys_ptrace -> 0x0
             exe-1050289 [000] ..... 1637104.377631: sys_ptrace(request: 4204, pid: 10071e, addr: 202, data: c0022e7c70)
             exe-1050289 [000] ..... 1637104.377634: sys_ptrace -> 0x0
             exe-1050289 [000] ..... 1637104.377640: sys_ptrace(request: 4205, pid: 10071e, addr: 1, data: c0022e7c70)
             exe-1050289 [000] ..... 1637104.377642: sys_ptrace -> 0x0
             exe-1050289 [000] ..... 1637104.377644: sys_ptrace(request: 4205, pid: 10071e, addr: 202, data: c0022e7c70)
             exe-1050289 [000] ..... 1637104.377654: sys_ptrace -> 0x0
             exe-1050289 [000] ..... 1637104.377655: sys_ptrace(request: 1f, pid: 10071e, addr: 0, data: 0)
             exe-1050289 [000] .N... 1637104.377662: sys_ptrace -> 0x0
             exe-1050398 [000] ..... 1637104.377672: sys_timerfd_settime -> 0xffffffffffffffea
             exe-1050289 [000] ..... 1637104.377690: sys_wait4(upid: 10071e, stat_addr: c0022e7bf4, options: 40000002, ru: 0)
             exe-1050289 [000] ..... 1637104.377692: sys_wait4 -> 0x10071e
             exe-1050289 [000] ..... 1637104.377695: sys_ptrace(request: 4204, pid: 10071e, addr: 1, data: c0022e7c70)
             exe-1050289 [000] ..... 1637104.377698: sys_ptrace -> 0x0
             exe-1050289 [000] ..... 1637104.377700: sys_ptrace(request: 4204, pid: 10071e, addr: 202, data: c0022e7c70)
             exe-1050289 [000] ..... 1637104.377702: sys_ptrace -> 0x0
             exe-1050289 [000] ..... 1637104.377711: sys_pwrite64(fd: 63, buf: 7fd66ed92080, count: 51, pos: 53)
             exe-1050289 [000] ..... 1637104.377713: tracing_mark_write: timerfd_settime(ufd=299, flags=0x7f194b819ce0, utmr=0x0, otmr=0x7f194b839000) end
             exe-1050289 [000] ..... 1637104.433507: tracing_mark_write: timerfd_settime(ufd=299, flags=0x7f194b819ce0, utmr=0x7f194b839000, otmr=0x7f194b839000) start
             exe-1050289 [000] ..... 1637104.433509: sys_pwrite64 -> 0x5e
             exe-1050289 [000] ..... 1637104.433516: sys_ptrace(request: 4205, pid: 10071e, addr: 1, data: c0022e7c70)
             exe-1050289 [000] ..... 1637104.433519: sys_ptrace -> 0x0
             exe-1050289 [000] ..... 1637104.433521: sys_ptrace(request: 4205, pid: 10071e, addr: 202, data: c0022e7c70)
             exe-1050289 [000] ..... 1637104.433532: sys_ptrace -> 0x0
             exe-1050289 [000] ..... 1637104.433534: sys_ptrace(request: 1f, pid: 10071e, addr: 0, data: 0)
             exe-1050289 [000] .N... 1637104.433541: sys_ptrace -> 0x0
             exe-1049567 [003] ..... 1637104.433547: sys_nanosleep -> 0x0
             exe-1049567 [003] ..... 1637104.433551: sys_nanosleep(rqtp: c000069f10, rmtp: 0)
             exe-1050398 [000] ..... 1637104.433552: sys_write -> 0x5e
             exe-1050289 [000] ..... 1637104.433571: sys_wait4(upid: 10071e, stat_addr: c0022e7bf4, options: 40000002, ru: 0)
             exe-1050289 [000] ..... 1637104.433573: sys_wait4 -> 0x10071e
             exe-1050289 [000] ..... 1637104.433576: sys_ptrace(request: 4204, pid: 10071e, addr: 1, data: c0022e7c70)
             exe-1050289 [000] ..... 1637104.433580: sys_ptrace -> 0x0
             exe-1050289 [000] ..... 1637104.433581: sys_ptrace(request: 4204, pid: 10071e, addr: 202, data: c0022e7c70)
             exe-1050289 [000] ..... 1637104.433584: sys_ptrace -> 0x0
             exe-1050289 [000] ..... 1637104.433591: sys_ptrace(request: 4205, pid: 10071e, addr: 1, data: c0022e7c70)
             exe-1050289 [000] ..... 1637104.433593: sys_ptrace -> 0x0
             exe-1050289 [000] ..... 1637104.433594: sys_ptrace(request: 4205, pid: 10071e, addr: 202, data: c0022e7c70)
             exe-1049673 [001] ..... 1637104.433601: sys_nanosleep -> 0x0
             exe-1050289 [000] ..... 1637104.433604: sys_ptrace -> 0x0
             exe-1049673 [001] ..... 1637104.433605: sys_futex(uaddr: 1f09dc0, op: 80, val: 0, utime: c000069eb0, uaddr2: 0, val3: 0)
             exe-1050289 [000] ..... 1637104.433606: sys_ptrace(request: 1f, pid: 10071e, addr: 0, data: 0)
             exe-1050289 [000] .N... 1637104.433612: sys_ptrace -> 0x0
             exe-1050398 [000] ..... 1637104.433622: sys_timerfd_settime -> 0xffffffffffffffea
             exe-1050289 [000] ..... 1637104.433641: sys_wait4(upid: 10071e, stat_addr: c0022e7bf4, options: 40000002, ru: 0)
             exe-1049567 [003] ..... 1637104.433642: sys_nanosleep -> 0x0
             exe-1050289 [000] ..... 1637104.433643: sys_wait4 -> 0x10071e
             exe-1049567 [003] ..... 1637104.433644: sys_nanosleep(rqtp: c000069f10, rmtp: 0)
             exe-1050289 [000] ..... 1637104.433646: sys_ptrace(request: 4204, pid: 10071e, addr: 1, data: c0022e7c70)
             exe-1050289 [000] ..... 1637104.433650: sys_ptrace -> 0x0
             exe-1050289 [000] ..... 1637104.433651: sys_ptrace(request: 4204, pid: 10071e, addr: 202, data: c0022e7c70)
             exe-1050289 [000] ..... 1637104.433653: sys_ptrace -> 0x0
             exe-1050289 [000] ..... 1637104.433663: sys_pwrite64(fd: 63, buf: 7fd66ed92080, count: 5c, pos: 5e)
             exe-1050289 [000] ..... 1637104.433665: tracing_mark_write: timerfd_settime(ufd=299, flags=0x7f194b819ce0, utmr=0x7f194b839000, otmr=0x7f194b839000) end
             exe-1050289 [002] ..... 1637104.511311: tracing_mark_write: timerfd_settime(ufd=299, flags=0x7f194b819ce0, utmr=0x1, otmr=0x7f194b829000) start
             exe-1050289 [002] ..... 1637104.511325: sys_pwrite64 -> 0x53
             exe-1050289 [002] ..... 1637104.511331: sys_ptrace(request: 4205, pid: 10071e, addr: 1, data: c0022e7c70)
             exe-1050289 [002] ..... 1637104.511334: sys_ptrace -> 0x0
             exe-1050289 [002] ..... 1637104.511336: sys_ptrace(request: 4205, pid: 10071e, addr: 202, data: c0022e7c70)
             exe-1050289 [002] ..... 1637104.511344: sys_ptrace -> 0x0
             exe-1050289 [002] ..... 1637104.511346: sys_ptrace(request: 1f, pid: 10071e, addr: 0, data: 0)
             exe-1050289 [002] ..... 1637104.511353: sys_ptrace -> 0x0
             exe-1050289 [002] ..... 1637104.511355: sys_wait4(upid: 10071e, stat_addr: c0022e7bf4, options: 40000002, ru: 0)
             exe-1050398 [000] ..... 1637104.511362: sys_write -> 0x53
             exe-1050289 [002] ..... 1637104.511380: sys_wait4 -> 0x10071e
             exe-1050289 [002] ..... 1637104.511383: sys_ptrace(request: 4204, pid: 10071e, addr: 1, data: c0022e7c70)
             exe-1050289 [002] ..... 1637104.511386: sys_ptrace -> 0x0
             exe-1050289 [002] ..... 1637104.511387: sys_ptrace(request: 4204, pid: 10071e, addr: 202, data: c0022e7c70)
             exe-1050289 [002] ..... 1637104.511390: sys_ptrace -> 0x0
             exe-1050289 [002] ..... 1637104.511395: sys_ptrace(request: 4205, pid: 10071e, addr: 1, data: c0022e7c70)
             exe-1050289 [002] ..... 1637104.511398: sys_ptrace -> 0x0
             exe-1050289 [002] ..... 1637104.511399: sys_ptrace(request: 4205, pid: 10071e, addr: 202, data: c0022e7c70)
             exe-1050289 [002] ..... 1637104.511405: sys_ptrace -> 0x0
             exe-1050289 [002] ..... 1637104.511407: sys_ptrace(request: 1f, pid: 10071e, addr: 0, data: 0)
             exe-1050289 [002] ..... 1637104.511413: sys_ptrace -> 0x0
             exe-1050289 [002] ..... 1637104.511415: sys_wait4(upid: 10071e, stat_addr: c0022e7bf4, options: 40000002, ru: 0)
             exe-1050398 [000] ..... 1637104.511420: sys_timerfd_settime -> 0xffffffffffffffea
             exe-1050289 [002] ..... 1637104.511438: sys_wait4 -> 0x10071e
             exe-1050289 [002] ..... 1637104.511449: sys_ptrace(request: 4204, pid: 10071e, addr: 1, data: c0022e7c70)
             exe-1050289 [002] ..... 1637104.511453: sys_ptrace -> 0x0
             exe-1050289 [002] ..... 1637104.511454: sys_ptrace(request: 4204, pid: 10071e, addr: 202, data: c0022e7c70)
             exe-1050289 [002] ..... 1637104.511457: sys_ptrace -> 0x0
             exe-1050289 [002] ..... 1637104.511463: sys_pwrite64(fd: 63, buf: 7fd66ed92080, count: 51, pos: 53)
             exe-1050289 [002] ..... 1637104.511465: tracing_mark_write: timerfd_settime(ufd=299, flags=0x7f194b819ce0, utmr=0x1, otmr=0x7f194b829000) end
             exe-1050289 [003] ..... 1637104.593424: tracing_mark_write: timerfd_settime(ufd=268, flags=0x7f194b819ce0, utmr=0x7f194b83a000, otmr=0x7f1949a00000) start
             exe-1050289 [003] ..... 1637104.593426: sys_pwrite64 -> 0x5e
             exe-1050289 [003] ..... 1637104.593433: sys_ptrace(request: 4205, pid: 10071e, addr: 1, data: c0022e7c70)
             exe-1050289 [003] ..... 1637104.593436: sys_ptrace -> 0x0
             exe-1050289 [003] ..... 1637104.593437: sys_ptrace(request: 4205, pid: 10071e, addr: 202, data: c0022e7c70)
             exe-1050289 [003] ..... 1637104.593448: sys_ptrace -> 0x0
             exe-1050289 [003] ..... 1637104.593450: sys_ptrace(request: 1f, pid: 10071e, addr: 0, data: 0)
             exe-1050289 [003] .N... 1637104.593457: sys_ptrace -> 0x0
             exe-1050398 [003] ..... 1637104.593468: sys_write -> 0x5e
             exe-1050289 [003] ..... 1637104.593487: sys_wait4(upid: 10071e, stat_addr: c0022e7bf4, options: 40000002, ru: 0)
             exe-1050289 [003] ..... 1637104.593489: sys_wait4 -> 0x10071e
             exe-1050289 [003] ..... 1637104.593492: sys_ptrace(request: 4204, pid: 10071e, addr: 1, data: c0022e7c70)
             exe-1050289 [003] ..... 1637104.593496: sys_ptrace -> 0x0
             exe-1050289 [003] ..... 1637104.593497: sys_ptrace(request: 4204, pid: 10071e, addr: 202, data: c0022e7c70)
             exe-1050289 [003] ..... 1637104.593500: sys_ptrace -> 0x0
             exe-1050289 [003] ..... 1637104.593507: sys_ptrace(request: 4205, pid: 10071e, addr: 1, data: c0022e7c70)
             exe-1050289 [003] ..... 1637104.593509: sys_ptrace -> 0x0
             exe-1050289 [003] ..... 1637104.593511: sys_ptrace(request: 4205, pid: 10071e, addr: 202, data: c0022e7c70)
             exe-1050289 [003] ..... 1637104.593520: sys_ptrace -> 0x0
             exe-1050289 [003] ..... 1637104.593522: sys_ptrace(request: 1f, pid: 10071e, addr: 0, data: 0)
             exe-1050289 [003] .N... 1637104.593528: sys_ptrace -> 0x0
             exe-1050398 [003] ..... 1637104.593538: sys_timerfd_settime -> 0xffffffffffffffea
             exe-1050289 [003] ..... 1637104.593558: sys_wait4(upid: 10071e, stat_addr: c0022e7bf4, options: 40000002, ru: 0)
             exe-1050289 [003] ..... 1637104.593560: sys_wait4 -> 0x10071e
             exe-1050289 [003] ..... 1637104.593563: sys_ptrace(request: 4204, pid: 10071e, addr: 1, data: c0022e7c70)
             exe-1050289 [003] ..... 1637104.593567: sys_ptrace -> 0x0
             exe-1050289 [003] ..... 1637104.593568: sys_ptrace(request: 4204, pid: 10071e, addr: 202, data: c0022e7c70)
             exe-1050289 [003] ..... 1637104.593571: sys_ptrace -> 0x0
             exe-1050289 [003] ..... 1637104.593580: sys_pwrite64(fd: 63, buf: 7fd66ed92080, count: 5c, pos: 5e)
             exe-1050289 [003] ..... 1637104.593582: tracing_mark_write: timerfd_settime(ufd=268, flags=0x7f194b819ce0, utmr=0x7f194b83a000, otmr=0x7f1949a00000) end
             exe-1050289 [001] ..... 1637104.664545: tracing_mark_write: timerfd_settime(ufd=268, flags=0x7f194b819ce0, utmr=0x7f1949a00000, otmr=0x7f1949a00001) start
             exe-1050289 [001] ..... 1637104.664553: sys_pwrite64 -> 0x5e
             exe-1050289 [001] ..... 1637104.664559: sys_ptrace(request: 4205, pid: 10071e, addr: 1, data: c0022e7c70)
             exe-1049673 [002] ..... 1637104.664560: sys_nanosleep -> 0x0
             exe-1050289 [001] ..... 1637104.664561: sys_ptrace -> 0x0
             exe-1050289 [001] ..... 1637104.664562: sys_ptrace(request: 4205, pid: 10071e, addr: 202, data: c0022e7c70)
             exe-1049673 [002] ..... 1637104.664562: sys_nanosleep(rqtp: c000069f10, rmtp: 0)
             exe-1050289 [001] ..... 1637104.664572: sys_ptrace -> 0x0
             exe-1050289 [001] ..... 1637104.664573: sys_ptrace(request: 1f, pid: 10071e, addr: 0, data: 0)
             exe-1050289 [001] ..... 1637104.664584: sys_ptrace -> 0x0
             exe-1050289 [001] ..... 1637104.664585: sys_wait4(upid: 10071e, stat_addr: c0022e7bf4, options: 40000002, ru: 0)
             exe-1050398 [000] ..... 1637104.664598: sys_write -> 0x5e
             exe-1050289 [001] ..... 1637104.664616: sys_wait4 -> 0x10071e
             exe-1050289 [001] ..... 1637104.664618: sys_ptrace(request: 4204, pid: 10071e, addr: 1, data: c0022e7c70)
             exe-1050289 [001] ..... 1637104.664620: sys_ptrace -> 0x0
             exe-1050289 [001] ..... 1637104.664621: sys_ptrace(request: 4204, pid: 10071e, addr: 202, data: c0022e7c70)
             exe-1050289 [001] ..... 1637104.664622: sys_ptrace -> 0x0
             exe-1050289 [001] ..... 1637104.664632: sys_ptrace(request: 4205, pid: 10071e, addr: 1, data: c0022e7c70)
             exe-1050289 [001] ..... 1637104.664634: sys_ptrace -> 0x0
             exe-1050289 [001] ..... 1637104.664635: sys_ptrace(request: 4205, pid: 10071e, addr: 202, data: c0022e7c70)
             exe-1050289 [001] ..... 1637104.664641: sys_ptrace -> 0x0
             exe-1050289 [001] ..... 1637104.664642: sys_ptrace(request: 1f, pid: 10071e, addr: 0, data: 0)
             exe-1050289 [001] ..... 1637104.664646: sys_ptrace -> 0x0
             exe-1050289 [001] ..... 1637104.664648: sys_wait4(upid: 10071e, stat_addr: c0022e7bf4, options: 40000002, ru: 0)
             exe-1049673 [002] ..... 1637104.664649: sys_nanosleep -> 0x0
             exe-1049673 [002] ..... 1637104.664651: sys_nanosleep(rqtp: c000069f10, rmtp: 0)
             exe-1050398 [000] ..... 1637104.664671: sys_timerfd_settime -> 0xffffffffffffffea
             exe-1050289 [001] ..... 1637104.664691: sys_wait4 -> 0x10071e
             exe-1050289 [001] ..... 1637104.664694: sys_ptrace(request: 4204, pid: 10071e, addr: 1, data: c0022e7c70)
             exe-1050289 [001] ..... 1637104.664696: sys_ptrace -> 0x0
             exe-1050289 [001] ..... 1637104.664698: sys_ptrace(request: 4204, pid: 10071e, addr: 202, data: c0022e7c70)
             exe-1050289 [001] ..... 1637104.664700: sys_ptrace -> 0x0
             exe-1050289 [001] ..... 1637104.664707: sys_pwrite64(fd: 63, buf: 7fd66ed92080, count: 5c, pos: 5e)
             exe-1050289 [001] ..... 1637104.664717: tracing_mark_write: timerfd_settime(ufd=268, flags=0x7f194b819ce0, utmr=0x7f1949a00000, otmr=0x7f1949a00001) end
             exe-1050289 [001] ..... 1637104.733971: tracing_mark_write: timerfd_settime(ufd=5, flags=0x7f194b819ce0, utmr=0x7f1949800000, otmr=0x7f1949d00000) start
             exe-1050289 [001] ..... 1637104.733973: sys_pwrite64 -> 0x5c
             exe-1050289 [001] ..... 1637104.733976: sys_ptrace(request: 4205, pid: 10071e, addr: 1, data: c0022e7c70)
             exe-1050289 [001] ..... 1637104.733983: sys_ptrace -> 0x0
             exe-1050289 [001] ..... 1637104.733984: sys_ptrace(request: 4205, pid: 10071e, addr: 202, data: c0022e7c70)
             exe-1050289 [001] ..... 1637104.733989: sys_ptrace -> 0x0
             exe-1050289 [001] ..... 1637104.733990: sys_ptrace(request: 1f, pid: 10071e, addr: 0, data: 0)
             exe-1050289 [001] ..... 1637104.733995: sys_ptrace -> 0x0
             exe-1050289 [001] ..... 1637104.733996: sys_wait4(upid: 10071e, stat_addr: c0022e7bf4, options: 40000002, ru: 0)
             exe-1050398 [003] ..... 1637104.734013: sys_write -> 0x5c
             exe-1050289 [001] ..... 1637104.734031: sys_wait4 -> 0x10071e
             exe-1050289 [001] ..... 1637104.734032: sys_ptrace(request: 4204, pid: 10071e, addr: 1, data: c0022e7c70)
             exe-1050289 [001] ..... 1637104.734035: sys_ptrace -> 0x0
             exe-1050289 [001] ..... 1637104.734036: sys_ptrace(request: 4204, pid: 10071e, addr: 202, data: c0022e7c70)
             exe-1050289 [001] ..... 1637104.734037: sys_ptrace -> 0x0
             exe-1050289 [001] ..... 1637104.734041: sys_ptrace(request: 4205, pid: 10071e, addr: 1, data: c0022e7c70)
             exe-1050289 [001] ..... 1637104.734042: sys_ptrace -> 0x0
             exe-1050289 [001] ..... 1637104.734043: sys_ptrace(request: 4205, pid: 10071e, addr: 202, data: c0022e7c70)
             exe-1050289 [001] ..... 1637104.734047: sys_ptrace -> 0x0
             exe-1050289 [001] ..... 1637104.734048: sys_ptrace(request: 1f, pid: 10071e, addr: 0, data: 0)
             exe-1050289 [001] ..... 1637104.734052: sys_ptrace -> 0x0
             exe-1050289 [001] ..... 1637104.734053: sys_wait4(upid: 10071e, stat_addr: c0022e7bf4, options: 40000002, ru: 0)
             exe-1050398 [003] ..... 1637104.734078: sys_timerfd_settime -> 0xffffffffffffffea
             exe-1050289 [001] ..... 1637104.734091: sys_wait4 -> 0x10071e
             exe-1050289 [001] ..... 1637104.734092: sys_ptrace(request: 4204, pid: 10071e, addr: 1, data: c0022e7c70)
             exe-1049567 [003] ..... 1637104.734098: sys_nanosleep -> 0x0
             exe-1050289 [001] ..... 1637104.734098: sys_ptrace -> 0x0
             exe-1050289 [001] ..... 1637104.734099: sys_ptrace(request: 4204, pid: 10071e, addr: 202, data: c0022e7c70)
             exe-1050289 [001] ..... 1637104.734100: sys_ptrace -> 0x0
             exe-1049567 [003] ..... 1637104.734104: sys_nanosleep(rqtp: c000069f10, rmtp: 0)
             exe-1050289 [001] ..... 1637104.734104: sys_pwrite64(fd: 63, buf: 7fd66ed92080, count: 5a, pos: 5c)
             exe-1050289 [001] ..... 1637104.734105: tracing_mark_write: timerfd_settime(ufd=5, flags=0x7f194b819ce0, utmr=0x7f1949800000, otmr=0x7f1949d00000) end
             exe-1050289 [001] ..... 1637104.816161: tracing_mark_write: timerfd_settime(ufd=5, flags=0x7f194b819ce0, utmr=0x7f194b828000, otmr=0x7f194b839000) start
             exe-1050289 [001] ..... 1637104.816163: sys_pwrite64 -> 0x5c
             exe-1050289 [001] ..... 1637104.816168: sys_ptrace(request: 4205, pid: 10071e, addr: 1, data: c0022e7c70)
             exe-1050289 [001] ..... 1637104.816170: sys_ptrace -> 0x0
             exe-1050289 [001] ..... 1637104.816172: sys_ptrace(request: 4205, pid: 10071e, addr: 202, data: c0022e7c70)
             exe-1050289 [001] ..... 1637104.816180: sys_ptrace -> 0x0
             exe-1050289 [001] ..... 1637104.816182: sys_ptrace(request: 1f, pid: 10071e, addr: 0, data: 0)
             exe-1050289 [001] ..... 1637104.816189: sys_ptrace -> 0x0
             exe-1050289 [001] ..... 1637104.816191: sys_wait4(upid: 10071e, stat_addr: c0022e7bf4, options: 40000002, ru: 0)
             exe-1050398 [003] ..... 1637104.816204: sys_write -> 0x5c
             exe-1049673 [002] ..... 1637104.816215: sys_nanosleep -> 0x0
             exe-1049673 [002] ..... 1637104.816217: sys_nanosleep(rqtp: c000069f10, rmtp: 0)
             exe-1050289 [001] ..... 1637104.816229: sys_wait4 -> 0x10071e
             exe-1050289 [001] ..... 1637104.816231: sys_ptrace(request: 4204, pid: 10071e, addr: 1, data: c0022e7c70)
             exe-1050289 [001] ..... 1637104.816234: sys_ptrace -> 0x0
             exe-1050289 [001] ..... 1637104.816235: sys_ptrace(request: 4204, pid: 10071e, addr: 202, data: c0022e7c70)
             exe-1050289 [001] ..... 1637104.816237: sys_ptrace -> 0x0
             exe-1050289 [001] ..... 1637104.816242: sys_ptrace(request: 4205, pid: 10071e, addr: 1, data: c0022e7c70)
             exe-1049567 [003] ..... 1637104.816248: sys_nanosleep -> 0x0
             exe-1050289 [001] ..... 1637104.816249: sys_ptrace -> 0x0
             exe-1050289 [001] ..... 1637104.816250: sys_ptrace(request: 4205, pid: 10071e, addr: 202, data: c0022e7c70)
             exe-1049567 [003] ..... 1637104.816253: sys_nanosleep(rqtp: c000069f10, rmtp: 0)
             exe-1050289 [001] ..... 1637104.816256: sys_ptrace -> 0x0
             exe-1050289 [001] ..... 1637104.816257: sys_ptrace(request: 1f, pid: 10071e, addr: 0, data: 0)
             exe-1050289 [001] ..... 1637104.816264: sys_ptrace -> 0x0
             exe-1050289 [001] ..... 1637104.816266: sys_wait4(upid: 10071e, stat_addr: c0022e7bf4, options: 40000002, ru: 0)
             exe-1050398 [003] ..... 1637104.816280: sys_timerfd_settime -> 0xffffffffffffffea
             exe-1049673 [002] ..... 1637104.816302: sys_nanosleep -> 0x0
             exe-1050289 [001] ..... 1637104.816303: sys_wait4 -> 0x10071e
             exe-1049673 [002] ..... 1637104.816304: sys_nanosleep(rqtp: c000069f10, rmtp: 0)
             exe-1050289 [001] ..... 1637104.816306: sys_ptrace(request: 4204, pid: 10071e, addr: 1, data: c0022e7c70)
             exe-1050289 [001] ..... 1637104.816308: sys_ptrace -> 0x0
             exe-1050289 [001] ..... 1637104.816309: sys_ptrace(request: 4204, pid: 10071e, addr: 202, data: c0022e7c70)
             exe-1050289 [001] ..... 1637104.816311: sys_ptrace -> 0x0
             exe-1050289 [001] ..... 1637104.816316: sys_pwrite64(fd: 63, buf: 7fd66ed92080, count: 5a, pos: 5c)
             exe-1050289 [001] ..... 1637104.816318: tracing_mark_write: timerfd_settime(ufd=5, flags=0x7f194b819ce0, utmr=0x7f194b828000, otmr=0x7f194b839000) end
             exe-1050289 [001] ..... 1637104.890386: tracing_mark_write: timerfd_settime(ufd=5, flags=0x80000, utmr=0x4, otmr=0x7f194b4ff000) start
             exe-1050289 [001] ..... 1637104.890388: sys_pwrite64 -> 0x4a
             exe-1050289 [001] ..... 1637104.890393: sys_ptrace(request: 4205, pid: 10071e, addr: 1, data: c0022e7c70)
             exe-1049567 [003] ..... 1637104.890397: sys_nanosleep -> 0x0
             exe-1050289 [001] ..... 1637104.890397: sys_ptrace -> 0x0
             exe-1050289 [001] ..... 1637104.890398: sys_ptrace(request: 4205, pid: 10071e, addr: 202, data: c0022e7c70)
             exe-1049567 [003] ..... 1637104.890403: sys_nanosleep(rqtp: c000069f10, rmtp: 0)
             exe-1050289 [001] ..... 1637104.890406: sys_ptrace -> 0x0
             exe-1050289 [001] ..... 1637104.890407: sys_ptrace(request: 1f, pid: 10071e, addr: 0, data: 0)
             exe-1050289 [001] ..... 1637104.890415: sys_ptrace -> 0x0
             exe-1050398 [003] ..... 1637104.890432: sys_write -> 0x4a
             exe-1050289 [001] ..... 1637104.890459: sys_wait4(upid: 10071e, stat_addr: c0022e7bf4, options: 40000002, ru: 0)
             exe-1050289 [001] ..... 1637104.890461: sys_wait4 -> 0x10071e
             exe-1050289 [001] ..... 1637104.890462: sys_ptrace(request: 4204, pid: 10071e, addr: 1, data: c0022e7c70)
             exe-1050289 [001] ..... 1637104.890465: sys_ptrace -> 0x0
             exe-1050289 [001] ..... 1637104.890466: sys_ptrace(request: 4204, pid: 10071e, addr: 202, data: c0022e7c70)
             exe-1050289 [001] ..... 1637104.890468: sys_ptrace -> 0x0
             exe-1050289 [001] ..... 1637104.890475: sys_ptrace(request: 4205, pid: 10071e, addr: 1, data: c0022e7c70)
             exe-1050289 [001] ..... 1637104.890477: sys_ptrace -> 0x0
             exe-1050289 [001] ..... 1637104.890478: sys_ptrace(request: 4205, pid: 10071e, addr: 202, data: c0022e7c70)
             exe-1050289 [001] ..... 1637104.890486: sys_ptrace -> 0x0
             exe-1050289 [001] ..... 1637104.890487: sys_ptrace(request: 1f, pid: 10071e, addr: 0, data: 0)
             exe-1050289 [001] ..... 1637104.890494: sys_ptrace -> 0x0
             exe-1050289 [001] ..... 1637104.890496: sys_wait4(upid: 10071e, stat_addr: c0022e7bf4, options: 40000002, ru: 0)
             exe-1050398 [003] ..... 1637104.890501: sys_timerfd_settime -> 0xffffffffffffffea
             exe-1049567 [003] ..... 1637104.890522: sys_nanosleep -> 0x0
             exe-1049567 [003] ..... 1637104.890528: sys_nanosleep(rqtp: c000069f10, rmtp: 0)
             exe-1050289 [001] ..... 1637104.890553: sys_wait4 -> 0x10071e
             exe-1050289 [001] ..... 1637104.890557: sys_ptrace(request: 4204, pid: 10071e, addr: 1, data: c0022e7c70)
             exe-1049673 [002] ..... 1637104.890558: sys_nanosleep -> 0x0
             exe-1050289 [001] ..... 1637104.890561: sys_ptrace -> 0x0
             exe-1049673 [002] ..... 1637104.890561: sys_nanosleep(rqtp: c000069f10, rmtp: 0)
             exe-1050289 [001] ..... 1637104.890562: sys_ptrace(request: 4204, pid: 10071e, addr: 202, data: c0022e7c70)
             exe-1050289 [001] ..... 1637104.890564: sys_ptrace -> 0x0
             exe-1050289 [001] ..... 1637104.890576: sys_pwrite64(fd: 63, buf: 7fd66ed92080, count: 48, pos: 4a)
             exe-1050289 [001] ..... 1637104.890578: tracing_mark_write: timerfd_settime(ufd=5, flags=0x80000, utmr=0x4, otmr=0x7f194b4ff000) end
             exe-1050289 [003] ..... 1637104.974942: tracing_mark_write: timerfd_settime(ufd=10, flags=0x80000, utmr=0x7f1949600000, otmr=0x7f1949600000) start
             exe-1050289 [003] ..... 1637104.974944: sys_pwrite64 -> 0x56
             exe-1050289 [003] ..... 1637104.974951: sys_ptrace(request: 4205, pid: 10071e, addr: 1, data: c0022e7c70)
             exe-1050289 [003] ..... 1637104.974954: sys_ptrace -> 0x0
             exe-1050289 [003] ..... 1637104.975023: sys_ptrace(request: 4205, pid: 10071e, addr: 202, data: c0022e7c70)
             exe-1050289 [003] ..... 1637104.975039: sys_ptrace -> 0x0
             exe-1050289 [003] ..... 1637104.975041: sys_ptrace(request: 1f, pid: 10071e, addr: 0, data: 0)
             exe-1050289 [003] ..... 1637104.975055: sys_ptrace -> 0x0
             exe-1050289 [003] ..... 1637104.975058: sys_wait4(upid: 10071e, stat_addr: c0022e7bf4, options: 40000002, ru: 0)
             exe-1050398 [000] ..... 1637104.975075: sys_write -> 0x56
             exe-1050289 [003] ..... 1637104.975143: sys_wait4 -> 0x10071e
             exe-1050289 [003] ..... 1637104.975163: sys_ptrace(request: 4204, pid: 10071e, addr: 1, data: c0022e7c70)
             exe-1050289 [003] ..... 1637104.975169: sys_ptrace -> 0x0
             exe-1050289 [003] ..... 1637104.975171: sys_ptrace(request: 4204, pid: 10071e, addr: 202, data: c0022e7c70)
             exe-1050289 [003] ..... 1637104.975174: sys_ptrace -> 0x0
             exe-1050289 [003] ..... 1637104.975183: sys_ptrace(request: 4205, pid: 10071e, addr: 1, data: c0022e7c70)
             exe-1050289 [003] ..... 1637104.975185: sys_ptrace -> 0x0
             exe-1050289 [003] ..... 1637104.975187: sys_ptrace(request: 4205, pid: 10071e, addr: 202, data: c0022e7c70)
             exe-1050289 [003] ..... 1637104.975199: sys_ptrace -> 0x0
             exe-1050289 [003] ..... 1637104.975201: sys_ptrace(request: 1f, pid: 10071e, addr: 0, data: 0)
             exe-1050289 [003] ..... 1637104.975209: sys_ptrace -> 0x0
             exe-1050289 [003] ..... 1637104.975212: sys_wait4(upid: 10071e, stat_addr: c0022e7bf4, options: 40000002, ru: 0)
             exe-1050398 [000] ..... 1637104.975216: sys_timerfd_settime -> 0xffffffffffffffea
             exe-1050289 [003] ..... 1637104.975233: sys_wait4 -> 0x10071e
             exe-1050289 [003] ..... 1637104.975236: sys_ptrace(request: 4204, pid: 10071e, addr: 1, data: c0022e7c70)
             exe-1050289 [003] ..... 1637104.975238: sys_ptrace -> 0x0
             exe-1050289 [003] ..... 1637104.975240: sys_ptrace(request: 4204, pid: 10071e, addr: 202, data: c0022e7c70)
             exe-1050289 [003] ..... 1637104.975242: sys_ptrace -> 0x0
             exe-1050289 [003] ..... 1637104.975321: sys_pwrite64(fd: 63, buf: 7fd66ed92080, count: 54, pos: 56)
             exe-1050289 [003] ..... 1637104.975324: tracing_mark_write: timerfd_settime(ufd=10, flags=0x80000, utmr=0x7f1949600000, otmr=0x7f1949600000) end
             exe-1050289 [003] ..... 1637105.058306: tracing_mark_write: timerfd_settime(ufd=10, flags=0x80000, utmr=0x7f194b828000, otmr=0x7f194b838000) start
             exe-1050289 [003] ..... 1637105.058308: sys_pwrite64 -> 0x56
             exe-1050289 [003] ..... 1637105.058316: sys_ptrace(request: 4205, pid: 10071e, addr: 1, data: c0022e7c70)
             exe-1050289 [003] ..... 1637105.058319: sys_ptrace -> 0x0
             exe-1050289 [003] ..... 1637105.058321: sys_ptrace(request: 4205, pid: 10071e, addr: 202, data: c0022e7c70)
             exe-1050289 [003] ..... 1637105.058334: sys_ptrace -> 0x0
             exe-1050289 [003] ..... 1637105.058336: sys_ptrace(request: 1f, pid: 10071e, addr: 0, data: 0)
             exe-1050289 [003] ..... 1637105.058347: sys_ptrace -> 0x0
             exe-1050289 [003] ..... 1637105.058349: sys_wait4(upid: 10071e, stat_addr: c0022e7bf4, options: 40000002, ru: 0)
             exe-1050398 [000] ..... 1637105.058356: sys_write -> 0x56
             exe-1050289 [003] .N... 1637105.058394: sys_wait4 -> 0x10071e
             exe-1050289 [003] ..... 1637105.058440: sys_ptrace(request: 4204, pid: 10071e, addr: 1, data: c0022e7c70)
             exe-1050289 [003] ..... 1637105.058446: sys_ptrace -> 0x0
             exe-1050289 [003] ..... 1637105.058448: sys_ptrace(request: 4204, pid: 10071e, addr: 202, data: c0022e7c70)
             exe-1050289 [003] ..... 1637105.058451: sys_ptrace -> 0x0
             exe-1050289 [003] ..... 1637105.058461: sys_ptrace(request: 4205, pid: 10071e, addr: 1, data: c0022e7c70)
             exe-1050289 [003] ..... 1637105.058463: sys_ptrace -> 0x0
             exe-1050289 [003] ..... 1637105.058465: sys_ptrace(request: 4205, pid: 10071e, addr: 202, data: c0022e7c70)
             exe-1050289 [003] ..... 1637105.058477: sys_ptrace -> 0x0
             exe-1050289 [003] ..... 1637105.058479: sys_ptrace(request: 1f, pid: 10071e, addr: 0, data: 0)
             exe-1050289 [003] ..... 1637105.058489: sys_ptrace -> 0x0
             exe-1050289 [003] ..... 1637105.058492: sys_wait4(upid: 10071e, stat_addr: c0022e7bf4, options: 40000002, ru: 0)
             exe-1050398 [000] ..... 1637105.058493: sys_timerfd_settime -> 0xffffffffffffffea
             exe-1050289 [003] ..... 1637105.058513: sys_wait4 -> 0x10071e
             exe-1050289 [003] ..... 1637105.058515: sys_ptrace(request: 4204, pid: 10071e, addr: 1, data: c0022e7c70)
             exe-1050289 [003] ..... 1637105.058518: sys_ptrace -> 0x0
             exe-1050289 [003] ..... 1637105.058519: sys_ptrace(request: 4204, pid: 10071e, addr: 202, data: c0022e7c70)
             exe-1050289 [003] ..... 1637105.058521: sys_ptrace -> 0x0
             exe-1050289 [003] ..... 1637105.058536: sys_pwrite64(fd: 63, buf: 7fd66ed92080, count: 54, pos: 56)
             exe-1050289 [003] ..... 1637105.058538: tracing_mark_write: timerfd_settime(ufd=10, flags=0x80000, utmr=0x7f194b828000, otmr=0x7f194b838000) end
             exe-1050289 [003] ..... 1637105.137640: tracing_mark_write: timerfd_settime(ufd=10, flags=0x80000, utmr=0x8, otmr=0x10) start
             exe-1050289 [003] ..... 1637105.137642: sys_pwrite64 -> 0x41
             exe-1050289 [003] ..... 1637105.137649: sys_ptrace(request: 4205, pid: 10071e, addr: 1, data: c0022e7c70)
             exe-1050289 [003] ..... 1637105.137652: sys_ptrace -> 0x0
             exe-1050289 [003] ..... 1637105.137721: sys_ptrace(request: 4205, pid: 10071e, addr: 202, data: c0022e7c70)
             exe-1050289 [003] ..... 1637105.137737: sys_ptrace -> 0x0
             exe-1050289 [003] ..... 1637105.137739: sys_ptrace(request: 1f, pid: 10071e, addr: 0, data: 0)
             exe-1050289 [003] ..... 1637105.137753: sys_ptrace -> 0x0
             exe-1050289 [003] ..... 1637105.137757: sys_wait4(upid: 10071e, stat_addr: c0022e7bf4, options: 40000002, ru: 0)
             exe-1050398 [000] ..... 1637105.137774: sys_write -> 0x41
             exe-1050289 [003] ..... 1637105.137838: sys_wait4 -> 0x10071e
             exe-1050289 [003] ..... 1637105.137844: sys_ptrace(request: 4204, pid: 10071e, addr: 1, data: c0022e7c70)
             exe-1050289 [003] ..... 1637105.137849: sys_ptrace -> 0x0
             exe-1050289 [003] ..... 1637105.137851: sys_ptrace(request: 4204, pid: 10071e, addr: 202, data: c0022e7c70)
             exe-1050289 [003] ..... 1637105.137854: sys_ptrace -> 0x0
             exe-1050289 [003] ..... 1637105.137876: sys_ptrace(request: 4205, pid: 10071e, addr: 1, data: c0022e7c70)
             exe-1050289 [003] ..... 1637105.137879: sys_ptrace -> 0x0
             exe-1050289 [003] ..... 1637105.137880: sys_ptrace(request: 4205, pid: 10071e, addr: 202, data: c0022e7c70)
             exe-1050289 [003] ..... 1637105.137893: sys_ptrace -> 0x0
             exe-1050289 [003] ..... 1637105.137895: sys_ptrace(request: 1f, pid: 10071e, addr: 0, data: 0)
             exe-1050289 [003] ..... 1637105.137903: sys_ptrace -> 0x0
             exe-1050289 [003] ..... 1637105.137906: sys_wait4(upid: 10071e, stat_addr: c0022e7bf4, options: 40000002, ru: 0)
             exe-1050398 [000] ..... 1637105.137909: sys_timerfd_settime -> 0xffffffffffffffea
             exe-1050289 [003] .N... 1637105.137931: sys_wait4 -> 0x10071e
             exe-1050289 [003] ..... 1637105.137975: sys_ptrace(request: 4204, pid: 10071e, addr: 1, data: c0022e7c70)
             exe-1050289 [003] ..... 1637105.137981: sys_ptrace -> 0x0
             exe-1050289 [003] ..... 1637105.137982: sys_ptrace(request: 4204, pid: 10071e, addr: 202, data: c0022e7c70)
             exe-1050289 [003] ..... 1637105.137985: sys_ptrace -> 0x0
             exe-1050289 [003] ..... 1637105.138002: sys_pwrite64(fd: 63, buf: 7fd66ed92080, count: 3f, pos: 41)
             exe-1050289 [003] ..... 1637105.138005: tracing_mark_write: timerfd_settime(ufd=10, flags=0x80000, utmr=0x8, otmr=0x10) end
             exe-1050289 [003] ..... 1637105.200594: tracing_mark_write: timerfd_settime(ufd=10, flags=0x80000, utmr=0x8, otmr=0x7f194b4ff000) start
             exe-1050289 [003] ..... 1637105.200596: sys_pwrite64 -> 0x4b
             exe-1049673 [002] ..... 1637105.200636: sys_nanosleep -> 0x0
             exe-1049673 [002] ..... 1637105.200640: sys_nanosleep(rqtp: c000069f10, rmtp: 0)
             exe-1050289 [003] ..... 1637105.200685: sys_ptrace(request: 4205, pid: 10071e, addr: 1, data: c0022e7c70)
             exe-1050289 [003] ..... 1637105.200690: sys_ptrace -> 0x0
             exe-1050289 [003] ..... 1637105.200692: sys_ptrace(request: 4205, pid: 10071e, addr: 202, data: c0022e7c70)
             exe-1050289 [003] ..... 1637105.200707: sys_ptrace -> 0x0
             exe-1050289 [003] ..... 1637105.200709: sys_ptrace(request: 1f, pid: 10071e, addr: 0, data: 0)
             exe-1050289 [003] .N... 1637105.200716: sys_ptrace -> 0x0
             exe-1049567 [002] ..... 1637105.200737: sys_nanosleep -> 0x0
             exe-1049567 [002] ..... 1637105.200742: sys_nanosleep(rqtp: c000069f10, rmtp: 0)
             exe-1049673 [002] ..... 1637105.200763: sys_nanosleep -> 0x0
             exe-1049673 [002] ..... 1637105.200768: sys_nanosleep(rqtp: c000069f10, rmtp: 0)
             exe-1050398 [003] ..... 1637105.200785: sys_write -> 0x4b
             exe-1050289 [003] ..... 1637105.200814: sys_wait4(upid: 10071e, stat_addr: c0022e7bf4, options: 40000002, ru: 0)
             exe-1050289 [003] ..... 1637105.200818: sys_wait4 -> 0x10071e
             exe-1050289 [003] ..... 1637105.200821: sys_ptrace(request: 4204, pid: 10071e, addr: 1, data: c0022e7c70)
             exe-1050289 [003] ..... 1637105.200827: sys_ptrace -> 0x0
             exe-1050289 [003] ..... 1637105.200828: sys_ptrace(request: 4204, pid: 10071e, addr: 202, data: c0022e7c70)
             exe-1049673 [002] ..... 1637105.200861: sys_nanosleep -> 0x0
             exe-1050289 [003] .N... 1637105.200863: sys_ptrace -> 0x0
             exe-1049673 [002] ..... 1637105.200864: sys_nanosleep(rqtp: c000069f10, rmtp: 0)
             exe-1050289 [003] ..... 1637105.200919: sys_ptrace(request: 4205, pid: 10071e, addr: 1, data: c0022e7c70)
             exe-1050289 [003] ..... 1637105.200924: sys_ptrace -> 0x0
             exe-1050289 [003] ..... 1637105.200926: sys_ptrace(request: 4205, pid: 10071e, addr: 202, data: c0022e7c70)
             exe-1050289 [003] ..... 1637105.200946: sys_ptrace -> 0x0
             exe-1050289 [003] ..... 1637105.200948: sys_ptrace(request: 1f, pid: 10071e, addr: 0, data: 0)
             exe-1049673 [002] ..... 1637105.200950: sys_nanosleep -> 0x0
             exe-1049673 [002] ..... 1637105.200952: sys_nanosleep(rqtp: c000069f10, rmtp: 0)
             exe-1050289 [003] .N... 1637105.200979: sys_ptrace -> 0x0
             exe-1050398 [003] ..... 1637105.201023: sys_timerfd_settime -> 0xffffffffffffffea
             exe-1049673 [002] ..... 1637105.201037: sys_nanosleep -> 0x0
             exe-1049673 [002] ..... 1637105.201039: sys_nanosleep(rqtp: c000069f10, rmtp: 0)
             exe-1050289 [003] ..... 1637105.201051: sys_wait4(upid: 10071e, stat_addr: c0022e7bf4, options: 40000002, ru: 0)
             exe-1050289 [003] ..... 1637105.201055: sys_wait4 -> 0x10071e
             exe-1050289 [003] ..... 1637105.201058: sys_ptrace(request: 4204, pid: 10071e, addr: 1, data: c0022e7c70)
             exe-1050289 [003] ..... 1637105.201064: sys_ptrace -> 0x0
             exe-1050289 [003] ..... 1637105.201065: sys_ptrace(request: 4204, pid: 10071e, addr: 202, data: c0022e7c70)
             exe-1050289 [003] ..... 1637105.201098: sys_ptrace -> 0x0
             exe-1049567 [002] ..... 1637105.201135: sys_nanosleep -> 0x0
             exe-1049567 [002] ..... 1637105.201140: sys_nanosleep(rqtp: c000069f10, rmtp: 0)
             exe-1049673 [002] ..... 1637105.201162: sys_nanosleep -> 0x0
             exe-1050289 [003] ..... 1637105.201164: sys_pwrite64(fd: 63, buf: 7fd66ed92080, count: 49, pos: 4b)
             exe-1049673 [002] ..... 1637105.201167: sys_nanosleep(rqtp: c000069f10, rmtp: 0)
             exe-1050289 [003] ..... 1637105.201168: tracing_mark_write: timerfd_settime(ufd=10, flags=0x80000, utmr=0x8, otmr=0x7f194b4ff000) end
             exe-1050289 [003] ..... 1637105.258256: tracing_mark_write: timerfd_settime(ufd=17, flags=0x80000, utmr=0x7f194b83a000, otmr=0x7f194b83a004) start
             exe-1050289 [003] ..... 1637105.258257: sys_pwrite64 -> 0x56
             exe-1050289 [003] ..... 1637105.258263: sys_ptrace(request: 4205, pid: 10071e, addr: 1, data: c0022e7c70)
             exe-1050289 [003] ..... 1637105.258265: sys_ptrace -> 0x0
             exe-1050289 [003] ..... 1637105.258266: sys_ptrace(request: 4205, pid: 10071e, addr: 202, data: c0022e7c70)
             exe-1050289 [003] ..... 1637105.258277: sys_ptrace -> 0x0
             exe-1050289 [003] ..... 1637105.258279: sys_ptrace(request: 1f, pid: 10071e, addr: 0, data: 0)
             exe-1050289 [003] .N... 1637105.258286: sys_ptrace -> 0x0
             exe-1050398 [003] ..... 1637105.258296: sys_write -> 0x56
             exe-1050289 [003] ..... 1637105.258313: sys_wait4(upid: 10071e, stat_addr: c0022e7bf4, options: 40000002, ru: 0)
             exe-1050289 [003] ..... 1637105.258315: sys_wait4 -> 0x10071e
             exe-1050289 [003] ..... 1637105.258317: sys_ptrace(request: 4204, pid: 10071e, addr: 1, data: c0022e7c70)
             exe-1049567 [002] ..... 1637105.258318: sys_nanosleep -> 0x0
             exe-1050289 [003] ..... 1637105.258320: sys_ptrace -> 0x0
             exe-1050289 [003] ..... 1637105.258322: sys_ptrace(request: 4204, pid: 10071e, addr: 202, data: c0022e7c70)
             exe-1049567 [002] ..... 1637105.258323: sys_nanosleep(rqtp: c000069f10, rmtp: 0)
             exe-1050289 [003] ..... 1637105.258324: sys_ptrace -> 0x0
             exe-1050289 [003] ..... 1637105.258330: sys_ptrace(request: 4205, pid: 10071e, addr: 1, data: c0022e7c70)
             exe-1050289 [003] ..... 1637105.258333: sys_ptrace -> 0x0
             exe-1050289 [003] ..... 1637105.258334: sys_ptrace(request: 4205, pid: 10071e, addr: 202, data: c0022e7c70)
             exe-1049673 [002] ..... 1637105.258340: sys_nanosleep -> 0x0
             exe-1050289 [003] ..... 1637105.258343: sys_ptrace -> 0x0
             exe-1050289 [003] ..... 1637105.258344: sys_ptrace(request: 1f, pid: 10071e, addr: 0, data: 0)
             exe-1049673 [002] ..... 1637105.258346: sys_nanosleep(rqtp: c000069f10, rmtp: 0)
             exe-1050289 [003] .N... 1637105.258352: sys_ptrace -> 0x0
             exe-1050398 [003] ..... 1637105.258361: sys_timerfd_settime -> 0xffffffffffffffea
             exe-1050289 [003] ..... 1637105.258378: sys_wait4(upid: 10071e, stat_addr: c0022e7bf4, options: 40000002, ru: 0)
             exe-1050289 [003] ..... 1637105.258381: sys_wait4 -> 0x10071e
             exe-1050289 [003] ..... 1637105.258383: sys_ptrace(request: 4204, pid: 10071e, addr: 1, data: c0022e7c70)
             exe-1050289 [003] ..... 1637105.258387: sys_ptrace -> 0x0
             exe-1050289 [003] ..... 1637105.258388: sys_ptrace(request: 4204, pid: 10071e, addr: 202, data: c0022e7c70)
             exe-1050289 [003] ..... 1637105.258390: sys_ptrace -> 0x0
             exe-1050289 [003] ..... 1637105.258399: sys_pwrite64(fd: 63, buf: 7fd66ed92080, count: 54, pos: 56)
             exe-1050289 [003] ..... 1637105.258401: tracing_mark_write: timerfd_settime(ufd=17, flags=0x80000, utmr=0x7f194b83a000, otmr=0x7f194b83a004) end
             exe-1050289 [002] ..... 1637105.326410: tracing_mark_write: timerfd_settime(ufd=17, flags=0x80000, utmr=0x8, otmr=0x7f1949800000) start
             exe-1050289 [002] ..... 1637105.326412: sys_pwrite64 -> 0x4b
             exe-1050289 [002] ..... 1637105.326417: sys_ptrace(request: 4205, pid: 10071e, addr: 1, data: c0022e7c70)
             exe-1050289 [002] ..... 1637105.326419: sys_ptrace -> 0x0
             exe-1050289 [002] ..... 1637105.326421: sys_ptrace(request: 4205, pid: 10071e, addr: 202, data: c0022e7c70)
             exe-1050289 [002] ..... 1637105.326429: sys_ptrace -> 0x0
             exe-1050289 [002] ..... 1637105.326431: sys_ptrace(request: 1f, pid: 10071e, addr: 0, data: 0)
             exe-1050289 [002] ..... 1637105.326438: sys_ptrace -> 0x0
             exe-1050289 [002] ..... 1637105.326440: sys_wait4(upid: 10071e, stat_addr: c0022e7bf4, options: 40000002, ru: 0)
             exe-1050398 [000] ..... 1637105.326456: sys_write -> 0x4b
             exe-1050289 [002] ..... 1637105.326472: sys_wait4 -> 0x10071e
             exe-1050289 [002] ..... 1637105.326474: sys_ptrace(request: 4204, pid: 10071e, addr: 1, data: c0022e7c70)
             exe-1050289 [002] ..... 1637105.326476: sys_ptrace -> 0x0
             exe-1050289 [002] ..... 1637105.326478: sys_ptrace(request: 4204, pid: 10071e, addr: 202, data: c0022e7c70)
             exe-1050289 [002] ..... 1637105.326480: sys_ptrace -> 0x0
             exe-1050289 [002] ..... 1637105.326484: sys_ptrace(request: 4205, pid: 10071e, addr: 1, data: c0022e7c70)
             exe-1050289 [002] ..... 1637105.326487: sys_ptrace -> 0x0
             exe-1050289 [002] ..... 1637105.326488: sys_ptrace(request: 4205, pid: 10071e, addr: 202, data: c0022e7c70)
             exe-1050289 [002] ..... 1637105.326494: sys_ptrace -> 0x0
             exe-1050289 [002] ..... 1637105.326496: sys_ptrace(request: 1f, pid: 10071e, addr: 0, data: 0)
             exe-1050289 [002] ..... 1637105.326501: sys_ptrace -> 0x0
             exe-1050289 [002] ..... 1637105.326503: sys_wait4(upid: 10071e, stat_addr: c0022e7bf4, options: 40000002, ru: 0)
             exe-1050398 [000] ..... 1637105.326509: sys_timerfd_settime -> 0xffffffffffffffea
             exe-1050289 [002] ..... 1637105.326523: sys_wait4 -> 0x10071e
             exe-1050289 [002] ..... 1637105.326525: sys_ptrace(request: 4204, pid: 10071e, addr: 1, data: c0022e7c70)
             exe-1050289 [002] ..... 1637105.326528: sys_ptrace -> 0x0
             exe-1050289 [002] ..... 1637105.326529: sys_ptrace(request: 4204, pid: 10071e, addr: 202, data: c0022e7c70)
             exe-1050289 [002] ..... 1637105.326531: sys_ptrace -> 0x0
             exe-1050289 [002] ..... 1637105.326537: sys_pwrite64(fd: 63, buf: 7fd66ed92080, count: 49, pos: 4b)
             exe-1050289 [002] ..... 1637105.326557: tracing_mark_write: timerfd_settime(ufd=17, flags=0x80000, utmr=0x8, otmr=0x7f1949800000) end
             exe-1050289 [002] ..... 1637105.409824: tracing_mark_write: timerfd_settime(ufd=17, flags=0x80000, utmr=0x4, otmr=0x7f194b828000) start
             exe-1050289 [002] ..... 1637105.409826: sys_pwrite64 -> 0x4b
             exe-1050289 [002] ..... 1637105.409834: sys_ptrace(request: 4205, pid: 10071e, addr: 1, data: c0022e7c70)
             exe-1050289 [002] ..... 1637105.409838: sys_ptrace -> 0x0
             exe-1050289 [002] ..... 1637105.409839: sys_ptrace(request: 4205, pid: 10071e, addr: 202, data: c0022e7c70)
             exe-1050289 [002] ..... 1637105.409853: sys_ptrace -> 0x0
             exe-1050289 [002] ..... 1637105.409855: sys_ptrace(request: 1f, pid: 10071e, addr: 0, data: 0)
             exe-1050289 [002] ..... 1637105.409867: sys_ptrace -> 0x0
             exe-1050289 [002] ..... 1637105.409870: sys_wait4(upid: 10071e, stat_addr: c0022e7bf4, options: 40000002, ru: 0)
             exe-1050398 [000] ..... 1637105.409888: sys_write -> 0x4b
             exe-1050289 [002] ..... 1637105.409915: sys_wait4 -> 0x10071e
             exe-1050289 [002] ..... 1637105.409917: sys_ptrace(request: 4204, pid: 10071e, addr: 1, data: c0022e7c70)
             exe-1050289 [002] ..... 1637105.409920: sys_ptrace -> 0x0
             exe-1050289 [002] ..... 1637105.409922: sys_ptrace(request: 4204, pid: 10071e, addr: 202, data: c0022e7c70)
