             exe-1049673 [000] ..... 1637153.501418: sys_nanosleep(rqtp: c000069f10, rmtp: 0)
             exe-1050008 [002] ..... 1637153.501420: sys_ptrace(request: 4204, pid: 1005d0, addr: 202, data: c000699c70)
             exe-1050008 [002] ..... 1637153.501422: sys_ptrace -> 0x0
             exe-1049567 [003] ..... 1637153.501428: sys_nanosleep -> 0x0
             exe-1049567 [003] ..... 1637153.501433: sys_nanosleep(rqtp: c000069f10, rmtp: 0)
             exe-1050008 [002] ..... 1637153.501440: sys_pwrite64(fd: 63, buf: 7fd66ed9c080, count: 41, pos: 43)
             exe-1050008 [002] ..... 1637153.501443: tracing_mark_write: umount(name="/victims/usr/lib/systemd", flags=0x7fa0f8e19ce1) end
             exe-1050008 [002] ..... 1637153.574986: tracing_mark_write: umount(name="/victims/usr/share/perl/5.34.0/unicore/lib/BidiM", flags=0x7fa0f8e19ce1) start
             exe-1049688 [000] ..... 1637153.574986: sys_futex(uaddr: c00005b148, op: 80, val: 0, utime: 0, uaddr2: 0, val3: 0)
             exe-1050008 [002] ..... 1637153.574988: sys_pwrite64 -> 0x5b
             exe-1049673 [000] ..... 1637153.574995: sys_nanosleep(rqtp: c000069f10, rmtp: 0)
             exe-1050008 [002] ..... 1637153.574997: sys_ptrace(request: 4205, pid: 1005d0, addr: 1, data: c000699c70)
             exe-1050008 [002] ..... 1637153.575000: sys_ptrace -> 0x0
             exe-1050008 [002] ..... 1637153.575002: sys_ptrace(request: 4205, pid: 1005d0, addr: 202, data: c000699c70)
             exe-1050008 [002] ..... 1637153.575016: sys_ptrace -> 0x0
             exe-1050008 [002] ..... 1637153.575018: sys_ptrace(request: 1f, pid: 1005d0, addr: 0, data: 0)
             exe-1050008 [002] ..... 1637153.575027: sys_ptrace -> 0x0
             exe-1050008 [002] ..... 1637153.575029: sys_wait4(upid: 1005d0, stat_addr: c000699bf4, options: 40000002, ru: 0)
             exe-1050064 [000] ..... 1637153.575045: sys_write -> 0x5b
             exe-1050008 [002] ..... 1637153.575076: sys_wait4 -> 0x1005d0
             exe-1050008 [002] ..... 1637153.575079: sys_ptrace(request: 4204, pid: 1005d0, addr: 1, data: c000699c70)
             exe-1050008 [002] ..... 1637153.575085: sys_ptrace -> 0x0
             exe-1050008 [002] ..... 1637153.575086: sys_ptrace(request: 4204, pid: 1005d0, addr: 202, data: c000699c70)
             exe-1050008 [002] ..... 1637153.575092: sys_ptrace -> 0x0
             exe-1050008 [002] ..... 1637153.575097: sys_ptrace(request: 4205, pid: 1005d0, addr: 1, data: c000699c70)
             exe-1050008 [002] ..... 1637153.575100: sys_ptrace -> 0x0
             exe-1050008 [002] ..... 1637153.575101: sys_ptrace(request: 4205, pid: 1005d0, addr: 202, data: c000699c70)
             exe-1049673 [000] ..... 1637153.575110: sys_nanosleep -> 0x0
             exe-1050008 [002] ..... 1637153.575116: sys_ptrace -> 0x0
             exe-1050008 [002] ..... 1637153.575117: sys_ptrace(request: 1f, pid: 1005d0, addr: 0, data: 0)
             exe-1049673 [000] ..... 1637153.575121: sys_futex(uaddr: 1f09dc0, op: 80, val: 0, utime: c000069eb0, uaddr2: 0, val3: 0)
             exe-1050008 [002] ..... 1637153.575123: sys_ptrace -> 0x0
             exe-1050008 [002] ..... 1637153.575125: sys_wait4(upid: 1005d0, stat_addr: c000699bf4, options: 40000002, ru: 0)
             exe-1049567 [003] ..... 1637153.575132: sys_nanosleep -> 0x0
             exe-1049567 [003] ..... 1637153.575139: sys_nanosleep(rqtp: c000069f10, rmtp: 0)
             exe-1050064 [000] ..... 1637153.575148: sys_umount -> 0xffffffffffffffff
             exe-1050008 [002] ..... 1637153.575174: sys_wait4 -> 0x1005d0
             exe-1050008 [002] ..... 1637153.575176: sys_ptrace(request: 4204, pid: 1005d0, addr: 1, data: c000699c70)
             exe-1050008 [002] ..... 1637153.575178: sys_ptrace -> 0x0
             exe-1050008 [002] ..... 1637153.575180: sys_ptrace(request: 4204, pid: 1005d0, addr: 202, data: c000699c70)
             exe-1050008 [002] ..... 1637153.575181: sys_ptrace -> 0x0
             exe-1050008 [002] ..... 1637153.575189: sys_pwrite64(fd: 63, buf: 7fd66ed9c080, count: 59, pos: 5b)
             exe-1050008 [002] ..... 1637153.575190: tracing_mark_write: umount(name="/victims/usr/share/perl/5.34.0/unicore/lib/BidiM", flags=0x7fa0f8e19ce1) end
             exe-1050008 [002] ..... 1637153.651428: tracing_mark_write: umount(name="/victims/proc/self/root/usr/lib/x86_64-linux-gnu/perl-base/unicore/lib/Lb", flags=0x7fa0f8e19ce1) start
             exe-1050008 [002] ..... 1637153.651430: sys_pwrite64 -> 0x74
             exe-1050008 [002] ..... 1637153.651437: sys_ptrace(request: 4205, pid: 1005d0, addr: 1, data: c000699c70)
             exe-1049567 [001] ..... 1637153.651459: sys_nanosleep -> 0x0
             exe-1049567 [001] ..... 1637153.651461: sys_nanosleep(rqtp: c000069f10, rmtp: 0)
             exe-1050008 [002] .N... 1637153.651470: sys_ptrace -> 0x0
             exe-1050008 [002] ..... 1637153.651515: sys_ptrace(request: 4205, pid: 1005d0, addr: 202, data: c000699c70)
             exe-1050008 [002] ..... 1637153.651531: sys_ptrace -> 0x0
             exe-1050008 [002] ..... 1637153.651533: sys_ptrace(request: 1f, pid: 1005d0, addr: 0, data: 0)
             exe-1050008 [002] ..... 1637153.651548: sys_ptrace -> 0x0
             exe-1050008 [002] ..... 1637153.651552: sys_wait4(upid: 1005d0, stat_addr: c000699bf4, options: 40000002, ru: 0)
             exe-1050064 [000] ..... 1637153.651572: sys_write -> 0x74
             exe-1050008 [002] ..... 1637153.651626: sys_wait4 -> 0x1005d0
             exe-1050008 [002] ..... 1637153.651632: sys_ptrace(request: 4204, pid: 1005d0, addr: 1, data: c000699c70)
             exe-1050008 [002] ..... 1637153.651637: sys_ptrace -> 0x0
             exe-1050008 [002] ..... 1637153.651639: sys_ptrace(request: 4204, pid: 1005d0, addr: 202, data: c000699c70)
             exe-1050008 [002] ..... 1637153.651642: sys_ptrace -> 0x0
             exe-1050008 [002] ..... 1637153.651651: sys_ptrace(request: 4205, pid: 1005d0, addr: 1, data: c000699c70)
             exe-1050008 [002] ..... 1637153.651654: sys_ptrace -> 0x0
             exe-1050008 [002] ..... 1637153.651655: sys_ptrace(request: 4205, pid: 1005d0, addr: 202, data: c000699c70)
             exe-1050008 [002] ..... 1637153.651668: sys_ptrace -> 0x0
             exe-1050008 [002] ..... 1637153.651670: sys_ptrace(request: 1f, pid: 1005d0, addr: 0, data: 0)
             exe-1049567 [001] ..... 1637153.651702: sys_nanosleep -> 0x0
             exe-1050064 [000] ..... 1637153.651703: sys_umount -> 0xffffffffffffffff
             exe-1049567 [001] ..... 1637153.651704: sys_nanosleep(rqtp: c000069f10, rmtp: 0)
             exe-1050008 [002] .N... 1637153.651708: sys_ptrace -> 0x0
             exe-1050008 [002] ..... 1637153.651754: sys_wait4(upid: 1005d0, stat_addr: c000699bf4, options: 40000002, ru: 0)
             exe-1050008 [002] ..... 1637153.651757: sys_wait4 -> 0x1005d0
             exe-1050008 [002] ..... 1637153.651760: sys_ptrace(request: 4204, pid: 1005d0, addr: 1, data: c000699c70)
             exe-1050008 [002] ..... 1637153.651764: sys_ptrace -> 0x0
             exe-1050008 [002] ..... 1637153.651766: sys_ptrace(request: 4204, pid: 1005d0, addr: 202, data: c000699c70)
             exe-1050008 [002] ..... 1637153.651769: sys_ptrace -> 0x0
             exe-1050008 [002] ..... 1637153.651786: sys_pwrite64(fd: 63, buf: 7fd66ed9c080, count: 72, pos: 74)
             exe-1050008 [002] ..... 1637153.651788: tracing_mark_write: umount(name="/victims/proc/self/root/usr/lib/x86_64-linux-gnu/perl-base/unicore/lib/Lb", flags=0x7fa0f8e19ce1) end
             exe-1050008 [002] ..... 1637153.727247: tracing_mark_write: umount(name="/victims/usr/lib/x86_64-linux-gnu/perl-base/unicore/lib/DI", flags=0x7fa0f8e19ce1) start
             exe-1050008 [002] ..... 1637153.727249: sys_pwrite64 -> 0x65
             exe-1050008 [002] ..... 1637153.727337: sys_ptrace(request: 4205, pid: 1005d0, addr: 1, data: c000699c70)
             exe-1050008 [002] ..... 1637153.727342: sys_ptrace -> 0x0
             exe-1050008 [002] ..... 1637153.727344: sys_ptrace(request: 4205, pid: 1005d0, addr: 202, data: c000699c70)
             exe-1050008 [002] ..... 1637153.727358: sys_ptrace -> 0x0
             exe-1050008 [002] ..... 1637153.727360: sys_ptrace(request: 1f, pid: 1005d0, addr: 0, data: 0)
             exe-1050008 [002] .N... 1637153.727404: sys_ptrace -> 0x0
             exe-1050064 [000] ..... 1637153.727406: sys_write -> 0x65
             exe-1049567 [003] ..... 1637153.727411: sys_nanosleep -> 0x0
             exe-1049567 [003] ..... 1637153.727420: sys_getpid()
             exe-1049567 [003] ..... 1637153.727423: sys_getpid -> 0x1003ce
             exe-1049567 [003] ..... 1637153.727426: sys_tgkill(tgid: 1003ce, pid: 100598, sig: 17)
             exe-1050008 [002] ..... 1637153.727452: sys_futex(uaddr: c0049c7548, op: 81, val: 1, utime: 0, uaddr2: 0, val3: 0)
             exe-1050008 [002] ..... 1637153.727467: sys_futex -> 0x1
             exe-1050008 [002] ..... 1637153.727469: sys_futex(uaddr: c000435948, op: 80, val: 0, utime: 0, uaddr2: 0, val3: 0)
             exe-1049567 [003] .N... 1637153.727494: sys_tgkill -> 0x0
             exe-1050289 [003] ..... 1637153.727499: sys_futex -> 0x0
             exe-1050008 [002] ..... 1637153.727502: sys_futex -> 0xfffffffffffffe00
             exe-1050289 [003] ..... 1637153.727508: sys_futex(uaddr: c000435948, op: 81, val: 1, utime: 0, uaddr2: 0, val3: 0)
             exe-1050289 [003] ..... 1637153.727509: sys_futex -> 0x0
             exe-1050289 [003] ..... 1637153.727511: sys_futex(uaddr: c0049c7548, op: 80, val: 0, utime: 0, uaddr2: 0, val3: 0)
             exe-1050008 [002] ..... 1637153.727519: sys_rt_sigreturn()
             exe-1049567 [003] ..... 1637153.727519: sys_nanosleep(rqtp: c000069f10, rmtp: 0)
             exe-1050008 [002] ..... 1637153.727523: sys_futex(uaddr: c000435948, op: 80, val: 0, utime: 0, uaddr2: 0, val3: 0)
             exe-1050008 [002] ..... 1637153.727524: sys_futex -> 0xfffffffffffffff5
             exe-1050008 [002] ..... 1637153.727528: sys_wait4(upid: 1005d0, stat_addr: c000699bf4, options: 40000002, ru: 0)
             exe-1050008 [002] ..... 1637153.727531: sys_wait4 -> 0x1005d0
             exe-1050008 [002] ..... 1637153.727534: sys_ptrace(request: 4204, pid: 1005d0, addr: 1, data: c000699c70)
             exe-1050008 [002] ..... 1637153.727538: sys_ptrace -> 0x0
             exe-1050008 [002] ..... 1637153.727540: sys_ptrace(request: 4204, pid: 1005d0, addr: 202, data: c000699c70)
             exe-1050008 [002] ..... 1637153.727542: sys_ptrace -> 0x0
             exe-1050008 [002] ..... 1637153.727552: sys_ptrace(request: 4205, pid: 1005d0, addr: 1, data: c000699c70)
             exe-1050008 [002] ..... 1637153.727554: sys_ptrace -> 0x0
             exe-1050008 [002] ..... 1637153.727556: sys_ptrace(request: 4205, pid: 1005d0, addr: 202, data: c000699c70)
             exe-1050008 [002] ..... 1637153.727569: sys_ptrace -> 0x0
             exe-1050008 [002] ..... 1637153.727571: sys_ptrace(request: 1f, pid: 1005d0, addr: 0, data: 0)
             exe-1050008 [002] ..... 1637153.727579: sys_ptrace -> 0x0
             exe-1050008 [002] ..... 1637153.727581: sys_wait4(upid: 1005d0, stat_addr: c000699bf4, options: 40000002, ru: 0)
             exe-1050064 [000] ..... 1637153.727585: sys_umount -> 0xffffffffffffffff
             exe-1050008 [002] ..... 1637153.727604: sys_wait4 -> 0x1005d0
             exe-1050008 [002] ..... 1637153.727607: sys_ptrace(request: 4204, pid: 1005d0, addr: 1, data: c000699c70)
             exe-1050008 [002] ..... 1637153.727610: sys_ptrace -> 0x0
             exe-1050008 [002] ..... 1637153.727611: sys_ptrace(request: 4204, pid: 1005d0, addr: 202, data: c000699c70)
             exe-1050008 [002] ..... 1637153.727614: sys_ptrace -> 0x0
             exe-1050008 [002] ..... 1637153.727629: sys_pwrite64(fd: 63, buf: 7fd66ed9c080, count: 63, pos: 65)
             exe-1050008 [002] ..... 1637153.727632: tracing_mark_write: umount(name="/victims/usr/lib/x86_64-linux-gnu/perl-base/unicore/lib/DI", flags=0x7fa0f8e19ce1) end
             exe-1050008 [003] ..... 1637153.826134: tracing_mark_write: umount(name="/victims/usr/share/base-files", flags=0x7fa0f8e19ce1) start
             exe-1050008 [003] ..... 1637153.826135: sys_pwrite64 -> 0x48
             exe-1050008 [003] ..... 1637153.826139: sys_ptrace(request: 4205, pid: 1005d0, addr: 1, data: c000699c70)
             exe-1050008 [003] ..... 1637153.826140: sys_ptrace -> 0x0
             exe-1050008 [003] ..... 1637153.826141: sys_ptrace(request: 4205, pid: 1005d0, addr: 202, data: c000699c70)
             exe-1050008 [003] ..... 1637153.826148: sys_ptrace -> 0x0
             exe-1050008 [003] ..... 1637153.826149: sys_ptrace(request: 1f, pid: 1005d0, addr: 0, data: 0)
             exe-1049673 [002] ..... 1637153.826150: sys_nanosleep -> 0x0
             exe-1049673 [002] ..... 1637153.826151: sys_nanosleep(rqtp: c000069f10, rmtp: 0)
             exe-1050008 [003] ..... 1637153.826153: sys_ptrace -> 0x0
             exe-1050008 [003] ..... 1637153.826155: sys_wait4(upid: 1005d0, stat_addr: c000699bf4, options: 40000002, ru: 0)
             exe-1050064 [003] ..... 1637153.826162: sys_write -> 0x48
             exe-1050008 [003] ..... 1637153.826173: sys_wait4 -> 0x1005d0
             exe-1050008 [003] ..... 1637153.826175: sys_ptrace(request: 4204, pid: 1005d0, addr: 1, data: c000699c70)
             exe-1050008 [003] ..... 1637153.826177: sys_ptrace -> 0x0
             exe-1050008 [003] ..... 1637153.826178: sys_ptrace(request: 4204, pid: 1005d0, addr: 202, data: c000699c70)
             exe-1050008 [003] ..... 1637153.826180: sys_ptrace -> 0x0
             exe-1050008 [003] ..... 1637153.826195: sys_ptrace(request: 4205, pid: 1005d0, addr: 1, data: c000699c70)
             exe-1050008 [003] ..... 1637153.826196: sys_ptrace -> 0x0
             exe-1050008 [003] ..... 1637153.826197: sys_ptrace(request: 4205, pid: 1005d0, addr: 202, data: c000699c70)
             exe-1050008 [003] ..... 1637153.826204: sys_ptrace -> 0x0
             exe-1050008 [003] ..... 1637153.826205: sys_ptrace(request: 1f, pid: 1005d0, addr: 0, data: 0)
             exe-1050008 [003] ..... 1637153.826209: sys_ptrace -> 0x0
             exe-1050008 [003] ..... 1637153.826210: sys_wait4(upid: 1005d0, stat_addr: c000699bf4, options: 40000002, ru: 0)
             exe-1050064 [003] ..... 1637153.826218: sys_umount -> 0xffffffffffffffff
             exe-1050008 [003] ..... 1637153.826230: sys_wait4 -> 0x1005d0
             exe-1050008 [003] ..... 1637153.826232: sys_ptrace(request: 4204, pid: 1005d0, addr: 1, data: c000699c70)
             exe-1050008 [003] ..... 1637153.826234: sys_ptrace -> 0x0
             exe-1050008 [003] ..... 1637153.826235: sys_ptrace(request: 4204, pid: 1005d0, addr: 202, data: c000699c70)
             exe-1049673 [002] ..... 1637153.826236: sys_nanosleep -> 0x0
             exe-1050008 [003] ..... 1637153.826237: sys_ptrace -> 0x0
             exe-1049673 [002] ..... 1637153.826238: sys_nanosleep(rqtp: c000069f10, rmtp: 0)
             exe-1050008 [003] ..... 1637153.826243: sys_pwrite64(fd: 63, buf: 7fd66ed9c080, count: 46, pos: 48)
             exe-1050008 [003] ..... 1637153.826244: tracing_mark_write: umount(name="/victims/usr/share/base-files", flags=0x7fa0f8e19ce1) end
             exe-1050008 [003] ..... 1637153.900866: tracing_mark_write: umount(name="/victims/usr/share/doc/libxmuu1", flags=0x7fa0f8e19ce1) start
             exe-1050008 [003] ..... 1637153.900867: sys_pwrite64 -> 0x4a
             exe-1050008 [003] ..... 1637153.900874: sys_ptrace(request: 4205, pid: 1005d0, addr: 1, data: c000699c70)
             exe-1050008 [003] ..... 1637153.900876: sys_ptrace -> 0x0
             exe-1050008 [003] ..... 1637153.900877: sys_ptrace(request: 4205, pid: 1005d0, addr: 202, data: c000699c70)
             exe-1050008 [003] ..... 1637153.900888: sys_ptrace -> 0x0
             exe-1050008 [003] ..... 1637153.900890: sys_ptrace(request: 1f, pid: 1005d0, addr: 0, data: 0)
             exe-1050008 [003] .N... 1637153.900896: sys_ptrace -> 0x0
             exe-1049673 [000] ..... 1637153.900906: sys_nanosleep -> 0x0
             exe-1050064 [003] ..... 1637153.900907: sys_write -> 0x4a
             exe-1049673 [000] ..... 1637153.900908: sys_nanosleep(rqtp: c000069f10, rmtp: 0)
             exe-1050008 [003] ..... 1637153.900924: sys_wait4(upid: 1005d0, stat_addr: c000699bf4, options: 40000002, ru: 0)
             exe-1050008 [003] ..... 1637153.900927: sys_wait4 -> 0x1005d0
             exe-1050008 [003] ..... 1637153.900929: sys_ptrace(request: 4204, pid: 1005d0, addr: 1, data: c000699c70)
             exe-1050008 [003] ..... 1637153.900932: sys_ptrace -> 0x0
             exe-1050008 [003] ..... 1637153.900934: sys_ptrace(request: 4204, pid: 1005d0, addr: 202, data: c000699c70)
             exe-1050008 [003] ..... 1637153.900936: sys_ptrace -> 0x0
             exe-1050008 [003] ..... 1637153.900943: sys_ptrace(request: 4205, pid: 1005d0, addr: 1, data: c000699c70)
             exe-1050008 [003] ..... 1637153.900946: sys_ptrace -> 0x0
             exe-1050008 [003] ..... 1637153.900947: sys_ptrace(request: 4205, pid: 1005d0, addr: 202, data: c000699c70)
             exe-1050008 [003] ..... 1637153.900956: sys_ptrace -> 0x0
             exe-1050008 [003] ..... 1637153.900958: sys_ptrace(request: 1f, pid: 1005d0, addr: 0, data: 0)
             exe-1050008 [003] .N... 1637153.900964: sys_ptrace -> 0x0
             exe-1050064 [003] ..... 1637153.900974: sys_umount -> 0xffffffffffffffff
             exe-1049673 [000] ..... 1637153.900991: sys_nanosleep -> 0x0
             exe-1049673 [000] ..... 1637153.900992: sys_nanosleep(rqtp: c000069f10, rmtp: 0)
             exe-1050008 [003] ..... 1637153.900992: sys_wait4(upid: 1005d0, stat_addr: c000699bf4, options: 40000002, ru: 0)
             exe-1050008 [003] ..... 1637153.900995: sys_wait4 -> 0x1005d0
             exe-1050008 [003] ..... 1637153.900997: sys_ptrace(request: 4204, pid: 1005d0, addr: 1, data: c000699c70)
             exe-1050008 [003] ..... 1637153.901001: sys_ptrace -> 0x0
             exe-1050008 [003] ..... 1637153.901002: sys_ptrace(request: 4204, pid: 1005d0, addr: 202, data: c000699c70)
             exe-1050008 [003] ..... 1637153.901004: sys_ptrace -> 0x0
             exe-1050008 [003] ..... 1637153.901013: sys_pwrite64(fd: 63, buf: 7fd66ed9c080, count: 48, pos: 4a)
             exe-1050008 [003] ..... 1637153.901015: tracing_mark_write: umount(name="/victims/usr/share/doc/libxmuu1", flags=0x7fa0f8e19ce1) end
             exe-1050008 [003] ..... 1637153.971552: tracing_mark_write: umount(name="/victims/usr/lib/x86_64-linux-gnu/perl/5.34.0/auto/Math/BigInt", flags=0x7fa0f8e19ce1) start
             exe-1050008 [003] ..... 1637153.971554: sys_pwrite64 -> 0x69
             exe-1050008 [003] ..... 1637153.971591: sys_ptrace(request: 4205, pid: 1005d0, addr: 1, data: c000699c70)
             exe-1050008 [003] ..... 1637153.971594: sys_ptrace -> 0x0
             exe-1050008 [003] ..... 1637153.971595: sys_ptrace(request: 4205, pid: 1005d0, addr: 202, data: c000699c70)
             exe-1050008 [003] ..... 1637153.971612: sys_ptrace -> 0x0
             exe-1050008 [003] ..... 1637153.971614: sys_ptrace(request: 1f, pid: 1005d0, addr: 0, data: 0)
             exe-1050008 [003] .N... 1637153.971618: sys_ptrace -> 0x0
             exe-1050064 [003] ..... 1637153.971630: sys_write -> 0x69
             exe-1049673 [003] ..... 1637153.971650: sys_nanosleep -> 0x0
             exe-1049673 [003] ..... 1637153.971656: sys_nanosleep(rqtp: c000069f10, rmtp: 0)
             exe-1049673 [003] ..... 1637153.971901: sys_nanosleep -> 0x0
             exe-1049673 [003] ..... 1637153.971905: sys_nanosleep(rqtp: c000069f10, rmtp: 0)
             exe-1050008 [003] ..... 1637153.971933: sys_wait4(upid: 1005d0, stat_addr: c000699bf4, options: 40000002, ru: 0)
             exe-1050008 [003] ..... 1637153.971937: sys_wait4 -> 0x1005d0
             exe-1050008 [003] ..... 1637153.971940: sys_ptrace(request: 4204, pid: 1005d0, addr: 1, data: c000699c70)
             exe-1050008 [003] ..... 1637153.971945: sys_ptrace -> 0x0
             exe-1050008 [003] ..... 1637153.971946: sys_ptrace(request: 4204, pid: 1005d0, addr: 202, data: c000699c70)
             exe-1050008 [003] ..... 1637153.971949: sys_ptrace -> 0x0
             exe-1050008 [003] ..... 1637153.971957: sys_ptrace(request: 4205, pid: 1005d0, addr: 1, data: c000699c70)
             exe-1050008 [003] ..... 1637153.971960: sys_ptrace -> 0x0
             exe-1050008 [003] ..... 1637153.971961: sys_ptrace(request: 4205, pid: 1005d0, addr: 202, data: c000699c70)
             exe-1050008 [003] ..... 1637153.972006: sys_ptrace -> 0x0
             exe-1050008 [003] ..... 1637153.972009: sys_ptrace(request: 1f, pid: 1005d0, addr: 0, data: 0)
             exe-1050008 [003] .N... 1637153.972012: sys_ptrace -> 0x0
             exe-1050064 [003] ..... 1637153.972025: sys_umount -> 0xffffffffffffffff
             exe-1049673 [003] ..... 1637153.972047: sys_nanosleep -> 0x0
             exe-1049673 [003] ..... 1637153.972053: sys_nanosleep(rqtp: c000069f10, rmtp: 0)
             exe-1049567 [000] ..... 1637153.972076: sys_nanosleep -> 0x0
             exe-1049567 [000] ..... 1637153.972082: sys_nanosleep(rqtp: c000069f10, rmtp: 0)
             exe-1050008 [003] ..... 1637153.972083: sys_wait4(upid: 1005d0, stat_addr: c000699bf4, options: 40000002, ru: 0)
             exe-1050008 [003] ..... 1637153.972087: sys_wait4 -> 0x1005d0
             exe-1050008 [003] ..... 1637153.972090: sys_ptrace(request: 4204, pid: 1005d0, addr: 1, data: c000699c70)
             exe-1050008 [003] ..... 1637153.972094: sys_ptrace -> 0x0
             exe-1050008 [003] ..... 1637153.972096: sys_ptrace(request: 4204, pid: 1005d0, addr: 202, data: c000699c70)
             exe-1050008 [003] ..... 1637153.972099: sys_ptrace -> 0x0
             exe-1050008 [003] ..... 1637153.972113: sys_pwrite64(fd: 63, buf: 7fd66ed9c080, count: 67, pos: 69)
             exe-1050008 [003] ..... 1637153.972116: tracing_mark_write: umount(name="/victims/usr/lib/x86_64-linux-gnu/perl/5.34.0/auto/Math/BigInt", flags=0x7fa0f8e19ce1) end
             exe-1050008 [003] ..... 1637154.040183: tracing_mark_write: umount(name="/victims/proc/self/root/usr/lib/python3.10/multiprocessing", flags=0x7fa0f8e19ce1) start
             exe-1050008 [003] ..... 1637154.040185: sys_pwrite64 -> 0x65
             exe-1049673 [002] ..... 1637154.040188: sys_nanosleep -> 0x0
             exe-1050008 [003] ..... 1637154.040192: sys_ptrace(request: 4205, pid: 1005d0, addr: 1, data: c000699c70)
             exe-1049673 [002] ..... 1637154.040192: sys_futex(uaddr: 1f09dc0, op: 80, val: 0, utime: c000069eb0, uaddr2: 0, val3: 0)
             exe-1050008 [003] ..... 1637154.040195: sys_ptrace -> 0x0
             exe-1050008 [003] ..... 1637154.040196: sys_ptrace(request: 4205, pid: 1005d0, addr: 202, data: c000699c70)
             exe-1050008 [003] ..... 1637154.040207: sys_ptrace -> 0x0
             exe-1050008 [003] ..... 1637154.040208: sys_ptrace(request: 1f, pid: 1005d0, addr: 0, data: 0)
             exe-1050008 [003] .N... 1637154.040217: sys_ptrace -> 0x0
             exe-1050064 [003] ..... 1637154.040228: sys_write -> 0x65
             exe-1050008 [003] ..... 1637154.040248: sys_wait4(upid: 1005d0, stat_addr: c000699bf4, options: 40000002, ru: 0)
             exe-1050008 [003] ..... 1637154.040250: sys_wait4 -> 0x1005d0
             exe-1050008 [003] ..... 1637154.040253: sys_ptrace(request: 4204, pid: 1005d0, addr: 1, data: c000699c70)
             exe-1050008 [003] ..... 1637154.040257: sys_ptrace -> 0x0
             exe-1050008 [003] ..... 1637154.040258: sys_ptrace(request: 4204, pid: 1005d0, addr: 202, data: c000699c70)
             exe-1050008 [003] ..... 1637154.040261: sys_ptrace -> 0x0
             exe-1050008 [003] ..... 1637154.040267: sys_ptrace(request: 4205, pid: 1005d0, addr: 1, data: c000699c70)
             exe-1050008 [003] ..... 1637154.040269: sys_ptrace -> 0x0
             exe-1050008 [003] ..... 1637154.040271: sys_ptrace(request: 4205, pid: 1005d0, addr: 202, data: c000699c70)
             exe-1050008 [003] ..... 1637154.040281: sys_ptrace -> 0x0
             exe-1050008 [003] ..... 1637154.040283: sys_ptrace(request: 1f, pid: 1005d0, addr: 0, data: 0)
             exe-1050008 [003] .N... 1637154.040289: sys_ptrace -> 0x0
             exe-1050064 [003] ..... 1637154.040300: sys_umount -> 0xffffffffffffffff
             exe-1050008 [003] ..... 1637154.040319: sys_wait4(upid: 1005d0, stat_addr: c000699bf4, options: 40000002, ru: 0)
             exe-1050008 [003] ..... 1637154.040321: sys_wait4 -> 0x1005d0
             exe-1050008 [003] ..... 1637154.040324: sys_ptrace(request: 4204, pid: 1005d0, addr: 1, data: c000699c70)
             exe-1050008 [003] ..... 1637154.040328: sys_ptrace -> 0x0
             exe-1050008 [003] ..... 1637154.040329: sys_ptrace(request: 4204, pid: 1005d0, addr: 202, data: c000699c70)
             exe-1050008 [003] ..... 1637154.040332: sys_ptrace -> 0x0
             exe-1050008 [003] ..... 1637154.040341: sys_pwrite64(fd: 63, buf: 7fd66ed9c080, count: 63, pos: 65)
             exe-1050008 [003] ..... 1637154.040342: tracing_mark_write: umount(name="/victims/proc/self/root/usr/lib/python3.10/multiprocessing", flags=0x7fa0f8e19ce1) end
             exe-1050008 [003] ..... 1637154.113524: tracing_mark_write: umount(name="/victims/proc/self/root/usr/share/vim/vim82/lang/lv", flags=0x7fa0f8e19ce1) start
             exe-1050008 [003] ..... 1637154.113526: sys_pwrite64 -> 0x5e
             exe-1050008 [003] ..... 1637154.113533: sys_ptrace(request: 4205, pid: 1005d0, addr: 1, data: c000699c70)
             exe-1050008 [003] ..... 1637154.113536: sys_ptrace -> 0x0
             exe-1050008 [003] ..... 1637154.113538: sys_ptrace(request: 4205, pid: 1005d0, addr: 202, data: c000699c70)
             exe-1050008 [003] ..... 1637154.113549: sys_ptrace -> 0x0
             exe-1050008 [003] ..... 1637154.113551: sys_ptrace(request: 1f, pid: 1005d0, addr: 0, data: 0)
             exe-1050008 [003] .N... 1637154.113558: sys_ptrace -> 0x0
             exe-1049567 [000] ..... 1637154.113565: sys_nanosleep -> 0x0
             exe-1049567 [000] ..... 1637154.113567: sys_nanosleep(rqtp: c000069f10, rmtp: 0)
             exe-1050064 [003] ..... 1637154.113569: sys_write -> 0x5e
             exe-1050008 [003] ..... 1637154.113589: sys_wait4(upid: 1005d0, stat_addr: c000699bf4, options: 40000002, ru: 0)
             exe-1050008 [003] ..... 1637154.113592: sys_wait4 -> 0x1005d0
             exe-1050008 [003] ..... 1637154.113594: sys_ptrace(request: 4204, pid: 1005d0, addr: 1, data: c000699c70)
             exe-1050008 [003] ..... 1637154.113598: sys_ptrace -> 0x0
             exe-1050008 [003] ..... 1637154.113600: sys_ptrace(request: 4204, pid: 1005d0, addr: 202, data: c000699c70)
             exe-1050008 [003] ..... 1637154.113603: sys_ptrace -> 0x0
             exe-1050008 [003] ..... 1637154.113609: sys_ptrace(request: 4205, pid: 1005d0, addr: 1, data: c000699c70)
             exe-1050008 [003] ..... 1637154.113612: sys_ptrace -> 0x0
             exe-1050008 [003] ..... 1637154.113613: sys_ptrace(request: 4205, pid: 1005d0, addr: 202, data: c000699c70)
             exe-1049673 [002] ..... 1637154.113619: sys_nanosleep -> 0x0
             exe-1050008 [003] ..... 1637154.113623: sys_ptrace -> 0x0
             exe-1050008 [003] ..... 1637154.113625: sys_ptrace(request: 1f, pid: 1005d0, addr: 0, data: 0)
             exe-1049673 [002] ..... 1637154.113626: sys_nanosleep(rqtp: c000069f10, rmtp: 0)
             exe-1050008 [003] .N... 1637154.113633: sys_ptrace -> 0x0
             exe-1050064 [003] ..... 1637154.113644: sys_umount -> 0xffffffffffffffff
             exe-1050008 [003] ..... 1637154.113663: sys_wait4(upid: 1005d0, stat_addr: c000699bf4, options: 40000002, ru: 0)
             exe-1050008 [003] ..... 1637154.113666: sys_wait4 -> 0x1005d0
             exe-1050008 [003] ..... 1637154.113668: sys_ptrace(request: 4204, pid: 1005d0, addr: 1, data: c000699c70)
             exe-1050008 [003] ..... 1637154.113672: sys_ptrace -> 0x0
             exe-1050008 [003] ..... 1637154.113674: sys_ptrace(request: 4204, pid: 1005d0, addr: 202, data: c000699c70)
             exe-1050008 [003] ..... 1637154.113677: sys_ptrace -> 0x0
             exe-1050008 [003] ..... 1637154.113686: sys_pwrite64(fd: 63, buf: 7fd66ed9c080, count: 5c, pos: 5e)
             exe-1050008 [003] ..... 1637154.113688: tracing_mark_write: umount(name="/victims/proc/self/root/usr/share/vim/vim82/lang/lv", flags=0x7fa0f8e19ce1) end
             exe-1050008 [001] ..... 1637154.190353: tracing_mark_write: umount(name="/victims/proc/self/root/usr/share/X11/locale/microsoft-cp1255", flags=0x2) start
             exe-1050008 [001] ..... 1637154.190355: sys_pwrite64 -> 0x5d
             exe-1050008 [001] ..... 1637154.190360: sys_ptrace(request: 4205, pid: 1005d0, addr: 1, data: c000699c70)
             exe-1050008 [001] ..... 1637154.190363: sys_ptrace -> 0x0
             exe-1050008 [001] ..... 1637154.190364: sys_ptrace(request: 4205, pid: 1005d0, addr: 202, data: c000699c70)
             exe-1050008 [001] ..... 1637154.190372: sys_ptrace -> 0x0
             exe-1050008 [001] ..... 1637154.190374: sys_ptrace(request: 1f, pid: 1005d0, addr: 0, data: 0)
             exe-1050008 [001] ..... 1637154.190387: sys_ptrace -> 0x0
             exe-1050008 [001] ..... 1637154.190389: sys_wait4(upid: 1005d0, stat_addr: c000699bf4, options: 40000002, ru: 0)
             exe-1050064 [003] ..... 1637154.190416: sys_write -> 0x5d
             exe-1050008 [001] ..... 1637154.190437: sys_wait4 -> 0x1005d0
             exe-1050008 [001] ..... 1637154.190439: sys_ptrace(request: 4204, pid: 1005d0, addr: 1, data: c000699c70)
             exe-1050008 [001] ..... 1637154.190442: sys_ptrace -> 0x0
             exe-1050008 [001] ..... 1637154.190443: sys_ptrace(request: 4204, pid: 1005d0, addr: 202, data: c000699c70)
             exe-1050008 [001] ..... 1637154.190446: sys_ptrace -> 0x0
             exe-1050008 [001] ..... 1637154.190451: sys_ptrace(request: 4205, pid: 1005d0, addr: 1, data: c000699c70)
             exe-1050008 [001] ..... 1637154.190454: sys_ptrace -> 0x0
             exe-1050008 [001] ..... 1637154.190455: sys_ptrace(request: 4205, pid: 1005d0, addr: 202, data: c000699c70)
             exe-1050008 [001] ..... 1637154.190462: sys_ptrace -> 0x0
             exe-1050008 [001] ..... 1637154.190463: sys_ptrace(request: 1f, pid: 1005d0, addr: 0, data: 0)
             exe-1050008 [001] ..... 1637154.190473: sys_ptrace -> 0x0
             exe-1050008 [001] ..... 1637154.190475: sys_wait4(upid: 1005d0, stat_addr: c000699bf4, options: 40000002, ru: 0)
             exe-1050064 [003] ..... 1637154.190495: sys_umount -> 0xffffffffffffffff
             exe-1050008 [001] ..... 1637154.190511: sys_wait4 -> 0x1005d0
             exe-1050008 [001] ..... 1637154.190513: sys_ptrace(request: 4204, pid: 1005d0, addr: 1, data: c000699c70)
             exe-1050008 [001] ..... 1637154.190516: sys_ptrace -> 0x0
             exe-1050008 [001] ..... 1637154.190517: sys_ptrace(request: 4204, pid: 1005d0, addr: 202, data: c000699c70)
             exe-1050008 [001] ..... 1637154.190519: sys_ptrace -> 0x0
             exe-1050008 [001] ..... 1637154.190525: sys_pwrite64(fd: 63, buf: 7fd66ed9c080, count: 5b, pos: 5d)
             exe-1050008 [001] ..... 1637154.190527: tracing_mark_write: umount(name="/victims/proc/self/root/usr/share/X11/locale/microsoft-cp1255", flags=0x2) end
             exe-1050008 [001] ..... 1637154.253466: tracing_mark_write: umount(name="/victims/proc/self/cwd/include", flags=0x2) start
             exe-1050008 [001] ..... 1637154.253468: sys_pwrite64 -> 0x3e
             exe-1050008 [001] ..... 1637154.253478: sys_ptrace(request: 4205, pid: 1005d0, addr: 1, data: c000699c70)
             exe-1050008 [001] ..... 1637154.253482: sys_ptrace -> 0x0
             exe-1050008 [001] ..... 1637154.253484: sys_ptrace(request: 4205, pid: 1005d0, addr: 202, data: c000699c70)
             exe-1050008 [001] ..... 1637154.253569: sys_ptrace -> 0x0
             exe-1050008 [001] ..... 1637154.253574: sys_ptrace(request: 1f, pid: 1005d0, addr: 0, data: 0)
             exe-1050008 [001] .N... 1637154.253581: sys_ptrace -> 0x0
             exe-1050064 [001] ..... 1637154.253593: sys_write -> 0x3e
             exe-1050008 [001] ..... 1637154.253616: sys_wait4(upid: 1005d0, stat_addr: c000699bf4, options: 40000002, ru: 0)
             exe-1050008 [001] .N... 1637154.253645: sys_wait4 -> 0x1005d0
             exe-1050008 [001] ..... 1637154.253690: sys_ptrace(request: 4204, pid: 1005d0, addr: 1, data: c000699c70)
             exe-1050008 [001] ..... 1637154.253695: sys_ptrace -> 0x0
             exe-1050008 [001] ..... 1637154.253697: sys_ptrace(request: 4204, pid: 1005d0, addr: 202, data: c000699c70)
             exe-1050008 [001] ..... 1637154.253700: sys_ptrace -> 0x0
             exe-1050008 [001] ..... 1637154.253708: sys_ptrace(request: 4205, pid: 1005d0, addr: 1, data: c000699c70)
             exe-1050008 [001] ..... 1637154.253711: sys_ptrace -> 0x0
             exe-1050008 [001] ..... 1637154.253713: sys_ptrace(request: 4205, pid: 1005d0, addr: 202, data: c000699c70)
             exe-1050008 [001] ..... 1637154.253725: sys_ptrace -> 0x0
             exe-1050008 [001] ..... 1637154.253727: sys_ptrace(request: 1f, pid: 1005d0, addr: 0, data: 0)
             exe-1050008 [001] .N... 1637154.253734: sys_ptrace -> 0x0
             exe-1050064 [001] ..... 1637154.253818: sys_umount -> 0xffffffffffffffff
             exe-1050008 [001] ..... 1637154.253843: sys_wait4(upid: 1005d0, stat_addr: c000699bf4, options: 40000002, ru: 0)
             exe-1050008 [001] ..... 1637154.253847: sys_wait4 -> 0x1005d0
             exe-1050008 [001] ..... 1637154.253849: sys_ptrace(request: 4204, pid: 1005d0, addr: 1, data: c000699c70)
             exe-1050008 [001] ..... 1637154.253854: sys_ptrace -> 0x0
             exe-1050008 [001] ..... 1637154.253856: sys_ptrace(request: 4204, pid: 1005d0, addr: 202, data: c000699c70)
             exe-1050008 [001] ..... 1637154.253859: sys_ptrace -> 0x0
             exe-1050008 [001] ..... 1637154.253950: sys_pwrite64(fd: 63, buf: 7fd66ed9c080, count: 3c, pos: 3e)
             exe-1050008 [001] ..... 1637154.253954: tracing_mark_write: umount(name="/victims/proc/self/cwd/include", flags=0x2) end
             exe-1050008 [001] ..... 1637154.328993: tracing_mark_write: umount(name=".//victims/usr/lib/lsb/", flags=0x2) start
             exe-1050008 [001] ..... 1637154.328995: sys_pwrite64 -> 0x37
             exe-1050008 [001] ..... 1637154.329002: sys_ptrace(request: 4205, pid: 1005d0, addr: 1, data: c000699c70)
             exe-1050008 [001] .N... 1637154.329032: sys_ptrace -> 0x0
             exe-1050008 [001] ..... 1637154.329074: sys_ptrace(request: 4205, pid: 1005d0, addr: 202, data: c000699c70)
             exe-1050008 [001] ..... 1637154.329089: sys_ptrace -> 0x0
             exe-1050008 [001] ..... 1637154.329091: sys_ptrace(request: 1f, pid: 1005d0, addr: 0, data: 0)
             exe-1050008 [001] .N... 1637154.329097: sys_ptrace -> 0x0
             exe-1049673 [000] ..... 1637154.329102: sys_nanosleep -> 0x0
             exe-1049673 [000] ..... 1637154.329104: sys_nanosleep(rqtp: c000069f10, rmtp: 0)
             exe-1050064 [001] ..... 1637154.329110: sys_write -> 0x37
             exe-1050008 [001] ..... 1637154.329201: sys_wait4(upid: 1005d0, stat_addr: c000699bf4, options: 40000002, ru: 0)
             exe-1050008 [001] ..... 1637154.329204: sys_wait4 -> 0x1005d0
             exe-1050008 [001] ..... 1637154.329207: sys_ptrace(request: 4204, pid: 1005d0, addr: 1, data: c000699c70)
             exe-1050008 [001] ..... 1637154.329211: sys_ptrace -> 0x0
             exe-1050008 [001] ..... 1637154.329213: sys_ptrace(request: 4204, pid: 1005d0, addr: 202, data: c000699c70)
             exe-1050008 [001] ..... 1637154.329215: sys_ptrace -> 0x0
             exe-1050008 [001] ..... 1637154.329224: sys_ptrace(request: 4205, pid: 1005d0, addr: 1, data: c000699c70)
             exe-1050008 [001] ..... 1637154.329226: sys_ptrace -> 0x0
             exe-1050008 [001] ..... 1637154.329228: sys_ptrace(request: 4205, pid: 1005d0, addr: 202, data: c000699c70)
             exe-1050008 [001] ..... 1637154.329240: sys_ptrace -> 0x0
             exe-1050008 [001] ..... 1637154.329241: sys_ptrace(request: 1f, pid: 1005d0, addr: 0, data: 0)
             exe-1050008 [001] .N... 1637154.329271: sys_ptrace -> 0x0
             exe-1050064 [001] ..... 1637154.329313: sys_umount -> 0xffffffffffffffff
             exe-1050008 [001] ..... 1637154.329340: sys_wait4(upid: 1005d0, stat_addr: c000699bf4, options: 40000002, ru: 0)
             exe-1049673 [000] ..... 1637154.329343: sys_nanosleep -> 0x0
             exe-1050008 [001] ..... 1637154.329344: sys_wait4 -> 0x1005d0
             exe-1049673 [000] ..... 1637154.329345: sys_nanosleep(rqtp: c000069f10, rmtp: 0)
             exe-1050008 [001] ..... 1637154.329346: sys_ptrace(request: 4204, pid: 1005d0, addr: 1, data: c000699c70)
             exe-1050008 [001] ..... 1637154.329351: sys_ptrace -> 0x0
             exe-1050008 [001] ..... 1637154.329353: sys_ptrace(request: 4204, pid: 1005d0, addr: 202, data: c000699c70)
             exe-1050008 [001] ..... 1637154.329356: sys_ptrace -> 0x0
             exe-1050008 [001] ..... 1637154.329446: sys_pwrite64(fd: 63, buf: 7fd66ed9c080, count: 35, pos: 37)
             exe-1050008 [001] ..... 1637154.329450: tracing_mark_write: umount(name=".//victims/usr/lib/lsb/", flags=0x2) end
             exe-1050008 [001] ..... 1637154.409095: tracing_mark_write: umount(name="/victims/usr/share/vim/vim82/lang/tr/LC_MESSAGES", flags=0x2) start
             exe-1050008 [001] ..... 1637154.409097: sys_pwrite64 -> 0x50
             exe-1050008 [001] ..... 1637154.409104: sys_ptrace(request: 4205, pid: 1005d0, addr: 1, data: c000699c70)
             exe-1050008 [001] ..... 1637154.409107: sys_ptrace -> 0x0
             exe-1050008 [001] ..... 1637154.409108: sys_ptrace(request: 4205, pid: 1005d0, addr: 202, data: c000699c70)
             exe-1049673 [000] ..... 1637154.409119: sys_nanosleep -> 0x0
             exe-1049673 [000] ..... 1637154.409121: sys_nanosleep(rqtp: c000069f10, rmtp: 0)
             exe-1050008 [001] ..... 1637154.409181: sys_ptrace -> 0x0
             exe-1050008 [001] ..... 1637154.409185: sys_ptrace(request: 1f, pid: 1005d0, addr: 0, data: 0)
             exe-1050008 [001] .N... 1637154.409192: sys_ptrace -> 0x0
             exe-1050064 [001] ..... 1637154.409204: sys_write -> 0x50
             exe-1049673 [000] ..... 1637154.409213: sys_nanosleep -> 0x0
             exe-1049673 [000] ..... 1637154.409215: sys_nanosleep(rqtp: c000069f10, rmtp: 0)
             exe-1050008 [001] ..... 1637154.409289: sys_wait4(upid: 1005d0, stat_addr: c000699bf4, options: 40000002, ru: 0)
             exe-1050008 [001] ..... 1637154.409292: sys_wait4 -> 0x1005d0
             exe-1050008 [001] ..... 1637154.409294: sys_ptrace(request: 4204, pid: 1005d0, addr: 1, data: c000699c70)
             exe-1050008 [001] ..... 1637154.409298: sys_ptrace -> 0x0
             exe-1050008 [001] ..... 1637154.409300: sys_ptrace(request: 4204, pid: 1005d0, addr: 202, data: c000699c70)
             exe-1050008 [001] ..... 1637154.409302: sys_ptrace -> 0x0
             exe-1049673 [000] ..... 1637154.409308: sys_nanosleep -> 0x0
             exe-1049673 [000] ..... 1637154.409310: sys_nanosleep(rqtp: c000069f10, rmtp: 0)
             exe-1050008 [001] ..... 1637154.409324: sys_ptrace(request: 4205, pid: 1005d0, addr: 1, data: c000699c70)
             exe-1050008 [001] ..... 1637154.409327: sys_ptrace -> 0x0
             exe-1050008 [001] ..... 1637154.409328: sys_ptrace(request: 4205, pid: 1005d0, addr: 202, data: c000699c70)
             exe-1050008 [001] ..... 1637154.409399: sys_ptrace -> 0x0
             exe-1049673 [000] ..... 1637154.409402: sys_nanosleep -> 0x0
             exe-1050008 [001] ..... 1637154.409404: sys_ptrace(request: 1f, pid: 1005d0, addr: 0, data: 0)
             exe-1049673 [000] ..... 1637154.409404: sys_nanosleep(rqtp: c000069f10, rmtp: 0)
             exe-1050008 [001] .N... 1637154.409411: sys_ptrace -> 0x0
             exe-1050064 [001] ..... 1637154.409422: sys_umount -> 0xffffffffffffffff
             exe-1050008 [001] ..... 1637154.409444: sys_wait4(upid: 1005d0, stat_addr: c000699bf4, options: 40000002, ru: 0)
             exe-1050008 [001] ..... 1637154.409447: sys_wait4 -> 0x1005d0
             exe-1049673 [000] ..... 1637154.409496: sys_nanosleep -> 0x0
             exe-1049673 [000] ..... 1637154.409498: sys_nanosleep(rqtp: c000069f10, rmtp: 0)
             exe-1050008 [001] ..... 1637154.409514: sys_ptrace(request: 4204, pid: 1005d0, addr: 1, data: c000699c70)
             exe-1050008 [001] ..... 1637154.409519: sys_ptrace -> 0x0
             exe-1050008 [001] ..... 1637154.409521: sys_ptrace(request: 4204, pid: 1005d0, addr: 202, data: c000699c70)
             exe-1050008 [001] ..... 1637154.409523: sys_ptrace -> 0x0
             exe-1050008 [001] ..... 1637154.409539: sys_pwrite64(fd: 63, buf: 7fd66ed9c080, count: 4e, pos: 50)
             exe-1050008 [001] ..... 1637154.409541: tracing_mark_write: umount(name="/victims/usr/share/vim/vim82/lang/tr/LC_MESSAGES", flags=0x2) end
             exe-1050008 [001] ..... 1637154.474224: tracing_mark_write: umount(name="/victims/proc/self/root/usr/lib/x86_64-linux-gnu/perl-base/unicore/lib/NFCQC", flags=0x2) start
             exe-1050008 [001] ..... 1637154.474225: sys_pwrite64 -> 0x6c
             exe-1050008 [001] ..... 1637154.474233: sys_ptrace(request: 4205, pid: 1005d0, addr: 1, data: c000699c70)
             exe-1050008 [001] ..... 1637154.474235: sys_ptrace -> 0x0
             exe-1050008 [001] ..... 1637154.474236: sys_ptrace(request: 4205, pid: 1005d0, addr: 202, data: c000699c70)
             exe-1049673 [000] ..... 1637154.474244: sys_nanosleep -> 0x0
             exe-1049673 [000] ..... 1637154.474246: sys_nanosleep(rqtp: c000069f10, rmtp: 0)
             exe-1050008 [001] ..... 1637154.474307: sys_ptrace -> 0x0
             exe-1050008 [001] ..... 1637154.474311: sys_ptrace(request: 1f, pid: 1005d0, addr: 0, data: 0)
             exe-1050008 [001] .N... 1637154.474317: sys_ptrace -> 0x0
             exe-1050064 [001] ..... 1637154.474328: sys_write -> 0x6c
             exe-1049673 [000] ..... 1637154.474339: sys_nanosleep -> 0x0
             exe-1049673 [000] ..... 1637154.474341: sys_nanosleep(rqtp: c000069f10, rmtp: 0)
             exe-1050008 [001] ..... 1637154.474349: sys_wait4(upid: 1005d0, stat_addr: c000699bf4, options: 40000002, ru: 0)
             exe-1050008 [001] ..... 1637154.474351: sys_wait4 -> 0x1005d0
             exe-1050008 [001] ..... 1637154.474353: sys_ptrace(request: 4204, pid: 1005d0, addr: 1, data: c000699c70)
             exe-1050008 [001] ..... 1637154.474415: sys_ptrace -> 0x0
             exe-1050008 [001] ..... 1637154.474419: sys_ptrace(request: 4204, pid: 1005d0, addr: 202, data: c000699c70)
             exe-1050008 [001] ..... 1637154.474423: sys_ptrace -> 0x0
             exe-1050008 [001] ..... 1637154.474431: sys_ptrace(request: 4205, pid: 1005d0, addr: 1, data: c000699c70)
             exe-1050008 [001] ..... 1637154.474433: sys_ptrace -> 0x0
             exe-1049673 [000] ..... 1637154.474433: sys_nanosleep -> 0x0
             exe-1050008 [001] ..... 1637154.474434: sys_ptrace(request: 4205, pid: 1005d0, addr: 202, data: c000699c70)
             exe-1049673 [000] ..... 1637154.474435: sys_nanosleep(rqtp: c000069f10, rmtp: 0)
             exe-1050008 [001] ..... 1637154.474444: sys_ptrace -> 0x0
             exe-1050008 [001] ..... 1637154.474446: sys_ptrace(request: 1f, pid: 1005d0, addr: 0, data: 0)
             exe-1050008 [001] .N... 1637154.474452: sys_ptrace -> 0x0
             exe-1050064 [001] ..... 1637154.474462: sys_umount -> 0xffffffffffffffff
             exe-1049673 [000] ..... 1637154.474527: sys_nanosleep -> 0x0
             exe-1049673 [000] ..... 1637154.474529: sys_nanosleep(rqtp: c000069f10, rmtp: 0)
             exe-1050008 [001] ..... 1637154.474546: sys_wait4(upid: 1005d0, stat_addr: c000699bf4, options: 40000002, ru: 0)
             exe-1050008 [001] ..... 1637154.474549: sys_wait4 -> 0x1005d0
             exe-1050008 [001] ..... 1637154.474552: sys_ptrace(request: 4204, pid: 1005d0, addr: 1, data: c000699c70)
             exe-1050008 [001] ..... 1637154.474556: sys_ptrace -> 0x0
             exe-1050008 [001] ..... 1637154.474557: sys_ptrace(request: 4204, pid: 1005d0, addr: 202, data: c000699c70)
             exe-1050008 [001] ..... 1637154.474560: sys_ptrace -> 0x0
             exe-1049673 [000] ..... 1637154.474620: sys_nanosleep -> 0x0
             exe-1049673 [000] ..... 1637154.474623: sys_epoll_pwait(epfd: 10, events: c000069920, maxevents: 80, timeout: 0, sigmask: 0, sigsetsize: 0)
             exe-1049673 [000] ..... 1637154.474626: sys_epoll_pwait -> 0x0
             exe-1049673 [000] ..... 1637154.474628: sys_nanosleep(rqtp: c000069f10, rmtp: 0)
             exe-1050008 [001] ..... 1637154.474652: sys_pwrite64(fd: 63, buf: 7fd66ed9c080, count: 6a, pos: 6c)
             exe-1050008 [001] ..... 1637154.474655: tracing_mark_write: umount(name="/victims/proc/self/root/usr/lib/x86_64-linux-gnu/perl-base/unicore/lib/NFCQC", flags=0x2) end
             exe-1050008 [001] ..... 1637154.541564: tracing_mark_write: umount(name="/victims/usr/share/bug/vim", flags=0x2) start
             exe-1050008 [001] ..... 1637154.541566: sys_pwrite64 -> 0x3a
             exe-1050008 [001] ..... 1637154.541572: sys_ptrace(request: 4205, pid: 1005d0, addr: 1, data: c000699c70)
             exe-1050008 [001] ..... 1637154.541574: sys_ptrace -> 0x0
             exe-1050008 [001] ..... 1637154.541575: sys_ptrace(request: 4205, pid: 1005d0, addr: 202, data: c000699c70)
             exe-1050008 [001] ..... 1637154.541586: sys_ptrace -> 0x0
             exe-1050008 [001] ..... 1637154.541588: sys_ptrace(request: 1f, pid: 1005d0, addr: 0, data: 0)
             exe-1049567 [000] ..... 1637154.541588: sys_nanosleep -> 0x0
             exe-1049567 [000] ..... 1637154.541594: sys_nanosleep(rqtp: c000069f10, rmtp: 0)
             exe-1050008 [001] .N... 1637154.541594: sys_ptrace -> 0x0
             exe-1050064 [001] ..... 1637154.541605: sys_write -> 0x3a
             exe-1049673 [000] ..... 1637154.541615: sys_nanosleep -> 0x0
             exe-1049673 [000] ..... 1637154.541620: sys_nanosleep(rqtp: c000069f10, rmtp: 0)
             exe-1050008 [001] ..... 1637154.541623: sys_wait4(upid: 1005d0, stat_addr: c000699bf4, options: 40000002, ru: 0)
             exe-1050008 [001] ..... 1637154.541625: sys_wait4 -> 0x1005d0
             exe-1050008 [001] ..... 1637154.541627: sys_ptrace(request: 4204, pid: 1005d0, addr: 1, data: c000699c70)
             exe-1050008 [001] ..... 1637154.541631: sys_ptrace -> 0x0
             exe-1050008 [001] ..... 1637154.541632: sys_ptrace(request: 4204, pid: 1005d0, addr: 202, data: c000699c70)
             exe-1050008 [001] ..... 1637154.541635: sys_ptrace -> 0x0
             exe-1050008 [001] ..... 1637154.541641: sys_ptrace(request: 4205, pid: 1005d0, addr: 1, data: c000699c70)
             exe-1050008 [001] ..... 1637154.541643: sys_ptrace -> 0x0
             exe-1050008 [001] ..... 1637154.541644: sys_ptrace(request: 4205, pid: 1005d0, addr: 202, data: c000699c70)
             exe-1050008 [001] ..... 1637154.541653: sys_ptrace -> 0x0
             exe-1050008 [001] ..... 1637154.541655: sys_ptrace(request: 1f, pid: 1005d0, addr: 0, data: 0)
             exe-1050008 [001] .N... 1637154.541661: sys_ptrace -> 0x0
             exe-1050064 [001] ..... 1637154.541670: sys_umount -> 0xffffffffffffffff
             exe-1050008 [001] ..... 1637154.541687: sys_wait4(upid: 1005d0, stat_addr: c000699bf4, options: 40000002, ru: 0)
             exe-1050008 [001] ..... 1637154.541689: sys_wait4 -> 0x1005d0
             exe-1050008 [001] ..... 1637154.541692: sys_ptrace(request: 4204, pid: 1005d0, addr: 1, data: c000699c70)
             exe-1050008 [001] ..... 1637154.541695: sys_ptrace -> 0x0
             exe-1050008 [001] ..... 1637154.541696: sys_ptrace(request: 4204, pid: 1005d0, addr: 202, data: c000699c70)
             exe-1050008 [001] ..... 1637154.541699: sys_ptrace -> 0x0
             exe-1049567 [000] ..... 1637154.541701: sys_nanosleep -> 0x0
             exe-1049567 [000] ..... 1637154.541706: sys_nanosleep(rqtp: c000069f10, rmtp: 0)
             exe-1050008 [001] ..... 1637154.541707: sys_pwrite64(fd: 63, buf: 7fd66ed9c080, count: 38, pos: 3a)
             exe-1050008 [001] ..... 1637154.541708: tracing_mark_write: umount(name="/victims/usr/share/bug/vim", flags=0x2) end
             exe-1050008 [002] ..... 1637154.611298: tracing_mark_write: umount(name=".//victims/usr/lib/x86_64-linux-gnu/perl/5.34.0/IPC", flags=0x2) start
             exe-1050008 [002] ..... 1637154.611300: sys_pwrite64 -> 0x53
             exe-1049567 [000] ..... 1637154.611300: sys_nanosleep(rqtp: c000069f10, rmtp: 0)
             exe-1050008 [002] ..... 1637154.611310: sys_ptrace(request: 4205, pid: 1005d0, addr: 1, data: c000699c70)
             exe-1050008 [002] ..... 1637154.611313: sys_ptrace -> 0x0
             exe-1050008 [002] ..... 1637154.611315: sys_ptrace(request: 4205, pid: 1005d0, addr: 202, data: c000699c70)
             exe-1049673 [000] ..... 1637154.611319: sys_nanosleep -> 0x0
             exe-1049673 [000] ..... 1637154.611325: sys_nanosleep(rqtp: c000069f10, rmtp: 0)
